[2025-01-06 14:08:06,520] INFO: {
    "abs_dir": "/home/diwang/siMLPe/exps/baseline_h36m",
    "batch_size": 256,
    "cos_lr_max": 1e-05,
    "cos_lr_min": 5e-08,
    "cos_lr_total_iters": 40000,
    "data_aug": true,
    "deriv_input": true,
    "deriv_output": true,
    "device": "cuda:2",
    "h36m_anno_dir": "/home/diwang/siMLPe/data/h36m/",
    "link_log_file": "/home/diwang/siMLPe/exps/baseline_h36m/log/log_last.log",
    "link_val_log_file": "/home/diwang/siMLPe/exps/baseline_h36m/log/val_last.log",
    "log_dir": "/home/diwang/siMLPe/exps/baseline_h36m/log",
    "log_file": "/home/diwang/siMLPe/exps/baseline_h36m/log/log_2025_01_06_14_07_48.log",
    "model_pth": null,
    "motion": {
        "dim": 66,
        "h36m_input_length": 50,
        "h36m_input_length_dct": 50,
        "h36m_target_length": 5,
        "h36m_target_length_eval": 25,
        "h36m_target_length_train": 5
    },
    "motion_fc_in": {
        "activation": "relu",
        "in_features": 66,
        "init_w_trunc_normal": false,
        "out_features": 66,
        "temporal_fc": false,
        "with_norm": false
    },
    "motion_fc_out": {
        "activation": "relu",
        "in_features": 66,
        "init_w_trunc_normal": true,
        "out_features": 66,
        "temporal_fc": false,
        "with_norm": false
    },
    "motion_mlp": {
        "hidden_dim": 66,
        "norm_axis": "spatial",
        "num_layers": 48,
        "seq_len": 50,
        "spatial_fc_only": false,
        "with_normalization": true
    },
    "num_workers": 8,
    "post_dct": false,
    "pre_dct": false,
    "print_every": 100,
    "repo_name": "siMLPe",
    "root_dir": "/home/diwang/siMLPe",
    "save_every": 2000,
    "seed": 304,
    "shift_step": 1,
    "snapshot_dir": "/home/diwang/siMLPe/exps/baseline_h36m/log/snapshot",
    "this_dir": "baseline_h36m",
    "use_relative_loss": true,
    "val_log_file": "/home/diwang/siMLPe/exps/baseline_h36m/log/val_2025_01_06_14_07_48.log",
    "weight_decay": 0.0001
}
[2025-01-06 14:08:15,987] INFO: Iter 100 Summary: 
[2025-01-06 14:08:15,987] INFO: 	 lr: 0.00030000000000000073 	 Training loss: 0.10308335430920124
[2025-01-06 14:08:23,129] INFO: Iter 200 Summary: 
[2025-01-06 14:08:23,130] INFO: 	 lr: 0.00030000000000000073 	 Training loss: 0.051064585372805595
[2025-01-06 14:08:29,987] INFO: Iter 300 Summary: 
[2025-01-06 14:08:29,988] INFO: 	 lr: 0.00030000000000000073 	 Training loss: 0.05154901422560215
[2025-01-06 14:08:37,655] INFO: Iter 400 Summary: 
[2025-01-06 14:08:37,656] INFO: 	 lr: 0.00030000000000000073 	 Training loss: 0.05139269094914198
[2025-01-06 14:08:45,110] INFO: Iter 500 Summary: 
[2025-01-06 14:08:45,110] INFO: 	 lr: 0.00030000000000000073 	 Training loss: 0.051612964123487474
[2025-01-06 14:08:52,374] INFO: Iter 600 Summary: 
[2025-01-06 14:08:52,374] INFO: 	 lr: 0.00030000000000000073 	 Training loss: 0.05050861872732639
[2025-01-06 14:09:00,649] INFO: Iter 700 Summary: 
[2025-01-06 14:09:00,649] INFO: 	 lr: 0.00030000000000000073 	 Training loss: 0.04868232123553753
[2025-01-06 14:09:08,246] INFO: Iter 800 Summary: 
[2025-01-06 14:09:08,247] INFO: 	 lr: 0.00030000000000000073 	 Training loss: 0.0452725275605917
[2025-01-06 14:09:15,644] INFO: Iter 900 Summary: 
[2025-01-06 14:09:15,644] INFO: 	 lr: 0.00030000000000000073 	 Training loss: 0.04064017694443464
[2025-01-06 14:09:23,014] INFO: Iter 1000 Summary: 
[2025-01-06 14:09:23,015] INFO: 	 lr: 0.00030000000000000073 	 Training loss: 0.037908381186425685
[2025-01-06 14:09:30,019] INFO: Iter 1100 Summary: 
[2025-01-06 14:09:30,020] INFO: 	 lr: 0.00030000000000000073 	 Training loss: 0.0365435404330492
[2025-01-06 14:09:37,238] INFO: Iter 1200 Summary: 
[2025-01-06 14:09:37,238] INFO: 	 lr: 0.00030000000000000073 	 Training loss: 0.03600116085261106
[2025-01-06 14:09:44,786] INFO: Iter 1300 Summary: 
[2025-01-06 14:09:44,787] INFO: 	 lr: 0.00030000000000000073 	 Training loss: 0.035041996650397776
[2025-01-06 14:09:53,436] INFO: Iter 1400 Summary: 
[2025-01-06 14:09:53,437] INFO: 	 lr: 0.00030000000000000073 	 Training loss: 0.0351394360512495
[2025-01-06 14:10:00,721] INFO: Iter 1500 Summary: 
[2025-01-06 14:10:00,722] INFO: 	 lr: 0.00030000000000000073 	 Training loss: 0.03435943529009819
[2025-01-06 14:10:07,953] INFO: Iter 1600 Summary: 
[2025-01-06 14:10:07,954] INFO: 	 lr: 0.00030000000000000073 	 Training loss: 0.034317197054624556
[2025-01-06 14:10:15,354] INFO: Iter 1700 Summary: 
[2025-01-06 14:10:15,355] INFO: 	 lr: 0.00030000000000000073 	 Training loss: 0.03407477399334311
[2025-01-06 14:10:22,734] INFO: Iter 1800 Summary: 
[2025-01-06 14:10:22,734] INFO: 	 lr: 0.00030000000000000073 	 Training loss: 0.03402077954262495
[2025-01-06 14:10:29,723] INFO: Iter 1900 Summary: 
[2025-01-06 14:10:29,723] INFO: 	 lr: 0.00030000000000000073 	 Training loss: 0.03355318564921617
[2025-01-06 14:10:36,906] INFO: Iter 2000 Summary: 
[2025-01-06 14:10:36,906] INFO: 	 lr: 0.00030000000000000073 	 Training loss: 0.03322689518332481
[2025-01-06 14:10:50,625] INFO: Iter 2100 Summary: 
[2025-01-06 14:10:50,625] INFO: 	 lr: 0.00030000000000000073 	 Training loss: 0.033374403584748503
[2025-01-06 14:10:57,746] INFO: Iter 2200 Summary: 
[2025-01-06 14:10:57,747] INFO: 	 lr: 0.00030000000000000073 	 Training loss: 0.03327456118538976
[2025-01-06 14:11:04,804] INFO: Iter 2300 Summary: 
[2025-01-06 14:11:04,804] INFO: 	 lr: 0.00030000000000000073 	 Training loss: 0.033232518583536146
[2025-01-06 14:11:11,785] INFO: Iter 2400 Summary: 
[2025-01-06 14:11:11,785] INFO: 	 lr: 0.00030000000000000073 	 Training loss: 0.0332246664352715
[2025-01-06 14:11:18,577] INFO: Iter 2500 Summary: 
[2025-01-06 14:11:18,577] INFO: 	 lr: 0.00030000000000000073 	 Training loss: 0.03301233099773526
[2025-01-06 14:11:25,424] INFO: Iter 2600 Summary: 
[2025-01-06 14:11:25,424] INFO: 	 lr: 0.00030000000000000073 	 Training loss: 0.032839052248746156
[2025-01-06 14:11:32,364] INFO: Iter 2700 Summary: 
[2025-01-06 14:11:32,364] INFO: 	 lr: 0.00030000000000000073 	 Training loss: 0.03252469314262271
[2025-01-06 14:11:40,916] INFO: Iter 2800 Summary: 
[2025-01-06 14:11:40,917] INFO: 	 lr: 0.00030000000000000073 	 Training loss: 0.03234922537580132
[2025-01-06 14:11:47,842] INFO: Iter 2900 Summary: 
[2025-01-06 14:11:47,842] INFO: 	 lr: 0.00030000000000000073 	 Training loss: 0.03266692124307156
[2025-01-06 14:11:54,730] INFO: Iter 3000 Summary: 
[2025-01-06 14:11:54,730] INFO: 	 lr: 0.00030000000000000073 	 Training loss: 0.03227217992767692
[2025-01-06 14:12:01,445] INFO: Iter 3100 Summary: 
[2025-01-06 14:12:01,445] INFO: 	 lr: 0.00030000000000000073 	 Training loss: 0.032010962273925546
[2025-01-06 14:12:08,184] INFO: Iter 3200 Summary: 
[2025-01-06 14:12:08,185] INFO: 	 lr: 0.00030000000000000073 	 Training loss: 0.031961254850029944
[2025-01-06 14:12:14,870] INFO: Iter 3300 Summary: 
[2025-01-06 14:12:14,870] INFO: 	 lr: 0.00030000000000000073 	 Training loss: 0.032176037635654214
[2025-01-06 14:12:22,189] INFO: Iter 3400 Summary: 
[2025-01-06 14:12:22,189] INFO: 	 lr: 0.00030000000000000073 	 Training loss: 0.03212517023086548
[2025-01-06 14:12:30,457] INFO: Iter 3500 Summary: 
[2025-01-06 14:12:30,457] INFO: 	 lr: 0.00030000000000000073 	 Training loss: 0.031750641874969
[2025-01-06 14:12:37,290] INFO: Iter 3600 Summary: 
[2025-01-06 14:12:37,290] INFO: 	 lr: 0.00030000000000000073 	 Training loss: 0.032077495157718655
[2025-01-06 14:12:44,072] INFO: Iter 3700 Summary: 
[2025-01-06 14:12:44,072] INFO: 	 lr: 0.00030000000000000073 	 Training loss: 0.03142548698931932
[2025-01-06 14:12:50,821] INFO: Iter 3800 Summary: 
[2025-01-06 14:12:50,821] INFO: 	 lr: 0.00030000000000000073 	 Training loss: 0.03150775307789445
[2025-01-06 14:12:57,790] INFO: Iter 3900 Summary: 
[2025-01-06 14:12:57,790] INFO: 	 lr: 0.00030000000000000073 	 Training loss: 0.03184049172326922
[2025-01-06 14:13:04,724] INFO: Iter 4000 Summary: 
[2025-01-06 14:13:04,724] INFO: 	 lr: 0.00030000000000000073 	 Training loss: 0.031265340391546485
[2025-01-06 14:13:15,500] INFO: Iter 4100 Summary: 
[2025-01-06 14:13:15,501] INFO: 	 lr: 0.00030000000000000073 	 Training loss: 0.0314734859764576
[2025-01-06 14:13:23,496] INFO: Iter 4200 Summary: 
[2025-01-06 14:13:23,496] INFO: 	 lr: 0.00030000000000000073 	 Training loss: 0.03161909136921168
[2025-01-06 14:13:30,253] INFO: Iter 4300 Summary: 
[2025-01-06 14:13:30,253] INFO: 	 lr: 0.00030000000000000073 	 Training loss: 0.031303393542766574
[2025-01-06 14:13:37,070] INFO: Iter 4400 Summary: 
[2025-01-06 14:13:37,070] INFO: 	 lr: 0.00030000000000000073 	 Training loss: 0.03138243352994323
[2025-01-06 14:13:43,828] INFO: Iter 4500 Summary: 
[2025-01-06 14:13:43,829] INFO: 	 lr: 0.00030000000000000073 	 Training loss: 0.030994190201163292
[2025-01-06 14:13:50,566] INFO: Iter 4600 Summary: 
[2025-01-06 14:13:50,566] INFO: 	 lr: 0.00030000000000000073 	 Training loss: 0.03108741667121649
[2025-01-06 14:13:57,326] INFO: Iter 4700 Summary: 
[2025-01-06 14:13:57,326] INFO: 	 lr: 0.00030000000000000073 	 Training loss: 0.030889107584953307
[2025-01-06 14:14:04,025] INFO: Iter 4800 Summary: 
[2025-01-06 14:14:04,025] INFO: 	 lr: 0.00030000000000000073 	 Training loss: 0.030852873623371125
[2025-01-06 14:14:11,840] INFO: Iter 4900 Summary: 
[2025-01-06 14:14:11,840] INFO: 	 lr: 0.00030000000000000073 	 Training loss: 0.030752777848392726
[2025-01-06 14:14:18,883] INFO: Iter 5000 Summary: 
[2025-01-06 14:14:18,883] INFO: 	 lr: 0.00030000000000000073 	 Training loss: 0.030455118231475353
[2025-01-06 14:14:25,633] INFO: Iter 5100 Summary: 
[2025-01-06 14:14:25,633] INFO: 	 lr: 0.00030000000000000073 	 Training loss: 0.030566504932940008
[2025-01-06 14:14:32,509] INFO: Iter 5200 Summary: 
[2025-01-06 14:14:32,509] INFO: 	 lr: 0.00030000000000000073 	 Training loss: 0.030330014135688543
[2025-01-06 14:14:39,393] INFO: Iter 5300 Summary: 
[2025-01-06 14:14:39,394] INFO: 	 lr: 0.00030000000000000073 	 Training loss: 0.03051136314868927
[2025-01-06 14:14:46,314] INFO: Iter 5400 Summary: 
[2025-01-06 14:14:46,314] INFO: 	 lr: 0.00030000000000000073 	 Training loss: 0.030409259889274835
[2025-01-06 14:14:53,395] INFO: Iter 5500 Summary: 
[2025-01-06 14:14:53,395] INFO: 	 lr: 0.00030000000000000073 	 Training loss: 0.030055700782686472
[2025-01-06 14:15:01,707] INFO: Iter 5600 Summary: 
[2025-01-06 14:15:01,708] INFO: 	 lr: 0.00030000000000000073 	 Training loss: 0.030290255453437567
[2025-01-06 14:15:08,931] INFO: Iter 5700 Summary: 
[2025-01-06 14:15:08,931] INFO: 	 lr: 0.00030000000000000073 	 Training loss: 0.0303042539767921
[2025-01-06 14:15:15,962] INFO: Iter 5800 Summary: 
[2025-01-06 14:15:15,962] INFO: 	 lr: 0.00030000000000000073 	 Training loss: 0.029932082258164884
[2025-01-06 14:15:23,068] INFO: Iter 5900 Summary: 
[2025-01-06 14:15:23,068] INFO: 	 lr: 0.00030000000000000073 	 Training loss: 0.029792924895882606
[2025-01-06 14:15:29,935] INFO: Iter 6000 Summary: 
[2025-01-06 14:15:29,935] INFO: 	 lr: 0.00030000000000000073 	 Training loss: 0.029844721499830484
[2025-01-06 14:15:41,142] INFO: Iter 6100 Summary: 
[2025-01-06 14:15:41,143] INFO: 	 lr: 0.00030000000000000073 	 Training loss: 0.029766872245818376
[2025-01-06 14:15:48,227] INFO: Iter 6200 Summary: 
[2025-01-06 14:15:48,228] INFO: 	 lr: 0.00030000000000000073 	 Training loss: 0.029708712957799435
[2025-01-06 14:15:56,478] INFO: Iter 6300 Summary: 
[2025-01-06 14:15:56,478] INFO: 	 lr: 0.00030000000000000073 	 Training loss: 0.029632225036621093
[2025-01-06 14:16:03,694] INFO: Iter 6400 Summary: 
[2025-01-06 14:16:03,694] INFO: 	 lr: 0.00030000000000000073 	 Training loss: 0.029477944876998664
[2025-01-06 14:16:10,858] INFO: Iter 6500 Summary: 
[2025-01-06 14:16:10,858] INFO: 	 lr: 0.00030000000000000073 	 Training loss: 0.029475272931158543
[2025-01-06 14:16:18,115] INFO: Iter 6600 Summary: 
[2025-01-06 14:16:18,116] INFO: 	 lr: 0.00030000000000000073 	 Training loss: 0.029139121919870378
[2025-01-06 14:16:25,376] INFO: Iter 6700 Summary: 
[2025-01-06 14:16:25,376] INFO: 	 lr: 0.00030000000000000073 	 Training loss: 0.02933058237656951
[2025-01-06 14:16:32,380] INFO: Iter 6800 Summary: 
[2025-01-06 14:16:32,380] INFO: 	 lr: 0.00030000000000000073 	 Training loss: 0.029323900043964388
[2025-01-06 14:16:39,407] INFO: Iter 6900 Summary: 
[2025-01-06 14:16:39,407] INFO: 	 lr: 0.00030000000000000073 	 Training loss: 0.02900641702115536
[2025-01-06 14:16:47,833] INFO: Iter 7000 Summary: 
[2025-01-06 14:16:47,833] INFO: 	 lr: 0.00030000000000000073 	 Training loss: 0.02910616895183921
[2025-01-06 14:16:55,091] INFO: Iter 7100 Summary: 
[2025-01-06 14:16:55,091] INFO: 	 lr: 0.00030000000000000073 	 Training loss: 0.02919171141460538
[2025-01-06 14:17:02,275] INFO: Iter 7200 Summary: 
[2025-01-06 14:17:02,275] INFO: 	 lr: 0.00030000000000000073 	 Training loss: 0.02888220699504018
[2025-01-06 14:17:09,928] INFO: Iter 7300 Summary: 
[2025-01-06 14:17:09,929] INFO: 	 lr: 0.00030000000000000073 	 Training loss: 0.028673623204231263
[2025-01-06 14:17:17,216] INFO: Iter 7400 Summary: 
[2025-01-06 14:17:17,216] INFO: 	 lr: 0.00030000000000000073 	 Training loss: 0.028614139184355736
[2025-01-06 14:17:24,260] INFO: Iter 7500 Summary: 
[2025-01-06 14:17:24,260] INFO: 	 lr: 0.00030000000000000073 	 Training loss: 0.02865415344014764
[2025-01-06 14:17:31,074] INFO: Iter 7600 Summary: 
[2025-01-06 14:17:31,074] INFO: 	 lr: 0.00030000000000000073 	 Training loss: 0.02879559013992548
[2025-01-06 14:17:39,498] INFO: Iter 7700 Summary: 
[2025-01-06 14:17:39,499] INFO: 	 lr: 0.00030000000000000073 	 Training loss: 0.02846194723621011
[2025-01-06 14:17:46,939] INFO: Iter 7800 Summary: 
[2025-01-06 14:17:46,939] INFO: 	 lr: 0.00030000000000000073 	 Training loss: 0.02864803798496723
[2025-01-06 14:17:53,874] INFO: Iter 7900 Summary: 
[2025-01-06 14:17:53,874] INFO: 	 lr: 0.00030000000000000073 	 Training loss: 0.028233772963285445
[2025-01-06 14:18:00,984] INFO: Iter 8000 Summary: 
[2025-01-06 14:18:00,984] INFO: 	 lr: 0.00030000000000000073 	 Training loss: 0.028351924419403075
[2025-01-06 14:18:12,544] INFO: Iter 8100 Summary: 
[2025-01-06 14:18:12,545] INFO: 	 lr: 0.00030000000000000073 	 Training loss: 0.028226306419819592
[2025-01-06 14:18:19,653] INFO: Iter 8200 Summary: 
[2025-01-06 14:18:19,654] INFO: 	 lr: 0.00030000000000000073 	 Training loss: 0.028529811296612025
[2025-01-06 14:18:28,000] INFO: Iter 8300 Summary: 
[2025-01-06 14:18:28,000] INFO: 	 lr: 0.00030000000000000073 	 Training loss: 0.02839936038479209
[2025-01-06 14:18:35,413] INFO: Iter 8400 Summary: 
[2025-01-06 14:18:35,413] INFO: 	 lr: 0.00030000000000000073 	 Training loss: 0.028339993339031935
[2025-01-06 14:18:42,505] INFO: Iter 8500 Summary: 
[2025-01-06 14:18:42,505] INFO: 	 lr: 0.00030000000000000073 	 Training loss: 0.028031259849667547
[2025-01-06 14:18:49,162] INFO: Iter 8600 Summary: 
[2025-01-06 14:18:49,163] INFO: 	 lr: 0.00030000000000000073 	 Training loss: 0.028161849919706584
[2025-01-06 14:18:56,657] INFO: Iter 8700 Summary: 
[2025-01-06 14:18:56,657] INFO: 	 lr: 0.00030000000000000073 	 Training loss: 0.027966233044862746
[2025-01-06 14:19:03,595] INFO: Iter 8800 Summary: 
[2025-01-06 14:19:03,596] INFO: 	 lr: 0.00030000000000000073 	 Training loss: 0.028003387190401553
[2025-01-06 14:19:10,535] INFO: Iter 8900 Summary: 
[2025-01-06 14:19:10,536] INFO: 	 lr: 0.00030000000000000073 	 Training loss: 0.027796642687171698
[2025-01-06 14:19:18,977] INFO: Iter 9000 Summary: 
[2025-01-06 14:19:18,978] INFO: 	 lr: 0.00030000000000000073 	 Training loss: 0.02775862604379654
[2025-01-06 14:19:26,076] INFO: Iter 9100 Summary: 
[2025-01-06 14:19:26,076] INFO: 	 lr: 0.00030000000000000073 	 Training loss: 0.0277713337354362
[2025-01-06 14:19:33,102] INFO: Iter 9200 Summary: 
[2025-01-06 14:19:33,102] INFO: 	 lr: 0.00030000000000000073 	 Training loss: 0.02775602137669921
[2025-01-06 14:19:40,091] INFO: Iter 9300 Summary: 
[2025-01-06 14:19:40,091] INFO: 	 lr: 0.00030000000000000073 	 Training loss: 0.027738723866641522
[2025-01-06 14:19:46,907] INFO: Iter 9400 Summary: 
[2025-01-06 14:19:46,907] INFO: 	 lr: 0.00030000000000000073 	 Training loss: 0.027616887465119363
[2025-01-06 14:19:54,266] INFO: Iter 9500 Summary: 
[2025-01-06 14:19:54,267] INFO: 	 lr: 0.00030000000000000073 	 Training loss: 0.027747243139892817
[2025-01-06 14:20:01,574] INFO: Iter 9600 Summary: 
[2025-01-06 14:20:01,575] INFO: 	 lr: 0.00030000000000000073 	 Training loss: 0.027390998005867005
[2025-01-06 14:20:09,789] INFO: Iter 9700 Summary: 
[2025-01-06 14:20:09,789] INFO: 	 lr: 0.00030000000000000073 	 Training loss: 0.027592977210879326
[2025-01-06 14:20:17,098] INFO: Iter 9800 Summary: 
[2025-01-06 14:20:17,099] INFO: 	 lr: 0.00030000000000000073 	 Training loss: 0.027488461192697287
[2025-01-06 14:20:24,329] INFO: Iter 9900 Summary: 
[2025-01-06 14:20:24,329] INFO: 	 lr: 0.00030000000000000073 	 Training loss: 0.02734248749911785
[2025-01-06 14:20:31,490] INFO: Iter 10000 Summary: 
[2025-01-06 14:20:31,490] INFO: 	 lr: 0.00030000000000000073 	 Training loss: 0.027553156167268753
[2025-01-06 14:20:42,698] INFO: Iter 10100 Summary: 
[2025-01-06 14:20:42,698] INFO: 	 lr: 0.00030000000000000073 	 Training loss: 0.02712410343810916
[2025-01-06 14:20:49,953] INFO: Iter 10200 Summary: 
[2025-01-06 14:20:49,954] INFO: 	 lr: 0.00030000000000000073 	 Training loss: 0.026980422288179397
[2025-01-06 14:20:57,129] INFO: Iter 10300 Summary: 
[2025-01-06 14:20:57,130] INFO: 	 lr: 0.00030000000000000073 	 Training loss: 0.02722990047186613
[2025-01-06 14:21:05,249] INFO: Iter 10400 Summary: 
[2025-01-06 14:21:05,250] INFO: 	 lr: 0.00030000000000000073 	 Training loss: 0.027167379558086395
[2025-01-06 14:21:12,751] INFO: Iter 10500 Summary: 
[2025-01-06 14:21:12,751] INFO: 	 lr: 0.00030000000000000073 	 Training loss: 0.02717747638002038
[2025-01-06 14:21:19,622] INFO: Iter 10600 Summary: 
[2025-01-06 14:21:19,622] INFO: 	 lr: 0.00030000000000000073 	 Training loss: 0.02697910921648145
[2025-01-06 14:21:26,785] INFO: Iter 10700 Summary: 
[2025-01-06 14:21:26,785] INFO: 	 lr: 0.00030000000000000073 	 Training loss: 0.027033111099153757
[2025-01-06 14:21:33,375] INFO: Iter 10800 Summary: 
[2025-01-06 14:21:33,375] INFO: 	 lr: 0.00030000000000000073 	 Training loss: 0.027049354985356332
[2025-01-06 14:21:40,367] INFO: Iter 10900 Summary: 
[2025-01-06 14:21:40,367] INFO: 	 lr: 0.00030000000000000073 	 Training loss: 0.026955814808607103
[2025-01-06 14:21:47,353] INFO: Iter 11000 Summary: 
[2025-01-06 14:21:47,353] INFO: 	 lr: 0.00030000000000000073 	 Training loss: 0.027003356143832206
[2025-01-06 14:21:55,876] INFO: Iter 11100 Summary: 
[2025-01-06 14:21:55,876] INFO: 	 lr: 0.00030000000000000073 	 Training loss: 0.026872617211192846
[2025-01-06 14:22:03,238] INFO: Iter 11200 Summary: 
[2025-01-06 14:22:03,238] INFO: 	 lr: 0.00030000000000000073 	 Training loss: 0.027072596345096827
[2025-01-06 14:22:10,595] INFO: Iter 11300 Summary: 
[2025-01-06 14:22:10,595] INFO: 	 lr: 0.00030000000000000073 	 Training loss: 0.026814034022390843
[2025-01-06 14:22:17,504] INFO: Iter 11400 Summary: 
[2025-01-06 14:22:17,504] INFO: 	 lr: 0.00030000000000000073 	 Training loss: 0.026594007704406977
[2025-01-06 14:22:24,358] INFO: Iter 11500 Summary: 
[2025-01-06 14:22:24,358] INFO: 	 lr: 0.00030000000000000073 	 Training loss: 0.026636741627007722
[2025-01-06 14:22:31,529] INFO: Iter 11600 Summary: 
[2025-01-06 14:22:31,529] INFO: 	 lr: 0.00030000000000000073 	 Training loss: 0.026713330857455732
[2025-01-06 14:22:38,723] INFO: Iter 11700 Summary: 
[2025-01-06 14:22:38,723] INFO: 	 lr: 0.00030000000000000073 	 Training loss: 0.026514354404062034
[2025-01-06 14:22:47,199] INFO: Iter 11800 Summary: 
[2025-01-06 14:22:47,200] INFO: 	 lr: 0.00030000000000000073 	 Training loss: 0.0264391796477139
[2025-01-06 14:22:54,012] INFO: Iter 11900 Summary: 
[2025-01-06 14:22:54,013] INFO: 	 lr: 0.00030000000000000073 	 Training loss: 0.02684481015428901
[2025-01-06 14:23:01,230] INFO: Iter 12000 Summary: 
[2025-01-06 14:23:01,231] INFO: 	 lr: 0.00030000000000000073 	 Training loss: 0.026344336606562137
[2025-01-06 14:23:12,457] INFO: Iter 12100 Summary: 
[2025-01-06 14:23:12,457] INFO: 	 lr: 0.00030000000000000073 	 Training loss: 0.02640480674803257
[2025-01-06 14:23:19,162] INFO: Iter 12200 Summary: 
[2025-01-06 14:23:19,162] INFO: 	 lr: 0.00030000000000000073 	 Training loss: 0.026339887343347072
[2025-01-06 14:23:26,546] INFO: Iter 12300 Summary: 
[2025-01-06 14:23:26,547] INFO: 	 lr: 0.00030000000000000073 	 Training loss: 0.0266641278937459
[2025-01-06 14:23:33,625] INFO: Iter 12400 Summary: 
[2025-01-06 14:23:33,625] INFO: 	 lr: 0.00030000000000000073 	 Training loss: 0.026322622839361428
[2025-01-06 14:23:42,190] INFO: Iter 12500 Summary: 
[2025-01-06 14:23:42,191] INFO: 	 lr: 0.00030000000000000073 	 Training loss: 0.026333590988069772
[2025-01-06 14:23:49,066] INFO: Iter 12600 Summary: 
[2025-01-06 14:23:49,066] INFO: 	 lr: 0.00030000000000000073 	 Training loss: 0.02655006503686309
[2025-01-06 14:23:56,156] INFO: Iter 12700 Summary: 
[2025-01-06 14:23:56,156] INFO: 	 lr: 0.00030000000000000073 	 Training loss: 0.02626866092905402
[2025-01-06 14:24:03,185] INFO: Iter 12800 Summary: 
[2025-01-06 14:24:03,185] INFO: 	 lr: 0.00030000000000000073 	 Training loss: 0.026283649653196337
[2025-01-06 14:24:10,306] INFO: Iter 12900 Summary: 
[2025-01-06 14:24:10,307] INFO: 	 lr: 0.00030000000000000073 	 Training loss: 0.026084706895053388
[2025-01-06 14:24:16,959] INFO: Iter 13000 Summary: 
[2025-01-06 14:24:16,960] INFO: 	 lr: 0.00030000000000000073 	 Training loss: 0.0263618603348732
[2025-01-06 14:24:24,086] INFO: Iter 13100 Summary: 
[2025-01-06 14:24:24,086] INFO: 	 lr: 0.00030000000000000073 	 Training loss: 0.026057181376963855
[2025-01-06 14:24:32,636] INFO: Iter 13200 Summary: 
[2025-01-06 14:24:32,637] INFO: 	 lr: 0.00030000000000000073 	 Training loss: 0.02633963381871581
[2025-01-06 14:24:39,691] INFO: Iter 13300 Summary: 
[2025-01-06 14:24:39,692] INFO: 	 lr: 0.00030000000000000073 	 Training loss: 0.026475596763193606
[2025-01-06 14:24:46,513] INFO: Iter 13400 Summary: 
[2025-01-06 14:24:46,514] INFO: 	 lr: 0.00030000000000000073 	 Training loss: 0.026072060596197842
[2025-01-06 14:24:54,056] INFO: Iter 13500 Summary: 
[2025-01-06 14:24:54,057] INFO: 	 lr: 0.00030000000000000073 	 Training loss: 0.026214824803173543
[2025-01-06 14:25:01,134] INFO: Iter 13600 Summary: 
[2025-01-06 14:25:01,135] INFO: 	 lr: 0.00030000000000000073 	 Training loss: 0.025951940473169087
[2025-01-06 14:25:08,074] INFO: Iter 13700 Summary: 
[2025-01-06 14:25:08,074] INFO: 	 lr: 0.00030000000000000073 	 Training loss: 0.0257902916893363
[2025-01-06 14:25:14,956] INFO: Iter 13800 Summary: 
[2025-01-06 14:25:14,956] INFO: 	 lr: 0.00030000000000000073 	 Training loss: 0.02625716745853424
[2025-01-06 14:25:23,252] INFO: Iter 13900 Summary: 
[2025-01-06 14:25:23,253] INFO: 	 lr: 0.00030000000000000073 	 Training loss: 0.026010612044483423
[2025-01-06 14:25:30,304] INFO: Iter 14000 Summary: 
[2025-01-06 14:25:30,304] INFO: 	 lr: 0.00030000000000000073 	 Training loss: 0.02607058424502611
[2025-01-06 14:25:41,749] INFO: Iter 14100 Summary: 
[2025-01-06 14:25:41,749] INFO: 	 lr: 0.00030000000000000073 	 Training loss: 0.025943079236894845
[2025-01-06 14:25:49,093] INFO: Iter 14200 Summary: 
[2025-01-06 14:25:49,093] INFO: 	 lr: 0.00030000000000000073 	 Training loss: 0.025920052491128446
[2025-01-06 14:25:56,118] INFO: Iter 14300 Summary: 
[2025-01-06 14:25:56,119] INFO: 	 lr: 0.00030000000000000073 	 Training loss: 0.025900478847324847
[2025-01-06 14:26:02,766] INFO: Iter 14400 Summary: 
[2025-01-06 14:26:02,766] INFO: 	 lr: 0.00030000000000000073 	 Training loss: 0.0258632873930037
[2025-01-06 14:26:09,696] INFO: Iter 14500 Summary: 
[2025-01-06 14:26:09,696] INFO: 	 lr: 0.00030000000000000073 	 Training loss: 0.025888308864086867
[2025-01-06 14:26:18,319] INFO: Iter 14600 Summary: 
[2025-01-06 14:26:18,320] INFO: 	 lr: 0.00030000000000000073 	 Training loss: 0.02581915771588683
[2025-01-06 14:26:25,480] INFO: Iter 14700 Summary: 
[2025-01-06 14:26:25,480] INFO: 	 lr: 0.00030000000000000073 	 Training loss: 0.025948472805321216
[2025-01-06 14:26:32,573] INFO: Iter 14800 Summary: 
[2025-01-06 14:26:32,573] INFO: 	 lr: 0.00030000000000000073 	 Training loss: 0.02609797354787588
[2025-01-06 14:26:40,165] INFO: Iter 14900 Summary: 
[2025-01-06 14:26:40,165] INFO: 	 lr: 0.00030000000000000073 	 Training loss: 0.02574755197390914
[2025-01-06 14:26:47,709] INFO: Iter 15000 Summary: 
[2025-01-06 14:26:47,709] INFO: 	 lr: 0.00030000000000000073 	 Training loss: 0.025661151371896267
[2025-01-06 14:26:54,344] INFO: Iter 15100 Summary: 
[2025-01-06 14:26:54,344] INFO: 	 lr: 0.00030000000000000073 	 Training loss: 0.02572713013738394
[2025-01-06 14:27:01,888] INFO: Iter 15200 Summary: 
[2025-01-06 14:27:01,888] INFO: 	 lr: 0.00030000000000000073 	 Training loss: 0.025774156525731087
[2025-01-06 14:27:09,949] INFO: Iter 15300 Summary: 
[2025-01-06 14:27:09,949] INFO: 	 lr: 0.00030000000000000073 	 Training loss: 0.025948156155645847
[2025-01-06 14:27:16,860] INFO: Iter 15400 Summary: 
[2025-01-06 14:27:16,860] INFO: 	 lr: 0.00030000000000000073 	 Training loss: 0.025726807303726673
[2025-01-06 14:27:23,666] INFO: Iter 15500 Summary: 
[2025-01-06 14:27:23,667] INFO: 	 lr: 0.00030000000000000073 	 Training loss: 0.025517520792782307
[2025-01-06 14:27:30,778] INFO: Iter 15600 Summary: 
[2025-01-06 14:27:30,779] INFO: 	 lr: 0.00030000000000000073 	 Training loss: 0.025694217830896378
[2025-01-06 14:27:38,411] INFO: Iter 15700 Summary: 
[2025-01-06 14:27:38,411] INFO: 	 lr: 0.00030000000000000073 	 Training loss: 0.025613594464957715
[2025-01-06 14:27:45,924] INFO: Iter 15800 Summary: 
[2025-01-06 14:27:45,924] INFO: 	 lr: 0.00030000000000000073 	 Training loss: 0.025815716795623302
[2025-01-06 14:27:53,980] INFO: Iter 15900 Summary: 
[2025-01-06 14:27:53,981] INFO: 	 lr: 0.00030000000000000073 	 Training loss: 0.025566708855330945
[2025-01-06 14:28:01,531] INFO: Iter 16000 Summary: 
[2025-01-06 14:28:01,531] INFO: 	 lr: 0.00030000000000000073 	 Training loss: 0.025614895336329938
[2025-01-06 14:28:13,128] INFO: Iter 16100 Summary: 
[2025-01-06 14:28:13,128] INFO: 	 lr: 0.00030000000000000073 	 Training loss: 0.02542361183091998
[2025-01-06 14:28:20,110] INFO: Iter 16200 Summary: 
[2025-01-06 14:28:20,110] INFO: 	 lr: 0.00030000000000000073 	 Training loss: 0.02570893965661526
[2025-01-06 14:28:27,704] INFO: Iter 16300 Summary: 
[2025-01-06 14:28:27,704] INFO: 	 lr: 0.00030000000000000073 	 Training loss: 0.025370119791477918
[2025-01-06 14:28:35,208] INFO: Iter 16400 Summary: 
[2025-01-06 14:28:35,208] INFO: 	 lr: 0.00030000000000000073 	 Training loss: 0.025386148281395435
[2025-01-06 14:28:42,503] INFO: Iter 16500 Summary: 
[2025-01-06 14:28:42,504] INFO: 	 lr: 0.00030000000000000073 	 Training loss: 0.02554935958236456
[2025-01-06 14:28:51,329] INFO: Iter 16600 Summary: 
[2025-01-06 14:28:51,330] INFO: 	 lr: 0.00030000000000000073 	 Training loss: 0.025600429624319077
[2025-01-06 14:28:58,846] INFO: Iter 16700 Summary: 
[2025-01-06 14:28:58,847] INFO: 	 lr: 0.00030000000000000073 	 Training loss: 0.025583450850099325
[2025-01-06 14:29:06,525] INFO: Iter 16800 Summary: 
[2025-01-06 14:29:06,525] INFO: 	 lr: 0.00030000000000000073 	 Training loss: 0.02551085602492094
[2025-01-06 14:29:13,661] INFO: Iter 16900 Summary: 
[2025-01-06 14:29:13,661] INFO: 	 lr: 0.00030000000000000073 	 Training loss: 0.025514326449483635
[2025-01-06 14:29:21,022] INFO: Iter 17000 Summary: 
[2025-01-06 14:29:21,022] INFO: 	 lr: 0.00030000000000000073 	 Training loss: 0.025417201593518256
[2025-01-06 14:29:28,737] INFO: Iter 17100 Summary: 
[2025-01-06 14:29:28,737] INFO: 	 lr: 0.00030000000000000073 	 Training loss: 0.02562716480344534
[2025-01-06 14:29:35,513] INFO: Iter 17200 Summary: 
[2025-01-06 14:29:35,513] INFO: 	 lr: 0.00030000000000000073 	 Training loss: 0.025408427957445384
[2025-01-06 14:29:43,573] INFO: Iter 17300 Summary: 
[2025-01-06 14:29:43,574] INFO: 	 lr: 0.00030000000000000073 	 Training loss: 0.025295870620757343
[2025-01-06 14:29:50,623] INFO: Iter 17400 Summary: 
[2025-01-06 14:29:50,623] INFO: 	 lr: 0.00030000000000000073 	 Training loss: 0.02553303064778447
[2025-01-06 14:29:57,832] INFO: Iter 17500 Summary: 
[2025-01-06 14:29:57,832] INFO: 	 lr: 0.00030000000000000073 	 Training loss: 0.025323808919638396
[2025-01-06 14:30:04,553] INFO: Iter 17600 Summary: 
[2025-01-06 14:30:04,553] INFO: 	 lr: 0.00030000000000000073 	 Training loss: 0.025394176300615072
[2025-01-06 14:30:11,716] INFO: Iter 17700 Summary: 
[2025-01-06 14:30:11,716] INFO: 	 lr: 0.00030000000000000073 	 Training loss: 0.025276355054229496
[2025-01-06 14:30:18,796] INFO: Iter 17800 Summary: 
[2025-01-06 14:30:18,796] INFO: 	 lr: 0.00030000000000000073 	 Training loss: 0.02540380010381341
[2025-01-06 14:30:25,679] INFO: Iter 17900 Summary: 
[2025-01-06 14:30:25,680] INFO: 	 lr: 0.00030000000000000073 	 Training loss: 0.02527804156765342
[2025-01-06 14:30:33,960] INFO: Iter 18000 Summary: 
[2025-01-06 14:30:33,960] INFO: 	 lr: 0.00030000000000000073 	 Training loss: 0.02515243139117956
[2025-01-06 14:30:45,455] INFO: Iter 18100 Summary: 
[2025-01-06 14:30:45,455] INFO: 	 lr: 0.00030000000000000073 	 Training loss: 0.025207164846360684
[2025-01-06 14:30:52,386] INFO: Iter 18200 Summary: 
[2025-01-06 14:30:52,386] INFO: 	 lr: 0.00030000000000000073 	 Training loss: 0.025324861835688352
[2025-01-06 14:30:59,491] INFO: Iter 18300 Summary: 
[2025-01-06 14:30:59,491] INFO: 	 lr: 0.00030000000000000073 	 Training loss: 0.025388411656022073
[2025-01-06 14:31:06,913] INFO: Iter 18400 Summary: 
[2025-01-06 14:31:06,913] INFO: 	 lr: 0.00030000000000000073 	 Training loss: 0.025226989593356848
[2025-01-06 14:31:14,464] INFO: Iter 18500 Summary: 
[2025-01-06 14:31:14,465] INFO: 	 lr: 0.00030000000000000073 	 Training loss: 0.025205319412052632
[2025-01-06 14:31:21,790] INFO: Iter 18600 Summary: 
[2025-01-06 14:31:21,791] INFO: 	 lr: 0.00030000000000000073 	 Training loss: 0.025285443924367428
[2025-01-06 14:31:30,203] INFO: Iter 18700 Summary: 
[2025-01-06 14:31:30,204] INFO: 	 lr: 0.00030000000000000073 	 Training loss: 0.025139276385307312
[2025-01-06 14:31:37,318] INFO: Iter 18800 Summary: 
[2025-01-06 14:31:37,318] INFO: 	 lr: 0.00030000000000000073 	 Training loss: 0.025301729738712312
[2025-01-06 14:31:44,244] INFO: Iter 18900 Summary: 
[2025-01-06 14:31:44,244] INFO: 	 lr: 0.00030000000000000073 	 Training loss: 0.025165190026164054
[2025-01-06 14:31:50,999] INFO: Iter 19000 Summary: 
[2025-01-06 14:31:51,000] INFO: 	 lr: 0.00030000000000000073 	 Training loss: 0.02526860322803259
[2025-01-06 14:31:58,070] INFO: Iter 19100 Summary: 
[2025-01-06 14:31:58,070] INFO: 	 lr: 0.00030000000000000073 	 Training loss: 0.025043959710747004
[2025-01-06 14:32:04,939] INFO: Iter 19200 Summary: 
[2025-01-06 14:32:04,939] INFO: 	 lr: 0.00030000000000000073 	 Training loss: 0.025399589966982602
[2025-01-06 14:32:11,480] INFO: Iter 19300 Summary: 
[2025-01-06 14:32:11,481] INFO: 	 lr: 0.00030000000000000073 	 Training loss: 0.02513993863016367
[2025-01-06 14:32:19,945] INFO: Iter 19400 Summary: 
[2025-01-06 14:32:19,945] INFO: 	 lr: 0.00030000000000000073 	 Training loss: 0.02522195961326361
[2025-01-06 14:32:27,153] INFO: Iter 19500 Summary: 
[2025-01-06 14:32:27,153] INFO: 	 lr: 0.00030000000000000073 	 Training loss: 0.025101002026349305
[2025-01-06 14:32:34,221] INFO: Iter 19600 Summary: 
[2025-01-06 14:32:34,221] INFO: 	 lr: 0.00030000000000000073 	 Training loss: 0.025239236168563366
[2025-01-06 14:32:41,027] INFO: Iter 19700 Summary: 
[2025-01-06 14:32:41,027] INFO: 	 lr: 0.00030000000000000073 	 Training loss: 0.025177400093525648
[2025-01-06 14:32:48,056] INFO: Iter 19800 Summary: 
[2025-01-06 14:32:48,056] INFO: 	 lr: 0.00030000000000000073 	 Training loss: 0.024926332514733075
[2025-01-06 14:32:55,420] INFO: Iter 19900 Summary: 
[2025-01-06 14:32:55,420] INFO: 	 lr: 0.00030000000000000073 	 Training loss: 0.024916845560073852
[2025-01-06 14:33:02,448] INFO: Iter 20000 Summary: 
[2025-01-06 14:33:02,449] INFO: 	 lr: 0.00030000000000000073 	 Training loss: 0.02509741323068738
[2025-01-06 14:33:14,890] INFO: Iter 20100 Summary: 
[2025-01-06 14:33:14,891] INFO: 	 lr: 0.00030000000000000073 	 Training loss: 0.025036427807062864
[2025-01-06 14:33:22,264] INFO: Iter 20200 Summary: 
[2025-01-06 14:33:22,264] INFO: 	 lr: 0.00030000000000000073 	 Training loss: 0.025041544772684575
[2025-01-06 14:33:29,287] INFO: Iter 20300 Summary: 
[2025-01-06 14:33:29,287] INFO: 	 lr: 0.00030000000000000073 	 Training loss: 0.02501526441425085
[2025-01-06 14:33:36,127] INFO: Iter 20400 Summary: 
[2025-01-06 14:33:36,127] INFO: 	 lr: 0.00030000000000000073 	 Training loss: 0.025323711950331926
[2025-01-06 14:33:43,207] INFO: Iter 20500 Summary: 
[2025-01-06 14:33:43,207] INFO: 	 lr: 0.00030000000000000073 	 Training loss: 0.025060801208019255
[2025-01-06 14:33:50,387] INFO: Iter 20600 Summary: 
[2025-01-06 14:33:50,388] INFO: 	 lr: 0.00030000000000000073 	 Training loss: 0.025153125505894422
[2025-01-06 14:33:57,583] INFO: Iter 20700 Summary: 
[2025-01-06 14:33:57,583] INFO: 	 lr: 0.00030000000000000073 	 Training loss: 0.02506509333848953
[2025-01-06 14:34:06,287] INFO: Iter 20800 Summary: 
[2025-01-06 14:34:06,287] INFO: 	 lr: 0.00030000000000000073 	 Training loss: 0.02495139731094241
[2025-01-06 14:34:13,466] INFO: Iter 20900 Summary: 
[2025-01-06 14:34:13,466] INFO: 	 lr: 0.00030000000000000073 	 Training loss: 0.02504004701972008
[2025-01-06 14:34:20,672] INFO: Iter 21000 Summary: 
[2025-01-06 14:34:20,673] INFO: 	 lr: 0.00030000000000000073 	 Training loss: 0.025141340661793948
[2025-01-06 14:34:27,648] INFO: Iter 21100 Summary: 
[2025-01-06 14:34:27,648] INFO: 	 lr: 0.00030000000000000073 	 Training loss: 0.025030412897467613
[2025-01-06 14:34:34,515] INFO: Iter 21200 Summary: 
[2025-01-06 14:34:34,515] INFO: 	 lr: 0.00030000000000000073 	 Training loss: 0.024983500353991984
[2025-01-06 14:34:41,456] INFO: Iter 21300 Summary: 
[2025-01-06 14:34:41,456] INFO: 	 lr: 0.00030000000000000073 	 Training loss: 0.02512625576928258
[2025-01-06 14:34:48,352] INFO: Iter 21400 Summary: 
[2025-01-06 14:34:48,352] INFO: 	 lr: 0.00030000000000000073 	 Training loss: 0.024779029451310636
[2025-01-06 14:34:56,569] INFO: Iter 21500 Summary: 
[2025-01-06 14:34:56,569] INFO: 	 lr: 0.00030000000000000073 	 Training loss: 0.024814791232347488
[2025-01-06 14:35:03,142] INFO: Iter 21600 Summary: 
[2025-01-06 14:35:03,143] INFO: 	 lr: 0.00030000000000000073 	 Training loss: 0.024981090109795333
[2025-01-06 14:35:10,336] INFO: Iter 21700 Summary: 
[2025-01-06 14:35:10,336] INFO: 	 lr: 0.00030000000000000073 	 Training loss: 0.024931220430880786
[2025-01-06 14:35:17,478] INFO: Iter 21800 Summary: 
[2025-01-06 14:35:17,478] INFO: 	 lr: 0.00030000000000000073 	 Training loss: 0.025062836725264787
[2025-01-06 14:35:24,365] INFO: Iter 21900 Summary: 
[2025-01-06 14:35:24,365] INFO: 	 lr: 0.00030000000000000073 	 Training loss: 0.024677601158618927
[2025-01-06 14:35:31,060] INFO: Iter 22000 Summary: 
[2025-01-06 14:35:31,060] INFO: 	 lr: 0.00030000000000000073 	 Training loss: 0.024730922635644675
[2025-01-06 14:35:42,869] INFO: Iter 22100 Summary: 
[2025-01-06 14:35:42,869] INFO: 	 lr: 0.00030000000000000073 	 Training loss: 0.025085398145020008
[2025-01-06 14:35:50,933] INFO: Iter 22200 Summary: 
[2025-01-06 14:35:50,933] INFO: 	 lr: 0.00030000000000000073 	 Training loss: 0.024960015732795
[2025-01-06 14:35:57,383] INFO: Iter 22300 Summary: 
[2025-01-06 14:35:57,383] INFO: 	 lr: 0.00030000000000000073 	 Training loss: 0.02466203298419714
[2025-01-06 14:36:04,581] INFO: Iter 22400 Summary: 
[2025-01-06 14:36:04,581] INFO: 	 lr: 0.00030000000000000073 	 Training loss: 0.025068607237190007
[2025-01-06 14:36:11,297] INFO: Iter 22500 Summary: 
[2025-01-06 14:36:11,297] INFO: 	 lr: 0.00030000000000000073 	 Training loss: 0.02488763542845845
[2025-01-06 14:36:18,152] INFO: Iter 22600 Summary: 
[2025-01-06 14:36:18,152] INFO: 	 lr: 0.00030000000000000073 	 Training loss: 0.024974219501018524
[2025-01-06 14:36:24,919] INFO: Iter 22700 Summary: 
[2025-01-06 14:36:24,920] INFO: 	 lr: 0.00030000000000000073 	 Training loss: 0.024800110198557376
[2025-01-06 14:36:31,880] INFO: Iter 22800 Summary: 
[2025-01-06 14:36:31,881] INFO: 	 lr: 0.00030000000000000073 	 Training loss: 0.024897548127919434
[2025-01-06 14:36:40,134] INFO: Iter 22900 Summary: 
[2025-01-06 14:36:40,135] INFO: 	 lr: 0.00030000000000000073 	 Training loss: 0.02486146515235305
[2025-01-06 14:36:47,023] INFO: Iter 23000 Summary: 
[2025-01-06 14:36:47,023] INFO: 	 lr: 0.00030000000000000073 	 Training loss: 0.024676874820142983
[2025-01-06 14:36:54,098] INFO: Iter 23100 Summary: 
[2025-01-06 14:36:54,098] INFO: 	 lr: 0.00030000000000000073 	 Training loss: 0.024579909797757864
[2025-01-06 14:37:01,088] INFO: Iter 23200 Summary: 
[2025-01-06 14:37:01,088] INFO: 	 lr: 0.00030000000000000073 	 Training loss: 0.024986391626298426
[2025-01-06 14:37:08,714] INFO: Iter 23300 Summary: 
[2025-01-06 14:37:08,715] INFO: 	 lr: 0.00030000000000000073 	 Training loss: 0.024581793379038572
[2025-01-06 14:37:15,655] INFO: Iter 23400 Summary: 
[2025-01-06 14:37:15,656] INFO: 	 lr: 0.00030000000000000073 	 Training loss: 0.024943010807037355
[2025-01-06 14:37:24,281] INFO: Iter 23500 Summary: 
[2025-01-06 14:37:24,282] INFO: 	 lr: 0.00030000000000000073 	 Training loss: 0.025006281659007073
[2025-01-06 14:37:31,214] INFO: Iter 23600 Summary: 
[2025-01-06 14:37:31,214] INFO: 	 lr: 0.00030000000000000073 	 Training loss: 0.02497177992016077
[2025-01-06 14:37:38,001] INFO: Iter 23700 Summary: 
[2025-01-06 14:37:38,001] INFO: 	 lr: 0.00030000000000000073 	 Training loss: 0.024645787905901672
[2025-01-06 14:37:44,770] INFO: Iter 23800 Summary: 
[2025-01-06 14:37:44,771] INFO: 	 lr: 0.00030000000000000073 	 Training loss: 0.02463198294863105
[2025-01-06 14:37:52,201] INFO: Iter 23900 Summary: 
[2025-01-06 14:37:52,201] INFO: 	 lr: 0.00030000000000000073 	 Training loss: 0.02473262285813689
[2025-01-06 14:37:59,565] INFO: Iter 24000 Summary: 
[2025-01-06 14:37:59,566] INFO: 	 lr: 0.00030000000000000073 	 Training loss: 0.024866980742663147
[2025-01-06 14:38:10,620] INFO: Iter 24100 Summary: 
[2025-01-06 14:38:10,620] INFO: 	 lr: 0.00030000000000000073 	 Training loss: 0.024999313317239286
[2025-01-06 14:38:19,414] INFO: Iter 24200 Summary: 
[2025-01-06 14:38:19,415] INFO: 	 lr: 0.00030000000000000073 	 Training loss: 0.024745043721050023
[2025-01-06 14:38:26,806] INFO: Iter 24300 Summary: 
[2025-01-06 14:38:26,806] INFO: 	 lr: 0.00030000000000000073 	 Training loss: 0.02499657427892089
[2025-01-06 14:38:33,591] INFO: Iter 24400 Summary: 
[2025-01-06 14:38:33,591] INFO: 	 lr: 0.00030000000000000073 	 Training loss: 0.02462417835369706
[2025-01-06 14:38:40,521] INFO: Iter 24500 Summary: 
[2025-01-06 14:38:40,521] INFO: 	 lr: 0.00030000000000000073 	 Training loss: 0.024541891068220138
[2025-01-06 14:38:47,549] INFO: Iter 24600 Summary: 
[2025-01-06 14:38:47,550] INFO: 	 lr: 0.00030000000000000073 	 Training loss: 0.02456624375656247
[2025-01-06 14:38:54,437] INFO: Iter 24700 Summary: 
[2025-01-06 14:38:54,437] INFO: 	 lr: 0.00030000000000000073 	 Training loss: 0.024784061796963214
[2025-01-06 14:39:01,235] INFO: Iter 24800 Summary: 
[2025-01-06 14:39:01,236] INFO: 	 lr: 0.00030000000000000073 	 Training loss: 0.02489465879276395
[2025-01-06 14:39:09,459] INFO: Iter 24900 Summary: 
[2025-01-06 14:39:09,460] INFO: 	 lr: 0.00030000000000000073 	 Training loss: 0.02464934764429927
[2025-01-06 14:39:16,563] INFO: Iter 25000 Summary: 
[2025-01-06 14:39:16,563] INFO: 	 lr: 0.00030000000000000073 	 Training loss: 0.024684402272105218
[2025-01-06 14:39:23,643] INFO: Iter 25100 Summary: 
[2025-01-06 14:39:23,643] INFO: 	 lr: 0.00030000000000000073 	 Training loss: 0.024708446748554706
[2025-01-06 14:39:29,928] INFO: Iter 25200 Summary: 
[2025-01-06 14:39:29,928] INFO: 	 lr: 0.00030000000000000073 	 Training loss: 0.0246892580203712
[2025-01-06 14:39:36,823] INFO: Iter 25300 Summary: 
[2025-01-06 14:39:36,823] INFO: 	 lr: 0.00030000000000000073 	 Training loss: 0.02470113003626466
[2025-01-06 14:39:43,604] INFO: Iter 25400 Summary: 
[2025-01-06 14:39:43,604] INFO: 	 lr: 0.00030000000000000073 	 Training loss: 0.02478187555447221
[2025-01-06 14:39:50,509] INFO: Iter 25500 Summary: 
[2025-01-06 14:39:50,509] INFO: 	 lr: 0.00030000000000000073 	 Training loss: 0.024611371587961912
[2025-01-06 14:39:58,640] INFO: Iter 25600 Summary: 
[2025-01-06 14:39:58,641] INFO: 	 lr: 0.00030000000000000073 	 Training loss: 0.02475382126867771
[2025-01-06 14:40:05,884] INFO: Iter 25700 Summary: 
[2025-01-06 14:40:05,884] INFO: 	 lr: 0.00030000000000000073 	 Training loss: 0.024521559905260802
[2025-01-06 14:40:12,946] INFO: Iter 25800 Summary: 
[2025-01-06 14:40:12,946] INFO: 	 lr: 0.00030000000000000073 	 Training loss: 0.024844535682350396
[2025-01-06 14:40:19,438] INFO: Iter 25900 Summary: 
[2025-01-06 14:40:19,438] INFO: 	 lr: 0.00030000000000000073 	 Training loss: 0.02485568692907691
[2025-01-06 14:40:26,419] INFO: Iter 26000 Summary: 
[2025-01-06 14:40:26,419] INFO: 	 lr: 0.00030000000000000073 	 Training loss: 0.024627459198236466
[2025-01-06 14:40:37,786] INFO: Iter 26100 Summary: 
[2025-01-06 14:40:37,786] INFO: 	 lr: 0.00030000000000000073 	 Training loss: 0.024539653677493334
[2025-01-06 14:40:44,672] INFO: Iter 26200 Summary: 
[2025-01-06 14:40:44,672] INFO: 	 lr: 0.00030000000000000073 	 Training loss: 0.02456607507541776
[2025-01-06 14:40:52,758] INFO: Iter 26300 Summary: 
[2025-01-06 14:40:52,759] INFO: 	 lr: 0.00030000000000000073 	 Training loss: 0.024499333538115023
[2025-01-06 14:41:00,192] INFO: Iter 26400 Summary: 
[2025-01-06 14:41:00,192] INFO: 	 lr: 0.00030000000000000073 	 Training loss: 0.024562456887215377
[2025-01-06 14:41:07,211] INFO: Iter 26500 Summary: 
[2025-01-06 14:41:07,211] INFO: 	 lr: 0.00030000000000000073 	 Training loss: 0.024697699043899776
[2025-01-06 14:41:14,256] INFO: Iter 26600 Summary: 
[2025-01-06 14:41:14,256] INFO: 	 lr: 0.00030000000000000073 	 Training loss: 0.024573169089853762
[2025-01-06 14:41:21,260] INFO: Iter 26700 Summary: 
[2025-01-06 14:41:21,260] INFO: 	 lr: 0.00030000000000000073 	 Training loss: 0.02451480654999614
[2025-01-06 14:41:28,327] INFO: Iter 26800 Summary: 
[2025-01-06 14:41:28,327] INFO: 	 lr: 0.00030000000000000073 	 Training loss: 0.024668957460671662
[2025-01-06 14:41:35,309] INFO: Iter 26900 Summary: 
[2025-01-06 14:41:35,309] INFO: 	 lr: 0.00030000000000000073 	 Training loss: 0.024531323947012424
[2025-01-06 14:41:43,631] INFO: Iter 27000 Summary: 
[2025-01-06 14:41:43,631] INFO: 	 lr: 0.00030000000000000073 	 Training loss: 0.024631053619086744
[2025-01-06 14:41:50,679] INFO: Iter 27100 Summary: 
[2025-01-06 14:41:50,679] INFO: 	 lr: 0.00030000000000000073 	 Training loss: 0.02456791415810585
[2025-01-06 14:41:58,107] INFO: Iter 27200 Summary: 
[2025-01-06 14:41:58,108] INFO: 	 lr: 0.00030000000000000073 	 Training loss: 0.024383140187710525
[2025-01-06 14:42:05,447] INFO: Iter 27300 Summary: 
[2025-01-06 14:42:05,447] INFO: 	 lr: 0.00030000000000000073 	 Training loss: 0.024819521196186543
[2025-01-06 14:42:12,337] INFO: Iter 27400 Summary: 
[2025-01-06 14:42:12,337] INFO: 	 lr: 0.00030000000000000073 	 Training loss: 0.024577836617827416
[2025-01-06 14:42:20,085] INFO: Iter 27500 Summary: 
[2025-01-06 14:42:20,085] INFO: 	 lr: 0.00030000000000000073 	 Training loss: 0.024509507827460766
[2025-01-06 14:42:27,142] INFO: Iter 27600 Summary: 
[2025-01-06 14:42:27,142] INFO: 	 lr: 0.00030000000000000073 	 Training loss: 0.024548573605716228
[2025-01-06 14:42:35,274] INFO: Iter 27700 Summary: 
[2025-01-06 14:42:35,275] INFO: 	 lr: 0.00030000000000000073 	 Training loss: 0.024696270301938057
[2025-01-06 14:42:42,616] INFO: Iter 27800 Summary: 
[2025-01-06 14:42:42,617] INFO: 	 lr: 0.00030000000000000073 	 Training loss: 0.024399679489433765
[2025-01-06 14:42:50,086] INFO: Iter 27900 Summary: 
[2025-01-06 14:42:50,086] INFO: 	 lr: 0.00030000000000000073 	 Training loss: 0.02432680930942297
[2025-01-06 14:42:57,033] INFO: Iter 28000 Summary: 
[2025-01-06 14:42:57,033] INFO: 	 lr: 0.00030000000000000073 	 Training loss: 0.024481006413698197
[2025-01-06 14:43:07,878] INFO: Iter 28100 Summary: 
[2025-01-06 14:43:07,878] INFO: 	 lr: 0.00030000000000000073 	 Training loss: 0.02452078614383936
[2025-01-06 14:43:15,489] INFO: Iter 28200 Summary: 
[2025-01-06 14:43:15,490] INFO: 	 lr: 0.00030000000000000073 	 Training loss: 0.024530436638742686
[2025-01-06 14:43:22,725] INFO: Iter 28300 Summary: 
[2025-01-06 14:43:22,726] INFO: 	 lr: 0.00030000000000000073 	 Training loss: 0.024504386521875858
[2025-01-06 14:43:31,316] INFO: Iter 28400 Summary: 
[2025-01-06 14:43:31,316] INFO: 	 lr: 0.00030000000000000073 	 Training loss: 0.02449852380901575
[2025-01-06 14:43:38,320] INFO: Iter 28500 Summary: 
[2025-01-06 14:43:38,320] INFO: 	 lr: 0.00030000000000000073 	 Training loss: 0.0244905474409461
[2025-01-06 14:43:45,682] INFO: Iter 28600 Summary: 
[2025-01-06 14:43:45,682] INFO: 	 lr: 0.00030000000000000073 	 Training loss: 0.024574651401489973
[2025-01-06 14:43:53,468] INFO: Iter 28700 Summary: 
[2025-01-06 14:43:53,468] INFO: 	 lr: 0.00030000000000000073 	 Training loss: 0.024370035342872142
[2025-01-06 14:44:00,109] INFO: Iter 28800 Summary: 
[2025-01-06 14:44:00,110] INFO: 	 lr: 0.00030000000000000073 	 Training loss: 0.02449756445363164
[2025-01-06 14:44:07,412] INFO: Iter 28900 Summary: 
[2025-01-06 14:44:07,412] INFO: 	 lr: 0.00030000000000000073 	 Training loss: 0.02433874299749732
[2025-01-06 14:44:15,036] INFO: Iter 29000 Summary: 
[2025-01-06 14:44:15,036] INFO: 	 lr: 0.00030000000000000073 	 Training loss: 0.024690608605742456
[2025-01-06 14:44:23,296] INFO: Iter 29100 Summary: 
[2025-01-06 14:44:23,297] INFO: 	 lr: 0.00030000000000000073 	 Training loss: 0.024442650359123946
[2025-01-06 14:44:29,989] INFO: Iter 29200 Summary: 
[2025-01-06 14:44:29,989] INFO: 	 lr: 0.00030000000000000073 	 Training loss: 0.02445647621527314
[2025-01-06 14:44:37,148] INFO: Iter 29300 Summary: 
[2025-01-06 14:44:37,149] INFO: 	 lr: 0.00030000000000000073 	 Training loss: 0.024438849668949842
[2025-01-06 14:44:44,090] INFO: Iter 29400 Summary: 
[2025-01-06 14:44:44,090] INFO: 	 lr: 0.00030000000000000073 	 Training loss: 0.024458608757704496
[2025-01-06 14:44:50,950] INFO: Iter 29500 Summary: 
[2025-01-06 14:44:50,950] INFO: 	 lr: 0.00030000000000000073 	 Training loss: 0.024627987872809173
[2025-01-06 14:44:58,034] INFO: Iter 29600 Summary: 
[2025-01-06 14:44:58,034] INFO: 	 lr: 0.00030000000000000073 	 Training loss: 0.024550040904432534
[2025-01-06 14:45:06,050] INFO: Iter 29700 Summary: 
[2025-01-06 14:45:06,050] INFO: 	 lr: 0.00030000000000000073 	 Training loss: 0.02447958681732416
[2025-01-06 14:45:14,845] INFO: Iter 29800 Summary: 
[2025-01-06 14:45:14,846] INFO: 	 lr: 0.00030000000000000073 	 Training loss: 0.024495820868760346
[2025-01-06 14:45:21,908] INFO: Iter 29900 Summary: 
[2025-01-06 14:45:21,908] INFO: 	 lr: 0.00030000000000000073 	 Training loss: 0.02437117798253894
[2025-01-06 14:45:28,957] INFO: Iter 30000 Summary: 
[2025-01-06 14:45:28,958] INFO: 	 lr: 0.00030000000000000073 	 Training loss: 0.02436515495181084
[2025-01-06 14:45:40,477] INFO: Iter 30100 Summary: 
[2025-01-06 14:45:40,477] INFO: 	 lr: 1.2900000000000026e-05 	 Training loss: 0.02396781638264656
[2025-01-06 14:45:47,255] INFO: Iter 30200 Summary: 
[2025-01-06 14:45:47,255] INFO: 	 lr: 1.000000000000002e-05 	 Training loss: 0.023755861539393665
[2025-01-06 14:45:54,283] INFO: Iter 30300 Summary: 
[2025-01-06 14:45:54,284] INFO: 	 lr: 1.000000000000002e-05 	 Training loss: 0.023428584411740304
[2025-01-06 14:46:01,298] INFO: Iter 30400 Summary: 
[2025-01-06 14:46:01,298] INFO: 	 lr: 1.000000000000002e-05 	 Training loss: 0.023494009841233492
[2025-01-06 14:46:09,372] INFO: Iter 30500 Summary: 
[2025-01-06 14:46:09,372] INFO: 	 lr: 1.000000000000002e-05 	 Training loss: 0.023477464597672224
[2025-01-06 14:46:16,048] INFO: Iter 30600 Summary: 
[2025-01-06 14:46:16,049] INFO: 	 lr: 1.000000000000002e-05 	 Training loss: 0.023281608521938325
[2025-01-06 14:46:22,931] INFO: Iter 30700 Summary: 
[2025-01-06 14:46:22,931] INFO: 	 lr: 1.000000000000002e-05 	 Training loss: 0.023334131129086017
[2025-01-06 14:46:29,873] INFO: Iter 30800 Summary: 
[2025-01-06 14:46:29,873] INFO: 	 lr: 1.000000000000002e-05 	 Training loss: 0.02330627020448446
[2025-01-06 14:46:36,660] INFO: Iter 30900 Summary: 
[2025-01-06 14:46:36,660] INFO: 	 lr: 1.000000000000002e-05 	 Training loss: 0.023398137651383877
[2025-01-06 14:46:43,361] INFO: Iter 31000 Summary: 
[2025-01-06 14:46:43,361] INFO: 	 lr: 1.000000000000002e-05 	 Training loss: 0.02332805493846536
[2025-01-06 14:46:51,603] INFO: Iter 31100 Summary: 
[2025-01-06 14:46:51,603] INFO: 	 lr: 1.000000000000002e-05 	 Training loss: 0.023293576072901487
[2025-01-06 14:46:58,814] INFO: Iter 31200 Summary: 
[2025-01-06 14:46:58,814] INFO: 	 lr: 1.000000000000002e-05 	 Training loss: 0.023323725052177904
[2025-01-06 14:47:05,714] INFO: Iter 31300 Summary: 
[2025-01-06 14:47:05,714] INFO: 	 lr: 1.000000000000002e-05 	 Training loss: 0.02325339287519455
[2025-01-06 14:47:12,744] INFO: Iter 31400 Summary: 
[2025-01-06 14:47:12,744] INFO: 	 lr: 1.000000000000002e-05 	 Training loss: 0.023278716299682856
[2025-01-06 14:47:19,526] INFO: Iter 31500 Summary: 
[2025-01-06 14:47:19,526] INFO: 	 lr: 1.000000000000002e-05 	 Training loss: 0.02335278771817684
[2025-01-06 14:47:26,533] INFO: Iter 31600 Summary: 
[2025-01-06 14:47:26,534] INFO: 	 lr: 1.000000000000002e-05 	 Training loss: 0.023282464817166327
[2025-01-06 14:47:33,403] INFO: Iter 31700 Summary: 
[2025-01-06 14:47:33,403] INFO: 	 lr: 1.000000000000002e-05 	 Training loss: 0.023048403225839138
[2025-01-06 14:47:41,257] INFO: Iter 31800 Summary: 
[2025-01-06 14:47:41,257] INFO: 	 lr: 1.000000000000002e-05 	 Training loss: 0.023290995322167874
[2025-01-06 14:47:47,664] INFO: Iter 31900 Summary: 
[2025-01-06 14:47:47,664] INFO: 	 lr: 1.000000000000002e-05 	 Training loss: 0.023176762033253907
[2025-01-06 14:47:54,414] INFO: Iter 32000 Summary: 
[2025-01-06 14:47:54,414] INFO: 	 lr: 1.000000000000002e-05 	 Training loss: 0.023135792426764966
[2025-01-06 14:48:05,564] INFO: Iter 32100 Summary: 
[2025-01-06 14:48:05,564] INFO: 	 lr: 1.000000000000002e-05 	 Training loss: 0.02302153203636408
[2025-01-06 14:48:11,957] INFO: Iter 32200 Summary: 
[2025-01-06 14:48:11,957] INFO: 	 lr: 1.000000000000002e-05 	 Training loss: 0.023328437842428683
[2025-01-06 14:48:18,333] INFO: Iter 32300 Summary: 
[2025-01-06 14:48:18,334] INFO: 	 lr: 1.000000000000002e-05 	 Training loss: 0.023342852126806975
[2025-01-06 14:48:25,180] INFO: Iter 32400 Summary: 
[2025-01-06 14:48:25,180] INFO: 	 lr: 1.000000000000002e-05 	 Training loss: 0.023154790587723253
[2025-01-06 14:48:32,849] INFO: Iter 32500 Summary: 
[2025-01-06 14:48:32,849] INFO: 	 lr: 1.000000000000002e-05 	 Training loss: 0.0234107368811965
[2025-01-06 14:48:39,458] INFO: Iter 32600 Summary: 
[2025-01-06 14:48:39,458] INFO: 	 lr: 1.000000000000002e-05 	 Training loss: 0.023289964217692614
[2025-01-06 14:48:45,899] INFO: Iter 32700 Summary: 
[2025-01-06 14:48:45,899] INFO: 	 lr: 1.000000000000002e-05 	 Training loss: 0.023048712071031333
[2025-01-06 14:48:52,342] INFO: Iter 32800 Summary: 
[2025-01-06 14:48:52,342] INFO: 	 lr: 1.000000000000002e-05 	 Training loss: 0.023170531876385212
[2025-01-06 14:48:58,835] INFO: Iter 32900 Summary: 
[2025-01-06 14:48:58,836] INFO: 	 lr: 1.000000000000002e-05 	 Training loss: 0.023225020710378887
[2025-01-06 14:49:05,476] INFO: Iter 33000 Summary: 
[2025-01-06 14:49:05,476] INFO: 	 lr: 1.000000000000002e-05 	 Training loss: 0.023053176142275332
[2025-01-06 14:49:11,780] INFO: Iter 33100 Summary: 
[2025-01-06 14:49:11,780] INFO: 	 lr: 1.000000000000002e-05 	 Training loss: 0.023126833867281676
[2025-01-06 14:49:19,780] INFO: Iter 33200 Summary: 
[2025-01-06 14:49:19,781] INFO: 	 lr: 1.000000000000002e-05 	 Training loss: 0.022980979811400175
[2025-01-06 14:49:26,653] INFO: Iter 33300 Summary: 
[2025-01-06 14:49:26,653] INFO: 	 lr: 1.000000000000002e-05 	 Training loss: 0.023102527894079686
[2025-01-06 14:49:33,373] INFO: Iter 33400 Summary: 
[2025-01-06 14:49:33,373] INFO: 	 lr: 1.000000000000002e-05 	 Training loss: 0.023071115463972093
[2025-01-06 14:49:40,191] INFO: Iter 33500 Summary: 
[2025-01-06 14:49:40,191] INFO: 	 lr: 1.000000000000002e-05 	 Training loss: 0.02302485778927803
[2025-01-06 14:49:47,129] INFO: Iter 33600 Summary: 
[2025-01-06 14:49:47,129] INFO: 	 lr: 1.000000000000002e-05 	 Training loss: 0.023173867370933295
[2025-01-06 14:49:53,741] INFO: Iter 33700 Summary: 
[2025-01-06 14:49:53,742] INFO: 	 lr: 1.000000000000002e-05 	 Training loss: 0.0230654570274055
[2025-01-06 14:50:00,183] INFO: Iter 33800 Summary: 
[2025-01-06 14:50:00,183] INFO: 	 lr: 1.000000000000002e-05 	 Training loss: 0.023182937242090702
[2025-01-06 14:50:08,029] INFO: Iter 33900 Summary: 
[2025-01-06 14:50:08,030] INFO: 	 lr: 1.000000000000002e-05 	 Training loss: 0.023103252071887254
[2025-01-06 14:50:14,678] INFO: Iter 34000 Summary: 
[2025-01-06 14:50:14,678] INFO: 	 lr: 1.000000000000002e-05 	 Training loss: 0.023134023454040288
[2025-01-06 14:50:24,845] INFO: Iter 34100 Summary: 
[2025-01-06 14:50:24,845] INFO: 	 lr: 1.000000000000002e-05 	 Training loss: 0.02309730591252446
[2025-01-06 14:50:31,633] INFO: Iter 34200 Summary: 
[2025-01-06 14:50:31,633] INFO: 	 lr: 1.000000000000002e-05 	 Training loss: 0.023022272866219284
[2025-01-06 14:50:38,117] INFO: Iter 34300 Summary: 
[2025-01-06 14:50:38,118] INFO: 	 lr: 1.000000000000002e-05 	 Training loss: 0.023217786457389592
[2025-01-06 14:50:44,581] INFO: Iter 34400 Summary: 
[2025-01-06 14:50:44,581] INFO: 	 lr: 1.000000000000002e-05 	 Training loss: 0.0230568809248507
[2025-01-06 14:50:51,480] INFO: Iter 34500 Summary: 
[2025-01-06 14:50:51,480] INFO: 	 lr: 1.000000000000002e-05 	 Training loss: 0.023079673629254102
[2025-01-06 14:50:59,848] INFO: Iter 34600 Summary: 
[2025-01-06 14:50:59,848] INFO: 	 lr: 1.000000000000002e-05 	 Training loss: 0.02304166430607438
[2025-01-06 14:51:06,512] INFO: Iter 34700 Summary: 
[2025-01-06 14:51:06,512] INFO: 	 lr: 1.000000000000002e-05 	 Training loss: 0.02297105323523283
[2025-01-06 14:51:13,452] INFO: Iter 34800 Summary: 
[2025-01-06 14:51:13,452] INFO: 	 lr: 1.000000000000002e-05 	 Training loss: 0.0230749093554914
[2025-01-06 14:51:20,496] INFO: Iter 34900 Summary: 
[2025-01-06 14:51:20,496] INFO: 	 lr: 1.000000000000002e-05 	 Training loss: 0.023058280665427446
[2025-01-06 14:51:27,890] INFO: Iter 35000 Summary: 
[2025-01-06 14:51:27,891] INFO: 	 lr: 1.000000000000002e-05 	 Training loss: 0.02309550203382969
[2025-01-06 14:51:34,917] INFO: Iter 35100 Summary: 
[2025-01-06 14:51:34,917] INFO: 	 lr: 1.000000000000002e-05 	 Training loss: 0.02309601513668895
[2025-01-06 14:51:41,548] INFO: Iter 35200 Summary: 
[2025-01-06 14:51:41,548] INFO: 	 lr: 1.000000000000002e-05 	 Training loss: 0.02293885301798582
[2025-01-06 14:51:49,380] INFO: Iter 35300 Summary: 
[2025-01-06 14:51:49,381] INFO: 	 lr: 1.000000000000002e-05 	 Training loss: 0.023118226900696755
[2025-01-06 14:51:55,836] INFO: Iter 35400 Summary: 
[2025-01-06 14:51:55,836] INFO: 	 lr: 1.000000000000002e-05 	 Training loss: 0.022870043367147444
[2025-01-06 14:52:02,290] INFO: Iter 35500 Summary: 
[2025-01-06 14:52:02,290] INFO: 	 lr: 1.000000000000002e-05 	 Training loss: 0.02314302636310458
[2025-01-06 14:52:08,970] INFO: Iter 35600 Summary: 
[2025-01-06 14:52:08,970] INFO: 	 lr: 1.000000000000002e-05 	 Training loss: 0.022891754526644947
[2025-01-06 14:52:15,700] INFO: Iter 35700 Summary: 
[2025-01-06 14:52:15,700] INFO: 	 lr: 1.000000000000002e-05 	 Training loss: 0.02321323923766613
[2025-01-06 14:52:22,147] INFO: Iter 35800 Summary: 
[2025-01-06 14:52:22,147] INFO: 	 lr: 1.000000000000002e-05 	 Training loss: 0.02291849145665765
[2025-01-06 14:52:28,727] INFO: Iter 35900 Summary: 
[2025-01-06 14:52:28,727] INFO: 	 lr: 1.000000000000002e-05 	 Training loss: 0.023004185389727354
[2025-01-06 14:52:36,510] INFO: Iter 36000 Summary: 
[2025-01-06 14:52:36,510] INFO: 	 lr: 1.000000000000002e-05 	 Training loss: 0.023122579008340836
[2025-01-06 14:52:47,715] INFO: Iter 36100 Summary: 
[2025-01-06 14:52:47,715] INFO: 	 lr: 1.000000000000002e-05 	 Training loss: 0.022838438935577868
[2025-01-06 14:52:54,363] INFO: Iter 36200 Summary: 
[2025-01-06 14:52:54,363] INFO: 	 lr: 1.000000000000002e-05 	 Training loss: 0.023082829229533672
[2025-01-06 14:53:01,561] INFO: Iter 36300 Summary: 
[2025-01-06 14:53:01,561] INFO: 	 lr: 1.000000000000002e-05 	 Training loss: 0.023040934260934592
[2025-01-06 14:53:07,878] INFO: Iter 36400 Summary: 
[2025-01-06 14:53:07,879] INFO: 	 lr: 1.000000000000002e-05 	 Training loss: 0.02288342896848917
[2025-01-06 14:53:14,201] INFO: Iter 36500 Summary: 
[2025-01-06 14:53:14,202] INFO: 	 lr: 1.000000000000002e-05 	 Training loss: 0.02303227486088872
[2025-01-06 14:53:20,122] INFO: Iter 36600 Summary: 
[2025-01-06 14:53:20,122] INFO: 	 lr: 1.000000000000002e-05 	 Training loss: 0.023148894030600786
[2025-01-06 14:53:28,010] INFO: Iter 36700 Summary: 
[2025-01-06 14:53:28,010] INFO: 	 lr: 1.000000000000002e-05 	 Training loss: 0.022970289569348098
[2025-01-06 14:53:34,443] INFO: Iter 36800 Summary: 
[2025-01-06 14:53:34,443] INFO: 	 lr: 1.000000000000002e-05 	 Training loss: 0.023149774149060248
[2025-01-06 14:53:40,937] INFO: Iter 36900 Summary: 
[2025-01-06 14:53:40,937] INFO: 	 lr: 1.000000000000002e-05 	 Training loss: 0.022986622657626868
[2025-01-06 14:53:47,611] INFO: Iter 37000 Summary: 
[2025-01-06 14:53:47,611] INFO: 	 lr: 1.000000000000002e-05 	 Training loss: 0.023037309143692255
[2025-01-06 14:53:54,113] INFO: Iter 37100 Summary: 
[2025-01-06 14:53:54,113] INFO: 	 lr: 1.000000000000002e-05 	 Training loss: 0.023052464965730907
[2025-01-06 14:54:01,627] INFO: Iter 37200 Summary: 
[2025-01-06 14:54:01,627] INFO: 	 lr: 1.000000000000002e-05 	 Training loss: 0.022993865981698038
[2025-01-06 14:54:08,549] INFO: Iter 37300 Summary: 
[2025-01-06 14:54:08,550] INFO: 	 lr: 1.000000000000002e-05 	 Training loss: 0.02278426639735699
[2025-01-06 14:54:16,113] INFO: Iter 37400 Summary: 
[2025-01-06 14:54:16,113] INFO: 	 lr: 1.000000000000002e-05 	 Training loss: 0.022864218428730966
[2025-01-06 14:54:22,852] INFO: Iter 37500 Summary: 
[2025-01-06 14:54:22,852] INFO: 	 lr: 1.000000000000002e-05 	 Training loss: 0.02292032102122903
[2025-01-06 14:54:29,375] INFO: Iter 37600 Summary: 
[2025-01-06 14:54:29,375] INFO: 	 lr: 1.000000000000002e-05 	 Training loss: 0.022862723767757415
[2025-01-06 14:54:35,751] INFO: Iter 37700 Summary: 
[2025-01-06 14:54:35,751] INFO: 	 lr: 1.000000000000002e-05 	 Training loss: 0.02303574176505208
[2025-01-06 14:54:42,198] INFO: Iter 37800 Summary: 
[2025-01-06 14:54:42,198] INFO: 	 lr: 1.000000000000002e-05 	 Training loss: 0.023091101087629795
[2025-01-06 14:54:48,495] INFO: Iter 37900 Summary: 
[2025-01-06 14:54:48,495] INFO: 	 lr: 1.000000000000002e-05 	 Training loss: 0.022939296886324883
[2025-01-06 14:54:55,100] INFO: Iter 38000 Summary: 
[2025-01-06 14:54:55,100] INFO: 	 lr: 1.000000000000002e-05 	 Training loss: 0.022944730296730994
[2025-01-06 14:55:06,966] INFO: Iter 38100 Summary: 
[2025-01-06 14:55:06,966] INFO: 	 lr: 1.000000000000002e-05 	 Training loss: 0.022824943009763957
[2025-01-06 14:55:13,288] INFO: Iter 38200 Summary: 
[2025-01-06 14:55:13,288] INFO: 	 lr: 1.000000000000002e-05 	 Training loss: 0.02289598260074854
[2025-01-06 14:55:19,716] INFO: Iter 38300 Summary: 
[2025-01-06 14:55:19,716] INFO: 	 lr: 1.000000000000002e-05 	 Training loss: 0.022992923725396394
[2025-01-06 14:55:26,131] INFO: Iter 38400 Summary: 
[2025-01-06 14:55:26,131] INFO: 	 lr: 1.000000000000002e-05 	 Training loss: 0.02291276428848505
[2025-01-06 14:55:32,566] INFO: Iter 38500 Summary: 
[2025-01-06 14:55:32,566] INFO: 	 lr: 1.000000000000002e-05 	 Training loss: 0.023061265610158442
[2025-01-06 14:55:39,029] INFO: Iter 38600 Summary: 
[2025-01-06 14:55:39,029] INFO: 	 lr: 1.000000000000002e-05 	 Training loss: 0.022905871067196132
[2025-01-06 14:55:46,670] INFO: Iter 38700 Summary: 
[2025-01-06 14:55:46,670] INFO: 	 lr: 1.000000000000002e-05 	 Training loss: 0.02294525772333145
[2025-01-06 14:55:53,162] INFO: Iter 38800 Summary: 
[2025-01-06 14:55:53,163] INFO: 	 lr: 1.000000000000002e-05 	 Training loss: 0.0230316867493093
[2025-01-06 14:55:59,610] INFO: Iter 38900 Summary: 
[2025-01-06 14:55:59,610] INFO: 	 lr: 1.000000000000002e-05 	 Training loss: 0.022928703017532824
[2025-01-06 14:56:06,170] INFO: Iter 39000 Summary: 
[2025-01-06 14:56:06,170] INFO: 	 lr: 1.000000000000002e-05 	 Training loss: 0.022958254143595695
[2025-01-06 14:56:12,710] INFO: Iter 39100 Summary: 
[2025-01-06 14:56:12,710] INFO: 	 lr: 1.000000000000002e-05 	 Training loss: 0.022835426907986404
[2025-01-06 14:56:19,258] INFO: Iter 39200 Summary: 
[2025-01-06 14:56:19,259] INFO: 	 lr: 1.000000000000002e-05 	 Training loss: 0.02296820657327771
[2025-01-06 14:56:25,693] INFO: Iter 39300 Summary: 
[2025-01-06 14:56:25,693] INFO: 	 lr: 1.000000000000002e-05 	 Training loss: 0.02292317369952798
[2025-01-06 14:56:33,683] INFO: Iter 39400 Summary: 
[2025-01-06 14:56:33,683] INFO: 	 lr: 1.000000000000002e-05 	 Training loss: 0.02296013932675123
[2025-01-06 14:56:40,201] INFO: Iter 39500 Summary: 
[2025-01-06 14:56:40,201] INFO: 	 lr: 1.000000000000002e-05 	 Training loss: 0.023135289158672093
[2025-01-06 14:56:46,663] INFO: Iter 39600 Summary: 
[2025-01-06 14:56:46,663] INFO: 	 lr: 1.000000000000002e-05 	 Training loss: 0.022776916287839413
[2025-01-06 14:56:53,003] INFO: Iter 39700 Summary: 
[2025-01-06 14:56:53,004] INFO: 	 lr: 1.000000000000002e-05 	 Training loss: 0.022903102096170188
[2025-01-06 14:56:59,606] INFO: Iter 39800 Summary: 
[2025-01-06 14:56:59,606] INFO: 	 lr: 1.000000000000002e-05 	 Training loss: 0.022903828714042902
[2025-01-06 14:57:05,991] INFO: Iter 39900 Summary: 
[2025-01-06 14:57:05,991] INFO: 	 lr: 1.000000000000002e-05 	 Training loss: 0.02287997892126441
[2025-01-06 14:57:12,760] INFO: Iter 40000 Summary: 
[2025-01-06 14:57:12,760] INFO: 	 lr: 1.000000000000002e-05 	 Training loss: 0.022754059731960298
