[2025-01-07 02:07:46,553] INFO: {
    "abs_dir": "/home/diwang/siMLPe/exps/baseline_h36m",
    "batch_size": 256,
    "cos_lr_max": 1e-05,
    "cos_lr_min": 5e-08,
    "cos_lr_total_iters": 40000,
    "data_aug": true,
    "deriv_input": true,
    "deriv_output": true,
    "device": "cuda:2",
    "h36m_anno_dir": "/home/diwang/siMLPe/data/h36m/",
    "link_log_file": "/home/diwang/siMLPe/exps/baseline_h36m/log/log_last.log",
    "link_val_log_file": "/home/diwang/siMLPe/exps/baseline_h36m/log/val_last.log",
    "log_dir": "/home/diwang/siMLPe/exps/baseline_h36m/log",
    "log_file": "/home/diwang/siMLPe/exps/baseline_h36m/log/log_2025_01_07_02_07_28.log",
    "model_pth": null,
    "motion": {
        "dim": 66,
        "h36m_input_length": 50,
        "h36m_input_length_dct": 50,
        "h36m_target_length": 10,
        "h36m_target_length_eval": 25,
        "h36m_target_length_train": 10
    },
    "motion_fc_in": {
        "activation": "relu",
        "in_features": 66,
        "init_w_trunc_normal": false,
        "out_features": 66,
        "temporal_fc": false,
        "with_norm": false
    },
    "motion_fc_out": {
        "activation": "relu",
        "in_features": 66,
        "init_w_trunc_normal": true,
        "out_features": 66,
        "temporal_fc": false,
        "with_norm": false
    },
    "motion_mlp": {
        "hidden_dim": 66,
        "norm_axis": "spatial",
        "num_layers": 48,
        "seq_len": 50,
        "spatial_fc_only": false,
        "with_normalization": true
    },
    "num_workers": 8,
    "post_dct": false,
    "pre_dct": false,
    "print_every": 100,
    "repo_name": "siMLPe",
    "root_dir": "/home/diwang/siMLPe",
    "save_every": 2000,
    "seed": 304,
    "shift_step": 1,
    "snapshot_dir": "/home/diwang/siMLPe/exps/baseline_h36m/log/snapshot",
    "this_dir": "baseline_h36m",
    "use_relative_loss": true,
    "val_log_file": "/home/diwang/siMLPe/exps/baseline_h36m/log/val_2025_01_07_02_07_28.log",
    "weight_decay": 0.0001
}
[2025-01-07 02:07:55,278] INFO: Iter 100 Summary: 
[2025-01-07 02:07:55,279] INFO: 	 lr: 0.00030000000000000073 	 Training loss: 0.09109303593635559
[2025-01-07 02:08:01,806] INFO: Iter 200 Summary: 
[2025-01-07 02:08:01,806] INFO: 	 lr: 0.00030000000000000073 	 Training loss: 0.07475001901388169
[2025-01-07 02:08:08,274] INFO: Iter 300 Summary: 
[2025-01-07 02:08:08,274] INFO: 	 lr: 0.00030000000000000073 	 Training loss: 0.07297014631330967
[2025-01-07 02:08:14,797] INFO: Iter 400 Summary: 
[2025-01-07 02:08:14,797] INFO: 	 lr: 0.00030000000000000073 	 Training loss: 0.05607551634311676
[2025-01-07 02:08:21,252] INFO: Iter 500 Summary: 
[2025-01-07 02:08:21,252] INFO: 	 lr: 0.00030000000000000073 	 Training loss: 0.04112641390413046
[2025-01-07 02:08:27,715] INFO: Iter 600 Summary: 
[2025-01-07 02:08:27,715] INFO: 	 lr: 0.00030000000000000073 	 Training loss: 0.03767028924077749
[2025-01-07 02:08:35,583] INFO: Iter 700 Summary: 
[2025-01-07 02:08:35,584] INFO: 	 lr: 0.00030000000000000073 	 Training loss: 0.03633388064801693
[2025-01-07 02:08:42,070] INFO: Iter 800 Summary: 
[2025-01-07 02:08:42,070] INFO: 	 lr: 0.00030000000000000073 	 Training loss: 0.03508800059556961
[2025-01-07 02:08:48,539] INFO: Iter 900 Summary: 
[2025-01-07 02:08:48,539] INFO: 	 lr: 0.00030000000000000073 	 Training loss: 0.034509391132742165
[2025-01-07 02:08:54,985] INFO: Iter 1000 Summary: 
[2025-01-07 02:08:54,985] INFO: 	 lr: 0.00030000000000000073 	 Training loss: 0.033784269616007806
[2025-01-07 02:09:01,433] INFO: Iter 1100 Summary: 
[2025-01-07 02:09:01,433] INFO: 	 lr: 0.00030000000000000073 	 Training loss: 0.033399301413446665
[2025-01-07 02:09:07,709] INFO: Iter 1200 Summary: 
[2025-01-07 02:09:07,709] INFO: 	 lr: 0.00030000000000000073 	 Training loss: 0.032478247843682764
[2025-01-07 02:09:13,987] INFO: Iter 1300 Summary: 
[2025-01-07 02:09:13,987] INFO: 	 lr: 0.00030000000000000073 	 Training loss: 0.032376398500055074
[2025-01-07 02:09:21,568] INFO: Iter 1400 Summary: 
[2025-01-07 02:09:21,568] INFO: 	 lr: 0.00030000000000000073 	 Training loss: 0.03199048165231943
[2025-01-07 02:09:28,052] INFO: Iter 1500 Summary: 
[2025-01-07 02:09:28,052] INFO: 	 lr: 0.00030000000000000073 	 Training loss: 0.0317526682652533
[2025-01-07 02:09:34,527] INFO: Iter 1600 Summary: 
[2025-01-07 02:09:34,527] INFO: 	 lr: 0.00030000000000000073 	 Training loss: 0.03126426704227924
[2025-01-07 02:09:41,208] INFO: Iter 1700 Summary: 
[2025-01-07 02:09:41,208] INFO: 	 lr: 0.00030000000000000073 	 Training loss: 0.03159889917820692
[2025-01-07 02:09:47,591] INFO: Iter 1800 Summary: 
[2025-01-07 02:09:47,591] INFO: 	 lr: 0.00030000000000000073 	 Training loss: 0.031223460827022792
[2025-01-07 02:09:54,041] INFO: Iter 1900 Summary: 
[2025-01-07 02:09:54,041] INFO: 	 lr: 0.00030000000000000073 	 Training loss: 0.031215896625071765
[2025-01-07 02:10:00,414] INFO: Iter 2000 Summary: 
[2025-01-07 02:10:00,414] INFO: 	 lr: 0.00030000000000000073 	 Training loss: 0.03032781844958663
[2025-01-07 02:10:10,765] INFO: Iter 2100 Summary: 
[2025-01-07 02:10:10,765] INFO: 	 lr: 0.00030000000000000073 	 Training loss: 0.030101853292435407
[2025-01-07 02:10:17,229] INFO: Iter 2200 Summary: 
[2025-01-07 02:10:17,229] INFO: 	 lr: 0.00030000000000000073 	 Training loss: 0.029945972301065923
[2025-01-07 02:10:23,687] INFO: Iter 2300 Summary: 
[2025-01-07 02:10:23,687] INFO: 	 lr: 0.00030000000000000073 	 Training loss: 0.030222943387925624
[2025-01-07 02:10:30,164] INFO: Iter 2400 Summary: 
[2025-01-07 02:10:30,164] INFO: 	 lr: 0.00030000000000000073 	 Training loss: 0.029753975123167038
[2025-01-07 02:10:36,637] INFO: Iter 2500 Summary: 
[2025-01-07 02:10:36,637] INFO: 	 lr: 0.00030000000000000073 	 Training loss: 0.02969846049323678
[2025-01-07 02:10:43,129] INFO: Iter 2600 Summary: 
[2025-01-07 02:10:43,129] INFO: 	 lr: 0.00030000000000000073 	 Training loss: 0.029840163122862577
[2025-01-07 02:10:49,659] INFO: Iter 2700 Summary: 
[2025-01-07 02:10:49,660] INFO: 	 lr: 0.00030000000000000073 	 Training loss: 0.029422327224165202
[2025-01-07 02:10:57,846] INFO: Iter 2800 Summary: 
[2025-01-07 02:10:57,846] INFO: 	 lr: 0.00030000000000000073 	 Training loss: 0.029813641775399448
[2025-01-07 02:11:04,339] INFO: Iter 2900 Summary: 
[2025-01-07 02:11:04,339] INFO: 	 lr: 0.00030000000000000073 	 Training loss: 0.02920110572129488
[2025-01-07 02:11:11,050] INFO: Iter 3000 Summary: 
[2025-01-07 02:11:11,050] INFO: 	 lr: 0.00030000000000000073 	 Training loss: 0.029673089869320393
[2025-01-07 02:11:17,441] INFO: Iter 3100 Summary: 
[2025-01-07 02:11:17,441] INFO: 	 lr: 0.00030000000000000073 	 Training loss: 0.02929149266332388
[2025-01-07 02:11:23,876] INFO: Iter 3200 Summary: 
[2025-01-07 02:11:23,876] INFO: 	 lr: 0.00030000000000000073 	 Training loss: 0.029075379204005002
[2025-01-07 02:11:30,342] INFO: Iter 3300 Summary: 
[2025-01-07 02:11:30,342] INFO: 	 lr: 0.00030000000000000073 	 Training loss: 0.028764888681471347
[2025-01-07 02:11:36,800] INFO: Iter 3400 Summary: 
[2025-01-07 02:11:36,800] INFO: 	 lr: 0.00030000000000000073 	 Training loss: 0.028904954362660648
[2025-01-07 02:11:44,426] INFO: Iter 3500 Summary: 
[2025-01-07 02:11:44,426] INFO: 	 lr: 0.00030000000000000073 	 Training loss: 0.028760877307504415
[2025-01-07 02:11:50,858] INFO: Iter 3600 Summary: 
[2025-01-07 02:11:50,858] INFO: 	 lr: 0.00030000000000000073 	 Training loss: 0.0286932435259223
[2025-01-07 02:11:57,172] INFO: Iter 3700 Summary: 
[2025-01-07 02:11:57,172] INFO: 	 lr: 0.00030000000000000073 	 Training loss: 0.028355297837406396
[2025-01-07 02:12:03,610] INFO: Iter 3800 Summary: 
[2025-01-07 02:12:03,610] INFO: 	 lr: 0.00030000000000000073 	 Training loss: 0.02810300815850496
[2025-01-07 02:12:10,073] INFO: Iter 3900 Summary: 
[2025-01-07 02:12:10,073] INFO: 	 lr: 0.00030000000000000073 	 Training loss: 0.028165857419371606
[2025-01-07 02:12:16,527] INFO: Iter 4000 Summary: 
[2025-01-07 02:12:16,527] INFO: 	 lr: 0.00030000000000000073 	 Training loss: 0.028740666452795268
[2025-01-07 02:12:25,942] INFO: Iter 4100 Summary: 
[2025-01-07 02:12:25,942] INFO: 	 lr: 0.00030000000000000073 	 Training loss: 0.02860927512869239
[2025-01-07 02:12:33,506] INFO: Iter 4200 Summary: 
[2025-01-07 02:12:33,506] INFO: 	 lr: 0.00030000000000000073 	 Training loss: 0.027861070558428763
[2025-01-07 02:12:39,958] INFO: Iter 4300 Summary: 
[2025-01-07 02:12:39,958] INFO: 	 lr: 0.00030000000000000073 	 Training loss: 0.028101398199796675
[2025-01-07 02:12:46,390] INFO: Iter 4400 Summary: 
[2025-01-07 02:12:46,390] INFO: 	 lr: 0.00030000000000000073 	 Training loss: 0.027634795345366
[2025-01-07 02:12:52,842] INFO: Iter 4500 Summary: 
[2025-01-07 02:12:52,842] INFO: 	 lr: 0.00030000000000000073 	 Training loss: 0.027646359112113713
[2025-01-07 02:12:59,309] INFO: Iter 4600 Summary: 
[2025-01-07 02:12:59,309] INFO: 	 lr: 0.00030000000000000073 	 Training loss: 0.02802686294540763
[2025-01-07 02:13:05,214] INFO: Iter 4700 Summary: 
[2025-01-07 02:13:05,214] INFO: 	 lr: 0.00030000000000000073 	 Training loss: 0.02833180710673332
[2025-01-07 02:13:11,552] INFO: Iter 4800 Summary: 
[2025-01-07 02:13:11,553] INFO: 	 lr: 0.00030000000000000073 	 Training loss: 0.027737297024577855
[2025-01-07 02:13:19,349] INFO: Iter 4900 Summary: 
[2025-01-07 02:13:19,350] INFO: 	 lr: 0.00030000000000000073 	 Training loss: 0.02772028060629964
[2025-01-07 02:13:25,816] INFO: Iter 5000 Summary: 
[2025-01-07 02:13:25,816] INFO: 	 lr: 0.00030000000000000073 	 Training loss: 0.027899000234901904
[2025-01-07 02:13:32,210] INFO: Iter 5100 Summary: 
[2025-01-07 02:13:32,210] INFO: 	 lr: 0.00030000000000000073 	 Training loss: 0.02747577669098973
[2025-01-07 02:13:38,651] INFO: Iter 5200 Summary: 
[2025-01-07 02:13:38,651] INFO: 	 lr: 0.00030000000000000073 	 Training loss: 0.02761921804398298
[2025-01-07 02:13:45,079] INFO: Iter 5300 Summary: 
[2025-01-07 02:13:45,079] INFO: 	 lr: 0.00030000000000000073 	 Training loss: 0.02746935285627842
[2025-01-07 02:13:51,496] INFO: Iter 5400 Summary: 
[2025-01-07 02:13:51,496] INFO: 	 lr: 0.00030000000000000073 	 Training loss: 0.027217473965138198
[2025-01-07 02:13:58,082] INFO: Iter 5500 Summary: 
[2025-01-07 02:13:58,082] INFO: 	 lr: 0.00030000000000000073 	 Training loss: 0.02741173140704632
[2025-01-07 02:14:05,669] INFO: Iter 5600 Summary: 
[2025-01-07 02:14:05,670] INFO: 	 lr: 0.00030000000000000073 	 Training loss: 0.027378395665436983
[2025-01-07 02:14:12,118] INFO: Iter 5700 Summary: 
[2025-01-07 02:14:12,118] INFO: 	 lr: 0.00030000000000000073 	 Training loss: 0.026992049422115087
[2025-01-07 02:14:18,558] INFO: Iter 5800 Summary: 
[2025-01-07 02:14:18,558] INFO: 	 lr: 0.00030000000000000073 	 Training loss: 0.027355277128517628
[2025-01-07 02:14:25,029] INFO: Iter 5900 Summary: 
[2025-01-07 02:14:25,030] INFO: 	 lr: 0.00030000000000000073 	 Training loss: 0.027130945697426797
[2025-01-07 02:14:31,607] INFO: Iter 6000 Summary: 
[2025-01-07 02:14:31,608] INFO: 	 lr: 0.00030000000000000073 	 Training loss: 0.027102217953652145
[2025-01-07 02:14:40,686] INFO: Iter 6100 Summary: 
[2025-01-07 02:14:40,686] INFO: 	 lr: 0.00030000000000000073 	 Training loss: 0.02719009295105934
[2025-01-07 02:14:48,545] INFO: Iter 6200 Summary: 
[2025-01-07 02:14:48,545] INFO: 	 lr: 0.00030000000000000073 	 Training loss: 0.027072589118033646
[2025-01-07 02:14:55,079] INFO: Iter 6300 Summary: 
[2025-01-07 02:14:55,079] INFO: 	 lr: 0.00030000000000000073 	 Training loss: 0.02675727678462863
[2025-01-07 02:15:01,475] INFO: Iter 6400 Summary: 
[2025-01-07 02:15:01,476] INFO: 	 lr: 0.00030000000000000073 	 Training loss: 0.026745987758040428
[2025-01-07 02:15:07,986] INFO: Iter 6500 Summary: 
[2025-01-07 02:15:07,986] INFO: 	 lr: 0.00030000000000000073 	 Training loss: 0.02674651736393571
[2025-01-07 02:15:14,376] INFO: Iter 6600 Summary: 
[2025-01-07 02:15:14,376] INFO: 	 lr: 0.00030000000000000073 	 Training loss: 0.02662489254027605
[2025-01-07 02:15:20,854] INFO: Iter 6700 Summary: 
[2025-01-07 02:15:20,854] INFO: 	 lr: 0.00030000000000000073 	 Training loss: 0.026415060870349408
[2025-01-07 02:15:27,263] INFO: Iter 6800 Summary: 
[2025-01-07 02:15:27,263] INFO: 	 lr: 0.00030000000000000073 	 Training loss: 0.026343513056635858
[2025-01-07 02:15:34,977] INFO: Iter 6900 Summary: 
[2025-01-07 02:15:34,978] INFO: 	 lr: 0.00030000000000000073 	 Training loss: 0.026458173431456088
[2025-01-07 02:15:41,428] INFO: Iter 7000 Summary: 
[2025-01-07 02:15:41,429] INFO: 	 lr: 0.00030000000000000073 	 Training loss: 0.02656713204458356
[2025-01-07 02:15:47,841] INFO: Iter 7100 Summary: 
[2025-01-07 02:15:47,841] INFO: 	 lr: 0.00030000000000000073 	 Training loss: 0.026200069058686496
[2025-01-07 02:15:54,181] INFO: Iter 7200 Summary: 
[2025-01-07 02:15:54,181] INFO: 	 lr: 0.00030000000000000073 	 Training loss: 0.026104355938732626
[2025-01-07 02:16:00,700] INFO: Iter 7300 Summary: 
[2025-01-07 02:16:00,700] INFO: 	 lr: 0.00030000000000000073 	 Training loss: 0.026121764834970237
[2025-01-07 02:16:06,645] INFO: Iter 7400 Summary: 
[2025-01-07 02:16:06,646] INFO: 	 lr: 0.00030000000000000073 	 Training loss: 0.02592023640871048
[2025-01-07 02:16:13,093] INFO: Iter 7500 Summary: 
[2025-01-07 02:16:13,093] INFO: 	 lr: 0.00030000000000000073 	 Training loss: 0.02598643073812127
[2025-01-07 02:16:20,615] INFO: Iter 7600 Summary: 
[2025-01-07 02:16:20,616] INFO: 	 lr: 0.00030000000000000073 	 Training loss: 0.02596487581729889
[2025-01-07 02:16:27,070] INFO: Iter 7700 Summary: 
[2025-01-07 02:16:27,070] INFO: 	 lr: 0.00030000000000000073 	 Training loss: 0.02591778665781021
[2025-01-07 02:16:33,521] INFO: Iter 7800 Summary: 
[2025-01-07 02:16:33,522] INFO: 	 lr: 0.00030000000000000073 	 Training loss: 0.025557817555963994
[2025-01-07 02:16:39,978] INFO: Iter 7900 Summary: 
[2025-01-07 02:16:39,978] INFO: 	 lr: 0.00030000000000000073 	 Training loss: 0.025745342653244734
[2025-01-07 02:16:46,420] INFO: Iter 8000 Summary: 
[2025-01-07 02:16:46,421] INFO: 	 lr: 0.00030000000000000073 	 Training loss: 0.025739882532507183
[2025-01-07 02:16:55,579] INFO: Iter 8100 Summary: 
[2025-01-07 02:16:55,579] INFO: 	 lr: 0.00030000000000000073 	 Training loss: 0.02572679368779063
[2025-01-07 02:17:02,023] INFO: Iter 8200 Summary: 
[2025-01-07 02:17:02,023] INFO: 	 lr: 0.00030000000000000073 	 Training loss: 0.025848978981375694
[2025-01-07 02:17:09,741] INFO: Iter 8300 Summary: 
[2025-01-07 02:17:09,742] INFO: 	 lr: 0.00030000000000000073 	 Training loss: 0.025540342070162297
[2025-01-07 02:17:16,203] INFO: Iter 8400 Summary: 
[2025-01-07 02:17:16,203] INFO: 	 lr: 0.00030000000000000073 	 Training loss: 0.027865379080176354
[2025-01-07 02:17:22,647] INFO: Iter 8500 Summary: 
[2025-01-07 02:17:22,647] INFO: 	 lr: 0.00030000000000000073 	 Training loss: 0.029079453833401204
[2025-01-07 02:17:29,107] INFO: Iter 8600 Summary: 
[2025-01-07 02:17:29,107] INFO: 	 lr: 0.00030000000000000073 	 Training loss: 0.027127337772399188
[2025-01-07 02:17:35,508] INFO: Iter 8700 Summary: 
[2025-01-07 02:17:35,508] INFO: 	 lr: 0.00030000000000000073 	 Training loss: 0.026702613700181246
[2025-01-07 02:17:41,972] INFO: Iter 8800 Summary: 
[2025-01-07 02:17:41,972] INFO: 	 lr: 0.00030000000000000073 	 Training loss: 0.026684555783867837
[2025-01-07 02:17:48,433] INFO: Iter 8900 Summary: 
[2025-01-07 02:17:48,433] INFO: 	 lr: 0.00030000000000000073 	 Training loss: 0.026135347466915846
[2025-01-07 02:17:56,363] INFO: Iter 9000 Summary: 
[2025-01-07 02:17:56,363] INFO: 	 lr: 0.00030000000000000073 	 Training loss: 0.026118943318724632
[2025-01-07 02:18:02,834] INFO: Iter 9100 Summary: 
[2025-01-07 02:18:02,834] INFO: 	 lr: 0.00030000000000000073 	 Training loss: 0.02614181913435459
[2025-01-07 02:18:09,301] INFO: Iter 9200 Summary: 
[2025-01-07 02:18:09,301] INFO: 	 lr: 0.00030000000000000073 	 Training loss: 0.02605072658509016
[2025-01-07 02:18:15,743] INFO: Iter 9300 Summary: 
[2025-01-07 02:18:15,743] INFO: 	 lr: 0.00030000000000000073 	 Training loss: 0.02604964891448617
[2025-01-07 02:18:22,208] INFO: Iter 9400 Summary: 
[2025-01-07 02:18:22,208] INFO: 	 lr: 0.00030000000000000073 	 Training loss: 0.02556850416585803
[2025-01-07 02:18:28,653] INFO: Iter 9500 Summary: 
[2025-01-07 02:18:28,653] INFO: 	 lr: 0.00030000000000000073 	 Training loss: 0.025697047431021927
[2025-01-07 02:18:34,976] INFO: Iter 9600 Summary: 
[2025-01-07 02:18:34,976] INFO: 	 lr: 0.00030000000000000073 	 Training loss: 0.02551079323515296
[2025-01-07 02:18:42,613] INFO: Iter 9700 Summary: 
[2025-01-07 02:18:42,614] INFO: 	 lr: 0.00030000000000000073 	 Training loss: 0.025641948487609624
[2025-01-07 02:18:49,089] INFO: Iter 9800 Summary: 
[2025-01-07 02:18:49,089] INFO: 	 lr: 0.00030000000000000073 	 Training loss: 0.025358764510601758
[2025-01-07 02:18:55,453] INFO: Iter 9900 Summary: 
[2025-01-07 02:18:55,454] INFO: 	 lr: 0.00030000000000000073 	 Training loss: 0.025259913075715304
[2025-01-07 02:19:01,964] INFO: Iter 10000 Summary: 
[2025-01-07 02:19:01,964] INFO: 	 lr: 0.00030000000000000073 	 Training loss: 0.0250534819252789
[2025-01-07 02:19:11,342] INFO: Iter 10100 Summary: 
[2025-01-07 02:19:11,343] INFO: 	 lr: 0.00030000000000000073 	 Training loss: 0.025303647965192796
[2025-01-07 02:19:17,861] INFO: Iter 10200 Summary: 
[2025-01-07 02:19:17,861] INFO: 	 lr: 0.00030000000000000073 	 Training loss: 0.024839352034032345
[2025-01-07 02:19:24,350] INFO: Iter 10300 Summary: 
[2025-01-07 02:19:24,350] INFO: 	 lr: 0.00030000000000000073 	 Training loss: 0.02515033943578601
[2025-01-07 02:19:31,576] INFO: Iter 10400 Summary: 
[2025-01-07 02:19:31,576] INFO: 	 lr: 0.00030000000000000073 	 Training loss: 0.024867320694029332
[2025-01-07 02:19:38,089] INFO: Iter 10500 Summary: 
[2025-01-07 02:19:38,089] INFO: 	 lr: 0.00030000000000000073 	 Training loss: 0.02500863581895828
[2025-01-07 02:19:44,556] INFO: Iter 10600 Summary: 
[2025-01-07 02:19:44,556] INFO: 	 lr: 0.00030000000000000073 	 Training loss: 0.02480902472510934
[2025-01-07 02:19:51,011] INFO: Iter 10700 Summary: 
[2025-01-07 02:19:51,011] INFO: 	 lr: 0.00030000000000000073 	 Training loss: 0.02471243254840374
[2025-01-07 02:19:57,533] INFO: Iter 10800 Summary: 
[2025-01-07 02:19:57,533] INFO: 	 lr: 0.00030000000000000073 	 Training loss: 0.02477379880845547
[2025-01-07 02:20:03,985] INFO: Iter 10900 Summary: 
[2025-01-07 02:20:03,985] INFO: 	 lr: 0.00030000000000000073 	 Training loss: 0.024714828226715325
[2025-01-07 02:20:10,445] INFO: Iter 11000 Summary: 
[2025-01-07 02:20:10,446] INFO: 	 lr: 0.00030000000000000073 	 Training loss: 0.024578502904623746
[2025-01-07 02:20:18,433] INFO: Iter 11100 Summary: 
[2025-01-07 02:20:18,433] INFO: 	 lr: 0.00030000000000000073 	 Training loss: 0.02448789108544588
[2025-01-07 02:20:24,912] INFO: Iter 11200 Summary: 
[2025-01-07 02:20:24,912] INFO: 	 lr: 0.00030000000000000073 	 Training loss: 0.024450112041085957
[2025-01-07 02:20:31,380] INFO: Iter 11300 Summary: 
[2025-01-07 02:20:31,380] INFO: 	 lr: 0.00030000000000000073 	 Training loss: 0.024520390797406436
[2025-01-07 02:20:37,834] INFO: Iter 11400 Summary: 
[2025-01-07 02:20:37,834] INFO: 	 lr: 0.00030000000000000073 	 Training loss: 0.02430220691487193
[2025-01-07 02:20:44,290] INFO: Iter 11500 Summary: 
[2025-01-07 02:20:44,290] INFO: 	 lr: 0.00030000000000000073 	 Training loss: 0.024453042782843114
[2025-01-07 02:20:50,809] INFO: Iter 11600 Summary: 
[2025-01-07 02:20:50,809] INFO: 	 lr: 0.00030000000000000073 	 Training loss: 0.024246646892279386
[2025-01-07 02:20:58,309] INFO: Iter 11700 Summary: 
[2025-01-07 02:20:58,309] INFO: 	 lr: 0.00030000000000000073 	 Training loss: 0.02415471527725458
[2025-01-07 02:21:05,300] INFO: Iter 11800 Summary: 
[2025-01-07 02:21:05,300] INFO: 	 lr: 0.00030000000000000073 	 Training loss: 0.024116442166268827
[2025-01-07 02:21:11,862] INFO: Iter 11900 Summary: 
[2025-01-07 02:21:11,862] INFO: 	 lr: 0.00030000000000000073 	 Training loss: 0.02427822509780526
[2025-01-07 02:21:18,360] INFO: Iter 12000 Summary: 
[2025-01-07 02:21:18,360] INFO: 	 lr: 0.00030000000000000073 	 Training loss: 0.024126260448247193
[2025-01-07 02:21:27,022] INFO: Iter 12100 Summary: 
[2025-01-07 02:21:27,022] INFO: 	 lr: 0.00030000000000000073 	 Training loss: 0.024149256106466056
[2025-01-07 02:21:33,502] INFO: Iter 12200 Summary: 
[2025-01-07 02:21:33,503] INFO: 	 lr: 0.00030000000000000073 	 Training loss: 0.02405429506674409
[2025-01-07 02:21:39,969] INFO: Iter 12300 Summary: 
[2025-01-07 02:21:39,969] INFO: 	 lr: 0.00030000000000000073 	 Training loss: 0.023870425838977097
[2025-01-07 02:21:47,662] INFO: Iter 12400 Summary: 
[2025-01-07 02:21:47,662] INFO: 	 lr: 0.00030000000000000073 	 Training loss: 0.024145342148840426
[2025-01-07 02:21:54,131] INFO: Iter 12500 Summary: 
[2025-01-07 02:21:54,132] INFO: 	 lr: 0.00030000000000000073 	 Training loss: 0.02384459352120757
[2025-01-07 02:22:00,600] INFO: Iter 12600 Summary: 
[2025-01-07 02:22:00,600] INFO: 	 lr: 0.00030000000000000073 	 Training loss: 0.02403014846146107
[2025-01-07 02:22:07,158] INFO: Iter 12700 Summary: 
[2025-01-07 02:22:07,158] INFO: 	 lr: 0.00030000000000000073 	 Training loss: 0.024054436665028333
[2025-01-07 02:22:13,734] INFO: Iter 12800 Summary: 
[2025-01-07 02:22:13,734] INFO: 	 lr: 0.00030000000000000073 	 Training loss: 0.02399639943614602
[2025-01-07 02:22:20,191] INFO: Iter 12900 Summary: 
[2025-01-07 02:22:20,191] INFO: 	 lr: 0.00030000000000000073 	 Training loss: 0.023649430721998214
[2025-01-07 02:22:26,435] INFO: Iter 13000 Summary: 
[2025-01-07 02:22:26,435] INFO: 	 lr: 0.00030000000000000073 	 Training loss: 0.023898702785372733
[2025-01-07 02:22:34,136] INFO: Iter 13100 Summary: 
[2025-01-07 02:22:34,136] INFO: 	 lr: 0.00030000000000000073 	 Training loss: 0.02405755015090108
[2025-01-07 02:22:40,611] INFO: Iter 13200 Summary: 
[2025-01-07 02:22:40,611] INFO: 	 lr: 0.00030000000000000073 	 Training loss: 0.023588716927915813
[2025-01-07 02:22:46,996] INFO: Iter 13300 Summary: 
[2025-01-07 02:22:46,996] INFO: 	 lr: 0.00030000000000000073 	 Training loss: 0.023796629328280687
[2025-01-07 02:22:53,431] INFO: Iter 13400 Summary: 
[2025-01-07 02:22:53,431] INFO: 	 lr: 0.00030000000000000073 	 Training loss: 0.023671218063682317
[2025-01-07 02:22:59,911] INFO: Iter 13500 Summary: 
[2025-01-07 02:22:59,911] INFO: 	 lr: 0.00030000000000000073 	 Training loss: 0.023578893411904573
[2025-01-07 02:23:06,419] INFO: Iter 13600 Summary: 
[2025-01-07 02:23:06,419] INFO: 	 lr: 0.00030000000000000073 	 Training loss: 0.023830429520457982
[2025-01-07 02:23:12,853] INFO: Iter 13700 Summary: 
[2025-01-07 02:23:12,854] INFO: 	 lr: 0.00030000000000000073 	 Training loss: 0.023483631685376167
[2025-01-07 02:23:20,667] INFO: Iter 13800 Summary: 
[2025-01-07 02:23:20,667] INFO: 	 lr: 0.00030000000000000073 	 Training loss: 0.02372751573100686
[2025-01-07 02:23:27,153] INFO: Iter 13900 Summary: 
[2025-01-07 02:23:27,153] INFO: 	 lr: 0.00030000000000000073 	 Training loss: 0.023681168854236604
[2025-01-07 02:23:33,593] INFO: Iter 14000 Summary: 
[2025-01-07 02:23:33,593] INFO: 	 lr: 0.00030000000000000073 	 Training loss: 0.023545556776225565
[2025-01-07 02:23:42,962] INFO: Iter 14100 Summary: 
[2025-01-07 02:23:42,963] INFO: 	 lr: 0.00030000000000000073 	 Training loss: 0.02340774217620492
[2025-01-07 02:23:49,472] INFO: Iter 14200 Summary: 
[2025-01-07 02:23:49,472] INFO: 	 lr: 0.00030000000000000073 	 Training loss: 0.023483652006834745
[2025-01-07 02:23:56,348] INFO: Iter 14300 Summary: 
[2025-01-07 02:23:56,348] INFO: 	 lr: 0.00030000000000000073 	 Training loss: 0.02352314880117774
[2025-01-07 02:24:03,298] INFO: Iter 14400 Summary: 
[2025-01-07 02:24:03,298] INFO: 	 lr: 0.00030000000000000073 	 Training loss: 0.023434635028243066
[2025-01-07 02:24:11,165] INFO: Iter 14500 Summary: 
[2025-01-07 02:24:11,165] INFO: 	 lr: 0.00030000000000000073 	 Training loss: 0.023393818642944098
[2025-01-07 02:24:17,930] INFO: Iter 14600 Summary: 
[2025-01-07 02:24:17,930] INFO: 	 lr: 0.00030000000000000073 	 Training loss: 0.023413374572992324
[2025-01-07 02:24:24,517] INFO: Iter 14700 Summary: 
[2025-01-07 02:24:24,517] INFO: 	 lr: 0.00030000000000000073 	 Training loss: 0.023412801753729583
[2025-01-07 02:24:31,102] INFO: Iter 14800 Summary: 
[2025-01-07 02:24:31,102] INFO: 	 lr: 0.00030000000000000073 	 Training loss: 0.023319848030805588
[2025-01-07 02:24:37,669] INFO: Iter 14900 Summary: 
[2025-01-07 02:24:37,670] INFO: 	 lr: 0.00030000000000000073 	 Training loss: 0.023263554349541665
[2025-01-07 02:24:44,188] INFO: Iter 15000 Summary: 
[2025-01-07 02:24:44,188] INFO: 	 lr: 0.00030000000000000073 	 Training loss: 0.023430269099771975
[2025-01-07 02:24:50,694] INFO: Iter 15100 Summary: 
[2025-01-07 02:24:50,694] INFO: 	 lr: 0.00030000000000000073 	 Training loss: 0.02335785647854209
[2025-01-07 02:24:58,508] INFO: Iter 15200 Summary: 
[2025-01-07 02:24:58,508] INFO: 	 lr: 0.00030000000000000073 	 Training loss: 0.02321971211582422
[2025-01-07 02:25:05,087] INFO: Iter 15300 Summary: 
[2025-01-07 02:25:05,087] INFO: 	 lr: 0.00030000000000000073 	 Training loss: 0.023259270265698434
[2025-01-07 02:25:11,681] INFO: Iter 15400 Summary: 
[2025-01-07 02:25:11,681] INFO: 	 lr: 0.00030000000000000073 	 Training loss: 0.023225744031369688
[2025-01-07 02:25:18,288] INFO: Iter 15500 Summary: 
[2025-01-07 02:25:18,289] INFO: 	 lr: 0.00030000000000000073 	 Training loss: 0.023195535279810428
[2025-01-07 02:25:24,881] INFO: Iter 15600 Summary: 
[2025-01-07 02:25:24,881] INFO: 	 lr: 0.00030000000000000073 	 Training loss: 0.02321617055684328
[2025-01-07 02:25:31,501] INFO: Iter 15700 Summary: 
[2025-01-07 02:25:31,501] INFO: 	 lr: 0.00030000000000000073 	 Training loss: 0.023304674699902536
[2025-01-07 02:25:38,080] INFO: Iter 15800 Summary: 
[2025-01-07 02:25:38,081] INFO: 	 lr: 0.00030000000000000073 	 Training loss: 0.023111142311245204
[2025-01-07 02:30:07,280] INFO: Iter 15900 Summary: 
[2025-01-07 02:30:07,280] INFO: 	 lr: 0.00030000000000000073 	 Training loss: 0.023036594074219464
[2025-01-07 02:30:13,791] INFO: Iter 16000 Summary: 
[2025-01-07 02:30:13,791] INFO: 	 lr: 0.00030000000000000073 	 Training loss: 0.02303272319957614
[2025-01-07 02:30:22,999] INFO: Iter 16100 Summary: 
[2025-01-07 02:30:23,000] INFO: 	 lr: 0.00030000000000000073 	 Training loss: 0.023118315413594246
[2025-01-07 02:30:29,512] INFO: Iter 16200 Summary: 
[2025-01-07 02:30:29,512] INFO: 	 lr: 0.00030000000000000073 	 Training loss: 0.023064332697540522
[2025-01-07 02:30:35,887] INFO: Iter 16300 Summary: 
[2025-01-07 02:30:35,887] INFO: 	 lr: 0.00030000000000000073 	 Training loss: 0.023020555581897497
[2025-01-07 02:30:42,438] INFO: Iter 16400 Summary: 
[2025-01-07 02:30:42,438] INFO: 	 lr: 0.00030000000000000073 	 Training loss: 0.022790978252887725
[2025-01-07 02:30:48,969] INFO: Iter 16500 Summary: 
[2025-01-07 02:30:48,969] INFO: 	 lr: 0.00030000000000000073 	 Training loss: 0.022938611060380934
[2025-01-07 02:30:56,719] INFO: Iter 16600 Summary: 
[2025-01-07 02:30:56,719] INFO: 	 lr: 0.00030000000000000073 	 Training loss: 0.02277663541957736
[2025-01-07 02:31:03,335] INFO: Iter 16700 Summary: 
[2025-01-07 02:31:03,335] INFO: 	 lr: 0.00030000000000000073 	 Training loss: 0.023060931954532862
[2025-01-07 02:31:10,088] INFO: Iter 16800 Summary: 
[2025-01-07 02:31:10,088] INFO: 	 lr: 0.00030000000000000073 	 Training loss: 0.02303237248212099
[2025-01-07 02:31:16,783] INFO: Iter 16900 Summary: 
[2025-01-07 02:31:16,783] INFO: 	 lr: 0.00030000000000000073 	 Training loss: 0.022943373676389454
[2025-01-07 02:31:23,233] INFO: Iter 17000 Summary: 
[2025-01-07 02:31:23,233] INFO: 	 lr: 0.00030000000000000073 	 Training loss: 0.023165320698171853
[2025-01-07 02:31:29,829] INFO: Iter 17100 Summary: 
[2025-01-07 02:31:29,829] INFO: 	 lr: 0.00030000000000000073 	 Training loss: 0.02303622493520379
[2025-01-07 02:31:36,076] INFO: Iter 17200 Summary: 
[2025-01-07 02:31:36,076] INFO: 	 lr: 0.00030000000000000073 	 Training loss: 0.02283540340140462
[2025-01-07 02:31:43,777] INFO: Iter 17300 Summary: 
[2025-01-07 02:31:43,777] INFO: 	 lr: 0.00030000000000000073 	 Training loss: 0.022869497556239366
[2025-01-07 02:31:50,364] INFO: Iter 17400 Summary: 
[2025-01-07 02:31:50,364] INFO: 	 lr: 0.00030000000000000073 	 Training loss: 0.022930021956562997
[2025-01-07 02:31:56,782] INFO: Iter 17500 Summary: 
[2025-01-07 02:31:56,782] INFO: 	 lr: 0.00030000000000000073 	 Training loss: 0.022778566684573887
[2025-01-07 02:32:03,334] INFO: Iter 17600 Summary: 
[2025-01-07 02:32:03,334] INFO: 	 lr: 0.00030000000000000073 	 Training loss: 0.02265055790543556
[2025-01-07 02:32:09,889] INFO: Iter 17700 Summary: 
[2025-01-07 02:32:09,889] INFO: 	 lr: 0.00030000000000000073 	 Training loss: 0.023021482210606337
[2025-01-07 02:32:16,415] INFO: Iter 17800 Summary: 
[2025-01-07 02:32:16,415] INFO: 	 lr: 0.00030000000000000073 	 Training loss: 0.022792969346046448
[2025-01-07 02:32:24,053] INFO: Iter 17900 Summary: 
[2025-01-07 02:32:24,054] INFO: 	 lr: 0.00030000000000000073 	 Training loss: 0.02286868553608656
[2025-01-07 02:32:30,414] INFO: Iter 18000 Summary: 
[2025-01-07 02:32:30,415] INFO: 	 lr: 0.00030000000000000073 	 Training loss: 0.02288364654406905
[2025-01-07 02:32:39,450] INFO: Iter 18100 Summary: 
[2025-01-07 02:32:39,451] INFO: 	 lr: 0.00030000000000000073 	 Training loss: 0.022605574373155832
[2025-01-07 02:32:45,982] INFO: Iter 18200 Summary: 
[2025-01-07 02:32:45,982] INFO: 	 lr: 0.00030000000000000073 	 Training loss: 0.022547902595251797
[2025-01-07 02:32:52,286] INFO: Iter 18300 Summary: 
[2025-01-07 02:32:52,286] INFO: 	 lr: 0.00030000000000000073 	 Training loss: 0.022654374577105046
[2025-01-07 02:32:58,794] INFO: Iter 18400 Summary: 
[2025-01-07 02:32:58,794] INFO: 	 lr: 0.00030000000000000073 	 Training loss: 0.022727995701134204
[2025-01-07 02:33:05,337] INFO: Iter 18500 Summary: 
[2025-01-07 02:33:05,337] INFO: 	 lr: 0.00030000000000000073 	 Training loss: 0.022806217782199382
[2025-01-07 02:33:12,977] INFO: Iter 18600 Summary: 
[2025-01-07 02:33:12,978] INFO: 	 lr: 0.00030000000000000073 	 Training loss: 0.022820224147289993
[2025-01-07 02:33:19,563] INFO: Iter 18700 Summary: 
[2025-01-07 02:33:19,563] INFO: 	 lr: 0.00030000000000000073 	 Training loss: 0.022631221432238818
[2025-01-07 02:33:26,091] INFO: Iter 18800 Summary: 
[2025-01-07 02:33:26,092] INFO: 	 lr: 0.00030000000000000073 	 Training loss: 0.022700980082154276
[2025-01-07 02:33:32,686] INFO: Iter 18900 Summary: 
[2025-01-07 02:33:32,686] INFO: 	 lr: 0.00030000000000000073 	 Training loss: 0.022546805907040834
[2025-01-07 02:33:39,236] INFO: Iter 19000 Summary: 
[2025-01-07 02:33:39,236] INFO: 	 lr: 0.00030000000000000073 	 Training loss: 0.022711098063737153
[2025-01-07 02:33:45,405] INFO: Iter 19100 Summary: 
[2025-01-07 02:33:45,405] INFO: 	 lr: 0.00030000000000000073 	 Training loss: 0.02272830780595541
[2025-01-07 02:33:51,922] INFO: Iter 19200 Summary: 
[2025-01-07 02:33:51,922] INFO: 	 lr: 0.00030000000000000073 	 Training loss: 0.022573911510407926
[2025-01-07 02:34:00,006] INFO: Iter 19300 Summary: 
[2025-01-07 02:34:00,006] INFO: 	 lr: 0.00030000000000000073 	 Training loss: 0.02252365870401263
[2025-01-07 02:34:06,767] INFO: Iter 19400 Summary: 
[2025-01-07 02:34:06,767] INFO: 	 lr: 0.00030000000000000073 	 Training loss: 0.02266152637079358
[2025-01-07 02:34:13,420] INFO: Iter 19500 Summary: 
[2025-01-07 02:34:13,420] INFO: 	 lr: 0.00030000000000000073 	 Training loss: 0.022654679138213396
[2025-01-07 02:34:19,938] INFO: Iter 19600 Summary: 
[2025-01-07 02:34:19,938] INFO: 	 lr: 0.00030000000000000073 	 Training loss: 0.022538148555904625
[2025-01-07 02:34:25,579] INFO: Iter 19700 Summary: 
[2025-01-07 02:34:25,579] INFO: 	 lr: 0.00030000000000000073 	 Training loss: 0.02259391888976097
[2025-01-07 02:34:32,084] INFO: Iter 19800 Summary: 
[2025-01-07 02:34:32,084] INFO: 	 lr: 0.00030000000000000073 	 Training loss: 0.022347684185951948
[2025-01-07 02:34:38,557] INFO: Iter 19900 Summary: 
[2025-01-07 02:34:38,557] INFO: 	 lr: 0.00030000000000000073 	 Training loss: 0.02234987134113908
[2025-01-07 02:34:46,217] INFO: Iter 20000 Summary: 
[2025-01-07 02:34:46,218] INFO: 	 lr: 0.00030000000000000073 	 Training loss: 0.022640837859362363
[2025-01-07 02:34:55,359] INFO: Iter 20100 Summary: 
[2025-01-07 02:34:55,359] INFO: 	 lr: 0.00030000000000000073 	 Training loss: 0.022387843169271945
[2025-01-07 02:35:02,027] INFO: Iter 20200 Summary: 
[2025-01-07 02:35:02,028] INFO: 	 lr: 0.00030000000000000073 	 Training loss: 0.022337181735783817
[2025-01-07 02:35:08,549] INFO: Iter 20300 Summary: 
[2025-01-07 02:35:08,549] INFO: 	 lr: 0.00030000000000000073 	 Training loss: 0.02234149692580104
[2025-01-07 02:35:15,102] INFO: Iter 20400 Summary: 
[2025-01-07 02:35:15,102] INFO: 	 lr: 0.00030000000000000073 	 Training loss: 0.022646268345415593
[2025-01-07 02:35:21,696] INFO: Iter 20500 Summary: 
[2025-01-07 02:35:21,696] INFO: 	 lr: 0.00030000000000000073 	 Training loss: 0.022571516558527946
[2025-01-07 02:35:28,407] INFO: Iter 20600 Summary: 
[2025-01-07 02:35:28,407] INFO: 	 lr: 0.00030000000000000073 	 Training loss: 0.022525061648339034
[2025-01-07 02:35:36,406] INFO: Iter 20700 Summary: 
[2025-01-07 02:35:36,407] INFO: 	 lr: 0.00030000000000000073 	 Training loss: 0.02247345734387636
[2025-01-07 02:35:43,253] INFO: Iter 20800 Summary: 
[2025-01-07 02:35:43,254] INFO: 	 lr: 0.00030000000000000073 	 Training loss: 0.02215818587690592
[2025-01-07 02:35:49,955] INFO: Iter 20900 Summary: 
[2025-01-07 02:35:49,955] INFO: 	 lr: 0.00030000000000000073 	 Training loss: 0.022327909506857396
[2025-01-07 02:35:56,480] INFO: Iter 21000 Summary: 
[2025-01-07 02:35:56,480] INFO: 	 lr: 0.00030000000000000073 	 Training loss: 0.022521336507052184
[2025-01-07 02:36:03,020] INFO: Iter 21100 Summary: 
[2025-01-07 02:36:03,020] INFO: 	 lr: 0.00030000000000000073 	 Training loss: 0.022547507528215646
[2025-01-07 02:36:09,559] INFO: Iter 21200 Summary: 
[2025-01-07 02:36:09,559] INFO: 	 lr: 0.00030000000000000073 	 Training loss: 0.02239876126870513
[2025-01-07 02:36:15,738] INFO: Iter 21300 Summary: 
[2025-01-07 02:36:15,738] INFO: 	 lr: 0.00030000000000000073 	 Training loss: 0.02232409568503499
[2025-01-07 02:36:22,826] INFO: Iter 21400 Summary: 
[2025-01-07 02:36:22,826] INFO: 	 lr: 0.00030000000000000073 	 Training loss: 0.022306593284010887
[2025-01-07 02:36:29,356] INFO: Iter 21500 Summary: 
[2025-01-07 02:36:29,357] INFO: 	 lr: 0.00030000000000000073 	 Training loss: 0.022345456052571534
[2025-01-07 02:36:36,076] INFO: Iter 21600 Summary: 
[2025-01-07 02:36:36,076] INFO: 	 lr: 0.00030000000000000073 	 Training loss: 0.022279151417315006
[2025-01-07 02:36:42,668] INFO: Iter 21700 Summary: 
[2025-01-07 02:36:42,668] INFO: 	 lr: 0.00030000000000000073 	 Training loss: 0.022556682396680117
[2025-01-07 02:36:49,293] INFO: Iter 21800 Summary: 
[2025-01-07 02:36:49,293] INFO: 	 lr: 0.00030000000000000073 	 Training loss: 0.022427456639707088
[2025-01-07 02:36:56,144] INFO: Iter 21900 Summary: 
[2025-01-07 02:36:56,144] INFO: 	 lr: 0.00030000000000000073 	 Training loss: 0.02203582264482975
[2025-01-07 02:37:02,839] INFO: Iter 22000 Summary: 
[2025-01-07 02:37:02,839] INFO: 	 lr: 0.00030000000000000073 	 Training loss: 0.022322910092771053
[2025-01-07 02:37:13,178] INFO: Iter 22100 Summary: 
[2025-01-07 02:37:13,178] INFO: 	 lr: 0.00030000000000000073 	 Training loss: 0.022008389215916396
[2025-01-07 02:37:19,675] INFO: Iter 22200 Summary: 
[2025-01-07 02:37:19,675] INFO: 	 lr: 0.00030000000000000073 	 Training loss: 0.02222634568810463
[2025-01-07 02:37:26,200] INFO: Iter 22300 Summary: 
[2025-01-07 02:37:26,200] INFO: 	 lr: 0.00030000000000000073 	 Training loss: 0.022320994883775713
[2025-01-07 02:37:32,681] INFO: Iter 22400 Summary: 
[2025-01-07 02:37:32,682] INFO: 	 lr: 0.00030000000000000073 	 Training loss: 0.022248146571218968
[2025-01-07 02:37:39,197] INFO: Iter 22500 Summary: 
[2025-01-07 02:37:39,197] INFO: 	 lr: 0.00030000000000000073 	 Training loss: 0.022220994029194117
[2025-01-07 02:37:45,912] INFO: Iter 22600 Summary: 
[2025-01-07 02:37:45,912] INFO: 	 lr: 0.00030000000000000073 	 Training loss: 0.022148008383810522
[2025-01-07 02:37:52,453] INFO: Iter 22700 Summary: 
[2025-01-07 02:37:52,453] INFO: 	 lr: 0.00030000000000000073 	 Training loss: 0.0222540763951838
[2025-01-07 02:38:00,325] INFO: Iter 22800 Summary: 
[2025-01-07 02:38:00,325] INFO: 	 lr: 0.00030000000000000073 	 Training loss: 0.022162724025547503
[2025-01-07 02:38:06,876] INFO: Iter 22900 Summary: 
[2025-01-07 02:38:06,876] INFO: 	 lr: 0.00030000000000000073 	 Training loss: 0.02214388033375144
[2025-01-07 02:38:13,480] INFO: Iter 23000 Summary: 
[2025-01-07 02:38:13,480] INFO: 	 lr: 0.00030000000000000073 	 Training loss: 0.02222754878923297
[2025-01-07 02:38:20,051] INFO: Iter 23100 Summary: 
[2025-01-07 02:38:20,051] INFO: 	 lr: 0.00030000000000000073 	 Training loss: 0.022090516686439514
[2025-01-07 02:38:26,583] INFO: Iter 23200 Summary: 
[2025-01-07 02:38:26,583] INFO: 	 lr: 0.00030000000000000073 	 Training loss: 0.0221193028986454
[2025-01-07 02:38:33,092] INFO: Iter 23300 Summary: 
[2025-01-07 02:38:33,092] INFO: 	 lr: 0.00030000000000000073 	 Training loss: 0.02221168365329504
[2025-01-07 02:38:40,783] INFO: Iter 23400 Summary: 
[2025-01-07 02:38:40,784] INFO: 	 lr: 0.00030000000000000073 	 Training loss: 0.02229029022157192
[2025-01-07 02:38:47,365] INFO: Iter 23500 Summary: 
[2025-01-07 02:38:47,365] INFO: 	 lr: 0.00030000000000000073 	 Training loss: 0.022040221318602563
[2025-01-07 02:38:53,873] INFO: Iter 23600 Summary: 
[2025-01-07 02:38:53,873] INFO: 	 lr: 0.00030000000000000073 	 Training loss: 0.022191454488784075
[2025-01-07 02:39:00,356] INFO: Iter 23700 Summary: 
[2025-01-07 02:39:00,356] INFO: 	 lr: 0.00030000000000000073 	 Training loss: 0.022067574970424175
[2025-01-07 02:39:07,029] INFO: Iter 23800 Summary: 
[2025-01-07 02:39:07,029] INFO: 	 lr: 0.00030000000000000073 	 Training loss: 0.022029745299369095
[2025-01-07 02:39:13,677] INFO: Iter 23900 Summary: 
[2025-01-07 02:39:13,678] INFO: 	 lr: 0.00030000000000000073 	 Training loss: 0.021990348435938358
[2025-01-07 02:39:20,515] INFO: Iter 24000 Summary: 
[2025-01-07 02:39:20,515] INFO: 	 lr: 0.00030000000000000073 	 Training loss: 0.022049641981720925
[2025-01-07 02:39:30,963] INFO: Iter 24100 Summary: 
[2025-01-07 02:39:30,963] INFO: 	 lr: 0.00030000000000000073 	 Training loss: 0.022257081028074027
[2025-01-07 02:39:37,487] INFO: Iter 24200 Summary: 
[2025-01-07 02:39:37,487] INFO: 	 lr: 0.00030000000000000073 	 Training loss: 0.02198086641728878
[2025-01-07 02:39:44,080] INFO: Iter 24300 Summary: 
[2025-01-07 02:39:44,080] INFO: 	 lr: 0.00030000000000000073 	 Training loss: 0.022038003802299498
[2025-01-07 02:39:50,686] INFO: Iter 24400 Summary: 
[2025-01-07 02:39:50,686] INFO: 	 lr: 0.00030000000000000073 	 Training loss: 0.02205934450030327
[2025-01-07 02:39:57,336] INFO: Iter 24500 Summary: 
[2025-01-07 02:39:57,336] INFO: 	 lr: 0.00030000000000000073 	 Training loss: 0.021947313006967305
[2025-01-07 02:40:03,940] INFO: Iter 24600 Summary: 
[2025-01-07 02:40:03,940] INFO: 	 lr: 0.00030000000000000073 	 Training loss: 0.02209224458783865
[2025-01-07 02:40:10,537] INFO: Iter 24700 Summary: 
[2025-01-07 02:40:10,537] INFO: 	 lr: 0.00030000000000000073 	 Training loss: 0.021922204364091157
[2025-01-07 02:40:18,228] INFO: Iter 24800 Summary: 
[2025-01-07 02:40:18,228] INFO: 	 lr: 0.00030000000000000073 	 Training loss: 0.021999209318310023
[2025-01-07 02:40:24,852] INFO: Iter 24900 Summary: 
[2025-01-07 02:40:24,852] INFO: 	 lr: 0.00030000000000000073 	 Training loss: 0.02195622391998768
[2025-01-07 02:40:31,399] INFO: Iter 25000 Summary: 
[2025-01-07 02:40:31,399] INFO: 	 lr: 0.00030000000000000073 	 Training loss: 0.021958146654069425
[2025-01-07 02:40:37,927] INFO: Iter 25100 Summary: 
[2025-01-07 02:40:37,927] INFO: 	 lr: 0.00030000000000000073 	 Training loss: 0.021922939103096725
[2025-01-07 02:40:44,485] INFO: Iter 25200 Summary: 
[2025-01-07 02:40:44,485] INFO: 	 lr: 0.00030000000000000073 	 Training loss: 0.021981170792132618
[2025-01-07 02:40:51,046] INFO: Iter 25300 Summary: 
[2025-01-07 02:40:51,047] INFO: 	 lr: 0.00030000000000000073 	 Training loss: 0.02198265811428428
[2025-01-07 02:40:57,357] INFO: Iter 25400 Summary: 
[2025-01-07 02:40:57,357] INFO: 	 lr: 0.00030000000000000073 	 Training loss: 0.022080006487667562
[2025-01-07 02:41:05,284] INFO: Iter 25500 Summary: 
[2025-01-07 02:41:05,285] INFO: 	 lr: 0.00030000000000000073 	 Training loss: 0.021756081599742173
[2025-01-07 02:41:11,834] INFO: Iter 25600 Summary: 
[2025-01-07 02:41:11,834] INFO: 	 lr: 0.00030000000000000073 	 Training loss: 0.021884126719087363
[2025-01-07 02:41:18,365] INFO: Iter 25700 Summary: 
[2025-01-07 02:41:18,365] INFO: 	 lr: 0.00030000000000000073 	 Training loss: 0.021979321371763946
[2025-01-07 02:41:24,889] INFO: Iter 25800 Summary: 
[2025-01-07 02:41:24,889] INFO: 	 lr: 0.00030000000000000073 	 Training loss: 0.021803663540631534
[2025-01-07 02:41:31,432] INFO: Iter 25900 Summary: 
[2025-01-07 02:41:31,432] INFO: 	 lr: 0.00030000000000000073 	 Training loss: 0.021868343539535998
[2025-01-07 02:41:38,024] INFO: Iter 26000 Summary: 
[2025-01-07 02:41:38,024] INFO: 	 lr: 0.00030000000000000073 	 Training loss: 0.02176513524726033
[2025-01-07 02:41:47,129] INFO: Iter 26100 Summary: 
[2025-01-07 02:41:47,129] INFO: 	 lr: 0.00030000000000000073 	 Training loss: 0.022006166391074656
[2025-01-07 02:41:55,087] INFO: Iter 26200 Summary: 
[2025-01-07 02:41:55,087] INFO: 	 lr: 0.00030000000000000073 	 Training loss: 0.021805089674890043
[2025-01-07 02:42:01,615] INFO: Iter 26300 Summary: 
[2025-01-07 02:42:01,616] INFO: 	 lr: 0.00030000000000000073 	 Training loss: 0.02168114483356476
[2025-01-07 02:42:08,121] INFO: Iter 26400 Summary: 
[2025-01-07 02:42:08,121] INFO: 	 lr: 0.00030000000000000073 	 Training loss: 0.021816309094429016
[2025-01-07 02:42:14,643] INFO: Iter 26500 Summary: 
[2025-01-07 02:42:14,643] INFO: 	 lr: 0.00030000000000000073 	 Training loss: 0.02189706962555647
[2025-01-07 02:42:21,057] INFO: Iter 26600 Summary: 
[2025-01-07 02:42:21,057] INFO: 	 lr: 0.00030000000000000073 	 Training loss: 0.021957677528262137
[2025-01-07 02:42:27,563] INFO: Iter 26700 Summary: 
[2025-01-07 02:42:27,563] INFO: 	 lr: 0.00030000000000000073 	 Training loss: 0.021860063523054123
[2025-01-07 02:42:33,991] INFO: Iter 26800 Summary: 
[2025-01-07 02:42:33,992] INFO: 	 lr: 0.00030000000000000073 	 Training loss: 0.021778005491942167
[2025-01-07 02:42:42,010] INFO: Iter 26900 Summary: 
[2025-01-07 02:42:42,011] INFO: 	 lr: 0.00030000000000000073 	 Training loss: 0.02155437335371971
[2025-01-07 02:42:48,526] INFO: Iter 27000 Summary: 
[2025-01-07 02:42:48,526] INFO: 	 lr: 0.00030000000000000073 	 Training loss: 0.021633903477340937
[2025-01-07 02:42:55,463] INFO: Iter 27100 Summary: 
[2025-01-07 02:42:55,463] INFO: 	 lr: 0.00030000000000000073 	 Training loss: 0.021744774412363766
[2025-01-07 02:43:02,299] INFO: Iter 27200 Summary: 
[2025-01-07 02:43:02,299] INFO: 	 lr: 0.00030000000000000073 	 Training loss: 0.021857714168727397
[2025-01-07 02:43:08,752] INFO: Iter 27300 Summary: 
[2025-01-07 02:43:08,752] INFO: 	 lr: 0.00030000000000000073 	 Training loss: 0.02177444741129875
[2025-01-07 02:43:15,252] INFO: Iter 27400 Summary: 
[2025-01-07 02:43:15,252] INFO: 	 lr: 0.00030000000000000073 	 Training loss: 0.021755961589515208
[2025-01-07 02:43:21,755] INFO: Iter 27500 Summary: 
[2025-01-07 02:43:21,755] INFO: 	 lr: 0.00030000000000000073 	 Training loss: 0.021888739075511695
[2025-01-07 02:43:29,515] INFO: Iter 27600 Summary: 
[2025-01-07 02:43:29,516] INFO: 	 lr: 0.00030000000000000073 	 Training loss: 0.021669888887554407
[2025-01-07 02:43:36,302] INFO: Iter 27700 Summary: 
[2025-01-07 02:43:36,302] INFO: 	 lr: 0.00030000000000000073 	 Training loss: 0.02168305965140462
[2025-01-07 02:43:42,760] INFO: Iter 27800 Summary: 
[2025-01-07 02:43:42,760] INFO: 	 lr: 0.00030000000000000073 	 Training loss: 0.0218725972995162
[2025-01-07 02:43:49,253] INFO: Iter 27900 Summary: 
[2025-01-07 02:43:49,253] INFO: 	 lr: 0.00030000000000000073 	 Training loss: 0.021587044205516576
[2025-01-07 02:43:55,849] INFO: Iter 28000 Summary: 
[2025-01-07 02:43:55,849] INFO: 	 lr: 0.00030000000000000073 	 Training loss: 0.02163192629814148
[2025-01-07 02:44:04,814] INFO: Iter 28100 Summary: 
[2025-01-07 02:44:04,814] INFO: 	 lr: 0.00030000000000000073 	 Training loss: 0.021918942909687756
[2025-01-07 02:44:11,368] INFO: Iter 28200 Summary: 
[2025-01-07 02:44:11,368] INFO: 	 lr: 0.00030000000000000073 	 Training loss: 0.021684243604540826
[2025-01-07 02:44:19,537] INFO: Iter 28300 Summary: 
[2025-01-07 02:44:19,538] INFO: 	 lr: 0.00030000000000000073 	 Training loss: 0.021689510494470595
[2025-01-07 02:44:26,360] INFO: Iter 28400 Summary: 
[2025-01-07 02:44:26,360] INFO: 	 lr: 0.00030000000000000073 	 Training loss: 0.021711107771843673
[2025-01-07 02:44:33,828] INFO: Iter 28500 Summary: 
[2025-01-07 02:44:33,828] INFO: 	 lr: 0.00030000000000000073 	 Training loss: 0.02161278411746025
[2025-01-07 02:44:40,782] INFO: Iter 28600 Summary: 
[2025-01-07 02:44:40,782] INFO: 	 lr: 0.00030000000000000073 	 Training loss: 0.021576190702617168
[2025-01-07 02:44:47,619] INFO: Iter 28700 Summary: 
[2025-01-07 02:44:47,619] INFO: 	 lr: 0.00030000000000000073 	 Training loss: 0.021560038439929485
[2025-01-07 02:44:54,258] INFO: Iter 28800 Summary: 
[2025-01-07 02:44:54,258] INFO: 	 lr: 0.00030000000000000073 	 Training loss: 0.021754348613321782
[2025-01-07 02:45:01,959] INFO: Iter 28900 Summary: 
[2025-01-07 02:45:01,960] INFO: 	 lr: 0.00030000000000000073 	 Training loss: 0.021670220885425806
[2025-01-07 02:45:08,743] INFO: Iter 29000 Summary: 
[2025-01-07 02:45:08,743] INFO: 	 lr: 0.00030000000000000073 	 Training loss: 0.021707358062267302
[2025-01-07 02:45:15,482] INFO: Iter 29100 Summary: 
[2025-01-07 02:45:15,482] INFO: 	 lr: 0.00030000000000000073 	 Training loss: 0.021460902374237777
[2025-01-07 02:45:22,257] INFO: Iter 29200 Summary: 
[2025-01-07 02:45:22,257] INFO: 	 lr: 0.00030000000000000073 	 Training loss: 0.02160245867446065
[2025-01-07 02:45:28,987] INFO: Iter 29300 Summary: 
[2025-01-07 02:45:28,987] INFO: 	 lr: 0.00030000000000000073 	 Training loss: 0.021612015701830387
[2025-01-07 02:45:35,515] INFO: Iter 29400 Summary: 
[2025-01-07 02:45:35,515] INFO: 	 lr: 0.00030000000000000073 	 Training loss: 0.021612947285175325
[2025-01-07 02:45:42,221] INFO: Iter 29500 Summary: 
[2025-01-07 02:45:42,222] INFO: 	 lr: 0.00030000000000000073 	 Training loss: 0.021688562389463185
[2025-01-07 02:45:50,056] INFO: Iter 29600 Summary: 
[2025-01-07 02:45:50,057] INFO: 	 lr: 0.00030000000000000073 	 Training loss: 0.021584473047405482
[2025-01-07 02:45:56,610] INFO: Iter 29700 Summary: 
[2025-01-07 02:45:56,610] INFO: 	 lr: 0.00030000000000000073 	 Training loss: 0.02171606505289674
[2025-01-07 02:46:03,139] INFO: Iter 29800 Summary: 
[2025-01-07 02:46:03,139] INFO: 	 lr: 0.00030000000000000073 	 Training loss: 0.02154484037309885
[2025-01-07 02:46:09,717] INFO: Iter 29900 Summary: 
[2025-01-07 02:46:09,717] INFO: 	 lr: 0.00030000000000000073 	 Training loss: 0.021553247608244418
