[2025-01-08 01:20:04,231] INFO: {
    "abs_dir": "/home/diwang/siMLPe/exps/baseline_h36m",
    "batch_size": 256,
    "cos_lr_max": 1e-05,
    "cos_lr_min": 5e-08,
    "cos_lr_total_iters": 40000,
    "data_aug": true,
    "deriv_input": true,
    "deriv_output": true,
    "device": "cuda:2",
    "h36m_anno_dir": "/home/diwang/siMLPe/data/h36m/",
    "link_log_file": "/home/diwang/siMLPe/exps/baseline_h36m/log/log_last.log",
    "link_val_log_file": "/home/diwang/siMLPe/exps/baseline_h36m/log/val_last.log",
    "log_dir": "/home/diwang/siMLPe/exps/baseline_h36m/log",
    "log_file": "/home/diwang/siMLPe/exps/baseline_h36m/log/log_2025_01_08_01_19_43.log",
    "model_pth": null,
    "motion": {
        "dim": 66,
        "h36m_input_length": 50,
        "h36m_input_length_dct": 50,
        "h36m_target_length": 10,
        "h36m_target_length_eval": 25,
        "h36m_target_length_train": 10
    },
    "motion_fc_in": {
        "activation": "relu",
        "in_features": 66,
        "init_w_trunc_normal": false,
        "out_features": 66,
        "temporal_fc": false,
        "with_norm": false
    },
    "motion_fc_out": {
        "activation": "relu",
        "in_features": 66,
        "init_w_trunc_normal": true,
        "out_features": 66,
        "temporal_fc": false,
        "with_norm": false
    },
    "motion_mlp": {
        "hidden_dim": 66,
        "norm_axis": "spatial",
        "num_layers": 48,
        "seq_len": 50,
        "spatial_fc_only": false,
        "with_normalization": true
    },
    "num_workers": 8,
    "post_dct": false,
    "pre_dct": false,
    "print_every": 100,
    "repo_name": "siMLPe",
    "root_dir": "/home/diwang/siMLPe",
    "save_every": 2000,
    "seed": 304,
    "shift_step": 1,
    "snapshot_dir": "/home/diwang/siMLPe/exps/baseline_h36m/log/snapshot",
    "this_dir": "baseline_h36m",
    "use_relative_loss": true,
    "val_log_file": "/home/diwang/siMLPe/exps/baseline_h36m/log/val_2025_01_08_01_19_43.log",
    "weight_decay": 0.0001
}
[2025-01-08 01:20:13,421] INFO: Iter 100 Summary: 
[2025-01-08 01:20:13,421] INFO: 	 lr: 0.00030000000000000073 	 Training loss: 0.09657176658511162
[2025-01-08 01:20:20,229] INFO: Iter 200 Summary: 
[2025-01-08 01:20:20,229] INFO: 	 lr: 0.00030000000000000073 	 Training loss: 0.073299862742424
[2025-01-08 01:20:27,084] INFO: Iter 300 Summary: 
[2025-01-08 01:20:27,085] INFO: 	 lr: 0.00030000000000000073 	 Training loss: 0.06930720329284668
[2025-01-08 01:20:33,629] INFO: Iter 400 Summary: 
[2025-01-08 01:20:33,630] INFO: 	 lr: 0.00030000000000000073 	 Training loss: 0.06378487564623356
[2025-01-08 01:20:40,303] INFO: Iter 500 Summary: 
[2025-01-08 01:20:40,303] INFO: 	 lr: 0.00030000000000000073 	 Training loss: 0.060498147308826446
[2025-01-08 01:20:46,978] INFO: Iter 600 Summary: 
[2025-01-08 01:20:46,979] INFO: 	 lr: 0.00030000000000000073 	 Training loss: 0.058823554813861846
[2025-01-08 01:20:55,067] INFO: Iter 700 Summary: 
[2025-01-08 01:20:55,068] INFO: 	 lr: 0.00030000000000000073 	 Training loss: 0.05793270777910948
[2025-01-08 01:21:01,753] INFO: Iter 800 Summary: 
[2025-01-08 01:21:01,754] INFO: 	 lr: 0.00030000000000000073 	 Training loss: 0.05696495220065117
[2025-01-08 01:21:08,505] INFO: Iter 900 Summary: 
[2025-01-08 01:21:08,505] INFO: 	 lr: 0.00030000000000000073 	 Training loss: 0.056141227185726165
[2025-01-08 01:21:15,190] INFO: Iter 1000 Summary: 
[2025-01-08 01:21:15,190] INFO: 	 lr: 0.00030000000000000073 	 Training loss: 0.05594284951686859
[2025-01-08 01:21:21,885] INFO: Iter 1100 Summary: 
[2025-01-08 01:21:21,885] INFO: 	 lr: 0.00030000000000000073 	 Training loss: 0.05517314940690994
[2025-01-08 01:21:28,647] INFO: Iter 1200 Summary: 
[2025-01-08 01:21:28,647] INFO: 	 lr: 0.00030000000000000073 	 Training loss: 0.05468732737004757
[2025-01-08 01:21:35,329] INFO: Iter 1300 Summary: 
[2025-01-08 01:21:35,329] INFO: 	 lr: 0.00030000000000000073 	 Training loss: 0.0549057748913765
[2025-01-08 01:21:43,472] INFO: Iter 1400 Summary: 
[2025-01-08 01:21:43,472] INFO: 	 lr: 0.00030000000000000073 	 Training loss: 0.054433011598885056
[2025-01-08 01:21:50,057] INFO: Iter 1500 Summary: 
[2025-01-08 01:21:50,057] INFO: 	 lr: 0.00030000000000000073 	 Training loss: 0.05391658022999764
[2025-01-08 01:21:56,947] INFO: Iter 1600 Summary: 
[2025-01-08 01:21:56,947] INFO: 	 lr: 0.00030000000000000073 	 Training loss: 0.053329909183084966
[2025-01-08 01:22:03,655] INFO: Iter 1700 Summary: 
[2025-01-08 01:22:03,656] INFO: 	 lr: 0.00030000000000000073 	 Training loss: 0.05362240634858608
[2025-01-08 01:22:10,328] INFO: Iter 1800 Summary: 
[2025-01-08 01:22:10,328] INFO: 	 lr: 0.00030000000000000073 	 Training loss: 0.052916237339377406
[2025-01-08 01:22:17,033] INFO: Iter 1900 Summary: 
[2025-01-08 01:22:17,033] INFO: 	 lr: 0.00030000000000000073 	 Training loss: 0.052767617255449296
[2025-01-08 01:22:23,732] INFO: Iter 2000 Summary: 
[2025-01-08 01:22:23,733] INFO: 	 lr: 0.00030000000000000073 	 Training loss: 0.05252675600349903
[2025-01-08 01:22:34,643] INFO: Iter 2100 Summary: 
[2025-01-08 01:22:34,643] INFO: 	 lr: 0.00030000000000000073 	 Training loss: 0.052419003024697305
[2025-01-08 01:22:41,288] INFO: Iter 2200 Summary: 
[2025-01-08 01:22:41,288] INFO: 	 lr: 0.00030000000000000073 	 Training loss: 0.05233408633619547
[2025-01-08 01:22:47,926] INFO: Iter 2300 Summary: 
[2025-01-08 01:22:47,927] INFO: 	 lr: 0.00030000000000000073 	 Training loss: 0.05207609601318836
[2025-01-08 01:22:54,821] INFO: Iter 2400 Summary: 
[2025-01-08 01:22:54,821] INFO: 	 lr: 0.00030000000000000073 	 Training loss: 0.05163139209151268
[2025-01-08 01:23:01,681] INFO: Iter 2500 Summary: 
[2025-01-08 01:23:01,681] INFO: 	 lr: 0.00030000000000000073 	 Training loss: 0.05151209399104118
[2025-01-08 01:23:08,616] INFO: Iter 2600 Summary: 
[2025-01-08 01:23:08,617] INFO: 	 lr: 0.00030000000000000073 	 Training loss: 0.051483514234423634
[2025-01-08 01:23:15,510] INFO: Iter 2700 Summary: 
[2025-01-08 01:23:15,510] INFO: 	 lr: 0.00030000000000000073 	 Training loss: 0.05134421363472939
[2025-01-08 01:23:23,806] INFO: Iter 2800 Summary: 
[2025-01-08 01:23:23,806] INFO: 	 lr: 0.00030000000000000073 	 Training loss: 0.051391246542334554
[2025-01-08 01:23:30,562] INFO: Iter 2900 Summary: 
[2025-01-08 01:23:30,562] INFO: 	 lr: 0.00030000000000000073 	 Training loss: 0.05038186825811863
[2025-01-08 01:23:37,300] INFO: Iter 3000 Summary: 
[2025-01-08 01:23:37,300] INFO: 	 lr: 0.00030000000000000073 	 Training loss: 0.05072383500635624
[2025-01-08 01:23:44,248] INFO: Iter 3100 Summary: 
[2025-01-08 01:23:44,248] INFO: 	 lr: 0.00030000000000000073 	 Training loss: 0.05083943415433168
[2025-01-08 01:23:50,964] INFO: Iter 3200 Summary: 
[2025-01-08 01:23:50,964] INFO: 	 lr: 0.00030000000000000073 	 Training loss: 0.05040198162198067
[2025-01-08 01:23:57,673] INFO: Iter 3300 Summary: 
[2025-01-08 01:23:57,673] INFO: 	 lr: 0.00030000000000000073 	 Training loss: 0.05007530089467764
[2025-01-08 01:24:04,401] INFO: Iter 3400 Summary: 
[2025-01-08 01:24:04,402] INFO: 	 lr: 0.00030000000000000073 	 Training loss: 0.05041452646255493
[2025-01-08 01:24:12,687] INFO: Iter 3500 Summary: 
[2025-01-08 01:24:12,687] INFO: 	 lr: 0.00030000000000000073 	 Training loss: 0.050813591070473195
[2025-01-08 01:24:19,342] INFO: Iter 3600 Summary: 
[2025-01-08 01:24:19,342] INFO: 	 lr: 0.00030000000000000073 	 Training loss: 0.04952533897012472
[2025-01-08 01:24:25,951] INFO: Iter 3700 Summary: 
[2025-01-08 01:24:25,951] INFO: 	 lr: 0.00030000000000000073 	 Training loss: 0.050202176980674265
[2025-01-08 01:24:32,584] INFO: Iter 3800 Summary: 
[2025-01-08 01:24:32,584] INFO: 	 lr: 0.00030000000000000073 	 Training loss: 0.04973488632589579
[2025-01-08 01:24:39,184] INFO: Iter 3900 Summary: 
[2025-01-08 01:24:39,184] INFO: 	 lr: 0.00030000000000000073 	 Training loss: 0.049474497772753236
[2025-01-08 01:24:45,852] INFO: Iter 4000 Summary: 
[2025-01-08 01:24:45,852] INFO: 	 lr: 0.00030000000000000073 	 Training loss: 0.04935330536216497
[2025-01-08 01:24:55,398] INFO: Iter 4100 Summary: 
[2025-01-08 01:24:55,399] INFO: 	 lr: 0.00030000000000000073 	 Training loss: 0.04939444147050381
[2025-01-08 01:25:03,275] INFO: Iter 4200 Summary: 
[2025-01-08 01:25:03,276] INFO: 	 lr: 0.00030000000000000073 	 Training loss: 0.04971594445407391
[2025-01-08 01:25:09,800] INFO: Iter 4300 Summary: 
[2025-01-08 01:25:09,800] INFO: 	 lr: 0.00030000000000000073 	 Training loss: 0.049326063282787797
[2025-01-08 01:25:16,417] INFO: Iter 4400 Summary: 
[2025-01-08 01:25:16,417] INFO: 	 lr: 0.00030000000000000073 	 Training loss: 0.049582440331578256
[2025-01-08 01:25:23,096] INFO: Iter 4500 Summary: 
[2025-01-08 01:25:23,096] INFO: 	 lr: 0.00030000000000000073 	 Training loss: 0.04883567176759243
[2025-01-08 01:25:29,752] INFO: Iter 4600 Summary: 
[2025-01-08 01:25:29,752] INFO: 	 lr: 0.00030000000000000073 	 Training loss: 0.048776054680347444
[2025-01-08 01:25:36,367] INFO: Iter 4700 Summary: 
[2025-01-08 01:25:36,367] INFO: 	 lr: 0.00030000000000000073 	 Training loss: 0.048781663849949836
[2025-01-08 01:25:42,905] INFO: Iter 4800 Summary: 
[2025-01-08 01:25:42,905] INFO: 	 lr: 0.00030000000000000073 	 Training loss: 0.04850145626813173
[2025-01-08 01:25:50,899] INFO: Iter 4900 Summary: 
[2025-01-08 01:25:50,900] INFO: 	 lr: 0.00030000000000000073 	 Training loss: 0.04868213672190905
[2025-01-08 01:25:57,498] INFO: Iter 5000 Summary: 
[2025-01-08 01:25:57,498] INFO: 	 lr: 0.00030000000000000073 	 Training loss: 0.04885017044842243
[2025-01-08 01:26:04,093] INFO: Iter 5100 Summary: 
[2025-01-08 01:26:04,093] INFO: 	 lr: 0.00030000000000000073 	 Training loss: 0.04839101515710354
[2025-01-08 01:26:10,740] INFO: Iter 5200 Summary: 
[2025-01-08 01:26:10,740] INFO: 	 lr: 0.00030000000000000073 	 Training loss: 0.04841761942952871
[2025-01-08 01:26:17,302] INFO: Iter 5300 Summary: 
[2025-01-08 01:26:17,302] INFO: 	 lr: 0.00030000000000000073 	 Training loss: 0.04804502248764038
[2025-01-08 01:26:23,976] INFO: Iter 5400 Summary: 
[2025-01-08 01:26:23,976] INFO: 	 lr: 0.00030000000000000073 	 Training loss: 0.04792144358158112
[2025-01-08 01:26:30,872] INFO: Iter 5500 Summary: 
[2025-01-08 01:26:30,872] INFO: 	 lr: 0.00030000000000000073 	 Training loss: 0.047905574552714825
[2025-01-08 01:26:39,212] INFO: Iter 5600 Summary: 
[2025-01-08 01:26:39,213] INFO: 	 lr: 0.00030000000000000073 	 Training loss: 0.04803306754678488
[2025-01-08 01:26:46,156] INFO: Iter 5700 Summary: 
[2025-01-08 01:26:46,156] INFO: 	 lr: 0.00030000000000000073 	 Training loss: 0.048155969381332396
[2025-01-08 01:26:52,872] INFO: Iter 5800 Summary: 
[2025-01-08 01:26:52,872] INFO: 	 lr: 0.00030000000000000073 	 Training loss: 0.04772651731967926
[2025-01-08 01:26:59,769] INFO: Iter 5900 Summary: 
[2025-01-08 01:26:59,769] INFO: 	 lr: 0.00030000000000000073 	 Training loss: 0.04762010872364044
[2025-01-08 01:27:06,637] INFO: Iter 6000 Summary: 
[2025-01-08 01:27:06,637] INFO: 	 lr: 0.00030000000000000073 	 Training loss: 0.047836568653583524
[2025-01-08 01:27:15,902] INFO: Iter 6100 Summary: 
[2025-01-08 01:27:15,902] INFO: 	 lr: 0.00030000000000000073 	 Training loss: 0.04753890592604876
[2025-01-08 01:27:23,633] INFO: Iter 6200 Summary: 
[2025-01-08 01:27:23,633] INFO: 	 lr: 0.00030000000000000073 	 Training loss: 0.0473488226160407
[2025-01-08 01:27:30,399] INFO: Iter 6300 Summary: 
[2025-01-08 01:27:30,399] INFO: 	 lr: 0.00030000000000000073 	 Training loss: 0.047361661717295646
[2025-01-08 01:27:37,025] INFO: Iter 6400 Summary: 
[2025-01-08 01:27:37,025] INFO: 	 lr: 0.00030000000000000073 	 Training loss: 0.04696761194616556
[2025-01-08 01:27:43,666] INFO: Iter 6500 Summary: 
[2025-01-08 01:27:43,666] INFO: 	 lr: 0.00030000000000000073 	 Training loss: 0.046975123658776284
[2025-01-08 01:27:50,294] INFO: Iter 6600 Summary: 
[2025-01-08 01:27:50,294] INFO: 	 lr: 0.00030000000000000073 	 Training loss: 0.04740370597690344
[2025-01-08 01:27:56,905] INFO: Iter 6700 Summary: 
[2025-01-08 01:27:56,905] INFO: 	 lr: 0.00030000000000000073 	 Training loss: 0.0471278104186058
[2025-01-08 01:28:03,445] INFO: Iter 6800 Summary: 
[2025-01-08 01:28:03,445] INFO: 	 lr: 0.00030000000000000073 	 Training loss: 0.04704495087265968
[2025-01-08 01:28:11,392] INFO: Iter 6900 Summary: 
[2025-01-08 01:28:11,392] INFO: 	 lr: 0.00030000000000000073 	 Training loss: 0.04684119421988726
[2025-01-08 01:28:18,026] INFO: Iter 7000 Summary: 
[2025-01-08 01:28:18,026] INFO: 	 lr: 0.00030000000000000073 	 Training loss: 0.04692149817943573
[2025-01-08 01:28:24,570] INFO: Iter 7100 Summary: 
[2025-01-08 01:28:24,570] INFO: 	 lr: 0.00030000000000000073 	 Training loss: 0.046597130335867404
[2025-01-08 01:28:31,090] INFO: Iter 7200 Summary: 
[2025-01-08 01:28:31,090] INFO: 	 lr: 0.00030000000000000073 	 Training loss: 0.04669586855918169
[2025-01-08 01:28:37,627] INFO: Iter 7300 Summary: 
[2025-01-08 01:28:37,627] INFO: 	 lr: 0.00030000000000000073 	 Training loss: 0.04699863273650408
[2025-01-08 01:28:44,474] INFO: Iter 7400 Summary: 
[2025-01-08 01:28:44,475] INFO: 	 lr: 0.00030000000000000073 	 Training loss: 0.04644456118345261
[2025-01-08 01:28:51,274] INFO: Iter 7500 Summary: 
[2025-01-08 01:28:51,274] INFO: 	 lr: 0.00030000000000000073 	 Training loss: 0.0462302628532052
[2025-01-08 01:28:59,429] INFO: Iter 7600 Summary: 
[2025-01-08 01:28:59,430] INFO: 	 lr: 0.00030000000000000073 	 Training loss: 0.04626359529793263
[2025-01-08 01:29:06,260] INFO: Iter 7700 Summary: 
[2025-01-08 01:29:06,260] INFO: 	 lr: 0.00030000000000000073 	 Training loss: 0.046316205225884914
[2025-01-08 01:29:13,141] INFO: Iter 7800 Summary: 
[2025-01-08 01:29:13,141] INFO: 	 lr: 0.00030000000000000073 	 Training loss: 0.04618914056569338
[2025-01-08 01:29:19,719] INFO: Iter 7900 Summary: 
[2025-01-08 01:29:19,719] INFO: 	 lr: 0.00030000000000000073 	 Training loss: 0.046215109154582025
[2025-01-08 01:29:26,274] INFO: Iter 8000 Summary: 
[2025-01-08 01:29:26,274] INFO: 	 lr: 0.00030000000000000073 	 Training loss: 0.04644864168018103
[2025-01-08 01:29:35,656] INFO: Iter 8100 Summary: 
[2025-01-08 01:29:35,656] INFO: 	 lr: 0.00030000000000000073 	 Training loss: 0.045896327644586565
[2025-01-08 01:29:42,231] INFO: Iter 8200 Summary: 
[2025-01-08 01:29:42,231] INFO: 	 lr: 0.00030000000000000073 	 Training loss: 0.046066478416323664
[2025-01-08 01:29:50,192] INFO: Iter 8300 Summary: 
[2025-01-08 01:29:50,193] INFO: 	 lr: 0.00030000000000000073 	 Training loss: 0.04585722308605909
[2025-01-08 01:29:56,712] INFO: Iter 8400 Summary: 
[2025-01-08 01:29:56,712] INFO: 	 lr: 0.00030000000000000073 	 Training loss: 0.04584233433008194
[2025-01-08 01:30:03,231] INFO: Iter 8500 Summary: 
[2025-01-08 01:30:03,231] INFO: 	 lr: 0.00030000000000000073 	 Training loss: 0.04579398181289435
[2025-01-08 01:30:09,768] INFO: Iter 8600 Summary: 
[2025-01-08 01:30:09,768] INFO: 	 lr: 0.00030000000000000073 	 Training loss: 0.0454981617256999
[2025-01-08 01:30:16,183] INFO: Iter 8700 Summary: 
[2025-01-08 01:30:16,184] INFO: 	 lr: 0.00030000000000000073 	 Training loss: 0.0458791159838438
[2025-01-08 01:30:22,664] INFO: Iter 8800 Summary: 
[2025-01-08 01:30:22,665] INFO: 	 lr: 0.00030000000000000073 	 Training loss: 0.045670290514826774
[2025-01-08 01:30:29,194] INFO: Iter 8900 Summary: 
[2025-01-08 01:30:29,194] INFO: 	 lr: 0.00030000000000000073 	 Training loss: 0.04556124843657017
[2025-01-08 01:30:37,040] INFO: Iter 9000 Summary: 
[2025-01-08 01:30:37,040] INFO: 	 lr: 0.00030000000000000073 	 Training loss: 0.04547973707318306
[2025-01-08 01:30:43,614] INFO: Iter 9100 Summary: 
[2025-01-08 01:30:43,614] INFO: 	 lr: 0.00030000000000000073 	 Training loss: 0.04570777531713247
[2025-01-08 01:30:50,167] INFO: Iter 9200 Summary: 
[2025-01-08 01:30:50,167] INFO: 	 lr: 0.00030000000000000073 	 Training loss: 0.045146764740347865
[2025-01-08 01:30:56,933] INFO: Iter 9300 Summary: 
[2025-01-08 01:30:56,934] INFO: 	 lr: 0.00030000000000000073 	 Training loss: 0.04542842973023653
[2025-01-08 01:31:03,664] INFO: Iter 9400 Summary: 
[2025-01-08 01:31:03,664] INFO: 	 lr: 0.00030000000000000073 	 Training loss: 0.045173764117062094
[2025-01-08 01:31:10,233] INFO: Iter 9500 Summary: 
[2025-01-08 01:31:10,233] INFO: 	 lr: 0.00030000000000000073 	 Training loss: 0.0454615480452776
[2025-01-08 01:31:16,741] INFO: Iter 9600 Summary: 
[2025-01-08 01:31:16,741] INFO: 	 lr: 0.00030000000000000073 	 Training loss: 0.04558175530284643
[2025-01-08 01:31:24,713] INFO: Iter 9700 Summary: 
[2025-01-08 01:31:24,714] INFO: 	 lr: 0.00030000000000000073 	 Training loss: 0.04496088061481714
[2025-01-08 01:31:31,577] INFO: Iter 9800 Summary: 
[2025-01-08 01:31:31,578] INFO: 	 lr: 0.00030000000000000073 	 Training loss: 0.04511949833482504
[2025-01-08 01:31:38,367] INFO: Iter 9900 Summary: 
[2025-01-08 01:31:38,367] INFO: 	 lr: 0.00030000000000000073 	 Training loss: 0.04511581968516112
[2025-01-08 01:31:45,026] INFO: Iter 10000 Summary: 
[2025-01-08 01:31:45,027] INFO: 	 lr: 0.00030000000000000073 	 Training loss: 0.04501633409410715
[2025-01-08 01:31:54,569] INFO: Iter 10100 Summary: 
[2025-01-08 01:31:54,570] INFO: 	 lr: 0.00030000000000000073 	 Training loss: 0.0450348537042737
[2025-01-08 01:32:01,145] INFO: Iter 10200 Summary: 
[2025-01-08 01:32:01,145] INFO: 	 lr: 0.00030000000000000073 	 Training loss: 0.04491873793303967
[2025-01-08 01:32:07,723] INFO: Iter 10300 Summary: 
[2025-01-08 01:32:07,723] INFO: 	 lr: 0.00030000000000000073 	 Training loss: 0.04483840405941009
[2025-01-08 01:32:15,389] INFO: Iter 10400 Summary: 
[2025-01-08 01:32:15,389] INFO: 	 lr: 0.00030000000000000073 	 Training loss: 0.04485108453780413
[2025-01-08 01:32:21,976] INFO: Iter 10500 Summary: 
[2025-01-08 01:32:21,976] INFO: 	 lr: 0.00030000000000000073 	 Training loss: 0.04485960513353348
[2025-01-08 01:32:28,519] INFO: Iter 10600 Summary: 
[2025-01-08 01:32:28,519] INFO: 	 lr: 0.00030000000000000073 	 Training loss: 0.04465839404612779
[2025-01-08 01:32:35,050] INFO: Iter 10700 Summary: 
[2025-01-08 01:32:35,050] INFO: 	 lr: 0.00030000000000000073 	 Training loss: 0.044813264049589636
[2025-01-08 01:32:41,582] INFO: Iter 10800 Summary: 
[2025-01-08 01:32:41,583] INFO: 	 lr: 0.00030000000000000073 	 Training loss: 0.04474566221237183
[2025-01-08 01:32:48,133] INFO: Iter 10900 Summary: 
[2025-01-08 01:32:48,134] INFO: 	 lr: 0.00030000000000000073 	 Training loss: 0.04476317845284939
[2025-01-08 01:32:54,690] INFO: Iter 11000 Summary: 
[2025-01-08 01:32:54,690] INFO: 	 lr: 0.00030000000000000073 	 Training loss: 0.04489866770803928
[2025-01-08 01:33:02,813] INFO: Iter 11100 Summary: 
[2025-01-08 01:33:02,814] INFO: 	 lr: 0.00030000000000000073 	 Training loss: 0.04429542794823647
[2025-01-08 01:33:09,364] INFO: Iter 11200 Summary: 
[2025-01-08 01:33:09,365] INFO: 	 lr: 0.00030000000000000073 	 Training loss: 0.04421907365322113
[2025-01-08 01:33:15,917] INFO: Iter 11300 Summary: 
[2025-01-08 01:33:15,917] INFO: 	 lr: 0.00030000000000000073 	 Training loss: 0.04473070308566093
[2025-01-08 01:33:22,463] INFO: Iter 11400 Summary: 
[2025-01-08 01:33:22,463] INFO: 	 lr: 0.00030000000000000073 	 Training loss: 0.0444128106161952
[2025-01-08 01:33:28,985] INFO: Iter 11500 Summary: 
[2025-01-08 01:33:28,985] INFO: 	 lr: 0.00030000000000000073 	 Training loss: 0.04448038186877966
[2025-01-08 01:33:34,824] INFO: Iter 11600 Summary: 
[2025-01-08 01:33:34,824] INFO: 	 lr: 0.00030000000000000073 	 Training loss: 0.044465037249028685
[2025-01-08 01:33:42,563] INFO: Iter 11700 Summary: 
[2025-01-08 01:33:42,563] INFO: 	 lr: 0.00030000000000000073 	 Training loss: 0.044931523650884625
[2025-01-08 01:33:49,134] INFO: Iter 11800 Summary: 
[2025-01-08 01:33:49,134] INFO: 	 lr: 0.00030000000000000073 	 Training loss: 0.04449114765971899
[2025-01-08 01:33:55,694] INFO: Iter 11900 Summary: 
[2025-01-08 01:33:55,694] INFO: 	 lr: 0.00030000000000000073 	 Training loss: 0.04410620927810669
[2025-01-08 01:34:02,396] INFO: Iter 12000 Summary: 
[2025-01-08 01:34:02,396] INFO: 	 lr: 0.00030000000000000073 	 Training loss: 0.04426618192344904
[2025-01-08 01:34:12,047] INFO: Iter 12100 Summary: 
[2025-01-08 01:34:12,048] INFO: 	 lr: 0.00030000000000000073 	 Training loss: 0.04387471992522478
[2025-01-08 01:34:18,793] INFO: Iter 12200 Summary: 
[2025-01-08 01:34:18,793] INFO: 	 lr: 0.00030000000000000073 	 Training loss: 0.04389961402863264
[2025-01-08 01:34:25,584] INFO: Iter 12300 Summary: 
[2025-01-08 01:34:25,584] INFO: 	 lr: 0.00030000000000000073 	 Training loss: 0.04397690299898386
[2025-01-08 01:34:33,381] INFO: Iter 12400 Summary: 
[2025-01-08 01:34:33,382] INFO: 	 lr: 0.00030000000000000073 	 Training loss: 0.044628487080335615
[2025-01-08 01:34:40,173] INFO: Iter 12500 Summary: 
[2025-01-08 01:34:40,173] INFO: 	 lr: 0.00030000000000000073 	 Training loss: 0.04406842943280935
[2025-01-08 01:34:46,830] INFO: Iter 12600 Summary: 
[2025-01-08 01:34:46,830] INFO: 	 lr: 0.00030000000000000073 	 Training loss: 0.04432206243276596
[2025-01-08 01:34:53,522] INFO: Iter 12700 Summary: 
[2025-01-08 01:34:53,522] INFO: 	 lr: 0.00030000000000000073 	 Training loss: 0.04417549140751362
[2025-01-08 01:35:00,089] INFO: Iter 12800 Summary: 
[2025-01-08 01:35:00,089] INFO: 	 lr: 0.00030000000000000073 	 Training loss: 0.043833220042288304
[2025-01-08 01:35:06,966] INFO: Iter 12900 Summary: 
[2025-01-08 01:35:06,966] INFO: 	 lr: 0.00030000000000000073 	 Training loss: 0.04395612183958292
[2025-01-08 01:35:13,861] INFO: Iter 13000 Summary: 
[2025-01-08 01:35:13,861] INFO: 	 lr: 0.00030000000000000073 	 Training loss: 0.044128773137927055
[2025-01-08 01:35:22,099] INFO: Iter 13100 Summary: 
[2025-01-08 01:35:22,100] INFO: 	 lr: 0.00030000000000000073 	 Training loss: 0.043607648499310016
[2025-01-08 01:35:29,012] INFO: Iter 13200 Summary: 
[2025-01-08 01:35:29,012] INFO: 	 lr: 0.00030000000000000073 	 Training loss: 0.04365123007446527
[2025-01-08 01:35:35,983] INFO: Iter 13300 Summary: 
[2025-01-08 01:35:35,983] INFO: 	 lr: 0.00030000000000000073 	 Training loss: 0.04381999336183071
[2025-01-08 01:35:42,929] INFO: Iter 13400 Summary: 
[2025-01-08 01:35:42,929] INFO: 	 lr: 0.00030000000000000073 	 Training loss: 0.043911712728440765
[2025-01-08 01:35:49,660] INFO: Iter 13500 Summary: 
[2025-01-08 01:35:49,660] INFO: 	 lr: 0.00030000000000000073 	 Training loss: 0.043765472508966924
[2025-01-08 01:35:56,432] INFO: Iter 13600 Summary: 
[2025-01-08 01:35:56,432] INFO: 	 lr: 0.00030000000000000073 	 Training loss: 0.043789450526237485
[2025-01-08 01:36:03,088] INFO: Iter 13700 Summary: 
[2025-01-08 01:36:03,088] INFO: 	 lr: 0.00030000000000000073 	 Training loss: 0.043928852491080764
[2025-01-08 01:36:11,466] INFO: Iter 13800 Summary: 
[2025-01-08 01:36:11,467] INFO: 	 lr: 0.00030000000000000073 	 Training loss: 0.043488778434693814
[2025-01-08 01:36:18,516] INFO: Iter 13900 Summary: 
[2025-01-08 01:36:18,516] INFO: 	 lr: 0.00030000000000000073 	 Training loss: 0.04383235905319452
[2025-01-08 01:36:25,489] INFO: Iter 14000 Summary: 
[2025-01-08 01:36:25,489] INFO: 	 lr: 0.00030000000000000073 	 Training loss: 0.04369472540915012
[2025-01-08 01:36:35,709] INFO: Iter 14100 Summary: 
[2025-01-08 01:36:35,709] INFO: 	 lr: 0.00030000000000000073 	 Training loss: 0.04360675849020481
[2025-01-08 01:36:43,806] INFO: Iter 14200 Summary: 
[2025-01-08 01:36:43,807] INFO: 	 lr: 0.00030000000000000073 	 Training loss: 0.043407600931823255
[2025-01-08 01:36:51,388] INFO: Iter 14300 Summary: 
[2025-01-08 01:36:51,389] INFO: 	 lr: 0.00030000000000000073 	 Training loss: 0.04381510872393846
[2025-01-08 01:36:58,301] INFO: Iter 14400 Summary: 
[2025-01-08 01:36:58,301] INFO: 	 lr: 0.00030000000000000073 	 Training loss: 0.04381074428558349
[2025-01-08 01:37:06,678] INFO: Iter 14500 Summary: 
[2025-01-08 01:37:06,678] INFO: 	 lr: 0.00030000000000000073 	 Training loss: 0.04333637211471796
[2025-01-08 01:37:13,432] INFO: Iter 14600 Summary: 
[2025-01-08 01:37:13,433] INFO: 	 lr: 0.00030000000000000073 	 Training loss: 0.043637508526444435
[2025-01-08 01:37:20,250] INFO: Iter 14700 Summary: 
[2025-01-08 01:37:20,250] INFO: 	 lr: 0.00030000000000000073 	 Training loss: 0.04344036616384983
[2025-01-08 01:37:26,945] INFO: Iter 14800 Summary: 
[2025-01-08 01:37:26,945] INFO: 	 lr: 0.00030000000000000073 	 Training loss: 0.043924545235931874
[2025-01-08 01:37:33,633] INFO: Iter 14900 Summary: 
[2025-01-08 01:37:33,633] INFO: 	 lr: 0.00030000000000000073 	 Training loss: 0.04348155807703733
[2025-01-08 01:37:40,232] INFO: Iter 15000 Summary: 
[2025-01-08 01:37:40,232] INFO: 	 lr: 0.00030000000000000073 	 Training loss: 0.043606948778033255
[2025-01-08 01:37:47,035] INFO: Iter 15100 Summary: 
[2025-01-08 01:37:47,035] INFO: 	 lr: 0.00030000000000000073 	 Training loss: 0.04345552537590265
[2025-01-08 01:37:55,361] INFO: Iter 15200 Summary: 
[2025-01-08 01:37:55,362] INFO: 	 lr: 0.00030000000000000073 	 Training loss: 0.04330108501017094
[2025-01-08 01:38:02,268] INFO: Iter 15300 Summary: 
[2025-01-08 01:38:02,269] INFO: 	 lr: 0.00030000000000000073 	 Training loss: 0.0434972295165062
[2025-01-08 01:38:09,127] INFO: Iter 15400 Summary: 
[2025-01-08 01:38:09,127] INFO: 	 lr: 0.00030000000000000073 	 Training loss: 0.04341839924454689
[2025-01-08 01:38:16,039] INFO: Iter 15500 Summary: 
[2025-01-08 01:38:16,039] INFO: 	 lr: 0.00030000000000000073 	 Training loss: 0.04320222619920969
[2025-01-08 01:38:23,011] INFO: Iter 15600 Summary: 
[2025-01-08 01:38:23,011] INFO: 	 lr: 0.00030000000000000073 	 Training loss: 0.04322919752448797
[2025-01-08 01:38:29,789] INFO: Iter 15700 Summary: 
[2025-01-08 01:38:29,789] INFO: 	 lr: 0.00030000000000000073 	 Training loss: 0.04342823565006256
[2025-01-08 01:38:36,602] INFO: Iter 15800 Summary: 
[2025-01-08 01:38:36,602] INFO: 	 lr: 0.00030000000000000073 	 Training loss: 0.043235699161887166
[2025-01-08 01:38:44,834] INFO: Iter 15900 Summary: 
[2025-01-08 01:38:44,834] INFO: 	 lr: 0.00030000000000000073 	 Training loss: 0.04307012472301722
[2025-01-08 01:38:51,533] INFO: Iter 16000 Summary: 
[2025-01-08 01:38:51,533] INFO: 	 lr: 0.00030000000000000073 	 Training loss: 0.04316583227366209
[2025-01-08 01:39:01,274] INFO: Iter 16100 Summary: 
[2025-01-08 01:39:01,274] INFO: 	 lr: 0.00030000000000000073 	 Training loss: 0.04304101247340441
[2025-01-08 01:39:07,998] INFO: Iter 16200 Summary: 
[2025-01-08 01:39:07,998] INFO: 	 lr: 0.00030000000000000073 	 Training loss: 0.04297111697494984
[2025-01-08 01:39:14,934] INFO: Iter 16300 Summary: 
[2025-01-08 01:39:14,934] INFO: 	 lr: 0.00030000000000000073 	 Training loss: 0.04320465613156557
[2025-01-08 01:39:21,838] INFO: Iter 16400 Summary: 
[2025-01-08 01:39:21,838] INFO: 	 lr: 0.00030000000000000073 	 Training loss: 0.04333212491124869
[2025-01-08 01:39:28,692] INFO: Iter 16500 Summary: 
[2025-01-08 01:39:28,692] INFO: 	 lr: 0.00030000000000000073 	 Training loss: 0.043237080685794356
[2025-01-08 01:39:36,890] INFO: Iter 16600 Summary: 
[2025-01-08 01:39:36,890] INFO: 	 lr: 0.00030000000000000073 	 Training loss: 0.04331566233187914
[2025-01-08 01:39:43,892] INFO: Iter 16700 Summary: 
[2025-01-08 01:39:43,892] INFO: 	 lr: 0.00030000000000000073 	 Training loss: 0.042981493286788464
[2025-01-08 01:39:50,796] INFO: Iter 16800 Summary: 
[2025-01-08 01:39:50,796] INFO: 	 lr: 0.00030000000000000073 	 Training loss: 0.042884305939078333
[2025-01-08 01:39:57,723] INFO: Iter 16900 Summary: 
[2025-01-08 01:39:57,723] INFO: 	 lr: 0.00030000000000000073 	 Training loss: 0.043139086440205573
[2025-01-08 01:40:04,773] INFO: Iter 17000 Summary: 
[2025-01-08 01:40:04,773] INFO: 	 lr: 0.00030000000000000073 	 Training loss: 0.04310500331223011
[2025-01-08 01:40:11,615] INFO: Iter 17100 Summary: 
[2025-01-08 01:40:11,615] INFO: 	 lr: 0.00030000000000000073 	 Training loss: 0.04312511593103409
[2025-01-08 01:40:18,308] INFO: Iter 17200 Summary: 
[2025-01-08 01:40:18,308] INFO: 	 lr: 0.00030000000000000073 	 Training loss: 0.043076436519622806
[2025-01-08 01:40:26,668] INFO: Iter 17300 Summary: 
[2025-01-08 01:40:26,668] INFO: 	 lr: 0.00030000000000000073 	 Training loss: 0.04293367672711611
[2025-01-08 01:40:33,693] INFO: Iter 17400 Summary: 
[2025-01-08 01:40:33,694] INFO: 	 lr: 0.00030000000000000073 	 Training loss: 0.04300370838493109
[2025-01-08 01:40:40,568] INFO: Iter 17500 Summary: 
[2025-01-08 01:40:40,568] INFO: 	 lr: 0.00030000000000000073 	 Training loss: 0.04258458014577627
[2025-01-08 01:40:47,444] INFO: Iter 17600 Summary: 
[2025-01-08 01:40:47,444] INFO: 	 lr: 0.00030000000000000073 	 Training loss: 0.043088006153702736
[2025-01-08 01:40:54,365] INFO: Iter 17700 Summary: 
[2025-01-08 01:40:54,365] INFO: 	 lr: 0.00030000000000000073 	 Training loss: 0.042999808974564076
[2025-01-08 01:41:01,335] INFO: Iter 17800 Summary: 
[2025-01-08 01:41:01,336] INFO: 	 lr: 0.00030000000000000073 	 Training loss: 0.04292803425341844
[2025-01-08 01:41:09,610] INFO: Iter 17900 Summary: 
[2025-01-08 01:41:09,611] INFO: 	 lr: 0.00030000000000000073 	 Training loss: 0.0431371596083045
[2025-01-08 01:41:16,552] INFO: Iter 18000 Summary: 
[2025-01-08 01:41:16,552] INFO: 	 lr: 0.00030000000000000073 	 Training loss: 0.04304876353591681
[2025-01-08 01:41:26,039] INFO: Iter 18100 Summary: 
[2025-01-08 01:41:26,040] INFO: 	 lr: 0.00030000000000000073 	 Training loss: 0.04266210276633501
[2025-01-08 01:41:32,961] INFO: Iter 18200 Summary: 
[2025-01-08 01:41:32,961] INFO: 	 lr: 0.00030000000000000073 	 Training loss: 0.04290158528834581
[2025-01-08 01:41:39,915] INFO: Iter 18300 Summary: 
[2025-01-08 01:41:39,915] INFO: 	 lr: 0.00030000000000000073 	 Training loss: 0.04300227973610163
[2025-01-08 01:41:46,755] INFO: Iter 18400 Summary: 
[2025-01-08 01:41:46,755] INFO: 	 lr: 0.00030000000000000073 	 Training loss: 0.04265144769102335
[2025-01-08 01:41:53,687] INFO: Iter 18500 Summary: 
[2025-01-08 01:41:53,688] INFO: 	 lr: 0.00030000000000000073 	 Training loss: 0.0431244433298707
[2025-01-08 01:42:01,799] INFO: Iter 18600 Summary: 
[2025-01-08 01:42:01,799] INFO: 	 lr: 0.00030000000000000073 	 Training loss: 0.042832200862467286
[2025-01-08 01:42:08,826] INFO: Iter 18700 Summary: 
[2025-01-08 01:42:08,826] INFO: 	 lr: 0.00030000000000000073 	 Training loss: 0.0427395373955369
[2025-01-08 01:42:15,747] INFO: Iter 18800 Summary: 
[2025-01-08 01:42:15,748] INFO: 	 lr: 0.00030000000000000073 	 Training loss: 0.042712308652698996
[2025-01-08 01:42:22,701] INFO: Iter 18900 Summary: 
[2025-01-08 01:42:22,701] INFO: 	 lr: 0.00030000000000000073 	 Training loss: 0.04260817479342222
[2025-01-08 01:42:29,596] INFO: Iter 19000 Summary: 
[2025-01-08 01:42:29,596] INFO: 	 lr: 0.00030000000000000073 	 Training loss: 0.04261049136519432
[2025-01-08 01:42:36,560] INFO: Iter 19100 Summary: 
[2025-01-08 01:42:36,560] INFO: 	 lr: 0.00030000000000000073 	 Training loss: 0.042958844155073166
[2025-01-08 01:42:43,499] INFO: Iter 19200 Summary: 
[2025-01-08 01:42:43,499] INFO: 	 lr: 0.00030000000000000073 	 Training loss: 0.04279084764420986
[2025-01-08 01:42:51,749] INFO: Iter 19300 Summary: 
[2025-01-08 01:42:51,750] INFO: 	 lr: 0.00030000000000000073 	 Training loss: 0.04276511758565903
[2025-01-08 01:42:58,801] INFO: Iter 19400 Summary: 
[2025-01-08 01:42:58,801] INFO: 	 lr: 0.00030000000000000073 	 Training loss: 0.04293772242963314
[2025-01-08 01:43:05,955] INFO: Iter 19500 Summary: 
[2025-01-08 01:43:05,955] INFO: 	 lr: 0.00030000000000000073 	 Training loss: 0.04283002354204655
[2025-01-08 01:43:12,770] INFO: Iter 19600 Summary: 
[2025-01-08 01:43:12,770] INFO: 	 lr: 0.00030000000000000073 	 Training loss: 0.04303025171160698
[2025-01-08 01:43:20,029] INFO: Iter 19700 Summary: 
[2025-01-08 01:43:20,030] INFO: 	 lr: 0.00030000000000000073 	 Training loss: 0.042462440021336076
[2025-01-08 01:43:26,965] INFO: Iter 19800 Summary: 
[2025-01-08 01:43:26,965] INFO: 	 lr: 0.00030000000000000073 	 Training loss: 0.042462332136929036
[2025-01-08 01:43:33,773] INFO: Iter 19900 Summary: 
[2025-01-08 01:43:33,773] INFO: 	 lr: 0.00030000000000000073 	 Training loss: 0.0429232195392251
[2025-01-08 01:43:41,960] INFO: Iter 20000 Summary: 
[2025-01-08 01:43:41,960] INFO: 	 lr: 0.00030000000000000073 	 Training loss: 0.042457836233079436
[2025-01-08 01:43:51,749] INFO: Iter 20100 Summary: 
[2025-01-08 01:43:51,749] INFO: 	 lr: 0.00030000000000000073 	 Training loss: 0.0425346427038312
[2025-01-08 01:43:58,654] INFO: Iter 20200 Summary: 
[2025-01-08 01:43:58,654] INFO: 	 lr: 0.00030000000000000073 	 Training loss: 0.042568349950015544
[2025-01-08 01:44:05,569] INFO: Iter 20300 Summary: 
[2025-01-08 01:44:05,569] INFO: 	 lr: 0.00030000000000000073 	 Training loss: 0.04267268192023039
[2025-01-08 01:44:12,467] INFO: Iter 20400 Summary: 
[2025-01-08 01:44:12,468] INFO: 	 lr: 0.00030000000000000073 	 Training loss: 0.04221159860491753
[2025-01-08 01:44:19,275] INFO: Iter 20500 Summary: 
[2025-01-08 01:44:19,275] INFO: 	 lr: 0.00030000000000000073 	 Training loss: 0.04282037418335676
[2025-01-08 01:44:26,214] INFO: Iter 20600 Summary: 
[2025-01-08 01:44:26,214] INFO: 	 lr: 0.00030000000000000073 	 Training loss: 0.04249452203512192
[2025-01-08 01:44:34,511] INFO: Iter 20700 Summary: 
[2025-01-08 01:44:34,512] INFO: 	 lr: 0.00030000000000000073 	 Training loss: 0.04209875088185072
[2025-01-08 01:44:41,425] INFO: Iter 20800 Summary: 
[2025-01-08 01:44:41,425] INFO: 	 lr: 0.00030000000000000073 	 Training loss: 0.04256606206297874
[2025-01-08 01:44:48,320] INFO: Iter 20900 Summary: 
[2025-01-08 01:44:48,320] INFO: 	 lr: 0.00030000000000000073 	 Training loss: 0.042564640566706655
[2025-01-08 01:44:55,285] INFO: Iter 21000 Summary: 
[2025-01-08 01:44:55,285] INFO: 	 lr: 0.00030000000000000073 	 Training loss: 0.04273979783058166
[2025-01-08 01:45:01,942] INFO: Iter 21100 Summary: 
[2025-01-08 01:45:01,942] INFO: 	 lr: 0.00030000000000000073 	 Training loss: 0.04263183068484068
[2025-01-08 01:45:08,970] INFO: Iter 21200 Summary: 
[2025-01-08 01:45:08,970] INFO: 	 lr: 0.00030000000000000073 	 Training loss: 0.042453246712684634
[2025-01-08 01:45:15,974] INFO: Iter 21300 Summary: 
[2025-01-08 01:45:15,974] INFO: 	 lr: 0.00030000000000000073 	 Training loss: 0.04248039670288563
[2025-01-08 01:45:24,088] INFO: Iter 21400 Summary: 
[2025-01-08 01:45:24,088] INFO: 	 lr: 0.00030000000000000073 	 Training loss: 0.04239330366253853
[2025-01-08 01:45:30,882] INFO: Iter 21500 Summary: 
[2025-01-08 01:45:30,882] INFO: 	 lr: 0.00030000000000000073 	 Training loss: 0.04229139719158411
[2025-01-08 01:45:37,758] INFO: Iter 21600 Summary: 
[2025-01-08 01:45:37,758] INFO: 	 lr: 0.00030000000000000073 	 Training loss: 0.042224011681973934
[2025-01-08 01:45:44,698] INFO: Iter 21700 Summary: 
[2025-01-08 01:45:44,698] INFO: 	 lr: 0.00030000000000000073 	 Training loss: 0.04255822874605655
[2025-01-08 01:45:51,612] INFO: Iter 21800 Summary: 
[2025-01-08 01:45:51,612] INFO: 	 lr: 0.00030000000000000073 	 Training loss: 0.04237590312957764
[2025-01-08 01:45:58,601] INFO: Iter 21900 Summary: 
[2025-01-08 01:45:58,602] INFO: 	 lr: 0.00030000000000000073 	 Training loss: 0.04228982906788588
[2025-01-08 01:46:05,497] INFO: Iter 22000 Summary: 
[2025-01-08 01:46:05,497] INFO: 	 lr: 0.00030000000000000073 	 Training loss: 0.042566585913300516
[2025-01-08 01:46:16,522] INFO: Iter 22100 Summary: 
[2025-01-08 01:46:16,523] INFO: 	 lr: 0.00030000000000000073 	 Training loss: 0.04228397957980633
[2025-01-08 01:46:23,451] INFO: Iter 22200 Summary: 
[2025-01-08 01:46:23,451] INFO: 	 lr: 0.00030000000000000073 	 Training loss: 0.04229891549795866
[2025-01-08 01:46:30,442] INFO: Iter 22300 Summary: 
[2025-01-08 01:46:30,442] INFO: 	 lr: 0.00030000000000000073 	 Training loss: 0.042477951161563395
[2025-01-08 01:46:37,247] INFO: Iter 22400 Summary: 
[2025-01-08 01:46:37,247] INFO: 	 lr: 0.00030000000000000073 	 Training loss: 0.042709227576851846
[2025-01-08 01:46:44,204] INFO: Iter 22500 Summary: 
[2025-01-08 01:46:44,204] INFO: 	 lr: 0.00030000000000000073 	 Training loss: 0.0424417931959033
[2025-01-08 01:46:51,117] INFO: Iter 22600 Summary: 
[2025-01-08 01:46:51,117] INFO: 	 lr: 0.00030000000000000073 	 Training loss: 0.0422334910184145
[2025-01-08 01:46:58,064] INFO: Iter 22700 Summary: 
[2025-01-08 01:46:58,065] INFO: 	 lr: 0.00030000000000000073 	 Training loss: 0.04215073760598898
[2025-01-08 01:47:06,327] INFO: Iter 22800 Summary: 
[2025-01-08 01:47:06,327] INFO: 	 lr: 0.00030000000000000073 	 Training loss: 0.04200344506651163
[2025-01-08 01:47:13,581] INFO: Iter 22900 Summary: 
[2025-01-08 01:47:13,581] INFO: 	 lr: 0.00030000000000000073 	 Training loss: 0.042424063235521316
[2025-01-08 01:47:20,491] INFO: Iter 23000 Summary: 
[2025-01-08 01:47:20,491] INFO: 	 lr: 0.00030000000000000073 	 Training loss: 0.04261609297245741
[2025-01-08 01:47:27,542] INFO: Iter 23100 Summary: 
[2025-01-08 01:47:27,542] INFO: 	 lr: 0.00030000000000000073 	 Training loss: 0.04207662682980299
[2025-01-08 01:47:34,570] INFO: Iter 23200 Summary: 
[2025-01-08 01:47:34,571] INFO: 	 lr: 0.00030000000000000073 	 Training loss: 0.04199891272932291
[2025-01-08 01:47:41,326] INFO: Iter 23300 Summary: 
[2025-01-08 01:47:41,326] INFO: 	 lr: 0.00030000000000000073 	 Training loss: 0.042311829775571824
[2025-01-08 01:47:49,661] INFO: Iter 23400 Summary: 
[2025-01-08 01:47:49,661] INFO: 	 lr: 0.00030000000000000073 	 Training loss: 0.042775191329419614
[2025-01-08 01:47:56,696] INFO: Iter 23500 Summary: 
[2025-01-08 01:47:56,697] INFO: 	 lr: 0.00030000000000000073 	 Training loss: 0.041963228471577164
[2025-01-08 01:48:03,615] INFO: Iter 23600 Summary: 
[2025-01-08 01:48:03,615] INFO: 	 lr: 0.00030000000000000073 	 Training loss: 0.0421448789909482
[2025-01-08 01:48:10,411] INFO: Iter 23700 Summary: 
[2025-01-08 01:48:10,411] INFO: 	 lr: 0.00030000000000000073 	 Training loss: 0.042231508120894434
[2025-01-08 01:48:17,287] INFO: Iter 23800 Summary: 
[2025-01-08 01:48:17,287] INFO: 	 lr: 0.00030000000000000073 	 Training loss: 0.04207484353333712
[2025-01-08 01:48:24,194] INFO: Iter 23900 Summary: 
[2025-01-08 01:48:24,194] INFO: 	 lr: 0.00030000000000000073 	 Training loss: 0.04221751417964697
[2025-01-08 01:48:31,115] INFO: Iter 24000 Summary: 
[2025-01-08 01:48:31,115] INFO: 	 lr: 0.00030000000000000073 	 Training loss: 0.04251519251614809
[2025-01-08 01:48:42,074] INFO: Iter 24100 Summary: 
[2025-01-08 01:48:42,075] INFO: 	 lr: 0.00030000000000000073 	 Training loss: 0.042294192165136336
[2025-01-08 01:48:49,078] INFO: Iter 24200 Summary: 
[2025-01-08 01:48:49,078] INFO: 	 lr: 0.00030000000000000073 	 Training loss: 0.042307800836861136
[2025-01-08 01:48:56,081] INFO: Iter 24300 Summary: 
[2025-01-08 01:48:56,081] INFO: 	 lr: 0.00030000000000000073 	 Training loss: 0.04193771902471781
[2025-01-08 01:49:03,010] INFO: Iter 24400 Summary: 
[2025-01-08 01:49:03,010] INFO: 	 lr: 0.00030000000000000073 	 Training loss: 0.04221970472484827
[2025-01-08 01:49:09,879] INFO: Iter 24500 Summary: 
[2025-01-08 01:49:09,879] INFO: 	 lr: 0.00030000000000000073 	 Training loss: 0.04228480271995068
[2025-01-08 01:49:16,857] INFO: Iter 24600 Summary: 
[2025-01-08 01:49:16,857] INFO: 	 lr: 0.00030000000000000073 	 Training loss: 0.042527310624718664
[2025-01-08 01:49:23,764] INFO: Iter 24700 Summary: 
[2025-01-08 01:49:23,764] INFO: 	 lr: 0.00030000000000000073 	 Training loss: 0.042208188250660895
[2025-01-08 01:49:31,952] INFO: Iter 24800 Summary: 
[2025-01-08 01:49:31,952] INFO: 	 lr: 0.00030000000000000073 	 Training loss: 0.041985241845250126
[2025-01-08 01:49:39,160] INFO: Iter 24900 Summary: 
[2025-01-08 01:49:39,160] INFO: 	 lr: 0.00030000000000000073 	 Training loss: 0.0422910825908184
[2025-01-08 01:49:46,237] INFO: Iter 25000 Summary: 
[2025-01-08 01:49:46,237] INFO: 	 lr: 0.00030000000000000073 	 Training loss: 0.04199786830693483
[2025-01-08 01:49:53,285] INFO: Iter 25100 Summary: 
[2025-01-08 01:49:53,285] INFO: 	 lr: 0.00030000000000000073 	 Training loss: 0.04222295362502337
[2025-01-08 01:50:00,294] INFO: Iter 25200 Summary: 
[2025-01-08 01:50:00,295] INFO: 	 lr: 0.00030000000000000073 	 Training loss: 0.04199682623147964
[2025-01-08 01:50:07,295] INFO: Iter 25300 Summary: 
[2025-01-08 01:50:07,295] INFO: 	 lr: 0.00030000000000000073 	 Training loss: 0.04211505517363548
[2025-01-08 01:50:14,632] INFO: Iter 25400 Summary: 
[2025-01-08 01:50:14,632] INFO: 	 lr: 0.00030000000000000073 	 Training loss: 0.042204518504440784
[2025-01-08 01:50:22,827] INFO: Iter 25500 Summary: 
[2025-01-08 01:50:22,827] INFO: 	 lr: 0.00030000000000000073 	 Training loss: 0.04202924400568008
[2025-01-08 01:50:29,880] INFO: Iter 25600 Summary: 
[2025-01-08 01:50:29,880] INFO: 	 lr: 0.00030000000000000073 	 Training loss: 0.04192313939332962
[2025-01-08 01:50:36,792] INFO: Iter 25700 Summary: 
[2025-01-08 01:50:36,792] INFO: 	 lr: 0.00030000000000000073 	 Training loss: 0.04211954534053802
[2025-01-08 01:50:43,701] INFO: Iter 25800 Summary: 
[2025-01-08 01:50:43,701] INFO: 	 lr: 0.00030000000000000073 	 Training loss: 0.04201337486505508
[2025-01-08 01:50:50,693] INFO: Iter 25900 Summary: 
[2025-01-08 01:50:50,693] INFO: 	 lr: 0.00030000000000000073 	 Training loss: 0.04208328243345022
[2025-01-08 01:50:57,779] INFO: Iter 26000 Summary: 
[2025-01-08 01:50:57,779] INFO: 	 lr: 0.00030000000000000073 	 Training loss: 0.04221832767128944
[2025-01-08 01:51:07,653] INFO: Iter 26100 Summary: 
[2025-01-08 01:51:07,654] INFO: 	 lr: 0.00030000000000000073 	 Training loss: 0.04222230594605207
[2025-01-08 01:51:15,755] INFO: Iter 26200 Summary: 
[2025-01-08 01:51:15,755] INFO: 	 lr: 0.00030000000000000073 	 Training loss: 0.04201042491942644
[2025-01-08 01:51:22,670] INFO: Iter 26300 Summary: 
[2025-01-08 01:51:22,670] INFO: 	 lr: 0.00030000000000000073 	 Training loss: 0.04192927684634924
[2025-01-08 01:51:29,537] INFO: Iter 26400 Summary: 
[2025-01-08 01:51:29,537] INFO: 	 lr: 0.00030000000000000073 	 Training loss: 0.042104749605059624
[2025-01-08 01:51:36,391] INFO: Iter 26500 Summary: 
[2025-01-08 01:51:36,392] INFO: 	 lr: 0.00030000000000000073 	 Training loss: 0.04204415246844292
[2025-01-08 01:51:43,271] INFO: Iter 26600 Summary: 
[2025-01-08 01:51:43,271] INFO: 	 lr: 0.00030000000000000073 	 Training loss: 0.042121379859745504
[2025-01-08 01:51:50,018] INFO: Iter 26700 Summary: 
[2025-01-08 01:51:50,018] INFO: 	 lr: 0.00030000000000000073 	 Training loss: 0.04211878687143326
[2025-01-08 01:51:56,945] INFO: Iter 26800 Summary: 
[2025-01-08 01:51:56,945] INFO: 	 lr: 0.00030000000000000073 	 Training loss: 0.042179744504392144
[2025-01-08 01:52:05,402] INFO: Iter 26900 Summary: 
[2025-01-08 01:52:05,403] INFO: 	 lr: 0.00030000000000000073 	 Training loss: 0.042233405858278276
[2025-01-08 01:52:12,375] INFO: Iter 27000 Summary: 
[2025-01-08 01:52:12,375] INFO: 	 lr: 0.00030000000000000073 	 Training loss: 0.041797821633517744
[2025-01-08 01:52:19,322] INFO: Iter 27100 Summary: 
[2025-01-08 01:52:19,322] INFO: 	 lr: 0.00030000000000000073 	 Training loss: 0.041950951628386975
[2025-01-08 01:52:26,356] INFO: Iter 27200 Summary: 
[2025-01-08 01:52:26,356] INFO: 	 lr: 0.00030000000000000073 	 Training loss: 0.04181973155587912
[2025-01-08 01:52:33,215] INFO: Iter 27300 Summary: 
[2025-01-08 01:52:33,215] INFO: 	 lr: 0.00030000000000000073 	 Training loss: 0.04202082771807909
[2025-01-08 01:52:39,763] INFO: Iter 27400 Summary: 
[2025-01-08 01:52:39,763] INFO: 	 lr: 0.00030000000000000073 	 Training loss: 0.0419298281148076
[2025-01-08 01:52:46,699] INFO: Iter 27500 Summary: 
[2025-01-08 01:52:46,699] INFO: 	 lr: 0.00030000000000000073 	 Training loss: 0.0422268757969141
[2025-01-08 01:52:55,016] INFO: Iter 27600 Summary: 
[2025-01-08 01:52:55,016] INFO: 	 lr: 0.00030000000000000073 	 Training loss: 0.04206454548984766
[2025-01-08 01:53:01,969] INFO: Iter 27700 Summary: 
[2025-01-08 01:53:01,970] INFO: 	 lr: 0.00030000000000000073 	 Training loss: 0.042192808203399185
[2025-01-08 01:53:08,940] INFO: Iter 27800 Summary: 
[2025-01-08 01:53:08,940] INFO: 	 lr: 0.00030000000000000073 	 Training loss: 0.04190189138054848
[2025-01-08 01:53:15,870] INFO: Iter 27900 Summary: 
[2025-01-08 01:53:15,870] INFO: 	 lr: 0.00030000000000000073 	 Training loss: 0.04208730209618807
[2025-01-08 01:53:22,831] INFO: Iter 28000 Summary: 
[2025-01-08 01:53:22,831] INFO: 	 lr: 0.00030000000000000073 	 Training loss: 0.041831939630210396
[2025-01-08 02:02:05,525] INFO: Iter 28100 Summary: 
[2025-01-08 02:02:05,525] INFO: 	 lr: 0.00030000000000000073 	 Training loss: 0.0416323184221983
[2025-01-08 02:02:12,738] INFO: Iter 28200 Summary: 
[2025-01-08 02:02:12,738] INFO: 	 lr: 0.00030000000000000073 	 Training loss: 0.042210567258298394
[2025-01-08 02:02:21,062] INFO: Iter 28300 Summary: 
[2025-01-08 02:02:21,063] INFO: 	 lr: 0.00030000000000000073 	 Training loss: 0.04154931899160147
[2025-01-08 02:02:27,903] INFO: Iter 28400 Summary: 
[2025-01-08 02:02:27,903] INFO: 	 lr: 0.00030000000000000073 	 Training loss: 0.04174446526914835
[2025-01-08 02:02:34,644] INFO: Iter 28500 Summary: 
[2025-01-08 02:02:34,645] INFO: 	 lr: 0.00030000000000000073 	 Training loss: 0.04207065235823393
[2025-01-08 02:02:41,450] INFO: Iter 28600 Summary: 
[2025-01-08 02:02:41,450] INFO: 	 lr: 0.00030000000000000073 	 Training loss: 0.04189470369368792
[2025-01-08 02:02:48,208] INFO: Iter 28700 Summary: 
[2025-01-08 02:02:48,208] INFO: 	 lr: 0.00030000000000000073 	 Training loss: 0.04194795198738575
[2025-01-08 02:02:54,962] INFO: Iter 28800 Summary: 
[2025-01-08 02:02:54,962] INFO: 	 lr: 0.00030000000000000073 	 Training loss: 0.042132090963423255
[2025-01-08 02:03:03,114] INFO: Iter 28900 Summary: 
[2025-01-08 02:03:03,114] INFO: 	 lr: 0.00030000000000000073 	 Training loss: 0.04193621978163719
[2025-01-08 02:03:10,264] INFO: Iter 29000 Summary: 
[2025-01-08 02:03:10,264] INFO: 	 lr: 0.00030000000000000073 	 Training loss: 0.04168636482208967
[2025-01-08 02:03:17,134] INFO: Iter 29100 Summary: 
[2025-01-08 02:03:17,134] INFO: 	 lr: 0.00030000000000000073 	 Training loss: 0.0416795389726758
[2025-01-08 02:03:23,980] INFO: Iter 29200 Summary: 
[2025-01-08 02:03:23,980] INFO: 	 lr: 0.00030000000000000073 	 Training loss: 0.04177442383021116
[2025-01-08 02:03:30,842] INFO: Iter 29300 Summary: 
[2025-01-08 02:03:30,843] INFO: 	 lr: 0.00030000000000000073 	 Training loss: 0.04195404157042503
[2025-01-08 02:03:37,529] INFO: Iter 29400 Summary: 
[2025-01-08 02:03:37,529] INFO: 	 lr: 0.00030000000000000073 	 Training loss: 0.04168352283537388
[2025-01-08 02:03:44,308] INFO: Iter 29500 Summary: 
[2025-01-08 02:03:44,308] INFO: 	 lr: 0.00030000000000000073 	 Training loss: 0.04205492746084929
[2025-01-08 02:03:52,361] INFO: Iter 29600 Summary: 
[2025-01-08 02:03:52,362] INFO: 	 lr: 0.00030000000000000073 	 Training loss: 0.041823165714740755
[2025-01-08 02:03:59,483] INFO: Iter 29700 Summary: 
[2025-01-08 02:03:59,483] INFO: 	 lr: 0.00030000000000000073 	 Training loss: 0.04168085396289825
[2025-01-08 02:04:06,204] INFO: Iter 29800 Summary: 
[2025-01-08 02:04:06,204] INFO: 	 lr: 0.00030000000000000073 	 Training loss: 0.041553975567221645
[2025-01-08 02:04:12,689] INFO: Iter 29900 Summary: 
[2025-01-08 02:04:12,689] INFO: 	 lr: 0.00030000000000000073 	 Training loss: 0.041956685855984686
[2025-01-08 02:04:19,190] INFO: Iter 30000 Summary: 
[2025-01-08 02:04:19,191] INFO: 	 lr: 0.00030000000000000073 	 Training loss: 0.042177220433950426
[2025-01-08 02:04:28,623] INFO: Iter 30100 Summary: 
[2025-01-08 02:04:28,623] INFO: 	 lr: 1.2900000000000026e-05 	 Training loss: 0.0406693821772933
[2025-01-08 02:04:35,141] INFO: Iter 30200 Summary: 
[2025-01-08 02:04:35,141] INFO: 	 lr: 1.000000000000002e-05 	 Training loss: 0.040811554081738
[2025-01-08 02:04:42,881] INFO: Iter 30300 Summary: 
[2025-01-08 02:04:42,882] INFO: 	 lr: 1.000000000000002e-05 	 Training loss: 0.04077939990907908
[2025-01-08 02:04:49,459] INFO: Iter 30400 Summary: 
[2025-01-08 02:04:49,459] INFO: 	 lr: 1.000000000000002e-05 	 Training loss: 0.040042140372097496
[2025-01-08 02:04:55,967] INFO: Iter 30500 Summary: 
[2025-01-08 02:04:55,967] INFO: 	 lr: 1.000000000000002e-05 	 Training loss: 0.04013612270355225
[2025-01-08 02:05:02,701] INFO: Iter 30600 Summary: 
[2025-01-08 02:05:02,701] INFO: 	 lr: 1.000000000000002e-05 	 Training loss: 0.040336427837610246
[2025-01-08 02:05:09,225] INFO: Iter 30700 Summary: 
[2025-01-08 02:05:09,226] INFO: 	 lr: 1.000000000000002e-05 	 Training loss: 0.0402546389773488
[2025-01-08 02:05:15,705] INFO: Iter 30800 Summary: 
[2025-01-08 02:05:15,705] INFO: 	 lr: 1.000000000000002e-05 	 Training loss: 0.040202036760747434
[2025-01-08 02:05:22,198] INFO: Iter 30900 Summary: 
[2025-01-08 02:05:22,198] INFO: 	 lr: 1.000000000000002e-05 	 Training loss: 0.04007367234677076
[2025-01-08 02:05:29,923] INFO: Iter 31000 Summary: 
[2025-01-08 02:05:29,924] INFO: 	 lr: 1.000000000000002e-05 	 Training loss: 0.040115603655576704
[2025-01-08 02:05:36,173] INFO: Iter 31100 Summary: 
[2025-01-08 02:05:36,174] INFO: 	 lr: 1.000000000000002e-05 	 Training loss: 0.03996814914047718
[2025-01-08 02:05:42,746] INFO: Iter 31200 Summary: 
[2025-01-08 02:05:42,746] INFO: 	 lr: 1.000000000000002e-05 	 Training loss: 0.039912613444030284
[2025-01-08 02:05:49,407] INFO: Iter 31300 Summary: 
[2025-01-08 02:05:49,407] INFO: 	 lr: 1.000000000000002e-05 	 Training loss: 0.040032601766288284
[2025-01-08 02:05:55,951] INFO: Iter 31400 Summary: 
[2025-01-08 02:05:55,952] INFO: 	 lr: 1.000000000000002e-05 	 Training loss: 0.04012110747396946
[2025-01-08 02:06:02,467] INFO: Iter 31500 Summary: 
[2025-01-08 02:06:02,468] INFO: 	 lr: 1.000000000000002e-05 	 Training loss: 0.040167437233030796
[2025-01-08 02:06:09,307] INFO: Iter 31600 Summary: 
[2025-01-08 02:06:09,307] INFO: 	 lr: 1.000000000000002e-05 	 Training loss: 0.04001705586910248
[2025-01-08 02:06:17,048] INFO: Iter 31700 Summary: 
[2025-01-08 02:06:17,048] INFO: 	 lr: 1.000000000000002e-05 	 Training loss: 0.0398536142706871
[2025-01-08 02:06:23,558] INFO: Iter 31800 Summary: 
[2025-01-08 02:06:23,558] INFO: 	 lr: 1.000000000000002e-05 	 Training loss: 0.03994731567800045
[2025-01-08 02:06:30,070] INFO: Iter 31900 Summary: 
[2025-01-08 02:06:30,070] INFO: 	 lr: 1.000000000000002e-05 	 Training loss: 0.03969673167914152
[2025-01-08 02:06:36,576] INFO: Iter 32000 Summary: 
[2025-01-08 02:06:36,576] INFO: 	 lr: 1.000000000000002e-05 	 Training loss: 0.0398473072424531
[2025-01-08 02:06:45,958] INFO: Iter 32100 Summary: 
[2025-01-08 02:06:45,958] INFO: 	 lr: 1.000000000000002e-05 	 Training loss: 0.0398993518948555
[2025-01-08 02:06:52,346] INFO: Iter 32200 Summary: 
[2025-01-08 02:06:52,346] INFO: 	 lr: 1.000000000000002e-05 	 Training loss: 0.04007456552237272
[2025-01-08 02:06:58,856] INFO: Iter 32300 Summary: 
[2025-01-08 02:06:58,856] INFO: 	 lr: 1.000000000000002e-05 	 Training loss: 0.039947753213346
[2025-01-08 02:07:06,719] INFO: Iter 32400 Summary: 
[2025-01-08 02:07:06,720] INFO: 	 lr: 1.000000000000002e-05 	 Training loss: 0.04008514527231455
[2025-01-08 02:07:13,340] INFO: Iter 32500 Summary: 
[2025-01-08 02:07:13,341] INFO: 	 lr: 1.000000000000002e-05 	 Training loss: 0.039797678031027316
[2025-01-08 02:07:19,871] INFO: Iter 32600 Summary: 
[2025-01-08 02:07:19,872] INFO: 	 lr: 1.000000000000002e-05 	 Training loss: 0.039648575596511366
[2025-01-08 02:07:26,409] INFO: Iter 32700 Summary: 
[2025-01-08 02:07:26,409] INFO: 	 lr: 1.000000000000002e-05 	 Training loss: 0.039784364514052865
[2025-01-08 02:07:32,926] INFO: Iter 32800 Summary: 
[2025-01-08 02:07:32,927] INFO: 	 lr: 1.000000000000002e-05 	 Training loss: 0.03964585781097412
[2025-01-08 02:07:39,719] INFO: Iter 32900 Summary: 
[2025-01-08 02:07:39,719] INFO: 	 lr: 1.000000000000002e-05 	 Training loss: 0.04024702709168196
[2025-01-08 02:07:46,500] INFO: Iter 33000 Summary: 
[2025-01-08 02:07:46,500] INFO: 	 lr: 1.000000000000002e-05 	 Training loss: 0.0397848616167903
[2025-01-08 02:07:54,645] INFO: Iter 33100 Summary: 
[2025-01-08 02:07:54,646] INFO: 	 lr: 1.000000000000002e-05 	 Training loss: 0.040100036412477495
[2025-01-08 02:08:01,288] INFO: Iter 33200 Summary: 
[2025-01-08 02:08:01,288] INFO: 	 lr: 1.000000000000002e-05 	 Training loss: 0.039657445512712004
[2025-01-08 02:08:07,835] INFO: Iter 33300 Summary: 
[2025-01-08 02:08:07,835] INFO: 	 lr: 1.000000000000002e-05 	 Training loss: 0.03985915258526802
[2025-01-08 02:08:14,367] INFO: Iter 33400 Summary: 
[2025-01-08 02:08:14,367] INFO: 	 lr: 1.000000000000002e-05 	 Training loss: 0.04012360285967589
[2025-01-08 02:08:20,853] INFO: Iter 33500 Summary: 
[2025-01-08 02:08:20,854] INFO: 	 lr: 1.000000000000002e-05 	 Training loss: 0.03979990627616644
[2025-01-08 02:08:27,408] INFO: Iter 33600 Summary: 
[2025-01-08 02:08:27,408] INFO: 	 lr: 1.000000000000002e-05 	 Training loss: 0.03943359237164259
[2025-01-08 02:08:33,948] INFO: Iter 33700 Summary: 
[2025-01-08 02:08:33,948] INFO: 	 lr: 1.000000000000002e-05 	 Training loss: 0.03968177348375321
[2025-01-08 02:08:42,571] INFO: Iter 33800 Summary: 
[2025-01-08 02:08:42,572] INFO: 	 lr: 1.000000000000002e-05 	 Training loss: 0.03989991586655378
[2025-01-08 02:08:49,095] INFO: Iter 33900 Summary: 
[2025-01-08 02:08:49,095] INFO: 	 lr: 1.000000000000002e-05 	 Training loss: 0.03959626719355583
[2025-01-08 02:08:55,930] INFO: Iter 34000 Summary: 
[2025-01-08 02:08:55,930] INFO: 	 lr: 1.000000000000002e-05 	 Training loss: 0.04014412995427847
[2025-01-08 02:09:05,606] INFO: Iter 34100 Summary: 
[2025-01-08 02:09:05,606] INFO: 	 lr: 1.000000000000002e-05 	 Training loss: 0.039732098132371906
[2025-01-08 02:09:12,803] INFO: Iter 34200 Summary: 
[2025-01-08 02:09:12,803] INFO: 	 lr: 1.000000000000002e-05 	 Training loss: 0.03975441966205835
[2025-01-08 02:09:20,019] INFO: Iter 34300 Summary: 
[2025-01-08 02:09:20,019] INFO: 	 lr: 1.000000000000002e-05 	 Training loss: 0.03959606565535068
[2025-01-08 02:09:27,109] INFO: Iter 34400 Summary: 
[2025-01-08 02:09:27,110] INFO: 	 lr: 1.000000000000002e-05 	 Training loss: 0.03963752511888743
[2025-01-08 02:09:35,502] INFO: Iter 34500 Summary: 
[2025-01-08 02:09:35,503] INFO: 	 lr: 1.000000000000002e-05 	 Training loss: 0.039824641719460485
[2025-01-08 02:09:42,578] INFO: Iter 34600 Summary: 
[2025-01-08 02:09:42,578] INFO: 	 lr: 1.000000000000002e-05 	 Training loss: 0.03993203926831484
[2025-01-08 02:09:49,588] INFO: Iter 34700 Summary: 
[2025-01-08 02:09:49,588] INFO: 	 lr: 1.000000000000002e-05 	 Training loss: 0.03957127474248409
[2025-01-08 02:09:56,843] INFO: Iter 34800 Summary: 
[2025-01-08 02:09:56,844] INFO: 	 lr: 1.000000000000002e-05 	 Training loss: 0.0395735426992178
[2025-01-08 02:10:04,073] INFO: Iter 34900 Summary: 
[2025-01-08 02:10:04,073] INFO: 	 lr: 1.000000000000002e-05 	 Training loss: 0.03956824567168951
[2025-01-08 02:10:11,336] INFO: Iter 35000 Summary: 
[2025-01-08 02:10:11,336] INFO: 	 lr: 1.000000000000002e-05 	 Training loss: 0.03968026533722877
[2025-01-08 02:10:19,227] INFO: Iter 35100 Summary: 
[2025-01-08 02:10:19,227] INFO: 	 lr: 1.000000000000002e-05 	 Training loss: 0.03985146570950746
[2025-01-08 02:10:25,820] INFO: Iter 35200 Summary: 
[2025-01-08 02:10:25,820] INFO: 	 lr: 1.000000000000002e-05 	 Training loss: 0.04003661930561066
[2025-01-08 02:10:32,352] INFO: Iter 35300 Summary: 
[2025-01-08 02:10:32,352] INFO: 	 lr: 1.000000000000002e-05 	 Training loss: 0.03953453317284584
[2025-01-08 02:10:38,838] INFO: Iter 35400 Summary: 
[2025-01-08 02:10:38,838] INFO: 	 lr: 1.000000000000002e-05 	 Training loss: 0.0397069401293993
[2025-01-08 02:10:45,365] INFO: Iter 35500 Summary: 
[2025-01-08 02:10:45,366] INFO: 	 lr: 1.000000000000002e-05 	 Training loss: 0.03931176777929068
[2025-01-08 02:10:51,900] INFO: Iter 35600 Summary: 
[2025-01-08 02:10:51,901] INFO: 	 lr: 1.000000000000002e-05 	 Training loss: 0.03996730081737041
[2025-01-08 02:10:58,441] INFO: Iter 35700 Summary: 
[2025-01-08 02:10:58,441] INFO: 	 lr: 1.000000000000002e-05 	 Training loss: 0.03975583285093307
[2025-01-08 02:11:06,281] INFO: Iter 35800 Summary: 
[2025-01-08 02:11:06,281] INFO: 	 lr: 1.000000000000002e-05 	 Training loss: 0.03963127698749304
[2025-01-08 02:11:12,883] INFO: Iter 35900 Summary: 
[2025-01-08 02:11:12,883] INFO: 	 lr: 1.000000000000002e-05 	 Training loss: 0.03967823527753353
[2025-01-08 02:11:19,491] INFO: Iter 36000 Summary: 
[2025-01-08 02:11:19,491] INFO: 	 lr: 1.000000000000002e-05 	 Training loss: 0.039557197503745554
[2025-01-08 02:11:28,494] INFO: Iter 36100 Summary: 
[2025-01-08 02:11:28,494] INFO: 	 lr: 1.000000000000002e-05 	 Training loss: 0.0396471843123436
[2025-01-08 02:11:34,687] INFO: Iter 36200 Summary: 
[2025-01-08 02:11:34,687] INFO: 	 lr: 1.000000000000002e-05 	 Training loss: 0.03958691157400608
[2025-01-08 02:11:41,226] INFO: Iter 36300 Summary: 
[2025-01-08 02:11:41,226] INFO: 	 lr: 1.000000000000002e-05 	 Training loss: 0.03941179770976305
[2025-01-08 02:11:47,764] INFO: Iter 36400 Summary: 
[2025-01-08 02:11:47,764] INFO: 	 lr: 1.000000000000002e-05 	 Training loss: 0.040017437972128395
[2025-01-08 02:11:55,635] INFO: Iter 36500 Summary: 
[2025-01-08 02:11:55,635] INFO: 	 lr: 1.000000000000002e-05 	 Training loss: 0.039642715007066724
[2025-01-08 02:12:02,193] INFO: Iter 36600 Summary: 
[2025-01-08 02:12:02,193] INFO: 	 lr: 1.000000000000002e-05 	 Training loss: 0.03972005639225244
[2025-01-08 02:12:08,678] INFO: Iter 36700 Summary: 
[2025-01-08 02:12:08,678] INFO: 	 lr: 1.000000000000002e-05 	 Training loss: 0.03975801568478346
[2025-01-08 02:12:15,177] INFO: Iter 36800 Summary: 
[2025-01-08 02:12:15,177] INFO: 	 lr: 1.000000000000002e-05 	 Training loss: 0.03939353745430708
[2025-01-08 02:12:21,681] INFO: Iter 36900 Summary: 
[2025-01-08 02:12:21,681] INFO: 	 lr: 1.000000000000002e-05 	 Training loss: 0.039630055986344816
[2025-01-08 02:12:28,205] INFO: Iter 37000 Summary: 
[2025-01-08 02:12:28,206] INFO: 	 lr: 1.000000000000002e-05 	 Training loss: 0.039636478424072266
[2025-01-08 02:12:34,723] INFO: Iter 37100 Summary: 
[2025-01-08 02:12:34,723] INFO: 	 lr: 1.000000000000002e-05 	 Training loss: 0.04012043915688992
[2025-01-08 02:12:42,473] INFO: Iter 37200 Summary: 
[2025-01-08 02:12:42,473] INFO: 	 lr: 1.000000000000002e-05 	 Training loss: 0.0393040381744504
[2025-01-08 02:12:48,998] INFO: Iter 37300 Summary: 
[2025-01-08 02:12:48,998] INFO: 	 lr: 1.000000000000002e-05 	 Training loss: 0.039460957422852515
[2025-01-08 02:12:55,493] INFO: Iter 37400 Summary: 
[2025-01-08 02:12:55,493] INFO: 	 lr: 1.000000000000002e-05 	 Training loss: 0.03978569135069847
[2025-01-08 02:13:01,610] INFO: Iter 37500 Summary: 
[2025-01-08 02:13:01,610] INFO: 	 lr: 1.000000000000002e-05 	 Training loss: 0.0394923372939229
[2025-01-08 02:13:08,213] INFO: Iter 37600 Summary: 
[2025-01-08 02:13:08,214] INFO: 	 lr: 1.000000000000002e-05 	 Training loss: 0.039612475894391534
[2025-01-08 02:13:14,292] INFO: Iter 37700 Summary: 
[2025-01-08 02:13:14,292] INFO: 	 lr: 1.000000000000002e-05 	 Training loss: 0.03966128278523683
[2025-01-08 02:13:21,358] INFO: Iter 37800 Summary: 
[2025-01-08 02:13:21,358] INFO: 	 lr: 1.000000000000002e-05 	 Training loss: 0.039537466615438464
[2025-01-08 02:13:29,232] INFO: Iter 37900 Summary: 
[2025-01-08 02:13:29,232] INFO: 	 lr: 1.000000000000002e-05 	 Training loss: 0.039709240347146985
[2025-01-08 02:13:35,742] INFO: Iter 38000 Summary: 
[2025-01-08 02:13:35,742] INFO: 	 lr: 1.000000000000002e-05 	 Training loss: 0.03979666296392679
[2025-01-08 02:13:45,221] INFO: Iter 38100 Summary: 
[2025-01-08 02:13:45,221] INFO: 	 lr: 1.000000000000002e-05 	 Training loss: 0.039527900032699105
[2025-01-08 02:13:51,809] INFO: Iter 38200 Summary: 
[2025-01-08 02:13:51,809] INFO: 	 lr: 1.000000000000002e-05 	 Training loss: 0.03941867019981146
[2025-01-08 02:13:58,298] INFO: Iter 38300 Summary: 
[2025-01-08 02:13:58,298] INFO: 	 lr: 1.000000000000002e-05 	 Training loss: 0.03957070793956518
[2025-01-08 02:14:04,783] INFO: Iter 38400 Summary: 
[2025-01-08 02:14:04,783] INFO: 	 lr: 1.000000000000002e-05 	 Training loss: 0.03958899732679129
[2025-01-08 02:14:11,317] INFO: Iter 38500 Summary: 
[2025-01-08 02:14:11,317] INFO: 	 lr: 1.000000000000002e-05 	 Training loss: 0.03955103900283575
[2025-01-08 02:14:18,921] INFO: Iter 38600 Summary: 
[2025-01-08 02:14:18,921] INFO: 	 lr: 1.000000000000002e-05 	 Training loss: 0.039567482955753804
[2025-01-08 02:14:25,419] INFO: Iter 38700 Summary: 
[2025-01-08 02:14:25,419] INFO: 	 lr: 1.000000000000002e-05 	 Training loss: 0.03957963887602091
[2025-01-08 02:14:31,904] INFO: Iter 38800 Summary: 
[2025-01-08 02:14:31,904] INFO: 	 lr: 1.000000000000002e-05 	 Training loss: 0.039524200670421124
[2025-01-08 02:14:38,392] INFO: Iter 38900 Summary: 
[2025-01-08 02:14:38,392] INFO: 	 lr: 1.000000000000002e-05 	 Training loss: 0.039355497770011426
[2025-01-08 02:14:44,925] INFO: Iter 39000 Summary: 
[2025-01-08 02:14:44,925] INFO: 	 lr: 1.000000000000002e-05 	 Training loss: 0.039469699673354626
[2025-01-08 02:14:51,397] INFO: Iter 39100 Summary: 
[2025-01-08 02:14:51,397] INFO: 	 lr: 1.000000000000002e-05 	 Training loss: 0.03945702515542507
[2025-01-08 02:14:57,888] INFO: Iter 39200 Summary: 
[2025-01-08 02:14:57,889] INFO: 	 lr: 1.000000000000002e-05 	 Training loss: 0.03967272825539112
[2025-01-08 02:15:05,695] INFO: Iter 39300 Summary: 
[2025-01-08 02:15:05,695] INFO: 	 lr: 1.000000000000002e-05 	 Training loss: 0.039576284475624564
[2025-01-08 02:15:12,184] INFO: Iter 39400 Summary: 
[2025-01-08 02:15:12,184] INFO: 	 lr: 1.000000000000002e-05 	 Training loss: 0.039401719123125074
[2025-01-08 02:15:18,664] INFO: Iter 39500 Summary: 
[2025-01-08 02:15:18,665] INFO: 	 lr: 1.000000000000002e-05 	 Training loss: 0.039103412739932536
[2025-01-08 02:15:25,188] INFO: Iter 39600 Summary: 
[2025-01-08 02:15:25,188] INFO: 	 lr: 1.000000000000002e-05 	 Training loss: 0.03956278543919325
[2025-01-08 02:15:31,674] INFO: Iter 39700 Summary: 
[2025-01-08 02:15:31,674] INFO: 	 lr: 1.000000000000002e-05 	 Training loss: 0.039779764004051685
[2025-01-08 02:15:38,150] INFO: Iter 39800 Summary: 
[2025-01-08 02:15:38,150] INFO: 	 lr: 1.000000000000002e-05 	 Training loss: 0.0393131947517395
[2025-01-08 02:15:44,649] INFO: Iter 39900 Summary: 
[2025-01-08 02:15:44,649] INFO: 	 lr: 1.000000000000002e-05 	 Training loss: 0.03933116763830185
[2025-01-08 02:15:52,531] INFO: Iter 40000 Summary: 
[2025-01-08 02:15:52,532] INFO: 	 lr: 1.000000000000002e-05 	 Training loss: 0.03927219808101654
