[2025-01-13 08:49:26,388] INFO: {
    "abs_dir": "/home/diwang/siMLPe/exps/baseline_h36m",
    "batch_size": 256,
    "cos_lr_max": 1e-05,
    "cos_lr_min": 5e-08,
    "cos_lr_total_iters": 40000,
    "data_aug": true,
    "deriv_input": true,
    "deriv_output": true,
    "device": "cuda:4",
    "h36m_anno_dir": "/home/diwang/siMLPe/data/h36m/",
    "link_log_file": "/home/diwang/siMLPe/exps/baseline_h36m/log/log_last.log",
    "link_val_log_file": "/home/diwang/siMLPe/exps/baseline_h36m/log/val_last.log",
    "log_dir": "/home/diwang/siMLPe/exps/baseline_h36m/log",
    "log_file": "/home/diwang/siMLPe/exps/baseline_h36m/log/log_2025_01_13_08_48_35.log",
    "model_pth": null,
    "motion": {
        "dim": 66,
        "h36m_input_length": 50,
        "h36m_input_length_dct": 50,
        "h36m_target_length": 10,
        "h36m_target_length_eval": 25,
        "h36m_target_length_train": 10
    },
    "motion_fc_in": {
        "activation": "relu",
        "in_features": 66,
        "init_w_trunc_normal": false,
        "out_features": 66,
        "temporal_fc": false,
        "with_norm": false
    },
    "motion_fc_out": {
        "activation": "relu",
        "in_features": 66,
        "init_w_trunc_normal": true,
        "out_features": 66,
        "temporal_fc": false,
        "with_norm": false
    },
    "motion_mlp": {
        "hidden_dim": 66,
        "norm_axis": "spatial",
        "num_layers": 48,
        "seq_len": 50,
        "spatial_fc_only": false,
        "with_normalization": true
    },
    "num_workers": 8,
    "post_dct": false,
    "pre_dct": false,
    "print_every": 100,
    "repo_name": "siMLPe",
    "root_dir": "/home/diwang/siMLPe",
    "save_every": 2000,
    "seed": 304,
    "shift_step": 1,
    "snapshot_dir": "/home/diwang/siMLPe/exps/baseline_h36m/log/snapshot",
    "this_dir": "baseline_h36m",
    "use_relative_loss": true,
    "val_log_file": "/home/diwang/siMLPe/exps/baseline_h36m/log/val_2025_01_13_08_48_35.log",
    "weight_decay": 0.0001
}
[2025-01-13 08:49:42,115] INFO: Iter 100 Summary: 
[2025-01-13 08:49:42,119] INFO: 	 lr: 0.00030000000000000073 	 Training loss: 0.08713441543281078
[2025-01-13 08:49:55,510] INFO: Iter 200 Summary: 
[2025-01-13 08:49:55,510] INFO: 	 lr: 0.00030000000000000073 	 Training loss: 0.07465265937149525
[2025-01-13 08:50:09,402] INFO: Iter 300 Summary: 
[2025-01-13 08:50:09,403] INFO: 	 lr: 0.00030000000000000073 	 Training loss: 0.07039082750678062
[2025-01-13 08:50:21,802] INFO: Iter 400 Summary: 
[2025-01-13 08:50:21,803] INFO: 	 lr: 0.00030000000000000073 	 Training loss: 0.06520674720406533
[2025-01-13 08:50:35,100] INFO: Iter 500 Summary: 
[2025-01-13 08:50:35,101] INFO: 	 lr: 0.00030000000000000073 	 Training loss: 0.06056007467210293
[2025-01-13 08:50:48,748] INFO: Iter 600 Summary: 
[2025-01-13 08:50:48,749] INFO: 	 lr: 0.00030000000000000073 	 Training loss: 0.05835030093789101
[2025-01-13 08:51:02,746] INFO: Iter 700 Summary: 
[2025-01-13 08:51:02,747] INFO: 	 lr: 0.00030000000000000073 	 Training loss: 0.057194854095578194
[2025-01-13 08:51:16,773] INFO: Iter 800 Summary: 
[2025-01-13 08:51:16,773] INFO: 	 lr: 0.00030000000000000073 	 Training loss: 0.056492888815701005
[2025-01-13 08:51:30,478] INFO: Iter 900 Summary: 
[2025-01-13 08:51:30,478] INFO: 	 lr: 0.00030000000000000073 	 Training loss: 0.0558500611782074
[2025-01-13 08:51:44,170] INFO: Iter 1000 Summary: 
[2025-01-13 08:51:44,170] INFO: 	 lr: 0.00030000000000000073 	 Training loss: 0.05572965428233147
[2025-01-13 08:51:57,404] INFO: Iter 1100 Summary: 
[2025-01-13 08:51:57,405] INFO: 	 lr: 0.00030000000000000073 	 Training loss: 0.05560596443712711
[2025-01-13 08:52:10,277] INFO: Iter 1200 Summary: 
[2025-01-13 08:52:10,277] INFO: 	 lr: 0.00030000000000000073 	 Training loss: 0.053845150135457515
[2025-01-13 08:52:23,896] INFO: Iter 1300 Summary: 
[2025-01-13 08:52:23,897] INFO: 	 lr: 0.00030000000000000073 	 Training loss: 0.05376107428222895
[2025-01-13 08:52:38,081] INFO: Iter 1400 Summary: 
[2025-01-13 08:52:38,082] INFO: 	 lr: 0.00030000000000000073 	 Training loss: 0.053796212300658224
[2025-01-13 08:52:51,856] INFO: Iter 1500 Summary: 
[2025-01-13 08:52:51,857] INFO: 	 lr: 0.00030000000000000073 	 Training loss: 0.053521576449275014
[2025-01-13 08:53:04,914] INFO: Iter 1600 Summary: 
[2025-01-13 08:53:04,915] INFO: 	 lr: 0.00030000000000000073 	 Training loss: 0.0528569421172142
[2025-01-13 08:53:19,224] INFO: Iter 1700 Summary: 
[2025-01-13 08:53:19,225] INFO: 	 lr: 0.00030000000000000073 	 Training loss: 0.05280514195561409
[2025-01-13 08:53:31,980] INFO: Iter 1800 Summary: 
[2025-01-13 08:53:31,980] INFO: 	 lr: 0.00030000000000000073 	 Training loss: 0.0520035371184349
[2025-01-13 08:53:47,537] INFO: Iter 1900 Summary: 
[2025-01-13 08:53:47,538] INFO: 	 lr: 0.00030000000000000073 	 Training loss: 0.05249262884259224
[2025-01-13 08:54:02,035] INFO: Iter 2000 Summary: 
[2025-01-13 08:54:02,036] INFO: 	 lr: 0.00030000000000000073 	 Training loss: 0.05153701808303594
[2025-01-13 08:54:21,362] INFO: Iter 2100 Summary: 
[2025-01-13 08:54:21,362] INFO: 	 lr: 0.00030000000000000073 	 Training loss: 0.051574781462550165
[2025-01-13 08:54:35,887] INFO: Iter 2200 Summary: 
[2025-01-13 08:54:35,887] INFO: 	 lr: 0.00030000000000000073 	 Training loss: 0.05120854839682579
[2025-01-13 08:54:49,580] INFO: Iter 2300 Summary: 
[2025-01-13 08:54:49,580] INFO: 	 lr: 0.00030000000000000073 	 Training loss: 0.05130393695086241
[2025-01-13 08:55:03,311] INFO: Iter 2400 Summary: 
[2025-01-13 08:55:03,312] INFO: 	 lr: 0.00030000000000000073 	 Training loss: 0.05106268398463726
[2025-01-13 08:55:16,320] INFO: Iter 2500 Summary: 
[2025-01-13 08:55:16,320] INFO: 	 lr: 0.00030000000000000073 	 Training loss: 0.05075976807624102
[2025-01-13 08:55:30,178] INFO: Iter 2600 Summary: 
[2025-01-13 08:55:30,178] INFO: 	 lr: 0.00030000000000000073 	 Training loss: 0.05111330348998308
[2025-01-13 08:55:45,450] INFO: Iter 2700 Summary: 
[2025-01-13 08:55:45,450] INFO: 	 lr: 0.00030000000000000073 	 Training loss: 0.050695504210889336
[2025-01-13 08:56:00,705] INFO: Iter 2800 Summary: 
[2025-01-13 08:56:00,706] INFO: 	 lr: 0.00030000000000000073 	 Training loss: 0.05012615829706192
[2025-01-13 08:56:15,985] INFO: Iter 2900 Summary: 
[2025-01-13 08:56:15,986] INFO: 	 lr: 0.00030000000000000073 	 Training loss: 0.04996498413383961
[2025-01-13 08:56:29,526] INFO: Iter 3000 Summary: 
[2025-01-13 08:56:29,527] INFO: 	 lr: 0.00030000000000000073 	 Training loss: 0.0504981653764844
[2025-01-13 08:56:42,789] INFO: Iter 3100 Summary: 
[2025-01-13 08:56:42,790] INFO: 	 lr: 0.00030000000000000073 	 Training loss: 0.04997357729822397
[2025-01-13 08:56:55,979] INFO: Iter 3200 Summary: 
[2025-01-13 08:56:55,979] INFO: 	 lr: 0.00030000000000000073 	 Training loss: 0.04998678430914879
[2025-01-13 08:57:10,547] INFO: Iter 3300 Summary: 
[2025-01-13 08:57:10,548] INFO: 	 lr: 0.00030000000000000073 	 Training loss: 0.04980281211435795
[2025-01-13 08:57:24,880] INFO: Iter 3400 Summary: 
[2025-01-13 08:57:24,880] INFO: 	 lr: 0.00030000000000000073 	 Training loss: 0.049986099377274516
[2025-01-13 08:57:40,014] INFO: Iter 3500 Summary: 
[2025-01-13 08:57:40,015] INFO: 	 lr: 0.00030000000000000073 	 Training loss: 0.049844023585319516
[2025-01-13 08:57:53,661] INFO: Iter 3600 Summary: 
[2025-01-13 08:57:53,661] INFO: 	 lr: 0.00030000000000000073 	 Training loss: 0.049786487855017186
[2025-01-13 08:58:07,105] INFO: Iter 3700 Summary: 
[2025-01-13 08:58:07,106] INFO: 	 lr: 0.00030000000000000073 	 Training loss: 0.04896692767739296
[2025-01-13 08:58:18,217] INFO: Iter 3800 Summary: 
[2025-01-13 08:58:18,218] INFO: 	 lr: 0.00030000000000000073 	 Training loss: 0.048942401707172394
[2025-01-13 08:58:29,769] INFO: Iter 3900 Summary: 
[2025-01-13 08:58:29,770] INFO: 	 lr: 0.00030000000000000073 	 Training loss: 0.04885578088462353
[2025-01-13 08:58:44,004] INFO: Iter 4000 Summary: 
[2025-01-13 08:58:44,004] INFO: 	 lr: 0.00030000000000000073 	 Training loss: 0.04950512886047363
[2025-01-13 08:59:02,161] INFO: Iter 4100 Summary: 
[2025-01-13 08:59:02,166] INFO: 	 lr: 0.00030000000000000073 	 Training loss: 0.04947197809815407
[2025-01-13 08:59:16,332] INFO: Iter 4200 Summary: 
[2025-01-13 08:59:16,332] INFO: 	 lr: 0.00030000000000000073 	 Training loss: 0.04874685913324356
[2025-01-13 08:59:30,402] INFO: Iter 4300 Summary: 
[2025-01-13 08:59:30,402] INFO: 	 lr: 0.00030000000000000073 	 Training loss: 0.0489947671815753
[2025-01-13 08:59:43,607] INFO: Iter 4400 Summary: 
[2025-01-13 08:59:43,608] INFO: 	 lr: 0.00030000000000000073 	 Training loss: 0.048771480247378346
[2025-01-13 08:59:57,269] INFO: Iter 4500 Summary: 
[2025-01-13 08:59:57,269] INFO: 	 lr: 0.00030000000000000073 	 Training loss: 0.04852089587599039
[2025-01-13 09:00:11,444] INFO: Iter 4600 Summary: 
[2025-01-13 09:00:11,444] INFO: 	 lr: 0.00030000000000000073 	 Training loss: 0.048569814711809156
[2025-01-13 09:00:25,676] INFO: Iter 4700 Summary: 
[2025-01-13 09:00:25,677] INFO: 	 lr: 0.00030000000000000073 	 Training loss: 0.04811035331338644
[2025-01-13 09:00:40,300] INFO: Iter 4800 Summary: 
[2025-01-13 09:00:40,300] INFO: 	 lr: 0.00030000000000000073 	 Training loss: 0.048257830291986464
[2025-01-13 09:00:55,481] INFO: Iter 4900 Summary: 
[2025-01-13 09:00:55,481] INFO: 	 lr: 0.00030000000000000073 	 Training loss: 0.04823100741952658
[2025-01-13 09:01:08,254] INFO: Iter 5000 Summary: 
[2025-01-13 09:01:08,254] INFO: 	 lr: 0.00030000000000000073 	 Training loss: 0.048762828670442106
[2025-01-13 09:01:21,577] INFO: Iter 5100 Summary: 
[2025-01-13 09:01:21,577] INFO: 	 lr: 0.00030000000000000073 	 Training loss: 0.048060133419930935
[2025-01-13 09:01:32,673] INFO: Iter 5200 Summary: 
[2025-01-13 09:01:32,673] INFO: 	 lr: 0.00030000000000000073 	 Training loss: 0.04784172233194113
[2025-01-13 09:01:40,724] INFO: Iter 5300 Summary: 
[2025-01-13 09:01:40,724] INFO: 	 lr: 0.00030000000000000073 	 Training loss: 0.04791609726846218
[2025-01-13 09:01:48,267] INFO: Iter 5400 Summary: 
[2025-01-13 09:01:48,267] INFO: 	 lr: 0.00030000000000000073 	 Training loss: 0.04737825326621532
[2025-01-13 09:01:56,250] INFO: Iter 5500 Summary: 
[2025-01-13 09:01:56,251] INFO: 	 lr: 0.00030000000000000073 	 Training loss: 0.04770405124872923
[2025-01-13 09:02:04,252] INFO: Iter 5600 Summary: 
[2025-01-13 09:02:04,253] INFO: 	 lr: 0.00030000000000000073 	 Training loss: 0.04750795938074589
[2025-01-13 09:02:12,100] INFO: Iter 5700 Summary: 
[2025-01-13 09:02:12,100] INFO: 	 lr: 0.00030000000000000073 	 Training loss: 0.0470867008715868
[2025-01-13 09:02:19,468] INFO: Iter 5800 Summary: 
[2025-01-13 09:02:19,469] INFO: 	 lr: 0.00030000000000000073 	 Training loss: 0.047346521094441416
[2025-01-13 09:02:26,950] INFO: Iter 5900 Summary: 
[2025-01-13 09:02:26,951] INFO: 	 lr: 0.00030000000000000073 	 Training loss: 0.046948316134512426
[2025-01-13 09:02:35,089] INFO: Iter 6000 Summary: 
[2025-01-13 09:02:35,089] INFO: 	 lr: 0.00030000000000000073 	 Training loss: 0.04700473707169294
[2025-01-13 09:02:44,935] INFO: Iter 6100 Summary: 
[2025-01-13 09:02:44,936] INFO: 	 lr: 0.00030000000000000073 	 Training loss: 0.046784941554069516
[2025-01-13 09:02:53,386] INFO: Iter 6200 Summary: 
[2025-01-13 09:02:53,386] INFO: 	 lr: 0.00030000000000000073 	 Training loss: 0.046652512699365614
[2025-01-13 09:03:01,340] INFO: Iter 6300 Summary: 
[2025-01-13 09:03:01,340] INFO: 	 lr: 0.00030000000000000073 	 Training loss: 0.04644642986357212
[2025-01-13 09:03:08,665] INFO: Iter 6400 Summary: 
[2025-01-13 09:03:08,665] INFO: 	 lr: 0.00030000000000000073 	 Training loss: 0.046506319902837275
[2025-01-13 09:03:15,747] INFO: Iter 6500 Summary: 
[2025-01-13 09:03:15,748] INFO: 	 lr: 0.00030000000000000073 	 Training loss: 0.04618743471801281
[2025-01-13 09:03:23,292] INFO: Iter 6600 Summary: 
[2025-01-13 09:03:23,292] INFO: 	 lr: 0.00030000000000000073 	 Training loss: 0.04623363096266985
[2025-01-13 09:03:30,562] INFO: Iter 6700 Summary: 
[2025-01-13 09:03:30,562] INFO: 	 lr: 0.00030000000000000073 	 Training loss: 0.04601345431059599
[2025-01-13 09:03:37,877] INFO: Iter 6800 Summary: 
[2025-01-13 09:03:37,878] INFO: 	 lr: 0.00030000000000000073 	 Training loss: 0.04568120781332254
[2025-01-13 09:03:45,698] INFO: Iter 6900 Summary: 
[2025-01-13 09:03:45,699] INFO: 	 lr: 0.00030000000000000073 	 Training loss: 0.04595132727175951
[2025-01-13 09:03:52,791] INFO: Iter 7000 Summary: 
[2025-01-13 09:03:52,791] INFO: 	 lr: 0.00030000000000000073 	 Training loss: 0.04602955527603626
[2025-01-13 09:04:00,212] INFO: Iter 7100 Summary: 
[2025-01-13 09:04:00,212] INFO: 	 lr: 0.00030000000000000073 	 Training loss: 0.04556172482669354
[2025-01-13 09:04:07,678] INFO: Iter 7200 Summary: 
[2025-01-13 09:04:07,678] INFO: 	 lr: 0.00030000000000000073 	 Training loss: 0.04536982081830501
[2025-01-13 09:04:15,202] INFO: Iter 7300 Summary: 
[2025-01-13 09:04:15,203] INFO: 	 lr: 0.00030000000000000073 	 Training loss: 0.04520168207585812
[2025-01-13 09:04:22,481] INFO: Iter 7400 Summary: 
[2025-01-13 09:04:22,481] INFO: 	 lr: 0.00030000000000000073 	 Training loss: 0.04516506765037775
[2025-01-13 09:04:29,812] INFO: Iter 7500 Summary: 
[2025-01-13 09:04:29,812] INFO: 	 lr: 0.00030000000000000073 	 Training loss: 0.04518701184540987
[2025-01-13 09:04:37,943] INFO: Iter 7600 Summary: 
[2025-01-13 09:04:37,943] INFO: 	 lr: 0.00030000000000000073 	 Training loss: 0.04520420327782631
[2025-01-13 09:04:45,332] INFO: Iter 7700 Summary: 
[2025-01-13 09:04:45,333] INFO: 	 lr: 0.00030000000000000073 	 Training loss: 0.04494573947042227
[2025-01-13 09:04:53,085] INFO: Iter 7800 Summary: 
[2025-01-13 09:04:53,085] INFO: 	 lr: 0.00030000000000000073 	 Training loss: 0.04434569101780653
[2025-01-13 09:05:00,586] INFO: Iter 7900 Summary: 
[2025-01-13 09:05:00,587] INFO: 	 lr: 0.00030000000000000073 	 Training loss: 0.04454519808292389
[2025-01-13 09:05:08,059] INFO: Iter 8000 Summary: 
[2025-01-13 09:05:08,060] INFO: 	 lr: 0.00030000000000000073 	 Training loss: 0.04460116993635893
[2025-01-13 09:05:17,450] INFO: Iter 8100 Summary: 
[2025-01-13 09:05:17,450] INFO: 	 lr: 0.00030000000000000073 	 Training loss: 0.044585944600403306
[2025-01-13 09:05:24,734] INFO: Iter 8200 Summary: 
[2025-01-13 09:05:24,734] INFO: 	 lr: 0.00030000000000000073 	 Training loss: 0.04447371955960989
[2025-01-13 09:05:32,772] INFO: Iter 8300 Summary: 
[2025-01-13 09:05:32,773] INFO: 	 lr: 0.00030000000000000073 	 Training loss: 0.044700459614396094
[2025-01-13 09:05:40,056] INFO: Iter 8400 Summary: 
[2025-01-13 09:05:40,056] INFO: 	 lr: 0.00030000000000000073 	 Training loss: 0.04418327074497938
[2025-01-13 09:05:47,740] INFO: Iter 8500 Summary: 
[2025-01-13 09:05:47,740] INFO: 	 lr: 0.00030000000000000073 	 Training loss: 0.04434201050549746
[2025-01-13 09:05:55,462] INFO: Iter 8600 Summary: 
[2025-01-13 09:05:55,462] INFO: 	 lr: 0.00030000000000000073 	 Training loss: 0.043780361376702784
[2025-01-13 09:06:02,533] INFO: Iter 8700 Summary: 
[2025-01-13 09:06:02,533] INFO: 	 lr: 0.00030000000000000073 	 Training loss: 0.044004570730030536
[2025-01-13 09:06:09,802] INFO: Iter 8800 Summary: 
[2025-01-13 09:06:09,803] INFO: 	 lr: 0.00030000000000000073 	 Training loss: 0.04419297743588686
[2025-01-13 09:06:17,002] INFO: Iter 8900 Summary: 
[2025-01-13 09:06:17,003] INFO: 	 lr: 0.00030000000000000073 	 Training loss: 0.04348462998867035
[2025-01-13 09:06:25,042] INFO: Iter 9000 Summary: 
[2025-01-13 09:06:25,043] INFO: 	 lr: 0.00030000000000000073 	 Training loss: 0.043512687794864176
[2025-01-13 09:06:32,484] INFO: Iter 9100 Summary: 
[2025-01-13 09:06:32,484] INFO: 	 lr: 0.00030000000000000073 	 Training loss: 0.043764249086380005
[2025-01-13 09:06:39,829] INFO: Iter 9200 Summary: 
[2025-01-13 09:06:39,830] INFO: 	 lr: 0.00030000000000000073 	 Training loss: 0.043722090497612956
[2025-01-13 09:06:47,145] INFO: Iter 9300 Summary: 
[2025-01-13 09:06:47,145] INFO: 	 lr: 0.00030000000000000073 	 Training loss: 0.043615618348121644
[2025-01-13 09:06:54,586] INFO: Iter 9400 Summary: 
[2025-01-13 09:06:54,586] INFO: 	 lr: 0.00030000000000000073 	 Training loss: 0.043069281950592994
[2025-01-13 09:07:02,172] INFO: Iter 9500 Summary: 
[2025-01-13 09:07:02,173] INFO: 	 lr: 0.00030000000000000073 	 Training loss: 0.04327459707856178
[2025-01-13 09:07:09,509] INFO: Iter 9600 Summary: 
[2025-01-13 09:07:09,509] INFO: 	 lr: 0.00030000000000000073 	 Training loss: 0.04331291150301695
[2025-01-13 09:07:17,454] INFO: Iter 9700 Summary: 
[2025-01-13 09:07:17,455] INFO: 	 lr: 0.00030000000000000073 	 Training loss: 0.043193360045552256
[2025-01-13 09:07:24,863] INFO: Iter 9800 Summary: 
[2025-01-13 09:07:24,863] INFO: 	 lr: 0.00030000000000000073 	 Training loss: 0.043023174330592155
[2025-01-13 09:07:32,018] INFO: Iter 9900 Summary: 
[2025-01-13 09:07:32,018] INFO: 	 lr: 0.00030000000000000073 	 Training loss: 0.04291443474590778
[2025-01-13 09:07:39,245] INFO: Iter 10000 Summary: 
[2025-01-13 09:07:39,245] INFO: 	 lr: 0.00030000000000000073 	 Training loss: 0.04292451109737158
[2025-01-13 09:07:48,549] INFO: Iter 10100 Summary: 
[2025-01-13 09:07:48,549] INFO: 	 lr: 0.00030000000000000073 	 Training loss: 0.04322488527745008
[2025-01-13 09:07:55,937] INFO: Iter 10200 Summary: 
[2025-01-13 09:07:55,938] INFO: 	 lr: 0.00030000000000000073 	 Training loss: 0.04244921684265137
[2025-01-13 09:08:03,323] INFO: Iter 10300 Summary: 
[2025-01-13 09:08:03,324] INFO: 	 lr: 0.00030000000000000073 	 Training loss: 0.04283345468342304
[2025-01-13 09:08:10,948] INFO: Iter 10400 Summary: 
[2025-01-13 09:08:10,948] INFO: 	 lr: 0.00030000000000000073 	 Training loss: 0.04253769431263208
[2025-01-13 09:08:18,229] INFO: Iter 10500 Summary: 
[2025-01-13 09:08:18,229] INFO: 	 lr: 0.00030000000000000073 	 Training loss: 0.04290525253862142
[2025-01-13 09:08:25,686] INFO: Iter 10600 Summary: 
[2025-01-13 09:08:25,687] INFO: 	 lr: 0.00030000000000000073 	 Training loss: 0.04243043940514326
[2025-01-13 09:08:33,217] INFO: Iter 10700 Summary: 
[2025-01-13 09:08:33,218] INFO: 	 lr: 0.00030000000000000073 	 Training loss: 0.042439894378185274
[2025-01-13 09:08:41,036] INFO: Iter 10800 Summary: 
[2025-01-13 09:08:41,037] INFO: 	 lr: 0.00030000000000000073 	 Training loss: 0.04238349869847298
[2025-01-13 09:08:48,467] INFO: Iter 10900 Summary: 
[2025-01-13 09:08:48,468] INFO: 	 lr: 0.00030000000000000073 	 Training loss: 0.04236964784562588
[2025-01-13 09:08:55,891] INFO: Iter 11000 Summary: 
[2025-01-13 09:08:55,891] INFO: 	 lr: 0.00030000000000000073 	 Training loss: 0.04234189845621586
[2025-01-13 09:09:03,757] INFO: Iter 11100 Summary: 
[2025-01-13 09:09:03,758] INFO: 	 lr: 0.00030000000000000073 	 Training loss: 0.04230184521526098
[2025-01-13 09:09:10,926] INFO: Iter 11200 Summary: 
[2025-01-13 09:09:10,926] INFO: 	 lr: 0.00030000000000000073 	 Training loss: 0.042262847051024434
[2025-01-13 09:09:18,229] INFO: Iter 11300 Summary: 
[2025-01-13 09:09:18,230] INFO: 	 lr: 0.00030000000000000073 	 Training loss: 0.042245815694332126
[2025-01-13 09:09:25,625] INFO: Iter 11400 Summary: 
[2025-01-13 09:09:25,625] INFO: 	 lr: 0.00030000000000000073 	 Training loss: 0.041899132952094076
[2025-01-13 09:09:32,592] INFO: Iter 11500 Summary: 
[2025-01-13 09:09:32,592] INFO: 	 lr: 0.00030000000000000073 	 Training loss: 0.04241024680435657
[2025-01-13 09:09:39,886] INFO: Iter 11600 Summary: 
[2025-01-13 09:09:39,886] INFO: 	 lr: 0.00030000000000000073 	 Training loss: 0.0417292270436883
[2025-01-13 09:09:47,824] INFO: Iter 11700 Summary: 
[2025-01-13 09:09:47,825] INFO: 	 lr: 0.00030000000000000073 	 Training loss: 0.04170209288597107
[2025-01-13 09:09:55,138] INFO: Iter 11800 Summary: 
[2025-01-13 09:09:55,138] INFO: 	 lr: 0.00030000000000000073 	 Training loss: 0.04142823684960604
[2025-01-13 09:10:02,570] INFO: Iter 11900 Summary: 
[2025-01-13 09:10:02,570] INFO: 	 lr: 0.00030000000000000073 	 Training loss: 0.0417948492616415
[2025-01-13 09:10:10,279] INFO: Iter 12000 Summary: 
[2025-01-13 09:10:10,280] INFO: 	 lr: 0.00030000000000000073 	 Training loss: 0.04175304114818573
[2025-01-13 09:10:19,552] INFO: Iter 12100 Summary: 
[2025-01-13 09:10:19,552] INFO: 	 lr: 0.00030000000000000073 	 Training loss: 0.04197311766445637
[2025-01-13 09:10:26,988] INFO: Iter 12200 Summary: 
[2025-01-13 09:10:26,988] INFO: 	 lr: 0.00030000000000000073 	 Training loss: 0.04180588111281395
[2025-01-13 09:10:34,890] INFO: Iter 12300 Summary: 
[2025-01-13 09:10:34,890] INFO: 	 lr: 0.00030000000000000073 	 Training loss: 0.04171131268143654
[2025-01-13 09:10:43,069] INFO: Iter 12400 Summary: 
[2025-01-13 09:10:43,069] INFO: 	 lr: 0.00030000000000000073 	 Training loss: 0.04186767738312483
[2025-01-13 09:10:50,421] INFO: Iter 12500 Summary: 
[2025-01-13 09:10:50,422] INFO: 	 lr: 0.00030000000000000073 	 Training loss: 0.04135211084038019
[2025-01-13 09:10:57,794] INFO: Iter 12600 Summary: 
[2025-01-13 09:10:57,795] INFO: 	 lr: 0.00030000000000000073 	 Training loss: 0.04155595220625401
[2025-01-13 09:11:05,331] INFO: Iter 12700 Summary: 
[2025-01-13 09:11:05,331] INFO: 	 lr: 0.00030000000000000073 	 Training loss: 0.04169535357505083
[2025-01-13 09:11:12,543] INFO: Iter 12800 Summary: 
[2025-01-13 09:11:12,543] INFO: 	 lr: 0.00030000000000000073 	 Training loss: 0.04163368534296751
[2025-01-13 09:11:20,027] INFO: Iter 12900 Summary: 
[2025-01-13 09:11:20,028] INFO: 	 lr: 0.00030000000000000073 	 Training loss: 0.041289150454103946
[2025-01-13 09:11:27,510] INFO: Iter 13000 Summary: 
[2025-01-13 09:11:27,510] INFO: 	 lr: 0.00030000000000000073 	 Training loss: 0.04154212944209576
[2025-01-13 09:11:35,301] INFO: Iter 13100 Summary: 
[2025-01-13 09:11:35,301] INFO: 	 lr: 0.00030000000000000073 	 Training loss: 0.0417697835713625
[2025-01-13 09:11:42,772] INFO: Iter 13200 Summary: 
[2025-01-13 09:11:42,773] INFO: 	 lr: 0.00030000000000000073 	 Training loss: 0.04106343910098076
[2025-01-13 09:11:50,261] INFO: Iter 13300 Summary: 
[2025-01-13 09:11:50,261] INFO: 	 lr: 0.00030000000000000073 	 Training loss: 0.04124647159129381
[2025-01-13 09:11:57,710] INFO: Iter 13400 Summary: 
[2025-01-13 09:11:57,710] INFO: 	 lr: 0.00030000000000000073 	 Training loss: 0.041372916996479034
[2025-01-13 09:12:04,924] INFO: Iter 13500 Summary: 
[2025-01-13 09:12:04,924] INFO: 	 lr: 0.00030000000000000073 	 Training loss: 0.041279665529727935
[2025-01-13 09:12:12,433] INFO: Iter 13600 Summary: 
[2025-01-13 09:12:12,434] INFO: 	 lr: 0.00030000000000000073 	 Training loss: 0.04135957717895508
[2025-01-13 09:12:19,850] INFO: Iter 13700 Summary: 
[2025-01-13 09:12:19,850] INFO: 	 lr: 0.00030000000000000073 	 Training loss: 0.0410404397547245
[2025-01-13 09:12:27,873] INFO: Iter 13800 Summary: 
[2025-01-13 09:12:27,873] INFO: 	 lr: 0.00030000000000000073 	 Training loss: 0.04116179894655943
[2025-01-13 09:12:35,314] INFO: Iter 13900 Summary: 
[2025-01-13 09:12:35,314] INFO: 	 lr: 0.00030000000000000073 	 Training loss: 0.041091999858617785
[2025-01-13 09:12:42,778] INFO: Iter 14000 Summary: 
[2025-01-13 09:12:42,778] INFO: 	 lr: 0.00030000000000000073 	 Training loss: 0.041093160919845106
[2025-01-13 09:12:52,289] INFO: Iter 14100 Summary: 
[2025-01-13 09:12:52,289] INFO: 	 lr: 0.00030000000000000073 	 Training loss: 0.040723674073815344
[2025-01-13 09:12:59,871] INFO: Iter 14200 Summary: 
[2025-01-13 09:12:59,872] INFO: 	 lr: 0.00030000000000000073 	 Training loss: 0.04088923245668411
[2025-01-13 09:13:07,631] INFO: Iter 14300 Summary: 
[2025-01-13 09:13:07,632] INFO: 	 lr: 0.00030000000000000073 	 Training loss: 0.04088273551315069
[2025-01-13 09:13:15,373] INFO: Iter 14400 Summary: 
[2025-01-13 09:13:15,374] INFO: 	 lr: 0.00030000000000000073 	 Training loss: 0.041138126067817214
[2025-01-13 09:13:24,003] INFO: Iter 14500 Summary: 
[2025-01-13 09:13:24,003] INFO: 	 lr: 0.00030000000000000073 	 Training loss: 0.040672175846993924
[2025-01-13 09:13:31,985] INFO: Iter 14600 Summary: 
[2025-01-13 09:13:31,986] INFO: 	 lr: 0.00030000000000000073 	 Training loss: 0.040932776182889936
[2025-01-13 09:13:39,533] INFO: Iter 14700 Summary: 
[2025-01-13 09:13:39,533] INFO: 	 lr: 0.00030000000000000073 	 Training loss: 0.04072574660181999
[2025-01-13 09:13:46,805] INFO: Iter 14800 Summary: 
[2025-01-13 09:13:46,805] INFO: 	 lr: 0.00030000000000000073 	 Training loss: 0.04063288982957602
[2025-01-13 09:13:54,152] INFO: Iter 14900 Summary: 
[2025-01-13 09:13:54,153] INFO: 	 lr: 0.00030000000000000073 	 Training loss: 0.04052762385457754
[2025-01-13 09:14:01,380] INFO: Iter 15000 Summary: 
[2025-01-13 09:14:01,380] INFO: 	 lr: 0.00030000000000000073 	 Training loss: 0.040678134039044384
[2025-01-13 09:14:08,658] INFO: Iter 15100 Summary: 
[2025-01-13 09:14:08,658] INFO: 	 lr: 0.00030000000000000073 	 Training loss: 0.04095082677900791
[2025-01-13 09:14:16,853] INFO: Iter 15200 Summary: 
[2025-01-13 09:14:16,854] INFO: 	 lr: 0.00030000000000000073 	 Training loss: 0.040525333248078825
[2025-01-13 09:14:24,593] INFO: Iter 15300 Summary: 
[2025-01-13 09:14:24,594] INFO: 	 lr: 0.00030000000000000073 	 Training loss: 0.040795374438166616
[2025-01-13 09:14:32,152] INFO: Iter 15400 Summary: 
[2025-01-13 09:14:32,152] INFO: 	 lr: 0.00030000000000000073 	 Training loss: 0.040651652961969376
[2025-01-13 09:14:39,553] INFO: Iter 15500 Summary: 
[2025-01-13 09:14:39,553] INFO: 	 lr: 0.00030000000000000073 	 Training loss: 0.04067305274307728
[2025-01-13 09:14:47,099] INFO: Iter 15600 Summary: 
[2025-01-13 09:14:47,100] INFO: 	 lr: 0.00030000000000000073 	 Training loss: 0.04060823649168015
[2025-01-13 09:14:54,517] INFO: Iter 15700 Summary: 
[2025-01-13 09:14:54,517] INFO: 	 lr: 0.00030000000000000073 	 Training loss: 0.04053601078689098
[2025-01-13 09:15:01,847] INFO: Iter 15800 Summary: 
[2025-01-13 09:15:01,848] INFO: 	 lr: 0.00030000000000000073 	 Training loss: 0.04041840933263302
[2025-01-13 09:15:09,767] INFO: Iter 15900 Summary: 
[2025-01-13 09:15:09,768] INFO: 	 lr: 0.00030000000000000073 	 Training loss: 0.04034668318927288
[2025-01-13 09:15:17,456] INFO: Iter 16000 Summary: 
[2025-01-13 09:15:17,456] INFO: 	 lr: 0.00030000000000000073 	 Training loss: 0.040417775064706805
[2025-01-13 09:15:26,880] INFO: Iter 16100 Summary: 
[2025-01-13 09:15:26,881] INFO: 	 lr: 0.00030000000000000073 	 Training loss: 0.04073191124945879
[2025-01-13 09:15:34,198] INFO: Iter 16200 Summary: 
[2025-01-13 09:15:34,198] INFO: 	 lr: 0.00030000000000000073 	 Training loss: 0.04021300904452801
[2025-01-13 09:15:41,576] INFO: Iter 16300 Summary: 
[2025-01-13 09:15:41,576] INFO: 	 lr: 0.00030000000000000073 	 Training loss: 0.04033446192741394
[2025-01-13 09:15:48,844] INFO: Iter 16400 Summary: 
[2025-01-13 09:15:48,844] INFO: 	 lr: 0.00030000000000000073 	 Training loss: 0.03997152511030436
[2025-01-13 09:15:56,218] INFO: Iter 16500 Summary: 
[2025-01-13 09:15:56,218] INFO: 	 lr: 0.00030000000000000073 	 Training loss: 0.04034025736153126
[2025-01-13 09:16:04,183] INFO: Iter 16600 Summary: 
[2025-01-13 09:16:04,183] INFO: 	 lr: 0.00030000000000000073 	 Training loss: 0.03990745075047016
[2025-01-13 09:16:11,165] INFO: Iter 16700 Summary: 
[2025-01-13 09:16:11,165] INFO: 	 lr: 0.00030000000000000073 	 Training loss: 0.040217937417328355
[2025-01-13 09:16:18,461] INFO: Iter 16800 Summary: 
[2025-01-13 09:16:18,461] INFO: 	 lr: 0.00030000000000000073 	 Training loss: 0.04024341929703951
[2025-01-13 09:16:25,597] INFO: Iter 16900 Summary: 
[2025-01-13 09:16:25,597] INFO: 	 lr: 0.00030000000000000073 	 Training loss: 0.040261743292212486
[2025-01-13 09:16:33,218] INFO: Iter 17000 Summary: 
[2025-01-13 09:16:33,218] INFO: 	 lr: 0.00030000000000000073 	 Training loss: 0.04067595522850752
[2025-01-13 09:16:40,761] INFO: Iter 17100 Summary: 
[2025-01-13 09:16:40,761] INFO: 	 lr: 0.00030000000000000073 	 Training loss: 0.04026239555329084
[2025-01-13 09:16:48,071] INFO: Iter 17200 Summary: 
[2025-01-13 09:16:48,072] INFO: 	 lr: 0.00030000000000000073 	 Training loss: 0.040234966389834884
[2025-01-13 09:16:56,125] INFO: Iter 17300 Summary: 
[2025-01-13 09:16:56,125] INFO: 	 lr: 0.00030000000000000073 	 Training loss: 0.040087975487113
[2025-01-13 09:17:03,378] INFO: Iter 17400 Summary: 
[2025-01-13 09:17:03,379] INFO: 	 lr: 0.00030000000000000073 	 Training loss: 0.04010018955916166
[2025-01-13 09:17:10,766] INFO: Iter 17500 Summary: 
[2025-01-13 09:17:10,766] INFO: 	 lr: 0.00030000000000000073 	 Training loss: 0.040028223618865016
[2025-01-13 09:17:18,037] INFO: Iter 17600 Summary: 
[2025-01-13 09:17:18,037] INFO: 	 lr: 0.00030000000000000073 	 Training loss: 0.039911400862038135
[2025-01-13 09:17:25,434] INFO: Iter 17700 Summary: 
[2025-01-13 09:17:25,435] INFO: 	 lr: 0.00030000000000000073 	 Training loss: 0.04046213291585445
[2025-01-13 09:17:32,878] INFO: Iter 17800 Summary: 
[2025-01-13 09:17:32,878] INFO: 	 lr: 0.00030000000000000073 	 Training loss: 0.03995084550231695
[2025-01-13 09:17:40,887] INFO: Iter 17900 Summary: 
[2025-01-13 09:17:40,888] INFO: 	 lr: 0.00030000000000000073 	 Training loss: 0.04012622371315956
[2025-01-13 09:17:48,735] INFO: Iter 18000 Summary: 
[2025-01-13 09:17:48,735] INFO: 	 lr: 0.00030000000000000073 	 Training loss: 0.04005354598164559
[2025-01-13 09:17:58,026] INFO: Iter 18100 Summary: 
[2025-01-13 09:17:58,026] INFO: 	 lr: 0.00030000000000000073 	 Training loss: 0.039751490838825704
[2025-01-13 09:18:05,305] INFO: Iter 18200 Summary: 
[2025-01-13 09:18:05,305] INFO: 	 lr: 0.00030000000000000073 	 Training loss: 0.039829826727509496
[2025-01-13 09:18:12,808] INFO: Iter 18300 Summary: 
[2025-01-13 09:18:12,808] INFO: 	 lr: 0.00030000000000000073 	 Training loss: 0.03974631760269404
[2025-01-13 09:18:20,283] INFO: Iter 18400 Summary: 
[2025-01-13 09:18:20,283] INFO: 	 lr: 0.00030000000000000073 	 Training loss: 0.04001909628510475
[2025-01-13 09:18:27,961] INFO: Iter 18500 Summary: 
[2025-01-13 09:18:27,961] INFO: 	 lr: 0.00030000000000000073 	 Training loss: 0.039874727427959444
[2025-01-13 09:18:35,941] INFO: Iter 18600 Summary: 
[2025-01-13 09:18:35,942] INFO: 	 lr: 0.00030000000000000073 	 Training loss: 0.04009461477398872
[2025-01-13 09:18:43,174] INFO: Iter 18700 Summary: 
[2025-01-13 09:18:43,175] INFO: 	 lr: 0.00030000000000000073 	 Training loss: 0.03977624032646418
[2025-01-13 09:18:50,514] INFO: Iter 18800 Summary: 
[2025-01-13 09:18:50,514] INFO: 	 lr: 0.00030000000000000073 	 Training loss: 0.03992320999503136
[2025-01-13 09:18:57,620] INFO: Iter 18900 Summary: 
[2025-01-13 09:18:57,620] INFO: 	 lr: 0.00030000000000000073 	 Training loss: 0.039772277399897575
[2025-01-13 09:19:05,069] INFO: Iter 19000 Summary: 
[2025-01-13 09:19:05,069] INFO: 	 lr: 0.00030000000000000073 	 Training loss: 0.03969545420259237
[2025-01-13 09:19:12,381] INFO: Iter 19100 Summary: 
[2025-01-13 09:19:12,381] INFO: 	 lr: 0.00030000000000000073 	 Training loss: 0.04016331542283297
[2025-01-13 09:19:19,481] INFO: Iter 19200 Summary: 
[2025-01-13 09:19:19,481] INFO: 	 lr: 0.00030000000000000073 	 Training loss: 0.03974014140665531
[2025-01-13 09:19:27,403] INFO: Iter 19300 Summary: 
[2025-01-13 09:19:27,403] INFO: 	 lr: 0.00030000000000000073 	 Training loss: 0.03971665777266026
[2025-01-13 09:19:34,794] INFO: Iter 19400 Summary: 
[2025-01-13 09:19:34,794] INFO: 	 lr: 0.00030000000000000073 	 Training loss: 0.03970914091914892
[2025-01-13 09:19:42,511] INFO: Iter 19500 Summary: 
[2025-01-13 09:19:42,511] INFO: 	 lr: 0.00030000000000000073 	 Training loss: 0.039789013639092444
[2025-01-13 09:19:49,674] INFO: Iter 19600 Summary: 
[2025-01-13 09:19:49,675] INFO: 	 lr: 0.00030000000000000073 	 Training loss: 0.0396954233571887
[2025-01-13 09:19:57,084] INFO: Iter 19700 Summary: 
[2025-01-13 09:19:57,085] INFO: 	 lr: 0.00030000000000000073 	 Training loss: 0.039645306579768655
[2025-01-13 09:20:04,473] INFO: Iter 19800 Summary: 
[2025-01-13 09:20:04,473] INFO: 	 lr: 0.00030000000000000073 	 Training loss: 0.03949377864599228
[2025-01-13 09:20:11,926] INFO: Iter 19900 Summary: 
[2025-01-13 09:20:11,927] INFO: 	 lr: 0.00030000000000000073 	 Training loss: 0.03952168691903353
[2025-01-13 09:20:19,951] INFO: Iter 20000 Summary: 
[2025-01-13 09:20:19,952] INFO: 	 lr: 0.00030000000000000073 	 Training loss: 0.03976560451090336
[2025-01-13 09:20:29,734] INFO: Iter 20100 Summary: 
[2025-01-13 09:20:29,734] INFO: 	 lr: 0.00030000000000000073 	 Training loss: 0.03964918740093708
[2025-01-13 09:20:36,976] INFO: Iter 20200 Summary: 
[2025-01-13 09:20:36,977] INFO: 	 lr: 0.00030000000000000073 	 Training loss: 0.039364797696471214
[2025-01-13 09:20:44,575] INFO: Iter 20300 Summary: 
[2025-01-13 09:20:44,576] INFO: 	 lr: 0.00030000000000000073 	 Training loss: 0.03938052631914615
[2025-01-13 09:20:52,161] INFO: Iter 20400 Summary: 
[2025-01-13 09:20:52,161] INFO: 	 lr: 0.00030000000000000073 	 Training loss: 0.03985960554331541
[2025-01-13 09:20:59,748] INFO: Iter 20500 Summary: 
[2025-01-13 09:20:59,748] INFO: 	 lr: 0.00030000000000000073 	 Training loss: 0.03975666031241417
[2025-01-13 09:21:07,284] INFO: Iter 20600 Summary: 
[2025-01-13 09:21:07,284] INFO: 	 lr: 0.00030000000000000073 	 Training loss: 0.03959222476929426
[2025-01-13 09:21:15,171] INFO: Iter 20700 Summary: 
[2025-01-13 09:21:15,171] INFO: 	 lr: 0.00030000000000000073 	 Training loss: 0.03953310705721378
[2025-01-13 09:21:22,478] INFO: Iter 20800 Summary: 
[2025-01-13 09:21:22,479] INFO: 	 lr: 0.00030000000000000073 	 Training loss: 0.039459492042660714
[2025-01-13 09:21:29,693] INFO: Iter 20900 Summary: 
[2025-01-13 09:21:29,694] INFO: 	 lr: 0.00030000000000000073 	 Training loss: 0.039662900865077975
[2025-01-13 09:21:37,176] INFO: Iter 21000 Summary: 
[2025-01-13 09:21:37,177] INFO: 	 lr: 0.00030000000000000073 	 Training loss: 0.03959338206797838
[2025-01-13 09:21:44,448] INFO: Iter 21100 Summary: 
[2025-01-13 09:21:44,448] INFO: 	 lr: 0.00030000000000000073 	 Training loss: 0.039669427871704105
[2025-01-13 09:21:51,865] INFO: Iter 21200 Summary: 
[2025-01-13 09:21:51,865] INFO: 	 lr: 0.00030000000000000073 	 Training loss: 0.039730810970067976
[2025-01-13 09:21:59,317] INFO: Iter 21300 Summary: 
[2025-01-13 09:21:59,318] INFO: 	 lr: 0.00030000000000000073 	 Training loss: 0.0393523183837533
[2025-01-13 09:22:07,355] INFO: Iter 21400 Summary: 
[2025-01-13 09:22:07,355] INFO: 	 lr: 0.00030000000000000073 	 Training loss: 0.039325869642198086
[2025-01-13 09:22:14,652] INFO: Iter 21500 Summary: 
[2025-01-13 09:22:14,652] INFO: 	 lr: 0.00030000000000000073 	 Training loss: 0.039468625001609324
[2025-01-13 09:22:21,851] INFO: Iter 21600 Summary: 
[2025-01-13 09:22:21,852] INFO: 	 lr: 0.00030000000000000073 	 Training loss: 0.039324644319713116
[2025-01-13 09:22:29,479] INFO: Iter 21700 Summary: 
[2025-01-13 09:22:29,479] INFO: 	 lr: 0.00030000000000000073 	 Training loss: 0.039534990526735786
[2025-01-13 09:22:36,911] INFO: Iter 21800 Summary: 
[2025-01-13 09:22:36,911] INFO: 	 lr: 0.00030000000000000073 	 Training loss: 0.03969420991837978
[2025-01-13 09:22:44,576] INFO: Iter 21900 Summary: 
[2025-01-13 09:22:44,576] INFO: 	 lr: 0.00030000000000000073 	 Training loss: 0.03912306062877178
[2025-01-13 09:22:52,196] INFO: Iter 22000 Summary: 
[2025-01-13 09:22:52,196] INFO: 	 lr: 0.00030000000000000073 	 Training loss: 0.039432223290205
[2025-01-13 09:23:02,506] INFO: Iter 22100 Summary: 
[2025-01-13 09:23:02,507] INFO: 	 lr: 0.00030000000000000073 	 Training loss: 0.039110237434506416
[2025-01-13 09:23:09,899] INFO: Iter 22200 Summary: 
[2025-01-13 09:23:09,900] INFO: 	 lr: 0.00030000000000000073 	 Training loss: 0.03937969148159027
[2025-01-13 09:23:17,350] INFO: Iter 22300 Summary: 
[2025-01-13 09:23:17,351] INFO: 	 lr: 0.00030000000000000073 	 Training loss: 0.039257711321115496
[2025-01-13 09:23:24,892] INFO: Iter 22400 Summary: 
[2025-01-13 09:23:24,892] INFO: 	 lr: 0.00030000000000000073 	 Training loss: 0.039428119473159315
[2025-01-13 09:23:32,143] INFO: Iter 22500 Summary: 
[2025-01-13 09:23:32,143] INFO: 	 lr: 0.00030000000000000073 	 Training loss: 0.03942322939634323
[2025-01-13 09:23:39,511] INFO: Iter 22600 Summary: 
[2025-01-13 09:23:39,511] INFO: 	 lr: 0.00030000000000000073 	 Training loss: 0.03928000506013632
[2025-01-13 09:23:47,118] INFO: Iter 22700 Summary: 
[2025-01-13 09:23:47,119] INFO: 	 lr: 0.00030000000000000073 	 Training loss: 0.03938516013324261
[2025-01-13 09:23:55,214] INFO: Iter 22800 Summary: 
[2025-01-13 09:23:55,215] INFO: 	 lr: 0.00030000000000000073 	 Training loss: 0.03918366651982069
[2025-01-13 09:24:02,856] INFO: Iter 22900 Summary: 
[2025-01-13 09:24:02,856] INFO: 	 lr: 0.00030000000000000073 	 Training loss: 0.03898650746792555
[2025-01-13 09:24:10,170] INFO: Iter 23000 Summary: 
[2025-01-13 09:24:10,170] INFO: 	 lr: 0.00030000000000000073 	 Training loss: 0.03918036080896854
[2025-01-13 09:24:17,519] INFO: Iter 23100 Summary: 
[2025-01-13 09:24:17,519] INFO: 	 lr: 0.00030000000000000073 	 Training loss: 0.03924273759126663
[2025-01-13 09:24:24,909] INFO: Iter 23200 Summary: 
[2025-01-13 09:24:24,910] INFO: 	 lr: 0.00030000000000000073 	 Training loss: 0.039283976145088675
[2025-01-13 09:24:32,517] INFO: Iter 23300 Summary: 
[2025-01-13 09:24:32,517] INFO: 	 lr: 0.00030000000000000073 	 Training loss: 0.039515385888516906
[2025-01-13 09:24:40,651] INFO: Iter 23400 Summary: 
[2025-01-13 09:24:40,651] INFO: 	 lr: 0.00030000000000000073 	 Training loss: 0.03968818359076977
[2025-01-13 09:24:48,190] INFO: Iter 23500 Summary: 
[2025-01-13 09:24:48,191] INFO: 	 lr: 0.00030000000000000073 	 Training loss: 0.03897624619305134
[2025-01-13 09:24:55,783] INFO: Iter 23600 Summary: 
[2025-01-13 09:24:55,783] INFO: 	 lr: 0.00030000000000000073 	 Training loss: 0.039151441007852554
[2025-01-13 09:25:03,477] INFO: Iter 23700 Summary: 
[2025-01-13 09:25:03,478] INFO: 	 lr: 0.00030000000000000073 	 Training loss: 0.039195558726787566
[2025-01-13 09:25:11,449] INFO: Iter 23800 Summary: 
[2025-01-13 09:25:11,449] INFO: 	 lr: 0.00030000000000000073 	 Training loss: 0.03918246429413557
[2025-01-13 09:25:19,039] INFO: Iter 23900 Summary: 
[2025-01-13 09:25:19,039] INFO: 	 lr: 0.00030000000000000073 	 Training loss: 0.03907544992864132
[2025-01-13 09:25:26,663] INFO: Iter 24000 Summary: 
[2025-01-13 09:25:26,664] INFO: 	 lr: 0.00030000000000000073 	 Training loss: 0.03929125800728798
[2025-01-13 09:25:37,040] INFO: Iter 24100 Summary: 
[2025-01-13 09:25:37,041] INFO: 	 lr: 0.00030000000000000073 	 Training loss: 0.039524276927113536
[2025-01-13 09:25:44,858] INFO: Iter 24200 Summary: 
[2025-01-13 09:25:44,859] INFO: 	 lr: 0.00030000000000000073 	 Training loss: 0.0391332296282053
[2025-01-13 09:25:52,385] INFO: Iter 24300 Summary: 
[2025-01-13 09:25:52,386] INFO: 	 lr: 0.00030000000000000073 	 Training loss: 0.0392479145899415
[2025-01-13 09:26:00,221] INFO: Iter 24400 Summary: 
[2025-01-13 09:26:00,221] INFO: 	 lr: 0.00030000000000000073 	 Training loss: 0.039214172884821895
[2025-01-13 09:26:07,985] INFO: Iter 24500 Summary: 
[2025-01-13 09:26:07,985] INFO: 	 lr: 0.00030000000000000073 	 Training loss: 0.03898222345858812
[2025-01-13 09:26:15,581] INFO: Iter 24600 Summary: 
[2025-01-13 09:26:15,582] INFO: 	 lr: 0.00030000000000000073 	 Training loss: 0.039125716872513296
[2025-01-13 09:26:22,924] INFO: Iter 24700 Summary: 
[2025-01-13 09:26:22,924] INFO: 	 lr: 0.00030000000000000073 	 Training loss: 0.03904779210686684
[2025-01-13 09:26:30,433] INFO: Iter 24800 Summary: 
[2025-01-13 09:26:30,433] INFO: 	 lr: 0.00030000000000000073 	 Training loss: 0.039065600596368315
[2025-01-13 09:26:38,129] INFO: Iter 24900 Summary: 
[2025-01-13 09:26:38,129] INFO: 	 lr: 0.00030000000000000073 	 Training loss: 0.03918300490826368
[2025-01-13 09:26:45,621] INFO: Iter 25000 Summary: 
[2025-01-13 09:26:45,621] INFO: 	 lr: 0.00030000000000000073 	 Training loss: 0.03912094000726938
[2025-01-13 09:26:53,154] INFO: Iter 25100 Summary: 
[2025-01-13 09:26:53,154] INFO: 	 lr: 0.00030000000000000073 	 Training loss: 0.03895008742809296
[2025-01-13 09:27:00,727] INFO: Iter 25200 Summary: 
[2025-01-13 09:27:00,728] INFO: 	 lr: 0.00030000000000000073 	 Training loss: 0.03882130604237318
[2025-01-13 09:27:08,115] INFO: Iter 25300 Summary: 
[2025-01-13 09:27:08,115] INFO: 	 lr: 0.00030000000000000073 	 Training loss: 0.03908135004341602
[2025-01-13 09:27:15,489] INFO: Iter 25400 Summary: 
[2025-01-13 09:27:15,489] INFO: 	 lr: 0.00030000000000000073 	 Training loss: 0.03927439294755459
[2025-01-13 09:27:23,211] INFO: Iter 25500 Summary: 
[2025-01-13 09:27:23,212] INFO: 	 lr: 0.00030000000000000073 	 Training loss: 0.038728982284665106
[2025-01-13 09:27:30,410] INFO: Iter 25600 Summary: 
[2025-01-13 09:27:30,410] INFO: 	 lr: 0.00030000000000000073 	 Training loss: 0.038925934992730615
[2025-01-13 09:27:37,587] INFO: Iter 25700 Summary: 
[2025-01-13 09:27:37,587] INFO: 	 lr: 0.00030000000000000073 	 Training loss: 0.039015137664973734
[2025-01-13 09:27:44,743] INFO: Iter 25800 Summary: 
[2025-01-13 09:27:44,743] INFO: 	 lr: 0.00030000000000000073 	 Training loss: 0.03889260921627283
[2025-01-13 09:27:51,974] INFO: Iter 25900 Summary: 
[2025-01-13 09:27:51,974] INFO: 	 lr: 0.00030000000000000073 	 Training loss: 0.03903656169772148
[2025-01-13 09:27:59,196] INFO: Iter 26000 Summary: 
[2025-01-13 09:27:59,196] INFO: 	 lr: 0.00030000000000000073 	 Training loss: 0.03896337442100048
[2025-01-13 09:28:08,010] INFO: Iter 26100 Summary: 
[2025-01-13 09:28:08,010] INFO: 	 lr: 0.00030000000000000073 	 Training loss: 0.03937925793230534
[2025-01-13 09:28:15,690] INFO: Iter 26200 Summary: 
[2025-01-13 09:28:15,691] INFO: 	 lr: 0.00030000000000000073 	 Training loss: 0.038871737085282805
[2025-01-13 09:28:22,944] INFO: Iter 26300 Summary: 
[2025-01-13 09:28:22,944] INFO: 	 lr: 0.00030000000000000073 	 Training loss: 0.0387348522618413
[2025-01-13 09:28:30,323] INFO: Iter 26400 Summary: 
[2025-01-13 09:28:30,324] INFO: 	 lr: 0.00030000000000000073 	 Training loss: 0.03890354305505753
[2025-01-13 09:28:37,446] INFO: Iter 26500 Summary: 
[2025-01-13 09:28:37,446] INFO: 	 lr: 0.00030000000000000073 	 Training loss: 0.03892375681549311
[2025-01-13 09:28:44,545] INFO: Iter 26600 Summary: 
[2025-01-13 09:28:44,545] INFO: 	 lr: 0.00030000000000000073 	 Training loss: 0.03894823636859655
[2025-01-13 09:28:51,667] INFO: Iter 26700 Summary: 
[2025-01-13 09:28:51,667] INFO: 	 lr: 0.00030000000000000073 	 Training loss: 0.03913592658936978
[2025-01-13 09:28:59,057] INFO: Iter 26800 Summary: 
[2025-01-13 09:28:59,058] INFO: 	 lr: 0.00030000000000000073 	 Training loss: 0.039101085849106314
[2025-01-13 09:29:06,849] INFO: Iter 26900 Summary: 
[2025-01-13 09:29:06,850] INFO: 	 lr: 0.00030000000000000073 	 Training loss: 0.038588767275214195
[2025-01-13 09:29:14,140] INFO: Iter 27000 Summary: 
[2025-01-13 09:29:14,140] INFO: 	 lr: 0.00030000000000000073 	 Training loss: 0.038728325329720974
[2025-01-13 09:29:21,278] INFO: Iter 27100 Summary: 
[2025-01-13 09:29:21,278] INFO: 	 lr: 0.00030000000000000073 	 Training loss: 0.03879662483930588
[2025-01-13 09:29:28,375] INFO: Iter 27200 Summary: 
[2025-01-13 09:29:28,375] INFO: 	 lr: 0.00030000000000000073 	 Training loss: 0.0388481904566288
[2025-01-13 09:29:35,827] INFO: Iter 27300 Summary: 
[2025-01-13 09:29:35,828] INFO: 	 lr: 0.00030000000000000073 	 Training loss: 0.03904586166143417
[2025-01-13 09:29:43,113] INFO: Iter 27400 Summary: 
[2025-01-13 09:29:43,114] INFO: 	 lr: 0.00030000000000000073 	 Training loss: 0.03872955538332462
[2025-01-13 09:29:50,661] INFO: Iter 27500 Summary: 
[2025-01-13 09:29:50,661] INFO: 	 lr: 0.00030000000000000073 	 Training loss: 0.03898198988288641
[2025-01-13 09:29:58,712] INFO: Iter 27600 Summary: 
[2025-01-13 09:29:58,712] INFO: 	 lr: 0.00030000000000000073 	 Training loss: 0.038803238868713376
[2025-01-13 09:30:06,132] INFO: Iter 27700 Summary: 
[2025-01-13 09:30:06,133] INFO: 	 lr: 0.00030000000000000073 	 Training loss: 0.03871291950345039
[2025-01-13 09:30:13,624] INFO: Iter 27800 Summary: 
[2025-01-13 09:30:13,624] INFO: 	 lr: 0.00030000000000000073 	 Training loss: 0.03922584716230631
[2025-01-13 09:30:20,978] INFO: Iter 27900 Summary: 
[2025-01-13 09:30:20,979] INFO: 	 lr: 0.00030000000000000073 	 Training loss: 0.038732686676084996
[2025-01-13 09:30:28,498] INFO: Iter 28000 Summary: 
[2025-01-13 09:30:28,498] INFO: 	 lr: 0.00030000000000000073 	 Training loss: 0.03863463032990694
[2025-01-13 09:30:38,031] INFO: Iter 28100 Summary: 
[2025-01-13 09:30:38,032] INFO: 	 lr: 0.00030000000000000073 	 Training loss: 0.038945215307176116
[2025-01-13 09:30:45,378] INFO: Iter 28200 Summary: 
[2025-01-13 09:30:45,378] INFO: 	 lr: 0.00030000000000000073 	 Training loss: 0.03898139864206314
[2025-01-13 09:30:53,437] INFO: Iter 28300 Summary: 
[2025-01-13 09:30:53,438] INFO: 	 lr: 0.00030000000000000073 	 Training loss: 0.038745413199067116
[2025-01-13 09:31:00,796] INFO: Iter 28400 Summary: 
[2025-01-13 09:31:00,797] INFO: 	 lr: 0.00030000000000000073 	 Training loss: 0.03887634597718716
[2025-01-13 09:31:08,081] INFO: Iter 28500 Summary: 
[2025-01-13 09:31:08,081] INFO: 	 lr: 0.00030000000000000073 	 Training loss: 0.03879709955304861
[2025-01-13 09:31:15,518] INFO: Iter 28600 Summary: 
[2025-01-13 09:31:15,518] INFO: 	 lr: 0.00030000000000000073 	 Training loss: 0.03845685683190823
[2025-01-13 09:31:22,955] INFO: Iter 28700 Summary: 
[2025-01-13 09:31:22,955] INFO: 	 lr: 0.00030000000000000073 	 Training loss: 0.038633223585784436
[2025-01-13 09:31:30,236] INFO: Iter 28800 Summary: 
[2025-01-13 09:31:30,236] INFO: 	 lr: 0.00030000000000000073 	 Training loss: 0.03897148210555315
[2025-01-13 09:31:38,820] INFO: Iter 28900 Summary: 
[2025-01-13 09:31:38,820] INFO: 	 lr: 0.00030000000000000073 	 Training loss: 0.03875310570001602
[2025-01-13 09:31:46,228] INFO: Iter 29000 Summary: 
[2025-01-13 09:31:46,228] INFO: 	 lr: 0.00030000000000000073 	 Training loss: 0.03886204492300749
[2025-01-13 09:31:53,789] INFO: Iter 29100 Summary: 
[2025-01-13 09:31:53,790] INFO: 	 lr: 0.00030000000000000073 	 Training loss: 0.038539798185229304
[2025-01-13 09:32:01,329] INFO: Iter 29200 Summary: 
[2025-01-13 09:32:01,329] INFO: 	 lr: 0.00030000000000000073 	 Training loss: 0.03880736883729696
[2025-01-13 09:32:08,861] INFO: Iter 29300 Summary: 
[2025-01-13 09:32:08,861] INFO: 	 lr: 0.00030000000000000073 	 Training loss: 0.03887541957199574
[2025-01-13 09:32:16,594] INFO: Iter 29400 Summary: 
[2025-01-13 09:32:16,594] INFO: 	 lr: 0.00030000000000000073 	 Training loss: 0.038917353972792626
[2025-01-13 09:32:24,126] INFO: Iter 29500 Summary: 
[2025-01-13 09:32:24,126] INFO: 	 lr: 0.00030000000000000073 	 Training loss: 0.03881211251020431
[2025-01-13 09:32:32,130] INFO: Iter 29600 Summary: 
[2025-01-13 09:32:32,131] INFO: 	 lr: 0.00030000000000000073 	 Training loss: 0.038617475666105745
[2025-01-13 09:32:39,884] INFO: Iter 29700 Summary: 
[2025-01-13 09:32:39,884] INFO: 	 lr: 0.00030000000000000073 	 Training loss: 0.038853689879179004
[2025-01-13 09:32:47,482] INFO: Iter 29800 Summary: 
[2025-01-13 09:32:47,482] INFO: 	 lr: 0.00030000000000000073 	 Training loss: 0.03862764116376639
[2025-01-13 09:32:55,346] INFO: Iter 29900 Summary: 
[2025-01-13 09:32:55,346] INFO: 	 lr: 0.00030000000000000073 	 Training loss: 0.03888140123337507
[2025-01-13 09:33:02,780] INFO: Iter 30000 Summary: 
[2025-01-13 09:33:02,780] INFO: 	 lr: 0.00030000000000000073 	 Training loss: 0.03892017919570208
[2025-01-13 09:33:12,354] INFO: Iter 30100 Summary: 
[2025-01-13 09:33:12,355] INFO: 	 lr: 1.2900000000000026e-05 	 Training loss: 0.037807992063462734
[2025-01-13 09:33:19,689] INFO: Iter 30200 Summary: 
[2025-01-13 09:33:19,690] INFO: 	 lr: 1.000000000000002e-05 	 Training loss: 0.03715316832065582
[2025-01-13 09:33:27,720] INFO: Iter 30300 Summary: 
[2025-01-13 09:33:27,721] INFO: 	 lr: 1.000000000000002e-05 	 Training loss: 0.037210426777601245
[2025-01-13 09:33:35,145] INFO: Iter 30400 Summary: 
[2025-01-13 09:33:35,145] INFO: 	 lr: 1.000000000000002e-05 	 Training loss: 0.03714071985334158
[2025-01-13 09:33:42,853] INFO: Iter 30500 Summary: 
[2025-01-13 09:33:42,853] INFO: 	 lr: 1.000000000000002e-05 	 Training loss: 0.036747732311487195
[2025-01-13 09:33:50,392] INFO: Iter 30600 Summary: 
[2025-01-13 09:33:50,392] INFO: 	 lr: 1.000000000000002e-05 	 Training loss: 0.03702818658202887
[2025-01-13 09:33:58,215] INFO: Iter 30700 Summary: 
[2025-01-13 09:33:58,215] INFO: 	 lr: 1.000000000000002e-05 	 Training loss: 0.037057584635913375
[2025-01-13 09:34:05,781] INFO: Iter 30800 Summary: 
[2025-01-13 09:34:05,781] INFO: 	 lr: 1.000000000000002e-05 	 Training loss: 0.03702228266745806
[2025-01-13 09:34:13,426] INFO: Iter 30900 Summary: 
[2025-01-13 09:34:13,427] INFO: 	 lr: 1.000000000000002e-05 	 Training loss: 0.03694519195705652
[2025-01-13 09:34:21,648] INFO: Iter 31000 Summary: 
[2025-01-13 09:34:21,649] INFO: 	 lr: 1.000000000000002e-05 	 Training loss: 0.03697179026901722
[2025-01-13 09:34:29,084] INFO: Iter 31100 Summary: 
[2025-01-13 09:34:29,084] INFO: 	 lr: 1.000000000000002e-05 	 Training loss: 0.03701143052428961
[2025-01-13 09:34:36,524] INFO: Iter 31200 Summary: 
[2025-01-13 09:34:36,524] INFO: 	 lr: 1.000000000000002e-05 	 Training loss: 0.03659223053604364
[2025-01-13 09:34:43,972] INFO: Iter 31300 Summary: 
[2025-01-13 09:34:43,973] INFO: 	 lr: 1.000000000000002e-05 	 Training loss: 0.03677223458886147
[2025-01-13 09:34:51,574] INFO: Iter 31400 Summary: 
[2025-01-13 09:34:51,575] INFO: 	 lr: 1.000000000000002e-05 	 Training loss: 0.03671907261013985
[2025-01-13 09:34:59,106] INFO: Iter 31500 Summary: 
[2025-01-13 09:34:59,106] INFO: 	 lr: 1.000000000000002e-05 	 Training loss: 0.03683122638612986
[2025-01-13 09:35:06,780] INFO: Iter 31600 Summary: 
[2025-01-13 09:35:06,781] INFO: 	 lr: 1.000000000000002e-05 	 Training loss: 0.03649512402713299
[2025-01-13 09:35:14,746] INFO: Iter 31700 Summary: 
[2025-01-13 09:35:14,747] INFO: 	 lr: 1.000000000000002e-05 	 Training loss: 0.036479171328246594
[2025-01-13 09:35:22,027] INFO: Iter 31800 Summary: 
[2025-01-13 09:35:22,027] INFO: 	 lr: 1.000000000000002e-05 	 Training loss: 0.036621447280049325
[2025-01-13 09:35:29,383] INFO: Iter 31900 Summary: 
[2025-01-13 09:35:29,383] INFO: 	 lr: 1.000000000000002e-05 	 Training loss: 0.03667957808822393
[2025-01-13 09:35:36,912] INFO: Iter 32000 Summary: 
[2025-01-13 09:35:36,913] INFO: 	 lr: 1.000000000000002e-05 	 Training loss: 0.03663904178887606
[2025-01-13 09:35:46,379] INFO: Iter 32100 Summary: 
[2025-01-13 09:35:46,380] INFO: 	 lr: 1.000000000000002e-05 	 Training loss: 0.03676087811589241
[2025-01-13 09:35:53,927] INFO: Iter 32200 Summary: 
[2025-01-13 09:35:53,927] INFO: 	 lr: 1.000000000000002e-05 	 Training loss: 0.0365176198258996
[2025-01-13 09:36:01,328] INFO: Iter 32300 Summary: 
[2025-01-13 09:36:01,328] INFO: 	 lr: 1.000000000000002e-05 	 Training loss: 0.03659145869314671
[2025-01-13 09:36:09,178] INFO: Iter 32400 Summary: 
[2025-01-13 09:36:09,178] INFO: 	 lr: 1.000000000000002e-05 	 Training loss: 0.03636845242232084
[2025-01-13 09:36:16,590] INFO: Iter 32500 Summary: 
[2025-01-13 09:36:16,590] INFO: 	 lr: 1.000000000000002e-05 	 Training loss: 0.03640492904931307
[2025-01-13 09:36:24,462] INFO: Iter 32600 Summary: 
[2025-01-13 09:36:24,462] INFO: 	 lr: 1.000000000000002e-05 	 Training loss: 0.03687294762581587
[2025-01-13 09:36:32,051] INFO: Iter 32700 Summary: 
[2025-01-13 09:36:32,051] INFO: 	 lr: 1.000000000000002e-05 	 Training loss: 0.03666799668222666
[2025-01-13 09:36:39,194] INFO: Iter 32800 Summary: 
[2025-01-13 09:36:39,194] INFO: 	 lr: 1.000000000000002e-05 	 Training loss: 0.03644020911306143
[2025-01-13 09:36:46,178] INFO: Iter 32900 Summary: 
[2025-01-13 09:36:46,178] INFO: 	 lr: 1.000000000000002e-05 	 Training loss: 0.03662341743707657
[2025-01-13 09:36:53,606] INFO: Iter 33000 Summary: 
[2025-01-13 09:36:53,606] INFO: 	 lr: 1.000000000000002e-05 	 Training loss: 0.0365029638633132
[2025-01-13 09:37:01,401] INFO: Iter 33100 Summary: 
[2025-01-13 09:37:01,401] INFO: 	 lr: 1.000000000000002e-05 	 Training loss: 0.0364507794752717
[2025-01-13 09:37:08,916] INFO: Iter 33200 Summary: 
[2025-01-13 09:37:08,917] INFO: 	 lr: 1.000000000000002e-05 	 Training loss: 0.036689501032233236
[2025-01-13 09:37:16,078] INFO: Iter 33300 Summary: 
[2025-01-13 09:37:16,079] INFO: 	 lr: 1.000000000000002e-05 	 Training loss: 0.03630751833319664
[2025-01-13 09:37:23,467] INFO: Iter 33400 Summary: 
[2025-01-13 09:37:23,467] INFO: 	 lr: 1.000000000000002e-05 	 Training loss: 0.03662308916449547
[2025-01-13 09:37:30,807] INFO: Iter 33500 Summary: 
[2025-01-13 09:37:30,807] INFO: 	 lr: 1.000000000000002e-05 	 Training loss: 0.03640940304845572
[2025-01-13 09:37:38,072] INFO: Iter 33600 Summary: 
[2025-01-13 09:37:38,072] INFO: 	 lr: 1.000000000000002e-05 	 Training loss: 0.03656914494931698
[2025-01-13 09:37:45,334] INFO: Iter 33700 Summary: 
[2025-01-13 09:37:45,335] INFO: 	 lr: 1.000000000000002e-05 	 Training loss: 0.036698293760418894
[2025-01-13 09:37:53,006] INFO: Iter 33800 Summary: 
[2025-01-13 09:37:53,007] INFO: 	 lr: 1.000000000000002e-05 	 Training loss: 0.036430736817419526
[2025-01-13 09:38:00,166] INFO: Iter 33900 Summary: 
[2025-01-13 09:38:00,167] INFO: 	 lr: 1.000000000000002e-05 	 Training loss: 0.036437900327146056
[2025-01-13 09:38:07,452] INFO: Iter 34000 Summary: 
[2025-01-13 09:38:07,452] INFO: 	 lr: 1.000000000000002e-05 	 Training loss: 0.036419459842145445
[2025-01-13 09:38:16,913] INFO: Iter 34100 Summary: 
[2025-01-13 09:38:16,914] INFO: 	 lr: 1.000000000000002e-05 	 Training loss: 0.03648834455758333
[2025-01-13 09:38:24,155] INFO: Iter 34200 Summary: 
[2025-01-13 09:38:24,155] INFO: 	 lr: 1.000000000000002e-05 	 Training loss: 0.03667559497058392
[2025-01-13 09:38:31,808] INFO: Iter 34300 Summary: 
[2025-01-13 09:38:31,809] INFO: 	 lr: 1.000000000000002e-05 	 Training loss: 0.036648954711854455
[2025-01-13 09:38:39,191] INFO: Iter 34400 Summary: 
[2025-01-13 09:38:39,191] INFO: 	 lr: 1.000000000000002e-05 	 Training loss: 0.03635648228228092
[2025-01-13 09:38:47,090] INFO: Iter 34500 Summary: 
[2025-01-13 09:38:47,091] INFO: 	 lr: 1.000000000000002e-05 	 Training loss: 0.0363025464490056
[2025-01-13 09:38:54,493] INFO: Iter 34600 Summary: 
[2025-01-13 09:38:54,493] INFO: 	 lr: 1.000000000000002e-05 	 Training loss: 0.036252159886062146
[2025-01-13 09:39:01,742] INFO: Iter 34700 Summary: 
[2025-01-13 09:39:01,742] INFO: 	 lr: 1.000000000000002e-05 	 Training loss: 0.036248016953468326
[2025-01-13 09:39:08,699] INFO: Iter 34800 Summary: 
[2025-01-13 09:39:08,700] INFO: 	 lr: 1.000000000000002e-05 	 Training loss: 0.036283854581415656
[2025-01-13 09:39:16,101] INFO: Iter 34900 Summary: 
[2025-01-13 09:39:16,102] INFO: 	 lr: 1.000000000000002e-05 	 Training loss: 0.03639709126204252
[2025-01-13 09:39:23,209] INFO: Iter 35000 Summary: 
[2025-01-13 09:39:23,210] INFO: 	 lr: 1.000000000000002e-05 	 Training loss: 0.036529071889817716
[2025-01-13 09:39:31,003] INFO: Iter 35100 Summary: 
[2025-01-13 09:39:31,003] INFO: 	 lr: 1.000000000000002e-05 	 Training loss: 0.036561541445553306
[2025-01-13 09:39:38,245] INFO: Iter 35200 Summary: 
[2025-01-13 09:39:38,245] INFO: 	 lr: 1.000000000000002e-05 	 Training loss: 0.03623939000070095
[2025-01-13 09:39:45,515] INFO: Iter 35300 Summary: 
[2025-01-13 09:39:45,515] INFO: 	 lr: 1.000000000000002e-05 	 Training loss: 0.03629445448517799
[2025-01-13 09:39:52,845] INFO: Iter 35400 Summary: 
[2025-01-13 09:39:52,846] INFO: 	 lr: 1.000000000000002e-05 	 Training loss: 0.036353922858834264
[2025-01-13 09:40:00,132] INFO: Iter 35500 Summary: 
[2025-01-13 09:40:00,133] INFO: 	 lr: 1.000000000000002e-05 	 Training loss: 0.03620999708771706
[2025-01-13 09:40:07,614] INFO: Iter 35600 Summary: 
[2025-01-13 09:40:07,614] INFO: 	 lr: 1.000000000000002e-05 	 Training loss: 0.036222143657505514
[2025-01-13 09:40:14,665] INFO: Iter 35700 Summary: 
[2025-01-13 09:40:14,666] INFO: 	 lr: 1.000000000000002e-05 	 Training loss: 0.03633620359003544
[2025-01-13 09:40:22,809] INFO: Iter 35800 Summary: 
[2025-01-13 09:40:22,810] INFO: 	 lr: 1.000000000000002e-05 	 Training loss: 0.03628931449726224
[2025-01-13 09:40:30,440] INFO: Iter 35900 Summary: 
[2025-01-13 09:40:30,440] INFO: 	 lr: 1.000000000000002e-05 	 Training loss: 0.03640811614692211
[2025-01-13 09:40:37,824] INFO: Iter 36000 Summary: 
[2025-01-13 09:40:37,824] INFO: 	 lr: 1.000000000000002e-05 	 Training loss: 0.036393854655325415
[2025-01-13 09:40:47,251] INFO: Iter 36100 Summary: 
[2025-01-13 09:40:47,251] INFO: 	 lr: 1.000000000000002e-05 	 Training loss: 0.036265640333294866
[2025-01-13 09:40:54,884] INFO: Iter 36200 Summary: 
[2025-01-13 09:40:54,884] INFO: 	 lr: 1.000000000000002e-05 	 Training loss: 0.03628933135420084
[2025-01-13 09:41:02,310] INFO: Iter 36300 Summary: 
[2025-01-13 09:41:02,310] INFO: 	 lr: 1.000000000000002e-05 	 Training loss: 0.03638619866222143
[2025-01-13 09:41:09,817] INFO: Iter 36400 Summary: 
[2025-01-13 09:41:09,818] INFO: 	 lr: 1.000000000000002e-05 	 Training loss: 0.03661943983286619
[2025-01-13 09:41:17,952] INFO: Iter 36500 Summary: 
[2025-01-13 09:41:17,953] INFO: 	 lr: 1.000000000000002e-05 	 Training loss: 0.036341805905103684
[2025-01-13 09:41:25,263] INFO: Iter 36600 Summary: 
[2025-01-13 09:41:25,263] INFO: 	 lr: 1.000000000000002e-05 	 Training loss: 0.03630309335887432
[2025-01-13 09:41:32,523] INFO: Iter 36700 Summary: 
[2025-01-13 09:41:32,523] INFO: 	 lr: 1.000000000000002e-05 	 Training loss: 0.03643559522926807
[2025-01-13 09:41:39,531] INFO: Iter 36800 Summary: 
[2025-01-13 09:41:39,531] INFO: 	 lr: 1.000000000000002e-05 	 Training loss: 0.0363097981736064
[2025-01-13 09:41:46,856] INFO: Iter 36900 Summary: 
[2025-01-13 09:41:46,856] INFO: 	 lr: 1.000000000000002e-05 	 Training loss: 0.036073426753282546
[2025-01-13 09:41:54,766] INFO: Iter 37000 Summary: 
[2025-01-13 09:41:54,766] INFO: 	 lr: 1.000000000000002e-05 	 Training loss: 0.036326300762593744
[2025-01-13 09:42:02,099] INFO: Iter 37100 Summary: 
[2025-01-13 09:42:02,100] INFO: 	 lr: 1.000000000000002e-05 	 Training loss: 0.03613798577338457
[2025-01-13 09:42:10,081] INFO: Iter 37200 Summary: 
[2025-01-13 09:42:10,082] INFO: 	 lr: 1.000000000000002e-05 	 Training loss: 0.03615786764770746
[2025-01-13 09:42:17,344] INFO: Iter 37300 Summary: 
[2025-01-13 09:42:17,344] INFO: 	 lr: 1.000000000000002e-05 	 Training loss: 0.03614900778979063
[2025-01-13 09:42:24,770] INFO: Iter 37400 Summary: 
[2025-01-13 09:42:24,770] INFO: 	 lr: 1.000000000000002e-05 	 Training loss: 0.036021403446793554
[2025-01-13 09:42:32,281] INFO: Iter 37500 Summary: 
[2025-01-13 09:42:32,282] INFO: 	 lr: 1.000000000000002e-05 	 Training loss: 0.036383542455732824
[2025-01-13 09:42:39,504] INFO: Iter 37600 Summary: 
[2025-01-13 09:42:39,504] INFO: 	 lr: 1.000000000000002e-05 	 Training loss: 0.03627308510243893
[2025-01-13 09:42:46,806] INFO: Iter 37700 Summary: 
[2025-01-13 09:42:46,807] INFO: 	 lr: 1.000000000000002e-05 	 Training loss: 0.036225145384669304
[2025-01-13 09:42:54,322] INFO: Iter 37800 Summary: 
[2025-01-13 09:42:54,323] INFO: 	 lr: 1.000000000000002e-05 	 Training loss: 0.03637957196682692
[2025-01-13 09:43:02,041] INFO: Iter 37900 Summary: 
[2025-01-13 09:43:02,042] INFO: 	 lr: 1.000000000000002e-05 	 Training loss: 0.03638049572706223
[2025-01-13 09:43:09,385] INFO: Iter 38000 Summary: 
[2025-01-13 09:43:09,386] INFO: 	 lr: 1.000000000000002e-05 	 Training loss: 0.03591591887176037
[2025-01-13 09:43:18,462] INFO: Iter 38100 Summary: 
[2025-01-13 09:43:18,463] INFO: 	 lr: 1.000000000000002e-05 	 Training loss: 0.03605510015040636
[2025-01-13 09:43:25,881] INFO: Iter 38200 Summary: 
[2025-01-13 09:43:25,882] INFO: 	 lr: 1.000000000000002e-05 	 Training loss: 0.036239315383136274
[2025-01-13 09:43:33,230] INFO: Iter 38300 Summary: 
[2025-01-13 09:43:33,230] INFO: 	 lr: 1.000000000000002e-05 	 Training loss: 0.0364346144720912
[2025-01-13 09:43:40,318] INFO: Iter 38400 Summary: 
[2025-01-13 09:43:40,319] INFO: 	 lr: 1.000000000000002e-05 	 Training loss: 0.036117909476161
[2025-01-13 09:43:47,938] INFO: Iter 38500 Summary: 
[2025-01-13 09:43:47,939] INFO: 	 lr: 1.000000000000002e-05 	 Training loss: 0.036272309496998785
[2025-01-13 09:43:55,804] INFO: Iter 38600 Summary: 
[2025-01-13 09:43:55,804] INFO: 	 lr: 1.000000000000002e-05 	 Training loss: 0.03624017674475908
[2025-01-13 09:44:03,178] INFO: Iter 38700 Summary: 
[2025-01-13 09:44:03,179] INFO: 	 lr: 1.000000000000002e-05 	 Training loss: 0.03627510406076908
[2025-01-13 09:44:10,430] INFO: Iter 38800 Summary: 
[2025-01-13 09:44:10,431] INFO: 	 lr: 1.000000000000002e-05 	 Training loss: 0.03608935486525297
[2025-01-13 09:44:17,545] INFO: Iter 38900 Summary: 
[2025-01-13 09:44:17,545] INFO: 	 lr: 1.000000000000002e-05 	 Training loss: 0.03640576958656311
[2025-01-13 09:44:25,187] INFO: Iter 39000 Summary: 
[2025-01-13 09:44:25,187] INFO: 	 lr: 1.000000000000002e-05 	 Training loss: 0.036184639856219294
[2025-01-13 09:44:32,348] INFO: Iter 39100 Summary: 
[2025-01-13 09:44:32,349] INFO: 	 lr: 1.000000000000002e-05 	 Training loss: 0.03581106211990118
[2025-01-13 09:44:39,838] INFO: Iter 39200 Summary: 
[2025-01-13 09:44:39,838] INFO: 	 lr: 1.000000000000002e-05 	 Training loss: 0.03613775376230478
[2025-01-13 09:44:47,788] INFO: Iter 39300 Summary: 
[2025-01-13 09:44:47,788] INFO: 	 lr: 1.000000000000002e-05 	 Training loss: 0.03611349925398827
[2025-01-13 09:44:54,880] INFO: Iter 39400 Summary: 
[2025-01-13 09:44:54,881] INFO: 	 lr: 1.000000000000002e-05 	 Training loss: 0.03604548458009958
[2025-01-13 09:45:02,119] INFO: Iter 39500 Summary: 
[2025-01-13 09:45:02,119] INFO: 	 lr: 1.000000000000002e-05 	 Training loss: 0.03635933633893728
[2025-01-13 09:45:09,214] INFO: Iter 39600 Summary: 
[2025-01-13 09:45:09,214] INFO: 	 lr: 1.000000000000002e-05 	 Training loss: 0.03611501757055521
[2025-01-13 09:45:16,645] INFO: Iter 39700 Summary: 
[2025-01-13 09:45:16,645] INFO: 	 lr: 1.000000000000002e-05 	 Training loss: 0.03634321503341198
[2025-01-13 09:45:24,112] INFO: Iter 39800 Summary: 
[2025-01-13 09:45:24,112] INFO: 	 lr: 1.000000000000002e-05 	 Training loss: 0.036300000064074994
[2025-01-13 09:45:31,600] INFO: Iter 39900 Summary: 
[2025-01-13 09:45:31,600] INFO: 	 lr: 1.000000000000002e-05 	 Training loss: 0.03602133676409722
[2025-01-13 09:45:39,678] INFO: Iter 40000 Summary: 
[2025-01-13 09:45:39,679] INFO: 	 lr: 1.000000000000002e-05 	 Training loss: 0.036547540463507174
