[2025-01-06 09:44:21,183] INFO: {
    "abs_dir": "/home/diwang/siMLPe/exps/baseline_h36m",
    "batch_size": 256,
    "cos_lr_max": 1e-05,
    "cos_lr_min": 5e-08,
    "cos_lr_total_iters": 40000,
    "data_aug": true,
    "deriv_input": true,
    "deriv_output": true,
    "device": "cuda:2",
    "h36m_anno_dir": "/home/diwang/siMLPe/data/h36m/",
    "link_log_file": "/home/diwang/siMLPe/exps/baseline_h36m/log/log_last.log",
    "link_val_log_file": "/home/diwang/siMLPe/exps/baseline_h36m/log/val_last.log",
    "log_dir": "/home/diwang/siMLPe/exps/baseline_h36m/log",
    "log_file": "/home/diwang/siMLPe/exps/baseline_h36m/log/log_2025_01_06_09_43_52.log",
    "model_pth": null,
    "motion": {
        "dim": 66,
        "h36m_input_length": 50,
        "h36m_input_length_dct": 50,
        "h36m_target_length": 25,
        "h36m_target_length_eval": 25,
        "h36m_target_length_train": 25
    },
    "motion_fc_in": {
        "activation": "relu",
        "in_features": 66,
        "init_w_trunc_normal": false,
        "out_features": 66,
        "temporal_fc": false,
        "with_norm": false
    },
    "motion_fc_out": {
        "activation": "relu",
        "in_features": 66,
        "init_w_trunc_normal": true,
        "out_features": 66,
        "temporal_fc": false,
        "with_norm": false
    },
    "motion_mlp": {
        "hidden_dim": 66,
        "norm_axis": "spatial",
        "num_layers": 48,
        "seq_len": 50,
        "spatial_fc_only": false,
        "with_normalization": true
    },
    "num_workers": 8,
    "post_dct": false,
    "pre_dct": false,
    "print_every": 100,
    "repo_name": "siMLPe",
    "root_dir": "/home/diwang/siMLPe",
    "save_every": 2000,
    "seed": 304,
    "shift_step": 1,
    "snapshot_dir": "/home/diwang/siMLPe/exps/baseline_h36m/log/snapshot",
    "this_dir": "baseline_h36m",
    "use_relative_loss": true,
    "val_log_file": "/home/diwang/siMLPe/exps/baseline_h36m/log/val_2025_01_06_09_43_52.log",
    "weight_decay": 0.0001
}
[2025-01-06 09:44:36,430] INFO: Iter 100 Summary: 
[2025-01-06 09:44:36,431] INFO: 	 lr: 0.00030000000000000073 	 Training loss: 0.13365753941237926
[2025-01-06 09:44:47,516] INFO: Iter 200 Summary: 
[2025-01-06 09:44:47,517] INFO: 	 lr: 0.00030000000000000073 	 Training loss: 0.11739909373223782
[2025-01-06 09:44:59,997] INFO: Iter 300 Summary: 
[2025-01-06 09:44:59,997] INFO: 	 lr: 0.00030000000000000073 	 Training loss: 0.11713754430413247
[2025-01-06 09:45:12,063] INFO: Iter 400 Summary: 
[2025-01-06 09:45:12,064] INFO: 	 lr: 0.00030000000000000073 	 Training loss: 0.1077685697376728
[2025-01-06 09:45:24,678] INFO: Iter 500 Summary: 
[2025-01-06 09:45:24,678] INFO: 	 lr: 0.00030000000000000073 	 Training loss: 0.10247735276818276
[2025-01-06 09:45:36,886] INFO: Iter 600 Summary: 
[2025-01-06 09:45:36,886] INFO: 	 lr: 0.00030000000000000073 	 Training loss: 0.0986528068035841
[2025-01-06 09:45:49,234] INFO: Iter 700 Summary: 
[2025-01-06 09:45:49,235] INFO: 	 lr: 0.00030000000000000073 	 Training loss: 0.09723009794950485
[2025-01-06 09:46:00,473] INFO: Iter 800 Summary: 
[2025-01-06 09:46:00,473] INFO: 	 lr: 0.00030000000000000073 	 Training loss: 0.09543331667780876
[2025-01-06 09:46:12,107] INFO: Iter 900 Summary: 
[2025-01-06 09:46:12,108] INFO: 	 lr: 0.00030000000000000073 	 Training loss: 0.0956234922260046
[2025-01-06 09:46:24,677] INFO: Iter 1000 Summary: 
[2025-01-06 09:46:24,678] INFO: 	 lr: 0.00030000000000000073 	 Training loss: 0.09363779783248902
[2025-01-06 09:46:36,591] INFO: Iter 1100 Summary: 
[2025-01-06 09:46:36,592] INFO: 	 lr: 0.00030000000000000073 	 Training loss: 0.0935315015166998
[2025-01-06 09:46:49,139] INFO: Iter 1200 Summary: 
[2025-01-06 09:46:49,139] INFO: 	 lr: 0.00030000000000000073 	 Training loss: 0.09230167679488659
[2025-01-06 09:47:01,198] INFO: Iter 1300 Summary: 
[2025-01-06 09:47:01,199] INFO: 	 lr: 0.00030000000000000073 	 Training loss: 0.09096584387123585
[2025-01-06 09:47:14,732] INFO: Iter 1400 Summary: 
[2025-01-06 09:47:14,733] INFO: 	 lr: 0.00030000000000000073 	 Training loss: 0.09180532857775688
[2025-01-06 09:47:24,523] INFO: Iter 1500 Summary: 
[2025-01-06 09:47:24,523] INFO: 	 lr: 0.00030000000000000073 	 Training loss: 0.09065491214394569
[2025-01-06 09:47:35,703] INFO: Iter 1600 Summary: 
[2025-01-06 09:47:35,703] INFO: 	 lr: 0.00030000000000000073 	 Training loss: 0.09053237333893777
[2025-01-06 09:47:46,671] INFO: Iter 1700 Summary: 
[2025-01-06 09:47:46,672] INFO: 	 lr: 0.00030000000000000073 	 Training loss: 0.08998699679970741
[2025-01-06 09:47:57,830] INFO: Iter 1800 Summary: 
[2025-01-06 09:47:57,830] INFO: 	 lr: 0.00030000000000000073 	 Training loss: 0.08932590737938881
[2025-01-06 09:48:11,152] INFO: Iter 1900 Summary: 
[2025-01-06 09:48:11,152] INFO: 	 lr: 0.00030000000000000073 	 Training loss: 0.08930874362587929
[2025-01-06 09:48:23,518] INFO: Iter 2000 Summary: 
[2025-01-06 09:48:23,518] INFO: 	 lr: 0.00030000000000000073 	 Training loss: 0.08839772768318653
[2025-01-06 09:48:38,415] INFO: Iter 2100 Summary: 
[2025-01-06 09:48:38,416] INFO: 	 lr: 0.00030000000000000073 	 Training loss: 0.08862656213343144
[2025-01-06 09:48:50,052] INFO: Iter 2200 Summary: 
[2025-01-06 09:48:50,053] INFO: 	 lr: 0.00030000000000000073 	 Training loss: 0.08877413555979728
[2025-01-06 09:49:03,417] INFO: Iter 2300 Summary: 
[2025-01-06 09:49:03,418] INFO: 	 lr: 0.00030000000000000073 	 Training loss: 0.08793137066066264
[2025-01-06 09:49:16,095] INFO: Iter 2400 Summary: 
[2025-01-06 09:49:16,096] INFO: 	 lr: 0.00030000000000000073 	 Training loss: 0.08738011807203293
[2025-01-06 09:49:28,175] INFO: Iter 2500 Summary: 
[2025-01-06 09:49:28,175] INFO: 	 lr: 0.00030000000000000073 	 Training loss: 0.08711860202252865
[2025-01-06 09:49:40,730] INFO: Iter 2600 Summary: 
[2025-01-06 09:49:40,730] INFO: 	 lr: 0.00030000000000000073 	 Training loss: 0.08686991021037102
[2025-01-06 09:49:52,755] INFO: Iter 2700 Summary: 
[2025-01-06 09:49:52,755] INFO: 	 lr: 0.00030000000000000073 	 Training loss: 0.08666603617370129
[2025-01-06 09:50:04,516] INFO: Iter 2800 Summary: 
[2025-01-06 09:50:04,516] INFO: 	 lr: 0.00030000000000000073 	 Training loss: 0.08719351418316364
[2025-01-06 09:50:14,877] INFO: Iter 2900 Summary: 
[2025-01-06 09:50:14,878] INFO: 	 lr: 0.00030000000000000073 	 Training loss: 0.08627968497574329
[2025-01-06 09:50:25,716] INFO: Iter 3000 Summary: 
[2025-01-06 09:50:25,716] INFO: 	 lr: 0.00030000000000000073 	 Training loss: 0.08602945879101753
[2025-01-06 09:50:37,477] INFO: Iter 3100 Summary: 
[2025-01-06 09:50:37,477] INFO: 	 lr: 0.00030000000000000073 	 Training loss: 0.08635974265635013
[2025-01-06 09:50:49,251] INFO: Iter 3200 Summary: 
[2025-01-06 09:50:49,251] INFO: 	 lr: 0.00030000000000000073 	 Training loss: 0.0862004406005144
[2025-01-06 09:50:59,962] INFO: Iter 3300 Summary: 
[2025-01-06 09:50:59,963] INFO: 	 lr: 0.00030000000000000073 	 Training loss: 0.08608111634850502
[2025-01-06 09:51:12,627] INFO: Iter 3400 Summary: 
[2025-01-06 09:51:12,628] INFO: 	 lr: 0.00030000000000000073 	 Training loss: 0.08548187486827373
[2025-01-06 09:51:24,219] INFO: Iter 3500 Summary: 
[2025-01-06 09:51:24,219] INFO: 	 lr: 0.00030000000000000073 	 Training loss: 0.08550322026014329
[2025-01-06 09:51:36,259] INFO: Iter 3600 Summary: 
[2025-01-06 09:51:36,259] INFO: 	 lr: 0.00030000000000000073 	 Training loss: 0.08539526924490928
[2025-01-06 09:51:46,214] INFO: Iter 3700 Summary: 
[2025-01-06 09:51:46,214] INFO: 	 lr: 0.00030000000000000073 	 Training loss: 0.08511266149580479
[2025-01-06 09:51:59,138] INFO: Iter 3800 Summary: 
[2025-01-06 09:51:59,139] INFO: 	 lr: 0.00030000000000000073 	 Training loss: 0.08489719539880752
[2025-01-06 09:52:09,323] INFO: Iter 3900 Summary: 
[2025-01-06 09:52:09,323] INFO: 	 lr: 0.00030000000000000073 	 Training loss: 0.08486178569495678
[2025-01-06 09:52:22,617] INFO: Iter 4000 Summary: 
[2025-01-06 09:52:22,617] INFO: 	 lr: 0.00030000000000000073 	 Training loss: 0.08513429611921311
[2025-01-06 09:52:38,377] INFO: Iter 4100 Summary: 
[2025-01-06 09:52:38,378] INFO: 	 lr: 0.00030000000000000073 	 Training loss: 0.08410535097122192
[2025-01-06 09:52:48,887] INFO: Iter 4200 Summary: 
[2025-01-06 09:52:48,888] INFO: 	 lr: 0.00030000000000000073 	 Training loss: 0.08421309165656567
[2025-01-06 09:53:00,307] INFO: Iter 4300 Summary: 
[2025-01-06 09:53:00,307] INFO: 	 lr: 0.00030000000000000073 	 Training loss: 0.08459332235157489
[2025-01-06 09:53:12,602] INFO: Iter 4400 Summary: 
[2025-01-06 09:53:12,602] INFO: 	 lr: 0.00030000000000000073 	 Training loss: 0.08389544643461705
[2025-01-06 09:53:25,128] INFO: Iter 4500 Summary: 
[2025-01-06 09:53:25,129] INFO: 	 lr: 0.00030000000000000073 	 Training loss: 0.08436605602502822
[2025-01-06 09:53:37,920] INFO: Iter 4600 Summary: 
[2025-01-06 09:53:37,920] INFO: 	 lr: 0.00030000000000000073 	 Training loss: 0.08434047177433968
[2025-01-06 09:53:50,249] INFO: Iter 4700 Summary: 
[2025-01-06 09:53:50,249] INFO: 	 lr: 0.00030000000000000073 	 Training loss: 0.08416948571801186
[2025-01-06 09:54:02,552] INFO: Iter 4800 Summary: 
[2025-01-06 09:54:02,552] INFO: 	 lr: 0.00030000000000000073 	 Training loss: 0.08386249795556068
[2025-01-06 09:54:14,089] INFO: Iter 4900 Summary: 
[2025-01-06 09:54:14,089] INFO: 	 lr: 0.00030000000000000073 	 Training loss: 0.08337945759296417
[2025-01-06 09:54:27,740] INFO: Iter 5000 Summary: 
[2025-01-06 09:54:27,740] INFO: 	 lr: 0.00030000000000000073 	 Training loss: 0.08372707799077034
[2025-01-06 09:54:39,305] INFO: Iter 5100 Summary: 
[2025-01-06 09:54:39,305] INFO: 	 lr: 0.00030000000000000073 	 Training loss: 0.08384046636521816
[2025-01-06 09:54:49,684] INFO: Iter 5200 Summary: 
[2025-01-06 09:54:49,685] INFO: 	 lr: 0.00030000000000000073 	 Training loss: 0.0840357519686222
[2025-01-06 09:55:01,396] INFO: Iter 5300 Summary: 
[2025-01-06 09:55:01,397] INFO: 	 lr: 0.00030000000000000073 	 Training loss: 0.08374697662889957
[2025-01-06 09:55:12,047] INFO: Iter 5400 Summary: 
[2025-01-06 09:55:12,047] INFO: 	 lr: 0.00030000000000000073 	 Training loss: 0.08271543920040131
[2025-01-06 09:55:24,779] INFO: Iter 5500 Summary: 
[2025-01-06 09:55:24,780] INFO: 	 lr: 0.00030000000000000073 	 Training loss: 0.08276948153972626
[2025-01-06 09:55:37,009] INFO: Iter 5600 Summary: 
[2025-01-06 09:55:37,009] INFO: 	 lr: 0.00030000000000000073 	 Training loss: 0.08219486005604267
[2025-01-06 09:55:48,445] INFO: Iter 5700 Summary: 
[2025-01-06 09:55:48,445] INFO: 	 lr: 0.00030000000000000073 	 Training loss: 0.08352141633629799
[2025-01-06 09:56:01,117] INFO: Iter 5800 Summary: 
[2025-01-06 09:56:01,117] INFO: 	 lr: 0.00030000000000000073 	 Training loss: 0.08330003313720226
[2025-01-06 09:56:11,873] INFO: Iter 5900 Summary: 
[2025-01-06 09:56:11,874] INFO: 	 lr: 0.00030000000000000073 	 Training loss: 0.08238766893744469
[2025-01-06 09:56:23,463] INFO: Iter 6000 Summary: 
[2025-01-06 09:56:23,463] INFO: 	 lr: 0.00030000000000000073 	 Training loss: 0.08300228342413903
[2025-01-06 09:56:38,748] INFO: Iter 6100 Summary: 
[2025-01-06 09:56:38,748] INFO: 	 lr: 0.00030000000000000073 	 Training loss: 0.0823167921602726
[2025-01-06 09:56:50,352] INFO: Iter 6200 Summary: 
[2025-01-06 09:56:50,352] INFO: 	 lr: 0.00030000000000000073 	 Training loss: 0.0821438542753458
[2025-01-06 09:57:01,032] INFO: Iter 6300 Summary: 
[2025-01-06 09:57:01,032] INFO: 	 lr: 0.00030000000000000073 	 Training loss: 0.08358618080615997
[2025-01-06 09:57:11,309] INFO: Iter 6400 Summary: 
[2025-01-06 09:57:11,309] INFO: 	 lr: 0.00030000000000000073 	 Training loss: 0.08234647899866104
[2025-01-06 09:57:23,640] INFO: Iter 6500 Summary: 
[2025-01-06 09:57:23,641] INFO: 	 lr: 0.00030000000000000073 	 Training loss: 0.08233331695199013
[2025-01-06 09:57:34,904] INFO: Iter 6600 Summary: 
[2025-01-06 09:57:34,904] INFO: 	 lr: 0.00030000000000000073 	 Training loss: 0.08295760594308377
[2025-01-06 09:57:47,931] INFO: Iter 6700 Summary: 
[2025-01-06 09:57:47,931] INFO: 	 lr: 0.00030000000000000073 	 Training loss: 0.08257473267614841
[2025-01-06 09:58:00,456] INFO: Iter 6800 Summary: 
[2025-01-06 09:58:00,456] INFO: 	 lr: 0.00030000000000000073 	 Training loss: 0.08181537643074989
[2025-01-06 09:58:13,869] INFO: Iter 6900 Summary: 
[2025-01-06 09:58:13,869] INFO: 	 lr: 0.00030000000000000073 	 Training loss: 0.08196059294044972
[2025-01-06 09:58:25,537] INFO: Iter 7000 Summary: 
[2025-01-06 09:58:25,537] INFO: 	 lr: 0.00030000000000000073 	 Training loss: 0.08189470008015633
[2025-01-06 09:58:38,352] INFO: Iter 7100 Summary: 
[2025-01-06 09:58:38,352] INFO: 	 lr: 0.00030000000000000073 	 Training loss: 0.08183938540518283
[2025-01-06 09:58:49,442] INFO: Iter 7200 Summary: 
[2025-01-06 09:58:49,442] INFO: 	 lr: 0.00030000000000000073 	 Training loss: 0.08117716439068318
[2025-01-06 09:58:58,404] INFO: Iter 7300 Summary: 
[2025-01-06 09:58:58,404] INFO: 	 lr: 0.00030000000000000073 	 Training loss: 0.0813665684312582
[2025-01-06 09:59:09,659] INFO: Iter 7400 Summary: 
[2025-01-06 09:59:09,659] INFO: 	 lr: 0.00030000000000000073 	 Training loss: 0.08098246932029723
[2025-01-06 09:59:22,336] INFO: Iter 7500 Summary: 
[2025-01-06 09:59:22,337] INFO: 	 lr: 0.00030000000000000073 	 Training loss: 0.08126023814082145
[2025-01-06 09:59:35,479] INFO: Iter 7600 Summary: 
[2025-01-06 09:59:35,480] INFO: 	 lr: 0.00030000000000000073 	 Training loss: 0.081666519343853
[2025-01-06 09:59:45,178] INFO: Iter 7700 Summary: 
[2025-01-06 09:59:45,179] INFO: 	 lr: 0.00030000000000000073 	 Training loss: 0.08064452327787876
[2025-01-06 09:59:55,932] INFO: Iter 7800 Summary: 
[2025-01-06 09:59:55,932] INFO: 	 lr: 0.00030000000000000073 	 Training loss: 0.08079419240355491
[2025-01-06 10:00:08,089] INFO: Iter 7900 Summary: 
[2025-01-06 10:00:08,089] INFO: 	 lr: 0.00030000000000000073 	 Training loss: 0.08096509598195553
[2025-01-06 10:00:20,151] INFO: Iter 8000 Summary: 
[2025-01-06 10:00:20,152] INFO: 	 lr: 0.00030000000000000073 	 Training loss: 0.08109181068837643
[2025-01-06 10:00:34,026] INFO: Iter 8100 Summary: 
[2025-01-06 10:00:34,027] INFO: 	 lr: 0.00030000000000000073 	 Training loss: 0.08058289356529713
[2025-01-06 10:00:45,130] INFO: Iter 8200 Summary: 
[2025-01-06 10:00:45,130] INFO: 	 lr: 0.00030000000000000073 	 Training loss: 0.08059745751321316
[2025-01-06 10:00:56,247] INFO: Iter 8300 Summary: 
[2025-01-06 10:00:56,247] INFO: 	 lr: 0.00030000000000000073 	 Training loss: 0.0807010718435049
[2025-01-06 10:01:06,468] INFO: Iter 8400 Summary: 
[2025-01-06 10:01:06,469] INFO: 	 lr: 0.00030000000000000073 	 Training loss: 0.08045668549835681
[2025-01-06 10:01:15,960] INFO: Iter 8500 Summary: 
[2025-01-06 10:01:15,961] INFO: 	 lr: 0.00030000000000000073 	 Training loss: 0.08060391291975975
[2025-01-06 10:01:26,517] INFO: Iter 8600 Summary: 
[2025-01-06 10:01:26,517] INFO: 	 lr: 0.00030000000000000073 	 Training loss: 0.08062451273202896
[2025-01-06 10:01:37,999] INFO: Iter 8700 Summary: 
[2025-01-06 10:01:38,000] INFO: 	 lr: 0.00030000000000000073 	 Training loss: 0.08030188880860806
[2025-01-06 10:01:49,979] INFO: Iter 8800 Summary: 
[2025-01-06 10:01:49,979] INFO: 	 lr: 0.00030000000000000073 	 Training loss: 0.08012699201703072
[2025-01-06 10:02:02,812] INFO: Iter 8900 Summary: 
[2025-01-06 10:02:02,813] INFO: 	 lr: 0.00030000000000000073 	 Training loss: 0.08035084299743175
[2025-01-06 10:02:14,152] INFO: Iter 9000 Summary: 
[2025-01-06 10:02:14,152] INFO: 	 lr: 0.00030000000000000073 	 Training loss: 0.07973431177437305
[2025-01-06 10:02:25,424] INFO: Iter 9100 Summary: 
[2025-01-06 10:02:25,424] INFO: 	 lr: 0.00030000000000000073 	 Training loss: 0.07986942544579506
[2025-01-06 10:02:36,562] INFO: Iter 9200 Summary: 
[2025-01-06 10:02:36,562] INFO: 	 lr: 0.00030000000000000073 	 Training loss: 0.0807437239587307
[2025-01-06 10:02:48,815] INFO: Iter 9300 Summary: 
[2025-01-06 10:02:48,815] INFO: 	 lr: 0.00030000000000000073 	 Training loss: 0.08025297708809376
[2025-01-06 10:03:00,086] INFO: Iter 9400 Summary: 
[2025-01-06 10:03:00,086] INFO: 	 lr: 0.00030000000000000073 	 Training loss: 0.07990147106349468
[2025-01-06 10:03:11,661] INFO: Iter 9500 Summary: 
[2025-01-06 10:03:11,661] INFO: 	 lr: 0.00030000000000000073 	 Training loss: 0.07924435220658779
[2025-01-06 10:03:24,714] INFO: Iter 9600 Summary: 
[2025-01-06 10:03:24,714] INFO: 	 lr: 0.00030000000000000073 	 Training loss: 0.07985165663063526
[2025-01-06 10:03:36,427] INFO: Iter 9700 Summary: 
[2025-01-06 10:03:36,427] INFO: 	 lr: 0.00030000000000000073 	 Training loss: 0.07989748001098633
[2025-01-06 10:03:46,893] INFO: Iter 9800 Summary: 
[2025-01-06 10:03:46,893] INFO: 	 lr: 0.00030000000000000073 	 Training loss: 0.08021813042461873
[2025-01-06 10:03:57,539] INFO: Iter 9900 Summary: 
[2025-01-06 10:03:57,539] INFO: 	 lr: 0.00030000000000000073 	 Training loss: 0.07935154259204864
[2025-01-06 10:04:07,275] INFO: Iter 10000 Summary: 
[2025-01-06 10:04:07,275] INFO: 	 lr: 0.00030000000000000073 	 Training loss: 0.07939813897013664
[2025-01-06 10:04:19,971] INFO: Iter 10100 Summary: 
[2025-01-06 10:04:19,971] INFO: 	 lr: 0.00030000000000000073 	 Training loss: 0.07948404632508754
[2025-01-06 10:04:32,213] INFO: Iter 10200 Summary: 
[2025-01-06 10:04:32,213] INFO: 	 lr: 0.00030000000000000073 	 Training loss: 0.07893955938518048
[2025-01-06 10:04:43,725] INFO: Iter 10300 Summary: 
[2025-01-06 10:04:43,726] INFO: 	 lr: 0.00030000000000000073 	 Training loss: 0.07948929965496063
[2025-01-06 10:04:55,742] INFO: Iter 10400 Summary: 
[2025-01-06 10:04:55,742] INFO: 	 lr: 0.00030000000000000073 	 Training loss: 0.07909645073115826
[2025-01-06 10:05:07,927] INFO: Iter 10500 Summary: 
[2025-01-06 10:05:07,927] INFO: 	 lr: 0.00030000000000000073 	 Training loss: 0.07885731182992459
[2025-01-06 10:05:19,190] INFO: Iter 10600 Summary: 
[2025-01-06 10:05:19,190] INFO: 	 lr: 0.00030000000000000073 	 Training loss: 0.07884973436594009
[2025-01-06 10:05:30,487] INFO: Iter 10700 Summary: 
[2025-01-06 10:05:30,487] INFO: 	 lr: 0.00030000000000000073 	 Training loss: 0.07854130648076535
[2025-01-06 10:05:42,422] INFO: Iter 10800 Summary: 
[2025-01-06 10:05:42,422] INFO: 	 lr: 0.00030000000000000073 	 Training loss: 0.07951035715639591
[2025-01-06 10:05:54,574] INFO: Iter 10900 Summary: 
[2025-01-06 10:05:54,575] INFO: 	 lr: 0.00030000000000000073 	 Training loss: 0.07889189124107361
[2025-01-06 10:06:04,602] INFO: Iter 11000 Summary: 
[2025-01-06 10:06:04,603] INFO: 	 lr: 0.00030000000000000073 	 Training loss: 0.07840866468846798
[2025-01-06 10:06:16,063] INFO: Iter 11100 Summary: 
[2025-01-06 10:06:16,064] INFO: 	 lr: 0.00030000000000000073 	 Training loss: 0.07891214855015277
[2025-01-06 10:06:26,899] INFO: Iter 11200 Summary: 
[2025-01-06 10:06:26,900] INFO: 	 lr: 0.00030000000000000073 	 Training loss: 0.07848351597785949
[2025-01-06 10:06:39,255] INFO: Iter 11300 Summary: 
[2025-01-06 10:06:39,255] INFO: 	 lr: 0.00030000000000000073 	 Training loss: 0.07915089264512062
[2025-01-06 10:06:50,156] INFO: Iter 11400 Summary: 
[2025-01-06 10:06:50,156] INFO: 	 lr: 0.00030000000000000073 	 Training loss: 0.07848889917135239
[2025-01-06 10:07:02,196] INFO: Iter 11500 Summary: 
[2025-01-06 10:07:02,196] INFO: 	 lr: 0.00030000000000000073 	 Training loss: 0.07891573667526246
[2025-01-06 10:07:14,404] INFO: Iter 11600 Summary: 
[2025-01-06 10:07:14,405] INFO: 	 lr: 0.00030000000000000073 	 Training loss: 0.07824160501360894
[2025-01-06 10:07:24,531] INFO: Iter 11700 Summary: 
[2025-01-06 10:07:24,531] INFO: 	 lr: 0.00030000000000000073 	 Training loss: 0.07847989752888679
[2025-01-06 10:07:36,825] INFO: Iter 11800 Summary: 
[2025-01-06 10:07:36,825] INFO: 	 lr: 0.00030000000000000073 	 Training loss: 0.07846140131354332
[2025-01-06 10:07:48,095] INFO: Iter 11900 Summary: 
[2025-01-06 10:07:48,096] INFO: 	 lr: 0.00030000000000000073 	 Training loss: 0.07832514688372612
[2025-01-06 10:08:01,873] INFO: Iter 12000 Summary: 
[2025-01-06 10:08:01,874] INFO: 	 lr: 0.00030000000000000073 	 Training loss: 0.07847789198160171
[2025-01-06 10:08:16,051] INFO: Iter 12100 Summary: 
[2025-01-06 10:08:16,051] INFO: 	 lr: 0.00030000000000000073 	 Training loss: 0.07817273661494255
[2025-01-06 10:08:27,000] INFO: Iter 12200 Summary: 
[2025-01-06 10:08:27,000] INFO: 	 lr: 0.00030000000000000073 	 Training loss: 0.07785826452076434
[2025-01-06 10:08:38,571] INFO: Iter 12300 Summary: 
[2025-01-06 10:08:38,572] INFO: 	 lr: 0.00030000000000000073 	 Training loss: 0.07836836591362953
[2025-01-06 10:08:49,252] INFO: Iter 12400 Summary: 
[2025-01-06 10:08:49,252] INFO: 	 lr: 0.00030000000000000073 	 Training loss: 0.07768765345215797
[2025-01-06 10:09:00,850] INFO: Iter 12500 Summary: 
[2025-01-06 10:09:00,851] INFO: 	 lr: 0.00030000000000000073 	 Training loss: 0.07797175623476506
[2025-01-06 10:09:12,630] INFO: Iter 12600 Summary: 
[2025-01-06 10:09:12,631] INFO: 	 lr: 0.00030000000000000073 	 Training loss: 0.07785805381834507
[2025-01-06 10:09:24,833] INFO: Iter 12700 Summary: 
[2025-01-06 10:09:24,834] INFO: 	 lr: 0.00030000000000000073 	 Training loss: 0.07761886149644852
[2025-01-06 10:09:35,586] INFO: Iter 12800 Summary: 
[2025-01-06 10:09:35,587] INFO: 	 lr: 0.00030000000000000073 	 Training loss: 0.07780195660889148
[2025-01-06 10:09:46,353] INFO: Iter 12900 Summary: 
[2025-01-06 10:09:46,353] INFO: 	 lr: 0.00030000000000000073 	 Training loss: 0.0777683325111866
[2025-01-06 10:09:57,188] INFO: Iter 13000 Summary: 
[2025-01-06 10:09:57,188] INFO: 	 lr: 0.00030000000000000073 	 Training loss: 0.07778693936765194
[2025-01-06 10:10:09,394] INFO: Iter 13100 Summary: 
[2025-01-06 10:10:09,395] INFO: 	 lr: 0.00030000000000000073 	 Training loss: 0.07762466907501221
[2025-01-06 10:10:20,512] INFO: Iter 13200 Summary: 
[2025-01-06 10:10:20,512] INFO: 	 lr: 0.00030000000000000073 	 Training loss: 0.07755302786827087
[2025-01-06 10:10:30,543] INFO: Iter 13300 Summary: 
[2025-01-06 10:10:30,543] INFO: 	 lr: 0.00030000000000000073 	 Training loss: 0.07782468415796756
[2025-01-06 10:10:41,872] INFO: Iter 13400 Summary: 
[2025-01-06 10:10:41,872] INFO: 	 lr: 0.00030000000000000073 	 Training loss: 0.07710453264415264
[2025-01-06 10:10:52,683] INFO: Iter 13500 Summary: 
[2025-01-06 10:10:52,684] INFO: 	 lr: 0.00030000000000000073 	 Training loss: 0.07773596934974193
[2025-01-06 10:11:02,546] INFO: Iter 13600 Summary: 
[2025-01-06 10:11:02,547] INFO: 	 lr: 0.00030000000000000073 	 Training loss: 0.07777747295796872
[2025-01-06 10:11:16,127] INFO: Iter 13700 Summary: 
[2025-01-06 10:11:16,127] INFO: 	 lr: 0.00030000000000000073 	 Training loss: 0.07755768828094006
[2025-01-06 10:11:26,870] INFO: Iter 13800 Summary: 
[2025-01-06 10:11:26,870] INFO: 	 lr: 0.00030000000000000073 	 Training loss: 0.07749034315347672
[2025-01-06 10:11:38,164] INFO: Iter 13900 Summary: 
[2025-01-06 10:11:38,165] INFO: 	 lr: 0.00030000000000000073 	 Training loss: 0.07767720282077789
[2025-01-06 10:11:48,991] INFO: Iter 14000 Summary: 
[2025-01-06 10:11:48,991] INFO: 	 lr: 0.00030000000000000073 	 Training loss: 0.0772693082690239
[2025-01-06 10:12:02,463] INFO: Iter 14100 Summary: 
[2025-01-06 10:12:02,463] INFO: 	 lr: 0.00030000000000000073 	 Training loss: 0.07782231770455837
[2025-01-06 10:12:13,752] INFO: Iter 14200 Summary: 
[2025-01-06 10:12:13,752] INFO: 	 lr: 0.00030000000000000073 	 Training loss: 0.07685228489339352
[2025-01-06 10:12:26,578] INFO: Iter 14300 Summary: 
[2025-01-06 10:12:26,578] INFO: 	 lr: 0.00030000000000000073 	 Training loss: 0.07758078001439571
[2025-01-06 10:12:37,144] INFO: Iter 14400 Summary: 
[2025-01-06 10:12:37,144] INFO: 	 lr: 0.00030000000000000073 	 Training loss: 0.07741188019514084
[2025-01-06 10:12:47,221] INFO: Iter 14500 Summary: 
[2025-01-06 10:12:47,221] INFO: 	 lr: 0.00030000000000000073 	 Training loss: 0.07709006637334824
[2025-01-06 10:12:57,729] INFO: Iter 14600 Summary: 
[2025-01-06 10:12:57,729] INFO: 	 lr: 0.00030000000000000073 	 Training loss: 0.07713503278791904
[2025-01-06 10:13:09,463] INFO: Iter 14700 Summary: 
[2025-01-06 10:13:09,464] INFO: 	 lr: 0.00030000000000000073 	 Training loss: 0.07706406220793724
[2025-01-06 10:13:20,707] INFO: Iter 14800 Summary: 
[2025-01-06 10:13:20,707] INFO: 	 lr: 0.00030000000000000073 	 Training loss: 0.07744944453239441
[2025-01-06 10:13:31,757] INFO: Iter 14900 Summary: 
[2025-01-06 10:13:31,757] INFO: 	 lr: 0.00030000000000000073 	 Training loss: 0.07704336121678353
[2025-01-06 10:13:44,327] INFO: Iter 15000 Summary: 
[2025-01-06 10:13:44,327] INFO: 	 lr: 0.00030000000000000073 	 Training loss: 0.07641036286950112
[2025-01-06 10:13:55,376] INFO: Iter 15100 Summary: 
[2025-01-06 10:13:55,376] INFO: 	 lr: 0.00030000000000000073 	 Training loss: 0.07685775317251682
[2025-01-06 10:14:07,640] INFO: Iter 15200 Summary: 
[2025-01-06 10:14:07,650] INFO: 	 lr: 0.00030000000000000073 	 Training loss: 0.0766495031118393
[2025-01-06 10:14:17,544] INFO: Iter 15300 Summary: 
[2025-01-06 10:14:17,545] INFO: 	 lr: 0.00030000000000000073 	 Training loss: 0.07647094838321208
[2025-01-06 10:14:28,450] INFO: Iter 15400 Summary: 
[2025-01-06 10:14:28,451] INFO: 	 lr: 0.00030000000000000073 	 Training loss: 0.07721535392105579
[2025-01-06 10:14:40,076] INFO: Iter 15500 Summary: 
[2025-01-06 10:14:40,076] INFO: 	 lr: 0.00030000000000000073 	 Training loss: 0.07743084728717804
[2025-01-06 10:14:51,221] INFO: Iter 15600 Summary: 
[2025-01-06 10:14:51,222] INFO: 	 lr: 0.00030000000000000073 	 Training loss: 0.07663187235593796
[2025-01-06 10:15:03,224] INFO: Iter 15700 Summary: 
[2025-01-06 10:15:03,225] INFO: 	 lr: 0.00030000000000000073 	 Training loss: 0.07672723568975925
[2025-01-06 10:15:14,530] INFO: Iter 15800 Summary: 
[2025-01-06 10:15:14,530] INFO: 	 lr: 0.00030000000000000073 	 Training loss: 0.07600203074514866
[2025-01-06 10:15:26,041] INFO: Iter 15900 Summary: 
[2025-01-06 10:15:26,041] INFO: 	 lr: 0.00030000000000000073 	 Training loss: 0.0763574156910181
[2025-01-06 10:15:36,802] INFO: Iter 16000 Summary: 
[2025-01-06 10:15:36,802] INFO: 	 lr: 0.00030000000000000073 	 Training loss: 0.07648935124278068
[2025-01-06 10:15:51,377] INFO: Iter 16100 Summary: 
[2025-01-06 10:15:51,377] INFO: 	 lr: 0.00030000000000000073 	 Training loss: 0.07646595656871796
[2025-01-06 10:16:03,145] INFO: Iter 16200 Summary: 
[2025-01-06 10:16:03,145] INFO: 	 lr: 0.00030000000000000073 	 Training loss: 0.07603791438043117
[2025-01-06 10:16:16,574] INFO: Iter 16300 Summary: 
[2025-01-06 10:16:16,574] INFO: 	 lr: 0.00030000000000000073 	 Training loss: 0.07683256104588508
[2025-01-06 10:16:28,900] INFO: Iter 16400 Summary: 
[2025-01-06 10:16:28,900] INFO: 	 lr: 0.00030000000000000073 	 Training loss: 0.07611386083066464
[2025-01-06 10:16:40,039] INFO: Iter 16500 Summary: 
[2025-01-06 10:16:40,039] INFO: 	 lr: 0.00030000000000000073 	 Training loss: 0.07671679064631462
[2025-01-06 10:16:51,686] INFO: Iter 16600 Summary: 
[2025-01-06 10:16:51,686] INFO: 	 lr: 0.00030000000000000073 	 Training loss: 0.07630376644432545
[2025-01-06 10:17:03,073] INFO: Iter 16700 Summary: 
[2025-01-06 10:17:03,074] INFO: 	 lr: 0.00030000000000000073 	 Training loss: 0.0759724897146225
[2025-01-06 10:17:16,709] INFO: Iter 16800 Summary: 
[2025-01-06 10:17:16,710] INFO: 	 lr: 0.00030000000000000073 	 Training loss: 0.0763835372030735
[2025-01-06 10:17:28,320] INFO: Iter 16900 Summary: 
[2025-01-06 10:17:28,321] INFO: 	 lr: 0.00030000000000000073 	 Training loss: 0.07641666837036609
[2025-01-06 10:17:41,416] INFO: Iter 17000 Summary: 
[2025-01-06 10:17:41,417] INFO: 	 lr: 0.00030000000000000073 	 Training loss: 0.07606158547103405
[2025-01-06 10:17:53,859] INFO: Iter 17100 Summary: 
[2025-01-06 10:17:53,859] INFO: 	 lr: 0.00030000000000000073 	 Training loss: 0.07635580465197563
[2025-01-06 10:18:07,216] INFO: Iter 17200 Summary: 
[2025-01-06 10:18:07,216] INFO: 	 lr: 0.00030000000000000073 	 Training loss: 0.07637101747095584
[2025-01-06 10:18:17,625] INFO: Iter 17300 Summary: 
[2025-01-06 10:18:17,625] INFO: 	 lr: 0.00030000000000000073 	 Training loss: 0.07649789854884148
[2025-01-06 10:18:29,672] INFO: Iter 17400 Summary: 
[2025-01-06 10:18:29,672] INFO: 	 lr: 0.00030000000000000073 	 Training loss: 0.07650499604642391
[2025-01-06 10:18:40,337] INFO: Iter 17500 Summary: 
[2025-01-06 10:18:40,338] INFO: 	 lr: 0.00030000000000000073 	 Training loss: 0.07598754189908505
[2025-01-06 10:18:51,937] INFO: Iter 17600 Summary: 
[2025-01-06 10:18:51,937] INFO: 	 lr: 0.00030000000000000073 	 Training loss: 0.0757838311046362
[2025-01-06 10:19:02,213] INFO: Iter 17700 Summary: 
[2025-01-06 10:19:02,214] INFO: 	 lr: 0.00030000000000000073 	 Training loss: 0.07583722203969956
[2025-01-06 10:19:14,127] INFO: Iter 17800 Summary: 
[2025-01-06 10:19:14,127] INFO: 	 lr: 0.00030000000000000073 	 Training loss: 0.0762831624597311
[2025-01-06 10:19:26,713] INFO: Iter 17900 Summary: 
[2025-01-06 10:19:26,713] INFO: 	 lr: 0.00030000000000000073 	 Training loss: 0.07605986438691616
[2025-01-06 10:19:39,652] INFO: Iter 18000 Summary: 
[2025-01-06 10:19:39,652] INFO: 	 lr: 0.00030000000000000073 	 Training loss: 0.07591539070010185
[2025-01-06 10:19:53,302] INFO: Iter 18100 Summary: 
[2025-01-06 10:19:53,302] INFO: 	 lr: 0.00030000000000000073 	 Training loss: 0.07518282167613506
[2025-01-06 10:20:05,361] INFO: Iter 18200 Summary: 
[2025-01-06 10:20:05,361] INFO: 	 lr: 0.00030000000000000073 	 Training loss: 0.07627050347626209
[2025-01-06 10:20:17,141] INFO: Iter 18300 Summary: 
[2025-01-06 10:20:17,141] INFO: 	 lr: 0.00030000000000000073 	 Training loss: 0.07570202976465225
[2025-01-06 10:20:30,491] INFO: Iter 18400 Summary: 
[2025-01-06 10:20:30,491] INFO: 	 lr: 0.00030000000000000073 	 Training loss: 0.07567494951188564
[2025-01-06 10:20:41,760] INFO: Iter 18500 Summary: 
[2025-01-06 10:20:41,760] INFO: 	 lr: 0.00030000000000000073 	 Training loss: 0.07559868447482586
[2025-01-06 10:20:53,467] INFO: Iter 18600 Summary: 
[2025-01-06 10:20:53,467] INFO: 	 lr: 0.00030000000000000073 	 Training loss: 0.07589632883667946
[2025-01-06 10:21:05,067] INFO: Iter 18700 Summary: 
[2025-01-06 10:21:05,068] INFO: 	 lr: 0.00030000000000000073 	 Training loss: 0.07579180344939232
[2025-01-06 10:21:17,252] INFO: Iter 18800 Summary: 
[2025-01-06 10:21:17,252] INFO: 	 lr: 0.00030000000000000073 	 Training loss: 0.07596006460487842
[2025-01-06 10:21:28,681] INFO: Iter 18900 Summary: 
[2025-01-06 10:21:28,682] INFO: 	 lr: 0.00030000000000000073 	 Training loss: 0.07563358433544635
[2025-01-06 10:21:40,016] INFO: Iter 19000 Summary: 
[2025-01-06 10:21:40,016] INFO: 	 lr: 0.00030000000000000073 	 Training loss: 0.07544577598571778
[2025-01-06 10:21:51,956] INFO: Iter 19100 Summary: 
[2025-01-06 10:21:51,957] INFO: 	 lr: 0.00030000000000000073 	 Training loss: 0.07569164730608463
[2025-01-06 10:22:05,162] INFO: Iter 19200 Summary: 
[2025-01-06 10:22:05,162] INFO: 	 lr: 0.00030000000000000073 	 Training loss: 0.07564291276037693
[2025-01-06 10:22:16,605] INFO: Iter 19300 Summary: 
[2025-01-06 10:22:16,606] INFO: 	 lr: 0.00030000000000000073 	 Training loss: 0.0756900104880333
[2025-01-06 10:22:27,151] INFO: Iter 19400 Summary: 
[2025-01-06 10:22:27,151] INFO: 	 lr: 0.00030000000000000073 	 Training loss: 0.0751775511354208
[2025-01-06 10:22:39,704] INFO: Iter 19500 Summary: 
[2025-01-06 10:22:39,705] INFO: 	 lr: 0.00030000000000000073 	 Training loss: 0.07536070786416531
[2025-01-06 10:22:51,387] INFO: Iter 19600 Summary: 
[2025-01-06 10:22:51,387] INFO: 	 lr: 0.00030000000000000073 	 Training loss: 0.07533856689929962
[2025-01-06 10:23:03,118] INFO: Iter 19700 Summary: 
[2025-01-06 10:23:03,119] INFO: 	 lr: 0.00030000000000000073 	 Training loss: 0.07545121975243091
[2025-01-06 10:23:13,911] INFO: Iter 19800 Summary: 
[2025-01-06 10:23:13,911] INFO: 	 lr: 0.00030000000000000073 	 Training loss: 0.07525997579097748
[2025-01-06 10:23:24,483] INFO: Iter 19900 Summary: 
[2025-01-06 10:23:24,484] INFO: 	 lr: 0.00030000000000000073 	 Training loss: 0.0754305649548769
[2025-01-06 10:23:37,339] INFO: Iter 20000 Summary: 
[2025-01-06 10:23:37,339] INFO: 	 lr: 0.00030000000000000073 	 Training loss: 0.07467321284115315
[2025-01-06 10:23:53,438] INFO: Iter 20100 Summary: 
[2025-01-06 10:23:53,438] INFO: 	 lr: 0.00030000000000000073 	 Training loss: 0.07582894831895828
[2025-01-06 10:24:06,102] INFO: Iter 20200 Summary: 
[2025-01-06 10:24:06,103] INFO: 	 lr: 0.00030000000000000073 	 Training loss: 0.07511810675263404
[2025-01-06 10:24:19,613] INFO: Iter 20300 Summary: 
[2025-01-06 10:24:19,613] INFO: 	 lr: 0.00030000000000000073 	 Training loss: 0.07517038591206074
[2025-01-06 10:24:32,105] INFO: Iter 20400 Summary: 
[2025-01-06 10:24:32,106] INFO: 	 lr: 0.00030000000000000073 	 Training loss: 0.07534831523895263
[2025-01-06 10:24:44,039] INFO: Iter 20500 Summary: 
[2025-01-06 10:24:44,040] INFO: 	 lr: 0.00030000000000000073 	 Training loss: 0.07482198022305965
[2025-01-06 10:24:55,906] INFO: Iter 20600 Summary: 
[2025-01-06 10:24:55,906] INFO: 	 lr: 0.00030000000000000073 	 Training loss: 0.07512530907988549
[2025-01-06 10:25:06,715] INFO: Iter 20700 Summary: 
[2025-01-06 10:25:06,715] INFO: 	 lr: 0.00030000000000000073 	 Training loss: 0.0753941498696804
[2025-01-06 10:25:20,516] INFO: Iter 20800 Summary: 
[2025-01-06 10:25:20,517] INFO: 	 lr: 0.00030000000000000073 	 Training loss: 0.07512937739491463
[2025-01-06 10:25:31,077] INFO: Iter 20900 Summary: 
[2025-01-06 10:25:31,078] INFO: 	 lr: 0.00030000000000000073 	 Training loss: 0.0751495686173439
[2025-01-06 10:25:42,959] INFO: Iter 21000 Summary: 
[2025-01-06 10:25:42,960] INFO: 	 lr: 0.00030000000000000073 	 Training loss: 0.07478261187672615
[2025-01-06 10:25:55,073] INFO: Iter 21100 Summary: 
[2025-01-06 10:25:55,074] INFO: 	 lr: 0.00030000000000000073 	 Training loss: 0.07487821966409683
[2025-01-06 10:26:07,111] INFO: Iter 21200 Summary: 
[2025-01-06 10:26:07,111] INFO: 	 lr: 0.00030000000000000073 	 Training loss: 0.07524636864662171
[2025-01-06 10:26:17,620] INFO: Iter 21300 Summary: 
[2025-01-06 10:26:17,620] INFO: 	 lr: 0.00030000000000000073 	 Training loss: 0.07501709513366223
[2025-01-06 10:26:29,791] INFO: Iter 21400 Summary: 
[2025-01-06 10:26:29,792] INFO: 	 lr: 0.00030000000000000073 	 Training loss: 0.07517763033509255
[2025-01-06 10:26:40,592] INFO: Iter 21500 Summary: 
[2025-01-06 10:26:40,593] INFO: 	 lr: 0.00030000000000000073 	 Training loss: 0.07548223160207272
[2025-01-06 10:26:52,516] INFO: Iter 21600 Summary: 
[2025-01-06 10:26:52,516] INFO: 	 lr: 0.00030000000000000073 	 Training loss: 0.07444052845239639
[2025-01-06 10:27:03,395] INFO: Iter 21700 Summary: 
[2025-01-06 10:27:03,396] INFO: 	 lr: 0.00030000000000000073 	 Training loss: 0.07510012023150921
[2025-01-06 10:27:16,336] INFO: Iter 21800 Summary: 
[2025-01-06 10:27:16,336] INFO: 	 lr: 0.00030000000000000073 	 Training loss: 0.0747191609442234
[2025-01-06 10:27:28,767] INFO: Iter 21900 Summary: 
[2025-01-06 10:27:28,767] INFO: 	 lr: 0.00030000000000000073 	 Training loss: 0.07489224016666413
[2025-01-06 10:27:40,515] INFO: Iter 22000 Summary: 
[2025-01-06 10:27:40,516] INFO: 	 lr: 0.00030000000000000073 	 Training loss: 0.07504049360752106
[2025-01-06 10:27:54,928] INFO: Iter 22100 Summary: 
[2025-01-06 10:27:54,928] INFO: 	 lr: 0.00030000000000000073 	 Training loss: 0.07508430115878582
[2025-01-06 10:28:07,456] INFO: Iter 22200 Summary: 
[2025-01-06 10:28:07,456] INFO: 	 lr: 0.00030000000000000073 	 Training loss: 0.07437840186059475
[2025-01-06 10:28:19,665] INFO: Iter 22300 Summary: 
[2025-01-06 10:28:19,665] INFO: 	 lr: 0.00030000000000000073 	 Training loss: 0.07536294288933278
[2025-01-06 10:28:31,019] INFO: Iter 22400 Summary: 
[2025-01-06 10:28:31,020] INFO: 	 lr: 0.00030000000000000073 	 Training loss: 0.07456155098974705
[2025-01-06 10:28:44,631] INFO: Iter 22500 Summary: 
[2025-01-06 10:28:44,631] INFO: 	 lr: 0.00030000000000000073 	 Training loss: 0.0741075900197029
[2025-01-06 10:28:54,388] INFO: Iter 22600 Summary: 
[2025-01-06 10:28:54,389] INFO: 	 lr: 0.00030000000000000073 	 Training loss: 0.07458792909979821
[2025-01-06 10:29:04,962] INFO: Iter 22700 Summary: 
[2025-01-06 10:29:04,963] INFO: 	 lr: 0.00030000000000000073 	 Training loss: 0.07473647482693195
[2025-01-06 10:29:16,505] INFO: Iter 22800 Summary: 
[2025-01-06 10:29:16,505] INFO: 	 lr: 0.00030000000000000073 	 Training loss: 0.07412377081811428
[2025-01-06 10:29:29,276] INFO: Iter 22900 Summary: 
[2025-01-06 10:29:29,276] INFO: 	 lr: 0.00030000000000000073 	 Training loss: 0.07494243413209915
[2025-01-06 10:29:41,288] INFO: Iter 23000 Summary: 
[2025-01-06 10:29:41,288] INFO: 	 lr: 0.00030000000000000073 	 Training loss: 0.07477643430233001
[2025-01-06 10:29:54,844] INFO: Iter 23100 Summary: 
[2025-01-06 10:29:54,844] INFO: 	 lr: 0.00030000000000000073 	 Training loss: 0.07486558191478253
[2025-01-06 10:30:05,297] INFO: Iter 23200 Summary: 
[2025-01-06 10:30:05,298] INFO: 	 lr: 0.00030000000000000073 	 Training loss: 0.07403643392026424
[2025-01-06 10:30:18,040] INFO: Iter 23300 Summary: 
[2025-01-06 10:30:18,040] INFO: 	 lr: 0.00030000000000000073 	 Training loss: 0.07383408807218075
[2025-01-06 10:30:30,451] INFO: Iter 23400 Summary: 
[2025-01-06 10:30:30,451] INFO: 	 lr: 0.00030000000000000073 	 Training loss: 0.07457872197031974
[2025-01-06 10:30:40,789] INFO: Iter 23500 Summary: 
[2025-01-06 10:30:40,789] INFO: 	 lr: 0.00030000000000000073 	 Training loss: 0.0744603506475687
[2025-01-06 10:30:51,754] INFO: Iter 23600 Summary: 
[2025-01-06 10:30:51,754] INFO: 	 lr: 0.00030000000000000073 	 Training loss: 0.07502423830330372
[2025-01-06 10:31:03,493] INFO: Iter 23700 Summary: 
[2025-01-06 10:31:03,494] INFO: 	 lr: 0.00030000000000000073 	 Training loss: 0.07461137503385544
[2025-01-06 10:31:15,763] INFO: Iter 23800 Summary: 
[2025-01-06 10:31:15,764] INFO: 	 lr: 0.00030000000000000073 	 Training loss: 0.07420090399682522
[2025-01-06 10:31:27,448] INFO: Iter 23900 Summary: 
[2025-01-06 10:31:27,448] INFO: 	 lr: 0.00030000000000000073 	 Training loss: 0.07494545161724091
[2025-01-06 10:31:39,642] INFO: Iter 24000 Summary: 
[2025-01-06 10:31:39,643] INFO: 	 lr: 0.00030000000000000073 	 Training loss: 0.07459896035492421
[2025-01-06 10:31:55,117] INFO: Iter 24100 Summary: 
[2025-01-06 10:31:55,117] INFO: 	 lr: 0.00030000000000000073 	 Training loss: 0.07419894941151142
[2025-01-06 10:32:07,148] INFO: Iter 24200 Summary: 
[2025-01-06 10:32:07,148] INFO: 	 lr: 0.00030000000000000073 	 Training loss: 0.07422298774123191
[2025-01-06 10:32:19,519] INFO: Iter 24300 Summary: 
[2025-01-06 10:32:19,520] INFO: 	 lr: 0.00030000000000000073 	 Training loss: 0.07416820444166661
[2025-01-06 10:32:30,361] INFO: Iter 24400 Summary: 
[2025-01-06 10:32:30,362] INFO: 	 lr: 0.00030000000000000073 	 Training loss: 0.07371348291635513
[2025-01-06 10:32:43,445] INFO: Iter 24500 Summary: 
[2025-01-06 10:32:43,445] INFO: 	 lr: 0.00030000000000000073 	 Training loss: 0.07434998869895935
[2025-01-06 10:32:54,311] INFO: Iter 24600 Summary: 
[2025-01-06 10:32:54,311] INFO: 	 lr: 0.00030000000000000073 	 Training loss: 0.07420923665165902
[2025-01-06 10:33:05,974] INFO: Iter 24700 Summary: 
[2025-01-06 10:33:05,974] INFO: 	 lr: 0.00030000000000000073 	 Training loss: 0.07492453567683696
[2025-01-06 10:33:19,352] INFO: Iter 24800 Summary: 
[2025-01-06 10:33:19,353] INFO: 	 lr: 0.00030000000000000073 	 Training loss: 0.07408561393618583
[2025-01-06 10:33:30,809] INFO: Iter 24900 Summary: 
[2025-01-06 10:33:30,810] INFO: 	 lr: 0.00030000000000000073 	 Training loss: 0.07443397864699364
[2025-01-06 10:33:42,723] INFO: Iter 25000 Summary: 
[2025-01-06 10:33:42,724] INFO: 	 lr: 0.00030000000000000073 	 Training loss: 0.07396669819951057
[2025-01-06 10:33:53,836] INFO: Iter 25100 Summary: 
[2025-01-06 10:33:53,837] INFO: 	 lr: 0.00030000000000000073 	 Training loss: 0.0743147524446249
[2025-01-06 10:34:05,786] INFO: Iter 25200 Summary: 
[2025-01-06 10:34:05,787] INFO: 	 lr: 0.00030000000000000073 	 Training loss: 0.07425090573728084
[2025-01-06 10:34:18,888] INFO: Iter 25300 Summary: 
[2025-01-06 10:34:18,888] INFO: 	 lr: 0.00030000000000000073 	 Training loss: 0.07427639611065388
[2025-01-06 10:34:30,351] INFO: Iter 25400 Summary: 
[2025-01-06 10:34:30,352] INFO: 	 lr: 0.00030000000000000073 	 Training loss: 0.07384547851979732
[2025-01-06 10:34:43,495] INFO: Iter 25500 Summary: 
[2025-01-06 10:34:43,495] INFO: 	 lr: 0.00030000000000000073 	 Training loss: 0.07388825461268425
[2025-01-06 10:34:54,592] INFO: Iter 25600 Summary: 
[2025-01-06 10:34:54,592] INFO: 	 lr: 0.00030000000000000073 	 Training loss: 0.07464615628123283
[2025-01-06 10:35:06,106] INFO: Iter 25700 Summary: 
[2025-01-06 10:35:06,106] INFO: 	 lr: 0.00030000000000000073 	 Training loss: 0.07410941913723945
[2025-01-06 10:35:17,256] INFO: Iter 25800 Summary: 
[2025-01-06 10:35:17,256] INFO: 	 lr: 0.00030000000000000073 	 Training loss: 0.07416542917490006
[2025-01-06 10:35:29,347] INFO: Iter 25900 Summary: 
[2025-01-06 10:35:29,348] INFO: 	 lr: 0.00030000000000000073 	 Training loss: 0.0746098030358553
[2025-01-06 10:35:40,186] INFO: Iter 26000 Summary: 
[2025-01-06 10:35:40,186] INFO: 	 lr: 0.00030000000000000073 	 Training loss: 0.07389860987663269
[2025-01-06 10:35:53,263] INFO: Iter 26100 Summary: 
[2025-01-06 10:35:53,264] INFO: 	 lr: 0.00030000000000000073 	 Training loss: 0.07436074435710907
[2025-01-06 10:36:06,184] INFO: Iter 26200 Summary: 
[2025-01-06 10:36:06,184] INFO: 	 lr: 0.00030000000000000073 	 Training loss: 0.07412836544215679
[2025-01-06 10:36:18,841] INFO: Iter 26300 Summary: 
[2025-01-06 10:36:18,841] INFO: 	 lr: 0.00030000000000000073 	 Training loss: 0.07362012207508087
[2025-01-06 10:36:31,563] INFO: Iter 26400 Summary: 
[2025-01-06 10:36:31,563] INFO: 	 lr: 0.00030000000000000073 	 Training loss: 0.07405182994902133
[2025-01-06 10:36:43,651] INFO: Iter 26500 Summary: 
[2025-01-06 10:36:43,652] INFO: 	 lr: 0.00030000000000000073 	 Training loss: 0.07405115239322185
[2025-01-06 10:36:55,280] INFO: Iter 26600 Summary: 
[2025-01-06 10:36:55,280] INFO: 	 lr: 0.00030000000000000073 	 Training loss: 0.07447451315820217
[2025-01-06 10:37:07,675] INFO: Iter 26700 Summary: 
[2025-01-06 10:37:07,675] INFO: 	 lr: 0.00030000000000000073 	 Training loss: 0.07368532672524453
[2025-01-06 10:37:19,732] INFO: Iter 26800 Summary: 
[2025-01-06 10:37:19,732] INFO: 	 lr: 0.00030000000000000073 	 Training loss: 0.0738089019805193
[2025-01-06 10:37:30,321] INFO: Iter 26900 Summary: 
[2025-01-06 10:37:30,322] INFO: 	 lr: 0.00030000000000000073 	 Training loss: 0.07356932893395424
[2025-01-06 10:37:43,769] INFO: Iter 27000 Summary: 
[2025-01-06 10:37:43,769] INFO: 	 lr: 0.00030000000000000073 	 Training loss: 0.07419741176068782
[2025-01-06 10:37:55,504] INFO: Iter 27100 Summary: 
[2025-01-06 10:37:55,505] INFO: 	 lr: 0.00030000000000000073 	 Training loss: 0.07437667272984981
[2025-01-06 10:38:07,699] INFO: Iter 27200 Summary: 
[2025-01-06 10:38:07,700] INFO: 	 lr: 0.00030000000000000073 	 Training loss: 0.07370260365307331
[2025-01-06 10:38:18,677] INFO: Iter 27300 Summary: 
[2025-01-06 10:38:18,677] INFO: 	 lr: 0.00030000000000000073 	 Training loss: 0.0736265367269516
[2025-01-06 10:38:30,844] INFO: Iter 27400 Summary: 
[2025-01-06 10:38:30,844] INFO: 	 lr: 0.00030000000000000073 	 Training loss: 0.07331668719649315
[2025-01-06 10:38:42,256] INFO: Iter 27500 Summary: 
[2025-01-06 10:38:42,257] INFO: 	 lr: 0.00030000000000000073 	 Training loss: 0.0743798479437828
[2025-01-06 10:38:55,359] INFO: Iter 27600 Summary: 
[2025-01-06 10:38:55,360] INFO: 	 lr: 0.00030000000000000073 	 Training loss: 0.07374383181333542
[2025-01-06 10:39:07,364] INFO: Iter 27700 Summary: 
[2025-01-06 10:39:07,364] INFO: 	 lr: 0.00030000000000000073 	 Training loss: 0.0738948142528534
[2025-01-06 10:39:18,056] INFO: Iter 27800 Summary: 
[2025-01-06 10:39:18,056] INFO: 	 lr: 0.00030000000000000073 	 Training loss: 0.07387681640684604
[2025-01-06 10:39:31,220] INFO: Iter 27900 Summary: 
[2025-01-06 10:39:31,220] INFO: 	 lr: 0.00030000000000000073 	 Training loss: 0.07382538378238677
[2025-01-06 10:39:42,096] INFO: Iter 28000 Summary: 
[2025-01-06 10:39:42,096] INFO: 	 lr: 0.00030000000000000073 	 Training loss: 0.07318981915712357
[2025-01-06 10:39:56,415] INFO: Iter 28100 Summary: 
[2025-01-06 10:39:56,416] INFO: 	 lr: 0.00030000000000000073 	 Training loss: 0.0734589483588934
[2025-01-06 10:40:07,992] INFO: Iter 28200 Summary: 
[2025-01-06 10:40:07,992] INFO: 	 lr: 0.00030000000000000073 	 Training loss: 0.07352370239794254
[2025-01-06 10:40:21,374] INFO: Iter 28300 Summary: 
[2025-01-06 10:40:21,374] INFO: 	 lr: 0.00030000000000000073 	 Training loss: 0.07385623365640641
[2025-01-06 10:40:33,491] INFO: Iter 28400 Summary: 
[2025-01-06 10:40:33,492] INFO: 	 lr: 0.00030000000000000073 	 Training loss: 0.07367166079580784
[2025-01-06 10:40:44,470] INFO: Iter 28500 Summary: 
[2025-01-06 10:40:44,471] INFO: 	 lr: 0.00030000000000000073 	 Training loss: 0.07400359183549882
[2025-01-06 10:40:56,429] INFO: Iter 28600 Summary: 
[2025-01-06 10:40:56,430] INFO: 	 lr: 0.00030000000000000073 	 Training loss: 0.0739353822171688
[2025-01-06 10:41:08,359] INFO: Iter 28700 Summary: 
[2025-01-06 10:41:08,359] INFO: 	 lr: 0.00030000000000000073 	 Training loss: 0.07450774431228638
[2025-01-06 10:41:20,218] INFO: Iter 28800 Summary: 
[2025-01-06 10:41:20,219] INFO: 	 lr: 0.00030000000000000073 	 Training loss: 0.07361399859189988
[2025-01-06 10:41:31,780] INFO: Iter 28900 Summary: 
[2025-01-06 10:41:31,780] INFO: 	 lr: 0.00030000000000000073 	 Training loss: 0.07320217378437519
[2025-01-06 10:41:43,395] INFO: Iter 29000 Summary: 
[2025-01-06 10:41:43,395] INFO: 	 lr: 0.00030000000000000073 	 Training loss: 0.07372825086116791
[2025-01-06 10:41:56,002] INFO: Iter 29100 Summary: 
[2025-01-06 10:41:56,002] INFO: 	 lr: 0.00030000000000000073 	 Training loss: 0.07326004222035408
[2025-01-06 10:42:08,892] INFO: Iter 29200 Summary: 
[2025-01-06 10:42:08,892] INFO: 	 lr: 0.00030000000000000073 	 Training loss: 0.07370593205094338
[2025-01-06 10:42:21,703] INFO: Iter 29300 Summary: 
[2025-01-06 10:42:21,703] INFO: 	 lr: 0.00030000000000000073 	 Training loss: 0.07351811625063419
[2025-01-06 10:42:33,744] INFO: Iter 29400 Summary: 
[2025-01-06 10:42:33,744] INFO: 	 lr: 0.00030000000000000073 	 Training loss: 0.07334216929972172
[2025-01-06 10:42:45,716] INFO: Iter 29500 Summary: 
[2025-01-06 10:42:45,716] INFO: 	 lr: 0.00030000000000000073 	 Training loss: 0.07390244662761689
[2025-01-06 10:42:58,489] INFO: Iter 29600 Summary: 
[2025-01-06 10:42:58,489] INFO: 	 lr: 0.00030000000000000073 	 Training loss: 0.07277151934802532
[2025-01-06 10:43:11,063] INFO: Iter 29700 Summary: 
[2025-01-06 10:43:11,063] INFO: 	 lr: 0.00030000000000000073 	 Training loss: 0.07304478108882904
[2025-01-06 10:43:23,848] INFO: Iter 29800 Summary: 
[2025-01-06 10:43:23,849] INFO: 	 lr: 0.00030000000000000073 	 Training loss: 0.07342919871211052
[2025-01-06 10:43:36,952] INFO: Iter 29900 Summary: 
[2025-01-06 10:43:36,953] INFO: 	 lr: 0.00030000000000000073 	 Training loss: 0.07375894956290723
[2025-01-06 10:43:47,683] INFO: Iter 30000 Summary: 
[2025-01-06 10:43:47,683] INFO: 	 lr: 0.00030000000000000073 	 Training loss: 0.07307429999113083
[2025-01-06 10:44:01,273] INFO: Iter 30100 Summary: 
[2025-01-06 10:44:01,273] INFO: 	 lr: 1.2900000000000026e-05 	 Training loss: 0.07185067251324653
[2025-01-06 10:44:14,215] INFO: Iter 30200 Summary: 
[2025-01-06 10:44:14,215] INFO: 	 lr: 1.000000000000002e-05 	 Training loss: 0.07123577401041985
[2025-01-06 10:44:24,998] INFO: Iter 30300 Summary: 
[2025-01-06 10:44:24,998] INFO: 	 lr: 1.000000000000002e-05 	 Training loss: 0.07091447658836841
[2025-01-06 10:44:37,824] INFO: Iter 30400 Summary: 
[2025-01-06 10:44:37,824] INFO: 	 lr: 1.000000000000002e-05 	 Training loss: 0.0704570822417736
[2025-01-06 10:44:50,134] INFO: Iter 30500 Summary: 
[2025-01-06 10:44:50,134] INFO: 	 lr: 1.000000000000002e-05 	 Training loss: 0.07096897885203361
[2025-01-06 10:45:03,119] INFO: Iter 30600 Summary: 
[2025-01-06 10:45:03,119] INFO: 	 lr: 1.000000000000002e-05 	 Training loss: 0.07042808011174202
[2025-01-06 10:45:14,475] INFO: Iter 30700 Summary: 
[2025-01-06 10:45:14,476] INFO: 	 lr: 1.000000000000002e-05 	 Training loss: 0.07061080925166607
[2025-01-06 10:45:24,612] INFO: Iter 30800 Summary: 
[2025-01-06 10:45:24,612] INFO: 	 lr: 1.000000000000002e-05 	 Training loss: 0.07067273050546646
[2025-01-06 10:45:36,976] INFO: Iter 30900 Summary: 
[2025-01-06 10:45:36,976] INFO: 	 lr: 1.000000000000002e-05 	 Training loss: 0.07055406175553798
[2025-01-06 10:45:49,092] INFO: Iter 31000 Summary: 
[2025-01-06 10:45:49,092] INFO: 	 lr: 1.000000000000002e-05 	 Training loss: 0.07019275307655334
[2025-01-06 10:46:00,388] INFO: Iter 31100 Summary: 
[2025-01-06 10:46:00,388] INFO: 	 lr: 1.000000000000002e-05 	 Training loss: 0.07066973842680455
[2025-01-06 10:46:12,033] INFO: Iter 31200 Summary: 
[2025-01-06 10:46:12,033] INFO: 	 lr: 1.000000000000002e-05 	 Training loss: 0.07006100162863732
[2025-01-06 10:46:24,497] INFO: Iter 31300 Summary: 
[2025-01-06 10:46:24,497] INFO: 	 lr: 1.000000000000002e-05 	 Training loss: 0.07018487192690373
[2025-01-06 10:46:35,884] INFO: Iter 31400 Summary: 
[2025-01-06 10:46:35,884] INFO: 	 lr: 1.000000000000002e-05 	 Training loss: 0.06978911444544793
[2025-01-06 10:46:46,900] INFO: Iter 31500 Summary: 
[2025-01-06 10:46:46,901] INFO: 	 lr: 1.000000000000002e-05 	 Training loss: 0.0701776684075594
[2025-01-06 10:46:59,561] INFO: Iter 31600 Summary: 
[2025-01-06 10:46:59,562] INFO: 	 lr: 1.000000000000002e-05 	 Training loss: 0.0704463005438447
[2025-01-06 10:47:12,499] INFO: Iter 31700 Summary: 
[2025-01-06 10:47:12,500] INFO: 	 lr: 1.000000000000002e-05 	 Training loss: 0.07010390385985374
[2025-01-06 10:47:23,460] INFO: Iter 31800 Summary: 
[2025-01-06 10:47:23,460] INFO: 	 lr: 1.000000000000002e-05 	 Training loss: 0.07007271446287631
[2025-01-06 10:47:35,645] INFO: Iter 31900 Summary: 
[2025-01-06 10:47:35,646] INFO: 	 lr: 1.000000000000002e-05 	 Training loss: 0.07029365658760071
[2025-01-06 10:47:48,714] INFO: Iter 32000 Summary: 
[2025-01-06 10:47:48,715] INFO: 	 lr: 1.000000000000002e-05 	 Training loss: 0.0701595076918602
[2025-01-06 10:48:03,384] INFO: Iter 32100 Summary: 
[2025-01-06 10:48:03,385] INFO: 	 lr: 1.000000000000002e-05 	 Training loss: 0.07024878405034542
[2025-01-06 10:48:15,169] INFO: Iter 32200 Summary: 
[2025-01-06 10:48:15,169] INFO: 	 lr: 1.000000000000002e-05 	 Training loss: 0.06956048995256424
[2025-01-06 10:48:24,711] INFO: Iter 32300 Summary: 
[2025-01-06 10:48:24,712] INFO: 	 lr: 1.000000000000002e-05 	 Training loss: 0.07021853931248188
[2025-01-06 10:48:35,690] INFO: Iter 32400 Summary: 
[2025-01-06 10:48:35,690] INFO: 	 lr: 1.000000000000002e-05 	 Training loss: 0.06953258819878101
[2025-01-06 10:48:48,518] INFO: Iter 32500 Summary: 
[2025-01-06 10:48:48,518] INFO: 	 lr: 1.000000000000002e-05 	 Training loss: 0.06950767762959004
[2025-01-06 10:49:01,177] INFO: Iter 32600 Summary: 
[2025-01-06 10:49:01,178] INFO: 	 lr: 1.000000000000002e-05 	 Training loss: 0.07029245436191559
[2025-01-06 10:49:13,113] INFO: Iter 32700 Summary: 
[2025-01-06 10:49:13,114] INFO: 	 lr: 1.000000000000002e-05 	 Training loss: 0.06985712446272373
[2025-01-06 10:49:24,894] INFO: Iter 32800 Summary: 
[2025-01-06 10:49:24,894] INFO: 	 lr: 1.000000000000002e-05 	 Training loss: 0.07035776935517787
[2025-01-06 10:49:35,583] INFO: Iter 32900 Summary: 
[2025-01-06 10:49:35,583] INFO: 	 lr: 1.000000000000002e-05 	 Training loss: 0.07003257025033235
[2025-01-06 10:49:48,223] INFO: Iter 33000 Summary: 
[2025-01-06 10:49:48,223] INFO: 	 lr: 1.000000000000002e-05 	 Training loss: 0.07034606330096721
[2025-01-06 10:49:58,378] INFO: Iter 33100 Summary: 
[2025-01-06 10:49:58,378] INFO: 	 lr: 1.000000000000002e-05 	 Training loss: 0.06966108337044716
[2025-01-06 10:50:09,983] INFO: Iter 33200 Summary: 
[2025-01-06 10:50:09,983] INFO: 	 lr: 1.000000000000002e-05 	 Training loss: 0.06983226716518402
[2025-01-06 10:50:20,730] INFO: Iter 33300 Summary: 
[2025-01-06 10:50:20,730] INFO: 	 lr: 1.000000000000002e-05 	 Training loss: 0.06993095554411412
[2025-01-06 10:50:33,400] INFO: Iter 33400 Summary: 
[2025-01-06 10:50:33,401] INFO: 	 lr: 1.000000000000002e-05 	 Training loss: 0.06946290127933025
[2025-01-06 10:50:44,061] INFO: Iter 33500 Summary: 
[2025-01-06 10:50:44,062] INFO: 	 lr: 1.000000000000002e-05 	 Training loss: 0.0693604165315628
[2025-01-06 10:50:56,259] INFO: Iter 33600 Summary: 
[2025-01-06 10:50:56,259] INFO: 	 lr: 1.000000000000002e-05 	 Training loss: 0.0698611207306385
[2025-01-06 10:51:09,051] INFO: Iter 33700 Summary: 
[2025-01-06 10:51:09,052] INFO: 	 lr: 1.000000000000002e-05 	 Training loss: 0.06999176010489463
[2025-01-06 10:51:21,646] INFO: Iter 33800 Summary: 
[2025-01-06 10:51:21,647] INFO: 	 lr: 1.000000000000002e-05 	 Training loss: 0.06982158541679383
[2025-01-06 10:51:32,728] INFO: Iter 33900 Summary: 
[2025-01-06 10:51:32,728] INFO: 	 lr: 1.000000000000002e-05 	 Training loss: 0.06958423789590597
[2025-01-06 10:51:43,528] INFO: Iter 34000 Summary: 
[2025-01-06 10:51:43,528] INFO: 	 lr: 1.000000000000002e-05 	 Training loss: 0.07004548162221909
[2025-01-06 10:51:57,610] INFO: Iter 34100 Summary: 
[2025-01-06 10:51:57,610] INFO: 	 lr: 1.000000000000002e-05 	 Training loss: 0.06988093756139278
[2025-01-06 10:52:08,986] INFO: Iter 34200 Summary: 
[2025-01-06 10:52:08,987] INFO: 	 lr: 1.000000000000002e-05 	 Training loss: 0.06963309697806835
[2025-01-06 10:52:20,231] INFO: Iter 34300 Summary: 
[2025-01-06 10:52:20,231] INFO: 	 lr: 1.000000000000002e-05 	 Training loss: 0.06969548650085926
[2025-01-06 10:52:30,162] INFO: Iter 34400 Summary: 
[2025-01-06 10:52:30,162] INFO: 	 lr: 1.000000000000002e-05 	 Training loss: 0.06936500303447246
[2025-01-06 10:52:39,071] INFO: Iter 34500 Summary: 
[2025-01-06 10:52:39,071] INFO: 	 lr: 1.000000000000002e-05 	 Training loss: 0.06981815911829471
[2025-01-06 10:52:49,521] INFO: Iter 34600 Summary: 
[2025-01-06 10:52:49,522] INFO: 	 lr: 1.000000000000002e-05 	 Training loss: 0.0692414466291666
[2025-01-06 10:53:01,789] INFO: Iter 34700 Summary: 
[2025-01-06 10:53:01,790] INFO: 	 lr: 1.000000000000002e-05 	 Training loss: 0.0696119111776352
[2025-01-06 10:53:12,398] INFO: Iter 34800 Summary: 
[2025-01-06 10:53:12,398] INFO: 	 lr: 1.000000000000002e-05 	 Training loss: 0.06964336879551411
[2025-01-06 10:53:22,430] INFO: Iter 34900 Summary: 
[2025-01-06 10:53:22,431] INFO: 	 lr: 1.000000000000002e-05 	 Training loss: 0.06984895408153534
[2025-01-06 10:53:32,843] INFO: Iter 35000 Summary: 
[2025-01-06 10:53:32,844] INFO: 	 lr: 1.000000000000002e-05 	 Training loss: 0.06932256244122982
[2025-01-06 10:53:43,069] INFO: Iter 35100 Summary: 
[2025-01-06 10:53:43,070] INFO: 	 lr: 1.000000000000002e-05 	 Training loss: 0.06947303522378206
[2025-01-06 10:53:54,826] INFO: Iter 35200 Summary: 
[2025-01-06 10:53:54,826] INFO: 	 lr: 1.000000000000002e-05 	 Training loss: 0.06980784960091115
[2025-01-06 10:54:05,701] INFO: Iter 35300 Summary: 
[2025-01-06 10:54:05,702] INFO: 	 lr: 1.000000000000002e-05 	 Training loss: 0.06904538594186306
[2025-01-06 10:54:16,215] INFO: Iter 35400 Summary: 
[2025-01-06 10:54:16,215] INFO: 	 lr: 1.000000000000002e-05 	 Training loss: 0.06903212651610374
[2025-01-06 10:54:27,454] INFO: Iter 35500 Summary: 
[2025-01-06 10:54:27,455] INFO: 	 lr: 1.000000000000002e-05 	 Training loss: 0.0696695526689291
[2025-01-06 10:54:37,955] INFO: Iter 35600 Summary: 
[2025-01-06 10:54:37,955] INFO: 	 lr: 1.000000000000002e-05 	 Training loss: 0.06976435400545597
[2025-01-06 10:54:49,332] INFO: Iter 35700 Summary: 
[2025-01-06 10:54:49,333] INFO: 	 lr: 1.000000000000002e-05 	 Training loss: 0.06917902991175652
[2025-01-06 10:54:59,475] INFO: Iter 35800 Summary: 
[2025-01-06 10:54:59,475] INFO: 	 lr: 1.000000000000002e-05 	 Training loss: 0.0694916670024395
[2025-01-06 10:55:11,333] INFO: Iter 35900 Summary: 
[2025-01-06 10:55:11,333] INFO: 	 lr: 1.000000000000002e-05 	 Training loss: 0.07009714588522911
[2025-01-06 10:55:23,089] INFO: Iter 36000 Summary: 
[2025-01-06 10:55:23,089] INFO: 	 lr: 1.000000000000002e-05 	 Training loss: 0.06955840289592743
[2025-01-06 10:55:35,733] INFO: Iter 36100 Summary: 
[2025-01-06 10:55:35,734] INFO: 	 lr: 1.000000000000002e-05 	 Training loss: 0.06909435592591763
[2025-01-06 10:55:46,646] INFO: Iter 36200 Summary: 
[2025-01-06 10:55:46,647] INFO: 	 lr: 1.000000000000002e-05 	 Training loss: 0.06928927414119243
[2025-01-06 10:55:58,075] INFO: Iter 36300 Summary: 
[2025-01-06 10:55:58,075] INFO: 	 lr: 1.000000000000002e-05 	 Training loss: 0.06988435961306096
[2025-01-06 10:56:08,741] INFO: Iter 36400 Summary: 
[2025-01-06 10:56:08,741] INFO: 	 lr: 1.000000000000002e-05 	 Training loss: 0.06916692927479744
[2025-01-06 10:56:20,085] INFO: Iter 36500 Summary: 
[2025-01-06 10:56:20,085] INFO: 	 lr: 1.000000000000002e-05 	 Training loss: 0.06981038741767406
[2025-01-06 10:56:27,139] INFO: Iter 36600 Summary: 
[2025-01-06 10:56:27,139] INFO: 	 lr: 1.000000000000002e-05 	 Training loss: 0.06925886422395706
[2025-01-06 10:56:34,392] INFO: Iter 36700 Summary: 
[2025-01-06 10:56:34,392] INFO: 	 lr: 1.000000000000002e-05 	 Training loss: 0.06916862025856972
[2025-01-06 10:56:41,170] INFO: Iter 36800 Summary: 
[2025-01-06 10:56:41,170] INFO: 	 lr: 1.000000000000002e-05 	 Training loss: 0.06943203754723072
[2025-01-06 10:56:47,878] INFO: Iter 36900 Summary: 
[2025-01-06 10:56:47,878] INFO: 	 lr: 1.000000000000002e-05 	 Training loss: 0.06917791903018951
[2025-01-06 10:56:54,492] INFO: Iter 37000 Summary: 
[2025-01-06 10:56:54,492] INFO: 	 lr: 1.000000000000002e-05 	 Training loss: 0.06924274720251561
[2025-01-06 10:57:01,109] INFO: Iter 37100 Summary: 
[2025-01-06 10:57:01,109] INFO: 	 lr: 1.000000000000002e-05 	 Training loss: 0.06947850883007049
[2025-01-06 10:57:07,804] INFO: Iter 37200 Summary: 
[2025-01-06 10:57:07,804] INFO: 	 lr: 1.000000000000002e-05 	 Training loss: 0.06965526185929775
[2025-01-06 10:57:14,560] INFO: Iter 37300 Summary: 
[2025-01-06 10:57:14,561] INFO: 	 lr: 1.000000000000002e-05 	 Training loss: 0.06944291621446609
[2025-01-06 10:57:22,242] INFO: Iter 37400 Summary: 
[2025-01-06 10:57:22,242] INFO: 	 lr: 1.000000000000002e-05 	 Training loss: 0.06953845217823983
[2025-01-06 10:57:29,634] INFO: Iter 37500 Summary: 
[2025-01-06 10:57:29,634] INFO: 	 lr: 1.000000000000002e-05 	 Training loss: 0.06942009001970291
[2025-01-06 10:57:37,308] INFO: Iter 37600 Summary: 
[2025-01-06 10:57:37,308] INFO: 	 lr: 1.000000000000002e-05 	 Training loss: 0.06914385303854942
[2025-01-06 10:57:44,810] INFO: Iter 37700 Summary: 
[2025-01-06 10:57:44,810] INFO: 	 lr: 1.000000000000002e-05 	 Training loss: 0.06924661353230477
[2025-01-06 10:57:52,030] INFO: Iter 37800 Summary: 
[2025-01-06 10:57:52,031] INFO: 	 lr: 1.000000000000002e-05 	 Training loss: 0.06937329672276973
[2025-01-06 10:57:58,653] INFO: Iter 37900 Summary: 
[2025-01-06 10:57:58,653] INFO: 	 lr: 1.000000000000002e-05 	 Training loss: 0.06935634642839432
[2025-01-06 10:58:05,261] INFO: Iter 38000 Summary: 
[2025-01-06 10:58:05,261] INFO: 	 lr: 1.000000000000002e-05 	 Training loss: 0.06939338594675064
[2025-01-06 10:58:13,991] INFO: Iter 38100 Summary: 
[2025-01-06 10:58:13,991] INFO: 	 lr: 1.000000000000002e-05 	 Training loss: 0.06938767537474633
[2025-01-06 10:58:20,672] INFO: Iter 38200 Summary: 
[2025-01-06 10:58:20,673] INFO: 	 lr: 1.000000000000002e-05 	 Training loss: 0.06912530444562436
[2025-01-06 10:58:27,246] INFO: Iter 38300 Summary: 
[2025-01-06 10:58:27,246] INFO: 	 lr: 1.000000000000002e-05 	 Training loss: 0.06912340722978115
[2025-01-06 10:58:33,865] INFO: Iter 38400 Summary: 
[2025-01-06 10:58:33,865] INFO: 	 lr: 1.000000000000002e-05 	 Training loss: 0.06898320641368627
[2025-01-06 10:58:40,616] INFO: Iter 38500 Summary: 
[2025-01-06 10:58:40,616] INFO: 	 lr: 1.000000000000002e-05 	 Training loss: 0.06907162994146347
[2025-01-06 10:58:47,478] INFO: Iter 38600 Summary: 
[2025-01-06 10:58:47,478] INFO: 	 lr: 1.000000000000002e-05 	 Training loss: 0.06947845473885536
[2025-01-06 10:58:54,248] INFO: Iter 38700 Summary: 
[2025-01-06 10:58:54,249] INFO: 	 lr: 1.000000000000002e-05 	 Training loss: 0.06925051741302013
[2025-01-06 10:59:02,197] INFO: Iter 38800 Summary: 
[2025-01-06 10:59:02,198] INFO: 	 lr: 1.000000000000002e-05 	 Training loss: 0.06948831245303154
[2025-01-06 10:59:09,508] INFO: Iter 38900 Summary: 
[2025-01-06 10:59:09,508] INFO: 	 lr: 1.000000000000002e-05 	 Training loss: 0.06944402419030667
[2025-01-06 10:59:16,265] INFO: Iter 39000 Summary: 
[2025-01-06 10:59:16,265] INFO: 	 lr: 1.000000000000002e-05 	 Training loss: 0.06935037396848202
[2025-01-06 10:59:22,816] INFO: Iter 39100 Summary: 
[2025-01-06 10:59:22,817] INFO: 	 lr: 1.000000000000002e-05 	 Training loss: 0.06903885573148727
[2025-01-06 10:59:29,473] INFO: Iter 39200 Summary: 
[2025-01-06 10:59:29,473] INFO: 	 lr: 1.000000000000002e-05 	 Training loss: 0.0690651334822178
[2025-01-06 10:59:36,361] INFO: Iter 39300 Summary: 
[2025-01-06 10:59:36,361] INFO: 	 lr: 1.000000000000002e-05 	 Training loss: 0.0693069989234209
[2025-01-06 10:59:43,803] INFO: Iter 39400 Summary: 
[2025-01-06 10:59:43,804] INFO: 	 lr: 1.000000000000002e-05 	 Training loss: 0.0691844279319048
[2025-01-06 10:59:50,865] INFO: Iter 39500 Summary: 
[2025-01-06 10:59:50,866] INFO: 	 lr: 1.000000000000002e-05 	 Training loss: 0.06901854068040848
[2025-01-06 10:59:57,338] INFO: Iter 39600 Summary: 
[2025-01-06 10:59:57,338] INFO: 	 lr: 1.000000000000002e-05 	 Training loss: 0.06940909318625926
[2025-01-06 11:00:04,248] INFO: Iter 39700 Summary: 
[2025-01-06 11:00:04,248] INFO: 	 lr: 1.000000000000002e-05 	 Training loss: 0.0693170166015625
[2025-01-06 11:00:11,533] INFO: Iter 39800 Summary: 
[2025-01-06 11:00:11,533] INFO: 	 lr: 1.000000000000002e-05 	 Training loss: 0.06865379400551319
[2025-01-06 11:00:18,142] INFO: Iter 39900 Summary: 
[2025-01-06 11:00:18,142] INFO: 	 lr: 1.000000000000002e-05 	 Training loss: 0.06943936251103879
[2025-01-06 11:00:24,726] INFO: Iter 40000 Summary: 
[2025-01-06 11:00:24,726] INFO: 	 lr: 1.000000000000002e-05 	 Training loss: 0.06919544734060765
