[2024-12-16 09:20:53,485] INFO: {
    "abs_dir": "/home/diwang/siMLPe/exps/baseline_h36m",
    "batch_size": 256,
    "cos_lr_max": 1e-05,
    "cos_lr_min": 5e-08,
    "cos_lr_total_iters": 40000,
    "data_aug": true,
    "deriv_input": true,
    "deriv_output": true,
    "h36m_anno_dir": "/home/diwang/siMLPe/data/h36m/",
    "link_log_file": "/home/diwang/siMLPe/exps/baseline_h36m/log/log_last.log",
    "link_val_log_file": "/home/diwang/siMLPe/exps/baseline_h36m/log/val_last.log",
    "log_dir": "/home/diwang/siMLPe/exps/baseline_h36m/log",
    "log_file": "/home/diwang/siMLPe/exps/baseline_h36m/log/log_2024_12_16_09_20_39.log",
    "model_pth": null,
    "motion": {
        "dim": 66,
        "h36m_input_length": 50,
        "h36m_input_length_dct": 50,
        "h36m_target_length": 10,
        "h36m_target_length_eval": 25,
        "h36m_target_length_train": 10
    },
    "motion_fc_in": {
        "activation": "relu",
        "in_features": 66,
        "init_w_trunc_normal": false,
        "out_features": 66,
        "temporal_fc": false,
        "with_norm": false
    },
    "motion_fc_out": {
        "activation": "relu",
        "in_features": 66,
        "init_w_trunc_normal": true,
        "out_features": 66,
        "temporal_fc": false,
        "with_norm": false
    },
    "motion_mlp": {
        "hidden_dim": 66,
        "norm_axis": "spatial",
        "num_layers": 48,
        "seq_len": 50,
        "spatial_fc_only": false,
        "with_normalization": true
    },
    "num_workers": 8,
    "post_dct": false,
    "pre_dct": false,
    "print_every": 100,
    "repo_name": "siMLPe",
    "root_dir": "/home/diwang/siMLPe",
    "save_every": 5000,
    "seed": 304,
    "shift_step": 1,
    "snapshot_dir": "/home/diwang/siMLPe/exps/baseline_h36m/log/snapshot",
    "this_dir": "baseline_h36m",
    "use_relative_loss": true,
    "val_log_file": "/home/diwang/siMLPe/exps/baseline_h36m/log/val_2024_12_16_09_20_39.log",
    "weight_decay": 0.0001
}
[2024-12-16 09:21:01,433] INFO: Iter 100 Summary: 
[2024-12-16 09:21:01,433] INFO: 	 lr: 0.00030000000000000073 	 Training loss: 0.09865042492747307
[2024-12-16 09:21:07,151] INFO: Iter 200 Summary: 
[2024-12-16 09:21:07,152] INFO: 	 lr: 0.00030000000000000073 	 Training loss: 0.07473231539130211
[2024-12-16 09:21:13,368] INFO: Iter 300 Summary: 
[2024-12-16 09:21:13,368] INFO: 	 lr: 0.00030000000000000073 	 Training loss: 0.07521914638578892
[2024-12-16 09:21:19,751] INFO: Iter 400 Summary: 
[2024-12-16 09:21:19,751] INFO: 	 lr: 0.00030000000000000073 	 Training loss: 0.07479822233319283
[2024-12-16 09:21:26,427] INFO: Iter 500 Summary: 
[2024-12-16 09:21:26,427] INFO: 	 lr: 0.00030000000000000073 	 Training loss: 0.07469803713262081
[2024-12-16 09:21:32,667] INFO: Iter 600 Summary: 
[2024-12-16 09:21:32,668] INFO: 	 lr: 0.00030000000000000073 	 Training loss: 0.07302234888076782
[2024-12-16 09:21:39,704] INFO: Iter 700 Summary: 
[2024-12-16 09:21:39,705] INFO: 	 lr: 0.00030000000000000073 	 Training loss: 0.06950669772922993
[2024-12-16 09:21:45,779] INFO: Iter 800 Summary: 
[2024-12-16 09:21:45,779] INFO: 	 lr: 0.00030000000000000073 	 Training loss: 0.06576930556446314
