[2024-12-16 12:31:39,432] INFO: {
    "abs_dir": "/home/diwang/siMLPe/exps/baseline_h36m",
    "batch_size": 256,
    "cos_lr_max": 1e-05,
    "cos_lr_min": 5e-08,
    "cos_lr_total_iters": 40000,
    "data_aug": true,
    "deriv_input": true,
    "deriv_output": true,
    "h36m_anno_dir": "/home/diwang/siMLPe/data/h36m/",
    "link_log_file": "/home/diwang/siMLPe/exps/baseline_h36m/log/log_last.log",
    "link_val_log_file": "/home/diwang/siMLPe/exps/baseline_h36m/log/val_last.log",
    "log_dir": "/home/diwang/siMLPe/exps/baseline_h36m/log",
    "log_file": "/home/diwang/siMLPe/exps/baseline_h36m/log/log_2024_12_16_12_31_18.log",
    "model_pth": null,
    "motion": {
        "dim": 66,
        "h36m_input_length": 50,
        "h36m_input_length_dct": 50,
        "h36m_target_length": 25,
        "h36m_target_length_eval": 25,
        "h36m_target_length_train": 25
    },
    "motion_fc_in": {
        "activation": "relu",
        "in_features": 66,
        "init_w_trunc_normal": false,
        "out_features": 66,
        "temporal_fc": false,
        "with_norm": false
    },
    "motion_fc_out": {
        "activation": "relu",
        "in_features": 66,
        "init_w_trunc_normal": true,
        "out_features": 66,
        "temporal_fc": false,
        "with_norm": false
    },
    "motion_mlp": {
        "hidden_dim": 66,
        "norm_axis": "spatial",
        "num_layers": 48,
        "seq_len": 50,
        "spatial_fc_only": false,
        "with_normalization": true
    },
    "num_workers": 8,
    "post_dct": false,
    "pre_dct": false,
    "print_every": 100,
    "repo_name": "siMLPe",
    "root_dir": "/home/diwang/siMLPe",
    "save_every": 5000,
    "seed": 304,
    "shift_step": 1,
    "snapshot_dir": "/home/diwang/siMLPe/exps/baseline_h36m/log/snapshot",
    "this_dir": "baseline_h36m",
    "use_relative_loss": true,
    "val_log_file": "/home/diwang/siMLPe/exps/baseline_h36m/log/val_2024_12_16_12_31_18.log",
    "weight_decay": 0.0001
}
[2024-12-16 12:31:47,218] INFO: Iter 100 Summary: 
[2024-12-16 12:31:47,218] INFO: 	 lr: 0.00030000000000000073 	 Training loss: 0.13186201870441436
[2024-12-16 12:31:53,650] INFO: Iter 200 Summary: 
[2024-12-16 12:31:53,650] INFO: 	 lr: 0.00030000000000000073 	 Training loss: 0.11874033607542515
[2024-12-16 12:32:00,091] INFO: Iter 300 Summary: 
[2024-12-16 12:32:00,092] INFO: 	 lr: 0.00030000000000000073 	 Training loss: 0.11709743529558182
[2024-12-16 12:32:06,519] INFO: Iter 400 Summary: 
[2024-12-16 12:32:06,519] INFO: 	 lr: 0.00030000000000000073 	 Training loss: 0.10929279550909995
[2024-12-16 12:32:12,949] INFO: Iter 500 Summary: 
[2024-12-16 12:32:12,949] INFO: 	 lr: 0.00030000000000000073 	 Training loss: 0.10389395095407963
[2024-12-16 12:32:19,364] INFO: Iter 600 Summary: 
[2024-12-16 12:32:19,364] INFO: 	 lr: 0.00030000000000000073 	 Training loss: 0.09971145637333394
[2024-12-16 12:32:27,019] INFO: Iter 700 Summary: 
[2024-12-16 12:32:27,019] INFO: 	 lr: 0.00030000000000000073 	 Training loss: 0.097910036444664
[2024-12-16 12:32:33,456] INFO: Iter 800 Summary: 
[2024-12-16 12:32:33,456] INFO: 	 lr: 0.00030000000000000073 	 Training loss: 0.09702690467238426
[2024-12-16 12:32:39,863] INFO: Iter 900 Summary: 
[2024-12-16 12:32:39,863] INFO: 	 lr: 0.00030000000000000073 	 Training loss: 0.09574956595897674
[2024-12-16 12:32:46,246] INFO: Iter 1000 Summary: 
[2024-12-16 12:32:46,246] INFO: 	 lr: 0.00030000000000000073 	 Training loss: 0.09446898706257344
[2024-12-16 12:32:52,663] INFO: Iter 1100 Summary: 
[2024-12-16 12:32:52,663] INFO: 	 lr: 0.00030000000000000073 	 Training loss: 0.09448686972260475
[2024-12-16 12:32:59,076] INFO: Iter 1200 Summary: 
[2024-12-16 12:32:59,076] INFO: 	 lr: 0.00030000000000000073 	 Training loss: 0.09446685098111629
[2024-12-16 12:33:05,504] INFO: Iter 1300 Summary: 
[2024-12-16 12:33:05,504] INFO: 	 lr: 0.00030000000000000073 	 Training loss: 0.09359203226864338
[2024-12-16 12:33:13,165] INFO: Iter 1400 Summary: 
[2024-12-16 12:33:13,166] INFO: 	 lr: 0.00030000000000000073 	 Training loss: 0.09209369041025639
[2024-12-16 12:33:19,601] INFO: Iter 1500 Summary: 
[2024-12-16 12:33:19,601] INFO: 	 lr: 0.00030000000000000073 	 Training loss: 0.09238832615315914
[2024-12-16 12:33:26,029] INFO: Iter 1600 Summary: 
[2024-12-16 12:33:26,029] INFO: 	 lr: 0.00030000000000000073 	 Training loss: 0.09199434913694858
[2024-12-16 12:33:32,449] INFO: Iter 1700 Summary: 
[2024-12-16 12:33:32,449] INFO: 	 lr: 0.00030000000000000073 	 Training loss: 0.09193211257457733
[2024-12-16 12:33:38,873] INFO: Iter 1800 Summary: 
[2024-12-16 12:33:38,873] INFO: 	 lr: 0.00030000000000000073 	 Training loss: 0.09116156198084355
[2024-12-16 12:33:45,304] INFO: Iter 1900 Summary: 
[2024-12-16 12:33:45,304] INFO: 	 lr: 0.00030000000000000073 	 Training loss: 0.0907658238708973
[2024-12-16 12:33:51,722] INFO: Iter 2000 Summary: 
[2024-12-16 12:33:51,722] INFO: 	 lr: 0.00030000000000000073 	 Training loss: 0.09067262098193168
[2024-12-16 12:33:59,885] INFO: Iter 2100 Summary: 
[2024-12-16 12:33:59,885] INFO: 	 lr: 0.00030000000000000073 	 Training loss: 0.09013551086187363
[2024-12-16 12:34:06,317] INFO: Iter 2200 Summary: 
[2024-12-16 12:34:06,317] INFO: 	 lr: 0.00030000000000000073 	 Training loss: 0.09015328623354435
[2024-12-16 12:34:12,615] INFO: Iter 2300 Summary: 
[2024-12-16 12:34:12,615] INFO: 	 lr: 0.00030000000000000073 	 Training loss: 0.08985895492136478
[2024-12-16 12:34:17,819] INFO: Iter 2400 Summary: 
[2024-12-16 12:34:17,819] INFO: 	 lr: 0.00030000000000000073 	 Training loss: 0.08964716017246246
[2024-12-16 12:34:23,071] INFO: Iter 2500 Summary: 
[2024-12-16 12:34:23,071] INFO: 	 lr: 0.00030000000000000073 	 Training loss: 0.08979223921895027
[2024-12-16 12:34:29,456] INFO: Iter 2600 Summary: 
[2024-12-16 12:34:29,456] INFO: 	 lr: 0.00030000000000000073 	 Training loss: 0.08884937554597855
[2024-12-16 12:34:35,881] INFO: Iter 2700 Summary: 
[2024-12-16 12:34:35,881] INFO: 	 lr: 0.00030000000000000073 	 Training loss: 0.08871933452785015
[2024-12-16 12:34:43,347] INFO: Iter 2800 Summary: 
[2024-12-16 12:34:43,348] INFO: 	 lr: 0.00030000000000000073 	 Training loss: 0.08921694315969944
[2024-12-16 12:34:49,737] INFO: Iter 2900 Summary: 
[2024-12-16 12:34:49,737] INFO: 	 lr: 0.00030000000000000073 	 Training loss: 0.08818855211138725
[2024-12-16 12:34:56,191] INFO: Iter 3000 Summary: 
[2024-12-16 12:34:56,191] INFO: 	 lr: 0.00030000000000000073 	 Training loss: 0.08762367717921733
[2024-12-16 12:35:02,615] INFO: Iter 3100 Summary: 
[2024-12-16 12:35:02,615] INFO: 	 lr: 0.00030000000000000073 	 Training loss: 0.0874313784390688
[2024-12-16 12:35:09,063] INFO: Iter 3200 Summary: 
[2024-12-16 12:35:09,063] INFO: 	 lr: 0.00030000000000000073 	 Training loss: 0.08751780033111572
[2024-12-16 12:35:15,504] INFO: Iter 3300 Summary: 
[2024-12-16 12:35:15,504] INFO: 	 lr: 0.00030000000000000073 	 Training loss: 0.08773107618093491
[2024-12-16 12:35:23,135] INFO: Iter 3400 Summary: 
[2024-12-16 12:35:23,135] INFO: 	 lr: 0.00030000000000000073 	 Training loss: 0.08759963750839234
[2024-12-16 12:35:29,660] INFO: Iter 3500 Summary: 
[2024-12-16 12:35:29,660] INFO: 	 lr: 0.00030000000000000073 	 Training loss: 0.08709304414689541
[2024-12-16 12:35:36,087] INFO: Iter 3600 Summary: 
[2024-12-16 12:35:36,087] INFO: 	 lr: 0.00030000000000000073 	 Training loss: 0.08741232015192509
[2024-12-16 12:35:42,510] INFO: Iter 3700 Summary: 
[2024-12-16 12:35:42,511] INFO: 	 lr: 0.00030000000000000073 	 Training loss: 0.08784508392214775
[2024-12-16 12:35:48,942] INFO: Iter 3800 Summary: 
[2024-12-16 12:35:48,942] INFO: 	 lr: 0.00030000000000000073 	 Training loss: 0.08630585618317127
[2024-12-16 12:35:55,380] INFO: Iter 3900 Summary: 
[2024-12-16 12:35:55,381] INFO: 	 lr: 0.00030000000000000073 	 Training loss: 0.08621363900601864
[2024-12-16 12:36:01,924] INFO: Iter 4000 Summary: 
[2024-12-16 12:36:01,924] INFO: 	 lr: 0.00030000000000000073 	 Training loss: 0.08678965210914612
[2024-12-16 12:36:09,730] INFO: Iter 4100 Summary: 
[2024-12-16 12:36:09,730] INFO: 	 lr: 0.00030000000000000073 	 Training loss: 0.0859668330103159
[2024-12-16 12:36:16,170] INFO: Iter 4200 Summary: 
[2024-12-16 12:36:16,170] INFO: 	 lr: 0.00030000000000000073 	 Training loss: 0.086348178088665
[2024-12-16 12:36:22,589] INFO: Iter 4300 Summary: 
[2024-12-16 12:36:22,589] INFO: 	 lr: 0.00030000000000000073 	 Training loss: 0.08657490126788617
[2024-12-16 12:36:29,012] INFO: Iter 4400 Summary: 
[2024-12-16 12:36:29,012] INFO: 	 lr: 0.00030000000000000073 	 Training loss: 0.08580225013196469
[2024-12-16 12:36:35,428] INFO: Iter 4500 Summary: 
[2024-12-16 12:36:35,429] INFO: 	 lr: 0.00030000000000000073 	 Training loss: 0.08577812120318412
[2024-12-16 12:36:41,860] INFO: Iter 4600 Summary: 
[2024-12-16 12:36:41,861] INFO: 	 lr: 0.00030000000000000073 	 Training loss: 0.0866798885166645
[2024-12-16 12:36:47,694] INFO: Iter 4700 Summary: 
[2024-12-16 12:36:47,694] INFO: 	 lr: 0.00030000000000000073 	 Training loss: 0.08531776964664459
[2024-12-16 12:36:54,796] INFO: Iter 4800 Summary: 
[2024-12-16 12:36:54,797] INFO: 	 lr: 0.00030000000000000073 	 Training loss: 0.08518964186310768
[2024-12-16 12:37:01,246] INFO: Iter 4900 Summary: 
[2024-12-16 12:37:01,247] INFO: 	 lr: 0.00030000000000000073 	 Training loss: 0.08562390781939029
[2024-12-16 12:37:07,664] INFO: Iter 5000 Summary: 
[2024-12-16 12:37:07,664] INFO: 	 lr: 0.00030000000000000073 	 Training loss: 0.08559044651687145
[2024-12-16 12:37:15,615] INFO: Iter 5100 Summary: 
[2024-12-16 12:37:15,615] INFO: 	 lr: 0.00030000000000000073 	 Training loss: 0.0854921729117632
[2024-12-16 12:37:21,548] INFO: Iter 5200 Summary: 
[2024-12-16 12:37:21,548] INFO: 	 lr: 0.00030000000000000073 	 Training loss: 0.08507530748844147
[2024-12-16 12:37:27,869] INFO: Iter 5300 Summary: 
[2024-12-16 12:37:27,869] INFO: 	 lr: 0.00030000000000000073 	 Training loss: 0.08447167083621025
[2024-12-16 12:37:33,903] INFO: Iter 5400 Summary: 
[2024-12-16 12:37:33,903] INFO: 	 lr: 0.00030000000000000073 	 Training loss: 0.08539387725293636
[2024-12-16 12:37:41,056] INFO: Iter 5500 Summary: 
[2024-12-16 12:37:41,057] INFO: 	 lr: 0.00030000000000000073 	 Training loss: 0.0847610929608345
[2024-12-16 12:37:46,985] INFO: Iter 5600 Summary: 
[2024-12-16 12:37:46,986] INFO: 	 lr: 0.00030000000000000073 	 Training loss: 0.08427416682243347
[2024-12-16 12:37:53,416] INFO: Iter 5700 Summary: 
[2024-12-16 12:37:53,416] INFO: 	 lr: 0.00030000000000000073 	 Training loss: 0.08452949456870557
[2024-12-16 12:37:59,838] INFO: Iter 5800 Summary: 
[2024-12-16 12:37:59,839] INFO: 	 lr: 0.00030000000000000073 	 Training loss: 0.08426585510373115
[2024-12-16 12:38:06,281] INFO: Iter 5900 Summary: 
[2024-12-16 12:38:06,281] INFO: 	 lr: 0.00030000000000000073 	 Training loss: 0.08419867798686027
[2024-12-16 12:38:12,714] INFO: Iter 6000 Summary: 
[2024-12-16 12:38:12,714] INFO: 	 lr: 0.00030000000000000073 	 Training loss: 0.08429643332958221
[2024-12-16 12:38:19,171] INFO: Iter 6100 Summary: 
[2024-12-16 12:38:19,171] INFO: 	 lr: 0.00030000000000000073 	 Training loss: 0.08435856185853481
[2024-12-16 12:38:26,854] INFO: Iter 6200 Summary: 
[2024-12-16 12:38:26,854] INFO: 	 lr: 0.00030000000000000073 	 Training loss: 0.08410259649157524
[2024-12-16 12:38:33,281] INFO: Iter 6300 Summary: 
[2024-12-16 12:38:33,281] INFO: 	 lr: 0.00030000000000000073 	 Training loss: 0.08415757074952125
[2024-12-16 12:38:39,717] INFO: Iter 6400 Summary: 
[2024-12-16 12:38:39,717] INFO: 	 lr: 0.00030000000000000073 	 Training loss: 0.08378926418721676
[2024-12-16 12:38:46,153] INFO: Iter 6500 Summary: 
[2024-12-16 12:38:46,153] INFO: 	 lr: 0.00030000000000000073 	 Training loss: 0.08358380153775215
[2024-12-16 12:38:52,596] INFO: Iter 6600 Summary: 
[2024-12-16 12:38:52,596] INFO: 	 lr: 0.00030000000000000073 	 Training loss: 0.08360888220369816
[2024-12-16 12:38:59,026] INFO: Iter 6700 Summary: 
[2024-12-16 12:38:59,027] INFO: 	 lr: 0.00030000000000000073 	 Training loss: 0.08301577664911747
[2024-12-16 12:39:06,793] INFO: Iter 6800 Summary: 
[2024-12-16 12:39:06,793] INFO: 	 lr: 0.00030000000000000073 	 Training loss: 0.08296834640204906
[2024-12-16 12:39:13,236] INFO: Iter 6900 Summary: 
[2024-12-16 12:39:13,236] INFO: 	 lr: 0.00030000000000000073 	 Training loss: 0.08294528648257256
[2024-12-16 12:39:19,347] INFO: Iter 7000 Summary: 
[2024-12-16 12:39:19,347] INFO: 	 lr: 0.00030000000000000073 	 Training loss: 0.08258169189095498
[2024-12-16 12:39:25,256] INFO: Iter 7100 Summary: 
[2024-12-16 12:39:25,256] INFO: 	 lr: 0.00030000000000000073 	 Training loss: 0.08258126325905323
[2024-12-16 12:39:30,981] INFO: Iter 7200 Summary: 
[2024-12-16 12:39:30,981] INFO: 	 lr: 0.00030000000000000073 	 Training loss: 0.08231625892221928
[2024-12-16 12:39:36,573] INFO: Iter 7300 Summary: 
[2024-12-16 12:39:36,573] INFO: 	 lr: 0.00030000000000000073 	 Training loss: 0.08228937573730946
[2024-12-16 12:39:42,531] INFO: Iter 7400 Summary: 
[2024-12-16 12:39:42,532] INFO: 	 lr: 0.00030000000000000073 	 Training loss: 0.08267487488687038
[2024-12-16 12:39:49,873] INFO: Iter 7500 Summary: 
[2024-12-16 12:39:49,873] INFO: 	 lr: 0.00030000000000000073 	 Training loss: 0.08225900657474995
[2024-12-16 12:39:56,078] INFO: Iter 7600 Summary: 
[2024-12-16 12:39:56,078] INFO: 	 lr: 0.00030000000000000073 	 Training loss: 0.0820449135452509
[2024-12-16 12:40:02,077] INFO: Iter 7700 Summary: 
[2024-12-16 12:40:02,077] INFO: 	 lr: 0.00030000000000000073 	 Training loss: 0.08175212129950524
[2024-12-16 12:40:07,781] INFO: Iter 7800 Summary: 
[2024-12-16 12:40:07,781] INFO: 	 lr: 0.00030000000000000073 	 Training loss: 0.08163108803331852
[2024-12-16 12:40:13,574] INFO: Iter 7900 Summary: 
[2024-12-16 12:40:13,575] INFO: 	 lr: 0.00030000000000000073 	 Training loss: 0.08207961998879909
[2024-12-16 12:40:19,820] INFO: Iter 8000 Summary: 
[2024-12-16 12:40:19,820] INFO: 	 lr: 0.00030000000000000073 	 Training loss: 0.08170942544937133
[2024-12-16 12:40:26,191] INFO: Iter 8100 Summary: 
[2024-12-16 12:40:26,192] INFO: 	 lr: 0.00030000000000000073 	 Training loss: 0.08180661961436271
[2024-12-16 12:40:33,672] INFO: Iter 8200 Summary: 
[2024-12-16 12:40:33,672] INFO: 	 lr: 0.00030000000000000073 	 Training loss: 0.08126690253615379
[2024-12-16 12:40:40,099] INFO: Iter 8300 Summary: 
[2024-12-16 12:40:40,099] INFO: 	 lr: 0.00030000000000000073 	 Training loss: 0.08160069547593593
[2024-12-16 12:40:46,392] INFO: Iter 8400 Summary: 
[2024-12-16 12:40:46,392] INFO: 	 lr: 0.00030000000000000073 	 Training loss: 0.08176978431642055
[2024-12-16 12:40:52,222] INFO: Iter 8500 Summary: 
[2024-12-16 12:40:52,222] INFO: 	 lr: 0.00030000000000000073 	 Training loss: 0.08071035072207451
[2024-12-16 12:40:58,662] INFO: Iter 8600 Summary: 
[2024-12-16 12:40:58,662] INFO: 	 lr: 0.00030000000000000073 	 Training loss: 0.08153951548039913
[2024-12-16 12:41:05,081] INFO: Iter 8700 Summary: 
[2024-12-16 12:41:05,081] INFO: 	 lr: 0.00030000000000000073 	 Training loss: 0.08031323008239269
[2024-12-16 12:41:11,525] INFO: Iter 8800 Summary: 
[2024-12-16 12:41:11,525] INFO: 	 lr: 0.00030000000000000073 	 Training loss: 0.08100280478596687
[2024-12-16 12:41:19,069] INFO: Iter 8900 Summary: 
[2024-12-16 12:41:19,070] INFO: 	 lr: 0.00030000000000000073 	 Training loss: 0.08072686232626439
[2024-12-16 12:41:25,501] INFO: Iter 9000 Summary: 
[2024-12-16 12:41:25,501] INFO: 	 lr: 0.00030000000000000073 	 Training loss: 0.08058911368250847
[2024-12-16 12:41:31,658] INFO: Iter 9100 Summary: 
[2024-12-16 12:41:31,658] INFO: 	 lr: 0.00030000000000000073 	 Training loss: 0.080757422670722
[2024-12-16 12:41:37,634] INFO: Iter 9200 Summary: 
[2024-12-16 12:41:37,634] INFO: 	 lr: 0.00030000000000000073 	 Training loss: 0.08050177507102489
[2024-12-16 12:41:43,455] INFO: Iter 9300 Summary: 
[2024-12-16 12:41:43,455] INFO: 	 lr: 0.00030000000000000073 	 Training loss: 0.08066292367875576
[2024-12-16 12:41:48,640] INFO: Iter 9400 Summary: 
[2024-12-16 12:41:48,640] INFO: 	 lr: 0.00030000000000000073 	 Training loss: 0.08020526692271232
[2024-12-16 12:41:53,934] INFO: Iter 9500 Summary: 
[2024-12-16 12:41:53,935] INFO: 	 lr: 0.00030000000000000073 	 Training loss: 0.08026951916515827
[2024-12-16 12:42:01,108] INFO: Iter 9600 Summary: 
[2024-12-16 12:42:01,109] INFO: 	 lr: 0.00030000000000000073 	 Training loss: 0.07930498391389847
[2024-12-16 12:42:07,425] INFO: Iter 9700 Summary: 
[2024-12-16 12:42:07,426] INFO: 	 lr: 0.00030000000000000073 	 Training loss: 0.08022984713315964
[2024-12-16 12:42:13,165] INFO: Iter 9800 Summary: 
[2024-12-16 12:42:13,165] INFO: 	 lr: 0.00030000000000000073 	 Training loss: 0.08022961966693401
[2024-12-16 12:42:18,998] INFO: Iter 9900 Summary: 
[2024-12-16 12:42:18,998] INFO: 	 lr: 0.00030000000000000073 	 Training loss: 0.0795997892320156
[2024-12-16 12:42:25,444] INFO: Iter 10000 Summary: 
[2024-12-16 12:42:25,444] INFO: 	 lr: 0.00030000000000000073 	 Training loss: 0.07977761551737786
[2024-12-16 12:42:33,370] INFO: Iter 10100 Summary: 
[2024-12-16 12:42:33,370] INFO: 	 lr: 0.00030000000000000073 	 Training loss: 0.07957142300903797
[2024-12-16 12:42:40,909] INFO: Iter 10200 Summary: 
[2024-12-16 12:42:40,909] INFO: 	 lr: 0.00030000000000000073 	 Training loss: 0.08041104353964329
[2024-12-16 12:42:47,242] INFO: Iter 10300 Summary: 
[2024-12-16 12:42:47,243] INFO: 	 lr: 0.00030000000000000073 	 Training loss: 0.07890089601278305
[2024-12-16 12:42:53,676] INFO: Iter 10400 Summary: 
[2024-12-16 12:42:53,677] INFO: 	 lr: 0.00030000000000000073 	 Training loss: 0.07921282850205898
[2024-12-16 12:42:59,957] INFO: Iter 10500 Summary: 
[2024-12-16 12:42:59,957] INFO: 	 lr: 0.00030000000000000073 	 Training loss: 0.07914454489946365
[2024-12-16 12:43:06,384] INFO: Iter 10600 Summary: 
[2024-12-16 12:43:06,384] INFO: 	 lr: 0.00030000000000000073 	 Training loss: 0.07917796060442925
[2024-12-16 12:43:12,460] INFO: Iter 10700 Summary: 
[2024-12-16 12:43:12,461] INFO: 	 lr: 0.00030000000000000073 	 Training loss: 0.07928052090108395
[2024-12-16 12:43:18,421] INFO: Iter 10800 Summary: 
[2024-12-16 12:43:18,421] INFO: 	 lr: 0.00030000000000000073 	 Training loss: 0.07915235437452793
[2024-12-16 12:43:25,635] INFO: Iter 10900 Summary: 
[2024-12-16 12:43:25,635] INFO: 	 lr: 0.00030000000000000073 	 Training loss: 0.0796836543828249
[2024-12-16 12:43:32,076] INFO: Iter 11000 Summary: 
[2024-12-16 12:43:32,076] INFO: 	 lr: 0.00030000000000000073 	 Training loss: 0.07878886200487614
[2024-12-16 12:43:38,495] INFO: Iter 11100 Summary: 
[2024-12-16 12:43:38,495] INFO: 	 lr: 0.00030000000000000073 	 Training loss: 0.07880791805684567
[2024-12-16 12:43:44,928] INFO: Iter 11200 Summary: 
[2024-12-16 12:43:44,928] INFO: 	 lr: 0.00030000000000000073 	 Training loss: 0.07918449468910695
[2024-12-16 12:43:50,907] INFO: Iter 11300 Summary: 
[2024-12-16 12:43:50,907] INFO: 	 lr: 0.00030000000000000073 	 Training loss: 0.07844131514430046
[2024-12-16 12:43:56,130] INFO: Iter 11400 Summary: 
[2024-12-16 12:43:56,130] INFO: 	 lr: 0.00030000000000000073 	 Training loss: 0.07867079123854637
[2024-12-16 12:44:02,415] INFO: Iter 11500 Summary: 
[2024-12-16 12:44:02,416] INFO: 	 lr: 0.00030000000000000073 	 Training loss: 0.07895929299294949
[2024-12-16 12:44:09,993] INFO: Iter 11600 Summary: 
[2024-12-16 12:44:09,993] INFO: 	 lr: 0.00030000000000000073 	 Training loss: 0.07879980817437172
[2024-12-16 12:44:16,440] INFO: Iter 11700 Summary: 
[2024-12-16 12:44:16,440] INFO: 	 lr: 0.00030000000000000073 	 Training loss: 0.0788629624992609
[2024-12-16 12:44:22,731] INFO: Iter 11800 Summary: 
[2024-12-16 12:44:22,731] INFO: 	 lr: 0.00030000000000000073 	 Training loss: 0.0781529826670885
[2024-12-16 12:44:28,192] INFO: Iter 11900 Summary: 
[2024-12-16 12:44:28,192] INFO: 	 lr: 0.00030000000000000073 	 Training loss: 0.07826907597482205
[2024-12-16 12:44:33,403] INFO: Iter 12000 Summary: 
[2024-12-16 12:44:33,403] INFO: 	 lr: 0.00030000000000000073 	 Training loss: 0.07805678114295006
[2024-12-16 12:44:38,841] INFO: Iter 12100 Summary: 
[2024-12-16 12:44:38,841] INFO: 	 lr: 0.00030000000000000073 	 Training loss: 0.07881470136344433
[2024-12-16 12:44:44,402] INFO: Iter 12200 Summary: 
[2024-12-16 12:44:44,402] INFO: 	 lr: 0.00030000000000000073 	 Training loss: 0.07802550509572029
[2024-12-16 12:44:52,159] INFO: Iter 12300 Summary: 
[2024-12-16 12:44:52,159] INFO: 	 lr: 0.00030000000000000073 	 Training loss: 0.07782596565783023
[2024-12-16 12:44:58,601] INFO: Iter 12400 Summary: 
[2024-12-16 12:44:58,602] INFO: 	 lr: 0.00030000000000000073 	 Training loss: 0.07787808082997799
[2024-12-16 12:45:04,619] INFO: Iter 12500 Summary: 
[2024-12-16 12:45:04,619] INFO: 	 lr: 0.00030000000000000073 	 Training loss: 0.07776217661798
[2024-12-16 12:45:10,016] INFO: Iter 12600 Summary: 
[2024-12-16 12:45:10,016] INFO: 	 lr: 0.00030000000000000073 	 Training loss: 0.07816141948103905
[2024-12-16 12:45:15,537] INFO: Iter 12700 Summary: 
[2024-12-16 12:45:15,537] INFO: 	 lr: 0.00030000000000000073 	 Training loss: 0.0779900012910366
[2024-12-16 12:45:20,799] INFO: Iter 12800 Summary: 
[2024-12-16 12:45:20,799] INFO: 	 lr: 0.00030000000000000073 	 Training loss: 0.07810026407241821
[2024-12-16 12:45:26,362] INFO: Iter 12900 Summary: 
[2024-12-16 12:45:26,362] INFO: 	 lr: 0.00030000000000000073 	 Training loss: 0.07751794628798962
[2024-12-16 12:45:33,898] INFO: Iter 13000 Summary: 
[2024-12-16 12:45:33,899] INFO: 	 lr: 0.00030000000000000073 	 Training loss: 0.07751490950584411
[2024-12-16 12:45:39,473] INFO: Iter 13100 Summary: 
[2024-12-16 12:45:39,473] INFO: 	 lr: 0.00030000000000000073 	 Training loss: 0.07719421729445458
[2024-12-16 12:45:45,518] INFO: Iter 13200 Summary: 
[2024-12-16 12:45:45,519] INFO: 	 lr: 0.00030000000000000073 	 Training loss: 0.07770916253328324
[2024-12-16 12:45:51,767] INFO: Iter 13300 Summary: 
[2024-12-16 12:45:51,768] INFO: 	 lr: 0.00030000000000000073 	 Training loss: 0.07727674484252929
[2024-12-16 12:45:58,222] INFO: Iter 13400 Summary: 
[2024-12-16 12:45:58,222] INFO: 	 lr: 0.00030000000000000073 	 Training loss: 0.07776379697024823
[2024-12-16 12:46:04,674] INFO: Iter 13500 Summary: 
[2024-12-16 12:46:04,674] INFO: 	 lr: 0.00030000000000000073 	 Training loss: 0.07770357355475425
[2024-12-16 12:46:12,372] INFO: Iter 13600 Summary: 
[2024-12-16 12:46:12,373] INFO: 	 lr: 0.00030000000000000073 	 Training loss: 0.07700702607631683
[2024-12-16 12:46:18,824] INFO: Iter 13700 Summary: 
[2024-12-16 12:46:18,824] INFO: 	 lr: 0.00030000000000000073 	 Training loss: 0.07755743205547333
[2024-12-16 12:46:25,236] INFO: Iter 13800 Summary: 
[2024-12-16 12:46:25,236] INFO: 	 lr: 0.00030000000000000073 	 Training loss: 0.07737649329006673
[2024-12-16 12:46:30,650] INFO: Iter 13900 Summary: 
[2024-12-16 12:46:30,650] INFO: 	 lr: 0.00030000000000000073 	 Training loss: 0.07674582034349442
[2024-12-16 12:46:37,085] INFO: Iter 14000 Summary: 
[2024-12-16 12:46:37,085] INFO: 	 lr: 0.00030000000000000073 	 Training loss: 0.07711016342043876
[2024-12-16 12:46:43,017] INFO: Iter 14100 Summary: 
[2024-12-16 12:46:43,017] INFO: 	 lr: 0.00030000000000000073 	 Training loss: 0.07713812679052352
[2024-12-16 12:46:48,746] INFO: Iter 14200 Summary: 
[2024-12-16 12:46:48,746] INFO: 	 lr: 0.00030000000000000073 	 Training loss: 0.07712545990943909
[2024-12-16 12:46:55,861] INFO: Iter 14300 Summary: 
[2024-12-16 12:46:55,861] INFO: 	 lr: 0.00030000000000000073 	 Training loss: 0.07716088555753231
[2024-12-16 12:47:02,313] INFO: Iter 14400 Summary: 
[2024-12-16 12:47:02,313] INFO: 	 lr: 0.00030000000000000073 	 Training loss: 0.07709710322320461
[2024-12-16 12:47:08,540] INFO: Iter 14500 Summary: 
[2024-12-16 12:47:08,540] INFO: 	 lr: 0.00030000000000000073 	 Training loss: 0.0763888106495142
[2024-12-16 12:47:14,925] INFO: Iter 14600 Summary: 
[2024-12-16 12:47:14,925] INFO: 	 lr: 0.00030000000000000073 	 Training loss: 0.07659778520464897
[2024-12-16 12:47:21,345] INFO: Iter 14700 Summary: 
[2024-12-16 12:47:21,345] INFO: 	 lr: 0.00030000000000000073 	 Training loss: 0.0770532851666212
[2024-12-16 12:47:27,780] INFO: Iter 14800 Summary: 
[2024-12-16 12:47:27,780] INFO: 	 lr: 0.00030000000000000073 	 Training loss: 0.07705012939870358
[2024-12-16 12:47:34,203] INFO: Iter 14900 Summary: 
[2024-12-16 12:47:34,204] INFO: 	 lr: 0.00030000000000000073 	 Training loss: 0.07650316789746285
[2024-12-16 12:47:41,650] INFO: Iter 15000 Summary: 
[2024-12-16 12:47:41,650] INFO: 	 lr: 0.00030000000000000073 	 Training loss: 0.07675785787403583
[2024-12-16 12:47:49,500] INFO: Iter 15100 Summary: 
[2024-12-16 12:47:49,500] INFO: 	 lr: 0.00030000000000000073 	 Training loss: 0.07659433044493198
[2024-12-16 12:47:55,735] INFO: Iter 15200 Summary: 
[2024-12-16 12:47:55,735] INFO: 	 lr: 0.00030000000000000073 	 Training loss: 0.0763735143840313
[2024-12-16 12:48:02,168] INFO: Iter 15300 Summary: 
[2024-12-16 12:48:02,168] INFO: 	 lr: 0.00030000000000000073 	 Training loss: 0.07683006800711155
[2024-12-16 12:48:08,605] INFO: Iter 15400 Summary: 
[2024-12-16 12:48:08,605] INFO: 	 lr: 0.00030000000000000073 	 Training loss: 0.07636305749416351
[2024-12-16 12:48:15,029] INFO: Iter 15500 Summary: 
[2024-12-16 12:48:15,029] INFO: 	 lr: 0.00030000000000000073 	 Training loss: 0.07652033075690269
[2024-12-16 12:48:21,457] INFO: Iter 15600 Summary: 
[2024-12-16 12:48:21,457] INFO: 	 lr: 0.00030000000000000073 	 Training loss: 0.07672574087977409
[2024-12-16 12:48:29,007] INFO: Iter 15700 Summary: 
[2024-12-16 12:48:29,007] INFO: 	 lr: 0.00030000000000000073 	 Training loss: 0.07615331806242466
[2024-12-16 12:48:34,767] INFO: Iter 15800 Summary: 
[2024-12-16 12:48:34,767] INFO: 	 lr: 0.00030000000000000073 	 Training loss: 0.07570275746285915
[2024-12-16 12:48:41,213] INFO: Iter 15900 Summary: 
[2024-12-16 12:48:41,213] INFO: 	 lr: 0.00030000000000000073 	 Training loss: 0.07651386559009551
[2024-12-16 12:48:47,646] INFO: Iter 16000 Summary: 
[2024-12-16 12:48:47,646] INFO: 	 lr: 0.00030000000000000073 	 Training loss: 0.07652966476976872
[2024-12-16 12:48:54,091] INFO: Iter 16100 Summary: 
[2024-12-16 12:48:54,092] INFO: 	 lr: 0.00030000000000000073 	 Training loss: 0.07627752035856247
[2024-12-16 12:49:00,535] INFO: Iter 16200 Summary: 
[2024-12-16 12:49:00,535] INFO: 	 lr: 0.00030000000000000073 	 Training loss: 0.07591343253850937
[2024-12-16 12:49:08,021] INFO: Iter 16300 Summary: 
[2024-12-16 12:49:08,021] INFO: 	 lr: 0.00030000000000000073 	 Training loss: 0.0757885778695345
[2024-12-16 12:49:14,251] INFO: Iter 16400 Summary: 
[2024-12-16 12:49:14,252] INFO: 	 lr: 0.00030000000000000073 	 Training loss: 0.07580794282257557
[2024-12-16 12:49:20,695] INFO: Iter 16500 Summary: 
[2024-12-16 12:49:20,695] INFO: 	 lr: 0.00030000000000000073 	 Training loss: 0.07615254133939743
[2024-12-16 12:49:27,128] INFO: Iter 16600 Summary: 
[2024-12-16 12:49:27,128] INFO: 	 lr: 0.00030000000000000073 	 Training loss: 0.07616786353290081
[2024-12-16 12:49:33,553] INFO: Iter 16700 Summary: 
[2024-12-16 12:49:33,553] INFO: 	 lr: 0.00030000000000000073 	 Training loss: 0.07590808629989625
[2024-12-16 12:49:39,977] INFO: Iter 16800 Summary: 
[2024-12-16 12:49:39,977] INFO: 	 lr: 0.00030000000000000073 	 Training loss: 0.07598280414938927
[2024-12-16 12:49:46,408] INFO: Iter 16900 Summary: 
[2024-12-16 12:49:46,408] INFO: 	 lr: 0.00030000000000000073 	 Training loss: 0.07577322863042354
[2024-12-16 12:49:53,955] INFO: Iter 17000 Summary: 
[2024-12-16 12:49:53,956] INFO: 	 lr: 0.00030000000000000073 	 Training loss: 0.07624768793582916
[2024-12-16 12:50:00,388] INFO: Iter 17100 Summary: 
[2024-12-16 12:50:00,388] INFO: 	 lr: 0.00030000000000000073 	 Training loss: 0.07579553484916687
[2024-12-16 12:50:06,809] INFO: Iter 17200 Summary: 
[2024-12-16 12:50:06,809] INFO: 	 lr: 0.00030000000000000073 	 Training loss: 0.07566040940582752
[2024-12-16 12:50:13,075] INFO: Iter 17300 Summary: 
[2024-12-16 12:50:13,075] INFO: 	 lr: 0.00030000000000000073 	 Training loss: 0.07539718717336655
[2024-12-16 12:50:19,497] INFO: Iter 17400 Summary: 
[2024-12-16 12:50:19,497] INFO: 	 lr: 0.00030000000000000073 	 Training loss: 0.07558758459985256
[2024-12-16 12:50:25,925] INFO: Iter 17500 Summary: 
[2024-12-16 12:50:25,926] INFO: 	 lr: 0.00030000000000000073 	 Training loss: 0.07509210050106048
[2024-12-16 12:50:32,371] INFO: Iter 17600 Summary: 
[2024-12-16 12:50:32,371] INFO: 	 lr: 0.00030000000000000073 	 Training loss: 0.07565957397222518
[2024-12-16 12:50:39,763] INFO: Iter 17700 Summary: 
[2024-12-16 12:50:39,764] INFO: 	 lr: 0.00030000000000000073 	 Training loss: 0.07602319948375225
[2024-12-16 12:50:46,208] INFO: Iter 17800 Summary: 
[2024-12-16 12:50:46,209] INFO: 	 lr: 0.00030000000000000073 	 Training loss: 0.07526204898953438
[2024-12-16 12:50:52,640] INFO: Iter 17900 Summary: 
[2024-12-16 12:50:52,640] INFO: 	 lr: 0.00030000000000000073 	 Training loss: 0.07557145282626151
[2024-12-16 12:50:59,061] INFO: Iter 18000 Summary: 
[2024-12-16 12:50:59,062] INFO: 	 lr: 0.00030000000000000073 	 Training loss: 0.07582599923014641
[2024-12-16 12:51:05,499] INFO: Iter 18100 Summary: 
[2024-12-16 12:51:05,499] INFO: 	 lr: 0.00030000000000000073 	 Training loss: 0.07528922744095326
[2024-12-16 12:51:11,937] INFO: Iter 18200 Summary: 
[2024-12-16 12:51:11,938] INFO: 	 lr: 0.00030000000000000073 	 Training loss: 0.07557365506887435
[2024-12-16 12:51:18,354] INFO: Iter 18300 Summary: 
[2024-12-16 12:51:18,354] INFO: 	 lr: 0.00030000000000000073 	 Training loss: 0.07525249794125558
[2024-12-16 12:51:25,927] INFO: Iter 18400 Summary: 
[2024-12-16 12:51:25,928] INFO: 	 lr: 0.00030000000000000073 	 Training loss: 0.07506760887801647
[2024-12-16 12:51:32,359] INFO: Iter 18500 Summary: 
[2024-12-16 12:51:32,359] INFO: 	 lr: 0.00030000000000000073 	 Training loss: 0.07477373696863651
[2024-12-16 12:51:38,804] INFO: Iter 18600 Summary: 
[2024-12-16 12:51:38,804] INFO: 	 lr: 0.00030000000000000073 	 Training loss: 0.07544334650039673
[2024-12-16 12:51:45,240] INFO: Iter 18700 Summary: 
[2024-12-16 12:51:45,240] INFO: 	 lr: 0.00030000000000000073 	 Training loss: 0.07560042306780815
[2024-12-16 12:51:51,655] INFO: Iter 18800 Summary: 
[2024-12-16 12:51:51,655] INFO: 	 lr: 0.00030000000000000073 	 Training loss: 0.07484742954373359
[2024-12-16 12:51:58,082] INFO: Iter 18900 Summary: 
[2024-12-16 12:51:58,082] INFO: 	 lr: 0.00030000000000000073 	 Training loss: 0.07546087875962257
[2024-12-16 12:52:04,228] INFO: Iter 19000 Summary: 
[2024-12-16 12:52:04,229] INFO: 	 lr: 0.00030000000000000073 	 Training loss: 0.07569140672683716
[2024-12-16 12:52:11,573] INFO: Iter 19100 Summary: 
[2024-12-16 12:52:11,574] INFO: 	 lr: 0.00030000000000000073 	 Training loss: 0.07464917063713074
[2024-12-16 12:52:18,006] INFO: Iter 19200 Summary: 
[2024-12-16 12:52:18,006] INFO: 	 lr: 0.00030000000000000073 	 Training loss: 0.07544691562652588
[2024-12-16 12:52:24,443] INFO: Iter 19300 Summary: 
[2024-12-16 12:52:24,443] INFO: 	 lr: 0.00030000000000000073 	 Training loss: 0.07498792700469493
[2024-12-16 12:52:30,873] INFO: Iter 19400 Summary: 
[2024-12-16 12:52:30,873] INFO: 	 lr: 0.00030000000000000073 	 Training loss: 0.07574709676206112
[2024-12-16 12:52:37,290] INFO: Iter 19500 Summary: 
[2024-12-16 12:52:37,290] INFO: 	 lr: 0.00030000000000000073 	 Training loss: 0.07491737820208072
[2024-12-16 12:52:43,718] INFO: Iter 19600 Summary: 
[2024-12-16 12:52:43,718] INFO: 	 lr: 0.00030000000000000073 	 Training loss: 0.07478112287819386
[2024-12-16 12:52:51,518] INFO: Iter 19700 Summary: 
[2024-12-16 12:52:51,519] INFO: 	 lr: 0.00030000000000000073 	 Training loss: 0.0753092148154974
[2024-12-16 12:52:57,890] INFO: Iter 19800 Summary: 
[2024-12-16 12:52:57,890] INFO: 	 lr: 0.00030000000000000073 	 Training loss: 0.0748939884454012
[2024-12-16 12:53:03,722] INFO: Iter 19900 Summary: 
[2024-12-16 12:53:03,722] INFO: 	 lr: 0.00030000000000000073 	 Training loss: 0.07503842055797577
[2024-12-16 12:53:08,984] INFO: Iter 20000 Summary: 
[2024-12-16 12:53:08,984] INFO: 	 lr: 0.00030000000000000073 	 Training loss: 0.07440422438085079
[2024-12-16 12:53:15,488] INFO: Iter 20100 Summary: 
[2024-12-16 12:53:15,488] INFO: 	 lr: 0.00030000000000000073 	 Training loss: 0.07501360096037388
[2024-12-16 12:53:20,710] INFO: Iter 20200 Summary: 
[2024-12-16 12:53:20,710] INFO: 	 lr: 0.00030000000000000073 	 Training loss: 0.0749040424078703
[2024-12-16 12:53:26,274] INFO: Iter 20300 Summary: 
[2024-12-16 12:53:26,274] INFO: 	 lr: 0.00030000000000000073 	 Training loss: 0.07443457126617431
[2024-12-16 12:53:34,004] INFO: Iter 20400 Summary: 
[2024-12-16 12:53:34,004] INFO: 	 lr: 0.00030000000000000073 	 Training loss: 0.0746031940728426
[2024-12-16 12:53:40,436] INFO: Iter 20500 Summary: 
[2024-12-16 12:53:40,436] INFO: 	 lr: 0.00030000000000000073 	 Training loss: 0.0743846382945776
[2024-12-16 12:53:46,862] INFO: Iter 20600 Summary: 
[2024-12-16 12:53:46,862] INFO: 	 lr: 0.00030000000000000073 	 Training loss: 0.07485552854835988
[2024-12-16 12:53:53,283] INFO: Iter 20700 Summary: 
[2024-12-16 12:53:53,283] INFO: 	 lr: 0.00030000000000000073 	 Training loss: 0.07459771528840065
[2024-12-16 12:53:59,701] INFO: Iter 20800 Summary: 
[2024-12-16 12:53:59,701] INFO: 	 lr: 0.00030000000000000073 	 Training loss: 0.07459600903093815
[2024-12-16 12:54:06,134] INFO: Iter 20900 Summary: 
[2024-12-16 12:54:06,134] INFO: 	 lr: 0.00030000000000000073 	 Training loss: 0.07524845518171787
[2024-12-16 12:54:12,576] INFO: Iter 21000 Summary: 
[2024-12-16 12:54:12,576] INFO: 	 lr: 0.00030000000000000073 	 Training loss: 0.07443877920508385
[2024-12-16 12:54:20,008] INFO: Iter 21100 Summary: 
[2024-12-16 12:54:20,008] INFO: 	 lr: 0.00030000000000000073 	 Training loss: 0.0743388058245182
[2024-12-16 12:54:25,778] INFO: Iter 21200 Summary: 
[2024-12-16 12:54:25,778] INFO: 	 lr: 0.00030000000000000073 	 Training loss: 0.0749097516387701
[2024-12-16 12:54:31,063] INFO: Iter 21300 Summary: 
[2024-12-16 12:54:31,064] INFO: 	 lr: 0.00030000000000000073 	 Training loss: 0.07408434465527534
[2024-12-16 12:54:36,293] INFO: Iter 21400 Summary: 
[2024-12-16 12:54:36,293] INFO: 	 lr: 0.00030000000000000073 	 Training loss: 0.07459874495863915
[2024-12-16 12:54:41,533] INFO: Iter 21500 Summary: 
[2024-12-16 12:54:41,533] INFO: 	 lr: 0.00030000000000000073 	 Training loss: 0.07453525952994823
[2024-12-16 12:54:46,797] INFO: Iter 21600 Summary: 
[2024-12-16 12:54:46,798] INFO: 	 lr: 0.00030000000000000073 	 Training loss: 0.07455579981207848
[2024-12-16 12:54:52,161] INFO: Iter 21700 Summary: 
[2024-12-16 12:54:52,161] INFO: 	 lr: 0.00030000000000000073 	 Training loss: 0.07438036158680916
[2024-12-16 12:54:59,831] INFO: Iter 21800 Summary: 
[2024-12-16 12:54:59,832] INFO: 	 lr: 0.00030000000000000073 	 Training loss: 0.07429507426917553
[2024-12-16 12:55:06,293] INFO: Iter 21900 Summary: 
[2024-12-16 12:55:06,293] INFO: 	 lr: 0.00030000000000000073 	 Training loss: 0.07421828553080559
[2024-12-16 12:55:12,742] INFO: Iter 22000 Summary: 
[2024-12-16 12:55:12,742] INFO: 	 lr: 0.00030000000000000073 	 Training loss: 0.07427578449249267
[2024-12-16 12:55:19,176] INFO: Iter 22100 Summary: 
[2024-12-16 12:55:19,176] INFO: 	 lr: 0.00030000000000000073 	 Training loss: 0.07437574423849583
[2024-12-16 12:55:24,767] INFO: Iter 22200 Summary: 
[2024-12-16 12:55:24,768] INFO: 	 lr: 0.00030000000000000073 	 Training loss: 0.07471385836601258
[2024-12-16 12:55:30,041] INFO: Iter 22300 Summary: 
[2024-12-16 12:55:30,042] INFO: 	 lr: 0.00030000000000000073 	 Training loss: 0.07456861056387425
[2024-12-16 12:55:35,430] INFO: Iter 22400 Summary: 
[2024-12-16 12:55:35,430] INFO: 	 lr: 0.00030000000000000073 	 Training loss: 0.07466852851212025
[2024-12-16 12:55:43,064] INFO: Iter 22500 Summary: 
[2024-12-16 12:55:43,064] INFO: 	 lr: 0.00030000000000000073 	 Training loss: 0.07387207739055157
[2024-12-16 12:55:49,495] INFO: Iter 22600 Summary: 
[2024-12-16 12:55:49,495] INFO: 	 lr: 0.00030000000000000073 	 Training loss: 0.07358907878398896
[2024-12-16 12:55:55,612] INFO: Iter 22700 Summary: 
[2024-12-16 12:55:55,612] INFO: 	 lr: 0.00030000000000000073 	 Training loss: 0.07429370157420635
[2024-12-16 12:56:01,937] INFO: Iter 22800 Summary: 
[2024-12-16 12:56:01,937] INFO: 	 lr: 0.00030000000000000073 	 Training loss: 0.07413041241466999
[2024-12-16 12:56:08,368] INFO: Iter 22900 Summary: 
[2024-12-16 12:56:08,368] INFO: 	 lr: 0.00030000000000000073 	 Training loss: 0.07412923358380795
[2024-12-16 12:56:14,796] INFO: Iter 23000 Summary: 
[2024-12-16 12:56:14,796] INFO: 	 lr: 0.00030000000000000073 	 Training loss: 0.07423262551426887
[2024-12-16 12:56:22,278] INFO: Iter 23100 Summary: 
[2024-12-16 12:56:22,278] INFO: 	 lr: 0.00030000000000000073 	 Training loss: 0.07445264749228954
[2024-12-16 12:56:28,235] INFO: Iter 23200 Summary: 
[2024-12-16 12:56:28,235] INFO: 	 lr: 0.00030000000000000073 	 Training loss: 0.07392619743943214
[2024-12-16 12:56:34,646] INFO: Iter 23300 Summary: 
[2024-12-16 12:56:34,646] INFO: 	 lr: 0.00030000000000000073 	 Training loss: 0.07360200941562653
[2024-12-16 12:56:41,064] INFO: Iter 23400 Summary: 
[2024-12-16 12:56:41,064] INFO: 	 lr: 0.00030000000000000073 	 Training loss: 0.07413333348929882
[2024-12-16 12:56:47,321] INFO: Iter 23500 Summary: 
[2024-12-16 12:56:47,321] INFO: 	 lr: 0.00030000000000000073 	 Training loss: 0.07354784615337849
[2024-12-16 12:56:53,467] INFO: Iter 23600 Summary: 
[2024-12-16 12:56:53,467] INFO: 	 lr: 0.00030000000000000073 	 Training loss: 0.07428098171949386
[2024-12-16 12:56:59,893] INFO: Iter 23700 Summary: 
[2024-12-16 12:56:59,893] INFO: 	 lr: 0.00030000000000000073 	 Training loss: 0.07364175908267498
[2024-12-16 12:57:07,589] INFO: Iter 23800 Summary: 
[2024-12-16 12:57:07,589] INFO: 	 lr: 0.00030000000000000073 	 Training loss: 0.07386069312691688
[2024-12-16 12:57:13,403] INFO: Iter 23900 Summary: 
[2024-12-16 12:57:13,403] INFO: 	 lr: 0.00030000000000000073 	 Training loss: 0.07346457451581954
[2024-12-16 12:57:19,834] INFO: Iter 24000 Summary: 
[2024-12-16 12:57:19,834] INFO: 	 lr: 0.00030000000000000073 	 Training loss: 0.07401689119637013
[2024-12-16 12:57:26,268] INFO: Iter 24100 Summary: 
[2024-12-16 12:57:26,268] INFO: 	 lr: 0.00030000000000000073 	 Training loss: 0.07414915457367897
[2024-12-16 12:57:32,707] INFO: Iter 24200 Summary: 
[2024-12-16 12:57:32,707] INFO: 	 lr: 0.00030000000000000073 	 Training loss: 0.0739088562875986
[2024-12-16 12:57:38,494] INFO: Iter 24300 Summary: 
[2024-12-16 12:57:38,494] INFO: 	 lr: 0.00030000000000000073 	 Training loss: 0.07388202600181103
[2024-12-16 12:57:44,214] INFO: Iter 24400 Summary: 
[2024-12-16 12:57:44,214] INFO: 	 lr: 0.00030000000000000073 	 Training loss: 0.07406126663088798
[2024-12-16 12:57:51,414] INFO: Iter 24500 Summary: 
[2024-12-16 12:57:51,414] INFO: 	 lr: 0.00030000000000000073 	 Training loss: 0.07353582493960857
[2024-12-16 12:57:57,901] INFO: Iter 24600 Summary: 
[2024-12-16 12:57:57,901] INFO: 	 lr: 0.00030000000000000073 	 Training loss: 0.0734975054860115
[2024-12-16 12:58:04,340] INFO: Iter 24700 Summary: 
[2024-12-16 12:58:04,340] INFO: 	 lr: 0.00030000000000000073 	 Training loss: 0.07367367163300514
[2024-12-16 12:58:10,769] INFO: Iter 24800 Summary: 
[2024-12-16 12:58:10,770] INFO: 	 lr: 0.00030000000000000073 	 Training loss: 0.07418448470532894
[2024-12-16 12:58:16,967] INFO: Iter 24900 Summary: 
[2024-12-16 12:58:16,968] INFO: 	 lr: 0.00030000000000000073 	 Training loss: 0.07398261718451976
[2024-12-16 12:58:22,704] INFO: Iter 25000 Summary: 
[2024-12-16 12:58:22,704] INFO: 	 lr: 0.00030000000000000073 	 Training loss: 0.0735204753279686
[2024-12-16 12:58:30,828] INFO: Iter 25100 Summary: 
[2024-12-16 12:58:30,828] INFO: 	 lr: 0.00030000000000000073 	 Training loss: 0.0737366396188736
[2024-12-16 12:58:38,334] INFO: Iter 25200 Summary: 
[2024-12-16 12:58:38,335] INFO: 	 lr: 0.00030000000000000073 	 Training loss: 0.07353799901902676
[2024-12-16 12:58:44,774] INFO: Iter 25300 Summary: 
[2024-12-16 12:58:44,774] INFO: 	 lr: 0.00030000000000000073 	 Training loss: 0.0739958044141531
[2024-12-16 12:58:51,204] INFO: Iter 25400 Summary: 
[2024-12-16 12:58:51,204] INFO: 	 lr: 0.00030000000000000073 	 Training loss: 0.07346374116837978
[2024-12-16 12:58:57,646] INFO: Iter 25500 Summary: 
[2024-12-16 12:58:57,646] INFO: 	 lr: 0.00030000000000000073 	 Training loss: 0.07358998492360115
[2024-12-16 12:59:04,064] INFO: Iter 25600 Summary: 
[2024-12-16 12:59:04,064] INFO: 	 lr: 0.00030000000000000073 	 Training loss: 0.0737403890490532
[2024-12-16 12:59:10,491] INFO: Iter 25700 Summary: 
[2024-12-16 12:59:10,491] INFO: 	 lr: 0.00030000000000000073 	 Training loss: 0.0737509299069643
[2024-12-16 12:59:16,941] INFO: Iter 25800 Summary: 
[2024-12-16 12:59:16,941] INFO: 	 lr: 0.00030000000000000073 	 Training loss: 0.07309853412210941
[2024-12-16 12:59:24,062] INFO: Iter 25900 Summary: 
[2024-12-16 12:59:24,063] INFO: 	 lr: 0.00030000000000000073 	 Training loss: 0.07341738216578961
[2024-12-16 12:59:29,962] INFO: Iter 26000 Summary: 
[2024-12-16 12:59:29,962] INFO: 	 lr: 0.00030000000000000073 	 Training loss: 0.07343894690275192
[2024-12-16 12:59:35,342] INFO: Iter 26100 Summary: 
[2024-12-16 12:59:35,342] INFO: 	 lr: 0.00030000000000000073 	 Training loss: 0.07308302015066147
[2024-12-16 12:59:41,118] INFO: Iter 26200 Summary: 
[2024-12-16 12:59:41,118] INFO: 	 lr: 0.00030000000000000073 	 Training loss: 0.074037698879838
[2024-12-16 12:59:46,828] INFO: Iter 26300 Summary: 
[2024-12-16 12:59:46,828] INFO: 	 lr: 0.00030000000000000073 	 Training loss: 0.07325824253261089
[2024-12-16 12:59:52,250] INFO: Iter 26400 Summary: 
[2024-12-16 12:59:52,250] INFO: 	 lr: 0.00030000000000000073 	 Training loss: 0.07350049681961536
[2024-12-16 12:59:58,689] INFO: Iter 26500 Summary: 
[2024-12-16 12:59:58,689] INFO: 	 lr: 0.00030000000000000073 	 Training loss: 0.07331461057066918
[2024-12-16 13:00:03,917] INFO: Iter 26600 Summary: 
[2024-12-16 13:00:03,918] INFO: 	 lr: 0.00030000000000000073 	 Training loss: 0.07353722266852855
[2024-12-16 13:00:09,176] INFO: Iter 26700 Summary: 
[2024-12-16 13:00:09,176] INFO: 	 lr: 0.00030000000000000073 	 Training loss: 0.07391481988132
[2024-12-16 13:00:14,898] INFO: Iter 26800 Summary: 
[2024-12-16 13:00:14,898] INFO: 	 lr: 0.00030000000000000073 	 Training loss: 0.07345478877425193
[2024-12-16 13:00:21,133] INFO: Iter 26900 Summary: 
[2024-12-16 13:00:21,133] INFO: 	 lr: 0.00030000000000000073 	 Training loss: 0.07338397458195686
[2024-12-16 13:00:26,379] INFO: Iter 27000 Summary: 
[2024-12-16 13:00:26,379] INFO: 	 lr: 0.00030000000000000073 	 Training loss: 0.07348631620407105
[2024-12-16 13:00:31,571] INFO: Iter 27100 Summary: 
[2024-12-16 13:00:31,572] INFO: 	 lr: 0.00030000000000000073 	 Training loss: 0.0735086540877819
[2024-12-16 13:00:38,254] INFO: Iter 27200 Summary: 
[2024-12-16 13:00:38,255] INFO: 	 lr: 0.00030000000000000073 	 Training loss: 0.0731961802393198
[2024-12-16 13:00:43,503] INFO: Iter 27300 Summary: 
[2024-12-16 13:00:43,503] INFO: 	 lr: 0.00030000000000000073 	 Training loss: 0.07379561245441436
[2024-12-16 13:00:48,883] INFO: Iter 27400 Summary: 
[2024-12-16 13:00:48,883] INFO: 	 lr: 0.00030000000000000073 	 Training loss: 0.07292406983673573
[2024-12-16 13:00:54,118] INFO: Iter 27500 Summary: 
[2024-12-16 13:00:54,119] INFO: 	 lr: 0.00030000000000000073 	 Training loss: 0.07317684784531593
[2024-12-16 13:00:59,300] INFO: Iter 27600 Summary: 
[2024-12-16 13:00:59,300] INFO: 	 lr: 0.00030000000000000073 	 Training loss: 0.07299718409776687
[2024-12-16 13:01:04,473] INFO: Iter 27700 Summary: 
[2024-12-16 13:01:04,473] INFO: 	 lr: 0.00030000000000000073 	 Training loss: 0.07294929333031178
[2024-12-16 13:01:10,614] INFO: Iter 27800 Summary: 
[2024-12-16 13:01:10,614] INFO: 	 lr: 0.00030000000000000073 	 Training loss: 0.07351938657462596
[2024-12-16 13:01:18,197] INFO: Iter 27900 Summary: 
[2024-12-16 13:01:18,198] INFO: 	 lr: 0.00030000000000000073 	 Training loss: 0.07281353160738945
[2024-12-16 13:01:24,625] INFO: Iter 28000 Summary: 
[2024-12-16 13:01:24,625] INFO: 	 lr: 0.00030000000000000073 	 Training loss: 0.07274781994521617
[2024-12-16 13:01:31,055] INFO: Iter 28100 Summary: 
[2024-12-16 13:01:31,055] INFO: 	 lr: 0.00030000000000000073 	 Training loss: 0.07355743318796158
[2024-12-16 13:01:37,423] INFO: Iter 28200 Summary: 
[2024-12-16 13:01:37,424] INFO: 	 lr: 0.00030000000000000073 	 Training loss: 0.0730492801964283
[2024-12-16 13:01:43,438] INFO: Iter 28300 Summary: 
[2024-12-16 13:01:43,438] INFO: 	 lr: 0.00030000000000000073 	 Training loss: 0.07335384778678417
[2024-12-16 13:01:49,878] INFO: Iter 28400 Summary: 
[2024-12-16 13:01:49,878] INFO: 	 lr: 0.00030000000000000073 	 Training loss: 0.0735003661364317
[2024-12-16 13:01:56,317] INFO: Iter 28500 Summary: 
[2024-12-16 13:01:56,317] INFO: 	 lr: 0.00030000000000000073 	 Training loss: 0.07259555302560329
[2024-12-16 13:02:03,919] INFO: Iter 28600 Summary: 
[2024-12-16 13:02:03,919] INFO: 	 lr: 0.00030000000000000073 	 Training loss: 0.07292482241988182
[2024-12-16 13:02:10,349] INFO: Iter 28700 Summary: 
[2024-12-16 13:02:10,349] INFO: 	 lr: 0.00030000000000000073 	 Training loss: 0.07252172321081161
[2024-12-16 13:02:16,369] INFO: Iter 28800 Summary: 
[2024-12-16 13:02:16,370] INFO: 	 lr: 0.00030000000000000073 	 Training loss: 0.07263251066207886
[2024-12-16 13:02:22,616] INFO: Iter 28900 Summary: 
[2024-12-16 13:02:22,616] INFO: 	 lr: 0.00030000000000000073 	 Training loss: 0.0733706709742546
[2024-12-16 13:02:28,114] INFO: Iter 29000 Summary: 
[2024-12-16 13:02:28,114] INFO: 	 lr: 0.00030000000000000073 	 Training loss: 0.07291430018842221
[2024-12-16 13:02:33,542] INFO: Iter 29100 Summary: 
[2024-12-16 13:02:33,542] INFO: 	 lr: 0.00030000000000000073 	 Training loss: 0.07324043795466423
[2024-12-16 13:02:40,721] INFO: Iter 29200 Summary: 
[2024-12-16 13:02:40,721] INFO: 	 lr: 0.00030000000000000073 	 Training loss: 0.07298122860491275
[2024-12-16 13:02:46,354] INFO: Iter 29300 Summary: 
[2024-12-16 13:02:46,354] INFO: 	 lr: 0.00030000000000000073 	 Training loss: 0.07235380619764328
[2024-12-16 13:02:52,487] INFO: Iter 29400 Summary: 
[2024-12-16 13:02:52,487] INFO: 	 lr: 0.00030000000000000073 	 Training loss: 0.07275261804461479
[2024-12-16 13:02:59,044] INFO: Iter 29500 Summary: 
[2024-12-16 13:02:59,044] INFO: 	 lr: 0.00030000000000000073 	 Training loss: 0.07327470958232879
[2024-12-16 13:03:05,191] INFO: Iter 29600 Summary: 
[2024-12-16 13:03:05,191] INFO: 	 lr: 0.00030000000000000073 	 Training loss: 0.07306360974907875
[2024-12-16 13:03:11,623] INFO: Iter 29700 Summary: 
[2024-12-16 13:03:11,624] INFO: 	 lr: 0.00030000000000000073 	 Training loss: 0.07292463444173336
[2024-12-16 13:03:18,061] INFO: Iter 29800 Summary: 
[2024-12-16 13:03:18,061] INFO: 	 lr: 0.00030000000000000073 	 Training loss: 0.07312238417565822
[2024-12-16 13:03:25,819] INFO: Iter 29900 Summary: 
[2024-12-16 13:03:25,819] INFO: 	 lr: 0.00030000000000000073 	 Training loss: 0.07344253972172737
[2024-12-16 13:03:32,170] INFO: Iter 30000 Summary: 
[2024-12-16 13:03:32,170] INFO: 	 lr: 0.00030000000000000073 	 Training loss: 0.07264293521642685
[2024-12-16 13:03:40,282] INFO: Iter 30100 Summary: 
[2024-12-16 13:03:40,282] INFO: 	 lr: 1.2900000000000026e-05 	 Training loss: 0.0714378885179758
[2024-12-16 13:03:46,713] INFO: Iter 30200 Summary: 
[2024-12-16 13:03:46,713] INFO: 	 lr: 1.000000000000002e-05 	 Training loss: 0.07055715955793858
[2024-12-16 13:03:53,139] INFO: Iter 30300 Summary: 
[2024-12-16 13:03:53,139] INFO: 	 lr: 1.000000000000002e-05 	 Training loss: 0.07014225296676159
[2024-12-16 13:03:59,573] INFO: Iter 30400 Summary: 
[2024-12-16 13:03:59,573] INFO: 	 lr: 1.000000000000002e-05 	 Training loss: 0.07045737855136394
[2024-12-16 13:04:06,008] INFO: Iter 30500 Summary: 
[2024-12-16 13:04:06,008] INFO: 	 lr: 1.000000000000002e-05 	 Training loss: 0.07006322056055068
[2024-12-16 13:04:13,661] INFO: Iter 30600 Summary: 
[2024-12-16 13:04:13,661] INFO: 	 lr: 1.000000000000002e-05 	 Training loss: 0.07050281114876271
[2024-12-16 13:04:20,102] INFO: Iter 30700 Summary: 
[2024-12-16 13:04:20,102] INFO: 	 lr: 1.000000000000002e-05 	 Training loss: 0.06961618795990944
[2024-12-16 13:04:26,238] INFO: Iter 30800 Summary: 
[2024-12-16 13:04:26,239] INFO: 	 lr: 1.000000000000002e-05 	 Training loss: 0.06977809362113475
[2024-12-16 13:04:32,661] INFO: Iter 30900 Summary: 
[2024-12-16 13:04:32,662] INFO: 	 lr: 1.000000000000002e-05 	 Training loss: 0.0700141379982233
[2024-12-16 13:04:39,094] INFO: Iter 31000 Summary: 
[2024-12-16 13:04:39,094] INFO: 	 lr: 1.000000000000002e-05 	 Training loss: 0.06980843652039766
[2024-12-16 13:04:45,545] INFO: Iter 31100 Summary: 
[2024-12-16 13:04:45,545] INFO: 	 lr: 1.000000000000002e-05 	 Training loss: 0.0704197820276022
[2024-12-16 13:04:51,612] INFO: Iter 31200 Summary: 
[2024-12-16 13:04:51,612] INFO: 	 lr: 1.000000000000002e-05 	 Training loss: 0.07017875522375107
[2024-12-16 13:04:59,333] INFO: Iter 31300 Summary: 
[2024-12-16 13:04:59,333] INFO: 	 lr: 1.000000000000002e-05 	 Training loss: 0.06988856002688408
[2024-12-16 13:05:05,771] INFO: Iter 31400 Summary: 
[2024-12-16 13:05:05,771] INFO: 	 lr: 1.000000000000002e-05 	 Training loss: 0.0693252519518137
[2024-12-16 13:05:12,199] INFO: Iter 31500 Summary: 
[2024-12-16 13:05:12,199] INFO: 	 lr: 1.000000000000002e-05 	 Training loss: 0.06981685116887093
[2024-12-16 13:05:18,626] INFO: Iter 31600 Summary: 
[2024-12-16 13:05:18,626] INFO: 	 lr: 1.000000000000002e-05 	 Training loss: 0.06929106898605823
[2024-12-16 13:05:25,035] INFO: Iter 31700 Summary: 
[2024-12-16 13:05:25,035] INFO: 	 lr: 1.000000000000002e-05 	 Training loss: 0.06925560750067233
[2024-12-16 13:05:31,462] INFO: Iter 31800 Summary: 
[2024-12-16 13:05:31,462] INFO: 	 lr: 1.000000000000002e-05 	 Training loss: 0.06992160938680173
[2024-12-16 13:05:37,831] INFO: Iter 31900 Summary: 
[2024-12-16 13:05:37,831] INFO: 	 lr: 1.000000000000002e-05 	 Training loss: 0.06961601622402667
[2024-12-16 13:05:45,317] INFO: Iter 32000 Summary: 
[2024-12-16 13:05:45,317] INFO: 	 lr: 1.000000000000002e-05 	 Training loss: 0.069391237385571
[2024-12-16 13:05:51,745] INFO: Iter 32100 Summary: 
[2024-12-16 13:05:51,745] INFO: 	 lr: 1.000000000000002e-05 	 Training loss: 0.06952803760766983
[2024-12-16 13:05:58,430] INFO: Iter 32200 Summary: 
[2024-12-16 13:05:58,430] INFO: 	 lr: 1.000000000000002e-05 	 Training loss: 0.06895024374127388
[2024-12-16 13:06:04,793] INFO: Iter 32300 Summary: 
[2024-12-16 13:06:04,793] INFO: 	 lr: 1.000000000000002e-05 	 Training loss: 0.06949336498975754
[2024-12-16 13:06:11,505] INFO: Iter 32400 Summary: 
[2024-12-16 13:06:11,505] INFO: 	 lr: 1.000000000000002e-05 	 Training loss: 0.06964445725083351
[2024-12-16 13:06:18,217] INFO: Iter 32500 Summary: 
[2024-12-16 13:06:18,217] INFO: 	 lr: 1.000000000000002e-05 	 Training loss: 0.06930154643952846
[2024-12-16 13:06:25,955] INFO: Iter 32600 Summary: 
[2024-12-16 13:06:25,956] INFO: 	 lr: 1.000000000000002e-05 	 Training loss: 0.06930646806955337
[2024-12-16 13:06:32,389] INFO: Iter 32700 Summary: 
[2024-12-16 13:06:32,390] INFO: 	 lr: 1.000000000000002e-05 	 Training loss: 0.0697666872292757
[2024-12-16 13:06:38,812] INFO: Iter 32800 Summary: 
[2024-12-16 13:06:38,812] INFO: 	 lr: 1.000000000000002e-05 	 Training loss: 0.06928654432296753
[2024-12-16 13:06:45,250] INFO: Iter 32900 Summary: 
[2024-12-16 13:06:45,250] INFO: 	 lr: 1.000000000000002e-05 	 Training loss: 0.06959769599139691
[2024-12-16 13:06:51,698] INFO: Iter 33000 Summary: 
[2024-12-16 13:06:51,698] INFO: 	 lr: 1.000000000000002e-05 	 Training loss: 0.06948336329311132
[2024-12-16 13:06:58,131] INFO: Iter 33100 Summary: 
[2024-12-16 13:06:58,131] INFO: 	 lr: 1.000000000000002e-05 	 Training loss: 0.06907035194337369
[2024-12-16 13:07:04,562] INFO: Iter 33200 Summary: 
[2024-12-16 13:07:04,562] INFO: 	 lr: 1.000000000000002e-05 	 Training loss: 0.06913835942745208
[2024-12-16 13:07:12,281] INFO: Iter 33300 Summary: 
[2024-12-16 13:07:12,282] INFO: 	 lr: 1.000000000000002e-05 	 Training loss: 0.06915761426091194
[2024-12-16 13:07:18,647] INFO: Iter 33400 Summary: 
[2024-12-16 13:07:18,647] INFO: 	 lr: 1.000000000000002e-05 	 Training loss: 0.06916728131473064
[2024-12-16 13:07:25,074] INFO: Iter 33500 Summary: 
[2024-12-16 13:07:25,074] INFO: 	 lr: 1.000000000000002e-05 	 Training loss: 0.06921724826097489
[2024-12-16 13:07:31,500] INFO: Iter 33600 Summary: 
[2024-12-16 13:07:31,500] INFO: 	 lr: 1.000000000000002e-05 	 Training loss: 0.06944617822766304
[2024-12-16 13:07:37,925] INFO: Iter 33700 Summary: 
[2024-12-16 13:07:37,925] INFO: 	 lr: 1.000000000000002e-05 	 Training loss: 0.06950768247246743
[2024-12-16 13:07:44,364] INFO: Iter 33800 Summary: 
[2024-12-16 13:07:44,364] INFO: 	 lr: 1.000000000000002e-05 	 Training loss: 0.06889543645083904
[2024-12-16 13:07:50,796] INFO: Iter 33900 Summary: 
[2024-12-16 13:07:50,796] INFO: 	 lr: 1.000000000000002e-05 	 Training loss: 0.06867616038769483
[2024-12-16 13:07:58,372] INFO: Iter 34000 Summary: 
[2024-12-16 13:07:58,372] INFO: 	 lr: 1.000000000000002e-05 	 Training loss: 0.06897851668298244
[2024-12-16 13:08:04,785] INFO: Iter 34100 Summary: 
[2024-12-16 13:08:04,786] INFO: 	 lr: 1.000000000000002e-05 	 Training loss: 0.06923823777586222
[2024-12-16 13:08:11,225] INFO: Iter 34200 Summary: 
[2024-12-16 13:08:11,225] INFO: 	 lr: 1.000000000000002e-05 	 Training loss: 0.06931509852409362
[2024-12-16 13:08:17,656] INFO: Iter 34300 Summary: 
[2024-12-16 13:08:17,656] INFO: 	 lr: 1.000000000000002e-05 	 Training loss: 0.069108599498868
[2024-12-16 13:08:24,094] INFO: Iter 34400 Summary: 
[2024-12-16 13:08:24,094] INFO: 	 lr: 1.000000000000002e-05 	 Training loss: 0.06893013469874859
[2024-12-16 13:08:30,537] INFO: Iter 34500 Summary: 
[2024-12-16 13:08:30,537] INFO: 	 lr: 1.000000000000002e-05 	 Training loss: 0.06894958265125752
[2024-12-16 13:08:36,987] INFO: Iter 34600 Summary: 
[2024-12-16 13:08:36,987] INFO: 	 lr: 1.000000000000002e-05 	 Training loss: 0.06916708566248417
[2024-12-16 13:08:44,292] INFO: Iter 34700 Summary: 
[2024-12-16 13:08:44,293] INFO: 	 lr: 1.000000000000002e-05 	 Training loss: 0.06883402891457081
[2024-12-16 13:08:49,843] INFO: Iter 34800 Summary: 
[2024-12-16 13:08:49,843] INFO: 	 lr: 1.000000000000002e-05 	 Training loss: 0.06897618807852268
[2024-12-16 13:08:55,376] INFO: Iter 34900 Summary: 
[2024-12-16 13:08:55,376] INFO: 	 lr: 1.000000000000002e-05 	 Training loss: 0.0694300227612257
[2024-12-16 13:09:01,159] INFO: Iter 35000 Summary: 
[2024-12-16 13:09:01,160] INFO: 	 lr: 1.000000000000002e-05 	 Training loss: 0.0691627298295498
[2024-12-16 13:09:08,770] INFO: Iter 35100 Summary: 
[2024-12-16 13:09:08,771] INFO: 	 lr: 1.000000000000002e-05 	 Training loss: 0.06945547223091125
[2024-12-16 13:09:15,228] INFO: Iter 35200 Summary: 
[2024-12-16 13:09:15,228] INFO: 	 lr: 1.000000000000002e-05 	 Training loss: 0.0685948272049427
[2024-12-16 13:09:21,665] INFO: Iter 35300 Summary: 
[2024-12-16 13:09:21,665] INFO: 	 lr: 1.000000000000002e-05 	 Training loss: 0.06884288787841797
[2024-12-16 13:09:29,256] INFO: Iter 35400 Summary: 
[2024-12-16 13:09:29,256] INFO: 	 lr: 1.000000000000002e-05 	 Training loss: 0.06917919106781482
[2024-12-16 13:09:35,720] INFO: Iter 35500 Summary: 
[2024-12-16 13:09:35,720] INFO: 	 lr: 1.000000000000002e-05 	 Training loss: 0.06902084298431874
[2024-12-16 13:09:41,788] INFO: Iter 35600 Summary: 
[2024-12-16 13:09:41,788] INFO: 	 lr: 1.000000000000002e-05 	 Training loss: 0.06908990181982518
[2024-12-16 13:09:47,138] INFO: Iter 35700 Summary: 
[2024-12-16 13:09:47,138] INFO: 	 lr: 1.000000000000002e-05 	 Training loss: 0.06825691003352403
[2024-12-16 13:09:52,863] INFO: Iter 35800 Summary: 
[2024-12-16 13:09:52,863] INFO: 	 lr: 1.000000000000002e-05 	 Training loss: 0.06879050139337778
[2024-12-16 13:09:58,807] INFO: Iter 35900 Summary: 
[2024-12-16 13:09:58,807] INFO: 	 lr: 1.000000000000002e-05 	 Training loss: 0.06918325625360013
[2024-12-16 13:10:05,256] INFO: Iter 36000 Summary: 
[2024-12-16 13:10:05,256] INFO: 	 lr: 1.000000000000002e-05 	 Training loss: 0.06892544537782669
[2024-12-16 13:10:11,485] INFO: Iter 36100 Summary: 
[2024-12-16 13:10:11,485] INFO: 	 lr: 1.000000000000002e-05 	 Training loss: 0.06878616396337747
[2024-12-16 13:10:17,936] INFO: Iter 36200 Summary: 
[2024-12-16 13:10:17,936] INFO: 	 lr: 1.000000000000002e-05 	 Training loss: 0.06896053351461888
[2024-12-16 13:10:24,362] INFO: Iter 36300 Summary: 
[2024-12-16 13:10:24,363] INFO: 	 lr: 1.000000000000002e-05 	 Training loss: 0.06857635200023651
[2024-12-16 13:10:30,732] INFO: Iter 36400 Summary: 
[2024-12-16 13:10:30,733] INFO: 	 lr: 1.000000000000002e-05 	 Training loss: 0.06878833658993244
[2024-12-16 13:10:36,200] INFO: Iter 36500 Summary: 
[2024-12-16 13:10:36,201] INFO: 	 lr: 1.000000000000002e-05 	 Training loss: 0.06882786460220813
[2024-12-16 13:10:41,507] INFO: Iter 36600 Summary: 
[2024-12-16 13:10:41,507] INFO: 	 lr: 1.000000000000002e-05 	 Training loss: 0.06879119828343391
[2024-12-16 13:10:48,729] INFO: Iter 36700 Summary: 
[2024-12-16 13:10:48,730] INFO: 	 lr: 1.000000000000002e-05 	 Training loss: 0.06902889750897884
[2024-12-16 13:10:55,171] INFO: Iter 36800 Summary: 
[2024-12-16 13:10:55,172] INFO: 	 lr: 1.000000000000002e-05 	 Training loss: 0.06860053233802318
[2024-12-16 13:11:01,594] INFO: Iter 36900 Summary: 
[2024-12-16 13:11:01,594] INFO: 	 lr: 1.000000000000002e-05 	 Training loss: 0.06880351528525352
[2024-12-16 13:11:07,496] INFO: Iter 37000 Summary: 
[2024-12-16 13:11:07,497] INFO: 	 lr: 1.000000000000002e-05 	 Training loss: 0.06909514859318733
[2024-12-16 13:11:12,804] INFO: Iter 37100 Summary: 
[2024-12-16 13:11:12,804] INFO: 	 lr: 1.000000000000002e-05 	 Training loss: 0.06903342060744762
[2024-12-16 13:11:18,329] INFO: Iter 37200 Summary: 
[2024-12-16 13:11:18,329] INFO: 	 lr: 1.000000000000002e-05 	 Training loss: 0.0686812936514616
[2024-12-16 13:11:23,661] INFO: Iter 37300 Summary: 
[2024-12-16 13:11:23,661] INFO: 	 lr: 1.000000000000002e-05 	 Training loss: 0.0689127004891634
[2024-12-16 13:11:30,911] INFO: Iter 37400 Summary: 
[2024-12-16 13:11:30,911] INFO: 	 lr: 1.000000000000002e-05 	 Training loss: 0.0684573595225811
[2024-12-16 13:11:37,345] INFO: Iter 37500 Summary: 
[2024-12-16 13:11:37,346] INFO: 	 lr: 1.000000000000002e-05 	 Training loss: 0.06852028362452983
[2024-12-16 13:11:43,776] INFO: Iter 37600 Summary: 
[2024-12-16 13:11:43,776] INFO: 	 lr: 1.000000000000002e-05 	 Training loss: 0.06902791492640972
[2024-12-16 13:11:50,201] INFO: Iter 37700 Summary: 
[2024-12-16 13:11:50,201] INFO: 	 lr: 1.000000000000002e-05 	 Training loss: 0.0690842778980732
[2024-12-16 13:11:56,442] INFO: Iter 37800 Summary: 
[2024-12-16 13:11:56,442] INFO: 	 lr: 1.000000000000002e-05 	 Training loss: 0.06866486914455891
[2024-12-16 13:12:02,897] INFO: Iter 37900 Summary: 
[2024-12-16 13:12:02,897] INFO: 	 lr: 1.000000000000002e-05 	 Training loss: 0.06846561558544635
[2024-12-16 13:12:09,354] INFO: Iter 38000 Summary: 
[2024-12-16 13:12:09,354] INFO: 	 lr: 1.000000000000002e-05 	 Training loss: 0.06877033218741417
[2024-12-16 13:12:16,702] INFO: Iter 38100 Summary: 
[2024-12-16 13:12:16,703] INFO: 	 lr: 1.000000000000002e-05 	 Training loss: 0.06850095592439175
[2024-12-16 13:12:22,252] INFO: Iter 38200 Summary: 
[2024-12-16 13:12:22,252] INFO: 	 lr: 1.000000000000002e-05 	 Training loss: 0.06922894209623337
[2024-12-16 13:12:27,566] INFO: Iter 38300 Summary: 
[2024-12-16 13:12:27,566] INFO: 	 lr: 1.000000000000002e-05 	 Training loss: 0.06845236409455538
[2024-12-16 13:12:32,877] INFO: Iter 38400 Summary: 
[2024-12-16 13:12:32,877] INFO: 	 lr: 1.000000000000002e-05 	 Training loss: 0.06820389188826084
[2024-12-16 13:12:38,371] INFO: Iter 38500 Summary: 
[2024-12-16 13:12:38,371] INFO: 	 lr: 1.000000000000002e-05 	 Training loss: 0.069159125238657
[2024-12-16 13:12:44,546] INFO: Iter 38600 Summary: 
[2024-12-16 13:12:44,547] INFO: 	 lr: 1.000000000000002e-05 	 Training loss: 0.0690082723647356
[2024-12-16 13:12:50,311] INFO: Iter 38700 Summary: 
[2024-12-16 13:12:50,311] INFO: 	 lr: 1.000000000000002e-05 	 Training loss: 0.0686159808933735
[2024-12-16 13:12:58,165] INFO: Iter 38800 Summary: 
[2024-12-16 13:12:58,165] INFO: 	 lr: 1.000000000000002e-05 	 Training loss: 0.06866725236177444
[2024-12-16 13:13:04,327] INFO: Iter 38900 Summary: 
[2024-12-16 13:13:04,327] INFO: 	 lr: 1.000000000000002e-05 	 Training loss: 0.06847403779625892
[2024-12-16 13:13:09,723] INFO: Iter 39000 Summary: 
[2024-12-16 13:13:09,723] INFO: 	 lr: 1.000000000000002e-05 	 Training loss: 0.06861788898706436
[2024-12-16 13:13:16,079] INFO: Iter 39100 Summary: 
[2024-12-16 13:13:16,079] INFO: 	 lr: 1.000000000000002e-05 	 Training loss: 0.0687260914593935
[2024-12-16 13:13:22,521] INFO: Iter 39200 Summary: 
[2024-12-16 13:13:22,521] INFO: 	 lr: 1.000000000000002e-05 	 Training loss: 0.06854800611734391
[2024-12-16 13:13:28,962] INFO: Iter 39300 Summary: 
[2024-12-16 13:13:28,963] INFO: 	 lr: 1.000000000000002e-05 	 Training loss: 0.06909626632928849
[2024-12-16 13:13:36,957] INFO: Iter 39400 Summary: 
[2024-12-16 13:13:36,957] INFO: 	 lr: 1.000000000000002e-05 	 Training loss: 0.06875187203288079
[2024-12-16 13:13:43,403] INFO: Iter 39500 Summary: 
[2024-12-16 13:13:43,403] INFO: 	 lr: 1.000000000000002e-05 	 Training loss: 0.068408278003335
[2024-12-16 13:13:49,836] INFO: Iter 39600 Summary: 
[2024-12-16 13:13:49,836] INFO: 	 lr: 1.000000000000002e-05 	 Training loss: 0.06826788440346718
[2024-12-16 13:13:56,369] INFO: Iter 39700 Summary: 
[2024-12-16 13:13:56,369] INFO: 	 lr: 1.000000000000002e-05 	 Training loss: 0.06858157459646463
[2024-12-16 13:14:02,803] INFO: Iter 39800 Summary: 
[2024-12-16 13:14:02,804] INFO: 	 lr: 1.000000000000002e-05 	 Training loss: 0.06871938444674015
[2024-12-16 13:14:09,240] INFO: Iter 39900 Summary: 
[2024-12-16 13:14:09,240] INFO: 	 lr: 1.000000000000002e-05 	 Training loss: 0.06865438133478165
[2024-12-16 13:14:15,692] INFO: Iter 40000 Summary: 
[2024-12-16 13:14:15,692] INFO: 	 lr: 1.000000000000002e-05 	 Training loss: 0.06842675756663084
