[2025-01-08 04:43:35,739] INFO: {
    "abs_dir": "/home/diwang/siMLPe/exps/baseline_h36m",
    "batch_size": 256,
    "cos_lr_max": 1e-05,
    "cos_lr_min": 5e-08,
    "cos_lr_total_iters": 40000,
    "data_aug": true,
    "deriv_input": true,
    "deriv_output": true,
    "device": "cuda:2",
    "h36m_anno_dir": "/home/diwang/siMLPe/data/h36m/",
    "link_log_file": "/home/diwang/siMLPe/exps/baseline_h36m/log/log_last.log",
    "link_val_log_file": "/home/diwang/siMLPe/exps/baseline_h36m/log/val_last.log",
    "log_dir": "/home/diwang/siMLPe/exps/baseline_h36m/log",
    "log_file": "/home/diwang/siMLPe/exps/baseline_h36m/log/log_2025_01_08_04_43_16.log",
    "model_pth": null,
    "motion": {
        "dim": 66,
        "h36m_input_length": 50,
        "h36m_input_length_dct": 50,
        "h36m_target_length": 25,
        "h36m_target_length_eval": 25,
        "h36m_target_length_train": 25
    },
    "motion_fc_in": {
        "activation": "relu",
        "in_features": 66,
        "init_w_trunc_normal": false,
        "out_features": 66,
        "temporal_fc": false,
        "with_norm": false
    },
    "motion_fc_out": {
        "activation": "relu",
        "in_features": 66,
        "init_w_trunc_normal": true,
        "out_features": 66,
        "temporal_fc": false,
        "with_norm": false
    },
    "motion_mlp": {
        "hidden_dim": 66,
        "norm_axis": "spatial",
        "num_layers": 48,
        "seq_len": 50,
        "spatial_fc_only": false,
        "with_normalization": true
    },
    "num_workers": 8,
    "post_dct": false,
    "pre_dct": false,
    "print_every": 100,
    "repo_name": "siMLPe",
    "root_dir": "/home/diwang/siMLPe",
    "save_every": 2000,
    "seed": 304,
    "shift_step": 1,
    "snapshot_dir": "/home/diwang/siMLPe/exps/baseline_h36m/log/snapshot",
    "this_dir": "baseline_h36m",
    "use_relative_loss": true,
    "val_log_file": "/home/diwang/siMLPe/exps/baseline_h36m/log/val_2025_01_08_04_43_16.log",
    "weight_decay": 0.0001
}
[2025-01-08 04:43:44,573] INFO: Iter 100 Summary: 
[2025-01-08 04:43:44,573] INFO: 	 lr: 0.00030000000000000073 	 Training loss: 0.1368562913686037
[2025-01-08 04:43:51,228] INFO: Iter 200 Summary: 
[2025-01-08 04:43:51,228] INFO: 	 lr: 0.00030000000000000073 	 Training loss: 0.11938362583518028
[2025-01-08 04:43:58,192] INFO: Iter 300 Summary: 
[2025-01-08 04:43:58,192] INFO: 	 lr: 0.00030000000000000073 	 Training loss: 0.11314118832349777
[2025-01-08 04:44:05,187] INFO: Iter 400 Summary: 
[2025-01-08 04:44:05,187] INFO: 	 lr: 0.00030000000000000073 	 Training loss: 0.10366212204098701
[2025-01-08 04:44:12,172] INFO: Iter 500 Summary: 
[2025-01-08 04:44:12,172] INFO: 	 lr: 0.00030000000000000073 	 Training loss: 0.10033812925219536
[2025-01-08 04:44:18,560] INFO: Iter 600 Summary: 
[2025-01-08 04:44:18,560] INFO: 	 lr: 0.00030000000000000073 	 Training loss: 0.09686658792197704
[2025-01-08 04:44:26,519] INFO: Iter 700 Summary: 
[2025-01-08 04:44:26,519] INFO: 	 lr: 0.00030000000000000073 	 Training loss: 0.09580343477427959
[2025-01-08 04:44:33,502] INFO: Iter 800 Summary: 
[2025-01-08 04:44:33,502] INFO: 	 lr: 0.00030000000000000073 	 Training loss: 0.09442016571760177
[2025-01-08 04:44:40,161] INFO: Iter 900 Summary: 
[2025-01-08 04:44:40,162] INFO: 	 lr: 0.00030000000000000073 	 Training loss: 0.09462267845869064
[2025-01-08 04:44:47,240] INFO: Iter 1000 Summary: 
[2025-01-08 04:44:47,241] INFO: 	 lr: 0.00030000000000000073 	 Training loss: 0.09270898282527923
[2025-01-08 04:44:54,241] INFO: Iter 1100 Summary: 
[2025-01-08 04:44:54,241] INFO: 	 lr: 0.00030000000000000073 	 Training loss: 0.09246194884181022
[2025-01-08 04:45:00,973] INFO: Iter 1200 Summary: 
[2025-01-08 04:45:00,973] INFO: 	 lr: 0.00030000000000000073 	 Training loss: 0.09153132393956184
[2025-01-08 04:45:07,827] INFO: Iter 1300 Summary: 
[2025-01-08 04:45:07,827] INFO: 	 lr: 0.00030000000000000073 	 Training loss: 0.09043149389326573
[2025-01-08 04:45:15,925] INFO: Iter 1400 Summary: 
[2025-01-08 04:45:15,925] INFO: 	 lr: 0.00030000000000000073 	 Training loss: 0.09119206488132477
[2025-01-08 04:45:22,812] INFO: Iter 1500 Summary: 
[2025-01-08 04:45:22,812] INFO: 	 lr: 0.00030000000000000073 	 Training loss: 0.08997267089784146
[2025-01-08 04:45:29,633] INFO: Iter 1600 Summary: 
[2025-01-08 04:45:29,633] INFO: 	 lr: 0.00030000000000000073 	 Training loss: 0.09024001270532608
[2025-01-08 04:45:36,248] INFO: Iter 1700 Summary: 
[2025-01-08 04:45:36,248] INFO: 	 lr: 0.00030000000000000073 	 Training loss: 0.0895506788045168
[2025-01-08 04:45:43,156] INFO: Iter 1800 Summary: 
[2025-01-08 04:45:43,156] INFO: 	 lr: 0.00030000000000000073 	 Training loss: 0.08911212496459484
[2025-01-08 04:45:49,902] INFO: Iter 1900 Summary: 
[2025-01-08 04:45:49,902] INFO: 	 lr: 0.00030000000000000073 	 Training loss: 0.08881925560534
[2025-01-08 04:45:56,843] INFO: Iter 2000 Summary: 
[2025-01-08 04:45:56,843] INFO: 	 lr: 0.00030000000000000073 	 Training loss: 0.08836562171578408
[2025-01-08 04:46:06,675] INFO: Iter 2100 Summary: 
[2025-01-08 04:46:06,675] INFO: 	 lr: 0.00030000000000000073 	 Training loss: 0.08863909706473351
[2025-01-08 04:46:13,485] INFO: Iter 2200 Summary: 
[2025-01-08 04:46:13,485] INFO: 	 lr: 0.00030000000000000073 	 Training loss: 0.08791021011769772
[2025-01-08 04:46:19,946] INFO: Iter 2300 Summary: 
[2025-01-08 04:46:19,946] INFO: 	 lr: 0.00030000000000000073 	 Training loss: 0.08803779870271683
[2025-01-08 04:46:26,930] INFO: Iter 2400 Summary: 
[2025-01-08 04:46:26,931] INFO: 	 lr: 0.00030000000000000073 	 Training loss: 0.08738458327949047
[2025-01-08 04:46:34,022] INFO: Iter 2500 Summary: 
[2025-01-08 04:46:34,022] INFO: 	 lr: 0.00030000000000000073 	 Training loss: 0.08714028507471085
[2025-01-08 04:46:40,859] INFO: Iter 2600 Summary: 
[2025-01-08 04:46:40,859] INFO: 	 lr: 0.00030000000000000073 	 Training loss: 0.08692680604755879
[2025-01-08 04:46:47,794] INFO: Iter 2700 Summary: 
[2025-01-08 04:46:47,794] INFO: 	 lr: 0.00030000000000000073 	 Training loss: 0.08708329655230046
[2025-01-08 04:46:55,583] INFO: Iter 2800 Summary: 
[2025-01-08 04:46:55,584] INFO: 	 lr: 0.00030000000000000073 	 Training loss: 0.0871894121915102
[2025-01-08 04:47:01,565] INFO: Iter 2900 Summary: 
[2025-01-08 04:47:01,565] INFO: 	 lr: 0.00030000000000000073 	 Training loss: 0.08649352140724659
[2025-01-08 04:47:08,063] INFO: Iter 3000 Summary: 
[2025-01-08 04:47:08,063] INFO: 	 lr: 0.00030000000000000073 	 Training loss: 0.08625193797051907
[2025-01-08 04:47:14,910] INFO: Iter 3100 Summary: 
[2025-01-08 04:47:14,910] INFO: 	 lr: 0.00030000000000000073 	 Training loss: 0.08673062928020954
[2025-01-08 04:47:21,571] INFO: Iter 3200 Summary: 
[2025-01-08 04:47:21,571] INFO: 	 lr: 0.00030000000000000073 	 Training loss: 0.08656668297946453
[2025-01-08 04:47:27,898] INFO: Iter 3300 Summary: 
[2025-01-08 04:47:27,898] INFO: 	 lr: 0.00030000000000000073 	 Training loss: 0.08636000126600266
[2025-01-08 04:47:36,086] INFO: Iter 3400 Summary: 
[2025-01-08 04:47:36,087] INFO: 	 lr: 0.00030000000000000073 	 Training loss: 0.08619063034653664
[2025-01-08 04:47:43,087] INFO: Iter 3500 Summary: 
[2025-01-08 04:47:43,087] INFO: 	 lr: 0.00030000000000000073 	 Training loss: 0.08594763174653053
[2025-01-08 04:47:50,039] INFO: Iter 3600 Summary: 
[2025-01-08 04:47:50,039] INFO: 	 lr: 0.00030000000000000073 	 Training loss: 0.08602919101715088
[2025-01-08 04:47:56,662] INFO: Iter 3700 Summary: 
[2025-01-08 04:47:56,662] INFO: 	 lr: 0.00030000000000000073 	 Training loss: 0.08548388674855233
[2025-01-08 04:48:03,326] INFO: Iter 3800 Summary: 
[2025-01-08 04:48:03,326] INFO: 	 lr: 0.00030000000000000073 	 Training loss: 0.08531907983124257
[2025-01-08 04:48:09,992] INFO: Iter 3900 Summary: 
[2025-01-08 04:48:09,992] INFO: 	 lr: 0.00030000000000000073 	 Training loss: 0.08553134888410568
[2025-01-08 04:48:16,648] INFO: Iter 4000 Summary: 
[2025-01-08 04:48:16,648] INFO: 	 lr: 0.00030000000000000073 	 Training loss: 0.08553318478167057
[2025-01-08 04:48:25,946] INFO: Iter 4100 Summary: 
[2025-01-08 04:48:25,946] INFO: 	 lr: 0.00030000000000000073 	 Training loss: 0.08483345083892345
[2025-01-08 04:48:32,855] INFO: Iter 4200 Summary: 
[2025-01-08 04:48:32,855] INFO: 	 lr: 0.00030000000000000073 	 Training loss: 0.08493258982896805
[2025-01-08 04:48:39,513] INFO: Iter 4300 Summary: 
[2025-01-08 04:48:39,513] INFO: 	 lr: 0.00030000000000000073 	 Training loss: 0.08527558125555515
[2025-01-08 04:48:45,958] INFO: Iter 4400 Summary: 
[2025-01-08 04:48:45,958] INFO: 	 lr: 0.00030000000000000073 	 Training loss: 0.08450541965663433
[2025-01-08 04:48:52,351] INFO: Iter 4500 Summary: 
[2025-01-08 04:48:52,351] INFO: 	 lr: 0.00030000000000000073 	 Training loss: 0.08511389158666134
[2025-01-08 04:48:59,285] INFO: Iter 4600 Summary: 
[2025-01-08 04:48:59,285] INFO: 	 lr: 0.00030000000000000073 	 Training loss: 0.08505629882216453
[2025-01-08 04:49:05,951] INFO: Iter 4700 Summary: 
[2025-01-08 04:49:05,952] INFO: 	 lr: 0.00030000000000000073 	 Training loss: 0.08519390866160392
[2025-01-08 04:49:13,635] INFO: Iter 4800 Summary: 
[2025-01-08 04:49:13,635] INFO: 	 lr: 0.00030000000000000073 	 Training loss: 0.08445190571248531
[2025-01-08 04:49:20,328] INFO: Iter 4900 Summary: 
[2025-01-08 04:49:20,328] INFO: 	 lr: 0.00030000000000000073 	 Training loss: 0.08422436505556107
[2025-01-08 04:49:27,075] INFO: Iter 5000 Summary: 
[2025-01-08 04:49:27,075] INFO: 	 lr: 0.00030000000000000073 	 Training loss: 0.08420847803354263
[2025-01-08 04:49:33,918] INFO: Iter 5100 Summary: 
[2025-01-08 04:49:33,918] INFO: 	 lr: 0.00030000000000000073 	 Training loss: 0.08448996149003506
[2025-01-08 04:49:40,689] INFO: Iter 5200 Summary: 
[2025-01-08 04:49:40,690] INFO: 	 lr: 0.00030000000000000073 	 Training loss: 0.08485031098127366
[2025-01-08 04:49:47,486] INFO: Iter 5300 Summary: 
[2025-01-08 04:49:47,486] INFO: 	 lr: 0.00030000000000000073 	 Training loss: 0.08480123303830624
[2025-01-08 04:49:54,396] INFO: Iter 5400 Summary: 
[2025-01-08 04:49:54,396] INFO: 	 lr: 0.00030000000000000073 	 Training loss: 0.08360789842903614
[2025-01-08 04:50:02,454] INFO: Iter 5500 Summary: 
[2025-01-08 04:50:02,455] INFO: 	 lr: 0.00030000000000000073 	 Training loss: 0.08386160299181938
[2025-01-08 04:50:09,368] INFO: Iter 5600 Summary: 
[2025-01-08 04:50:09,368] INFO: 	 lr: 0.00030000000000000073 	 Training loss: 0.08313742250204087
[2025-01-08 04:50:16,337] INFO: Iter 5700 Summary: 
[2025-01-08 04:50:16,337] INFO: 	 lr: 0.00030000000000000073 	 Training loss: 0.084255181401968
[2025-01-08 04:50:23,282] INFO: Iter 5800 Summary: 
[2025-01-08 04:50:23,283] INFO: 	 lr: 0.00030000000000000073 	 Training loss: 0.08413494743406773
[2025-01-08 04:50:29,955] INFO: Iter 5900 Summary: 
[2025-01-08 04:50:29,955] INFO: 	 lr: 0.00030000000000000073 	 Training loss: 0.08336441472172737
[2025-01-08 04:50:36,620] INFO: Iter 6000 Summary: 
[2025-01-08 04:50:36,620] INFO: 	 lr: 0.00030000000000000073 	 Training loss: 0.08388713136315346
[2025-01-08 04:50:44,746] INFO: Iter 6100 Summary: 
[2025-01-08 04:50:44,746] INFO: 	 lr: 0.00030000000000000073 	 Training loss: 0.08352010428905488
[2025-01-08 04:50:53,012] INFO: Iter 6200 Summary: 
[2025-01-08 04:50:53,012] INFO: 	 lr: 0.00030000000000000073 	 Training loss: 0.08309496641159057
[2025-01-08 04:50:59,963] INFO: Iter 6300 Summary: 
[2025-01-08 04:50:59,964] INFO: 	 lr: 0.00030000000000000073 	 Training loss: 0.08284370265901089
[2025-01-08 04:51:06,836] INFO: Iter 6400 Summary: 
[2025-01-08 04:51:06,836] INFO: 	 lr: 0.00030000000000000073 	 Training loss: 0.0825592203438282
[2025-01-08 04:51:13,652] INFO: Iter 6500 Summary: 
[2025-01-08 04:51:13,652] INFO: 	 lr: 0.00030000000000000073 	 Training loss: 0.08310816071927547
[2025-01-08 04:51:20,234] INFO: Iter 6600 Summary: 
[2025-01-08 04:51:20,234] INFO: 	 lr: 0.00030000000000000073 	 Training loss: 0.08363130263984203
[2025-01-08 04:51:27,191] INFO: Iter 6700 Summary: 
[2025-01-08 04:51:27,191] INFO: 	 lr: 0.00030000000000000073 	 Training loss: 0.08349893026053906
[2025-01-08 04:51:35,099] INFO: Iter 6800 Summary: 
[2025-01-08 04:51:35,100] INFO: 	 lr: 0.00030000000000000073 	 Training loss: 0.08270042769610882
[2025-01-08 04:51:41,770] INFO: Iter 6900 Summary: 
[2025-01-08 04:51:41,770] INFO: 	 lr: 0.00030000000000000073 	 Training loss: 0.08301008984446526
[2025-01-08 04:51:48,415] INFO: Iter 7000 Summary: 
[2025-01-08 04:51:48,415] INFO: 	 lr: 0.00030000000000000073 	 Training loss: 0.08291280873119831
[2025-01-08 04:51:55,226] INFO: Iter 7100 Summary: 
[2025-01-08 04:51:55,226] INFO: 	 lr: 0.00030000000000000073 	 Training loss: 0.0827592048048973
[2025-01-08 04:52:01,933] INFO: Iter 7200 Summary: 
[2025-01-08 04:52:01,933] INFO: 	 lr: 0.00030000000000000073 	 Training loss: 0.08235318630933762
[2025-01-08 04:52:08,459] INFO: Iter 7300 Summary: 
[2025-01-08 04:52:08,459] INFO: 	 lr: 0.00030000000000000073 	 Training loss: 0.08232292398810387
[2025-01-08 04:52:15,151] INFO: Iter 7400 Summary: 
[2025-01-08 04:52:15,152] INFO: 	 lr: 0.00030000000000000073 	 Training loss: 0.08194853529334069
[2025-01-08 04:52:22,848] INFO: Iter 7500 Summary: 
[2025-01-08 04:52:22,848] INFO: 	 lr: 0.00030000000000000073 	 Training loss: 0.08218169689178467
[2025-01-08 04:52:29,499] INFO: Iter 7600 Summary: 
[2025-01-08 04:52:29,499] INFO: 	 lr: 0.00030000000000000073 	 Training loss: 0.0827223990112543
[2025-01-08 04:52:36,121] INFO: Iter 7700 Summary: 
[2025-01-08 04:52:36,121] INFO: 	 lr: 0.00030000000000000073 	 Training loss: 0.0815859755128622
[2025-01-08 04:52:42,763] INFO: Iter 7800 Summary: 
[2025-01-08 04:52:42,763] INFO: 	 lr: 0.00030000000000000073 	 Training loss: 0.08173799328505993
[2025-01-08 04:52:49,399] INFO: Iter 7900 Summary: 
[2025-01-08 04:52:49,399] INFO: 	 lr: 0.00030000000000000073 	 Training loss: 0.08186356529593468
[2025-01-08 04:52:56,046] INFO: Iter 8000 Summary: 
[2025-01-08 04:52:56,046] INFO: 	 lr: 0.00030000000000000073 	 Training loss: 0.08200067423284053
[2025-01-08 04:53:04,084] INFO: Iter 8100 Summary: 
[2025-01-08 04:53:04,084] INFO: 	 lr: 0.00030000000000000073 	 Training loss: 0.08149120450019837
[2025-01-08 04:53:11,972] INFO: Iter 8200 Summary: 
[2025-01-08 04:53:11,973] INFO: 	 lr: 0.00030000000000000073 	 Training loss: 0.08157225124537945
[2025-01-08 04:53:18,599] INFO: Iter 8300 Summary: 
[2025-01-08 04:53:18,599] INFO: 	 lr: 0.00030000000000000073 	 Training loss: 0.08164747320115566
[2025-01-08 04:53:25,279] INFO: Iter 8400 Summary: 
[2025-01-08 04:53:25,279] INFO: 	 lr: 0.00030000000000000073 	 Training loss: 0.08156978882849217
[2025-01-08 04:53:32,201] INFO: Iter 8500 Summary: 
[2025-01-08 04:53:32,201] INFO: 	 lr: 0.00030000000000000073 	 Training loss: 0.08159192070364953
[2025-01-08 04:53:38,918] INFO: Iter 8600 Summary: 
[2025-01-08 04:53:38,918] INFO: 	 lr: 0.00030000000000000073 	 Training loss: 0.08173912815749645
[2025-01-08 04:53:45,532] INFO: Iter 8700 Summary: 
[2025-01-08 04:53:45,533] INFO: 	 lr: 0.00030000000000000073 	 Training loss: 0.08120696373283863
[2025-01-08 04:53:52,198] INFO: Iter 8800 Summary: 
[2025-01-08 04:53:52,198] INFO: 	 lr: 0.00030000000000000073 	 Training loss: 0.08118577182292938
[2025-01-08 04:54:00,214] INFO: Iter 8900 Summary: 
[2025-01-08 04:54:00,214] INFO: 	 lr: 0.00030000000000000073 	 Training loss: 0.08137366980314255
[2025-01-08 04:54:06,889] INFO: Iter 9000 Summary: 
[2025-01-08 04:54:06,889] INFO: 	 lr: 0.00030000000000000073 	 Training loss: 0.080874951928854
[2025-01-08 04:54:13,556] INFO: Iter 9100 Summary: 
[2025-01-08 04:54:13,556] INFO: 	 lr: 0.00030000000000000073 	 Training loss: 0.0808198357373476
[2025-01-08 04:54:20,226] INFO: Iter 9200 Summary: 
[2025-01-08 04:54:20,226] INFO: 	 lr: 0.00030000000000000073 	 Training loss: 0.08142348758876324
[2025-01-08 04:54:26,872] INFO: Iter 9300 Summary: 
[2025-01-08 04:54:26,872] INFO: 	 lr: 0.00030000000000000073 	 Training loss: 0.08118833191692829
[2025-01-08 04:54:33,518] INFO: Iter 9400 Summary: 
[2025-01-08 04:54:33,518] INFO: 	 lr: 0.00030000000000000073 	 Training loss: 0.08087445594370365
[2025-01-08 04:54:40,197] INFO: Iter 9500 Summary: 
[2025-01-08 04:54:40,198] INFO: 	 lr: 0.00030000000000000073 	 Training loss: 0.08038631983101369
[2025-01-08 04:54:48,342] INFO: Iter 9600 Summary: 
[2025-01-08 04:54:48,343] INFO: 	 lr: 0.00030000000000000073 	 Training loss: 0.08077192462980748
[2025-01-08 04:54:54,987] INFO: Iter 9700 Summary: 
[2025-01-08 04:54:54,987] INFO: 	 lr: 0.00030000000000000073 	 Training loss: 0.08077432572841645
[2025-01-08 04:55:01,626] INFO: Iter 9800 Summary: 
[2025-01-08 04:55:01,626] INFO: 	 lr: 0.00030000000000000073 	 Training loss: 0.08081997126340866
[2025-01-08 04:55:08,283] INFO: Iter 9900 Summary: 
[2025-01-08 04:55:08,283] INFO: 	 lr: 0.00030000000000000073 	 Training loss: 0.08042986348271369
[2025-01-08 04:55:14,941] INFO: Iter 10000 Summary: 
[2025-01-08 04:55:14,941] INFO: 	 lr: 0.00030000000000000073 	 Training loss: 0.08040537655353547
[2025-01-08 04:55:23,084] INFO: Iter 10100 Summary: 
[2025-01-08 04:55:23,084] INFO: 	 lr: 0.00030000000000000073 	 Training loss: 0.08036353886127472
[2025-01-08 04:55:30,968] INFO: Iter 10200 Summary: 
[2025-01-08 04:55:30,969] INFO: 	 lr: 0.00030000000000000073 	 Training loss: 0.07985398188233375
[2025-01-08 04:55:37,414] INFO: Iter 10300 Summary: 
[2025-01-08 04:55:37,415] INFO: 	 lr: 0.00030000000000000073 	 Training loss: 0.08044307567179203
[2025-01-08 04:55:44,175] INFO: Iter 10400 Summary: 
[2025-01-08 04:55:44,175] INFO: 	 lr: 0.00030000000000000073 	 Training loss: 0.08015461511909962
[2025-01-08 04:55:50,822] INFO: Iter 10500 Summary: 
[2025-01-08 04:55:50,822] INFO: 	 lr: 0.00030000000000000073 	 Training loss: 0.07981928415596486
[2025-01-08 04:55:57,461] INFO: Iter 10600 Summary: 
[2025-01-08 04:55:57,461] INFO: 	 lr: 0.00030000000000000073 	 Training loss: 0.07989603877067566
[2025-01-08 04:56:04,098] INFO: Iter 10700 Summary: 
[2025-01-08 04:56:04,098] INFO: 	 lr: 0.00030000000000000073 	 Training loss: 0.07970586098730564
[2025-01-08 04:56:10,746] INFO: Iter 10800 Summary: 
[2025-01-08 04:56:10,746] INFO: 	 lr: 0.00030000000000000073 	 Training loss: 0.08062620900571346
[2025-01-08 04:56:19,853] INFO: Iter 10900 Summary: 
[2025-01-08 04:56:19,854] INFO: 	 lr: 0.00030000000000000073 	 Training loss: 0.0799063142389059
[2025-01-08 04:56:26,512] INFO: Iter 11000 Summary: 
[2025-01-08 04:56:26,512] INFO: 	 lr: 0.00030000000000000073 	 Training loss: 0.07945151157677173
[2025-01-08 04:56:33,159] INFO: Iter 11100 Summary: 
[2025-01-08 04:56:33,159] INFO: 	 lr: 0.00030000000000000073 	 Training loss: 0.0799318741261959
[2025-01-08 04:56:39,801] INFO: Iter 11200 Summary: 
[2025-01-08 04:56:39,802] INFO: 	 lr: 0.00030000000000000073 	 Training loss: 0.07980488307774067
[2025-01-08 04:56:46,451] INFO: Iter 11300 Summary: 
[2025-01-08 04:56:46,451] INFO: 	 lr: 0.00030000000000000073 	 Training loss: 0.08012352615594864
[2025-01-08 04:56:53,104] INFO: Iter 11400 Summary: 
[2025-01-08 04:56:53,104] INFO: 	 lr: 0.00030000000000000073 	 Training loss: 0.07953180029988288
[2025-01-08 04:56:59,720] INFO: Iter 11500 Summary: 
[2025-01-08 04:56:59,720] INFO: 	 lr: 0.00030000000000000073 	 Training loss: 0.07999339923262597
[2025-01-08 04:57:07,581] INFO: Iter 11600 Summary: 
[2025-01-08 04:57:07,581] INFO: 	 lr: 0.00030000000000000073 	 Training loss: 0.07951055787503719
[2025-01-08 04:57:14,239] INFO: Iter 11700 Summary: 
[2025-01-08 04:57:14,239] INFO: 	 lr: 0.00030000000000000073 	 Training loss: 0.0795272146910429
[2025-01-08 04:57:20,724] INFO: Iter 11800 Summary: 
[2025-01-08 04:57:20,724] INFO: 	 lr: 0.00030000000000000073 	 Training loss: 0.07965555131435394
[2025-01-08 04:57:27,314] INFO: Iter 11900 Summary: 
[2025-01-08 04:57:27,315] INFO: 	 lr: 0.00030000000000000073 	 Training loss: 0.0794147115945816
[2025-01-08 04:57:33,973] INFO: Iter 12000 Summary: 
[2025-01-08 04:57:33,974] INFO: 	 lr: 0.00030000000000000073 	 Training loss: 0.07956739209592342
[2025-01-08 04:57:41,983] INFO: Iter 12100 Summary: 
[2025-01-08 04:57:41,983] INFO: 	 lr: 0.00030000000000000073 	 Training loss: 0.07918669551610946
[2025-01-08 04:57:48,656] INFO: Iter 12200 Summary: 
[2025-01-08 04:57:48,656] INFO: 	 lr: 0.00030000000000000073 	 Training loss: 0.07925814792513847
[2025-01-08 04:57:56,761] INFO: Iter 12300 Summary: 
[2025-01-08 04:57:56,761] INFO: 	 lr: 0.00030000000000000073 	 Training loss: 0.07944616392254829
[2025-01-08 04:58:03,421] INFO: Iter 12400 Summary: 
[2025-01-08 04:58:03,422] INFO: 	 lr: 0.00030000000000000073 	 Training loss: 0.07887260936200619
[2025-01-08 04:58:09,921] INFO: Iter 12500 Summary: 
[2025-01-08 04:58:09,921] INFO: 	 lr: 0.00030000000000000073 	 Training loss: 0.07918345920741558
[2025-01-08 04:58:16,500] INFO: Iter 12600 Summary: 
[2025-01-08 04:58:16,501] INFO: 	 lr: 0.00030000000000000073 	 Training loss: 0.07898895315825939
[2025-01-08 04:58:23,148] INFO: Iter 12700 Summary: 
[2025-01-08 04:58:23,149] INFO: 	 lr: 0.00030000000000000073 	 Training loss: 0.07871877141296864
[2025-01-08 04:58:29,762] INFO: Iter 12800 Summary: 
[2025-01-08 04:58:29,762] INFO: 	 lr: 0.00030000000000000073 	 Training loss: 0.07890989854931832
[2025-01-08 04:58:36,422] INFO: Iter 12900 Summary: 
[2025-01-08 04:58:36,422] INFO: 	 lr: 0.00030000000000000073 	 Training loss: 0.07914956942200661
[2025-01-08 04:58:44,349] INFO: Iter 13000 Summary: 
[2025-01-08 04:58:44,349] INFO: 	 lr: 0.00030000000000000073 	 Training loss: 0.07873507611453533
[2025-01-08 04:58:50,985] INFO: Iter 13100 Summary: 
[2025-01-08 04:58:50,986] INFO: 	 lr: 0.00030000000000000073 	 Training loss: 0.0787834081798792
[2025-01-08 04:58:57,750] INFO: Iter 13200 Summary: 
[2025-01-08 04:58:57,751] INFO: 	 lr: 0.00030000000000000073 	 Training loss: 0.07881844513118268
[2025-01-08 04:59:04,447] INFO: Iter 13300 Summary: 
[2025-01-08 04:59:04,447] INFO: 	 lr: 0.00030000000000000073 	 Training loss: 0.07883487716317177
[2025-01-08 04:59:11,200] INFO: Iter 13400 Summary: 
[2025-01-08 04:59:11,200] INFO: 	 lr: 0.00030000000000000073 	 Training loss: 0.07824345670640469
[2025-01-08 04:59:17,938] INFO: Iter 13500 Summary: 
[2025-01-08 04:59:17,938] INFO: 	 lr: 0.00030000000000000073 	 Training loss: 0.0787400633841753
[2025-01-08 04:59:25,927] INFO: Iter 13600 Summary: 
[2025-01-08 04:59:25,927] INFO: 	 lr: 0.00030000000000000073 	 Training loss: 0.07876906089484692
[2025-01-08 04:59:32,636] INFO: Iter 13700 Summary: 
[2025-01-08 04:59:32,636] INFO: 	 lr: 0.00030000000000000073 	 Training loss: 0.07874646425247192
[2025-01-08 04:59:39,306] INFO: Iter 13800 Summary: 
[2025-01-08 04:59:39,307] INFO: 	 lr: 0.00030000000000000073 	 Training loss: 0.07844811730086804
[2025-01-08 04:59:45,881] INFO: Iter 13900 Summary: 
[2025-01-08 04:59:45,881] INFO: 	 lr: 0.00030000000000000073 	 Training loss: 0.07856988117098808
[2025-01-08 04:59:52,543] INFO: Iter 14000 Summary: 
[2025-01-08 04:59:52,543] INFO: 	 lr: 0.00030000000000000073 	 Training loss: 0.07852179981768131
[2025-01-08 05:00:00,736] INFO: Iter 14100 Summary: 
[2025-01-08 05:00:00,737] INFO: 	 lr: 0.00030000000000000073 	 Training loss: 0.07888376608490943
[2025-01-08 05:00:07,317] INFO: Iter 14200 Summary: 
[2025-01-08 05:00:07,317] INFO: 	 lr: 0.00030000000000000073 	 Training loss: 0.07803211517632008
[2025-01-08 05:00:14,999] INFO: Iter 14300 Summary: 
[2025-01-08 05:00:14,999] INFO: 	 lr: 0.00030000000000000073 	 Training loss: 0.07861228317022323
[2025-01-08 05:00:21,672] INFO: Iter 14400 Summary: 
[2025-01-08 05:00:21,672] INFO: 	 lr: 0.00030000000000000073 	 Training loss: 0.07849751353263855
[2025-01-08 05:00:28,439] INFO: Iter 14500 Summary: 
[2025-01-08 05:00:28,439] INFO: 	 lr: 0.00030000000000000073 	 Training loss: 0.07829052448272705
[2025-01-08 05:00:35,156] INFO: Iter 14600 Summary: 
[2025-01-08 05:00:35,156] INFO: 	 lr: 0.00030000000000000073 	 Training loss: 0.07816011779010296
[2025-01-08 05:00:41,939] INFO: Iter 14700 Summary: 
[2025-01-08 05:00:41,939] INFO: 	 lr: 0.00030000000000000073 	 Training loss: 0.07824248142540455
[2025-01-08 05:00:48,587] INFO: Iter 14800 Summary: 
[2025-01-08 05:00:48,588] INFO: 	 lr: 0.00030000000000000073 	 Training loss: 0.07842533685266971
[2025-01-08 05:00:55,247] INFO: Iter 14900 Summary: 
[2025-01-08 05:00:55,247] INFO: 	 lr: 0.00030000000000000073 	 Training loss: 0.07819454669952393
[2025-01-08 05:01:03,022] INFO: Iter 15000 Summary: 
[2025-01-08 05:01:03,022] INFO: 	 lr: 0.00030000000000000073 	 Training loss: 0.07752070300281048
[2025-01-08 05:01:09,540] INFO: Iter 15100 Summary: 
[2025-01-08 05:01:09,540] INFO: 	 lr: 0.00030000000000000073 	 Training loss: 0.078024687692523
[2025-01-08 05:01:16,183] INFO: Iter 15200 Summary: 
[2025-01-08 05:01:16,183] INFO: 	 lr: 0.00030000000000000073 	 Training loss: 0.07781502552330494
[2025-01-08 05:01:22,802] INFO: Iter 15300 Summary: 
[2025-01-08 05:01:22,802] INFO: 	 lr: 0.00030000000000000073 	 Training loss: 0.0776153190433979
[2025-01-08 05:01:29,432] INFO: Iter 15400 Summary: 
[2025-01-08 05:01:29,432] INFO: 	 lr: 0.00030000000000000073 	 Training loss: 0.07816610828042031
[2025-01-08 05:01:36,061] INFO: Iter 15500 Summary: 
[2025-01-08 05:01:36,062] INFO: 	 lr: 0.00030000000000000073 	 Training loss: 0.07846226833760739
[2025-01-08 05:01:42,689] INFO: Iter 15600 Summary: 
[2025-01-08 05:01:42,689] INFO: 	 lr: 0.00030000000000000073 	 Training loss: 0.0778972963243723
[2025-01-08 05:01:50,648] INFO: Iter 15700 Summary: 
[2025-01-08 05:01:50,648] INFO: 	 lr: 0.00030000000000000073 	 Training loss: 0.0778919143229723
[2025-01-08 05:01:57,381] INFO: Iter 15800 Summary: 
[2025-01-08 05:01:57,381] INFO: 	 lr: 0.00030000000000000073 	 Training loss: 0.07725933723151684
[2025-01-08 05:02:04,178] INFO: Iter 15900 Summary: 
[2025-01-08 05:02:04,178] INFO: 	 lr: 0.00030000000000000073 	 Training loss: 0.07758425995707512
[2025-01-08 05:02:10,945] INFO: Iter 16000 Summary: 
[2025-01-08 05:02:10,945] INFO: 	 lr: 0.00030000000000000073 	 Training loss: 0.07761318109929562
[2025-01-08 05:02:19,291] INFO: Iter 16100 Summary: 
[2025-01-08 05:02:19,291] INFO: 	 lr: 0.00030000000000000073 	 Training loss: 0.07757414430379868
[2025-01-08 05:02:25,976] INFO: Iter 16200 Summary: 
[2025-01-08 05:02:25,976] INFO: 	 lr: 0.00030000000000000073 	 Training loss: 0.07721341259777546
[2025-01-08 05:02:33,876] INFO: Iter 16300 Summary: 
[2025-01-08 05:02:33,877] INFO: 	 lr: 0.00030000000000000073 	 Training loss: 0.07807325847446918
[2025-01-08 05:02:40,659] INFO: Iter 16400 Summary: 
[2025-01-08 05:02:40,659] INFO: 	 lr: 0.00030000000000000073 	 Training loss: 0.0771927759796381
[2025-01-08 05:02:47,356] INFO: Iter 16500 Summary: 
[2025-01-08 05:02:47,356] INFO: 	 lr: 0.00030000000000000073 	 Training loss: 0.07780527859926224
[2025-01-08 05:02:53,681] INFO: Iter 16600 Summary: 
[2025-01-08 05:02:53,681] INFO: 	 lr: 0.00030000000000000073 	 Training loss: 0.0775226879119873
[2025-01-08 05:03:00,321] INFO: Iter 16700 Summary: 
[2025-01-08 05:03:00,321] INFO: 	 lr: 0.00030000000000000073 	 Training loss: 0.07722261331975461
[2025-01-08 05:03:06,955] INFO: Iter 16800 Summary: 
[2025-01-08 05:03:06,955] INFO: 	 lr: 0.00030000000000000073 	 Training loss: 0.07746086649596691
[2025-01-08 05:03:13,614] INFO: Iter 16900 Summary: 
[2025-01-08 05:03:13,614] INFO: 	 lr: 0.00030000000000000073 	 Training loss: 0.07746331550180913
[2025-01-08 05:03:21,525] INFO: Iter 17000 Summary: 
[2025-01-08 05:03:21,526] INFO: 	 lr: 0.00030000000000000073 	 Training loss: 0.07717266760766506
[2025-01-08 05:03:28,202] INFO: Iter 17100 Summary: 
[2025-01-08 05:03:28,202] INFO: 	 lr: 0.00030000000000000073 	 Training loss: 0.07751158334314823
[2025-01-08 05:03:34,967] INFO: Iter 17200 Summary: 
[2025-01-08 05:03:34,967] INFO: 	 lr: 0.00030000000000000073 	 Training loss: 0.07755551189184189
[2025-01-08 05:03:41,634] INFO: Iter 17300 Summary: 
[2025-01-08 05:03:41,634] INFO: 	 lr: 0.00030000000000000073 	 Training loss: 0.07754542350769043
[2025-01-08 05:03:48,318] INFO: Iter 17400 Summary: 
[2025-01-08 05:03:48,318] INFO: 	 lr: 0.00030000000000000073 	 Training loss: 0.07752163738012313
[2025-01-08 05:03:54,990] INFO: Iter 17500 Summary: 
[2025-01-08 05:03:54,990] INFO: 	 lr: 0.00030000000000000073 	 Training loss: 0.07700947634875774
[2025-01-08 05:04:01,661] INFO: Iter 17600 Summary: 
[2025-01-08 05:04:01,661] INFO: 	 lr: 0.00030000000000000073 	 Training loss: 0.07696355253458023
[2025-01-08 05:04:09,651] INFO: Iter 17700 Summary: 
[2025-01-08 05:04:09,652] INFO: 	 lr: 0.00030000000000000073 	 Training loss: 0.07714790277183056
[2025-01-08 05:04:16,370] INFO: Iter 17800 Summary: 
[2025-01-08 05:04:16,371] INFO: 	 lr: 0.00030000000000000073 	 Training loss: 0.07732573971152305
[2025-01-08 05:04:24,559] INFO: Iter 17900 Summary: 
[2025-01-08 05:04:24,560] INFO: 	 lr: 0.00030000000000000073 	 Training loss: 0.07708512358367443
[2025-01-08 05:04:34,405] INFO: Iter 18000 Summary: 
[2025-01-08 05:04:34,405] INFO: 	 lr: 0.00030000000000000073 	 Training loss: 0.07718707837164401
[2025-01-08 05:04:46,172] INFO: Iter 18100 Summary: 
[2025-01-08 05:04:46,173] INFO: 	 lr: 0.00030000000000000073 	 Training loss: 0.07634789526462554
[2025-01-08 05:04:55,307] INFO: Iter 18200 Summary: 
[2025-01-08 05:04:55,307] INFO: 	 lr: 0.00030000000000000073 	 Training loss: 0.07729284480214119
[2025-01-08 05:05:04,805] INFO: Iter 18300 Summary: 
[2025-01-08 05:05:04,805] INFO: 	 lr: 0.00030000000000000073 	 Training loss: 0.07694564744830132
[2025-01-08 05:05:15,477] INFO: Iter 18400 Summary: 
[2025-01-08 05:05:15,477] INFO: 	 lr: 0.00030000000000000073 	 Training loss: 0.07688559174537658
[2025-01-08 05:05:24,359] INFO: Iter 18500 Summary: 
[2025-01-08 05:05:24,360] INFO: 	 lr: 0.00030000000000000073 	 Training loss: 0.07662291303277016
[2025-01-08 05:05:33,785] INFO: Iter 18600 Summary: 
[2025-01-08 05:05:33,786] INFO: 	 lr: 0.00030000000000000073 	 Training loss: 0.07701814338564873
[2025-01-08 05:05:42,743] INFO: Iter 18700 Summary: 
[2025-01-08 05:05:42,743] INFO: 	 lr: 0.00030000000000000073 	 Training loss: 0.07688108839094639
[2025-01-08 05:05:51,442] INFO: Iter 18800 Summary: 
[2025-01-08 05:05:51,442] INFO: 	 lr: 0.00030000000000000073 	 Training loss: 0.0767874202132225
[2025-01-08 05:06:00,444] INFO: Iter 18900 Summary: 
[2025-01-08 05:06:00,444] INFO: 	 lr: 0.00030000000000000073 	 Training loss: 0.07670170336961746
[2025-01-08 05:06:10,186] INFO: Iter 19000 Summary: 
[2025-01-08 05:06:10,186] INFO: 	 lr: 0.00030000000000000073 	 Training loss: 0.07653335198760032
[2025-01-08 05:06:21,140] INFO: Iter 19100 Summary: 
[2025-01-08 05:06:21,140] INFO: 	 lr: 0.00030000000000000073 	 Training loss: 0.07685094527900219
[2025-01-08 05:06:30,175] INFO: Iter 19200 Summary: 
[2025-01-08 05:06:30,175] INFO: 	 lr: 0.00030000000000000073 	 Training loss: 0.07680394522845745
[2025-01-08 05:06:40,706] INFO: Iter 19300 Summary: 
[2025-01-08 05:06:40,707] INFO: 	 lr: 0.00030000000000000073 	 Training loss: 0.07686101153492927
[2025-01-08 05:06:49,505] INFO: Iter 19400 Summary: 
[2025-01-08 05:06:49,505] INFO: 	 lr: 0.00030000000000000073 	 Training loss: 0.07659499652683735
[2025-01-08 05:06:59,286] INFO: Iter 19500 Summary: 
[2025-01-08 05:06:59,286] INFO: 	 lr: 0.00030000000000000073 	 Training loss: 0.07622194930911064
[2025-01-08 05:07:09,301] INFO: Iter 19600 Summary: 
[2025-01-08 05:07:09,301] INFO: 	 lr: 0.00030000000000000073 	 Training loss: 0.07634947538375854
[2025-01-08 05:07:20,780] INFO: Iter 19700 Summary: 
[2025-01-08 05:07:20,780] INFO: 	 lr: 0.00030000000000000073 	 Training loss: 0.07659131214022637
[2025-01-08 05:07:29,817] INFO: Iter 19800 Summary: 
[2025-01-08 05:07:29,818] INFO: 	 lr: 0.00030000000000000073 	 Training loss: 0.07639089643955231
[2025-01-08 05:07:39,283] INFO: Iter 19900 Summary: 
[2025-01-08 05:07:39,283] INFO: 	 lr: 0.00030000000000000073 	 Training loss: 0.07653882965445519
[2025-01-08 05:07:48,307] INFO: Iter 20000 Summary: 
[2025-01-08 05:07:48,307] INFO: 	 lr: 0.00030000000000000073 	 Training loss: 0.0757952357083559
[2025-01-08 05:07:59,347] INFO: Iter 20100 Summary: 
[2025-01-08 05:07:59,347] INFO: 	 lr: 0.00030000000000000073 	 Training loss: 0.07696835897862911
[2025-01-08 05:08:08,567] INFO: Iter 20200 Summary: 
[2025-01-08 05:08:08,567] INFO: 	 lr: 0.00030000000000000073 	 Training loss: 0.07633839592337609
[2025-01-08 05:08:17,017] INFO: Iter 20300 Summary: 
[2025-01-08 05:08:17,018] INFO: 	 lr: 0.00030000000000000073 	 Training loss: 0.07627775929868222
[2025-01-08 05:08:28,239] INFO: Iter 20400 Summary: 
[2025-01-08 05:08:28,240] INFO: 	 lr: 0.00030000000000000073 	 Training loss: 0.07653843253850937
[2025-01-08 05:08:38,345] INFO: Iter 20500 Summary: 
[2025-01-08 05:08:38,345] INFO: 	 lr: 0.00030000000000000073 	 Training loss: 0.07604441456496716
[2025-01-08 05:08:47,503] INFO: Iter 20600 Summary: 
[2025-01-08 05:08:47,504] INFO: 	 lr: 0.00030000000000000073 	 Training loss: 0.07620497301220894
[2025-01-08 05:08:56,839] INFO: Iter 20700 Summary: 
[2025-01-08 05:08:56,839] INFO: 	 lr: 0.00030000000000000073 	 Training loss: 0.0765344774723053
[2025-01-08 05:09:06,769] INFO: Iter 20800 Summary: 
[2025-01-08 05:09:06,769] INFO: 	 lr: 0.00030000000000000073 	 Training loss: 0.07645459175109863
[2025-01-08 05:09:15,963] INFO: Iter 20900 Summary: 
[2025-01-08 05:09:15,963] INFO: 	 lr: 0.00030000000000000073 	 Training loss: 0.07627374671399594
[2025-01-08 05:09:24,874] INFO: Iter 21000 Summary: 
[2025-01-08 05:09:24,876] INFO: 	 lr: 0.00030000000000000073 	 Training loss: 0.075939756706357
[2025-01-08 05:09:35,638] INFO: Iter 21100 Summary: 
[2025-01-08 05:09:35,638] INFO: 	 lr: 0.00030000000000000073 	 Training loss: 0.07593806497752667
[2025-01-08 05:09:45,556] INFO: Iter 21200 Summary: 
[2025-01-08 05:09:45,557] INFO: 	 lr: 0.00030000000000000073 	 Training loss: 0.0760786198079586
[2025-01-08 05:09:55,438] INFO: Iter 21300 Summary: 
[2025-01-08 05:09:55,439] INFO: 	 lr: 0.00030000000000000073 	 Training loss: 0.07608099773526192
[2025-01-08 05:10:04,802] INFO: Iter 21400 Summary: 
[2025-01-08 05:10:04,802] INFO: 	 lr: 0.00030000000000000073 	 Training loss: 0.07640837125480175
[2025-01-08 05:10:14,367] INFO: Iter 21500 Summary: 
[2025-01-08 05:10:14,367] INFO: 	 lr: 0.00030000000000000073 	 Training loss: 0.076567986831069
[2025-01-08 05:10:24,086] INFO: Iter 21600 Summary: 
[2025-01-08 05:10:24,087] INFO: 	 lr: 0.00030000000000000073 	 Training loss: 0.07557258263230324
[2025-01-08 05:10:33,918] INFO: Iter 21700 Summary: 
[2025-01-08 05:10:33,919] INFO: 	 lr: 0.00030000000000000073 	 Training loss: 0.07616527304053307
[2025-01-08 05:10:45,306] INFO: Iter 21800 Summary: 
[2025-01-08 05:10:45,306] INFO: 	 lr: 0.00030000000000000073 	 Training loss: 0.07586412683129311
[2025-01-08 05:10:54,821] INFO: Iter 21900 Summary: 
[2025-01-08 05:10:54,821] INFO: 	 lr: 0.00030000000000000073 	 Training loss: 0.07609336033463478
[2025-01-08 05:11:04,056] INFO: Iter 22000 Summary: 
[2025-01-08 05:11:04,057] INFO: 	 lr: 0.00030000000000000073 	 Training loss: 0.07606119602918625
[2025-01-08 05:11:15,916] INFO: Iter 22100 Summary: 
[2025-01-08 05:11:15,916] INFO: 	 lr: 0.00030000000000000073 	 Training loss: 0.07615343928337097
[2025-01-08 05:11:24,655] INFO: Iter 22200 Summary: 
[2025-01-08 05:11:24,656] INFO: 	 lr: 0.00030000000000000073 	 Training loss: 0.07573974832892418
[2025-01-08 05:11:34,012] INFO: Iter 22300 Summary: 
[2025-01-08 05:11:34,013] INFO: 	 lr: 0.00030000000000000073 	 Training loss: 0.07653250269591809
[2025-01-08 05:11:43,719] INFO: Iter 22400 Summary: 
[2025-01-08 05:11:43,720] INFO: 	 lr: 0.00030000000000000073 	 Training loss: 0.0758049550652504
[2025-01-08 05:11:56,586] INFO: Iter 22500 Summary: 
[2025-01-08 05:11:56,586] INFO: 	 lr: 0.00030000000000000073 	 Training loss: 0.0754184988886118
[2025-01-08 05:12:05,950] INFO: Iter 22600 Summary: 
[2025-01-08 05:12:05,951] INFO: 	 lr: 0.00030000000000000073 	 Training loss: 0.07555065535008908
[2025-01-08 05:12:15,252] INFO: Iter 22700 Summary: 
[2025-01-08 05:12:15,252] INFO: 	 lr: 0.00030000000000000073 	 Training loss: 0.07604803964495659
[2025-01-08 05:12:25,013] INFO: Iter 22800 Summary: 
[2025-01-08 05:12:25,013] INFO: 	 lr: 0.00030000000000000073 	 Training loss: 0.07539804577827454
[2025-01-08 05:12:34,120] INFO: Iter 22900 Summary: 
[2025-01-08 05:12:34,120] INFO: 	 lr: 0.00030000000000000073 	 Training loss: 0.0760752522200346
[2025-01-08 05:12:44,277] INFO: Iter 23000 Summary: 
[2025-01-08 05:12:44,277] INFO: 	 lr: 0.00030000000000000073 	 Training loss: 0.07585074558854103
[2025-01-08 05:12:55,711] INFO: Iter 23100 Summary: 
[2025-01-08 05:12:55,712] INFO: 	 lr: 0.00030000000000000073 	 Training loss: 0.076140221580863
[2025-01-08 05:13:06,169] INFO: Iter 23200 Summary: 
[2025-01-08 05:13:06,169] INFO: 	 lr: 0.00030000000000000073 	 Training loss: 0.07527915298938752
[2025-01-08 05:13:16,276] INFO: Iter 23300 Summary: 
[2025-01-08 05:13:16,276] INFO: 	 lr: 0.00030000000000000073 	 Training loss: 0.0749873534590006
[2025-01-08 05:13:26,117] INFO: Iter 23400 Summary: 
[2025-01-08 05:13:26,117] INFO: 	 lr: 0.00030000000000000073 	 Training loss: 0.07580035023391246
[2025-01-08 05:13:36,149] INFO: Iter 23500 Summary: 
[2025-01-08 05:13:36,149] INFO: 	 lr: 0.00030000000000000073 	 Training loss: 0.07571380831301212
[2025-01-08 05:13:45,179] INFO: Iter 23600 Summary: 
[2025-01-08 05:13:45,180] INFO: 	 lr: 0.00030000000000000073 	 Training loss: 0.07600450985133649
[2025-01-08 05:13:55,462] INFO: Iter 23700 Summary: 
[2025-01-08 05:13:55,462] INFO: 	 lr: 0.00030000000000000073 	 Training loss: 0.07600470036268234
[2025-01-08 05:14:05,381] INFO: Iter 23800 Summary: 
[2025-01-08 05:14:05,381] INFO: 	 lr: 0.00030000000000000073 	 Training loss: 0.07530690215528012
[2025-01-08 05:14:14,728] INFO: Iter 23900 Summary: 
[2025-01-08 05:14:14,728] INFO: 	 lr: 0.00030000000000000073 	 Training loss: 0.07594732753932476
[2025-01-08 05:14:24,217] INFO: Iter 24000 Summary: 
[2025-01-08 05:14:24,217] INFO: 	 lr: 0.00030000000000000073 	 Training loss: 0.07572415150702
[2025-01-08 05:14:35,923] INFO: Iter 24100 Summary: 
[2025-01-08 05:14:35,923] INFO: 	 lr: 0.00030000000000000073 	 Training loss: 0.07556014902889728
[2025-01-08 05:14:45,562] INFO: Iter 24200 Summary: 
[2025-01-08 05:14:45,562] INFO: 	 lr: 0.00030000000000000073 	 Training loss: 0.07554959990084172
[2025-01-08 05:14:54,689] INFO: Iter 24300 Summary: 
[2025-01-08 05:14:54,690] INFO: 	 lr: 0.00030000000000000073 	 Training loss: 0.07552788481116295
[2025-01-08 05:15:04,587] INFO: Iter 24400 Summary: 
[2025-01-08 05:15:04,587] INFO: 	 lr: 0.00030000000000000073 	 Training loss: 0.07504525892436505
[2025-01-08 05:15:15,518] INFO: Iter 24500 Summary: 
[2025-01-08 05:15:15,518] INFO: 	 lr: 0.00030000000000000073 	 Training loss: 0.07550526857376098
[2025-01-08 05:15:25,240] INFO: Iter 24600 Summary: 
[2025-01-08 05:15:25,241] INFO: 	 lr: 0.00030000000000000073 	 Training loss: 0.07536742642521858
[2025-01-08 05:15:34,969] INFO: Iter 24700 Summary: 
[2025-01-08 05:15:34,969] INFO: 	 lr: 0.00030000000000000073 	 Training loss: 0.07602886863052845
[2025-01-08 05:15:44,662] INFO: Iter 24800 Summary: 
[2025-01-08 05:15:44,662] INFO: 	 lr: 0.00030000000000000073 	 Training loss: 0.07509349852800369
[2025-01-08 05:15:53,381] INFO: Iter 24900 Summary: 
[2025-01-08 05:15:53,381] INFO: 	 lr: 0.00030000000000000073 	 Training loss: 0.07569542735815048
[2025-01-08 05:16:01,992] INFO: Iter 25000 Summary: 
[2025-01-08 05:16:01,992] INFO: 	 lr: 0.00030000000000000073 	 Training loss: 0.07493985429406166
[2025-01-08 05:16:11,329] INFO: Iter 25100 Summary: 
[2025-01-08 05:16:11,329] INFO: 	 lr: 0.00030000000000000073 	 Training loss: 0.07563211008906365
[2025-01-08 05:16:23,872] INFO: Iter 25200 Summary: 
[2025-01-08 05:16:23,872] INFO: 	 lr: 0.00030000000000000073 	 Training loss: 0.07547015421092511
[2025-01-08 05:16:34,102] INFO: Iter 25300 Summary: 
[2025-01-08 05:16:34,102] INFO: 	 lr: 0.00030000000000000073 	 Training loss: 0.07526853397488593
[2025-01-08 05:16:43,848] INFO: Iter 25400 Summary: 
[2025-01-08 05:16:43,848] INFO: 	 lr: 0.00030000000000000073 	 Training loss: 0.07499073453247547
[2025-01-08 05:16:54,008] INFO: Iter 25500 Summary: 
[2025-01-08 05:16:54,008] INFO: 	 lr: 0.00030000000000000073 	 Training loss: 0.07506124466657639
[2025-01-08 05:17:03,421] INFO: Iter 25600 Summary: 
[2025-01-08 05:17:03,422] INFO: 	 lr: 0.00030000000000000073 	 Training loss: 0.07564523853361607
[2025-01-08 05:17:12,149] INFO: Iter 25700 Summary: 
[2025-01-08 05:17:12,149] INFO: 	 lr: 0.00030000000000000073 	 Training loss: 0.07536515265703202
[2025-01-08 05:17:22,194] INFO: Iter 25800 Summary: 
[2025-01-08 05:17:22,195] INFO: 	 lr: 0.00030000000000000073 	 Training loss: 0.07531049631536008
[2025-01-08 05:17:33,777] INFO: Iter 25900 Summary: 
[2025-01-08 05:17:33,778] INFO: 	 lr: 0.00030000000000000073 	 Training loss: 0.07553498573601246
[2025-01-08 05:17:43,592] INFO: Iter 26000 Summary: 
[2025-01-08 05:17:43,593] INFO: 	 lr: 0.00030000000000000073 	 Training loss: 0.0751270281523466
[2025-01-08 05:17:55,291] INFO: Iter 26100 Summary: 
[2025-01-08 05:17:55,291] INFO: 	 lr: 0.00030000000000000073 	 Training loss: 0.0752309087663889
[2025-01-08 05:18:05,211] INFO: Iter 26200 Summary: 
[2025-01-08 05:18:05,211] INFO: 	 lr: 0.00030000000000000073 	 Training loss: 0.07509724363684654
[2025-01-08 05:18:14,469] INFO: Iter 26300 Summary: 
[2025-01-08 05:18:14,469] INFO: 	 lr: 0.00030000000000000073 	 Training loss: 0.07487518265843392
[2025-01-08 05:18:23,356] INFO: Iter 26400 Summary: 
[2025-01-08 05:18:23,356] INFO: 	 lr: 0.00030000000000000073 	 Training loss: 0.0752638578414917
[2025-01-08 05:18:34,225] INFO: Iter 26500 Summary: 
[2025-01-08 05:18:34,225] INFO: 	 lr: 0.00030000000000000073 	 Training loss: 0.0751651906967163
[2025-01-08 05:18:43,971] INFO: Iter 26600 Summary: 
[2025-01-08 05:18:43,971] INFO: 	 lr: 0.00030000000000000073 	 Training loss: 0.07554681442677974
[2025-01-08 05:18:54,092] INFO: Iter 26700 Summary: 
[2025-01-08 05:18:54,092] INFO: 	 lr: 0.00030000000000000073 	 Training loss: 0.0748047699034214
[2025-01-08 05:19:03,405] INFO: Iter 26800 Summary: 
[2025-01-08 05:19:03,405] INFO: 	 lr: 0.00030000000000000073 	 Training loss: 0.07501985535025596
[2025-01-08 05:19:13,482] INFO: Iter 26900 Summary: 
[2025-01-08 05:19:13,483] INFO: 	 lr: 0.00030000000000000073 	 Training loss: 0.07484810441732406
[2025-01-08 05:19:22,670] INFO: Iter 27000 Summary: 
[2025-01-08 05:19:22,670] INFO: 	 lr: 0.00030000000000000073 	 Training loss: 0.0754417897760868
[2025-01-08 05:19:33,840] INFO: Iter 27100 Summary: 
[2025-01-08 05:19:33,841] INFO: 	 lr: 0.00030000000000000073 	 Training loss: 0.07544960081577301
[2025-01-08 05:19:45,765] INFO: Iter 27200 Summary: 
[2025-01-08 05:19:45,765] INFO: 	 lr: 0.00030000000000000073 	 Training loss: 0.07473073840141296
[2025-01-08 05:19:55,357] INFO: Iter 27300 Summary: 
[2025-01-08 05:19:55,357] INFO: 	 lr: 0.00030000000000000073 	 Training loss: 0.07475830852985382
[2025-01-08 05:20:04,469] INFO: Iter 27400 Summary: 
[2025-01-08 05:20:04,470] INFO: 	 lr: 0.00030000000000000073 	 Training loss: 0.07440185837447644
[2025-01-08 05:20:13,939] INFO: Iter 27500 Summary: 
[2025-01-08 05:20:13,939] INFO: 	 lr: 0.00030000000000000073 	 Training loss: 0.07551439814269542
[2025-01-08 05:20:24,176] INFO: Iter 27600 Summary: 
[2025-01-08 05:20:24,176] INFO: 	 lr: 0.00030000000000000073 	 Training loss: 0.07483954221010208
[2025-01-08 05:20:33,679] INFO: Iter 27700 Summary: 
[2025-01-08 05:20:33,679] INFO: 	 lr: 0.00030000000000000073 	 Training loss: 0.07498367235064507
[2025-01-08 05:20:43,655] INFO: Iter 27800 Summary: 
[2025-01-08 05:20:43,656] INFO: 	 lr: 0.00030000000000000073 	 Training loss: 0.07501776576042175
[2025-01-08 05:20:54,525] INFO: Iter 27900 Summary: 
[2025-01-08 05:20:54,526] INFO: 	 lr: 0.00030000000000000073 	 Training loss: 0.07479826606810093
[2025-01-08 05:21:04,628] INFO: Iter 28000 Summary: 
[2025-01-08 05:21:04,629] INFO: 	 lr: 0.00030000000000000073 	 Training loss: 0.07432195797562599
[2025-01-08 05:21:15,945] INFO: Iter 28100 Summary: 
[2025-01-08 05:21:15,945] INFO: 	 lr: 0.00030000000000000073 	 Training loss: 0.0747140485048294
[2025-01-08 05:21:25,542] INFO: Iter 28200 Summary: 
[2025-01-08 05:21:25,542] INFO: 	 lr: 0.00030000000000000073 	 Training loss: 0.07489866226911544
[2025-01-08 05:21:34,584] INFO: Iter 28300 Summary: 
[2025-01-08 05:21:34,584] INFO: 	 lr: 0.00030000000000000073 	 Training loss: 0.07510334119200707
[2025-01-08 05:21:44,287] INFO: Iter 28400 Summary: 
[2025-01-08 05:21:44,287] INFO: 	 lr: 0.00030000000000000073 	 Training loss: 0.07498277060687542
[2025-01-08 05:21:54,732] INFO: Iter 28500 Summary: 
[2025-01-08 05:21:54,732] INFO: 	 lr: 0.00030000000000000073 	 Training loss: 0.07508234463632107
[2025-01-08 05:22:06,925] INFO: Iter 28600 Summary: 
[2025-01-08 05:22:06,925] INFO: 	 lr: 0.00030000000000000073 	 Training loss: 0.07502329766750336
[2025-01-08 05:22:17,269] INFO: Iter 28700 Summary: 
[2025-01-08 05:22:17,269] INFO: 	 lr: 0.00030000000000000073 	 Training loss: 0.07554905667901039
[2025-01-08 05:22:26,282] INFO: Iter 28800 Summary: 
[2025-01-08 05:22:26,282] INFO: 	 lr: 0.00030000000000000073 	 Training loss: 0.0747706139087677
[2025-01-08 05:22:36,920] INFO: Iter 28900 Summary: 
[2025-01-08 05:22:36,920] INFO: 	 lr: 0.00030000000000000073 	 Training loss: 0.0742406690120697
[2025-01-08 05:22:44,470] INFO: Iter 29000 Summary: 
[2025-01-08 05:22:44,470] INFO: 	 lr: 0.00030000000000000073 	 Training loss: 0.07476029835641385
[2025-01-08 05:22:54,003] INFO: Iter 29100 Summary: 
[2025-01-08 05:22:54,003] INFO: 	 lr: 0.00030000000000000073 	 Training loss: 0.07431135714054107
[2025-01-08 05:23:04,121] INFO: Iter 29200 Summary: 
[2025-01-08 05:23:04,122] INFO: 	 lr: 0.00030000000000000073 	 Training loss: 0.07486519239842891
[2025-01-08 05:23:13,303] INFO: Iter 29300 Summary: 
[2025-01-08 05:23:13,303] INFO: 	 lr: 0.00030000000000000073 	 Training loss: 0.07472356773912907
[2025-01-08 05:23:22,451] INFO: Iter 29400 Summary: 
[2025-01-08 05:23:22,452] INFO: 	 lr: 0.00030000000000000073 	 Training loss: 0.07425105422735215
[2025-01-08 05:23:32,811] INFO: Iter 29500 Summary: 
[2025-01-08 05:23:32,812] INFO: 	 lr: 0.00030000000000000073 	 Training loss: 0.07514917239546776
[2025-01-08 05:23:42,707] INFO: Iter 29600 Summary: 
[2025-01-08 05:23:42,707] INFO: 	 lr: 0.00030000000000000073 	 Training loss: 0.07376871548593045
[2025-01-08 05:23:52,920] INFO: Iter 29700 Summary: 
[2025-01-08 05:23:52,920] INFO: 	 lr: 0.00030000000000000073 	 Training loss: 0.07422700017690659
[2025-01-08 05:24:03,301] INFO: Iter 29800 Summary: 
[2025-01-08 05:24:03,301] INFO: 	 lr: 0.00030000000000000073 	 Training loss: 0.07441773518919945
[2025-01-08 05:24:15,381] INFO: Iter 29900 Summary: 
[2025-01-08 05:24:15,381] INFO: 	 lr: 0.00030000000000000073 	 Training loss: 0.07484732687473297
[2025-01-08 05:24:25,415] INFO: Iter 30000 Summary: 
[2025-01-08 05:24:25,415] INFO: 	 lr: 0.00030000000000000073 	 Training loss: 0.07404512479901314
[2025-01-08 05:24:36,835] INFO: Iter 30100 Summary: 
[2025-01-08 05:24:36,836] INFO: 	 lr: 1.2900000000000026e-05 	 Training loss: 0.07306023344397544
[2025-01-08 05:24:46,919] INFO: Iter 30200 Summary: 
[2025-01-08 05:24:46,919] INFO: 	 lr: 1.000000000000002e-05 	 Training loss: 0.07239609375596047
[2025-01-08 05:24:56,262] INFO: Iter 30300 Summary: 
[2025-01-08 05:24:56,262] INFO: 	 lr: 1.000000000000002e-05 	 Training loss: 0.07205738045275212
[2025-01-08 05:25:06,396] INFO: Iter 30400 Summary: 
[2025-01-08 05:25:06,396] INFO: 	 lr: 1.000000000000002e-05 	 Training loss: 0.0716212709993124
[2025-01-08 05:25:15,893] INFO: Iter 30500 Summary: 
[2025-01-08 05:25:15,893] INFO: 	 lr: 1.000000000000002e-05 	 Training loss: 0.07219720333814621
[2025-01-08 05:25:26,648] INFO: Iter 30600 Summary: 
[2025-01-08 05:25:26,648] INFO: 	 lr: 1.000000000000002e-05 	 Training loss: 0.07158379338681697
[2025-01-08 05:25:36,407] INFO: Iter 30700 Summary: 
[2025-01-08 05:25:36,407] INFO: 	 lr: 1.000000000000002e-05 	 Training loss: 0.07183132693171501
[2025-01-08 05:25:59,730] INFO: Iter 30800 Summary: 
[2025-01-08 05:25:59,731] INFO: 	 lr: 1.000000000000002e-05 	 Training loss: 0.07178087063133716
[2025-01-08 05:26:08,488] INFO: Iter 30900 Summary: 
[2025-01-08 05:26:08,488] INFO: 	 lr: 1.000000000000002e-05 	 Training loss: 0.07169880211353302
[2025-01-08 05:26:17,998] INFO: Iter 31000 Summary: 
[2025-01-08 05:26:17,998] INFO: 	 lr: 1.000000000000002e-05 	 Training loss: 0.07143437378108501
[2025-01-08 05:26:28,417] INFO: Iter 31100 Summary: 
[2025-01-08 05:26:28,417] INFO: 	 lr: 1.000000000000002e-05 	 Training loss: 0.07174640387296677
[2025-01-08 05:26:37,909] INFO: Iter 31200 Summary: 
[2025-01-08 05:26:37,909] INFO: 	 lr: 1.000000000000002e-05 	 Training loss: 0.07127084352076053
[2025-01-08 05:26:49,122] INFO: Iter 31300 Summary: 
[2025-01-08 05:26:49,123] INFO: 	 lr: 1.000000000000002e-05 	 Training loss: 0.07133985362946987
[2025-01-08 05:26:59,822] INFO: Iter 31400 Summary: 
[2025-01-08 05:26:59,822] INFO: 	 lr: 1.000000000000002e-05 	 Training loss: 0.07096893616020679
[2025-01-08 05:27:09,996] INFO: Iter 31500 Summary: 
[2025-01-08 05:27:09,996] INFO: 	 lr: 1.000000000000002e-05 	 Training loss: 0.07131626278162002
[2025-01-08 05:27:19,722] INFO: Iter 31600 Summary: 
[2025-01-08 05:27:19,722] INFO: 	 lr: 1.000000000000002e-05 	 Training loss: 0.07160959705710411
[2025-01-08 05:27:28,825] INFO: Iter 31700 Summary: 
[2025-01-08 05:27:28,825] INFO: 	 lr: 1.000000000000002e-05 	 Training loss: 0.07128299251198769
[2025-01-08 05:27:38,022] INFO: Iter 31800 Summary: 
[2025-01-08 05:27:38,022] INFO: 	 lr: 1.000000000000002e-05 	 Training loss: 0.07121566377580166
[2025-01-08 05:27:48,192] INFO: Iter 31900 Summary: 
[2025-01-08 05:27:48,192] INFO: 	 lr: 1.000000000000002e-05 	 Training loss: 0.07152509152889251
[2025-01-08 05:27:59,561] INFO: Iter 32000 Summary: 
[2025-01-08 05:27:59,562] INFO: 	 lr: 1.000000000000002e-05 	 Training loss: 0.07124224856495857
[2025-01-08 05:28:13,110] INFO: Iter 32100 Summary: 
[2025-01-08 05:28:13,111] INFO: 	 lr: 1.000000000000002e-05 	 Training loss: 0.07149294763803482
[2025-01-08 05:28:23,767] INFO: Iter 32200 Summary: 
[2025-01-08 05:28:23,767] INFO: 	 lr: 1.000000000000002e-05 	 Training loss: 0.07070097513496876
[2025-01-08 05:28:32,539] INFO: Iter 32300 Summary: 
[2025-01-08 05:28:32,540] INFO: 	 lr: 1.000000000000002e-05 	 Training loss: 0.07141930907964707
[2025-01-08 05:28:41,982] INFO: Iter 32400 Summary: 
[2025-01-08 05:28:41,982] INFO: 	 lr: 1.000000000000002e-05 	 Training loss: 0.07068108208477497
[2025-01-08 05:28:51,876] INFO: Iter 32500 Summary: 
[2025-01-08 05:28:51,877] INFO: 	 lr: 1.000000000000002e-05 	 Training loss: 0.07065730698406697
[2025-01-08 05:29:02,226] INFO: Iter 32600 Summary: 
[2025-01-08 05:29:02,227] INFO: 	 lr: 1.000000000000002e-05 	 Training loss: 0.07158030673861504
[2025-01-08 05:29:12,329] INFO: Iter 32700 Summary: 
[2025-01-08 05:29:12,329] INFO: 	 lr: 1.000000000000002e-05 	 Training loss: 0.071075224801898
[2025-01-08 05:29:22,185] INFO: Iter 32800 Summary: 
[2025-01-08 05:29:22,185] INFO: 	 lr: 1.000000000000002e-05 	 Training loss: 0.07149326369166374
[2025-01-08 05:29:32,168] INFO: Iter 32900 Summary: 
[2025-01-08 05:29:32,168] INFO: 	 lr: 1.000000000000002e-05 	 Training loss: 0.07115765955299139
[2025-01-08 05:29:42,248] INFO: Iter 33000 Summary: 
[2025-01-08 05:29:42,248] INFO: 	 lr: 1.000000000000002e-05 	 Training loss: 0.07150729462504386
[2025-01-08 05:29:52,433] INFO: Iter 33100 Summary: 
[2025-01-08 05:29:52,434] INFO: 	 lr: 1.000000000000002e-05 	 Training loss: 0.07087166965007782
[2025-01-08 05:30:03,400] INFO: Iter 33200 Summary: 
[2025-01-08 05:30:03,401] INFO: 	 lr: 1.000000000000002e-05 	 Training loss: 0.07097730770707131
[2025-01-08 05:30:16,803] INFO: Iter 33300 Summary: 
[2025-01-08 05:30:16,803] INFO: 	 lr: 1.000000000000002e-05 	 Training loss: 0.07101885244250297
[2025-01-08 05:30:28,716] INFO: Iter 33400 Summary: 
[2025-01-08 05:30:28,716] INFO: 	 lr: 1.000000000000002e-05 	 Training loss: 0.07068321496248245
[2025-01-08 05:30:38,939] INFO: Iter 33500 Summary: 
[2025-01-08 05:30:38,939] INFO: 	 lr: 1.000000000000002e-05 	 Training loss: 0.07050897777080536
[2025-01-08 05:30:49,420] INFO: Iter 33600 Summary: 
[2025-01-08 05:30:49,420] INFO: 	 lr: 1.000000000000002e-05 	 Training loss: 0.071029157564044
[2025-01-08 05:30:59,566] INFO: Iter 33700 Summary: 
[2025-01-08 05:30:59,567] INFO: 	 lr: 1.000000000000002e-05 	 Training loss: 0.0712320376187563
[2025-01-08 05:31:10,053] INFO: Iter 33800 Summary: 
[2025-01-08 05:31:10,053] INFO: 	 lr: 1.000000000000002e-05 	 Training loss: 0.07103350341320037
[2025-01-08 05:31:21,014] INFO: Iter 33900 Summary: 
[2025-01-08 05:31:21,014] INFO: 	 lr: 1.000000000000002e-05 	 Training loss: 0.0707350242137909
[2025-01-08 05:31:32,587] INFO: Iter 34000 Summary: 
[2025-01-08 05:31:32,587] INFO: 	 lr: 1.000000000000002e-05 	 Training loss: 0.07122732013463974
[2025-01-08 05:31:46,427] INFO: Iter 34100 Summary: 
[2025-01-08 05:31:46,427] INFO: 	 lr: 1.000000000000002e-05 	 Training loss: 0.07112879700958728
[2025-01-08 05:31:57,403] INFO: Iter 34200 Summary: 
[2025-01-08 05:31:57,403] INFO: 	 lr: 1.000000000000002e-05 	 Training loss: 0.07076153054833412
[2025-01-08 05:32:08,405] INFO: Iter 34300 Summary: 
[2025-01-08 05:32:08,405] INFO: 	 lr: 1.000000000000002e-05 	 Training loss: 0.07091370381414891
[2025-01-08 05:32:19,906] INFO: Iter 34400 Summary: 
[2025-01-08 05:32:19,906] INFO: 	 lr: 1.000000000000002e-05 	 Training loss: 0.07055595897138119
[2025-01-08 05:32:31,025] INFO: Iter 34500 Summary: 
[2025-01-08 05:32:31,025] INFO: 	 lr: 1.000000000000002e-05 	 Training loss: 0.07099887296557426
[2025-01-08 05:32:42,571] INFO: Iter 34600 Summary: 
[2025-01-08 05:32:42,572] INFO: 	 lr: 1.000000000000002e-05 	 Training loss: 0.07045439101755618
[2025-01-08 05:32:55,863] INFO: Iter 34700 Summary: 
[2025-01-08 05:32:55,863] INFO: 	 lr: 1.000000000000002e-05 	 Training loss: 0.07082761950790882
[2025-01-08 05:33:07,050] INFO: Iter 34800 Summary: 
[2025-01-08 05:33:07,050] INFO: 	 lr: 1.000000000000002e-05 	 Training loss: 0.07089082024991512
[2025-01-08 05:33:17,195] INFO: Iter 34900 Summary: 
[2025-01-08 05:33:17,195] INFO: 	 lr: 1.000000000000002e-05 	 Training loss: 0.07103579021990299
[2025-01-08 05:33:26,760] INFO: Iter 35000 Summary: 
[2025-01-08 05:33:26,760] INFO: 	 lr: 1.000000000000002e-05 	 Training loss: 0.07050143659114838
[2025-01-08 05:33:37,915] INFO: Iter 35100 Summary: 
[2025-01-08 05:33:37,915] INFO: 	 lr: 1.000000000000002e-05 	 Training loss: 0.07064120702445507
[2025-01-08 05:33:49,166] INFO: Iter 35200 Summary: 
[2025-01-08 05:33:49,167] INFO: 	 lr: 1.000000000000002e-05 	 Training loss: 0.07089433640241623
[2025-01-08 05:34:01,213] INFO: Iter 35300 Summary: 
[2025-01-08 05:34:01,213] INFO: 	 lr: 1.000000000000002e-05 	 Training loss: 0.07022204302251339
[2025-01-08 05:34:14,859] INFO: Iter 35400 Summary: 
[2025-01-08 05:34:14,859] INFO: 	 lr: 1.000000000000002e-05 	 Training loss: 0.07030139572918415
[2025-01-08 05:34:25,458] INFO: Iter 35500 Summary: 
[2025-01-08 05:34:25,458] INFO: 	 lr: 1.000000000000002e-05 	 Training loss: 0.07081294149160385
[2025-01-08 05:34:37,104] INFO: Iter 35600 Summary: 
[2025-01-08 05:34:37,104] INFO: 	 lr: 1.000000000000002e-05 	 Training loss: 0.07102018781006336
[2025-01-08 05:34:48,600] INFO: Iter 35700 Summary: 
[2025-01-08 05:34:48,601] INFO: 	 lr: 1.000000000000002e-05 	 Training loss: 0.07036976680159569
[2025-01-08 05:34:59,876] INFO: Iter 35800 Summary: 
[2025-01-08 05:34:59,876] INFO: 	 lr: 1.000000000000002e-05 	 Training loss: 0.07064669154584408
[2025-01-08 05:35:10,537] INFO: Iter 35900 Summary: 
[2025-01-08 05:35:10,537] INFO: 	 lr: 1.000000000000002e-05 	 Training loss: 0.07123883359134198
[2025-01-08 05:35:22,307] INFO: Iter 36000 Summary: 
[2025-01-08 05:35:22,307] INFO: 	 lr: 1.000000000000002e-05 	 Training loss: 0.07073054105043411
[2025-01-08 05:35:35,946] INFO: Iter 36100 Summary: 
[2025-01-08 05:35:35,946] INFO: 	 lr: 1.000000000000002e-05 	 Training loss: 0.07036860406398773
[2025-01-08 05:35:46,591] INFO: Iter 36200 Summary: 
[2025-01-08 05:35:46,591] INFO: 	 lr: 1.000000000000002e-05 	 Training loss: 0.07051309667527676
[2025-01-08 05:35:57,117] INFO: Iter 36300 Summary: 
[2025-01-08 05:35:57,117] INFO: 	 lr: 1.000000000000002e-05 	 Training loss: 0.0711273691803217
[2025-01-08 05:36:08,079] INFO: Iter 36400 Summary: 
[2025-01-08 05:36:08,080] INFO: 	 lr: 1.000000000000002e-05 	 Training loss: 0.07041358143091202
[2025-01-08 05:36:19,655] INFO: Iter 36500 Summary: 
[2025-01-08 05:36:19,655] INFO: 	 lr: 1.000000000000002e-05 	 Training loss: 0.07094654798507691
[2025-01-08 05:36:30,851] INFO: Iter 36600 Summary: 
[2025-01-08 05:36:30,852] INFO: 	 lr: 1.000000000000002e-05 	 Training loss: 0.0704872865229845
[2025-01-08 05:36:44,063] INFO: Iter 36700 Summary: 
[2025-01-08 05:36:44,063] INFO: 	 lr: 1.000000000000002e-05 	 Training loss: 0.0704560885578394
