[2025-01-08 06:18:20,078] INFO: {
    "abs_dir": "/home/diwang/siMLPe/exps/baseline_h36m",
    "batch_size": 256,
    "cos_lr_max": 1e-05,
    "cos_lr_min": 5e-08,
    "cos_lr_total_iters": 40000,
    "data_aug": true,
    "deriv_input": true,
    "deriv_output": true,
    "device": "cuda:2",
    "h36m_anno_dir": "/home/diwang/siMLPe/data/h36m/",
    "link_log_file": "/home/diwang/siMLPe/exps/baseline_h36m/log/log_last.log",
    "link_val_log_file": "/home/diwang/siMLPe/exps/baseline_h36m/log/val_last.log",
    "log_dir": "/home/diwang/siMLPe/exps/baseline_h36m/log",
    "log_file": "/home/diwang/siMLPe/exps/baseline_h36m/log/log_2025_01_08_06_18_01.log",
    "model_pth": null,
    "motion": {
        "dim": 66,
        "h36m_input_length": 50,
        "h36m_input_length_dct": 50,
        "h36m_target_length": 10,
        "h36m_target_length_eval": 25,
        "h36m_target_length_train": 10
    },
    "motion_fc_in": {
        "activation": "relu",
        "in_features": 66,
        "init_w_trunc_normal": false,
        "out_features": 66,
        "temporal_fc": false,
        "with_norm": false
    },
    "motion_fc_out": {
        "activation": "relu",
        "in_features": 66,
        "init_w_trunc_normal": true,
        "out_features": 66,
        "temporal_fc": false,
        "with_norm": false
    },
    "motion_mlp": {
        "hidden_dim": 66,
        "norm_axis": "spatial",
        "num_layers": 48,
        "seq_len": 50,
        "spatial_fc_only": false,
        "with_normalization": true
    },
    "num_workers": 8,
    "post_dct": false,
    "pre_dct": false,
    "print_every": 100,
    "repo_name": "siMLPe",
    "root_dir": "/home/diwang/siMLPe",
    "save_every": 2000,
    "seed": 304,
    "shift_step": 1,
    "snapshot_dir": "/home/diwang/siMLPe/exps/baseline_h36m/log/snapshot",
    "this_dir": "baseline_h36m",
    "use_relative_loss": true,
    "val_log_file": "/home/diwang/siMLPe/exps/baseline_h36m/log/val_2025_01_08_06_18_01.log",
    "weight_decay": 0.0001
}
[2025-01-08 06:18:29,217] INFO: Iter 100 Summary: 
[2025-01-08 06:18:29,218] INFO: 	 lr: 0.00030000000000000073 	 Training loss: 0.09218635521829129
[2025-01-08 06:18:36,078] INFO: Iter 200 Summary: 
[2025-01-08 06:18:36,078] INFO: 	 lr: 0.00030000000000000073 	 Training loss: 0.07465976290404797
[2025-01-08 06:18:42,833] INFO: Iter 300 Summary: 
[2025-01-08 06:18:42,834] INFO: 	 lr: 0.00030000000000000073 	 Training loss: 0.07373741000890732
[2025-01-08 06:18:49,792] INFO: Iter 400 Summary: 
[2025-01-08 06:18:49,792] INFO: 	 lr: 0.00030000000000000073 	 Training loss: 0.06978433731943369
[2025-01-08 06:18:56,469] INFO: Iter 500 Summary: 
[2025-01-08 06:18:56,469] INFO: 	 lr: 0.00030000000000000073 	 Training loss: 0.06480005085468292
[2025-01-08 06:19:03,698] INFO: Iter 600 Summary: 
[2025-01-08 06:19:03,698] INFO: 	 lr: 0.00030000000000000073 	 Training loss: 0.06055543038994074
[2025-01-08 06:19:11,874] INFO: Iter 700 Summary: 
[2025-01-08 06:19:11,875] INFO: 	 lr: 0.00030000000000000073 	 Training loss: 0.05885446351021528
[2025-01-08 06:19:18,805] INFO: Iter 800 Summary: 
[2025-01-08 06:19:18,806] INFO: 	 lr: 0.00030000000000000073 	 Training loss: 0.05711995888501406
[2025-01-08 06:19:25,435] INFO: Iter 900 Summary: 
[2025-01-08 06:19:25,435] INFO: 	 lr: 0.00030000000000000073 	 Training loss: 0.05630683671683073
[2025-01-08 06:19:32,255] INFO: Iter 1000 Summary: 
[2025-01-08 06:19:32,255] INFO: 	 lr: 0.00030000000000000073 	 Training loss: 0.056147663593292235
[2025-01-08 06:19:39,283] INFO: Iter 1100 Summary: 
[2025-01-08 06:19:39,283] INFO: 	 lr: 0.00030000000000000073 	 Training loss: 0.05509014803916216
[2025-01-08 06:19:46,056] INFO: Iter 1200 Summary: 
[2025-01-08 06:19:46,056] INFO: 	 lr: 0.00030000000000000073 	 Training loss: 0.054899852499365805
[2025-01-08 06:19:52,948] INFO: Iter 1300 Summary: 
[2025-01-08 06:19:52,948] INFO: 	 lr: 0.00030000000000000073 	 Training loss: 0.054730932042002675
[2025-01-08 06:20:01,303] INFO: Iter 1400 Summary: 
[2025-01-08 06:20:01,304] INFO: 	 lr: 0.00030000000000000073 	 Training loss: 0.0541730173304677
[2025-01-08 06:20:07,816] INFO: Iter 1500 Summary: 
[2025-01-08 06:20:07,816] INFO: 	 lr: 0.00030000000000000073 	 Training loss: 0.05373863313347101
[2025-01-08 06:20:14,629] INFO: Iter 1600 Summary: 
[2025-01-08 06:20:14,629] INFO: 	 lr: 0.00030000000000000073 	 Training loss: 0.05301998417824507
[2025-01-08 06:20:21,692] INFO: Iter 1700 Summary: 
[2025-01-08 06:20:21,692] INFO: 	 lr: 0.00030000000000000073 	 Training loss: 0.053316437490284446
[2025-01-08 06:20:28,818] INFO: Iter 1800 Summary: 
[2025-01-08 06:20:28,818] INFO: 	 lr: 0.00030000000000000073 	 Training loss: 0.05280757959932089
[2025-01-08 06:20:35,713] INFO: Iter 1900 Summary: 
[2025-01-08 06:20:35,713] INFO: 	 lr: 0.00030000000000000073 	 Training loss: 0.05248950768262148
[2025-01-08 06:20:42,624] INFO: Iter 2000 Summary: 
[2025-01-08 06:20:42,624] INFO: 	 lr: 0.00030000000000000073 	 Training loss: 0.05244199711829424
[2025-01-08 06:23:31,905] INFO: Iter 2100 Summary: 
[2025-01-08 06:23:31,905] INFO: 	 lr: 0.00030000000000000073 	 Training loss: 0.05241534132510424
[2025-01-08 06:23:38,857] INFO: Iter 2200 Summary: 
[2025-01-08 06:23:38,857] INFO: 	 lr: 0.00030000000000000073 	 Training loss: 0.05205889280885458
[2025-01-08 06:23:45,717] INFO: Iter 2300 Summary: 
[2025-01-08 06:23:45,717] INFO: 	 lr: 0.00030000000000000073 	 Training loss: 0.0519548961520195
[2025-01-08 06:23:52,535] INFO: Iter 2400 Summary: 
[2025-01-08 06:23:52,535] INFO: 	 lr: 0.00030000000000000073 	 Training loss: 0.051380689330399035
[2025-01-08 06:23:59,306] INFO: Iter 2500 Summary: 
[2025-01-08 06:23:59,306] INFO: 	 lr: 0.00030000000000000073 	 Training loss: 0.05144050482660532
[2025-01-08 06:24:06,450] INFO: Iter 2600 Summary: 
[2025-01-08 06:24:06,450] INFO: 	 lr: 0.00030000000000000073 	 Training loss: 0.05122930344194174
[2025-01-08 06:24:13,306] INFO: Iter 2700 Summary: 
[2025-01-08 06:24:13,307] INFO: 	 lr: 0.00030000000000000073 	 Training loss: 0.05117393914610147
[2025-01-08 06:24:21,471] INFO: Iter 2800 Summary: 
[2025-01-08 06:24:21,472] INFO: 	 lr: 0.00030000000000000073 	 Training loss: 0.051267028339207175
[2025-01-08 06:24:28,414] INFO: Iter 2900 Summary: 
[2025-01-08 06:24:28,414] INFO: 	 lr: 0.00030000000000000073 	 Training loss: 0.050117837376892564
[2025-01-08 06:24:35,399] INFO: Iter 3000 Summary: 
[2025-01-08 06:24:35,399] INFO: 	 lr: 0.00030000000000000073 	 Training loss: 0.05037592396140098
[2025-01-08 06:24:42,410] INFO: Iter 3100 Summary: 
[2025-01-08 06:24:42,411] INFO: 	 lr: 0.00030000000000000073 	 Training loss: 0.05064454507082701
[2025-01-08 06:24:49,155] INFO: Iter 3200 Summary: 
[2025-01-08 06:24:49,155] INFO: 	 lr: 0.00030000000000000073 	 Training loss: 0.049987936466932295
[2025-01-08 06:24:55,878] INFO: Iter 3300 Summary: 
[2025-01-08 06:24:55,878] INFO: 	 lr: 0.00030000000000000073 	 Training loss: 0.049796949923038486
[2025-01-08 06:25:02,554] INFO: Iter 3400 Summary: 
[2025-01-08 06:25:02,555] INFO: 	 lr: 0.00030000000000000073 	 Training loss: 0.049961602576076986
[2025-01-08 06:25:11,444] INFO: Iter 3500 Summary: 
[2025-01-08 06:25:11,445] INFO: 	 lr: 0.00030000000000000073 	 Training loss: 0.050404499880969525
[2025-01-08 06:25:18,152] INFO: Iter 3600 Summary: 
[2025-01-08 06:25:18,152] INFO: 	 lr: 0.00030000000000000073 	 Training loss: 0.04909690260887146
[2025-01-08 06:25:24,774] INFO: Iter 3700 Summary: 
[2025-01-08 06:25:24,774] INFO: 	 lr: 0.00030000000000000073 	 Training loss: 0.04989464946091175
[2025-01-08 06:25:31,425] INFO: Iter 3800 Summary: 
[2025-01-08 06:25:31,425] INFO: 	 lr: 0.00030000000000000073 	 Training loss: 0.04928924482315779
[2025-01-08 06:25:37,816] INFO: Iter 3900 Summary: 
[2025-01-08 06:25:37,816] INFO: 	 lr: 0.00030000000000000073 	 Training loss: 0.04896800771355629
[2025-01-08 06:25:44,499] INFO: Iter 4000 Summary: 
[2025-01-08 06:25:44,499] INFO: 	 lr: 0.00030000000000000073 	 Training loss: 0.04879755776375532
[2025-01-08 06:27:48,361] INFO: Iter 4100 Summary: 
[2025-01-08 06:27:48,361] INFO: 	 lr: 0.00030000000000000073 	 Training loss: 0.04887550100684166
[2025-01-08 06:27:56,531] INFO: Iter 4200 Summary: 
[2025-01-08 06:27:56,531] INFO: 	 lr: 0.00030000000000000073 	 Training loss: 0.04919976353645325
[2025-01-08 06:28:03,972] INFO: Iter 4300 Summary: 
[2025-01-08 06:28:03,972] INFO: 	 lr: 0.00030000000000000073 	 Training loss: 0.04888567473739386
[2025-01-08 06:28:11,040] INFO: Iter 4400 Summary: 
[2025-01-08 06:28:11,040] INFO: 	 lr: 0.00030000000000000073 	 Training loss: 0.048954487405717374
[2025-01-08 06:28:17,894] INFO: Iter 4500 Summary: 
[2025-01-08 06:28:17,894] INFO: 	 lr: 0.00030000000000000073 	 Training loss: 0.04830665569752455
[2025-01-08 06:28:24,739] INFO: Iter 4600 Summary: 
[2025-01-08 06:28:24,739] INFO: 	 lr: 0.00030000000000000073 	 Training loss: 0.04805663704872131
[2025-01-08 06:28:31,539] INFO: Iter 4700 Summary: 
[2025-01-08 06:28:31,539] INFO: 	 lr: 0.00030000000000000073 	 Training loss: 0.04815089352428913
[2025-01-08 06:28:38,544] INFO: Iter 4800 Summary: 
[2025-01-08 06:28:38,544] INFO: 	 lr: 0.00030000000000000073 	 Training loss: 0.0478585035353899
[2025-01-08 06:28:46,569] INFO: Iter 4900 Summary: 
[2025-01-08 06:28:46,570] INFO: 	 lr: 0.00030000000000000073 	 Training loss: 0.04795214638113975
[2025-01-08 06:28:53,272] INFO: Iter 5000 Summary: 
[2025-01-08 06:28:53,273] INFO: 	 lr: 0.00030000000000000073 	 Training loss: 0.048172668516635896
[2025-01-08 06:28:59,944] INFO: Iter 5100 Summary: 
[2025-01-08 06:28:59,944] INFO: 	 lr: 0.00030000000000000073 	 Training loss: 0.047756855674088
[2025-01-08 06:29:06,581] INFO: Iter 5200 Summary: 
[2025-01-08 06:29:06,581] INFO: 	 lr: 0.00030000000000000073 	 Training loss: 0.04770354397594929
[2025-01-08 06:29:13,276] INFO: Iter 5300 Summary: 
[2025-01-08 06:29:13,276] INFO: 	 lr: 0.00030000000000000073 	 Training loss: 0.04734295897185802
[2025-01-08 06:29:19,951] INFO: Iter 5400 Summary: 
[2025-01-08 06:29:19,951] INFO: 	 lr: 0.00030000000000000073 	 Training loss: 0.04707885883748531
[2025-01-08 06:29:26,702] INFO: Iter 5500 Summary: 
[2025-01-08 06:29:26,702] INFO: 	 lr: 0.00030000000000000073 	 Training loss: 0.04714513845741749
[2025-01-08 06:29:35,189] INFO: Iter 5600 Summary: 
[2025-01-08 06:29:35,190] INFO: 	 lr: 0.00030000000000000073 	 Training loss: 0.04714031510055065
[2025-01-08 06:29:41,917] INFO: Iter 5700 Summary: 
[2025-01-08 06:29:41,918] INFO: 	 lr: 0.00030000000000000073 	 Training loss: 0.04724779102951288
[2025-01-08 06:29:48,704] INFO: Iter 5800 Summary: 
[2025-01-08 06:29:48,704] INFO: 	 lr: 0.00030000000000000073 	 Training loss: 0.04682692058384418
[2025-01-08 06:29:55,468] INFO: Iter 5900 Summary: 
[2025-01-08 06:29:55,468] INFO: 	 lr: 0.00030000000000000073 	 Training loss: 0.04659312821924686
[2025-01-08 06:30:02,163] INFO: Iter 6000 Summary: 
[2025-01-08 06:30:02,164] INFO: 	 lr: 0.00030000000000000073 	 Training loss: 0.0467944598197937
[2025-01-08 06:30:11,857] INFO: Iter 6100 Summary: 
[2025-01-08 06:30:11,857] INFO: 	 lr: 0.00030000000000000073 	 Training loss: 0.046690496876835824
[2025-01-08 06:30:20,074] INFO: Iter 6200 Summary: 
[2025-01-08 06:30:20,074] INFO: 	 lr: 0.00030000000000000073 	 Training loss: 0.046432673446834084
[2025-01-08 06:30:26,779] INFO: Iter 6300 Summary: 
[2025-01-08 06:30:26,779] INFO: 	 lr: 0.00030000000000000073 	 Training loss: 0.046341155804693696
[2025-01-08 06:30:33,425] INFO: Iter 6400 Summary: 
[2025-01-08 06:30:33,425] INFO: 	 lr: 0.00030000000000000073 	 Training loss: 0.04605940144509077
[2025-01-08 06:30:40,017] INFO: Iter 6500 Summary: 
[2025-01-08 06:30:40,017] INFO: 	 lr: 0.00030000000000000073 	 Training loss: 0.046178530044853686
[2025-01-08 06:30:46,767] INFO: Iter 6600 Summary: 
[2025-01-08 06:30:46,767] INFO: 	 lr: 0.00030000000000000073 	 Training loss: 0.04643244672566652
[2025-01-08 06:30:53,464] INFO: Iter 6700 Summary: 
[2025-01-08 06:30:53,464] INFO: 	 lr: 0.00030000000000000073 	 Training loss: 0.04615798261016607
[2025-01-08 06:31:00,234] INFO: Iter 6800 Summary: 
[2025-01-08 06:31:00,234] INFO: 	 lr: 0.00030000000000000073 	 Training loss: 0.046142986938357354
[2025-01-08 06:31:08,428] INFO: Iter 6900 Summary: 
[2025-01-08 06:31:08,428] INFO: 	 lr: 0.00030000000000000073 	 Training loss: 0.04585592210292816
[2025-01-08 06:31:14,436] INFO: Iter 7000 Summary: 
[2025-01-08 06:31:14,436] INFO: 	 lr: 0.00030000000000000073 	 Training loss: 0.04584214709699154
[2025-01-08 06:31:21,166] INFO: Iter 7100 Summary: 
[2025-01-08 06:31:21,166] INFO: 	 lr: 0.00030000000000000073 	 Training loss: 0.04567932076752186
[2025-01-08 06:31:28,121] INFO: Iter 7200 Summary: 
[2025-01-08 06:31:28,121] INFO: 	 lr: 0.00030000000000000073 	 Training loss: 0.04575068946927786
[2025-01-08 06:31:34,802] INFO: Iter 7300 Summary: 
[2025-01-08 06:31:34,802] INFO: 	 lr: 0.00030000000000000073 	 Training loss: 0.046086950972676274
[2025-01-08 06:31:41,485] INFO: Iter 7400 Summary: 
[2025-01-08 06:31:41,485] INFO: 	 lr: 0.00030000000000000073 	 Training loss: 0.04552653979510069
[2025-01-08 06:31:48,165] INFO: Iter 7500 Summary: 
[2025-01-08 06:31:48,165] INFO: 	 lr: 0.00030000000000000073 	 Training loss: 0.045296368561685084
[2025-01-08 06:31:56,238] INFO: Iter 7600 Summary: 
[2025-01-08 06:31:56,238] INFO: 	 lr: 0.00030000000000000073 	 Training loss: 0.04537242967635393
[2025-01-08 06:32:06,095] INFO: Iter 7700 Summary: 
[2025-01-08 06:32:06,095] INFO: 	 lr: 0.00030000000000000073 	 Training loss: 0.045255847349762915
[2025-01-08 06:32:16,907] INFO: Iter 7800 Summary: 
[2025-01-08 06:32:16,907] INFO: 	 lr: 0.00030000000000000073 	 Training loss: 0.04527130205184221
[2025-01-08 06:32:27,512] INFO: Iter 7900 Summary: 
[2025-01-08 06:32:27,512] INFO: 	 lr: 0.00030000000000000073 	 Training loss: 0.045294027924537655
[2025-01-08 06:32:38,008] INFO: Iter 8000 Summary: 
[2025-01-08 06:32:38,008] INFO: 	 lr: 0.00030000000000000073 	 Training loss: 0.045310192070901395
[2025-01-08 06:32:51,600] INFO: Iter 8100 Summary: 
[2025-01-08 06:32:51,600] INFO: 	 lr: 0.00030000000000000073 	 Training loss: 0.04500733219087124
[2025-01-08 06:33:02,584] INFO: Iter 8200 Summary: 
[2025-01-08 06:33:02,584] INFO: 	 lr: 0.00030000000000000073 	 Training loss: 0.0450425061956048
[2025-01-08 06:33:14,973] INFO: Iter 8300 Summary: 
[2025-01-08 06:33:14,974] INFO: 	 lr: 0.00030000000000000073 	 Training loss: 0.044944615289568904
[2025-01-08 06:33:24,745] INFO: Iter 8400 Summary: 
[2025-01-08 06:33:24,746] INFO: 	 lr: 0.00030000000000000073 	 Training loss: 0.04492336962372065
[2025-01-08 06:33:35,081] INFO: Iter 8500 Summary: 
[2025-01-08 06:33:35,082] INFO: 	 lr: 0.00030000000000000073 	 Training loss: 0.04480089996010065
[2025-01-08 06:33:44,845] INFO: Iter 8600 Summary: 
[2025-01-08 06:33:44,846] INFO: 	 lr: 0.00030000000000000073 	 Training loss: 0.04464773464947939
[2025-01-08 06:33:55,083] INFO: Iter 8700 Summary: 
[2025-01-08 06:33:55,083] INFO: 	 lr: 0.00030000000000000073 	 Training loss: 0.0449488090351224
[2025-01-08 06:34:05,834] INFO: Iter 8800 Summary: 
[2025-01-08 06:34:05,834] INFO: 	 lr: 0.00030000000000000073 	 Training loss: 0.04475574966520071
[2025-01-08 06:34:16,920] INFO: Iter 8900 Summary: 
[2025-01-08 06:34:16,921] INFO: 	 lr: 0.00030000000000000073 	 Training loss: 0.04461018349975347
[2025-01-08 06:34:28,967] INFO: Iter 9000 Summary: 
[2025-01-08 06:34:28,968] INFO: 	 lr: 0.00030000000000000073 	 Training loss: 0.04450580593198538
[2025-01-08 06:34:39,887] INFO: Iter 9100 Summary: 
[2025-01-08 06:34:39,888] INFO: 	 lr: 0.00030000000000000073 	 Training loss: 0.044826230555772784
[2025-01-08 06:34:49,785] INFO: Iter 9200 Summary: 
[2025-01-08 06:34:49,785] INFO: 	 lr: 0.00030000000000000073 	 Training loss: 0.04416116829961538
[2025-01-08 06:34:59,950] INFO: Iter 9300 Summary: 
[2025-01-08 06:34:59,950] INFO: 	 lr: 0.00030000000000000073 	 Training loss: 0.04443699933588505
[2025-01-08 06:35:11,135] INFO: Iter 9400 Summary: 
[2025-01-08 06:35:11,135] INFO: 	 lr: 0.00030000000000000073 	 Training loss: 0.044329696595668794
[2025-01-08 06:35:22,159] INFO: Iter 9500 Summary: 
[2025-01-08 06:35:22,159] INFO: 	 lr: 0.00030000000000000073 	 Training loss: 0.04452459029853344
[2025-01-08 06:35:32,986] INFO: Iter 9600 Summary: 
[2025-01-08 06:35:32,986] INFO: 	 lr: 0.00030000000000000073 	 Training loss: 0.04480525828897953
[2025-01-08 06:35:44,374] INFO: Iter 9700 Summary: 
[2025-01-08 06:35:44,374] INFO: 	 lr: 0.00030000000000000073 	 Training loss: 0.044066795334219935
[2025-01-08 06:35:54,195] INFO: Iter 9800 Summary: 
[2025-01-08 06:35:54,195] INFO: 	 lr: 0.00030000000000000073 	 Training loss: 0.044198896400630475
[2025-01-08 06:36:05,253] INFO: Iter 9900 Summary: 
[2025-01-08 06:36:05,253] INFO: 	 lr: 0.00030000000000000073 	 Training loss: 0.04424020558595657
[2025-01-08 06:36:15,781] INFO: Iter 10000 Summary: 
[2025-01-08 06:36:15,782] INFO: 	 lr: 0.00030000000000000073 	 Training loss: 0.044267718568444255
[2025-01-08 06:36:30,174] INFO: Iter 10100 Summary: 
[2025-01-08 06:36:30,174] INFO: 	 lr: 0.00030000000000000073 	 Training loss: 0.04401387374848127
[2025-01-08 06:36:40,696] INFO: Iter 10200 Summary: 
[2025-01-08 06:36:40,696] INFO: 	 lr: 0.00030000000000000073 	 Training loss: 0.044060087502002715
[2025-01-08 06:36:52,781] INFO: Iter 10300 Summary: 
[2025-01-08 06:36:52,782] INFO: 	 lr: 0.00030000000000000073 	 Training loss: 0.0439869199693203
[2025-01-08 06:37:05,402] INFO: Iter 10400 Summary: 
[2025-01-08 06:37:05,403] INFO: 	 lr: 0.00030000000000000073 	 Training loss: 0.04410282805562019
[2025-01-08 06:37:16,795] INFO: Iter 10500 Summary: 
[2025-01-08 06:37:16,795] INFO: 	 lr: 0.00030000000000000073 	 Training loss: 0.044013499543070794
[2025-01-08 06:37:27,871] INFO: Iter 10600 Summary: 
[2025-01-08 06:37:27,872] INFO: 	 lr: 0.00030000000000000073 	 Training loss: 0.043906895257532594
[2025-01-08 06:37:39,285] INFO: Iter 10700 Summary: 
[2025-01-08 06:37:39,285] INFO: 	 lr: 0.00030000000000000073 	 Training loss: 0.043981366492807865
[2025-01-08 06:37:51,001] INFO: Iter 10800 Summary: 
[2025-01-08 06:37:51,001] INFO: 	 lr: 0.00030000000000000073 	 Training loss: 0.04399897400289774
[2025-01-08 06:38:01,021] INFO: Iter 10900 Summary: 
[2025-01-08 06:38:01,021] INFO: 	 lr: 0.00030000000000000073 	 Training loss: 0.0438493275642395
[2025-01-08 06:38:12,283] INFO: Iter 11000 Summary: 
[2025-01-08 06:38:12,283] INFO: 	 lr: 0.00030000000000000073 	 Training loss: 0.04405451338738203
[2025-01-08 06:38:25,719] INFO: Iter 11100 Summary: 
[2025-01-08 06:38:25,720] INFO: 	 lr: 0.00030000000000000073 	 Training loss: 0.043473651744425294
[2025-01-08 06:38:37,581] INFO: Iter 11200 Summary: 
[2025-01-08 06:38:37,581] INFO: 	 lr: 0.00030000000000000073 	 Training loss: 0.043435732312500475
[2025-01-08 06:38:47,253] INFO: Iter 11300 Summary: 
[2025-01-08 06:38:47,253] INFO: 	 lr: 0.00030000000000000073 	 Training loss: 0.04385755728930235
[2025-01-08 06:38:58,164] INFO: Iter 11400 Summary: 
[2025-01-08 06:38:58,164] INFO: 	 lr: 0.00030000000000000073 	 Training loss: 0.04366408511996269
[2025-01-08 06:39:08,690] INFO: Iter 11500 Summary: 
[2025-01-08 06:39:08,691] INFO: 	 lr: 0.00030000000000000073 	 Training loss: 0.04363267116248608
[2025-01-08 06:39:19,023] INFO: Iter 11600 Summary: 
[2025-01-08 06:39:19,023] INFO: 	 lr: 0.00030000000000000073 	 Training loss: 0.04375159751623869
[2025-01-08 06:39:31,260] INFO: Iter 11700 Summary: 
[2025-01-08 06:39:31,260] INFO: 	 lr: 0.00030000000000000073 	 Training loss: 0.04411526456475258
[2025-01-08 06:39:42,935] INFO: Iter 11800 Summary: 
[2025-01-08 06:39:42,935] INFO: 	 lr: 0.00030000000000000073 	 Training loss: 0.0437301142886281
[2025-01-08 06:39:54,081] INFO: Iter 11900 Summary: 
[2025-01-08 06:39:54,082] INFO: 	 lr: 0.00030000000000000073 	 Training loss: 0.04342288561165333
[2025-01-08 06:40:04,868] INFO: Iter 12000 Summary: 
[2025-01-08 06:40:04,869] INFO: 	 lr: 0.00030000000000000073 	 Training loss: 0.043557571582496166
[2025-01-08 06:40:19,617] INFO: Iter 12100 Summary: 
[2025-01-08 06:40:19,618] INFO: 	 lr: 0.00030000000000000073 	 Training loss: 0.043196728266775605
[2025-01-08 06:40:31,665] INFO: Iter 12200 Summary: 
[2025-01-08 06:40:31,665] INFO: 	 lr: 0.00030000000000000073 	 Training loss: 0.04317441925406456
[2025-01-08 06:40:43,184] INFO: Iter 12300 Summary: 
[2025-01-08 06:40:43,184] INFO: 	 lr: 0.00030000000000000073 	 Training loss: 0.0432801790907979
[2025-01-08 06:40:54,885] INFO: Iter 12400 Summary: 
[2025-01-08 06:40:54,885] INFO: 	 lr: 0.00030000000000000073 	 Training loss: 0.04399276986718178
[2025-01-08 06:41:05,996] INFO: Iter 12500 Summary: 
[2025-01-08 06:41:05,996] INFO: 	 lr: 0.00030000000000000073 	 Training loss: 0.04343559134751558
[2025-01-08 06:41:16,805] INFO: Iter 12600 Summary: 
[2025-01-08 06:41:16,806] INFO: 	 lr: 0.00030000000000000073 	 Training loss: 0.0435790591686964
[2025-01-08 06:41:27,411] INFO: Iter 12700 Summary: 
[2025-01-08 06:41:27,411] INFO: 	 lr: 0.00030000000000000073 	 Training loss: 0.043434377014636996
[2025-01-08 06:41:38,257] INFO: Iter 12800 Summary: 
[2025-01-08 06:41:38,257] INFO: 	 lr: 0.00030000000000000073 	 Training loss: 0.04317091532051563
[2025-01-08 06:41:49,320] INFO: Iter 12900 Summary: 
[2025-01-08 06:41:49,321] INFO: 	 lr: 0.00030000000000000073 	 Training loss: 0.04324927881360054
[2025-01-08 06:41:59,696] INFO: Iter 13000 Summary: 
[2025-01-08 06:41:59,697] INFO: 	 lr: 0.00030000000000000073 	 Training loss: 0.04352127108722925
[2025-01-08 06:42:12,153] INFO: Iter 13100 Summary: 
[2025-01-08 06:42:12,153] INFO: 	 lr: 0.00030000000000000073 	 Training loss: 0.04294049344956875
[2025-01-08 06:42:23,687] INFO: Iter 13200 Summary: 
[2025-01-08 06:42:23,687] INFO: 	 lr: 0.00030000000000000073 	 Training loss: 0.04302247300744057
[2025-01-08 06:42:34,522] INFO: Iter 13300 Summary: 
[2025-01-08 06:42:34,522] INFO: 	 lr: 0.00030000000000000073 	 Training loss: 0.04323674961924553
[2025-01-08 06:42:45,353] INFO: Iter 13400 Summary: 
[2025-01-08 06:42:45,353] INFO: 	 lr: 0.00030000000000000073 	 Training loss: 0.04328274298459291
[2025-01-08 06:42:55,420] INFO: Iter 13500 Summary: 
[2025-01-08 06:42:55,420] INFO: 	 lr: 0.00030000000000000073 	 Training loss: 0.043280029147863386
[2025-01-08 06:43:07,158] INFO: Iter 13600 Summary: 
[2025-01-08 06:43:07,158] INFO: 	 lr: 0.00030000000000000073 	 Training loss: 0.04305761113762856
[2025-01-08 06:43:18,052] INFO: Iter 13700 Summary: 
[2025-01-08 06:43:18,053] INFO: 	 lr: 0.00030000000000000073 	 Training loss: 0.04335644196718931
[2025-01-08 06:43:30,650] INFO: Iter 13800 Summary: 
[2025-01-08 06:43:30,650] INFO: 	 lr: 0.00030000000000000073 	 Training loss: 0.04273295868188143
[2025-01-08 06:43:41,008] INFO: Iter 13900 Summary: 
[2025-01-08 06:43:41,008] INFO: 	 lr: 0.00030000000000000073 	 Training loss: 0.043321135938167575
[2025-01-08 06:43:51,176] INFO: Iter 14000 Summary: 
[2025-01-08 06:43:51,177] INFO: 	 lr: 0.00030000000000000073 	 Training loss: 0.04320318773388863
[2025-01-08 06:44:05,361] INFO: Iter 14100 Summary: 
[2025-01-08 06:44:05,361] INFO: 	 lr: 0.00030000000000000073 	 Training loss: 0.04298197247087956
[2025-01-08 06:44:15,252] INFO: Iter 14200 Summary: 
[2025-01-08 06:44:15,252] INFO: 	 lr: 0.00030000000000000073 	 Training loss: 0.04284122243523598
[2025-01-08 06:44:26,291] INFO: Iter 14300 Summary: 
[2025-01-08 06:44:26,291] INFO: 	 lr: 0.00030000000000000073 	 Training loss: 0.04321465596556664
[2025-01-08 06:44:37,350] INFO: Iter 14400 Summary: 
[2025-01-08 06:44:37,350] INFO: 	 lr: 0.00030000000000000073 	 Training loss: 0.043178159669041635
[2025-01-08 06:44:50,038] INFO: Iter 14500 Summary: 
[2025-01-08 06:44:50,038] INFO: 	 lr: 0.00030000000000000073 	 Training loss: 0.04284972082823515
[2025-01-08 06:45:00,005] INFO: Iter 14600 Summary: 
[2025-01-08 06:45:00,005] INFO: 	 lr: 0.00030000000000000073 	 Training loss: 0.04311326883733273
[2025-01-08 06:45:10,609] INFO: Iter 14700 Summary: 
[2025-01-08 06:45:10,609] INFO: 	 lr: 0.00030000000000000073 	 Training loss: 0.04283793039619923
[2025-01-08 06:45:21,742] INFO: Iter 14800 Summary: 
[2025-01-08 06:45:21,742] INFO: 	 lr: 0.00030000000000000073 	 Training loss: 0.04337266556918621
[2025-01-08 06:45:32,218] INFO: Iter 14900 Summary: 
[2025-01-08 06:45:32,219] INFO: 	 lr: 0.00030000000000000073 	 Training loss: 0.04296953316777945
[2025-01-08 06:45:42,566] INFO: Iter 15000 Summary: 
[2025-01-08 06:45:42,566] INFO: 	 lr: 0.00030000000000000073 	 Training loss: 0.0430601616576314
[2025-01-08 06:45:53,043] INFO: Iter 15100 Summary: 
[2025-01-08 06:45:53,043] INFO: 	 lr: 0.00030000000000000073 	 Training loss: 0.04286697339266539
[2025-01-08 06:46:03,448] INFO: Iter 15200 Summary: 
[2025-01-08 06:46:03,448] INFO: 	 lr: 0.00030000000000000073 	 Training loss: 0.042730911448597905
[2025-01-08 06:46:14,265] INFO: Iter 15300 Summary: 
[2025-01-08 06:46:14,265] INFO: 	 lr: 0.00030000000000000073 	 Training loss: 0.04296750400215387
[2025-01-08 06:46:23,753] INFO: Iter 15400 Summary: 
[2025-01-08 06:46:23,753] INFO: 	 lr: 0.00030000000000000073 	 Training loss: 0.04297220893204212
[2025-01-08 06:46:34,802] INFO: Iter 15500 Summary: 
[2025-01-08 06:46:34,803] INFO: 	 lr: 0.00030000000000000073 	 Training loss: 0.042642384693026544
[2025-01-08 06:46:44,699] INFO: Iter 15600 Summary: 
[2025-01-08 06:46:44,699] INFO: 	 lr: 0.00030000000000000073 	 Training loss: 0.042675002440810204
[2025-01-08 06:46:55,528] INFO: Iter 15700 Summary: 
[2025-01-08 06:46:55,528] INFO: 	 lr: 0.00030000000000000073 	 Training loss: 0.04291250087320805
[2025-01-08 06:47:06,564] INFO: Iter 15800 Summary: 
[2025-01-08 06:47:06,564] INFO: 	 lr: 0.00030000000000000073 	 Training loss: 0.04262066058814526
[2025-01-08 06:47:18,494] INFO: Iter 15900 Summary: 
[2025-01-08 06:47:18,494] INFO: 	 lr: 0.00030000000000000073 	 Training loss: 0.04262606229633093
[2025-01-08 06:47:28,880] INFO: Iter 16000 Summary: 
[2025-01-08 06:47:28,880] INFO: 	 lr: 0.00030000000000000073 	 Training loss: 0.04258767630904913
[2025-01-08 06:47:43,189] INFO: Iter 16100 Summary: 
[2025-01-08 06:47:43,189] INFO: 	 lr: 0.00030000000000000073 	 Training loss: 0.042478258684277535
[2025-01-08 06:47:53,663] INFO: Iter 16200 Summary: 
[2025-01-08 06:47:53,663] INFO: 	 lr: 0.00030000000000000073 	 Training loss: 0.042514533177018164
[2025-01-08 06:48:04,354] INFO: Iter 16300 Summary: 
[2025-01-08 06:48:04,354] INFO: 	 lr: 0.00030000000000000073 	 Training loss: 0.04266535885632038
[2025-01-08 06:48:15,244] INFO: Iter 16400 Summary: 
[2025-01-08 06:48:15,244] INFO: 	 lr: 0.00030000000000000073 	 Training loss: 0.042842835560441016
[2025-01-08 06:48:25,668] INFO: Iter 16500 Summary: 
[2025-01-08 06:48:25,668] INFO: 	 lr: 0.00030000000000000073 	 Training loss: 0.04269309632480144
[2025-01-08 06:48:38,574] INFO: Iter 16600 Summary: 
[2025-01-08 06:48:38,574] INFO: 	 lr: 0.00030000000000000073 	 Training loss: 0.04284366834908724
[2025-01-08 06:48:49,582] INFO: Iter 16700 Summary: 
[2025-01-08 06:48:49,582] INFO: 	 lr: 0.00030000000000000073 	 Training loss: 0.04240939736366272
[2025-01-08 06:49:01,222] INFO: Iter 16800 Summary: 
[2025-01-08 06:49:01,222] INFO: 	 lr: 0.00030000000000000073 	 Training loss: 0.04245915092527866
[2025-01-08 06:49:12,904] INFO: Iter 16900 Summary: 
[2025-01-08 06:49:12,904] INFO: 	 lr: 0.00030000000000000073 	 Training loss: 0.0426877598837018
[2025-01-08 06:49:23,468] INFO: Iter 17000 Summary: 
[2025-01-08 06:49:23,469] INFO: 	 lr: 0.00030000000000000073 	 Training loss: 0.042621541544795034
[2025-01-08 06:49:35,295] INFO: Iter 17100 Summary: 
[2025-01-08 06:49:35,295] INFO: 	 lr: 0.00030000000000000073 	 Training loss: 0.04262441854923964
[2025-01-08 06:49:45,610] INFO: Iter 17200 Summary: 
[2025-01-08 06:49:45,610] INFO: 	 lr: 0.00030000000000000073 	 Training loss: 0.042510241456329825
[2025-01-08 06:49:58,293] INFO: Iter 17300 Summary: 
[2025-01-08 06:49:58,293] INFO: 	 lr: 0.00030000000000000073 	 Training loss: 0.0424094869568944
[2025-01-08 06:50:09,463] INFO: Iter 17400 Summary: 
[2025-01-08 06:50:09,463] INFO: 	 lr: 0.00030000000000000073 	 Training loss: 0.04249386593699455
[2025-01-08 06:50:20,445] INFO: Iter 17500 Summary: 
[2025-01-08 06:50:20,445] INFO: 	 lr: 0.00030000000000000073 	 Training loss: 0.042148187644779685
[2025-01-08 06:50:30,542] INFO: Iter 17600 Summary: 
[2025-01-08 06:50:30,543] INFO: 	 lr: 0.00030000000000000073 	 Training loss: 0.042634890116751194
[2025-01-08 06:50:41,840] INFO: Iter 17700 Summary: 
[2025-01-08 06:50:41,841] INFO: 	 lr: 0.00030000000000000073 	 Training loss: 0.0424673892557621
[2025-01-08 06:50:52,363] INFO: Iter 17800 Summary: 
[2025-01-08 06:50:52,363] INFO: 	 lr: 0.00030000000000000073 	 Training loss: 0.04248297527432442
[2025-01-08 06:51:03,700] INFO: Iter 17900 Summary: 
[2025-01-08 06:51:03,700] INFO: 	 lr: 0.00030000000000000073 	 Training loss: 0.04268030133098364
[2025-01-08 06:51:14,389] INFO: Iter 18000 Summary: 
[2025-01-08 06:51:14,389] INFO: 	 lr: 0.00030000000000000073 	 Training loss: 0.042499933876097205
[2025-01-08 06:51:28,959] INFO: Iter 18100 Summary: 
[2025-01-08 06:51:28,959] INFO: 	 lr: 0.00030000000000000073 	 Training loss: 0.042196177095174786
[2025-01-08 06:51:40,624] INFO: Iter 18200 Summary: 
[2025-01-08 06:51:40,625] INFO: 	 lr: 0.00030000000000000073 	 Training loss: 0.042493349201977254
[2025-01-08 06:51:52,151] INFO: Iter 18300 Summary: 
[2025-01-08 06:51:52,151] INFO: 	 lr: 0.00030000000000000073 	 Training loss: 0.042531710751354694
[2025-01-08 06:52:03,484] INFO: Iter 18400 Summary: 
[2025-01-08 06:52:03,484] INFO: 	 lr: 0.00030000000000000073 	 Training loss: 0.04208250410854816
[2025-01-08 06:52:13,067] INFO: Iter 18500 Summary: 
[2025-01-08 06:52:13,068] INFO: 	 lr: 0.00030000000000000073 	 Training loss: 0.04268801193684339
[2025-01-08 06:52:24,299] INFO: Iter 18600 Summary: 
[2025-01-08 06:52:24,299] INFO: 	 lr: 0.00030000000000000073 	 Training loss: 0.04236632149666548
[2025-01-08 06:52:34,851] INFO: Iter 18700 Summary: 
[2025-01-08 06:52:34,852] INFO: 	 lr: 0.00030000000000000073 	 Training loss: 0.04230058878660202
[2025-01-08 06:52:44,887] INFO: Iter 18800 Summary: 
[2025-01-08 06:52:44,887] INFO: 	 lr: 0.00030000000000000073 	 Training loss: 0.042304207906126975
[2025-01-08 06:52:55,629] INFO: Iter 18900 Summary: 
[2025-01-08 06:52:55,629] INFO: 	 lr: 0.00030000000000000073 	 Training loss: 0.042200892195105554
[2025-01-08 06:53:06,472] INFO: Iter 19000 Summary: 
[2025-01-08 06:53:06,473] INFO: 	 lr: 0.00030000000000000073 	 Training loss: 0.042163967043161395
[2025-01-08 06:53:16,985] INFO: Iter 19100 Summary: 
[2025-01-08 06:53:16,985] INFO: 	 lr: 0.00030000000000000073 	 Training loss: 0.04267315618693829
[2025-01-08 06:53:27,574] INFO: Iter 19200 Summary: 
[2025-01-08 06:53:27,574] INFO: 	 lr: 0.00030000000000000073 	 Training loss: 0.04225617092102766
[2025-01-08 06:53:38,492] INFO: Iter 19300 Summary: 
[2025-01-08 06:53:38,493] INFO: 	 lr: 0.00030000000000000073 	 Training loss: 0.0422257524356246
[2025-01-08 06:53:48,592] INFO: Iter 19400 Summary: 
[2025-01-08 06:53:48,592] INFO: 	 lr: 0.00030000000000000073 	 Training loss: 0.04245620131492615
[2025-01-08 06:53:59,856] INFO: Iter 19500 Summary: 
[2025-01-08 06:53:59,857] INFO: 	 lr: 0.00030000000000000073 	 Training loss: 0.04238386381417513
[2025-01-08 06:54:10,969] INFO: Iter 19600 Summary: 
[2025-01-08 06:54:10,969] INFO: 	 lr: 0.00030000000000000073 	 Training loss: 0.04266855362802744
[2025-01-08 06:54:22,122] INFO: Iter 19700 Summary: 
[2025-01-08 06:54:22,122] INFO: 	 lr: 0.00030000000000000073 	 Training loss: 0.04194898743182421
[2025-01-08 06:54:33,124] INFO: Iter 19800 Summary: 
[2025-01-08 06:54:33,124] INFO: 	 lr: 0.00030000000000000073 	 Training loss: 0.0420657791942358
[2025-01-08 06:54:43,802] INFO: Iter 19900 Summary: 
[2025-01-08 06:54:43,802] INFO: 	 lr: 0.00030000000000000073 	 Training loss: 0.04236139539629221
[2025-01-08 06:54:56,543] INFO: Iter 20000 Summary: 
[2025-01-08 06:54:56,543] INFO: 	 lr: 0.00030000000000000073 	 Training loss: 0.04210485618561506
[2025-01-08 06:55:10,110] INFO: Iter 20100 Summary: 
[2025-01-08 06:55:10,110] INFO: 	 lr: 0.00030000000000000073 	 Training loss: 0.04205733578652143
[2025-01-08 06:55:20,568] INFO: Iter 20200 Summary: 
[2025-01-08 06:55:20,569] INFO: 	 lr: 0.00030000000000000073 	 Training loss: 0.04208076518028975
[2025-01-08 06:55:31,474] INFO: Iter 20300 Summary: 
[2025-01-08 06:55:31,474] INFO: 	 lr: 0.00030000000000000073 	 Training loss: 0.04224359143525362
[2025-01-08 06:55:42,513] INFO: Iter 20400 Summary: 
[2025-01-08 06:55:42,513] INFO: 	 lr: 0.00030000000000000073 	 Training loss: 0.04176021728664637
[2025-01-08 06:55:53,602] INFO: Iter 20500 Summary: 
[2025-01-08 06:55:53,602] INFO: 	 lr: 0.00030000000000000073 	 Training loss: 0.04245515309274197
[2025-01-08 06:56:05,163] INFO: Iter 20600 Summary: 
[2025-01-08 06:56:05,164] INFO: 	 lr: 0.00030000000000000073 	 Training loss: 0.042114132679998875
[2025-01-08 06:56:17,042] INFO: Iter 20700 Summary: 
[2025-01-08 06:56:17,042] INFO: 	 lr: 0.00030000000000000073 	 Training loss: 0.04169863943010568
[2025-01-08 06:56:27,980] INFO: Iter 20800 Summary: 
[2025-01-08 06:56:27,980] INFO: 	 lr: 0.00030000000000000073 	 Training loss: 0.04210743725299835
[2025-01-08 06:56:38,619] INFO: Iter 20900 Summary: 
[2025-01-08 06:56:38,619] INFO: 	 lr: 0.00030000000000000073 	 Training loss: 0.042162263877689836
[2025-01-08 06:56:48,214] INFO: Iter 21000 Summary: 
[2025-01-08 06:56:48,214] INFO: 	 lr: 0.00030000000000000073 	 Training loss: 0.04234044555574656
[2025-01-08 06:56:58,905] INFO: Iter 21100 Summary: 
[2025-01-08 06:56:58,905] INFO: 	 lr: 0.00030000000000000073 	 Training loss: 0.04206179015338421
[2025-01-08 06:57:09,451] INFO: Iter 21200 Summary: 
[2025-01-08 06:57:09,451] INFO: 	 lr: 0.00030000000000000073 	 Training loss: 0.04201075818389654
[2025-01-08 06:57:19,158] INFO: Iter 21300 Summary: 
[2025-01-08 06:57:19,158] INFO: 	 lr: 0.00030000000000000073 	 Training loss: 0.042036126405000686
[2025-01-08 06:57:29,735] INFO: Iter 21400 Summary: 
[2025-01-08 06:57:29,735] INFO: 	 lr: 0.00030000000000000073 	 Training loss: 0.042046112529933455
[2025-01-08 06:57:39,934] INFO: Iter 21500 Summary: 
[2025-01-08 06:57:39,934] INFO: 	 lr: 0.00030000000000000073 	 Training loss: 0.041824952512979505
[2025-01-08 06:57:51,239] INFO: Iter 21600 Summary: 
[2025-01-08 06:57:51,239] INFO: 	 lr: 0.00030000000000000073 	 Training loss: 0.0417818184196949
[2025-01-08 06:58:01,333] INFO: Iter 21700 Summary: 
[2025-01-08 06:58:01,333] INFO: 	 lr: 0.00030000000000000073 	 Training loss: 0.04211309228092432
[2025-01-08 06:58:12,279] INFO: Iter 21800 Summary: 
[2025-01-08 06:58:12,279] INFO: 	 lr: 0.00030000000000000073 	 Training loss: 0.04188359580934048
[2025-01-08 06:58:22,720] INFO: Iter 21900 Summary: 
[2025-01-08 06:58:22,721] INFO: 	 lr: 0.00030000000000000073 	 Training loss: 0.04192425400018692
[2025-01-08 06:58:33,560] INFO: Iter 22000 Summary: 
[2025-01-08 06:58:33,560] INFO: 	 lr: 0.00030000000000000073 	 Training loss: 0.04214113548398018
[2025-01-08 06:58:47,839] INFO: Iter 22100 Summary: 
[2025-01-08 06:58:47,840] INFO: 	 lr: 0.00030000000000000073 	 Training loss: 0.04175801247358322
[2025-01-08 06:58:58,272] INFO: Iter 22200 Summary: 
[2025-01-08 06:58:58,272] INFO: 	 lr: 0.00030000000000000073 	 Training loss: 0.04189146228134632
[2025-01-08 06:59:07,997] INFO: Iter 22300 Summary: 
[2025-01-08 06:59:07,997] INFO: 	 lr: 0.00030000000000000073 	 Training loss: 0.04207716770470142
[2025-01-08 06:59:18,456] INFO: Iter 22400 Summary: 
[2025-01-08 06:59:18,456] INFO: 	 lr: 0.00030000000000000073 	 Training loss: 0.04224186107516289
[2025-01-08 06:59:28,462] INFO: Iter 22500 Summary: 
[2025-01-08 06:59:28,462] INFO: 	 lr: 0.00030000000000000073 	 Training loss: 0.042075085490942
[2025-01-08 06:59:39,660] INFO: Iter 22600 Summary: 
[2025-01-08 06:59:39,661] INFO: 	 lr: 0.00030000000000000073 	 Training loss: 0.04189353749155998
[2025-01-08 06:59:50,176] INFO: Iter 22700 Summary: 
[2025-01-08 06:59:50,176] INFO: 	 lr: 0.00030000000000000073 	 Training loss: 0.0416421552374959
[2025-01-08 07:00:01,831] INFO: Iter 22800 Summary: 
[2025-01-08 07:00:01,831] INFO: 	 lr: 0.00030000000000000073 	 Training loss: 0.04153692796826362
[2025-01-08 07:00:12,974] INFO: Iter 22900 Summary: 
[2025-01-08 07:00:12,974] INFO: 	 lr: 0.00030000000000000073 	 Training loss: 0.042106220461428166
[2025-01-08 07:00:23,428] INFO: Iter 23000 Summary: 
[2025-01-08 07:00:23,428] INFO: 	 lr: 0.00030000000000000073 	 Training loss: 0.04210811547935009
[2025-01-08 07:00:33,325] INFO: Iter 23100 Summary: 
[2025-01-08 07:00:33,325] INFO: 	 lr: 0.00030000000000000073 	 Training loss: 0.04163156170397997
[2025-01-08 07:00:44,276] INFO: Iter 23200 Summary: 
[2025-01-08 07:00:44,276] INFO: 	 lr: 0.00030000000000000073 	 Training loss: 0.04154248632490635
[2025-01-08 07:00:54,565] INFO: Iter 23300 Summary: 
[2025-01-08 07:00:54,565] INFO: 	 lr: 0.00030000000000000073 	 Training loss: 0.04188319083303213
[2025-01-08 07:01:05,502] INFO: Iter 23400 Summary: 
[2025-01-08 07:01:05,502] INFO: 	 lr: 0.00030000000000000073 	 Training loss: 0.04230311717838049
[2025-01-08 07:01:16,139] INFO: Iter 23500 Summary: 
[2025-01-08 07:01:16,139] INFO: 	 lr: 0.00030000000000000073 	 Training loss: 0.041589265838265416
[2025-01-08 07:01:26,755] INFO: Iter 23600 Summary: 
[2025-01-08 07:01:26,755] INFO: 	 lr: 0.00030000000000000073 	 Training loss: 0.041772768981754776
[2025-01-08 07:01:38,006] INFO: Iter 23700 Summary: 
[2025-01-08 07:01:38,006] INFO: 	 lr: 0.00030000000000000073 	 Training loss: 0.04174896661192179
[2025-01-08 07:01:49,527] INFO: Iter 23800 Summary: 
[2025-01-08 07:01:49,527] INFO: 	 lr: 0.00030000000000000073 	 Training loss: 0.0416617389023304
[2025-01-08 07:02:00,543] INFO: Iter 23900 Summary: 
[2025-01-08 07:02:00,544] INFO: 	 lr: 0.00030000000000000073 	 Training loss: 0.041778335832059386
[2025-01-08 07:02:11,027] INFO: Iter 24000 Summary: 
[2025-01-08 07:02:11,028] INFO: 	 lr: 0.00030000000000000073 	 Training loss: 0.042012273631989956
[2025-01-08 07:02:27,240] INFO: Iter 24100 Summary: 
[2025-01-08 07:02:27,241] INFO: 	 lr: 0.00030000000000000073 	 Training loss: 0.0418178566172719
[2025-01-08 07:02:37,168] INFO: Iter 24200 Summary: 
[2025-01-08 07:02:37,168] INFO: 	 lr: 0.00030000000000000073 	 Training loss: 0.04189608372747898
[2025-01-08 07:02:48,064] INFO: Iter 24300 Summary: 
[2025-01-08 07:02:48,064] INFO: 	 lr: 0.00030000000000000073 	 Training loss: 0.041611140742897984
[2025-01-08 07:02:59,851] INFO: Iter 24400 Summary: 
[2025-01-08 07:02:59,851] INFO: 	 lr: 0.00030000000000000073 	 Training loss: 0.0418126966804266
[2025-01-08 07:03:11,173] INFO: Iter 24500 Summary: 
[2025-01-08 07:03:11,173] INFO: 	 lr: 0.00030000000000000073 	 Training loss: 0.04178255159407854
[2025-01-08 07:03:21,984] INFO: Iter 24600 Summary: 
[2025-01-08 07:03:21,985] INFO: 	 lr: 0.00030000000000000073 	 Training loss: 0.04212891932576895
[2025-01-08 07:03:32,461] INFO: Iter 24700 Summary: 
[2025-01-08 07:03:32,461] INFO: 	 lr: 0.00030000000000000073 	 Training loss: 0.041761473007500174
[2025-01-08 07:03:44,959] INFO: Iter 24800 Summary: 
[2025-01-08 07:03:44,960] INFO: 	 lr: 0.00030000000000000073 	 Training loss: 0.04158091623336077
[2025-01-08 07:03:55,812] INFO: Iter 24900 Summary: 
[2025-01-08 07:03:55,812] INFO: 	 lr: 0.00030000000000000073 	 Training loss: 0.041842344664037225
[2025-01-08 07:04:06,574] INFO: Iter 25000 Summary: 
[2025-01-08 07:04:06,574] INFO: 	 lr: 0.00030000000000000073 	 Training loss: 0.041549952439963816
[2025-01-08 07:04:17,302] INFO: Iter 25100 Summary: 
[2025-01-08 07:04:17,302] INFO: 	 lr: 0.00030000000000000073 	 Training loss: 0.041840674728155135
[2025-01-08 07:04:27,745] INFO: Iter 25200 Summary: 
[2025-01-08 07:04:27,745] INFO: 	 lr: 0.00030000000000000073 	 Training loss: 0.04148340854793787
[2025-01-08 07:04:38,150] INFO: Iter 25300 Summary: 
[2025-01-08 07:04:38,151] INFO: 	 lr: 0.00030000000000000073 	 Training loss: 0.041661733947694304
[2025-01-08 07:04:49,015] INFO: Iter 25400 Summary: 
[2025-01-08 07:04:49,015] INFO: 	 lr: 0.00030000000000000073 	 Training loss: 0.04179772946983576
[2025-01-08 07:05:00,378] INFO: Iter 25500 Summary: 
[2025-01-08 07:05:00,378] INFO: 	 lr: 0.00030000000000000073 	 Training loss: 0.04167723752558231
[2025-01-08 07:05:10,778] INFO: Iter 25600 Summary: 
[2025-01-08 07:05:10,778] INFO: 	 lr: 0.00030000000000000073 	 Training loss: 0.04141962394118309
[2025-01-08 07:05:21,532] INFO: Iter 25700 Summary: 
[2025-01-08 07:05:21,532] INFO: 	 lr: 0.00030000000000000073 	 Training loss: 0.04176763735711574
[2025-01-08 07:05:32,627] INFO: Iter 25800 Summary: 
[2025-01-08 07:05:32,627] INFO: 	 lr: 0.00030000000000000073 	 Training loss: 0.0415330321341753
[2025-01-08 07:05:44,194] INFO: Iter 25900 Summary: 
[2025-01-08 07:05:44,195] INFO: 	 lr: 0.00030000000000000073 	 Training loss: 0.04168277621269226
[2025-01-08 07:05:54,627] INFO: Iter 26000 Summary: 
[2025-01-08 07:05:54,627] INFO: 	 lr: 0.00030000000000000073 	 Training loss: 0.041838943175971505
[2025-01-08 07:06:07,918] INFO: Iter 26100 Summary: 
[2025-01-08 07:06:07,918] INFO: 	 lr: 0.00030000000000000073 	 Training loss: 0.041876945719122885
[2025-01-08 07:06:18,935] INFO: Iter 26200 Summary: 
[2025-01-08 07:06:18,935] INFO: 	 lr: 0.00030000000000000073 	 Training loss: 0.0415582338348031
[2025-01-08 07:06:30,009] INFO: Iter 26300 Summary: 
[2025-01-08 07:06:30,009] INFO: 	 lr: 0.00030000000000000073 	 Training loss: 0.04155163038522005
[2025-01-08 07:06:40,654] INFO: Iter 26400 Summary: 
[2025-01-08 07:06:40,654] INFO: 	 lr: 0.00030000000000000073 	 Training loss: 0.04163097728043794
[2025-01-08 07:06:51,319] INFO: Iter 26500 Summary: 
[2025-01-08 07:06:51,319] INFO: 	 lr: 0.00030000000000000073 	 Training loss: 0.041611382886767384
[2025-01-08 07:07:02,486] INFO: Iter 26600 Summary: 
[2025-01-08 07:07:02,487] INFO: 	 lr: 0.00030000000000000073 	 Training loss: 0.041705865636467936
[2025-01-08 07:07:13,069] INFO: Iter 26700 Summary: 
[2025-01-08 07:07:13,069] INFO: 	 lr: 0.00030000000000000073 	 Training loss: 0.041815881580114365
[2025-01-08 07:07:23,264] INFO: Iter 26800 Summary: 
[2025-01-08 07:07:23,264] INFO: 	 lr: 0.00030000000000000073 	 Training loss: 0.041844376176595685
[2025-01-08 07:07:36,659] INFO: Iter 26900 Summary: 
[2025-01-08 07:07:36,659] INFO: 	 lr: 0.00030000000000000073 	 Training loss: 0.04179567739367485
[2025-01-08 07:07:47,451] INFO: Iter 27000 Summary: 
[2025-01-08 07:07:47,452] INFO: 	 lr: 0.00030000000000000073 	 Training loss: 0.04140869427472353
[2025-01-08 07:07:57,977] INFO: Iter 27100 Summary: 
[2025-01-08 07:07:57,978] INFO: 	 lr: 0.00030000000000000073 	 Training loss: 0.04157527394592762
[2025-01-08 07:08:07,996] INFO: Iter 27200 Summary: 
[2025-01-08 07:08:07,996] INFO: 	 lr: 0.00030000000000000073 	 Training loss: 0.041397008411586285
[2025-01-08 07:08:19,713] INFO: Iter 27300 Summary: 
[2025-01-08 07:08:19,713] INFO: 	 lr: 0.00030000000000000073 	 Training loss: 0.04167978998273611
[2025-01-08 07:08:29,848] INFO: Iter 27400 Summary: 
[2025-01-08 07:08:29,848] INFO: 	 lr: 0.00030000000000000073 	 Training loss: 0.04153964407742024
[2025-01-08 07:08:40,363] INFO: Iter 27500 Summary: 
[2025-01-08 07:08:40,363] INFO: 	 lr: 0.00030000000000000073 	 Training loss: 0.041670757122337816
[2025-01-08 07:08:52,472] INFO: Iter 27600 Summary: 
[2025-01-08 07:08:52,473] INFO: 	 lr: 0.00030000000000000073 	 Training loss: 0.04166435696184635
[2025-01-08 07:09:03,282] INFO: Iter 27700 Summary: 
[2025-01-08 07:09:03,282] INFO: 	 lr: 0.00030000000000000073 	 Training loss: 0.04184186268597841
[2025-01-08 07:09:14,545] INFO: Iter 27800 Summary: 
[2025-01-08 07:09:14,546] INFO: 	 lr: 0.00030000000000000073 	 Training loss: 0.04146706510335207
[2025-01-08 07:09:23,946] INFO: Iter 27900 Summary: 
[2025-01-08 07:09:23,947] INFO: 	 lr: 0.00030000000000000073 	 Training loss: 0.04168780889362097
[2025-01-08 07:09:34,625] INFO: Iter 28000 Summary: 
[2025-01-08 07:09:34,626] INFO: 	 lr: 0.00030000000000000073 	 Training loss: 0.041416913457214835
[2025-01-08 07:09:49,700] INFO: Iter 28100 Summary: 
[2025-01-08 07:09:49,700] INFO: 	 lr: 0.00030000000000000073 	 Training loss: 0.041222693622112276
[2025-01-08 07:10:01,050] INFO: Iter 28200 Summary: 
[2025-01-08 07:10:01,050] INFO: 	 lr: 0.00030000000000000073 	 Training loss: 0.04175061814486981
[2025-01-08 07:10:12,760] INFO: Iter 28300 Summary: 
[2025-01-08 07:10:12,760] INFO: 	 lr: 0.00030000000000000073 	 Training loss: 0.041219348050653935
[2025-01-08 07:10:23,323] INFO: Iter 28400 Summary: 
[2025-01-08 07:10:23,324] INFO: 	 lr: 0.00030000000000000073 	 Training loss: 0.041368821263313295
[2025-01-08 07:10:34,146] INFO: Iter 28500 Summary: 
[2025-01-08 07:10:34,146] INFO: 	 lr: 0.00030000000000000073 	 Training loss: 0.04150445904582739
[2025-01-08 07:10:45,020] INFO: Iter 28600 Summary: 
[2025-01-08 07:10:45,020] INFO: 	 lr: 0.00030000000000000073 	 Training loss: 0.04162651788443327
[2025-01-08 07:10:55,755] INFO: Iter 28700 Summary: 
[2025-01-08 07:10:55,755] INFO: 	 lr: 0.00030000000000000073 	 Training loss: 0.041572470515966416
[2025-01-08 07:11:05,813] INFO: Iter 28800 Summary: 
[2025-01-08 07:11:05,814] INFO: 	 lr: 0.00030000000000000073 	 Training loss: 0.041754680648446084
[2025-01-08 07:11:18,038] INFO: Iter 28900 Summary: 
[2025-01-08 07:11:18,039] INFO: 	 lr: 0.00030000000000000073 	 Training loss: 0.04143671777099371
[2025-01-08 07:11:29,047] INFO: Iter 29000 Summary: 
[2025-01-08 07:11:29,047] INFO: 	 lr: 0.00030000000000000073 	 Training loss: 0.041221872121095654
[2025-01-08 07:11:40,431] INFO: Iter 29100 Summary: 
[2025-01-08 07:11:40,431] INFO: 	 lr: 0.00030000000000000073 	 Training loss: 0.041304404437541964
[2025-01-08 07:11:50,862] INFO: Iter 29200 Summary: 
[2025-01-08 07:11:50,862] INFO: 	 lr: 0.00030000000000000073 	 Training loss: 0.04139140538871288
[2025-01-08 07:12:01,225] INFO: Iter 29300 Summary: 
[2025-01-08 07:12:01,225] INFO: 	 lr: 0.00030000000000000073 	 Training loss: 0.041626349799335
[2025-01-08 07:12:11,184] INFO: Iter 29400 Summary: 
[2025-01-08 07:12:11,184] INFO: 	 lr: 0.00030000000000000073 	 Training loss: 0.04123957145959139
[2025-01-08 07:12:22,179] INFO: Iter 29500 Summary: 
[2025-01-08 07:12:22,179] INFO: 	 lr: 0.00030000000000000073 	 Training loss: 0.041610165350139144
[2025-01-08 07:12:34,980] INFO: Iter 29600 Summary: 
[2025-01-08 07:12:34,980] INFO: 	 lr: 0.00030000000000000073 	 Training loss: 0.04149207856506109
[2025-01-08 07:12:46,498] INFO: Iter 29700 Summary: 
[2025-01-08 07:12:46,498] INFO: 	 lr: 0.00030000000000000073 	 Training loss: 0.04129774741828442
[2025-01-08 07:12:57,888] INFO: Iter 29800 Summary: 
[2025-01-08 07:12:57,888] INFO: 	 lr: 0.00030000000000000073 	 Training loss: 0.04122091121971607
[2025-01-08 07:13:08,259] INFO: Iter 29900 Summary: 
[2025-01-08 07:13:08,259] INFO: 	 lr: 0.00030000000000000073 	 Training loss: 0.041538413278758526
[2025-01-08 07:13:19,353] INFO: Iter 30000 Summary: 
[2025-01-08 07:13:19,353] INFO: 	 lr: 0.00030000000000000073 	 Training loss: 0.04170954208821058
[2025-01-08 07:13:32,999] INFO: Iter 30100 Summary: 
[2025-01-08 07:13:32,999] INFO: 	 lr: 1.2900000000000026e-05 	 Training loss: 0.04024420071393251
[2025-01-08 07:13:43,028] INFO: Iter 30200 Summary: 
[2025-01-08 07:13:43,028] INFO: 	 lr: 1.000000000000002e-05 	 Training loss: 0.04032704837620258
[2025-01-08 07:13:55,076] INFO: Iter 30300 Summary: 
[2025-01-08 07:13:55,077] INFO: 	 lr: 1.000000000000002e-05 	 Training loss: 0.04032822512090206
[2025-01-08 07:14:06,022] INFO: Iter 30400 Summary: 
[2025-01-08 07:14:06,022] INFO: 	 lr: 1.000000000000002e-05 	 Training loss: 0.03955717135220766
[2025-01-08 07:14:15,763] INFO: Iter 30500 Summary: 
[2025-01-08 07:14:15,763] INFO: 	 lr: 1.000000000000002e-05 	 Training loss: 0.03968204885721207
[2025-01-08 07:14:26,174] INFO: Iter 30600 Summary: 
[2025-01-08 07:14:26,174] INFO: 	 lr: 1.000000000000002e-05 	 Training loss: 0.03985129408538342
[2025-01-08 07:14:37,221] INFO: Iter 30700 Summary: 
[2025-01-08 07:14:37,221] INFO: 	 lr: 1.000000000000002e-05 	 Training loss: 0.03978467665612698
[2025-01-08 07:14:48,319] INFO: Iter 30800 Summary: 
[2025-01-08 07:14:48,319] INFO: 	 lr: 1.000000000000002e-05 	 Training loss: 0.03972027532756329
[2025-01-08 07:14:58,531] INFO: Iter 30900 Summary: 
[2025-01-08 07:14:58,532] INFO: 	 lr: 1.000000000000002e-05 	 Training loss: 0.03962630029767752
[2025-01-08 07:15:10,721] INFO: Iter 31000 Summary: 
[2025-01-08 07:15:10,721] INFO: 	 lr: 1.000000000000002e-05 	 Training loss: 0.03966238286346197
[2025-01-08 07:15:22,049] INFO: Iter 31100 Summary: 
[2025-01-08 07:15:22,049] INFO: 	 lr: 1.000000000000002e-05 	 Training loss: 0.03953182075172663
[2025-01-08 07:15:32,812] INFO: Iter 31200 Summary: 
[2025-01-08 07:15:32,812] INFO: 	 lr: 1.000000000000002e-05 	 Training loss: 0.03942143052816391
[2025-01-08 07:15:44,141] INFO: Iter 31300 Summary: 
[2025-01-08 07:15:44,141] INFO: 	 lr: 1.000000000000002e-05 	 Training loss: 0.03958903845399618
[2025-01-08 07:15:54,604] INFO: Iter 31400 Summary: 
[2025-01-08 07:15:54,604] INFO: 	 lr: 1.000000000000002e-05 	 Training loss: 0.039684897661209105
[2025-01-08 07:16:04,154] INFO: Iter 31500 Summary: 
[2025-01-08 07:16:04,154] INFO: 	 lr: 1.000000000000002e-05 	 Training loss: 0.0397191147133708
[2025-01-08 07:16:15,452] INFO: Iter 31600 Summary: 
[2025-01-08 07:16:15,452] INFO: 	 lr: 1.000000000000002e-05 	 Training loss: 0.03957000076770782
[2025-01-08 07:16:27,560] INFO: Iter 31700 Summary: 
[2025-01-08 07:16:27,561] INFO: 	 lr: 1.000000000000002e-05 	 Training loss: 0.03937247846275568
[2025-01-08 07:16:38,212] INFO: Iter 31800 Summary: 
[2025-01-08 07:16:38,212] INFO: 	 lr: 1.000000000000002e-05 	 Training loss: 0.03949777077883482
[2025-01-08 07:16:49,815] INFO: Iter 31900 Summary: 
[2025-01-08 07:16:49,815] INFO: 	 lr: 1.000000000000002e-05 	 Training loss: 0.03923789206892252
[2025-01-08 07:17:01,480] INFO: Iter 32000 Summary: 
[2025-01-08 07:17:01,481] INFO: 	 lr: 1.000000000000002e-05 	 Training loss: 0.039371098838746545
[2025-01-08 07:17:15,929] INFO: Iter 32100 Summary: 
[2025-01-08 07:17:15,929] INFO: 	 lr: 1.000000000000002e-05 	 Training loss: 0.03944101665169
[2025-01-08 07:17:25,743] INFO: Iter 32200 Summary: 
[2025-01-08 07:17:25,743] INFO: 	 lr: 1.000000000000002e-05 	 Training loss: 0.03960416298359633
[2025-01-08 07:17:37,364] INFO: Iter 32300 Summary: 
[2025-01-08 07:17:37,364] INFO: 	 lr: 1.000000000000002e-05 	 Training loss: 0.039484153501689434
[2025-01-08 07:17:49,008] INFO: Iter 32400 Summary: 
[2025-01-08 07:17:49,008] INFO: 	 lr: 1.000000000000002e-05 	 Training loss: 0.03957739468663931
[2025-01-08 07:18:00,399] INFO: Iter 32500 Summary: 
[2025-01-08 07:18:00,399] INFO: 	 lr: 1.000000000000002e-05 	 Training loss: 0.03936133328825235
[2025-01-08 07:18:11,660] INFO: Iter 32600 Summary: 
[2025-01-08 07:18:11,660] INFO: 	 lr: 1.000000000000002e-05 	 Training loss: 0.03917235873639584
[2025-01-08 07:18:21,500] INFO: Iter 32700 Summary: 
[2025-01-08 07:18:21,500] INFO: 	 lr: 1.000000000000002e-05 	 Training loss: 0.039378460831940174
[2025-01-08 07:18:32,546] INFO: Iter 32800 Summary: 
[2025-01-08 07:18:32,546] INFO: 	 lr: 1.000000000000002e-05 	 Training loss: 0.03920269697904587
[2025-01-08 07:18:43,263] INFO: Iter 32900 Summary: 
[2025-01-08 07:18:43,263] INFO: 	 lr: 1.000000000000002e-05 	 Training loss: 0.03977685488760471
[2025-01-08 07:18:53,605] INFO: Iter 33000 Summary: 
[2025-01-08 07:18:53,606] INFO: 	 lr: 1.000000000000002e-05 	 Training loss: 0.039319868683815005
[2025-01-08 07:19:05,385] INFO: Iter 33100 Summary: 
[2025-01-08 07:19:05,386] INFO: 	 lr: 1.000000000000002e-05 	 Training loss: 0.03964831881225109
[2025-01-08 07:19:16,977] INFO: Iter 33200 Summary: 
[2025-01-08 07:19:16,977] INFO: 	 lr: 1.000000000000002e-05 	 Training loss: 0.03922547001391649
[2025-01-08 07:19:27,412] INFO: Iter 33300 Summary: 
[2025-01-08 07:19:27,413] INFO: 	 lr: 1.000000000000002e-05 	 Training loss: 0.03942012656480074
[2025-01-08 07:19:38,905] INFO: Iter 33400 Summary: 
[2025-01-08 07:19:38,905] INFO: 	 lr: 1.000000000000002e-05 	 Training loss: 0.0396508514136076
[2025-01-08 07:19:49,462] INFO: Iter 33500 Summary: 
[2025-01-08 07:19:49,462] INFO: 	 lr: 1.000000000000002e-05 	 Training loss: 0.03934712782502174
[2025-01-08 07:20:00,797] INFO: Iter 33600 Summary: 
[2025-01-08 07:20:00,797] INFO: 	 lr: 1.000000000000002e-05 	 Training loss: 0.038975216001272205
[2025-01-08 07:20:11,884] INFO: Iter 33700 Summary: 
[2025-01-08 07:20:11,884] INFO: 	 lr: 1.000000000000002e-05 	 Training loss: 0.03920641381293535
[2025-01-08 07:20:28,287] INFO: Iter 33800 Summary: 
[2025-01-08 07:20:28,288] INFO: 	 lr: 1.000000000000002e-05 	 Training loss: 0.039434992372989655
[2025-01-08 07:20:40,360] INFO: Iter 33900 Summary: 
[2025-01-08 07:20:40,360] INFO: 	 lr: 1.000000000000002e-05 	 Training loss: 0.039164470843970775
[2025-01-08 07:20:49,007] INFO: Iter 34000 Summary: 
[2025-01-08 07:20:49,007] INFO: 	 lr: 1.000000000000002e-05 	 Training loss: 0.039631967209279535
[2025-01-08 07:21:04,270] INFO: Iter 34100 Summary: 
[2025-01-08 07:21:04,270] INFO: 	 lr: 1.000000000000002e-05 	 Training loss: 0.0392742245644331
[2025-01-08 07:21:12,559] INFO: Iter 34200 Summary: 
[2025-01-08 07:21:12,559] INFO: 	 lr: 1.000000000000002e-05 	 Training loss: 0.03928609952330589
[2025-01-08 07:21:19,404] INFO: Iter 34300 Summary: 
[2025-01-08 07:21:19,404] INFO: 	 lr: 1.000000000000002e-05 	 Training loss: 0.03910704951733351
[2025-01-08 07:21:26,659] INFO: Iter 34400 Summary: 
[2025-01-08 07:21:26,660] INFO: 	 lr: 1.000000000000002e-05 	 Training loss: 0.03918547458946705
[2025-01-08 07:21:35,216] INFO: Iter 34500 Summary: 
[2025-01-08 07:21:35,216] INFO: 	 lr: 1.000000000000002e-05 	 Training loss: 0.0393908565863967
[2025-01-08 07:21:42,315] INFO: Iter 34600 Summary: 
[2025-01-08 07:21:42,315] INFO: 	 lr: 1.000000000000002e-05 	 Training loss: 0.039473142623901364
[2025-01-08 07:21:49,591] INFO: Iter 34700 Summary: 
[2025-01-08 07:21:49,591] INFO: 	 lr: 1.000000000000002e-05 	 Training loss: 0.039093960784375666
[2025-01-08 07:21:57,012] INFO: Iter 34800 Summary: 
[2025-01-08 07:21:57,013] INFO: 	 lr: 1.000000000000002e-05 	 Training loss: 0.03913370996713638
[2025-01-08 07:22:04,609] INFO: Iter 34900 Summary: 
[2025-01-08 07:22:04,609] INFO: 	 lr: 1.000000000000002e-05 	 Training loss: 0.03911887276917696
[2025-01-08 07:22:11,777] INFO: Iter 35000 Summary: 
[2025-01-08 07:22:11,777] INFO: 	 lr: 1.000000000000002e-05 	 Training loss: 0.03920647047460079
[2025-01-08 07:22:20,435] INFO: Iter 35100 Summary: 
[2025-01-08 07:22:20,436] INFO: 	 lr: 1.000000000000002e-05 	 Training loss: 0.03934820983558893
[2025-01-08 07:22:27,411] INFO: Iter 35200 Summary: 
[2025-01-08 07:22:27,411] INFO: 	 lr: 1.000000000000002e-05 	 Training loss: 0.03958104472607374
[2025-01-08 07:22:34,426] INFO: Iter 35300 Summary: 
[2025-01-08 07:22:34,426] INFO: 	 lr: 1.000000000000002e-05 	 Training loss: 0.03906013913452625
[2025-01-08 07:22:41,673] INFO: Iter 35400 Summary: 
[2025-01-08 07:22:41,674] INFO: 	 lr: 1.000000000000002e-05 	 Training loss: 0.039219094030559065
[2025-01-08 07:22:48,598] INFO: Iter 35500 Summary: 
[2025-01-08 07:22:48,598] INFO: 	 lr: 1.000000000000002e-05 	 Training loss: 0.03883088730275631
[2025-01-08 07:22:55,687] INFO: Iter 35600 Summary: 
[2025-01-08 07:22:55,688] INFO: 	 lr: 1.000000000000002e-05 	 Training loss: 0.03944392420351505
[2025-01-08 07:23:02,583] INFO: Iter 35700 Summary: 
[2025-01-08 07:23:02,583] INFO: 	 lr: 1.000000000000002e-05 	 Training loss: 0.03935427632182836
[2025-01-08 07:23:11,789] INFO: Iter 35800 Summary: 
[2025-01-08 07:23:11,790] INFO: 	 lr: 1.000000000000002e-05 	 Training loss: 0.03914878457784653
[2025-01-08 07:23:18,749] INFO: Iter 35900 Summary: 
[2025-01-08 07:23:18,749] INFO: 	 lr: 1.000000000000002e-05 	 Training loss: 0.039221565127372744
[2025-01-08 07:23:26,233] INFO: Iter 36000 Summary: 
[2025-01-08 07:23:26,233] INFO: 	 lr: 1.000000000000002e-05 	 Training loss: 0.03907329596579075
[2025-01-08 07:23:36,343] INFO: Iter 36100 Summary: 
[2025-01-08 07:23:36,343] INFO: 	 lr: 1.000000000000002e-05 	 Training loss: 0.039207529164850714
[2025-01-08 07:23:43,756] INFO: Iter 36200 Summary: 
[2025-01-08 07:23:43,756] INFO: 	 lr: 1.000000000000002e-05 	 Training loss: 0.03912995092570782
[2025-01-08 07:23:51,247] INFO: Iter 36300 Summary: 
[2025-01-08 07:23:51,247] INFO: 	 lr: 1.000000000000002e-05 	 Training loss: 0.0389312831312418
[2025-01-08 07:23:58,392] INFO: Iter 36400 Summary: 
[2025-01-08 07:23:58,393] INFO: 	 lr: 1.000000000000002e-05 	 Training loss: 0.03953826885670424
[2025-01-08 07:24:06,552] INFO: Iter 36500 Summary: 
[2025-01-08 07:24:06,552] INFO: 	 lr: 1.000000000000002e-05 	 Training loss: 0.03919390857219696
[2025-01-08 07:24:13,793] INFO: Iter 36600 Summary: 
[2025-01-08 07:24:13,794] INFO: 	 lr: 1.000000000000002e-05 	 Training loss: 0.039220239147543905
[2025-01-08 07:24:20,589] INFO: Iter 36700 Summary: 
[2025-01-08 07:24:20,589] INFO: 	 lr: 1.000000000000002e-05 	 Training loss: 0.039307900927960875
[2025-01-08 07:24:27,309] INFO: Iter 36800 Summary: 
[2025-01-08 07:24:27,309] INFO: 	 lr: 1.000000000000002e-05 	 Training loss: 0.03895411975681782
[2025-01-08 07:24:33,998] INFO: Iter 36900 Summary: 
[2025-01-08 07:24:33,998] INFO: 	 lr: 1.000000000000002e-05 	 Training loss: 0.039191064462065696
[2025-01-08 07:24:40,934] INFO: Iter 37000 Summary: 
[2025-01-08 07:24:40,934] INFO: 	 lr: 1.000000000000002e-05 	 Training loss: 0.039178615994751455
[2025-01-08 07:24:47,587] INFO: Iter 37100 Summary: 
[2025-01-08 07:24:47,587] INFO: 	 lr: 1.000000000000002e-05 	 Training loss: 0.03968223351985216
[2025-01-08 07:24:55,339] INFO: Iter 37200 Summary: 
[2025-01-08 07:24:55,339] INFO: 	 lr: 1.000000000000002e-05 	 Training loss: 0.03882058542221785
[2025-01-08 07:25:02,101] INFO: Iter 37300 Summary: 
[2025-01-08 07:25:02,102] INFO: 	 lr: 1.000000000000002e-05 	 Training loss: 0.03901747345924377
[2025-01-08 07:25:08,584] INFO: Iter 37400 Summary: 
[2025-01-08 07:25:08,584] INFO: 	 lr: 1.000000000000002e-05 	 Training loss: 0.03935042519122362
[2025-01-08 07:25:15,295] INFO: Iter 37500 Summary: 
[2025-01-08 07:25:15,296] INFO: 	 lr: 1.000000000000002e-05 	 Training loss: 0.039058707654476166
[2025-01-08 07:25:22,018] INFO: Iter 37600 Summary: 
[2025-01-08 07:25:22,018] INFO: 	 lr: 1.000000000000002e-05 	 Training loss: 0.03915639586746693
[2025-01-08 07:25:28,794] INFO: Iter 37700 Summary: 
[2025-01-08 07:25:28,794] INFO: 	 lr: 1.000000000000002e-05 	 Training loss: 0.039240296743810174
[2025-01-08 07:25:35,493] INFO: Iter 37800 Summary: 
[2025-01-08 07:25:35,494] INFO: 	 lr: 1.000000000000002e-05 	 Training loss: 0.039072280786931514
[2025-01-08 07:25:43,658] INFO: Iter 37900 Summary: 
[2025-01-08 07:25:43,658] INFO: 	 lr: 1.000000000000002e-05 	 Training loss: 0.039214010797441
[2025-01-08 07:25:50,384] INFO: Iter 38000 Summary: 
[2025-01-08 07:25:50,384] INFO: 	 lr: 1.000000000000002e-05 	 Training loss: 0.03931239031255245
[2025-01-08 07:26:00,878] INFO: Iter 38100 Summary: 
[2025-01-08 07:26:00,878] INFO: 	 lr: 1.000000000000002e-05 	 Training loss: 0.03912401236593723
[2025-01-08 07:26:07,749] INFO: Iter 38200 Summary: 
[2025-01-08 07:26:07,749] INFO: 	 lr: 1.000000000000002e-05 	 Training loss: 0.03897852435708046
[2025-01-08 07:26:14,628] INFO: Iter 38300 Summary: 
[2025-01-08 07:26:14,628] INFO: 	 lr: 1.000000000000002e-05 	 Training loss: 0.03914094753563404
[2025-01-08 07:26:21,459] INFO: Iter 38400 Summary: 
[2025-01-08 07:26:21,460] INFO: 	 lr: 1.000000000000002e-05 	 Training loss: 0.0390942919254303
[2025-01-08 07:26:28,264] INFO: Iter 38500 Summary: 
[2025-01-08 07:26:28,264] INFO: 	 lr: 1.000000000000002e-05 	 Training loss: 0.03910756919533014
[2025-01-08 07:26:36,461] INFO: Iter 38600 Summary: 
[2025-01-08 07:26:36,461] INFO: 	 lr: 1.000000000000002e-05 	 Training loss: 0.03908826719969511
[2025-01-08 07:26:43,362] INFO: Iter 38700 Summary: 
[2025-01-08 07:26:43,363] INFO: 	 lr: 1.000000000000002e-05 	 Training loss: 0.039092413634061816
[2025-01-08 07:26:50,008] INFO: Iter 38800 Summary: 
[2025-01-08 07:26:50,008] INFO: 	 lr: 1.000000000000002e-05 	 Training loss: 0.03910390045493841
[2025-01-08 07:26:56,705] INFO: Iter 38900 Summary: 
[2025-01-08 07:26:56,705] INFO: 	 lr: 1.000000000000002e-05 	 Training loss: 0.038915297612547875
[2025-01-08 07:27:03,407] INFO: Iter 39000 Summary: 
[2025-01-08 07:27:03,407] INFO: 	 lr: 1.000000000000002e-05 	 Training loss: 0.03899209309369325
[2025-01-08 07:27:10,466] INFO: Iter 39100 Summary: 
[2025-01-08 07:27:10,466] INFO: 	 lr: 1.000000000000002e-05 	 Training loss: 0.0390300228074193
[2025-01-08 07:27:17,288] INFO: Iter 39200 Summary: 
[2025-01-08 07:27:17,288] INFO: 	 lr: 1.000000000000002e-05 	 Training loss: 0.03921439383178949
[2025-01-08 07:27:25,368] INFO: Iter 39300 Summary: 
[2025-01-08 07:27:25,368] INFO: 	 lr: 1.000000000000002e-05 	 Training loss: 0.039166606478393075
[2025-01-08 07:27:32,104] INFO: Iter 39400 Summary: 
[2025-01-08 07:27:32,105] INFO: 	 lr: 1.000000000000002e-05 	 Training loss: 0.03896230638027191
[2025-01-08 07:27:38,817] INFO: Iter 39500 Summary: 
[2025-01-08 07:27:38,818] INFO: 	 lr: 1.000000000000002e-05 	 Training loss: 0.038628104329109195
[2025-01-08 07:27:45,672] INFO: Iter 39600 Summary: 
[2025-01-08 07:27:45,673] INFO: 	 lr: 1.000000000000002e-05 	 Training loss: 0.03913060963153839
[2025-01-08 07:27:52,731] INFO: Iter 39700 Summary: 
[2025-01-08 07:27:52,731] INFO: 	 lr: 1.000000000000002e-05 	 Training loss: 0.039291119985282424
[2025-01-08 07:27:59,540] INFO: Iter 39800 Summary: 
[2025-01-08 07:27:59,540] INFO: 	 lr: 1.000000000000002e-05 	 Training loss: 0.03885908666998148
[2025-01-08 07:28:06,243] INFO: Iter 39900 Summary: 
[2025-01-08 07:28:06,243] INFO: 	 lr: 1.000000000000002e-05 	 Training loss: 0.038845367655158045
[2025-01-08 07:28:14,172] INFO: Iter 40000 Summary: 
[2025-01-08 07:28:14,172] INFO: 	 lr: 1.000000000000002e-05 	 Training loss: 0.0388443586230278
