[2025-01-06 08:14:58,582] INFO: {
    "abs_dir": "/home/diwang/siMLPe/exps/baseline_h36m",
    "batch_size": 256,
    "cos_lr_max": 1e-05,
    "cos_lr_min": 5e-08,
    "cos_lr_total_iters": 40000,
    "data_aug": true,
    "deriv_input": true,
    "deriv_output": true,
    "h36m_anno_dir": "/home/diwang/siMLPe/data/h36m/",
    "link_log_file": "/home/diwang/siMLPe/exps/baseline_h36m/log/log_last.log",
    "link_val_log_file": "/home/diwang/siMLPe/exps/baseline_h36m/log/val_last.log",
    "log_dir": "/home/diwang/siMLPe/exps/baseline_h36m/log",
    "log_file": "/home/diwang/siMLPe/exps/baseline_h36m/log/log_2025_01_06_08_14_41.log",
    "model_pth": null,
    "motion": {
        "dim": 66,
        "h36m_input_length": 50,
        "h36m_input_length_dct": 50,
        "h36m_target_length": 10,
        "h36m_target_length_eval": 25,
        "h36m_target_length_train": 10
    },
    "motion_fc_in": {
        "activation": "relu",
        "in_features": 66,
        "init_w_trunc_normal": false,
        "out_features": 66,
        "temporal_fc": false,
        "with_norm": false
    },
    "motion_fc_out": {
        "activation": "relu",
        "in_features": 66,
        "init_w_trunc_normal": true,
        "out_features": 66,
        "temporal_fc": false,
        "with_norm": false
    },
    "motion_mlp": {
        "hidden_dim": 66,
        "norm_axis": "spatial",
        "num_layers": 48,
        "seq_len": 50,
        "spatial_fc_only": false,
        "with_normalization": true
    },
    "num_workers": 8,
    "post_dct": false,
    "pre_dct": false,
    "print_every": 100,
    "repo_name": "siMLPe",
    "root_dir": "/home/diwang/siMLPe",
    "save_every": 2000,
    "seed": 304,
    "shift_step": 1,
    "snapshot_dir": "/home/diwang/siMLPe/exps/baseline_h36m/log/snapshot",
    "this_dir": "baseline_h36m",
    "use_relative_loss": true,
    "val_log_file": "/home/diwang/siMLPe/exps/baseline_h36m/log/val_2025_01_06_08_14_41.log",
    "weight_decay": 0.0001
}
[2025-01-06 08:15:07,138] INFO: Iter 100 Summary: 
[2025-01-06 08:15:07,139] INFO: 	 lr: 0.00030000000000000073 	 Training loss: 0.09487411379814148
[2025-01-06 08:15:13,882] INFO: Iter 200 Summary: 
[2025-01-06 08:15:13,882] INFO: 	 lr: 0.00030000000000000073 	 Training loss: 0.06981769550591707
[2025-01-06 08:15:20,621] INFO: Iter 300 Summary: 
[2025-01-06 08:15:20,622] INFO: 	 lr: 0.00030000000000000073 	 Training loss: 0.06545826107263565
[2025-01-06 08:15:27,105] INFO: Iter 400 Summary: 
[2025-01-06 08:15:27,105] INFO: 	 lr: 0.00030000000000000073 	 Training loss: 0.061258563064038755
[2025-01-06 08:15:33,870] INFO: Iter 500 Summary: 
[2025-01-06 08:15:33,870] INFO: 	 lr: 0.00030000000000000073 	 Training loss: 0.05975864812731743
[2025-01-06 08:15:40,655] INFO: Iter 600 Summary: 
[2025-01-06 08:15:40,655] INFO: 	 lr: 0.00030000000000000073 	 Training loss: 0.05832742929458618
[2025-01-06 08:15:48,666] INFO: Iter 700 Summary: 
[2025-01-06 08:15:48,666] INFO: 	 lr: 0.00030000000000000073 	 Training loss: 0.057908382527530194
[2025-01-06 08:15:55,517] INFO: Iter 800 Summary: 
[2025-01-06 08:15:55,517] INFO: 	 lr: 0.00030000000000000073 	 Training loss: 0.05631125703454018
[2025-01-06 08:16:02,212] INFO: Iter 900 Summary: 
[2025-01-06 08:16:02,212] INFO: 	 lr: 0.00030000000000000073 	 Training loss: 0.055692865774035455
[2025-01-06 08:16:08,960] INFO: Iter 1000 Summary: 
[2025-01-06 08:16:08,960] INFO: 	 lr: 0.00030000000000000073 	 Training loss: 0.0554055630043149
[2025-01-06 08:16:15,740] INFO: Iter 1100 Summary: 
[2025-01-06 08:16:15,740] INFO: 	 lr: 0.00030000000000000073 	 Training loss: 0.05476825967431068
[2025-01-06 08:16:22,519] INFO: Iter 1200 Summary: 
[2025-01-06 08:16:22,519] INFO: 	 lr: 0.00030000000000000073 	 Training loss: 0.05437390383332968
[2025-01-06 08:16:29,291] INFO: Iter 1300 Summary: 
[2025-01-06 08:16:29,291] INFO: 	 lr: 0.00030000000000000073 	 Training loss: 0.054860180243849754
[2025-01-06 08:16:37,191] INFO: Iter 1400 Summary: 
[2025-01-06 08:16:37,191] INFO: 	 lr: 0.00030000000000000073 	 Training loss: 0.05426544185727835
[2025-01-06 08:16:43,821] INFO: Iter 1500 Summary: 
[2025-01-06 08:16:43,821] INFO: 	 lr: 0.00030000000000000073 	 Training loss: 0.053565123304724696
[2025-01-06 08:16:50,572] INFO: Iter 1600 Summary: 
[2025-01-06 08:16:50,572] INFO: 	 lr: 0.00030000000000000073 	 Training loss: 0.05257684133946896
[2025-01-06 08:16:57,316] INFO: Iter 1700 Summary: 
[2025-01-06 08:16:57,316] INFO: 	 lr: 0.00030000000000000073 	 Training loss: 0.052967204079031945
[2025-01-06 08:17:04,030] INFO: Iter 1800 Summary: 
[2025-01-06 08:17:04,030] INFO: 	 lr: 0.00030000000000000073 	 Training loss: 0.05242918387055397
[2025-01-06 08:17:10,774] INFO: Iter 1900 Summary: 
[2025-01-06 08:17:10,774] INFO: 	 lr: 0.00030000000000000073 	 Training loss: 0.05248020257800817
[2025-01-06 08:17:17,678] INFO: Iter 2000 Summary: 
[2025-01-06 08:17:17,679] INFO: 	 lr: 0.00030000000000000073 	 Training loss: 0.052164791263639924
[2025-01-06 08:17:28,586] INFO: Iter 2100 Summary: 
[2025-01-06 08:17:28,587] INFO: 	 lr: 0.00030000000000000073 	 Training loss: 0.05203942038118839
[2025-01-06 08:17:35,396] INFO: Iter 2200 Summary: 
[2025-01-06 08:17:35,396] INFO: 	 lr: 0.00030000000000000073 	 Training loss: 0.05198973748832941
[2025-01-06 08:17:42,247] INFO: Iter 2300 Summary: 
[2025-01-06 08:17:42,248] INFO: 	 lr: 0.00030000000000000073 	 Training loss: 0.05178486675024033
[2025-01-06 08:17:49,098] INFO: Iter 2400 Summary: 
[2025-01-06 08:17:49,099] INFO: 	 lr: 0.00030000000000000073 	 Training loss: 0.051309222802519795
[2025-01-06 08:17:55,845] INFO: Iter 2500 Summary: 
[2025-01-06 08:17:55,845] INFO: 	 lr: 0.00030000000000000073 	 Training loss: 0.05135169003158808
[2025-01-06 08:18:02,646] INFO: Iter 2600 Summary: 
[2025-01-06 08:18:02,646] INFO: 	 lr: 0.00030000000000000073 	 Training loss: 0.05123823903501034
[2025-01-06 08:18:09,418] INFO: Iter 2700 Summary: 
[2025-01-06 08:18:09,418] INFO: 	 lr: 0.00030000000000000073 	 Training loss: 0.05125982142984867
[2025-01-06 08:18:17,396] INFO: Iter 2800 Summary: 
[2025-01-06 08:18:17,396] INFO: 	 lr: 0.00030000000000000073 	 Training loss: 0.05104382019490004
[2025-01-06 08:18:24,393] INFO: Iter 2900 Summary: 
[2025-01-06 08:18:24,393] INFO: 	 lr: 0.00030000000000000073 	 Training loss: 0.050336945690214636
[2025-01-06 08:18:30,837] INFO: Iter 3000 Summary: 
[2025-01-06 08:18:30,837] INFO: 	 lr: 0.00030000000000000073 	 Training loss: 0.05108176413923502
[2025-01-06 08:18:37,252] INFO: Iter 3100 Summary: 
[2025-01-06 08:18:37,252] INFO: 	 lr: 0.00030000000000000073 	 Training loss: 0.050778784044086936
[2025-01-06 08:18:43,878] INFO: Iter 3200 Summary: 
[2025-01-06 08:18:43,878] INFO: 	 lr: 0.00030000000000000073 	 Training loss: 0.05022815220057964
[2025-01-06 08:18:50,599] INFO: Iter 3300 Summary: 
[2025-01-06 08:18:50,599] INFO: 	 lr: 0.00030000000000000073 	 Training loss: 0.05008447915315628
[2025-01-06 08:18:57,341] INFO: Iter 3400 Summary: 
[2025-01-06 08:18:57,341] INFO: 	 lr: 0.00030000000000000073 	 Training loss: 0.0502923072502017
[2025-01-06 08:19:05,173] INFO: Iter 3500 Summary: 
[2025-01-06 08:19:05,174] INFO: 	 lr: 0.00030000000000000073 	 Training loss: 0.05065447174012661
[2025-01-06 08:19:11,935] INFO: Iter 3600 Summary: 
[2025-01-06 08:19:11,935] INFO: 	 lr: 0.00030000000000000073 	 Training loss: 0.04940638393163681
[2025-01-06 08:19:18,530] INFO: Iter 3700 Summary: 
[2025-01-06 08:19:18,530] INFO: 	 lr: 0.00030000000000000073 	 Training loss: 0.05018502995371819
[2025-01-06 08:19:25,307] INFO: Iter 3800 Summary: 
[2025-01-06 08:19:25,308] INFO: 	 lr: 0.00030000000000000073 	 Training loss: 0.0496108528599143
[2025-01-06 08:19:32,113] INFO: Iter 3900 Summary: 
[2025-01-06 08:19:32,113] INFO: 	 lr: 0.00030000000000000073 	 Training loss: 0.04925661686807871
[2025-01-06 08:19:38,871] INFO: Iter 4000 Summary: 
[2025-01-06 08:19:38,871] INFO: 	 lr: 0.00030000000000000073 	 Training loss: 0.04918980244547129
[2025-01-06 08:19:48,469] INFO: Iter 4100 Summary: 
[2025-01-06 08:19:48,470] INFO: 	 lr: 0.00030000000000000073 	 Training loss: 0.04912875086069107
[2025-01-06 08:19:56,310] INFO: Iter 4200 Summary: 
[2025-01-06 08:19:56,310] INFO: 	 lr: 0.00030000000000000073 	 Training loss: 0.04963359482586384
[2025-01-06 08:20:03,175] INFO: Iter 4300 Summary: 
[2025-01-06 08:20:03,175] INFO: 	 lr: 0.00030000000000000073 	 Training loss: 0.04919171612709761
[2025-01-06 08:20:09,894] INFO: Iter 4400 Summary: 
[2025-01-06 08:20:09,894] INFO: 	 lr: 0.00030000000000000073 	 Training loss: 0.049561725109815595
[2025-01-06 08:20:16,613] INFO: Iter 4500 Summary: 
[2025-01-06 08:20:16,613] INFO: 	 lr: 0.00030000000000000073 	 Training loss: 0.04859974786639214
[2025-01-06 08:20:23,210] INFO: Iter 4600 Summary: 
[2025-01-06 08:20:23,210] INFO: 	 lr: 0.00030000000000000073 	 Training loss: 0.048452817052602765
[2025-01-06 08:20:29,943] INFO: Iter 4700 Summary: 
[2025-01-06 08:20:29,944] INFO: 	 lr: 0.00030000000000000073 	 Training loss: 0.048638137094676494
[2025-01-06 08:20:36,720] INFO: Iter 4800 Summary: 
[2025-01-06 08:20:36,720] INFO: 	 lr: 0.00030000000000000073 	 Training loss: 0.04857598096132278
[2025-01-06 08:20:44,661] INFO: Iter 4900 Summary: 
[2025-01-06 08:20:44,661] INFO: 	 lr: 0.00030000000000000073 	 Training loss: 0.04834405981004238
[2025-01-06 08:20:51,454] INFO: Iter 5000 Summary: 
[2025-01-06 08:20:51,455] INFO: 	 lr: 0.00030000000000000073 	 Training loss: 0.04856379132717848
[2025-01-06 08:20:58,202] INFO: Iter 5100 Summary: 
[2025-01-06 08:20:58,202] INFO: 	 lr: 0.00030000000000000073 	 Training loss: 0.048131818920373916
[2025-01-06 08:21:04,599] INFO: Iter 5200 Summary: 
[2025-01-06 08:21:04,599] INFO: 	 lr: 0.00030000000000000073 	 Training loss: 0.04826292134821415
[2025-01-06 08:21:11,390] INFO: Iter 5300 Summary: 
[2025-01-06 08:21:11,390] INFO: 	 lr: 0.00030000000000000073 	 Training loss: 0.047884641066193584
[2025-01-06 08:21:18,154] INFO: Iter 5400 Summary: 
[2025-01-06 08:21:18,154] INFO: 	 lr: 0.00030000000000000073 	 Training loss: 0.04778323333710432
[2025-01-06 08:21:24,907] INFO: Iter 5500 Summary: 
[2025-01-06 08:21:24,907] INFO: 	 lr: 0.00030000000000000073 	 Training loss: 0.047698537819087505
[2025-01-06 08:21:32,882] INFO: Iter 5600 Summary: 
[2025-01-06 08:21:32,882] INFO: 	 lr: 0.00030000000000000073 	 Training loss: 0.04786923129111528
[2025-01-06 08:21:39,581] INFO: Iter 5700 Summary: 
[2025-01-06 08:21:39,581] INFO: 	 lr: 0.00030000000000000073 	 Training loss: 0.04802305072546005
[2025-01-06 08:21:46,324] INFO: Iter 5800 Summary: 
[2025-01-06 08:21:46,324] INFO: 	 lr: 0.00030000000000000073 	 Training loss: 0.047567839697003365
[2025-01-06 08:21:53,065] INFO: Iter 5900 Summary: 
[2025-01-06 08:21:53,065] INFO: 	 lr: 0.00030000000000000073 	 Training loss: 0.04736091896891594
[2025-01-06 08:21:59,778] INFO: Iter 6000 Summary: 
[2025-01-06 08:21:59,778] INFO: 	 lr: 0.00030000000000000073 	 Training loss: 0.04759156882762909
[2025-01-06 08:22:09,257] INFO: Iter 6100 Summary: 
[2025-01-06 08:22:09,257] INFO: 	 lr: 0.00030000000000000073 	 Training loss: 0.047548130676150324
[2025-01-06 08:22:17,436] INFO: Iter 6200 Summary: 
[2025-01-06 08:22:17,437] INFO: 	 lr: 0.00030000000000000073 	 Training loss: 0.04725645307451486
[2025-01-06 08:22:24,284] INFO: Iter 6300 Summary: 
[2025-01-06 08:22:24,284] INFO: 	 lr: 0.00030000000000000073 	 Training loss: 0.04713721003383398
[2025-01-06 08:22:31,028] INFO: Iter 6400 Summary: 
[2025-01-06 08:22:31,028] INFO: 	 lr: 0.00030000000000000073 	 Training loss: 0.04685925420373678
[2025-01-06 08:22:37,616] INFO: Iter 6500 Summary: 
[2025-01-06 08:22:37,616] INFO: 	 lr: 0.00030000000000000073 	 Training loss: 0.046956960037350656
[2025-01-06 08:22:44,925] INFO: Iter 6600 Summary: 
[2025-01-06 08:22:44,925] INFO: 	 lr: 0.00030000000000000073 	 Training loss: 0.047246714383363725
[2025-01-06 08:22:54,924] INFO: Iter 6700 Summary: 
[2025-01-06 08:22:54,924] INFO: 	 lr: 0.00030000000000000073 	 Training loss: 0.04692890152335167
[2025-01-06 08:23:02,639] INFO: Iter 6800 Summary: 
[2025-01-06 08:23:02,639] INFO: 	 lr: 0.00030000000000000073 	 Training loss: 0.04707255195826292
[2025-01-06 08:23:10,348] INFO: Iter 6900 Summary: 
[2025-01-06 08:23:10,349] INFO: 	 lr: 0.00030000000000000073 	 Training loss: 0.04674214135855436
[2025-01-06 08:23:16,933] INFO: Iter 7000 Summary: 
[2025-01-06 08:23:16,933] INFO: 	 lr: 0.00030000000000000073 	 Training loss: 0.04688696872442961
[2025-01-06 08:23:23,569] INFO: Iter 7100 Summary: 
[2025-01-06 08:23:23,569] INFO: 	 lr: 0.00030000000000000073 	 Training loss: 0.046602816171944145
[2025-01-06 08:23:30,165] INFO: Iter 7200 Summary: 
[2025-01-06 08:23:30,166] INFO: 	 lr: 0.00030000000000000073 	 Training loss: 0.04676481060683727
[2025-01-06 08:23:39,130] INFO: Iter 7300 Summary: 
[2025-01-06 08:23:39,130] INFO: 	 lr: 0.00030000000000000073 	 Training loss: 0.046962330788373946
[2025-01-06 08:23:47,585] INFO: Iter 7400 Summary: 
[2025-01-06 08:23:47,585] INFO: 	 lr: 0.00030000000000000073 	 Training loss: 0.04651299860328436
[2025-01-06 08:23:55,893] INFO: Iter 7500 Summary: 
[2025-01-06 08:23:55,893] INFO: 	 lr: 0.00030000000000000073 	 Training loss: 0.046178618147969246
[2025-01-06 08:24:05,083] INFO: Iter 7600 Summary: 
[2025-01-06 08:24:05,083] INFO: 	 lr: 0.00030000000000000073 	 Training loss: 0.04630013205111027
[2025-01-06 08:24:13,284] INFO: Iter 7700 Summary: 
[2025-01-06 08:24:13,284] INFO: 	 lr: 0.00030000000000000073 	 Training loss: 0.04625686574727297
[2025-01-06 08:24:22,132] INFO: Iter 7800 Summary: 
[2025-01-06 08:24:22,133] INFO: 	 lr: 0.00030000000000000073 	 Training loss: 0.04620559062808752
[2025-01-06 08:24:30,048] INFO: Iter 7900 Summary: 
[2025-01-06 08:24:30,048] INFO: 	 lr: 0.00030000000000000073 	 Training loss: 0.046164736673235895
[2025-01-06 08:24:38,158] INFO: Iter 8000 Summary: 
[2025-01-06 08:24:38,158] INFO: 	 lr: 0.00030000000000000073 	 Training loss: 0.04640253197401762
[2025-01-06 08:24:49,995] INFO: Iter 8100 Summary: 
[2025-01-06 08:24:49,995] INFO: 	 lr: 0.00030000000000000073 	 Training loss: 0.045911581814289094
[2025-01-06 08:24:58,339] INFO: Iter 8200 Summary: 
[2025-01-06 08:24:58,339] INFO: 	 lr: 0.00030000000000000073 	 Training loss: 0.04606009662151336
[2025-01-06 08:25:08,180] INFO: Iter 8300 Summary: 
[2025-01-06 08:25:08,180] INFO: 	 lr: 0.00030000000000000073 	 Training loss: 0.04596270702779293
[2025-01-06 08:25:16,431] INFO: Iter 8400 Summary: 
[2025-01-06 08:25:16,431] INFO: 	 lr: 0.00030000000000000073 	 Training loss: 0.045725310519337654
[2025-01-06 08:25:25,604] INFO: Iter 8500 Summary: 
[2025-01-06 08:25:25,604] INFO: 	 lr: 0.00030000000000000073 	 Training loss: 0.04573990728706121
[2025-01-06 08:25:33,095] INFO: Iter 8600 Summary: 
[2025-01-06 08:25:33,096] INFO: 	 lr: 0.00030000000000000073 	 Training loss: 0.045485406816005707
[2025-01-06 08:25:40,763] INFO: Iter 8700 Summary: 
[2025-01-06 08:25:40,764] INFO: 	 lr: 0.00030000000000000073 	 Training loss: 0.04586595881730318
[2025-01-06 08:25:48,937] INFO: Iter 8800 Summary: 
[2025-01-06 08:25:48,937] INFO: 	 lr: 0.00030000000000000073 	 Training loss: 0.04558802872896194
[2025-01-06 08:25:56,733] INFO: Iter 8900 Summary: 
[2025-01-06 08:25:56,733] INFO: 	 lr: 0.00030000000000000073 	 Training loss: 0.04547106884419918
[2025-01-06 08:26:06,723] INFO: Iter 9000 Summary: 
[2025-01-06 08:26:06,723] INFO: 	 lr: 0.00030000000000000073 	 Training loss: 0.045350164882838724
[2025-01-06 08:26:15,638] INFO: Iter 9100 Summary: 
[2025-01-06 08:26:15,638] INFO: 	 lr: 0.00030000000000000073 	 Training loss: 0.045677214413881305
[2025-01-06 08:26:24,314] INFO: Iter 9200 Summary: 
[2025-01-06 08:26:24,315] INFO: 	 lr: 0.00030000000000000073 	 Training loss: 0.04512699756771326
[2025-01-06 08:26:32,636] INFO: Iter 9300 Summary: 
[2025-01-06 08:26:32,636] INFO: 	 lr: 0.00030000000000000073 	 Training loss: 0.04532697346061468
[2025-01-06 08:26:42,047] INFO: Iter 9400 Summary: 
[2025-01-06 08:26:42,048] INFO: 	 lr: 0.00030000000000000073 	 Training loss: 0.04511031359434128
[2025-01-06 08:26:51,911] INFO: Iter 9500 Summary: 
[2025-01-06 08:26:51,912] INFO: 	 lr: 0.00030000000000000073 	 Training loss: 0.04522225271910429
[2025-01-06 08:27:01,597] INFO: Iter 9600 Summary: 
[2025-01-06 08:27:01,598] INFO: 	 lr: 0.00030000000000000073 	 Training loss: 0.04554198682308197
[2025-01-06 08:27:11,647] INFO: Iter 9700 Summary: 
[2025-01-06 08:27:11,647] INFO: 	 lr: 0.00030000000000000073 	 Training loss: 0.04484518352895975
[2025-01-06 08:27:21,167] INFO: Iter 9800 Summary: 
[2025-01-06 08:27:21,167] INFO: 	 lr: 0.00030000000000000073 	 Training loss: 0.044972767792642115
[2025-01-06 08:27:29,516] INFO: Iter 9900 Summary: 
[2025-01-06 08:27:29,516] INFO: 	 lr: 0.00030000000000000073 	 Training loss: 0.044945026971399786
[2025-01-06 08:27:37,954] INFO: Iter 10000 Summary: 
[2025-01-06 08:27:37,955] INFO: 	 lr: 0.00030000000000000073 	 Training loss: 0.044854735173285004
[2025-01-06 08:27:49,313] INFO: Iter 10100 Summary: 
[2025-01-06 08:27:49,313] INFO: 	 lr: 0.00030000000000000073 	 Training loss: 0.044809044227004054
[2025-01-06 08:27:57,723] INFO: Iter 10200 Summary: 
[2025-01-06 08:27:57,724] INFO: 	 lr: 0.00030000000000000073 	 Training loss: 0.04478872250765562
[2025-01-06 08:28:05,978] INFO: Iter 10300 Summary: 
[2025-01-06 08:28:05,978] INFO: 	 lr: 0.00030000000000000073 	 Training loss: 0.04470918271690607
[2025-01-06 08:28:15,851] INFO: Iter 10400 Summary: 
[2025-01-06 08:28:15,851] INFO: 	 lr: 0.00030000000000000073 	 Training loss: 0.04466173466295004
[2025-01-06 08:28:24,451] INFO: Iter 10500 Summary: 
[2025-01-06 08:28:24,451] INFO: 	 lr: 0.00030000000000000073 	 Training loss: 0.044662992730736734
[2025-01-06 08:28:34,327] INFO: Iter 10600 Summary: 
[2025-01-06 08:28:34,327] INFO: 	 lr: 0.00030000000000000073 	 Training loss: 0.044441709630191326
[2025-01-06 08:28:42,959] INFO: Iter 10700 Summary: 
[2025-01-06 08:28:42,959] INFO: 	 lr: 0.00030000000000000073 	 Training loss: 0.04458849493414164
[2025-01-06 08:28:52,236] INFO: Iter 10800 Summary: 
[2025-01-06 08:28:52,237] INFO: 	 lr: 0.00030000000000000073 	 Training loss: 0.04452415846288204
[2025-01-06 08:29:01,075] INFO: Iter 10900 Summary: 
[2025-01-06 08:29:01,075] INFO: 	 lr: 0.00030000000000000073 	 Training loss: 0.044521235339343546
[2025-01-06 08:29:09,079] INFO: Iter 11000 Summary: 
[2025-01-06 08:29:09,079] INFO: 	 lr: 0.00030000000000000073 	 Training loss: 0.0445755722001195
[2025-01-06 08:29:18,541] INFO: Iter 11100 Summary: 
[2025-01-06 08:29:18,542] INFO: 	 lr: 0.00030000000000000073 	 Training loss: 0.043991545885801314
[2025-01-06 08:29:27,408] INFO: Iter 11200 Summary: 
[2025-01-06 08:29:27,409] INFO: 	 lr: 0.00030000000000000073 	 Training loss: 0.043966493010520934
[2025-01-06 08:29:35,246] INFO: Iter 11300 Summary: 
[2025-01-06 08:29:35,247] INFO: 	 lr: 0.00030000000000000073 	 Training loss: 0.044438036531209944
[2025-01-06 08:29:42,979] INFO: Iter 11400 Summary: 
[2025-01-06 08:29:42,979] INFO: 	 lr: 0.00030000000000000073 	 Training loss: 0.044126092605292794
[2025-01-06 08:29:52,192] INFO: Iter 11500 Summary: 
[2025-01-06 08:29:52,193] INFO: 	 lr: 0.00030000000000000073 	 Training loss: 0.04414944436401129
[2025-01-06 08:30:00,308] INFO: Iter 11600 Summary: 
[2025-01-06 08:30:00,308] INFO: 	 lr: 0.00030000000000000073 	 Training loss: 0.04419549249112606
[2025-01-06 08:30:09,158] INFO: Iter 11700 Summary: 
[2025-01-06 08:30:09,159] INFO: 	 lr: 0.00030000000000000073 	 Training loss: 0.04460643887519836
[2025-01-06 08:30:16,892] INFO: Iter 11800 Summary: 
[2025-01-06 08:30:16,892] INFO: 	 lr: 0.00030000000000000073 	 Training loss: 0.04427596807479858
[2025-01-06 08:30:25,224] INFO: Iter 11900 Summary: 
[2025-01-06 08:30:25,224] INFO: 	 lr: 0.00030000000000000073 	 Training loss: 0.04388650737702846
[2025-01-06 08:30:34,204] INFO: Iter 12000 Summary: 
[2025-01-06 08:30:34,204] INFO: 	 lr: 0.00030000000000000073 	 Training loss: 0.0440345111861825
[2025-01-06 08:30:45,768] INFO: Iter 12100 Summary: 
[2025-01-06 08:30:45,768] INFO: 	 lr: 0.00030000000000000073 	 Training loss: 0.04358958575874567
[2025-01-06 08:30:53,542] INFO: Iter 12200 Summary: 
[2025-01-06 08:30:53,543] INFO: 	 lr: 0.00030000000000000073 	 Training loss: 0.04364740081131458
[2025-01-06 08:31:01,611] INFO: Iter 12300 Summary: 
[2025-01-06 08:31:01,612] INFO: 	 lr: 0.00030000000000000073 	 Training loss: 0.04366560861468315
[2025-01-06 08:31:12,816] INFO: Iter 12400 Summary: 
[2025-01-06 08:31:12,816] INFO: 	 lr: 0.00030000000000000073 	 Training loss: 0.0443676033616066
[2025-01-06 08:31:22,300] INFO: Iter 12500 Summary: 
[2025-01-06 08:31:22,300] INFO: 	 lr: 0.00030000000000000073 	 Training loss: 0.043902735263109206
[2025-01-06 08:31:30,605] INFO: Iter 12600 Summary: 
[2025-01-06 08:31:30,606] INFO: 	 lr: 0.00030000000000000073 	 Training loss: 0.04405315581709147
[2025-01-06 08:31:38,652] INFO: Iter 12700 Summary: 
[2025-01-06 08:31:38,652] INFO: 	 lr: 0.00030000000000000073 	 Training loss: 0.04403366539627314
[2025-01-06 08:31:47,608] INFO: Iter 12800 Summary: 
[2025-01-06 08:31:47,608] INFO: 	 lr: 0.00030000000000000073 	 Training loss: 0.0435660382732749
[2025-01-06 08:31:55,601] INFO: Iter 12900 Summary: 
[2025-01-06 08:31:55,601] INFO: 	 lr: 0.00030000000000000073 	 Training loss: 0.043580261245369914
[2025-01-06 08:32:03,267] INFO: Iter 13000 Summary: 
[2025-01-06 08:32:03,267] INFO: 	 lr: 0.00030000000000000073 	 Training loss: 0.043889214470982554
[2025-01-06 08:32:12,330] INFO: Iter 13100 Summary: 
[2025-01-06 08:32:12,331] INFO: 	 lr: 0.00030000000000000073 	 Training loss: 0.04332569397985935
[2025-01-06 08:32:21,083] INFO: Iter 13200 Summary: 
[2025-01-06 08:32:21,084] INFO: 	 lr: 0.00030000000000000073 	 Training loss: 0.04337897025048733
[2025-01-06 08:32:29,151] INFO: Iter 13300 Summary: 
[2025-01-06 08:32:29,151] INFO: 	 lr: 0.00030000000000000073 	 Training loss: 0.04348772142082453
[2025-01-06 08:32:37,182] INFO: Iter 13400 Summary: 
[2025-01-06 08:32:37,182] INFO: 	 lr: 0.00030000000000000073 	 Training loss: 0.04363930303603411
[2025-01-06 08:32:45,527] INFO: Iter 13500 Summary: 
[2025-01-06 08:32:45,527] INFO: 	 lr: 0.00030000000000000073 	 Training loss: 0.04348459508270025
[2025-01-06 08:32:53,324] INFO: Iter 13600 Summary: 
[2025-01-06 08:32:53,325] INFO: 	 lr: 0.00030000000000000073 	 Training loss: 0.043478214889764784
[2025-01-06 08:33:01,153] INFO: Iter 13700 Summary: 
[2025-01-06 08:33:01,154] INFO: 	 lr: 0.00030000000000000073 	 Training loss: 0.04364729598164559
[2025-01-06 08:33:10,804] INFO: Iter 13800 Summary: 
[2025-01-06 08:33:10,805] INFO: 	 lr: 0.00030000000000000073 	 Training loss: 0.043035385087132456
[2025-01-06 08:33:19,066] INFO: Iter 13900 Summary: 
[2025-01-06 08:33:19,066] INFO: 	 lr: 0.00030000000000000073 	 Training loss: 0.043541015647351744
[2025-01-06 08:33:27,162] INFO: Iter 14000 Summary: 
[2025-01-06 08:33:27,162] INFO: 	 lr: 0.00030000000000000073 	 Training loss: 0.043445228934288024
[2025-01-06 08:33:40,135] INFO: Iter 14100 Summary: 
[2025-01-06 08:33:40,135] INFO: 	 lr: 0.00030000000000000073 	 Training loss: 0.04323063161224127
[2025-01-06 08:33:47,807] INFO: Iter 14200 Summary: 
[2025-01-06 08:33:47,808] INFO: 	 lr: 0.00030000000000000073 	 Training loss: 0.04313283570110798
[2025-01-06 08:33:56,762] INFO: Iter 14300 Summary: 
[2025-01-06 08:33:56,763] INFO: 	 lr: 0.00030000000000000073 	 Training loss: 0.043462153300642965
[2025-01-06 08:34:05,502] INFO: Iter 14400 Summary: 
[2025-01-06 08:34:05,502] INFO: 	 lr: 0.00030000000000000073 	 Training loss: 0.043445781730115415
[2025-01-06 08:34:15,479] INFO: Iter 14500 Summary: 
[2025-01-06 08:34:15,479] INFO: 	 lr: 0.00030000000000000073 	 Training loss: 0.043068187311291695
[2025-01-06 08:34:24,270] INFO: Iter 14600 Summary: 
[2025-01-06 08:34:24,271] INFO: 	 lr: 0.00030000000000000073 	 Training loss: 0.04336842104792595
[2025-01-06 08:34:32,686] INFO: Iter 14700 Summary: 
[2025-01-06 08:34:32,686] INFO: 	 lr: 0.00030000000000000073 	 Training loss: 0.043135667629539964
[2025-01-06 08:34:41,625] INFO: Iter 14800 Summary: 
[2025-01-06 08:34:41,625] INFO: 	 lr: 0.00030000000000000073 	 Training loss: 0.04357772298157215
[2025-01-06 08:34:50,052] INFO: Iter 14900 Summary: 
[2025-01-06 08:34:50,052] INFO: 	 lr: 0.00030000000000000073 	 Training loss: 0.043198120817542075
[2025-01-06 08:34:59,515] INFO: Iter 15000 Summary: 
[2025-01-06 08:34:59,515] INFO: 	 lr: 0.00030000000000000073 	 Training loss: 0.043252864442765715
[2025-01-06 08:35:07,790] INFO: Iter 15100 Summary: 
[2025-01-06 08:35:07,790] INFO: 	 lr: 0.00030000000000000073 	 Training loss: 0.043110328018665316
[2025-01-06 08:35:17,308] INFO: Iter 15200 Summary: 
[2025-01-06 08:35:17,309] INFO: 	 lr: 0.00030000000000000073 	 Training loss: 0.04302943754941225
[2025-01-06 08:35:25,540] INFO: Iter 15300 Summary: 
[2025-01-06 08:35:25,540] INFO: 	 lr: 0.00030000000000000073 	 Training loss: 0.04320434540510178
[2025-01-06 08:35:33,840] INFO: Iter 15400 Summary: 
[2025-01-06 08:35:33,840] INFO: 	 lr: 0.00030000000000000073 	 Training loss: 0.04317979730665684
[2025-01-06 08:35:41,884] INFO: Iter 15500 Summary: 
[2025-01-06 08:35:41,885] INFO: 	 lr: 0.00030000000000000073 	 Training loss: 0.042811707593500614
[2025-01-06 08:35:49,861] INFO: Iter 15600 Summary: 
[2025-01-06 08:35:49,862] INFO: 	 lr: 0.00030000000000000073 	 Training loss: 0.04294638950377703
[2025-01-06 08:35:59,021] INFO: Iter 15700 Summary: 
[2025-01-06 08:35:59,021] INFO: 	 lr: 0.00030000000000000073 	 Training loss: 0.043094929121434686
[2025-01-06 08:36:07,988] INFO: Iter 15800 Summary: 
[2025-01-06 08:36:07,989] INFO: 	 lr: 0.00030000000000000073 	 Training loss: 0.04286119308322668
[2025-01-06 08:36:18,704] INFO: Iter 15900 Summary: 
[2025-01-06 08:36:18,704] INFO: 	 lr: 0.00030000000000000073 	 Training loss: 0.04270058840513229
[2025-01-06 08:36:26,873] INFO: Iter 16000 Summary: 
[2025-01-06 08:36:26,874] INFO: 	 lr: 0.00030000000000000073 	 Training loss: 0.04275412850081921
[2025-01-06 08:36:38,440] INFO: Iter 16100 Summary: 
[2025-01-06 08:36:38,440] INFO: 	 lr: 0.00030000000000000073 	 Training loss: 0.042655161321163176
[2025-01-06 08:36:46,628] INFO: Iter 16200 Summary: 
[2025-01-06 08:36:46,628] INFO: 	 lr: 0.00030000000000000073 	 Training loss: 0.04261315144598484
[2025-01-06 08:36:54,363] INFO: Iter 16300 Summary: 
[2025-01-06 08:36:54,363] INFO: 	 lr: 0.00030000000000000073 	 Training loss: 0.042807583250105384
[2025-01-06 08:37:02,350] INFO: Iter 16400 Summary: 
[2025-01-06 08:37:02,351] INFO: 	 lr: 0.00030000000000000073 	 Training loss: 0.04299408338963986
[2025-01-06 08:37:11,289] INFO: Iter 16500 Summary: 
[2025-01-06 08:37:11,289] INFO: 	 lr: 0.00030000000000000073 	 Training loss: 0.0428420901671052
[2025-01-06 08:37:21,779] INFO: Iter 16600 Summary: 
[2025-01-06 08:37:21,779] INFO: 	 lr: 0.00030000000000000073 	 Training loss: 0.042991703003644945
[2025-01-06 08:37:29,860] INFO: Iter 16700 Summary: 
[2025-01-06 08:37:29,860] INFO: 	 lr: 0.00030000000000000073 	 Training loss: 0.042616354525089266
[2025-01-06 08:37:37,376] INFO: Iter 16800 Summary: 
[2025-01-06 08:37:37,376] INFO: 	 lr: 0.00030000000000000073 	 Training loss: 0.042539091780781746
[2025-01-06 08:37:45,961] INFO: Iter 16900 Summary: 
[2025-01-06 08:37:45,961] INFO: 	 lr: 0.00030000000000000073 	 Training loss: 0.04279981642961502
[2025-01-06 08:37:53,871] INFO: Iter 17000 Summary: 
[2025-01-06 08:37:53,871] INFO: 	 lr: 0.00030000000000000073 	 Training loss: 0.04270747147500515
[2025-01-06 08:38:01,824] INFO: Iter 17100 Summary: 
[2025-01-06 08:38:01,825] INFO: 	 lr: 0.00030000000000000073 	 Training loss: 0.042676937319338325
[2025-01-06 08:38:10,490] INFO: Iter 17200 Summary: 
[2025-01-06 08:38:10,490] INFO: 	 lr: 0.00030000000000000073 	 Training loss: 0.042663532793521884
[2025-01-06 08:38:20,551] INFO: Iter 17300 Summary: 
[2025-01-06 08:38:20,551] INFO: 	 lr: 0.00030000000000000073 	 Training loss: 0.04254909411072731
[2025-01-06 08:38:28,394] INFO: Iter 17400 Summary: 
[2025-01-06 08:38:28,395] INFO: 	 lr: 0.00030000000000000073 	 Training loss: 0.04255070593208075
[2025-01-06 08:38:37,294] INFO: Iter 17500 Summary: 
[2025-01-06 08:38:37,295] INFO: 	 lr: 0.00030000000000000073 	 Training loss: 0.04222728747874498
[2025-01-06 08:38:45,654] INFO: Iter 17600 Summary: 
[2025-01-06 08:38:45,655] INFO: 	 lr: 0.00030000000000000073 	 Training loss: 0.04263275019824505
[2025-01-06 08:38:52,928] INFO: Iter 17700 Summary: 
[2025-01-06 08:38:52,929] INFO: 	 lr: 0.00030000000000000073 	 Training loss: 0.04255668729543686
[2025-01-06 08:39:01,198] INFO: Iter 17800 Summary: 
[2025-01-06 08:39:01,199] INFO: 	 lr: 0.00030000000000000073 	 Training loss: 0.04258274238556623
[2025-01-06 08:39:11,272] INFO: Iter 17900 Summary: 
[2025-01-06 08:39:11,272] INFO: 	 lr: 0.00030000000000000073 	 Training loss: 0.042671853750944136
[2025-01-06 08:39:20,391] INFO: Iter 18000 Summary: 
[2025-01-06 08:39:20,392] INFO: 	 lr: 0.00030000000000000073 	 Training loss: 0.042520677596330644
[2025-01-06 08:39:31,393] INFO: Iter 18100 Summary: 
[2025-01-06 08:39:31,393] INFO: 	 lr: 0.00030000000000000073 	 Training loss: 0.04232135970145464
[2025-01-06 08:39:38,821] INFO: Iter 18200 Summary: 
[2025-01-06 08:39:38,821] INFO: 	 lr: 0.00030000000000000073 	 Training loss: 0.04259056087583304
[2025-01-06 08:39:46,316] INFO: Iter 18300 Summary: 
[2025-01-06 08:39:46,316] INFO: 	 lr: 0.00030000000000000073 	 Training loss: 0.04261797532439232
[2025-01-06 08:39:54,506] INFO: Iter 18400 Summary: 
[2025-01-06 08:39:54,507] INFO: 	 lr: 0.00030000000000000073 	 Training loss: 0.04220132049173117
[2025-01-06 08:40:02,380] INFO: Iter 18500 Summary: 
[2025-01-06 08:40:02,380] INFO: 	 lr: 0.00030000000000000073 	 Training loss: 0.04266398884356022
[2025-01-06 08:40:11,033] INFO: Iter 18600 Summary: 
[2025-01-06 08:40:11,033] INFO: 	 lr: 0.00030000000000000073 	 Training loss: 0.042459394000470635
[2025-01-06 08:40:20,993] INFO: Iter 18700 Summary: 
[2025-01-06 08:40:20,993] INFO: 	 lr: 0.00030000000000000073 	 Training loss: 0.042245183624327186
[2025-01-06 08:40:29,084] INFO: Iter 18800 Summary: 
[2025-01-06 08:40:29,084] INFO: 	 lr: 0.00030000000000000073 	 Training loss: 0.04229841768741607
[2025-01-06 08:40:37,475] INFO: Iter 18900 Summary: 
[2025-01-06 08:40:37,475] INFO: 	 lr: 0.00030000000000000073 	 Training loss: 0.042191690616309646
[2025-01-06 08:40:45,366] INFO: Iter 19000 Summary: 
[2025-01-06 08:40:45,366] INFO: 	 lr: 0.00030000000000000073 	 Training loss: 0.04215499047189951
[2025-01-06 08:40:53,521] INFO: Iter 19100 Summary: 
[2025-01-06 08:40:53,521] INFO: 	 lr: 0.00030000000000000073 	 Training loss: 0.042607713937759396
[2025-01-06 08:41:01,354] INFO: Iter 19200 Summary: 
[2025-01-06 08:41:01,355] INFO: 	 lr: 0.00030000000000000073 	 Training loss: 0.04229609612375498
[2025-01-06 08:41:10,797] INFO: Iter 19300 Summary: 
[2025-01-06 08:41:10,797] INFO: 	 lr: 0.00030000000000000073 	 Training loss: 0.04229699447751045
[2025-01-06 08:41:18,867] INFO: Iter 19400 Summary: 
[2025-01-06 08:41:18,867] INFO: 	 lr: 0.00030000000000000073 	 Training loss: 0.04246686570346356
[2025-01-06 08:41:26,751] INFO: Iter 19500 Summary: 
[2025-01-06 08:41:26,752] INFO: 	 lr: 0.00030000000000000073 	 Training loss: 0.04232581701129675
[2025-01-06 08:41:34,321] INFO: Iter 19600 Summary: 
[2025-01-06 08:41:34,321] INFO: 	 lr: 0.00030000000000000073 	 Training loss: 0.04259832095354796
[2025-01-06 08:41:42,869] INFO: Iter 19700 Summary: 
[2025-01-06 08:41:42,869] INFO: 	 lr: 0.00030000000000000073 	 Training loss: 0.04193228460848331
[2025-01-06 08:41:51,595] INFO: Iter 19800 Summary: 
[2025-01-06 08:41:51,595] INFO: 	 lr: 0.00030000000000000073 	 Training loss: 0.04207081001251936
[2025-01-06 08:41:59,664] INFO: Iter 19900 Summary: 
[2025-01-06 08:41:59,664] INFO: 	 lr: 0.00030000000000000073 	 Training loss: 0.04239111348986626
[2025-01-06 08:42:09,377] INFO: Iter 20000 Summary: 
[2025-01-06 08:42:09,378] INFO: 	 lr: 0.00030000000000000073 	 Training loss: 0.04208907574415207
[2025-01-06 08:42:20,957] INFO: Iter 20100 Summary: 
[2025-01-06 08:42:20,957] INFO: 	 lr: 0.00030000000000000073 	 Training loss: 0.042113189361989496
[2025-01-06 08:42:28,862] INFO: Iter 20200 Summary: 
[2025-01-06 08:42:28,862] INFO: 	 lr: 0.00030000000000000073 	 Training loss: 0.04209907528012991
[2025-01-06 08:42:37,018] INFO: Iter 20300 Summary: 
[2025-01-06 08:42:37,018] INFO: 	 lr: 0.00030000000000000073 	 Training loss: 0.042160493321716785
[2025-01-06 08:42:44,702] INFO: Iter 20400 Summary: 
[2025-01-06 08:42:44,702] INFO: 	 lr: 0.00030000000000000073 	 Training loss: 0.04175016835331917
[2025-01-06 08:42:52,676] INFO: Iter 20500 Summary: 
[2025-01-06 08:42:52,676] INFO: 	 lr: 0.00030000000000000073 	 Training loss: 0.042363185696303846
[2025-01-06 08:43:00,887] INFO: Iter 20600 Summary: 
[2025-01-06 08:43:00,887] INFO: 	 lr: 0.00030000000000000073 	 Training loss: 0.04213947732001543
[2025-01-06 08:43:11,090] INFO: Iter 20700 Summary: 
[2025-01-06 08:43:11,090] INFO: 	 lr: 0.00030000000000000073 	 Training loss: 0.041663825958967206
[2025-01-06 08:43:18,941] INFO: Iter 20800 Summary: 
[2025-01-06 08:43:18,941] INFO: 	 lr: 0.00030000000000000073 	 Training loss: 0.04212846916168928
[2025-01-06 08:43:25,911] INFO: Iter 20900 Summary: 
[2025-01-06 08:43:25,911] INFO: 	 lr: 0.00030000000000000073 	 Training loss: 0.04205016952008009
[2025-01-06 08:43:33,868] INFO: Iter 21000 Summary: 
[2025-01-06 08:43:33,868] INFO: 	 lr: 0.00030000000000000073 	 Training loss: 0.042306042313575744
[2025-01-06 08:43:41,705] INFO: Iter 21100 Summary: 
[2025-01-06 08:43:41,705] INFO: 	 lr: 0.00030000000000000073 	 Training loss: 0.042195986099541186
[2025-01-06 08:43:50,204] INFO: Iter 21200 Summary: 
[2025-01-06 08:43:50,204] INFO: 	 lr: 0.00030000000000000073 	 Training loss: 0.0419701436907053
[2025-01-06 08:43:57,906] INFO: Iter 21300 Summary: 
[2025-01-06 08:43:57,907] INFO: 	 lr: 0.00030000000000000073 	 Training loss: 0.04196967709809542
[2025-01-06 08:44:07,596] INFO: Iter 21400 Summary: 
[2025-01-06 08:44:07,597] INFO: 	 lr: 0.00030000000000000073 	 Training loss: 0.04199214026331902
[2025-01-06 08:44:15,790] INFO: Iter 21500 Summary: 
[2025-01-06 08:44:15,790] INFO: 	 lr: 0.00030000000000000073 	 Training loss: 0.041712706983089445
[2025-01-06 08:44:24,195] INFO: Iter 21600 Summary: 
[2025-01-06 08:44:24,195] INFO: 	 lr: 0.00030000000000000073 	 Training loss: 0.04176227681338787
[2025-01-06 08:44:32,671] INFO: Iter 21700 Summary: 
[2025-01-06 08:44:32,671] INFO: 	 lr: 0.00030000000000000073 	 Training loss: 0.04201717119663954
[2025-01-06 08:44:40,096] INFO: Iter 21800 Summary: 
[2025-01-06 08:44:40,097] INFO: 	 lr: 0.00030000000000000073 	 Training loss: 0.041809657886624337
[2025-01-06 08:44:48,393] INFO: Iter 21900 Summary: 
[2025-01-06 08:44:48,393] INFO: 	 lr: 0.00030000000000000073 	 Training loss: 0.04181607455015182
[2025-01-06 08:44:56,393] INFO: Iter 22000 Summary: 
[2025-01-06 08:44:56,394] INFO: 	 lr: 0.00030000000000000073 	 Training loss: 0.04209232848137617
[2025-01-06 08:45:09,606] INFO: Iter 22100 Summary: 
[2025-01-06 08:45:09,606] INFO: 	 lr: 0.00030000000000000073 	 Training loss: 0.04179217983037233
[2025-01-06 08:45:18,848] INFO: Iter 22200 Summary: 
[2025-01-06 08:45:18,848] INFO: 	 lr: 0.00030000000000000073 	 Training loss: 0.04181867949664593
[2025-01-06 08:45:26,395] INFO: Iter 22300 Summary: 
[2025-01-06 08:45:26,396] INFO: 	 lr: 0.00030000000000000073 	 Training loss: 0.04189510408788919
[2025-01-06 08:45:33,920] INFO: Iter 22400 Summary: 
[2025-01-06 08:45:33,921] INFO: 	 lr: 0.00030000000000000073 	 Training loss: 0.04225882351398468
[2025-01-06 08:45:41,492] INFO: Iter 22500 Summary: 
[2025-01-06 08:45:41,492] INFO: 	 lr: 0.00030000000000000073 	 Training loss: 0.0420125862583518
[2025-01-06 08:45:48,813] INFO: Iter 22600 Summary: 
[2025-01-06 08:45:48,813] INFO: 	 lr: 0.00030000000000000073 	 Training loss: 0.04178625926375389
[2025-01-06 08:45:56,291] INFO: Iter 22700 Summary: 
[2025-01-06 08:45:56,292] INFO: 	 lr: 0.00030000000000000073 	 Training loss: 0.04155410125851631
[2025-01-06 08:46:05,952] INFO: Iter 22800 Summary: 
[2025-01-06 08:46:05,952] INFO: 	 lr: 0.00030000000000000073 	 Training loss: 0.041515538431704045
[2025-01-06 08:46:13,336] INFO: Iter 22900 Summary: 
[2025-01-06 08:46:13,336] INFO: 	 lr: 0.00030000000000000073 	 Training loss: 0.041965306773781776
[2025-01-06 08:46:21,460] INFO: Iter 23000 Summary: 
[2025-01-06 08:46:21,460] INFO: 	 lr: 0.00030000000000000073 	 Training loss: 0.04212070528417826
[2025-01-06 08:46:29,660] INFO: Iter 23100 Summary: 
[2025-01-06 08:46:29,661] INFO: 	 lr: 0.00030000000000000073 	 Training loss: 0.04166029155254364
[2025-01-06 08:46:37,772] INFO: Iter 23200 Summary: 
[2025-01-06 08:46:37,772] INFO: 	 lr: 0.00030000000000000073 	 Training loss: 0.041490593701601026
[2025-01-06 08:46:45,853] INFO: Iter 23300 Summary: 
[2025-01-06 08:46:45,853] INFO: 	 lr: 0.00030000000000000073 	 Training loss: 0.04182571083307266
[2025-01-06 08:46:54,538] INFO: Iter 23400 Summary: 
[2025-01-06 08:46:54,539] INFO: 	 lr: 0.00030000000000000073 	 Training loss: 0.0423119330778718
[2025-01-06 08:47:02,393] INFO: Iter 23500 Summary: 
[2025-01-06 08:47:02,394] INFO: 	 lr: 0.00030000000000000073 	 Training loss: 0.04151888780295849
[2025-01-06 08:47:10,507] INFO: Iter 23600 Summary: 
[2025-01-06 08:47:10,507] INFO: 	 lr: 0.00030000000000000073 	 Training loss: 0.041594257764518264
[2025-01-06 08:47:18,787] INFO: Iter 23700 Summary: 
[2025-01-06 08:47:18,788] INFO: 	 lr: 0.00030000000000000073 	 Training loss: 0.041717001311481
[2025-01-06 08:47:26,659] INFO: Iter 23800 Summary: 
[2025-01-06 08:47:26,659] INFO: 	 lr: 0.00030000000000000073 	 Training loss: 0.04148293349891901
[2025-01-06 08:47:34,350] INFO: Iter 23900 Summary: 
[2025-01-06 08:47:34,350] INFO: 	 lr: 0.00030000000000000073 	 Training loss: 0.041663119420409206
[2025-01-06 08:47:42,259] INFO: Iter 24000 Summary: 
[2025-01-06 08:47:42,259] INFO: 	 lr: 0.00030000000000000073 	 Training loss: 0.04188552461564541
[2025-01-06 08:47:55,153] INFO: Iter 24100 Summary: 
[2025-01-06 08:47:55,154] INFO: 	 lr: 0.00030000000000000073 	 Training loss: 0.04179443169385195
[2025-01-06 08:48:03,401] INFO: Iter 24200 Summary: 
[2025-01-06 08:48:03,401] INFO: 	 lr: 0.00030000000000000073 	 Training loss: 0.04186712939292193
[2025-01-06 08:48:11,589] INFO: Iter 24300 Summary: 
[2025-01-06 08:48:11,589] INFO: 	 lr: 0.00030000000000000073 	 Training loss: 0.04152362711727619
[2025-01-06 08:48:20,374] INFO: Iter 24400 Summary: 
[2025-01-06 08:48:20,375] INFO: 	 lr: 0.00030000000000000073 	 Training loss: 0.0418048520758748
[2025-01-06 08:48:29,960] INFO: Iter 24500 Summary: 
[2025-01-06 08:48:29,960] INFO: 	 lr: 0.00030000000000000073 	 Training loss: 0.04180307075381279
[2025-01-06 08:48:40,719] INFO: Iter 24600 Summary: 
[2025-01-06 08:48:40,719] INFO: 	 lr: 0.00030000000000000073 	 Training loss: 0.042021364234387876
[2025-01-06 08:48:51,235] INFO: Iter 24700 Summary: 
[2025-01-06 08:48:51,236] INFO: 	 lr: 0.00030000000000000073 	 Training loss: 0.041589923612773416
[2025-01-06 08:49:02,771] INFO: Iter 24800 Summary: 
[2025-01-06 08:49:02,772] INFO: 	 lr: 0.00030000000000000073 	 Training loss: 0.04144292090088129
[2025-01-06 08:49:11,850] INFO: Iter 24900 Summary: 
[2025-01-06 08:49:11,850] INFO: 	 lr: 0.00030000000000000073 	 Training loss: 0.041785928606987
[2025-01-06 08:49:19,973] INFO: Iter 25000 Summary: 
[2025-01-06 08:49:19,973] INFO: 	 lr: 0.00030000000000000073 	 Training loss: 0.04147872298955917
[2025-01-06 08:49:28,259] INFO: Iter 25100 Summary: 
[2025-01-06 08:49:28,259] INFO: 	 lr: 0.00030000000000000073 	 Training loss: 0.04166340731084347
[2025-01-06 08:49:36,605] INFO: Iter 25200 Summary: 
[2025-01-06 08:49:36,605] INFO: 	 lr: 0.00030000000000000073 	 Training loss: 0.04141841422766447
[2025-01-06 08:49:44,260] INFO: Iter 25300 Summary: 
[2025-01-06 08:49:44,261] INFO: 	 lr: 0.00030000000000000073 	 Training loss: 0.04154850140213966
[2025-01-06 08:49:51,952] INFO: Iter 25400 Summary: 
[2025-01-06 08:49:51,953] INFO: 	 lr: 0.00030000000000000073 	 Training loss: 0.04169613614678383
[2025-01-06 08:50:01,478] INFO: Iter 25500 Summary: 
[2025-01-06 08:50:01,479] INFO: 	 lr: 0.00030000000000000073 	 Training loss: 0.041520961597561835
[2025-01-06 08:50:10,481] INFO: Iter 25600 Summary: 
[2025-01-06 08:50:10,481] INFO: 	 lr: 0.00030000000000000073 	 Training loss: 0.041392861902713775
[2025-01-06 08:50:18,806] INFO: Iter 25700 Summary: 
[2025-01-06 08:50:18,806] INFO: 	 lr: 0.00030000000000000073 	 Training loss: 0.041610250286757945
[2025-01-06 08:50:26,981] INFO: Iter 25800 Summary: 
[2025-01-06 08:50:26,981] INFO: 	 lr: 0.00030000000000000073 	 Training loss: 0.041462924033403396
[2025-01-06 08:50:34,945] INFO: Iter 25900 Summary: 
[2025-01-06 08:50:34,946] INFO: 	 lr: 0.00030000000000000073 	 Training loss: 0.04159791443496943
[2025-01-06 08:50:42,702] INFO: Iter 26000 Summary: 
[2025-01-06 08:50:42,702] INFO: 	 lr: 0.00030000000000000073 	 Training loss: 0.04171600989997387
[2025-01-06 08:50:53,840] INFO: Iter 26100 Summary: 
[2025-01-06 08:50:53,840] INFO: 	 lr: 0.00030000000000000073 	 Training loss: 0.041697600819170476
[2025-01-06 08:51:03,463] INFO: Iter 26200 Summary: 
[2025-01-06 08:51:03,464] INFO: 	 lr: 0.00030000000000000073 	 Training loss: 0.04147190216928721
[2025-01-06 08:51:11,012] INFO: Iter 26300 Summary: 
[2025-01-06 08:51:11,013] INFO: 	 lr: 0.00030000000000000073 	 Training loss: 0.0413718431442976
[2025-01-06 08:51:19,038] INFO: Iter 26400 Summary: 
[2025-01-06 08:51:19,038] INFO: 	 lr: 0.00030000000000000073 	 Training loss: 0.04153089795261621
[2025-01-06 08:51:27,634] INFO: Iter 26500 Summary: 
[2025-01-06 08:51:27,634] INFO: 	 lr: 0.00030000000000000073 	 Training loss: 0.04144583936780691
[2025-01-06 08:51:35,719] INFO: Iter 26600 Summary: 
[2025-01-06 08:51:35,719] INFO: 	 lr: 0.00030000000000000073 	 Training loss: 0.04165700949728489
[2025-01-06 08:51:45,510] INFO: Iter 26700 Summary: 
[2025-01-06 08:51:45,510] INFO: 	 lr: 0.00030000000000000073 	 Training loss: 0.04165080726146698
[2025-01-06 08:51:54,880] INFO: Iter 26800 Summary: 
[2025-01-06 08:51:54,880] INFO: 	 lr: 0.00030000000000000073 	 Training loss: 0.041711069755256173
[2025-01-06 08:52:07,170] INFO: Iter 26900 Summary: 
[2025-01-06 08:52:07,170] INFO: 	 lr: 0.00030000000000000073 	 Training loss: 0.04162643354386091
[2025-01-06 08:52:15,664] INFO: Iter 27000 Summary: 
[2025-01-06 08:52:15,664] INFO: 	 lr: 0.00030000000000000073 	 Training loss: 0.041250090450048446
[2025-01-06 08:52:24,126] INFO: Iter 27100 Summary: 
[2025-01-06 08:52:24,126] INFO: 	 lr: 0.00030000000000000073 	 Training loss: 0.0414060078561306
[2025-01-06 08:52:32,358] INFO: Iter 27200 Summary: 
[2025-01-06 08:52:32,358] INFO: 	 lr: 0.00030000000000000073 	 Training loss: 0.04120923493057489
[2025-01-06 08:52:40,018] INFO: Iter 27300 Summary: 
[2025-01-06 08:52:40,019] INFO: 	 lr: 0.00030000000000000073 	 Training loss: 0.04148569859564304
[2025-01-06 08:52:47,331] INFO: Iter 27400 Summary: 
[2025-01-06 08:52:47,331] INFO: 	 lr: 0.00030000000000000073 	 Training loss: 0.04148180812597275
[2025-01-06 08:52:55,242] INFO: Iter 27500 Summary: 
[2025-01-06 08:52:55,243] INFO: 	 lr: 0.00030000000000000073 	 Training loss: 0.04168331943452358
[2025-01-06 08:53:03,709] INFO: Iter 27600 Summary: 
[2025-01-06 08:53:03,710] INFO: 	 lr: 0.00030000000000000073 	 Training loss: 0.041502341777086255
[2025-01-06 08:53:11,141] INFO: Iter 27700 Summary: 
[2025-01-06 08:53:11,141] INFO: 	 lr: 0.00030000000000000073 	 Training loss: 0.04162909105420112
[2025-01-06 08:53:18,527] INFO: Iter 27800 Summary: 
[2025-01-06 08:53:18,528] INFO: 	 lr: 0.00030000000000000073 	 Training loss: 0.04133596930652857
[2025-01-06 08:53:26,478] INFO: Iter 27900 Summary: 
[2025-01-06 08:53:26,478] INFO: 	 lr: 0.00030000000000000073 	 Training loss: 0.04151450529694557
[2025-01-06 08:53:34,040] INFO: Iter 28000 Summary: 
[2025-01-06 08:53:34,040] INFO: 	 lr: 0.00030000000000000073 	 Training loss: 0.04122978769242763
[2025-01-06 08:53:44,601] INFO: Iter 28100 Summary: 
[2025-01-06 08:53:44,602] INFO: 	 lr: 0.00030000000000000073 	 Training loss: 0.04101821903139353
[2025-01-06 08:53:53,108] INFO: Iter 28200 Summary: 
[2025-01-06 08:53:53,109] INFO: 	 lr: 0.00030000000000000073 	 Training loss: 0.04164216801524162
[2025-01-06 08:54:02,603] INFO: Iter 28300 Summary: 
[2025-01-06 08:54:02,603] INFO: 	 lr: 0.00030000000000000073 	 Training loss: 0.041057690605521203
[2025-01-06 08:54:10,728] INFO: Iter 28400 Summary: 
[2025-01-06 08:54:10,728] INFO: 	 lr: 0.00030000000000000073 	 Training loss: 0.04124077007174492
[2025-01-06 08:54:19,509] INFO: Iter 28500 Summary: 
[2025-01-06 08:54:19,509] INFO: 	 lr: 0.00030000000000000073 	 Training loss: 0.0413812318816781
[2025-01-06 08:54:28,103] INFO: Iter 28600 Summary: 
[2025-01-06 08:54:28,104] INFO: 	 lr: 0.00030000000000000073 	 Training loss: 0.04144347358494997
[2025-01-06 08:54:36,059] INFO: Iter 28700 Summary: 
[2025-01-06 08:54:36,059] INFO: 	 lr: 0.00030000000000000073 	 Training loss: 0.04138836193829775
[2025-01-06 08:54:44,073] INFO: Iter 28800 Summary: 
[2025-01-06 08:54:44,073] INFO: 	 lr: 0.00030000000000000073 	 Training loss: 0.04158077232539654
[2025-01-06 08:54:54,286] INFO: Iter 28900 Summary: 
[2025-01-06 08:54:54,288] INFO: 	 lr: 0.00030000000000000073 	 Training loss: 0.04122162528336048
[2025-01-06 08:55:04,275] INFO: Iter 29000 Summary: 
[2025-01-06 08:55:04,275] INFO: 	 lr: 0.00030000000000000073 	 Training loss: 0.04106241773813963
[2025-01-06 08:55:12,439] INFO: Iter 29100 Summary: 
[2025-01-06 08:55:12,440] INFO: 	 lr: 0.00030000000000000073 	 Training loss: 0.04117119792848825
[2025-01-06 08:55:22,958] INFO: Iter 29200 Summary: 
[2025-01-06 08:55:22,958] INFO: 	 lr: 0.00030000000000000073 	 Training loss: 0.041269340217113495
[2025-01-06 08:55:33,692] INFO: Iter 29300 Summary: 
[2025-01-06 08:55:33,693] INFO: 	 lr: 0.00030000000000000073 	 Training loss: 0.04140119306743145
[2025-01-06 08:55:43,420] INFO: Iter 29400 Summary: 
[2025-01-06 08:55:43,420] INFO: 	 lr: 0.00030000000000000073 	 Training loss: 0.041114237569272516
[2025-01-06 08:55:53,054] INFO: Iter 29500 Summary: 
[2025-01-06 08:55:53,054] INFO: 	 lr: 0.00030000000000000073 	 Training loss: 0.04151031259447336
[2025-01-06 08:56:03,550] INFO: Iter 29600 Summary: 
[2025-01-06 08:56:03,551] INFO: 	 lr: 0.00030000000000000073 	 Training loss: 0.04136239193379879
[2025-01-06 08:56:11,957] INFO: Iter 29700 Summary: 
[2025-01-06 08:56:11,957] INFO: 	 lr: 0.00030000000000000073 	 Training loss: 0.04110354579985142
[2025-01-06 08:56:20,004] INFO: Iter 29800 Summary: 
[2025-01-06 08:56:20,004] INFO: 	 lr: 0.00030000000000000073 	 Training loss: 0.04091718789190054
[2025-01-06 08:56:27,840] INFO: Iter 29900 Summary: 
[2025-01-06 08:56:27,841] INFO: 	 lr: 0.00030000000000000073 	 Training loss: 0.04133043188601732
[2025-01-06 08:56:36,235] INFO: Iter 30000 Summary: 
[2025-01-06 08:56:36,235] INFO: 	 lr: 0.00030000000000000073 	 Training loss: 0.041549237854778764
[2025-01-06 08:56:48,065] INFO: Iter 30100 Summary: 
[2025-01-06 08:56:48,065] INFO: 	 lr: 1.2900000000000026e-05 	 Training loss: 0.040073423124849794
[2025-01-06 08:56:56,426] INFO: Iter 30200 Summary: 
[2025-01-06 08:56:56,426] INFO: 	 lr: 1.000000000000002e-05 	 Training loss: 0.040158442445099356
[2025-01-06 08:57:08,404] INFO: Iter 30300 Summary: 
[2025-01-06 08:57:08,405] INFO: 	 lr: 1.000000000000002e-05 	 Training loss: 0.04018279440701008
[2025-01-06 08:57:18,448] INFO: Iter 30400 Summary: 
[2025-01-06 08:57:18,448] INFO: 	 lr: 1.000000000000002e-05 	 Training loss: 0.03940496500581503
[2025-01-06 08:57:28,769] INFO: Iter 30500 Summary: 
[2025-01-06 08:57:28,769] INFO: 	 lr: 1.000000000000002e-05 	 Training loss: 0.03949227120727301
[2025-01-06 08:57:39,022] INFO: Iter 30600 Summary: 
[2025-01-06 08:57:39,023] INFO: 	 lr: 1.000000000000002e-05 	 Training loss: 0.039728109017014505
[2025-01-06 08:57:51,850] INFO: Iter 30700 Summary: 
[2025-01-06 08:57:51,850] INFO: 	 lr: 1.000000000000002e-05 	 Training loss: 0.03960905898362398
[2025-01-06 08:58:02,582] INFO: Iter 30800 Summary: 
[2025-01-06 08:58:02,582] INFO: 	 lr: 1.000000000000002e-05 	 Training loss: 0.03957394830882549
[2025-01-06 08:58:12,937] INFO: Iter 30900 Summary: 
[2025-01-06 08:58:12,938] INFO: 	 lr: 1.000000000000002e-05 	 Training loss: 0.03941359411925077
[2025-01-06 08:58:25,571] INFO: Iter 31000 Summary: 
[2025-01-06 08:58:25,572] INFO: 	 lr: 1.000000000000002e-05 	 Training loss: 0.03948211271315813
[2025-01-06 08:58:35,816] INFO: Iter 31100 Summary: 
[2025-01-06 08:58:35,816] INFO: 	 lr: 1.000000000000002e-05 	 Training loss: 0.039349213913083075
[2025-01-06 08:58:45,732] INFO: Iter 31200 Summary: 
[2025-01-06 08:58:45,732] INFO: 	 lr: 1.000000000000002e-05 	 Training loss: 0.03928373865783215
[2025-01-06 08:58:55,057] INFO: Iter 31300 Summary: 
[2025-01-06 08:58:55,057] INFO: 	 lr: 1.000000000000002e-05 	 Training loss: 0.03941128768026829
[2025-01-06 08:59:05,424] INFO: Iter 31400 Summary: 
[2025-01-06 08:59:05,425] INFO: 	 lr: 1.000000000000002e-05 	 Training loss: 0.03949567589908838
[2025-01-06 08:59:15,478] INFO: Iter 31500 Summary: 
[2025-01-06 08:59:15,478] INFO: 	 lr: 1.000000000000002e-05 	 Training loss: 0.03952575452625751
[2025-01-06 08:59:27,293] INFO: Iter 31600 Summary: 
[2025-01-06 08:59:27,293] INFO: 	 lr: 1.000000000000002e-05 	 Training loss: 0.03939875211566687
[2025-01-06 08:59:39,783] INFO: Iter 31700 Summary: 
[2025-01-06 08:59:39,784] INFO: 	 lr: 1.000000000000002e-05 	 Training loss: 0.03922551244497299
[2025-01-06 08:59:48,947] INFO: Iter 31800 Summary: 
[2025-01-06 08:59:48,947] INFO: 	 lr: 1.000000000000002e-05 	 Training loss: 0.03931451693177223
[2025-01-06 09:00:00,085] INFO: Iter 31900 Summary: 
[2025-01-06 09:00:00,085] INFO: 	 lr: 1.000000000000002e-05 	 Training loss: 0.03909239921718836
[2025-01-06 09:00:08,831] INFO: Iter 32000 Summary: 
[2025-01-06 09:00:08,831] INFO: 	 lr: 1.000000000000002e-05 	 Training loss: 0.03921873673796654
[2025-01-06 09:00:21,667] INFO: Iter 32100 Summary: 
[2025-01-06 09:00:21,667] INFO: 	 lr: 1.000000000000002e-05 	 Training loss: 0.03925857435911894
[2025-01-06 09:00:30,513] INFO: Iter 32200 Summary: 
[2025-01-06 09:00:30,513] INFO: 	 lr: 1.000000000000002e-05 	 Training loss: 0.0394405971840024
[2025-01-06 09:00:40,422] INFO: Iter 32300 Summary: 
[2025-01-06 09:00:40,423] INFO: 	 lr: 1.000000000000002e-05 	 Training loss: 0.03931067049503326
[2025-01-06 09:00:53,975] INFO: Iter 32400 Summary: 
[2025-01-06 09:00:53,976] INFO: 	 lr: 1.000000000000002e-05 	 Training loss: 0.039433681294322016
[2025-01-06 09:01:03,306] INFO: Iter 32500 Summary: 
[2025-01-06 09:01:03,306] INFO: 	 lr: 1.000000000000002e-05 	 Training loss: 0.03915022559463978
[2025-01-06 09:01:13,702] INFO: Iter 32600 Summary: 
[2025-01-06 09:01:13,702] INFO: 	 lr: 1.000000000000002e-05 	 Training loss: 0.03901659198105335
[2025-01-06 09:01:23,633] INFO: Iter 32700 Summary: 
[2025-01-06 09:01:23,634] INFO: 	 lr: 1.000000000000002e-05 	 Training loss: 0.03919138304889202
[2025-01-06 09:01:33,498] INFO: Iter 32800 Summary: 
[2025-01-06 09:01:33,498] INFO: 	 lr: 1.000000000000002e-05 	 Training loss: 0.03904020946472883
[2025-01-06 09:01:42,638] INFO: Iter 32900 Summary: 
[2025-01-06 09:01:42,638] INFO: 	 lr: 1.000000000000002e-05 	 Training loss: 0.03960494853556156
[2025-01-06 09:01:54,722] INFO: Iter 33000 Summary: 
[2025-01-06 09:01:54,722] INFO: 	 lr: 1.000000000000002e-05 	 Training loss: 0.039181907251477244
[2025-01-06 09:02:07,586] INFO: Iter 33100 Summary: 
[2025-01-06 09:02:07,586] INFO: 	 lr: 1.000000000000002e-05 	 Training loss: 0.03948932398110628
[2025-01-06 09:02:16,281] INFO: Iter 33200 Summary: 
[2025-01-06 09:02:16,281] INFO: 	 lr: 1.000000000000002e-05 	 Training loss: 0.03907411217689514
[2025-01-06 09:02:26,011] INFO: Iter 33300 Summary: 
[2025-01-06 09:02:26,012] INFO: 	 lr: 1.000000000000002e-05 	 Training loss: 0.03920371726155281
[2025-01-06 09:02:35,310] INFO: Iter 33400 Summary: 
[2025-01-06 09:02:35,310] INFO: 	 lr: 1.000000000000002e-05 	 Training loss: 0.03946795877069235
[2025-01-06 09:02:43,544] INFO: Iter 33500 Summary: 
[2025-01-06 09:02:43,544] INFO: 	 lr: 1.000000000000002e-05 	 Training loss: 0.03918434653431177
[2025-01-06 09:02:53,897] INFO: Iter 33600 Summary: 
[2025-01-06 09:02:53,900] INFO: 	 lr: 1.000000000000002e-05 	 Training loss: 0.03881111517548561
[2025-01-06 09:03:04,528] INFO: Iter 33700 Summary: 
[2025-01-06 09:03:04,528] INFO: 	 lr: 1.000000000000002e-05 	 Training loss: 0.03902491226792335
[2025-01-06 09:03:16,942] INFO: Iter 33800 Summary: 
[2025-01-06 09:03:16,943] INFO: 	 lr: 1.000000000000002e-05 	 Training loss: 0.039237070232629775
[2025-01-06 09:03:25,546] INFO: Iter 33900 Summary: 
[2025-01-06 09:03:25,546] INFO: 	 lr: 1.000000000000002e-05 	 Training loss: 0.038954015076160434
[2025-01-06 09:03:35,129] INFO: Iter 34000 Summary: 
[2025-01-06 09:03:35,129] INFO: 	 lr: 1.000000000000002e-05 	 Training loss: 0.03945903714746237
[2025-01-06 09:03:49,874] INFO: Iter 34100 Summary: 
[2025-01-06 09:03:49,874] INFO: 	 lr: 1.000000000000002e-05 	 Training loss: 0.039096798300743106
[2025-01-06 09:04:00,734] INFO: Iter 34200 Summary: 
[2025-01-06 09:04:00,735] INFO: 	 lr: 1.000000000000002e-05 	 Training loss: 0.03912244439125061
[2025-01-06 09:04:10,921] INFO: Iter 34300 Summary: 
[2025-01-06 09:04:10,921] INFO: 	 lr: 1.000000000000002e-05 	 Training loss: 0.03893943563103676
[2025-01-06 09:04:21,775] INFO: Iter 34400 Summary: 
[2025-01-06 09:04:21,776] INFO: 	 lr: 1.000000000000002e-05 	 Training loss: 0.039019123427569864
[2025-01-06 09:04:35,355] INFO: Iter 34500 Summary: 
[2025-01-06 09:04:35,356] INFO: 	 lr: 1.000000000000002e-05 	 Training loss: 0.03918298274278641
[2025-01-06 09:04:46,073] INFO: Iter 34600 Summary: 
[2025-01-06 09:04:46,073] INFO: 	 lr: 1.000000000000002e-05 	 Training loss: 0.03927249252796173
[2025-01-06 09:04:55,448] INFO: Iter 34700 Summary: 
[2025-01-06 09:04:55,448] INFO: 	 lr: 1.000000000000002e-05 	 Training loss: 0.038917363099753854
[2025-01-06 09:05:04,904] INFO: Iter 34800 Summary: 
[2025-01-06 09:05:04,905] INFO: 	 lr: 1.000000000000002e-05 	 Training loss: 0.0389515020698309
[2025-01-06 09:05:15,382] INFO: Iter 34900 Summary: 
[2025-01-06 09:05:15,382] INFO: 	 lr: 1.000000000000002e-05 	 Training loss: 0.038936352171003816
[2025-01-06 09:05:24,568] INFO: Iter 35000 Summary: 
[2025-01-06 09:05:24,569] INFO: 	 lr: 1.000000000000002e-05 	 Training loss: 0.03905109204351902
[2025-01-06 09:05:35,797] INFO: Iter 35100 Summary: 
[2025-01-06 09:05:35,798] INFO: 	 lr: 1.000000000000002e-05 	 Training loss: 0.03914450313895941
[2025-01-06 09:05:46,123] INFO: Iter 35200 Summary: 
[2025-01-06 09:05:46,123] INFO: 	 lr: 1.000000000000002e-05 	 Training loss: 0.0393886960670352
[2025-01-06 09:05:56,002] INFO: Iter 35300 Summary: 
[2025-01-06 09:05:56,003] INFO: 	 lr: 1.000000000000002e-05 	 Training loss: 0.03887263868004084
[2025-01-06 09:06:07,337] INFO: Iter 35400 Summary: 
[2025-01-06 09:06:07,337] INFO: 	 lr: 1.000000000000002e-05 	 Training loss: 0.0390828562900424
[2025-01-06 09:06:16,207] INFO: Iter 35500 Summary: 
[2025-01-06 09:06:16,207] INFO: 	 lr: 1.000000000000002e-05 	 Training loss: 0.038657487593591215
[2025-01-06 09:06:25,879] INFO: Iter 35600 Summary: 
[2025-01-06 09:06:25,879] INFO: 	 lr: 1.000000000000002e-05 	 Training loss: 0.03930909655988216
[2025-01-06 09:06:35,801] INFO: Iter 35700 Summary: 
[2025-01-06 09:06:35,801] INFO: 	 lr: 1.000000000000002e-05 	 Training loss: 0.039129267558455465
[2025-01-06 09:06:49,653] INFO: Iter 35800 Summary: 
[2025-01-06 09:06:49,653] INFO: 	 lr: 1.000000000000002e-05 	 Training loss: 0.038962031491100786
[2025-01-06 09:06:59,790] INFO: Iter 35900 Summary: 
[2025-01-06 09:06:59,790] INFO: 	 lr: 1.000000000000002e-05 	 Training loss: 0.039026490449905395
[2025-01-06 09:07:10,086] INFO: Iter 36000 Summary: 
[2025-01-06 09:07:10,086] INFO: 	 lr: 1.000000000000002e-05 	 Training loss: 0.03891713872551918
[2025-01-06 09:07:25,619] INFO: Iter 36100 Summary: 
[2025-01-06 09:07:25,620] INFO: 	 lr: 1.000000000000002e-05 	 Training loss: 0.03903984397649765
[2025-01-06 09:07:35,816] INFO: Iter 36200 Summary: 
[2025-01-06 09:07:35,816] INFO: 	 lr: 1.000000000000002e-05 	 Training loss: 0.03891612514853478
[2025-01-06 09:07:44,599] INFO: Iter 36300 Summary: 
[2025-01-06 09:07:44,600] INFO: 	 lr: 1.000000000000002e-05 	 Training loss: 0.038754985742270945
[2025-01-06 09:07:54,177] INFO: Iter 36400 Summary: 
[2025-01-06 09:07:54,177] INFO: 	 lr: 1.000000000000002e-05 	 Training loss: 0.039348066672682765
[2025-01-06 09:08:06,396] INFO: Iter 36500 Summary: 
[2025-01-06 09:08:06,396] INFO: 	 lr: 1.000000000000002e-05 	 Training loss: 0.03900824051350355
[2025-01-06 09:08:16,877] INFO: Iter 36600 Summary: 
[2025-01-06 09:08:16,877] INFO: 	 lr: 1.000000000000002e-05 	 Training loss: 0.03904600724577904
[2025-01-06 09:08:26,686] INFO: Iter 36700 Summary: 
[2025-01-06 09:08:26,686] INFO: 	 lr: 1.000000000000002e-05 	 Training loss: 0.039130345098674295
[2025-01-06 09:08:36,327] INFO: Iter 36800 Summary: 
[2025-01-06 09:08:36,327] INFO: 	 lr: 1.000000000000002e-05 	 Training loss: 0.03875842094421387
[2025-01-06 09:08:45,904] INFO: Iter 36900 Summary: 
[2025-01-06 09:08:45,904] INFO: 	 lr: 1.000000000000002e-05 	 Training loss: 0.03898313384503126
[2025-01-06 09:08:54,592] INFO: Iter 37000 Summary: 
[2025-01-06 09:08:54,593] INFO: 	 lr: 1.000000000000002e-05 	 Training loss: 0.0390222392231226
[2025-01-06 09:09:04,808] INFO: Iter 37100 Summary: 
[2025-01-06 09:09:04,808] INFO: 	 lr: 1.000000000000002e-05 	 Training loss: 0.039474599696695804
[2025-01-06 09:09:17,340] INFO: Iter 37200 Summary: 
[2025-01-06 09:09:17,341] INFO: 	 lr: 1.000000000000002e-05 	 Training loss: 0.03867903735488653
[2025-01-06 09:09:26,542] INFO: Iter 37300 Summary: 
[2025-01-06 09:09:26,542] INFO: 	 lr: 1.000000000000002e-05 	 Training loss: 0.03884309478104114
[2025-01-06 09:09:36,241] INFO: Iter 37400 Summary: 
[2025-01-06 09:09:36,241] INFO: 	 lr: 1.000000000000002e-05 	 Training loss: 0.03911137145012617
[2025-01-06 09:09:46,908] INFO: Iter 37500 Summary: 
[2025-01-06 09:09:46,908] INFO: 	 lr: 1.000000000000002e-05 	 Training loss: 0.03884261775761843
[2025-01-06 09:09:56,699] INFO: Iter 37600 Summary: 
[2025-01-06 09:09:56,699] INFO: 	 lr: 1.000000000000002e-05 	 Training loss: 0.038939278982579706
[2025-01-06 09:10:06,889] INFO: Iter 37700 Summary: 
[2025-01-06 09:10:06,890] INFO: 	 lr: 1.000000000000002e-05 	 Training loss: 0.03905791617929935
[2025-01-06 09:10:17,343] INFO: Iter 37800 Summary: 
[2025-01-06 09:10:17,344] INFO: 	 lr: 1.000000000000002e-05 	 Training loss: 0.03887646820396185
[2025-01-06 09:10:31,625] INFO: Iter 37900 Summary: 
[2025-01-06 09:10:31,626] INFO: 	 lr: 1.000000000000002e-05 	 Training loss: 0.03903408449143171
[2025-01-06 09:10:41,774] INFO: Iter 38000 Summary: 
[2025-01-06 09:10:41,774] INFO: 	 lr: 1.000000000000002e-05 	 Training loss: 0.03912099052220583
[2025-01-06 09:10:56,483] INFO: Iter 38100 Summary: 
[2025-01-06 09:10:56,483] INFO: 	 lr: 1.000000000000002e-05 	 Training loss: 0.038902071192860606
[2025-01-06 09:11:07,000] INFO: Iter 38200 Summary: 
[2025-01-06 09:11:07,000] INFO: 	 lr: 1.000000000000002e-05 	 Training loss: 0.038801763243973254
[2025-01-06 09:11:17,202] INFO: Iter 38300 Summary: 
[2025-01-06 09:11:17,202] INFO: 	 lr: 1.000000000000002e-05 	 Training loss: 0.038927425667643546
[2025-01-06 09:11:27,980] INFO: Iter 38400 Summary: 
[2025-01-06 09:11:27,980] INFO: 	 lr: 1.000000000000002e-05 	 Training loss: 0.0389222152531147
[2025-01-06 09:11:38,231] INFO: Iter 38500 Summary: 
[2025-01-06 09:11:38,231] INFO: 	 lr: 1.000000000000002e-05 	 Training loss: 0.03889786459505558
[2025-01-06 09:11:50,536] INFO: Iter 38600 Summary: 
[2025-01-06 09:11:50,537] INFO: 	 lr: 1.000000000000002e-05 	 Training loss: 0.03891256745904684
[2025-01-06 09:12:00,885] INFO: Iter 38700 Summary: 
[2025-01-06 09:12:00,885] INFO: 	 lr: 1.000000000000002e-05 	 Training loss: 0.03893531650304794
[2025-01-06 09:12:10,111] INFO: Iter 38800 Summary: 
[2025-01-06 09:12:10,112] INFO: 	 lr: 1.000000000000002e-05 	 Training loss: 0.038911282643675806
[2025-01-06 09:12:18,432] INFO: Iter 38900 Summary: 
[2025-01-06 09:12:18,432] INFO: 	 lr: 1.000000000000002e-05 	 Training loss: 0.03870267886668444
[2025-01-06 09:12:27,863] INFO: Iter 39000 Summary: 
[2025-01-06 09:12:27,863] INFO: 	 lr: 1.000000000000002e-05 	 Training loss: 0.038798103518784044
[2025-01-06 09:12:37,371] INFO: Iter 39100 Summary: 
[2025-01-06 09:12:37,371] INFO: 	 lr: 1.000000000000002e-05 	 Training loss: 0.03884738299995661
[2025-01-06 09:12:46,992] INFO: Iter 39200 Summary: 
[2025-01-06 09:12:46,992] INFO: 	 lr: 1.000000000000002e-05 	 Training loss: 0.038996069356799126
[2025-01-06 09:12:59,153] INFO: Iter 39300 Summary: 
[2025-01-06 09:12:59,153] INFO: 	 lr: 1.000000000000002e-05 	 Training loss: 0.03896401129662991
[2025-01-06 09:13:08,155] INFO: Iter 39400 Summary: 
[2025-01-06 09:13:08,156] INFO: 	 lr: 1.000000000000002e-05 	 Training loss: 0.03872700750827789
[2025-01-06 09:13:17,415] INFO: Iter 39500 Summary: 
[2025-01-06 09:13:17,416] INFO: 	 lr: 1.000000000000002e-05 	 Training loss: 0.038416707552969456
[2025-01-06 09:13:28,349] INFO: Iter 39600 Summary: 
[2025-01-06 09:13:28,349] INFO: 	 lr: 1.000000000000002e-05 	 Training loss: 0.03892025649547577
[2025-01-06 09:13:38,104] INFO: Iter 39700 Summary: 
[2025-01-06 09:13:38,104] INFO: 	 lr: 1.000000000000002e-05 	 Training loss: 0.03911091919988394
[2025-01-06 09:13:47,703] INFO: Iter 39800 Summary: 
[2025-01-06 09:13:47,703] INFO: 	 lr: 1.000000000000002e-05 	 Training loss: 0.038671929538249966
[2025-01-06 09:13:57,227] INFO: Iter 39900 Summary: 
[2025-01-06 09:13:57,227] INFO: 	 lr: 1.000000000000002e-05 	 Training loss: 0.03868949338793755
[2025-01-06 09:14:09,089] INFO: Iter 40000 Summary: 
[2025-01-06 09:14:09,089] INFO: 	 lr: 1.000000000000002e-05 	 Training loss: 0.03863487746566534
