[2025-01-09 12:18:46,585] INFO: {
    "abs_dir": "/home/diwang/siMLPe/exps/baseline_h36m",
    "batch_size": 256,
    "cos_lr_max": 1e-05,
    "cos_lr_min": 5e-08,
    "cos_lr_total_iters": 40000,
    "data_aug": true,
    "deriv_input": true,
    "deriv_output": true,
    "device": "cuda:1",
    "h36m_anno_dir": "/home/diwang/siMLPe/data/h36m/",
    "link_log_file": "/home/diwang/siMLPe/exps/baseline_h36m/log/log_last.log",
    "link_val_log_file": "/home/diwang/siMLPe/exps/baseline_h36m/log/val_last.log",
    "log_dir": "/home/diwang/siMLPe/exps/baseline_h36m/log",
    "log_file": "/home/diwang/siMLPe/exps/baseline_h36m/log/log_2025_01_09_12_18_09.log",
    "model_pth": null,
    "motion": {
        "dim": 66,
        "h36m_input_length": 50,
        "h36m_input_length_dct": 50,
        "h36m_target_length": 10,
        "h36m_target_length_eval": 25,
        "h36m_target_length_train": 10
    },
    "motion_fc_in": {
        "activation": "relu",
        "in_features": 66,
        "init_w_trunc_normal": false,
        "out_features": 66,
        "temporal_fc": false,
        "with_norm": false
    },
    "motion_fc_out": {
        "activation": "relu",
        "in_features": 66,
        "init_w_trunc_normal": true,
        "out_features": 66,
        "temporal_fc": false,
        "with_norm": false
    },
    "motion_mlp": {
        "hidden_dim": 66,
        "norm_axis": "spatial",
        "num_layers": 48,
        "seq_len": 50,
        "spatial_fc_only": false,
        "with_normalization": true
    },
    "num_workers": 8,
    "post_dct": false,
    "pre_dct": false,
    "print_every": 100,
    "repo_name": "siMLPe",
    "root_dir": "/home/diwang/siMLPe",
    "save_every": 2000,
    "seed": 304,
    "shift_step": 1,
    "snapshot_dir": "/home/diwang/siMLPe/exps/baseline_h36m/log/snapshot",
    "this_dir": "baseline_h36m",
    "use_relative_loss": true,
    "val_log_file": "/home/diwang/siMLPe/exps/baseline_h36m/log/val_2025_01_09_12_18_09.log",
    "weight_decay": 0.0001
}
[2025-01-09 12:19:04,197] INFO: Iter 100 Summary: 
[2025-01-09 12:19:04,198] INFO: 	 lr: 0.00030000000000000073 	 Training loss: 0.08143332123756408
[2025-01-09 12:19:17,897] INFO: Iter 200 Summary: 
[2025-01-09 12:19:17,897] INFO: 	 lr: 0.00030000000000000073 	 Training loss: 0.07468608923256398
[2025-01-09 12:19:31,374] INFO: Iter 300 Summary: 
[2025-01-09 12:19:31,374] INFO: 	 lr: 0.00030000000000000073 	 Training loss: 0.07477842457592487
[2025-01-09 12:19:46,200] INFO: Iter 400 Summary: 
[2025-01-09 12:19:46,201] INFO: 	 lr: 0.00030000000000000073 	 Training loss: 0.0749150600284338
[2025-01-09 12:19:57,510] INFO: Iter 500 Summary: 
[2025-01-09 12:19:57,510] INFO: 	 lr: 0.00030000000000000073 	 Training loss: 0.07525023348629474
[2025-01-09 12:20:10,721] INFO: Iter 600 Summary: 
[2025-01-09 12:20:10,721] INFO: 	 lr: 0.00030000000000000073 	 Training loss: 0.07515093743801117
[2025-01-09 12:20:27,345] INFO: Iter 700 Summary: 
[2025-01-09 12:20:27,346] INFO: 	 lr: 0.00030000000000000073 	 Training loss: 0.07539059706032276
[2025-01-09 12:20:40,988] INFO: Iter 800 Summary: 
[2025-01-09 12:20:40,988] INFO: 	 lr: 0.00030000000000000073 	 Training loss: 0.0747856280207634
[2025-01-09 12:20:55,193] INFO: Iter 900 Summary: 
[2025-01-09 12:20:55,194] INFO: 	 lr: 0.00030000000000000073 	 Training loss: 0.07478594727814197
[2025-01-09 12:21:08,857] INFO: Iter 1000 Summary: 
[2025-01-09 12:21:08,858] INFO: 	 lr: 0.00030000000000000073 	 Training loss: 0.07509575188159942
[2025-01-09 12:21:21,933] INFO: Iter 1100 Summary: 
[2025-01-09 12:21:21,934] INFO: 	 lr: 0.00030000000000000073 	 Training loss: 0.07462217941880227
[2025-01-09 12:21:34,818] INFO: Iter 1200 Summary: 
[2025-01-09 12:21:34,818] INFO: 	 lr: 0.00030000000000000073 	 Training loss: 0.07484558925032615
[2025-01-09 12:21:49,044] INFO: Iter 1300 Summary: 
[2025-01-09 12:21:49,044] INFO: 	 lr: 0.00030000000000000073 	 Training loss: 0.07548779472708703
[2025-01-09 12:22:04,260] INFO: Iter 1400 Summary: 
[2025-01-09 12:22:04,261] INFO: 	 lr: 0.00030000000000000073 	 Training loss: 0.07495781540870666
[2025-01-09 12:22:16,917] INFO: Iter 1500 Summary: 
[2025-01-09 12:22:16,917] INFO: 	 lr: 0.00030000000000000073 	 Training loss: 0.0749630693346262
[2025-01-09 12:22:30,230] INFO: Iter 1600 Summary: 
[2025-01-09 12:22:30,231] INFO: 	 lr: 0.00030000000000000073 	 Training loss: 0.07454942792654037
[2025-01-09 12:22:44,041] INFO: Iter 1700 Summary: 
[2025-01-09 12:22:44,042] INFO: 	 lr: 0.00030000000000000073 	 Training loss: 0.07508486285805702
[2025-01-09 12:22:57,406] INFO: Iter 1800 Summary: 
[2025-01-09 12:22:57,406] INFO: 	 lr: 0.00030000000000000073 	 Training loss: 0.07510945841670036
[2025-01-09 12:23:09,802] INFO: Iter 1900 Summary: 
[2025-01-09 12:23:09,803] INFO: 	 lr: 0.00030000000000000073 	 Training loss: 0.07474682383239269
[2025-01-09 12:23:23,589] INFO: Iter 2000 Summary: 
[2025-01-09 12:23:23,589] INFO: 	 lr: 0.00030000000000000073 	 Training loss: 0.0749051732569933
[2025-01-09 12:23:43,632] INFO: Iter 2100 Summary: 
[2025-01-09 12:23:43,633] INFO: 	 lr: 0.00030000000000000073 	 Training loss: 0.0730726182460785
[2025-01-09 12:23:57,671] INFO: Iter 2200 Summary: 
[2025-01-09 12:23:57,671] INFO: 	 lr: 0.00030000000000000073 	 Training loss: 0.07135629460215569
[2025-01-09 12:24:09,708] INFO: Iter 2300 Summary: 
[2025-01-09 12:24:09,708] INFO: 	 lr: 0.00030000000000000073 	 Training loss: 0.07083381295204162
[2025-01-09 12:24:21,984] INFO: Iter 2400 Summary: 
[2025-01-09 12:24:21,984] INFO: 	 lr: 0.00030000000000000073 	 Training loss: 0.07040561378002166
[2025-01-09 12:24:32,828] INFO: Iter 2500 Summary: 
[2025-01-09 12:24:32,829] INFO: 	 lr: 0.00030000000000000073 	 Training loss: 0.07020572789013385
[2025-01-09 12:24:44,331] INFO: Iter 2600 Summary: 
[2025-01-09 12:24:44,332] INFO: 	 lr: 0.00030000000000000073 	 Training loss: 0.07044142015278339
[2025-01-09 12:24:58,393] INFO: Iter 2700 Summary: 
[2025-01-09 12:24:58,393] INFO: 	 lr: 0.00030000000000000073 	 Training loss: 0.07049692764878274
[2025-01-09 12:25:13,883] INFO: Iter 2800 Summary: 
[2025-01-09 12:25:13,884] INFO: 	 lr: 0.00030000000000000073 	 Training loss: 0.07036091588437557
[2025-01-09 12:25:25,955] INFO: Iter 2900 Summary: 
[2025-01-09 12:25:25,955] INFO: 	 lr: 0.00030000000000000073 	 Training loss: 0.0698179491981864
[2025-01-09 12:25:38,516] INFO: Iter 3000 Summary: 
[2025-01-09 12:25:38,516] INFO: 	 lr: 0.00030000000000000073 	 Training loss: 0.07021902099251748
[2025-01-09 12:25:48,571] INFO: Iter 3100 Summary: 
[2025-01-09 12:25:48,571] INFO: 	 lr: 0.00030000000000000073 	 Training loss: 0.07048078157007694
[2025-01-09 12:26:01,113] INFO: Iter 3200 Summary: 
[2025-01-09 12:26:01,113] INFO: 	 lr: 0.00030000000000000073 	 Training loss: 0.06966988429427147
[2025-01-09 12:26:13,387] INFO: Iter 3300 Summary: 
[2025-01-09 12:26:13,387] INFO: 	 lr: 0.00030000000000000073 	 Training loss: 0.06992692328989505
[2025-01-09 12:26:25,520] INFO: Iter 3400 Summary: 
[2025-01-09 12:26:25,520] INFO: 	 lr: 0.00030000000000000073 	 Training loss: 0.07020515829324722
[2025-01-09 12:26:40,316] INFO: Iter 3500 Summary: 
[2025-01-09 12:26:40,316] INFO: 	 lr: 0.00030000000000000073 	 Training loss: 0.07045634020119905
[2025-01-09 12:26:52,821] INFO: Iter 3600 Summary: 
[2025-01-09 12:26:52,821] INFO: 	 lr: 0.00030000000000000073 	 Training loss: 0.06945204116404056
[2025-01-09 12:27:03,386] INFO: Iter 3700 Summary: 
[2025-01-09 12:27:03,387] INFO: 	 lr: 0.00030000000000000073 	 Training loss: 0.07051818523555994
[2025-01-09 12:27:15,174] INFO: Iter 3800 Summary: 
[2025-01-09 12:27:15,175] INFO: 	 lr: 0.00030000000000000073 	 Training loss: 0.070125497803092
[2025-01-09 12:27:26,579] INFO: Iter 3900 Summary: 
[2025-01-09 12:27:26,579] INFO: 	 lr: 0.00030000000000000073 	 Training loss: 0.06983981937170029
[2025-01-09 12:27:37,085] INFO: Iter 4000 Summary: 
[2025-01-09 12:27:37,085] INFO: 	 lr: 0.00030000000000000073 	 Training loss: 0.06965319722890854
[2025-01-09 12:27:51,648] INFO: Iter 4100 Summary: 
[2025-01-09 12:27:51,648] INFO: 	 lr: 0.00030000000000000073 	 Training loss: 0.06983397528529167
[2025-01-09 12:28:06,207] INFO: Iter 4200 Summary: 
[2025-01-09 12:28:06,210] INFO: 	 lr: 0.00030000000000000073 	 Training loss: 0.07049622528254985
[2025-01-09 12:28:17,864] INFO: Iter 4300 Summary: 
[2025-01-09 12:28:17,864] INFO: 	 lr: 0.00030000000000000073 	 Training loss: 0.0701392998546362
[2025-01-09 12:28:30,334] INFO: Iter 4400 Summary: 
[2025-01-09 12:28:30,335] INFO: 	 lr: 0.00030000000000000073 	 Training loss: 0.07006333716213703
[2025-01-09 12:28:42,724] INFO: Iter 4500 Summary: 
[2025-01-09 12:28:42,724] INFO: 	 lr: 0.00030000000000000073 	 Training loss: 0.06954163700342178
[2025-01-09 12:28:54,453] INFO: Iter 4600 Summary: 
[2025-01-09 12:28:54,453] INFO: 	 lr: 0.00030000000000000073 	 Training loss: 0.0694859479367733
[2025-01-09 12:29:05,919] INFO: Iter 4700 Summary: 
[2025-01-09 12:29:05,919] INFO: 	 lr: 0.00030000000000000073 	 Training loss: 0.06984151370823383
[2025-01-09 12:29:20,375] INFO: Iter 4800 Summary: 
[2025-01-09 12:29:20,376] INFO: 	 lr: 0.00030000000000000073 	 Training loss: 0.06970354311168193
[2025-01-09 12:29:32,732] INFO: Iter 4900 Summary: 
[2025-01-09 12:29:32,732] INFO: 	 lr: 0.00030000000000000073 	 Training loss: 0.06978993497788906
[2025-01-09 12:29:44,452] INFO: Iter 5000 Summary: 
[2025-01-09 12:29:44,452] INFO: 	 lr: 0.00030000000000000073 	 Training loss: 0.07020926915109157
[2025-01-09 12:29:57,427] INFO: Iter 5100 Summary: 
[2025-01-09 12:29:57,427] INFO: 	 lr: 0.00030000000000000073 	 Training loss: 0.06989033438265324
[2025-01-09 12:30:09,293] INFO: Iter 5200 Summary: 
[2025-01-09 12:30:09,293] INFO: 	 lr: 0.00030000000000000073 	 Training loss: 0.06979647226631641
[2025-01-09 12:30:22,043] INFO: Iter 5300 Summary: 
[2025-01-09 12:30:22,043] INFO: 	 lr: 0.00030000000000000073 	 Training loss: 0.06963451568037271
[2025-01-09 12:30:34,282] INFO: Iter 5400 Summary: 
[2025-01-09 12:30:34,282] INFO: 	 lr: 0.00030000000000000073 	 Training loss: 0.06977008078247308
[2025-01-09 12:30:44,746] INFO: Iter 5500 Summary: 
[2025-01-09 12:30:44,746] INFO: 	 lr: 0.00030000000000000073 	 Training loss: 0.06957979656755925
[2025-01-09 12:30:59,401] INFO: Iter 5600 Summary: 
[2025-01-09 12:30:59,402] INFO: 	 lr: 0.00030000000000000073 	 Training loss: 0.06983670584857464
[2025-01-09 12:31:12,927] INFO: Iter 5700 Summary: 
[2025-01-09 12:31:12,927] INFO: 	 lr: 0.00030000000000000073 	 Training loss: 0.06996538862586021
[2025-01-09 12:31:25,622] INFO: Iter 5800 Summary: 
[2025-01-09 12:31:25,622] INFO: 	 lr: 0.00030000000000000073 	 Training loss: 0.06945957161486149
[2025-01-09 12:31:38,220] INFO: Iter 5900 Summary: 
[2025-01-09 12:31:38,220] INFO: 	 lr: 0.00030000000000000073 	 Training loss: 0.06966844491660595
[2025-01-09 12:31:48,723] INFO: Iter 6000 Summary: 
[2025-01-09 12:31:48,724] INFO: 	 lr: 0.00030000000000000073 	 Training loss: 0.06962603889405727
[2025-01-09 12:32:03,522] INFO: Iter 6100 Summary: 
[2025-01-09 12:32:03,522] INFO: 	 lr: 0.00030000000000000073 	 Training loss: 0.06977725006639958
[2025-01-09 12:32:16,775] INFO: Iter 6200 Summary: 
[2025-01-09 12:32:16,775] INFO: 	 lr: 0.00030000000000000073 	 Training loss: 0.06993312537670135
[2025-01-09 12:32:29,775] INFO: Iter 6300 Summary: 
[2025-01-09 12:32:29,775] INFO: 	 lr: 0.00030000000000000073 	 Training loss: 0.0696746626496315
[2025-01-09 12:32:42,300] INFO: Iter 6400 Summary: 
[2025-01-09 12:32:42,300] INFO: 	 lr: 0.00030000000000000073 	 Training loss: 0.0693280715495348
[2025-01-09 12:32:55,051] INFO: Iter 6500 Summary: 
[2025-01-09 12:32:55,052] INFO: 	 lr: 0.00030000000000000073 	 Training loss: 0.06947253212332725
[2025-01-09 12:33:08,838] INFO: Iter 6600 Summary: 
[2025-01-09 12:33:08,838] INFO: 	 lr: 0.00030000000000000073 	 Training loss: 0.06999717064201832
[2025-01-09 12:33:23,764] INFO: Iter 6700 Summary: 
[2025-01-09 12:33:23,765] INFO: 	 lr: 0.00030000000000000073 	 Training loss: 0.06953080460429191
[2025-01-09 12:33:36,883] INFO: Iter 6800 Summary: 
[2025-01-09 12:33:36,883] INFO: 	 lr: 0.00030000000000000073 	 Training loss: 0.06962842620909214
[2025-01-09 12:33:50,954] INFO: Iter 6900 Summary: 
[2025-01-09 12:33:50,955] INFO: 	 lr: 0.00030000000000000073 	 Training loss: 0.06962128646671772
[2025-01-09 12:34:04,138] INFO: Iter 7000 Summary: 
[2025-01-09 12:34:04,138] INFO: 	 lr: 0.00030000000000000073 	 Training loss: 0.06967069275677204
[2025-01-09 12:34:15,728] INFO: Iter 7100 Summary: 
[2025-01-09 12:34:15,728] INFO: 	 lr: 0.00030000000000000073 	 Training loss: 0.06946260266005994
[2025-01-09 12:34:28,765] INFO: Iter 7200 Summary: 
[2025-01-09 12:34:28,765] INFO: 	 lr: 0.00030000000000000073 	 Training loss: 0.06929935574531555
[2025-01-09 12:34:40,465] INFO: Iter 7300 Summary: 
[2025-01-09 12:34:40,466] INFO: 	 lr: 0.00030000000000000073 	 Training loss: 0.07010595448315143
[2025-01-09 12:34:52,236] INFO: Iter 7400 Summary: 
[2025-01-09 12:34:52,237] INFO: 	 lr: 0.00030000000000000073 	 Training loss: 0.0693477974832058
[2025-01-09 12:35:06,853] INFO: Iter 7500 Summary: 
[2025-01-09 12:35:06,854] INFO: 	 lr: 0.00030000000000000073 	 Training loss: 0.06897401288151742
[2025-01-09 12:35:20,473] INFO: Iter 7600 Summary: 
[2025-01-09 12:35:20,473] INFO: 	 lr: 0.00030000000000000073 	 Training loss: 0.06919204980134964
[2025-01-09 12:35:33,173] INFO: Iter 7700 Summary: 
[2025-01-09 12:35:33,173] INFO: 	 lr: 0.00030000000000000073 	 Training loss: 0.06919724360108376
[2025-01-09 12:35:47,906] INFO: Iter 7800 Summary: 
[2025-01-09 12:35:47,907] INFO: 	 lr: 0.00030000000000000073 	 Training loss: 0.06903465658426285
[2025-01-09 12:36:01,140] INFO: Iter 7900 Summary: 
[2025-01-09 12:36:01,140] INFO: 	 lr: 0.00030000000000000073 	 Training loss: 0.06883528426289559
[2025-01-09 12:36:11,076] INFO: Iter 8000 Summary: 
[2025-01-09 12:36:11,076] INFO: 	 lr: 0.00030000000000000073 	 Training loss: 0.06849430721253157
[2025-01-09 12:36:25,332] INFO: Iter 8100 Summary: 
[2025-01-09 12:36:25,332] INFO: 	 lr: 0.00030000000000000073 	 Training loss: 0.06663057245314122
[2025-01-09 12:36:37,442] INFO: Iter 8200 Summary: 
[2025-01-09 12:36:37,442] INFO: 	 lr: 0.00030000000000000073 	 Training loss: 0.0655994288250804
[2025-01-09 12:36:52,960] INFO: Iter 8300 Summary: 
[2025-01-09 12:36:52,960] INFO: 	 lr: 0.00030000000000000073 	 Training loss: 0.06489029340445995
[2025-01-09 12:37:06,551] INFO: Iter 8400 Summary: 
[2025-01-09 12:37:06,551] INFO: 	 lr: 0.00030000000000000073 	 Training loss: 0.06423114441335201
[2025-01-09 12:37:20,686] INFO: Iter 8500 Summary: 
[2025-01-09 12:37:20,686] INFO: 	 lr: 0.00030000000000000073 	 Training loss: 0.06377572152763605
[2025-01-09 12:37:33,113] INFO: Iter 8600 Summary: 
[2025-01-09 12:37:33,114] INFO: 	 lr: 0.00030000000000000073 	 Training loss: 0.06337057705968618
[2025-01-09 12:37:45,020] INFO: Iter 8700 Summary: 
[2025-01-09 12:37:45,020] INFO: 	 lr: 0.00030000000000000073 	 Training loss: 0.06369865626096725
[2025-01-09 12:37:56,751] INFO: Iter 8800 Summary: 
[2025-01-09 12:37:56,751] INFO: 	 lr: 0.00030000000000000073 	 Training loss: 0.06285321980714798
[2025-01-09 12:38:09,488] INFO: Iter 8900 Summary: 
[2025-01-09 12:38:09,489] INFO: 	 lr: 0.00030000000000000073 	 Training loss: 0.06279082078486681
[2025-01-09 12:38:24,120] INFO: Iter 9000 Summary: 
[2025-01-09 12:38:24,121] INFO: 	 lr: 0.00030000000000000073 	 Training loss: 0.06251886546611786
[2025-01-09 12:38:36,454] INFO: Iter 9100 Summary: 
[2025-01-09 12:38:36,454] INFO: 	 lr: 0.00030000000000000073 	 Training loss: 0.06276708837598562
[2025-01-09 12:38:46,923] INFO: Iter 9200 Summary: 
[2025-01-09 12:38:46,923] INFO: 	 lr: 0.00030000000000000073 	 Training loss: 0.06218347936868668
[2025-01-09 12:39:00,081] INFO: Iter 9300 Summary: 
[2025-01-09 12:39:00,081] INFO: 	 lr: 0.00030000000000000073 	 Training loss: 0.06229384742677212
[2025-01-09 12:39:10,376] INFO: Iter 9400 Summary: 
[2025-01-09 12:39:10,376] INFO: 	 lr: 0.00030000000000000073 	 Training loss: 0.061948467418551444
[2025-01-09 12:39:23,753] INFO: Iter 9500 Summary: 
[2025-01-09 12:39:23,753] INFO: 	 lr: 0.00030000000000000073 	 Training loss: 0.06208326939493418
[2025-01-09 12:39:37,631] INFO: Iter 9600 Summary: 
[2025-01-09 12:39:37,632] INFO: 	 lr: 0.00030000000000000073 	 Training loss: 0.062408121153712276
[2025-01-09 12:39:51,686] INFO: Iter 9700 Summary: 
[2025-01-09 12:39:51,687] INFO: 	 lr: 0.00030000000000000073 	 Training loss: 0.06149303931742907
[2025-01-09 12:40:04,758] INFO: Iter 9800 Summary: 
[2025-01-09 12:40:04,758] INFO: 	 lr: 0.00030000000000000073 	 Training loss: 0.06180932525545359
[2025-01-09 12:40:15,269] INFO: Iter 9900 Summary: 
[2025-01-09 12:40:15,269] INFO: 	 lr: 0.00030000000000000073 	 Training loss: 0.061571823060512544
[2025-01-09 12:40:27,079] INFO: Iter 10000 Summary: 
[2025-01-09 12:40:27,079] INFO: 	 lr: 0.00030000000000000073 	 Training loss: 0.061602056324481964
[2025-01-09 12:40:42,803] INFO: Iter 10100 Summary: 
[2025-01-09 12:40:42,804] INFO: 	 lr: 0.00030000000000000073 	 Training loss: 0.06135678593069315
[2025-01-09 12:40:54,903] INFO: Iter 10200 Summary: 
[2025-01-09 12:40:54,903] INFO: 	 lr: 0.00030000000000000073 	 Training loss: 0.06117968119680881
[2025-01-09 12:41:07,907] INFO: Iter 10300 Summary: 
[2025-01-09 12:41:07,908] INFO: 	 lr: 0.00030000000000000073 	 Training loss: 0.06112171854823828
[2025-01-09 12:41:24,084] INFO: Iter 10400 Summary: 
[2025-01-09 12:41:24,084] INFO: 	 lr: 0.00030000000000000073 	 Training loss: 0.06090494450181723
[2025-01-09 12:41:34,825] INFO: Iter 10500 Summary: 
[2025-01-09 12:41:34,825] INFO: 	 lr: 0.00030000000000000073 	 Training loss: 0.061222308166325096
[2025-01-09 12:41:46,342] INFO: Iter 10600 Summary: 
[2025-01-09 12:41:46,342] INFO: 	 lr: 0.00030000000000000073 	 Training loss: 0.06084981616586447
[2025-01-09 12:41:57,144] INFO: Iter 10700 Summary: 
[2025-01-09 12:41:57,144] INFO: 	 lr: 0.00030000000000000073 	 Training loss: 0.06081160385161638
[2025-01-09 12:42:10,355] INFO: Iter 10800 Summary: 
[2025-01-09 12:42:10,356] INFO: 	 lr: 0.00030000000000000073 	 Training loss: 0.06084146350622177
[2025-01-09 12:42:22,111] INFO: Iter 10900 Summary: 
[2025-01-09 12:42:22,111] INFO: 	 lr: 0.00030000000000000073 	 Training loss: 0.060822225958108905
[2025-01-09 12:42:33,334] INFO: Iter 11000 Summary: 
[2025-01-09 12:42:33,334] INFO: 	 lr: 0.00030000000000000073 	 Training loss: 0.06079363565891981
[2025-01-09 12:42:47,411] INFO: Iter 11100 Summary: 
[2025-01-09 12:42:47,411] INFO: 	 lr: 0.00030000000000000073 	 Training loss: 0.060005687028169635
[2025-01-09 12:42:59,020] INFO: Iter 11200 Summary: 
[2025-01-09 12:42:59,020] INFO: 	 lr: 0.00030000000000000073 	 Training loss: 0.06011275015771389
[2025-01-09 12:43:10,159] INFO: Iter 11300 Summary: 
[2025-01-09 12:43:10,159] INFO: 	 lr: 0.00030000000000000073 	 Training loss: 0.06058916579931974
[2025-01-09 12:43:23,587] INFO: Iter 11400 Summary: 
[2025-01-09 12:43:23,587] INFO: 	 lr: 0.00030000000000000073 	 Training loss: 0.05995920874178409
[2025-01-09 12:43:37,564] INFO: Iter 11500 Summary: 
[2025-01-09 12:43:37,564] INFO: 	 lr: 0.00030000000000000073 	 Training loss: 0.06035229284316301
[2025-01-09 12:43:49,656] INFO: Iter 11600 Summary: 
[2025-01-09 12:43:49,656] INFO: 	 lr: 0.00030000000000000073 	 Training loss: 0.06015653006732464
[2025-01-09 12:44:02,797] INFO: Iter 11700 Summary: 
[2025-01-09 12:44:02,797] INFO: 	 lr: 0.00030000000000000073 	 Training loss: 0.06064567059278488
[2025-01-09 12:44:15,642] INFO: Iter 11800 Summary: 
[2025-01-09 12:44:15,642] INFO: 	 lr: 0.00030000000000000073 	 Training loss: 0.060270440466701984
[2025-01-09 12:44:26,938] INFO: Iter 11900 Summary: 
[2025-01-09 12:44:26,938] INFO: 	 lr: 0.00030000000000000073 	 Training loss: 0.05992979913949967
[2025-01-09 12:44:39,876] INFO: Iter 12000 Summary: 
[2025-01-09 12:44:39,877] INFO: 	 lr: 0.00030000000000000073 	 Training loss: 0.059961219429969785
[2025-01-09 12:44:55,902] INFO: Iter 12100 Summary: 
[2025-01-09 12:44:55,903] INFO: 	 lr: 0.00030000000000000073 	 Training loss: 0.05946648970246315
[2025-01-09 12:45:06,777] INFO: Iter 12200 Summary: 
[2025-01-09 12:45:06,777] INFO: 	 lr: 0.00030000000000000073 	 Training loss: 0.05945540796965361
[2025-01-09 12:45:20,187] INFO: Iter 12300 Summary: 
[2025-01-09 12:45:20,187] INFO: 	 lr: 0.00030000000000000073 	 Training loss: 0.05966432366520166
[2025-01-09 12:45:35,042] INFO: Iter 12400 Summary: 
[2025-01-09 12:45:35,043] INFO: 	 lr: 0.00030000000000000073 	 Training loss: 0.06020818013697862
[2025-01-09 12:45:47,605] INFO: Iter 12500 Summary: 
[2025-01-09 12:45:47,605] INFO: 	 lr: 0.00030000000000000073 	 Training loss: 0.05957271739840508
[2025-01-09 12:46:01,706] INFO: Iter 12600 Summary: 
[2025-01-09 12:46:01,707] INFO: 	 lr: 0.00030000000000000073 	 Training loss: 0.05971623532474041
[2025-01-09 12:46:14,561] INFO: Iter 12700 Summary: 
[2025-01-09 12:46:14,562] INFO: 	 lr: 0.00030000000000000073 	 Training loss: 0.05983493193984032
[2025-01-09 12:46:26,090] INFO: Iter 12800 Summary: 
[2025-01-09 12:46:26,091] INFO: 	 lr: 0.00030000000000000073 	 Training loss: 0.05935985289514065
[2025-01-09 12:46:38,139] INFO: Iter 12900 Summary: 
[2025-01-09 12:46:38,139] INFO: 	 lr: 0.00030000000000000073 	 Training loss: 0.059512667655944824
[2025-01-09 12:46:51,560] INFO: Iter 13000 Summary: 
[2025-01-09 12:46:51,560] INFO: 	 lr: 0.00030000000000000073 	 Training loss: 0.0598997425660491
[2025-01-09 12:47:07,749] INFO: Iter 13100 Summary: 
[2025-01-09 12:47:07,749] INFO: 	 lr: 0.00030000000000000073 	 Training loss: 0.05935220438987017
[2025-01-09 12:47:19,473] INFO: Iter 13200 Summary: 
[2025-01-09 12:47:19,473] INFO: 	 lr: 0.00030000000000000073 	 Training loss: 0.05917264029383659
[2025-01-09 12:47:32,413] INFO: Iter 13300 Summary: 
[2025-01-09 12:47:32,413] INFO: 	 lr: 0.00030000000000000073 	 Training loss: 0.059161515161395076
[2025-01-09 12:47:44,700] INFO: Iter 13400 Summary: 
[2025-01-09 12:47:44,700] INFO: 	 lr: 0.00030000000000000073 	 Training loss: 0.059338050335645674
[2025-01-09 12:47:56,115] INFO: Iter 13500 Summary: 
[2025-01-09 12:47:56,115] INFO: 	 lr: 0.00030000000000000073 	 Training loss: 0.05922633163630962
[2025-01-09 12:48:07,941] INFO: Iter 13600 Summary: 
[2025-01-09 12:48:07,941] INFO: 	 lr: 0.00030000000000000073 	 Training loss: 0.0593258023634553
[2025-01-09 12:48:19,874] INFO: Iter 13700 Summary: 
[2025-01-09 12:48:19,874] INFO: 	 lr: 0.00030000000000000073 	 Training loss: 0.05948568467050791
[2025-01-09 12:48:33,852] INFO: Iter 13800 Summary: 
[2025-01-09 12:48:33,853] INFO: 	 lr: 0.00030000000000000073 	 Training loss: 0.05867597937583923
[2025-01-09 12:48:45,355] INFO: Iter 13900 Summary: 
[2025-01-09 12:48:45,355] INFO: 	 lr: 0.00030000000000000073 	 Training loss: 0.059404118098318574
[2025-01-09 12:48:57,689] INFO: Iter 14000 Summary: 
[2025-01-09 12:48:57,689] INFO: 	 lr: 0.00030000000000000073 	 Training loss: 0.05933455906808376
[2025-01-09 12:49:14,027] INFO: Iter 14100 Summary: 
[2025-01-09 12:49:14,028] INFO: 	 lr: 0.00030000000000000073 	 Training loss: 0.05912372123450041
[2025-01-09 12:49:26,297] INFO: Iter 14200 Summary: 
[2025-01-09 12:49:26,297] INFO: 	 lr: 0.00030000000000000073 	 Training loss: 0.05853117093443871
[2025-01-09 12:49:38,960] INFO: Iter 14300 Summary: 
[2025-01-09 12:49:38,960] INFO: 	 lr: 0.00030000000000000073 	 Training loss: 0.0591790984198451
[2025-01-09 12:49:52,628] INFO: Iter 14400 Summary: 
[2025-01-09 12:49:52,628] INFO: 	 lr: 0.00030000000000000073 	 Training loss: 0.059251081049442295
[2025-01-09 12:50:06,434] INFO: Iter 14500 Summary: 
[2025-01-09 12:50:06,435] INFO: 	 lr: 0.00030000000000000073 	 Training loss: 0.058693649657070635
[2025-01-09 12:50:16,629] INFO: Iter 14600 Summary: 
[2025-01-09 12:50:16,629] INFO: 	 lr: 0.00030000000000000073 	 Training loss: 0.059058405235409735
[2025-01-09 12:50:28,371] INFO: Iter 14700 Summary: 
[2025-01-09 12:50:28,371] INFO: 	 lr: 0.00030000000000000073 	 Training loss: 0.058886132538318633
[2025-01-09 12:50:40,304] INFO: Iter 14800 Summary: 
[2025-01-09 12:50:40,304] INFO: 	 lr: 0.00030000000000000073 	 Training loss: 0.05946910560131073
[2025-01-09 12:50:52,088] INFO: Iter 14900 Summary: 
[2025-01-09 12:50:52,088] INFO: 	 lr: 0.00030000000000000073 	 Training loss: 0.05895568400621414
[2025-01-09 12:51:04,318] INFO: Iter 15000 Summary: 
[2025-01-09 12:51:04,318] INFO: 	 lr: 0.00030000000000000073 	 Training loss: 0.05880386333912611
[2025-01-09 12:51:14,884] INFO: Iter 15100 Summary: 
[2025-01-09 12:51:14,885] INFO: 	 lr: 0.00030000000000000073 	 Training loss: 0.058871676847338676
[2025-01-09 12:51:29,720] INFO: Iter 15200 Summary: 
[2025-01-09 12:51:29,720] INFO: 	 lr: 0.00030000000000000073 	 Training loss: 0.05873092755675316
[2025-01-09 12:51:41,987] INFO: Iter 15300 Summary: 
[2025-01-09 12:51:41,987] INFO: 	 lr: 0.00030000000000000073 	 Training loss: 0.05888603799045086
[2025-01-09 12:51:52,760] INFO: Iter 15400 Summary: 
[2025-01-09 12:51:52,760] INFO: 	 lr: 0.00030000000000000073 	 Training loss: 0.05889194831252098
[2025-01-09 12:52:05,011] INFO: Iter 15500 Summary: 
[2025-01-09 12:52:05,011] INFO: 	 lr: 0.00030000000000000073 	 Training loss: 0.05876639023423195
[2025-01-09 12:52:16,121] INFO: Iter 15600 Summary: 
[2025-01-09 12:52:16,121] INFO: 	 lr: 0.00030000000000000073 	 Training loss: 0.05847775336354971
[2025-01-09 12:52:27,932] INFO: Iter 15700 Summary: 
[2025-01-09 12:52:27,933] INFO: 	 lr: 0.00030000000000000073 	 Training loss: 0.05884352970868349
[2025-01-09 12:52:40,427] INFO: Iter 15800 Summary: 
[2025-01-09 12:52:40,427] INFO: 	 lr: 0.00030000000000000073 	 Training loss: 0.05859619941562414
[2025-01-09 12:52:53,803] INFO: Iter 15900 Summary: 
[2025-01-09 12:52:53,804] INFO: 	 lr: 0.00030000000000000073 	 Training loss: 0.058545423075556755
[2025-01-09 12:53:06,590] INFO: Iter 16000 Summary: 
[2025-01-09 12:53:06,590] INFO: 	 lr: 0.00030000000000000073 	 Training loss: 0.058432628735899925
[2025-01-09 12:53:23,675] INFO: Iter 16100 Summary: 
[2025-01-09 12:53:23,675] INFO: 	 lr: 0.00030000000000000073 	 Training loss: 0.05840954042971134
[2025-01-09 12:53:36,429] INFO: Iter 16200 Summary: 
[2025-01-09 12:53:36,430] INFO: 	 lr: 0.00030000000000000073 	 Training loss: 0.05842678736895323
[2025-01-09 12:53:49,941] INFO: Iter 16300 Summary: 
[2025-01-09 12:53:49,942] INFO: 	 lr: 0.00030000000000000073 	 Training loss: 0.05865591187030077
[2025-01-09 12:54:03,779] INFO: Iter 16400 Summary: 
[2025-01-09 12:54:03,779] INFO: 	 lr: 0.00030000000000000073 	 Training loss: 0.0585532957687974
[2025-01-09 12:54:15,009] INFO: Iter 16500 Summary: 
[2025-01-09 12:54:15,009] INFO: 	 lr: 0.00030000000000000073 	 Training loss: 0.05860248826444149
[2025-01-09 12:54:29,024] INFO: Iter 16600 Summary: 
[2025-01-09 12:54:29,024] INFO: 	 lr: 0.00030000000000000073 	 Training loss: 0.05856313306838274
[2025-01-09 12:54:41,545] INFO: Iter 16700 Summary: 
[2025-01-09 12:54:41,545] INFO: 	 lr: 0.00030000000000000073 	 Training loss: 0.0582526770606637
[2025-01-09 12:54:53,733] INFO: Iter 16800 Summary: 
[2025-01-09 12:54:53,733] INFO: 	 lr: 0.00030000000000000073 	 Training loss: 0.05827856045216322
[2025-01-09 12:55:04,972] INFO: Iter 16900 Summary: 
[2025-01-09 12:55:04,972] INFO: 	 lr: 0.00030000000000000073 	 Training loss: 0.05848352923989296
[2025-01-09 12:55:17,112] INFO: Iter 17000 Summary: 
[2025-01-09 12:55:17,112] INFO: 	 lr: 0.00030000000000000073 	 Training loss: 0.0583664571121335
[2025-01-09 12:55:29,737] INFO: Iter 17100 Summary: 
[2025-01-09 12:55:29,737] INFO: 	 lr: 0.00030000000000000073 	 Training loss: 0.05825163334608078
[2025-01-09 12:55:42,247] INFO: Iter 17200 Summary: 
[2025-01-09 12:55:42,247] INFO: 	 lr: 0.00030000000000000073 	 Training loss: 0.05853380162268877
[2025-01-09 12:55:55,387] INFO: Iter 17300 Summary: 
[2025-01-09 12:55:55,388] INFO: 	 lr: 0.00030000000000000073 	 Training loss: 0.05809481102973223
[2025-01-09 12:56:07,856] INFO: Iter 17400 Summary: 
[2025-01-09 12:56:07,857] INFO: 	 lr: 0.00030000000000000073 	 Training loss: 0.05818399038165808
[2025-01-09 12:56:21,592] INFO: Iter 17500 Summary: 
[2025-01-09 12:56:21,593] INFO: 	 lr: 0.00030000000000000073 	 Training loss: 0.05799896530807018
[2025-01-09 12:56:33,918] INFO: Iter 17600 Summary: 
[2025-01-09 12:56:33,918] INFO: 	 lr: 0.00030000000000000073 	 Training loss: 0.05856128670275211
[2025-01-09 12:56:46,621] INFO: Iter 17700 Summary: 
[2025-01-09 12:56:46,622] INFO: 	 lr: 0.00030000000000000073 	 Training loss: 0.05829396441578865
[2025-01-09 12:56:57,496] INFO: Iter 17800 Summary: 
[2025-01-09 12:56:57,496] INFO: 	 lr: 0.00030000000000000073 	 Training loss: 0.05818160947412252
[2025-01-09 12:57:09,871] INFO: Iter 17900 Summary: 
[2025-01-09 12:57:09,872] INFO: 	 lr: 0.00030000000000000073 	 Training loss: 0.058385923020541665
[2025-01-09 12:57:24,020] INFO: Iter 18000 Summary: 
[2025-01-09 12:57:24,020] INFO: 	 lr: 0.00030000000000000073 	 Training loss: 0.05847660936415196
[2025-01-09 12:57:42,281] INFO: Iter 18100 Summary: 
[2025-01-09 12:57:42,281] INFO: 	 lr: 0.00030000000000000073 	 Training loss: 0.05790868759155274
[2025-01-09 12:57:54,701] INFO: Iter 18200 Summary: 
[2025-01-09 12:57:54,701] INFO: 	 lr: 0.00030000000000000073 	 Training loss: 0.0580171824619174
[2025-01-09 12:58:06,447] INFO: Iter 18300 Summary: 
[2025-01-09 12:58:06,447] INFO: 	 lr: 0.00030000000000000073 	 Training loss: 0.05829942896962166
[2025-01-09 12:58:18,140] INFO: Iter 18400 Summary: 
[2025-01-09 12:58:18,141] INFO: 	 lr: 0.00030000000000000073 	 Training loss: 0.05785365007817745
[2025-01-09 12:58:29,874] INFO: Iter 18500 Summary: 
[2025-01-09 12:58:29,875] INFO: 	 lr: 0.00030000000000000073 	 Training loss: 0.05848210625350475
[2025-01-09 12:58:44,993] INFO: Iter 18600 Summary: 
[2025-01-09 12:58:44,994] INFO: 	 lr: 0.00030000000000000073 	 Training loss: 0.05825125377625227
[2025-01-09 12:58:57,409] INFO: Iter 18700 Summary: 
[2025-01-09 12:58:57,409] INFO: 	 lr: 0.00030000000000000073 	 Training loss: 0.05796618770807981
[2025-01-09 12:59:08,232] INFO: Iter 18800 Summary: 
[2025-01-09 12:59:08,233] INFO: 	 lr: 0.00030000000000000073 	 Training loss: 0.05810983791947365
[2025-01-09 12:59:20,227] INFO: Iter 18900 Summary: 
[2025-01-09 12:59:20,227] INFO: 	 lr: 0.00030000000000000073 	 Training loss: 0.05817543286830187
[2025-01-09 12:59:32,479] INFO: Iter 19000 Summary: 
[2025-01-09 12:59:32,479] INFO: 	 lr: 0.00030000000000000073 	 Training loss: 0.05790938504040241
[2025-01-09 12:59:44,867] INFO: Iter 19100 Summary: 
[2025-01-09 12:59:44,867] INFO: 	 lr: 0.00030000000000000073 	 Training loss: 0.0581814468279481
[2025-01-09 12:59:55,863] INFO: Iter 19200 Summary: 
[2025-01-09 12:59:55,863] INFO: 	 lr: 0.00030000000000000073 	 Training loss: 0.057868876978755
[2025-01-09 13:00:10,388] INFO: Iter 19300 Summary: 
[2025-01-09 13:00:10,389] INFO: 	 lr: 0.00030000000000000073 	 Training loss: 0.05803055856376886
[2025-01-09 13:00:21,651] INFO: Iter 19400 Summary: 
[2025-01-09 13:00:21,651] INFO: 	 lr: 0.00030000000000000073 	 Training loss: 0.057972567640244964
[2025-01-09 13:00:35,539] INFO: Iter 19500 Summary: 
[2025-01-09 13:00:35,540] INFO: 	 lr: 0.00030000000000000073 	 Training loss: 0.05814621023833752
[2025-01-09 13:00:48,048] INFO: Iter 19600 Summary: 
[2025-01-09 13:00:48,048] INFO: 	 lr: 0.00030000000000000073 	 Training loss: 0.058306420706212524
[2025-01-09 13:01:01,461] INFO: Iter 19700 Summary: 
[2025-01-09 13:01:01,461] INFO: 	 lr: 0.00030000000000000073 	 Training loss: 0.0575588347017765
[2025-01-09 13:01:12,092] INFO: Iter 19800 Summary: 
[2025-01-09 13:01:12,092] INFO: 	 lr: 0.00030000000000000073 	 Training loss: 0.05767690286040306
[2025-01-09 13:01:24,256] INFO: Iter 19900 Summary: 
[2025-01-09 13:01:24,257] INFO: 	 lr: 0.00030000000000000073 	 Training loss: 0.05818347100168467
[2025-01-09 13:01:37,536] INFO: Iter 20000 Summary: 
[2025-01-09 13:01:37,537] INFO: 	 lr: 0.00030000000000000073 	 Training loss: 0.05775350961834192
[2025-01-09 13:01:54,661] INFO: Iter 20100 Summary: 
[2025-01-09 13:01:54,661] INFO: 	 lr: 0.00030000000000000073 	 Training loss: 0.057894574739038945
[2025-01-09 13:02:06,868] INFO: Iter 20200 Summary: 
[2025-01-09 13:02:06,868] INFO: 	 lr: 0.00030000000000000073 	 Training loss: 0.05780012812465429
[2025-01-09 13:02:19,469] INFO: Iter 20300 Summary: 
[2025-01-09 13:02:19,470] INFO: 	 lr: 0.00030000000000000073 	 Training loss: 0.057899120151996615
[2025-01-09 13:02:30,840] INFO: Iter 20400 Summary: 
[2025-01-09 13:02:30,840] INFO: 	 lr: 0.00030000000000000073 	 Training loss: 0.05729601308703423
[2025-01-09 13:02:43,435] INFO: Iter 20500 Summary: 
[2025-01-09 13:02:43,436] INFO: 	 lr: 0.00030000000000000073 	 Training loss: 0.05808920338749886
[2025-01-09 13:02:56,850] INFO: Iter 20600 Summary: 
[2025-01-09 13:02:56,850] INFO: 	 lr: 0.00030000000000000073 	 Training loss: 0.05764445871114731
[2025-01-09 13:03:12,194] INFO: Iter 20700 Summary: 
[2025-01-09 13:03:12,194] INFO: 	 lr: 0.00030000000000000073 	 Training loss: 0.05711410656571388
[2025-01-09 13:03:25,337] INFO: Iter 20800 Summary: 
[2025-01-09 13:03:25,337] INFO: 	 lr: 0.00030000000000000073 	 Training loss: 0.057520014233887196
[2025-01-09 13:03:36,994] INFO: Iter 20900 Summary: 
[2025-01-09 13:03:36,995] INFO: 	 lr: 0.00030000000000000073 	 Training loss: 0.05772784736007452
[2025-01-09 13:03:47,278] INFO: Iter 21000 Summary: 
[2025-01-09 13:03:47,279] INFO: 	 lr: 0.00030000000000000073 	 Training loss: 0.05815701734274626
[2025-01-09 13:03:59,466] INFO: Iter 21100 Summary: 
[2025-01-09 13:03:59,466] INFO: 	 lr: 0.00030000000000000073 	 Training loss: 0.057684671320021155
[2025-01-09 13:04:11,238] INFO: Iter 21200 Summary: 
[2025-01-09 13:04:11,242] INFO: 	 lr: 0.00030000000000000073 	 Training loss: 0.05782807763665915
[2025-01-09 13:04:24,944] INFO: Iter 21300 Summary: 
[2025-01-09 13:04:24,944] INFO: 	 lr: 0.00030000000000000073 	 Training loss: 0.057609990760684016
[2025-01-09 13:04:39,753] INFO: Iter 21400 Summary: 
[2025-01-09 13:04:39,753] INFO: 	 lr: 0.00030000000000000073 	 Training loss: 0.057805098965764044
[2025-01-09 13:04:52,463] INFO: Iter 21500 Summary: 
[2025-01-09 13:04:52,463] INFO: 	 lr: 0.00030000000000000073 	 Training loss: 0.057462699934840204
[2025-01-09 13:05:05,804] INFO: Iter 21600 Summary: 
[2025-01-09 13:05:05,804] INFO: 	 lr: 0.00030000000000000073 	 Training loss: 0.057348529137670995
[2025-01-09 13:05:18,635] INFO: Iter 21700 Summary: 
[2025-01-09 13:05:18,635] INFO: 	 lr: 0.00030000000000000073 	 Training loss: 0.057861775793135166
[2025-01-09 13:05:31,460] INFO: Iter 21800 Summary: 
[2025-01-09 13:05:31,460] INFO: 	 lr: 0.00030000000000000073 	 Training loss: 0.057358913756906986
[2025-01-09 13:05:44,046] INFO: Iter 21900 Summary: 
[2025-01-09 13:05:44,046] INFO: 	 lr: 0.00030000000000000073 	 Training loss: 0.05718935623764992
[2025-01-09 13:05:55,684] INFO: Iter 22000 Summary: 
[2025-01-09 13:05:55,684] INFO: 	 lr: 0.00030000000000000073 	 Training loss: 0.057907730229198935
[2025-01-09 13:06:13,331] INFO: Iter 22100 Summary: 
[2025-01-09 13:06:13,331] INFO: 	 lr: 0.00030000000000000073 	 Training loss: 0.057493758350610734
[2025-01-09 13:06:24,719] INFO: Iter 22200 Summary: 
[2025-01-09 13:06:24,720] INFO: 	 lr: 0.00030000000000000073 	 Training loss: 0.05716532174497843
[2025-01-09 13:06:37,511] INFO: Iter 22300 Summary: 
[2025-01-09 13:06:37,512] INFO: 	 lr: 0.00030000000000000073 	 Training loss: 0.05764165800064802
[2025-01-09 13:06:50,261] INFO: Iter 22400 Summary: 
[2025-01-09 13:06:50,262] INFO: 	 lr: 0.00030000000000000073 	 Training loss: 0.05779531564563513
[2025-01-09 13:07:03,013] INFO: Iter 22500 Summary: 
[2025-01-09 13:07:03,013] INFO: 	 lr: 0.00030000000000000073 	 Training loss: 0.0574088853225112
[2025-01-09 13:07:14,916] INFO: Iter 22600 Summary: 
[2025-01-09 13:07:14,916] INFO: 	 lr: 0.00030000000000000073 	 Training loss: 0.05732043169438839
[2025-01-09 13:07:27,410] INFO: Iter 22700 Summary: 
[2025-01-09 13:07:27,411] INFO: 	 lr: 0.00030000000000000073 	 Training loss: 0.05696882762014866
[2025-01-09 13:07:41,140] INFO: Iter 22800 Summary: 
[2025-01-09 13:07:41,140] INFO: 	 lr: 0.00030000000000000073 	 Training loss: 0.05695405952632427
[2025-01-09 13:07:54,258] INFO: Iter 22900 Summary: 
[2025-01-09 13:07:54,259] INFO: 	 lr: 0.00030000000000000073 	 Training loss: 0.05783925734460354
[2025-01-09 13:08:08,439] INFO: Iter 23000 Summary: 
[2025-01-09 13:08:08,440] INFO: 	 lr: 0.00030000000000000073 	 Training loss: 0.05762269161641598
[2025-01-09 13:08:20,516] INFO: Iter 23100 Summary: 
[2025-01-09 13:08:20,516] INFO: 	 lr: 0.00030000000000000073 	 Training loss: 0.05702272098511457
[2025-01-09 13:08:32,693] INFO: Iter 23200 Summary: 
[2025-01-09 13:08:32,693] INFO: 	 lr: 0.00030000000000000073 	 Training loss: 0.05704271256923676
[2025-01-09 13:08:44,523] INFO: Iter 23300 Summary: 
[2025-01-09 13:08:44,524] INFO: 	 lr: 0.00030000000000000073 	 Training loss: 0.057347212433815
[2025-01-09 13:08:59,204] INFO: Iter 23400 Summary: 
[2025-01-09 13:08:59,205] INFO: 	 lr: 0.00030000000000000073 	 Training loss: 0.05773202519863844
[2025-01-09 13:09:11,594] INFO: Iter 23500 Summary: 
[2025-01-09 13:09:11,594] INFO: 	 lr: 0.00030000000000000073 	 Training loss: 0.05687916956841946
[2025-01-09 13:09:24,296] INFO: Iter 23600 Summary: 
[2025-01-09 13:09:24,297] INFO: 	 lr: 0.00030000000000000073 	 Training loss: 0.05688576295971871
[2025-01-09 13:09:35,277] INFO: Iter 23700 Summary: 
[2025-01-09 13:09:35,277] INFO: 	 lr: 0.00030000000000000073 	 Training loss: 0.05714041952043772
[2025-01-09 13:09:47,519] INFO: Iter 23800 Summary: 
[2025-01-09 13:09:47,519] INFO: 	 lr: 0.00030000000000000073 	 Training loss: 0.05715367767959833
[2025-01-09 13:10:00,624] INFO: Iter 23900 Summary: 
[2025-01-09 13:10:00,625] INFO: 	 lr: 0.00030000000000000073 	 Training loss: 0.057205383740365504
[2025-01-09 13:10:12,763] INFO: Iter 24000 Summary: 
[2025-01-09 13:10:12,764] INFO: 	 lr: 0.00030000000000000073 	 Training loss: 0.057422068044543265
[2025-01-09 13:10:31,112] INFO: Iter 24100 Summary: 
[2025-01-09 13:10:31,112] INFO: 	 lr: 0.00030000000000000073 	 Training loss: 0.05751787506043911
[2025-01-09 13:10:41,663] INFO: Iter 24200 Summary: 
[2025-01-09 13:10:41,663] INFO: 	 lr: 0.00030000000000000073 	 Training loss: 0.05743475791066885
[2025-01-09 13:10:53,183] INFO: Iter 24300 Summary: 
[2025-01-09 13:10:53,183] INFO: 	 lr: 0.00030000000000000073 	 Training loss: 0.05686063326895237
[2025-01-09 13:11:06,779] INFO: Iter 24400 Summary: 
[2025-01-09 13:11:06,779] INFO: 	 lr: 0.00030000000000000073 	 Training loss: 0.05720038220286369
[2025-01-09 13:11:18,621] INFO: Iter 24500 Summary: 
[2025-01-09 13:11:18,622] INFO: 	 lr: 0.00030000000000000073 	 Training loss: 0.05732733558863402
[2025-01-09 13:11:30,717] INFO: Iter 24600 Summary: 
[2025-01-09 13:11:30,717] INFO: 	 lr: 0.00030000000000000073 	 Training loss: 0.05743870161473751
[2025-01-09 13:11:42,686] INFO: Iter 24700 Summary: 
[2025-01-09 13:11:42,686] INFO: 	 lr: 0.00030000000000000073 	 Training loss: 0.0572557470202446
[2025-01-09 13:11:57,085] INFO: Iter 24800 Summary: 
[2025-01-09 13:11:57,085] INFO: 	 lr: 0.00030000000000000073 	 Training loss: 0.05683326024562121
[2025-01-09 13:12:09,403] INFO: Iter 24900 Summary: 
[2025-01-09 13:12:09,403] INFO: 	 lr: 0.00030000000000000073 	 Training loss: 0.05725354127585888
[2025-01-09 13:12:22,253] INFO: Iter 25000 Summary: 
[2025-01-09 13:12:22,254] INFO: 	 lr: 0.00030000000000000073 	 Training loss: 0.05676372591406107
[2025-01-09 13:12:34,874] INFO: Iter 25100 Summary: 
[2025-01-09 13:12:34,874] INFO: 	 lr: 0.00030000000000000073 	 Training loss: 0.057141223922371864
[2025-01-09 13:12:48,525] INFO: Iter 25200 Summary: 
[2025-01-09 13:12:48,525] INFO: 	 lr: 0.00030000000000000073 	 Training loss: 0.056844657585024834
[2025-01-09 13:13:00,619] INFO: Iter 25300 Summary: 
[2025-01-09 13:13:00,620] INFO: 	 lr: 0.00030000000000000073 	 Training loss: 0.057088818475604056
[2025-01-09 13:13:13,616] INFO: Iter 25400 Summary: 
[2025-01-09 13:13:13,617] INFO: 	 lr: 0.00030000000000000073 	 Training loss: 0.05710081778466702
[2025-01-09 13:13:27,878] INFO: Iter 25500 Summary: 
[2025-01-09 13:13:27,879] INFO: 	 lr: 0.00030000000000000073 	 Training loss: 0.05721208192408085
[2025-01-09 13:13:41,246] INFO: Iter 25600 Summary: 
[2025-01-09 13:13:41,246] INFO: 	 lr: 0.00030000000000000073 	 Training loss: 0.056752715036273
[2025-01-09 13:13:53,568] INFO: Iter 25700 Summary: 
[2025-01-09 13:13:53,569] INFO: 	 lr: 0.00030000000000000073 	 Training loss: 0.05695214409381151
[2025-01-09 13:14:06,639] INFO: Iter 25800 Summary: 
[2025-01-09 13:14:06,639] INFO: 	 lr: 0.00030000000000000073 	 Training loss: 0.056866480372846126
[2025-01-09 13:14:19,102] INFO: Iter 25900 Summary: 
[2025-01-09 13:14:19,102] INFO: 	 lr: 0.00030000000000000073 	 Training loss: 0.056979617029428484
[2025-01-09 13:14:32,660] INFO: Iter 26000 Summary: 
[2025-01-09 13:14:32,660] INFO: 	 lr: 0.00030000000000000073 	 Training loss: 0.05712094493210316
[2025-01-09 13:14:51,091] INFO: Iter 26100 Summary: 
[2025-01-09 13:14:51,091] INFO: 	 lr: 0.00030000000000000073 	 Training loss: 0.05721158385276794
[2025-01-09 13:15:04,042] INFO: Iter 26200 Summary: 
[2025-01-09 13:15:04,042] INFO: 	 lr: 0.00030000000000000073 	 Training loss: 0.056914977505803106
[2025-01-09 13:15:15,707] INFO: Iter 26300 Summary: 
[2025-01-09 13:15:15,708] INFO: 	 lr: 0.00030000000000000073 	 Training loss: 0.05662507347762585
[2025-01-09 13:15:28,972] INFO: Iter 26400 Summary: 
[2025-01-09 13:15:28,973] INFO: 	 lr: 0.00030000000000000073 	 Training loss: 0.05679456807672977
[2025-01-09 13:15:41,100] INFO: Iter 26500 Summary: 
[2025-01-09 13:15:41,100] INFO: 	 lr: 0.00030000000000000073 	 Training loss: 0.05679392408579588
[2025-01-09 13:15:54,106] INFO: Iter 26600 Summary: 
[2025-01-09 13:15:54,107] INFO: 	 lr: 0.00030000000000000073 	 Training loss: 0.057059828080236914
[2025-01-09 13:16:05,921] INFO: Iter 26700 Summary: 
[2025-01-09 13:16:05,921] INFO: 	 lr: 0.00030000000000000073 	 Training loss: 0.056908643394708636
[2025-01-09 13:16:17,299] INFO: Iter 26800 Summary: 
[2025-01-09 13:16:17,299] INFO: 	 lr: 0.00030000000000000073 	 Training loss: 0.05713347841054201
[2025-01-09 13:16:31,224] INFO: Iter 26900 Summary: 
[2025-01-09 13:16:31,225] INFO: 	 lr: 0.00030000000000000073 	 Training loss: 0.056868221908807755
[2025-01-09 13:16:43,742] INFO: Iter 27000 Summary: 
[2025-01-09 13:16:43,742] INFO: 	 lr: 0.00030000000000000073 	 Training loss: 0.05657737363129854
[2025-01-09 13:16:56,592] INFO: Iter 27100 Summary: 
[2025-01-09 13:16:56,592] INFO: 	 lr: 0.00030000000000000073 	 Training loss: 0.05687898837029934
[2025-01-09 13:17:07,558] INFO: Iter 27200 Summary: 
[2025-01-09 13:17:07,558] INFO: 	 lr: 0.00030000000000000073 	 Training loss: 0.0566835667565465
[2025-01-09 13:17:19,864] INFO: Iter 27300 Summary: 
[2025-01-09 13:17:19,864] INFO: 	 lr: 0.00030000000000000073 	 Training loss: 0.05690965473651886
[2025-01-09 13:17:32,385] INFO: Iter 27400 Summary: 
[2025-01-09 13:17:32,385] INFO: 	 lr: 0.00030000000000000073 	 Training loss: 0.056642921902239324
[2025-01-09 13:17:44,160] INFO: Iter 27500 Summary: 
[2025-01-09 13:17:44,160] INFO: 	 lr: 0.00030000000000000073 	 Training loss: 0.05707896899431944
[2025-01-09 13:17:56,600] INFO: Iter 27600 Summary: 
[2025-01-09 13:17:56,601] INFO: 	 lr: 0.00030000000000000073 	 Training loss: 0.057154752649366855
[2025-01-09 13:18:08,341] INFO: Iter 27700 Summary: 
[2025-01-09 13:18:08,341] INFO: 	 lr: 0.00030000000000000073 	 Training loss: 0.05736126344650984
[2025-01-09 13:18:21,029] INFO: Iter 27800 Summary: 
[2025-01-09 13:18:21,030] INFO: 	 lr: 0.00030000000000000073 	 Training loss: 0.056632862091064454
[2025-01-09 13:18:33,403] INFO: Iter 27900 Summary: 
[2025-01-09 13:18:33,403] INFO: 	 lr: 0.00030000000000000073 	 Training loss: 0.056955929175019265
[2025-01-09 13:18:46,163] INFO: Iter 28000 Summary: 
[2025-01-09 13:18:46,163] INFO: 	 lr: 0.00030000000000000073 	 Training loss: 0.056504935063421725
[2025-01-09 13:19:01,231] INFO: Iter 28100 Summary: 
[2025-01-09 13:19:01,231] INFO: 	 lr: 0.00030000000000000073 	 Training loss: 0.05637375403195619
[2025-01-09 13:19:13,967] INFO: Iter 28200 Summary: 
[2025-01-09 13:19:13,967] INFO: 	 lr: 0.00030000000000000073 	 Training loss: 0.0568453037366271
[2025-01-09 13:19:28,819] INFO: Iter 28300 Summary: 
[2025-01-09 13:19:28,820] INFO: 	 lr: 0.00030000000000000073 	 Training loss: 0.05635287500917911
[2025-01-09 13:19:41,652] INFO: Iter 28400 Summary: 
[2025-01-09 13:19:41,652] INFO: 	 lr: 0.00030000000000000073 	 Training loss: 0.05637771803885698
[2025-01-09 13:19:55,011] INFO: Iter 28500 Summary: 
[2025-01-09 13:19:55,011] INFO: 	 lr: 0.00030000000000000073 	 Training loss: 0.056845958530902865
[2025-01-09 13:20:10,009] INFO: Iter 28600 Summary: 
[2025-01-09 13:20:10,010] INFO: 	 lr: 0.00030000000000000073 	 Training loss: 0.056766514368355274
[2025-01-09 13:20:23,285] INFO: Iter 28700 Summary: 
[2025-01-09 13:20:23,285] INFO: 	 lr: 0.00030000000000000073 	 Training loss: 0.056737906225025656
[2025-01-09 13:20:36,362] INFO: Iter 28800 Summary: 
[2025-01-09 13:20:36,362] INFO: 	 lr: 0.00030000000000000073 	 Training loss: 0.05705110363662243
[2025-01-09 13:20:50,195] INFO: Iter 28900 Summary: 
[2025-01-09 13:20:50,195] INFO: 	 lr: 0.00030000000000000073 	 Training loss: 0.05667532231658697
[2025-01-09 13:21:02,153] INFO: Iter 29000 Summary: 
[2025-01-09 13:21:02,154] INFO: 	 lr: 0.00030000000000000073 	 Training loss: 0.05649793595075607
[2025-01-09 13:21:14,530] INFO: Iter 29100 Summary: 
[2025-01-09 13:21:14,530] INFO: 	 lr: 0.00030000000000000073 	 Training loss: 0.05647411551326513
[2025-01-09 13:21:26,977] INFO: Iter 29200 Summary: 
[2025-01-09 13:21:26,977] INFO: 	 lr: 0.00030000000000000073 	 Training loss: 0.05648901280015707
[2025-01-09 13:21:38,558] INFO: Iter 29300 Summary: 
[2025-01-09 13:21:38,558] INFO: 	 lr: 0.00030000000000000073 	 Training loss: 0.05681594826281071
[2025-01-09 13:21:50,219] INFO: Iter 29400 Summary: 
[2025-01-09 13:21:50,219] INFO: 	 lr: 0.00030000000000000073 	 Training loss: 0.05620436660945415
[2025-01-09 13:22:02,302] INFO: Iter 29500 Summary: 
[2025-01-09 13:22:02,302] INFO: 	 lr: 0.00030000000000000073 	 Training loss: 0.0569393926858902
[2025-01-09 13:22:15,810] INFO: Iter 29600 Summary: 
[2025-01-09 13:22:15,811] INFO: 	 lr: 0.00030000000000000073 	 Training loss: 0.056700194664299486
[2025-01-09 13:22:27,723] INFO: Iter 29700 Summary: 
[2025-01-09 13:22:27,723] INFO: 	 lr: 0.00030000000000000073 	 Training loss: 0.056377429030835625
[2025-01-09 13:22:39,476] INFO: Iter 29800 Summary: 
[2025-01-09 13:22:39,476] INFO: 	 lr: 0.00030000000000000073 	 Training loss: 0.05615491151809692
[2025-01-09 13:22:50,487] INFO: Iter 29900 Summary: 
[2025-01-09 13:22:50,487] INFO: 	 lr: 0.00030000000000000073 	 Training loss: 0.05680652771145105
[2025-01-09 13:23:03,709] INFO: Iter 30000 Summary: 
[2025-01-09 13:23:03,709] INFO: 	 lr: 0.00030000000000000073 	 Training loss: 0.05702737953513861
[2025-01-09 13:23:20,341] INFO: Iter 30100 Summary: 
[2025-01-09 13:23:20,342] INFO: 	 lr: 1.2900000000000026e-05 	 Training loss: 0.055553034879267216
[2025-01-09 13:23:33,348] INFO: Iter 30200 Summary: 
[2025-01-09 13:23:33,349] INFO: 	 lr: 1.000000000000002e-05 	 Training loss: 0.05568819165229797
[2025-01-09 13:23:48,037] INFO: Iter 30300 Summary: 
[2025-01-09 13:23:48,038] INFO: 	 lr: 1.000000000000002e-05 	 Training loss: 0.05561392050236463
[2025-01-09 13:24:01,881] INFO: Iter 30400 Summary: 
[2025-01-09 13:24:01,882] INFO: 	 lr: 1.000000000000002e-05 	 Training loss: 0.05493677280843258
[2025-01-09 13:24:12,371] INFO: Iter 30500 Summary: 
[2025-01-09 13:24:12,372] INFO: 	 lr: 1.000000000000002e-05 	 Training loss: 0.05485367719084024
[2025-01-09 13:24:24,665] INFO: Iter 30600 Summary: 
[2025-01-09 13:24:24,666] INFO: 	 lr: 1.000000000000002e-05 	 Training loss: 0.05513796497136354
[2025-01-09 13:24:38,010] INFO: Iter 30700 Summary: 
[2025-01-09 13:24:38,011] INFO: 	 lr: 1.000000000000002e-05 	 Training loss: 0.05506755989044905
[2025-01-09 13:24:49,809] INFO: Iter 30800 Summary: 
[2025-01-09 13:24:49,812] INFO: 	 lr: 1.000000000000002e-05 	 Training loss: 0.055128761678934095
[2025-01-09 13:25:03,970] INFO: Iter 30900 Summary: 
[2025-01-09 13:25:03,971] INFO: 	 lr: 1.000000000000002e-05 	 Training loss: 0.05480301760137081
[2025-01-09 13:25:17,387] INFO: Iter 31000 Summary: 
[2025-01-09 13:25:17,388] INFO: 	 lr: 1.000000000000002e-05 	 Training loss: 0.05481210548430681
[2025-01-09 13:25:29,236] INFO: Iter 31100 Summary: 
[2025-01-09 13:25:29,236] INFO: 	 lr: 1.000000000000002e-05 	 Training loss: 0.05482404686510563
[2025-01-09 13:25:41,472] INFO: Iter 31200 Summary: 
[2025-01-09 13:25:41,472] INFO: 	 lr: 1.000000000000002e-05 	 Training loss: 0.05454454585909843
[2025-01-09 13:25:53,297] INFO: Iter 31300 Summary: 
[2025-01-09 13:25:53,297] INFO: 	 lr: 1.000000000000002e-05 	 Training loss: 0.05496388509869576
[2025-01-09 13:26:05,274] INFO: Iter 31400 Summary: 
[2025-01-09 13:26:05,274] INFO: 	 lr: 1.000000000000002e-05 	 Training loss: 0.055077075585722925
[2025-01-09 13:26:17,354] INFO: Iter 31500 Summary: 
[2025-01-09 13:26:17,354] INFO: 	 lr: 1.000000000000002e-05 	 Training loss: 0.055090520419180396
[2025-01-09 13:26:27,155] INFO: Iter 31600 Summary: 
[2025-01-09 13:26:27,155] INFO: 	 lr: 1.000000000000002e-05 	 Training loss: 0.05471570491790771
[2025-01-09 13:26:39,690] INFO: Iter 31700 Summary: 
[2025-01-09 13:26:39,690] INFO: 	 lr: 1.000000000000002e-05 	 Training loss: 0.05452724657952786
[2025-01-09 13:26:52,614] INFO: Iter 31800 Summary: 
[2025-01-09 13:26:52,615] INFO: 	 lr: 1.000000000000002e-05 	 Training loss: 0.05456413719803095
[2025-01-09 13:27:04,294] INFO: Iter 31900 Summary: 
[2025-01-09 13:27:04,295] INFO: 	 lr: 1.000000000000002e-05 	 Training loss: 0.05433596801012754
[2025-01-09 13:27:17,877] INFO: Iter 32000 Summary: 
[2025-01-09 13:27:17,878] INFO: 	 lr: 1.000000000000002e-05 	 Training loss: 0.054667614288628104
[2025-01-09 13:27:33,593] INFO: Iter 32100 Summary: 
[2025-01-09 13:27:33,594] INFO: 	 lr: 1.000000000000002e-05 	 Training loss: 0.05495866466313601
[2025-01-09 13:27:45,998] INFO: Iter 32200 Summary: 
[2025-01-09 13:27:45,999] INFO: 	 lr: 1.000000000000002e-05 	 Training loss: 0.05498976033180952
[2025-01-09 13:27:58,643] INFO: Iter 32300 Summary: 
[2025-01-09 13:27:58,643] INFO: 	 lr: 1.000000000000002e-05 	 Training loss: 0.05478550903499126
[2025-01-09 13:28:13,536] INFO: Iter 32400 Summary: 
[2025-01-09 13:28:13,536] INFO: 	 lr: 1.000000000000002e-05 	 Training loss: 0.05473368786275387
[2025-01-09 13:28:26,361] INFO: Iter 32500 Summary: 
[2025-01-09 13:28:26,361] INFO: 	 lr: 1.000000000000002e-05 	 Training loss: 0.05452037874609232
[2025-01-09 13:28:39,982] INFO: Iter 32600 Summary: 
[2025-01-09 13:28:39,983] INFO: 	 lr: 1.000000000000002e-05 	 Training loss: 0.054311493672430516
[2025-01-09 13:28:52,018] INFO: Iter 32700 Summary: 
[2025-01-09 13:28:52,019] INFO: 	 lr: 1.000000000000002e-05 	 Training loss: 0.0547289652004838
[2025-01-09 13:29:05,317] INFO: Iter 32800 Summary: 
[2025-01-09 13:29:05,317] INFO: 	 lr: 1.000000000000002e-05 	 Training loss: 0.0543757364526391
[2025-01-09 13:29:17,554] INFO: Iter 32900 Summary: 
[2025-01-09 13:29:17,554] INFO: 	 lr: 1.000000000000002e-05 	 Training loss: 0.05534202065318823
[2025-01-09 13:29:28,577] INFO: Iter 33000 Summary: 
[2025-01-09 13:29:28,577] INFO: 	 lr: 1.000000000000002e-05 	 Training loss: 0.054584900215268135
[2025-01-09 13:29:41,457] INFO: Iter 33100 Summary: 
[2025-01-09 13:29:41,457] INFO: 	 lr: 1.000000000000002e-05 	 Training loss: 0.05483316782861948
[2025-01-09 13:29:52,459] INFO: Iter 33200 Summary: 
[2025-01-09 13:29:52,459] INFO: 	 lr: 1.000000000000002e-05 	 Training loss: 0.05452288489788771
[2025-01-09 13:30:05,102] INFO: Iter 33300 Summary: 
[2025-01-09 13:30:05,102] INFO: 	 lr: 1.000000000000002e-05 	 Training loss: 0.054650455117225646
[2025-01-09 13:30:17,574] INFO: Iter 33400 Summary: 
[2025-01-09 13:30:17,574] INFO: 	 lr: 1.000000000000002e-05 	 Training loss: 0.05505132548511028
[2025-01-09 13:30:29,570] INFO: Iter 33500 Summary: 
[2025-01-09 13:30:29,570] INFO: 	 lr: 1.000000000000002e-05 	 Training loss: 0.054855840653181075
[2025-01-09 13:30:42,934] INFO: Iter 33600 Summary: 
[2025-01-09 13:30:42,935] INFO: 	 lr: 1.000000000000002e-05 	 Training loss: 0.05416131466627121
[2025-01-09 13:30:55,686] INFO: Iter 33700 Summary: 
[2025-01-09 13:30:55,686] INFO: 	 lr: 1.000000000000002e-05 	 Training loss: 0.05442865688353777
[2025-01-09 13:31:10,033] INFO: Iter 33800 Summary: 
[2025-01-09 13:31:10,033] INFO: 	 lr: 1.000000000000002e-05 	 Training loss: 0.0548138440027833
[2025-01-09 13:31:23,283] INFO: Iter 33900 Summary: 
[2025-01-09 13:31:23,284] INFO: 	 lr: 1.000000000000002e-05 	 Training loss: 0.05435253482311964
[2025-01-09 13:31:35,127] INFO: Iter 34000 Summary: 
[2025-01-09 13:31:35,127] INFO: 	 lr: 1.000000000000002e-05 	 Training loss: 0.05485106263309717
[2025-01-09 13:31:48,872] INFO: Iter 34100 Summary: 
[2025-01-09 13:31:48,873] INFO: 	 lr: 1.000000000000002e-05 	 Training loss: 0.054670196436345575
[2025-01-09 13:32:01,061] INFO: Iter 34200 Summary: 
[2025-01-09 13:32:01,062] INFO: 	 lr: 1.000000000000002e-05 	 Training loss: 0.054658621586859225
[2025-01-09 13:32:14,125] INFO: Iter 34300 Summary: 
[2025-01-09 13:32:14,126] INFO: 	 lr: 1.000000000000002e-05 	 Training loss: 0.0541751229763031
[2025-01-09 13:32:26,683] INFO: Iter 34400 Summary: 
[2025-01-09 13:32:26,683] INFO: 	 lr: 1.000000000000002e-05 	 Training loss: 0.054412182904779914
[2025-01-09 13:32:41,501] INFO: Iter 34500 Summary: 
[2025-01-09 13:32:41,502] INFO: 	 lr: 1.000000000000002e-05 	 Training loss: 0.05464399795979261
[2025-01-09 13:32:54,179] INFO: Iter 34600 Summary: 
[2025-01-09 13:32:54,180] INFO: 	 lr: 1.000000000000002e-05 	 Training loss: 0.0548802987113595
[2025-01-09 13:33:06,176] INFO: Iter 34700 Summary: 
[2025-01-09 13:33:06,176] INFO: 	 lr: 1.000000000000002e-05 	 Training loss: 0.054270222149789334
[2025-01-09 13:33:18,699] INFO: Iter 34800 Summary: 
[2025-01-09 13:33:18,699] INFO: 	 lr: 1.000000000000002e-05 	 Training loss: 0.054348642751574514
[2025-01-09 13:33:31,305] INFO: Iter 34900 Summary: 
[2025-01-09 13:33:31,306] INFO: 	 lr: 1.000000000000002e-05 	 Training loss: 0.054474363848567006
[2025-01-09 13:33:41,746] INFO: Iter 35000 Summary: 
[2025-01-09 13:33:41,747] INFO: 	 lr: 1.000000000000002e-05 	 Training loss: 0.0546041127294302
[2025-01-09 13:33:54,678] INFO: Iter 35100 Summary: 
[2025-01-09 13:33:54,678] INFO: 	 lr: 1.000000000000002e-05 	 Training loss: 0.054753939248621465
[2025-01-09 13:34:06,961] INFO: Iter 35200 Summary: 
[2025-01-09 13:34:06,961] INFO: 	 lr: 1.000000000000002e-05 	 Training loss: 0.05497055016458034
[2025-01-09 13:34:20,154] INFO: Iter 35300 Summary: 
[2025-01-09 13:34:20,154] INFO: 	 lr: 1.000000000000002e-05 	 Training loss: 0.054329077824950216
[2025-01-09 13:34:32,206] INFO: Iter 35400 Summary: 
[2025-01-09 13:34:32,206] INFO: 	 lr: 1.000000000000002e-05 	 Training loss: 0.054367773830890656
[2025-01-09 13:34:43,283] INFO: Iter 35500 Summary: 
[2025-01-09 13:34:43,284] INFO: 	 lr: 1.000000000000002e-05 	 Training loss: 0.05395698118954897
[2025-01-09 13:34:55,337] INFO: Iter 35600 Summary: 
[2025-01-09 13:34:55,338] INFO: 	 lr: 1.000000000000002e-05 	 Training loss: 0.05481549385935068
[2025-01-09 13:35:08,768] INFO: Iter 35700 Summary: 
[2025-01-09 13:35:08,768] INFO: 	 lr: 1.000000000000002e-05 	 Training loss: 0.05466996360570192
[2025-01-09 13:35:22,735] INFO: Iter 35800 Summary: 
[2025-01-09 13:35:22,736] INFO: 	 lr: 1.000000000000002e-05 	 Training loss: 0.05437157645821571
[2025-01-09 13:35:35,457] INFO: Iter 35900 Summary: 
[2025-01-09 13:35:35,457] INFO: 	 lr: 1.000000000000002e-05 	 Training loss: 0.05446836188435555
[2025-01-09 13:35:46,736] INFO: Iter 36000 Summary: 
[2025-01-09 13:35:46,737] INFO: 	 lr: 1.000000000000002e-05 	 Training loss: 0.05421205922961235
[2025-01-09 13:36:01,904] INFO: Iter 36100 Summary: 
[2025-01-09 13:36:01,905] INFO: 	 lr: 1.000000000000002e-05 	 Training loss: 0.05465985283255577
[2025-01-09 13:36:13,469] INFO: Iter 36200 Summary: 
[2025-01-09 13:36:13,470] INFO: 	 lr: 1.000000000000002e-05 	 Training loss: 0.05437009409070015
[2025-01-09 13:36:26,633] INFO: Iter 36300 Summary: 
[2025-01-09 13:36:26,633] INFO: 	 lr: 1.000000000000002e-05 	 Training loss: 0.054127550274133684
[2025-01-09 13:36:37,797] INFO: Iter 36400 Summary: 
[2025-01-09 13:36:37,797] INFO: 	 lr: 1.000000000000002e-05 	 Training loss: 0.05497103985399008
[2025-01-09 13:36:51,957] INFO: Iter 36500 Summary: 
[2025-01-09 13:36:51,958] INFO: 	 lr: 1.000000000000002e-05 	 Training loss: 0.05435819428414106
[2025-01-09 13:37:02,155] INFO: Iter 36600 Summary: 
[2025-01-09 13:37:02,155] INFO: 	 lr: 1.000000000000002e-05 	 Training loss: 0.05457140903919935
[2025-01-09 13:37:13,740] INFO: Iter 36700 Summary: 
[2025-01-09 13:37:13,741] INFO: 	 lr: 1.000000000000002e-05 	 Training loss: 0.05450802706182003
[2025-01-09 13:37:26,378] INFO: Iter 36800 Summary: 
[2025-01-09 13:37:26,378] INFO: 	 lr: 1.000000000000002e-05 	 Training loss: 0.054225922040641306
[2025-01-09 13:37:38,860] INFO: Iter 36900 Summary: 
[2025-01-09 13:37:38,860] INFO: 	 lr: 1.000000000000002e-05 	 Training loss: 0.05447493337094784
[2025-01-09 13:37:49,687] INFO: Iter 37000 Summary: 
[2025-01-09 13:37:49,687] INFO: 	 lr: 1.000000000000002e-05 	 Training loss: 0.05450106758624315
[2025-01-09 13:38:00,559] INFO: Iter 37100 Summary: 
[2025-01-09 13:38:00,559] INFO: 	 lr: 1.000000000000002e-05 	 Training loss: 0.055265624709427356
[2025-01-09 13:38:14,298] INFO: Iter 37200 Summary: 
[2025-01-09 13:38:14,299] INFO: 	 lr: 1.000000000000002e-05 	 Training loss: 0.05412267349660396
[2025-01-09 13:38:26,227] INFO: Iter 37300 Summary: 
[2025-01-09 13:38:26,228] INFO: 	 lr: 1.000000000000002e-05 	 Training loss: 0.05433866299688816
[2025-01-09 13:38:37,890] INFO: Iter 37400 Summary: 
[2025-01-09 13:38:37,890] INFO: 	 lr: 1.000000000000002e-05 	 Training loss: 0.0547807951271534
[2025-01-09 13:38:50,056] INFO: Iter 37500 Summary: 
[2025-01-09 13:38:50,057] INFO: 	 lr: 1.000000000000002e-05 	 Training loss: 0.05437709745019674
[2025-01-09 13:39:00,117] INFO: Iter 37600 Summary: 
[2025-01-09 13:39:00,118] INFO: 	 lr: 1.000000000000002e-05 	 Training loss: 0.05431941602379084
[2025-01-09 13:39:09,684] INFO: Iter 37700 Summary: 
[2025-01-09 13:39:09,684] INFO: 	 lr: 1.000000000000002e-05 	 Training loss: 0.054563097059726715
[2025-01-09 13:39:20,625] INFO: Iter 37800 Summary: 
[2025-01-09 13:39:20,625] INFO: 	 lr: 1.000000000000002e-05 	 Training loss: 0.05433340266346932
[2025-01-09 13:39:33,189] INFO: Iter 37900 Summary: 
[2025-01-09 13:39:33,189] INFO: 	 lr: 1.000000000000002e-05 	 Training loss: 0.05452488012611866
[2025-01-09 13:39:44,456] INFO: Iter 38000 Summary: 
[2025-01-09 13:39:44,456] INFO: 	 lr: 1.000000000000002e-05 	 Training loss: 0.05466346643865108
[2025-01-09 13:39:58,323] INFO: Iter 38100 Summary: 
[2025-01-09 13:39:58,323] INFO: 	 lr: 1.000000000000002e-05 	 Training loss: 0.05430215522646904
[2025-01-09 13:40:09,618] INFO: Iter 38200 Summary: 
[2025-01-09 13:40:09,618] INFO: 	 lr: 1.000000000000002e-05 	 Training loss: 0.05421907309442758
[2025-01-09 13:40:20,374] INFO: Iter 38300 Summary: 
[2025-01-09 13:40:20,375] INFO: 	 lr: 1.000000000000002e-05 	 Training loss: 0.05460245024412871
[2025-01-09 13:40:31,440] INFO: Iter 38400 Summary: 
[2025-01-09 13:40:31,441] INFO: 	 lr: 1.000000000000002e-05 	 Training loss: 0.05456088900566101
[2025-01-09 13:40:42,293] INFO: Iter 38500 Summary: 
[2025-01-09 13:40:42,293] INFO: 	 lr: 1.000000000000002e-05 	 Training loss: 0.0544059256464243
[2025-01-09 13:40:55,691] INFO: Iter 38600 Summary: 
[2025-01-09 13:40:55,692] INFO: 	 lr: 1.000000000000002e-05 	 Training loss: 0.05434077389538288
[2025-01-09 13:41:06,695] INFO: Iter 38700 Summary: 
[2025-01-09 13:41:06,695] INFO: 	 lr: 1.000000000000002e-05 	 Training loss: 0.05443845227360725
[2025-01-09 13:41:18,481] INFO: Iter 38800 Summary: 
[2025-01-09 13:41:18,481] INFO: 	 lr: 1.000000000000002e-05 	 Training loss: 0.05421098705381155
[2025-01-09 13:41:29,382] INFO: Iter 38900 Summary: 
[2025-01-09 13:41:29,382] INFO: 	 lr: 1.000000000000002e-05 	 Training loss: 0.05431842237710953
[2025-01-09 13:41:39,331] INFO: Iter 39000 Summary: 
[2025-01-09 13:41:39,331] INFO: 	 lr: 1.000000000000002e-05 	 Training loss: 0.054327356293797494
[2025-01-09 13:41:50,859] INFO: Iter 39100 Summary: 
[2025-01-09 13:41:50,859] INFO: 	 lr: 1.000000000000002e-05 	 Training loss: 0.054238740801811215
[2025-01-09 13:42:01,203] INFO: Iter 39200 Summary: 
[2025-01-09 13:42:01,204] INFO: 	 lr: 1.000000000000002e-05 	 Training loss: 0.05441119715571403
[2025-01-09 13:42:13,654] INFO: Iter 39300 Summary: 
[2025-01-09 13:42:13,655] INFO: 	 lr: 1.000000000000002e-05 	 Training loss: 0.054301146641373636
[2025-01-09 13:42:25,429] INFO: Iter 39400 Summary: 
[2025-01-09 13:42:25,430] INFO: 	 lr: 1.000000000000002e-05 	 Training loss: 0.05428582187741995
[2025-01-09 13:42:36,716] INFO: Iter 39500 Summary: 
[2025-01-09 13:42:36,716] INFO: 	 lr: 1.000000000000002e-05 	 Training loss: 0.054006909392774104
[2025-01-09 13:42:48,522] INFO: Iter 39600 Summary: 
[2025-01-09 13:42:48,523] INFO: 	 lr: 1.000000000000002e-05 	 Training loss: 0.054378535598516464
[2025-01-09 13:42:59,815] INFO: Iter 39700 Summary: 
[2025-01-09 13:42:59,815] INFO: 	 lr: 1.000000000000002e-05 	 Training loss: 0.05478165939450264
[2025-01-09 13:43:11,090] INFO: Iter 39800 Summary: 
[2025-01-09 13:43:11,091] INFO: 	 lr: 1.000000000000002e-05 	 Training loss: 0.05396953321993351
[2025-01-09 13:43:22,521] INFO: Iter 39900 Summary: 
[2025-01-09 13:43:22,521] INFO: 	 lr: 1.000000000000002e-05 	 Training loss: 0.05402094762772322
[2025-01-09 13:43:34,620] INFO: Iter 40000 Summary: 
[2025-01-09 13:43:34,620] INFO: 	 lr: 1.000000000000002e-05 	 Training loss: 0.05415231555700302
