[2025-01-13 07:08:39,598] INFO: {
    "abs_dir": "/home/diwang/siMLPe/exps/baseline_h36m",
    "batch_size": 256,
    "cos_lr_max": 1e-05,
    "cos_lr_min": 5e-08,
    "cos_lr_total_iters": 40000,
    "data_aug": true,
    "deriv_input": true,
    "deriv_output": true,
    "device": "cuda:4",
    "h36m_anno_dir": "/home/diwang/siMLPe/data/h36m/",
    "link_log_file": "/home/diwang/siMLPe/exps/baseline_h36m/log/log_last.log",
    "link_val_log_file": "/home/diwang/siMLPe/exps/baseline_h36m/log/val_last.log",
    "log_dir": "/home/diwang/siMLPe/exps/baseline_h36m/log",
    "log_file": "/home/diwang/siMLPe/exps/baseline_h36m/log/log_2025_01_13_07_07_17.log",
    "model_pth": null,
    "motion": {
        "dim": 66,
        "h36m_input_length": 50,
        "h36m_input_length_dct": 50,
        "h36m_target_length": 25,
        "h36m_target_length_eval": 25,
        "h36m_target_length_train": 25
    },
    "motion_fc_in": {
        "activation": "relu",
        "in_features": 66,
        "init_w_trunc_normal": false,
        "out_features": 66,
        "temporal_fc": false,
        "with_norm": false
    },
    "motion_fc_out": {
        "activation": "relu",
        "in_features": 66,
        "init_w_trunc_normal": true,
        "out_features": 66,
        "temporal_fc": false,
        "with_norm": false
    },
    "motion_mlp": {
        "hidden_dim": 66,
        "norm_axis": "spatial",
        "num_layers": 48,
        "seq_len": 50,
        "spatial_fc_only": false,
        "with_normalization": true
    },
    "num_workers": 8,
    "post_dct": false,
    "pre_dct": false,
    "print_every": 100,
    "repo_name": "siMLPe",
    "root_dir": "/home/diwang/siMLPe",
    "save_every": 2000,
    "seed": 304,
    "shift_step": 1,
    "snapshot_dir": "/home/diwang/siMLPe/exps/baseline_h36m/log/snapshot",
    "this_dir": "baseline_h36m",
    "use_relative_loss": true,
    "val_log_file": "/home/diwang/siMLPe/exps/baseline_h36m/log/val_2025_01_13_07_07_17.log",
    "weight_decay": 0.0001
}
[2025-01-13 07:09:00,609] INFO: Iter 100 Summary: 
[2025-01-13 07:09:00,609] INFO: 	 lr: 0.00030000000000000073 	 Training loss: 0.1271383899450302
[2025-01-13 07:09:19,354] INFO: Iter 200 Summary: 
[2025-01-13 07:09:19,355] INFO: 	 lr: 0.00030000000000000073 	 Training loss: 0.11787198886275291
[2025-01-13 07:09:37,116] INFO: Iter 300 Summary: 
[2025-01-13 07:09:37,117] INFO: 	 lr: 0.00030000000000000073 	 Training loss: 0.11558405965566636
[2025-01-13 07:09:55,348] INFO: Iter 400 Summary: 
[2025-01-13 07:09:55,349] INFO: 	 lr: 0.00030000000000000073 	 Training loss: 0.10378956906497479
[2025-01-13 07:10:12,907] INFO: Iter 500 Summary: 
[2025-01-13 07:10:12,907] INFO: 	 lr: 0.00030000000000000073 	 Training loss: 0.09882516607642174
[2025-01-13 07:10:30,673] INFO: Iter 600 Summary: 
[2025-01-13 07:10:30,674] INFO: 	 lr: 0.00030000000000000073 	 Training loss: 0.09616784840822219
[2025-01-13 07:10:51,529] INFO: Iter 700 Summary: 
[2025-01-13 07:10:51,529] INFO: 	 lr: 0.00030000000000000073 	 Training loss: 0.09444022692739963
[2025-01-13 07:11:07,574] INFO: Iter 800 Summary: 
[2025-01-13 07:11:07,575] INFO: 	 lr: 0.00030000000000000073 	 Training loss: 0.0939219530671835
[2025-01-13 07:11:27,964] INFO: Iter 900 Summary: 
[2025-01-13 07:11:27,965] INFO: 	 lr: 0.00030000000000000073 	 Training loss: 0.0921635777503252
[2025-01-13 07:11:48,455] INFO: Iter 1000 Summary: 
[2025-01-13 07:11:48,455] INFO: 	 lr: 0.00030000000000000073 	 Training loss: 0.09113860867917538
[2025-01-13 07:12:07,405] INFO: Iter 1100 Summary: 
[2025-01-13 07:12:07,405] INFO: 	 lr: 0.00030000000000000073 	 Training loss: 0.09006063967943191
[2025-01-13 07:12:27,556] INFO: Iter 1200 Summary: 
[2025-01-13 07:12:27,557] INFO: 	 lr: 0.00030000000000000073 	 Training loss: 0.08997613951563835
[2025-01-13 07:12:45,647] INFO: Iter 1300 Summary: 
[2025-01-13 07:12:45,647] INFO: 	 lr: 0.00030000000000000073 	 Training loss: 0.08911920420825481
[2025-01-13 07:13:05,870] INFO: Iter 1400 Summary: 
[2025-01-13 07:13:05,871] INFO: 	 lr: 0.00030000000000000073 	 Training loss: 0.08852053612470627
[2025-01-13 07:13:22,374] INFO: Iter 1500 Summary: 
[2025-01-13 07:13:22,375] INFO: 	 lr: 0.00030000000000000073 	 Training loss: 0.08803316161036491
[2025-01-13 07:13:43,338] INFO: Iter 1600 Summary: 
[2025-01-13 07:13:43,338] INFO: 	 lr: 0.00030000000000000073 	 Training loss: 0.08780403524637222
[2025-01-13 07:14:01,773] INFO: Iter 1700 Summary: 
[2025-01-13 07:14:01,773] INFO: 	 lr: 0.00030000000000000073 	 Training loss: 0.08709274388849736
[2025-01-13 07:14:20,035] INFO: Iter 1800 Summary: 
[2025-01-13 07:14:20,035] INFO: 	 lr: 0.00030000000000000073 	 Training loss: 0.08612199336290359
[2025-01-13 07:14:37,938] INFO: Iter 1900 Summary: 
[2025-01-13 07:14:37,939] INFO: 	 lr: 0.00030000000000000073 	 Training loss: 0.08684956811368466
[2025-01-13 07:14:55,173] INFO: Iter 2000 Summary: 
[2025-01-13 07:14:55,173] INFO: 	 lr: 0.00030000000000000073 	 Training loss: 0.08598140589892864
[2025-01-13 07:15:17,319] INFO: Iter 2100 Summary: 
[2025-01-13 07:15:17,319] INFO: 	 lr: 0.00030000000000000073 	 Training loss: 0.08560981720685959
[2025-01-13 07:15:34,506] INFO: Iter 2200 Summary: 
[2025-01-13 07:15:34,506] INFO: 	 lr: 0.00030000000000000073 	 Training loss: 0.08543045982718468
[2025-01-13 07:15:54,453] INFO: Iter 2300 Summary: 
[2025-01-13 07:15:54,454] INFO: 	 lr: 0.00030000000000000073 	 Training loss: 0.08507745936512948
[2025-01-13 07:16:14,556] INFO: Iter 2400 Summary: 
[2025-01-13 07:16:14,557] INFO: 	 lr: 0.00030000000000000073 	 Training loss: 0.08471218265593052
[2025-01-13 07:16:34,377] INFO: Iter 2500 Summary: 
[2025-01-13 07:16:34,378] INFO: 	 lr: 0.00030000000000000073 	 Training loss: 0.08394544571638107
[2025-01-13 07:16:55,746] INFO: Iter 2600 Summary: 
[2025-01-13 07:16:55,747] INFO: 	 lr: 0.00030000000000000073 	 Training loss: 0.08382436566054821
[2025-01-13 07:17:12,496] INFO: Iter 2700 Summary: 
[2025-01-13 07:17:12,497] INFO: 	 lr: 0.00030000000000000073 	 Training loss: 0.08367658734321594
[2025-01-13 07:17:30,775] INFO: Iter 2800 Summary: 
[2025-01-13 07:17:30,775] INFO: 	 lr: 0.00030000000000000073 	 Training loss: 0.08364163927733897
[2025-01-13 07:17:52,182] INFO: Iter 2900 Summary: 
[2025-01-13 07:17:52,182] INFO: 	 lr: 0.00030000000000000073 	 Training loss: 0.08454802826046943
[2025-01-13 07:18:11,388] INFO: Iter 3000 Summary: 
[2025-01-13 07:18:11,388] INFO: 	 lr: 0.00030000000000000073 	 Training loss: 0.08407555602490902
[2025-01-13 07:18:29,790] INFO: Iter 3100 Summary: 
[2025-01-13 07:18:29,790] INFO: 	 lr: 0.00030000000000000073 	 Training loss: 0.08302197873592376
[2025-01-13 07:18:49,477] INFO: Iter 3200 Summary: 
[2025-01-13 07:18:49,477] INFO: 	 lr: 0.00030000000000000073 	 Training loss: 0.08324900083243847
[2025-01-13 07:19:08,729] INFO: Iter 3300 Summary: 
[2025-01-13 07:19:08,729] INFO: 	 lr: 0.00030000000000000073 	 Training loss: 0.08325518317520618
[2025-01-13 07:19:28,190] INFO: Iter 3400 Summary: 
[2025-01-13 07:19:28,190] INFO: 	 lr: 0.00030000000000000073 	 Training loss: 0.083036352917552
[2025-01-13 07:19:47,995] INFO: Iter 3500 Summary: 
[2025-01-13 07:19:47,995] INFO: 	 lr: 0.00030000000000000073 	 Training loss: 0.0827105051279068
[2025-01-13 07:20:07,850] INFO: Iter 3600 Summary: 
[2025-01-13 07:20:07,851] INFO: 	 lr: 0.00030000000000000073 	 Training loss: 0.08227458283305168
[2025-01-13 07:20:27,693] INFO: Iter 3700 Summary: 
[2025-01-13 07:20:27,693] INFO: 	 lr: 0.00030000000000000073 	 Training loss: 0.08224985405802726
[2025-01-13 07:20:45,529] INFO: Iter 3800 Summary: 
[2025-01-13 07:20:45,530] INFO: 	 lr: 0.00030000000000000073 	 Training loss: 0.08219712130725383
[2025-01-13 07:21:04,392] INFO: Iter 3900 Summary: 
[2025-01-13 07:21:04,393] INFO: 	 lr: 0.00030000000000000073 	 Training loss: 0.08200237475335598
[2025-01-13 07:21:23,162] INFO: Iter 4000 Summary: 
[2025-01-13 07:21:23,163] INFO: 	 lr: 0.00030000000000000073 	 Training loss: 0.08206434227526188
[2025-01-13 07:21:45,577] INFO: Iter 4100 Summary: 
[2025-01-13 07:21:45,577] INFO: 	 lr: 0.00030000000000000073 	 Training loss: 0.08160311810672283
[2025-01-13 07:22:06,001] INFO: Iter 4200 Summary: 
[2025-01-13 07:22:06,002] INFO: 	 lr: 0.00030000000000000073 	 Training loss: 0.0813413619250059
[2025-01-13 07:22:25,864] INFO: Iter 4300 Summary: 
[2025-01-13 07:22:25,864] INFO: 	 lr: 0.00030000000000000073 	 Training loss: 0.08110808059573174
[2025-01-13 07:22:42,626] INFO: Iter 4400 Summary: 
[2025-01-13 07:22:42,626] INFO: 	 lr: 0.00030000000000000073 	 Training loss: 0.08184757135808468
[2025-01-13 07:22:59,574] INFO: Iter 4500 Summary: 
[2025-01-13 07:22:59,574] INFO: 	 lr: 0.00030000000000000073 	 Training loss: 0.0817248997837305
[2025-01-13 07:23:17,969] INFO: Iter 4600 Summary: 
[2025-01-13 07:23:17,969] INFO: 	 lr: 0.00030000000000000073 	 Training loss: 0.08160166561603546
[2025-01-13 07:23:35,091] INFO: Iter 4700 Summary: 
[2025-01-13 07:23:35,091] INFO: 	 lr: 0.00030000000000000073 	 Training loss: 0.08071623638272285
[2025-01-13 07:23:54,671] INFO: Iter 4800 Summary: 
[2025-01-13 07:23:54,672] INFO: 	 lr: 0.00030000000000000073 	 Training loss: 0.08123697660863399
[2025-01-13 07:24:12,675] INFO: Iter 4900 Summary: 
[2025-01-13 07:24:12,730] INFO: 	 lr: 0.00030000000000000073 	 Training loss: 0.08113891914486886
[2025-01-13 07:24:30,609] INFO: Iter 5000 Summary: 
[2025-01-13 07:24:30,609] INFO: 	 lr: 0.00030000000000000073 	 Training loss: 0.08116080671548843
[2025-01-13 07:24:47,645] INFO: Iter 5100 Summary: 
[2025-01-13 07:24:47,646] INFO: 	 lr: 0.00030000000000000073 	 Training loss: 0.08063780136406422
[2025-01-13 07:25:05,953] INFO: Iter 5200 Summary: 
[2025-01-13 07:25:05,953] INFO: 	 lr: 0.00030000000000000073 	 Training loss: 0.08041398234665394
[2025-01-13 07:25:24,278] INFO: Iter 5300 Summary: 
[2025-01-13 07:25:24,278] INFO: 	 lr: 0.00030000000000000073 	 Training loss: 0.0808931040763855
[2025-01-13 07:25:41,990] INFO: Iter 5400 Summary: 
[2025-01-13 07:25:41,991] INFO: 	 lr: 0.00030000000000000073 	 Training loss: 0.0803857297450304
[2025-01-13 07:26:01,446] INFO: Iter 5500 Summary: 
[2025-01-13 07:26:01,446] INFO: 	 lr: 0.00030000000000000073 	 Training loss: 0.08028666891157626
[2025-01-13 07:26:20,280] INFO: Iter 5600 Summary: 
[2025-01-13 07:26:20,280] INFO: 	 lr: 0.00030000000000000073 	 Training loss: 0.08037640661001205
[2025-01-13 07:26:38,500] INFO: Iter 5700 Summary: 
[2025-01-13 07:26:38,500] INFO: 	 lr: 0.00030000000000000073 	 Training loss: 0.08023288615047931
[2025-01-13 07:26:56,253] INFO: Iter 5800 Summary: 
[2025-01-13 07:26:56,253] INFO: 	 lr: 0.00030000000000000073 	 Training loss: 0.08006539925932885
[2025-01-13 07:27:15,531] INFO: Iter 5900 Summary: 
[2025-01-13 07:27:15,531] INFO: 	 lr: 0.00030000000000000073 	 Training loss: 0.08019372150301933
[2025-01-13 07:27:36,061] INFO: Iter 6000 Summary: 
[2025-01-13 07:27:36,061] INFO: 	 lr: 0.00030000000000000073 	 Training loss: 0.07952540665864945
[2025-01-13 07:27:56,587] INFO: Iter 6100 Summary: 
[2025-01-13 07:27:56,587] INFO: 	 lr: 0.00030000000000000073 	 Training loss: 0.07935806453227996
[2025-01-13 07:28:18,078] INFO: Iter 6200 Summary: 
[2025-01-13 07:28:18,078] INFO: 	 lr: 0.00030000000000000073 	 Training loss: 0.07905030503869057
[2025-01-13 07:28:38,318] INFO: Iter 6300 Summary: 
[2025-01-13 07:28:38,318] INFO: 	 lr: 0.00030000000000000073 	 Training loss: 0.07922312267124652
[2025-01-13 07:28:56,509] INFO: Iter 6400 Summary: 
[2025-01-13 07:28:56,509] INFO: 	 lr: 0.00030000000000000073 	 Training loss: 0.07941020518541336
[2025-01-13 07:29:15,178] INFO: Iter 6500 Summary: 
[2025-01-13 07:29:15,178] INFO: 	 lr: 0.00030000000000000073 	 Training loss: 0.07911848679184913
[2025-01-13 07:29:34,794] INFO: Iter 6600 Summary: 
[2025-01-13 07:29:34,794] INFO: 	 lr: 0.00030000000000000073 	 Training loss: 0.07905704334378243
[2025-01-13 07:29:53,965] INFO: Iter 6700 Summary: 
[2025-01-13 07:29:53,965] INFO: 	 lr: 0.00030000000000000073 	 Training loss: 0.07907498493790627
[2025-01-13 07:30:14,653] INFO: Iter 6800 Summary: 
[2025-01-13 07:30:14,654] INFO: 	 lr: 0.00030000000000000073 	 Training loss: 0.07886810816824436
[2025-01-13 07:30:35,872] INFO: Iter 6900 Summary: 
[2025-01-13 07:30:35,872] INFO: 	 lr: 0.00030000000000000073 	 Training loss: 0.07851685605943202
[2025-01-13 07:30:55,895] INFO: Iter 7000 Summary: 
[2025-01-13 07:30:55,895] INFO: 	 lr: 0.00030000000000000073 	 Training loss: 0.07848111763596535
[2025-01-13 07:31:13,732] INFO: Iter 7100 Summary: 
[2025-01-13 07:31:13,732] INFO: 	 lr: 0.00030000000000000073 	 Training loss: 0.07866839438676834
[2025-01-13 07:31:30,126] INFO: Iter 7200 Summary: 
[2025-01-13 07:31:30,126] INFO: 	 lr: 0.00030000000000000073 	 Training loss: 0.07841986328363419
[2025-01-13 07:31:49,135] INFO: Iter 7300 Summary: 
[2025-01-13 07:31:49,135] INFO: 	 lr: 0.00030000000000000073 	 Training loss: 0.078194310516119
[2025-01-13 07:32:08,105] INFO: Iter 7400 Summary: 
[2025-01-13 07:32:08,105] INFO: 	 lr: 0.00030000000000000073 	 Training loss: 0.078430255651474
[2025-01-13 07:32:25,290] INFO: Iter 7500 Summary: 
[2025-01-13 07:32:25,290] INFO: 	 lr: 0.00030000000000000073 	 Training loss: 0.07756014473736286
[2025-01-13 07:32:40,744] INFO: Iter 7600 Summary: 
[2025-01-13 07:32:40,744] INFO: 	 lr: 0.00030000000000000073 	 Training loss: 0.07773558765649796
[2025-01-13 07:32:59,098] INFO: Iter 7700 Summary: 
[2025-01-13 07:32:59,099] INFO: 	 lr: 0.00030000000000000073 	 Training loss: 0.07859644450247288
[2025-01-13 07:33:15,317] INFO: Iter 7800 Summary: 
[2025-01-13 07:33:15,317] INFO: 	 lr: 0.00030000000000000073 	 Training loss: 0.07768157549202442
[2025-01-13 07:33:32,627] INFO: Iter 7900 Summary: 
[2025-01-13 07:33:32,627] INFO: 	 lr: 0.00030000000000000073 	 Training loss: 0.07757321864366531
[2025-01-13 07:33:50,300] INFO: Iter 8000 Summary: 
[2025-01-13 07:33:50,300] INFO: 	 lr: 0.00030000000000000073 	 Training loss: 0.07790991947054864
[2025-01-13 07:34:12,482] INFO: Iter 8100 Summary: 
[2025-01-13 07:34:12,482] INFO: 	 lr: 0.00030000000000000073 	 Training loss: 0.07822146229445934
[2025-01-13 07:34:31,776] INFO: Iter 8200 Summary: 
[2025-01-13 07:34:31,777] INFO: 	 lr: 0.00030000000000000073 	 Training loss: 0.07780851341784001
[2025-01-13 07:34:49,176] INFO: Iter 8300 Summary: 
[2025-01-13 07:34:49,176] INFO: 	 lr: 0.00030000000000000073 	 Training loss: 0.07710057146847248
[2025-01-13 07:35:07,436] INFO: Iter 8400 Summary: 
[2025-01-13 07:35:07,437] INFO: 	 lr: 0.00030000000000000073 	 Training loss: 0.07774845838546753
[2025-01-13 07:35:24,424] INFO: Iter 8500 Summary: 
[2025-01-13 07:35:24,425] INFO: 	 lr: 0.00030000000000000073 	 Training loss: 0.07763770535588264
[2025-01-13 07:35:42,082] INFO: Iter 8600 Summary: 
[2025-01-13 07:35:42,082] INFO: 	 lr: 0.00030000000000000073 	 Training loss: 0.07701560273766518
[2025-01-13 07:35:59,338] INFO: Iter 8700 Summary: 
[2025-01-13 07:35:59,338] INFO: 	 lr: 0.00030000000000000073 	 Training loss: 0.07756031192839145
[2025-01-13 07:36:17,888] INFO: Iter 8800 Summary: 
[2025-01-13 07:36:17,888] INFO: 	 lr: 0.00030000000000000073 	 Training loss: 0.0773436452448368
[2025-01-13 07:36:36,226] INFO: Iter 8900 Summary: 
[2025-01-13 07:36:36,226] INFO: 	 lr: 0.00030000000000000073 	 Training loss: 0.07738318160176277
[2025-01-13 07:36:53,774] INFO: Iter 9000 Summary: 
[2025-01-13 07:36:53,775] INFO: 	 lr: 0.00030000000000000073 	 Training loss: 0.0769769886881113
[2025-01-13 07:37:09,534] INFO: Iter 9100 Summary: 
[2025-01-13 07:37:09,534] INFO: 	 lr: 0.00030000000000000073 	 Training loss: 0.0763704901188612
[2025-01-13 07:37:26,360] INFO: Iter 9200 Summary: 
[2025-01-13 07:37:26,361] INFO: 	 lr: 0.00030000000000000073 	 Training loss: 0.07679507724940776
[2025-01-13 07:37:43,800] INFO: Iter 9300 Summary: 
[2025-01-13 07:37:43,800] INFO: 	 lr: 0.00030000000000000073 	 Training loss: 0.07681856758892536
[2025-01-13 07:38:02,238] INFO: Iter 9400 Summary: 
[2025-01-13 07:38:02,238] INFO: 	 lr: 0.00030000000000000073 	 Training loss: 0.07661550611257553
[2025-01-13 07:38:18,013] INFO: Iter 9500 Summary: 
[2025-01-13 07:38:18,014] INFO: 	 lr: 0.00030000000000000073 	 Training loss: 0.07640921168029308
[2025-01-13 07:38:37,148] INFO: Iter 9600 Summary: 
[2025-01-13 07:38:37,149] INFO: 	 lr: 0.00030000000000000073 	 Training loss: 0.07690285429358483
[2025-01-13 07:38:54,535] INFO: Iter 9700 Summary: 
[2025-01-13 07:38:54,535] INFO: 	 lr: 0.00030000000000000073 	 Training loss: 0.07646939478814602
[2025-01-13 07:39:10,815] INFO: Iter 9800 Summary: 
[2025-01-13 07:39:10,815] INFO: 	 lr: 0.00030000000000000073 	 Training loss: 0.07642087884247303
[2025-01-13 07:39:28,037] INFO: Iter 9900 Summary: 
[2025-01-13 07:39:28,038] INFO: 	 lr: 0.00030000000000000073 	 Training loss: 0.07698180973529815
[2025-01-13 07:39:46,071] INFO: Iter 10000 Summary: 
[2025-01-13 07:39:46,071] INFO: 	 lr: 0.00030000000000000073 	 Training loss: 0.07596182256937027
[2025-01-13 07:40:11,978] INFO: Iter 10100 Summary: 
[2025-01-13 07:40:11,979] INFO: 	 lr: 0.00030000000000000073 	 Training loss: 0.07578248351812363
[2025-01-13 07:40:33,472] INFO: Iter 10200 Summary: 
[2025-01-13 07:40:33,473] INFO: 	 lr: 0.00030000000000000073 	 Training loss: 0.07654160916805268
[2025-01-13 07:40:51,832] INFO: Iter 10300 Summary: 
[2025-01-13 07:40:51,832] INFO: 	 lr: 0.00030000000000000073 	 Training loss: 0.07621213898062706
[2025-01-13 07:41:09,566] INFO: Iter 10400 Summary: 
[2025-01-13 07:41:09,566] INFO: 	 lr: 0.00030000000000000073 	 Training loss: 0.07567314490675926
[2025-01-13 07:41:25,452] INFO: Iter 10500 Summary: 
[2025-01-13 07:41:25,452] INFO: 	 lr: 0.00030000000000000073 	 Training loss: 0.07570728853344917
[2025-01-13 07:41:43,208] INFO: Iter 10600 Summary: 
[2025-01-13 07:41:43,209] INFO: 	 lr: 0.00030000000000000073 	 Training loss: 0.07578960172832012
[2025-01-13 07:42:02,383] INFO: Iter 10700 Summary: 
[2025-01-13 07:42:02,383] INFO: 	 lr: 0.00030000000000000073 	 Training loss: 0.07592980802059174
[2025-01-13 07:42:19,566] INFO: Iter 10800 Summary: 
[2025-01-13 07:42:19,567] INFO: 	 lr: 0.00030000000000000073 	 Training loss: 0.07617585696280002
[2025-01-13 07:42:37,531] INFO: Iter 10900 Summary: 
[2025-01-13 07:42:37,532] INFO: 	 lr: 0.00030000000000000073 	 Training loss: 0.07639030359685421
[2025-01-13 07:42:54,315] INFO: Iter 11000 Summary: 
[2025-01-13 07:42:54,316] INFO: 	 lr: 0.00030000000000000073 	 Training loss: 0.0751989684253931
[2025-01-13 07:43:11,156] INFO: Iter 11100 Summary: 
[2025-01-13 07:43:11,157] INFO: 	 lr: 0.00030000000000000073 	 Training loss: 0.07564821295440197
[2025-01-13 07:43:27,790] INFO: Iter 11200 Summary: 
[2025-01-13 07:43:27,790] INFO: 	 lr: 0.00030000000000000073 	 Training loss: 0.07491290271282196
[2025-01-13 07:43:46,155] INFO: Iter 11300 Summary: 
[2025-01-13 07:43:46,156] INFO: 	 lr: 0.00030000000000000073 	 Training loss: 0.07560669004917145
[2025-01-13 07:44:03,907] INFO: Iter 11400 Summary: 
[2025-01-13 07:44:03,907] INFO: 	 lr: 0.00030000000000000073 	 Training loss: 0.07548373624682427
[2025-01-13 07:44:21,704] INFO: Iter 11500 Summary: 
[2025-01-13 07:44:21,704] INFO: 	 lr: 0.00030000000000000073 	 Training loss: 0.07485116489231586
[2025-01-13 07:44:39,023] INFO: Iter 11600 Summary: 
[2025-01-13 07:44:39,024] INFO: 	 lr: 0.00030000000000000073 	 Training loss: 0.07475690081715584
[2025-01-13 07:44:58,715] INFO: Iter 11700 Summary: 
[2025-01-13 07:44:58,715] INFO: 	 lr: 0.00030000000000000073 	 Training loss: 0.07483581572771072
[2025-01-13 07:45:16,690] INFO: Iter 11800 Summary: 
[2025-01-13 07:45:16,691] INFO: 	 lr: 0.00030000000000000073 	 Training loss: 0.07497977577149868
[2025-01-13 07:45:33,672] INFO: Iter 11900 Summary: 
[2025-01-13 07:45:33,672] INFO: 	 lr: 0.00030000000000000073 	 Training loss: 0.07498353093862534
[2025-01-13 07:45:50,401] INFO: Iter 12000 Summary: 
[2025-01-13 07:45:50,401] INFO: 	 lr: 0.00030000000000000073 	 Training loss: 0.07521108634769917
[2025-01-13 07:46:13,402] INFO: Iter 12100 Summary: 
[2025-01-13 07:46:13,403] INFO: 	 lr: 0.00030000000000000073 	 Training loss: 0.07507438987493514
[2025-01-13 07:46:33,491] INFO: Iter 12200 Summary: 
[2025-01-13 07:46:33,491] INFO: 	 lr: 0.00030000000000000073 	 Training loss: 0.07538019075989723
[2025-01-13 07:46:52,929] INFO: Iter 12300 Summary: 
[2025-01-13 07:46:52,930] INFO: 	 lr: 0.00030000000000000073 	 Training loss: 0.07452675819396973
[2025-01-13 07:47:10,727] INFO: Iter 12400 Summary: 
[2025-01-13 07:47:10,728] INFO: 	 lr: 0.00030000000000000073 	 Training loss: 0.07454165853559971
[2025-01-13 07:47:29,685] INFO: Iter 12500 Summary: 
[2025-01-13 07:47:29,685] INFO: 	 lr: 0.00030000000000000073 	 Training loss: 0.07430261291563511
[2025-01-13 07:47:50,477] INFO: Iter 12600 Summary: 
[2025-01-13 07:47:50,477] INFO: 	 lr: 0.00030000000000000073 	 Training loss: 0.07453273728489876
[2025-01-13 07:48:07,741] INFO: Iter 12700 Summary: 
[2025-01-13 07:48:07,741] INFO: 	 lr: 0.00030000000000000073 	 Training loss: 0.07510124325752258
[2025-01-13 07:48:27,553] INFO: Iter 12800 Summary: 
[2025-01-13 07:48:27,554] INFO: 	 lr: 0.00030000000000000073 	 Training loss: 0.074095518887043
[2025-01-13 07:48:46,444] INFO: Iter 12900 Summary: 
[2025-01-13 07:48:46,444] INFO: 	 lr: 0.00030000000000000073 	 Training loss: 0.0747470173239708
[2025-01-13 07:49:06,046] INFO: Iter 13000 Summary: 
[2025-01-13 07:49:06,046] INFO: 	 lr: 0.00030000000000000073 	 Training loss: 0.07468348287045956
[2025-01-13 07:49:24,086] INFO: Iter 13100 Summary: 
[2025-01-13 07:49:24,086] INFO: 	 lr: 0.00030000000000000073 	 Training loss: 0.07434407152235507
[2025-01-13 07:49:43,933] INFO: Iter 13200 Summary: 
[2025-01-13 07:49:43,933] INFO: 	 lr: 0.00030000000000000073 	 Training loss: 0.07391515456140041
[2025-01-13 07:50:01,910] INFO: Iter 13300 Summary: 
[2025-01-13 07:50:01,910] INFO: 	 lr: 0.00030000000000000073 	 Training loss: 0.0743435624986887
[2025-01-13 07:50:21,169] INFO: Iter 13400 Summary: 
[2025-01-13 07:50:21,170] INFO: 	 lr: 0.00030000000000000073 	 Training loss: 0.07416469775140286
[2025-01-13 07:50:38,316] INFO: Iter 13500 Summary: 
[2025-01-13 07:50:38,317] INFO: 	 lr: 0.00030000000000000073 	 Training loss: 0.0737970530986786
[2025-01-13 07:50:56,116] INFO: Iter 13600 Summary: 
[2025-01-13 07:50:56,117] INFO: 	 lr: 0.00030000000000000073 	 Training loss: 0.07374955326318741
[2025-01-13 07:51:13,165] INFO: Iter 13700 Summary: 
[2025-01-13 07:51:13,165] INFO: 	 lr: 0.00030000000000000073 	 Training loss: 0.07355544827878475
[2025-01-13 07:51:27,459] INFO: Iter 13800 Summary: 
[2025-01-13 07:51:27,459] INFO: 	 lr: 0.00030000000000000073 	 Training loss: 0.07396879218518734
[2025-01-13 07:51:45,746] INFO: Iter 13900 Summary: 
[2025-01-13 07:51:45,746] INFO: 	 lr: 0.00030000000000000073 	 Training loss: 0.0739928475022316
[2025-01-13 07:52:05,881] INFO: Iter 14000 Summary: 
[2025-01-13 07:52:05,881] INFO: 	 lr: 0.00030000000000000073 	 Training loss: 0.07365240842103958
[2025-01-13 07:52:29,016] INFO: Iter 14100 Summary: 
[2025-01-13 07:52:29,016] INFO: 	 lr: 0.00030000000000000073 	 Training loss: 0.07403012312948704
[2025-01-13 07:52:46,125] INFO: Iter 14200 Summary: 
[2025-01-13 07:52:46,125] INFO: 	 lr: 0.00030000000000000073 	 Training loss: 0.07392353765666484
[2025-01-13 07:53:03,077] INFO: Iter 14300 Summary: 
[2025-01-13 07:53:03,077] INFO: 	 lr: 0.00030000000000000073 	 Training loss: 0.07400481484830379
[2025-01-13 07:53:20,656] INFO: Iter 14400 Summary: 
[2025-01-13 07:53:20,656] INFO: 	 lr: 0.00030000000000000073 	 Training loss: 0.0735215649753809
[2025-01-13 07:53:38,915] INFO: Iter 14500 Summary: 
[2025-01-13 07:53:38,915] INFO: 	 lr: 0.00030000000000000073 	 Training loss: 0.07359622769057751
[2025-01-13 07:53:55,549] INFO: Iter 14600 Summary: 
[2025-01-13 07:53:55,549] INFO: 	 lr: 0.00030000000000000073 	 Training loss: 0.0739032369107008
[2025-01-13 07:54:11,841] INFO: Iter 14700 Summary: 
[2025-01-13 07:54:11,842] INFO: 	 lr: 0.00030000000000000073 	 Training loss: 0.07304114490747451
[2025-01-13 07:54:30,185] INFO: Iter 14800 Summary: 
[2025-01-13 07:54:30,186] INFO: 	 lr: 0.00030000000000000073 	 Training loss: 0.07362954683601856
[2025-01-13 07:54:47,755] INFO: Iter 14900 Summary: 
[2025-01-13 07:54:47,756] INFO: 	 lr: 0.00030000000000000073 	 Training loss: 0.0738085875660181
[2025-01-13 07:55:05,466] INFO: Iter 15000 Summary: 
[2025-01-13 07:55:05,467] INFO: 	 lr: 0.00030000000000000073 	 Training loss: 0.07373205676674843
[2025-01-13 07:55:22,220] INFO: Iter 15100 Summary: 
[2025-01-13 07:55:22,221] INFO: 	 lr: 0.00030000000000000073 	 Training loss: 0.07350682839751244
[2025-01-13 07:55:38,286] INFO: Iter 15200 Summary: 
[2025-01-13 07:55:38,286] INFO: 	 lr: 0.00030000000000000073 	 Training loss: 0.07341529890894889
[2025-01-13 07:55:54,681] INFO: Iter 15300 Summary: 
[2025-01-13 07:55:54,681] INFO: 	 lr: 0.00030000000000000073 	 Training loss: 0.07306948244571686
[2025-01-13 07:56:13,450] INFO: Iter 15400 Summary: 
[2025-01-13 07:56:13,450] INFO: 	 lr: 0.00030000000000000073 	 Training loss: 0.0729718590527773
[2025-01-13 07:56:31,220] INFO: Iter 15500 Summary: 
[2025-01-13 07:56:31,220] INFO: 	 lr: 0.00030000000000000073 	 Training loss: 0.07308181628584862
[2025-01-13 07:56:50,153] INFO: Iter 15600 Summary: 
[2025-01-13 07:56:50,154] INFO: 	 lr: 0.00030000000000000073 	 Training loss: 0.07316169291734695
[2025-01-13 07:57:08,931] INFO: Iter 15700 Summary: 
[2025-01-13 07:57:08,932] INFO: 	 lr: 0.00030000000000000073 	 Training loss: 0.07295652136206626
[2025-01-13 07:57:25,996] INFO: Iter 15800 Summary: 
[2025-01-13 07:57:25,997] INFO: 	 lr: 0.00030000000000000073 	 Training loss: 0.07243462540209293
[2025-01-13 07:57:42,303] INFO: Iter 15900 Summary: 
[2025-01-13 07:57:42,303] INFO: 	 lr: 0.00030000000000000073 	 Training loss: 0.07293326996266841
[2025-01-13 07:58:00,111] INFO: Iter 16000 Summary: 
[2025-01-13 07:58:00,112] INFO: 	 lr: 0.00030000000000000073 	 Training loss: 0.07314244017004967
[2025-01-13 07:58:22,820] INFO: Iter 16100 Summary: 
[2025-01-13 07:58:22,820] INFO: 	 lr: 0.00030000000000000073 	 Training loss: 0.07356289066374302
[2025-01-13 07:58:39,425] INFO: Iter 16200 Summary: 
[2025-01-13 07:58:39,425] INFO: 	 lr: 0.00030000000000000073 	 Training loss: 0.07277858093380928
[2025-01-13 07:58:56,582] INFO: Iter 16300 Summary: 
[2025-01-13 07:58:56,583] INFO: 	 lr: 0.00030000000000000073 	 Training loss: 0.07287464924156666
[2025-01-13 07:59:13,698] INFO: Iter 16400 Summary: 
[2025-01-13 07:59:13,698] INFO: 	 lr: 0.00030000000000000073 	 Training loss: 0.07262036964297294
[2025-01-13 07:59:31,480] INFO: Iter 16500 Summary: 
[2025-01-13 07:59:31,481] INFO: 	 lr: 0.00030000000000000073 	 Training loss: 0.07249108128249646
[2025-01-13 07:59:49,579] INFO: Iter 16600 Summary: 
[2025-01-13 07:59:49,579] INFO: 	 lr: 0.00030000000000000073 	 Training loss: 0.0728006225079298
[2025-01-13 08:00:05,658] INFO: Iter 16700 Summary: 
[2025-01-13 08:00:05,658] INFO: 	 lr: 0.00030000000000000073 	 Training loss: 0.07277530454099178
[2025-01-13 08:00:22,456] INFO: Iter 16800 Summary: 
[2025-01-13 08:00:22,457] INFO: 	 lr: 0.00030000000000000073 	 Training loss: 0.07268569819629192
[2025-01-13 08:00:39,419] INFO: Iter 16900 Summary: 
[2025-01-13 08:00:39,419] INFO: 	 lr: 0.00030000000000000073 	 Training loss: 0.07278158485889435
[2025-01-13 08:00:58,673] INFO: Iter 17000 Summary: 
[2025-01-13 08:00:58,674] INFO: 	 lr: 0.00030000000000000073 	 Training loss: 0.07240060262382031
[2025-01-13 08:01:17,112] INFO: Iter 17100 Summary: 
[2025-01-13 08:01:17,113] INFO: 	 lr: 0.00030000000000000073 	 Training loss: 0.07231488510966301
[2025-01-13 08:01:34,058] INFO: Iter 17200 Summary: 
[2025-01-13 08:01:34,058] INFO: 	 lr: 0.00030000000000000073 	 Training loss: 0.07253668382763863
[2025-01-13 08:01:53,635] INFO: Iter 17300 Summary: 
[2025-01-13 08:01:53,635] INFO: 	 lr: 0.00030000000000000073 	 Training loss: 0.07264877788722515
[2025-01-13 08:02:12,896] INFO: Iter 17400 Summary: 
[2025-01-13 08:02:12,896] INFO: 	 lr: 0.00030000000000000073 	 Training loss: 0.07246284887194633
[2025-01-13 08:02:32,602] INFO: Iter 17500 Summary: 
[2025-01-13 08:02:32,602] INFO: 	 lr: 0.00030000000000000073 	 Training loss: 0.07232512898743153
[2025-01-13 08:02:51,049] INFO: Iter 17600 Summary: 
[2025-01-13 08:02:51,049] INFO: 	 lr: 0.00030000000000000073 	 Training loss: 0.07254969872534275
[2025-01-13 08:03:12,154] INFO: Iter 17700 Summary: 
[2025-01-13 08:03:12,155] INFO: 	 lr: 0.00030000000000000073 	 Training loss: 0.07222407951951026
[2025-01-13 08:03:30,719] INFO: Iter 17800 Summary: 
[2025-01-13 08:03:30,719] INFO: 	 lr: 0.00030000000000000073 	 Training loss: 0.07166419431567192
[2025-01-13 08:03:49,197] INFO: Iter 17900 Summary: 
[2025-01-13 08:03:49,197] INFO: 	 lr: 0.00030000000000000073 	 Training loss: 0.072302555590868
[2025-01-13 08:04:06,106] INFO: Iter 18000 Summary: 
[2025-01-13 08:04:06,107] INFO: 	 lr: 0.00030000000000000073 	 Training loss: 0.07199635706841946
[2025-01-13 08:04:27,996] INFO: Iter 18100 Summary: 
[2025-01-13 08:04:27,996] INFO: 	 lr: 0.00030000000000000073 	 Training loss: 0.07289855524897576
[2025-01-13 08:04:46,473] INFO: Iter 18200 Summary: 
[2025-01-13 08:04:46,473] INFO: 	 lr: 0.00030000000000000073 	 Training loss: 0.0724656730890274
[2025-01-13 08:05:04,726] INFO: Iter 18300 Summary: 
[2025-01-13 08:05:04,727] INFO: 	 lr: 0.00030000000000000073 	 Training loss: 0.07246163129806518
[2025-01-13 08:05:22,219] INFO: Iter 18400 Summary: 
[2025-01-13 08:05:22,219] INFO: 	 lr: 0.00030000000000000073 	 Training loss: 0.07173946991562843
[2025-01-13 08:05:39,626] INFO: Iter 18500 Summary: 
[2025-01-13 08:05:39,626] INFO: 	 lr: 0.00030000000000000073 	 Training loss: 0.0720628833025694
[2025-01-13 08:05:58,037] INFO: Iter 18600 Summary: 
[2025-01-13 08:05:58,037] INFO: 	 lr: 0.00030000000000000073 	 Training loss: 0.07222891449928284
[2025-01-13 08:06:14,447] INFO: Iter 18700 Summary: 
[2025-01-13 08:06:14,447] INFO: 	 lr: 0.00030000000000000073 	 Training loss: 0.07193232789635658
[2025-01-13 08:06:32,726] INFO: Iter 18800 Summary: 
[2025-01-13 08:06:32,727] INFO: 	 lr: 0.00030000000000000073 	 Training loss: 0.07177097104489803
[2025-01-13 08:06:51,323] INFO: Iter 18900 Summary: 
[2025-01-13 08:06:51,324] INFO: 	 lr: 0.00030000000000000073 	 Training loss: 0.07157127454876899
[2025-01-13 08:07:08,118] INFO: Iter 19000 Summary: 
[2025-01-13 08:07:08,119] INFO: 	 lr: 0.00030000000000000073 	 Training loss: 0.07187260866165161
[2025-01-13 08:07:27,014] INFO: Iter 19100 Summary: 
[2025-01-13 08:07:27,014] INFO: 	 lr: 0.00030000000000000073 	 Training loss: 0.07137187585234642
[2025-01-13 08:07:44,581] INFO: Iter 19200 Summary: 
[2025-01-13 08:07:44,581] INFO: 	 lr: 0.00030000000000000073 	 Training loss: 0.0716596694290638
[2025-01-13 08:08:02,719] INFO: Iter 19300 Summary: 
[2025-01-13 08:08:02,720] INFO: 	 lr: 0.00030000000000000073 	 Training loss: 0.07210698790848255
[2025-01-13 08:08:21,391] INFO: Iter 19400 Summary: 
[2025-01-13 08:08:21,391] INFO: 	 lr: 0.00030000000000000073 	 Training loss: 0.07166519202291965
[2025-01-13 08:08:39,579] INFO: Iter 19500 Summary: 
[2025-01-13 08:08:39,580] INFO: 	 lr: 0.00030000000000000073 	 Training loss: 0.07165376581251622
[2025-01-13 08:08:58,241] INFO: Iter 19600 Summary: 
[2025-01-13 08:08:58,242] INFO: 	 lr: 0.00030000000000000073 	 Training loss: 0.0718459989875555
[2025-01-13 08:09:16,639] INFO: Iter 19700 Summary: 
[2025-01-13 08:09:16,639] INFO: 	 lr: 0.00030000000000000073 	 Training loss: 0.07228421412408352
[2025-01-13 08:09:32,615] INFO: Iter 19800 Summary: 
[2025-01-13 08:09:32,615] INFO: 	 lr: 0.00030000000000000073 	 Training loss: 0.07178299076855182
[2025-01-13 08:09:48,704] INFO: Iter 19900 Summary: 
[2025-01-13 08:09:48,704] INFO: 	 lr: 0.00030000000000000073 	 Training loss: 0.07147477693855762
[2025-01-13 08:10:07,607] INFO: Iter 20000 Summary: 
[2025-01-13 08:10:07,607] INFO: 	 lr: 0.00030000000000000073 	 Training loss: 0.07124702773988247
[2025-01-13 08:10:28,927] INFO: Iter 20100 Summary: 
[2025-01-13 08:10:28,928] INFO: 	 lr: 0.00030000000000000073 	 Training loss: 0.0718490556627512
[2025-01-13 08:10:47,216] INFO: Iter 20200 Summary: 
[2025-01-13 08:10:47,217] INFO: 	 lr: 0.00030000000000000073 	 Training loss: 0.07145639419555665
[2025-01-13 08:11:04,550] INFO: Iter 20300 Summary: 
[2025-01-13 08:11:04,550] INFO: 	 lr: 0.00030000000000000073 	 Training loss: 0.07178526245057583
[2025-01-13 08:11:23,246] INFO: Iter 20400 Summary: 
[2025-01-13 08:11:23,246] INFO: 	 lr: 0.00030000000000000073 	 Training loss: 0.07167724639177322
[2025-01-13 08:11:40,320] INFO: Iter 20500 Summary: 
[2025-01-13 08:11:40,321] INFO: 	 lr: 0.00030000000000000073 	 Training loss: 0.07137614972889424
[2025-01-13 08:11:57,473] INFO: Iter 20600 Summary: 
[2025-01-13 08:11:57,474] INFO: 	 lr: 0.00030000000000000073 	 Training loss: 0.0712238285690546
[2025-01-13 08:12:17,180] INFO: Iter 20700 Summary: 
[2025-01-13 08:12:17,180] INFO: 	 lr: 0.00030000000000000073 	 Training loss: 0.0715351089835167
[2025-01-13 08:12:37,569] INFO: Iter 20800 Summary: 
[2025-01-13 08:12:37,569] INFO: 	 lr: 0.00030000000000000073 	 Training loss: 0.07165742196142673
[2025-01-13 08:12:55,676] INFO: Iter 20900 Summary: 
[2025-01-13 08:12:55,677] INFO: 	 lr: 0.00030000000000000073 	 Training loss: 0.0712478782236576
[2025-01-13 08:13:15,684] INFO: Iter 21000 Summary: 
[2025-01-13 08:13:15,684] INFO: 	 lr: 0.00030000000000000073 	 Training loss: 0.07129756942391395
[2025-01-13 08:13:36,810] INFO: Iter 21100 Summary: 
[2025-01-13 08:13:36,811] INFO: 	 lr: 0.00030000000000000073 	 Training loss: 0.07123135417699814
[2025-01-13 08:13:55,598] INFO: Iter 21200 Summary: 
[2025-01-13 08:13:55,598] INFO: 	 lr: 0.00030000000000000073 	 Training loss: 0.07099262997508049
[2025-01-13 08:14:13,569] INFO: Iter 21300 Summary: 
[2025-01-13 08:14:13,570] INFO: 	 lr: 0.00030000000000000073 	 Training loss: 0.07149579130113125
[2025-01-13 08:14:31,178] INFO: Iter 21400 Summary: 
[2025-01-13 08:14:31,178] INFO: 	 lr: 0.00030000000000000073 	 Training loss: 0.07112267397344113
[2025-01-13 08:14:50,733] INFO: Iter 21500 Summary: 
[2025-01-13 08:14:50,733] INFO: 	 lr: 0.00030000000000000073 	 Training loss: 0.0710816092044115
[2025-01-13 08:15:08,219] INFO: Iter 21600 Summary: 
[2025-01-13 08:15:08,220] INFO: 	 lr: 0.00030000000000000073 	 Training loss: 0.07101880207657814
[2025-01-13 08:15:27,580] INFO: Iter 21700 Summary: 
[2025-01-13 08:15:27,581] INFO: 	 lr: 0.00030000000000000073 	 Training loss: 0.07123049952089787
[2025-01-13 08:15:48,404] INFO: Iter 21800 Summary: 
[2025-01-13 08:15:48,404] INFO: 	 lr: 0.00030000000000000073 	 Training loss: 0.07115879982709884
[2025-01-13 08:16:07,803] INFO: Iter 21900 Summary: 
[2025-01-13 08:16:07,803] INFO: 	 lr: 0.00030000000000000073 	 Training loss: 0.07059240944683552
[2025-01-13 08:16:26,697] INFO: Iter 22000 Summary: 
[2025-01-13 08:16:26,697] INFO: 	 lr: 0.00030000000000000073 	 Training loss: 0.07083166673779488
[2025-01-13 08:16:48,669] INFO: Iter 22100 Summary: 
[2025-01-13 08:16:48,669] INFO: 	 lr: 0.00030000000000000073 	 Training loss: 0.07118355564773082
[2025-01-13 08:17:04,121] INFO: Iter 22200 Summary: 
[2025-01-13 08:17:04,121] INFO: 	 lr: 0.00030000000000000073 	 Training loss: 0.07072228752076626
[2025-01-13 08:17:22,540] INFO: Iter 22300 Summary: 
[2025-01-13 08:17:22,540] INFO: 	 lr: 0.00030000000000000073 	 Training loss: 0.07093148931860924
[2025-01-13 08:17:42,070] INFO: Iter 22400 Summary: 
[2025-01-13 08:17:42,071] INFO: 	 lr: 0.00030000000000000073 	 Training loss: 0.07095764026045799
[2025-01-13 08:18:09,271] INFO: Iter 22500 Summary: 
[2025-01-13 08:18:09,272] INFO: 	 lr: 0.00030000000000000073 	 Training loss: 0.0709342835098505
[2025-01-13 08:18:25,838] INFO: Iter 22600 Summary: 
[2025-01-13 08:18:25,838] INFO: 	 lr: 0.00030000000000000073 	 Training loss: 0.07077586285769939
[2025-01-13 08:18:42,134] INFO: Iter 22700 Summary: 
[2025-01-13 08:18:42,135] INFO: 	 lr: 0.00030000000000000073 	 Training loss: 0.07080225512385369
[2025-01-13 08:19:00,431] INFO: Iter 22800 Summary: 
[2025-01-13 08:19:00,432] INFO: 	 lr: 0.00030000000000000073 	 Training loss: 0.07069990836083889
[2025-01-13 08:19:18,589] INFO: Iter 22900 Summary: 
[2025-01-13 08:19:18,589] INFO: 	 lr: 0.00030000000000000073 	 Training loss: 0.07072078421711922
[2025-01-13 08:19:35,505] INFO: Iter 23000 Summary: 
[2025-01-13 08:19:35,506] INFO: 	 lr: 0.00030000000000000073 	 Training loss: 0.07104945957660674
[2025-01-13 08:19:58,534] INFO: Iter 23100 Summary: 
[2025-01-13 08:19:58,546] INFO: 	 lr: 0.00030000000000000073 	 Training loss: 0.07101469695568084
[2025-01-13 08:20:19,025] INFO: Iter 23200 Summary: 
[2025-01-13 08:20:19,025] INFO: 	 lr: 0.00030000000000000073 	 Training loss: 0.07077785052359103
[2025-01-13 08:20:36,797] INFO: Iter 23300 Summary: 
[2025-01-13 08:20:36,797] INFO: 	 lr: 0.00030000000000000073 	 Training loss: 0.07091874599456788
[2025-01-13 08:20:51,871] INFO: Iter 23400 Summary: 
[2025-01-13 08:20:51,871] INFO: 	 lr: 0.00030000000000000073 	 Training loss: 0.07036093793809414
[2025-01-13 08:21:10,611] INFO: Iter 23500 Summary: 
[2025-01-13 08:21:10,611] INFO: 	 lr: 0.00030000000000000073 	 Training loss: 0.07032627552747726
[2025-01-13 08:21:28,144] INFO: Iter 23600 Summary: 
[2025-01-13 08:21:28,144] INFO: 	 lr: 0.00030000000000000073 	 Training loss: 0.0709997346252203
[2025-01-13 08:21:45,745] INFO: Iter 23700 Summary: 
[2025-01-13 08:21:45,745] INFO: 	 lr: 0.00030000000000000073 	 Training loss: 0.06999654449522495
[2025-01-13 08:22:07,284] INFO: Iter 23800 Summary: 
[2025-01-13 08:22:07,285] INFO: 	 lr: 0.00030000000000000073 	 Training loss: 0.07107278630137444
[2025-01-13 08:22:26,180] INFO: Iter 23900 Summary: 
[2025-01-13 08:22:26,181] INFO: 	 lr: 0.00030000000000000073 	 Training loss: 0.07069224186241627
[2025-01-13 08:22:44,628] INFO: Iter 24000 Summary: 
[2025-01-13 08:22:44,628] INFO: 	 lr: 0.00030000000000000073 	 Training loss: 0.07086624391376972
[2025-01-13 08:23:10,209] INFO: Iter 24100 Summary: 
[2025-01-13 08:23:10,210] INFO: 	 lr: 0.00030000000000000073 	 Training loss: 0.07040622986853123
[2025-01-13 08:23:28,357] INFO: Iter 24200 Summary: 
[2025-01-13 08:23:28,357] INFO: 	 lr: 0.00030000000000000073 	 Training loss: 0.07025494985282421
[2025-01-13 08:23:46,542] INFO: Iter 24300 Summary: 
[2025-01-13 08:23:46,543] INFO: 	 lr: 0.00030000000000000073 	 Training loss: 0.07082644753158092
[2025-01-13 08:24:01,204] INFO: Iter 24400 Summary: 
[2025-01-13 08:24:01,204] INFO: 	 lr: 0.00030000000000000073 	 Training loss: 0.07052959173917771
[2025-01-13 08:24:18,243] INFO: Iter 24500 Summary: 
[2025-01-13 08:24:18,244] INFO: 	 lr: 0.00030000000000000073 	 Training loss: 0.07087797336280346
[2025-01-13 08:24:36,920] INFO: Iter 24600 Summary: 
[2025-01-13 08:24:36,920] INFO: 	 lr: 0.00030000000000000073 	 Training loss: 0.07085841663181781
[2025-01-13 08:24:55,388] INFO: Iter 24700 Summary: 
[2025-01-13 08:24:55,388] INFO: 	 lr: 0.00030000000000000073 	 Training loss: 0.07031418699771166
[2025-01-13 08:25:12,732] INFO: Iter 24800 Summary: 
[2025-01-13 08:25:12,732] INFO: 	 lr: 0.00030000000000000073 	 Training loss: 0.07004557736217976
[2025-01-13 08:25:30,923] INFO: Iter 24900 Summary: 
[2025-01-13 08:25:30,923] INFO: 	 lr: 0.00030000000000000073 	 Training loss: 0.07029848866164684
[2025-01-13 08:25:46,349] INFO: Iter 25000 Summary: 
[2025-01-13 08:25:46,350] INFO: 	 lr: 0.00030000000000000073 	 Training loss: 0.07049604788422585
[2025-01-13 08:26:01,922] INFO: Iter 25100 Summary: 
[2025-01-13 08:26:01,922] INFO: 	 lr: 0.00030000000000000073 	 Training loss: 0.07071295000612736
[2025-01-13 08:26:26,557] INFO: Iter 25200 Summary: 
[2025-01-13 08:26:26,557] INFO: 	 lr: 0.00030000000000000073 	 Training loss: 0.07012654691934586
[2025-01-13 08:26:42,993] INFO: Iter 25300 Summary: 
[2025-01-13 08:26:42,993] INFO: 	 lr: 0.00030000000000000073 	 Training loss: 0.07033811792731286
[2025-01-13 08:27:01,009] INFO: Iter 25400 Summary: 
[2025-01-13 08:27:01,009] INFO: 	 lr: 0.00030000000000000073 	 Training loss: 0.07050261192023755
[2025-01-13 08:27:18,971] INFO: Iter 25500 Summary: 
[2025-01-13 08:27:18,971] INFO: 	 lr: 0.00030000000000000073 	 Training loss: 0.07030573770403863
[2025-01-13 08:27:37,968] INFO: Iter 25600 Summary: 
[2025-01-13 08:27:37,968] INFO: 	 lr: 0.00030000000000000073 	 Training loss: 0.07024581722915173
[2025-01-13 08:27:53,818] INFO: Iter 25700 Summary: 
[2025-01-13 08:27:53,819] INFO: 	 lr: 0.00030000000000000073 	 Training loss: 0.07026700459420682
[2025-01-13 08:28:10,803] INFO: Iter 25800 Summary: 
[2025-01-13 08:28:10,803] INFO: 	 lr: 0.00030000000000000073 	 Training loss: 0.07034007631242276
[2025-01-13 08:28:27,289] INFO: Iter 25900 Summary: 
[2025-01-13 08:28:27,289] INFO: 	 lr: 0.00030000000000000073 	 Training loss: 0.07057463735342026
[2025-01-13 08:28:43,737] INFO: Iter 26000 Summary: 
[2025-01-13 08:28:43,737] INFO: 	 lr: 0.00030000000000000073 	 Training loss: 0.06988128811120987
[2025-01-13 08:29:06,167] INFO: Iter 26100 Summary: 
[2025-01-13 08:29:06,167] INFO: 	 lr: 0.00030000000000000073 	 Training loss: 0.07088062509894372
[2025-01-13 08:29:22,696] INFO: Iter 26200 Summary: 
[2025-01-13 08:29:22,697] INFO: 	 lr: 0.00030000000000000073 	 Training loss: 0.07009351938962936
[2025-01-13 08:29:37,967] INFO: Iter 26300 Summary: 
[2025-01-13 08:29:37,968] INFO: 	 lr: 0.00030000000000000073 	 Training loss: 0.07032194808125496
[2025-01-13 08:29:51,049] INFO: Iter 26400 Summary: 
[2025-01-13 08:29:51,049] INFO: 	 lr: 0.00030000000000000073 	 Training loss: 0.06997181002050638
[2025-01-13 08:30:09,261] INFO: Iter 26500 Summary: 
[2025-01-13 08:30:09,261] INFO: 	 lr: 0.00030000000000000073 	 Training loss: 0.07003357954323292
[2025-01-13 08:30:22,645] INFO: Iter 26600 Summary: 
[2025-01-13 08:30:22,645] INFO: 	 lr: 0.00030000000000000073 	 Training loss: 0.0699097266048193
[2025-01-13 08:30:36,486] INFO: Iter 26700 Summary: 
[2025-01-13 08:30:36,486] INFO: 	 lr: 0.00030000000000000073 	 Training loss: 0.06961449686437846
[2025-01-13 08:30:48,577] INFO: Iter 26800 Summary: 
[2025-01-13 08:30:48,577] INFO: 	 lr: 0.00030000000000000073 	 Training loss: 0.07037564903497696
[2025-01-13 08:31:01,874] INFO: Iter 26900 Summary: 
[2025-01-13 08:31:01,874] INFO: 	 lr: 0.00030000000000000073 	 Training loss: 0.06997851818799973
[2025-01-13 08:31:14,541] INFO: Iter 27000 Summary: 
[2025-01-13 08:31:14,541] INFO: 	 lr: 0.00030000000000000073 	 Training loss: 0.06994117617607117
[2025-01-13 08:31:27,972] INFO: Iter 27100 Summary: 
[2025-01-13 08:31:27,972] INFO: 	 lr: 0.00030000000000000073 	 Training loss: 0.06979189425706864
[2025-01-13 08:31:41,210] INFO: Iter 27200 Summary: 
[2025-01-13 08:31:41,211] INFO: 	 lr: 0.00030000000000000073 	 Training loss: 0.07026378057897091
[2025-01-13 08:31:54,214] INFO: Iter 27300 Summary: 
[2025-01-13 08:31:54,215] INFO: 	 lr: 0.00030000000000000073 	 Training loss: 0.06977050617337227
[2025-01-13 08:32:07,033] INFO: Iter 27400 Summary: 
[2025-01-13 08:32:07,033] INFO: 	 lr: 0.00030000000000000073 	 Training loss: 0.07012697264552116
[2025-01-13 08:32:20,618] INFO: Iter 27500 Summary: 
[2025-01-13 08:32:20,619] INFO: 	 lr: 0.00030000000000000073 	 Training loss: 0.06993248701095581
[2025-01-13 08:32:34,523] INFO: Iter 27600 Summary: 
[2025-01-13 08:32:34,523] INFO: 	 lr: 0.00030000000000000073 	 Training loss: 0.06959174439311028
[2025-01-13 08:32:47,737] INFO: Iter 27700 Summary: 
[2025-01-13 08:32:47,737] INFO: 	 lr: 0.00030000000000000073 	 Training loss: 0.07016130283474922
[2025-01-13 08:33:00,783] INFO: Iter 27800 Summary: 
[2025-01-13 08:33:00,783] INFO: 	 lr: 0.00030000000000000073 	 Training loss: 0.06967091083526611
[2025-01-13 08:33:15,309] INFO: Iter 27900 Summary: 
[2025-01-13 08:33:15,309] INFO: 	 lr: 0.00030000000000000073 	 Training loss: 0.06993504017591476
[2025-01-13 08:33:29,237] INFO: Iter 28000 Summary: 
[2025-01-13 08:33:29,237] INFO: 	 lr: 0.00030000000000000073 	 Training loss: 0.06982879124581814
[2025-01-13 08:33:46,234] INFO: Iter 28100 Summary: 
[2025-01-13 08:33:46,235] INFO: 	 lr: 0.00030000000000000073 	 Training loss: 0.06994693040847778
[2025-01-13 08:34:01,610] INFO: Iter 28200 Summary: 
[2025-01-13 08:34:01,611] INFO: 	 lr: 0.00030000000000000073 	 Training loss: 0.06978463914245367
[2025-01-13 08:34:17,843] INFO: Iter 28300 Summary: 
[2025-01-13 08:34:17,843] INFO: 	 lr: 0.00030000000000000073 	 Training loss: 0.06949629195034504
[2025-01-13 08:34:30,780] INFO: Iter 28400 Summary: 
[2025-01-13 08:34:30,780] INFO: 	 lr: 0.00030000000000000073 	 Training loss: 0.06962010696530342
[2025-01-13 08:34:43,850] INFO: Iter 28500 Summary: 
[2025-01-13 08:34:43,850] INFO: 	 lr: 0.00030000000000000073 	 Training loss: 0.06949182115495205
[2025-01-13 08:34:59,476] INFO: Iter 28600 Summary: 
[2025-01-13 08:34:59,477] INFO: 	 lr: 0.00030000000000000073 	 Training loss: 0.06938037253916264
[2025-01-13 08:35:13,282] INFO: Iter 28700 Summary: 
[2025-01-13 08:35:13,282] INFO: 	 lr: 0.00030000000000000073 	 Training loss: 0.0697762330621481
[2025-01-13 08:35:26,695] INFO: Iter 28800 Summary: 
[2025-01-13 08:35:26,695] INFO: 	 lr: 0.00030000000000000073 	 Training loss: 0.06964900642633438
[2025-01-13 08:35:39,780] INFO: Iter 28900 Summary: 
[2025-01-13 08:35:39,780] INFO: 	 lr: 0.00030000000000000073 	 Training loss: 0.06942968256771564
[2025-01-13 08:35:52,997] INFO: Iter 29000 Summary: 
[2025-01-13 08:35:52,998] INFO: 	 lr: 0.00030000000000000073 	 Training loss: 0.0700799760222435
[2025-01-13 08:36:04,783] INFO: Iter 29100 Summary: 
[2025-01-13 08:36:04,783] INFO: 	 lr: 0.00030000000000000073 	 Training loss: 0.06984328493475914
[2025-01-13 08:36:13,684] INFO: Iter 29200 Summary: 
[2025-01-13 08:36:13,685] INFO: 	 lr: 0.00030000000000000073 	 Training loss: 0.06993372805416584
[2025-01-13 08:36:21,222] INFO: Iter 29300 Summary: 
[2025-01-13 08:36:21,222] INFO: 	 lr: 0.00030000000000000073 	 Training loss: 0.06948538906872273
[2025-01-13 08:36:29,251] INFO: Iter 29400 Summary: 
[2025-01-13 08:36:29,252] INFO: 	 lr: 0.00030000000000000073 	 Training loss: 0.06972244992852211
[2025-01-13 08:36:37,058] INFO: Iter 29500 Summary: 
[2025-01-13 08:36:37,058] INFO: 	 lr: 0.00030000000000000073 	 Training loss: 0.06968101754784584
[2025-01-13 08:36:44,572] INFO: Iter 29600 Summary: 
[2025-01-13 08:36:44,573] INFO: 	 lr: 0.00030000000000000073 	 Training loss: 0.06973217733204365
[2025-01-13 08:36:52,377] INFO: Iter 29700 Summary: 
[2025-01-13 08:36:52,378] INFO: 	 lr: 0.00030000000000000073 	 Training loss: 0.06950299501419067
[2025-01-13 08:36:59,824] INFO: Iter 29800 Summary: 
[2025-01-13 08:36:59,825] INFO: 	 lr: 0.00030000000000000073 	 Training loss: 0.06973162047564983
[2025-01-13 08:37:07,866] INFO: Iter 29900 Summary: 
[2025-01-13 08:37:07,867] INFO: 	 lr: 0.00030000000000000073 	 Training loss: 0.07013225145637988
[2025-01-13 08:37:15,217] INFO: Iter 30000 Summary: 
[2025-01-13 08:37:15,217] INFO: 	 lr: 0.00030000000000000073 	 Training loss: 0.06959756791591644
[2025-01-13 08:37:23,462] INFO: Iter 30100 Summary: 
[2025-01-13 08:37:23,462] INFO: 	 lr: 1.2900000000000026e-05 	 Training loss: 0.0679499363899231
[2025-01-13 08:37:30,828] INFO: Iter 30200 Summary: 
[2025-01-13 08:37:30,828] INFO: 	 lr: 1.000000000000002e-05 	 Training loss: 0.06744788691401482
[2025-01-13 08:37:38,191] INFO: Iter 30300 Summary: 
[2025-01-13 08:37:38,191] INFO: 	 lr: 1.000000000000002e-05 	 Training loss: 0.06708358578383923
[2025-01-13 08:37:45,600] INFO: Iter 30400 Summary: 
[2025-01-13 08:37:45,601] INFO: 	 lr: 1.000000000000002e-05 	 Training loss: 0.06738360561430454
[2025-01-13 08:37:52,884] INFO: Iter 30500 Summary: 
[2025-01-13 08:37:52,885] INFO: 	 lr: 1.000000000000002e-05 	 Training loss: 0.06703438241034747
[2025-01-13 08:38:00,995] INFO: Iter 30600 Summary: 
[2025-01-13 08:38:00,996] INFO: 	 lr: 1.000000000000002e-05 	 Training loss: 0.0673644182831049
[2025-01-13 08:38:08,317] INFO: Iter 30700 Summary: 
[2025-01-13 08:38:08,317] INFO: 	 lr: 1.000000000000002e-05 	 Training loss: 0.06644299350678921
[2025-01-13 08:38:15,817] INFO: Iter 30800 Summary: 
[2025-01-13 08:38:15,817] INFO: 	 lr: 1.000000000000002e-05 	 Training loss: 0.06652574419975281
[2025-01-13 08:38:23,175] INFO: Iter 30900 Summary: 
[2025-01-13 08:38:23,175] INFO: 	 lr: 1.000000000000002e-05 	 Training loss: 0.06633608292788268
[2025-01-13 08:38:30,406] INFO: Iter 31000 Summary: 
[2025-01-13 08:38:30,406] INFO: 	 lr: 1.000000000000002e-05 	 Training loss: 0.06653485529124736
[2025-01-13 08:38:37,822] INFO: Iter 31100 Summary: 
[2025-01-13 08:38:37,822] INFO: 	 lr: 1.000000000000002e-05 	 Training loss: 0.06684162843972445
[2025-01-13 08:38:45,274] INFO: Iter 31200 Summary: 
[2025-01-13 08:38:45,275] INFO: 	 lr: 1.000000000000002e-05 	 Training loss: 0.06672468580305577
[2025-01-13 08:38:53,097] INFO: Iter 31300 Summary: 
[2025-01-13 08:38:53,098] INFO: 	 lr: 1.000000000000002e-05 	 Training loss: 0.06606594044715167
[2025-01-13 08:39:00,596] INFO: Iter 31400 Summary: 
[2025-01-13 08:39:00,596] INFO: 	 lr: 1.000000000000002e-05 	 Training loss: 0.06663992155343294
[2025-01-13 08:39:08,337] INFO: Iter 31500 Summary: 
[2025-01-13 08:39:08,338] INFO: 	 lr: 1.000000000000002e-05 	 Training loss: 0.06616183497011661
[2025-01-13 08:39:16,503] INFO: Iter 31600 Summary: 
[2025-01-13 08:39:16,504] INFO: 	 lr: 1.000000000000002e-05 	 Training loss: 0.06626526031643153
[2025-01-13 08:39:24,580] INFO: Iter 31700 Summary: 
[2025-01-13 08:39:24,580] INFO: 	 lr: 1.000000000000002e-05 	 Training loss: 0.06625169776380062
[2025-01-13 08:39:32,628] INFO: Iter 31800 Summary: 
[2025-01-13 08:39:32,628] INFO: 	 lr: 1.000000000000002e-05 	 Training loss: 0.06666176091879607
[2025-01-13 08:39:40,293] INFO: Iter 31900 Summary: 
[2025-01-13 08:39:40,293] INFO: 	 lr: 1.000000000000002e-05 	 Training loss: 0.06657332066446543
[2025-01-13 08:39:48,885] INFO: Iter 32000 Summary: 
[2025-01-13 08:39:48,885] INFO: 	 lr: 1.000000000000002e-05 	 Training loss: 0.06631207764148712
[2025-01-13 08:39:58,038] INFO: Iter 32100 Summary: 
[2025-01-13 08:39:58,039] INFO: 	 lr: 1.000000000000002e-05 	 Training loss: 0.0664143717288971
[2025-01-13 08:40:06,185] INFO: Iter 32200 Summary: 
[2025-01-13 08:40:06,186] INFO: 	 lr: 1.000000000000002e-05 	 Training loss: 0.06644899114966392
[2025-01-13 08:40:14,864] INFO: Iter 32300 Summary: 
[2025-01-13 08:40:14,864] INFO: 	 lr: 1.000000000000002e-05 	 Training loss: 0.06634358726441861
[2025-01-13 08:40:23,154] INFO: Iter 32400 Summary: 
[2025-01-13 08:40:23,154] INFO: 	 lr: 1.000000000000002e-05 	 Training loss: 0.06615794472396373
[2025-01-13 08:40:33,925] INFO: Iter 32500 Summary: 
[2025-01-13 08:40:33,926] INFO: 	 lr: 1.000000000000002e-05 	 Training loss: 0.06590144708752632
[2025-01-13 08:40:49,363] INFO: Iter 32600 Summary: 
[2025-01-13 08:40:49,364] INFO: 	 lr: 1.000000000000002e-05 	 Training loss: 0.06612042799592018
[2025-01-13 08:41:07,377] INFO: Iter 32700 Summary: 
[2025-01-13 08:41:07,378] INFO: 	 lr: 1.000000000000002e-05 	 Training loss: 0.06630434650927781
[2025-01-13 08:41:23,634] INFO: Iter 32800 Summary: 
[2025-01-13 08:41:23,634] INFO: 	 lr: 1.000000000000002e-05 	 Training loss: 0.06596102304756642
[2025-01-13 08:41:41,922] INFO: Iter 32900 Summary: 
[2025-01-13 08:41:41,922] INFO: 	 lr: 1.000000000000002e-05 	 Training loss: 0.06605865228921175
[2025-01-13 08:41:59,862] INFO: Iter 33000 Summary: 
[2025-01-13 08:41:59,862] INFO: 	 lr: 1.000000000000002e-05 	 Training loss: 0.06572943974286317
[2025-01-13 08:42:17,007] INFO: Iter 33100 Summary: 
[2025-01-13 08:42:17,007] INFO: 	 lr: 1.000000000000002e-05 	 Training loss: 0.06639004938304424
[2025-01-13 08:42:37,527] INFO: Iter 33200 Summary: 
[2025-01-13 08:42:37,527] INFO: 	 lr: 1.000000000000002e-05 	 Training loss: 0.06625864371657371
[2025-01-13 08:42:57,500] INFO: Iter 33300 Summary: 
[2025-01-13 08:42:57,501] INFO: 	 lr: 1.000000000000002e-05 	 Training loss: 0.06596750155091285
[2025-01-13 08:43:16,354] INFO: Iter 33400 Summary: 
[2025-01-13 08:43:16,354] INFO: 	 lr: 1.000000000000002e-05 	 Training loss: 0.0657062028720975
[2025-01-13 08:43:34,249] INFO: Iter 33500 Summary: 
[2025-01-13 08:43:34,250] INFO: 	 lr: 1.000000000000002e-05 	 Training loss: 0.06593257479369641
[2025-01-13 08:43:54,064] INFO: Iter 33600 Summary: 
[2025-01-13 08:43:54,064] INFO: 	 lr: 1.000000000000002e-05 	 Training loss: 0.06576930936425925
[2025-01-13 08:44:13,505] INFO: Iter 33700 Summary: 
[2025-01-13 08:44:13,506] INFO: 	 lr: 1.000000000000002e-05 	 Training loss: 0.06614343013614415
[2025-01-13 08:44:32,647] INFO: Iter 33800 Summary: 
[2025-01-13 08:44:32,647] INFO: 	 lr: 1.000000000000002e-05 	 Training loss: 0.0660576618090272
[2025-01-13 08:44:50,818] INFO: Iter 33900 Summary: 
[2025-01-13 08:44:50,818] INFO: 	 lr: 1.000000000000002e-05 	 Training loss: 0.06618445735424756
[2025-01-13 08:45:11,670] INFO: Iter 34000 Summary: 
[2025-01-13 08:45:11,670] INFO: 	 lr: 1.000000000000002e-05 	 Training loss: 0.06611899990588427
[2025-01-13 08:45:38,810] INFO: Iter 34100 Summary: 
[2025-01-13 08:45:38,810] INFO: 	 lr: 1.000000000000002e-05 	 Training loss: 0.06581762041896581
[2025-01-13 08:46:00,494] INFO: Iter 34200 Summary: 
[2025-01-13 08:46:00,494] INFO: 	 lr: 1.000000000000002e-05 	 Training loss: 0.06579995796084404
[2025-01-13 08:46:20,929] INFO: Iter 34300 Summary: 
[2025-01-13 08:46:20,930] INFO: 	 lr: 1.000000000000002e-05 	 Training loss: 0.06597027603536844
[2025-01-13 08:46:39,747] INFO: Iter 34400 Summary: 
[2025-01-13 08:46:39,747] INFO: 	 lr: 1.000000000000002e-05 	 Training loss: 0.06602754078805446
[2025-01-13 08:46:56,873] INFO: Iter 34500 Summary: 
[2025-01-13 08:46:56,873] INFO: 	 lr: 1.000000000000002e-05 	 Training loss: 0.066087526679039
[2025-01-13 08:47:16,572] INFO: Iter 34600 Summary: 
[2025-01-13 08:47:16,573] INFO: 	 lr: 1.000000000000002e-05 	 Training loss: 0.06564093194901943
[2025-01-13 08:47:36,250] INFO: Iter 34700 Summary: 
[2025-01-13 08:47:36,251] INFO: 	 lr: 1.000000000000002e-05 	 Training loss: 0.06531791489571333
[2025-01-13 08:47:55,336] INFO: Iter 34800 Summary: 
[2025-01-13 08:47:55,336] INFO: 	 lr: 1.000000000000002e-05 	 Training loss: 0.06556310843676329
[2025-01-13 08:48:13,742] INFO: Iter 34900 Summary: 
[2025-01-13 08:48:13,742] INFO: 	 lr: 1.000000000000002e-05 	 Training loss: 0.06585811477154493
[2025-01-13 08:48:30,807] INFO: Iter 35000 Summary: 
[2025-01-13 08:48:30,808] INFO: 	 lr: 1.000000000000002e-05 	 Training loss: 0.06568704932928085
[2025-01-13 08:48:47,522] INFO: Iter 35100 Summary: 
[2025-01-13 08:48:47,523] INFO: 	 lr: 1.000000000000002e-05 	 Training loss: 0.06593196298927069
[2025-01-13 08:49:04,221] INFO: Iter 35200 Summary: 
[2025-01-13 08:49:04,222] INFO: 	 lr: 1.000000000000002e-05 	 Training loss: 0.06604916229844093
[2025-01-13 08:49:18,898] INFO: Iter 35300 Summary: 
[2025-01-13 08:49:18,899] INFO: 	 lr: 1.000000000000002e-05 	 Training loss: 0.0659046185389161
[2025-01-13 08:49:34,195] INFO: Iter 35400 Summary: 
[2025-01-13 08:49:34,196] INFO: 	 lr: 1.000000000000002e-05 	 Training loss: 0.06617277625948191
[2025-01-13 08:49:50,911] INFO: Iter 35500 Summary: 
[2025-01-13 08:49:50,912] INFO: 	 lr: 1.000000000000002e-05 	 Training loss: 0.06551571041345597
[2025-01-13 08:50:06,754] INFO: Iter 35600 Summary: 
[2025-01-13 08:50:06,754] INFO: 	 lr: 1.000000000000002e-05 	 Training loss: 0.06566073454916477
[2025-01-13 08:50:23,535] INFO: Iter 35700 Summary: 
[2025-01-13 08:50:23,535] INFO: 	 lr: 1.000000000000002e-05 	 Training loss: 0.06568753451108933
[2025-01-13 08:50:38,647] INFO: Iter 35800 Summary: 
[2025-01-13 08:50:38,647] INFO: 	 lr: 1.000000000000002e-05 	 Training loss: 0.0655439230799675
[2025-01-13 08:50:55,987] INFO: Iter 35900 Summary: 
[2025-01-13 08:50:55,987] INFO: 	 lr: 1.000000000000002e-05 	 Training loss: 0.06564814660698176
[2025-01-13 08:51:14,954] INFO: Iter 36000 Summary: 
[2025-01-13 08:51:14,955] INFO: 	 lr: 1.000000000000002e-05 	 Training loss: 0.0656190812587738
[2025-01-13 08:51:37,805] INFO: Iter 36100 Summary: 
[2025-01-13 08:51:37,805] INFO: 	 lr: 1.000000000000002e-05 	 Training loss: 0.06527328941971064
[2025-01-13 08:51:52,848] INFO: Iter 36200 Summary: 
[2025-01-13 08:51:52,849] INFO: 	 lr: 1.000000000000002e-05 	 Training loss: 0.06615929119288921
[2025-01-13 08:52:08,622] INFO: Iter 36300 Summary: 
[2025-01-13 08:52:08,622] INFO: 	 lr: 1.000000000000002e-05 	 Training loss: 0.06583561856299638
[2025-01-13 08:52:23,597] INFO: Iter 36400 Summary: 
[2025-01-13 08:52:23,597] INFO: 	 lr: 1.000000000000002e-05 	 Training loss: 0.06571567140519619
[2025-01-13 08:52:39,629] INFO: Iter 36500 Summary: 
[2025-01-13 08:52:39,630] INFO: 	 lr: 1.000000000000002e-05 	 Training loss: 0.06586166244000197
[2025-01-13 08:52:54,037] INFO: Iter 36600 Summary: 
[2025-01-13 08:52:54,037] INFO: 	 lr: 1.000000000000002e-05 	 Training loss: 0.06517758790403605
[2025-01-13 08:53:11,850] INFO: Iter 36700 Summary: 
[2025-01-13 08:53:11,851] INFO: 	 lr: 1.000000000000002e-05 	 Training loss: 0.06546457692980766
[2025-01-13 08:53:27,550] INFO: Iter 36800 Summary: 
[2025-01-13 08:53:27,550] INFO: 	 lr: 1.000000000000002e-05 	 Training loss: 0.06562792565673589
[2025-01-13 08:53:42,669] INFO: Iter 36900 Summary: 
[2025-01-13 08:53:42,670] INFO: 	 lr: 1.000000000000002e-05 	 Training loss: 0.0656098534911871
[2025-01-13 08:53:58,057] INFO: Iter 37000 Summary: 
[2025-01-13 08:53:58,058] INFO: 	 lr: 1.000000000000002e-05 	 Training loss: 0.06583269886672496
[2025-01-13 08:54:12,845] INFO: Iter 37100 Summary: 
[2025-01-13 08:54:12,845] INFO: 	 lr: 1.000000000000002e-05 	 Training loss: 0.06559689048677683
[2025-01-13 08:54:27,927] INFO: Iter 37200 Summary: 
[2025-01-13 08:54:27,927] INFO: 	 lr: 1.000000000000002e-05 	 Training loss: 0.06567790854722261
[2025-01-13 08:54:42,037] INFO: Iter 37300 Summary: 
[2025-01-13 08:54:42,037] INFO: 	 lr: 1.000000000000002e-05 	 Training loss: 0.06554410748183727
[2025-01-13 08:54:57,159] INFO: Iter 37400 Summary: 
[2025-01-13 08:54:57,159] INFO: 	 lr: 1.000000000000002e-05 	 Training loss: 0.06520696390420198
[2025-01-13 08:55:12,230] INFO: Iter 37500 Summary: 
[2025-01-13 08:55:12,230] INFO: 	 lr: 1.000000000000002e-05 	 Training loss: 0.06619003660976887
[2025-01-13 08:55:26,875] INFO: Iter 37600 Summary: 
[2025-01-13 08:55:26,876] INFO: 	 lr: 1.000000000000002e-05 	 Training loss: 0.06521433938294649
[2025-01-13 08:55:41,308] INFO: Iter 37700 Summary: 
[2025-01-13 08:55:41,308] INFO: 	 lr: 1.000000000000002e-05 	 Training loss: 0.06556797485798598
[2025-01-13 08:55:55,695] INFO: Iter 37800 Summary: 
[2025-01-13 08:55:55,695] INFO: 	 lr: 1.000000000000002e-05 	 Training loss: 0.06567454271018505
[2025-01-13 08:56:10,325] INFO: Iter 37900 Summary: 
[2025-01-13 08:56:10,325] INFO: 	 lr: 1.000000000000002e-05 	 Training loss: 0.06510899763554334
[2025-01-13 08:56:24,391] INFO: Iter 38000 Summary: 
[2025-01-13 08:56:24,391] INFO: 	 lr: 1.000000000000002e-05 	 Training loss: 0.06528024654835463
[2025-01-13 08:56:42,353] INFO: Iter 38100 Summary: 
[2025-01-13 08:56:42,353] INFO: 	 lr: 1.000000000000002e-05 	 Training loss: 0.06531112674623728
[2025-01-13 08:56:59,039] INFO: Iter 38200 Summary: 
[2025-01-13 08:56:59,039] INFO: 	 lr: 1.000000000000002e-05 	 Training loss: 0.06540427736938
[2025-01-13 08:57:15,336] INFO: Iter 38300 Summary: 
[2025-01-13 08:57:15,336] INFO: 	 lr: 1.000000000000002e-05 	 Training loss: 0.06533290904015303
[2025-01-13 08:57:30,717] INFO: Iter 38400 Summary: 
[2025-01-13 08:57:30,718] INFO: 	 lr: 1.000000000000002e-05 	 Training loss: 0.0651616657525301
[2025-01-13 08:57:45,405] INFO: Iter 38500 Summary: 
[2025-01-13 08:57:45,406] INFO: 	 lr: 1.000000000000002e-05 	 Training loss: 0.06555779974907637
[2025-01-13 08:57:59,754] INFO: Iter 38600 Summary: 
[2025-01-13 08:57:59,754] INFO: 	 lr: 1.000000000000002e-05 	 Training loss: 0.06547747652977705
[2025-01-13 08:58:13,585] INFO: Iter 38700 Summary: 
[2025-01-13 08:58:13,585] INFO: 	 lr: 1.000000000000002e-05 	 Training loss: 0.0659598458185792
[2025-01-13 08:58:34,895] INFO: Iter 38800 Summary: 
[2025-01-13 08:58:34,895] INFO: 	 lr: 1.000000000000002e-05 	 Training loss: 0.065031966753304
[2025-01-13 08:58:48,364] INFO: Iter 38900 Summary: 
[2025-01-13 08:58:48,365] INFO: 	 lr: 1.000000000000002e-05 	 Training loss: 0.0655589796230197
[2025-01-13 08:59:02,493] INFO: Iter 39000 Summary: 
[2025-01-13 08:59:02,493] INFO: 	 lr: 1.000000000000002e-05 	 Training loss: 0.06588929422199725
[2025-01-13 08:59:15,114] INFO: Iter 39100 Summary: 
[2025-01-13 08:59:15,115] INFO: 	 lr: 1.000000000000002e-05 	 Training loss: 0.06564392272382974
[2025-01-13 08:59:29,965] INFO: Iter 39200 Summary: 
[2025-01-13 08:59:29,965] INFO: 	 lr: 1.000000000000002e-05 	 Training loss: 0.06539722945541143
[2025-01-13 08:59:45,420] INFO: Iter 39300 Summary: 
[2025-01-13 08:59:45,421] INFO: 	 lr: 1.000000000000002e-05 	 Training loss: 0.06551393985748291
[2025-01-13 09:00:00,741] INFO: Iter 39400 Summary: 
[2025-01-13 09:00:00,742] INFO: 	 lr: 1.000000000000002e-05 	 Training loss: 0.06507404897361994
[2025-01-13 09:00:16,433] INFO: Iter 39500 Summary: 
[2025-01-13 09:00:16,433] INFO: 	 lr: 1.000000000000002e-05 	 Training loss: 0.06518299598246813
[2025-01-13 09:00:32,350] INFO: Iter 39600 Summary: 
[2025-01-13 09:00:32,350] INFO: 	 lr: 1.000000000000002e-05 	 Training loss: 0.06544788397848605
[2025-01-13 09:00:47,451] INFO: Iter 39700 Summary: 
[2025-01-13 09:00:47,451] INFO: 	 lr: 1.000000000000002e-05 	 Training loss: 0.06549657315015793
[2025-01-13 09:01:01,927] INFO: Iter 39800 Summary: 
[2025-01-13 09:01:01,927] INFO: 	 lr: 1.000000000000002e-05 	 Training loss: 0.06552185427397489
[2025-01-13 09:01:15,565] INFO: Iter 39900 Summary: 
[2025-01-13 09:01:15,566] INFO: 	 lr: 1.000000000000002e-05 	 Training loss: 0.06511847510933876
[2025-01-13 09:01:28,720] INFO: Iter 40000 Summary: 
[2025-01-13 09:01:28,720] INFO: 	 lr: 1.000000000000002e-05 	 Training loss: 0.06558880534023047
