[2025-01-09 10:37:54,066] INFO: {
    "abs_dir": "/home/diwang/siMLPe/exps/baseline_h36m",
    "batch_size": 256,
    "cos_lr_max": 1e-05,
    "cos_lr_min": 5e-08,
    "cos_lr_total_iters": 40000,
    "data_aug": true,
    "deriv_input": true,
    "deriv_output": true,
    "device": "cuda:1",
    "h36m_anno_dir": "/home/diwang/siMLPe/data/h36m/",
    "link_log_file": "/home/diwang/siMLPe/exps/baseline_h36m/log/log_last.log",
    "link_val_log_file": "/home/diwang/siMLPe/exps/baseline_h36m/log/val_last.log",
    "log_dir": "/home/diwang/siMLPe/exps/baseline_h36m/log",
    "log_file": "/home/diwang/siMLPe/exps/baseline_h36m/log/log_2025_01_09_10_37_27.log",
    "model_pth": null,
    "motion": {
        "dim": 66,
        "h36m_input_length": 50,
        "h36m_input_length_dct": 50,
        "h36m_target_length": 10,
        "h36m_target_length_eval": 25,
        "h36m_target_length_train": 10
    },
    "motion_fc_in": {
        "activation": "relu",
        "in_features": 66,
        "init_w_trunc_normal": false,
        "out_features": 66,
        "temporal_fc": false,
        "with_norm": false
    },
    "motion_fc_out": {
        "activation": "relu",
        "in_features": 66,
        "init_w_trunc_normal": true,
        "out_features": 66,
        "temporal_fc": false,
        "with_norm": false
    },
    "motion_mlp": {
        "hidden_dim": 66,
        "norm_axis": "spatial",
        "num_layers": 48,
        "seq_len": 50,
        "spatial_fc_only": false,
        "with_normalization": true
    },
    "num_workers": 8,
    "post_dct": false,
    "pre_dct": false,
    "print_every": 100,
    "repo_name": "siMLPe",
    "root_dir": "/home/diwang/siMLPe",
    "save_every": 2000,
    "seed": 304,
    "shift_step": 1,
    "snapshot_dir": "/home/diwang/siMLPe/exps/baseline_h36m/log/snapshot",
    "this_dir": "baseline_h36m",
    "use_relative_loss": true,
    "val_log_file": "/home/diwang/siMLPe/exps/baseline_h36m/log/val_2025_01_09_10_37_27.log",
    "weight_decay": 0.0001
}
[2025-01-09 10:38:06,435] INFO: Iter 100 Summary: 
[2025-01-09 10:38:06,436] INFO: 	 lr: 0.00030000000000000073 	 Training loss: 0.08760044768452645
[2025-01-09 10:38:16,245] INFO: Iter 200 Summary: 
[2025-01-09 10:38:16,246] INFO: 	 lr: 0.00030000000000000073 	 Training loss: 0.07138268448412419
[2025-01-09 10:38:26,080] INFO: Iter 300 Summary: 
[2025-01-09 10:38:26,080] INFO: 	 lr: 0.00030000000000000073 	 Training loss: 0.06765508867800235
[2025-01-09 10:38:36,080] INFO: Iter 400 Summary: 
[2025-01-09 10:38:36,080] INFO: 	 lr: 0.00030000000000000073 	 Training loss: 0.06385439526289702
[2025-01-09 10:38:45,989] INFO: Iter 500 Summary: 
[2025-01-09 10:38:45,989] INFO: 	 lr: 0.00030000000000000073 	 Training loss: 0.061845869831740855
[2025-01-09 10:38:56,072] INFO: Iter 600 Summary: 
[2025-01-09 10:38:56,072] INFO: 	 lr: 0.00030000000000000073 	 Training loss: 0.06033591158688068
[2025-01-09 10:39:06,969] INFO: Iter 700 Summary: 
[2025-01-09 10:39:06,970] INFO: 	 lr: 0.00030000000000000073 	 Training loss: 0.059243597537279126
[2025-01-09 10:39:17,090] INFO: Iter 800 Summary: 
[2025-01-09 10:39:17,090] INFO: 	 lr: 0.00030000000000000073 	 Training loss: 0.05802252568304539
[2025-01-09 10:39:27,206] INFO: Iter 900 Summary: 
[2025-01-09 10:39:27,206] INFO: 	 lr: 0.00030000000000000073 	 Training loss: 0.057380436770617965
[2025-01-09 10:39:37,676] INFO: Iter 1000 Summary: 
[2025-01-09 10:39:37,676] INFO: 	 lr: 0.00030000000000000073 	 Training loss: 0.056775247864425185
[2025-01-09 10:39:48,076] INFO: Iter 1100 Summary: 
[2025-01-09 10:39:48,077] INFO: 	 lr: 0.00030000000000000073 	 Training loss: 0.05627002015709877
[2025-01-09 10:39:57,914] INFO: Iter 1200 Summary: 
[2025-01-09 10:39:57,914] INFO: 	 lr: 0.00030000000000000073 	 Training loss: 0.05620429564267397
[2025-01-09 10:40:08,709] INFO: Iter 1300 Summary: 
[2025-01-09 10:40:08,710] INFO: 	 lr: 0.00030000000000000073 	 Training loss: 0.05613790281116962
[2025-01-09 10:40:19,980] INFO: Iter 1400 Summary: 
[2025-01-09 10:40:19,981] INFO: 	 lr: 0.00030000000000000073 	 Training loss: 0.055755134001374246
[2025-01-09 10:40:29,716] INFO: Iter 1500 Summary: 
[2025-01-09 10:40:29,716] INFO: 	 lr: 0.00030000000000000073 	 Training loss: 0.05548029385507107
[2025-01-09 10:40:39,766] INFO: Iter 1600 Summary: 
[2025-01-09 10:40:39,766] INFO: 	 lr: 0.00030000000000000073 	 Training loss: 0.05495834972709417
[2025-01-09 10:40:49,306] INFO: Iter 1700 Summary: 
[2025-01-09 10:40:49,307] INFO: 	 lr: 0.00030000000000000073 	 Training loss: 0.05500189196318388
[2025-01-09 10:40:58,882] INFO: Iter 1800 Summary: 
[2025-01-09 10:40:58,882] INFO: 	 lr: 0.00030000000000000073 	 Training loss: 0.054930917620658874
[2025-01-09 10:41:08,672] INFO: Iter 1900 Summary: 
[2025-01-09 10:41:08,672] INFO: 	 lr: 0.00030000000000000073 	 Training loss: 0.05446651544421911
[2025-01-09 10:41:18,328] INFO: Iter 2000 Summary: 
[2025-01-09 10:41:18,328] INFO: 	 lr: 0.00030000000000000073 	 Training loss: 0.054403296038508415
[2025-01-09 10:41:36,539] INFO: Iter 2100 Summary: 
[2025-01-09 10:41:36,540] INFO: 	 lr: 0.00030000000000000073 	 Training loss: 0.0545164355263114
[2025-01-09 10:41:49,606] INFO: Iter 2200 Summary: 
[2025-01-09 10:41:49,606] INFO: 	 lr: 0.00030000000000000073 	 Training loss: 0.054155275486409665
[2025-01-09 10:42:02,335] INFO: Iter 2300 Summary: 
[2025-01-09 10:42:02,335] INFO: 	 lr: 0.00030000000000000073 	 Training loss: 0.054047387689352036
[2025-01-09 10:42:14,347] INFO: Iter 2400 Summary: 
[2025-01-09 10:42:14,348] INFO: 	 lr: 0.00030000000000000073 	 Training loss: 0.05367940291762352
[2025-01-09 10:42:28,065] INFO: Iter 2500 Summary: 
[2025-01-09 10:42:28,065] INFO: 	 lr: 0.00030000000000000073 	 Training loss: 0.05374093990772963
[2025-01-09 10:42:39,794] INFO: Iter 2600 Summary: 
[2025-01-09 10:42:39,794] INFO: 	 lr: 0.00030000000000000073 	 Training loss: 0.05370032384991646
[2025-01-09 10:42:53,767] INFO: Iter 2700 Summary: 
[2025-01-09 10:42:53,767] INFO: 	 lr: 0.00030000000000000073 	 Training loss: 0.05365523297339678
[2025-01-09 10:43:11,497] INFO: Iter 2800 Summary: 
[2025-01-09 10:43:11,497] INFO: 	 lr: 0.00030000000000000073 	 Training loss: 0.05354405358433723
[2025-01-09 10:43:24,376] INFO: Iter 2900 Summary: 
[2025-01-09 10:43:24,376] INFO: 	 lr: 0.00030000000000000073 	 Training loss: 0.05285686612129212
[2025-01-09 10:43:37,338] INFO: Iter 3000 Summary: 
[2025-01-09 10:43:37,338] INFO: 	 lr: 0.00030000000000000073 	 Training loss: 0.05313091099262238
[2025-01-09 10:43:49,628] INFO: Iter 3100 Summary: 
[2025-01-09 10:43:49,628] INFO: 	 lr: 0.00030000000000000073 	 Training loss: 0.05331345401704311
[2025-01-09 10:44:02,448] INFO: Iter 3200 Summary: 
[2025-01-09 10:44:02,449] INFO: 	 lr: 0.00030000000000000073 	 Training loss: 0.052746239863336083
[2025-01-09 10:44:15,861] INFO: Iter 3300 Summary: 
[2025-01-09 10:44:15,862] INFO: 	 lr: 0.00030000000000000073 	 Training loss: 0.052698378562927244
[2025-01-09 10:44:29,237] INFO: Iter 3400 Summary: 
[2025-01-09 10:44:29,238] INFO: 	 lr: 0.00030000000000000073 	 Training loss: 0.05293550003319979
[2025-01-09 10:44:44,556] INFO: Iter 3500 Summary: 
[2025-01-09 10:44:44,556] INFO: 	 lr: 0.00030000000000000073 	 Training loss: 0.053148238845169546
[2025-01-09 10:44:58,231] INFO: Iter 3600 Summary: 
[2025-01-09 10:44:58,231] INFO: 	 lr: 0.00030000000000000073 	 Training loss: 0.05206418268382549
[2025-01-09 10:45:14,226] INFO: Iter 3700 Summary: 
[2025-01-09 10:45:14,226] INFO: 	 lr: 0.00030000000000000073 	 Training loss: 0.0529359458014369
[2025-01-09 10:45:30,670] INFO: Iter 3800 Summary: 
[2025-01-09 10:45:30,671] INFO: 	 lr: 0.00030000000000000073 	 Training loss: 0.05253679651767015
[2025-01-09 10:45:45,529] INFO: Iter 3900 Summary: 
[2025-01-09 10:45:45,529] INFO: 	 lr: 0.00030000000000000073 	 Training loss: 0.0521145911514759
[2025-01-09 10:46:00,804] INFO: Iter 4000 Summary: 
[2025-01-09 10:46:00,804] INFO: 	 lr: 0.00030000000000000073 	 Training loss: 0.0520353364944458
[2025-01-09 10:46:23,797] INFO: Iter 4100 Summary: 
[2025-01-09 10:46:23,797] INFO: 	 lr: 0.00030000000000000073 	 Training loss: 0.05211747389286756
[2025-01-09 10:46:42,153] INFO: Iter 4200 Summary: 
[2025-01-09 10:46:42,154] INFO: 	 lr: 0.00030000000000000073 	 Training loss: 0.05254493210464716
[2025-01-09 10:46:56,960] INFO: Iter 4300 Summary: 
[2025-01-09 10:46:56,960] INFO: 	 lr: 0.00030000000000000073 	 Training loss: 0.0521154960617423
[2025-01-09 10:47:09,305] INFO: Iter 4400 Summary: 
[2025-01-09 10:47:09,305] INFO: 	 lr: 0.00030000000000000073 	 Training loss: 0.052251780927181246
[2025-01-09 10:47:21,359] INFO: Iter 4500 Summary: 
[2025-01-09 10:47:21,359] INFO: 	 lr: 0.00030000000000000073 	 Training loss: 0.051445409879088404
[2025-01-09 10:47:34,837] INFO: Iter 4600 Summary: 
[2025-01-09 10:47:34,838] INFO: 	 lr: 0.00030000000000000073 	 Training loss: 0.05145301077514887
[2025-01-09 10:47:48,559] INFO: Iter 4700 Summary: 
[2025-01-09 10:47:48,559] INFO: 	 lr: 0.00030000000000000073 	 Training loss: 0.05173408102244139
[2025-01-09 10:48:02,285] INFO: Iter 4800 Summary: 
[2025-01-09 10:48:02,285] INFO: 	 lr: 0.00030000000000000073 	 Training loss: 0.05125399462878704
[2025-01-09 10:48:18,738] INFO: Iter 4900 Summary: 
[2025-01-09 10:48:18,738] INFO: 	 lr: 0.00030000000000000073 	 Training loss: 0.05145986583083868
[2025-01-09 10:48:31,958] INFO: Iter 5000 Summary: 
[2025-01-09 10:48:31,959] INFO: 	 lr: 0.00030000000000000073 	 Training loss: 0.051754646338522434
[2025-01-09 10:48:45,087] INFO: Iter 5100 Summary: 
[2025-01-09 10:48:45,087] INFO: 	 lr: 0.00030000000000000073 	 Training loss: 0.05135207626968622
[2025-01-09 10:48:59,457] INFO: Iter 5200 Summary: 
[2025-01-09 10:48:59,457] INFO: 	 lr: 0.00030000000000000073 	 Training loss: 0.051397951878607274
[2025-01-09 10:49:13,068] INFO: Iter 5300 Summary: 
[2025-01-09 10:49:13,068] INFO: 	 lr: 0.00030000000000000073 	 Training loss: 0.05116928920149803
[2025-01-09 10:49:27,950] INFO: Iter 5400 Summary: 
[2025-01-09 10:49:27,950] INFO: 	 lr: 0.00030000000000000073 	 Training loss: 0.05079982306808233
[2025-01-09 10:49:42,921] INFO: Iter 5500 Summary: 
[2025-01-09 10:49:42,921] INFO: 	 lr: 0.00030000000000000073 	 Training loss: 0.05087714269757271
[2025-01-09 10:49:57,851] INFO: Iter 5600 Summary: 
[2025-01-09 10:49:57,852] INFO: 	 lr: 0.00030000000000000073 	 Training loss: 0.05102908357977867
[2025-01-09 10:50:12,029] INFO: Iter 5700 Summary: 
[2025-01-09 10:50:12,029] INFO: 	 lr: 0.00030000000000000073 	 Training loss: 0.051053729429841044
[2025-01-09 10:50:25,289] INFO: Iter 5800 Summary: 
[2025-01-09 10:50:25,289] INFO: 	 lr: 0.00030000000000000073 	 Training loss: 0.0508018159493804
[2025-01-09 10:50:40,028] INFO: Iter 5900 Summary: 
[2025-01-09 10:50:40,029] INFO: 	 lr: 0.00030000000000000073 	 Training loss: 0.05062965925782919
[2025-01-09 10:50:53,767] INFO: Iter 6000 Summary: 
[2025-01-09 10:50:53,767] INFO: 	 lr: 0.00030000000000000073 	 Training loss: 0.050767831392586234
[2025-01-09 10:51:11,906] INFO: Iter 6100 Summary: 
[2025-01-09 10:51:11,906] INFO: 	 lr: 0.00030000000000000073 	 Training loss: 0.050668020583689216
[2025-01-09 10:51:27,676] INFO: Iter 6200 Summary: 
[2025-01-09 10:51:27,677] INFO: 	 lr: 0.00030000000000000073 	 Training loss: 0.05052664570510387
[2025-01-09 10:51:42,386] INFO: Iter 6300 Summary: 
[2025-01-09 10:51:42,386] INFO: 	 lr: 0.00030000000000000073 	 Training loss: 0.050287662595510485
[2025-01-09 10:51:57,309] INFO: Iter 6400 Summary: 
[2025-01-09 10:51:57,309] INFO: 	 lr: 0.00030000000000000073 	 Training loss: 0.05013929769396782
[2025-01-09 10:52:13,082] INFO: Iter 6500 Summary: 
[2025-01-09 10:52:13,082] INFO: 	 lr: 0.00030000000000000073 	 Training loss: 0.0501225546002388
[2025-01-09 10:52:27,398] INFO: Iter 6600 Summary: 
[2025-01-09 10:52:27,399] INFO: 	 lr: 0.00030000000000000073 	 Training loss: 0.05052397258579731
[2025-01-09 10:52:41,517] INFO: Iter 6700 Summary: 
[2025-01-09 10:52:41,517] INFO: 	 lr: 0.00030000000000000073 	 Training loss: 0.05024693462997675
[2025-01-09 10:52:55,096] INFO: Iter 6800 Summary: 
[2025-01-09 10:52:55,096] INFO: 	 lr: 0.00030000000000000073 	 Training loss: 0.05033646605908871
[2025-01-09 10:53:11,130] INFO: Iter 6900 Summary: 
[2025-01-09 10:53:11,130] INFO: 	 lr: 0.00030000000000000073 	 Training loss: 0.05003596816211939
[2025-01-09 10:53:26,894] INFO: Iter 7000 Summary: 
[2025-01-09 10:53:26,894] INFO: 	 lr: 0.00030000000000000073 	 Training loss: 0.050101833790540694
[2025-01-09 10:53:42,415] INFO: Iter 7100 Summary: 
[2025-01-09 10:53:42,415] INFO: 	 lr: 0.00030000000000000073 	 Training loss: 0.04963183633983135
[2025-01-09 10:53:56,430] INFO: Iter 7200 Summary: 
[2025-01-09 10:53:56,430] INFO: 	 lr: 0.00030000000000000073 	 Training loss: 0.04983409896492958
[2025-01-09 10:54:10,927] INFO: Iter 7300 Summary: 
[2025-01-09 10:54:10,928] INFO: 	 lr: 0.00030000000000000073 	 Training loss: 0.05024274449795484
[2025-01-09 10:54:26,170] INFO: Iter 7400 Summary: 
[2025-01-09 10:54:26,170] INFO: 	 lr: 0.00030000000000000073 	 Training loss: 0.049657966047525405
[2025-01-09 10:54:40,748] INFO: Iter 7500 Summary: 
[2025-01-09 10:54:40,748] INFO: 	 lr: 0.00030000000000000073 	 Training loss: 0.04935217212885618
[2025-01-09 10:54:58,133] INFO: Iter 7600 Summary: 
[2025-01-09 10:54:58,134] INFO: 	 lr: 0.00030000000000000073 	 Training loss: 0.049621037766337396
[2025-01-09 10:55:11,881] INFO: Iter 7700 Summary: 
[2025-01-09 10:55:11,881] INFO: 	 lr: 0.00030000000000000073 	 Training loss: 0.04946887958794832
[2025-01-09 10:55:27,361] INFO: Iter 7800 Summary: 
[2025-01-09 10:55:27,362] INFO: 	 lr: 0.00030000000000000073 	 Training loss: 0.04935423746705055
[2025-01-09 10:55:43,820] INFO: Iter 7900 Summary: 
[2025-01-09 10:55:43,820] INFO: 	 lr: 0.00030000000000000073 	 Training loss: 0.04939052067697048
[2025-01-09 10:55:59,298] INFO: Iter 8000 Summary: 
[2025-01-09 10:55:59,299] INFO: 	 lr: 0.00030000000000000073 	 Training loss: 0.04951505295932293
[2025-01-09 10:56:19,204] INFO: Iter 8100 Summary: 
[2025-01-09 10:56:19,204] INFO: 	 lr: 0.00030000000000000073 	 Training loss: 0.04908135496079922
[2025-01-09 10:56:33,529] INFO: Iter 8200 Summary: 
[2025-01-09 10:56:33,529] INFO: 	 lr: 0.00030000000000000073 	 Training loss: 0.049169942811131476
[2025-01-09 10:56:50,293] INFO: Iter 8300 Summary: 
[2025-01-09 10:56:50,294] INFO: 	 lr: 0.00030000000000000073 	 Training loss: 0.049090626016259194
[2025-01-09 10:57:04,681] INFO: Iter 8400 Summary: 
[2025-01-09 10:57:04,681] INFO: 	 lr: 0.00030000000000000073 	 Training loss: 0.04913623679429293
[2025-01-09 10:57:20,313] INFO: Iter 8500 Summary: 
[2025-01-09 10:57:20,313] INFO: 	 lr: 0.00030000000000000073 	 Training loss: 0.04894854456186295
[2025-01-09 10:57:35,194] INFO: Iter 8600 Summary: 
[2025-01-09 10:57:35,194] INFO: 	 lr: 0.00030000000000000073 	 Training loss: 0.04868394892662763
[2025-01-09 10:57:51,779] INFO: Iter 8700 Summary: 
[2025-01-09 10:57:51,779] INFO: 	 lr: 0.00030000000000000073 	 Training loss: 0.04917394313961267
[2025-01-09 10:58:05,980] INFO: Iter 8800 Summary: 
[2025-01-09 10:58:05,980] INFO: 	 lr: 0.00030000000000000073 	 Training loss: 0.04882399924099445
[2025-01-09 10:58:20,505] INFO: Iter 8900 Summary: 
[2025-01-09 10:58:20,505] INFO: 	 lr: 0.00030000000000000073 	 Training loss: 0.048853361904621126
[2025-01-09 10:58:37,012] INFO: Iter 9000 Summary: 
[2025-01-09 10:58:37,012] INFO: 	 lr: 0.00030000000000000073 	 Training loss: 0.04861469130963087
[2025-01-09 10:58:51,613] INFO: Iter 9100 Summary: 
[2025-01-09 10:58:51,613] INFO: 	 lr: 0.00030000000000000073 	 Training loss: 0.04900317832827568
[2025-01-09 10:59:06,012] INFO: Iter 9200 Summary: 
[2025-01-09 10:59:06,012] INFO: 	 lr: 0.00030000000000000073 	 Training loss: 0.04840885318815708
[2025-01-09 10:59:20,823] INFO: Iter 9300 Summary: 
[2025-01-09 10:59:20,823] INFO: 	 lr: 0.00030000000000000073 	 Training loss: 0.0486458607390523
[2025-01-09 10:59:35,098] INFO: Iter 9400 Summary: 
[2025-01-09 10:59:35,098] INFO: 	 lr: 0.00030000000000000073 	 Training loss: 0.04836703199893236
[2025-01-09 10:59:49,517] INFO: Iter 9500 Summary: 
[2025-01-09 10:59:49,517] INFO: 	 lr: 0.00030000000000000073 	 Training loss: 0.048562663756310936
[2025-01-09 11:00:03,358] INFO: Iter 9600 Summary: 
[2025-01-09 11:00:03,359] INFO: 	 lr: 0.00030000000000000073 	 Training loss: 0.048905022107064725
[2025-01-09 11:00:18,787] INFO: Iter 9700 Summary: 
[2025-01-09 11:00:18,788] INFO: 	 lr: 0.00030000000000000073 	 Training loss: 0.04823260460048914
[2025-01-09 11:00:33,385] INFO: Iter 9800 Summary: 
[2025-01-09 11:00:33,386] INFO: 	 lr: 0.00030000000000000073 	 Training loss: 0.048367689698934554
[2025-01-09 11:00:46,244] INFO: Iter 9900 Summary: 
[2025-01-09 11:00:46,245] INFO: 	 lr: 0.00030000000000000073 	 Training loss: 0.0483453281596303
[2025-01-09 11:01:00,216] INFO: Iter 10000 Summary: 
[2025-01-09 11:01:00,217] INFO: 	 lr: 0.00030000000000000073 	 Training loss: 0.04830169253051281
[2025-01-09 11:01:21,446] INFO: Iter 10100 Summary: 
[2025-01-09 11:01:21,446] INFO: 	 lr: 0.00030000000000000073 	 Training loss: 0.04809683281928301
[2025-01-09 11:01:36,327] INFO: Iter 10200 Summary: 
[2025-01-09 11:01:36,328] INFO: 	 lr: 0.00030000000000000073 	 Training loss: 0.048098419643938545
[2025-01-09 11:01:49,577] INFO: Iter 10300 Summary: 
[2025-01-09 11:01:49,578] INFO: 	 lr: 0.00030000000000000073 	 Training loss: 0.047997462116181853
[2025-01-09 11:02:06,202] INFO: Iter 10400 Summary: 
[2025-01-09 11:02:06,203] INFO: 	 lr: 0.00030000000000000073 	 Training loss: 0.04809955846518278
[2025-01-09 11:02:21,308] INFO: Iter 10500 Summary: 
[2025-01-09 11:02:21,308] INFO: 	 lr: 0.00030000000000000073 	 Training loss: 0.04818680670112371
[2025-01-09 11:02:35,290] INFO: Iter 10600 Summary: 
[2025-01-09 11:02:35,290] INFO: 	 lr: 0.00030000000000000073 	 Training loss: 0.047868411019444466
[2025-01-09 11:02:50,563] INFO: Iter 10700 Summary: 
[2025-01-09 11:02:50,563] INFO: 	 lr: 0.00030000000000000073 	 Training loss: 0.04794450458139181
[2025-01-09 11:03:03,677] INFO: Iter 10800 Summary: 
[2025-01-09 11:03:03,677] INFO: 	 lr: 0.00030000000000000073 	 Training loss: 0.04796913392841816
[2025-01-09 11:03:17,695] INFO: Iter 10900 Summary: 
[2025-01-09 11:03:17,695] INFO: 	 lr: 0.00030000000000000073 	 Training loss: 0.047974976003170015
[2025-01-09 11:03:32,244] INFO: Iter 11000 Summary: 
[2025-01-09 11:03:32,244] INFO: 	 lr: 0.00030000000000000073 	 Training loss: 0.048062171377241614
[2025-01-09 11:03:49,950] INFO: Iter 11100 Summary: 
[2025-01-09 11:03:49,950] INFO: 	 lr: 0.00030000000000000073 	 Training loss: 0.047369911484420296
[2025-01-09 11:04:02,636] INFO: Iter 11200 Summary: 
[2025-01-09 11:04:02,636] INFO: 	 lr: 0.00030000000000000073 	 Training loss: 0.04748937722295523
[2025-01-09 11:04:17,739] INFO: Iter 11300 Summary: 
[2025-01-09 11:04:17,740] INFO: 	 lr: 0.00030000000000000073 	 Training loss: 0.04786309186369181
[2025-01-09 11:04:30,503] INFO: Iter 11400 Summary: 
[2025-01-09 11:04:30,503] INFO: 	 lr: 0.00030000000000000073 	 Training loss: 0.04748253561556339
[2025-01-09 11:04:44,090] INFO: Iter 11500 Summary: 
[2025-01-09 11:04:44,090] INFO: 	 lr: 0.00030000000000000073 	 Training loss: 0.04767950840294361
[2025-01-09 11:04:58,757] INFO: Iter 11600 Summary: 
[2025-01-09 11:04:58,757] INFO: 	 lr: 0.00030000000000000073 	 Training loss: 0.04785245068371296
[2025-01-09 11:05:15,873] INFO: Iter 11700 Summary: 
[2025-01-09 11:05:15,873] INFO: 	 lr: 0.00030000000000000073 	 Training loss: 0.04801369965076446
[2025-01-09 11:05:29,843] INFO: Iter 11800 Summary: 
[2025-01-09 11:05:29,844] INFO: 	 lr: 0.00030000000000000073 	 Training loss: 0.047711485587060454
[2025-01-09 11:05:44,206] INFO: Iter 11900 Summary: 
[2025-01-09 11:05:44,207] INFO: 	 lr: 0.00030000000000000073 	 Training loss: 0.047292722016572954
[2025-01-09 11:05:57,807] INFO: Iter 12000 Summary: 
[2025-01-09 11:05:57,807] INFO: 	 lr: 0.00030000000000000073 	 Training loss: 0.047546737268567084
[2025-01-09 11:06:17,442] INFO: Iter 12100 Summary: 
[2025-01-09 11:06:17,443] INFO: 	 lr: 0.00030000000000000073 	 Training loss: 0.04702640768140554
[2025-01-09 11:06:31,655] INFO: Iter 12200 Summary: 
[2025-01-09 11:06:31,656] INFO: 	 lr: 0.00030000000000000073 	 Training loss: 0.047082049995660784
[2025-01-09 11:06:44,590] INFO: Iter 12300 Summary: 
[2025-01-09 11:06:44,590] INFO: 	 lr: 0.00030000000000000073 	 Training loss: 0.04720575712621212
[2025-01-09 11:06:59,553] INFO: Iter 12400 Summary: 
[2025-01-09 11:06:59,553] INFO: 	 lr: 0.00030000000000000073 	 Training loss: 0.04801508024334908
[2025-01-09 11:07:14,908] INFO: Iter 12500 Summary: 
[2025-01-09 11:07:14,909] INFO: 	 lr: 0.00030000000000000073 	 Training loss: 0.047189556024968625
[2025-01-09 11:07:28,938] INFO: Iter 12600 Summary: 
[2025-01-09 11:07:28,938] INFO: 	 lr: 0.00030000000000000073 	 Training loss: 0.04736258320510387
[2025-01-09 11:07:43,425] INFO: Iter 12700 Summary: 
[2025-01-09 11:07:43,425] INFO: 	 lr: 0.00030000000000000073 	 Training loss: 0.04732642635703087
[2025-01-09 11:07:57,705] INFO: Iter 12800 Summary: 
[2025-01-09 11:07:57,705] INFO: 	 lr: 0.00030000000000000073 	 Training loss: 0.04706757597625256
[2025-01-09 11:08:11,805] INFO: Iter 12900 Summary: 
[2025-01-09 11:08:11,806] INFO: 	 lr: 0.00030000000000000073 	 Training loss: 0.04703876264393329
[2025-01-09 11:08:26,058] INFO: Iter 13000 Summary: 
[2025-01-09 11:08:26,058] INFO: 	 lr: 0.00030000000000000073 	 Training loss: 0.047440563775599
[2025-01-09 11:08:43,109] INFO: Iter 13100 Summary: 
[2025-01-09 11:08:43,110] INFO: 	 lr: 0.00030000000000000073 	 Training loss: 0.046865992955863474
[2025-01-09 11:08:57,340] INFO: Iter 13200 Summary: 
[2025-01-09 11:08:57,340] INFO: 	 lr: 0.00030000000000000073 	 Training loss: 0.04682681865990162
[2025-01-09 11:09:10,439] INFO: Iter 13300 Summary: 
[2025-01-09 11:09:10,439] INFO: 	 lr: 0.00030000000000000073 	 Training loss: 0.046903876140713695
[2025-01-09 11:09:25,283] INFO: Iter 13400 Summary: 
[2025-01-09 11:09:25,283] INFO: 	 lr: 0.00030000000000000073 	 Training loss: 0.04707431714981794
[2025-01-09 11:09:39,648] INFO: Iter 13500 Summary: 
[2025-01-09 11:09:39,648] INFO: 	 lr: 0.00030000000000000073 	 Training loss: 0.04697227213531732
[2025-01-09 11:09:54,454] INFO: Iter 13600 Summary: 
[2025-01-09 11:09:54,455] INFO: 	 lr: 0.00030000000000000073 	 Training loss: 0.04702770914882422
[2025-01-09 11:10:09,260] INFO: Iter 13700 Summary: 
[2025-01-09 11:10:09,260] INFO: 	 lr: 0.00030000000000000073 	 Training loss: 0.04711323320865631
[2025-01-09 11:10:27,303] INFO: Iter 13800 Summary: 
[2025-01-09 11:10:27,303] INFO: 	 lr: 0.00030000000000000073 	 Training loss: 0.04647846791893244
[2025-01-09 11:10:40,726] INFO: Iter 13900 Summary: 
[2025-01-09 11:10:40,727] INFO: 	 lr: 0.00030000000000000073 	 Training loss: 0.04699800655245781
[2025-01-09 11:10:55,369] INFO: Iter 14000 Summary: 
[2025-01-09 11:10:55,370] INFO: 	 lr: 0.00030000000000000073 	 Training loss: 0.04702130693942309
[2025-01-09 11:11:14,427] INFO: Iter 14100 Summary: 
[2025-01-09 11:11:14,428] INFO: 	 lr: 0.00030000000000000073 	 Training loss: 0.046802038736641405
[2025-01-09 11:11:29,242] INFO: Iter 14200 Summary: 
[2025-01-09 11:11:29,242] INFO: 	 lr: 0.00030000000000000073 	 Training loss: 0.0464371033012867
[2025-01-09 11:11:44,392] INFO: Iter 14300 Summary: 
[2025-01-09 11:11:44,392] INFO: 	 lr: 0.00030000000000000073 	 Training loss: 0.046929323300719264
[2025-01-09 11:11:59,201] INFO: Iter 14400 Summary: 
[2025-01-09 11:11:59,201] INFO: 	 lr: 0.00030000000000000073 	 Training loss: 0.04697101630270481
[2025-01-09 11:12:16,579] INFO: Iter 14500 Summary: 
[2025-01-09 11:12:16,579] INFO: 	 lr: 0.00030000000000000073 	 Training loss: 0.04659195400774479
[2025-01-09 11:12:32,297] INFO: Iter 14600 Summary: 
[2025-01-09 11:12:32,298] INFO: 	 lr: 0.00030000000000000073 	 Training loss: 0.0466931801661849
[2025-01-09 11:12:46,552] INFO: Iter 14700 Summary: 
[2025-01-09 11:12:46,553] INFO: 	 lr: 0.00030000000000000073 	 Training loss: 0.046537233106791975
[2025-01-09 11:13:00,711] INFO: Iter 14800 Summary: 
[2025-01-09 11:13:00,711] INFO: 	 lr: 0.00030000000000000073 	 Training loss: 0.04708503499627113
[2025-01-09 11:13:14,210] INFO: Iter 14900 Summary: 
[2025-01-09 11:13:14,210] INFO: 	 lr: 0.00030000000000000073 	 Training loss: 0.04668128672987223
[2025-01-09 11:13:28,848] INFO: Iter 15000 Summary: 
[2025-01-09 11:13:28,848] INFO: 	 lr: 0.00030000000000000073 	 Training loss: 0.04669576156884432
[2025-01-09 11:13:43,576] INFO: Iter 15100 Summary: 
[2025-01-09 11:13:43,577] INFO: 	 lr: 0.00030000000000000073 	 Training loss: 0.0466459945961833
[2025-01-09 11:14:01,146] INFO: Iter 15200 Summary: 
[2025-01-09 11:14:01,147] INFO: 	 lr: 0.00030000000000000073 	 Training loss: 0.046289475336670875
[2025-01-09 11:14:16,305] INFO: Iter 15300 Summary: 
[2025-01-09 11:14:16,305] INFO: 	 lr: 0.00030000000000000073 	 Training loss: 0.046635797694325444
[2025-01-09 11:14:31,215] INFO: Iter 15400 Summary: 
[2025-01-09 11:14:31,216] INFO: 	 lr: 0.00030000000000000073 	 Training loss: 0.04657622791826725
[2025-01-09 11:14:45,445] INFO: Iter 15500 Summary: 
[2025-01-09 11:14:45,445] INFO: 	 lr: 0.00030000000000000073 	 Training loss: 0.0462455777823925
[2025-01-09 11:15:01,040] INFO: Iter 15600 Summary: 
[2025-01-09 11:15:01,041] INFO: 	 lr: 0.00030000000000000073 	 Training loss: 0.046304607577621934
[2025-01-09 11:15:16,684] INFO: Iter 15700 Summary: 
[2025-01-09 11:15:16,684] INFO: 	 lr: 0.00030000000000000073 	 Training loss: 0.04650090429931879
[2025-01-09 11:15:33,004] INFO: Iter 15800 Summary: 
[2025-01-09 11:15:33,004] INFO: 	 lr: 0.00030000000000000073 	 Training loss: 0.04621017225086689
[2025-01-09 11:15:52,245] INFO: Iter 15900 Summary: 
[2025-01-09 11:15:52,245] INFO: 	 lr: 0.00030000000000000073 	 Training loss: 0.04624896124005318
[2025-01-09 11:16:08,392] INFO: Iter 16000 Summary: 
[2025-01-09 11:16:08,393] INFO: 	 lr: 0.00030000000000000073 	 Training loss: 0.04606987986713648
[2025-01-09 11:16:29,729] INFO: Iter 16100 Summary: 
[2025-01-09 11:16:29,729] INFO: 	 lr: 0.00030000000000000073 	 Training loss: 0.045992821753025055
[2025-01-09 11:16:43,570] INFO: Iter 16200 Summary: 
[2025-01-09 11:16:43,570] INFO: 	 lr: 0.00030000000000000073 	 Training loss: 0.046026719100773335
[2025-01-09 11:16:58,831] INFO: Iter 16300 Summary: 
[2025-01-09 11:16:58,831] INFO: 	 lr: 0.00030000000000000073 	 Training loss: 0.046285484544932844
[2025-01-09 11:17:13,691] INFO: Iter 16400 Summary: 
[2025-01-09 11:17:13,691] INFO: 	 lr: 0.00030000000000000073 	 Training loss: 0.046314006112515925
[2025-01-09 11:17:28,605] INFO: Iter 16500 Summary: 
[2025-01-09 11:17:28,605] INFO: 	 lr: 0.00030000000000000073 	 Training loss: 0.04631150159984827
[2025-01-09 11:17:45,128] INFO: Iter 16600 Summary: 
[2025-01-09 11:17:45,128] INFO: 	 lr: 0.00030000000000000073 	 Training loss: 0.04621704701334238
[2025-01-09 11:17:58,730] INFO: Iter 16700 Summary: 
[2025-01-09 11:17:58,730] INFO: 	 lr: 0.00030000000000000073 	 Training loss: 0.045954598560929295
[2025-01-09 11:18:13,664] INFO: Iter 16800 Summary: 
[2025-01-09 11:18:13,664] INFO: 	 lr: 0.00030000000000000073 	 Training loss: 0.04582239612936974
[2025-01-09 11:18:28,963] INFO: Iter 16900 Summary: 
[2025-01-09 11:18:28,963] INFO: 	 lr: 0.00030000000000000073 	 Training loss: 0.04627622079104185
[2025-01-09 11:18:43,323] INFO: Iter 17000 Summary: 
[2025-01-09 11:18:43,324] INFO: 	 lr: 0.00030000000000000073 	 Training loss: 0.04616051472723484
[2025-01-09 11:18:58,817] INFO: Iter 17100 Summary: 
[2025-01-09 11:18:58,817] INFO: 	 lr: 0.00030000000000000073 	 Training loss: 0.04603167522698641
[2025-01-09 11:19:12,410] INFO: Iter 17200 Summary: 
[2025-01-09 11:19:12,410] INFO: 	 lr: 0.00030000000000000073 	 Training loss: 0.04617533154785633
[2025-01-09 11:19:31,725] INFO: Iter 17300 Summary: 
[2025-01-09 11:19:31,725] INFO: 	 lr: 0.00030000000000000073 	 Training loss: 0.04585938449949026
[2025-01-09 11:19:47,089] INFO: Iter 17400 Summary: 
[2025-01-09 11:19:47,090] INFO: 	 lr: 0.00030000000000000073 	 Training loss: 0.045906997956335543
[2025-01-09 11:20:03,032] INFO: Iter 17500 Summary: 
[2025-01-09 11:20:03,033] INFO: 	 lr: 0.00030000000000000073 	 Training loss: 0.045668865852057934
[2025-01-09 11:20:17,557] INFO: Iter 17600 Summary: 
[2025-01-09 11:20:17,557] INFO: 	 lr: 0.00030000000000000073 	 Training loss: 0.04609657943248749
[2025-01-09 11:20:32,255] INFO: Iter 17700 Summary: 
[2025-01-09 11:20:32,255] INFO: 	 lr: 0.00030000000000000073 	 Training loss: 0.045995865873992445
[2025-01-09 11:20:45,926] INFO: Iter 17800 Summary: 
[2025-01-09 11:20:45,927] INFO: 	 lr: 0.00030000000000000073 	 Training loss: 0.045827601067721845
[2025-01-09 11:21:00,886] INFO: Iter 17900 Summary: 
[2025-01-09 11:21:00,886] INFO: 	 lr: 0.00030000000000000073 	 Training loss: 0.046172953248023986
[2025-01-09 11:21:16,677] INFO: Iter 18000 Summary: 
[2025-01-09 11:21:16,677] INFO: 	 lr: 0.00030000000000000073 	 Training loss: 0.04598945878446102
[2025-01-09 11:21:43,887] INFO: Iter 18100 Summary: 
[2025-01-09 11:21:43,888] INFO: 	 lr: 0.00030000000000000073 	 Training loss: 0.04567105084657669
[2025-01-09 11:21:59,557] INFO: Iter 18200 Summary: 
[2025-01-09 11:21:59,558] INFO: 	 lr: 0.00030000000000000073 	 Training loss: 0.04581905197352171
[2025-01-09 11:22:15,171] INFO: Iter 18300 Summary: 
[2025-01-09 11:22:15,171] INFO: 	 lr: 0.00030000000000000073 	 Training loss: 0.04597360271960497
[2025-01-09 11:22:31,498] INFO: Iter 18400 Summary: 
[2025-01-09 11:22:31,499] INFO: 	 lr: 0.00030000000000000073 	 Training loss: 0.04552903570234776
[2025-01-09 11:22:48,046] INFO: Iter 18500 Summary: 
[2025-01-09 11:22:48,046] INFO: 	 lr: 0.00030000000000000073 	 Training loss: 0.04608985014259815
[2025-01-09 11:23:05,408] INFO: Iter 18600 Summary: 
[2025-01-09 11:23:05,408] INFO: 	 lr: 0.00030000000000000073 	 Training loss: 0.045877115428447725
[2025-01-09 11:23:20,046] INFO: Iter 18700 Summary: 
[2025-01-09 11:23:20,046] INFO: 	 lr: 0.00030000000000000073 	 Training loss: 0.045521918423473834
[2025-01-09 11:23:33,454] INFO: Iter 18800 Summary: 
[2025-01-09 11:23:33,455] INFO: 	 lr: 0.00030000000000000073 	 Training loss: 0.045705067552626134
[2025-01-09 11:23:47,246] INFO: Iter 18900 Summary: 
[2025-01-09 11:23:47,246] INFO: 	 lr: 0.00030000000000000073 	 Training loss: 0.04561514921486378
[2025-01-09 11:24:02,119] INFO: Iter 19000 Summary: 
[2025-01-09 11:24:02,119] INFO: 	 lr: 0.00030000000000000073 	 Training loss: 0.04548004515469074
[2025-01-09 11:24:17,678] INFO: Iter 19100 Summary: 
[2025-01-09 11:24:17,678] INFO: 	 lr: 0.00030000000000000073 	 Training loss: 0.0458956740796566
[2025-01-09 11:24:33,073] INFO: Iter 19200 Summary: 
[2025-01-09 11:24:33,073] INFO: 	 lr: 0.00030000000000000073 	 Training loss: 0.04561846319586039
[2025-01-09 11:24:50,127] INFO: Iter 19300 Summary: 
[2025-01-09 11:24:50,127] INFO: 	 lr: 0.00030000000000000073 	 Training loss: 0.04554820783436298
[2025-01-09 11:25:04,412] INFO: Iter 19400 Summary: 
[2025-01-09 11:25:04,412] INFO: 	 lr: 0.00030000000000000073 	 Training loss: 0.04577394910156727
[2025-01-09 11:25:19,032] INFO: Iter 19500 Summary: 
[2025-01-09 11:25:19,032] INFO: 	 lr: 0.00030000000000000073 	 Training loss: 0.04571087896823883
[2025-01-09 11:25:33,435] INFO: Iter 19600 Summary: 
[2025-01-09 11:25:33,435] INFO: 	 lr: 0.00030000000000000073 	 Training loss: 0.045977736823260784
[2025-01-09 11:25:48,815] INFO: Iter 19700 Summary: 
[2025-01-09 11:25:48,816] INFO: 	 lr: 0.00030000000000000073 	 Training loss: 0.04521423511207104
[2025-01-09 11:26:03,109] INFO: Iter 19800 Summary: 
[2025-01-09 11:26:03,109] INFO: 	 lr: 0.00030000000000000073 	 Training loss: 0.045341031551361086
[2025-01-09 11:26:17,709] INFO: Iter 19900 Summary: 
[2025-01-09 11:26:17,709] INFO: 	 lr: 0.00030000000000000073 	 Training loss: 0.04568129114806652
[2025-01-09 11:26:34,327] INFO: Iter 20000 Summary: 
[2025-01-09 11:26:34,328] INFO: 	 lr: 0.00030000000000000073 	 Training loss: 0.04545706987380981
[2025-01-09 11:26:53,294] INFO: Iter 20100 Summary: 
[2025-01-09 11:26:53,295] INFO: 	 lr: 0.00030000000000000073 	 Training loss: 0.04548438239842653
[2025-01-09 11:27:08,727] INFO: Iter 20200 Summary: 
[2025-01-09 11:27:08,728] INFO: 	 lr: 0.00030000000000000073 	 Training loss: 0.0454196447879076
[2025-01-09 11:27:23,164] INFO: Iter 20300 Summary: 
[2025-01-09 11:27:23,164] INFO: 	 lr: 0.00030000000000000073 	 Training loss: 0.04551444232463837
[2025-01-09 11:27:38,135] INFO: Iter 20400 Summary: 
[2025-01-09 11:27:38,135] INFO: 	 lr: 0.00030000000000000073 	 Training loss: 0.0451001899689436
[2025-01-09 11:27:51,280] INFO: Iter 20500 Summary: 
[2025-01-09 11:27:51,280] INFO: 	 lr: 0.00030000000000000073 	 Training loss: 0.04575430624186993
[2025-01-09 11:28:04,120] INFO: Iter 20600 Summary: 
[2025-01-09 11:28:04,120] INFO: 	 lr: 0.00030000000000000073 	 Training loss: 0.04533702455461025
[2025-01-09 11:28:21,749] INFO: Iter 20700 Summary: 
[2025-01-09 11:28:21,749] INFO: 	 lr: 0.00030000000000000073 	 Training loss: 0.04495486576110125
[2025-01-09 11:28:36,028] INFO: Iter 20800 Summary: 
[2025-01-09 11:28:36,028] INFO: 	 lr: 0.00030000000000000073 	 Training loss: 0.045423142574727536
[2025-01-09 11:28:49,599] INFO: Iter 20900 Summary: 
[2025-01-09 11:28:49,599] INFO: 	 lr: 0.00030000000000000073 	 Training loss: 0.045313410088419916
[2025-01-09 11:29:04,448] INFO: Iter 21000 Summary: 
[2025-01-09 11:29:04,449] INFO: 	 lr: 0.00030000000000000073 	 Training loss: 0.045696501955389976
[2025-01-09 11:29:17,961] INFO: Iter 21100 Summary: 
[2025-01-09 11:29:17,962] INFO: 	 lr: 0.00030000000000000073 	 Training loss: 0.045477012768387795
[2025-01-09 11:29:31,601] INFO: Iter 21200 Summary: 
[2025-01-09 11:29:31,601] INFO: 	 lr: 0.00030000000000000073 	 Training loss: 0.04541273433715105
[2025-01-09 11:29:46,307] INFO: Iter 21300 Summary: 
[2025-01-09 11:29:46,307] INFO: 	 lr: 0.00030000000000000073 	 Training loss: 0.045379353873431685
[2025-01-09 11:30:03,988] INFO: Iter 21400 Summary: 
[2025-01-09 11:30:03,988] INFO: 	 lr: 0.00030000000000000073 	 Training loss: 0.04532726161181927
[2025-01-09 11:30:15,635] INFO: Iter 21500 Summary: 
[2025-01-09 11:30:15,635] INFO: 	 lr: 0.00030000000000000073 	 Training loss: 0.045035604238510135
[2025-01-09 11:30:31,130] INFO: Iter 21600 Summary: 
[2025-01-09 11:30:31,131] INFO: 	 lr: 0.00030000000000000073 	 Training loss: 0.045122576020658015
[2025-01-09 11:30:45,818] INFO: Iter 21700 Summary: 
[2025-01-09 11:30:45,818] INFO: 	 lr: 0.00030000000000000073 	 Training loss: 0.045410438142716884
[2025-01-09 11:31:00,060] INFO: Iter 21800 Summary: 
[2025-01-09 11:31:00,060] INFO: 	 lr: 0.00030000000000000073 	 Training loss: 0.045170683786273
[2025-01-09 11:31:14,898] INFO: Iter 21900 Summary: 
[2025-01-09 11:31:14,898] INFO: 	 lr: 0.00030000000000000073 	 Training loss: 0.045128788724541666
[2025-01-09 11:31:28,700] INFO: Iter 22000 Summary: 
[2025-01-09 11:31:28,700] INFO: 	 lr: 0.00030000000000000073 	 Training loss: 0.04543231312185526
[2025-01-09 11:31:50,623] INFO: Iter 22100 Summary: 
[2025-01-09 11:31:50,624] INFO: 	 lr: 0.00030000000000000073 	 Training loss: 0.04508491072803736
[2025-01-09 11:32:05,688] INFO: Iter 22200 Summary: 
[2025-01-09 11:32:05,689] INFO: 	 lr: 0.00030000000000000073 	 Training loss: 0.045149336643517016
[2025-01-09 11:32:20,606] INFO: Iter 22300 Summary: 
[2025-01-09 11:32:20,606] INFO: 	 lr: 0.00030000000000000073 	 Training loss: 0.04531801179051399
[2025-01-09 11:32:36,194] INFO: Iter 22400 Summary: 
[2025-01-09 11:32:36,194] INFO: 	 lr: 0.00030000000000000073 	 Training loss: 0.04553078349679709
[2025-01-09 11:32:51,852] INFO: Iter 22500 Summary: 
[2025-01-09 11:32:51,853] INFO: 	 lr: 0.00030000000000000073 	 Training loss: 0.04518612913787365
[2025-01-09 11:33:07,241] INFO: Iter 22600 Summary: 
[2025-01-09 11:33:07,242] INFO: 	 lr: 0.00030000000000000073 	 Training loss: 0.04509542617946863
[2025-01-09 11:33:23,518] INFO: Iter 22700 Summary: 
[2025-01-09 11:33:23,519] INFO: 	 lr: 0.00030000000000000073 	 Training loss: 0.04484109122306108
[2025-01-09 11:33:42,105] INFO: Iter 22800 Summary: 
[2025-01-09 11:33:42,105] INFO: 	 lr: 0.00030000000000000073 	 Training loss: 0.044766177982091905
[2025-01-09 11:33:55,353] INFO: Iter 22900 Summary: 
[2025-01-09 11:33:55,353] INFO: 	 lr: 0.00030000000000000073 	 Training loss: 0.04527594018727541
[2025-01-09 11:34:11,121] INFO: Iter 23000 Summary: 
[2025-01-09 11:34:11,122] INFO: 	 lr: 0.00030000000000000073 	 Training loss: 0.04538949519395828
[2025-01-09 11:34:24,817] INFO: Iter 23100 Summary: 
[2025-01-09 11:34:24,817] INFO: 	 lr: 0.00030000000000000073 	 Training loss: 0.04490280997008085
[2025-01-09 11:34:38,598] INFO: Iter 23200 Summary: 
[2025-01-09 11:34:38,598] INFO: 	 lr: 0.00030000000000000073 	 Training loss: 0.04478613268584013
[2025-01-09 11:34:52,453] INFO: Iter 23300 Summary: 
[2025-01-09 11:34:52,453] INFO: 	 lr: 0.00030000000000000073 	 Training loss: 0.04510610476136208
[2025-01-09 11:35:09,369] INFO: Iter 23400 Summary: 
[2025-01-09 11:35:09,370] INFO: 	 lr: 0.00030000000000000073 	 Training loss: 0.04547988120466471
[2025-01-09 11:35:22,759] INFO: Iter 23500 Summary: 
[2025-01-09 11:35:22,760] INFO: 	 lr: 0.00030000000000000073 	 Training loss: 0.04485173854976893
[2025-01-09 11:35:38,075] INFO: Iter 23600 Summary: 
[2025-01-09 11:35:38,075] INFO: 	 lr: 0.00030000000000000073 	 Training loss: 0.04478419292718172
[2025-01-09 11:35:51,347] INFO: Iter 23700 Summary: 
[2025-01-09 11:35:51,347] INFO: 	 lr: 0.00030000000000000073 	 Training loss: 0.045059891007840636
[2025-01-09 11:36:07,390] INFO: Iter 23800 Summary: 
[2025-01-09 11:36:07,390] INFO: 	 lr: 0.00030000000000000073 	 Training loss: 0.044874115251004695
[2025-01-09 11:36:23,580] INFO: Iter 23900 Summary: 
[2025-01-09 11:36:23,581] INFO: 	 lr: 0.00030000000000000073 	 Training loss: 0.044986594021320346
[2025-01-09 11:36:38,190] INFO: Iter 24000 Summary: 
[2025-01-09 11:36:38,190] INFO: 	 lr: 0.00030000000000000073 	 Training loss: 0.04519606120884419
[2025-01-09 11:37:01,018] INFO: Iter 24100 Summary: 
[2025-01-09 11:37:01,018] INFO: 	 lr: 0.00030000000000000073 	 Training loss: 0.04518209680914879
[2025-01-09 11:37:16,075] INFO: Iter 24200 Summary: 
[2025-01-09 11:37:16,076] INFO: 	 lr: 0.00030000000000000073 	 Training loss: 0.04513910185545683
[2025-01-09 11:37:29,888] INFO: Iter 24300 Summary: 
[2025-01-09 11:37:29,888] INFO: 	 lr: 0.00030000000000000073 	 Training loss: 0.044872201085090636
[2025-01-09 11:37:44,908] INFO: Iter 24400 Summary: 
[2025-01-09 11:37:44,908] INFO: 	 lr: 0.00030000000000000073 	 Training loss: 0.045028682053089145
[2025-01-09 11:37:59,482] INFO: Iter 24500 Summary: 
[2025-01-09 11:37:59,483] INFO: 	 lr: 0.00030000000000000073 	 Training loss: 0.04501229096204042
[2025-01-09 11:38:14,690] INFO: Iter 24600 Summary: 
[2025-01-09 11:38:14,690] INFO: 	 lr: 0.00030000000000000073 	 Training loss: 0.04533207342028618
[2025-01-09 11:38:30,560] INFO: Iter 24700 Summary: 
[2025-01-09 11:38:30,560] INFO: 	 lr: 0.00030000000000000073 	 Training loss: 0.04503763075917959
[2025-01-09 11:38:47,510] INFO: Iter 24800 Summary: 
[2025-01-09 11:38:47,511] INFO: 	 lr: 0.00030000000000000073 	 Training loss: 0.04476917456835508
[2025-01-09 11:39:02,350] INFO: Iter 24900 Summary: 
[2025-01-09 11:39:02,350] INFO: 	 lr: 0.00030000000000000073 	 Training loss: 0.04503171917051077
[2025-01-09 11:39:17,595] INFO: Iter 25000 Summary: 
[2025-01-09 11:39:17,595] INFO: 	 lr: 0.00030000000000000073 	 Training loss: 0.044796278849244114
[2025-01-09 11:39:32,543] INFO: Iter 25100 Summary: 
[2025-01-09 11:39:32,543] INFO: 	 lr: 0.00030000000000000073 	 Training loss: 0.045101829394698145
[2025-01-09 11:39:48,143] INFO: Iter 25200 Summary: 
[2025-01-09 11:39:48,143] INFO: 	 lr: 0.00030000000000000073 	 Training loss: 0.04475006408989429
[2025-01-09 11:40:02,214] INFO: Iter 25300 Summary: 
[2025-01-09 11:40:02,215] INFO: 	 lr: 0.00030000000000000073 	 Training loss: 0.044871618263423445
[2025-01-09 11:40:15,938] INFO: Iter 25400 Summary: 
[2025-01-09 11:40:15,938] INFO: 	 lr: 0.00030000000000000073 	 Training loss: 0.04496010284870863
[2025-01-09 11:40:33,086] INFO: Iter 25500 Summary: 
[2025-01-09 11:40:33,086] INFO: 	 lr: 0.00030000000000000073 	 Training loss: 0.04489642217755318
[2025-01-09 11:40:48,056] INFO: Iter 25600 Summary: 
[2025-01-09 11:40:48,056] INFO: 	 lr: 0.00030000000000000073 	 Training loss: 0.04453965447843075
[2025-01-09 11:41:01,760] INFO: Iter 25700 Summary: 
[2025-01-09 11:41:01,761] INFO: 	 lr: 0.00030000000000000073 	 Training loss: 0.04496411766856909
[2025-01-09 11:41:15,514] INFO: Iter 25800 Summary: 
[2025-01-09 11:41:15,514] INFO: 	 lr: 0.00030000000000000073 	 Training loss: 0.04469840262085199
[2025-01-09 11:41:30,056] INFO: Iter 25900 Summary: 
[2025-01-09 11:41:30,056] INFO: 	 lr: 0.00030000000000000073 	 Training loss: 0.04492209561169148
[2025-01-09 11:41:43,807] INFO: Iter 26000 Summary: 
[2025-01-09 11:41:43,807] INFO: 	 lr: 0.00030000000000000073 	 Training loss: 0.04499072190374136
[2025-01-09 11:42:05,129] INFO: Iter 26100 Summary: 
[2025-01-09 11:42:05,130] INFO: 	 lr: 0.00030000000000000073 	 Training loss: 0.04505199186503887
[2025-01-09 11:42:22,264] INFO: Iter 26200 Summary: 
[2025-01-09 11:42:22,264] INFO: 	 lr: 0.00030000000000000073 	 Training loss: 0.04475780744105577
[2025-01-09 11:42:36,575] INFO: Iter 26300 Summary: 
[2025-01-09 11:42:36,575] INFO: 	 lr: 0.00030000000000000073 	 Training loss: 0.04463429588824511
[2025-01-09 11:42:51,164] INFO: Iter 26400 Summary: 
[2025-01-09 11:42:51,164] INFO: 	 lr: 0.00030000000000000073 	 Training loss: 0.044881827719509604
[2025-01-09 11:43:06,523] INFO: Iter 26500 Summary: 
[2025-01-09 11:43:06,524] INFO: 	 lr: 0.00030000000000000073 	 Training loss: 0.04462655741721391
[2025-01-09 11:43:21,513] INFO: Iter 26600 Summary: 
[2025-01-09 11:43:21,514] INFO: 	 lr: 0.00030000000000000073 	 Training loss: 0.04495840758085251
[2025-01-09 11:43:36,656] INFO: Iter 26700 Summary: 
[2025-01-09 11:43:36,656] INFO: 	 lr: 0.00030000000000000073 	 Training loss: 0.04485258586704731
[2025-01-09 11:43:51,380] INFO: Iter 26800 Summary: 
[2025-01-09 11:43:51,380] INFO: 	 lr: 0.00030000000000000073 	 Training loss: 0.04504969395697117
[2025-01-09 11:44:07,856] INFO: Iter 26900 Summary: 
[2025-01-09 11:44:07,856] INFO: 	 lr: 0.00030000000000000073 	 Training loss: 0.04487194813787937
[2025-01-09 11:44:22,126] INFO: Iter 27000 Summary: 
[2025-01-09 11:44:22,127] INFO: 	 lr: 0.00030000000000000073 	 Training loss: 0.044488052055239674
[2025-01-09 11:44:37,530] INFO: Iter 27100 Summary: 
[2025-01-09 11:44:37,530] INFO: 	 lr: 0.00030000000000000073 	 Training loss: 0.04475846242159605
[2025-01-09 11:44:52,235] INFO: Iter 27200 Summary: 
[2025-01-09 11:44:52,236] INFO: 	 lr: 0.00030000000000000073 	 Training loss: 0.044630486480891705
[2025-01-09 11:45:07,422] INFO: Iter 27300 Summary: 
[2025-01-09 11:45:07,422] INFO: 	 lr: 0.00030000000000000073 	 Training loss: 0.04495985295623541
[2025-01-09 11:45:21,647] INFO: Iter 27400 Summary: 
[2025-01-09 11:45:21,647] INFO: 	 lr: 0.00030000000000000073 	 Training loss: 0.0446620486676693
[2025-01-09 11:45:35,842] INFO: Iter 27500 Summary: 
[2025-01-09 11:45:35,842] INFO: 	 lr: 0.00030000000000000073 	 Training loss: 0.0449401805922389
[2025-01-09 11:45:52,363] INFO: Iter 27600 Summary: 
[2025-01-09 11:45:52,363] INFO: 	 lr: 0.00030000000000000073 	 Training loss: 0.04483486842364073
[2025-01-09 11:46:07,561] INFO: Iter 27700 Summary: 
[2025-01-09 11:46:07,561] INFO: 	 lr: 0.00030000000000000073 	 Training loss: 0.044984478764235974
[2025-01-09 11:46:21,529] INFO: Iter 27800 Summary: 
[2025-01-09 11:46:21,530] INFO: 	 lr: 0.00030000000000000073 	 Training loss: 0.04452688302844763
[2025-01-09 11:46:36,310] INFO: Iter 27900 Summary: 
[2025-01-09 11:46:36,310] INFO: 	 lr: 0.00030000000000000073 	 Training loss: 0.0447535302862525
[2025-01-09 11:46:50,867] INFO: Iter 28000 Summary: 
[2025-01-09 11:46:50,868] INFO: 	 lr: 0.00030000000000000073 	 Training loss: 0.044541825018823145
[2025-01-09 11:47:09,959] INFO: Iter 28100 Summary: 
[2025-01-09 11:47:09,960] INFO: 	 lr: 0.00030000000000000073 	 Training loss: 0.04439222779124975
[2025-01-09 11:47:22,972] INFO: Iter 28200 Summary: 
[2025-01-09 11:47:22,972] INFO: 	 lr: 0.00030000000000000073 	 Training loss: 0.044862887747585775
[2025-01-09 11:47:38,931] INFO: Iter 28300 Summary: 
[2025-01-09 11:47:38,932] INFO: 	 lr: 0.00030000000000000073 	 Training loss: 0.04429561302065849
[2025-01-09 11:47:53,199] INFO: Iter 28400 Summary: 
[2025-01-09 11:47:53,200] INFO: 	 lr: 0.00030000000000000073 	 Training loss: 0.04454562101513147
[2025-01-09 11:48:05,284] INFO: Iter 28500 Summary: 
[2025-01-09 11:48:05,284] INFO: 	 lr: 0.00030000000000000073 	 Training loss: 0.0447117642685771
[2025-01-09 11:48:19,925] INFO: Iter 28600 Summary: 
[2025-01-09 11:48:19,925] INFO: 	 lr: 0.00030000000000000073 	 Training loss: 0.044657498188316824
[2025-01-09 11:48:34,036] INFO: Iter 28700 Summary: 
[2025-01-09 11:48:34,036] INFO: 	 lr: 0.00030000000000000073 	 Training loss: 0.04466094028204679
[2025-01-09 11:48:49,937] INFO: Iter 28800 Summary: 
[2025-01-09 11:48:49,938] INFO: 	 lr: 0.00030000000000000073 	 Training loss: 0.04489385325461626
[2025-01-09 11:49:06,485] INFO: Iter 28900 Summary: 
[2025-01-09 11:49:06,485] INFO: 	 lr: 0.00030000000000000073 	 Training loss: 0.04466924034059048
[2025-01-09 11:49:22,857] INFO: Iter 29000 Summary: 
[2025-01-09 11:49:22,858] INFO: 	 lr: 0.00030000000000000073 	 Training loss: 0.04445353824645281
[2025-01-09 11:49:38,425] INFO: Iter 29100 Summary: 
[2025-01-09 11:49:38,425] INFO: 	 lr: 0.00030000000000000073 	 Training loss: 0.04438102334737778
[2025-01-09 11:49:52,084] INFO: Iter 29200 Summary: 
[2025-01-09 11:49:52,085] INFO: 	 lr: 0.00030000000000000073 	 Training loss: 0.044554768688976766
[2025-01-09 11:50:06,489] INFO: Iter 29300 Summary: 
[2025-01-09 11:50:06,489] INFO: 	 lr: 0.00030000000000000073 	 Training loss: 0.04466163992881775
[2025-01-09 11:50:20,851] INFO: Iter 29400 Summary: 
[2025-01-09 11:50:20,852] INFO: 	 lr: 0.00030000000000000073 	 Training loss: 0.04432234451174736
[2025-01-09 11:50:34,972] INFO: Iter 29500 Summary: 
[2025-01-09 11:50:34,973] INFO: 	 lr: 0.00030000000000000073 	 Training loss: 0.044786448515951635
[2025-01-09 11:50:53,281] INFO: Iter 29600 Summary: 
[2025-01-09 11:50:53,281] INFO: 	 lr: 0.00030000000000000073 	 Training loss: 0.04458129897713661
[2025-01-09 11:51:08,004] INFO: Iter 29700 Summary: 
[2025-01-09 11:51:08,005] INFO: 	 lr: 0.00030000000000000073 	 Training loss: 0.04434566680341959
[2025-01-09 11:51:23,056] INFO: Iter 29800 Summary: 
[2025-01-09 11:51:23,057] INFO: 	 lr: 0.00030000000000000073 	 Training loss: 0.04429207570850849
[2025-01-09 11:51:37,763] INFO: Iter 29900 Summary: 
[2025-01-09 11:51:37,763] INFO: 	 lr: 0.00030000000000000073 	 Training loss: 0.04459501646459103
[2025-01-09 11:51:53,620] INFO: Iter 30000 Summary: 
[2025-01-09 11:51:53,621] INFO: 	 lr: 0.00030000000000000073 	 Training loss: 0.04487794440239668
[2025-01-09 11:52:15,113] INFO: Iter 30100 Summary: 
[2025-01-09 11:52:15,113] INFO: 	 lr: 1.2900000000000026e-05 	 Training loss: 0.043485846184194085
[2025-01-09 11:52:29,277] INFO: Iter 30200 Summary: 
[2025-01-09 11:52:29,278] INFO: 	 lr: 1.000000000000002e-05 	 Training loss: 0.04364728521555662
[2025-01-09 11:52:44,704] INFO: Iter 30300 Summary: 
[2025-01-09 11:52:44,704] INFO: 	 lr: 1.000000000000002e-05 	 Training loss: 0.04357276510447264
[2025-01-09 11:52:59,493] INFO: Iter 30400 Summary: 
[2025-01-09 11:52:59,493] INFO: 	 lr: 1.000000000000002e-05 	 Training loss: 0.042790845483541486
[2025-01-09 11:53:12,965] INFO: Iter 30500 Summary: 
[2025-01-09 11:53:12,965] INFO: 	 lr: 1.000000000000002e-05 	 Training loss: 0.042902765050530436
[2025-01-09 11:53:27,277] INFO: Iter 30600 Summary: 
[2025-01-09 11:53:27,277] INFO: 	 lr: 1.000000000000002e-05 	 Training loss: 0.043103884793818
[2025-01-09 11:53:42,918] INFO: Iter 30700 Summary: 
[2025-01-09 11:53:42,918] INFO: 	 lr: 1.000000000000002e-05 	 Training loss: 0.042992479763925076
[2025-01-09 11:53:55,682] INFO: Iter 30800 Summary: 
[2025-01-09 11:53:55,682] INFO: 	 lr: 1.000000000000002e-05 	 Training loss: 0.04296287275850773
[2025-01-09 11:54:10,152] INFO: Iter 30900 Summary: 
[2025-01-09 11:54:10,152] INFO: 	 lr: 1.000000000000002e-05 	 Training loss: 0.04279946990311146
[2025-01-09 11:54:27,463] INFO: Iter 31000 Summary: 
[2025-01-09 11:54:27,464] INFO: 	 lr: 1.000000000000002e-05 	 Training loss: 0.04290440712124109
[2025-01-09 11:54:42,214] INFO: Iter 31100 Summary: 
[2025-01-09 11:54:42,214] INFO: 	 lr: 1.000000000000002e-05 	 Training loss: 0.04269158061593771
[2025-01-09 11:54:56,500] INFO: Iter 31200 Summary: 
[2025-01-09 11:54:56,500] INFO: 	 lr: 1.000000000000002e-05 	 Training loss: 0.04256300833076239
[2025-01-09 11:55:10,580] INFO: Iter 31300 Summary: 
[2025-01-09 11:55:10,580] INFO: 	 lr: 1.000000000000002e-05 	 Training loss: 0.042831142544746396
[2025-01-09 11:55:23,042] INFO: Iter 31400 Summary: 
[2025-01-09 11:55:23,042] INFO: 	 lr: 1.000000000000002e-05 	 Training loss: 0.04289153773337603
[2025-01-09 11:55:38,385] INFO: Iter 31500 Summary: 
[2025-01-09 11:55:38,386] INFO: 	 lr: 1.000000000000002e-05 	 Training loss: 0.04291420601308346
[2025-01-09 11:55:51,848] INFO: Iter 31600 Summary: 
[2025-01-09 11:55:51,848] INFO: 	 lr: 1.000000000000002e-05 	 Training loss: 0.042791108526289465
[2025-01-09 11:56:08,938] INFO: Iter 31700 Summary: 
[2025-01-09 11:56:08,939] INFO: 	 lr: 1.000000000000002e-05 	 Training loss: 0.042502274885773655
[2025-01-09 11:56:23,413] INFO: Iter 31800 Summary: 
[2025-01-09 11:56:23,413] INFO: 	 lr: 1.000000000000002e-05 	 Training loss: 0.042692397497594355
[2025-01-09 11:56:36,988] INFO: Iter 31900 Summary: 
[2025-01-09 11:56:36,988] INFO: 	 lr: 1.000000000000002e-05 	 Training loss: 0.04246012333780527
[2025-01-09 11:56:51,256] INFO: Iter 32000 Summary: 
[2025-01-09 11:56:51,256] INFO: 	 lr: 1.000000000000002e-05 	 Training loss: 0.042622421383857724
[2025-01-09 11:57:11,865] INFO: Iter 32100 Summary: 
[2025-01-09 11:57:11,865] INFO: 	 lr: 1.000000000000002e-05 	 Training loss: 0.04267807357013226
[2025-01-09 11:57:26,334] INFO: Iter 32200 Summary: 
[2025-01-09 11:57:26,335] INFO: 	 lr: 1.000000000000002e-05 	 Training loss: 0.04284493435174227
[2025-01-09 11:57:42,272] INFO: Iter 32300 Summary: 
[2025-01-09 11:57:42,272] INFO: 	 lr: 1.000000000000002e-05 	 Training loss: 0.04268586535006762
[2025-01-09 11:57:59,282] INFO: Iter 32400 Summary: 
[2025-01-09 11:57:59,282] INFO: 	 lr: 1.000000000000002e-05 	 Training loss: 0.042752507105469705
[2025-01-09 11:58:13,053] INFO: Iter 32500 Summary: 
[2025-01-09 11:58:13,053] INFO: 	 lr: 1.000000000000002e-05 	 Training loss: 0.04252585120499134
[2025-01-09 11:58:27,409] INFO: Iter 32600 Summary: 
[2025-01-09 11:58:27,410] INFO: 	 lr: 1.000000000000002e-05 	 Training loss: 0.04239925198256969
[2025-01-09 11:58:42,808] INFO: Iter 32700 Summary: 
[2025-01-09 11:58:42,808] INFO: 	 lr: 1.000000000000002e-05 	 Training loss: 0.042567919790744785
[2025-01-09 11:58:57,095] INFO: Iter 32800 Summary: 
[2025-01-09 11:58:57,096] INFO: 	 lr: 1.000000000000002e-05 	 Training loss: 0.042359737828373906
[2025-01-09 11:59:10,281] INFO: Iter 32900 Summary: 
[2025-01-09 11:59:10,281] INFO: 	 lr: 1.000000000000002e-05 	 Training loss: 0.04298077967017889
[2025-01-09 11:59:25,073] INFO: Iter 33000 Summary: 
[2025-01-09 11:59:25,074] INFO: 	 lr: 1.000000000000002e-05 	 Training loss: 0.04251811511814594
[2025-01-09 11:59:42,401] INFO: Iter 33100 Summary: 
[2025-01-09 11:59:42,401] INFO: 	 lr: 1.000000000000002e-05 	 Training loss: 0.042798330448567866
[2025-01-09 11:59:56,084] INFO: Iter 33200 Summary: 
[2025-01-09 11:59:56,085] INFO: 	 lr: 1.000000000000002e-05 	 Training loss: 0.042428816556930544
[2025-01-09 12:00:11,121] INFO: Iter 33300 Summary: 
[2025-01-09 12:00:11,121] INFO: 	 lr: 1.000000000000002e-05 	 Training loss: 0.04257495913654566
[2025-01-09 12:00:25,918] INFO: Iter 33400 Summary: 
[2025-01-09 12:00:25,918] INFO: 	 lr: 1.000000000000002e-05 	 Training loss: 0.042865851297974586
[2025-01-09 12:00:41,048] INFO: Iter 33500 Summary: 
[2025-01-09 12:00:41,048] INFO: 	 lr: 1.000000000000002e-05 	 Training loss: 0.04257661864161491
[2025-01-09 12:00:55,903] INFO: Iter 33600 Summary: 
[2025-01-09 12:00:55,904] INFO: 	 lr: 1.000000000000002e-05 	 Training loss: 0.04212239462882281
[2025-01-09 12:01:10,596] INFO: Iter 33700 Summary: 
[2025-01-09 12:01:10,596] INFO: 	 lr: 1.000000000000002e-05 	 Training loss: 0.04241302341222763
[2025-01-09 12:01:26,493] INFO: Iter 33800 Summary: 
[2025-01-09 12:01:26,494] INFO: 	 lr: 1.000000000000002e-05 	 Training loss: 0.042565984465181825
[2025-01-09 12:01:40,365] INFO: Iter 33900 Summary: 
[2025-01-09 12:01:40,366] INFO: 	 lr: 1.000000000000002e-05 	 Training loss: 0.042344881743192675
[2025-01-09 12:01:54,964] INFO: Iter 34000 Summary: 
[2025-01-09 12:01:54,964] INFO: 	 lr: 1.000000000000002e-05 	 Training loss: 0.04281863387674093
[2025-01-09 12:02:17,324] INFO: Iter 34100 Summary: 
[2025-01-09 12:02:17,325] INFO: 	 lr: 1.000000000000002e-05 	 Training loss: 0.04249622248113155
[2025-01-09 12:02:32,205] INFO: Iter 34200 Summary: 
[2025-01-09 12:02:32,205] INFO: 	 lr: 1.000000000000002e-05 	 Training loss: 0.04252842668443918
[2025-01-09 12:02:46,363] INFO: Iter 34300 Summary: 
[2025-01-09 12:02:46,364] INFO: 	 lr: 1.000000000000002e-05 	 Training loss: 0.04224248670041561
[2025-01-09 12:02:59,601] INFO: Iter 34400 Summary: 
[2025-01-09 12:02:59,601] INFO: 	 lr: 1.000000000000002e-05 	 Training loss: 0.04236840978264809
[2025-01-09 12:03:17,036] INFO: Iter 34500 Summary: 
[2025-01-09 12:03:17,036] INFO: 	 lr: 1.000000000000002e-05 	 Training loss: 0.04260151162743568
[2025-01-09 12:03:33,100] INFO: Iter 34600 Summary: 
[2025-01-09 12:03:33,100] INFO: 	 lr: 1.000000000000002e-05 	 Training loss: 0.04264272112399339
[2025-01-09 12:03:46,634] INFO: Iter 34700 Summary: 
[2025-01-09 12:03:46,634] INFO: 	 lr: 1.000000000000002e-05 	 Training loss: 0.042257569842040536
[2025-01-09 12:04:00,200] INFO: Iter 34800 Summary: 
[2025-01-09 12:04:00,200] INFO: 	 lr: 1.000000000000002e-05 	 Training loss: 0.0422905220463872
[2025-01-09 12:04:14,586] INFO: Iter 34900 Summary: 
[2025-01-09 12:04:14,586] INFO: 	 lr: 1.000000000000002e-05 	 Training loss: 0.042352227866649626
[2025-01-09 12:04:27,529] INFO: Iter 35000 Summary: 
[2025-01-09 12:04:27,529] INFO: 	 lr: 1.000000000000002e-05 	 Training loss: 0.04242415599524975
[2025-01-09 12:04:44,709] INFO: Iter 35100 Summary: 
[2025-01-09 12:04:44,709] INFO: 	 lr: 1.000000000000002e-05 	 Training loss: 0.04260682638734579
[2025-01-09 12:04:57,346] INFO: Iter 35200 Summary: 
[2025-01-09 12:04:57,347] INFO: 	 lr: 1.000000000000002e-05 	 Training loss: 0.042779434323310855
[2025-01-09 12:05:11,336] INFO: Iter 35300 Summary: 
[2025-01-09 12:05:11,336] INFO: 	 lr: 1.000000000000002e-05 	 Training loss: 0.04220387000590563
[2025-01-09 12:05:25,635] INFO: Iter 35400 Summary: 
[2025-01-09 12:05:25,635] INFO: 	 lr: 1.000000000000002e-05 	 Training loss: 0.04239646665751934
[2025-01-09 12:05:39,443] INFO: Iter 35500 Summary: 
[2025-01-09 12:05:39,443] INFO: 	 lr: 1.000000000000002e-05 	 Training loss: 0.042015878185629844
[2025-01-09 12:05:52,059] INFO: Iter 35600 Summary: 
[2025-01-09 12:05:52,059] INFO: 	 lr: 1.000000000000002e-05 	 Training loss: 0.04262234326452017
[2025-01-09 12:06:06,826] INFO: Iter 35700 Summary: 
[2025-01-09 12:06:06,827] INFO: 	 lr: 1.000000000000002e-05 	 Training loss: 0.042511185817420485
[2025-01-09 12:06:23,330] INFO: Iter 35800 Summary: 
[2025-01-09 12:06:23,330] INFO: 	 lr: 1.000000000000002e-05 	 Training loss: 0.04234818045049906
[2025-01-09 12:06:36,647] INFO: Iter 35900 Summary: 
[2025-01-09 12:06:36,647] INFO: 	 lr: 1.000000000000002e-05 	 Training loss: 0.04240343686193228
[2025-01-09 12:06:50,525] INFO: Iter 36000 Summary: 
[2025-01-09 12:06:50,526] INFO: 	 lr: 1.000000000000002e-05 	 Training loss: 0.04220701474696398
[2025-01-09 12:07:09,396] INFO: Iter 36100 Summary: 
[2025-01-09 12:07:09,396] INFO: 	 lr: 1.000000000000002e-05 	 Training loss: 0.04244256772100925
[2025-01-09 12:07:22,735] INFO: Iter 36200 Summary: 
[2025-01-09 12:07:22,735] INFO: 	 lr: 1.000000000000002e-05 	 Training loss: 0.04229618512094021
[2025-01-09 12:07:35,560] INFO: Iter 36300 Summary: 
[2025-01-09 12:07:35,560] INFO: 	 lr: 1.000000000000002e-05 	 Training loss: 0.042080937325954436
[2025-01-09 12:07:45,254] INFO: Iter 36400 Summary: 
[2025-01-09 12:07:45,254] INFO: 	 lr: 1.000000000000002e-05 	 Training loss: 0.04266601450741291
[2025-01-09 12:07:56,075] INFO: Iter 36500 Summary: 
[2025-01-09 12:07:56,076] INFO: 	 lr: 1.000000000000002e-05 	 Training loss: 0.04239409618079662
[2025-01-09 12:08:06,079] INFO: Iter 36600 Summary: 
[2025-01-09 12:08:06,079] INFO: 	 lr: 1.000000000000002e-05 	 Training loss: 0.04242304634302854
[2025-01-09 12:08:16,726] INFO: Iter 36700 Summary: 
[2025-01-09 12:08:16,727] INFO: 	 lr: 1.000000000000002e-05 	 Training loss: 0.04247088402509689
[2025-01-09 12:08:26,924] INFO: Iter 36800 Summary: 
[2025-01-09 12:08:26,925] INFO: 	 lr: 1.000000000000002e-05 	 Training loss: 0.04209155727177858
[2025-01-09 12:08:37,072] INFO: Iter 36900 Summary: 
[2025-01-09 12:08:37,073] INFO: 	 lr: 1.000000000000002e-05 	 Training loss: 0.042401480004191396
[2025-01-09 12:08:47,422] INFO: Iter 37000 Summary: 
[2025-01-09 12:08:47,422] INFO: 	 lr: 1.000000000000002e-05 	 Training loss: 0.04238960009068251
[2025-01-09 12:08:57,031] INFO: Iter 37100 Summary: 
[2025-01-09 12:08:57,031] INFO: 	 lr: 1.000000000000002e-05 	 Training loss: 0.04285234518349171
[2025-01-09 12:09:07,993] INFO: Iter 37200 Summary: 
[2025-01-09 12:09:07,994] INFO: 	 lr: 1.000000000000002e-05 	 Training loss: 0.04202361099421978
[2025-01-09 12:09:17,830] INFO: Iter 37300 Summary: 
[2025-01-09 12:09:17,830] INFO: 	 lr: 1.000000000000002e-05 	 Training loss: 0.04216777045279741
[2025-01-09 12:09:27,905] INFO: Iter 37400 Summary: 
[2025-01-09 12:09:27,906] INFO: 	 lr: 1.000000000000002e-05 	 Training loss: 0.04247164577245712
[2025-01-09 12:09:37,723] INFO: Iter 37500 Summary: 
[2025-01-09 12:09:37,723] INFO: 	 lr: 1.000000000000002e-05 	 Training loss: 0.042257733717560766
[2025-01-09 12:09:47,774] INFO: Iter 37600 Summary: 
[2025-01-09 12:09:47,774] INFO: 	 lr: 1.000000000000002e-05 	 Training loss: 0.042269395627081395
[2025-01-09 12:09:57,697] INFO: Iter 37700 Summary: 
[2025-01-09 12:09:57,697] INFO: 	 lr: 1.000000000000002e-05 	 Training loss: 0.04244631249457598
[2025-01-09 12:10:07,410] INFO: Iter 37800 Summary: 
[2025-01-09 12:10:07,410] INFO: 	 lr: 1.000000000000002e-05 	 Training loss: 0.042242791056633
[2025-01-09 12:10:18,961] INFO: Iter 37900 Summary: 
[2025-01-09 12:10:18,961] INFO: 	 lr: 1.000000000000002e-05 	 Training loss: 0.04234722714871168
[2025-01-09 12:10:28,728] INFO: Iter 38000 Summary: 
[2025-01-09 12:10:28,728] INFO: 	 lr: 1.000000000000002e-05 	 Training loss: 0.0425457950681448
[2025-01-09 12:10:42,171] INFO: Iter 38100 Summary: 
[2025-01-09 12:10:42,171] INFO: 	 lr: 1.000000000000002e-05 	 Training loss: 0.042252320945262906
[2025-01-09 12:10:51,630] INFO: Iter 38200 Summary: 
[2025-01-09 12:10:51,630] INFO: 	 lr: 1.000000000000002e-05 	 Training loss: 0.042132989391684535
[2025-01-09 12:11:01,273] INFO: Iter 38300 Summary: 
[2025-01-09 12:11:01,274] INFO: 	 lr: 1.000000000000002e-05 	 Training loss: 0.04238686945289374
[2025-01-09 12:11:11,387] INFO: Iter 38400 Summary: 
[2025-01-09 12:11:11,387] INFO: 	 lr: 1.000000000000002e-05 	 Training loss: 0.0423172215372324
[2025-01-09 12:11:21,273] INFO: Iter 38500 Summary: 
[2025-01-09 12:11:21,273] INFO: 	 lr: 1.000000000000002e-05 	 Training loss: 0.042254110351204875
[2025-01-09 12:11:33,586] INFO: Iter 38600 Summary: 
[2025-01-09 12:11:33,586] INFO: 	 lr: 1.000000000000002e-05 	 Training loss: 0.04223958346992731
[2025-01-09 12:11:43,394] INFO: Iter 38700 Summary: 
[2025-01-09 12:11:43,394] INFO: 	 lr: 1.000000000000002e-05 	 Training loss: 0.04229850336909294
[2025-01-09 12:11:52,904] INFO: Iter 38800 Summary: 
[2025-01-09 12:11:52,904] INFO: 	 lr: 1.000000000000002e-05 	 Training loss: 0.042219780012965204
[2025-01-09 12:12:02,409] INFO: Iter 38900 Summary: 
[2025-01-09 12:12:02,409] INFO: 	 lr: 1.000000000000002e-05 	 Training loss: 0.04200152825564146
[2025-01-09 12:12:11,957] INFO: Iter 39000 Summary: 
[2025-01-09 12:12:11,957] INFO: 	 lr: 1.000000000000002e-05 	 Training loss: 0.042168691977858545
[2025-01-09 12:12:21,262] INFO: Iter 39100 Summary: 
[2025-01-09 12:12:21,262] INFO: 	 lr: 1.000000000000002e-05 	 Training loss: 0.042240167260169985
[2025-01-09 12:12:31,068] INFO: Iter 39200 Summary: 
[2025-01-09 12:12:31,069] INFO: 	 lr: 1.000000000000002e-05 	 Training loss: 0.04232741221785545
[2025-01-09 12:12:42,577] INFO: Iter 39300 Summary: 
[2025-01-09 12:12:42,578] INFO: 	 lr: 1.000000000000002e-05 	 Training loss: 0.04226730972528458
[2025-01-09 12:12:52,079] INFO: Iter 39400 Summary: 
[2025-01-09 12:12:52,079] INFO: 	 lr: 1.000000000000002e-05 	 Training loss: 0.042104102708399295
[2025-01-09 12:13:01,930] INFO: Iter 39500 Summary: 
[2025-01-09 12:13:01,930] INFO: 	 lr: 1.000000000000002e-05 	 Training loss: 0.04183723598718643
[2025-01-09 12:13:12,218] INFO: Iter 39600 Summary: 
[2025-01-09 12:13:12,218] INFO: 	 lr: 1.000000000000002e-05 	 Training loss: 0.04232022080570459
[2025-01-09 12:13:22,474] INFO: Iter 39700 Summary: 
[2025-01-09 12:13:22,474] INFO: 	 lr: 1.000000000000002e-05 	 Training loss: 0.04245157524943352
[2025-01-09 12:13:31,535] INFO: Iter 39800 Summary: 
[2025-01-09 12:13:31,536] INFO: 	 lr: 1.000000000000002e-05 	 Training loss: 0.04201951779425144
[2025-01-09 12:13:41,361] INFO: Iter 39900 Summary: 
[2025-01-09 12:13:41,361] INFO: 	 lr: 1.000000000000002e-05 	 Training loss: 0.042046255879104134
[2025-01-09 12:13:53,045] INFO: Iter 40000 Summary: 
[2025-01-09 12:13:53,046] INFO: 	 lr: 1.000000000000002e-05 	 Training loss: 0.04199082441627979
