[2025-01-13 01:38:16,966] INFO: {
    "abs_dir": "/home/diwang/siMLPe/exps/baseline_h36m",
    "batch_size": 256,
    "cos_lr_max": 1e-05,
    "cos_lr_min": 5e-08,
    "cos_lr_total_iters": 40000,
    "data_aug": true,
    "deriv_input": true,
    "deriv_output": true,
    "device": "cuda:4",
    "h36m_anno_dir": "/home/diwang/siMLPe/data/h36m/",
    "link_log_file": "/home/diwang/siMLPe/exps/baseline_h36m/log/log_last.log",
    "link_val_log_file": "/home/diwang/siMLPe/exps/baseline_h36m/log/val_last.log",
    "log_dir": "/home/diwang/siMLPe/exps/baseline_h36m/log",
    "log_file": "/home/diwang/siMLPe/exps/baseline_h36m/log/log_2025_01_13_01_37_59.log",
    "model_pth": null,
    "motion": {
        "dim": 66,
        "h36m_input_length": 50,
        "h36m_input_length_dct": 50,
        "h36m_target_length": 10,
        "h36m_target_length_eval": 25,
        "h36m_target_length_train": 10
    },
    "motion_fc_in": {
        "activation": "relu",
        "in_features": 66,
        "init_w_trunc_normal": false,
        "out_features": 66,
        "temporal_fc": false,
        "with_norm": false
    },
    "motion_fc_out": {
        "activation": "relu",
        "in_features": 66,
        "init_w_trunc_normal": true,
        "out_features": 66,
        "temporal_fc": false,
        "with_norm": false
    },
    "motion_mlp": {
        "hidden_dim": 66,
        "norm_axis": "spatial",
        "num_layers": 48,
        "seq_len": 50,
        "spatial_fc_only": false,
        "with_normalization": true
    },
    "num_workers": 8,
    "post_dct": false,
    "pre_dct": false,
    "print_every": 100,
    "repo_name": "siMLPe",
    "root_dir": "/home/diwang/siMLPe",
    "save_every": 2000,
    "seed": 304,
    "shift_step": 1,
    "snapshot_dir": "/home/diwang/siMLPe/exps/baseline_h36m/log/snapshot",
    "this_dir": "baseline_h36m",
    "use_relative_loss": true,
    "val_log_file": "/home/diwang/siMLPe/exps/baseline_h36m/log/val_2025_01_13_01_37_59.log",
    "weight_decay": 0.0001
}
[2025-01-13 01:38:26,915] INFO: Iter 100 Summary: 
[2025-01-13 01:38:26,916] INFO: 	 lr: 0.00030000000000000073 	 Training loss: 0.08679628878831863
[2025-01-13 01:38:34,282] INFO: Iter 200 Summary: 
[2025-01-13 01:38:34,282] INFO: 	 lr: 0.00030000000000000073 	 Training loss: 0.07489596679806709
[2025-01-13 01:38:41,346] INFO: Iter 300 Summary: 
[2025-01-13 01:38:41,347] INFO: 	 lr: 0.00030000000000000073 	 Training loss: 0.07252771496772766
[2025-01-13 01:38:48,364] INFO: Iter 400 Summary: 
[2025-01-13 01:38:48,364] INFO: 	 lr: 0.00030000000000000073 	 Training loss: 0.06706346690654755
[2025-01-13 01:38:55,379] INFO: Iter 500 Summary: 
[2025-01-13 01:38:55,379] INFO: 	 lr: 0.00030000000000000073 	 Training loss: 0.06190049596130848
[2025-01-13 01:39:02,376] INFO: Iter 600 Summary: 
[2025-01-13 01:39:02,376] INFO: 	 lr: 0.00030000000000000073 	 Training loss: 0.059833624921739104
[2025-01-13 01:39:10,772] INFO: Iter 700 Summary: 
[2025-01-13 01:39:10,772] INFO: 	 lr: 0.00030000000000000073 	 Training loss: 0.05860781475901604
[2025-01-13 01:39:17,856] INFO: Iter 800 Summary: 
[2025-01-13 01:39:17,857] INFO: 	 lr: 0.00030000000000000073 	 Training loss: 0.05800722308456898
[2025-01-13 01:39:25,019] INFO: Iter 900 Summary: 
[2025-01-13 01:39:25,019] INFO: 	 lr: 0.00030000000000000073 	 Training loss: 0.056889277137815955
[2025-01-13 01:39:32,131] INFO: Iter 1000 Summary: 
[2025-01-13 01:39:32,131] INFO: 	 lr: 0.00030000000000000073 	 Training loss: 0.056656546629965304
[2025-01-13 01:39:39,217] INFO: Iter 1100 Summary: 
[2025-01-13 01:39:39,217] INFO: 	 lr: 0.00030000000000000073 	 Training loss: 0.05571623247116804
[2025-01-13 01:39:46,251] INFO: Iter 1200 Summary: 
[2025-01-13 01:39:46,252] INFO: 	 lr: 0.00030000000000000073 	 Training loss: 0.05457290548831224
[2025-01-13 01:39:53,300] INFO: Iter 1300 Summary: 
[2025-01-13 01:39:53,301] INFO: 	 lr: 0.00030000000000000073 	 Training loss: 0.0544920963421464
[2025-01-13 01:40:01,507] INFO: Iter 1400 Summary: 
[2025-01-13 01:40:01,507] INFO: 	 lr: 0.00030000000000000073 	 Training loss: 0.05425254289060831
[2025-01-13 01:40:08,578] INFO: Iter 1500 Summary: 
[2025-01-13 01:40:08,578] INFO: 	 lr: 0.00030000000000000073 	 Training loss: 0.053829943574965
[2025-01-13 01:40:15,630] INFO: Iter 1600 Summary: 
[2025-01-13 01:40:15,630] INFO: 	 lr: 0.00030000000000000073 	 Training loss: 0.05324860859662294
[2025-01-13 01:40:22,724] INFO: Iter 1700 Summary: 
[2025-01-13 01:40:22,724] INFO: 	 lr: 0.00030000000000000073 	 Training loss: 0.053056271709501744
[2025-01-13 01:40:29,745] INFO: Iter 1800 Summary: 
[2025-01-13 01:40:29,745] INFO: 	 lr: 0.00030000000000000073 	 Training loss: 0.052485285364091395
[2025-01-13 01:40:36,734] INFO: Iter 1900 Summary: 
[2025-01-13 01:40:36,734] INFO: 	 lr: 0.00030000000000000073 	 Training loss: 0.05252514731138944
[2025-01-13 01:40:43,802] INFO: Iter 2000 Summary: 
[2025-01-13 01:40:43,802] INFO: 	 lr: 0.00030000000000000073 	 Training loss: 0.0517950689420104
[2025-01-13 01:40:54,220] INFO: Iter 2100 Summary: 
[2025-01-13 01:40:54,221] INFO: 	 lr: 0.00030000000000000073 	 Training loss: 0.05187539421021938
[2025-01-13 01:41:01,272] INFO: Iter 2200 Summary: 
[2025-01-13 01:41:01,272] INFO: 	 lr: 0.00030000000000000073 	 Training loss: 0.05135543916374445
[2025-01-13 01:41:08,408] INFO: Iter 2300 Summary: 
[2025-01-13 01:41:08,408] INFO: 	 lr: 0.00030000000000000073 	 Training loss: 0.051315120942890646
[2025-01-13 01:41:15,472] INFO: Iter 2400 Summary: 
[2025-01-13 01:41:15,472] INFO: 	 lr: 0.00030000000000000073 	 Training loss: 0.05094017397612333
[2025-01-13 01:41:22,504] INFO: Iter 2500 Summary: 
[2025-01-13 01:41:22,504] INFO: 	 lr: 0.00030000000000000073 	 Training loss: 0.050907330811023714
[2025-01-13 01:41:29,583] INFO: Iter 2600 Summary: 
[2025-01-13 01:41:29,583] INFO: 	 lr: 0.00030000000000000073 	 Training loss: 0.05122602615505457
[2025-01-13 01:41:36,627] INFO: Iter 2700 Summary: 
[2025-01-13 01:41:36,627] INFO: 	 lr: 0.00030000000000000073 	 Training loss: 0.05063529998064041
[2025-01-13 01:41:44,945] INFO: Iter 2800 Summary: 
[2025-01-13 01:41:44,946] INFO: 	 lr: 0.00030000000000000073 	 Training loss: 0.04997809991240501
[2025-01-13 01:41:52,107] INFO: Iter 2900 Summary: 
[2025-01-13 01:41:52,108] INFO: 	 lr: 0.00030000000000000073 	 Training loss: 0.049909783639013765
[2025-01-13 01:41:59,218] INFO: Iter 3000 Summary: 
[2025-01-13 01:41:59,219] INFO: 	 lr: 0.00030000000000000073 	 Training loss: 0.05011048976331949
[2025-01-13 01:42:06,090] INFO: Iter 3100 Summary: 
[2025-01-13 01:42:06,090] INFO: 	 lr: 0.00030000000000000073 	 Training loss: 0.049837418906390665
[2025-01-13 01:42:13,241] INFO: Iter 3200 Summary: 
[2025-01-13 01:42:13,242] INFO: 	 lr: 0.00030000000000000073 	 Training loss: 0.0498047811165452
[2025-01-13 01:42:20,407] INFO: Iter 3300 Summary: 
[2025-01-13 01:42:20,407] INFO: 	 lr: 0.00030000000000000073 	 Training loss: 0.0494921226426959
[2025-01-13 01:42:27,449] INFO: Iter 3400 Summary: 
[2025-01-13 01:42:27,449] INFO: 	 lr: 0.00030000000000000073 	 Training loss: 0.04983728777617216
[2025-01-13 01:42:35,711] INFO: Iter 3500 Summary: 
[2025-01-13 01:42:35,712] INFO: 	 lr: 0.00030000000000000073 	 Training loss: 0.0496568850800395
[2025-01-13 01:42:42,634] INFO: Iter 3600 Summary: 
[2025-01-13 01:42:42,634] INFO: 	 lr: 0.00030000000000000073 	 Training loss: 0.04952896226197481
[2025-01-13 01:42:49,712] INFO: Iter 3700 Summary: 
[2025-01-13 01:42:49,712] INFO: 	 lr: 0.00030000000000000073 	 Training loss: 0.04884324856102466
[2025-01-13 01:42:56,782] INFO: Iter 3800 Summary: 
[2025-01-13 01:42:56,782] INFO: 	 lr: 0.00030000000000000073 	 Training loss: 0.04863555870950222
[2025-01-13 01:43:03,834] INFO: Iter 3900 Summary: 
[2025-01-13 01:43:03,834] INFO: 	 lr: 0.00030000000000000073 	 Training loss: 0.04856968991458416
[2025-01-13 01:43:11,015] INFO: Iter 4000 Summary: 
[2025-01-13 01:43:11,015] INFO: 	 lr: 0.00030000000000000073 	 Training loss: 0.049267388842999936
[2025-01-13 01:43:20,658] INFO: Iter 4100 Summary: 
[2025-01-13 01:43:20,658] INFO: 	 lr: 0.00030000000000000073 	 Training loss: 0.04903473064303398
[2025-01-13 01:43:29,004] INFO: Iter 4200 Summary: 
[2025-01-13 01:43:29,005] INFO: 	 lr: 0.00030000000000000073 	 Training loss: 0.048396863155066965
[2025-01-13 01:43:36,196] INFO: Iter 4300 Summary: 
[2025-01-13 01:43:36,196] INFO: 	 lr: 0.00030000000000000073 	 Training loss: 0.04873150628060102
[2025-01-13 01:43:43,266] INFO: Iter 4400 Summary: 
[2025-01-13 01:43:43,266] INFO: 	 lr: 0.00030000000000000073 	 Training loss: 0.04836939021945
[2025-01-13 01:43:50,297] INFO: Iter 4500 Summary: 
[2025-01-13 01:43:50,297] INFO: 	 lr: 0.00030000000000000073 	 Training loss: 0.04810376834124327
[2025-01-13 01:43:57,247] INFO: Iter 4600 Summary: 
[2025-01-13 01:43:57,247] INFO: 	 lr: 0.00030000000000000073 	 Training loss: 0.048146726600825786
[2025-01-13 01:44:04,389] INFO: Iter 4700 Summary: 
[2025-01-13 01:44:04,389] INFO: 	 lr: 0.00030000000000000073 	 Training loss: 0.047739852890372275
[2025-01-13 01:44:12,021] INFO: Iter 4800 Summary: 
[2025-01-13 01:44:12,021] INFO: 	 lr: 0.00030000000000000073 	 Training loss: 0.04796757947653532
[2025-01-13 01:44:25,126] INFO: Iter 4900 Summary: 
[2025-01-13 01:44:25,127] INFO: 	 lr: 0.00030000000000000073 	 Training loss: 0.0476164535433054
[2025-01-13 01:44:35,864] INFO: Iter 5000 Summary: 
[2025-01-13 01:44:35,864] INFO: 	 lr: 0.00030000000000000073 	 Training loss: 0.04822060700505972
[2025-01-13 01:44:45,618] INFO: Iter 5100 Summary: 
[2025-01-13 01:44:45,618] INFO: 	 lr: 0.00030000000000000073 	 Training loss: 0.04771836385130882
[2025-01-13 01:44:56,618] INFO: Iter 5200 Summary: 
[2025-01-13 01:44:56,618] INFO: 	 lr: 0.00030000000000000073 	 Training loss: 0.047539463602006435
[2025-01-13 01:45:07,265] INFO: Iter 5300 Summary: 
[2025-01-13 01:45:07,266] INFO: 	 lr: 0.00030000000000000073 	 Training loss: 0.047606039717793466
[2025-01-13 01:45:18,942] INFO: Iter 5400 Summary: 
[2025-01-13 01:45:18,942] INFO: 	 lr: 0.00030000000000000073 	 Training loss: 0.04708047848194838
[2025-01-13 01:45:28,999] INFO: Iter 5500 Summary: 
[2025-01-13 01:45:28,999] INFO: 	 lr: 0.00030000000000000073 	 Training loss: 0.04721477434039116
[2025-01-13 01:45:41,040] INFO: Iter 5600 Summary: 
[2025-01-13 01:45:41,041] INFO: 	 lr: 0.00030000000000000073 	 Training loss: 0.04713404096662998
[2025-01-13 01:45:50,892] INFO: Iter 5700 Summary: 
[2025-01-13 01:45:50,892] INFO: 	 lr: 0.00030000000000000073 	 Training loss: 0.04679967124015093
[2025-01-13 01:46:01,404] INFO: Iter 5800 Summary: 
[2025-01-13 01:46:01,404] INFO: 	 lr: 0.00030000000000000073 	 Training loss: 0.0469832406565547
[2025-01-13 01:46:11,951] INFO: Iter 5900 Summary: 
[2025-01-13 01:46:11,951] INFO: 	 lr: 0.00030000000000000073 	 Training loss: 0.04675923578441143
[2025-01-13 01:46:22,967] INFO: Iter 6000 Summary: 
[2025-01-13 01:46:22,967] INFO: 	 lr: 0.00030000000000000073 	 Training loss: 0.046789430193603036
[2025-01-13 01:46:37,603] INFO: Iter 6100 Summary: 
[2025-01-13 01:46:37,604] INFO: 	 lr: 0.00030000000000000073 	 Training loss: 0.046691512428224086
[2025-01-13 01:46:49,614] INFO: Iter 6200 Summary: 
[2025-01-13 01:46:49,615] INFO: 	 lr: 0.00030000000000000073 	 Training loss: 0.04660067107528448
[2025-01-13 01:47:00,013] INFO: Iter 6300 Summary: 
[2025-01-13 01:47:00,013] INFO: 	 lr: 0.00030000000000000073 	 Training loss: 0.046247997395694254
[2025-01-13 01:47:10,282] INFO: Iter 6400 Summary: 
[2025-01-13 01:47:10,282] INFO: 	 lr: 0.00030000000000000073 	 Training loss: 0.046317369192838666
[2025-01-13 01:47:21,108] INFO: Iter 6500 Summary: 
[2025-01-13 01:47:21,108] INFO: 	 lr: 0.00030000000000000073 	 Training loss: 0.046125179566442964
[2025-01-13 01:47:31,573] INFO: Iter 6600 Summary: 
[2025-01-13 01:47:31,573] INFO: 	 lr: 0.00030000000000000073 	 Training loss: 0.046296607293188574
[2025-01-13 01:47:41,159] INFO: Iter 6700 Summary: 
[2025-01-13 01:47:41,159] INFO: 	 lr: 0.00030000000000000073 	 Training loss: 0.04588148806244135
[2025-01-13 01:47:51,904] INFO: Iter 6800 Summary: 
[2025-01-13 01:47:51,904] INFO: 	 lr: 0.00030000000000000073 	 Training loss: 0.045811485163867474
[2025-01-13 01:48:04,440] INFO: Iter 6900 Summary: 
[2025-01-13 01:48:04,441] INFO: 	 lr: 0.00030000000000000073 	 Training loss: 0.045862959623336794
[2025-01-13 01:48:15,879] INFO: Iter 7000 Summary: 
[2025-01-13 01:48:15,879] INFO: 	 lr: 0.00030000000000000073 	 Training loss: 0.04608904704451561
[2025-01-13 01:48:26,961] INFO: Iter 7100 Summary: 
[2025-01-13 01:48:26,962] INFO: 	 lr: 0.00030000000000000073 	 Training loss: 0.04555715002119541
[2025-01-13 01:48:38,872] INFO: Iter 7200 Summary: 
[2025-01-13 01:48:38,872] INFO: 	 lr: 0.00030000000000000073 	 Training loss: 0.04555270291864872
[2025-01-13 01:48:48,873] INFO: Iter 7300 Summary: 
[2025-01-13 01:48:48,873] INFO: 	 lr: 0.00030000000000000073 	 Training loss: 0.04538909565657377
[2025-01-13 01:48:58,416] INFO: Iter 7400 Summary: 
[2025-01-13 01:48:58,416] INFO: 	 lr: 0.00030000000000000073 	 Training loss: 0.04543830294162035
[2025-01-13 01:49:08,052] INFO: Iter 7500 Summary: 
[2025-01-13 01:49:08,052] INFO: 	 lr: 0.00030000000000000073 	 Training loss: 0.045264938995242116
[2025-01-13 01:49:20,596] INFO: Iter 7600 Summary: 
[2025-01-13 01:49:20,597] INFO: 	 lr: 0.00030000000000000073 	 Training loss: 0.045459455028176304
[2025-01-13 01:49:31,504] INFO: Iter 7700 Summary: 
[2025-01-13 01:49:31,505] INFO: 	 lr: 0.00030000000000000073 	 Training loss: 0.04514168251305819
[2025-01-13 01:49:42,533] INFO: Iter 7800 Summary: 
[2025-01-13 01:49:42,533] INFO: 	 lr: 0.00030000000000000073 	 Training loss: 0.04454179149121046
[2025-01-13 01:49:54,030] INFO: Iter 7900 Summary: 
[2025-01-13 01:49:54,030] INFO: 	 lr: 0.00030000000000000073 	 Training loss: 0.04484967216849327
[2025-01-13 01:50:04,898] INFO: Iter 8000 Summary: 
[2025-01-13 01:50:04,898] INFO: 	 lr: 0.00030000000000000073 	 Training loss: 0.04509901713579893
[2025-01-13 01:50:18,753] INFO: Iter 8100 Summary: 
[2025-01-13 01:50:18,753] INFO: 	 lr: 0.00030000000000000073 	 Training loss: 0.04506617113947868
[2025-01-13 01:50:29,317] INFO: Iter 8200 Summary: 
[2025-01-13 01:50:29,317] INFO: 	 lr: 0.00030000000000000073 	 Training loss: 0.04499616224318743
[2025-01-13 01:50:40,932] INFO: Iter 8300 Summary: 
[2025-01-13 01:50:40,933] INFO: 	 lr: 0.00030000000000000073 	 Training loss: 0.04514677751809359
[2025-01-13 01:50:52,428] INFO: Iter 8400 Summary: 
[2025-01-13 01:50:52,428] INFO: 	 lr: 0.00030000000000000073 	 Training loss: 0.04469374593347311
[2025-01-13 01:51:02,351] INFO: Iter 8500 Summary: 
[2025-01-13 01:51:02,352] INFO: 	 lr: 0.00030000000000000073 	 Training loss: 0.044871722869575026
[2025-01-13 01:51:12,872] INFO: Iter 8600 Summary: 
[2025-01-13 01:51:12,872] INFO: 	 lr: 0.00030000000000000073 	 Training loss: 0.04443028409034014
[2025-01-13 01:51:23,985] INFO: Iter 8700 Summary: 
[2025-01-13 01:51:23,985] INFO: 	 lr: 0.00030000000000000073 	 Training loss: 0.04464916411787272
[2025-01-13 01:51:34,523] INFO: Iter 8800 Summary: 
[2025-01-13 01:51:34,523] INFO: 	 lr: 0.00030000000000000073 	 Training loss: 0.04477898344397545
[2025-01-13 01:51:44,867] INFO: Iter 8900 Summary: 
[2025-01-13 01:51:44,867] INFO: 	 lr: 0.00030000000000000073 	 Training loss: 0.04413968410342932
[2025-01-13 01:51:57,034] INFO: Iter 9000 Summary: 
[2025-01-13 01:51:57,035] INFO: 	 lr: 0.00030000000000000073 	 Training loss: 0.04422477137297392
[2025-01-13 01:52:07,935] INFO: Iter 9100 Summary: 
[2025-01-13 01:52:07,936] INFO: 	 lr: 0.00030000000000000073 	 Training loss: 0.044620436020195484
[2025-01-13 01:52:18,528] INFO: Iter 9200 Summary: 
[2025-01-13 01:52:18,528] INFO: 	 lr: 0.00030000000000000073 	 Training loss: 0.04436949949711561
[2025-01-13 01:52:28,820] INFO: Iter 9300 Summary: 
[2025-01-13 01:52:28,820] INFO: 	 lr: 0.00030000000000000073 	 Training loss: 0.044408808387815954
[2025-01-13 01:52:39,307] INFO: Iter 9400 Summary: 
[2025-01-13 01:52:39,307] INFO: 	 lr: 0.00030000000000000073 	 Training loss: 0.04390871606767178
[2025-01-13 01:52:50,071] INFO: Iter 9500 Summary: 
[2025-01-13 01:52:50,072] INFO: 	 lr: 0.00030000000000000073 	 Training loss: 0.04433496832847595
[2025-01-13 01:53:00,567] INFO: Iter 9600 Summary: 
[2025-01-13 01:53:00,567] INFO: 	 lr: 0.00030000000000000073 	 Training loss: 0.044248878806829456
[2025-01-13 01:53:13,340] INFO: Iter 9700 Summary: 
[2025-01-13 01:53:13,341] INFO: 	 lr: 0.00030000000000000073 	 Training loss: 0.04408236358314752
[2025-01-13 01:53:23,768] INFO: Iter 9800 Summary: 
[2025-01-13 01:53:23,768] INFO: 	 lr: 0.00030000000000000073 	 Training loss: 0.04407919269055128
[2025-01-13 01:53:33,451] INFO: Iter 9900 Summary: 
[2025-01-13 01:53:33,451] INFO: 	 lr: 0.00030000000000000073 	 Training loss: 0.043911147005856035
[2025-01-13 01:53:44,086] INFO: Iter 10000 Summary: 
[2025-01-13 01:53:44,086] INFO: 	 lr: 0.00030000000000000073 	 Training loss: 0.04393559258431196
[2025-01-13 01:53:58,238] INFO: Iter 10100 Summary: 
[2025-01-13 01:53:58,239] INFO: 	 lr: 0.00030000000000000073 	 Training loss: 0.0443112850934267
[2025-01-13 01:54:09,645] INFO: Iter 10200 Summary: 
[2025-01-13 01:54:09,645] INFO: 	 lr: 0.00030000000000000073 	 Training loss: 0.043346630893647674
[2025-01-13 01:54:20,672] INFO: Iter 10300 Summary: 
[2025-01-13 01:54:20,672] INFO: 	 lr: 0.00030000000000000073 	 Training loss: 0.04399873752146959
[2025-01-13 01:54:32,745] INFO: Iter 10400 Summary: 
[2025-01-13 01:54:32,746] INFO: 	 lr: 0.00030000000000000073 	 Training loss: 0.04362780749797821
[2025-01-13 01:54:43,369] INFO: Iter 10500 Summary: 
[2025-01-13 01:54:43,370] INFO: 	 lr: 0.00030000000000000073 	 Training loss: 0.04406641982495785
[2025-01-13 01:54:54,564] INFO: Iter 10600 Summary: 
[2025-01-13 01:54:54,565] INFO: 	 lr: 0.00030000000000000073 	 Training loss: 0.04358759388327599
[2025-01-13 01:55:05,065] INFO: Iter 10700 Summary: 
[2025-01-13 01:55:05,065] INFO: 	 lr: 0.00030000000000000073 	 Training loss: 0.04362649824470281
[2025-01-13 01:55:17,613] INFO: Iter 10800 Summary: 
[2025-01-13 01:55:17,613] INFO: 	 lr: 0.00030000000000000073 	 Training loss: 0.0436550772190094
[2025-01-13 01:55:30,654] INFO: Iter 10900 Summary: 
[2025-01-13 01:55:30,654] INFO: 	 lr: 0.00030000000000000073 	 Training loss: 0.04368841726332903
[2025-01-13 01:55:42,781] INFO: Iter 11000 Summary: 
[2025-01-13 01:55:42,781] INFO: 	 lr: 0.00030000000000000073 	 Training loss: 0.043475234657526014
[2025-01-13 01:55:57,714] INFO: Iter 11100 Summary: 
[2025-01-13 01:55:57,715] INFO: 	 lr: 0.00030000000000000073 	 Training loss: 0.04347612611949444
[2025-01-13 01:56:10,468] INFO: Iter 11200 Summary: 
[2025-01-13 01:56:10,468] INFO: 	 lr: 0.00030000000000000073 	 Training loss: 0.0434399413317442
[2025-01-13 01:56:24,087] INFO: Iter 11300 Summary: 
[2025-01-13 01:56:24,087] INFO: 	 lr: 0.00030000000000000073 	 Training loss: 0.04351018451154232
[2025-01-13 01:56:37,459] INFO: Iter 11400 Summary: 
[2025-01-13 01:56:37,459] INFO: 	 lr: 0.00030000000000000073 	 Training loss: 0.04327896133065224
[2025-01-13 01:56:49,996] INFO: Iter 11500 Summary: 
[2025-01-13 01:56:49,996] INFO: 	 lr: 0.00030000000000000073 	 Training loss: 0.043713911212980745
[2025-01-13 01:57:01,762] INFO: Iter 11600 Summary: 
[2025-01-13 01:57:01,762] INFO: 	 lr: 0.00030000000000000073 	 Training loss: 0.04317795667797327
[2025-01-13 01:57:12,178] INFO: Iter 11700 Summary: 
[2025-01-13 01:57:12,179] INFO: 	 lr: 0.00030000000000000073 	 Training loss: 0.04298635363578796
[2025-01-13 01:57:23,313] INFO: Iter 11800 Summary: 
[2025-01-13 01:57:23,313] INFO: 	 lr: 0.00030000000000000073 	 Training loss: 0.04303752847015858
[2025-01-13 01:57:36,009] INFO: Iter 11900 Summary: 
[2025-01-13 01:57:36,009] INFO: 	 lr: 0.00030000000000000073 	 Training loss: 0.04309298221021891
[2025-01-13 01:57:48,187] INFO: Iter 12000 Summary: 
[2025-01-13 01:57:48,187] INFO: 	 lr: 0.00030000000000000073 	 Training loss: 0.043227320201694966
[2025-01-13 01:58:08,133] INFO: Iter 12100 Summary: 
[2025-01-13 01:58:08,133] INFO: 	 lr: 0.00030000000000000073 	 Training loss: 0.0434868697449565
[2025-01-13 01:58:21,274] INFO: Iter 12200 Summary: 
[2025-01-13 01:58:21,274] INFO: 	 lr: 0.00030000000000000073 	 Training loss: 0.043242425583302976
[2025-01-13 01:58:34,324] INFO: Iter 12300 Summary: 
[2025-01-13 01:58:34,324] INFO: 	 lr: 0.00030000000000000073 	 Training loss: 0.04296444199979305
[2025-01-13 01:58:48,189] INFO: Iter 12400 Summary: 
[2025-01-13 01:58:48,189] INFO: 	 lr: 0.00030000000000000073 	 Training loss: 0.04341092318296433
[2025-01-13 01:59:01,279] INFO: Iter 12500 Summary: 
[2025-01-13 01:59:01,279] INFO: 	 lr: 0.00030000000000000073 	 Training loss: 0.042776060178875926
[2025-01-13 01:59:14,444] INFO: Iter 12600 Summary: 
[2025-01-13 01:59:14,445] INFO: 	 lr: 0.00030000000000000073 	 Training loss: 0.04297889351844788
[2025-01-13 01:59:27,146] INFO: Iter 12700 Summary: 
[2025-01-13 01:59:27,146] INFO: 	 lr: 0.00030000000000000073 	 Training loss: 0.04324725497514009
[2025-01-13 01:59:38,541] INFO: Iter 12800 Summary: 
[2025-01-13 01:59:38,541] INFO: 	 lr: 0.00030000000000000073 	 Training loss: 0.04325989585369825
[2025-01-13 01:59:51,701] INFO: Iter 12900 Summary: 
[2025-01-13 01:59:51,701] INFO: 	 lr: 0.00030000000000000073 	 Training loss: 0.04279361814260483
[2025-01-13 02:00:04,768] INFO: Iter 13000 Summary: 
[2025-01-13 02:00:04,768] INFO: 	 lr: 0.00030000000000000073 	 Training loss: 0.04301186915487051
[2025-01-13 02:00:18,000] INFO: Iter 13100 Summary: 
[2025-01-13 02:00:18,001] INFO: 	 lr: 0.00030000000000000073 	 Training loss: 0.04322605255991221
[2025-01-13 02:00:30,761] INFO: Iter 13200 Summary: 
[2025-01-13 02:00:30,761] INFO: 	 lr: 0.00030000000000000073 	 Training loss: 0.04269542571157217
[2025-01-13 02:00:40,752] INFO: Iter 13300 Summary: 
[2025-01-13 02:00:40,752] INFO: 	 lr: 0.00030000000000000073 	 Training loss: 0.04286686841398477
[2025-01-13 02:00:54,289] INFO: Iter 13400 Summary: 
[2025-01-13 02:00:54,289] INFO: 	 lr: 0.00030000000000000073 	 Training loss: 0.04293847661465407
[2025-01-13 02:01:06,733] INFO: Iter 13500 Summary: 
[2025-01-13 02:01:06,733] INFO: 	 lr: 0.00030000000000000073 	 Training loss: 0.04275250721722841
[2025-01-13 02:01:19,797] INFO: Iter 13600 Summary: 
[2025-01-13 02:01:19,798] INFO: 	 lr: 0.00030000000000000073 	 Training loss: 0.04293766498565674
[2025-01-13 02:01:32,007] INFO: Iter 13700 Summary: 
[2025-01-13 02:01:32,007] INFO: 	 lr: 0.00030000000000000073 	 Training loss: 0.04268729023635388
[2025-01-13 02:01:47,283] INFO: Iter 13800 Summary: 
[2025-01-13 02:01:47,284] INFO: 	 lr: 0.00030000000000000073 	 Training loss: 0.04276070088148117
[2025-01-13 02:02:01,229] INFO: Iter 13900 Summary: 
[2025-01-13 02:02:01,230] INFO: 	 lr: 0.00030000000000000073 	 Training loss: 0.04271752711385488
[2025-01-13 02:02:14,438] INFO: Iter 14000 Summary: 
[2025-01-13 02:02:14,438] INFO: 	 lr: 0.00030000000000000073 	 Training loss: 0.04255346596240997
[2025-01-13 02:02:31,676] INFO: Iter 14100 Summary: 
[2025-01-13 02:02:31,676] INFO: 	 lr: 0.00030000000000000073 	 Training loss: 0.04232645038515329
[2025-01-13 02:02:44,462] INFO: Iter 14200 Summary: 
[2025-01-13 02:02:44,462] INFO: 	 lr: 0.00030000000000000073 	 Training loss: 0.0425070534273982
[2025-01-13 02:02:56,414] INFO: Iter 14300 Summary: 
[2025-01-13 02:02:56,414] INFO: 	 lr: 0.00030000000000000073 	 Training loss: 0.04262643177062273
[2025-01-13 02:03:09,323] INFO: Iter 14400 Summary: 
[2025-01-13 02:03:09,323] INFO: 	 lr: 0.00030000000000000073 	 Training loss: 0.04279334526509047
[2025-01-13 02:03:24,433] INFO: Iter 14500 Summary: 
[2025-01-13 02:03:24,434] INFO: 	 lr: 0.00030000000000000073 	 Training loss: 0.04231389876455069
[2025-01-13 02:03:36,142] INFO: Iter 14600 Summary: 
[2025-01-13 02:03:36,143] INFO: 	 lr: 0.00030000000000000073 	 Training loss: 0.042466902546584605
[2025-01-13 02:03:49,394] INFO: Iter 14700 Summary: 
[2025-01-13 02:03:49,394] INFO: 	 lr: 0.00030000000000000073 	 Training loss: 0.04227497171610594
[2025-01-13 02:04:01,431] INFO: Iter 14800 Summary: 
[2025-01-13 02:04:01,431] INFO: 	 lr: 0.00030000000000000073 	 Training loss: 0.042312086708843705
[2025-01-13 02:04:12,158] INFO: Iter 14900 Summary: 
[2025-01-13 02:04:12,158] INFO: 	 lr: 0.00030000000000000073 	 Training loss: 0.04227496653795242
[2025-01-13 02:04:25,040] INFO: Iter 15000 Summary: 
[2025-01-13 02:04:25,040] INFO: 	 lr: 0.00030000000000000073 	 Training loss: 0.04245452430099249
[2025-01-13 02:04:38,773] INFO: Iter 15100 Summary: 
[2025-01-13 02:04:38,773] INFO: 	 lr: 0.00030000000000000073 	 Training loss: 0.04255947407335043
[2025-01-13 02:04:53,536] INFO: Iter 15200 Summary: 
[2025-01-13 02:04:53,537] INFO: 	 lr: 0.00030000000000000073 	 Training loss: 0.04224404167383909
[2025-01-13 02:05:08,740] INFO: Iter 15300 Summary: 
[2025-01-13 02:05:08,740] INFO: 	 lr: 0.00030000000000000073 	 Training loss: 0.04251038312911987
[2025-01-13 02:05:23,801] INFO: Iter 15400 Summary: 
[2025-01-13 02:05:23,802] INFO: 	 lr: 0.00030000000000000073 	 Training loss: 0.04225790098309517
[2025-01-13 02:05:37,164] INFO: Iter 15500 Summary: 
[2025-01-13 02:05:37,164] INFO: 	 lr: 0.00030000000000000073 	 Training loss: 0.042437846660614016
[2025-01-13 02:05:53,472] INFO: Iter 15600 Summary: 
[2025-01-13 02:05:53,472] INFO: 	 lr: 0.00030000000000000073 	 Training loss: 0.04222455326467753
[2025-01-13 02:06:08,890] INFO: Iter 15700 Summary: 
[2025-01-13 02:06:08,890] INFO: 	 lr: 0.00030000000000000073 	 Training loss: 0.04238082345575094
[2025-01-13 02:06:23,596] INFO: Iter 15800 Summary: 
[2025-01-13 02:06:23,596] INFO: 	 lr: 0.00030000000000000073 	 Training loss: 0.04222527775913477
[2025-01-13 02:06:42,089] INFO: Iter 15900 Summary: 
[2025-01-13 02:06:42,226] INFO: 	 lr: 0.00030000000000000073 	 Training loss: 0.0420118173956871
[2025-01-13 02:06:55,924] INFO: Iter 16000 Summary: 
[2025-01-13 02:06:55,924] INFO: 	 lr: 0.00030000000000000073 	 Training loss: 0.0421287976950407
[2025-01-13 02:07:15,580] INFO: Iter 16100 Summary: 
[2025-01-13 02:07:15,581] INFO: 	 lr: 0.00030000000000000073 	 Training loss: 0.042386765405535695
[2025-01-13 02:07:31,735] INFO: Iter 16200 Summary: 
[2025-01-13 02:07:31,736] INFO: 	 lr: 0.00030000000000000073 	 Training loss: 0.04200696907937527
[2025-01-13 02:07:47,096] INFO: Iter 16300 Summary: 
[2025-01-13 02:07:47,096] INFO: 	 lr: 0.00030000000000000073 	 Training loss: 0.04217117235064507
[2025-01-13 02:08:02,446] INFO: Iter 16400 Summary: 
[2025-01-13 02:08:02,446] INFO: 	 lr: 0.00030000000000000073 	 Training loss: 0.041705368980765344
[2025-01-13 02:08:16,835] INFO: Iter 16500 Summary: 
[2025-01-13 02:08:16,835] INFO: 	 lr: 0.00030000000000000073 	 Training loss: 0.04215567853301763
[2025-01-13 02:08:37,601] INFO: Iter 16600 Summary: 
[2025-01-13 02:08:37,602] INFO: 	 lr: 0.00030000000000000073 	 Training loss: 0.04166583601385355
[2025-01-13 02:08:53,241] INFO: Iter 16700 Summary: 
[2025-01-13 02:08:53,241] INFO: 	 lr: 0.00030000000000000073 	 Training loss: 0.04191652290523052
[2025-01-13 02:09:08,769] INFO: Iter 16800 Summary: 
[2025-01-13 02:09:08,770] INFO: 	 lr: 0.00030000000000000073 	 Training loss: 0.04207899533212185
[2025-01-13 02:09:22,934] INFO: Iter 16900 Summary: 
[2025-01-13 02:09:22,934] INFO: 	 lr: 0.00030000000000000073 	 Training loss: 0.04209529235959053
[2025-01-13 02:09:37,119] INFO: Iter 17000 Summary: 
[2025-01-13 02:09:37,119] INFO: 	 lr: 0.00030000000000000073 	 Training loss: 0.042363890558481214
[2025-01-13 02:09:51,304] INFO: Iter 17100 Summary: 
[2025-01-13 02:09:51,304] INFO: 	 lr: 0.00030000000000000073 	 Training loss: 0.04208831086754799
[2025-01-13 02:10:03,355] INFO: Iter 17200 Summary: 
[2025-01-13 02:10:03,355] INFO: 	 lr: 0.00030000000000000073 	 Training loss: 0.042109887860715386
[2025-01-13 02:10:20,667] INFO: Iter 17300 Summary: 
[2025-01-13 02:10:20,668] INFO: 	 lr: 0.00030000000000000073 	 Training loss: 0.041973136998713016
[2025-01-13 02:10:34,743] INFO: Iter 17400 Summary: 
[2025-01-13 02:10:34,743] INFO: 	 lr: 0.00030000000000000073 	 Training loss: 0.0420150252059102
[2025-01-13 02:10:49,887] INFO: Iter 17500 Summary: 
[2025-01-13 02:10:49,887] INFO: 	 lr: 0.00030000000000000073 	 Training loss: 0.04176582898944616
[2025-01-13 02:11:05,029] INFO: Iter 17600 Summary: 
[2025-01-13 02:11:05,029] INFO: 	 lr: 0.00030000000000000073 	 Training loss: 0.04152219161391258
[2025-01-13 02:11:18,381] INFO: Iter 17700 Summary: 
[2025-01-13 02:11:18,382] INFO: 	 lr: 0.00030000000000000073 	 Training loss: 0.04221179887652397
[2025-01-13 02:11:33,864] INFO: Iter 17800 Summary: 
[2025-01-13 02:11:33,864] INFO: 	 lr: 0.00030000000000000073 	 Training loss: 0.041986676529049874
[2025-01-13 02:11:49,172] INFO: Iter 17900 Summary: 
[2025-01-13 02:11:49,173] INFO: 	 lr: 0.00030000000000000073 	 Training loss: 0.04209409229457378
[2025-01-13 02:12:04,139] INFO: Iter 18000 Summary: 
[2025-01-13 02:12:04,139] INFO: 	 lr: 0.00030000000000000073 	 Training loss: 0.04195073708891869
[2025-01-13 02:12:26,519] INFO: Iter 18100 Summary: 
[2025-01-13 02:12:26,519] INFO: 	 lr: 0.00030000000000000073 	 Training loss: 0.04150877960026264
[2025-01-13 02:12:42,844] INFO: Iter 18200 Summary: 
[2025-01-13 02:12:42,844] INFO: 	 lr: 0.00030000000000000073 	 Training loss: 0.04157436814159155
[2025-01-13 02:12:55,568] INFO: Iter 18300 Summary: 
[2025-01-13 02:12:55,568] INFO: 	 lr: 0.00030000000000000073 	 Training loss: 0.04152902442961931
[2025-01-13 02:13:09,751] INFO: Iter 18400 Summary: 
[2025-01-13 02:13:09,751] INFO: 	 lr: 0.00030000000000000073 	 Training loss: 0.04171832229942083
[2025-01-13 02:13:24,517] INFO: Iter 18500 Summary: 
[2025-01-13 02:13:24,517] INFO: 	 lr: 0.00030000000000000073 	 Training loss: 0.04172473106533289
[2025-01-13 02:13:40,427] INFO: Iter 18600 Summary: 
[2025-01-13 02:13:40,428] INFO: 	 lr: 0.00030000000000000073 	 Training loss: 0.04201417822390795
[2025-01-13 02:13:55,934] INFO: Iter 18700 Summary: 
[2025-01-13 02:13:55,934] INFO: 	 lr: 0.00030000000000000073 	 Training loss: 0.04167088188230991
[2025-01-13 02:14:12,221] INFO: Iter 18800 Summary: 
[2025-01-13 02:14:12,221] INFO: 	 lr: 0.00030000000000000073 	 Training loss: 0.04186352584511042
[2025-01-13 02:14:26,748] INFO: Iter 18900 Summary: 
[2025-01-13 02:14:26,748] INFO: 	 lr: 0.00030000000000000073 	 Training loss: 0.04163621634244919
[2025-01-13 02:14:42,030] INFO: Iter 19000 Summary: 
[2025-01-13 02:14:42,030] INFO: 	 lr: 0.00030000000000000073 	 Training loss: 0.041717926226556304
[2025-01-13 02:14:54,351] INFO: Iter 19100 Summary: 
[2025-01-13 02:14:54,351] INFO: 	 lr: 0.00030000000000000073 	 Training loss: 0.042024398520588875
[2025-01-13 02:15:09,563] INFO: Iter 19200 Summary: 
[2025-01-13 02:15:09,563] INFO: 	 lr: 0.00030000000000000073 	 Training loss: 0.0415572901442647
[2025-01-13 02:15:27,929] INFO: Iter 19300 Summary: 
[2025-01-13 02:15:27,930] INFO: 	 lr: 0.00030000000000000073 	 Training loss: 0.041589174047112466
[2025-01-13 02:15:43,600] INFO: Iter 19400 Summary: 
[2025-01-13 02:15:43,601] INFO: 	 lr: 0.00030000000000000073 	 Training loss: 0.04150561198592186
[2025-01-13 02:15:59,006] INFO: Iter 19500 Summary: 
[2025-01-13 02:15:59,006] INFO: 	 lr: 0.00030000000000000073 	 Training loss: 0.04166786827147007
[2025-01-13 02:16:14,257] INFO: Iter 19600 Summary: 
[2025-01-13 02:16:14,257] INFO: 	 lr: 0.00030000000000000073 	 Training loss: 0.041728673838078975
[2025-01-13 02:16:29,794] INFO: Iter 19700 Summary: 
[2025-01-13 02:16:29,794] INFO: 	 lr: 0.00030000000000000073 	 Training loss: 0.04154572006314993
[2025-01-13 02:16:45,003] INFO: Iter 19800 Summary: 
[2025-01-13 02:16:45,004] INFO: 	 lr: 0.00030000000000000073 	 Training loss: 0.04142160452902317
[2025-01-13 02:16:59,975] INFO: Iter 19900 Summary: 
[2025-01-13 02:16:59,975] INFO: 	 lr: 0.00030000000000000073 	 Training loss: 0.04141614232212305
[2025-01-13 02:17:16,414] INFO: Iter 20000 Summary: 
[2025-01-13 02:17:16,415] INFO: 	 lr: 0.00030000000000000073 	 Training loss: 0.04166655503213405
[2025-01-13 02:17:37,881] INFO: Iter 20100 Summary: 
[2025-01-13 02:17:37,881] INFO: 	 lr: 0.00030000000000000073 	 Training loss: 0.04151728566735983
[2025-01-13 02:17:51,307] INFO: Iter 20200 Summary: 
[2025-01-13 02:17:51,308] INFO: 	 lr: 0.00030000000000000073 	 Training loss: 0.04131153777241707
[2025-01-13 02:18:03,966] INFO: Iter 20300 Summary: 
[2025-01-13 02:18:03,966] INFO: 	 lr: 0.00030000000000000073 	 Training loss: 0.041279104240238666
[2025-01-13 02:18:15,802] INFO: Iter 20400 Summary: 
[2025-01-13 02:18:15,802] INFO: 	 lr: 0.00030000000000000073 	 Training loss: 0.04168262202292681
[2025-01-13 02:18:30,274] INFO: Iter 20500 Summary: 
[2025-01-13 02:18:30,274] INFO: 	 lr: 0.00030000000000000073 	 Training loss: 0.041659748405218126
[2025-01-13 02:18:45,092] INFO: Iter 20600 Summary: 
[2025-01-13 02:18:45,092] INFO: 	 lr: 0.00030000000000000073 	 Training loss: 0.041650889851152895
[2025-01-13 02:19:03,020] INFO: Iter 20700 Summary: 
[2025-01-13 02:19:03,021] INFO: 	 lr: 0.00030000000000000073 	 Training loss: 0.04151352476328611
[2025-01-13 02:19:15,929] INFO: Iter 20800 Summary: 
[2025-01-13 02:19:15,929] INFO: 	 lr: 0.00030000000000000073 	 Training loss: 0.04123253535479307
[2025-01-13 02:19:31,247] INFO: Iter 20900 Summary: 
[2025-01-13 02:19:31,247] INFO: 	 lr: 0.00030000000000000073 	 Training loss: 0.04151922896504402
[2025-01-13 02:19:47,499] INFO: Iter 21000 Summary: 
[2025-01-13 02:19:47,499] INFO: 	 lr: 0.00030000000000000073 	 Training loss: 0.0415096540749073
[2025-01-13 02:20:02,189] INFO: Iter 21100 Summary: 
[2025-01-13 02:20:02,189] INFO: 	 lr: 0.00030000000000000073 	 Training loss: 0.041548172496259216
[2025-01-13 02:20:16,017] INFO: Iter 21200 Summary: 
[2025-01-13 02:20:16,017] INFO: 	 lr: 0.00030000000000000073 	 Training loss: 0.04150051392614842
[2025-01-13 02:20:29,921] INFO: Iter 21300 Summary: 
[2025-01-13 02:20:29,921] INFO: 	 lr: 0.00030000000000000073 	 Training loss: 0.04132634483277798
[2025-01-13 02:20:45,696] INFO: Iter 21400 Summary: 
[2025-01-13 02:20:45,697] INFO: 	 lr: 0.00030000000000000073 	 Training loss: 0.041173061951994896
[2025-01-13 02:21:01,413] INFO: Iter 21500 Summary: 
[2025-01-13 02:21:01,413] INFO: 	 lr: 0.00030000000000000073 	 Training loss: 0.041419952325522896
[2025-01-13 02:21:13,956] INFO: Iter 21600 Summary: 
[2025-01-13 02:21:13,956] INFO: 	 lr: 0.00030000000000000073 	 Training loss: 0.04128104794770479
[2025-01-13 02:21:28,843] INFO: Iter 21700 Summary: 
[2025-01-13 02:21:28,843] INFO: 	 lr: 0.00030000000000000073 	 Training loss: 0.04153576478362084
[2025-01-13 02:21:41,896] INFO: Iter 21800 Summary: 
[2025-01-13 02:21:41,896] INFO: 	 lr: 0.00030000000000000073 	 Training loss: 0.041593924388289454
[2025-01-13 02:21:57,674] INFO: Iter 21900 Summary: 
[2025-01-13 02:21:57,674] INFO: 	 lr: 0.00030000000000000073 	 Training loss: 0.0411969918012619
[2025-01-13 02:22:11,354] INFO: Iter 22000 Summary: 
[2025-01-13 02:22:11,355] INFO: 	 lr: 0.00030000000000000073 	 Training loss: 0.04135972086340189
[2025-01-13 02:22:34,787] INFO: Iter 22100 Summary: 
[2025-01-13 02:22:34,788] INFO: 	 lr: 0.00030000000000000073 	 Training loss: 0.04080571379512549
[2025-01-13 02:22:46,906] INFO: Iter 22200 Summary: 
[2025-01-13 02:22:46,906] INFO: 	 lr: 0.00030000000000000073 	 Training loss: 0.04125542853027582
[2025-01-13 02:23:00,255] INFO: Iter 22300 Summary: 
[2025-01-13 02:23:00,255] INFO: 	 lr: 0.00030000000000000073 	 Training loss: 0.04127064146101475
[2025-01-13 02:23:15,824] INFO: Iter 22400 Summary: 
[2025-01-13 02:23:15,824] INFO: 	 lr: 0.00030000000000000073 	 Training loss: 0.04139321569353342
[2025-01-13 02:23:31,361] INFO: Iter 22500 Summary: 
[2025-01-13 02:23:31,362] INFO: 	 lr: 0.00030000000000000073 	 Training loss: 0.04128663942217827
[2025-01-13 02:23:45,056] INFO: Iter 22600 Summary: 
[2025-01-13 02:23:45,057] INFO: 	 lr: 0.00030000000000000073 	 Training loss: 0.041183163896203044
[2025-01-13 02:23:58,333] INFO: Iter 22700 Summary: 
[2025-01-13 02:23:58,334] INFO: 	 lr: 0.00030000000000000073 	 Training loss: 0.041275124326348306
[2025-01-13 02:24:13,404] INFO: Iter 22800 Summary: 
[2025-01-13 02:24:13,405] INFO: 	 lr: 0.00030000000000000073 	 Training loss: 0.04115886177867651
[2025-01-13 02:24:27,044] INFO: Iter 22900 Summary: 
[2025-01-13 02:24:27,044] INFO: 	 lr: 0.00030000000000000073 	 Training loss: 0.04094375804066658
[2025-01-13 02:24:40,927] INFO: Iter 23000 Summary: 
[2025-01-13 02:24:40,927] INFO: 	 lr: 0.00030000000000000073 	 Training loss: 0.041175735890865324
[2025-01-13 02:24:55,202] INFO: Iter 23100 Summary: 
[2025-01-13 02:24:55,202] INFO: 	 lr: 0.00030000000000000073 	 Training loss: 0.04121537942439318
[2025-01-13 02:25:10,452] INFO: Iter 23200 Summary: 
[2025-01-13 02:25:10,452] INFO: 	 lr: 0.00030000000000000073 	 Training loss: 0.04122049037367106
[2025-01-13 02:25:24,159] INFO: Iter 23300 Summary: 
[2025-01-13 02:25:24,159] INFO: 	 lr: 0.00030000000000000073 	 Training loss: 0.041390187852084634
[2025-01-13 02:25:40,345] INFO: Iter 23400 Summary: 
[2025-01-13 02:25:40,345] INFO: 	 lr: 0.00030000000000000073 	 Training loss: 0.041621992141008375
[2025-01-13 02:25:54,661] INFO: Iter 23500 Summary: 
[2025-01-13 02:25:54,661] INFO: 	 lr: 0.00030000000000000073 	 Training loss: 0.040962199494242665
[2025-01-13 02:26:08,700] INFO: Iter 23600 Summary: 
[2025-01-13 02:26:08,701] INFO: 	 lr: 0.00030000000000000073 	 Training loss: 0.04110263101756573
[2025-01-13 02:26:23,337] INFO: Iter 23700 Summary: 
[2025-01-13 02:26:23,337] INFO: 	 lr: 0.00030000000000000073 	 Training loss: 0.04109724197536707
[2025-01-13 02:26:39,286] INFO: Iter 23800 Summary: 
[2025-01-13 02:26:39,286] INFO: 	 lr: 0.00030000000000000073 	 Training loss: 0.04119116183370352
[2025-01-13 02:26:53,097] INFO: Iter 23900 Summary: 
[2025-01-13 02:26:53,098] INFO: 	 lr: 0.00030000000000000073 	 Training loss: 0.040885818898677824
[2025-01-13 02:27:08,124] INFO: Iter 24000 Summary: 
[2025-01-13 02:27:08,125] INFO: 	 lr: 0.00030000000000000073 	 Training loss: 0.04117443975061178
[2025-01-13 02:27:30,742] INFO: Iter 24100 Summary: 
[2025-01-13 02:27:30,743] INFO: 	 lr: 0.00030000000000000073 	 Training loss: 0.0415320798382163
[2025-01-13 02:27:46,872] INFO: Iter 24200 Summary: 
[2025-01-13 02:27:46,872] INFO: 	 lr: 0.00030000000000000073 	 Training loss: 0.04108972042798996
[2025-01-13 02:28:01,630] INFO: Iter 24300 Summary: 
[2025-01-13 02:28:01,630] INFO: 	 lr: 0.00030000000000000073 	 Training loss: 0.04114258237183094
[2025-01-13 02:28:16,300] INFO: Iter 24400 Summary: 
[2025-01-13 02:28:16,300] INFO: 	 lr: 0.00030000000000000073 	 Training loss: 0.04117571868002415
[2025-01-13 02:28:28,889] INFO: Iter 24500 Summary: 
[2025-01-13 02:28:28,889] INFO: 	 lr: 0.00030000000000000073 	 Training loss: 0.04095827966928482
[2025-01-13 02:28:41,983] INFO: Iter 24600 Summary: 
[2025-01-13 02:28:41,983] INFO: 	 lr: 0.00030000000000000073 	 Training loss: 0.04105015940964222
[2025-01-13 02:28:53,719] INFO: Iter 24700 Summary: 
[2025-01-13 02:28:53,719] INFO: 	 lr: 0.00030000000000000073 	 Training loss: 0.04121712014079094
[2025-01-13 02:29:11,969] INFO: Iter 24800 Summary: 
[2025-01-13 02:29:11,969] INFO: 	 lr: 0.00030000000000000073 	 Training loss: 0.04106366477906704
[2025-01-13 02:29:23,255] INFO: Iter 24900 Summary: 
[2025-01-13 02:29:23,255] INFO: 	 lr: 0.00030000000000000073 	 Training loss: 0.041128654442727564
[2025-01-13 02:29:38,225] INFO: Iter 25000 Summary: 
[2025-01-13 02:29:38,225] INFO: 	 lr: 0.00030000000000000073 	 Training loss: 0.04107220914214849
[2025-01-13 02:29:52,555] INFO: Iter 25100 Summary: 
[2025-01-13 02:29:52,555] INFO: 	 lr: 0.00030000000000000073 	 Training loss: 0.04084456838667393
[2025-01-13 02:30:08,665] INFO: Iter 25200 Summary: 
[2025-01-13 02:30:08,665] INFO: 	 lr: 0.00030000000000000073 	 Training loss: 0.04080132033675909
[2025-01-13 02:30:22,897] INFO: Iter 25300 Summary: 
[2025-01-13 02:30:22,897] INFO: 	 lr: 0.00030000000000000073 	 Training loss: 0.04108331829309463
[2025-01-13 02:30:37,760] INFO: Iter 25400 Summary: 
[2025-01-13 02:30:37,761] INFO: 	 lr: 0.00030000000000000073 	 Training loss: 0.04118994735181332
[2025-01-13 02:30:55,758] INFO: Iter 25500 Summary: 
[2025-01-13 02:30:55,759] INFO: 	 lr: 0.00030000000000000073 	 Training loss: 0.04069899626076221
[2025-01-13 02:31:10,334] INFO: Iter 25600 Summary: 
[2025-01-13 02:31:10,335] INFO: 	 lr: 0.00030000000000000073 	 Training loss: 0.040969797782599925
[2025-01-13 02:31:24,384] INFO: Iter 25700 Summary: 
[2025-01-13 02:31:24,384] INFO: 	 lr: 0.00030000000000000073 	 Training loss: 0.04100129891186952
[2025-01-13 02:31:38,781] INFO: Iter 25800 Summary: 
[2025-01-13 02:31:38,782] INFO: 	 lr: 0.00030000000000000073 	 Training loss: 0.040870541520416734
[2025-01-13 02:31:52,759] INFO: Iter 25900 Summary: 
[2025-01-13 02:31:52,760] INFO: 	 lr: 0.00030000000000000073 	 Training loss: 0.04099677462130785
[2025-01-13 02:32:08,874] INFO: Iter 26000 Summary: 
[2025-01-13 02:32:08,874] INFO: 	 lr: 0.00030000000000000073 	 Training loss: 0.040858515612781046
[2025-01-13 02:32:32,997] INFO: Iter 26100 Summary: 
[2025-01-13 02:32:32,997] INFO: 	 lr: 0.00030000000000000073 	 Training loss: 0.041405729949474335
[2025-01-13 02:32:51,253] INFO: Iter 26200 Summary: 
[2025-01-13 02:32:51,254] INFO: 	 lr: 0.00030000000000000073 	 Training loss: 0.04077925905585289
[2025-01-13 02:33:07,601] INFO: Iter 26300 Summary: 
[2025-01-13 02:33:07,601] INFO: 	 lr: 0.00030000000000000073 	 Training loss: 0.04080895606428385
[2025-01-13 02:33:23,188] INFO: Iter 26400 Summary: 
[2025-01-13 02:33:23,188] INFO: 	 lr: 0.00030000000000000073 	 Training loss: 0.040927716419100764
[2025-01-13 02:33:36,075] INFO: Iter 26500 Summary: 
[2025-01-13 02:33:36,075] INFO: 	 lr: 0.00030000000000000073 	 Training loss: 0.040801879540085795
[2025-01-13 02:33:52,610] INFO: Iter 26600 Summary: 
[2025-01-13 02:33:52,611] INFO: 	 lr: 0.00030000000000000073 	 Training loss: 0.04098583068698645
[2025-01-13 02:34:08,414] INFO: Iter 26700 Summary: 
[2025-01-13 02:34:08,414] INFO: 	 lr: 0.00030000000000000073 	 Training loss: 0.04099013414233923
[2025-01-13 02:34:22,838] INFO: Iter 26800 Summary: 
[2025-01-13 02:34:22,838] INFO: 	 lr: 0.00030000000000000073 	 Training loss: 0.040991445854306224
[2025-01-13 02:34:43,106] INFO: Iter 26900 Summary: 
[2025-01-13 02:34:43,107] INFO: 	 lr: 0.00030000000000000073 	 Training loss: 0.04047263976186514
[2025-01-13 02:35:00,433] INFO: Iter 27000 Summary: 
[2025-01-13 02:35:00,433] INFO: 	 lr: 0.00030000000000000073 	 Training loss: 0.04072192583233118
[2025-01-13 02:35:16,518] INFO: Iter 27100 Summary: 
[2025-01-13 02:35:16,518] INFO: 	 lr: 0.00030000000000000073 	 Training loss: 0.04074067041277885
[2025-01-13 02:35:32,133] INFO: Iter 27200 Summary: 
[2025-01-13 02:35:32,133] INFO: 	 lr: 0.00030000000000000073 	 Training loss: 0.04081541083753109
[2025-01-13 02:35:46,314] INFO: Iter 27300 Summary: 
[2025-01-13 02:35:46,314] INFO: 	 lr: 0.00030000000000000073 	 Training loss: 0.0409948555752635
[2025-01-13 02:36:00,661] INFO: Iter 27400 Summary: 
[2025-01-13 02:36:00,662] INFO: 	 lr: 0.00030000000000000073 	 Training loss: 0.040703619606792925
[2025-01-13 02:36:16,013] INFO: Iter 27500 Summary: 
[2025-01-13 02:36:16,013] INFO: 	 lr: 0.00030000000000000073 	 Training loss: 0.0410404534265399
[2025-01-13 02:36:31,842] INFO: Iter 27600 Summary: 
[2025-01-13 02:36:31,842] INFO: 	 lr: 0.00030000000000000073 	 Training loss: 0.04072685409337282
[2025-01-13 02:36:45,733] INFO: Iter 27700 Summary: 
[2025-01-13 02:36:45,734] INFO: 	 lr: 0.00030000000000000073 	 Training loss: 0.040717113502323626
[2025-01-13 02:36:59,164] INFO: Iter 27800 Summary: 
[2025-01-13 02:36:59,164] INFO: 	 lr: 0.00030000000000000073 	 Training loss: 0.041146165654063226
[2025-01-13 02:37:12,773] INFO: Iter 27900 Summary: 
[2025-01-13 02:37:12,774] INFO: 	 lr: 0.00030000000000000073 	 Training loss: 0.04058964591473341
[2025-01-13 02:37:26,107] INFO: Iter 28000 Summary: 
[2025-01-13 02:37:26,107] INFO: 	 lr: 0.00030000000000000073 	 Training loss: 0.0406752010807395
[2025-01-13 02:37:48,010] INFO: Iter 28100 Summary: 
[2025-01-13 02:37:48,010] INFO: 	 lr: 0.00030000000000000073 	 Training loss: 0.04098162192851305
[2025-01-13 02:38:02,345] INFO: Iter 28200 Summary: 
[2025-01-13 02:38:02,345] INFO: 	 lr: 0.00030000000000000073 	 Training loss: 0.040837503187358376
[2025-01-13 02:38:17,889] INFO: Iter 28300 Summary: 
[2025-01-13 02:38:17,890] INFO: 	 lr: 0.00030000000000000073 	 Training loss: 0.04078412398695946
[2025-01-13 02:38:31,888] INFO: Iter 28400 Summary: 
[2025-01-13 02:38:31,888] INFO: 	 lr: 0.00030000000000000073 	 Training loss: 0.04085962034761906
[2025-01-13 02:38:43,891] INFO: Iter 28500 Summary: 
[2025-01-13 02:38:43,891] INFO: 	 lr: 0.00030000000000000073 	 Training loss: 0.040748857222497464
[2025-01-13 02:38:58,723] INFO: Iter 28600 Summary: 
[2025-01-13 02:38:58,723] INFO: 	 lr: 0.00030000000000000073 	 Training loss: 0.040365651585161685
[2025-01-13 02:39:14,876] INFO: Iter 28700 Summary: 
[2025-01-13 02:39:14,876] INFO: 	 lr: 0.00030000000000000073 	 Training loss: 0.04060006838291883
[2025-01-13 02:39:27,669] INFO: Iter 28800 Summary: 
[2025-01-13 02:39:27,669] INFO: 	 lr: 0.00030000000000000073 	 Training loss: 0.040842008963227275
[2025-01-13 02:39:45,204] INFO: Iter 28900 Summary: 
[2025-01-13 02:39:45,205] INFO: 	 lr: 0.00030000000000000073 	 Training loss: 0.04062073282897472
[2025-01-13 02:40:00,344] INFO: Iter 29000 Summary: 
[2025-01-13 02:40:00,344] INFO: 	 lr: 0.00030000000000000073 	 Training loss: 0.04086881522089243
[2025-01-13 02:40:15,750] INFO: Iter 29100 Summary: 
[2025-01-13 02:40:15,751] INFO: 	 lr: 0.00030000000000000073 	 Training loss: 0.04055280342698097
[2025-01-13 02:40:29,486] INFO: Iter 29200 Summary: 
[2025-01-13 02:40:29,486] INFO: 	 lr: 0.00030000000000000073 	 Training loss: 0.040726633891463276
[2025-01-13 02:40:44,609] INFO: Iter 29300 Summary: 
[2025-01-13 02:40:44,610] INFO: 	 lr: 0.00030000000000000073 	 Training loss: 0.040898938737809656
[2025-01-13 02:40:59,457] INFO: Iter 29400 Summary: 
[2025-01-13 02:40:59,457] INFO: 	 lr: 0.00030000000000000073 	 Training loss: 0.040854219235479834
[2025-01-13 02:41:13,636] INFO: Iter 29500 Summary: 
[2025-01-13 02:41:13,637] INFO: 	 lr: 0.00030000000000000073 	 Training loss: 0.040727250091731546
[2025-01-13 02:41:29,418] INFO: Iter 29600 Summary: 
[2025-01-13 02:41:29,419] INFO: 	 lr: 0.00030000000000000073 	 Training loss: 0.04060470525175333
[2025-01-13 02:41:42,740] INFO: Iter 29700 Summary: 
[2025-01-13 02:41:42,740] INFO: 	 lr: 0.00030000000000000073 	 Training loss: 0.04088487569242716
[2025-01-13 02:41:56,326] INFO: Iter 29800 Summary: 
[2025-01-13 02:41:56,326] INFO: 	 lr: 0.00030000000000000073 	 Training loss: 0.04059871450066566
[2025-01-13 02:42:10,219] INFO: Iter 29900 Summary: 
[2025-01-13 02:42:10,219] INFO: 	 lr: 0.00030000000000000073 	 Training loss: 0.04085897888988257
[2025-01-13 02:42:23,609] INFO: Iter 30000 Summary: 
[2025-01-13 02:42:23,609] INFO: 	 lr: 0.00030000000000000073 	 Training loss: 0.04073575709015131
[2025-01-13 02:42:44,579] INFO: Iter 30100 Summary: 
[2025-01-13 02:42:44,579] INFO: 	 lr: 1.2900000000000026e-05 	 Training loss: 0.03994456063956022
[2025-01-13 02:42:58,455] INFO: Iter 30200 Summary: 
[2025-01-13 02:42:58,455] INFO: 	 lr: 1.000000000000002e-05 	 Training loss: 0.03924368403851986
[2025-01-13 02:43:14,652] INFO: Iter 30300 Summary: 
[2025-01-13 02:43:14,653] INFO: 	 lr: 1.000000000000002e-05 	 Training loss: 0.03926500152796507
[2025-01-13 02:43:27,896] INFO: Iter 30400 Summary: 
[2025-01-13 02:43:27,896] INFO: 	 lr: 1.000000000000002e-05 	 Training loss: 0.03931944128125906
[2025-01-13 02:43:42,065] INFO: Iter 30500 Summary: 
[2025-01-13 02:43:42,065] INFO: 	 lr: 1.000000000000002e-05 	 Training loss: 0.03884822770953179
[2025-01-13 02:43:55,684] INFO: Iter 30600 Summary: 
[2025-01-13 02:43:55,685] INFO: 	 lr: 1.000000000000002e-05 	 Training loss: 0.03915152631700039
[2025-01-13 02:44:11,031] INFO: Iter 30700 Summary: 
[2025-01-13 02:44:11,031] INFO: 	 lr: 1.000000000000002e-05 	 Training loss: 0.039185254238545894
[2025-01-13 02:44:25,791] INFO: Iter 30800 Summary: 
[2025-01-13 02:44:25,791] INFO: 	 lr: 1.000000000000002e-05 	 Training loss: 0.039118562787771226
[2025-01-13 02:44:41,979] INFO: Iter 30900 Summary: 
[2025-01-13 02:44:41,979] INFO: 	 lr: 1.000000000000002e-05 	 Training loss: 0.03917446561157703
[2025-01-13 02:44:59,309] INFO: Iter 31000 Summary: 
[2025-01-13 02:44:59,310] INFO: 	 lr: 1.000000000000002e-05 	 Training loss: 0.03904729545116425
[2025-01-13 02:45:14,443] INFO: Iter 31100 Summary: 
[2025-01-13 02:45:14,443] INFO: 	 lr: 1.000000000000002e-05 	 Training loss: 0.03924114651978016
[2025-01-13 02:45:28,104] INFO: Iter 31200 Summary: 
[2025-01-13 02:45:28,104] INFO: 	 lr: 1.000000000000002e-05 	 Training loss: 0.03873955592513084
[2025-01-13 02:45:43,565] INFO: Iter 31300 Summary: 
[2025-01-13 02:45:43,565] INFO: 	 lr: 1.000000000000002e-05 	 Training loss: 0.038926967233419416
[2025-01-13 02:45:58,342] INFO: Iter 31400 Summary: 
[2025-01-13 02:45:58,342] INFO: 	 lr: 1.000000000000002e-05 	 Training loss: 0.03886266823858023
[2025-01-13 02:46:12,269] INFO: Iter 31500 Summary: 
[2025-01-13 02:46:12,270] INFO: 	 lr: 1.000000000000002e-05 	 Training loss: 0.0390149487555027
[2025-01-13 02:46:27,188] INFO: Iter 31600 Summary: 
[2025-01-13 02:46:27,189] INFO: 	 lr: 1.000000000000002e-05 	 Training loss: 0.03868609059602022
[2025-01-13 02:46:40,889] INFO: Iter 31700 Summary: 
[2025-01-13 02:46:40,890] INFO: 	 lr: 1.000000000000002e-05 	 Training loss: 0.038624362386763096
[2025-01-13 02:46:55,406] INFO: Iter 31800 Summary: 
[2025-01-13 02:46:55,406] INFO: 	 lr: 1.000000000000002e-05 	 Training loss: 0.0387631918489933
[2025-01-13 02:47:08,030] INFO: Iter 31900 Summary: 
[2025-01-13 02:47:08,030] INFO: 	 lr: 1.000000000000002e-05 	 Training loss: 0.03891435608267784
[2025-01-13 02:47:20,218] INFO: Iter 32000 Summary: 
[2025-01-13 02:47:20,218] INFO: 	 lr: 1.000000000000002e-05 	 Training loss: 0.038782737255096435
[2025-01-13 02:47:41,277] INFO: Iter 32100 Summary: 
[2025-01-13 02:47:41,277] INFO: 	 lr: 1.000000000000002e-05 	 Training loss: 0.0389332677423954
[2025-01-13 02:47:55,240] INFO: Iter 32200 Summary: 
[2025-01-13 02:47:55,240] INFO: 	 lr: 1.000000000000002e-05 	 Training loss: 0.038713294081389904
[2025-01-13 02:48:08,810] INFO: Iter 32300 Summary: 
[2025-01-13 02:48:08,811] INFO: 	 lr: 1.000000000000002e-05 	 Training loss: 0.03875217597931623
[2025-01-13 02:48:25,875] INFO: Iter 32400 Summary: 
[2025-01-13 02:48:25,876] INFO: 	 lr: 1.000000000000002e-05 	 Training loss: 0.03852630719542503
[2025-01-13 02:48:39,236] INFO: Iter 32500 Summary: 
[2025-01-13 02:48:39,237] INFO: 	 lr: 1.000000000000002e-05 	 Training loss: 0.03856936622411013
[2025-01-13 02:48:54,904] INFO: Iter 32600 Summary: 
[2025-01-13 02:48:54,904] INFO: 	 lr: 1.000000000000002e-05 	 Training loss: 0.03906108032912016
[2025-01-13 02:49:09,193] INFO: Iter 32700 Summary: 
[2025-01-13 02:49:09,193] INFO: 	 lr: 1.000000000000002e-05 	 Training loss: 0.03885553695261478
[2025-01-13 02:49:24,212] INFO: Iter 32800 Summary: 
[2025-01-13 02:49:24,213] INFO: 	 lr: 1.000000000000002e-05 	 Training loss: 0.03863795019686222
[2025-01-13 02:49:38,013] INFO: Iter 32900 Summary: 
[2025-01-13 02:49:38,013] INFO: 	 lr: 1.000000000000002e-05 	 Training loss: 0.038863179609179496
[2025-01-13 02:49:52,184] INFO: Iter 33000 Summary: 
[2025-01-13 02:49:52,184] INFO: 	 lr: 1.000000000000002e-05 	 Training loss: 0.038751297667622565
[2025-01-13 02:50:09,970] INFO: Iter 33100 Summary: 
[2025-01-13 02:50:09,971] INFO: 	 lr: 1.000000000000002e-05 	 Training loss: 0.0386282529681921
[2025-01-13 02:50:25,062] INFO: Iter 33200 Summary: 
[2025-01-13 02:50:25,062] INFO: 	 lr: 1.000000000000002e-05 	 Training loss: 0.038841622322797774
[2025-01-13 02:50:40,797] INFO: Iter 33300 Summary: 
[2025-01-13 02:50:40,797] INFO: 	 lr: 1.000000000000002e-05 	 Training loss: 0.03849646080285311
[2025-01-13 02:50:56,322] INFO: Iter 33400 Summary: 
[2025-01-13 02:50:56,322] INFO: 	 lr: 1.000000000000002e-05 	 Training loss: 0.03875155329704285
[2025-01-13 02:51:09,724] INFO: Iter 33500 Summary: 
[2025-01-13 02:51:09,725] INFO: 	 lr: 1.000000000000002e-05 	 Training loss: 0.03849535532295704
[2025-01-13 02:51:24,295] INFO: Iter 33600 Summary: 
[2025-01-13 02:51:24,295] INFO: 	 lr: 1.000000000000002e-05 	 Training loss: 0.03879100762307644
[2025-01-13 02:51:39,799] INFO: Iter 33700 Summary: 
[2025-01-13 02:51:39,800] INFO: 	 lr: 1.000000000000002e-05 	 Training loss: 0.03891706515103579
[2025-01-13 02:51:56,665] INFO: Iter 33800 Summary: 
[2025-01-13 02:51:56,666] INFO: 	 lr: 1.000000000000002e-05 	 Training loss: 0.038590917773544786
[2025-01-13 02:52:10,155] INFO: Iter 33900 Summary: 
[2025-01-13 02:52:10,155] INFO: 	 lr: 1.000000000000002e-05 	 Training loss: 0.03866355463862419
[2025-01-13 02:52:24,780] INFO: Iter 34000 Summary: 
[2025-01-13 02:52:24,780] INFO: 	 lr: 1.000000000000002e-05 	 Training loss: 0.03861053165048361
[2025-01-13 02:52:44,862] INFO: Iter 34100 Summary: 
[2025-01-13 02:52:44,863] INFO: 	 lr: 1.000000000000002e-05 	 Training loss: 0.03868030723184347
[2025-01-13 02:52:58,590] INFO: Iter 34200 Summary: 
[2025-01-13 02:52:58,590] INFO: 	 lr: 1.000000000000002e-05 	 Training loss: 0.03893219906836748
[2025-01-13 02:53:12,794] INFO: Iter 34300 Summary: 
[2025-01-13 02:53:12,794] INFO: 	 lr: 1.000000000000002e-05 	 Training loss: 0.038834277018904684
[2025-01-13 02:53:25,850] INFO: Iter 34400 Summary: 
[2025-01-13 02:53:25,851] INFO: 	 lr: 1.000000000000002e-05 	 Training loss: 0.03849898591637611
[2025-01-13 02:53:43,380] INFO: Iter 34500 Summary: 
[2025-01-13 02:53:43,381] INFO: 	 lr: 1.000000000000002e-05 	 Training loss: 0.03848197009414434
[2025-01-13 02:53:57,571] INFO: Iter 34600 Summary: 
[2025-01-13 02:53:57,571] INFO: 	 lr: 1.000000000000002e-05 	 Training loss: 0.03841094143688679
[2025-01-13 02:54:10,841] INFO: Iter 34700 Summary: 
[2025-01-13 02:54:10,842] INFO: 	 lr: 1.000000000000002e-05 	 Training loss: 0.038348772078752515
[2025-01-13 02:54:25,992] INFO: Iter 34800 Summary: 
[2025-01-13 02:54:25,992] INFO: 	 lr: 1.000000000000002e-05 	 Training loss: 0.03848313484340906
[2025-01-13 02:54:41,055] INFO: Iter 34900 Summary: 
[2025-01-13 02:54:41,055] INFO: 	 lr: 1.000000000000002e-05 	 Training loss: 0.038549733832478526
[2025-01-13 02:54:52,055] INFO: Iter 35000 Summary: 
[2025-01-13 02:54:52,055] INFO: 	 lr: 1.000000000000002e-05 	 Training loss: 0.03875260055065155
[2025-01-13 02:55:08,629] INFO: Iter 35100 Summary: 
[2025-01-13 02:55:08,630] INFO: 	 lr: 1.000000000000002e-05 	 Training loss: 0.03875918727368116
[2025-01-13 02:55:23,689] INFO: Iter 35200 Summary: 
[2025-01-13 02:55:23,690] INFO: 	 lr: 1.000000000000002e-05 	 Training loss: 0.03848626859486103
[2025-01-13 02:55:36,513] INFO: Iter 35300 Summary: 
[2025-01-13 02:55:36,514] INFO: 	 lr: 1.000000000000002e-05 	 Training loss: 0.03847308699041605
[2025-01-13 02:55:47,647] INFO: Iter 35400 Summary: 
[2025-01-13 02:55:47,648] INFO: 	 lr: 1.000000000000002e-05 	 Training loss: 0.038583796881139276
[2025-01-13 02:56:02,769] INFO: Iter 35500 Summary: 
[2025-01-13 02:56:02,770] INFO: 	 lr: 1.000000000000002e-05 	 Training loss: 0.03842484079301357
[2025-01-13 02:56:17,283] INFO: Iter 35600 Summary: 
[2025-01-13 02:56:17,283] INFO: 	 lr: 1.000000000000002e-05 	 Training loss: 0.03834854483604431
[2025-01-13 02:56:32,427] INFO: Iter 35700 Summary: 
[2025-01-13 02:56:32,427] INFO: 	 lr: 1.000000000000002e-05 	 Training loss: 0.03849850576370954
[2025-01-13 02:56:49,690] INFO: Iter 35800 Summary: 
[2025-01-13 02:56:49,691] INFO: 	 lr: 1.000000000000002e-05 	 Training loss: 0.038503538668155673
[2025-01-13 02:57:03,520] INFO: Iter 35900 Summary: 
[2025-01-13 02:57:03,520] INFO: 	 lr: 1.000000000000002e-05 	 Training loss: 0.03863597195595503
[2025-01-13 02:57:16,029] INFO: Iter 36000 Summary: 
[2025-01-13 02:57:16,029] INFO: 	 lr: 1.000000000000002e-05 	 Training loss: 0.038585053496062754
[2025-01-13 02:57:38,645] INFO: Iter 36100 Summary: 
[2025-01-13 02:57:38,645] INFO: 	 lr: 1.000000000000002e-05 	 Training loss: 0.038416539467871186
[2025-01-13 02:57:53,981] INFO: Iter 36200 Summary: 
[2025-01-13 02:57:53,982] INFO: 	 lr: 1.000000000000002e-05 	 Training loss: 0.038491131067276
[2025-01-13 02:58:07,627] INFO: Iter 36300 Summary: 
[2025-01-13 02:58:07,627] INFO: 	 lr: 1.000000000000002e-05 	 Training loss: 0.03861311007291079
[2025-01-13 02:58:20,357] INFO: Iter 36400 Summary: 
[2025-01-13 02:58:20,357] INFO: 	 lr: 1.000000000000002e-05 	 Training loss: 0.038830125741660594
[2025-01-13 02:58:35,547] INFO: Iter 36500 Summary: 
[2025-01-13 02:58:35,548] INFO: 	 lr: 1.000000000000002e-05 	 Training loss: 0.03858648542314768
[2025-01-13 02:58:49,513] INFO: Iter 36600 Summary: 
[2025-01-13 02:58:49,513] INFO: 	 lr: 1.000000000000002e-05 	 Training loss: 0.0384824375808239
[2025-01-13 02:59:05,671] INFO: Iter 36700 Summary: 
[2025-01-13 02:59:05,671] INFO: 	 lr: 1.000000000000002e-05 	 Training loss: 0.03867457676678896
[2025-01-13 02:59:20,082] INFO: Iter 36800 Summary: 
[2025-01-13 02:59:20,082] INFO: 	 lr: 1.000000000000002e-05 	 Training loss: 0.038529040105640885
[2025-01-13 02:59:30,176] INFO: Iter 36900 Summary: 
[2025-01-13 02:59:30,176] INFO: 	 lr: 1.000000000000002e-05 	 Training loss: 0.038304344192147254
[2025-01-13 02:59:42,196] INFO: Iter 37000 Summary: 
[2025-01-13 02:59:42,197] INFO: 	 lr: 1.000000000000002e-05 	 Training loss: 0.03849447254091501
[2025-01-13 02:59:55,028] INFO: Iter 37100 Summary: 
[2025-01-13 02:59:55,028] INFO: 	 lr: 1.000000000000002e-05 	 Training loss: 0.038301618658006194
[2025-01-13 03:00:13,299] INFO: Iter 37200 Summary: 
[2025-01-13 03:00:13,300] INFO: 	 lr: 1.000000000000002e-05 	 Training loss: 0.03835711743682623
[2025-01-13 03:00:27,073] INFO: Iter 37300 Summary: 
[2025-01-13 03:00:27,073] INFO: 	 lr: 1.000000000000002e-05 	 Training loss: 0.038337807394564154
[2025-01-13 03:00:40,776] INFO: Iter 37400 Summary: 
[2025-01-13 03:00:40,776] INFO: 	 lr: 1.000000000000002e-05 	 Training loss: 0.03818324591964483
[2025-01-13 03:00:55,753] INFO: Iter 37500 Summary: 
[2025-01-13 03:00:55,753] INFO: 	 lr: 1.000000000000002e-05 	 Training loss: 0.03853244625031948
[2025-01-13 03:01:10,136] INFO: Iter 37600 Summary: 
[2025-01-13 03:01:10,137] INFO: 	 lr: 1.000000000000002e-05 	 Training loss: 0.03843760557472706
[2025-01-13 03:01:22,625] INFO: Iter 37700 Summary: 
[2025-01-13 03:01:22,625] INFO: 	 lr: 1.000000000000002e-05 	 Training loss: 0.03840361040085554
[2025-01-13 03:01:36,276] INFO: Iter 37800 Summary: 
[2025-01-13 03:01:36,277] INFO: 	 lr: 1.000000000000002e-05 	 Training loss: 0.03861225847154856
[2025-01-13 03:01:51,804] INFO: Iter 37900 Summary: 
[2025-01-13 03:01:51,805] INFO: 	 lr: 1.000000000000002e-05 	 Training loss: 0.03855884239077568
[2025-01-13 03:02:06,766] INFO: Iter 38000 Summary: 
[2025-01-13 03:02:06,766] INFO: 	 lr: 1.000000000000002e-05 	 Training loss: 0.03806830421090126
[2025-01-13 03:02:29,078] INFO: Iter 38100 Summary: 
[2025-01-13 03:02:29,079] INFO: 	 lr: 1.000000000000002e-05 	 Training loss: 0.038255217038095
[2025-01-13 03:02:42,945] INFO: Iter 38200 Summary: 
[2025-01-13 03:02:42,945] INFO: 	 lr: 1.000000000000002e-05 	 Training loss: 0.038419698812067506
[2025-01-13 03:02:58,203] INFO: Iter 38300 Summary: 
[2025-01-13 03:02:58,203] INFO: 	 lr: 1.000000000000002e-05 	 Training loss: 0.03864201012998819
[2025-01-13 03:03:11,356] INFO: Iter 38400 Summary: 
[2025-01-13 03:03:11,356] INFO: 	 lr: 1.000000000000002e-05 	 Training loss: 0.038321332074701786
[2025-01-13 03:03:26,996] INFO: Iter 38500 Summary: 
[2025-01-13 03:03:26,997] INFO: 	 lr: 1.000000000000002e-05 	 Training loss: 0.03845707751810551
[2025-01-13 03:03:44,519] INFO: Iter 38600 Summary: 
[2025-01-13 03:03:44,520] INFO: 	 lr: 1.000000000000002e-05 	 Training loss: 0.03836963865906
[2025-01-13 03:03:58,907] INFO: Iter 38700 Summary: 
[2025-01-13 03:03:58,907] INFO: 	 lr: 1.000000000000002e-05 	 Training loss: 0.03851885963231325
[2025-01-13 03:04:13,566] INFO: Iter 38800 Summary: 
[2025-01-13 03:04:13,566] INFO: 	 lr: 1.000000000000002e-05 	 Training loss: 0.03829965054988861
[2025-01-13 03:04:29,659] INFO: Iter 38900 Summary: 
[2025-01-13 03:04:29,660] INFO: 	 lr: 1.000000000000002e-05 	 Training loss: 0.03861455287784338
[2025-01-13 03:04:43,839] INFO: Iter 39000 Summary: 
[2025-01-13 03:04:43,839] INFO: 	 lr: 1.000000000000002e-05 	 Training loss: 0.0384499528631568
[2025-01-13 03:04:54,920] INFO: Iter 39100 Summary: 
[2025-01-13 03:04:54,920] INFO: 	 lr: 1.000000000000002e-05 	 Training loss: 0.03798327729105949
[2025-01-13 03:05:11,254] INFO: Iter 39200 Summary: 
[2025-01-13 03:05:11,254] INFO: 	 lr: 1.000000000000002e-05 	 Training loss: 0.038229370415210726
[2025-01-13 03:05:28,605] INFO: Iter 39300 Summary: 
[2025-01-13 03:05:28,606] INFO: 	 lr: 1.000000000000002e-05 	 Training loss: 0.03825879007577896
[2025-01-13 03:05:41,262] INFO: Iter 39400 Summary: 
[2025-01-13 03:05:41,262] INFO: 	 lr: 1.000000000000002e-05 	 Training loss: 0.038216962814331054
[2025-01-13 03:05:56,031] INFO: Iter 39500 Summary: 
[2025-01-13 03:05:56,032] INFO: 	 lr: 1.000000000000002e-05 	 Training loss: 0.038568500503897665
[2025-01-13 03:06:11,031] INFO: Iter 39600 Summary: 
[2025-01-13 03:06:11,031] INFO: 	 lr: 1.000000000000002e-05 	 Training loss: 0.038291956149041656
[2025-01-13 03:06:24,107] INFO: Iter 39700 Summary: 
[2025-01-13 03:06:24,107] INFO: 	 lr: 1.000000000000002e-05 	 Training loss: 0.03848544109612703
[2025-01-13 03:06:38,513] INFO: Iter 39800 Summary: 
[2025-01-13 03:06:38,513] INFO: 	 lr: 1.000000000000002e-05 	 Training loss: 0.03843937709927559
[2025-01-13 03:06:50,963] INFO: Iter 39900 Summary: 
[2025-01-13 03:06:50,963] INFO: 	 lr: 1.000000000000002e-05 	 Training loss: 0.03820912793278694
[2025-01-13 03:07:08,270] INFO: Iter 40000 Summary: 
[2025-01-13 03:07:08,271] INFO: 	 lr: 1.000000000000002e-05 	 Training loss: 0.038689806573092934
