[2025-01-09 10:41:52,847] INFO: {
    "abs_dir": "/home/diwang/siMLPe/exps/baseline_h36m",
    "batch_size": 256,
    "cos_lr_max": 1e-05,
    "cos_lr_min": 5e-08,
    "cos_lr_total_iters": 40000,
    "data_aug": true,
    "deriv_input": true,
    "deriv_output": true,
    "device": "cuda:1",
    "h36m_anno_dir": "/home/diwang/siMLPe/data/h36m/",
    "link_log_file": "/home/diwang/siMLPe/exps/baseline_h36m/log/log_last.log",
    "link_val_log_file": "/home/diwang/siMLPe/exps/baseline_h36m/log/val_last.log",
    "log_dir": "/home/diwang/siMLPe/exps/baseline_h36m/log",
    "log_file": "/home/diwang/siMLPe/exps/baseline_h36m/log/log_2025_01_09_10_41_17.log",
    "model_pth": null,
    "motion": {
        "dim": 66,
        "h36m_input_length": 50,
        "h36m_input_length_dct": 50,
        "h36m_target_length": 10,
        "h36m_target_length_eval": 25,
        "h36m_target_length_train": 10
    },
    "motion_fc_in": {
        "activation": "relu",
        "in_features": 66,
        "init_w_trunc_normal": false,
        "out_features": 66,
        "temporal_fc": false,
        "with_norm": false
    },
    "motion_fc_out": {
        "activation": "relu",
        "in_features": 66,
        "init_w_trunc_normal": true,
        "out_features": 66,
        "temporal_fc": false,
        "with_norm": false
    },
    "motion_mlp": {
        "hidden_dim": 66,
        "norm_axis": "spatial",
        "num_layers": 48,
        "seq_len": 50,
        "spatial_fc_only": false,
        "with_normalization": true
    },
    "num_workers": 8,
    "post_dct": false,
    "pre_dct": false,
    "print_every": 100,
    "repo_name": "siMLPe",
    "root_dir": "/home/diwang/siMLPe",
    "save_every": 2000,
    "seed": 304,
    "shift_step": 1,
    "snapshot_dir": "/home/diwang/siMLPe/exps/baseline_h36m/log/snapshot",
    "this_dir": "baseline_h36m",
    "use_relative_loss": true,
    "val_log_file": "/home/diwang/siMLPe/exps/baseline_h36m/log/val_2025_01_09_10_41_17.log",
    "weight_decay": 0.0001
}
[2025-01-09 10:42:09,023] INFO: Iter 100 Summary: 
[2025-01-09 10:42:09,024] INFO: 	 lr: 0.00030000000000000073 	 Training loss: 0.08794107712805271
[2025-01-09 10:42:23,761] INFO: Iter 200 Summary: 
[2025-01-09 10:42:23,762] INFO: 	 lr: 0.00030000000000000073 	 Training loss: 0.07460863232612609
[2025-01-09 10:42:38,580] INFO: Iter 300 Summary: 
[2025-01-09 10:42:38,581] INFO: 	 lr: 0.00030000000000000073 	 Training loss: 0.07286782555282116
[2025-01-09 10:42:51,981] INFO: Iter 400 Summary: 
[2025-01-09 10:42:51,982] INFO: 	 lr: 0.00030000000000000073 	 Training loss: 0.07050974160432816
[2025-01-09 10:43:05,501] INFO: Iter 500 Summary: 
[2025-01-09 10:43:05,501] INFO: 	 lr: 0.00030000000000000073 	 Training loss: 0.07008568279445171
[2025-01-09 10:43:18,578] INFO: Iter 600 Summary: 
[2025-01-09 10:43:18,578] INFO: 	 lr: 0.00030000000000000073 	 Training loss: 0.06976874515414239
[2025-01-09 10:43:34,248] INFO: Iter 700 Summary: 
[2025-01-09 10:43:34,248] INFO: 	 lr: 0.00030000000000000073 	 Training loss: 0.06963251739740371
[2025-01-09 10:43:47,558] INFO: Iter 800 Summary: 
[2025-01-09 10:43:47,559] INFO: 	 lr: 0.00030000000000000073 	 Training loss: 0.06843937758356333
[2025-01-09 10:44:01,024] INFO: Iter 900 Summary: 
[2025-01-09 10:44:01,025] INFO: 	 lr: 0.00030000000000000073 	 Training loss: 0.06777318891137839
[2025-01-09 10:44:15,033] INFO: Iter 1000 Summary: 
[2025-01-09 10:44:15,033] INFO: 	 lr: 0.00030000000000000073 	 Training loss: 0.06708713870495558
[2025-01-09 10:44:28,999] INFO: Iter 1100 Summary: 
[2025-01-09 10:44:28,999] INFO: 	 lr: 0.00030000000000000073 	 Training loss: 0.06550734214484692
[2025-01-09 10:44:41,628] INFO: Iter 1200 Summary: 
[2025-01-09 10:44:41,629] INFO: 	 lr: 0.00030000000000000073 	 Training loss: 0.06480343855917453
[2025-01-09 10:44:55,136] INFO: Iter 1300 Summary: 
[2025-01-09 10:44:55,136] INFO: 	 lr: 0.00030000000000000073 	 Training loss: 0.06423227060586215
[2025-01-09 10:45:10,407] INFO: Iter 1400 Summary: 
[2025-01-09 10:45:10,407] INFO: 	 lr: 0.00030000000000000073 	 Training loss: 0.06310455072671176
[2025-01-09 10:45:20,995] INFO: Iter 1500 Summary: 
[2025-01-09 10:45:20,996] INFO: 	 lr: 0.00030000000000000073 	 Training loss: 0.06244915891438722
[2025-01-09 10:45:33,349] INFO: Iter 1600 Summary: 
[2025-01-09 10:45:33,350] INFO: 	 lr: 0.00030000000000000073 	 Training loss: 0.06150823816657067
[2025-01-09 10:45:44,968] INFO: Iter 1700 Summary: 
[2025-01-09 10:45:44,969] INFO: 	 lr: 0.00030000000000000073 	 Training loss: 0.061525436118245125
[2025-01-09 10:45:58,720] INFO: Iter 1800 Summary: 
[2025-01-09 10:45:58,720] INFO: 	 lr: 0.00030000000000000073 	 Training loss: 0.061150078624486924
[2025-01-09 10:46:11,255] INFO: Iter 1900 Summary: 
[2025-01-09 10:46:11,255] INFO: 	 lr: 0.00030000000000000073 	 Training loss: 0.06046142369508743
[2025-01-09 10:46:23,826] INFO: Iter 2000 Summary: 
[2025-01-09 10:46:23,827] INFO: 	 lr: 0.00030000000000000073 	 Training loss: 0.06029408819973469
[2025-01-09 10:46:44,374] INFO: Iter 2100 Summary: 
[2025-01-09 10:46:44,375] INFO: 	 lr: 0.00030000000000000073 	 Training loss: 0.06029411867260933
[2025-01-09 10:46:56,819] INFO: Iter 2200 Summary: 
[2025-01-09 10:46:56,819] INFO: 	 lr: 0.00030000000000000073 	 Training loss: 0.06004651855677366
[2025-01-09 10:47:11,060] INFO: Iter 2300 Summary: 
[2025-01-09 10:47:11,060] INFO: 	 lr: 0.00030000000000000073 	 Training loss: 0.059866489209234715
[2025-01-09 10:47:23,464] INFO: Iter 2400 Summary: 
[2025-01-09 10:47:23,465] INFO: 	 lr: 0.00030000000000000073 	 Training loss: 0.05927336025983095
[2025-01-09 10:47:36,060] INFO: Iter 2500 Summary: 
[2025-01-09 10:47:36,060] INFO: 	 lr: 0.00030000000000000073 	 Training loss: 0.05900589492172003
[2025-01-09 10:47:49,017] INFO: Iter 2600 Summary: 
[2025-01-09 10:47:49,017] INFO: 	 lr: 0.00030000000000000073 	 Training loss: 0.059163579009473326
[2025-01-09 10:48:03,017] INFO: Iter 2700 Summary: 
[2025-01-09 10:48:03,017] INFO: 	 lr: 0.00030000000000000073 	 Training loss: 0.05904397703707218
[2025-01-09 10:48:17,479] INFO: Iter 2800 Summary: 
[2025-01-09 10:48:17,480] INFO: 	 lr: 0.00030000000000000073 	 Training loss: 0.0587096880748868
[2025-01-09 10:48:30,768] INFO: Iter 2900 Summary: 
[2025-01-09 10:48:30,768] INFO: 	 lr: 0.00030000000000000073 	 Training loss: 0.058085957691073414
[2025-01-09 10:48:44,128] INFO: Iter 3000 Summary: 
[2025-01-09 10:48:44,129] INFO: 	 lr: 0.00030000000000000073 	 Training loss: 0.05841764681041241
[2025-01-09 10:48:56,777] INFO: Iter 3100 Summary: 
[2025-01-09 10:48:56,777] INFO: 	 lr: 0.00030000000000000073 	 Training loss: 0.05860505752265453
[2025-01-09 10:49:09,269] INFO: Iter 3200 Summary: 
[2025-01-09 10:49:09,269] INFO: 	 lr: 0.00030000000000000073 	 Training loss: 0.05790521997958422
[2025-01-09 10:49:22,009] INFO: Iter 3300 Summary: 
[2025-01-09 10:49:22,009] INFO: 	 lr: 0.00030000000000000073 	 Training loss: 0.05779257699847221
[2025-01-09 10:49:36,175] INFO: Iter 3400 Summary: 
[2025-01-09 10:49:36,175] INFO: 	 lr: 0.00030000000000000073 	 Training loss: 0.05796763759106398
[2025-01-09 10:49:51,085] INFO: Iter 3500 Summary: 
[2025-01-09 10:49:51,086] INFO: 	 lr: 0.00030000000000000073 	 Training loss: 0.058079831525683405
[2025-01-09 10:50:02,712] INFO: Iter 3600 Summary: 
[2025-01-09 10:50:02,712] INFO: 	 lr: 0.00030000000000000073 	 Training loss: 0.057038682736456396
[2025-01-09 10:50:15,605] INFO: Iter 3700 Summary: 
[2025-01-09 10:50:15,605] INFO: 	 lr: 0.00030000000000000073 	 Training loss: 0.057854658029973506
[2025-01-09 10:50:28,597] INFO: Iter 3800 Summary: 
[2025-01-09 10:50:28,597] INFO: 	 lr: 0.00030000000000000073 	 Training loss: 0.05750626917928457
[2025-01-09 10:50:42,134] INFO: Iter 3900 Summary: 
[2025-01-09 10:50:42,135] INFO: 	 lr: 0.00030000000000000073 	 Training loss: 0.05705701511353254
[2025-01-09 10:50:54,689] INFO: Iter 4000 Summary: 
[2025-01-09 10:50:54,689] INFO: 	 lr: 0.00030000000000000073 	 Training loss: 0.057052946612238885
[2025-01-09 10:51:12,198] INFO: Iter 4100 Summary: 
[2025-01-09 10:51:12,199] INFO: 	 lr: 0.00030000000000000073 	 Training loss: 0.05709255345165729
[2025-01-09 10:51:24,461] INFO: Iter 4200 Summary: 
[2025-01-09 10:51:24,462] INFO: 	 lr: 0.00030000000000000073 	 Training loss: 0.05743567731231451
[2025-01-09 10:51:36,905] INFO: Iter 4300 Summary: 
[2025-01-09 10:51:36,905] INFO: 	 lr: 0.00030000000000000073 	 Training loss: 0.057212534956634045
[2025-01-09 10:51:49,471] INFO: Iter 4400 Summary: 
[2025-01-09 10:51:49,471] INFO: 	 lr: 0.00030000000000000073 	 Training loss: 0.05720834005624056
[2025-01-09 10:52:02,529] INFO: Iter 4500 Summary: 
[2025-01-09 10:52:02,529] INFO: 	 lr: 0.00030000000000000073 	 Training loss: 0.05646588582545519
[2025-01-09 10:52:14,613] INFO: Iter 4600 Summary: 
[2025-01-09 10:52:14,614] INFO: 	 lr: 0.00030000000000000073 	 Training loss: 0.05644925381988287
[2025-01-09 10:52:27,857] INFO: Iter 4700 Summary: 
[2025-01-09 10:52:27,858] INFO: 	 lr: 0.00030000000000000073 	 Training loss: 0.0565725602209568
[2025-01-09 10:52:41,389] INFO: Iter 4800 Summary: 
[2025-01-09 10:52:41,389] INFO: 	 lr: 0.00030000000000000073 	 Training loss: 0.056439300440251826
[2025-01-09 10:52:56,045] INFO: Iter 4900 Summary: 
[2025-01-09 10:52:56,045] INFO: 	 lr: 0.00030000000000000073 	 Training loss: 0.05646700564771891
[2025-01-09 10:53:09,126] INFO: Iter 5000 Summary: 
[2025-01-09 10:53:09,126] INFO: 	 lr: 0.00030000000000000073 	 Training loss: 0.056822056248784066
[2025-01-09 10:53:23,018] INFO: Iter 5100 Summary: 
[2025-01-09 10:53:23,019] INFO: 	 lr: 0.00030000000000000073 	 Training loss: 0.05647139742970467
[2025-01-09 10:53:35,525] INFO: Iter 5200 Summary: 
[2025-01-09 10:53:35,526] INFO: 	 lr: 0.00030000000000000073 	 Training loss: 0.05645689971745014
[2025-01-09 10:53:46,488] INFO: Iter 5300 Summary: 
[2025-01-09 10:53:46,488] INFO: 	 lr: 0.00030000000000000073 	 Training loss: 0.05634094677865505
[2025-01-09 10:53:59,969] INFO: Iter 5400 Summary: 
[2025-01-09 10:53:59,969] INFO: 	 lr: 0.00030000000000000073 	 Training loss: 0.056087006069719794
[2025-01-09 10:54:12,161] INFO: Iter 5500 Summary: 
[2025-01-09 10:54:12,161] INFO: 	 lr: 0.00030000000000000073 	 Training loss: 0.055910449102520944
[2025-01-09 10:54:26,153] INFO: Iter 5600 Summary: 
[2025-01-09 10:54:26,153] INFO: 	 lr: 0.00030000000000000073 	 Training loss: 0.05624454542994499
[2025-01-09 10:54:39,877] INFO: Iter 5700 Summary: 
[2025-01-09 10:54:39,877] INFO: 	 lr: 0.00030000000000000073 	 Training loss: 0.05624765109270811
[2025-01-09 10:54:51,376] INFO: Iter 5800 Summary: 
[2025-01-09 10:54:51,376] INFO: 	 lr: 0.00030000000000000073 	 Training loss: 0.055948679782450196
[2025-01-09 10:55:04,839] INFO: Iter 5900 Summary: 
[2025-01-09 10:55:04,839] INFO: 	 lr: 0.00030000000000000073 	 Training loss: 0.055850105546414855
[2025-01-09 10:55:17,608] INFO: Iter 6000 Summary: 
[2025-01-09 10:55:17,608] INFO: 	 lr: 0.00030000000000000073 	 Training loss: 0.05598669312894344
[2025-01-09 10:55:34,855] INFO: Iter 6100 Summary: 
[2025-01-09 10:55:34,855] INFO: 	 lr: 0.00030000000000000073 	 Training loss: 0.05593094818294048
[2025-01-09 10:55:48,643] INFO: Iter 6200 Summary: 
[2025-01-09 10:55:48,644] INFO: 	 lr: 0.00030000000000000073 	 Training loss: 0.05589294999837875
[2025-01-09 10:56:01,354] INFO: Iter 6300 Summary: 
[2025-01-09 10:56:01,354] INFO: 	 lr: 0.00030000000000000073 	 Training loss: 0.05563443519175053
[2025-01-09 10:56:14,849] INFO: Iter 6400 Summary: 
[2025-01-09 10:56:14,849] INFO: 	 lr: 0.00030000000000000073 	 Training loss: 0.05538073640316725
[2025-01-09 10:56:27,377] INFO: Iter 6500 Summary: 
[2025-01-09 10:56:27,378] INFO: 	 lr: 0.00030000000000000073 	 Training loss: 0.05548404041677713
[2025-01-09 10:56:40,018] INFO: Iter 6600 Summary: 
[2025-01-09 10:56:40,018] INFO: 	 lr: 0.00030000000000000073 	 Training loss: 0.05580711804330349
[2025-01-09 10:56:52,488] INFO: Iter 6700 Summary: 
[2025-01-09 10:56:52,489] INFO: 	 lr: 0.00030000000000000073 	 Training loss: 0.05561465252190828
[2025-01-09 10:57:04,717] INFO: Iter 6800 Summary: 
[2025-01-09 10:57:04,717] INFO: 	 lr: 0.00030000000000000073 	 Training loss: 0.05564902774989605
[2025-01-09 10:57:17,326] INFO: Iter 6900 Summary: 
[2025-01-09 10:57:17,327] INFO: 	 lr: 0.00030000000000000073 	 Training loss: 0.055550045035779476
[2025-01-09 10:57:29,982] INFO: Iter 7000 Summary: 
[2025-01-09 10:57:29,983] INFO: 	 lr: 0.00030000000000000073 	 Training loss: 0.055514820106327536
[2025-01-09 10:57:43,972] INFO: Iter 7100 Summary: 
[2025-01-09 10:57:43,972] INFO: 	 lr: 0.00030000000000000073 	 Training loss: 0.05517424125224352
[2025-01-09 10:57:57,119] INFO: Iter 7200 Summary: 
[2025-01-09 10:57:57,119] INFO: 	 lr: 0.00030000000000000073 	 Training loss: 0.05522652566432953
[2025-01-09 10:58:07,352] INFO: Iter 7300 Summary: 
[2025-01-09 10:58:07,352] INFO: 	 lr: 0.00030000000000000073 	 Training loss: 0.0558215331658721
[2025-01-09 10:58:19,013] INFO: Iter 7400 Summary: 
[2025-01-09 10:58:19,014] INFO: 	 lr: 0.00030000000000000073 	 Training loss: 0.05527408964931965
[2025-01-09 10:58:31,707] INFO: Iter 7500 Summary: 
[2025-01-09 10:58:31,707] INFO: 	 lr: 0.00030000000000000073 	 Training loss: 0.054953363686800004
[2025-01-09 10:58:46,355] INFO: Iter 7600 Summary: 
[2025-01-09 10:58:46,356] INFO: 	 lr: 0.00030000000000000073 	 Training loss: 0.05509154293686151
[2025-01-09 10:59:00,431] INFO: Iter 7700 Summary: 
[2025-01-09 10:59:00,432] INFO: 	 lr: 0.00030000000000000073 	 Training loss: 0.054978936128318306
[2025-01-09 10:59:12,895] INFO: Iter 7800 Summary: 
[2025-01-09 10:59:12,896] INFO: 	 lr: 0.00030000000000000073 	 Training loss: 0.05490869551897049
[2025-01-09 10:59:25,427] INFO: Iter 7900 Summary: 
[2025-01-09 10:59:25,427] INFO: 	 lr: 0.00030000000000000073 	 Training loss: 0.055107317827641965
[2025-01-09 10:59:36,756] INFO: Iter 8000 Summary: 
[2025-01-09 10:59:36,757] INFO: 	 lr: 0.00030000000000000073 	 Training loss: 0.05524900142103434
[2025-01-09 10:59:53,580] INFO: Iter 8100 Summary: 
[2025-01-09 10:59:53,580] INFO: 	 lr: 0.00030000000000000073 	 Training loss: 0.05456983212381601
[2025-01-09 11:00:06,104] INFO: Iter 8200 Summary: 
[2025-01-09 11:00:06,104] INFO: 	 lr: 0.00030000000000000073 	 Training loss: 0.05485543038696051
[2025-01-09 11:00:21,185] INFO: Iter 8300 Summary: 
[2025-01-09 11:00:21,186] INFO: 	 lr: 0.00030000000000000073 	 Training loss: 0.05488997835665941
[2025-01-09 11:00:35,137] INFO: Iter 8400 Summary: 
[2025-01-09 11:00:35,137] INFO: 	 lr: 0.00030000000000000073 	 Training loss: 0.05463388092815876
[2025-01-09 11:00:48,702] INFO: Iter 8500 Summary: 
[2025-01-09 11:00:48,702] INFO: 	 lr: 0.00030000000000000073 	 Training loss: 0.054508091509342195
[2025-01-09 11:01:01,072] INFO: Iter 8600 Summary: 
[2025-01-09 11:01:01,072] INFO: 	 lr: 0.00030000000000000073 	 Training loss: 0.05448810160160065
[2025-01-09 11:01:13,727] INFO: Iter 8700 Summary: 
[2025-01-09 11:01:13,727] INFO: 	 lr: 0.00030000000000000073 	 Training loss: 0.054875474497675894
[2025-01-09 11:01:26,572] INFO: Iter 8800 Summary: 
[2025-01-09 11:01:26,573] INFO: 	 lr: 0.00030000000000000073 	 Training loss: 0.05455933887511492
[2025-01-09 11:01:38,828] INFO: Iter 8900 Summary: 
[2025-01-09 11:01:38,828] INFO: 	 lr: 0.00030000000000000073 	 Training loss: 0.05444429941475391
[2025-01-09 11:01:52,442] INFO: Iter 9000 Summary: 
[2025-01-09 11:01:52,442] INFO: 	 lr: 0.00030000000000000073 	 Training loss: 0.05445666875690222
[2025-01-09 11:02:04,067] INFO: Iter 9100 Summary: 
[2025-01-09 11:02:04,068] INFO: 	 lr: 0.00030000000000000073 	 Training loss: 0.054573932737112044
[2025-01-09 11:02:16,529] INFO: Iter 9200 Summary: 
[2025-01-09 11:02:16,530] INFO: 	 lr: 0.00030000000000000073 	 Training loss: 0.054147105664014816
[2025-01-09 11:02:28,983] INFO: Iter 9300 Summary: 
[2025-01-09 11:02:28,983] INFO: 	 lr: 0.00030000000000000073 	 Training loss: 0.05441112902015448
[2025-01-09 11:02:41,104] INFO: Iter 9400 Summary: 
[2025-01-09 11:02:41,104] INFO: 	 lr: 0.00030000000000000073 	 Training loss: 0.054215854741632936
[2025-01-09 11:02:52,487] INFO: Iter 9500 Summary: 
[2025-01-09 11:02:52,488] INFO: 	 lr: 0.00030000000000000073 	 Training loss: 0.05444006979465485
[2025-01-09 11:03:05,268] INFO: Iter 9600 Summary: 
[2025-01-09 11:03:05,268] INFO: 	 lr: 0.00030000000000000073 	 Training loss: 0.0547230426967144
[2025-01-09 11:03:20,811] INFO: Iter 9700 Summary: 
[2025-01-09 11:03:20,812] INFO: 	 lr: 0.00030000000000000073 	 Training loss: 0.05376916334033013
[2025-01-09 11:03:33,257] INFO: Iter 9800 Summary: 
[2025-01-09 11:03:33,257] INFO: 	 lr: 0.00030000000000000073 	 Training loss: 0.05412860937416553
[2025-01-09 11:03:46,275] INFO: Iter 9900 Summary: 
[2025-01-09 11:03:46,276] INFO: 	 lr: 0.00030000000000000073 	 Training loss: 0.05398316632956266
[2025-01-09 11:03:59,172] INFO: Iter 10000 Summary: 
[2025-01-09 11:03:59,172] INFO: 	 lr: 0.00030000000000000073 	 Training loss: 0.05426237747073173
[2025-01-09 11:04:15,995] INFO: Iter 10100 Summary: 
[2025-01-09 11:04:15,995] INFO: 	 lr: 0.00030000000000000073 	 Training loss: 0.0539825477078557
[2025-01-09 11:04:29,624] INFO: Iter 10200 Summary: 
[2025-01-09 11:04:29,624] INFO: 	 lr: 0.00030000000000000073 	 Training loss: 0.053833953328430655
[2025-01-09 11:04:41,453] INFO: Iter 10300 Summary: 
[2025-01-09 11:04:41,453] INFO: 	 lr: 0.00030000000000000073 	 Training loss: 0.05374942664057016
[2025-01-09 11:04:56,818] INFO: Iter 10400 Summary: 
[2025-01-09 11:04:56,818] INFO: 	 lr: 0.00030000000000000073 	 Training loss: 0.05367924198508263
[2025-01-09 11:05:10,539] INFO: Iter 10500 Summary: 
[2025-01-09 11:05:10,539] INFO: 	 lr: 0.00030000000000000073 	 Training loss: 0.053985454104840756
[2025-01-09 11:05:23,744] INFO: Iter 10600 Summary: 
[2025-01-09 11:05:23,750] INFO: 	 lr: 0.00030000000000000073 	 Training loss: 0.053585345186293126
[2025-01-09 11:05:37,185] INFO: Iter 10700 Summary: 
[2025-01-09 11:05:37,185] INFO: 	 lr: 0.00030000000000000073 	 Training loss: 0.05360926166176796
[2025-01-09 11:05:51,056] INFO: Iter 10800 Summary: 
[2025-01-09 11:05:51,056] INFO: 	 lr: 0.00030000000000000073 	 Training loss: 0.0538432589918375
[2025-01-09 11:06:00,735] INFO: Iter 10900 Summary: 
[2025-01-09 11:06:00,735] INFO: 	 lr: 0.00030000000000000073 	 Training loss: 0.05367533415555954
[2025-01-09 11:06:12,805] INFO: Iter 11000 Summary: 
[2025-01-09 11:06:12,805] INFO: 	 lr: 0.00030000000000000073 	 Training loss: 0.053809888660907745
[2025-01-09 11:06:28,197] INFO: Iter 11100 Summary: 
[2025-01-09 11:06:28,197] INFO: 	 lr: 0.00030000000000000073 	 Training loss: 0.0532009756192565
[2025-01-09 11:06:40,144] INFO: Iter 11200 Summary: 
[2025-01-09 11:06:40,144] INFO: 	 lr: 0.00030000000000000073 	 Training loss: 0.05322136852890253
[2025-01-09 11:06:51,134] INFO: Iter 11300 Summary: 
[2025-01-09 11:06:51,134] INFO: 	 lr: 0.00030000000000000073 	 Training loss: 0.05352940786629915
[2025-01-09 11:07:04,116] INFO: Iter 11400 Summary: 
[2025-01-09 11:07:04,117] INFO: 	 lr: 0.00030000000000000073 	 Training loss: 0.05316378619521856
[2025-01-09 11:07:17,738] INFO: Iter 11500 Summary: 
[2025-01-09 11:07:17,739] INFO: 	 lr: 0.00030000000000000073 	 Training loss: 0.05344206403940916
[2025-01-09 11:07:30,265] INFO: Iter 11600 Summary: 
[2025-01-09 11:07:30,265] INFO: 	 lr: 0.00030000000000000073 	 Training loss: 0.05341639060527086
[2025-01-09 11:07:44,462] INFO: Iter 11700 Summary: 
[2025-01-09 11:07:44,462] INFO: 	 lr: 0.00030000000000000073 	 Training loss: 0.053690144158899784
[2025-01-09 11:07:57,271] INFO: Iter 11800 Summary: 
[2025-01-09 11:07:57,271] INFO: 	 lr: 0.00030000000000000073 	 Training loss: 0.053406984470784666
[2025-01-09 11:08:09,825] INFO: Iter 11900 Summary: 
[2025-01-09 11:08:09,825] INFO: 	 lr: 0.00030000000000000073 	 Training loss: 0.05311980750411749
[2025-01-09 11:08:23,107] INFO: Iter 12000 Summary: 
[2025-01-09 11:08:23,107] INFO: 	 lr: 0.00030000000000000073 	 Training loss: 0.05324826315045357
[2025-01-09 11:08:40,180] INFO: Iter 12100 Summary: 
[2025-01-09 11:08:40,180] INFO: 	 lr: 0.00030000000000000073 	 Training loss: 0.05274382524192333
[2025-01-09 11:08:53,207] INFO: Iter 12200 Summary: 
[2025-01-09 11:08:53,207] INFO: 	 lr: 0.00030000000000000073 	 Training loss: 0.05271008737385273
[2025-01-09 11:09:04,921] INFO: Iter 12300 Summary: 
[2025-01-09 11:09:04,921] INFO: 	 lr: 0.00030000000000000073 	 Training loss: 0.05290634151548147
[2025-01-09 11:09:20,739] INFO: Iter 12400 Summary: 
[2025-01-09 11:09:20,739] INFO: 	 lr: 0.00030000000000000073 	 Training loss: 0.05356928195804358
[2025-01-09 11:09:34,168] INFO: Iter 12500 Summary: 
[2025-01-09 11:09:34,169] INFO: 	 lr: 0.00030000000000000073 	 Training loss: 0.05289728589355946
[2025-01-09 11:09:47,441] INFO: Iter 12600 Summary: 
[2025-01-09 11:09:47,441] INFO: 	 lr: 0.00030000000000000073 	 Training loss: 0.052983727008104324
[2025-01-09 11:09:58,823] INFO: Iter 12700 Summary: 
[2025-01-09 11:09:58,823] INFO: 	 lr: 0.00030000000000000073 	 Training loss: 0.05310919981449842
[2025-01-09 11:10:11,460] INFO: Iter 12800 Summary: 
[2025-01-09 11:10:11,461] INFO: 	 lr: 0.00030000000000000073 	 Training loss: 0.052586242854595185
[2025-01-09 11:10:25,309] INFO: Iter 12900 Summary: 
[2025-01-09 11:10:25,309] INFO: 	 lr: 0.00030000000000000073 	 Training loss: 0.05266588978469372
[2025-01-09 11:10:38,707] INFO: Iter 13000 Summary: 
[2025-01-09 11:10:38,707] INFO: 	 lr: 0.00030000000000000073 	 Training loss: 0.05306199327111244
[2025-01-09 11:10:54,634] INFO: Iter 13100 Summary: 
[2025-01-09 11:10:54,634] INFO: 	 lr: 0.00030000000000000073 	 Training loss: 0.052587557695806024
[2025-01-09 11:11:07,867] INFO: Iter 13200 Summary: 
[2025-01-09 11:11:07,868] INFO: 	 lr: 0.00030000000000000073 	 Training loss: 0.052550198324024675
[2025-01-09 11:11:20,202] INFO: Iter 13300 Summary: 
[2025-01-09 11:11:20,202] INFO: 	 lr: 0.00030000000000000073 	 Training loss: 0.0525715709105134
[2025-01-09 11:11:32,500] INFO: Iter 13400 Summary: 
[2025-01-09 11:11:32,500] INFO: 	 lr: 0.00030000000000000073 	 Training loss: 0.05270739067345857
[2025-01-09 11:11:44,347] INFO: Iter 13500 Summary: 
[2025-01-09 11:11:44,347] INFO: 	 lr: 0.00030000000000000073 	 Training loss: 0.05269403744488955
[2025-01-09 11:11:57,303] INFO: Iter 13600 Summary: 
[2025-01-09 11:11:57,303] INFO: 	 lr: 0.00030000000000000073 	 Training loss: 0.05265825930982828
[2025-01-09 11:12:09,271] INFO: Iter 13700 Summary: 
[2025-01-09 11:12:09,271] INFO: 	 lr: 0.00030000000000000073 	 Training loss: 0.05277021057903766
[2025-01-09 11:12:22,536] INFO: Iter 13800 Summary: 
[2025-01-09 11:12:22,537] INFO: 	 lr: 0.00030000000000000073 	 Training loss: 0.05211493469774723
[2025-01-09 11:12:35,491] INFO: Iter 13900 Summary: 
[2025-01-09 11:12:35,491] INFO: 	 lr: 0.00030000000000000073 	 Training loss: 0.052688464671373364
[2025-01-09 11:12:48,015] INFO: Iter 14000 Summary: 
[2025-01-09 11:12:48,015] INFO: 	 lr: 0.00030000000000000073 	 Training loss: 0.05260753657668829
[2025-01-09 11:13:05,315] INFO: Iter 14100 Summary: 
[2025-01-09 11:13:05,315] INFO: 	 lr: 0.00030000000000000073 	 Training loss: 0.05253504864871502
[2025-01-09 11:13:17,749] INFO: Iter 14200 Summary: 
[2025-01-09 11:13:17,749] INFO: 	 lr: 0.00030000000000000073 	 Training loss: 0.05196056794375181
[2025-01-09 11:13:30,494] INFO: Iter 14300 Summary: 
[2025-01-09 11:13:30,494] INFO: 	 lr: 0.00030000000000000073 	 Training loss: 0.052607171982526776
[2025-01-09 11:13:41,761] INFO: Iter 14400 Summary: 
[2025-01-09 11:13:41,761] INFO: 	 lr: 0.00030000000000000073 	 Training loss: 0.05261567134410143
[2025-01-09 11:13:56,360] INFO: Iter 14500 Summary: 
[2025-01-09 11:13:56,360] INFO: 	 lr: 0.00030000000000000073 	 Training loss: 0.05219767056405544
[2025-01-09 11:14:06,290] INFO: Iter 14600 Summary: 
[2025-01-09 11:14:06,298] INFO: 	 lr: 0.00030000000000000073 	 Training loss: 0.052366088628768924
[2025-01-09 11:14:18,998] INFO: Iter 14700 Summary: 
[2025-01-09 11:14:18,998] INFO: 	 lr: 0.00030000000000000073 	 Training loss: 0.052204345613718034
[2025-01-09 11:14:32,798] INFO: Iter 14800 Summary: 
[2025-01-09 11:14:32,798] INFO: 	 lr: 0.00030000000000000073 	 Training loss: 0.05271961778402329
[2025-01-09 11:14:44,719] INFO: Iter 14900 Summary: 
[2025-01-09 11:14:44,720] INFO: 	 lr: 0.00030000000000000073 	 Training loss: 0.05223255060613155
[2025-01-09 11:14:57,668] INFO: Iter 15000 Summary: 
[2025-01-09 11:14:57,669] INFO: 	 lr: 0.00030000000000000073 	 Training loss: 0.052149945832788945
[2025-01-09 11:15:09,463] INFO: Iter 15100 Summary: 
[2025-01-09 11:15:09,463] INFO: 	 lr: 0.00030000000000000073 	 Training loss: 0.05219866454601288
[2025-01-09 11:15:23,972] INFO: Iter 15200 Summary: 
[2025-01-09 11:15:23,972] INFO: 	 lr: 0.00030000000000000073 	 Training loss: 0.05195675682276488
[2025-01-09 11:15:35,249] INFO: Iter 15300 Summary: 
[2025-01-09 11:15:35,249] INFO: 	 lr: 0.00030000000000000073 	 Training loss: 0.05221051804721356
[2025-01-09 11:15:47,769] INFO: Iter 15400 Summary: 
[2025-01-09 11:15:47,769] INFO: 	 lr: 0.00030000000000000073 	 Training loss: 0.05204249586910009
[2025-01-09 11:16:00,634] INFO: Iter 15500 Summary: 
[2025-01-09 11:16:00,635] INFO: 	 lr: 0.00030000000000000073 	 Training loss: 0.051982021518051626
[2025-01-09 11:16:11,454] INFO: Iter 15600 Summary: 
[2025-01-09 11:16:11,454] INFO: 	 lr: 0.00030000000000000073 	 Training loss: 0.051906159594655034
[2025-01-09 11:16:23,463] INFO: Iter 15700 Summary: 
[2025-01-09 11:16:23,463] INFO: 	 lr: 0.00030000000000000073 	 Training loss: 0.05211321927607059
[2025-01-09 11:16:35,604] INFO: Iter 15800 Summary: 
[2025-01-09 11:16:35,605] INFO: 	 lr: 0.00030000000000000073 	 Training loss: 0.05190072327852249
[2025-01-09 11:16:49,909] INFO: Iter 15900 Summary: 
[2025-01-09 11:16:49,909] INFO: 	 lr: 0.00030000000000000073 	 Training loss: 0.05189244676381349
[2025-01-09 11:17:02,069] INFO: Iter 16000 Summary: 
[2025-01-09 11:17:02,070] INFO: 	 lr: 0.00030000000000000073 	 Training loss: 0.051828390508890154
[2025-01-09 11:17:17,478] INFO: Iter 16100 Summary: 
[2025-01-09 11:17:17,479] INFO: 	 lr: 0.00030000000000000073 	 Training loss: 0.051660723499953744
[2025-01-09 11:17:30,252] INFO: Iter 16200 Summary: 
[2025-01-09 11:17:30,252] INFO: 	 lr: 0.00030000000000000073 	 Training loss: 0.051687639690935615
[2025-01-09 11:17:41,212] INFO: Iter 16300 Summary: 
[2025-01-09 11:17:41,212] INFO: 	 lr: 0.00030000000000000073 	 Training loss: 0.05183958034962416
[2025-01-09 11:17:54,571] INFO: Iter 16400 Summary: 
[2025-01-09 11:17:54,571] INFO: 	 lr: 0.00030000000000000073 	 Training loss: 0.05197963759303093
[2025-01-09 11:18:07,233] INFO: Iter 16500 Summary: 
[2025-01-09 11:18:07,234] INFO: 	 lr: 0.00030000000000000073 	 Training loss: 0.05180649690330028
[2025-01-09 11:18:21,458] INFO: Iter 16600 Summary: 
[2025-01-09 11:18:21,458] INFO: 	 lr: 0.00030000000000000073 	 Training loss: 0.05184825476258993
[2025-01-09 11:18:34,122] INFO: Iter 16700 Summary: 
[2025-01-09 11:18:34,123] INFO: 	 lr: 0.00030000000000000073 	 Training loss: 0.05166025821119547
[2025-01-09 11:18:49,080] INFO: Iter 16800 Summary: 
[2025-01-09 11:18:49,081] INFO: 	 lr: 0.00030000000000000073 	 Training loss: 0.05144703730940819
[2025-01-09 11:19:02,763] INFO: Iter 16900 Summary: 
[2025-01-09 11:19:02,763] INFO: 	 lr: 0.00030000000000000073 	 Training loss: 0.05188020259141922
[2025-01-09 11:19:16,298] INFO: Iter 17000 Summary: 
[2025-01-09 11:19:16,298] INFO: 	 lr: 0.00030000000000000073 	 Training loss: 0.05167676772922278
[2025-01-09 11:19:28,337] INFO: Iter 17100 Summary: 
[2025-01-09 11:19:28,338] INFO: 	 lr: 0.00030000000000000073 	 Training loss: 0.05154347825795412
[2025-01-09 11:19:42,030] INFO: Iter 17200 Summary: 
[2025-01-09 11:19:42,030] INFO: 	 lr: 0.00030000000000000073 	 Training loss: 0.051710823439061644
[2025-01-09 11:19:55,646] INFO: Iter 17300 Summary: 
[2025-01-09 11:19:55,646] INFO: 	 lr: 0.00030000000000000073 	 Training loss: 0.05146552309393883
[2025-01-09 11:20:08,648] INFO: Iter 17400 Summary: 
[2025-01-09 11:20:08,654] INFO: 	 lr: 0.00030000000000000073 	 Training loss: 0.05160773795098066
[2025-01-09 11:20:21,471] INFO: Iter 17500 Summary: 
[2025-01-09 11:20:21,472] INFO: 	 lr: 0.00030000000000000073 	 Training loss: 0.05128407426178455
[2025-01-09 11:20:33,469] INFO: Iter 17600 Summary: 
[2025-01-09 11:20:33,470] INFO: 	 lr: 0.00030000000000000073 	 Training loss: 0.05164129391312599
[2025-01-09 11:20:46,388] INFO: Iter 17700 Summary: 
[2025-01-09 11:20:46,388] INFO: 	 lr: 0.00030000000000000073 	 Training loss: 0.051579863727092744
[2025-01-09 11:20:58,393] INFO: Iter 17800 Summary: 
[2025-01-09 11:20:58,394] INFO: 	 lr: 0.00030000000000000073 	 Training loss: 0.05146964304149151
[2025-01-09 11:21:14,535] INFO: Iter 17900 Summary: 
[2025-01-09 11:21:14,536] INFO: 	 lr: 0.00030000000000000073 	 Training loss: 0.05166690345853567
[2025-01-09 11:21:27,728] INFO: Iter 18000 Summary: 
[2025-01-09 11:21:27,729] INFO: 	 lr: 0.00030000000000000073 	 Training loss: 0.051644185781478884
[2025-01-09 11:21:46,498] INFO: Iter 18100 Summary: 
[2025-01-09 11:21:46,498] INFO: 	 lr: 0.00030000000000000073 	 Training loss: 0.051201029233634475
[2025-01-09 11:21:59,955] INFO: Iter 18200 Summary: 
[2025-01-09 11:21:59,956] INFO: 	 lr: 0.00030000000000000073 	 Training loss: 0.05134695891290903
[2025-01-09 11:22:13,928] INFO: Iter 18300 Summary: 
[2025-01-09 11:22:13,929] INFO: 	 lr: 0.00030000000000000073 	 Training loss: 0.05157510172575712
[2025-01-09 11:22:27,672] INFO: Iter 18400 Summary: 
[2025-01-09 11:22:27,672] INFO: 	 lr: 0.00030000000000000073 	 Training loss: 0.05121099688112736
[2025-01-09 11:22:40,959] INFO: Iter 18500 Summary: 
[2025-01-09 11:22:40,960] INFO: 	 lr: 0.00030000000000000073 	 Training loss: 0.05175442900508642
[2025-01-09 11:22:54,533] INFO: Iter 18600 Summary: 
[2025-01-09 11:22:54,534] INFO: 	 lr: 0.00030000000000000073 	 Training loss: 0.05150027029216289
[2025-01-09 11:23:08,968] INFO: Iter 18700 Summary: 
[2025-01-09 11:23:08,968] INFO: 	 lr: 0.00030000000000000073 	 Training loss: 0.05132886871695518
[2025-01-09 11:23:21,042] INFO: Iter 18800 Summary: 
[2025-01-09 11:23:21,042] INFO: 	 lr: 0.00030000000000000073 	 Training loss: 0.051290949359536174
[2025-01-09 11:23:33,908] INFO: Iter 18900 Summary: 
[2025-01-09 11:23:33,908] INFO: 	 lr: 0.00030000000000000073 	 Training loss: 0.05131876863539219
[2025-01-09 11:23:46,323] INFO: Iter 19000 Summary: 
[2025-01-09 11:23:46,324] INFO: 	 lr: 0.00030000000000000073 	 Training loss: 0.05104547832161188
[2025-01-09 11:23:58,069] INFO: Iter 19100 Summary: 
[2025-01-09 11:23:58,069] INFO: 	 lr: 0.00030000000000000073 	 Training loss: 0.05152171019464731
[2025-01-09 11:24:10,104] INFO: Iter 19200 Summary: 
[2025-01-09 11:24:10,104] INFO: 	 lr: 0.00030000000000000073 	 Training loss: 0.0511767852678895
[2025-01-09 11:24:24,801] INFO: Iter 19300 Summary: 
[2025-01-09 11:24:24,802] INFO: 	 lr: 0.00030000000000000073 	 Training loss: 0.05127401445060968
[2025-01-09 11:24:36,729] INFO: Iter 19400 Summary: 
[2025-01-09 11:24:36,729] INFO: 	 lr: 0.00030000000000000073 	 Training loss: 0.05130301676690578
[2025-01-09 11:24:48,388] INFO: Iter 19500 Summary: 
[2025-01-09 11:24:48,391] INFO: 	 lr: 0.00030000000000000073 	 Training loss: 0.05134114008396864
[2025-01-09 11:24:59,888] INFO: Iter 19600 Summary: 
[2025-01-09 11:24:59,888] INFO: 	 lr: 0.00030000000000000073 	 Training loss: 0.05158373661339283
[2025-01-09 11:25:13,172] INFO: Iter 19700 Summary: 
[2025-01-09 11:25:13,172] INFO: 	 lr: 0.00030000000000000073 	 Training loss: 0.05084107041358948
[2025-01-09 11:25:26,293] INFO: Iter 19800 Summary: 
[2025-01-09 11:25:26,294] INFO: 	 lr: 0.00030000000000000073 	 Training loss: 0.050937211327254775
[2025-01-09 11:25:38,602] INFO: Iter 19900 Summary: 
[2025-01-09 11:25:38,603] INFO: 	 lr: 0.00030000000000000073 	 Training loss: 0.05130688566714525
[2025-01-09 11:25:54,284] INFO: Iter 20000 Summary: 
[2025-01-09 11:25:54,284] INFO: 	 lr: 0.00030000000000000073 	 Training loss: 0.05102405846118927
[2025-01-09 11:26:10,621] INFO: Iter 20100 Summary: 
[2025-01-09 11:26:10,622] INFO: 	 lr: 0.00030000000000000073 	 Training loss: 0.051139292046427726
[2025-01-09 11:26:21,874] INFO: Iter 20200 Summary: 
[2025-01-09 11:26:21,874] INFO: 	 lr: 0.00030000000000000073 	 Training loss: 0.05114899724721909
[2025-01-09 11:26:33,162] INFO: Iter 20300 Summary: 
[2025-01-09 11:26:33,162] INFO: 	 lr: 0.00030000000000000073 	 Training loss: 0.0510852861776948
[2025-01-09 11:26:44,833] INFO: Iter 20400 Summary: 
[2025-01-09 11:26:44,833] INFO: 	 lr: 0.00030000000000000073 	 Training loss: 0.05077480621635914
[2025-01-09 11:26:55,744] INFO: Iter 20500 Summary: 
[2025-01-09 11:26:55,744] INFO: 	 lr: 0.00030000000000000073 	 Training loss: 0.051400415264070035
[2025-01-09 11:27:07,716] INFO: Iter 20600 Summary: 
[2025-01-09 11:27:07,716] INFO: 	 lr: 0.00030000000000000073 	 Training loss: 0.05109453931450844
[2025-01-09 11:27:22,391] INFO: Iter 20700 Summary: 
[2025-01-09 11:27:22,391] INFO: 	 lr: 0.00030000000000000073 	 Training loss: 0.05054993361234665
[2025-01-09 11:27:34,314] INFO: Iter 20800 Summary: 
[2025-01-09 11:27:34,314] INFO: 	 lr: 0.00030000000000000073 	 Training loss: 0.05090499345213175
[2025-01-09 11:27:47,091] INFO: Iter 20900 Summary: 
[2025-01-09 11:27:47,091] INFO: 	 lr: 0.00030000000000000073 	 Training loss: 0.05094671931117773
[2025-01-09 11:28:00,235] INFO: Iter 21000 Summary: 
[2025-01-09 11:28:00,235] INFO: 	 lr: 0.00030000000000000073 	 Training loss: 0.05135865610092878
[2025-01-09 11:28:14,141] INFO: Iter 21100 Summary: 
[2025-01-09 11:28:14,141] INFO: 	 lr: 0.00030000000000000073 	 Training loss: 0.05101578187197447
[2025-01-09 11:28:26,948] INFO: Iter 21200 Summary: 
[2025-01-09 11:28:26,948] INFO: 	 lr: 0.00030000000000000073 	 Training loss: 0.050996047519147394
[2025-01-09 11:28:38,721] INFO: Iter 21300 Summary: 
[2025-01-09 11:28:38,722] INFO: 	 lr: 0.00030000000000000073 	 Training loss: 0.050869165249168874
[2025-01-09 11:28:52,711] INFO: Iter 21400 Summary: 
[2025-01-09 11:28:52,711] INFO: 	 lr: 0.00030000000000000073 	 Training loss: 0.050903980508446696
[2025-01-09 11:29:04,140] INFO: Iter 21500 Summary: 
[2025-01-09 11:29:04,141] INFO: 	 lr: 0.00030000000000000073 	 Training loss: 0.05065680980682373
[2025-01-09 11:29:14,710] INFO: Iter 21600 Summary: 
[2025-01-09 11:29:14,710] INFO: 	 lr: 0.00030000000000000073 	 Training loss: 0.050687139369547364
[2025-01-09 11:29:25,301] INFO: Iter 21700 Summary: 
[2025-01-09 11:29:25,301] INFO: 	 lr: 0.00030000000000000073 	 Training loss: 0.05113038558512926
[2025-01-09 11:29:36,337] INFO: Iter 21800 Summary: 
[2025-01-09 11:29:36,337] INFO: 	 lr: 0.00030000000000000073 	 Training loss: 0.05056359104812145
[2025-01-09 11:29:47,849] INFO: Iter 21900 Summary: 
[2025-01-09 11:29:47,849] INFO: 	 lr: 0.00030000000000000073 	 Training loss: 0.05075728405267
[2025-01-09 11:30:00,127] INFO: Iter 22000 Summary: 
[2025-01-09 11:30:00,128] INFO: 	 lr: 0.00030000000000000073 	 Training loss: 0.05116270635277033
[2025-01-09 11:30:17,632] INFO: Iter 22100 Summary: 
[2025-01-09 11:30:17,632] INFO: 	 lr: 0.00030000000000000073 	 Training loss: 0.05061834659427404
[2025-01-09 11:30:28,081] INFO: Iter 22200 Summary: 
[2025-01-09 11:30:28,081] INFO: 	 lr: 0.00030000000000000073 	 Training loss: 0.0507355535402894
[2025-01-09 11:30:40,599] INFO: Iter 22300 Summary: 
[2025-01-09 11:30:40,599] INFO: 	 lr: 0.00030000000000000073 	 Training loss: 0.050886883437633514
[2025-01-09 11:30:50,582] INFO: Iter 22400 Summary: 
[2025-01-09 11:30:50,583] INFO: 	 lr: 0.00030000000000000073 	 Training loss: 0.05106848049908876
[2025-01-09 11:31:03,235] INFO: Iter 22500 Summary: 
[2025-01-09 11:31:03,235] INFO: 	 lr: 0.00030000000000000073 	 Training loss: 0.050771045610308645
[2025-01-09 11:31:14,527] INFO: Iter 22600 Summary: 
[2025-01-09 11:31:14,527] INFO: 	 lr: 0.00030000000000000073 	 Training loss: 0.0506671130284667
[2025-01-09 11:31:27,184] INFO: Iter 22700 Summary: 
[2025-01-09 11:31:27,185] INFO: 	 lr: 0.00030000000000000073 	 Training loss: 0.050404276959598066
[2025-01-09 11:31:41,082] INFO: Iter 22800 Summary: 
[2025-01-09 11:31:41,083] INFO: 	 lr: 0.00030000000000000073 	 Training loss: 0.05029043983668089
[2025-01-09 11:31:52,927] INFO: Iter 22900 Summary: 
[2025-01-09 11:31:52,927] INFO: 	 lr: 0.00030000000000000073 	 Training loss: 0.0509649545326829
[2025-01-09 11:32:06,113] INFO: Iter 23000 Summary: 
[2025-01-09 11:32:06,113] INFO: 	 lr: 0.00030000000000000073 	 Training loss: 0.0509978411346674
[2025-01-09 11:32:17,916] INFO: Iter 23100 Summary: 
[2025-01-09 11:32:17,916] INFO: 	 lr: 0.00030000000000000073 	 Training loss: 0.05035307481884956
[2025-01-09 11:32:29,263] INFO: Iter 23200 Summary: 
[2025-01-09 11:32:29,264] INFO: 	 lr: 0.00030000000000000073 	 Training loss: 0.05025002237409353
[2025-01-09 11:32:40,617] INFO: Iter 23300 Summary: 
[2025-01-09 11:32:40,618] INFO: 	 lr: 0.00030000000000000073 	 Training loss: 0.05064807534217834
[2025-01-09 11:32:55,972] INFO: Iter 23400 Summary: 
[2025-01-09 11:32:55,973] INFO: 	 lr: 0.00030000000000000073 	 Training loss: 0.051115968413650986
[2025-01-09 11:33:09,286] INFO: Iter 23500 Summary: 
[2025-01-09 11:33:09,286] INFO: 	 lr: 0.00030000000000000073 	 Training loss: 0.05025119092315435
[2025-01-09 11:33:21,582] INFO: Iter 23600 Summary: 
[2025-01-09 11:33:21,582] INFO: 	 lr: 0.00030000000000000073 	 Training loss: 0.05041090842336416
[2025-01-09 11:33:34,044] INFO: Iter 23700 Summary: 
[2025-01-09 11:33:34,044] INFO: 	 lr: 0.00030000000000000073 	 Training loss: 0.05042935866862536
[2025-01-09 11:33:47,119] INFO: Iter 23800 Summary: 
[2025-01-09 11:33:47,120] INFO: 	 lr: 0.00030000000000000073 	 Training loss: 0.05039697106927633
[2025-01-09 11:33:59,343] INFO: Iter 23900 Summary: 
[2025-01-09 11:33:59,343] INFO: 	 lr: 0.00030000000000000073 	 Training loss: 0.05053717907518149
[2025-01-09 11:34:10,916] INFO: Iter 24000 Summary: 
[2025-01-09 11:34:10,916] INFO: 	 lr: 0.00030000000000000073 	 Training loss: 0.05075180884450674
[2025-01-09 11:34:29,829] INFO: Iter 24100 Summary: 
[2025-01-09 11:34:29,830] INFO: 	 lr: 0.00030000000000000073 	 Training loss: 0.05061989691108465
[2025-01-09 11:34:41,737] INFO: Iter 24200 Summary: 
[2025-01-09 11:34:41,738] INFO: 	 lr: 0.00030000000000000073 	 Training loss: 0.05070235587656498
[2025-01-09 11:34:52,773] INFO: Iter 24300 Summary: 
[2025-01-09 11:34:52,773] INFO: 	 lr: 0.00030000000000000073 	 Training loss: 0.0503983885422349
[2025-01-09 11:35:03,690] INFO: Iter 24400 Summary: 
[2025-01-09 11:35:03,691] INFO: 	 lr: 0.00030000000000000073 	 Training loss: 0.050668291300535205
[2025-01-09 11:35:14,933] INFO: Iter 24500 Summary: 
[2025-01-09 11:35:14,933] INFO: 	 lr: 0.00030000000000000073 	 Training loss: 0.05048219732940197
[2025-01-09 11:35:26,886] INFO: Iter 24600 Summary: 
[2025-01-09 11:35:26,886] INFO: 	 lr: 0.00030000000000000073 	 Training loss: 0.05087328340858221
[2025-01-09 11:35:37,102] INFO: Iter 24700 Summary: 
[2025-01-09 11:35:37,103] INFO: 	 lr: 0.00030000000000000073 	 Training loss: 0.050536381714046
[2025-01-09 11:35:49,011] INFO: Iter 24800 Summary: 
[2025-01-09 11:35:49,012] INFO: 	 lr: 0.00030000000000000073 	 Training loss: 0.05028638388961554
[2025-01-09 11:36:00,339] INFO: Iter 24900 Summary: 
[2025-01-09 11:36:00,339] INFO: 	 lr: 0.00030000000000000073 	 Training loss: 0.05056010983884335
[2025-01-09 11:36:12,817] INFO: Iter 25000 Summary: 
[2025-01-09 11:36:12,818] INFO: 	 lr: 0.00030000000000000073 	 Training loss: 0.050219174660742286
[2025-01-09 11:36:24,782] INFO: Iter 25100 Summary: 
[2025-01-09 11:36:24,783] INFO: 	 lr: 0.00030000000000000073 	 Training loss: 0.05052758894860745
[2025-01-09 11:36:36,741] INFO: Iter 25200 Summary: 
[2025-01-09 11:36:36,741] INFO: 	 lr: 0.00030000000000000073 	 Training loss: 0.05024474356323481
[2025-01-09 11:36:49,382] INFO: Iter 25300 Summary: 
[2025-01-09 11:36:49,382] INFO: 	 lr: 0.00030000000000000073 	 Training loss: 0.050381824411451816
[2025-01-09 11:37:01,309] INFO: Iter 25400 Summary: 
[2025-01-09 11:37:01,309] INFO: 	 lr: 0.00030000000000000073 	 Training loss: 0.050433987267315385
[2025-01-09 11:37:16,151] INFO: Iter 25500 Summary: 
[2025-01-09 11:37:16,152] INFO: 	 lr: 0.00030000000000000073 	 Training loss: 0.0505507580563426
[2025-01-09 11:37:27,418] INFO: Iter 25600 Summary: 
[2025-01-09 11:37:27,419] INFO: 	 lr: 0.00030000000000000073 	 Training loss: 0.05008371345698834
[2025-01-09 11:37:38,521] INFO: Iter 25700 Summary: 
[2025-01-09 11:37:38,521] INFO: 	 lr: 0.00030000000000000073 	 Training loss: 0.05037139695137739
[2025-01-09 11:37:50,615] INFO: Iter 25800 Summary: 
[2025-01-09 11:37:50,615] INFO: 	 lr: 0.00030000000000000073 	 Training loss: 0.050059507749974724
[2025-01-09 11:38:02,004] INFO: Iter 25900 Summary: 
[2025-01-09 11:38:02,004] INFO: 	 lr: 0.00030000000000000073 	 Training loss: 0.050223348028957844
[2025-01-09 11:38:12,011] INFO: Iter 26000 Summary: 
[2025-01-09 11:38:12,011] INFO: 	 lr: 0.00030000000000000073 	 Training loss: 0.05052482064813375
[2025-01-09 11:38:28,609] INFO: Iter 26100 Summary: 
[2025-01-09 11:38:28,609] INFO: 	 lr: 0.00030000000000000073 	 Training loss: 0.05052585307508707
[2025-01-09 11:38:40,696] INFO: Iter 26200 Summary: 
[2025-01-09 11:38:40,697] INFO: 	 lr: 0.00030000000000000073 	 Training loss: 0.0502485953643918
[2025-01-09 11:38:53,366] INFO: Iter 26300 Summary: 
[2025-01-09 11:38:53,366] INFO: 	 lr: 0.00030000000000000073 	 Training loss: 0.050141028910875324
[2025-01-09 11:39:06,132] INFO: Iter 26400 Summary: 
[2025-01-09 11:39:06,132] INFO: 	 lr: 0.00030000000000000073 	 Training loss: 0.05027740225195885
[2025-01-09 11:39:19,054] INFO: Iter 26500 Summary: 
[2025-01-09 11:39:19,054] INFO: 	 lr: 0.00030000000000000073 	 Training loss: 0.05007563814520836
[2025-01-09 11:39:32,579] INFO: Iter 26600 Summary: 
[2025-01-09 11:39:32,579] INFO: 	 lr: 0.00030000000000000073 	 Training loss: 0.05042943380773068
[2025-01-09 11:39:43,785] INFO: Iter 26700 Summary: 
[2025-01-09 11:39:43,785] INFO: 	 lr: 0.00030000000000000073 	 Training loss: 0.05039217505604029
[2025-01-09 11:39:56,307] INFO: Iter 26800 Summary: 
[2025-01-09 11:39:56,307] INFO: 	 lr: 0.00030000000000000073 	 Training loss: 0.05062568921595812
[2025-01-09 11:40:10,795] INFO: Iter 26900 Summary: 
[2025-01-09 11:40:10,796] INFO: 	 lr: 0.00030000000000000073 	 Training loss: 0.050339674577116966
[2025-01-09 11:40:20,401] INFO: Iter 27000 Summary: 
[2025-01-09 11:40:20,401] INFO: 	 lr: 0.00030000000000000073 	 Training loss: 0.05005873907357454
[2025-01-09 11:40:31,404] INFO: Iter 27100 Summary: 
[2025-01-09 11:40:31,405] INFO: 	 lr: 0.00030000000000000073 	 Training loss: 0.05012739837169647
[2025-01-09 11:40:42,557] INFO: Iter 27200 Summary: 
[2025-01-09 11:40:42,558] INFO: 	 lr: 0.00030000000000000073 	 Training loss: 0.05004660438746214
[2025-01-09 11:40:54,503] INFO: Iter 27300 Summary: 
[2025-01-09 11:40:54,503] INFO: 	 lr: 0.00030000000000000073 	 Training loss: 0.050226581506431105
[2025-01-09 11:41:07,275] INFO: Iter 27400 Summary: 
[2025-01-09 11:41:07,276] INFO: 	 lr: 0.00030000000000000073 	 Training loss: 0.05003676012158394
[2025-01-09 11:41:20,444] INFO: Iter 27500 Summary: 
[2025-01-09 11:41:20,445] INFO: 	 lr: 0.00030000000000000073 	 Training loss: 0.050377769730985164
[2025-01-09 11:41:32,933] INFO: Iter 27600 Summary: 
[2025-01-09 11:41:32,933] INFO: 	 lr: 0.00030000000000000073 	 Training loss: 0.05037933237850666
[2025-01-09 11:41:44,720] INFO: Iter 27700 Summary: 
[2025-01-09 11:41:44,720] INFO: 	 lr: 0.00030000000000000073 	 Training loss: 0.050490522161126136
[2025-01-09 11:41:57,828] INFO: Iter 27800 Summary: 
[2025-01-09 11:41:57,829] INFO: 	 lr: 0.00030000000000000073 	 Training loss: 0.049936141967773434
[2025-01-09 11:42:09,641] INFO: Iter 27900 Summary: 
[2025-01-09 11:42:09,641] INFO: 	 lr: 0.00030000000000000073 	 Training loss: 0.0502193021774292
[2025-01-09 11:42:21,471] INFO: Iter 28000 Summary: 
[2025-01-09 11:42:21,472] INFO: 	 lr: 0.00030000000000000073 	 Training loss: 0.04998003277927637
[2025-01-09 11:42:36,634] INFO: Iter 28100 Summary: 
[2025-01-09 11:42:36,635] INFO: 	 lr: 0.00030000000000000073 	 Training loss: 0.04971385952085257
[2025-01-09 11:42:47,431] INFO: Iter 28200 Summary: 
[2025-01-09 11:42:47,431] INFO: 	 lr: 0.00030000000000000073 	 Training loss: 0.05030723188072443
[2025-01-09 11:43:02,427] INFO: Iter 28300 Summary: 
[2025-01-09 11:43:02,428] INFO: 	 lr: 0.00030000000000000073 	 Training loss: 0.049799373634159566
[2025-01-09 11:43:15,809] INFO: Iter 28400 Summary: 
[2025-01-09 11:43:15,810] INFO: 	 lr: 0.00030000000000000073 	 Training loss: 0.049836979918181895
[2025-01-09 11:43:27,898] INFO: Iter 28500 Summary: 
[2025-01-09 11:43:27,898] INFO: 	 lr: 0.00030000000000000073 	 Training loss: 0.0501408876106143
[2025-01-09 11:43:39,094] INFO: Iter 28600 Summary: 
[2025-01-09 11:43:39,094] INFO: 	 lr: 0.00030000000000000073 	 Training loss: 0.0500396803021431
[2025-01-09 11:43:50,491] INFO: Iter 28700 Summary: 
[2025-01-09 11:43:50,491] INFO: 	 lr: 0.00030000000000000073 	 Training loss: 0.05012158531695604
[2025-01-09 11:44:00,630] INFO: Iter 28800 Summary: 
[2025-01-09 11:44:00,630] INFO: 	 lr: 0.00030000000000000073 	 Training loss: 0.050351403430104254
[2025-01-09 11:44:12,458] INFO: Iter 28900 Summary: 
[2025-01-09 11:44:12,458] INFO: 	 lr: 0.00030000000000000073 	 Training loss: 0.05011684369295835
[2025-01-09 11:44:25,272] INFO: Iter 29000 Summary: 
[2025-01-09 11:44:25,272] INFO: 	 lr: 0.00030000000000000073 	 Training loss: 0.0498402937874198
[2025-01-09 11:44:38,130] INFO: Iter 29100 Summary: 
[2025-01-09 11:44:38,130] INFO: 	 lr: 0.00030000000000000073 	 Training loss: 0.04982842024415732
[2025-01-09 11:44:50,587] INFO: Iter 29200 Summary: 
[2025-01-09 11:44:50,587] INFO: 	 lr: 0.00030000000000000073 	 Training loss: 0.04979565057903528
[2025-01-09 11:45:04,043] INFO: Iter 29300 Summary: 
[2025-01-09 11:45:04,043] INFO: 	 lr: 0.00030000000000000073 	 Training loss: 0.050108393020927906
[2025-01-09 11:45:16,188] INFO: Iter 29400 Summary: 
[2025-01-09 11:45:16,189] INFO: 	 lr: 0.00030000000000000073 	 Training loss: 0.04968239299952984
[2025-01-09 11:45:28,760] INFO: Iter 29500 Summary: 
[2025-01-09 11:45:28,760] INFO: 	 lr: 0.00030000000000000073 	 Training loss: 0.05028379172086716
[2025-01-09 11:45:42,848] INFO: Iter 29600 Summary: 
[2025-01-09 11:45:42,849] INFO: 	 lr: 0.00030000000000000073 	 Training loss: 0.05004991929978132
[2025-01-09 11:45:55,587] INFO: Iter 29700 Summary: 
[2025-01-09 11:45:55,588] INFO: 	 lr: 0.00030000000000000073 	 Training loss: 0.04976064227521419
[2025-01-09 11:46:07,020] INFO: Iter 29800 Summary: 
[2025-01-09 11:46:07,020] INFO: 	 lr: 0.00030000000000000073 	 Training loss: 0.049691265746951103
[2025-01-09 11:46:18,305] INFO: Iter 29900 Summary: 
[2025-01-09 11:46:18,306] INFO: 	 lr: 0.00030000000000000073 	 Training loss: 0.05014315210282803
[2025-01-09 11:46:30,904] INFO: Iter 30000 Summary: 
[2025-01-09 11:46:30,904] INFO: 	 lr: 0.00030000000000000073 	 Training loss: 0.05033039722591639
[2025-01-09 11:46:48,162] INFO: Iter 30100 Summary: 
[2025-01-09 11:46:48,162] INFO: 	 lr: 1.2900000000000026e-05 	 Training loss: 0.04882638033479452
[2025-01-09 11:47:00,110] INFO: Iter 30200 Summary: 
[2025-01-09 11:47:00,110] INFO: 	 lr: 1.000000000000002e-05 	 Training loss: 0.04897501539438963
[2025-01-09 11:47:14,436] INFO: Iter 30300 Summary: 
[2025-01-09 11:47:14,437] INFO: 	 lr: 1.000000000000002e-05 	 Training loss: 0.04892917081713676
[2025-01-09 11:47:27,105] INFO: Iter 30400 Summary: 
[2025-01-09 11:47:27,105] INFO: 	 lr: 1.000000000000002e-05 	 Training loss: 0.04816710989922285
[2025-01-09 11:47:38,605] INFO: Iter 30500 Summary: 
[2025-01-09 11:47:38,605] INFO: 	 lr: 1.000000000000002e-05 	 Training loss: 0.0482524024695158
[2025-01-09 11:47:49,975] INFO: Iter 30600 Summary: 
[2025-01-09 11:47:49,976] INFO: 	 lr: 1.000000000000002e-05 	 Training loss: 0.04840264469385147
[2025-01-09 11:48:01,764] INFO: Iter 30700 Summary: 
[2025-01-09 11:48:01,764] INFO: 	 lr: 1.000000000000002e-05 	 Training loss: 0.048365835845470426
[2025-01-09 11:48:13,567] INFO: Iter 30800 Summary: 
[2025-01-09 11:48:13,567] INFO: 	 lr: 1.000000000000002e-05 	 Training loss: 0.04832581680268049
[2025-01-09 11:48:25,801] INFO: Iter 30900 Summary: 
[2025-01-09 11:48:25,801] INFO: 	 lr: 1.000000000000002e-05 	 Training loss: 0.04819339737296104
[2025-01-09 11:48:38,805] INFO: Iter 31000 Summary: 
[2025-01-09 11:48:38,805] INFO: 	 lr: 1.000000000000002e-05 	 Training loss: 0.04821974378079176
[2025-01-09 11:48:50,855] INFO: Iter 31100 Summary: 
[2025-01-09 11:48:50,855] INFO: 	 lr: 1.000000000000002e-05 	 Training loss: 0.0481690176576376
[2025-01-09 11:49:02,735] INFO: Iter 31200 Summary: 
[2025-01-09 11:49:02,735] INFO: 	 lr: 1.000000000000002e-05 	 Training loss: 0.04786442257463932
[2025-01-09 11:49:14,582] INFO: Iter 31300 Summary: 
[2025-01-09 11:49:14,583] INFO: 	 lr: 1.000000000000002e-05 	 Training loss: 0.048219907991588117
[2025-01-09 11:49:27,237] INFO: Iter 31400 Summary: 
[2025-01-09 11:49:27,237] INFO: 	 lr: 1.000000000000002e-05 	 Training loss: 0.048251295983791354
[2025-01-09 11:49:40,611] INFO: Iter 31500 Summary: 
[2025-01-09 11:49:40,611] INFO: 	 lr: 1.000000000000002e-05 	 Training loss: 0.048264079913496974
[2025-01-09 11:49:53,389] INFO: Iter 31600 Summary: 
[2025-01-09 11:49:53,389] INFO: 	 lr: 1.000000000000002e-05 	 Training loss: 0.04815715730190277
[2025-01-09 11:50:08,612] INFO: Iter 31700 Summary: 
[2025-01-09 11:50:08,613] INFO: 	 lr: 1.000000000000002e-05 	 Training loss: 0.047862841710448266
[2025-01-09 11:50:20,536] INFO: Iter 31800 Summary: 
[2025-01-09 11:50:20,536] INFO: 	 lr: 1.000000000000002e-05 	 Training loss: 0.04800455596297979
[2025-01-09 11:50:31,069] INFO: Iter 31900 Summary: 
[2025-01-09 11:50:31,069] INFO: 	 lr: 1.000000000000002e-05 	 Training loss: 0.04771023593842983
[2025-01-09 11:50:42,453] INFO: Iter 32000 Summary: 
[2025-01-09 11:50:42,453] INFO: 	 lr: 1.000000000000002e-05 	 Training loss: 0.04800610989332199
[2025-01-09 11:50:56,797] INFO: Iter 32100 Summary: 
[2025-01-09 11:50:56,798] INFO: 	 lr: 1.000000000000002e-05 	 Training loss: 0.048066300749778745
[2025-01-09 11:51:08,479] INFO: Iter 32200 Summary: 
[2025-01-09 11:51:08,480] INFO: 	 lr: 1.000000000000002e-05 	 Training loss: 0.048295630775392055
[2025-01-09 11:51:19,549] INFO: Iter 32300 Summary: 
[2025-01-09 11:51:19,550] INFO: 	 lr: 1.000000000000002e-05 	 Training loss: 0.048073691725730894
[2025-01-09 11:51:31,764] INFO: Iter 32400 Summary: 
[2025-01-09 11:51:31,764] INFO: 	 lr: 1.000000000000002e-05 	 Training loss: 0.04805995021015406
[2025-01-09 11:51:44,040] INFO: Iter 32500 Summary: 
[2025-01-09 11:51:44,041] INFO: 	 lr: 1.000000000000002e-05 	 Training loss: 0.04783085908740759
[2025-01-09 11:51:57,005] INFO: Iter 32600 Summary: 
[2025-01-09 11:51:57,005] INFO: 	 lr: 1.000000000000002e-05 	 Training loss: 0.04766417093575001
[2025-01-09 11:52:08,320] INFO: Iter 32700 Summary: 
[2025-01-09 11:52:08,321] INFO: 	 lr: 1.000000000000002e-05 	 Training loss: 0.047952259816229345
[2025-01-09 11:52:18,634] INFO: Iter 32800 Summary: 
[2025-01-09 11:52:18,634] INFO: 	 lr: 1.000000000000002e-05 	 Training loss: 0.04772626060992479
[2025-01-09 11:52:29,528] INFO: Iter 32900 Summary: 
[2025-01-09 11:52:29,528] INFO: 	 lr: 1.000000000000002e-05 	 Training loss: 0.04846934039145708
[2025-01-09 11:52:41,163] INFO: Iter 33000 Summary: 
[2025-01-09 11:52:41,163] INFO: 	 lr: 1.000000000000002e-05 	 Training loss: 0.047881646007299425
[2025-01-09 11:52:53,540] INFO: Iter 33100 Summary: 
[2025-01-09 11:52:53,540] INFO: 	 lr: 1.000000000000002e-05 	 Training loss: 0.04816637687385082
[2025-01-09 11:53:05,265] INFO: Iter 33200 Summary: 
[2025-01-09 11:53:05,265] INFO: 	 lr: 1.000000000000002e-05 	 Training loss: 0.04789499927312136
[2025-01-09 11:53:16,560] INFO: Iter 33300 Summary: 
[2025-01-09 11:53:16,560] INFO: 	 lr: 1.000000000000002e-05 	 Training loss: 0.04789825927466154
[2025-01-09 11:53:29,319] INFO: Iter 33400 Summary: 
[2025-01-09 11:53:29,319] INFO: 	 lr: 1.000000000000002e-05 	 Training loss: 0.04827566970139742
[2025-01-09 11:53:41,927] INFO: Iter 33500 Summary: 
[2025-01-09 11:53:41,927] INFO: 	 lr: 1.000000000000002e-05 	 Training loss: 0.04796594072133303
[2025-01-09 11:53:54,227] INFO: Iter 33600 Summary: 
[2025-01-09 11:53:54,227] INFO: 	 lr: 1.000000000000002e-05 	 Training loss: 0.047471616715192795
[2025-01-09 11:54:06,329] INFO: Iter 33700 Summary: 
[2025-01-09 11:54:06,329] INFO: 	 lr: 1.000000000000002e-05 	 Training loss: 0.047762092500925064
[2025-01-09 11:54:19,752] INFO: Iter 33800 Summary: 
[2025-01-09 11:54:19,753] INFO: 	 lr: 1.000000000000002e-05 	 Training loss: 0.04789954703301191
[2025-01-09 11:54:33,463] INFO: Iter 33900 Summary: 
[2025-01-09 11:54:33,463] INFO: 	 lr: 1.000000000000002e-05 	 Training loss: 0.047694543898105624
[2025-01-09 11:54:45,104] INFO: Iter 34000 Summary: 
[2025-01-09 11:54:45,104] INFO: 	 lr: 1.000000000000002e-05 	 Training loss: 0.04822104386985302
[2025-01-09 11:55:02,693] INFO: Iter 34100 Summary: 
[2025-01-09 11:55:02,693] INFO: 	 lr: 1.000000000000002e-05 	 Training loss: 0.04791232064366341
[2025-01-09 11:55:15,561] INFO: Iter 34200 Summary: 
[2025-01-09 11:55:15,562] INFO: 	 lr: 1.000000000000002e-05 	 Training loss: 0.04791432172060013
[2025-01-09 11:55:27,510] INFO: Iter 34300 Summary: 
[2025-01-09 11:55:27,511] INFO: 	 lr: 1.000000000000002e-05 	 Training loss: 0.047620796635746955
[2025-01-09 11:55:39,611] INFO: Iter 34400 Summary: 
[2025-01-09 11:55:39,612] INFO: 	 lr: 1.000000000000002e-05 	 Training loss: 0.04773717645555735
[2025-01-09 11:55:52,471] INFO: Iter 34500 Summary: 
[2025-01-09 11:55:52,472] INFO: 	 lr: 1.000000000000002e-05 	 Training loss: 0.04796813953667879
[2025-01-09 11:56:04,437] INFO: Iter 34600 Summary: 
[2025-01-09 11:56:04,437] INFO: 	 lr: 1.000000000000002e-05 	 Training loss: 0.04813113372772932
[2025-01-09 11:56:17,432] INFO: Iter 34700 Summary: 
[2025-01-09 11:56:17,433] INFO: 	 lr: 1.000000000000002e-05 	 Training loss: 0.047597379721701145
[2025-01-09 11:56:29,275] INFO: Iter 34800 Summary: 
[2025-01-09 11:56:29,275] INFO: 	 lr: 1.000000000000002e-05 	 Training loss: 0.04765971355140209
[2025-01-09 11:56:41,799] INFO: Iter 34900 Summary: 
[2025-01-09 11:56:41,799] INFO: 	 lr: 1.000000000000002e-05 	 Training loss: 0.047781098484992984
[2025-01-09 11:56:54,803] INFO: Iter 35000 Summary: 
[2025-01-09 11:56:54,803] INFO: 	 lr: 1.000000000000002e-05 	 Training loss: 0.047817640379071234
[2025-01-09 11:57:09,501] INFO: Iter 35100 Summary: 
[2025-01-09 11:57:09,502] INFO: 	 lr: 1.000000000000002e-05 	 Training loss: 0.0479965241253376
[2025-01-09 11:57:22,543] INFO: Iter 35200 Summary: 
[2025-01-09 11:57:22,544] INFO: 	 lr: 1.000000000000002e-05 	 Training loss: 0.04821574665606022
[2025-01-09 11:57:35,556] INFO: Iter 35300 Summary: 
[2025-01-09 11:57:35,556] INFO: 	 lr: 1.000000000000002e-05 	 Training loss: 0.047487321197986605
[2025-01-09 11:57:46,611] INFO: Iter 35400 Summary: 
[2025-01-09 11:57:46,612] INFO: 	 lr: 1.000000000000002e-05 	 Training loss: 0.047754083201289176
[2025-01-09 11:58:00,098] INFO: Iter 35500 Summary: 
[2025-01-09 11:58:00,099] INFO: 	 lr: 1.000000000000002e-05 	 Training loss: 0.04729951281100511
[2025-01-09 11:58:12,858] INFO: Iter 35600 Summary: 
[2025-01-09 11:58:12,858] INFO: 	 lr: 1.000000000000002e-05 	 Training loss: 0.04805428974330425
[2025-01-09 11:58:26,055] INFO: Iter 35700 Summary: 
[2025-01-09 11:58:26,055] INFO: 	 lr: 1.000000000000002e-05 	 Training loss: 0.047944174967706206
[2025-01-09 11:58:40,393] INFO: Iter 35800 Summary: 
[2025-01-09 11:58:40,394] INFO: 	 lr: 1.000000000000002e-05 	 Training loss: 0.047642143927514556
[2025-01-09 11:58:51,396] INFO: Iter 35900 Summary: 
[2025-01-09 11:58:51,396] INFO: 	 lr: 1.000000000000002e-05 	 Training loss: 0.047740044482052324
[2025-01-09 11:59:03,345] INFO: Iter 36000 Summary: 
[2025-01-09 11:59:03,346] INFO: 	 lr: 1.000000000000002e-05 	 Training loss: 0.047510802000761035
[2025-01-09 11:59:21,558] INFO: Iter 36100 Summary: 
[2025-01-09 11:59:21,558] INFO: 	 lr: 1.000000000000002e-05 	 Training loss: 0.04786128662526608
[2025-01-09 11:59:32,425] INFO: Iter 36200 Summary: 
[2025-01-09 11:59:32,425] INFO: 	 lr: 1.000000000000002e-05 	 Training loss: 0.04768551267683506
[2025-01-09 11:59:44,688] INFO: Iter 36300 Summary: 
[2025-01-09 11:59:44,688] INFO: 	 lr: 1.000000000000002e-05 	 Training loss: 0.04740087132900953
[2025-01-09 11:59:55,687] INFO: Iter 36400 Summary: 
[2025-01-09 11:59:55,687] INFO: 	 lr: 1.000000000000002e-05 	 Training loss: 0.04815201874822378
[2025-01-09 12:00:09,771] INFO: Iter 36500 Summary: 
[2025-01-09 12:00:09,771] INFO: 	 lr: 1.000000000000002e-05 	 Training loss: 0.04769152708351612
[2025-01-09 12:00:21,537] INFO: Iter 36600 Summary: 
[2025-01-09 12:00:21,537] INFO: 	 lr: 1.000000000000002e-05 	 Training loss: 0.047853702269494536
[2025-01-09 12:00:33,870] INFO: Iter 36700 Summary: 
[2025-01-09 12:00:33,870] INFO: 	 lr: 1.000000000000002e-05 	 Training loss: 0.04783560484647751
[2025-01-09 12:00:46,892] INFO: Iter 36800 Summary: 
[2025-01-09 12:00:46,892] INFO: 	 lr: 1.000000000000002e-05 	 Training loss: 0.04742048360407353
[2025-01-09 12:00:59,034] INFO: Iter 36900 Summary: 
[2025-01-09 12:00:59,034] INFO: 	 lr: 1.000000000000002e-05 	 Training loss: 0.04776865724474191
[2025-01-09 12:01:11,802] INFO: Iter 37000 Summary: 
[2025-01-09 12:01:11,802] INFO: 	 lr: 1.000000000000002e-05 	 Training loss: 0.04770988501608372
[2025-01-09 12:01:22,571] INFO: Iter 37100 Summary: 
[2025-01-09 12:01:22,571] INFO: 	 lr: 1.000000000000002e-05 	 Training loss: 0.04841406259685755
[2025-01-09 12:01:35,871] INFO: Iter 37200 Summary: 
[2025-01-09 12:01:35,871] INFO: 	 lr: 1.000000000000002e-05 	 Training loss: 0.047386596389114854
[2025-01-09 12:01:48,525] INFO: Iter 37300 Summary: 
[2025-01-09 12:01:48,525] INFO: 	 lr: 1.000000000000002e-05 	 Training loss: 0.04754844069480896
[2025-01-09 12:02:02,262] INFO: Iter 37400 Summary: 
[2025-01-09 12:02:02,262] INFO: 	 lr: 1.000000000000002e-05 	 Training loss: 0.04790357794612646
[2025-01-09 12:02:14,879] INFO: Iter 37500 Summary: 
[2025-01-09 12:02:14,879] INFO: 	 lr: 1.000000000000002e-05 	 Training loss: 0.04765720382332802
[2025-01-09 12:02:27,021] INFO: Iter 37600 Summary: 
[2025-01-09 12:02:27,021] INFO: 	 lr: 1.000000000000002e-05 	 Training loss: 0.04754904631525278
[2025-01-09 12:02:39,488] INFO: Iter 37700 Summary: 
[2025-01-09 12:02:39,488] INFO: 	 lr: 1.000000000000002e-05 	 Training loss: 0.047759513482451436
[2025-01-09 12:02:52,142] INFO: Iter 37800 Summary: 
[2025-01-09 12:02:52,142] INFO: 	 lr: 1.000000000000002e-05 	 Training loss: 0.04758811354637146
[2025-01-09 12:03:06,141] INFO: Iter 37900 Summary: 
[2025-01-09 12:03:06,142] INFO: 	 lr: 1.000000000000002e-05 	 Training loss: 0.047772856578230855
[2025-01-09 12:03:19,433] INFO: Iter 38000 Summary: 
[2025-01-09 12:03:19,433] INFO: 	 lr: 1.000000000000002e-05 	 Training loss: 0.04791326336562633
[2025-01-09 12:03:37,582] INFO: Iter 38100 Summary: 
[2025-01-09 12:03:37,582] INFO: 	 lr: 1.000000000000002e-05 	 Training loss: 0.04756158411502838
[2025-01-09 12:03:48,888] INFO: Iter 38200 Summary: 
[2025-01-09 12:03:48,888] INFO: 	 lr: 1.000000000000002e-05 	 Training loss: 0.04745505843311548
[2025-01-09 12:03:59,387] INFO: Iter 38300 Summary: 
[2025-01-09 12:03:59,387] INFO: 	 lr: 1.000000000000002e-05 	 Training loss: 0.04787774637341499
[2025-01-09 12:04:11,634] INFO: Iter 38400 Summary: 
[2025-01-09 12:04:11,634] INFO: 	 lr: 1.000000000000002e-05 	 Training loss: 0.04765826113522053
[2025-01-09 12:04:23,679] INFO: Iter 38500 Summary: 
[2025-01-09 12:04:23,680] INFO: 	 lr: 1.000000000000002e-05 	 Training loss: 0.047641487382352354
[2025-01-09 12:04:37,490] INFO: Iter 38600 Summary: 
[2025-01-09 12:04:37,491] INFO: 	 lr: 1.000000000000002e-05 	 Training loss: 0.04759424343705177
[2025-01-09 12:04:49,869] INFO: Iter 38700 Summary: 
[2025-01-09 12:04:49,870] INFO: 	 lr: 1.000000000000002e-05 	 Training loss: 0.047684977799654006
[2025-01-09 12:05:01,677] INFO: Iter 38800 Summary: 
[2025-01-09 12:05:01,678] INFO: 	 lr: 1.000000000000002e-05 	 Training loss: 0.04750952214002609
[2025-01-09 12:05:13,026] INFO: Iter 38900 Summary: 
[2025-01-09 12:05:13,027] INFO: 	 lr: 1.000000000000002e-05 	 Training loss: 0.04747358992695808
[2025-01-09 12:05:23,847] INFO: Iter 39000 Summary: 
[2025-01-09 12:05:23,847] INFO: 	 lr: 1.000000000000002e-05 	 Training loss: 0.047643374167382714
[2025-01-09 12:05:35,279] INFO: Iter 39100 Summary: 
[2025-01-09 12:05:35,279] INFO: 	 lr: 1.000000000000002e-05 	 Training loss: 0.047514940127730367
[2025-01-09 12:05:47,886] INFO: Iter 39200 Summary: 
[2025-01-09 12:05:47,886] INFO: 	 lr: 1.000000000000002e-05 	 Training loss: 0.04770803958177566
[2025-01-09 12:06:03,278] INFO: Iter 39300 Summary: 
[2025-01-09 12:06:03,279] INFO: 	 lr: 1.000000000000002e-05 	 Training loss: 0.04758465021848678
[2025-01-09 12:06:14,984] INFO: Iter 39400 Summary: 
[2025-01-09 12:06:14,985] INFO: 	 lr: 1.000000000000002e-05 	 Training loss: 0.047513835243880746
[2025-01-09 12:06:27,089] INFO: Iter 39500 Summary: 
[2025-01-09 12:06:27,089] INFO: 	 lr: 1.000000000000002e-05 	 Training loss: 0.04721120018512011
[2025-01-09 12:06:40,110] INFO: Iter 39600 Summary: 
[2025-01-09 12:06:40,111] INFO: 	 lr: 1.000000000000002e-05 	 Training loss: 0.047695801742374894
[2025-01-09 12:06:53,204] INFO: Iter 39700 Summary: 
[2025-01-09 12:06:53,204] INFO: 	 lr: 1.000000000000002e-05 	 Training loss: 0.04785779390484095
[2025-01-09 12:07:05,924] INFO: Iter 39800 Summary: 
[2025-01-09 12:07:05,925] INFO: 	 lr: 1.000000000000002e-05 	 Training loss: 0.04737924270331859
[2025-01-09 12:07:17,815] INFO: Iter 39900 Summary: 
[2025-01-09 12:07:17,816] INFO: 	 lr: 1.000000000000002e-05 	 Training loss: 0.04734513152390719
[2025-01-09 12:07:31,944] INFO: Iter 40000 Summary: 
[2025-01-09 12:07:31,945] INFO: 	 lr: 1.000000000000002e-05 	 Training loss: 0.047362688295543194
