[2025-01-09 10:42:06,364] INFO: {
    "abs_dir": "/home/diwang/siMLPe/exps/baseline_h36m",
    "batch_size": 256,
    "cos_lr_max": 1e-05,
    "cos_lr_min": 5e-08,
    "cos_lr_total_iters": 40000,
    "data_aug": true,
    "deriv_input": true,
    "deriv_output": true,
    "device": "cuda:1",
    "h36m_anno_dir": "/home/diwang/siMLPe/data/h36m/",
    "link_log_file": "/home/diwang/siMLPe/exps/baseline_h36m/log/log_last.log",
    "link_val_log_file": "/home/diwang/siMLPe/exps/baseline_h36m/log/val_last.log",
    "log_dir": "/home/diwang/siMLPe/exps/baseline_h36m/log",
    "log_file": "/home/diwang/siMLPe/exps/baseline_h36m/log/log_2025_01_09_10_41_26.log",
    "model_pth": null,
    "motion": {
        "dim": 66,
        "h36m_input_length": 50,
        "h36m_input_length_dct": 50,
        "h36m_target_length": 10,
        "h36m_target_length_eval": 25,
        "h36m_target_length_train": 10
    },
    "motion_fc_in": {
        "activation": "relu",
        "in_features": 66,
        "init_w_trunc_normal": false,
        "out_features": 66,
        "temporal_fc": false,
        "with_norm": false
    },
    "motion_fc_out": {
        "activation": "relu",
        "in_features": 66,
        "init_w_trunc_normal": true,
        "out_features": 66,
        "temporal_fc": false,
        "with_norm": false
    },
    "motion_mlp": {
        "hidden_dim": 66,
        "norm_axis": "spatial",
        "num_layers": 48,
        "seq_len": 50,
        "spatial_fc_only": false,
        "with_normalization": true
    },
    "num_workers": 8,
    "post_dct": false,
    "pre_dct": false,
    "print_every": 100,
    "repo_name": "siMLPe",
    "root_dir": "/home/diwang/siMLPe",
    "save_every": 2000,
    "seed": 304,
    "shift_step": 1,
    "snapshot_dir": "/home/diwang/siMLPe/exps/baseline_h36m/log/snapshot",
    "this_dir": "baseline_h36m",
    "use_relative_loss": true,
    "val_log_file": "/home/diwang/siMLPe/exps/baseline_h36m/log/val_2025_01_09_10_41_26.log",
    "weight_decay": 0.0001
}
[2025-01-09 10:42:24,746] INFO: Iter 100 Summary: 
[2025-01-09 10:42:24,747] INFO: 	 lr: 0.00030000000000000073 	 Training loss: 0.08143332123756408
[2025-01-09 10:42:39,911] INFO: Iter 200 Summary: 
[2025-01-09 10:42:39,911] INFO: 	 lr: 0.00030000000000000073 	 Training loss: 0.07468608923256398
[2025-01-09 10:42:53,680] INFO: Iter 300 Summary: 
[2025-01-09 10:42:53,681] INFO: 	 lr: 0.00030000000000000073 	 Training loss: 0.07477842457592487
[2025-01-09 10:43:06,969] INFO: Iter 400 Summary: 
[2025-01-09 10:43:06,970] INFO: 	 lr: 0.00030000000000000073 	 Training loss: 0.0749150600284338
[2025-01-09 10:43:21,627] INFO: Iter 500 Summary: 
[2025-01-09 10:43:21,627] INFO: 	 lr: 0.00030000000000000073 	 Training loss: 0.07525023348629474
[2025-01-09 10:43:35,594] INFO: Iter 600 Summary: 
[2025-01-09 10:43:35,595] INFO: 	 lr: 0.00030000000000000073 	 Training loss: 0.07515093743801117
[2025-01-09 10:43:53,057] INFO: Iter 700 Summary: 
[2025-01-09 10:43:53,057] INFO: 	 lr: 0.00030000000000000073 	 Training loss: 0.07539059706032276
[2025-01-09 10:44:07,036] INFO: Iter 800 Summary: 
[2025-01-09 10:44:07,036] INFO: 	 lr: 0.00030000000000000073 	 Training loss: 0.0747856280207634
[2025-01-09 10:44:19,715] INFO: Iter 900 Summary: 
[2025-01-09 10:44:19,715] INFO: 	 lr: 0.00030000000000000073 	 Training loss: 0.07478594727814197
[2025-01-09 10:44:33,016] INFO: Iter 1000 Summary: 
[2025-01-09 10:44:33,016] INFO: 	 lr: 0.00030000000000000073 	 Training loss: 0.07509575188159942
[2025-01-09 10:44:47,572] INFO: Iter 1100 Summary: 
[2025-01-09 10:44:47,573] INFO: 	 lr: 0.00030000000000000073 	 Training loss: 0.07462217941880227
[2025-01-09 10:45:00,759] INFO: Iter 1200 Summary: 
[2025-01-09 10:45:00,759] INFO: 	 lr: 0.00030000000000000073 	 Training loss: 0.07484558925032615
[2025-01-09 10:45:13,168] INFO: Iter 1300 Summary: 
[2025-01-09 10:45:13,169] INFO: 	 lr: 0.00030000000000000073 	 Training loss: 0.07548779472708703
[2025-01-09 10:45:27,989] INFO: Iter 1400 Summary: 
[2025-01-09 10:45:27,989] INFO: 	 lr: 0.00030000000000000073 	 Training loss: 0.07495781540870666
[2025-01-09 10:45:42,172] INFO: Iter 1500 Summary: 
[2025-01-09 10:45:42,172] INFO: 	 lr: 0.00030000000000000073 	 Training loss: 0.0749630693346262
[2025-01-09 10:45:55,888] INFO: Iter 1600 Summary: 
[2025-01-09 10:45:55,889] INFO: 	 lr: 0.00030000000000000073 	 Training loss: 0.07454942792654037
[2025-01-09 10:46:09,743] INFO: Iter 1700 Summary: 
[2025-01-09 10:46:09,743] INFO: 	 lr: 0.00030000000000000073 	 Training loss: 0.07508486285805702
[2025-01-09 10:46:23,169] INFO: Iter 1800 Summary: 
[2025-01-09 10:46:23,169] INFO: 	 lr: 0.00030000000000000073 	 Training loss: 0.07510945841670036
[2025-01-09 10:46:36,043] INFO: Iter 1900 Summary: 
[2025-01-09 10:46:36,044] INFO: 	 lr: 0.00030000000000000073 	 Training loss: 0.07474682383239269
[2025-01-09 10:46:49,130] INFO: Iter 2000 Summary: 
[2025-01-09 10:46:49,130] INFO: 	 lr: 0.00030000000000000073 	 Training loss: 0.0749051732569933
[2025-01-09 10:47:10,487] INFO: Iter 2100 Summary: 
[2025-01-09 10:47:10,487] INFO: 	 lr: 0.00030000000000000073 	 Training loss: 0.0730726182460785
[2025-01-09 10:47:23,596] INFO: Iter 2200 Summary: 
[2025-01-09 10:47:23,597] INFO: 	 lr: 0.00030000000000000073 	 Training loss: 0.07135629460215569
[2025-01-09 10:47:36,219] INFO: Iter 2300 Summary: 
[2025-01-09 10:47:36,219] INFO: 	 lr: 0.00030000000000000073 	 Training loss: 0.07083381295204162
[2025-01-09 10:47:48,974] INFO: Iter 2400 Summary: 
[2025-01-09 10:47:48,974] INFO: 	 lr: 0.00030000000000000073 	 Training loss: 0.07040561378002166
[2025-01-09 10:48:01,897] INFO: Iter 2500 Summary: 
[2025-01-09 10:48:01,897] INFO: 	 lr: 0.00030000000000000073 	 Training loss: 0.07020572789013385
[2025-01-09 10:48:13,597] INFO: Iter 2600 Summary: 
[2025-01-09 10:48:13,597] INFO: 	 lr: 0.00030000000000000073 	 Training loss: 0.07044142015278339
[2025-01-09 10:48:27,383] INFO: Iter 2700 Summary: 
[2025-01-09 10:48:27,384] INFO: 	 lr: 0.00030000000000000073 	 Training loss: 0.07049692764878274
[2025-01-09 10:48:43,047] INFO: Iter 2800 Summary: 
[2025-01-09 10:48:43,047] INFO: 	 lr: 0.00030000000000000073 	 Training loss: 0.07036091588437557
[2025-01-09 10:48:54,979] INFO: Iter 2900 Summary: 
[2025-01-09 10:48:54,979] INFO: 	 lr: 0.00030000000000000073 	 Training loss: 0.0698179491981864
[2025-01-09 10:49:09,204] INFO: Iter 3000 Summary: 
[2025-01-09 10:49:09,205] INFO: 	 lr: 0.00030000000000000073 	 Training loss: 0.07021902099251748
[2025-01-09 10:49:21,074] INFO: Iter 3100 Summary: 
[2025-01-09 10:49:21,075] INFO: 	 lr: 0.00030000000000000073 	 Training loss: 0.07048078157007694
[2025-01-09 10:49:31,248] INFO: Iter 3200 Summary: 
[2025-01-09 10:49:31,249] INFO: 	 lr: 0.00030000000000000073 	 Training loss: 0.06966988429427147
[2025-01-09 10:49:42,033] INFO: Iter 3300 Summary: 
[2025-01-09 10:49:42,033] INFO: 	 lr: 0.00030000000000000073 	 Training loss: 0.06992692328989505
[2025-01-09 10:49:53,988] INFO: Iter 3400 Summary: 
[2025-01-09 10:49:53,989] INFO: 	 lr: 0.00030000000000000073 	 Training loss: 0.07020515829324722
[2025-01-09 10:50:08,950] INFO: Iter 3500 Summary: 
[2025-01-09 10:50:08,950] INFO: 	 lr: 0.00030000000000000073 	 Training loss: 0.07045634020119905
[2025-01-09 10:50:22,021] INFO: Iter 3600 Summary: 
[2025-01-09 10:50:22,021] INFO: 	 lr: 0.00030000000000000073 	 Training loss: 0.06945204116404056
[2025-01-09 10:50:34,543] INFO: Iter 3700 Summary: 
[2025-01-09 10:50:34,543] INFO: 	 lr: 0.00030000000000000073 	 Training loss: 0.07051818523555994
[2025-01-09 10:50:48,068] INFO: Iter 3800 Summary: 
[2025-01-09 10:50:48,068] INFO: 	 lr: 0.00030000000000000073 	 Training loss: 0.070125497803092
[2025-01-09 10:51:00,542] INFO: Iter 3900 Summary: 
[2025-01-09 10:51:00,542] INFO: 	 lr: 0.00030000000000000073 	 Training loss: 0.06983981937170029
[2025-01-09 10:51:14,218] INFO: Iter 4000 Summary: 
[2025-01-09 10:51:14,219] INFO: 	 lr: 0.00030000000000000073 	 Training loss: 0.06965319722890854
[2025-01-09 10:51:28,983] INFO: Iter 4100 Summary: 
[2025-01-09 10:51:28,983] INFO: 	 lr: 0.00030000000000000073 	 Training loss: 0.06983397528529167
[2025-01-09 10:51:43,493] INFO: Iter 4200 Summary: 
[2025-01-09 10:51:43,493] INFO: 	 lr: 0.00030000000000000073 	 Training loss: 0.07049622528254985
[2025-01-09 10:51:56,855] INFO: Iter 4300 Summary: 
[2025-01-09 10:51:56,855] INFO: 	 lr: 0.00030000000000000073 	 Training loss: 0.0701392998546362
[2025-01-09 10:52:10,014] INFO: Iter 4400 Summary: 
[2025-01-09 10:52:10,015] INFO: 	 lr: 0.00030000000000000073 	 Training loss: 0.07006333716213703
[2025-01-09 10:52:22,446] INFO: Iter 4500 Summary: 
[2025-01-09 10:52:22,446] INFO: 	 lr: 0.00030000000000000073 	 Training loss: 0.06954163700342178
[2025-01-09 10:52:34,824] INFO: Iter 4600 Summary: 
[2025-01-09 10:52:34,825] INFO: 	 lr: 0.00030000000000000073 	 Training loss: 0.0694859479367733
[2025-01-09 10:52:47,528] INFO: Iter 4700 Summary: 
[2025-01-09 10:52:47,528] INFO: 	 lr: 0.00030000000000000073 	 Training loss: 0.06984151370823383
[2025-01-09 10:53:00,859] INFO: Iter 4800 Summary: 
[2025-01-09 10:53:00,859] INFO: 	 lr: 0.00030000000000000073 	 Training loss: 0.06970354311168193
[2025-01-09 10:53:14,621] INFO: Iter 4900 Summary: 
[2025-01-09 10:53:14,622] INFO: 	 lr: 0.00030000000000000073 	 Training loss: 0.06978993497788906
[2025-01-09 10:53:26,578] INFO: Iter 5000 Summary: 
[2025-01-09 10:53:26,579] INFO: 	 lr: 0.00030000000000000073 	 Training loss: 0.07020926915109157
[2025-01-09 10:53:39,171] INFO: Iter 5100 Summary: 
[2025-01-09 10:53:39,171] INFO: 	 lr: 0.00030000000000000073 	 Training loss: 0.06989033438265324
[2025-01-09 10:53:51,415] INFO: Iter 5200 Summary: 
[2025-01-09 10:53:51,416] INFO: 	 lr: 0.00030000000000000073 	 Training loss: 0.06979647226631641
[2025-01-09 10:54:04,092] INFO: Iter 5300 Summary: 
[2025-01-09 10:54:04,092] INFO: 	 lr: 0.00030000000000000073 	 Training loss: 0.06963451568037271
[2025-01-09 10:54:16,455] INFO: Iter 5400 Summary: 
[2025-01-09 10:54:16,455] INFO: 	 lr: 0.00030000000000000073 	 Training loss: 0.06977008078247308
[2025-01-09 10:54:28,212] INFO: Iter 5500 Summary: 
[2025-01-09 10:54:28,213] INFO: 	 lr: 0.00030000000000000073 	 Training loss: 0.06957979656755925
[2025-01-09 10:54:42,337] INFO: Iter 5600 Summary: 
[2025-01-09 10:54:42,337] INFO: 	 lr: 0.00030000000000000073 	 Training loss: 0.06983670584857464
[2025-01-09 10:54:54,842] INFO: Iter 5700 Summary: 
[2025-01-09 10:54:54,842] INFO: 	 lr: 0.00030000000000000073 	 Training loss: 0.06996538862586021
[2025-01-09 10:55:06,009] INFO: Iter 5800 Summary: 
[2025-01-09 10:55:06,009] INFO: 	 lr: 0.00030000000000000073 	 Training loss: 0.06945957161486149
[2025-01-09 10:55:17,658] INFO: Iter 5900 Summary: 
[2025-01-09 10:55:17,658] INFO: 	 lr: 0.00030000000000000073 	 Training loss: 0.06966844491660595
[2025-01-09 10:55:29,476] INFO: Iter 6000 Summary: 
[2025-01-09 10:55:29,476] INFO: 	 lr: 0.00030000000000000073 	 Training loss: 0.06962603889405727
[2025-01-09 10:55:45,816] INFO: Iter 6100 Summary: 
[2025-01-09 10:55:45,816] INFO: 	 lr: 0.00030000000000000073 	 Training loss: 0.06977725006639958
[2025-01-09 10:56:00,204] INFO: Iter 6200 Summary: 
[2025-01-09 10:56:00,204] INFO: 	 lr: 0.00030000000000000073 	 Training loss: 0.06993312537670135
[2025-01-09 10:56:12,261] INFO: Iter 6300 Summary: 
[2025-01-09 10:56:12,262] INFO: 	 lr: 0.00030000000000000073 	 Training loss: 0.0696746626496315
[2025-01-09 10:56:23,677] INFO: Iter 6400 Summary: 
[2025-01-09 10:56:23,678] INFO: 	 lr: 0.00030000000000000073 	 Training loss: 0.0693280715495348
[2025-01-09 10:56:35,335] INFO: Iter 6500 Summary: 
[2025-01-09 10:56:35,335] INFO: 	 lr: 0.00030000000000000073 	 Training loss: 0.06947253212332725
[2025-01-09 10:56:45,833] INFO: Iter 6600 Summary: 
[2025-01-09 10:56:45,833] INFO: 	 lr: 0.00030000000000000073 	 Training loss: 0.06999717064201832
[2025-01-09 10:56:57,436] INFO: Iter 6700 Summary: 
[2025-01-09 10:56:57,436] INFO: 	 lr: 0.00030000000000000073 	 Training loss: 0.06953080460429191
[2025-01-09 10:57:09,939] INFO: Iter 6800 Summary: 
[2025-01-09 10:57:09,939] INFO: 	 lr: 0.00030000000000000073 	 Training loss: 0.06962842620909214
[2025-01-09 10:57:24,312] INFO: Iter 6900 Summary: 
[2025-01-09 10:57:24,312] INFO: 	 lr: 0.00030000000000000073 	 Training loss: 0.06962128646671772
[2025-01-09 10:57:34,883] INFO: Iter 7000 Summary: 
[2025-01-09 10:57:34,884] INFO: 	 lr: 0.00030000000000000073 	 Training loss: 0.06967069275677204
[2025-01-09 10:57:45,227] INFO: Iter 7100 Summary: 
[2025-01-09 10:57:45,228] INFO: 	 lr: 0.00030000000000000073 	 Training loss: 0.06946260266005994
[2025-01-09 10:57:55,777] INFO: Iter 7200 Summary: 
[2025-01-09 10:57:55,778] INFO: 	 lr: 0.00030000000000000073 	 Training loss: 0.06929935574531555
[2025-01-09 10:58:08,884] INFO: Iter 7300 Summary: 
[2025-01-09 10:58:08,885] INFO: 	 lr: 0.00030000000000000073 	 Training loss: 0.07010595448315143
[2025-01-09 10:58:20,851] INFO: Iter 7400 Summary: 
[2025-01-09 10:58:20,851] INFO: 	 lr: 0.00030000000000000073 	 Training loss: 0.0693477974832058
[2025-01-09 10:58:32,255] INFO: Iter 7500 Summary: 
[2025-01-09 10:58:32,256] INFO: 	 lr: 0.00030000000000000073 	 Training loss: 0.06897401288151742
[2025-01-09 10:58:46,888] INFO: Iter 7600 Summary: 
[2025-01-09 10:58:46,888] INFO: 	 lr: 0.00030000000000000073 	 Training loss: 0.06919204980134964
[2025-01-09 10:58:58,893] INFO: Iter 7700 Summary: 
[2025-01-09 10:58:58,893] INFO: 	 lr: 0.00030000000000000073 	 Training loss: 0.06919724360108376
[2025-01-09 10:59:10,671] INFO: Iter 7800 Summary: 
[2025-01-09 10:59:10,671] INFO: 	 lr: 0.00030000000000000073 	 Training loss: 0.06903465658426285
[2025-01-09 10:59:23,041] INFO: Iter 7900 Summary: 
[2025-01-09 10:59:23,041] INFO: 	 lr: 0.00030000000000000073 	 Training loss: 0.06883528426289559
[2025-01-09 10:59:35,711] INFO: Iter 8000 Summary: 
[2025-01-09 10:59:35,712] INFO: 	 lr: 0.00030000000000000073 	 Training loss: 0.06849430721253157
[2025-01-09 10:59:52,414] INFO: Iter 8100 Summary: 
[2025-01-09 10:59:52,414] INFO: 	 lr: 0.00030000000000000073 	 Training loss: 0.06663057245314122
[2025-01-09 11:00:03,344] INFO: Iter 8200 Summary: 
[2025-01-09 11:00:03,344] INFO: 	 lr: 0.00030000000000000073 	 Training loss: 0.0655994288250804
[2025-01-09 11:00:16,825] INFO: Iter 8300 Summary: 
[2025-01-09 11:00:16,826] INFO: 	 lr: 0.00030000000000000073 	 Training loss: 0.06489029340445995
[2025-01-09 11:00:27,334] INFO: Iter 8400 Summary: 
[2025-01-09 11:00:27,334] INFO: 	 lr: 0.00030000000000000073 	 Training loss: 0.06423114441335201
[2025-01-09 11:00:39,703] INFO: Iter 8500 Summary: 
[2025-01-09 11:00:39,703] INFO: 	 lr: 0.00030000000000000073 	 Training loss: 0.06377572152763605
[2025-01-09 11:00:51,637] INFO: Iter 8600 Summary: 
[2025-01-09 11:00:51,637] INFO: 	 lr: 0.00030000000000000073 	 Training loss: 0.06337057705968618
[2025-01-09 11:01:02,866] INFO: Iter 8700 Summary: 
[2025-01-09 11:01:02,866] INFO: 	 lr: 0.00030000000000000073 	 Training loss: 0.06369865626096725
[2025-01-09 11:01:14,779] INFO: Iter 8800 Summary: 
[2025-01-09 11:01:14,780] INFO: 	 lr: 0.00030000000000000073 	 Training loss: 0.06285321980714798
[2025-01-09 11:01:28,042] INFO: Iter 8900 Summary: 
[2025-01-09 11:01:28,042] INFO: 	 lr: 0.00030000000000000073 	 Training loss: 0.06279082078486681
[2025-01-09 11:01:41,661] INFO: Iter 9000 Summary: 
[2025-01-09 11:01:41,661] INFO: 	 lr: 0.00030000000000000073 	 Training loss: 0.06251886546611786
[2025-01-09 11:01:54,592] INFO: Iter 9100 Summary: 
[2025-01-09 11:01:54,592] INFO: 	 lr: 0.00030000000000000073 	 Training loss: 0.06276708837598562
[2025-01-09 11:02:06,841] INFO: Iter 9200 Summary: 
[2025-01-09 11:02:06,841] INFO: 	 lr: 0.00030000000000000073 	 Training loss: 0.06218347936868668
[2025-01-09 11:02:18,696] INFO: Iter 9300 Summary: 
[2025-01-09 11:02:18,696] INFO: 	 lr: 0.00030000000000000073 	 Training loss: 0.06229384742677212
[2025-01-09 11:02:29,975] INFO: Iter 9400 Summary: 
[2025-01-09 11:02:29,975] INFO: 	 lr: 0.00030000000000000073 	 Training loss: 0.061948467418551444
[2025-01-09 11:02:42,353] INFO: Iter 9500 Summary: 
[2025-01-09 11:02:42,353] INFO: 	 lr: 0.00030000000000000073 	 Training loss: 0.06208326939493418
[2025-01-09 11:02:56,108] INFO: Iter 9600 Summary: 
[2025-01-09 11:02:56,109] INFO: 	 lr: 0.00030000000000000073 	 Training loss: 0.062408121153712276
[2025-01-09 11:03:10,687] INFO: Iter 9700 Summary: 
[2025-01-09 11:03:10,688] INFO: 	 lr: 0.00030000000000000073 	 Training loss: 0.06149303931742907
[2025-01-09 11:03:21,731] INFO: Iter 9800 Summary: 
[2025-01-09 11:03:21,731] INFO: 	 lr: 0.00030000000000000073 	 Training loss: 0.06180932525545359
[2025-01-09 11:03:33,210] INFO: Iter 9900 Summary: 
[2025-01-09 11:03:33,210] INFO: 	 lr: 0.00030000000000000073 	 Training loss: 0.061571823060512544
[2025-01-09 11:03:45,304] INFO: Iter 10000 Summary: 
[2025-01-09 11:03:45,304] INFO: 	 lr: 0.00030000000000000073 	 Training loss: 0.061602056324481964
[2025-01-09 11:04:00,968] INFO: Iter 10100 Summary: 
[2025-01-09 11:04:00,968] INFO: 	 lr: 0.00030000000000000073 	 Training loss: 0.06135678593069315
[2025-01-09 11:04:14,618] INFO: Iter 10200 Summary: 
[2025-01-09 11:04:14,618] INFO: 	 lr: 0.00030000000000000073 	 Training loss: 0.06117968119680881
[2025-01-09 11:04:25,383] INFO: Iter 10300 Summary: 
[2025-01-09 11:04:25,383] INFO: 	 lr: 0.00030000000000000073 	 Training loss: 0.06112171854823828
[2025-01-09 11:04:40,185] INFO: Iter 10400 Summary: 
[2025-01-09 11:04:40,186] INFO: 	 lr: 0.00030000000000000073 	 Training loss: 0.06090494450181723
[2025-01-09 11:04:52,800] INFO: Iter 10500 Summary: 
[2025-01-09 11:04:52,800] INFO: 	 lr: 0.00030000000000000073 	 Training loss: 0.061222308166325096
[2025-01-09 11:05:04,173] INFO: Iter 10600 Summary: 
[2025-01-09 11:05:04,173] INFO: 	 lr: 0.00030000000000000073 	 Training loss: 0.06084981616586447
[2025-01-09 11:05:16,882] INFO: Iter 10700 Summary: 
[2025-01-09 11:05:16,883] INFO: 	 lr: 0.00030000000000000073 	 Training loss: 0.06081160385161638
[2025-01-09 11:05:28,508] INFO: Iter 10800 Summary: 
[2025-01-09 11:05:28,508] INFO: 	 lr: 0.00030000000000000073 	 Training loss: 0.06084146350622177
[2025-01-09 11:05:41,668] INFO: Iter 10900 Summary: 
[2025-01-09 11:05:41,668] INFO: 	 lr: 0.00030000000000000073 	 Training loss: 0.060822225958108905
[2025-01-09 11:05:55,123] INFO: Iter 11000 Summary: 
[2025-01-09 11:05:55,123] INFO: 	 lr: 0.00030000000000000073 	 Training loss: 0.06079363565891981
[2025-01-09 11:06:09,577] INFO: Iter 11100 Summary: 
[2025-01-09 11:06:09,577] INFO: 	 lr: 0.00030000000000000073 	 Training loss: 0.060005687028169635
[2025-01-09 11:06:21,202] INFO: Iter 11200 Summary: 
[2025-01-09 11:06:21,202] INFO: 	 lr: 0.00030000000000000073 	 Training loss: 0.06011275015771389
[2025-01-09 11:06:33,757] INFO: Iter 11300 Summary: 
[2025-01-09 11:06:33,758] INFO: 	 lr: 0.00030000000000000073 	 Training loss: 0.06058916579931974
[2025-01-09 11:06:46,761] INFO: Iter 11400 Summary: 
[2025-01-09 11:06:46,762] INFO: 	 lr: 0.00030000000000000073 	 Training loss: 0.05995920874178409
[2025-01-09 11:06:57,994] INFO: Iter 11500 Summary: 
[2025-01-09 11:06:57,995] INFO: 	 lr: 0.00030000000000000073 	 Training loss: 0.06035229284316301
[2025-01-09 11:07:10,610] INFO: Iter 11600 Summary: 
[2025-01-09 11:07:10,610] INFO: 	 lr: 0.00030000000000000073 	 Training loss: 0.06015653006732464
[2025-01-09 11:07:24,576] INFO: Iter 11700 Summary: 
[2025-01-09 11:07:24,577] INFO: 	 lr: 0.00030000000000000073 	 Training loss: 0.06064567059278488
[2025-01-09 11:07:36,905] INFO: Iter 11800 Summary: 
[2025-01-09 11:07:36,905] INFO: 	 lr: 0.00030000000000000073 	 Training loss: 0.060270440466701984
[2025-01-09 11:07:48,435] INFO: Iter 11900 Summary: 
[2025-01-09 11:07:48,436] INFO: 	 lr: 0.00030000000000000073 	 Training loss: 0.05992979913949967
[2025-01-09 11:08:00,855] INFO: Iter 12000 Summary: 
[2025-01-09 11:08:00,856] INFO: 	 lr: 0.00030000000000000073 	 Training loss: 0.059961219429969785
[2025-01-09 11:08:16,952] INFO: Iter 12100 Summary: 
[2025-01-09 11:08:16,953] INFO: 	 lr: 0.00030000000000000073 	 Training loss: 0.05946648970246315
[2025-01-09 11:08:29,598] INFO: Iter 12200 Summary: 
[2025-01-09 11:08:29,599] INFO: 	 lr: 0.00030000000000000073 	 Training loss: 0.05945540796965361
[2025-01-09 11:08:41,680] INFO: Iter 12300 Summary: 
[2025-01-09 11:08:41,680] INFO: 	 lr: 0.00030000000000000073 	 Training loss: 0.05966432366520166
[2025-01-09 11:08:54,359] INFO: Iter 12400 Summary: 
[2025-01-09 11:08:54,359] INFO: 	 lr: 0.00030000000000000073 	 Training loss: 0.06020818013697862
[2025-01-09 11:09:05,413] INFO: Iter 12500 Summary: 
[2025-01-09 11:09:05,413] INFO: 	 lr: 0.00030000000000000073 	 Training loss: 0.05957271739840508
[2025-01-09 11:09:17,592] INFO: Iter 12600 Summary: 
[2025-01-09 11:09:17,593] INFO: 	 lr: 0.00030000000000000073 	 Training loss: 0.05971623532474041
[2025-01-09 11:09:30,884] INFO: Iter 12700 Summary: 
[2025-01-09 11:09:30,884] INFO: 	 lr: 0.00030000000000000073 	 Training loss: 0.05983493193984032
[2025-01-09 11:09:42,972] INFO: Iter 12800 Summary: 
[2025-01-09 11:09:42,972] INFO: 	 lr: 0.00030000000000000073 	 Training loss: 0.05935985289514065
[2025-01-09 11:09:55,901] INFO: Iter 12900 Summary: 
[2025-01-09 11:09:55,902] INFO: 	 lr: 0.00030000000000000073 	 Training loss: 0.059512667655944824
[2025-01-09 11:10:06,589] INFO: Iter 13000 Summary: 
[2025-01-09 11:10:06,589] INFO: 	 lr: 0.00030000000000000073 	 Training loss: 0.0598997425660491
[2025-01-09 11:10:18,869] INFO: Iter 13100 Summary: 
[2025-01-09 11:10:18,869] INFO: 	 lr: 0.00030000000000000073 	 Training loss: 0.05935220438987017
[2025-01-09 11:10:32,004] INFO: Iter 13200 Summary: 
[2025-01-09 11:10:32,004] INFO: 	 lr: 0.00030000000000000073 	 Training loss: 0.05917264029383659
[2025-01-09 11:10:44,440] INFO: Iter 13300 Summary: 
[2025-01-09 11:10:44,441] INFO: 	 lr: 0.00030000000000000073 	 Training loss: 0.059161515161395076
[2025-01-09 11:10:56,431] INFO: Iter 13400 Summary: 
[2025-01-09 11:10:56,431] INFO: 	 lr: 0.00030000000000000073 	 Training loss: 0.059338050335645674
[2025-01-09 11:11:09,403] INFO: Iter 13500 Summary: 
[2025-01-09 11:11:09,403] INFO: 	 lr: 0.00030000000000000073 	 Training loss: 0.05922633163630962
[2025-01-09 11:11:20,532] INFO: Iter 13600 Summary: 
[2025-01-09 11:11:20,532] INFO: 	 lr: 0.00030000000000000073 	 Training loss: 0.0593258023634553
[2025-01-09 11:11:32,918] INFO: Iter 13700 Summary: 
[2025-01-09 11:11:32,918] INFO: 	 lr: 0.00030000000000000073 	 Training loss: 0.05948568467050791
[2025-01-09 11:11:48,529] INFO: Iter 13800 Summary: 
[2025-01-09 11:11:48,529] INFO: 	 lr: 0.00030000000000000073 	 Training loss: 0.05867597937583923
[2025-01-09 11:12:01,535] INFO: Iter 13900 Summary: 
[2025-01-09 11:12:01,535] INFO: 	 lr: 0.00030000000000000073 	 Training loss: 0.059404118098318574
[2025-01-09 11:12:13,651] INFO: Iter 14000 Summary: 
[2025-01-09 11:12:13,652] INFO: 	 lr: 0.00030000000000000073 	 Training loss: 0.05933455906808376
[2025-01-09 11:12:31,363] INFO: Iter 14100 Summary: 
[2025-01-09 11:12:31,363] INFO: 	 lr: 0.00030000000000000073 	 Training loss: 0.05912372123450041
[2025-01-09 11:12:44,616] INFO: Iter 14200 Summary: 
[2025-01-09 11:12:44,617] INFO: 	 lr: 0.00030000000000000073 	 Training loss: 0.05853117093443871
[2025-01-09 11:12:58,080] INFO: Iter 14300 Summary: 
[2025-01-09 11:12:58,081] INFO: 	 lr: 0.00030000000000000073 	 Training loss: 0.0591790984198451
[2025-01-09 11:13:10,532] INFO: Iter 14400 Summary: 
[2025-01-09 11:13:10,532] INFO: 	 lr: 0.00030000000000000073 	 Training loss: 0.059251081049442295
[2025-01-09 11:13:26,793] INFO: Iter 14500 Summary: 
[2025-01-09 11:13:26,793] INFO: 	 lr: 0.00030000000000000073 	 Training loss: 0.058693649657070635
[2025-01-09 11:13:39,024] INFO: Iter 14600 Summary: 
[2025-01-09 11:13:39,024] INFO: 	 lr: 0.00030000000000000073 	 Training loss: 0.059058405235409735
[2025-01-09 11:13:50,276] INFO: Iter 14700 Summary: 
[2025-01-09 11:13:50,277] INFO: 	 lr: 0.00030000000000000073 	 Training loss: 0.058886132538318633
[2025-01-09 11:14:04,011] INFO: Iter 14800 Summary: 
[2025-01-09 11:14:04,011] INFO: 	 lr: 0.00030000000000000073 	 Training loss: 0.05946910560131073
[2025-01-09 11:14:16,455] INFO: Iter 14900 Summary: 
[2025-01-09 11:14:16,455] INFO: 	 lr: 0.00030000000000000073 	 Training loss: 0.05895568400621414
[2025-01-09 11:14:26,850] INFO: Iter 15000 Summary: 
[2025-01-09 11:14:26,850] INFO: 	 lr: 0.00030000000000000073 	 Training loss: 0.05880386333912611
[2025-01-09 11:14:38,197] INFO: Iter 15100 Summary: 
[2025-01-09 11:14:38,197] INFO: 	 lr: 0.00030000000000000073 	 Training loss: 0.058871676847338676
[2025-01-09 11:14:52,264] INFO: Iter 15200 Summary: 
[2025-01-09 11:14:52,264] INFO: 	 lr: 0.00030000000000000073 	 Training loss: 0.05873092755675316
[2025-01-09 11:15:04,847] INFO: Iter 15300 Summary: 
[2025-01-09 11:15:04,848] INFO: 	 lr: 0.00030000000000000073 	 Training loss: 0.05888603799045086
[2025-01-09 11:15:16,675] INFO: Iter 15400 Summary: 
[2025-01-09 11:15:16,676] INFO: 	 lr: 0.00030000000000000073 	 Training loss: 0.05889194831252098
[2025-01-09 11:15:29,956] INFO: Iter 15500 Summary: 
[2025-01-09 11:15:29,957] INFO: 	 lr: 0.00030000000000000073 	 Training loss: 0.05876639023423195
[2025-01-09 11:15:41,488] INFO: Iter 15600 Summary: 
[2025-01-09 11:15:41,488] INFO: 	 lr: 0.00030000000000000073 	 Training loss: 0.05847775336354971
[2025-01-09 11:15:54,560] INFO: Iter 15700 Summary: 
[2025-01-09 11:15:54,560] INFO: 	 lr: 0.00030000000000000073 	 Training loss: 0.05884352970868349
[2025-01-09 11:16:06,627] INFO: Iter 15800 Summary: 
[2025-01-09 11:16:06,628] INFO: 	 lr: 0.00030000000000000073 	 Training loss: 0.05859619941562414
[2025-01-09 11:16:20,590] INFO: Iter 15900 Summary: 
[2025-01-09 11:16:20,591] INFO: 	 lr: 0.00030000000000000073 	 Training loss: 0.058545423075556755
[2025-01-09 11:16:32,930] INFO: Iter 16000 Summary: 
[2025-01-09 11:16:32,930] INFO: 	 lr: 0.00030000000000000073 	 Training loss: 0.058432628735899925
[2025-01-09 11:16:49,612] INFO: Iter 16100 Summary: 
[2025-01-09 11:16:49,612] INFO: 	 lr: 0.00030000000000000073 	 Training loss: 0.05840954042971134
[2025-01-09 11:17:02,286] INFO: Iter 16200 Summary: 
[2025-01-09 11:17:02,286] INFO: 	 lr: 0.00030000000000000073 	 Training loss: 0.05842678736895323
[2025-01-09 11:17:15,010] INFO: Iter 16300 Summary: 
[2025-01-09 11:17:15,010] INFO: 	 lr: 0.00030000000000000073 	 Training loss: 0.05865591187030077
[2025-01-09 11:17:28,884] INFO: Iter 16400 Summary: 
[2025-01-09 11:17:28,884] INFO: 	 lr: 0.00030000000000000073 	 Training loss: 0.0585532957687974
[2025-01-09 11:17:38,537] INFO: Iter 16500 Summary: 
[2025-01-09 11:17:38,537] INFO: 	 lr: 0.00030000000000000073 	 Training loss: 0.05860248826444149
[2025-01-09 11:17:52,800] INFO: Iter 16600 Summary: 
[2025-01-09 11:17:52,801] INFO: 	 lr: 0.00030000000000000073 	 Training loss: 0.05856313306838274
[2025-01-09 11:18:06,623] INFO: Iter 16700 Summary: 
[2025-01-09 11:18:06,624] INFO: 	 lr: 0.00030000000000000073 	 Training loss: 0.0582526770606637
[2025-01-09 11:18:19,648] INFO: Iter 16800 Summary: 
[2025-01-09 11:18:19,648] INFO: 	 lr: 0.00030000000000000073 	 Training loss: 0.05827856045216322
[2025-01-09 11:18:31,859] INFO: Iter 16900 Summary: 
[2025-01-09 11:18:31,860] INFO: 	 lr: 0.00030000000000000073 	 Training loss: 0.05848352923989296
[2025-01-09 11:18:44,333] INFO: Iter 17000 Summary: 
[2025-01-09 11:18:44,334] INFO: 	 lr: 0.00030000000000000073 	 Training loss: 0.0583664571121335
[2025-01-09 11:18:55,777] INFO: Iter 17100 Summary: 
[2025-01-09 11:18:55,778] INFO: 	 lr: 0.00030000000000000073 	 Training loss: 0.05825163334608078
[2025-01-09 11:19:09,009] INFO: Iter 17200 Summary: 
[2025-01-09 11:19:09,009] INFO: 	 lr: 0.00030000000000000073 	 Training loss: 0.05853380162268877
[2025-01-09 11:19:23,416] INFO: Iter 17300 Summary: 
[2025-01-09 11:19:23,416] INFO: 	 lr: 0.00030000000000000073 	 Training loss: 0.05809481102973223
[2025-01-09 11:19:36,181] INFO: Iter 17400 Summary: 
[2025-01-09 11:19:36,182] INFO: 	 lr: 0.00030000000000000073 	 Training loss: 0.05818399038165808
[2025-01-09 11:19:47,529] INFO: Iter 17500 Summary: 
[2025-01-09 11:19:47,530] INFO: 	 lr: 0.00030000000000000073 	 Training loss: 0.05799896530807018
[2025-01-09 11:19:59,662] INFO: Iter 17600 Summary: 
[2025-01-09 11:19:59,662] INFO: 	 lr: 0.00030000000000000073 	 Training loss: 0.05856128670275211
[2025-01-09 11:20:10,544] INFO: Iter 17700 Summary: 
[2025-01-09 11:20:10,544] INFO: 	 lr: 0.00030000000000000073 	 Training loss: 0.05829396441578865
[2025-01-09 11:20:23,160] INFO: Iter 17800 Summary: 
[2025-01-09 11:20:23,160] INFO: 	 lr: 0.00030000000000000073 	 Training loss: 0.05818160947412252
[2025-01-09 11:20:36,599] INFO: Iter 17900 Summary: 
[2025-01-09 11:20:36,599] INFO: 	 lr: 0.00030000000000000073 	 Training loss: 0.058385923020541665
[2025-01-09 11:20:49,036] INFO: Iter 18000 Summary: 
[2025-01-09 11:20:49,037] INFO: 	 lr: 0.00030000000000000073 	 Training loss: 0.05847660936415196
[2025-01-09 11:21:06,275] INFO: Iter 18100 Summary: 
[2025-01-09 11:21:06,275] INFO: 	 lr: 0.00030000000000000073 	 Training loss: 0.05790868759155274
[2025-01-09 11:21:17,569] INFO: Iter 18200 Summary: 
[2025-01-09 11:21:17,569] INFO: 	 lr: 0.00030000000000000073 	 Training loss: 0.0580171824619174
[2025-01-09 11:21:30,814] INFO: Iter 18300 Summary: 
[2025-01-09 11:21:30,815] INFO: 	 lr: 0.00030000000000000073 	 Training loss: 0.05829942896962166
[2025-01-09 11:21:42,894] INFO: Iter 18400 Summary: 
[2025-01-09 11:21:42,894] INFO: 	 lr: 0.00030000000000000073 	 Training loss: 0.05785365007817745
[2025-01-09 11:21:53,747] INFO: Iter 18500 Summary: 
[2025-01-09 11:21:53,747] INFO: 	 lr: 0.00030000000000000073 	 Training loss: 0.05848210625350475
[2025-01-09 11:22:07,383] INFO: Iter 18600 Summary: 
[2025-01-09 11:22:07,384] INFO: 	 lr: 0.00030000000000000073 	 Training loss: 0.05825125377625227
[2025-01-09 11:22:18,698] INFO: Iter 18700 Summary: 
[2025-01-09 11:22:18,698] INFO: 	 lr: 0.00030000000000000073 	 Training loss: 0.05796618770807981
[2025-01-09 11:22:31,191] INFO: Iter 18800 Summary: 
[2025-01-09 11:22:31,191] INFO: 	 lr: 0.00030000000000000073 	 Training loss: 0.05810983791947365
[2025-01-09 11:22:42,992] INFO: Iter 18900 Summary: 
[2025-01-09 11:22:42,992] INFO: 	 lr: 0.00030000000000000073 	 Training loss: 0.05817543286830187
[2025-01-09 11:22:53,942] INFO: Iter 19000 Summary: 
[2025-01-09 11:22:53,943] INFO: 	 lr: 0.00030000000000000073 	 Training loss: 0.05790938504040241
[2025-01-09 11:23:05,233] INFO: Iter 19100 Summary: 
[2025-01-09 11:23:05,233] INFO: 	 lr: 0.00030000000000000073 	 Training loss: 0.0581814468279481
[2025-01-09 11:23:17,676] INFO: Iter 19200 Summary: 
[2025-01-09 11:23:17,676] INFO: 	 lr: 0.00030000000000000073 	 Training loss: 0.057868876978755
[2025-01-09 11:23:32,718] INFO: Iter 19300 Summary: 
[2025-01-09 11:23:32,718] INFO: 	 lr: 0.00030000000000000073 	 Training loss: 0.05803055856376886
[2025-01-09 11:23:43,147] INFO: Iter 19400 Summary: 
[2025-01-09 11:23:43,147] INFO: 	 lr: 0.00030000000000000073 	 Training loss: 0.057972567640244964
[2025-01-09 11:23:55,317] INFO: Iter 19500 Summary: 
[2025-01-09 11:23:55,317] INFO: 	 lr: 0.00030000000000000073 	 Training loss: 0.05814621023833752
[2025-01-09 11:24:08,403] INFO: Iter 19600 Summary: 
[2025-01-09 11:24:08,404] INFO: 	 lr: 0.00030000000000000073 	 Training loss: 0.058306420706212524
[2025-01-09 11:24:19,296] INFO: Iter 19700 Summary: 
[2025-01-09 11:24:19,297] INFO: 	 lr: 0.00030000000000000073 	 Training loss: 0.0575588347017765
[2025-01-09 11:24:32,543] INFO: Iter 19800 Summary: 
[2025-01-09 11:24:32,544] INFO: 	 lr: 0.00030000000000000073 	 Training loss: 0.05767690286040306
[2025-01-09 11:24:44,612] INFO: Iter 19900 Summary: 
[2025-01-09 11:24:44,613] INFO: 	 lr: 0.00030000000000000073 	 Training loss: 0.05818347100168467
[2025-01-09 11:24:57,776] INFO: Iter 20000 Summary: 
[2025-01-09 11:24:57,777] INFO: 	 lr: 0.00030000000000000073 	 Training loss: 0.05775350961834192
[2025-01-09 11:25:14,970] INFO: Iter 20100 Summary: 
[2025-01-09 11:25:14,970] INFO: 	 lr: 0.00030000000000000073 	 Training loss: 0.057894574739038945
[2025-01-09 11:25:27,362] INFO: Iter 20200 Summary: 
[2025-01-09 11:25:27,362] INFO: 	 lr: 0.00030000000000000073 	 Training loss: 0.05780012812465429
[2025-01-09 11:25:39,362] INFO: Iter 20300 Summary: 
[2025-01-09 11:25:39,363] INFO: 	 lr: 0.00030000000000000073 	 Training loss: 0.057899120151996615
[2025-01-09 11:25:51,092] INFO: Iter 20400 Summary: 
[2025-01-09 11:25:51,092] INFO: 	 lr: 0.00030000000000000073 	 Training loss: 0.05729601308703423
[2025-01-09 11:26:03,275] INFO: Iter 20500 Summary: 
[2025-01-09 11:26:03,275] INFO: 	 lr: 0.00030000000000000073 	 Training loss: 0.05808920338749886
[2025-01-09 11:26:14,879] INFO: Iter 20600 Summary: 
[2025-01-09 11:26:14,880] INFO: 	 lr: 0.00030000000000000073 	 Training loss: 0.05764445871114731
[2025-01-09 11:26:27,887] INFO: Iter 20700 Summary: 
[2025-01-09 11:26:27,888] INFO: 	 lr: 0.00030000000000000073 	 Training loss: 0.05711410656571388
[2025-01-09 11:26:41,018] INFO: Iter 20800 Summary: 
[2025-01-09 11:26:41,019] INFO: 	 lr: 0.00030000000000000073 	 Training loss: 0.057520014233887196
[2025-01-09 11:26:52,859] INFO: Iter 20900 Summary: 
[2025-01-09 11:26:52,859] INFO: 	 lr: 0.00030000000000000073 	 Training loss: 0.05772784736007452
[2025-01-09 11:27:04,045] INFO: Iter 21000 Summary: 
[2025-01-09 11:27:04,045] INFO: 	 lr: 0.00030000000000000073 	 Training loss: 0.05815701734274626
[2025-01-09 11:27:16,369] INFO: Iter 21100 Summary: 
[2025-01-09 11:27:16,369] INFO: 	 lr: 0.00030000000000000073 	 Training loss: 0.057684671320021155
[2025-01-09 11:27:27,543] INFO: Iter 21200 Summary: 
[2025-01-09 11:27:27,543] INFO: 	 lr: 0.00030000000000000073 	 Training loss: 0.05782807763665915
[2025-01-09 11:27:41,217] INFO: Iter 21300 Summary: 
[2025-01-09 11:27:41,217] INFO: 	 lr: 0.00030000000000000073 	 Training loss: 0.057609990760684016
[2025-01-09 11:27:56,148] INFO: Iter 21400 Summary: 
[2025-01-09 11:27:56,148] INFO: 	 lr: 0.00030000000000000073 	 Training loss: 0.057805098965764044
[2025-01-09 11:28:08,957] INFO: Iter 21500 Summary: 
[2025-01-09 11:28:08,958] INFO: 	 lr: 0.00030000000000000073 	 Training loss: 0.057462699934840204
[2025-01-09 11:28:22,696] INFO: Iter 21600 Summary: 
[2025-01-09 11:28:22,696] INFO: 	 lr: 0.00030000000000000073 	 Training loss: 0.057348529137670995
[2025-01-09 11:28:36,043] INFO: Iter 21700 Summary: 
[2025-01-09 11:28:36,043] INFO: 	 lr: 0.00030000000000000073 	 Training loss: 0.057861775793135166
[2025-01-09 11:28:49,967] INFO: Iter 21800 Summary: 
[2025-01-09 11:28:49,967] INFO: 	 lr: 0.00030000000000000073 	 Training loss: 0.057358913756906986
[2025-01-09 11:29:02,050] INFO: Iter 21900 Summary: 
[2025-01-09 11:29:02,050] INFO: 	 lr: 0.00030000000000000073 	 Training loss: 0.05718935623764992
[2025-01-09 11:29:13,854] INFO: Iter 22000 Summary: 
[2025-01-09 11:29:13,855] INFO: 	 lr: 0.00030000000000000073 	 Training loss: 0.057907730229198935
[2025-01-09 11:29:33,393] INFO: Iter 22100 Summary: 
[2025-01-09 11:29:33,394] INFO: 	 lr: 0.00030000000000000073 	 Training loss: 0.057493758350610734
[2025-01-09 11:29:46,487] INFO: Iter 22200 Summary: 
[2025-01-09 11:29:46,488] INFO: 	 lr: 0.00030000000000000073 	 Training loss: 0.05716532174497843
[2025-01-09 11:29:59,038] INFO: Iter 22300 Summary: 
[2025-01-09 11:29:59,038] INFO: 	 lr: 0.00030000000000000073 	 Training loss: 0.05764165800064802
[2025-01-09 11:30:11,289] INFO: Iter 22400 Summary: 
[2025-01-09 11:30:11,290] INFO: 	 lr: 0.00030000000000000073 	 Training loss: 0.05779531564563513
[2025-01-09 11:30:23,618] INFO: Iter 22500 Summary: 
[2025-01-09 11:30:23,619] INFO: 	 lr: 0.00030000000000000073 	 Training loss: 0.0574088853225112
[2025-01-09 11:30:35,556] INFO: Iter 22600 Summary: 
[2025-01-09 11:30:35,556] INFO: 	 lr: 0.00030000000000000073 	 Training loss: 0.05732043169438839
[2025-01-09 11:30:45,800] INFO: Iter 22700 Summary: 
[2025-01-09 11:30:45,800] INFO: 	 lr: 0.00030000000000000073 	 Training loss: 0.05696882762014866
[2025-01-09 11:31:01,492] INFO: Iter 22800 Summary: 
[2025-01-09 11:31:01,492] INFO: 	 lr: 0.00030000000000000073 	 Training loss: 0.05695405952632427
[2025-01-09 11:31:14,403] INFO: Iter 22900 Summary: 
[2025-01-09 11:31:14,404] INFO: 	 lr: 0.00030000000000000073 	 Training loss: 0.05783925734460354
[2025-01-09 11:31:27,734] INFO: Iter 23000 Summary: 
[2025-01-09 11:31:27,734] INFO: 	 lr: 0.00030000000000000073 	 Training loss: 0.05762269161641598
[2025-01-09 11:31:39,298] INFO: Iter 23100 Summary: 
[2025-01-09 11:31:39,298] INFO: 	 lr: 0.00030000000000000073 	 Training loss: 0.05702272098511457
[2025-01-09 11:31:51,744] INFO: Iter 23200 Summary: 
[2025-01-09 11:31:51,744] INFO: 	 lr: 0.00030000000000000073 	 Training loss: 0.05704271256923676
[2025-01-09 11:32:04,011] INFO: Iter 23300 Summary: 
[2025-01-09 11:32:04,011] INFO: 	 lr: 0.00030000000000000073 	 Training loss: 0.057347212433815
[2025-01-09 11:32:18,363] INFO: Iter 23400 Summary: 
[2025-01-09 11:32:18,363] INFO: 	 lr: 0.00030000000000000073 	 Training loss: 0.05773202519863844
[2025-01-09 11:32:31,078] INFO: Iter 23500 Summary: 
[2025-01-09 11:32:31,078] INFO: 	 lr: 0.00030000000000000073 	 Training loss: 0.05687916956841946
[2025-01-09 11:32:42,332] INFO: Iter 23600 Summary: 
[2025-01-09 11:32:42,332] INFO: 	 lr: 0.00030000000000000073 	 Training loss: 0.05688576295971871
[2025-01-09 11:32:54,680] INFO: Iter 23700 Summary: 
[2025-01-09 11:32:54,680] INFO: 	 lr: 0.00030000000000000073 	 Training loss: 0.05714041952043772
[2025-01-09 11:33:09,385] INFO: Iter 23800 Summary: 
[2025-01-09 11:33:09,385] INFO: 	 lr: 0.00030000000000000073 	 Training loss: 0.05715367767959833
[2025-01-09 11:33:22,454] INFO: Iter 23900 Summary: 
[2025-01-09 11:33:22,454] INFO: 	 lr: 0.00030000000000000073 	 Training loss: 0.057205383740365504
[2025-01-09 11:33:34,849] INFO: Iter 24000 Summary: 
[2025-01-09 11:33:34,849] INFO: 	 lr: 0.00030000000000000073 	 Training loss: 0.057422068044543265
[2025-01-09 11:33:54,530] INFO: Iter 24100 Summary: 
[2025-01-09 11:33:54,531] INFO: 	 lr: 0.00030000000000000073 	 Training loss: 0.05751787506043911
[2025-01-09 11:34:06,013] INFO: Iter 24200 Summary: 
[2025-01-09 11:34:06,013] INFO: 	 lr: 0.00030000000000000073 	 Training loss: 0.05743475791066885
[2025-01-09 11:34:17,884] INFO: Iter 24300 Summary: 
[2025-01-09 11:34:17,884] INFO: 	 lr: 0.00030000000000000073 	 Training loss: 0.05686063326895237
[2025-01-09 11:34:29,745] INFO: Iter 24400 Summary: 
[2025-01-09 11:34:29,745] INFO: 	 lr: 0.00030000000000000073 	 Training loss: 0.05720038220286369
[2025-01-09 11:34:42,658] INFO: Iter 24500 Summary: 
[2025-01-09 11:34:42,658] INFO: 	 lr: 0.00030000000000000073 	 Training loss: 0.05732733558863402
[2025-01-09 11:34:54,237] INFO: Iter 24600 Summary: 
[2025-01-09 11:34:54,237] INFO: 	 lr: 0.00030000000000000073 	 Training loss: 0.05743870161473751
[2025-01-09 11:35:04,548] INFO: Iter 24700 Summary: 
[2025-01-09 11:35:04,548] INFO: 	 lr: 0.00030000000000000073 	 Training loss: 0.0572557470202446
[2025-01-09 11:35:17,962] INFO: Iter 24800 Summary: 
[2025-01-09 11:35:17,963] INFO: 	 lr: 0.00030000000000000073 	 Training loss: 0.05683326024562121
[2025-01-09 11:35:29,583] INFO: Iter 24900 Summary: 
[2025-01-09 11:35:29,583] INFO: 	 lr: 0.00030000000000000073 	 Training loss: 0.05725354127585888
[2025-01-09 11:35:41,366] INFO: Iter 25000 Summary: 
[2025-01-09 11:35:41,366] INFO: 	 lr: 0.00030000000000000073 	 Training loss: 0.05676372591406107
[2025-01-09 11:35:52,590] INFO: Iter 25100 Summary: 
[2025-01-09 11:35:52,590] INFO: 	 lr: 0.00030000000000000073 	 Training loss: 0.057141223922371864
[2025-01-09 11:36:04,445] INFO: Iter 25200 Summary: 
[2025-01-09 11:36:04,445] INFO: 	 lr: 0.00030000000000000073 	 Training loss: 0.056844657585024834
[2025-01-09 11:36:16,978] INFO: Iter 25300 Summary: 
[2025-01-09 11:36:16,978] INFO: 	 lr: 0.00030000000000000073 	 Training loss: 0.057088818475604056
[2025-01-09 11:36:29,573] INFO: Iter 25400 Summary: 
[2025-01-09 11:36:29,573] INFO: 	 lr: 0.00030000000000000073 	 Training loss: 0.05710081778466702
[2025-01-09 11:36:44,703] INFO: Iter 25500 Summary: 
[2025-01-09 11:36:44,704] INFO: 	 lr: 0.00030000000000000073 	 Training loss: 0.05721208192408085
[2025-01-09 11:36:57,862] INFO: Iter 25600 Summary: 
[2025-01-09 11:36:57,862] INFO: 	 lr: 0.00030000000000000073 	 Training loss: 0.056752715036273
[2025-01-09 11:37:09,667] INFO: Iter 25700 Summary: 
[2025-01-09 11:37:09,667] INFO: 	 lr: 0.00030000000000000073 	 Training loss: 0.05695214409381151
[2025-01-09 11:37:22,096] INFO: Iter 25800 Summary: 
[2025-01-09 11:37:22,096] INFO: 	 lr: 0.00030000000000000073 	 Training loss: 0.056866480372846126
[2025-01-09 11:37:35,012] INFO: Iter 25900 Summary: 
[2025-01-09 11:37:35,012] INFO: 	 lr: 0.00030000000000000073 	 Training loss: 0.056979617029428484
[2025-01-09 11:37:47,203] INFO: Iter 26000 Summary: 
[2025-01-09 11:37:47,204] INFO: 	 lr: 0.00030000000000000073 	 Training loss: 0.05712094493210316
[2025-01-09 11:38:05,221] INFO: Iter 26100 Summary: 
[2025-01-09 11:38:05,221] INFO: 	 lr: 0.00030000000000000073 	 Training loss: 0.05721158385276794
[2025-01-09 11:38:19,342] INFO: Iter 26200 Summary: 
[2025-01-09 11:38:19,343] INFO: 	 lr: 0.00030000000000000073 	 Training loss: 0.056914977505803106
[2025-01-09 11:38:31,142] INFO: Iter 26300 Summary: 
[2025-01-09 11:38:31,143] INFO: 	 lr: 0.00030000000000000073 	 Training loss: 0.05662507347762585
[2025-01-09 11:38:41,103] INFO: Iter 26400 Summary: 
[2025-01-09 11:38:41,103] INFO: 	 lr: 0.00030000000000000073 	 Training loss: 0.05679456807672977
[2025-01-09 11:38:52,837] INFO: Iter 26500 Summary: 
[2025-01-09 11:38:52,837] INFO: 	 lr: 0.00030000000000000073 	 Training loss: 0.05679392408579588
[2025-01-09 11:39:06,575] INFO: Iter 26600 Summary: 
[2025-01-09 11:39:06,576] INFO: 	 lr: 0.00030000000000000073 	 Training loss: 0.057059828080236914
[2025-01-09 11:39:19,943] INFO: Iter 26700 Summary: 
[2025-01-09 11:39:19,943] INFO: 	 lr: 0.00030000000000000073 	 Training loss: 0.056908643394708636
[2025-01-09 11:39:31,876] INFO: Iter 26800 Summary: 
[2025-01-09 11:39:31,876] INFO: 	 lr: 0.00030000000000000073 	 Training loss: 0.05713347841054201
[2025-01-09 11:39:45,968] INFO: Iter 26900 Summary: 
[2025-01-09 11:39:45,968] INFO: 	 lr: 0.00030000000000000073 	 Training loss: 0.056868221908807755
[2025-01-09 11:39:58,599] INFO: Iter 27000 Summary: 
[2025-01-09 11:39:58,600] INFO: 	 lr: 0.00030000000000000073 	 Training loss: 0.05657737363129854
[2025-01-09 11:40:10,016] INFO: Iter 27100 Summary: 
[2025-01-09 11:40:10,016] INFO: 	 lr: 0.00030000000000000073 	 Training loss: 0.05687898837029934
[2025-01-09 11:40:22,893] INFO: Iter 27200 Summary: 
[2025-01-09 11:40:22,894] INFO: 	 lr: 0.00030000000000000073 	 Training loss: 0.0566835667565465
[2025-01-09 11:40:35,227] INFO: Iter 27300 Summary: 
[2025-01-09 11:40:35,227] INFO: 	 lr: 0.00030000000000000073 	 Training loss: 0.05690965473651886
[2025-01-09 11:40:47,461] INFO: Iter 27400 Summary: 
[2025-01-09 11:40:47,461] INFO: 	 lr: 0.00030000000000000073 	 Training loss: 0.056642921902239324
[2025-01-09 11:40:59,085] INFO: Iter 27500 Summary: 
[2025-01-09 11:40:59,086] INFO: 	 lr: 0.00030000000000000073 	 Training loss: 0.05707896899431944
[2025-01-09 11:41:12,359] INFO: Iter 27600 Summary: 
[2025-01-09 11:41:12,359] INFO: 	 lr: 0.00030000000000000073 	 Training loss: 0.057154752649366855
[2025-01-09 11:41:24,565] INFO: Iter 27700 Summary: 
[2025-01-09 11:41:24,565] INFO: 	 lr: 0.00030000000000000073 	 Training loss: 0.05736126344650984
[2025-01-09 11:41:37,408] INFO: Iter 27800 Summary: 
[2025-01-09 11:41:37,408] INFO: 	 lr: 0.00030000000000000073 	 Training loss: 0.056632862091064454
[2025-01-09 11:41:51,635] INFO: Iter 27900 Summary: 
[2025-01-09 11:41:51,636] INFO: 	 lr: 0.00030000000000000073 	 Training loss: 0.056955929175019265
[2025-01-09 11:42:04,979] INFO: Iter 28000 Summary: 
[2025-01-09 11:42:04,979] INFO: 	 lr: 0.00030000000000000073 	 Training loss: 0.056504935063421725
[2025-01-09 11:42:22,303] INFO: Iter 28100 Summary: 
[2025-01-09 11:42:22,304] INFO: 	 lr: 0.00030000000000000073 	 Training loss: 0.05637375403195619
[2025-01-09 11:42:33,748] INFO: Iter 28200 Summary: 
[2025-01-09 11:42:33,748] INFO: 	 lr: 0.00030000000000000073 	 Training loss: 0.0568453037366271
[2025-01-09 11:42:47,365] INFO: Iter 28300 Summary: 
[2025-01-09 11:42:47,366] INFO: 	 lr: 0.00030000000000000073 	 Training loss: 0.05635287500917911
[2025-01-09 11:42:59,325] INFO: Iter 28400 Summary: 
[2025-01-09 11:42:59,325] INFO: 	 lr: 0.00030000000000000073 	 Training loss: 0.05637771803885698
[2025-01-09 11:43:12,453] INFO: Iter 28500 Summary: 
[2025-01-09 11:43:12,454] INFO: 	 lr: 0.00030000000000000073 	 Training loss: 0.056845958530902865
[2025-01-09 11:43:23,880] INFO: Iter 28600 Summary: 
[2025-01-09 11:43:23,881] INFO: 	 lr: 0.00030000000000000073 	 Training loss: 0.056766514368355274
[2025-01-09 11:43:35,120] INFO: Iter 28700 Summary: 
[2025-01-09 11:43:35,121] INFO: 	 lr: 0.00030000000000000073 	 Training loss: 0.056737906225025656
[2025-01-09 11:43:48,099] INFO: Iter 28800 Summary: 
[2025-01-09 11:43:48,100] INFO: 	 lr: 0.00030000000000000073 	 Training loss: 0.05705110363662243
[2025-01-09 11:43:59,623] INFO: Iter 28900 Summary: 
[2025-01-09 11:43:59,623] INFO: 	 lr: 0.00030000000000000073 	 Training loss: 0.05667532231658697
[2025-01-09 11:44:11,657] INFO: Iter 29000 Summary: 
[2025-01-09 11:44:11,657] INFO: 	 lr: 0.00030000000000000073 	 Training loss: 0.05649793595075607
[2025-01-09 11:44:22,964] INFO: Iter 29100 Summary: 
[2025-01-09 11:44:22,964] INFO: 	 lr: 0.00030000000000000073 	 Training loss: 0.05647411551326513
[2025-01-09 11:44:34,006] INFO: Iter 29200 Summary: 
[2025-01-09 11:44:34,006] INFO: 	 lr: 0.00030000000000000073 	 Training loss: 0.05648901280015707
[2025-01-09 11:44:46,370] INFO: Iter 29300 Summary: 
[2025-01-09 11:44:46,371] INFO: 	 lr: 0.00030000000000000073 	 Training loss: 0.05681594826281071
[2025-01-09 11:44:58,846] INFO: Iter 29400 Summary: 
[2025-01-09 11:44:58,846] INFO: 	 lr: 0.00030000000000000073 	 Training loss: 0.05620436660945415
[2025-01-09 11:45:09,994] INFO: Iter 29500 Summary: 
[2025-01-09 11:45:09,995] INFO: 	 lr: 0.00030000000000000073 	 Training loss: 0.0569393926858902
[2025-01-09 11:45:23,320] INFO: Iter 29600 Summary: 
[2025-01-09 11:45:23,321] INFO: 	 lr: 0.00030000000000000073 	 Training loss: 0.056700194664299486
[2025-01-09 11:45:37,012] INFO: Iter 29700 Summary: 
[2025-01-09 11:45:37,012] INFO: 	 lr: 0.00030000000000000073 	 Training loss: 0.056377429030835625
[2025-01-09 11:45:48,860] INFO: Iter 29800 Summary: 
[2025-01-09 11:45:48,860] INFO: 	 lr: 0.00030000000000000073 	 Training loss: 0.05615491151809692
[2025-01-09 11:46:02,639] INFO: Iter 29900 Summary: 
[2025-01-09 11:46:02,639] INFO: 	 lr: 0.00030000000000000073 	 Training loss: 0.05680652771145105
[2025-01-09 11:46:16,096] INFO: Iter 30000 Summary: 
[2025-01-09 11:46:16,096] INFO: 	 lr: 0.00030000000000000073 	 Training loss: 0.05702737953513861
[2025-01-09 11:46:35,055] INFO: Iter 30100 Summary: 
[2025-01-09 11:46:35,055] INFO: 	 lr: 1.2900000000000026e-05 	 Training loss: 0.055553034879267216
[2025-01-09 11:46:47,714] INFO: Iter 30200 Summary: 
[2025-01-09 11:46:47,714] INFO: 	 lr: 1.000000000000002e-05 	 Training loss: 0.05568819165229797
[2025-01-09 11:47:01,296] INFO: Iter 30300 Summary: 
[2025-01-09 11:47:01,297] INFO: 	 lr: 1.000000000000002e-05 	 Training loss: 0.05561392050236463
[2025-01-09 11:47:12,812] INFO: Iter 30400 Summary: 
[2025-01-09 11:47:12,812] INFO: 	 lr: 1.000000000000002e-05 	 Training loss: 0.05493677280843258
[2025-01-09 11:47:23,930] INFO: Iter 30500 Summary: 
[2025-01-09 11:47:23,930] INFO: 	 lr: 1.000000000000002e-05 	 Training loss: 0.05485367719084024
[2025-01-09 11:47:36,981] INFO: Iter 30600 Summary: 
[2025-01-09 11:47:36,982] INFO: 	 lr: 1.000000000000002e-05 	 Training loss: 0.05513796497136354
[2025-01-09 11:47:48,204] INFO: Iter 30700 Summary: 
[2025-01-09 11:47:48,205] INFO: 	 lr: 1.000000000000002e-05 	 Training loss: 0.05506755989044905
[2025-01-09 11:48:00,852] INFO: Iter 30800 Summary: 
[2025-01-09 11:48:00,852] INFO: 	 lr: 1.000000000000002e-05 	 Training loss: 0.055128761678934095
[2025-01-09 11:48:14,200] INFO: Iter 30900 Summary: 
[2025-01-09 11:48:14,201] INFO: 	 lr: 1.000000000000002e-05 	 Training loss: 0.05480301760137081
[2025-01-09 11:48:29,279] INFO: Iter 31000 Summary: 
[2025-01-09 11:48:29,279] INFO: 	 lr: 1.000000000000002e-05 	 Training loss: 0.05481210548430681
[2025-01-09 11:48:42,200] INFO: Iter 31100 Summary: 
[2025-01-09 11:48:42,200] INFO: 	 lr: 1.000000000000002e-05 	 Training loss: 0.05482404686510563
[2025-01-09 11:48:55,172] INFO: Iter 31200 Summary: 
[2025-01-09 11:48:55,172] INFO: 	 lr: 1.000000000000002e-05 	 Training loss: 0.05454454585909843
[2025-01-09 11:49:06,997] INFO: Iter 31300 Summary: 
[2025-01-09 11:49:06,998] INFO: 	 lr: 1.000000000000002e-05 	 Training loss: 0.05496388509869576
[2025-01-09 11:49:18,453] INFO: Iter 31400 Summary: 
[2025-01-09 11:49:18,454] INFO: 	 lr: 1.000000000000002e-05 	 Training loss: 0.055077075585722925
[2025-01-09 11:49:31,175] INFO: Iter 31500 Summary: 
[2025-01-09 11:49:31,175] INFO: 	 lr: 1.000000000000002e-05 	 Training loss: 0.055090520419180396
[2025-01-09 11:49:43,878] INFO: Iter 31600 Summary: 
[2025-01-09 11:49:43,878] INFO: 	 lr: 1.000000000000002e-05 	 Training loss: 0.05471570491790771
[2025-01-09 11:49:58,691] INFO: Iter 31700 Summary: 
[2025-01-09 11:49:58,691] INFO: 	 lr: 1.000000000000002e-05 	 Training loss: 0.05452724657952786
[2025-01-09 11:50:10,877] INFO: Iter 31800 Summary: 
[2025-01-09 11:50:10,877] INFO: 	 lr: 1.000000000000002e-05 	 Training loss: 0.05456413719803095
[2025-01-09 11:50:21,271] INFO: Iter 31900 Summary: 
[2025-01-09 11:50:21,271] INFO: 	 lr: 1.000000000000002e-05 	 Training loss: 0.05433596801012754
[2025-01-09 11:50:33,836] INFO: Iter 32000 Summary: 
[2025-01-09 11:50:33,837] INFO: 	 lr: 1.000000000000002e-05 	 Training loss: 0.054667614288628104
[2025-01-09 11:50:51,245] INFO: Iter 32100 Summary: 
[2025-01-09 11:50:51,245] INFO: 	 lr: 1.000000000000002e-05 	 Training loss: 0.05495866466313601
[2025-01-09 11:51:03,891] INFO: Iter 32200 Summary: 
[2025-01-09 11:51:03,891] INFO: 	 lr: 1.000000000000002e-05 	 Training loss: 0.05498976033180952
[2025-01-09 11:51:16,650] INFO: Iter 32300 Summary: 
[2025-01-09 11:51:16,650] INFO: 	 lr: 1.000000000000002e-05 	 Training loss: 0.05478550903499126
[2025-01-09 11:51:31,069] INFO: Iter 32400 Summary: 
[2025-01-09 11:51:31,069] INFO: 	 lr: 1.000000000000002e-05 	 Training loss: 0.05473368786275387
[2025-01-09 11:51:43,730] INFO: Iter 32500 Summary: 
[2025-01-09 11:51:43,731] INFO: 	 lr: 1.000000000000002e-05 	 Training loss: 0.05452037874609232
[2025-01-09 11:51:54,758] INFO: Iter 32600 Summary: 
[2025-01-09 11:51:54,758] INFO: 	 lr: 1.000000000000002e-05 	 Training loss: 0.054311493672430516
[2025-01-09 11:52:06,609] INFO: Iter 32700 Summary: 
[2025-01-09 11:52:06,610] INFO: 	 lr: 1.000000000000002e-05 	 Training loss: 0.0547289652004838
[2025-01-09 11:52:18,339] INFO: Iter 32800 Summary: 
[2025-01-09 11:52:18,339] INFO: 	 lr: 1.000000000000002e-05 	 Training loss: 0.0543757364526391
[2025-01-09 11:52:30,566] INFO: Iter 32900 Summary: 
[2025-01-09 11:52:30,566] INFO: 	 lr: 1.000000000000002e-05 	 Training loss: 0.05534202065318823
[2025-01-09 11:52:42,856] INFO: Iter 33000 Summary: 
[2025-01-09 11:52:42,857] INFO: 	 lr: 1.000000000000002e-05 	 Training loss: 0.054584900215268135
[2025-01-09 11:52:57,132] INFO: Iter 33100 Summary: 
[2025-01-09 11:52:57,132] INFO: 	 lr: 1.000000000000002e-05 	 Training loss: 0.05483316782861948
[2025-01-09 11:53:10,161] INFO: Iter 33200 Summary: 
[2025-01-09 11:53:10,161] INFO: 	 lr: 1.000000000000002e-05 	 Training loss: 0.05452288489788771
[2025-01-09 11:53:20,464] INFO: Iter 33300 Summary: 
[2025-01-09 11:53:20,465] INFO: 	 lr: 1.000000000000002e-05 	 Training loss: 0.054650455117225646
[2025-01-09 11:53:33,993] INFO: Iter 33400 Summary: 
[2025-01-09 11:53:33,994] INFO: 	 lr: 1.000000000000002e-05 	 Training loss: 0.05505132548511028
[2025-01-09 11:53:47,406] INFO: Iter 33500 Summary: 
[2025-01-09 11:53:47,407] INFO: 	 lr: 1.000000000000002e-05 	 Training loss: 0.054855840653181075
[2025-01-09 11:53:59,074] INFO: Iter 33600 Summary: 
[2025-01-09 11:53:59,074] INFO: 	 lr: 1.000000000000002e-05 	 Training loss: 0.05416131466627121
[2025-01-09 11:54:09,596] INFO: Iter 33700 Summary: 
[2025-01-09 11:54:09,596] INFO: 	 lr: 1.000000000000002e-05 	 Training loss: 0.05442865688353777
[2025-01-09 11:54:22,530] INFO: Iter 33800 Summary: 
[2025-01-09 11:54:22,531] INFO: 	 lr: 1.000000000000002e-05 	 Training loss: 0.0548138440027833
[2025-01-09 11:54:34,564] INFO: Iter 33900 Summary: 
[2025-01-09 11:54:34,565] INFO: 	 lr: 1.000000000000002e-05 	 Training loss: 0.05435253482311964
[2025-01-09 11:54:46,727] INFO: Iter 34000 Summary: 
[2025-01-09 11:54:46,727] INFO: 	 lr: 1.000000000000002e-05 	 Training loss: 0.05485106263309717
[2025-01-09 11:55:03,671] INFO: Iter 34100 Summary: 
[2025-01-09 11:55:03,671] INFO: 	 lr: 1.000000000000002e-05 	 Training loss: 0.054670196436345575
[2025-01-09 11:55:15,822] INFO: Iter 34200 Summary: 
[2025-01-09 11:55:15,822] INFO: 	 lr: 1.000000000000002e-05 	 Training loss: 0.054658621586859225
[2025-01-09 11:55:28,243] INFO: Iter 34300 Summary: 
[2025-01-09 11:55:28,243] INFO: 	 lr: 1.000000000000002e-05 	 Training loss: 0.0541751229763031
[2025-01-09 11:55:41,214] INFO: Iter 34400 Summary: 
[2025-01-09 11:55:41,214] INFO: 	 lr: 1.000000000000002e-05 	 Training loss: 0.054412182904779914
[2025-01-09 11:55:57,126] INFO: Iter 34500 Summary: 
[2025-01-09 11:55:57,127] INFO: 	 lr: 1.000000000000002e-05 	 Training loss: 0.05464399795979261
[2025-01-09 11:56:08,646] INFO: Iter 34600 Summary: 
[2025-01-09 11:56:08,647] INFO: 	 lr: 1.000000000000002e-05 	 Training loss: 0.0548802987113595
[2025-01-09 11:56:21,102] INFO: Iter 34700 Summary: 
[2025-01-09 11:56:21,103] INFO: 	 lr: 1.000000000000002e-05 	 Training loss: 0.054270222149789334
[2025-01-09 11:56:32,230] INFO: Iter 34800 Summary: 
[2025-01-09 11:56:32,234] INFO: 	 lr: 1.000000000000002e-05 	 Training loss: 0.054348642751574514
[2025-01-09 11:56:45,250] INFO: Iter 34900 Summary: 
[2025-01-09 11:56:45,250] INFO: 	 lr: 1.000000000000002e-05 	 Training loss: 0.054474363848567006
[2025-01-09 11:56:59,141] INFO: Iter 35000 Summary: 
[2025-01-09 11:56:59,141] INFO: 	 lr: 1.000000000000002e-05 	 Training loss: 0.0546041127294302
[2025-01-09 11:57:14,971] INFO: Iter 35100 Summary: 
[2025-01-09 11:57:14,971] INFO: 	 lr: 1.000000000000002e-05 	 Training loss: 0.054753939248621465
[2025-01-09 11:57:29,827] INFO: Iter 35200 Summary: 
[2025-01-09 11:57:29,828] INFO: 	 lr: 1.000000000000002e-05 	 Training loss: 0.05497055016458034
[2025-01-09 11:57:45,835] INFO: Iter 35300 Summary: 
[2025-01-09 11:57:45,835] INFO: 	 lr: 1.000000000000002e-05 	 Training loss: 0.054329077824950216
[2025-01-09 11:57:58,139] INFO: Iter 35400 Summary: 
[2025-01-09 11:57:58,140] INFO: 	 lr: 1.000000000000002e-05 	 Training loss: 0.054367773830890656
[2025-01-09 11:58:10,368] INFO: Iter 35500 Summary: 
[2025-01-09 11:58:10,369] INFO: 	 lr: 1.000000000000002e-05 	 Training loss: 0.05395698118954897
[2025-01-09 11:58:23,407] INFO: Iter 35600 Summary: 
[2025-01-09 11:58:23,407] INFO: 	 lr: 1.000000000000002e-05 	 Training loss: 0.05481549385935068
[2025-01-09 11:58:34,327] INFO: Iter 35700 Summary: 
[2025-01-09 11:58:34,328] INFO: 	 lr: 1.000000000000002e-05 	 Training loss: 0.05466996360570192
[2025-01-09 11:58:48,267] INFO: Iter 35800 Summary: 
[2025-01-09 11:58:48,267] INFO: 	 lr: 1.000000000000002e-05 	 Training loss: 0.05437157645821571
[2025-01-09 11:59:01,568] INFO: Iter 35900 Summary: 
[2025-01-09 11:59:01,568] INFO: 	 lr: 1.000000000000002e-05 	 Training loss: 0.05446836188435555
[2025-01-09 11:59:12,716] INFO: Iter 36000 Summary: 
[2025-01-09 11:59:12,717] INFO: 	 lr: 1.000000000000002e-05 	 Training loss: 0.05421205922961235
[2025-01-09 11:59:29,019] INFO: Iter 36100 Summary: 
[2025-01-09 11:59:29,019] INFO: 	 lr: 1.000000000000002e-05 	 Training loss: 0.05465985283255577
[2025-01-09 11:59:41,024] INFO: Iter 36200 Summary: 
[2025-01-09 11:59:41,025] INFO: 	 lr: 1.000000000000002e-05 	 Training loss: 0.05437009409070015
[2025-01-09 11:59:52,900] INFO: Iter 36300 Summary: 
[2025-01-09 11:59:52,900] INFO: 	 lr: 1.000000000000002e-05 	 Training loss: 0.054127550274133684
[2025-01-09 12:00:03,774] INFO: Iter 36400 Summary: 
[2025-01-09 12:00:03,774] INFO: 	 lr: 1.000000000000002e-05 	 Training loss: 0.05497103985399008
[2025-01-09 12:00:17,452] INFO: Iter 36500 Summary: 
[2025-01-09 12:00:17,452] INFO: 	 lr: 1.000000000000002e-05 	 Training loss: 0.05435819428414106
[2025-01-09 12:00:28,905] INFO: Iter 36600 Summary: 
[2025-01-09 12:00:28,906] INFO: 	 lr: 1.000000000000002e-05 	 Training loss: 0.05457140903919935
[2025-01-09 12:00:40,944] INFO: Iter 36700 Summary: 
[2025-01-09 12:00:40,945] INFO: 	 lr: 1.000000000000002e-05 	 Training loss: 0.05450802706182003
[2025-01-09 12:00:54,238] INFO: Iter 36800 Summary: 
[2025-01-09 12:00:54,238] INFO: 	 lr: 1.000000000000002e-05 	 Training loss: 0.054225922040641306
[2025-01-09 12:01:07,492] INFO: Iter 36900 Summary: 
[2025-01-09 12:01:07,493] INFO: 	 lr: 1.000000000000002e-05 	 Training loss: 0.05447493337094784
[2025-01-09 12:01:19,411] INFO: Iter 37000 Summary: 
[2025-01-09 12:01:19,412] INFO: 	 lr: 1.000000000000002e-05 	 Training loss: 0.05450106758624315
[2025-01-09 12:01:28,798] INFO: Iter 37100 Summary: 
[2025-01-09 12:01:28,798] INFO: 	 lr: 1.000000000000002e-05 	 Training loss: 0.055265624709427356
[2025-01-09 12:01:42,467] INFO: Iter 37200 Summary: 
[2025-01-09 12:01:42,467] INFO: 	 lr: 1.000000000000002e-05 	 Training loss: 0.05412267349660396
[2025-01-09 12:01:54,585] INFO: Iter 37300 Summary: 
[2025-01-09 12:01:54,585] INFO: 	 lr: 1.000000000000002e-05 	 Training loss: 0.05433866299688816
[2025-01-09 12:02:06,835] INFO: Iter 37400 Summary: 
[2025-01-09 12:02:06,836] INFO: 	 lr: 1.000000000000002e-05 	 Training loss: 0.0547807951271534
[2025-01-09 12:02:17,509] INFO: Iter 37500 Summary: 
[2025-01-09 12:02:17,510] INFO: 	 lr: 1.000000000000002e-05 	 Training loss: 0.05437709745019674
[2025-01-09 12:02:28,844] INFO: Iter 37600 Summary: 
[2025-01-09 12:02:28,844] INFO: 	 lr: 1.000000000000002e-05 	 Training loss: 0.05431941602379084
[2025-01-09 12:02:41,282] INFO: Iter 37700 Summary: 
[2025-01-09 12:02:41,282] INFO: 	 lr: 1.000000000000002e-05 	 Training loss: 0.054563097059726715
[2025-01-09 12:02:52,915] INFO: Iter 37800 Summary: 
[2025-01-09 12:02:52,916] INFO: 	 lr: 1.000000000000002e-05 	 Training loss: 0.05433340266346932
[2025-01-09 12:03:07,281] INFO: Iter 37900 Summary: 
[2025-01-09 12:03:07,282] INFO: 	 lr: 1.000000000000002e-05 	 Training loss: 0.05452488012611866
[2025-01-09 12:03:19,493] INFO: Iter 38000 Summary: 
[2025-01-09 12:03:19,493] INFO: 	 lr: 1.000000000000002e-05 	 Training loss: 0.05466346643865108
[2025-01-09 12:03:34,588] INFO: Iter 38100 Summary: 
[2025-01-09 12:03:34,588] INFO: 	 lr: 1.000000000000002e-05 	 Training loss: 0.05430215522646904
[2025-01-09 12:03:48,383] INFO: Iter 38200 Summary: 
[2025-01-09 12:03:48,384] INFO: 	 lr: 1.000000000000002e-05 	 Training loss: 0.05421907309442758
[2025-01-09 12:03:59,287] INFO: Iter 38300 Summary: 
[2025-01-09 12:03:59,287] INFO: 	 lr: 1.000000000000002e-05 	 Training loss: 0.05460245024412871
[2025-01-09 12:04:11,162] INFO: Iter 38400 Summary: 
[2025-01-09 12:04:11,162] INFO: 	 lr: 1.000000000000002e-05 	 Training loss: 0.05456088900566101
[2025-01-09 12:04:22,633] INFO: Iter 38500 Summary: 
[2025-01-09 12:04:22,633] INFO: 	 lr: 1.000000000000002e-05 	 Training loss: 0.0544059256464243
[2025-01-09 12:04:38,198] INFO: Iter 38600 Summary: 
[2025-01-09 12:04:38,198] INFO: 	 lr: 1.000000000000002e-05 	 Training loss: 0.05434077389538288
[2025-01-09 12:04:48,597] INFO: Iter 38700 Summary: 
[2025-01-09 12:04:48,597] INFO: 	 lr: 1.000000000000002e-05 	 Training loss: 0.05443845227360725
[2025-01-09 12:05:00,191] INFO: Iter 38800 Summary: 
[2025-01-09 12:05:00,191] INFO: 	 lr: 1.000000000000002e-05 	 Training loss: 0.05421098705381155
[2025-01-09 12:05:11,123] INFO: Iter 38900 Summary: 
[2025-01-09 12:05:11,124] INFO: 	 lr: 1.000000000000002e-05 	 Training loss: 0.05431842237710953
[2025-01-09 12:05:23,689] INFO: Iter 39000 Summary: 
[2025-01-09 12:05:23,689] INFO: 	 lr: 1.000000000000002e-05 	 Training loss: 0.054327356293797494
[2025-01-09 12:05:35,824] INFO: Iter 39100 Summary: 
[2025-01-09 12:05:35,824] INFO: 	 lr: 1.000000000000002e-05 	 Training loss: 0.054238740801811215
[2025-01-09 12:05:46,959] INFO: Iter 39200 Summary: 
[2025-01-09 12:05:46,960] INFO: 	 lr: 1.000000000000002e-05 	 Training loss: 0.05441119715571403
[2025-01-09 12:06:00,934] INFO: Iter 39300 Summary: 
[2025-01-09 12:06:00,935] INFO: 	 lr: 1.000000000000002e-05 	 Training loss: 0.054301146641373636
[2025-01-09 12:06:12,634] INFO: Iter 39400 Summary: 
[2025-01-09 12:06:12,634] INFO: 	 lr: 1.000000000000002e-05 	 Training loss: 0.05428582187741995
[2025-01-09 12:06:24,616] INFO: Iter 39500 Summary: 
[2025-01-09 12:06:24,617] INFO: 	 lr: 1.000000000000002e-05 	 Training loss: 0.054006909392774104
[2025-01-09 12:06:37,238] INFO: Iter 39600 Summary: 
[2025-01-09 12:06:37,239] INFO: 	 lr: 1.000000000000002e-05 	 Training loss: 0.054378535598516464
[2025-01-09 12:06:49,956] INFO: Iter 39700 Summary: 
[2025-01-09 12:06:49,956] INFO: 	 lr: 1.000000000000002e-05 	 Training loss: 0.05478165939450264
[2025-01-09 12:07:02,491] INFO: Iter 39800 Summary: 
[2025-01-09 12:07:02,491] INFO: 	 lr: 1.000000000000002e-05 	 Training loss: 0.05396953321993351
[2025-01-09 12:07:13,387] INFO: Iter 39900 Summary: 
[2025-01-09 12:07:13,387] INFO: 	 lr: 1.000000000000002e-05 	 Training loss: 0.05402094762772322
[2025-01-09 12:07:27,019] INFO: Iter 40000 Summary: 
[2025-01-09 12:07:27,020] INFO: 	 lr: 1.000000000000002e-05 	 Training loss: 0.05415231555700302
