[2025-01-16 07:48:41,090] INFO: {
    "abs_dir": "/home/diwang/siMLPe/exps/baseline_h36m",
    "batch_size": 256,
    "cos_lr_max": 1e-05,
    "cos_lr_min": 5e-08,
    "cos_lr_total_iters": 40000,
    "data_aug": true,
    "deriv_input": true,
    "deriv_output": true,
    "device": "cuda:4",
    "h36m_anno_dir": "/home/diwang/siMLPe/data/h36m/",
    "link_log_file": "/home/diwang/siMLPe/exps/baseline_h36m/log/log_last.log",
    "link_val_log_file": "/home/diwang/siMLPe/exps/baseline_h36m/log/val_last.log",
    "log_dir": "/home/diwang/siMLPe/exps/baseline_h36m/log",
    "log_file": "/home/diwang/siMLPe/exps/baseline_h36m/log/log_2025_01_16_07_48_24.log",
    "model_pth": null,
    "motion": {
        "dim": 66,
        "h36m_input_length": 50,
        "h36m_input_length_dct": 50,
        "h36m_target_length": 25,
        "h36m_target_length_eval": 25,
        "h36m_target_length_train": 25
    },
    "motion_fc_in": {
        "activation": "relu",
        "in_features": 66,
        "init_w_trunc_normal": false,
        "out_features": 66,
        "temporal_fc": false,
        "with_norm": false
    },
    "motion_fc_out": {
        "activation": "relu",
        "in_features": 66,
        "init_w_trunc_normal": true,
        "out_features": 66,
        "temporal_fc": false,
        "with_norm": false
    },
    "motion_mlp": {
        "hidden_dim": 66,
        "norm_axis": "spatial",
        "num_layers": 48,
        "seq_len": 50,
        "spatial_fc_only": false,
        "with_normalization": true
    },
    "num_workers": 8,
    "post_dct": false,
    "pre_dct": false,
    "print_every": 100,
    "repo_name": "siMLPe",
    "root_dir": "/home/diwang/siMLPe",
    "save_every": 2000,
    "seed": 304,
    "shift_step": 1,
    "snapshot_dir": "/home/diwang/siMLPe/exps/baseline_h36m/log/snapshot",
    "this_dir": "baseline_h36m",
    "use_relative_loss": true,
    "val_log_file": "/home/diwang/siMLPe/exps/baseline_h36m/log/val_2025_01_16_07_48_24.log",
    "weight_decay": 0.0001
}
[2025-01-16 07:48:50,017] INFO: Iter 100 Summarn  y: 
[2025-01-16 07:48:50,017] INFO: 	 lr: 0.00030000000000000073 	 Training loss: 0.06790359407663345
[2025-01-16 07:48:56,065] INFO: Iter 200 Summarn  y: 
[2025-01-16 07:48:56,065] INFO: 	 lr: 0.00030000000000000073 	 Training loss: 0.06054688602685929
[2025-01-16 07:49:02,528] INFO: Iter 300 Summarn  y: 
[2025-01-16 07:49:02,528] INFO: 	 lr: 0.00030000000000000073 	 Training loss: 0.06055034995079041
[2025-01-16 07:49:09,072] INFO: Iter 400 Summarn  y: 
[2025-01-16 07:49:09,072] INFO: 	 lr: 0.00030000000000000073 	 Training loss: 0.06054101157933474
[2025-01-16 07:49:15,691] INFO: Iter 500 Summarn  y: 
[2025-01-16 07:49:15,691] INFO: 	 lr: 0.00030000000000000073 	 Training loss: 0.0579260666295886
[2025-01-16 07:49:22,227] INFO: Iter 600 Summarn  y: 
[2025-01-16 07:49:22,227] INFO: 	 lr: 0.00030000000000000073 	 Training loss: 0.05286604668945074
[2025-01-16 07:49:30,106] INFO: Iter 700 Summarn  y: 
[2025-01-16 07:49:30,106] INFO: 	 lr: 0.00030000000000000073 	 Training loss: 0.050686324276030065
[2025-01-16 07:49:36,682] INFO: Iter 800 Summarn  y: 
[2025-01-16 07:49:36,682] INFO: 	 lr: 0.00030000000000000073 	 Training loss: 0.049951249696314336
[2025-01-16 07:49:43,199] INFO: Iter 900 Summarn  y: 
[2025-01-16 07:49:43,199] INFO: 	 lr: 0.00030000000000000073 	 Training loss: 0.04925822887569666
[2025-01-16 07:49:49,751] INFO: Iter 1000 Summarn  y: 
[2025-01-16 07:49:49,751] INFO: 	 lr: 0.00030000000000000073 	 Training loss: 0.048535247072577475
[2025-01-16 07:49:56,111] INFO: Iter 1100 Summarn  y: 
[2025-01-16 07:49:56,111] INFO: 	 lr: 0.00030000000000000073 	 Training loss: 0.048045964874327184
[2025-01-16 07:50:02,887] INFO: Iter 1200 Summarn  y: 
[2025-01-16 07:50:02,887] INFO: 	 lr: 0.00030000000000000073 	 Training loss: 0.04793465085327625
[2025-01-16 07:50:09,191] INFO: Iter 1300 Summarn  y: 
[2025-01-16 07:50:09,191] INFO: 	 lr: 0.00030000000000000073 	 Training loss: 0.047606115713715556
[2025-01-16 07:50:16,943] INFO: Iter 1400 Summarn  y: 
[2025-01-16 07:50:16,943] INFO: 	 lr: 0.00030000000000000073 	 Training loss: 0.04708657715469599
[2025-01-16 07:50:24,229] INFO: Iter 1500 Summarn  y: 
[2025-01-16 07:50:24,229] INFO: 	 lr: 0.00030000000000000073 	 Training loss: 0.04657085753977299
[2025-01-16 07:50:30,988] INFO: Iter 1600 Summarn  y: 
[2025-01-16 07:50:30,988] INFO: 	 lr: 0.00030000000000000073 	 Training loss: 0.046572794914245604
[2025-01-16 07:50:37,843] INFO: Iter 1700 Summarn  y: 
[2025-01-16 07:50:37,843] INFO: 	 lr: 0.00030000000000000073 	 Training loss: 0.045975118950009344
[2025-01-16 07:50:44,744] INFO: Iter 1800 Summarn  y: 
[2025-01-16 07:50:44,744] INFO: 	 lr: 0.00030000000000000073 	 Training loss: 0.045577564649283885
[2025-01-16 07:50:51,566] INFO: Iter 1900 Summarn  y: 
[2025-01-16 07:50:51,566] INFO: 	 lr: 0.00030000000000000073 	 Training loss: 0.045772493183612824
[2025-01-16 07:50:58,273] INFO: Iter 2000 Summarn  y: 
[2025-01-16 07:50:58,273] INFO: 	 lr: 0.00030000000000000073 	 Training loss: 0.04531267438083887
[2025-01-16 07:51:08,509] INFO: Iter 2100 Summarn  y: 
[2025-01-16 07:51:08,510] INFO: 	 lr: 0.00030000000000000073 	 Training loss: 0.0452927365899086
[2025-01-16 07:51:15,365] INFO: Iter 2200 Summarn  y: 
[2025-01-16 07:51:15,366] INFO: 	 lr: 0.00030000000000000073 	 Training loss: 0.04523423328995704
[2025-01-16 07:51:21,869] INFO: Iter 2300 Summarn  y: 
[2025-01-16 07:51:21,869] INFO: 	 lr: 0.00030000000000000073 	 Training loss: 0.04477257203310728
[2025-01-16 07:51:28,559] INFO: Iter 2400 Summarn  y: 
[2025-01-16 07:51:28,559] INFO: 	 lr: 0.00030000000000000073 	 Training loss: 0.0445392507687211
[2025-01-16 07:51:35,393] INFO: Iter 2500 Summarn  y: 
[2025-01-16 07:51:35,393] INFO: 	 lr: 0.00030000000000000073 	 Training loss: 0.044116310887038705
[2025-01-16 07:51:42,215] INFO: Iter 2600 Summarn  y: 
[2025-01-16 07:51:42,215] INFO: 	 lr: 0.00030000000000000073 	 Training loss: 0.04425066862255335
[2025-01-16 07:51:48,853] INFO: Iter 2700 Summarn  y: 
[2025-01-16 07:51:48,853] INFO: 	 lr: 0.00030000000000000073 	 Training loss: 0.044001305550336836
[2025-01-16 07:51:56,930] INFO: Iter 2800 Summarn  y: 
[2025-01-16 07:51:56,931] INFO: 	 lr: 0.00030000000000000073 	 Training loss: 0.0438980295881629
[2025-01-16 07:52:03,408] INFO: Iter 2900 Summarn  y: 
[2025-01-16 07:52:03,408] INFO: 	 lr: 0.00030000000000000073 	 Training loss: 0.044176001586019996
[2025-01-16 07:52:10,122] INFO: Iter 3000 Summarn  y: 
[2025-01-16 07:52:10,122] INFO: 	 lr: 0.00030000000000000073 	 Training loss: 0.04396188907325268
[2025-01-16 07:52:16,865] INFO: Iter 3100 Summarn  y: 
[2025-01-16 07:52:16,865] INFO: 	 lr: 0.00030000000000000073 	 Training loss: 0.0435160031542182
[2025-01-16 07:52:23,764] INFO: Iter 3200 Summarn  y: 
[2025-01-16 07:52:23,765] INFO: 	 lr: 0.00030000000000000073 	 Training loss: 0.0436374843493104
[2025-01-16 07:52:30,812] INFO: Iter 3300 Summarn  y: 
[2025-01-16 07:52:30,812] INFO: 	 lr: 0.00030000000000000073 	 Training loss: 0.04351114276796579
[2025-01-16 07:52:39,223] INFO: Iter 3400 Summarn  y: 
[2025-01-16 07:52:39,223] INFO: 	 lr: 0.00030000000000000073 	 Training loss: 0.04345287948846817
[2025-01-16 07:52:47,582] INFO: Iter 3500 Summarn  y: 
[2025-01-16 07:52:47,582] INFO: 	 lr: 0.00030000000000000073 	 Training loss: 0.043369785249233246
[2025-01-16 07:52:54,184] INFO: Iter 3600 Summarn  y: 
[2025-01-16 07:52:54,184] INFO: 	 lr: 0.00030000000000000073 	 Training loss: 0.0431067293509841
[2025-01-16 07:53:00,710] INFO: Iter 3700 Summarn  y: 
[2025-01-16 07:53:00,710] INFO: 	 lr: 0.00030000000000000073 	 Training loss: 0.04291022144258022
[2025-01-16 07:53:07,596] INFO: Iter 3800 Summarn  y: 
[2025-01-16 07:53:07,596] INFO: 	 lr: 0.00030000000000000073 	 Training loss: 0.042959994301199914
[2025-01-16 07:53:14,393] INFO: Iter 3900 Summarn  y: 
[2025-01-16 07:53:14,393] INFO: 	 lr: 0.00030000000000000073 	 Training loss: 0.042972197122871876
[2025-01-16 07:53:20,657] INFO: Iter 4000 Summarn  y: 
[2025-01-16 07:53:20,657] INFO: 	 lr: 0.00030000000000000073 	 Training loss: 0.04273166563361883
[2025-01-16 07:53:30,410] INFO: Iter 4100 Summarn  y: 
[2025-01-16 07:53:30,411] INFO: 	 lr: 0.00030000000000000073 	 Training loss: 0.04269614327698946
[2025-01-16 07:53:37,057] INFO: Iter 4200 Summarn  y: 
[2025-01-16 07:53:37,057] INFO: 	 lr: 0.00030000000000000073 	 Training loss: 0.04244439840316772
[2025-01-16 07:53:43,380] INFO: Iter 4300 Summarn  y: 
[2025-01-16 07:53:43,380] INFO: 	 lr: 0.00030000000000000073 	 Training loss: 0.042380336746573447
[2025-01-16 07:53:49,919] INFO: Iter 4400 Summarn  y: 
[2025-01-16 07:53:49,919] INFO: 	 lr: 0.00030000000000000073 	 Training loss: 0.042540181167423724
[2025-01-16 07:53:56,464] INFO: Iter 4500 Summarn  y: 
[2025-01-16 07:53:56,464] INFO: 	 lr: 0.00030000000000000073 	 Training loss: 0.04249405235052109
[2025-01-16 07:54:03,902] INFO: Iter 4600 Summarn  y: 
[2025-01-16 07:54:03,903] INFO: 	 lr: 0.00030000000000000073 	 Training loss: 0.04247516691684723
[2025-01-16 07:54:10,732] INFO: Iter 4700 Summarn  y: 
[2025-01-16 07:54:10,732] INFO: 	 lr: 0.00030000000000000073 	 Training loss: 0.042042549066245556
[2025-01-16 07:54:19,131] INFO: Iter 4800 Summarn  y: 
[2025-01-16 07:54:19,132] INFO: 	 lr: 0.00030000000000000073 	 Training loss: 0.0421382162719965
[2025-01-16 07:54:26,305] INFO: Iter 4900 Summarn  y: 
[2025-01-16 07:54:26,305] INFO: 	 lr: 0.00030000000000000073 	 Training loss: 0.04213499970734119
[2025-01-16 07:54:33,141] INFO: Iter 5000 Summarn  y: 
[2025-01-16 07:54:33,141] INFO: 	 lr: 0.00030000000000000073 	 Training loss: 0.04207854200154543
[2025-01-16 07:54:39,643] INFO: Iter 5100 Summarn  y: 
[2025-01-16 07:54:39,643] INFO: 	 lr: 0.00030000000000000073 	 Training loss: 0.04193460784852505
[2025-01-16 07:54:46,526] INFO: Iter 5200 Summarn  y: 
[2025-01-16 07:54:46,526] INFO: 	 lr: 0.00030000000000000073 	 Training loss: 0.0416566801071167
[2025-01-16 07:54:53,131] INFO: Iter 5300 Summarn  y: 
[2025-01-16 07:54:53,131] INFO: 	 lr: 0.00030000000000000073 	 Training loss: 0.041898695006966594
[2025-01-16 07:54:59,786] INFO: Iter 5400 Summarn  y: 
[2025-01-16 07:54:59,786] INFO: 	 lr: 0.00030000000000000073 	 Training loss: 0.04159674543887377
[2025-01-16 07:55:07,892] INFO: Iter 5500 Summarn  y: 
[2025-01-16 07:55:07,893] INFO: 	 lr: 0.00030000000000000073 	 Training loss: 0.04158038891851902
[2025-01-16 07:55:14,306] INFO: Iter 5600 Summarn  y: 
[2025-01-16 07:55:14,306] INFO: 	 lr: 0.00030000000000000073 	 Training loss: 0.04155412282794714
[2025-01-16 07:55:20,638] INFO: Iter 5700 Summarn  y: 
[2025-01-16 07:55:20,638] INFO: 	 lr: 0.00030000000000000073 	 Training loss: 0.04145721103996038
[2025-01-16 07:55:27,171] INFO: Iter 5800 Summarn  y: 
[2025-01-16 07:55:27,172] INFO: 	 lr: 0.00030000000000000073 	 Training loss: 0.04138073645532131
[2025-01-16 07:55:33,979] INFO: Iter 5900 Summarn  y: 
[2025-01-16 07:55:33,979] INFO: 	 lr: 0.00030000000000000073 	 Training loss: 0.04135809250175953
[2025-01-16 07:55:40,608] INFO: Iter 6000 Summarn  y: 
[2025-01-16 07:55:40,608] INFO: 	 lr: 0.00030000000000000073 	 Training loss: 0.04106459081172943
[2025-01-16 07:56:00,775] INFO: Iter 6100 Summarn  y: 
[2025-01-16 07:56:00,776] INFO: 	 lr: 0.00030000000000000073 	 Training loss: 0.04102627534419298
[2025-01-16 07:56:58,969] INFO: Iter 6200 Summarn  y: 
[2025-01-16 07:56:58,970] INFO: 	 lr: 0.00030000000000000073 	 Training loss: 0.04081662137061357
[2025-01-16 07:57:05,621] INFO: Iter 6300 Summarn  y: 
[2025-01-16 07:57:05,621] INFO: 	 lr: 0.00030000000000000073 	 Training loss: 0.04086222805082798
[2025-01-16 07:57:12,283] INFO: Iter 6400 Summarn  y: 
[2025-01-16 07:57:12,284] INFO: 	 lr: 0.00030000000000000073 	 Training loss: 0.04096923720091581
[2025-01-16 07:57:20,132] INFO: Iter 6500 Summarn  y: 
[2025-01-16 07:57:20,132] INFO: 	 lr: 0.00030000000000000073 	 Training loss: 0.04083488430827856
[2025-01-16 07:57:26,776] INFO: Iter 6600 Summarn  y: 
[2025-01-16 07:57:26,776] INFO: 	 lr: 0.00030000000000000073 	 Training loss: 0.04065506689250469
[2025-01-16 07:57:33,275] INFO: Iter 6700 Summarn  y: 
[2025-01-16 07:57:33,275] INFO: 	 lr: 0.00030000000000000073 	 Training loss: 0.0406393127515912
[2025-01-16 07:57:53,382] INFO: Iter 6800 Summarn  y: 
[2025-01-16 07:57:53,382] INFO: 	 lr: 0.00030000000000000073 	 Training loss: 0.04055560231208801
[2025-01-16 07:58:00,421] INFO: Iter 6900 Summarn  y: 
[2025-01-16 07:58:00,421] INFO: 	 lr: 0.00030000000000000073 	 Training loss: 0.04043958973139525
[2025-01-16 07:58:07,363] INFO: Iter 7000 Summarn  y: 
[2025-01-16 07:58:07,364] INFO: 	 lr: 0.00030000000000000073 	 Training loss: 0.04041782807558775
[2025-01-16 07:58:14,316] INFO: Iter 7100 Summarn  y: 
[2025-01-16 07:58:14,316] INFO: 	 lr: 0.00030000000000000073 	 Training loss: 0.04035830769687891
[2025-01-16 07:58:20,558] INFO: Iter 7200 Summarn  y: 
[2025-01-16 07:58:20,558] INFO: 	 lr: 0.00030000000000000073 	 Training loss: 0.04027072120457888
[2025-01-16 07:58:27,577] INFO: Iter 7300 Summarn  y: 
[2025-01-16 07:58:27,577] INFO: 	 lr: 0.00030000000000000073 	 Training loss: 0.040138322822749616
[2025-01-16 07:58:34,536] INFO: Iter 7400 Summarn  y: 
[2025-01-16 07:58:34,536] INFO: 	 lr: 0.00030000000000000073 	 Training loss: 0.04027043104171753
[2025-01-16 07:58:42,791] INFO: Iter 7500 Summarn  y: 
[2025-01-16 07:58:42,792] INFO: 	 lr: 0.00030000000000000073 	 Training loss: 0.03985035222023726
[2025-01-16 07:58:49,593] INFO: Iter 7600 Summarn  y: 
[2025-01-16 07:58:49,593] INFO: 	 lr: 0.00030000000000000073 	 Training loss: 0.040026692003011705
[2025-01-16 07:58:56,985] INFO: Iter 7700 Summarn  y: 
[2025-01-16 07:58:56,985] INFO: 	 lr: 0.00030000000000000073 	 Training loss: 0.04024514824151993
[2025-01-16 07:59:03,724] INFO: Iter 7800 Summarn  y: 
[2025-01-16 07:59:03,724] INFO: 	 lr: 0.00030000000000000073 	 Training loss: 0.03987045198678971
[2025-01-16 07:59:10,577] INFO: Iter 7900 Summarn  y: 
[2025-01-16 07:59:10,577] INFO: 	 lr: 0.00030000000000000073 	 Training loss: 0.03978900976479054
[2025-01-16 07:59:17,409] INFO: Iter 8000 Summarn  y: 
[2025-01-16 07:59:17,410] INFO: 	 lr: 0.00030000000000000073 	 Training loss: 0.03980634231120348
[2025-01-16 07:59:25,639] INFO: Iter 8100 Summarn  y: 
[2025-01-16 07:59:25,639] INFO: 	 lr: 0.00030000000000000073 	 Training loss: 0.04005526877939701
[2025-01-16 07:59:33,849] INFO: Iter 8200 Summarn  y: 
[2025-01-16 07:59:33,850] INFO: 	 lr: 0.00030000000000000073 	 Training loss: 0.03988031748682261
[2025-01-16 07:59:40,402] INFO: Iter 8300 Summarn  y: 
[2025-01-16 07:59:40,402] INFO: 	 lr: 0.00030000000000000073 	 Training loss: 0.03943263117223978
[2025-01-16 07:59:46,391] INFO: Iter 8400 Summarn  y: 
[2025-01-16 07:59:46,392] INFO: 	 lr: 0.00030000000000000073 	 Training loss: 0.039745941013097766
[2025-01-16 07:59:52,867] INFO: Iter 8500 Summarn  y: 
[2025-01-16 07:59:52,867] INFO: 	 lr: 0.00030000000000000073 	 Training loss: 0.039747127890586854
[2025-01-16 07:59:59,932] INFO: Iter 8600 Summarn  y: 
[2025-01-16 07:59:59,932] INFO: 	 lr: 0.00030000000000000073 	 Training loss: 0.03941922746598721
[2025-01-16 08:00:07,340] INFO: Iter 8700 Summarn  y: 
[2025-01-16 08:00:07,340] INFO: 	 lr: 0.00030000000000000073 	 Training loss: 0.03981774099171162
[2025-01-16 08:00:14,419] INFO: Iter 8800 Summarn  y: 
[2025-01-16 08:00:14,419] INFO: 	 lr: 0.00030000000000000073 	 Training loss: 0.03969092402607202
[2025-01-16 08:00:22,929] INFO: Iter 8900 Summarn  y: 
[2025-01-16 08:00:22,929] INFO: 	 lr: 0.00030000000000000073 	 Training loss: 0.039570631720125676
[2025-01-16 08:00:29,804] INFO: Iter 9000 Summarn  y: 
[2025-01-16 08:00:29,804] INFO: 	 lr: 0.00030000000000000073 	 Training loss: 0.03941057730466127
[2025-01-16 08:00:36,511] INFO: Iter 9100 Summarn  y: 
[2025-01-16 08:00:36,511] INFO: 	 lr: 0.00030000000000000073 	 Training loss: 0.03927624095231295
[2025-01-16 08:00:42,967] INFO: Iter 9200 Summarn  y: 
[2025-01-16 08:00:42,968] INFO: 	 lr: 0.00030000000000000073 	 Training loss: 0.03929519146680832
[2025-01-16 08:00:49,816] INFO: Iter 9300 Summarn  y: 
[2025-01-16 08:00:49,816] INFO: 	 lr: 0.00030000000000000073 	 Training loss: 0.03928059495985508
[2025-01-16 08:00:56,087] INFO: Iter 9400 Summarn  y: 
[2025-01-16 08:00:56,087] INFO: 	 lr: 0.00030000000000000073 	 Training loss: 0.03930204845964909
[2025-01-16 08:01:02,674] INFO: Iter 9500 Summarn  y: 
[2025-01-16 08:01:02,674] INFO: 	 lr: 0.00030000000000000073 	 Training loss: 0.03920228041708469
[2025-01-16 09:19:57,884] INFO: Iter 9600 Summarn  y: 
[2025-01-16 09:19:57,885] INFO: 	 lr: 0.00030000000000000073 	 Training loss: 0.03932735558599234
[2025-01-16 09:20:04,976] INFO: Iter 9700 Summarn  y: 
[2025-01-16 09:20:04,976] INFO: 	 lr: 0.00030000000000000073 	 Training loss: 0.03919253796339035
[2025-01-16 09:20:11,335] INFO: Iter 9800 Summarn  y: 
[2025-01-16 09:20:11,335] INFO: 	 lr: 0.00030000000000000073 	 Training loss: 0.0390468043461442
[2025-01-16 09:20:17,863] INFO: Iter 9900 Summarn  y: 
[2025-01-16 09:20:17,864] INFO: 	 lr: 0.00030000000000000073 	 Training loss: 0.03942754697054625
[2025-01-16 09:20:24,023] INFO: Iter 10000 Summarn  y: 
[2025-01-16 09:20:24,023] INFO: 	 lr: 0.00030000000000000073 	 Training loss: 0.03894816666841507
[2025-01-16 09:30:00,218] INFO: Iter 10100 Summarn  y: 
[2025-01-16 09:30:00,218] INFO: 	 lr: 0.00030000000000000073 	 Training loss: 0.03885525465011597
[2025-01-16 10:49:52,679] INFO: Iter 10200 Summarn  y: 
[2025-01-16 10:49:52,680] INFO: 	 lr: 0.00030000000000000073 	 Training loss: 0.03919625043869018
[2025-01-16 10:49:59,592] INFO: Iter 10300 Summarn  y: 
[2025-01-16 10:49:59,592] INFO: 	 lr: 0.00030000000000000073 	 Training loss: 0.039083317928016184
[2025-01-16 10:50:06,608] INFO: Iter 10400 Summarn  y: 
[2025-01-16 10:50:06,609] INFO: 	 lr: 0.00030000000000000073 	 Training loss: 0.03873636357486248
[2025-01-16 10:50:13,316] INFO: Iter 10500 Summarn  y: 
[2025-01-16 10:50:13,316] INFO: 	 lr: 0.00030000000000000073 	 Training loss: 0.03871173344552517
[2025-01-16 10:50:20,107] INFO: Iter 10600 Summarn  y: 
[2025-01-16 10:50:20,108] INFO: 	 lr: 0.00030000000000000073 	 Training loss: 0.038801626935601234
[2025-01-16 10:50:26,973] INFO: Iter 10700 Summarn  y: 
[2025-01-16 10:50:26,973] INFO: 	 lr: 0.00030000000000000073 	 Training loss: 0.038912333548069
[2025-01-16 10:50:33,620] INFO: Iter 10800 Summarn  y: 
[2025-01-16 10:50:33,620] INFO: 	 lr: 0.00030000000000000073 	 Training loss: 0.038969972319900986
[2025-01-16 12:09:54,608] INFO: Iter 10900 Summarn  y: 
[2025-01-16 12:09:54,609] INFO: 	 lr: 0.00030000000000000073 	 Training loss: 0.03895692750811577
[2025-01-16 12:10:01,961] INFO: Iter 11000 Summarn  y: 
[2025-01-16 12:10:01,962] INFO: 	 lr: 0.00030000000000000073 	 Training loss: 0.038543989174067976
[2025-01-16 12:10:08,757] INFO: Iter 11100 Summarn  y: 
[2025-01-16 12:10:08,757] INFO: 	 lr: 0.00030000000000000073 	 Training loss: 0.038705924786627294
[2025-01-16 12:10:16,156] INFO: Iter 11200 Summarn  y: 
[2025-01-16 12:10:16,157] INFO: 	 lr: 0.00030000000000000073 	 Training loss: 0.03840061016380787
[2025-01-16 12:10:22,824] INFO: Iter 11300 Summarn  y: 
[2025-01-16 12:10:22,824] INFO: 	 lr: 0.00030000000000000073 	 Training loss: 0.03871781975030899
[2025-01-16 12:10:29,693] INFO: Iter 11400 Summarn  y: 
[2025-01-16 12:10:29,694] INFO: 	 lr: 0.00030000000000000073 	 Training loss: 0.03881482224911451
[2025-01-16 12:10:36,468] INFO: Iter 11500 Summarn  y: 
[2025-01-16 12:10:36,468] INFO: 	 lr: 0.00030000000000000073 	 Training loss: 0.03847219828516245
[2025-01-16 13:27:52,984] INFO: Iter 11600 Summarn  y: 
[2025-01-16 13:27:52,985] INFO: 	 lr: 0.00030000000000000073 	 Training loss: 0.038434890024363996
[2025-01-16 13:28:00,365] INFO: Iter 11700 Summarn  y: 
[2025-01-16 13:28:00,366] INFO: 	 lr: 0.00030000000000000073 	 Training loss: 0.03838037271052599
[2025-01-16 13:28:07,474] INFO: Iter 11800 Summarn  y: 
[2025-01-16 13:28:07,474] INFO: 	 lr: 0.00030000000000000073 	 Training loss: 0.03848219607025385
[2025-01-16 13:28:14,856] INFO: Iter 11900 Summarn  y: 
[2025-01-16 13:28:14,856] INFO: 	 lr: 0.00030000000000000073 	 Training loss: 0.0383725942671299
[2025-01-16 13:28:21,953] INFO: Iter 12000 Summarn  y: 
[2025-01-16 13:28:21,953] INFO: 	 lr: 0.00030000000000000073 	 Training loss: 0.03860930122435093
[2025-01-16 13:28:30,954] INFO: Iter 12100 Summarn  y: 
[2025-01-16 13:28:30,954] INFO: 	 lr: 0.00030000000000000073 	 Training loss: 0.03860386747866869
[2025-01-16 13:28:38,206] INFO: Iter 12200 Summarn  y: 
[2025-01-16 13:28:38,206] INFO: 	 lr: 0.00030000000000000073 	 Training loss: 0.038606068193912504
[2025-01-16 13:28:48,413] INFO: Iter 12300 Summarn  y: 
[2025-01-16 13:28:48,414] INFO: 	 lr: 0.00030000000000000073 	 Training loss: 0.03830205876380205
[2025-01-16 13:28:56,001] INFO: Iter 12400 Summarn  y: 
[2025-01-16 13:28:56,002] INFO: 	 lr: 0.00030000000000000073 	 Training loss: 0.038295971676707265
[2025-01-16 13:29:03,226] INFO: Iter 12500 Summarn  y: 
[2025-01-16 13:29:03,226] INFO: 	 lr: 0.00030000000000000073 	 Training loss: 0.03808225855231285
[2025-01-16 13:29:10,536] INFO: Iter 12600 Summarn  y: 
[2025-01-16 13:29:10,536] INFO: 	 lr: 0.00030000000000000073 	 Training loss: 0.038239832632243634
[2025-01-16 13:29:17,967] INFO: Iter 12700 Summarn  y: 
[2025-01-16 13:29:17,968] INFO: 	 lr: 0.00030000000000000073 	 Training loss: 0.0384991966560483
[2025-01-16 13:29:25,242] INFO: Iter 12800 Summarn  y: 
[2025-01-16 13:29:25,242] INFO: 	 lr: 0.00030000000000000073 	 Training loss: 0.03813865669071674
[2025-01-16 13:29:32,405] INFO: Iter 12900 Summarn  y: 
[2025-01-16 13:29:32,405] INFO: 	 lr: 0.00030000000000000073 	 Training loss: 0.03843667861074209
[2025-01-16 13:29:40,894] INFO: Iter 13000 Summarn  y: 
[2025-01-16 13:29:40,895] INFO: 	 lr: 0.00030000000000000073 	 Training loss: 0.038296963460743426
[2025-01-16 13:29:48,428] INFO: Iter 13100 Summarn  y: 
[2025-01-16 13:29:48,428] INFO: 	 lr: 0.00030000000000000073 	 Training loss: 0.03835148088634014
[2025-01-16 13:29:55,662] INFO: Iter 13200 Summarn  y: 
[2025-01-16 13:29:55,663] INFO: 	 lr: 0.00030000000000000073 	 Training loss: 0.038080036006867886
[2025-01-16 13:30:02,868] INFO: Iter 13300 Summarn  y: 
[2025-01-16 13:30:02,868] INFO: 	 lr: 0.00030000000000000073 	 Training loss: 0.038067382723093034
[2025-01-16 13:30:10,038] INFO: Iter 13400 Summarn  y: 
[2025-01-16 13:30:10,038] INFO: 	 lr: 0.00030000000000000073 	 Training loss: 0.038218423649668695
[2025-01-16 13:30:17,187] INFO: Iter 13500 Summarn  y: 
[2025-01-16 13:30:17,187] INFO: 	 lr: 0.00030000000000000073 	 Training loss: 0.03795374684035778
[2025-01-16 13:30:25,760] INFO: Iter 13600 Summarn  y: 
[2025-01-16 13:30:25,761] INFO: 	 lr: 0.00030000000000000073 	 Training loss: 0.03800634037703276
[2025-01-16 13:30:33,001] INFO: Iter 13700 Summarn  y: 
[2025-01-16 13:30:33,001] INFO: 	 lr: 0.00030000000000000073 	 Training loss: 0.03783421572297811
[2025-01-16 13:30:40,124] INFO: Iter 13800 Summarn  y: 
[2025-01-16 13:30:40,124] INFO: 	 lr: 0.00030000000000000073 	 Training loss: 0.0380489893257618
[2025-01-16 13:30:46,944] INFO: Iter 13900 Summarn  y: 
[2025-01-16 13:30:46,945] INFO: 	 lr: 0.00030000000000000073 	 Training loss: 0.03803199551999569
[2025-01-16 13:30:54,157] INFO: Iter 14000 Summarn  y: 
[2025-01-16 13:30:54,157] INFO: 	 lr: 0.00030000000000000073 	 Training loss: 0.03798819679766893
[2025-01-16 13:31:03,790] INFO: Iter 14100 Summarn  y: 
[2025-01-16 13:31:03,790] INFO: 	 lr: 0.00030000000000000073 	 Training loss: 0.03813388731330633
[2025-01-16 13:31:11,078] INFO: Iter 14200 Summarn  y: 
[2025-01-16 13:31:11,078] INFO: 	 lr: 0.00030000000000000073 	 Training loss: 0.03808182056993246
[2025-01-16 13:31:19,657] INFO: Iter 14300 Summarn  y: 
[2025-01-16 13:31:19,657] INFO: 	 lr: 0.00030000000000000073 	 Training loss: 0.03811694744974375
[2025-01-16 13:31:27,131] INFO: Iter 14400 Summarn  y: 
[2025-01-16 13:31:27,131] INFO: 	 lr: 0.00030000000000000073 	 Training loss: 0.03787465613335371
[2025-01-16 13:31:34,589] INFO: Iter 14500 Summarn  y: 
[2025-01-16 13:31:34,589] INFO: 	 lr: 0.00030000000000000073 	 Training loss: 0.037973069809377195
[2025-01-16 13:31:41,945] INFO: Iter 14600 Summarn  y: 
[2025-01-16 13:31:41,945] INFO: 	 lr: 0.00030000000000000073 	 Training loss: 0.037938197404146196
[2025-01-16 13:31:49,467] INFO: Iter 14700 Summarn  y: 
[2025-01-16 13:31:49,468] INFO: 	 lr: 0.00030000000000000073 	 Training loss: 0.037632363922894
[2025-01-16 13:31:56,769] INFO: Iter 14800 Summarn  y: 
[2025-01-16 13:31:56,769] INFO: 	 lr: 0.00030000000000000073 	 Training loss: 0.03785351660102606
[2025-01-16 13:32:03,894] INFO: Iter 14900 Summarn  y: 
[2025-01-16 13:32:03,894] INFO: 	 lr: 0.00030000000000000073 	 Training loss: 0.03790297526866197
[2025-01-16 13:32:12,693] INFO: Iter 15000 Summarn  y: 
[2025-01-16 13:32:12,694] INFO: 	 lr: 0.00030000000000000073 	 Training loss: 0.03796929098665714
[2025-01-16 13:32:19,730] INFO: Iter 15100 Summarn  y: 
[2025-01-16 13:32:19,730] INFO: 	 lr: 0.00030000000000000073 	 Training loss: 0.037895185835659505
[2025-01-16 13:32:26,824] INFO: Iter 15200 Summarn  y: 
[2025-01-16 13:32:26,824] INFO: 	 lr: 0.00030000000000000073 	 Training loss: 0.0377999434992671
[2025-01-16 13:32:34,002] INFO: Iter 15300 Summarn  y: 
[2025-01-16 13:32:34,002] INFO: 	 lr: 0.00030000000000000073 	 Training loss: 0.037639161422848705
[2025-01-16 13:32:41,076] INFO: Iter 15400 Summarn  y: 
[2025-01-16 13:32:41,077] INFO: 	 lr: 0.00030000000000000073 	 Training loss: 0.03774684749543667
[2025-01-16 13:32:48,196] INFO: Iter 15500 Summarn  y: 
[2025-01-16 13:32:48,196] INFO: 	 lr: 0.00030000000000000073 	 Training loss: 0.03775326255708933
[2025-01-16 13:32:55,328] INFO: Iter 15600 Summarn  y: 
[2025-01-16 13:32:55,328] INFO: 	 lr: 0.00030000000000000073 	 Training loss: 0.037753455750644205
[2025-01-16 13:33:04,023] INFO: Iter 15700 Summarn  y: 
[2025-01-16 13:33:04,023] INFO: 	 lr: 0.00030000000000000073 	 Training loss: 0.03759167235344649
[2025-01-16 13:33:11,212] INFO: Iter 15800 Summarn  y: 
[2025-01-16 13:33:11,212] INFO: 	 lr: 0.00030000000000000073 	 Training loss: 0.037476741448044776
[2025-01-16 13:33:18,303] INFO: Iter 15900 Summarn  y: 
[2025-01-16 13:33:18,304] INFO: 	 lr: 0.00030000000000000073 	 Training loss: 0.03782611835747957
[2025-01-16 13:33:25,782] INFO: Iter 16000 Summarn  y: 
[2025-01-16 13:33:25,782] INFO: 	 lr: 0.00030000000000000073 	 Training loss: 0.037648964896798136
[2025-01-16 13:33:35,153] INFO: Iter 16100 Summarn  y: 
[2025-01-16 13:33:35,154] INFO: 	 lr: 0.00030000000000000073 	 Training loss: 0.03799307707697153
[2025-01-16 13:33:42,462] INFO: Iter 16200 Summarn  y: 
[2025-01-16 13:33:42,463] INFO: 	 lr: 0.00030000000000000073 	 Training loss: 0.03756538107991218
[2025-01-16 13:33:50,847] INFO: Iter 16300 Summarn  y: 
[2025-01-16 13:33:50,847] INFO: 	 lr: 0.00030000000000000073 	 Training loss: 0.037641560696065425
[2025-01-16 13:33:58,531] INFO: Iter 16400 Summarn  y: 
[2025-01-16 13:33:58,531] INFO: 	 lr: 0.00030000000000000073 	 Training loss: 0.03755941011011601
[2025-01-16 13:34:05,667] INFO: Iter 16500 Summarn  y: 
[2025-01-16 13:34:05,667] INFO: 	 lr: 0.00030000000000000073 	 Training loss: 0.03750641092658043
[2025-01-16 13:34:12,877] INFO: Iter 16600 Summarn  y: 
[2025-01-16 13:34:12,877] INFO: 	 lr: 0.00030000000000000073 	 Training loss: 0.03767097305506468
[2025-01-16 13:34:20,080] INFO: Iter 16700 Summarn  y: 
[2025-01-16 13:34:20,080] INFO: 	 lr: 0.00030000000000000073 	 Training loss: 0.03765423778444529
[2025-01-16 13:34:27,261] INFO: Iter 16800 Summarn  y: 
[2025-01-16 13:34:27,261] INFO: 	 lr: 0.00030000000000000073 	 Training loss: 0.037604351416230204
[2025-01-16 13:34:34,820] INFO: Iter 16900 Summarn  y: 
[2025-01-16 13:34:34,820] INFO: 	 lr: 0.00030000000000000073 	 Training loss: 0.03770579308271408
[2025-01-16 13:34:43,201] INFO: Iter 17000 Summarn  y: 
[2025-01-16 13:34:43,201] INFO: 	 lr: 0.00030000000000000073 	 Training loss: 0.037348531968891624
[2025-01-16 13:34:50,567] INFO: Iter 17100 Summarn  y: 
[2025-01-16 13:34:50,567] INFO: 	 lr: 0.00030000000000000073 	 Training loss: 0.03739797987043857
[2025-01-16 13:34:57,716] INFO: Iter 17200 Summarn  y: 
[2025-01-16 13:34:57,716] INFO: 	 lr: 0.00030000000000000073 	 Training loss: 0.03749087233096361
[2025-01-16 13:35:04,765] INFO: Iter 17300 Summarn  y: 
[2025-01-16 13:35:04,765] INFO: 	 lr: 0.00030000000000000073 	 Training loss: 0.037578324750065804
[2025-01-16 13:35:12,110] INFO: Iter 17400 Summarn  y: 
[2025-01-16 13:35:12,110] INFO: 	 lr: 0.00030000000000000073 	 Training loss: 0.03742075115442276
[2025-01-16 13:35:19,345] INFO: Iter 17500 Summarn  y: 
[2025-01-16 13:35:19,345] INFO: 	 lr: 0.00030000000000000073 	 Training loss: 0.03753036893904209
[2025-01-16 13:35:26,394] INFO: Iter 17600 Summarn  y: 
[2025-01-16 13:35:26,394] INFO: 	 lr: 0.00030000000000000073 	 Training loss: 0.03748315371572972
[2025-01-16 13:35:34,787] INFO: Iter 17700 Summarn  y: 
[2025-01-16 13:35:34,788] INFO: 	 lr: 0.00030000000000000073 	 Training loss: 0.0372949131578207
[2025-01-16 13:35:42,298] INFO: Iter 17800 Summarn  y: 
[2025-01-16 13:35:42,298] INFO: 	 lr: 0.00030000000000000073 	 Training loss: 0.037105453461408616
[2025-01-16 13:35:49,544] INFO: Iter 17900 Summarn  y: 
[2025-01-16 13:35:49,545] INFO: 	 lr: 0.00030000000000000073 	 Training loss: 0.03741193737834692
[2025-01-16 13:35:56,503] INFO: Iter 18000 Summarn  y: 
[2025-01-16 13:35:56,503] INFO: 	 lr: 0.00030000000000000073 	 Training loss: 0.03723589893430471
[2025-01-16 13:36:05,383] INFO: Iter 18100 Summarn  y: 
[2025-01-16 13:36:05,384] INFO: 	 lr: 0.00030000000000000073 	 Training loss: 0.03774439867585897
[2025-01-16 13:36:12,439] INFO: Iter 18200 Summarn  y: 
[2025-01-16 13:36:12,439] INFO: 	 lr: 0.00030000000000000073 	 Training loss: 0.03755318783223629
[2025-01-16 13:36:19,684] INFO: Iter 18300 Summarn  y: 
[2025-01-16 13:36:19,684] INFO: 	 lr: 0.00030000000000000073 	 Training loss: 0.03749220859259367
[2025-01-16 13:36:28,252] INFO: Iter 18400 Summarn  y: 
[2025-01-16 13:36:28,253] INFO: 	 lr: 0.00030000000000000073 	 Training loss: 0.0371785918995738
[2025-01-16 13:36:35,474] INFO: Iter 18500 Summarn  y: 
[2025-01-16 13:36:35,474] INFO: 	 lr: 0.00030000000000000073 	 Training loss: 0.03738763902336359
[2025-01-16 13:36:42,636] INFO: Iter 18600 Summarn  y: 
[2025-01-16 13:36:42,636] INFO: 	 lr: 0.00030000000000000073 	 Training loss: 0.03742201175540685
[2025-01-16 13:36:49,707] INFO: Iter 18700 Summarn  y: 
[2025-01-16 13:36:49,707] INFO: 	 lr: 0.00030000000000000073 	 Training loss: 0.03737584806978703
[2025-01-16 13:36:56,837] INFO: Iter 18800 Summarn  y: 
[2025-01-16 13:36:56,837] INFO: 	 lr: 0.00030000000000000073 	 Training loss: 0.03723365671932697
[2025-01-16 13:37:04,165] INFO: Iter 18900 Summarn  y: 
[2025-01-16 13:37:04,165] INFO: 	 lr: 0.00030000000000000073 	 Training loss: 0.037228006348013876
[2025-01-16 13:37:11,462] INFO: Iter 19000 Summarn  y: 
[2025-01-16 13:37:11,463] INFO: 	 lr: 0.00030000000000000073 	 Training loss: 0.03725607167929411
[2025-01-16 13:37:19,812] INFO: Iter 19100 Summarn  y: 
[2025-01-16 13:37:19,812] INFO: 	 lr: 0.00030000000000000073 	 Training loss: 0.03700817432254553
[2025-01-16 13:37:27,076] INFO: Iter 19200 Summarn  y: 
[2025-01-16 13:37:27,076] INFO: 	 lr: 0.00030000000000000073 	 Training loss: 0.03723180770874023
[2025-01-16 13:37:34,358] INFO: Iter 19300 Summarn  y: 
[2025-01-16 13:37:34,358] INFO: 	 lr: 0.00030000000000000073 	 Training loss: 0.037411716990172865
[2025-01-16 13:37:41,509] INFO: Iter 19400 Summarn  y: 
[2025-01-16 13:37:41,509] INFO: 	 lr: 0.00030000000000000073 	 Training loss: 0.037145866937935354
[2025-01-16 13:37:48,764] INFO: Iter 19500 Summarn  y: 
[2025-01-16 13:37:48,764] INFO: 	 lr: 0.00030000000000000073 	 Training loss: 0.03714595906436444
[2025-01-16 13:37:56,060] INFO: Iter 19600 Summarn  y: 
[2025-01-16 13:37:56,060] INFO: 	 lr: 0.00030000000000000073 	 Training loss: 0.03720389433205128
[2025-01-16 13:38:04,543] INFO: Iter 19700 Summarn  y: 
[2025-01-16 13:38:04,544] INFO: 	 lr: 0.00030000000000000073 	 Training loss: 0.03754539929330349
[2025-01-16 13:38:11,774] INFO: Iter 19800 Summarn  y: 
[2025-01-16 13:38:11,774] INFO: 	 lr: 0.00030000000000000073 	 Training loss: 0.03727001916617155
[2025-01-16 13:38:19,022] INFO: Iter 19900 Summarn  y: 
[2025-01-16 13:38:19,022] INFO: 	 lr: 0.00030000000000000073 	 Training loss: 0.03704096879810095
[2025-01-16 13:38:26,337] INFO: Iter 20000 Summarn  y: 
[2025-01-16 13:38:26,337] INFO: 	 lr: 0.00030000000000000073 	 Training loss: 0.03712312165647745
[2025-01-16 13:38:35,565] INFO: Iter 20100 Summarn  y: 
[2025-01-16 13:38:35,566] INFO: 	 lr: 0.00030000000000000073 	 Training loss: 0.037310172468423844
[2025-01-16 13:38:42,841] INFO: Iter 20200 Summarn  y: 
[2025-01-16 13:38:42,841] INFO: 	 lr: 0.00030000000000000073 	 Training loss: 0.03708669446408749
[2025-01-16 13:38:49,988] INFO: Iter 20300 Summarn  y: 
[2025-01-16 13:38:49,988] INFO: 	 lr: 0.00030000000000000073 	 Training loss: 0.03722479835152626
[2025-01-16 13:38:58,382] INFO: Iter 20400 Summarn  y: 
[2025-01-16 13:38:58,383] INFO: 	 lr: 0.00030000000000000073 	 Training loss: 0.0371485647931695
[2025-01-16 13:39:05,779] INFO: Iter 20500 Summarn  y: 
[2025-01-16 13:39:05,779] INFO: 	 lr: 0.00030000000000000073 	 Training loss: 0.036999981440603735
[2025-01-16 13:39:13,381] INFO: Iter 20600 Summarn  y: 
[2025-01-16 13:39:13,382] INFO: 	 lr: 0.00030000000000000073 	 Training loss: 0.03697693858295679
[2025-01-16 13:39:20,734] INFO: Iter 20700 Summarn  y: 
[2025-01-16 13:39:20,734] INFO: 	 lr: 0.00030000000000000073 	 Training loss: 0.03710262499749661
[2025-01-16 13:39:28,210] INFO: Iter 20800 Summarn  y: 
[2025-01-16 13:39:28,210] INFO: 	 lr: 0.00030000000000000073 	 Training loss: 0.0371588634327054
[2025-01-16 13:39:35,488] INFO: Iter 20900 Summarn  y: 
[2025-01-16 13:39:35,488] INFO: 	 lr: 0.00030000000000000073 	 Training loss: 0.037017198838293554
[2025-01-16 13:39:42,974] INFO: Iter 21000 Summarn  y: 
[2025-01-16 13:39:42,974] INFO: 	 lr: 0.00030000000000000073 	 Training loss: 0.0369998749345541
[2025-01-16 13:39:51,647] INFO: Iter 21100 Summarn  y: 
[2025-01-16 13:39:51,648] INFO: 	 lr: 0.00030000000000000073 	 Training loss: 0.03702969141304493
[2025-01-16 13:39:59,002] INFO: Iter 21200 Summarn  y: 
[2025-01-16 13:39:59,002] INFO: 	 lr: 0.00030000000000000073 	 Training loss: 0.03687592204660177
[2025-01-16 13:40:06,228] INFO: Iter 21300 Summarn  y: 
[2025-01-16 13:40:06,228] INFO: 	 lr: 0.00030000000000000073 	 Training loss: 0.03722806133329868
[2025-01-16 13:40:13,840] INFO: Iter 21400 Summarn  y: 
[2025-01-16 13:40:13,840] INFO: 	 lr: 0.00030000000000000073 	 Training loss: 0.03695869453251362
[2025-01-16 13:40:21,200] INFO: Iter 21500 Summarn  y: 
[2025-01-16 13:40:21,200] INFO: 	 lr: 0.00030000000000000073 	 Training loss: 0.037019523009657856
[2025-01-16 13:40:28,696] INFO: Iter 21600 Summarn  y: 
[2025-01-16 13:40:28,696] INFO: 	 lr: 0.00030000000000000073 	 Training loss: 0.03691411755979061
[2025-01-16 13:40:35,812] INFO: Iter 21700 Summarn  y: 
[2025-01-16 13:40:35,812] INFO: 	 lr: 0.00030000000000000073 	 Training loss: 0.03711153149604798
[2025-01-16 13:40:44,526] INFO: Iter 21800 Summarn  y: 
[2025-01-16 13:40:44,527] INFO: 	 lr: 0.00030000000000000073 	 Training loss: 0.037040662951767445
[2025-01-16 13:40:51,932] INFO: Iter 21900 Summarn  y: 
[2025-01-16 13:40:51,932] INFO: 	 lr: 0.00030000000000000073 	 Training loss: 0.03676405694335699
[2025-01-16 13:40:59,341] INFO: Iter 22000 Summarn  y: 
[2025-01-16 13:40:59,341] INFO: 	 lr: 0.00030000000000000073 	 Training loss: 0.03684768602252007
[2025-01-16 13:41:08,660] INFO: Iter 22100 Summarn  y: 
[2025-01-16 13:41:08,660] INFO: 	 lr: 0.00030000000000000073 	 Training loss: 0.03719403244554997
[2025-01-16 13:41:15,996] INFO: Iter 22200 Summarn  y: 
[2025-01-16 13:41:15,996] INFO: 	 lr: 0.00030000000000000073 	 Training loss: 0.036827121786773206
[2025-01-16 13:41:23,197] INFO: Iter 22300 Summarn  y: 
[2025-01-16 13:41:23,197] INFO: 	 lr: 0.00030000000000000073 	 Training loss: 0.036992176696658136
[2025-01-16 13:41:30,584] INFO: Iter 22400 Summarn  y: 
[2025-01-16 13:41:30,584] INFO: 	 lr: 0.00030000000000000073 	 Training loss: 0.03692835200577974
[2025-01-16 13:41:39,163] INFO: Iter 22500 Summarn  y: 
[2025-01-16 13:41:39,163] INFO: 	 lr: 0.00030000000000000073 	 Training loss: 0.03691441301256418
[2025-01-16 13:41:46,465] INFO: Iter 22600 Summarn  y: 
[2025-01-16 13:41:46,465] INFO: 	 lr: 0.00030000000000000073 	 Training loss: 0.03682543221861124
[2025-01-16 13:41:53,936] INFO: Iter 22700 Summarn  y: 
[2025-01-16 13:41:53,936] INFO: 	 lr: 0.00030000000000000073 	 Training loss: 0.03684921260923147
[2025-01-16 13:42:01,303] INFO: Iter 22800 Summarn  y: 
[2025-01-16 13:42:01,303] INFO: 	 lr: 0.00030000000000000073 	 Training loss: 0.03689216990023851
[2025-01-16 13:42:08,604] INFO: Iter 22900 Summarn  y: 
[2025-01-16 13:42:08,604] INFO: 	 lr: 0.00030000000000000073 	 Training loss: 0.036962506771087644
[2025-01-16 13:42:15,979] INFO: Iter 23000 Summarn  y: 
[2025-01-16 13:42:15,979] INFO: 	 lr: 0.00030000000000000073 	 Training loss: 0.03706971872597933
[2025-01-16 13:42:25,541] INFO: Iter 23100 Summarn  y: 
[2025-01-16 13:42:25,541] INFO: 	 lr: 0.00030000000000000073 	 Training loss: 0.03706810511648655
[2025-01-16 13:42:32,876] INFO: Iter 23200 Summarn  y: 
[2025-01-16 13:42:32,876] INFO: 	 lr: 0.00030000000000000073 	 Training loss: 0.03687341921031475
[2025-01-16 13:42:39,899] INFO: Iter 23300 Summarn  y: 
[2025-01-16 13:42:39,899] INFO: 	 lr: 0.00030000000000000073 	 Training loss: 0.03700666800141335
[2025-01-16 13:42:47,359] INFO: Iter 23400 Summarn  y: 
[2025-01-16 13:42:47,359] INFO: 	 lr: 0.00030000000000000073 	 Training loss: 0.03675984591245651
[2025-01-16 13:42:54,738] INFO: Iter 23500 Summarn  y: 
[2025-01-16 13:42:54,738] INFO: 	 lr: 0.00030000000000000073 	 Training loss: 0.036622876785695556
[2025-01-16 13:43:02,022] INFO: Iter 23600 Summarn  y: 
[2025-01-16 13:43:02,023] INFO: 	 lr: 0.00030000000000000073 	 Training loss: 0.03701729394495487
[2025-01-16 13:43:09,192] INFO: Iter 23700 Summarn  y: 
[2025-01-16 13:43:09,192] INFO: 	 lr: 0.00030000000000000073 	 Training loss: 0.036636273972690106
[2025-01-16 13:43:17,625] INFO: Iter 23800 Summarn  y: 
[2025-01-16 13:43:17,626] INFO: 	 lr: 0.00030000000000000073 	 Training loss: 0.036952168866992
[2025-01-16 13:43:25,150] INFO: Iter 23900 Summarn  y: 
[2025-01-16 13:43:25,150] INFO: 	 lr: 0.00030000000000000073 	 Training loss: 0.03681674219667912
[2025-01-16 13:43:32,293] INFO: Iter 24000 Summarn  y: 
[2025-01-16 13:43:32,293] INFO: 	 lr: 0.00030000000000000073 	 Training loss: 0.03688365887850523
[2025-01-16 13:43:41,534] INFO: Iter 24100 Summarn  y: 
[2025-01-16 13:43:41,534] INFO: 	 lr: 0.00030000000000000073 	 Training loss: 0.03664651110768318
[2025-01-16 13:43:48,798] INFO: Iter 24200 Summarn  y: 
[2025-01-16 13:43:48,798] INFO: 	 lr: 0.00030000000000000073 	 Training loss: 0.036674768477678296
[2025-01-16 13:43:56,289] INFO: Iter 24300 Summarn  y: 
[2025-01-16 13:43:56,290] INFO: 	 lr: 0.00030000000000000073 	 Training loss: 0.03693807993084192
[2025-01-16 13:44:03,592] INFO: Iter 24400 Summarn  y: 
[2025-01-16 13:44:03,592] INFO: 	 lr: 0.00030000000000000073 	 Training loss: 0.036655896753072736
[2025-01-16 13:44:12,139] INFO: Iter 24500 Summarn  y: 
[2025-01-16 13:44:12,140] INFO: 	 lr: 0.00030000000000000073 	 Training loss: 0.037024815306067466
[2025-01-16 13:44:19,558] INFO: Iter 24600 Summarn  y: 
[2025-01-16 13:44:19,558] INFO: 	 lr: 0.00030000000000000073 	 Training loss: 0.036996914111077785
[2025-01-16 13:44:26,959] INFO: Iter 24700 Summarn  y: 
[2025-01-16 13:44:26,959] INFO: 	 lr: 0.00030000000000000073 	 Training loss: 0.036668834909796715
[2025-01-16 13:44:34,051] INFO: Iter 24800 Summarn  y: 
[2025-01-16 13:44:34,051] INFO: 	 lr: 0.00030000000000000073 	 Training loss: 0.03656466532498598
[2025-01-16 13:44:41,509] INFO: Iter 24900 Summarn  y: 
[2025-01-16 13:44:41,509] INFO: 	 lr: 0.00030000000000000073 	 Training loss: 0.036783751994371415
[2025-01-16 13:44:48,525] INFO: Iter 25000 Summarn  y: 
[2025-01-16 13:44:48,526] INFO: 	 lr: 0.00030000000000000073 	 Training loss: 0.03678512491285801
[2025-01-16 13:44:55,655] INFO: Iter 25100 Summarn  y: 
[2025-01-16 13:44:55,655] INFO: 	 lr: 0.00030000000000000073 	 Training loss: 0.03690625112503767
[2025-01-16 13:45:04,224] INFO: Iter 25200 Summarn  y: 
[2025-01-16 13:45:04,224] INFO: 	 lr: 0.00030000000000000073 	 Training loss: 0.036648029386997225
[2025-01-16 13:45:11,341] INFO: Iter 25300 Summarn  y: 
[2025-01-16 13:45:11,341] INFO: 	 lr: 0.00030000000000000073 	 Training loss: 0.036668541841208935
[2025-01-16 13:45:18,495] INFO: Iter 25400 Summarn  y: 
[2025-01-16 13:45:18,495] INFO: 	 lr: 0.00030000000000000073 	 Training loss: 0.03689985319972038
[2025-01-16 13:45:25,921] INFO: Iter 25500 Summarn  y: 
[2025-01-16 13:45:25,921] INFO: 	 lr: 0.00030000000000000073 	 Training loss: 0.03677015833556652
[2025-01-16 13:45:33,333] INFO: Iter 25600 Summarn  y: 
[2025-01-16 13:45:33,333] INFO: 	 lr: 0.00030000000000000073 	 Training loss: 0.036754070855677126
[2025-01-16 13:45:40,514] INFO: Iter 25700 Summarn  y: 
[2025-01-16 13:45:40,514] INFO: 	 lr: 0.00030000000000000073 	 Training loss: 0.03675533212721348
[2025-01-16 13:45:47,991] INFO: Iter 25800 Summarn  y: 
[2025-01-16 13:45:47,991] INFO: 	 lr: 0.00030000000000000073 	 Training loss: 0.03664187368005514
[2025-01-16 13:45:56,599] INFO: Iter 25900 Summarn  y: 
[2025-01-16 13:45:56,599] INFO: 	 lr: 0.00030000000000000073 	 Training loss: 0.036791023202240467
[2025-01-16 13:46:04,129] INFO: Iter 26000 Summarn  y: 
[2025-01-16 13:46:04,129] INFO: 	 lr: 0.00030000000000000073 	 Training loss: 0.0364916355535388
[2025-01-16 13:46:13,143] INFO: Iter 26100 Summarn  y: 
[2025-01-16 13:46:13,143] INFO: 	 lr: 0.00030000000000000073 	 Training loss: 0.037062187865376475
[2025-01-16 13:46:20,331] INFO: Iter 26200 Summarn  y: 
[2025-01-16 13:46:20,331] INFO: 	 lr: 0.00030000000000000073 	 Training loss: 0.036639005951583384
[2025-01-16 13:46:27,716] INFO: Iter 26300 Summarn  y: 
[2025-01-16 13:46:27,716] INFO: 	 lr: 0.00030000000000000073 	 Training loss: 0.03676133461296558
[2025-01-16 13:46:35,081] INFO: Iter 26400 Summarn  y: 
[2025-01-16 13:46:35,081] INFO: 	 lr: 0.00030000000000000073 	 Training loss: 0.036553612239658834
[2025-01-16 13:46:43,573] INFO: Iter 26500 Summarn  y: 
[2025-01-16 13:46:43,573] INFO: 	 lr: 0.00030000000000000073 	 Training loss: 0.03674736499786377
[2025-01-16 13:46:51,087] INFO: Iter 26600 Summarn  y: 
[2025-01-16 13:46:51,087] INFO: 	 lr: 0.00030000000000000073 	 Training loss: 0.03663809344172478
[2025-01-16 13:46:58,444] INFO: Iter 26700 Summarn  y: 
[2025-01-16 13:46:58,444] INFO: 	 lr: 0.00030000000000000073 	 Training loss: 0.03648665137588978
[2025-01-16 13:47:05,682] INFO: Iter 26800 Summarn  y: 
[2025-01-16 13:47:05,682] INFO: 	 lr: 0.00030000000000000073 	 Training loss: 0.03687867745757103
[2025-01-16 13:47:13,188] INFO: Iter 26900 Summarn  y: 
[2025-01-16 13:47:13,188] INFO: 	 lr: 0.00030000000000000073 	 Training loss: 0.03660516869276762
[2025-01-16 13:47:20,928] INFO: Iter 27000 Summarn  y: 
[2025-01-16 13:47:20,928] INFO: 	 lr: 0.00030000000000000073 	 Training loss: 0.03648082323372364
[2025-01-16 13:47:28,360] INFO: Iter 27100 Summarn  y: 
[2025-01-16 13:47:28,360] INFO: 	 lr: 0.00030000000000000073 	 Training loss: 0.03644321542233229
[2025-01-16 13:47:37,039] INFO: Iter 27200 Summarn  y: 
[2025-01-16 13:47:37,039] INFO: 	 lr: 0.00030000000000000073 	 Training loss: 0.036782311871647835
[2025-01-16 13:47:44,653] INFO: Iter 27300 Summarn  y: 
[2025-01-16 13:47:44,653] INFO: 	 lr: 0.00030000000000000073 	 Training loss: 0.036607363894581794
[2025-01-16 13:47:52,034] INFO: Iter 27400 Summarn  y: 
[2025-01-16 13:47:52,034] INFO: 	 lr: 0.00030000000000000073 	 Training loss: 0.0367193067073822
[2025-01-16 13:47:59,372] INFO: Iter 27500 Summarn  y: 
[2025-01-16 13:47:59,372] INFO: 	 lr: 0.00030000000000000073 	 Training loss: 0.036576578728854656
[2025-01-16 13:48:06,399] INFO: Iter 27600 Summarn  y: 
[2025-01-16 13:48:06,399] INFO: 	 lr: 0.00030000000000000073 	 Training loss: 0.03651029996573925
[2025-01-16 13:48:13,714] INFO: Iter 27700 Summarn  y: 
[2025-01-16 13:48:13,714] INFO: 	 lr: 0.00030000000000000073 	 Training loss: 0.0367331949993968
[2025-01-16 13:48:21,115] INFO: Iter 27800 Summarn  y: 
[2025-01-16 13:48:21,115] INFO: 	 lr: 0.00030000000000000073 	 Training loss: 0.03651926081627607
[2025-01-16 13:48:29,836] INFO: Iter 27900 Summarn  y: 
[2025-01-16 13:48:29,836] INFO: 	 lr: 0.00030000000000000073 	 Training loss: 0.03656211726367473
[2025-01-16 13:48:36,897] INFO: Iter 28000 Summarn  y: 
[2025-01-16 13:48:36,898] INFO: 	 lr: 0.00030000000000000073 	 Training loss: 0.03670116052031517
[2025-01-16 13:48:45,648] INFO: Iter 28100 Summarn  y: 
[2025-01-16 13:48:45,648] INFO: 	 lr: 0.00030000000000000073 	 Training loss: 0.03666563283652067
[2025-01-16 13:48:53,080] INFO: Iter 28200 Summarn  y: 
[2025-01-16 13:48:53,080] INFO: 	 lr: 0.00030000000000000073 	 Training loss: 0.03653732091188431
[2025-01-16 13:49:00,378] INFO: Iter 28300 Summarn  y: 
[2025-01-16 13:49:00,379] INFO: 	 lr: 0.00030000000000000073 	 Training loss: 0.03649949736893177
[2025-01-16 13:49:07,784] INFO: Iter 28400 Summarn  y: 
[2025-01-16 13:49:07,784] INFO: 	 lr: 0.00030000000000000073 	 Training loss: 0.03654842671006918
[2025-01-16 13:49:15,065] INFO: Iter 28500 Summarn  y: 
[2025-01-16 13:49:15,065] INFO: 	 lr: 0.00030000000000000073 	 Training loss: 0.03641357839107513
[2025-01-16 13:49:23,495] INFO: Iter 28600 Summarn  y: 
[2025-01-16 13:49:23,496] INFO: 	 lr: 0.00030000000000000073 	 Training loss: 0.03627860572189093
[2025-01-16 13:49:30,877] INFO: Iter 28700 Summarn  y: 
[2025-01-16 13:49:30,877] INFO: 	 lr: 0.00030000000000000073 	 Training loss: 0.036607254333794116
[2025-01-16 13:49:38,201] INFO: Iter 28800 Summarn  y: 
[2025-01-16 13:49:38,201] INFO: 	 lr: 0.00030000000000000073 	 Training loss: 0.03650877956300974
[2025-01-16 13:49:45,433] INFO: Iter 28900 Summarn  y: 
[2025-01-16 13:49:45,433] INFO: 	 lr: 0.00030000000000000073 	 Training loss: 0.03642402656376362
[2025-01-16 13:49:52,818] INFO: Iter 29000 Summarn  y: 
[2025-01-16 13:49:52,818] INFO: 	 lr: 0.00030000000000000073 	 Training loss: 0.03678897988051176
[2025-01-16 13:50:00,157] INFO: Iter 29100 Summarn  y: 
[2025-01-16 13:50:00,157] INFO: 	 lr: 0.00030000000000000073 	 Training loss: 0.03663045242428779
[2025-01-16 13:50:08,509] INFO: Iter 29200 Summarn  y: 
[2025-01-16 13:50:08,509] INFO: 	 lr: 0.00030000000000000073 	 Training loss: 0.03664015751332045
[2025-01-16 13:50:15,864] INFO: Iter 29300 Summarn  y: 
[2025-01-16 13:50:15,864] INFO: 	 lr: 0.00030000000000000073 	 Training loss: 0.03653388168662786
[2025-01-16 13:50:23,189] INFO: Iter 29400 Summarn  y: 
[2025-01-16 13:50:23,190] INFO: 	 lr: 0.00030000000000000073 	 Training loss: 0.03657398350536823
[2025-01-16 13:50:30,366] INFO: Iter 29500 Summarn  y: 
[2025-01-16 13:50:30,366] INFO: 	 lr: 0.00030000000000000073 	 Training loss: 0.03650668490678072
[2025-01-16 13:50:37,354] INFO: Iter 29600 Summarn  y: 
[2025-01-16 13:50:37,354] INFO: 	 lr: 0.00030000000000000073 	 Training loss: 0.03659217037260532
[2025-01-16 13:50:44,374] INFO: Iter 29700 Summarn  y: 
[2025-01-16 13:50:44,374] INFO: 	 lr: 0.00030000000000000073 	 Training loss: 0.03643390774726868
[2025-01-16 13:50:51,440] INFO: Iter 29800 Summarn  y: 
[2025-01-16 13:50:51,440] INFO: 	 lr: 0.00030000000000000073 	 Training loss: 0.03654599759727716
[2025-01-16 13:50:59,740] INFO: Iter 29900 Summarn  y: 
[2025-01-16 13:50:59,741] INFO: 	 lr: 0.00030000000000000073 	 Training loss: 0.036855663768947125
[2025-01-16 13:51:06,908] INFO: Iter 30000 Summarn  y: 
[2025-01-16 13:51:06,908] INFO: 	 lr: 0.00030000000000000073 	 Training loss: 0.036580297946929935
[2025-01-16 13:51:15,961] INFO: Iter 30100 Summarn  y: 
[2025-01-16 13:51:15,961] INFO: 	 lr: 1.2900000000000026e-05 	 Training loss: 0.03561159960925579
[2025-01-16 13:51:23,235] INFO: Iter 30200 Summarn  y: 
[2025-01-16 13:51:23,235] INFO: 	 lr: 1.000000000000002e-05 	 Training loss: 0.03536613196134567
[2025-01-16 13:51:30,496] INFO: Iter 30300 Summarn  y: 
[2025-01-16 13:51:30,496] INFO: 	 lr: 1.000000000000002e-05 	 Training loss: 0.03514566663652659
[2025-01-16 13:51:37,672] INFO: Iter 30400 Summarn  y: 
[2025-01-16 13:51:37,672] INFO: 	 lr: 1.000000000000002e-05 	 Training loss: 0.03542146705091
[2025-01-16 13:51:44,862] INFO: Iter 30500 Summarn  y: 
[2025-01-16 13:51:44,862] INFO: 	 lr: 1.000000000000002e-05 	 Training loss: 0.035147493071854115
[2025-01-16 13:51:53,791] INFO: Iter 30600 Summarn  y: 
[2025-01-16 13:51:53,791] INFO: 	 lr: 1.000000000000002e-05 	 Training loss: 0.035356151536107064
[2025-01-16 13:52:00,817] INFO: Iter 30700 Summarn  y: 
[2025-01-16 13:52:00,818] INFO: 	 lr: 1.000000000000002e-05 	 Training loss: 0.034882057160139084
[2025-01-16 13:52:08,035] INFO: Iter 30800 Summarn  y: 
[2025-01-16 13:52:08,035] INFO: 	 lr: 1.000000000000002e-05 	 Training loss: 0.03497444480657577
[2025-01-16 13:52:15,312] INFO: Iter 30900 Summarn  y: 
[2025-01-16 13:52:15,313] INFO: 	 lr: 1.000000000000002e-05 	 Training loss: 0.03485361747443676
[2025-01-16 13:52:22,324] INFO: Iter 31000 Summarn  y: 
[2025-01-16 13:52:22,324] INFO: 	 lr: 1.000000000000002e-05 	 Training loss: 0.03489671595394611
[2025-01-16 13:52:29,285] INFO: Iter 31100 Summarn  y: 
[2025-01-16 13:52:29,285] INFO: 	 lr: 1.000000000000002e-05 	 Training loss: 0.03506339281797409
[2025-01-16 13:52:36,277] INFO: Iter 31200 Summarn  y: 
[2025-01-16 13:52:36,277] INFO: 	 lr: 1.000000000000002e-05 	 Training loss: 0.03508069813251495
[2025-01-16 13:52:45,155] INFO: Iter 31300 Summarn  y: 
[2025-01-16 13:52:45,155] INFO: 	 lr: 1.000000000000002e-05 	 Training loss: 0.03469357181340456
[2025-01-16 13:52:52,577] INFO: Iter 31400 Summarn  y: 
[2025-01-16 13:52:52,577] INFO: 	 lr: 1.000000000000002e-05 	 Training loss: 0.03500014141201973
[2025-01-16 13:52:59,764] INFO: Iter 31500 Summarn  y: 
[2025-01-16 13:52:59,764] INFO: 	 lr: 1.000000000000002e-05 	 Training loss: 0.03478299412876368
[2025-01-16 13:53:07,048] INFO: Iter 31600 Summarn  y: 
[2025-01-16 13:53:07,048] INFO: 	 lr: 1.000000000000002e-05 	 Training loss: 0.03477292878553271
[2025-01-16 13:53:14,199] INFO: Iter 31700 Summarn  y: 
[2025-01-16 13:53:14,199] INFO: 	 lr: 1.000000000000002e-05 	 Training loss: 0.034829062204808
[2025-01-16 13:53:21,415] INFO: Iter 31800 Summarn  y: 
[2025-01-16 13:53:21,416] INFO: 	 lr: 1.000000000000002e-05 	 Training loss: 0.034965244717895985
[2025-01-16 13:53:28,957] INFO: Iter 31900 Summarn  y: 
[2025-01-16 13:53:28,958] INFO: 	 lr: 1.000000000000002e-05 	 Training loss: 0.034955861680209636
[2025-01-16 13:53:37,605] INFO: Iter 32000 Summarn  y: 
[2025-01-16 13:53:37,605] INFO: 	 lr: 1.000000000000002e-05 	 Training loss: 0.03480248879641294
[2025-01-16 13:53:47,083] INFO: Iter 32100 Summarn  y: 
[2025-01-16 13:53:47,084] INFO: 	 lr: 1.000000000000002e-05 	 Training loss: 0.03489431079477072
[2025-01-16 13:53:54,162] INFO: Iter 32200 Summarn  y: 
[2025-01-16 13:53:54,162] INFO: 	 lr: 1.000000000000002e-05 	 Training loss: 0.03485970579087734
[2025-01-16 13:54:01,390] INFO: Iter 32300 Summarn  y: 
[2025-01-16 13:54:01,390] INFO: 	 lr: 1.000000000000002e-05 	 Training loss: 0.034830422028899195
[2025-01-16 13:54:08,546] INFO: Iter 32400 Summarn  y: 
[2025-01-16 13:54:08,546] INFO: 	 lr: 1.000000000000002e-05 	 Training loss: 0.03478069432079792
[2025-01-16 13:54:15,660] INFO: Iter 32500 Summarn  y: 
[2025-01-16 13:54:15,660] INFO: 	 lr: 1.000000000000002e-05 	 Training loss: 0.03463271517306566
[2025-01-16 13:54:24,163] INFO: Iter 32600 Summarn  y: 
[2025-01-16 13:54:24,163] INFO: 	 lr: 1.000000000000002e-05 	 Training loss: 0.03475959897041321
[2025-01-16 13:54:31,318] INFO: Iter 32700 Summarn  y: 
[2025-01-16 13:54:31,318] INFO: 	 lr: 1.000000000000002e-05 	 Training loss: 0.03484896682202816
[2025-01-16 13:54:38,491] INFO: Iter 32800 Summarn  y: 
[2025-01-16 13:54:38,491] INFO: 	 lr: 1.000000000000002e-05 	 Training loss: 0.03466729551553726
[2025-01-16 13:54:45,600] INFO: Iter 32900 Summarn  y: 
[2025-01-16 13:54:45,600] INFO: 	 lr: 1.000000000000002e-05 	 Training loss: 0.034669417925179004
[2025-01-16 13:54:52,760] INFO: Iter 33000 Summarn  y: 
[2025-01-16 13:54:52,760] INFO: 	 lr: 1.000000000000002e-05 	 Training loss: 0.034479109980165956
[2025-01-16 13:55:00,178] INFO: Iter 33100 Summarn  y: 
[2025-01-16 13:55:00,178] INFO: 	 lr: 1.000000000000002e-05 	 Training loss: 0.03486290037631989
[2025-01-16 13:55:07,135] INFO: Iter 33200 Summarn  y: 
[2025-01-16 13:55:07,135] INFO: 	 lr: 1.000000000000002e-05 	 Training loss: 0.034828325994312764
[2025-01-16 13:55:15,471] INFO: Iter 33300 Summarn  y: 
[2025-01-16 13:55:15,471] INFO: 	 lr: 1.000000000000002e-05 	 Training loss: 0.034685218185186384
[2025-01-16 13:55:22,903] INFO: Iter 33400 Summarn  y: 
[2025-01-16 13:55:22,903] INFO: 	 lr: 1.000000000000002e-05 	 Training loss: 0.034524533189833166
[2025-01-16 13:55:29,955] INFO: Iter 33500 Summarn  y: 
[2025-01-16 13:55:29,955] INFO: 	 lr: 1.000000000000002e-05 	 Training loss: 0.03471295274794102
[2025-01-16 13:55:37,169] INFO: Iter 33600 Summarn  y: 
[2025-01-16 13:55:37,169] INFO: 	 lr: 1.000000000000002e-05 	 Training loss: 0.03450954841449857
[2025-01-16 13:55:44,585] INFO: Iter 33700 Summarn  y: 
[2025-01-16 13:55:44,585] INFO: 	 lr: 1.000000000000002e-05 	 Training loss: 0.034817324988543986
[2025-01-16 13:55:51,735] INFO: Iter 33800 Summarn  y: 
[2025-01-16 13:55:51,736] INFO: 	 lr: 1.000000000000002e-05 	 Training loss: 0.03470112457871437
[2025-01-16 13:55:58,774] INFO: Iter 33900 Summarn  y: 
[2025-01-16 13:55:58,774] INFO: 	 lr: 1.000000000000002e-05 	 Training loss: 0.03478424280881882
[2025-01-16 13:56:08,544] INFO: Iter 34000 Summarn  y: 
[2025-01-16 13:56:08,545] INFO: 	 lr: 1.000000000000002e-05 	 Training loss: 0.03476230062544346
[2025-01-16 13:56:17,563] INFO: Iter 34100 Summarn  y: 
[2025-01-16 13:56:17,563] INFO: 	 lr: 1.000000000000002e-05 	 Training loss: 0.03460219565778971
[2025-01-16 13:56:24,735] INFO: Iter 34200 Summarn  y: 
[2025-01-16 13:56:24,736] INFO: 	 lr: 1.000000000000002e-05 	 Training loss: 0.03454503860324621
[2025-01-16 13:56:32,398] INFO: Iter 34300 Summarn  y: 
[2025-01-16 13:56:32,398] INFO: 	 lr: 1.000000000000002e-05 	 Training loss: 0.03465146899223328
[2025-01-16 13:56:39,700] INFO: Iter 34400 Summarn  y: 
[2025-01-16 13:56:39,700] INFO: 	 lr: 1.000000000000002e-05 	 Training loss: 0.034726236462593076
[2025-01-16 13:56:46,977] INFO: Iter 34500 Summarn  y: 
[2025-01-16 13:56:46,977] INFO: 	 lr: 1.000000000000002e-05 	 Training loss: 0.03474228523671627
[2025-01-16 13:56:53,998] INFO: Iter 34600 Summarn  y: 
[2025-01-16 13:56:53,998] INFO: 	 lr: 1.000000000000002e-05 	 Training loss: 0.03450765814632177
[2025-01-16 13:57:02,349] INFO: Iter 34700 Summarn  y: 
[2025-01-16 13:57:02,350] INFO: 	 lr: 1.000000000000002e-05 	 Training loss: 0.034317621178925034
[2025-01-16 13:57:09,591] INFO: Iter 34800 Summarn  y: 
[2025-01-16 13:57:09,591] INFO: 	 lr: 1.000000000000002e-05 	 Training loss: 0.03442382410168648
[2025-01-16 13:57:16,581] INFO: Iter 34900 Summarn  y: 
[2025-01-16 13:57:16,581] INFO: 	 lr: 1.000000000000002e-05 	 Training loss: 0.03458838239312172
[2025-01-16 13:57:23,595] INFO: Iter 35000 Summarn  y: 
[2025-01-16 13:57:23,595] INFO: 	 lr: 1.000000000000002e-05 	 Training loss: 0.034533806033432486
[2025-01-16 13:57:30,720] INFO: Iter 35100 Summarn  y: 
[2025-01-16 13:57:30,720] INFO: 	 lr: 1.000000000000002e-05 	 Training loss: 0.034705764912068844
[2025-01-16 13:57:37,836] INFO: Iter 35200 Summarn  y: 
[2025-01-16 13:57:37,837] INFO: 	 lr: 1.000000000000002e-05 	 Training loss: 0.03472212314605713
[2025-01-16 13:57:44,907] INFO: Iter 35300 Summarn  y: 
[2025-01-16 13:57:44,908] INFO: 	 lr: 1.000000000000002e-05 	 Training loss: 0.03463944047689438
[2025-01-16 13:57:53,487] INFO: Iter 35400 Summarn  y: 
[2025-01-16 13:57:53,487] INFO: 	 lr: 1.000000000000002e-05 	 Training loss: 0.03488498091697693
[2025-01-16 13:58:00,747] INFO: Iter 35500 Summarn  y: 
[2025-01-16 13:58:00,748] INFO: 	 lr: 1.000000000000002e-05 	 Training loss: 0.03439593922346831
[2025-01-16 13:58:08,080] INFO: Iter 35600 Summarn  y: 
[2025-01-16 13:58:08,080] INFO: 	 lr: 1.000000000000002e-05 	 Training loss: 0.034530163556337354
[2025-01-16 13:58:15,223] INFO: Iter 35700 Summarn  y: 
[2025-01-16 13:58:15,224] INFO: 	 lr: 1.000000000000002e-05 	 Training loss: 0.03450771560892463
[2025-01-16 13:58:22,342] INFO: Iter 35800 Summarn  y: 
[2025-01-16 13:58:22,342] INFO: 	 lr: 1.000000000000002e-05 	 Training loss: 0.034441151507198814
[2025-01-16 13:58:29,593] INFO: Iter 35900 Summarn  y: 
[2025-01-16 13:58:29,593] INFO: 	 lr: 1.000000000000002e-05 	 Training loss: 0.03448245566338301
[2025-01-16 13:58:38,373] INFO: Iter 36000 Summarn  y: 
[2025-01-16 13:58:38,373] INFO: 	 lr: 1.000000000000002e-05 	 Training loss: 0.034471294432878496
[2025-01-16 13:58:46,951] INFO: Iter 36100 Summarn  y: 
[2025-01-16 13:58:46,951] INFO: 	 lr: 1.000000000000002e-05 	 Training loss: 0.034308861456811425
[2025-01-16 13:58:54,191] INFO: Iter 36200 Summarn  y: 
[2025-01-16 13:58:54,192] INFO: 	 lr: 1.000000000000002e-05 	 Training loss: 0.03479497291147709
[2025-01-16 13:59:01,530] INFO: Iter 36300 Summarn  y: 
[2025-01-16 13:59:01,530] INFO: 	 lr: 1.000000000000002e-05 	 Training loss: 0.03457609660923481
[2025-01-16 13:59:08,600] INFO: Iter 36400 Summarn  y: 
[2025-01-16 13:59:08,600] INFO: 	 lr: 1.000000000000002e-05 	 Training loss: 0.03454846512526274
[2025-01-16 13:59:15,595] INFO: Iter 36500 Summarn  y: 
[2025-01-16 13:59:15,595] INFO: 	 lr: 1.000000000000002e-05 	 Training loss: 0.034584254696965216
[2025-01-16 13:59:22,690] INFO: Iter 36600 Summarn  y: 
[2025-01-16 13:59:22,690] INFO: 	 lr: 1.000000000000002e-05 	 Training loss: 0.034317600801587106
[2025-01-16 13:59:31,547] INFO: Iter 36700 Summarn  y: 
[2025-01-16 13:59:31,547] INFO: 	 lr: 1.000000000000002e-05 	 Training loss: 0.03435165388509631
[2025-01-16 13:59:38,958] INFO: Iter 36800 Summarn  y: 
[2025-01-16 13:59:38,959] INFO: 	 lr: 1.000000000000002e-05 	 Training loss: 0.03449481837451458
[2025-01-16 13:59:46,188] INFO: Iter 36900 Summarn  y: 
[2025-01-16 13:59:46,188] INFO: 	 lr: 1.000000000000002e-05 	 Training loss: 0.03444898936897516
[2025-01-16 13:59:53,242] INFO: Iter 37000 Summarn  y: 
[2025-01-16 13:59:53,242] INFO: 	 lr: 1.000000000000002e-05 	 Training loss: 0.03463870543986559
[2025-01-16 14:00:00,249] INFO: Iter 37100 Summarn  y: 
[2025-01-16 14:00:00,249] INFO: 	 lr: 1.000000000000002e-05 	 Training loss: 0.03446618128567934
[2025-01-16 14:00:07,416] INFO: Iter 37200 Summarn  y: 
[2025-01-16 14:00:07,416] INFO: 	 lr: 1.000000000000002e-05 	 Training loss: 0.034543054029345516
[2025-01-16 14:00:14,690] INFO: Iter 37300 Summarn  y: 
[2025-01-16 14:00:14,690] INFO: 	 lr: 1.000000000000002e-05 	 Training loss: 0.03444128960371017
[2025-01-16 14:00:23,048] INFO: Iter 37400 Summarn  y: 
[2025-01-16 14:00:23,048] INFO: 	 lr: 1.000000000000002e-05 	 Training loss: 0.03422055948525667
[2025-01-16 14:00:30,294] INFO: Iter 37500 Summarn  y: 
[2025-01-16 14:00:30,294] INFO: 	 lr: 1.000000000000002e-05 	 Training loss: 0.03478564254939556
[2025-01-16 14:00:37,384] INFO: Iter 37600 Summarn  y: 
[2025-01-16 14:00:37,384] INFO: 	 lr: 1.000000000000002e-05 	 Training loss: 0.0342670040205121
[2025-01-16 14:00:44,490] INFO: Iter 37700 Summarn  y: 
[2025-01-16 14:00:44,490] INFO: 	 lr: 1.000000000000002e-05 	 Training loss: 0.03450328953564167
[2025-01-16 14:00:51,701] INFO: Iter 37800 Summarn  y: 
[2025-01-16 14:00:51,701] INFO: 	 lr: 1.000000000000002e-05 	 Training loss: 0.034535019844770434
[2025-01-16 14:00:58,852] INFO: Iter 37900 Summarn  y: 
[2025-01-16 14:00:58,852] INFO: 	 lr: 1.000000000000002e-05 	 Training loss: 0.03421469772234559
[2025-01-16 14:01:05,987] INFO: Iter 38000 Summarn  y: 
[2025-01-16 14:01:05,987] INFO: 	 lr: 1.000000000000002e-05 	 Training loss: 0.0343245467543602
[2025-01-16 14:01:16,459] INFO: Iter 38100 Summarn  y: 
[2025-01-16 14:01:16,460] INFO: 	 lr: 1.000000000000002e-05 	 Training loss: 0.03436036609113216
[2025-01-16 14:01:23,636] INFO: Iter 38200 Summarn  y: 
[2025-01-16 14:01:23,636] INFO: 	 lr: 1.000000000000002e-05 	 Training loss: 0.03440752346068621
[2025-01-16 14:01:30,770] INFO: Iter 38300 Summarn  y: 
[2025-01-16 14:01:30,770] INFO: 	 lr: 1.000000000000002e-05 	 Training loss: 0.034368162788450715
[2025-01-16 14:01:37,917] INFO: Iter 38400 Summarn  y: 
[2025-01-16 14:01:37,917] INFO: 	 lr: 1.000000000000002e-05 	 Training loss: 0.03423197923228145
[2025-01-16 14:01:45,212] INFO: Iter 38500 Summarn  y: 
[2025-01-16 14:01:45,212] INFO: 	 lr: 1.000000000000002e-05 	 Training loss: 0.034489561896771194
[2025-01-16 14:01:52,479] INFO: Iter 38600 Summarn  y: 
[2025-01-16 14:01:52,479] INFO: 	 lr: 1.000000000000002e-05 	 Training loss: 0.0343565084412694
[2025-01-16 14:01:59,846] INFO: Iter 38700 Summarn  y: 
[2025-01-16 14:01:59,846] INFO: 	 lr: 1.000000000000002e-05 	 Training loss: 0.03467776641249656
[2025-01-16 14:02:08,343] INFO: Iter 38800 Summarn  y: 
[2025-01-16 14:02:08,343] INFO: 	 lr: 1.000000000000002e-05 	 Training loss: 0.0342255132086575
[2025-01-16 14:02:15,407] INFO: Iter 38900 Summarn  y: 
[2025-01-16 14:02:15,408] INFO: 	 lr: 1.000000000000002e-05 	 Training loss: 0.0344323693588376
[2025-01-16 14:02:22,440] INFO: Iter 39000 Summarn  y: 
[2025-01-16 14:02:22,441] INFO: 	 lr: 1.000000000000002e-05 	 Training loss: 0.034670679569244384
[2025-01-16 14:02:29,527] INFO: Iter 39100 Summarn  y: 
[2025-01-16 14:02:29,527] INFO: 	 lr: 1.000000000000002e-05 	 Training loss: 0.034452641010284425
[2025-01-16 14:02:36,782] INFO: Iter 39200 Summarn  y: 
[2025-01-16 14:02:36,783] INFO: 	 lr: 1.000000000000002e-05 	 Training loss: 0.034347239136695865
[2025-01-16 14:02:44,163] INFO: Iter 39300 Summarn  y: 
[2025-01-16 14:02:44,163] INFO: 	 lr: 1.000000000000002e-05 	 Training loss: 0.03449374135583639
[2025-01-16 14:02:52,734] INFO: Iter 39400 Summarn  y: 
[2025-01-16 14:02:52,735] INFO: 	 lr: 1.000000000000002e-05 	 Training loss: 0.034177524149417875
[2025-01-16 14:03:00,026] INFO: Iter 39500 Summarn  y: 
[2025-01-16 14:03:00,026] INFO: 	 lr: 1.000000000000002e-05 	 Training loss: 0.03420247506350279
[2025-01-16 14:03:07,186] INFO: Iter 39600 Summarn  y: 
[2025-01-16 14:03:07,186] INFO: 	 lr: 1.000000000000002e-05 	 Training loss: 0.03439503889530897
[2025-01-16 14:03:14,659] INFO: Iter 39700 Summarn  y: 
[2025-01-16 14:03:14,659] INFO: 	 lr: 1.000000000000002e-05 	 Training loss: 0.03447130626067519
[2025-01-16 14:03:21,806] INFO: Iter 39800 Summarn  y: 
[2025-01-16 14:03:21,807] INFO: 	 lr: 1.000000000000002e-05 	 Training loss: 0.03447454150766134
[2025-01-16 14:03:28,926] INFO: Iter 39900 Summarn  y: 
[2025-01-16 14:03:28,927] INFO: 	 lr: 1.000000000000002e-05 	 Training loss: 0.03420548480004072
[2025-01-16 14:03:36,186] INFO: Iter 40000 Summarn  y: 
[2025-01-16 14:03:36,186] INFO: 	 lr: 1.000000000000002e-05 	 Training loss: 0.034553278144448994
