[2025-01-06 08:23:51,564] INFO: {
    "abs_dir": "/home/diwang/siMLPe/exps/baseline_h36m",
    "batch_size": 256,
    "cos_lr_max": 1e-05,
    "cos_lr_min": 5e-08,
    "cos_lr_total_iters": 40000,
    "data_aug": true,
    "deriv_input": true,
    "deriv_output": true,
    "h36m_anno_dir": "/home/diwang/siMLPe/data/h36m/",
    "link_log_file": "/home/diwang/siMLPe/exps/baseline_h36m/log/log_last.log",
    "link_val_log_file": "/home/diwang/siMLPe/exps/baseline_h36m/log/val_last.log",
    "log_dir": "/home/diwang/siMLPe/exps/baseline_h36m/log",
    "log_file": "/home/diwang/siMLPe/exps/baseline_h36m/log/log_2025_01_06_08_23_27.log",
    "model_pth": null,
    "motion": {
        "dim": 66,
        "h36m_input_length": 50,
        "h36m_input_length_dct": 50,
        "h36m_target_length": 10,
        "h36m_target_length_eval": 25,
        "h36m_target_length_train": 10
    },
    "motion_fc_in": {
        "activation": "relu",
        "in_features": 66,
        "init_w_trunc_normal": false,
        "out_features": 66,
        "temporal_fc": false,
        "with_norm": false
    },
    "motion_fc_out": {
        "activation": "relu",
        "in_features": 66,
        "init_w_trunc_normal": true,
        "out_features": 66,
        "temporal_fc": false,
        "with_norm": false
    },
    "motion_mlp": {
        "hidden_dim": 66,
        "norm_axis": "spatial",
        "num_layers": 48,
        "seq_len": 50,
        "spatial_fc_only": false,
        "with_normalization": true
    },
    "num_workers": 8,
    "post_dct": false,
    "pre_dct": false,
    "print_every": 100,
    "repo_name": "siMLPe",
    "root_dir": "/home/diwang/siMLPe",
    "save_every": 2000,
    "seed": 304,
    "shift_step": 1,
    "snapshot_dir": "/home/diwang/siMLPe/exps/baseline_h36m/log/snapshot",
    "this_dir": "baseline_h36m",
    "use_relative_loss": true,
    "val_log_file": "/home/diwang/siMLPe/exps/baseline_h36m/log/val_2025_01_06_08_23_27.log",
    "weight_decay": 0.0001
}
[2025-01-06 08:24:02,954] INFO: Iter 100 Summary: 
[2025-01-06 08:24:02,955] INFO: 	 lr: 0.00030000000000000073 	 Training loss: 0.09091615505516529
[2025-01-06 08:24:13,678] INFO: Iter 200 Summary: 
[2025-01-06 08:24:13,678] INFO: 	 lr: 0.00030000000000000073 	 Training loss: 0.07299920454621316
[2025-01-06 08:24:23,226] INFO: Iter 300 Summary: 
[2025-01-06 08:24:23,226] INFO: 	 lr: 0.00030000000000000073 	 Training loss: 0.06835605192929506
[2025-01-06 08:24:32,446] INFO: Iter 400 Summary: 
[2025-01-06 08:24:32,447] INFO: 	 lr: 0.00030000000000000073 	 Training loss: 0.06206383433192968
[2025-01-06 08:24:41,603] INFO: Iter 500 Summary: 
[2025-01-06 08:24:41,603] INFO: 	 lr: 0.00030000000000000073 	 Training loss: 0.059067177735269066
[2025-01-06 08:24:51,481] INFO: Iter 600 Summary: 
[2025-01-06 08:24:51,481] INFO: 	 lr: 0.00030000000000000073 	 Training loss: 0.057634503953158854
[2025-01-06 08:25:01,796] INFO: Iter 700 Summary: 
[2025-01-06 08:25:01,797] INFO: 	 lr: 0.00030000000000000073 	 Training loss: 0.05665205620229244
[2025-01-06 08:25:11,339] INFO: Iter 800 Summary: 
[2025-01-06 08:25:11,339] INFO: 	 lr: 0.00030000000000000073 	 Training loss: 0.055395394079387185
[2025-01-06 08:25:21,789] INFO: Iter 900 Summary: 
[2025-01-06 08:25:21,789] INFO: 	 lr: 0.00030000000000000073 	 Training loss: 0.055003494285047055
[2025-01-06 08:25:31,154] INFO: Iter 1000 Summary: 
[2025-01-06 08:25:31,154] INFO: 	 lr: 0.00030000000000000073 	 Training loss: 0.05427154704928398
[2025-01-06 08:25:40,280] INFO: Iter 1100 Summary: 
[2025-01-06 08:25:40,280] INFO: 	 lr: 0.00030000000000000073 	 Training loss: 0.05381383880972862
[2025-01-06 08:25:49,498] INFO: Iter 1200 Summary: 
[2025-01-06 08:25:49,498] INFO: 	 lr: 0.00030000000000000073 	 Training loss: 0.053566549196839335
[2025-01-06 08:25:58,323] INFO: Iter 1300 Summary: 
[2025-01-06 08:25:58,323] INFO: 	 lr: 0.00030000000000000073 	 Training loss: 0.05350625559687614
[2025-01-06 08:26:07,484] INFO: Iter 1400 Summary: 
[2025-01-06 08:26:07,484] INFO: 	 lr: 0.00030000000000000073 	 Training loss: 0.05264727123081684
[2025-01-06 08:26:17,454] INFO: Iter 1500 Summary: 
[2025-01-06 08:26:17,455] INFO: 	 lr: 0.00030000000000000073 	 Training loss: 0.052189193069934844
[2025-01-06 08:26:26,946] INFO: Iter 1600 Summary: 
[2025-01-06 08:26:26,947] INFO: 	 lr: 0.00030000000000000073 	 Training loss: 0.05181849427521229
[2025-01-06 08:26:37,106] INFO: Iter 1700 Summary: 
[2025-01-06 08:26:37,107] INFO: 	 lr: 0.00030000000000000073 	 Training loss: 0.05169756591320038
[2025-01-06 08:26:47,427] INFO: Iter 1800 Summary: 
[2025-01-06 08:26:47,427] INFO: 	 lr: 0.00030000000000000073 	 Training loss: 0.05145238157361746
[2025-01-06 08:26:57,096] INFO: Iter 1900 Summary: 
[2025-01-06 08:26:57,096] INFO: 	 lr: 0.00030000000000000073 	 Training loss: 0.05115657784044743
[2025-01-06 08:27:05,708] INFO: Iter 2000 Summary: 
[2025-01-06 08:27:05,709] INFO: 	 lr: 0.00030000000000000073 	 Training loss: 0.05089838303625584
[2025-01-06 08:27:18,766] INFO: Iter 2100 Summary: 
[2025-01-06 08:27:18,767] INFO: 	 lr: 0.00030000000000000073 	 Training loss: 0.05088138487190008
[2025-01-06 08:27:29,119] INFO: Iter 2200 Summary: 
[2025-01-06 08:27:29,119] INFO: 	 lr: 0.00030000000000000073 	 Training loss: 0.050771941393613816
[2025-01-06 08:27:39,373] INFO: Iter 2300 Summary: 
[2025-01-06 08:27:39,374] INFO: 	 lr: 0.00030000000000000073 	 Training loss: 0.050388156287372116
[2025-01-06 08:27:49,038] INFO: Iter 2400 Summary: 
[2025-01-06 08:27:49,039] INFO: 	 lr: 0.00030000000000000073 	 Training loss: 0.049949328415095806
[2025-01-06 08:27:58,700] INFO: Iter 2500 Summary: 
[2025-01-06 08:27:58,700] INFO: 	 lr: 0.00030000000000000073 	 Training loss: 0.04992074832320213
[2025-01-06 08:28:08,180] INFO: Iter 2600 Summary: 
[2025-01-06 08:28:08,180] INFO: 	 lr: 0.00030000000000000073 	 Training loss: 0.049656447395682334
[2025-01-06 08:28:18,043] INFO: Iter 2700 Summary: 
[2025-01-06 08:28:18,043] INFO: 	 lr: 0.00030000000000000073 	 Training loss: 0.04981313742697239
[2025-01-06 08:28:28,627] INFO: Iter 2800 Summary: 
[2025-01-06 08:28:28,628] INFO: 	 lr: 0.00030000000000000073 	 Training loss: 0.049629516042768954
[2025-01-06 08:28:37,924] INFO: Iter 2900 Summary: 
[2025-01-06 08:28:37,925] INFO: 	 lr: 0.00030000000000000073 	 Training loss: 0.048819083347916604
[2025-01-06 08:28:48,123] INFO: Iter 3000 Summary: 
[2025-01-06 08:28:48,123] INFO: 	 lr: 0.00030000000000000073 	 Training loss: 0.048900650180876255
[2025-01-06 08:28:57,789] INFO: Iter 3100 Summary: 
[2025-01-06 08:28:57,789] INFO: 	 lr: 0.00030000000000000073 	 Training loss: 0.049019352346658704
[2025-01-06 08:29:08,483] INFO: Iter 3200 Summary: 
[2025-01-06 08:29:08,484] INFO: 	 lr: 0.00030000000000000073 	 Training loss: 0.04874905686825514
[2025-01-06 08:29:17,986] INFO: Iter 3300 Summary: 
[2025-01-06 08:29:17,986] INFO: 	 lr: 0.00030000000000000073 	 Training loss: 0.0483646197989583
[2025-01-06 08:29:28,626] INFO: Iter 3400 Summary: 
[2025-01-06 08:29:28,626] INFO: 	 lr: 0.00030000000000000073 	 Training loss: 0.048475045263767245
[2025-01-06 08:29:39,216] INFO: Iter 3500 Summary: 
[2025-01-06 08:29:39,217] INFO: 	 lr: 0.00030000000000000073 	 Training loss: 0.04878281772136688
[2025-01-06 08:29:49,857] INFO: Iter 3600 Summary: 
[2025-01-06 08:29:49,858] INFO: 	 lr: 0.00030000000000000073 	 Training loss: 0.0478622991964221
[2025-01-06 08:29:59,885] INFO: Iter 3700 Summary: 
[2025-01-06 08:29:59,885] INFO: 	 lr: 0.00030000000000000073 	 Training loss: 0.048454010263085365
[2025-01-06 08:30:09,508] INFO: Iter 3800 Summary: 
[2025-01-06 08:30:09,509] INFO: 	 lr: 0.00030000000000000073 	 Training loss: 0.04808993943035603
[2025-01-06 08:30:19,392] INFO: Iter 3900 Summary: 
[2025-01-06 08:30:19,392] INFO: 	 lr: 0.00030000000000000073 	 Training loss: 0.0476739788800478
[2025-01-06 08:30:29,709] INFO: Iter 4000 Summary: 
[2025-01-06 08:30:29,709] INFO: 	 lr: 0.00030000000000000073 	 Training loss: 0.047507009953260425
[2025-01-06 08:30:40,473] INFO: Iter 4100 Summary: 
[2025-01-06 08:30:40,474] INFO: 	 lr: 0.00030000000000000073 	 Training loss: 0.04762211702764034
[2025-01-06 08:30:51,015] INFO: Iter 4200 Summary: 
[2025-01-06 08:30:51,016] INFO: 	 lr: 0.00030000000000000073 	 Training loss: 0.0479789425060153
[2025-01-06 08:31:00,448] INFO: Iter 4300 Summary: 
[2025-01-06 08:31:00,448] INFO: 	 lr: 0.00030000000000000073 	 Training loss: 0.047618969306349755
[2025-01-06 08:31:09,235] INFO: Iter 4400 Summary: 
[2025-01-06 08:31:09,235] INFO: 	 lr: 0.00030000000000000073 	 Training loss: 0.04768114138394594
[2025-01-06 08:31:17,921] INFO: Iter 4500 Summary: 
[2025-01-06 08:31:17,922] INFO: 	 lr: 0.00030000000000000073 	 Training loss: 0.046959789730608464
[2025-01-06 08:31:26,995] INFO: Iter 4600 Summary: 
[2025-01-06 08:31:26,995] INFO: 	 lr: 0.00030000000000000073 	 Training loss: 0.04708726912736893
[2025-01-06 08:31:36,582] INFO: Iter 4700 Summary: 
[2025-01-06 08:31:36,583] INFO: 	 lr: 0.00030000000000000073 	 Training loss: 0.0478199502825737
[2025-01-06 08:31:45,415] INFO: Iter 4800 Summary: 
[2025-01-06 08:31:45,416] INFO: 	 lr: 0.00030000000000000073 	 Training loss: 0.04695835549384356
[2025-01-06 08:31:55,520] INFO: Iter 4900 Summary: 
[2025-01-06 08:31:55,521] INFO: 	 lr: 0.00030000000000000073 	 Training loss: 0.04685632221400738
[2025-01-06 08:32:06,081] INFO: Iter 5000 Summary: 
[2025-01-06 08:32:06,081] INFO: 	 lr: 0.00030000000000000073 	 Training loss: 0.04720200233161449
[2025-01-06 08:32:14,346] INFO: Iter 5100 Summary: 
[2025-01-06 08:32:14,347] INFO: 	 lr: 0.00030000000000000073 	 Training loss: 0.046702904477715496
[2025-01-06 08:32:24,545] INFO: Iter 5200 Summary: 
[2025-01-06 08:32:24,545] INFO: 	 lr: 0.00030000000000000073 	 Training loss: 0.0468057781085372
[2025-01-06 08:32:34,413] INFO: Iter 5300 Summary: 
[2025-01-06 08:32:34,414] INFO: 	 lr: 0.00030000000000000073 	 Training loss: 0.046517743468284606
[2025-01-06 08:32:44,763] INFO: Iter 5400 Summary: 
[2025-01-06 08:32:44,763] INFO: 	 lr: 0.00030000000000000073 	 Training loss: 0.046199803166091444
[2025-01-06 08:32:54,109] INFO: Iter 5500 Summary: 
[2025-01-06 08:32:54,110] INFO: 	 lr: 0.00030000000000000073 	 Training loss: 0.04616937234997749
[2025-01-06 08:33:05,450] INFO: Iter 5600 Summary: 
[2025-01-06 08:33:05,451] INFO: 	 lr: 0.00030000000000000073 	 Training loss: 0.04618617370724678
[2025-01-06 08:33:14,769] INFO: Iter 5700 Summary: 
[2025-01-06 08:33:14,770] INFO: 	 lr: 0.00030000000000000073 	 Training loss: 0.046469847075641155
[2025-01-06 08:33:24,908] INFO: Iter 5800 Summary: 
[2025-01-06 08:33:24,908] INFO: 	 lr: 0.00030000000000000073 	 Training loss: 0.04619610983878374
[2025-01-06 08:33:33,353] INFO: Iter 5900 Summary: 
[2025-01-06 08:33:33,353] INFO: 	 lr: 0.00030000000000000073 	 Training loss: 0.045844323560595514
[2025-01-06 08:33:43,693] INFO: Iter 6000 Summary: 
[2025-01-06 08:33:43,694] INFO: 	 lr: 0.00030000000000000073 	 Training loss: 0.04619158495217562
[2025-01-06 08:33:56,427] INFO: Iter 6100 Summary: 
[2025-01-06 08:33:56,428] INFO: 	 lr: 0.00030000000000000073 	 Training loss: 0.046057242527604104
[2025-01-06 08:34:06,298] INFO: Iter 6200 Summary: 
[2025-01-06 08:34:06,299] INFO: 	 lr: 0.00030000000000000073 	 Training loss: 0.04576103284955025
[2025-01-06 08:34:15,174] INFO: Iter 6300 Summary: 
[2025-01-06 08:34:15,174] INFO: 	 lr: 0.00030000000000000073 	 Training loss: 0.04572686534374952
[2025-01-06 08:34:25,602] INFO: Iter 6400 Summary: 
[2025-01-06 08:34:25,602] INFO: 	 lr: 0.00030000000000000073 	 Training loss: 0.04539868593215943
[2025-01-06 08:34:36,183] INFO: Iter 6500 Summary: 
[2025-01-06 08:34:36,183] INFO: 	 lr: 0.00030000000000000073 	 Training loss: 0.04552187521010637
[2025-01-06 08:34:46,613] INFO: Iter 6600 Summary: 
[2025-01-06 08:34:46,613] INFO: 	 lr: 0.00030000000000000073 	 Training loss: 0.045891288705170154
[2025-01-06 08:34:57,436] INFO: Iter 6700 Summary: 
[2025-01-06 08:34:57,436] INFO: 	 lr: 0.00030000000000000073 	 Training loss: 0.045699498243629934
[2025-01-06 08:35:07,645] INFO: Iter 6800 Summary: 
[2025-01-06 08:35:07,646] INFO: 	 lr: 0.00030000000000000073 	 Training loss: 0.0455360459163785
[2025-01-06 08:35:17,856] INFO: Iter 6900 Summary: 
[2025-01-06 08:35:17,856] INFO: 	 lr: 0.00030000000000000073 	 Training loss: 0.04529323752969503
[2025-01-06 08:35:28,292] INFO: Iter 7000 Summary: 
[2025-01-06 08:35:28,293] INFO: 	 lr: 0.00030000000000000073 	 Training loss: 0.04548251491039992
[2025-01-06 08:35:37,973] INFO: Iter 7100 Summary: 
[2025-01-06 08:35:37,973] INFO: 	 lr: 0.00030000000000000073 	 Training loss: 0.04510566178709269
[2025-01-06 08:35:47,821] INFO: Iter 7200 Summary: 
[2025-01-06 08:35:47,822] INFO: 	 lr: 0.00030000000000000073 	 Training loss: 0.04524594519287348
[2025-01-06 08:35:57,262] INFO: Iter 7300 Summary: 
[2025-01-06 08:35:57,263] INFO: 	 lr: 0.00030000000000000073 	 Training loss: 0.04552186653017998
[2025-01-06 08:36:06,505] INFO: Iter 7400 Summary: 
[2025-01-06 08:36:06,505] INFO: 	 lr: 0.00030000000000000073 	 Training loss: 0.04524040900170803
[2025-01-06 08:36:14,953] INFO: Iter 7500 Summary: 
[2025-01-06 08:36:14,953] INFO: 	 lr: 0.00030000000000000073 	 Training loss: 0.04479073997586966
[2025-01-06 08:36:25,443] INFO: Iter 7600 Summary: 
[2025-01-06 08:36:25,443] INFO: 	 lr: 0.00030000000000000073 	 Training loss: 0.044808220341801645
[2025-01-06 08:36:35,017] INFO: Iter 7700 Summary: 
[2025-01-06 08:36:35,017] INFO: 	 lr: 0.00030000000000000073 	 Training loss: 0.044766884744167325
[2025-01-06 08:36:45,276] INFO: Iter 7800 Summary: 
[2025-01-06 08:36:45,276] INFO: 	 lr: 0.00030000000000000073 	 Training loss: 0.04469135779887438
[2025-01-06 08:36:54,934] INFO: Iter 7900 Summary: 
[2025-01-06 08:36:54,935] INFO: 	 lr: 0.00030000000000000073 	 Training loss: 0.044732241965830324
[2025-01-06 08:37:04,883] INFO: Iter 8000 Summary: 
[2025-01-06 08:37:04,884] INFO: 	 lr: 0.00030000000000000073 	 Training loss: 0.04490085922181606
[2025-01-06 08:37:17,386] INFO: Iter 8100 Summary: 
[2025-01-06 08:37:17,387] INFO: 	 lr: 0.00030000000000000073 	 Training loss: 0.04448990222066641
[2025-01-06 08:37:27,343] INFO: Iter 8200 Summary: 
[2025-01-06 08:37:27,343] INFO: 	 lr: 0.00030000000000000073 	 Training loss: 0.04453169580549002
[2025-01-06 08:37:38,483] INFO: Iter 8300 Summary: 
[2025-01-06 08:37:38,484] INFO: 	 lr: 0.00030000000000000073 	 Training loss: 0.04453426707535982
[2025-01-06 08:37:48,784] INFO: Iter 8400 Summary: 
[2025-01-06 08:37:48,785] INFO: 	 lr: 0.00030000000000000073 	 Training loss: 0.04436705503612757
[2025-01-06 08:37:59,049] INFO: Iter 8500 Summary: 
[2025-01-06 08:37:59,049] INFO: 	 lr: 0.00030000000000000073 	 Training loss: 0.0443538398295641
[2025-01-06 08:38:09,423] INFO: Iter 8600 Summary: 
[2025-01-06 08:38:09,424] INFO: 	 lr: 0.00030000000000000073 	 Training loss: 0.0440878938883543
[2025-01-06 08:38:18,211] INFO: Iter 8700 Summary: 
[2025-01-06 08:38:18,212] INFO: 	 lr: 0.00030000000000000073 	 Training loss: 0.04453216265887022
[2025-01-06 08:38:28,683] INFO: Iter 8800 Summary: 
[2025-01-06 08:38:28,684] INFO: 	 lr: 0.00030000000000000073 	 Training loss: 0.04426272492855787
[2025-01-06 08:38:39,684] INFO: Iter 8900 Summary: 
[2025-01-06 08:38:39,684] INFO: 	 lr: 0.00030000000000000073 	 Training loss: 0.04411107528954744
[2025-01-06 08:38:51,248] INFO: Iter 9000 Summary: 
[2025-01-06 08:38:51,249] INFO: 	 lr: 0.00030000000000000073 	 Training loss: 0.044146516844630244
[2025-01-06 08:39:02,485] INFO: Iter 9100 Summary: 
[2025-01-06 08:39:02,485] INFO: 	 lr: 0.00030000000000000073 	 Training loss: 0.04424876134842634
[2025-01-06 08:39:10,898] INFO: Iter 9200 Summary: 
[2025-01-06 08:39:10,899] INFO: 	 lr: 0.00030000000000000073 	 Training loss: 0.04361851625144482
[2025-01-06 08:39:21,426] INFO: Iter 9300 Summary: 
[2025-01-06 08:39:21,426] INFO: 	 lr: 0.00030000000000000073 	 Training loss: 0.04400772728025913
[2025-01-06 08:39:31,898] INFO: Iter 9400 Summary: 
[2025-01-06 08:39:31,898] INFO: 	 lr: 0.00030000000000000073 	 Training loss: 0.04390429999679327
[2025-01-06 08:39:42,366] INFO: Iter 9500 Summary: 
[2025-01-06 08:39:42,367] INFO: 	 lr: 0.00030000000000000073 	 Training loss: 0.044009671397507194
[2025-01-06 08:39:52,567] INFO: Iter 9600 Summary: 
[2025-01-06 08:39:52,567] INFO: 	 lr: 0.00030000000000000073 	 Training loss: 0.04438327889889479
[2025-01-06 08:40:02,751] INFO: Iter 9700 Summary: 
[2025-01-06 08:40:02,752] INFO: 	 lr: 0.00030000000000000073 	 Training loss: 0.04356652457267046
[2025-01-06 08:40:11,669] INFO: Iter 9800 Summary: 
[2025-01-06 08:40:11,669] INFO: 	 lr: 0.00030000000000000073 	 Training loss: 0.043733820840716364
[2025-01-06 08:40:21,057] INFO: Iter 9900 Summary: 
[2025-01-06 08:40:21,057] INFO: 	 lr: 0.00030000000000000073 	 Training loss: 0.04374103005975485
[2025-01-06 08:40:32,254] INFO: Iter 10000 Summary: 
[2025-01-06 08:40:32,255] INFO: 	 lr: 0.00030000000000000073 	 Training loss: 0.043661890253424644
[2025-01-06 08:40:45,089] INFO: Iter 10100 Summary: 
[2025-01-06 08:40:45,089] INFO: 	 lr: 0.00030000000000000073 	 Training loss: 0.043568635806441304
[2025-01-06 08:40:55,773] INFO: Iter 10200 Summary: 
[2025-01-06 08:40:55,774] INFO: 	 lr: 0.00030000000000000073 	 Training loss: 0.0436049610376358
[2025-01-06 08:41:05,148] INFO: Iter 10300 Summary: 
[2025-01-06 08:41:05,149] INFO: 	 lr: 0.00030000000000000073 	 Training loss: 0.0434498305991292
[2025-01-06 08:41:15,550] INFO: Iter 10400 Summary: 
[2025-01-06 08:41:15,550] INFO: 	 lr: 0.00030000000000000073 	 Training loss: 0.04336481649428606
[2025-01-06 08:41:25,095] INFO: Iter 10500 Summary: 
[2025-01-06 08:41:25,095] INFO: 	 lr: 0.00030000000000000073 	 Training loss: 0.04356950961053371
[2025-01-06 08:41:35,462] INFO: Iter 10600 Summary: 
[2025-01-06 08:41:35,462] INFO: 	 lr: 0.00030000000000000073 	 Training loss: 0.043297621086239815
[2025-01-06 08:41:45,396] INFO: Iter 10700 Summary: 
[2025-01-06 08:41:45,396] INFO: 	 lr: 0.00030000000000000073 	 Training loss: 0.04350355010479689
[2025-01-06 08:41:55,709] INFO: Iter 10800 Summary: 
[2025-01-06 08:41:55,709] INFO: 	 lr: 0.00030000000000000073 	 Training loss: 0.04343934368342161
[2025-01-06 08:42:04,660] INFO: Iter 10900 Summary: 
[2025-01-06 08:42:04,660] INFO: 	 lr: 0.00030000000000000073 	 Training loss: 0.043368464298546315
[2025-01-06 08:42:13,486] INFO: Iter 11000 Summary: 
[2025-01-06 08:42:13,487] INFO: 	 lr: 0.00030000000000000073 	 Training loss: 0.043426336348056795
[2025-01-06 08:42:23,593] INFO: Iter 11100 Summary: 
[2025-01-06 08:42:23,593] INFO: 	 lr: 0.00030000000000000073 	 Training loss: 0.042857075296342376
[2025-01-06 08:42:33,989] INFO: Iter 11200 Summary: 
[2025-01-06 08:42:33,989] INFO: 	 lr: 0.00030000000000000073 	 Training loss: 0.04288408610969782
[2025-01-06 08:42:44,857] INFO: Iter 11300 Summary: 
[2025-01-06 08:42:44,857] INFO: 	 lr: 0.00030000000000000073 	 Training loss: 0.04331301268190146
[2025-01-06 08:42:54,625] INFO: Iter 11400 Summary: 
[2025-01-06 08:42:54,626] INFO: 	 lr: 0.00030000000000000073 	 Training loss: 0.0431170504912734
[2025-01-06 08:43:04,190] INFO: Iter 11500 Summary: 
[2025-01-06 08:43:04,190] INFO: 	 lr: 0.00030000000000000073 	 Training loss: 0.043136815764009954
[2025-01-06 08:43:13,693] INFO: Iter 11600 Summary: 
[2025-01-06 08:43:13,693] INFO: 	 lr: 0.00030000000000000073 	 Training loss: 0.043343746922910216
[2025-01-06 08:43:24,335] INFO: Iter 11700 Summary: 
[2025-01-06 08:43:24,336] INFO: 	 lr: 0.00030000000000000073 	 Training loss: 0.04349374059587717
[2025-01-06 08:43:34,704] INFO: Iter 11800 Summary: 
[2025-01-06 08:43:34,704] INFO: 	 lr: 0.00030000000000000073 	 Training loss: 0.043095404393970964
[2025-01-06 08:43:45,087] INFO: Iter 11900 Summary: 
[2025-01-06 08:43:45,087] INFO: 	 lr: 0.00030000000000000073 	 Training loss: 0.04286851659417153
[2025-01-06 08:43:55,915] INFO: Iter 12000 Summary: 
[2025-01-06 08:43:55,916] INFO: 	 lr: 0.00030000000000000073 	 Training loss: 0.04295545190572739
[2025-01-06 08:44:07,130] INFO: Iter 12100 Summary: 
[2025-01-06 08:44:07,131] INFO: 	 lr: 0.00030000000000000073 	 Training loss: 0.042626361064612865
[2025-01-06 08:44:17,239] INFO: Iter 12200 Summary: 
[2025-01-06 08:44:17,240] INFO: 	 lr: 0.00030000000000000073 	 Training loss: 0.042502354606986044
[2025-01-06 08:44:27,663] INFO: Iter 12300 Summary: 
[2025-01-06 08:44:27,664] INFO: 	 lr: 0.00030000000000000073 	 Training loss: 0.042658303529024125
[2025-01-06 08:44:38,642] INFO: Iter 12400 Summary: 
[2025-01-06 08:44:38,642] INFO: 	 lr: 0.00030000000000000073 	 Training loss: 0.04331124287098646
[2025-01-06 08:44:49,204] INFO: Iter 12500 Summary: 
[2025-01-06 08:44:49,204] INFO: 	 lr: 0.00030000000000000073 	 Training loss: 0.042672553434967994
[2025-01-06 08:44:58,888] INFO: Iter 12600 Summary: 
[2025-01-06 08:44:58,888] INFO: 	 lr: 0.00030000000000000073 	 Training loss: 0.04310371797531843
[2025-01-06 08:45:07,423] INFO: Iter 12700 Summary: 
[2025-01-06 08:45:07,424] INFO: 	 lr: 0.00030000000000000073 	 Training loss: 0.04291586373001337
[2025-01-06 08:45:17,063] INFO: Iter 12800 Summary: 
[2025-01-06 08:45:17,063] INFO: 	 lr: 0.00030000000000000073 	 Training loss: 0.04262346480041743
[2025-01-06 08:45:26,845] INFO: Iter 12900 Summary: 
[2025-01-06 08:45:26,846] INFO: 	 lr: 0.00030000000000000073 	 Training loss: 0.04264290057122708
[2025-01-06 08:45:38,166] INFO: Iter 13000 Summary: 
[2025-01-06 08:45:38,166] INFO: 	 lr: 0.00030000000000000073 	 Training loss: 0.04283981442451477
[2025-01-06 08:45:48,710] INFO: Iter 13100 Summary: 
[2025-01-06 08:45:48,710] INFO: 	 lr: 0.00030000000000000073 	 Training loss: 0.04239324435591698
[2025-01-06 08:45:58,912] INFO: Iter 13200 Summary: 
[2025-01-06 08:45:58,912] INFO: 	 lr: 0.00030000000000000073 	 Training loss: 0.042295765466988086
[2025-01-06 08:46:09,025] INFO: Iter 13300 Summary: 
[2025-01-06 08:46:09,025] INFO: 	 lr: 0.00030000000000000073 	 Training loss: 0.04255394324660301
[2025-01-06 08:46:19,617] INFO: Iter 13400 Summary: 
[2025-01-06 08:46:19,617] INFO: 	 lr: 0.00030000000000000073 	 Training loss: 0.04251373179256916
[2025-01-06 08:46:29,503] INFO: Iter 13500 Summary: 
[2025-01-06 08:46:29,503] INFO: 	 lr: 0.00030000000000000073 	 Training loss: 0.0425990679115057
[2025-01-06 08:46:39,963] INFO: Iter 13600 Summary: 
[2025-01-06 08:46:39,963] INFO: 	 lr: 0.00030000000000000073 	 Training loss: 0.04240798134356737
[2025-01-06 08:46:49,969] INFO: Iter 13700 Summary: 
[2025-01-06 08:46:49,970] INFO: 	 lr: 0.00030000000000000073 	 Training loss: 0.042729379907250405
[2025-01-06 08:46:59,393] INFO: Iter 13800 Summary: 
[2025-01-06 08:46:59,394] INFO: 	 lr: 0.00030000000000000073 	 Training loss: 0.04214000448584557
[2025-01-06 08:47:09,755] INFO: Iter 13900 Summary: 
[2025-01-06 08:47:09,755] INFO: 	 lr: 0.00030000000000000073 	 Training loss: 0.042639536783099174
[2025-01-06 08:47:20,543] INFO: Iter 14000 Summary: 
[2025-01-06 08:47:20,544] INFO: 	 lr: 0.00030000000000000073 	 Training loss: 0.04243547473102808
[2025-01-06 08:47:34,534] INFO: Iter 14100 Summary: 
[2025-01-06 08:47:34,535] INFO: 	 lr: 0.00030000000000000073 	 Training loss: 0.04241062536835671
[2025-01-06 08:47:44,565] INFO: Iter 14200 Summary: 
[2025-01-06 08:47:44,566] INFO: 	 lr: 0.00030000000000000073 	 Training loss: 0.0422023793309927
[2025-01-06 08:47:53,814] INFO: Iter 14300 Summary: 
[2025-01-06 08:47:53,814] INFO: 	 lr: 0.00030000000000000073 	 Training loss: 0.0425289286673069
[2025-01-06 08:48:04,682] INFO: Iter 14400 Summary: 
[2025-01-06 08:48:04,682] INFO: 	 lr: 0.00030000000000000073 	 Training loss: 0.04248965110629797
[2025-01-06 08:48:15,457] INFO: Iter 14500 Summary: 
[2025-01-06 08:48:15,458] INFO: 	 lr: 0.00030000000000000073 	 Training loss: 0.04306341722607612
[2025-01-06 08:48:25,891] INFO: Iter 14600 Summary: 
[2025-01-06 08:48:25,892] INFO: 	 lr: 0.00030000000000000073 	 Training loss: 0.04243829991668463
[2025-01-06 08:48:37,162] INFO: Iter 14700 Summary: 
[2025-01-06 08:48:37,163] INFO: 	 lr: 0.00030000000000000073 	 Training loss: 0.04211593549698591
[2025-01-06 08:48:47,014] INFO: Iter 14800 Summary: 
[2025-01-06 08:48:47,014] INFO: 	 lr: 0.00030000000000000073 	 Training loss: 0.04260773580521345
[2025-01-06 08:48:56,727] INFO: Iter 14900 Summary: 
[2025-01-06 08:48:56,727] INFO: 	 lr: 0.00030000000000000073 	 Training loss: 0.04218847747892141
[2025-01-06 08:49:07,194] INFO: Iter 15000 Summary: 
[2025-01-06 08:49:07,194] INFO: 	 lr: 0.00030000000000000073 	 Training loss: 0.042352911904454234
[2025-01-06 08:49:18,471] INFO: Iter 15100 Summary: 
[2025-01-06 08:49:18,471] INFO: 	 lr: 0.00030000000000000073 	 Training loss: 0.04225102685391903
[2025-01-06 08:49:29,052] INFO: Iter 15200 Summary: 
[2025-01-06 08:49:29,052] INFO: 	 lr: 0.00030000000000000073 	 Training loss: 0.04203977633267641
[2025-01-06 08:49:39,241] INFO: Iter 15300 Summary: 
[2025-01-06 08:49:39,242] INFO: 	 lr: 0.00030000000000000073 	 Training loss: 0.042336071692407135
[2025-01-06 08:49:49,729] INFO: Iter 15400 Summary: 
[2025-01-06 08:49:49,730] INFO: 	 lr: 0.00030000000000000073 	 Training loss: 0.04217957217246294
[2025-01-06 08:50:00,062] INFO: Iter 15500 Summary: 
[2025-01-06 08:50:00,062] INFO: 	 lr: 0.00030000000000000073 	 Training loss: 0.041881252750754355
[2025-01-06 08:50:10,212] INFO: Iter 15600 Summary: 
[2025-01-06 08:50:10,212] INFO: 	 lr: 0.00030000000000000073 	 Training loss: 0.04191320329904556
[2025-01-06 08:50:20,086] INFO: Iter 15700 Summary: 
[2025-01-06 08:50:20,086] INFO: 	 lr: 0.00030000000000000073 	 Training loss: 0.04224270794540644
[2025-01-06 08:50:30,211] INFO: Iter 15800 Summary: 
[2025-01-06 08:50:30,211] INFO: 	 lr: 0.00030000000000000073 	 Training loss: 0.041982282027602194
[2025-01-06 08:50:41,478] INFO: Iter 15900 Summary: 
[2025-01-06 08:50:41,479] INFO: 	 lr: 0.00030000000000000073 	 Training loss: 0.041805330365896225
[2025-01-06 08:50:51,288] INFO: Iter 16000 Summary: 
[2025-01-06 08:50:51,289] INFO: 	 lr: 0.00030000000000000073 	 Training loss: 0.041765290945768356
[2025-01-06 08:51:02,695] INFO: Iter 16100 Summary: 
[2025-01-06 08:51:02,695] INFO: 	 lr: 0.00030000000000000073 	 Training loss: 0.0417532617598772
[2025-01-06 08:51:13,748] INFO: Iter 16200 Summary: 
[2025-01-06 08:51:13,748] INFO: 	 lr: 0.00030000000000000073 	 Training loss: 0.04181320831179619
[2025-01-06 08:51:24,354] INFO: Iter 16300 Summary: 
[2025-01-06 08:51:24,354] INFO: 	 lr: 0.00030000000000000073 	 Training loss: 0.042019988149404525
[2025-01-06 08:51:35,285] INFO: Iter 16400 Summary: 
[2025-01-06 08:51:35,285] INFO: 	 lr: 0.00030000000000000073 	 Training loss: 0.042230907306075094
[2025-01-06 08:51:45,898] INFO: Iter 16500 Summary: 
[2025-01-06 08:51:45,898] INFO: 	 lr: 0.00030000000000000073 	 Training loss: 0.04195679131895304
[2025-01-06 08:51:56,765] INFO: Iter 16600 Summary: 
[2025-01-06 08:51:56,765] INFO: 	 lr: 0.00030000000000000073 	 Training loss: 0.04207577515393496
[2025-01-06 08:52:06,834] INFO: Iter 16700 Summary: 
[2025-01-06 08:52:06,835] INFO: 	 lr: 0.00030000000000000073 	 Training loss: 0.041797056645154956
[2025-01-06 08:52:17,912] INFO: Iter 16800 Summary: 
[2025-01-06 08:52:17,912] INFO: 	 lr: 0.00030000000000000073 	 Training loss: 0.04170271120965481
[2025-01-06 08:52:28,273] INFO: Iter 16900 Summary: 
[2025-01-06 08:52:28,273] INFO: 	 lr: 0.00030000000000000073 	 Training loss: 0.04200606003403664
[2025-01-06 08:52:38,544] INFO: Iter 17000 Summary: 
[2025-01-06 08:52:38,544] INFO: 	 lr: 0.00030000000000000073 	 Training loss: 0.04191534649580717
[2025-01-06 08:52:49,484] INFO: Iter 17100 Summary: 
[2025-01-06 08:52:49,484] INFO: 	 lr: 0.00030000000000000073 	 Training loss: 0.04183000810444355
[2025-01-06 08:52:59,341] INFO: Iter 17200 Summary: 
[2025-01-06 08:52:59,341] INFO: 	 lr: 0.00030000000000000073 	 Training loss: 0.0419241926446557
[2025-01-06 08:53:10,468] INFO: Iter 17300 Summary: 
[2025-01-06 08:53:10,469] INFO: 	 lr: 0.00030000000000000073 	 Training loss: 0.04175389811396599
[2025-01-06 08:53:21,604] INFO: Iter 17400 Summary: 
[2025-01-06 08:53:21,604] INFO: 	 lr: 0.00030000000000000073 	 Training loss: 0.04164942044764757
[2025-01-06 08:53:31,425] INFO: Iter 17500 Summary: 
[2025-01-06 08:53:31,426] INFO: 	 lr: 0.00030000000000000073 	 Training loss: 0.041414504088461396
[2025-01-06 08:53:40,636] INFO: Iter 17600 Summary: 
[2025-01-06 08:53:40,637] INFO: 	 lr: 0.00030000000000000073 	 Training loss: 0.04179444927722216
[2025-01-06 08:53:51,683] INFO: Iter 17700 Summary: 
[2025-01-06 08:53:51,683] INFO: 	 lr: 0.00030000000000000073 	 Training loss: 0.04172213092446327
[2025-01-06 08:54:00,772] INFO: Iter 17800 Summary: 
[2025-01-06 08:54:00,772] INFO: 	 lr: 0.00030000000000000073 	 Training loss: 0.0417733721062541
[2025-01-06 08:54:11,537] INFO: Iter 17900 Summary: 
[2025-01-06 08:54:11,538] INFO: 	 lr: 0.00030000000000000073 	 Training loss: 0.041897431686520575
[2025-01-06 08:54:22,171] INFO: Iter 18000 Summary: 
[2025-01-06 08:54:22,172] INFO: 	 lr: 0.00030000000000000073 	 Training loss: 0.04161856964230538
[2025-01-06 08:54:36,671] INFO: Iter 18100 Summary: 
[2025-01-06 08:54:36,672] INFO: 	 lr: 0.00030000000000000073 	 Training loss: 0.041443169936537745
[2025-01-06 08:54:46,916] INFO: Iter 18200 Summary: 
[2025-01-06 08:54:46,916] INFO: 	 lr: 0.00030000000000000073 	 Training loss: 0.041771715655922886
[2025-01-06 08:54:56,263] INFO: Iter 18300 Summary: 
[2025-01-06 08:54:56,263] INFO: 	 lr: 0.00030000000000000073 	 Training loss: 0.04178372401744127
[2025-01-06 08:55:06,287] INFO: Iter 18400 Summary: 
[2025-01-06 08:55:06,288] INFO: 	 lr: 0.00030000000000000073 	 Training loss: 0.04141984183341265
[2025-01-06 08:55:18,025] INFO: Iter 18500 Summary: 
[2025-01-06 08:55:18,026] INFO: 	 lr: 0.00030000000000000073 	 Training loss: 0.041839312724769116
[2025-01-06 08:55:29,563] INFO: Iter 18600 Summary: 
[2025-01-06 08:55:29,563] INFO: 	 lr: 0.00030000000000000073 	 Training loss: 0.041602089889347556
[2025-01-06 08:55:41,117] INFO: Iter 18700 Summary: 
[2025-01-06 08:55:41,117] INFO: 	 lr: 0.00030000000000000073 	 Training loss: 0.04142962697893381
[2025-01-06 08:55:50,548] INFO: Iter 18800 Summary: 
[2025-01-06 08:55:50,549] INFO: 	 lr: 0.00030000000000000073 	 Training loss: 0.04154130883514881
[2025-01-06 08:56:00,924] INFO: Iter 18900 Summary: 
[2025-01-06 08:56:00,925] INFO: 	 lr: 0.00030000000000000073 	 Training loss: 0.04134082593023777
[2025-01-06 08:56:11,123] INFO: Iter 19000 Summary: 
[2025-01-06 08:56:11,124] INFO: 	 lr: 0.00030000000000000073 	 Training loss: 0.0413218654692173
[2025-01-06 08:56:22,182] INFO: Iter 19100 Summary: 
[2025-01-06 08:56:22,183] INFO: 	 lr: 0.00030000000000000073 	 Training loss: 0.04177056666463613
[2025-01-06 08:56:32,876] INFO: Iter 19200 Summary: 
[2025-01-06 08:56:32,877] INFO: 	 lr: 0.00030000000000000073 	 Training loss: 0.04152691949158907
[2025-01-06 08:56:42,468] INFO: Iter 19300 Summary: 
[2025-01-06 08:56:42,468] INFO: 	 lr: 0.00030000000000000073 	 Training loss: 0.041456104777753355
[2025-01-06 08:56:53,095] INFO: Iter 19400 Summary: 
[2025-01-06 08:56:53,096] INFO: 	 lr: 0.00030000000000000073 	 Training loss: 0.04158375300467014
[2025-01-06 08:57:03,630] INFO: Iter 19500 Summary: 
[2025-01-06 08:57:03,630] INFO: 	 lr: 0.00030000000000000073 	 Training loss: 0.04151512999087572
[2025-01-06 08:57:14,998] INFO: Iter 19600 Summary: 
[2025-01-06 08:57:14,999] INFO: 	 lr: 0.00030000000000000073 	 Training loss: 0.04177850387990475
[2025-01-06 08:57:26,016] INFO: Iter 19700 Summary: 
[2025-01-06 08:57:26,016] INFO: 	 lr: 0.00030000000000000073 	 Training loss: 0.04121918346732855
[2025-01-06 08:57:35,430] INFO: Iter 19800 Summary: 
[2025-01-06 08:57:35,431] INFO: 	 lr: 0.00030000000000000073 	 Training loss: 0.041279479563236236
[2025-01-06 08:57:45,667] INFO: Iter 19900 Summary: 
[2025-01-06 08:57:45,668] INFO: 	 lr: 0.00030000000000000073 	 Training loss: 0.04151134017854929
[2025-01-06 08:57:58,624] INFO: Iter 20000 Summary: 
[2025-01-06 08:57:58,625] INFO: 	 lr: 0.00030000000000000073 	 Training loss: 0.04126027338206768
[2025-01-06 08:58:13,380] INFO: Iter 20100 Summary: 
[2025-01-06 08:58:13,380] INFO: 	 lr: 0.00030000000000000073 	 Training loss: 0.041321260556578636
[2025-01-06 08:58:24,372] INFO: Iter 20200 Summary: 
[2025-01-06 08:58:24,372] INFO: 	 lr: 0.00030000000000000073 	 Training loss: 0.041290810182690624
[2025-01-06 08:58:35,640] INFO: Iter 20300 Summary: 
[2025-01-06 08:58:35,640] INFO: 	 lr: 0.00030000000000000073 	 Training loss: 0.04159917153418064
[2025-01-06 08:58:48,060] INFO: Iter 20400 Summary: 
[2025-01-06 08:58:48,060] INFO: 	 lr: 0.00030000000000000073 	 Training loss: 0.0409066491574049
[2025-01-06 08:58:59,628] INFO: Iter 20500 Summary: 
[2025-01-06 08:58:59,629] INFO: 	 lr: 0.00030000000000000073 	 Training loss: 0.04160493239760399
[2025-01-06 08:59:09,886] INFO: Iter 20600 Summary: 
[2025-01-06 08:59:09,887] INFO: 	 lr: 0.00030000000000000073 	 Training loss: 0.04129590142518282
[2025-01-06 08:59:21,381] INFO: Iter 20700 Summary: 
[2025-01-06 08:59:21,382] INFO: 	 lr: 0.00030000000000000073 	 Training loss: 0.04086801916360855
[2025-01-06 08:59:32,832] INFO: Iter 20800 Summary: 
[2025-01-06 08:59:32,832] INFO: 	 lr: 0.00030000000000000073 	 Training loss: 0.041375027261674406
[2025-01-06 08:59:43,744] INFO: Iter 20900 Summary: 
[2025-01-06 08:59:43,744] INFO: 	 lr: 0.00030000000000000073 	 Training loss: 0.041338064856827256
[2025-01-06 08:59:54,018] INFO: Iter 21000 Summary: 
[2025-01-06 08:59:54,018] INFO: 	 lr: 0.00030000000000000073 	 Training loss: 0.04156922187656164
[2025-01-06 09:00:02,885] INFO: Iter 21100 Summary: 
[2025-01-06 09:00:02,885] INFO: 	 lr: 0.00030000000000000073 	 Training loss: 0.04133342035114765
[2025-01-06 09:00:14,056] INFO: Iter 21200 Summary: 
[2025-01-06 09:00:14,056] INFO: 	 lr: 0.00030000000000000073 	 Training loss: 0.04123618446290493
[2025-01-06 09:00:27,275] INFO: Iter 21300 Summary: 
[2025-01-06 09:00:27,275] INFO: 	 lr: 0.00030000000000000073 	 Training loss: 0.041260689683258536
[2025-01-06 09:00:38,069] INFO: Iter 21400 Summary: 
[2025-01-06 09:00:38,069] INFO: 	 lr: 0.00030000000000000073 	 Training loss: 0.041312248036265375
[2025-01-06 09:00:49,074] INFO: Iter 21500 Summary: 
[2025-01-06 09:00:49,075] INFO: 	 lr: 0.00030000000000000073 	 Training loss: 0.04104599293321371
[2025-01-06 09:00:59,893] INFO: Iter 21600 Summary: 
[2025-01-06 09:00:59,893] INFO: 	 lr: 0.00030000000000000073 	 Training loss: 0.04093284074217081
[2025-01-06 09:01:11,537] INFO: Iter 21700 Summary: 
[2025-01-06 09:01:11,538] INFO: 	 lr: 0.00030000000000000073 	 Training loss: 0.04126538675278425
[2025-01-06 09:01:22,656] INFO: Iter 21800 Summary: 
[2025-01-06 09:01:22,657] INFO: 	 lr: 0.00030000000000000073 	 Training loss: 0.0410423718392849
[2025-01-06 09:01:33,572] INFO: Iter 21900 Summary: 
[2025-01-06 09:01:33,572] INFO: 	 lr: 0.00030000000000000073 	 Training loss: 0.041050775162875655
[2025-01-06 09:01:45,285] INFO: Iter 22000 Summary: 
[2025-01-06 09:01:45,285] INFO: 	 lr: 0.00030000000000000073 	 Training loss: 0.04140138376504183
[2025-01-06 09:02:01,562] INFO: Iter 22100 Summary: 
[2025-01-06 09:02:01,563] INFO: 	 lr: 0.00030000000000000073 	 Training loss: 0.040978092923760416
[2025-01-06 09:02:13,262] INFO: Iter 22200 Summary: 
[2025-01-06 09:02:13,262] INFO: 	 lr: 0.00030000000000000073 	 Training loss: 0.041018334366381165
[2025-01-06 09:02:25,876] INFO: Iter 22300 Summary: 
[2025-01-06 09:02:25,876] INFO: 	 lr: 0.00030000000000000073 	 Training loss: 0.041238003112375736
[2025-01-06 09:02:36,666] INFO: Iter 22400 Summary: 
[2025-01-06 09:02:36,666] INFO: 	 lr: 0.00030000000000000073 	 Training loss: 0.04141880828887224
[2025-01-06 09:02:47,736] INFO: Iter 22500 Summary: 
[2025-01-06 09:02:47,736] INFO: 	 lr: 0.00030000000000000073 	 Training loss: 0.041202552653849124
[2025-01-06 09:02:59,456] INFO: Iter 22600 Summary: 
[2025-01-06 09:02:59,456] INFO: 	 lr: 0.00030000000000000073 	 Training loss: 0.041065642088651655
[2025-01-06 09:03:11,131] INFO: Iter 22700 Summary: 
[2025-01-06 09:03:11,132] INFO: 	 lr: 0.00030000000000000073 	 Training loss: 0.04083802528679371
[2025-01-06 09:03:24,050] INFO: Iter 22800 Summary: 
[2025-01-06 09:03:24,050] INFO: 	 lr: 0.00030000000000000073 	 Training loss: 0.04083102282136679
[2025-01-06 09:03:36,006] INFO: Iter 22900 Summary: 
[2025-01-06 09:03:36,007] INFO: 	 lr: 0.00030000000000000073 	 Training loss: 0.041223817281425
[2025-01-06 09:03:47,879] INFO: Iter 23000 Summary: 
[2025-01-06 09:03:47,879] INFO: 	 lr: 0.00030000000000000073 	 Training loss: 0.04127367451786995
[2025-01-06 09:03:59,263] INFO: Iter 23100 Summary: 
[2025-01-06 09:03:59,263] INFO: 	 lr: 0.00030000000000000073 	 Training loss: 0.040757020823657515
[2025-01-06 09:04:09,680] INFO: Iter 23200 Summary: 
[2025-01-06 09:04:09,680] INFO: 	 lr: 0.00030000000000000073 	 Training loss: 0.04080889195203781
[2025-01-06 09:04:19,497] INFO: Iter 23300 Summary: 
[2025-01-06 09:04:19,498] INFO: 	 lr: 0.00030000000000000073 	 Training loss: 0.041244428642094134
[2025-01-06 09:04:31,447] INFO: Iter 23400 Summary: 
[2025-01-06 09:04:31,447] INFO: 	 lr: 0.00030000000000000073 	 Training loss: 0.04145437616854906
[2025-01-06 09:04:41,730] INFO: Iter 23500 Summary: 
[2025-01-06 09:04:41,731] INFO: 	 lr: 0.00030000000000000073 	 Training loss: 0.04075042128562927
[2025-01-06 09:04:54,499] INFO: Iter 23600 Summary: 
[2025-01-06 09:04:54,500] INFO: 	 lr: 0.00030000000000000073 	 Training loss: 0.04082565475255251
[2025-01-06 09:05:05,264] INFO: Iter 23700 Summary: 
[2025-01-06 09:05:05,265] INFO: 	 lr: 0.00030000000000000073 	 Training loss: 0.04096758283674717
[2025-01-06 09:05:15,371] INFO: Iter 23800 Summary: 
[2025-01-06 09:05:15,371] INFO: 	 lr: 0.00030000000000000073 	 Training loss: 0.040816186629235744
[2025-01-06 09:05:26,840] INFO: Iter 23900 Summary: 
[2025-01-06 09:05:26,840] INFO: 	 lr: 0.00030000000000000073 	 Training loss: 0.04088182367384434
[2025-01-06 09:05:36,892] INFO: Iter 24000 Summary: 
[2025-01-06 09:05:36,892] INFO: 	 lr: 0.00030000000000000073 	 Training loss: 0.04127447124570608
[2025-01-06 09:05:52,849] INFO: Iter 24100 Summary: 
[2025-01-06 09:05:52,849] INFO: 	 lr: 0.00030000000000000073 	 Training loss: 0.04105059046298266
[2025-01-06 09:06:04,945] INFO: Iter 24200 Summary: 
[2025-01-06 09:06:04,945] INFO: 	 lr: 0.00030000000000000073 	 Training loss: 0.041153504885733126
[2025-01-06 09:06:14,885] INFO: Iter 24300 Summary: 
[2025-01-06 09:06:14,885] INFO: 	 lr: 0.00030000000000000073 	 Training loss: 0.04073014572262764
[2025-01-06 09:06:24,956] INFO: Iter 24400 Summary: 
[2025-01-06 09:06:24,957] INFO: 	 lr: 0.00030000000000000073 	 Training loss: 0.041021747775375844
[2025-01-06 09:06:36,441] INFO: Iter 24500 Summary: 
[2025-01-06 09:06:36,441] INFO: 	 lr: 0.00030000000000000073 	 Training loss: 0.0410089061781764
[2025-01-06 09:06:47,896] INFO: Iter 24600 Summary: 
[2025-01-06 09:06:47,897] INFO: 	 lr: 0.00030000000000000073 	 Training loss: 0.04119920685887337
[2025-01-06 09:06:58,765] INFO: Iter 24700 Summary: 
[2025-01-06 09:06:58,765] INFO: 	 lr: 0.00030000000000000073 	 Training loss: 0.04092259623110294
[2025-01-06 09:07:10,862] INFO: Iter 24800 Summary: 
[2025-01-06 09:07:10,863] INFO: 	 lr: 0.00030000000000000073 	 Training loss: 0.040706156268715855
[2025-01-06 09:07:23,163] INFO: Iter 24900 Summary: 
[2025-01-06 09:07:23,163] INFO: 	 lr: 0.00030000000000000073 	 Training loss: 0.04094774924218655
[2025-01-06 09:07:34,347] INFO: Iter 25000 Summary: 
[2025-01-06 09:07:34,347] INFO: 	 lr: 0.00030000000000000073 	 Training loss: 0.04075706601142883
[2025-01-06 09:07:45,504] INFO: Iter 25100 Summary: 
[2025-01-06 09:07:45,504] INFO: 	 lr: 0.00030000000000000073 	 Training loss: 0.041004739962518216
[2025-01-06 09:07:57,903] INFO: Iter 25200 Summary: 
[2025-01-06 09:07:57,904] INFO: 	 lr: 0.00030000000000000073 	 Training loss: 0.04079860772937536
[2025-01-06 09:08:08,259] INFO: Iter 25300 Summary: 
[2025-01-06 09:08:08,259] INFO: 	 lr: 0.00030000000000000073 	 Training loss: 0.040776443406939505
[2025-01-06 09:08:19,833] INFO: Iter 25400 Summary: 
[2025-01-06 09:08:19,833] INFO: 	 lr: 0.00030000000000000073 	 Training loss: 0.040917845889925954
[2025-01-06 09:08:30,221] INFO: Iter 25500 Summary: 
[2025-01-06 09:08:30,222] INFO: 	 lr: 0.00030000000000000073 	 Training loss: 0.04081418402493
[2025-01-06 09:08:40,779] INFO: Iter 25600 Summary: 
[2025-01-06 09:08:40,779] INFO: 	 lr: 0.00030000000000000073 	 Training loss: 0.04059794560074806
[2025-01-06 09:08:51,079] INFO: Iter 25700 Summary: 
[2025-01-06 09:08:51,079] INFO: 	 lr: 0.00030000000000000073 	 Training loss: 0.04089428283274174
[2025-01-06 09:09:02,264] INFO: Iter 25800 Summary: 
[2025-01-06 09:09:02,265] INFO: 	 lr: 0.00030000000000000073 	 Training loss: 0.04081146564334631
[2025-01-06 09:09:13,844] INFO: Iter 25900 Summary: 
[2025-01-06 09:09:13,845] INFO: 	 lr: 0.00030000000000000073 	 Training loss: 0.04089576847851276
[2025-01-06 09:09:26,334] INFO: Iter 26000 Summary: 
[2025-01-06 09:09:26,334] INFO: 	 lr: 0.00030000000000000073 	 Training loss: 0.04103403255343437
[2025-01-06 09:09:42,216] INFO: Iter 26100 Summary: 
[2025-01-06 09:09:42,216] INFO: 	 lr: 0.00030000000000000073 	 Training loss: 0.040971056744456294
[2025-01-06 09:09:55,373] INFO: Iter 26200 Summary: 
[2025-01-06 09:09:55,373] INFO: 	 lr: 0.00030000000000000073 	 Training loss: 0.04078061323612928
[2025-01-06 09:10:05,998] INFO: Iter 26300 Summary: 
[2025-01-06 09:10:05,999] INFO: 	 lr: 0.00030000000000000073 	 Training loss: 0.040769893266260626
[2025-01-06 09:10:16,161] INFO: Iter 26400 Summary: 
[2025-01-06 09:10:16,161] INFO: 	 lr: 0.00030000000000000073 	 Training loss: 0.04074807472527027
[2025-01-06 09:10:27,939] INFO: Iter 26500 Summary: 
[2025-01-06 09:10:27,939] INFO: 	 lr: 0.00030000000000000073 	 Training loss: 0.04076635047793389
[2025-01-06 09:10:39,726] INFO: Iter 26600 Summary: 
[2025-01-06 09:10:39,727] INFO: 	 lr: 0.00030000000000000073 	 Training loss: 0.04081145536154509
[2025-01-06 09:10:50,303] INFO: Iter 26700 Summary: 
[2025-01-06 09:10:50,303] INFO: 	 lr: 0.00030000000000000073 	 Training loss: 0.04091796226799488
[2025-01-06 09:11:01,962] INFO: Iter 26800 Summary: 
[2025-01-06 09:11:01,962] INFO: 	 lr: 0.00030000000000000073 	 Training loss: 0.04095732167363167
[2025-01-06 09:11:14,495] INFO: Iter 26900 Summary: 
[2025-01-06 09:11:14,496] INFO: 	 lr: 0.00030000000000000073 	 Training loss: 0.04096914488822222
[2025-01-06 09:11:25,116] INFO: Iter 27000 Summary: 
[2025-01-06 09:11:25,117] INFO: 	 lr: 0.00030000000000000073 	 Training loss: 0.04057807169854641
[2025-01-06 09:11:37,411] INFO: Iter 27100 Summary: 
[2025-01-06 09:11:37,412] INFO: 	 lr: 0.00030000000000000073 	 Training loss: 0.040683116614818576
[2025-01-06 09:11:49,076] INFO: Iter 27200 Summary: 
[2025-01-06 09:11:49,077] INFO: 	 lr: 0.00030000000000000073 	 Training loss: 0.04057388540357351
[2025-01-06 09:12:01,607] INFO: Iter 27300 Summary: 
[2025-01-06 09:12:01,607] INFO: 	 lr: 0.00030000000000000073 	 Training loss: 0.04081392984837293
[2025-01-06 09:12:14,347] INFO: Iter 27400 Summary: 
[2025-01-06 09:12:14,348] INFO: 	 lr: 0.00030000000000000073 	 Training loss: 0.040737193897366526
[2025-01-06 09:12:25,771] INFO: Iter 27500 Summary: 
[2025-01-06 09:12:25,771] INFO: 	 lr: 0.00030000000000000073 	 Training loss: 0.04090750750154257
[2025-01-06 09:12:38,715] INFO: Iter 27600 Summary: 
[2025-01-06 09:12:38,715] INFO: 	 lr: 0.00030000000000000073 	 Training loss: 0.04082304380834103
[2025-01-06 09:12:51,059] INFO: Iter 27700 Summary: 
[2025-01-06 09:12:51,059] INFO: 	 lr: 0.00030000000000000073 	 Training loss: 0.040891953483223914
[2025-01-06 09:13:03,636] INFO: Iter 27800 Summary: 
[2025-01-06 09:13:03,636] INFO: 	 lr: 0.00030000000000000073 	 Training loss: 0.040506458580493926
[2025-01-06 09:13:16,548] INFO: Iter 27900 Summary: 
[2025-01-06 09:13:16,548] INFO: 	 lr: 0.00030000000000000073 	 Training loss: 0.040754837952554225
[2025-01-06 09:13:28,956] INFO: Iter 28000 Summary: 
[2025-01-06 09:13:28,956] INFO: 	 lr: 0.00030000000000000073 	 Training loss: 0.04060002930462361
[2025-01-06 09:13:42,143] INFO: Iter 28100 Summary: 
[2025-01-06 09:13:42,143] INFO: 	 lr: 0.00030000000000000073 	 Training loss: 0.04035664670169353
[2025-01-06 09:13:53,851] INFO: Iter 28200 Summary: 
[2025-01-06 09:13:53,851] INFO: 	 lr: 0.00030000000000000073 	 Training loss: 0.0408796763047576
[2025-01-06 09:14:05,032] INFO: Iter 28300 Summary: 
[2025-01-06 09:14:05,032] INFO: 	 lr: 0.00030000000000000073 	 Training loss: 0.04032181091606617
[2025-01-06 09:14:16,542] INFO: Iter 28400 Summary: 
[2025-01-06 09:14:16,542] INFO: 	 lr: 0.00030000000000000073 	 Training loss: 0.04052474733442068
[2025-01-06 09:14:27,139] INFO: Iter 28500 Summary: 
[2025-01-06 09:14:27,139] INFO: 	 lr: 0.00030000000000000073 	 Training loss: 0.04063516028225422
[2025-01-06 09:14:37,514] INFO: Iter 28600 Summary: 
[2025-01-06 09:14:37,514] INFO: 	 lr: 0.00030000000000000073 	 Training loss: 0.04065799821168184
[2025-01-06 09:14:48,289] INFO: Iter 28700 Summary: 
[2025-01-06 09:14:48,290] INFO: 	 lr: 0.00030000000000000073 	 Training loss: 0.04081954587250948
[2025-01-06 09:14:58,607] INFO: Iter 28800 Summary: 
[2025-01-06 09:14:58,607] INFO: 	 lr: 0.00030000000000000073 	 Training loss: 0.0408892422541976
[2025-01-06 09:15:08,503] INFO: Iter 28900 Summary: 
[2025-01-06 09:15:08,503] INFO: 	 lr: 0.00030000000000000073 	 Training loss: 0.040604392178356645
[2025-01-06 09:15:20,218] INFO: Iter 29000 Summary: 
[2025-01-06 09:15:20,219] INFO: 	 lr: 0.00030000000000000073 	 Training loss: 0.040334089249372485
[2025-01-06 09:15:29,829] INFO: Iter 29100 Summary: 
[2025-01-06 09:15:29,830] INFO: 	 lr: 0.00030000000000000073 	 Training loss: 0.0405229052901268
[2025-01-06 09:15:39,252] INFO: Iter 29200 Summary: 
[2025-01-06 09:15:39,253] INFO: 	 lr: 0.00030000000000000073 	 Training loss: 0.040506742671132086
[2025-01-06 09:15:49,857] INFO: Iter 29300 Summary: 
[2025-01-06 09:15:49,857] INFO: 	 lr: 0.00030000000000000073 	 Training loss: 0.04077029097825289
[2025-01-06 09:16:00,656] INFO: Iter 29400 Summary: 
[2025-01-06 09:16:00,657] INFO: 	 lr: 0.00030000000000000073 	 Training loss: 0.0403579704836011
[2025-01-06 09:16:12,007] INFO: Iter 29500 Summary: 
[2025-01-06 09:16:12,008] INFO: 	 lr: 0.00030000000000000073 	 Training loss: 0.04086768206208944
[2025-01-06 09:16:22,945] INFO: Iter 29600 Summary: 
[2025-01-06 09:16:22,945] INFO: 	 lr: 0.00030000000000000073 	 Training loss: 0.04053861401975155
[2025-01-06 09:16:33,202] INFO: Iter 29700 Summary: 
[2025-01-06 09:16:33,202] INFO: 	 lr: 0.00030000000000000073 	 Training loss: 0.040533438138663766
[2025-01-06 09:16:44,147] INFO: Iter 29800 Summary: 
[2025-01-06 09:16:44,147] INFO: 	 lr: 0.00030000000000000073 	 Training loss: 0.040205620266497134
[2025-01-06 09:16:54,348] INFO: Iter 29900 Summary: 
[2025-01-06 09:16:54,348] INFO: 	 lr: 0.00030000000000000073 	 Training loss: 0.04063118770718575
[2025-01-06 09:17:04,463] INFO: Iter 30000 Summary: 
[2025-01-06 09:17:04,463] INFO: 	 lr: 0.00030000000000000073 	 Training loss: 0.04090894035995007
[2025-01-06 09:17:18,056] INFO: Iter 30100 Summary: 
[2025-01-06 09:17:18,057] INFO: 	 lr: 1.2900000000000026e-05 	 Training loss: 0.03943940449506044
[2025-01-06 09:17:27,325] INFO: Iter 30200 Summary: 
[2025-01-06 09:17:27,326] INFO: 	 lr: 1.000000000000002e-05 	 Training loss: 0.03955849520862102
[2025-01-06 09:17:38,709] INFO: Iter 30300 Summary: 
[2025-01-06 09:17:38,710] INFO: 	 lr: 1.000000000000002e-05 	 Training loss: 0.03953958835452795
[2025-01-06 09:17:48,652] INFO: Iter 30400 Summary: 
[2025-01-06 09:17:48,652] INFO: 	 lr: 1.000000000000002e-05 	 Training loss: 0.03879634950309992
[2025-01-06 09:17:58,236] INFO: Iter 30500 Summary: 
[2025-01-06 09:17:58,236] INFO: 	 lr: 1.000000000000002e-05 	 Training loss: 0.0388840277120471
[2025-01-06 09:18:09,196] INFO: Iter 30600 Summary: 
[2025-01-06 09:18:09,196] INFO: 	 lr: 1.000000000000002e-05 	 Training loss: 0.03903059758245945
[2025-01-06 09:18:20,640] INFO: Iter 30700 Summary: 
[2025-01-06 09:18:20,641] INFO: 	 lr: 1.000000000000002e-05 	 Training loss: 0.03900658510625363
[2025-01-06 09:18:30,077] INFO: Iter 30800 Summary: 
[2025-01-06 09:18:30,077] INFO: 	 lr: 1.000000000000002e-05 	 Training loss: 0.03892667159438133
[2025-01-06 09:18:41,151] INFO: Iter 30900 Summary: 
[2025-01-06 09:18:41,151] INFO: 	 lr: 1.000000000000002e-05 	 Training loss: 0.03880568478256464
[2025-01-06 09:18:51,647] INFO: Iter 31000 Summary: 
[2025-01-06 09:18:51,648] INFO: 	 lr: 1.000000000000002e-05 	 Training loss: 0.03885067466646433
[2025-01-06 09:19:02,646] INFO: Iter 31100 Summary: 
[2025-01-06 09:19:02,646] INFO: 	 lr: 1.000000000000002e-05 	 Training loss: 0.03870899073779583
[2025-01-06 09:19:14,174] INFO: Iter 31200 Summary: 
[2025-01-06 09:19:14,174] INFO: 	 lr: 1.000000000000002e-05 	 Training loss: 0.03864571392536163
[2025-01-06 09:19:23,311] INFO: Iter 31300 Summary: 
[2025-01-06 09:19:23,311] INFO: 	 lr: 1.000000000000002e-05 	 Training loss: 0.03881849002093077
[2025-01-06 09:19:34,356] INFO: Iter 31400 Summary: 
[2025-01-06 09:19:34,357] INFO: 	 lr: 1.000000000000002e-05 	 Training loss: 0.03882509998977184
[2025-01-06 09:19:45,488] INFO: Iter 31500 Summary: 
[2025-01-06 09:19:45,488] INFO: 	 lr: 1.000000000000002e-05 	 Training loss: 0.038882997967302796
[2025-01-06 09:19:56,457] INFO: Iter 31600 Summary: 
[2025-01-06 09:19:56,457] INFO: 	 lr: 1.000000000000002e-05 	 Training loss: 0.038765236139297485
[2025-01-06 09:20:06,637] INFO: Iter 31700 Summary: 
[2025-01-06 09:20:06,638] INFO: 	 lr: 1.000000000000002e-05 	 Training loss: 0.0386142586171627
[2025-01-06 09:20:15,917] INFO: Iter 31800 Summary: 
[2025-01-06 09:20:15,917] INFO: 	 lr: 1.000000000000002e-05 	 Training loss: 0.0386885130032897
[2025-01-06 09:20:26,522] INFO: Iter 31900 Summary: 
[2025-01-06 09:20:26,522] INFO: 	 lr: 1.000000000000002e-05 	 Training loss: 0.038441389203071594
[2025-01-06 09:20:37,415] INFO: Iter 32000 Summary: 
[2025-01-06 09:20:37,416] INFO: 	 lr: 1.000000000000002e-05 	 Training loss: 0.038585626669228074
[2025-01-06 09:20:50,040] INFO: Iter 32100 Summary: 
[2025-01-06 09:20:50,041] INFO: 	 lr: 1.000000000000002e-05 	 Training loss: 0.038628819286823275
[2025-01-06 09:20:59,707] INFO: Iter 32200 Summary: 
[2025-01-06 09:20:59,707] INFO: 	 lr: 1.000000000000002e-05 	 Training loss: 0.038804944716393945
[2025-01-06 09:21:10,922] INFO: Iter 32300 Summary: 
[2025-01-06 09:21:10,922] INFO: 	 lr: 1.000000000000002e-05 	 Training loss: 0.03868311125785112
[2025-01-06 09:21:20,730] INFO: Iter 32400 Summary: 
[2025-01-06 09:21:20,731] INFO: 	 lr: 1.000000000000002e-05 	 Training loss: 0.0387769340723753
[2025-01-06 09:21:30,099] INFO: Iter 32500 Summary: 
[2025-01-06 09:21:30,099] INFO: 	 lr: 1.000000000000002e-05 	 Training loss: 0.038524176366627215
[2025-01-06 09:21:40,268] INFO: Iter 32600 Summary: 
[2025-01-06 09:21:40,268] INFO: 	 lr: 1.000000000000002e-05 	 Training loss: 0.03839316561818123
[2025-01-06 09:21:50,643] INFO: Iter 32700 Summary: 
[2025-01-06 09:21:50,643] INFO: 	 lr: 1.000000000000002e-05 	 Training loss: 0.03856133129447699
[2025-01-06 09:22:01,605] INFO: Iter 32800 Summary: 
[2025-01-06 09:22:01,605] INFO: 	 lr: 1.000000000000002e-05 	 Training loss: 0.03838460113853216
[2025-01-06 09:22:11,316] INFO: Iter 32900 Summary: 
[2025-01-06 09:22:11,316] INFO: 	 lr: 1.000000000000002e-05 	 Training loss: 0.038950690850615505
[2025-01-06 09:22:20,698] INFO: Iter 33000 Summary: 
[2025-01-06 09:22:20,698] INFO: 	 lr: 1.000000000000002e-05 	 Training loss: 0.038522598892450334
[2025-01-06 09:22:31,622] INFO: Iter 33100 Summary: 
[2025-01-06 09:22:31,623] INFO: 	 lr: 1.000000000000002e-05 	 Training loss: 0.03881845224648714
[2025-01-06 09:22:42,310] INFO: Iter 33200 Summary: 
[2025-01-06 09:22:42,311] INFO: 	 lr: 1.000000000000002e-05 	 Training loss: 0.03840416651219129
[2025-01-06 09:22:52,312] INFO: Iter 33300 Summary: 
[2025-01-06 09:22:52,312] INFO: 	 lr: 1.000000000000002e-05 	 Training loss: 0.03862214244902134
[2025-01-06 09:23:02,067] INFO: Iter 33400 Summary: 
[2025-01-06 09:23:02,068] INFO: 	 lr: 1.000000000000002e-05 	 Training loss: 0.03879757013171911
[2025-01-06 09:23:11,866] INFO: Iter 33500 Summary: 
[2025-01-06 09:23:11,866] INFO: 	 lr: 1.000000000000002e-05 	 Training loss: 0.03855022542178631
[2025-01-06 09:23:22,646] INFO: Iter 33600 Summary: 
[2025-01-06 09:23:22,646] INFO: 	 lr: 1.000000000000002e-05 	 Training loss: 0.03817359570413828
[2025-01-06 09:23:31,638] INFO: Iter 33700 Summary: 
[2025-01-06 09:23:31,639] INFO: 	 lr: 1.000000000000002e-05 	 Training loss: 0.0383778976649046
[2025-01-06 09:23:42,149] INFO: Iter 33800 Summary: 
[2025-01-06 09:23:42,150] INFO: 	 lr: 1.000000000000002e-05 	 Training loss: 0.03862988147884607
[2025-01-06 09:23:53,283] INFO: Iter 33900 Summary: 
[2025-01-06 09:23:53,283] INFO: 	 lr: 1.000000000000002e-05 	 Training loss: 0.038390525728464124
[2025-01-06 09:24:02,848] INFO: Iter 34000 Summary: 
[2025-01-06 09:24:02,848] INFO: 	 lr: 1.000000000000002e-05 	 Training loss: 0.03883845068514347
[2025-01-06 09:24:15,300] INFO: Iter 34100 Summary: 
[2025-01-06 09:24:15,300] INFO: 	 lr: 1.000000000000002e-05 	 Training loss: 0.038439223766326906
[2025-01-06 09:24:25,910] INFO: Iter 34200 Summary: 
[2025-01-06 09:24:25,911] INFO: 	 lr: 1.000000000000002e-05 	 Training loss: 0.038517417013645174
[2025-01-06 09:24:35,127] INFO: Iter 34300 Summary: 
[2025-01-06 09:24:35,127] INFO: 	 lr: 1.000000000000002e-05 	 Training loss: 0.03831328280270099
[2025-01-06 09:24:45,003] INFO: Iter 34400 Summary: 
[2025-01-06 09:24:45,004] INFO: 	 lr: 1.000000000000002e-05 	 Training loss: 0.03838955096900463
[2025-01-06 09:24:56,934] INFO: Iter 34500 Summary: 
[2025-01-06 09:24:56,934] INFO: 	 lr: 1.000000000000002e-05 	 Training loss: 0.03857949011027813
[2025-01-06 09:25:07,285] INFO: Iter 34600 Summary: 
[2025-01-06 09:25:07,285] INFO: 	 lr: 1.000000000000002e-05 	 Training loss: 0.03869851116091013
[2025-01-06 09:25:17,364] INFO: Iter 34700 Summary: 
[2025-01-06 09:25:17,364] INFO: 	 lr: 1.000000000000002e-05 	 Training loss: 0.038321601934731005
[2025-01-06 09:25:27,154] INFO: Iter 34800 Summary: 
[2025-01-06 09:25:27,155] INFO: 	 lr: 1.000000000000002e-05 	 Training loss: 0.03831397786736488
[2025-01-06 09:25:37,034] INFO: Iter 34900 Summary: 
[2025-01-06 09:25:37,034] INFO: 	 lr: 1.000000000000002e-05 	 Training loss: 0.03828416746109724
[2025-01-06 09:25:46,973] INFO: Iter 35000 Summary: 
[2025-01-06 09:25:46,974] INFO: 	 lr: 1.000000000000002e-05 	 Training loss: 0.03843886185437441
[2025-01-06 09:25:57,593] INFO: Iter 35100 Summary: 
[2025-01-06 09:25:57,594] INFO: 	 lr: 1.000000000000002e-05 	 Training loss: 0.03856686826795339
[2025-01-06 09:26:07,900] INFO: Iter 35200 Summary: 
[2025-01-06 09:26:07,901] INFO: 	 lr: 1.000000000000002e-05 	 Training loss: 0.038779959082603455
[2025-01-06 09:26:18,334] INFO: Iter 35300 Summary: 
[2025-01-06 09:26:18,335] INFO: 	 lr: 1.000000000000002e-05 	 Training loss: 0.03824268359690905
[2025-01-06 09:26:28,339] INFO: Iter 35400 Summary: 
[2025-01-06 09:26:28,340] INFO: 	 lr: 1.000000000000002e-05 	 Training loss: 0.03846412442624569
[2025-01-06 09:26:38,474] INFO: Iter 35500 Summary: 
[2025-01-06 09:26:38,475] INFO: 	 lr: 1.000000000000002e-05 	 Training loss: 0.03804525636136532
[2025-01-06 09:26:48,948] INFO: Iter 35600 Summary: 
[2025-01-06 09:26:48,948] INFO: 	 lr: 1.000000000000002e-05 	 Training loss: 0.03866931989789009
[2025-01-06 09:27:00,080] INFO: Iter 35700 Summary: 
[2025-01-06 09:27:00,080] INFO: 	 lr: 1.000000000000002e-05 	 Training loss: 0.03850432336330414
[2025-01-06 09:27:09,690] INFO: Iter 35800 Summary: 
[2025-01-06 09:27:09,691] INFO: 	 lr: 1.000000000000002e-05 	 Training loss: 0.03831938609480858
[2025-01-06 09:27:21,169] INFO: Iter 35900 Summary: 
[2025-01-06 09:27:21,170] INFO: 	 lr: 1.000000000000002e-05 	 Training loss: 0.0384187488630414
[2025-01-06 09:27:31,450] INFO: Iter 36000 Summary: 
[2025-01-06 09:27:31,451] INFO: 	 lr: 1.000000000000002e-05 	 Training loss: 0.03829062573611736
[2025-01-06 09:27:45,415] INFO: Iter 36100 Summary: 
[2025-01-06 09:27:45,416] INFO: 	 lr: 1.000000000000002e-05 	 Training loss: 0.038352720700204374
[2025-01-06 09:27:56,823] INFO: Iter 36200 Summary: 
[2025-01-06 09:27:56,823] INFO: 	 lr: 1.000000000000002e-05 	 Training loss: 0.03834160640835762
[2025-01-06 09:28:07,526] INFO: Iter 36300 Summary: 
[2025-01-06 09:28:07,527] INFO: 	 lr: 1.000000000000002e-05 	 Training loss: 0.038130367398262026
[2025-01-06 09:28:17,977] INFO: Iter 36400 Summary: 
[2025-01-06 09:28:17,978] INFO: 	 lr: 1.000000000000002e-05 	 Training loss: 0.03873106550425291
[2025-01-06 09:28:28,771] INFO: Iter 36500 Summary: 
[2025-01-06 09:28:28,771] INFO: 	 lr: 1.000000000000002e-05 	 Training loss: 0.03839454062283039
[2025-01-06 09:28:38,877] INFO: Iter 36600 Summary: 
[2025-01-06 09:28:38,877] INFO: 	 lr: 1.000000000000002e-05 	 Training loss: 0.038420230969786646
[2025-01-06 09:28:50,138] INFO: Iter 36700 Summary: 
[2025-01-06 09:28:50,138] INFO: 	 lr: 1.000000000000002e-05 	 Training loss: 0.03849801413714886
[2025-01-06 09:29:01,286] INFO: Iter 36800 Summary: 
[2025-01-06 09:29:01,287] INFO: 	 lr: 1.000000000000002e-05 	 Training loss: 0.038153085224330426
[2025-01-06 09:29:12,031] INFO: Iter 36900 Summary: 
[2025-01-06 09:29:12,032] INFO: 	 lr: 1.000000000000002e-05 	 Training loss: 0.038387824594974515
[2025-01-06 09:29:22,524] INFO: Iter 37000 Summary: 
[2025-01-06 09:29:22,524] INFO: 	 lr: 1.000000000000002e-05 	 Training loss: 0.038368251733481885
[2025-01-06 09:29:32,409] INFO: Iter 37100 Summary: 
[2025-01-06 09:29:32,410] INFO: 	 lr: 1.000000000000002e-05 	 Training loss: 0.03885075133293867
[2025-01-06 09:29:43,047] INFO: Iter 37200 Summary: 
[2025-01-06 09:29:43,048] INFO: 	 lr: 1.000000000000002e-05 	 Training loss: 0.03808723520487547
[2025-01-06 09:29:54,235] INFO: Iter 37300 Summary: 
[2025-01-06 09:29:54,236] INFO: 	 lr: 1.000000000000002e-05 	 Training loss: 0.038184609338641165
[2025-01-06 09:30:05,483] INFO: Iter 37400 Summary: 
[2025-01-06 09:30:05,484] INFO: 	 lr: 1.000000000000002e-05 	 Training loss: 0.03856595396995544
[2025-01-06 09:30:15,554] INFO: Iter 37500 Summary: 
[2025-01-06 09:30:15,554] INFO: 	 lr: 1.000000000000002e-05 	 Training loss: 0.038282574974000456
[2025-01-06 09:30:25,606] INFO: Iter 37600 Summary: 
[2025-01-06 09:30:25,606] INFO: 	 lr: 1.000000000000002e-05 	 Training loss: 0.038339651077985766
[2025-01-06 09:30:35,315] INFO: Iter 37700 Summary: 
[2025-01-06 09:30:35,315] INFO: 	 lr: 1.000000000000002e-05 	 Training loss: 0.03841076847165823
[2025-01-06 09:30:44,293] INFO: Iter 37800 Summary: 
[2025-01-06 09:30:44,294] INFO: 	 lr: 1.000000000000002e-05 	 Training loss: 0.0383104482665658
[2025-01-06 09:30:55,390] INFO: Iter 37900 Summary: 
[2025-01-06 09:30:55,391] INFO: 	 lr: 1.000000000000002e-05 	 Training loss: 0.03843246910721063
[2025-01-06 09:31:06,178] INFO: Iter 38000 Summary: 
[2025-01-06 09:31:06,178] INFO: 	 lr: 1.000000000000002e-05 	 Training loss: 0.03852452259510755
[2025-01-06 09:31:19,157] INFO: Iter 38100 Summary: 
[2025-01-06 09:31:19,158] INFO: 	 lr: 1.000000000000002e-05 	 Training loss: 0.038320630677044394
[2025-01-06 09:31:29,068] INFO: Iter 38200 Summary: 
[2025-01-06 09:31:29,068] INFO: 	 lr: 1.000000000000002e-05 	 Training loss: 0.03818501114845276
[2025-01-06 09:31:40,254] INFO: Iter 38300 Summary: 
[2025-01-06 09:31:40,255] INFO: 	 lr: 1.000000000000002e-05 	 Training loss: 0.03836599908769131
[2025-01-06 09:31:51,263] INFO: Iter 38400 Summary: 
[2025-01-06 09:31:51,263] INFO: 	 lr: 1.000000000000002e-05 	 Training loss: 0.0383266931772232
[2025-01-06 09:32:01,964] INFO: Iter 38500 Summary: 
[2025-01-06 09:32:01,964] INFO: 	 lr: 1.000000000000002e-05 	 Training loss: 0.03831049744039774
[2025-01-06 09:32:12,064] INFO: Iter 38600 Summary: 
[2025-01-06 09:32:12,064] INFO: 	 lr: 1.000000000000002e-05 	 Training loss: 0.038308639749884604
[2025-01-06 09:32:21,302] INFO: Iter 38700 Summary: 
[2025-01-06 09:32:21,302] INFO: 	 lr: 1.000000000000002e-05 	 Training loss: 0.03834913901984691
[2025-01-06 09:32:31,240] INFO: Iter 38800 Summary: 
[2025-01-06 09:32:31,241] INFO: 	 lr: 1.000000000000002e-05 	 Training loss: 0.03829789198935032
[2025-01-06 09:32:41,878] INFO: Iter 38900 Summary: 
[2025-01-06 09:32:41,878] INFO: 	 lr: 1.000000000000002e-05 	 Training loss: 0.0381550233438611
[2025-01-06 09:32:51,942] INFO: Iter 39000 Summary: 
[2025-01-06 09:32:51,942] INFO: 	 lr: 1.000000000000002e-05 	 Training loss: 0.038180937692523
[2025-01-06 09:33:01,882] INFO: Iter 39100 Summary: 
[2025-01-06 09:33:01,883] INFO: 	 lr: 1.000000000000002e-05 	 Training loss: 0.03824818156659603
[2025-01-06 09:33:12,647] INFO: Iter 39200 Summary: 
[2025-01-06 09:33:12,648] INFO: 	 lr: 1.000000000000002e-05 	 Training loss: 0.0384128862246871
[2025-01-06 09:33:22,980] INFO: Iter 39300 Summary: 
[2025-01-06 09:33:22,981] INFO: 	 lr: 1.000000000000002e-05 	 Training loss: 0.03835020255297422
[2025-01-06 09:33:34,525] INFO: Iter 39400 Summary: 
[2025-01-06 09:33:34,525] INFO: 	 lr: 1.000000000000002e-05 	 Training loss: 0.03814201042056084
[2025-01-06 09:33:44,736] INFO: Iter 39500 Summary: 
[2025-01-06 09:33:44,736] INFO: 	 lr: 1.000000000000002e-05 	 Training loss: 0.03786102533340454
[2025-01-06 09:33:55,224] INFO: Iter 39600 Summary: 
[2025-01-06 09:33:55,224] INFO: 	 lr: 1.000000000000002e-05 	 Training loss: 0.038329092524945735
[2025-01-06 09:34:06,156] INFO: Iter 39700 Summary: 
[2025-01-06 09:34:06,156] INFO: 	 lr: 1.000000000000002e-05 	 Training loss: 0.03855493981391191
[2025-01-06 09:34:15,838] INFO: Iter 39800 Summary: 
[2025-01-06 09:34:15,839] INFO: 	 lr: 1.000000000000002e-05 	 Training loss: 0.03807139031589031
[2025-01-06 09:34:25,905] INFO: Iter 39900 Summary: 
[2025-01-06 09:34:25,905] INFO: 	 lr: 1.000000000000002e-05 	 Training loss: 0.03805499520152807
[2025-01-06 09:34:37,533] INFO: Iter 40000 Summary: 
[2025-01-06 09:34:37,533] INFO: 	 lr: 1.000000000000002e-05 	 Training loss: 0.03805791262537241
