[2024-12-16 10:08:24,917] INFO: {
    "abs_dir": "/home/diwang/siMLPe/exps/baseline_h36m",
    "batch_size": 256,
    "cos_lr_max": 1e-05,
    "cos_lr_min": 5e-08,
    "cos_lr_total_iters": 40000,
    "data_aug": true,
    "deriv_input": true,
    "deriv_output": true,
    "h36m_anno_dir": "/home/diwang/siMLPe/data/h36m/",
    "link_log_file": "/home/diwang/siMLPe/exps/baseline_h36m/log/log_last.log",
    "link_val_log_file": "/home/diwang/siMLPe/exps/baseline_h36m/log/val_last.log",
    "log_dir": "/home/diwang/siMLPe/exps/baseline_h36m/log",
    "log_file": "/home/diwang/siMLPe/exps/baseline_h36m/log/log_2024_12_16_10_08_03.log",
    "model_pth": null,
    "motion": {
        "dim": 66,
        "h36m_input_length": 125,
        "h36m_input_length_dct": 125,
        "h36m_target_length": 125,
        "h36m_target_length_eval": 25,
        "h36m_target_length_train": 125
    },
    "motion_fc_in": {
        "activation": "relu",
        "in_features": 66,
        "init_w_trunc_normal": false,
        "out_features": 66,
        "temporal_fc": false,
        "with_norm": false
    },
    "motion_fc_out": {
        "activation": "relu",
        "in_features": 66,
        "init_w_trunc_normal": true,
        "out_features": 66,
        "temporal_fc": false,
        "with_norm": false
    },
    "motion_mlp": {
        "hidden_dim": 66,
        "norm_axis": "spatial",
        "num_layers": 48,
        "seq_len": 125,
        "spatial_fc_only": false,
        "with_normalization": true
    },
    "num_workers": 8,
    "post_dct": false,
    "pre_dct": false,
    "print_every": 100,
    "repo_name": "siMLPe",
    "root_dir": "/home/diwang/siMLPe",
    "save_every": 5000,
    "seed": 304,
    "shift_step": 1,
    "snapshot_dir": "/home/diwang/siMLPe/exps/baseline_h36m/log/snapshot",
    "this_dir": "baseline_h36m",
    "use_relative_loss": true,
    "val_log_file": "/home/diwang/siMLPe/exps/baseline_h36m/log/val_2024_12_16_10_08_03.log",
    "weight_decay": 0.0001
}
[2024-12-16 10:08:35,167] INFO: Iter 100 Summary: 
[2024-12-16 10:08:35,168] INFO: 	 lr: 0.00030000000000000073 	 Training loss: 0.21144927456974982
[2024-12-16 10:08:42,464] INFO: Iter 200 Summary: 
[2024-12-16 10:08:42,464] INFO: 	 lr: 0.00030000000000000073 	 Training loss: 0.19808853000402452
[2024-12-16 10:08:49,836] INFO: Iter 300 Summary: 
[2024-12-16 10:08:49,836] INFO: 	 lr: 0.00030000000000000073 	 Training loss: 0.19490725055336952
[2024-12-16 10:08:57,214] INFO: Iter 400 Summary: 
[2024-12-16 10:08:57,215] INFO: 	 lr: 0.00030000000000000073 	 Training loss: 0.19236026614904403
[2024-12-16 10:09:04,399] INFO: Iter 500 Summary: 
[2024-12-16 10:09:04,399] INFO: 	 lr: 0.00030000000000000073 	 Training loss: 0.1810630464553833
[2024-12-16 10:09:12,810] INFO: Iter 600 Summary: 
[2024-12-16 10:09:12,811] INFO: 	 lr: 0.00030000000000000073 	 Training loss: 0.17459793254733086
[2024-12-16 10:09:19,961] INFO: Iter 700 Summary: 
[2024-12-16 10:09:19,962] INFO: 	 lr: 0.00030000000000000073 	 Training loss: 0.17094149723649024
[2024-12-16 10:09:27,175] INFO: Iter 800 Summary: 
[2024-12-16 10:09:27,176] INFO: 	 lr: 0.00030000000000000073 	 Training loss: 0.1700908349454403
[2024-12-16 10:09:34,388] INFO: Iter 900 Summary: 
[2024-12-16 10:09:34,388] INFO: 	 lr: 0.00030000000000000073 	 Training loss: 0.16855967059731483
[2024-12-16 10:09:41,609] INFO: Iter 1000 Summary: 
[2024-12-16 10:09:41,609] INFO: 	 lr: 0.00030000000000000073 	 Training loss: 0.16831042245030403
[2024-12-16 10:09:48,726] INFO: Iter 1100 Summary: 
[2024-12-16 10:09:48,726] INFO: 	 lr: 0.00030000000000000073 	 Training loss: 0.1668660658597946
[2024-12-16 10:09:57,167] INFO: Iter 1200 Summary: 
[2024-12-16 10:09:57,168] INFO: 	 lr: 0.00030000000000000073 	 Training loss: 0.16612064272165297
[2024-12-16 10:10:04,337] INFO: Iter 1300 Summary: 
[2024-12-16 10:10:04,337] INFO: 	 lr: 0.00030000000000000073 	 Training loss: 0.16567313507199288
[2024-12-16 10:10:11,563] INFO: Iter 1400 Summary: 
[2024-12-16 10:10:11,563] INFO: 	 lr: 0.00030000000000000073 	 Training loss: 0.16514175847172738
[2024-12-16 10:10:18,333] INFO: Iter 1500 Summary: 
[2024-12-16 10:10:18,333] INFO: 	 lr: 0.00030000000000000073 	 Training loss: 0.16443583518266677
[2024-12-16 10:10:25,018] INFO: Iter 1600 Summary: 
[2024-12-16 10:10:25,019] INFO: 	 lr: 0.00030000000000000073 	 Training loss: 0.16520872265100478
[2024-12-16 10:10:31,631] INFO: Iter 1700 Summary: 
[2024-12-16 10:10:31,631] INFO: 	 lr: 0.00030000000000000073 	 Training loss: 0.16404401481151581
[2024-12-16 10:10:39,495] INFO: Iter 1800 Summary: 
[2024-12-16 10:10:39,496] INFO: 	 lr: 0.00030000000000000073 	 Training loss: 0.16396552860736846
[2024-12-16 10:10:46,153] INFO: Iter 1900 Summary: 
[2024-12-16 10:10:46,154] INFO: 	 lr: 0.00030000000000000073 	 Training loss: 0.16326620817184448
[2024-12-16 10:10:52,795] INFO: Iter 2000 Summary: 
[2024-12-16 10:10:52,795] INFO: 	 lr: 0.00030000000000000073 	 Training loss: 0.16363800644874574
[2024-12-16 10:10:59,444] INFO: Iter 2100 Summary: 
[2024-12-16 10:10:59,444] INFO: 	 lr: 0.00030000000000000073 	 Training loss: 0.16347009181976319
[2024-12-16 10:11:06,090] INFO: Iter 2200 Summary: 
[2024-12-16 10:11:06,090] INFO: 	 lr: 0.00030000000000000073 	 Training loss: 0.16341478765010833
[2024-12-16 10:11:12,764] INFO: Iter 2300 Summary: 
[2024-12-16 10:11:12,764] INFO: 	 lr: 0.00030000000000000073 	 Training loss: 0.16199061632156372
[2024-12-16 10:11:20,932] INFO: Iter 2400 Summary: 
[2024-12-16 10:11:20,932] INFO: 	 lr: 0.00030000000000000073 	 Training loss: 0.1619223400950432
[2024-12-16 10:11:27,594] INFO: Iter 2500 Summary: 
[2024-12-16 10:11:27,595] INFO: 	 lr: 0.00030000000000000073 	 Training loss: 0.16237799018621446
[2024-12-16 10:11:34,262] INFO: Iter 2600 Summary: 
[2024-12-16 10:11:34,262] INFO: 	 lr: 0.00030000000000000073 	 Training loss: 0.1619143794476986
[2024-12-16 10:11:40,926] INFO: Iter 2700 Summary: 
[2024-12-16 10:11:40,926] INFO: 	 lr: 0.00030000000000000073 	 Training loss: 0.1624521544575691
[2024-12-16 10:11:47,628] INFO: Iter 2800 Summary: 
[2024-12-16 10:11:47,628] INFO: 	 lr: 0.00030000000000000073 	 Training loss: 0.1613935661315918
[2024-12-16 10:11:55,828] INFO: Iter 2900 Summary: 
[2024-12-16 10:11:55,828] INFO: 	 lr: 0.00030000000000000073 	 Training loss: 0.16178325548768044
[2024-12-16 10:12:02,483] INFO: Iter 3000 Summary: 
[2024-12-16 10:12:02,483] INFO: 	 lr: 0.00030000000000000073 	 Training loss: 0.16239190950989724
[2024-12-16 10:12:09,129] INFO: Iter 3100 Summary: 
[2024-12-16 10:12:09,129] INFO: 	 lr: 0.00030000000000000073 	 Training loss: 0.16149257466197015
[2024-12-16 10:12:15,801] INFO: Iter 3200 Summary: 
[2024-12-16 10:12:15,801] INFO: 	 lr: 0.00030000000000000073 	 Training loss: 0.16196361020207406
[2024-12-16 10:12:22,452] INFO: Iter 3300 Summary: 
[2024-12-16 10:12:22,452] INFO: 	 lr: 0.00030000000000000073 	 Training loss: 0.16164871513843537
[2024-12-16 10:12:29,084] INFO: Iter 3400 Summary: 
[2024-12-16 10:12:29,084] INFO: 	 lr: 0.00030000000000000073 	 Training loss: 0.16042543232440948
[2024-12-16 10:12:36,710] INFO: Iter 3500 Summary: 
[2024-12-16 10:12:36,710] INFO: 	 lr: 0.00030000000000000073 	 Training loss: 0.16146370708942415
[2024-12-16 10:12:43,367] INFO: Iter 3600 Summary: 
[2024-12-16 10:12:43,368] INFO: 	 lr: 0.00030000000000000073 	 Training loss: 0.1613514843583107
[2024-12-16 10:12:50,006] INFO: Iter 3700 Summary: 
[2024-12-16 10:12:50,006] INFO: 	 lr: 0.00030000000000000073 	 Training loss: 0.16144754573702813
[2024-12-16 10:12:56,657] INFO: Iter 3800 Summary: 
[2024-12-16 10:12:56,657] INFO: 	 lr: 0.00030000000000000073 	 Training loss: 0.16051632672548294
[2024-12-16 10:13:03,217] INFO: Iter 3900 Summary: 
[2024-12-16 10:13:03,217] INFO: 	 lr: 0.00030000000000000073 	 Training loss: 0.1606537353992462
[2024-12-16 10:13:09,859] INFO: Iter 4000 Summary: 
[2024-12-16 10:13:09,859] INFO: 	 lr: 0.00030000000000000073 	 Training loss: 0.16147131741046905
[2024-12-16 10:13:17,338] INFO: Iter 4100 Summary: 
[2024-12-16 10:13:17,339] INFO: 	 lr: 0.00030000000000000073 	 Training loss: 0.16109195545315744
[2024-12-16 10:13:23,745] INFO: Iter 4200 Summary: 
[2024-12-16 10:13:23,746] INFO: 	 lr: 0.00030000000000000073 	 Training loss: 0.16076140493154525
[2024-12-16 10:13:30,385] INFO: Iter 4300 Summary: 
[2024-12-16 10:13:30,385] INFO: 	 lr: 0.00030000000000000073 	 Training loss: 0.16024800390005112
[2024-12-16 10:13:37,041] INFO: Iter 4400 Summary: 
[2024-12-16 10:13:37,041] INFO: 	 lr: 0.00030000000000000073 	 Training loss: 0.1608081616461277
[2024-12-16 10:13:43,695] INFO: Iter 4500 Summary: 
[2024-12-16 10:13:43,695] INFO: 	 lr: 0.00030000000000000073 	 Training loss: 0.16175193935632706
[2024-12-16 10:13:50,348] INFO: Iter 4600 Summary: 
[2024-12-16 10:13:50,348] INFO: 	 lr: 0.00030000000000000073 	 Training loss: 0.16016667768359183
[2024-12-16 10:13:58,434] INFO: Iter 4700 Summary: 
[2024-12-16 10:13:58,434] INFO: 	 lr: 0.00030000000000000073 	 Training loss: 0.16094959393143654
[2024-12-16 10:14:05,063] INFO: Iter 4800 Summary: 
[2024-12-16 10:14:05,063] INFO: 	 lr: 0.00030000000000000073 	 Training loss: 0.16073565691709518
[2024-12-16 10:14:11,708] INFO: Iter 4900 Summary: 
[2024-12-16 10:14:11,708] INFO: 	 lr: 0.00030000000000000073 	 Training loss: 0.16022018060088158
[2024-12-16 10:14:18,358] INFO: Iter 5000 Summary: 
[2024-12-16 10:14:18,358] INFO: 	 lr: 0.00030000000000000073 	 Training loss: 0.16033193334937096
[2024-12-16 10:14:26,523] INFO: Iter 5100 Summary: 
[2024-12-16 10:14:26,523] INFO: 	 lr: 0.00030000000000000073 	 Training loss: 0.15967956110835074
[2024-12-16 10:14:34,633] INFO: Iter 5200 Summary: 
[2024-12-16 10:14:34,633] INFO: 	 lr: 0.00030000000000000073 	 Training loss: 0.16060096740722657
[2024-12-16 10:14:41,206] INFO: Iter 5300 Summary: 
[2024-12-16 10:14:41,207] INFO: 	 lr: 0.00030000000000000073 	 Training loss: 0.16066242575645448
[2024-12-16 10:14:47,850] INFO: Iter 5400 Summary: 
[2024-12-16 10:14:47,851] INFO: 	 lr: 0.00030000000000000073 	 Training loss: 0.16031367421150208
[2024-12-16 10:14:54,499] INFO: Iter 5500 Summary: 
[2024-12-16 10:14:54,499] INFO: 	 lr: 0.00030000000000000073 	 Training loss: 0.16030817121267318
[2024-12-16 10:15:00,413] INFO: Iter 5600 Summary: 
[2024-12-16 10:15:00,413] INFO: 	 lr: 0.00030000000000000073 	 Training loss: 0.15939706757664682
[2024-12-16 10:15:07,037] INFO: Iter 5700 Summary: 
[2024-12-16 10:15:07,038] INFO: 	 lr: 0.00030000000000000073 	 Training loss: 0.16011190593242644
[2024-12-16 10:15:15,109] INFO: Iter 5800 Summary: 
[2024-12-16 10:15:15,110] INFO: 	 lr: 0.00030000000000000073 	 Training loss: 0.1602451266348362
[2024-12-16 10:15:21,753] INFO: Iter 5900 Summary: 
[2024-12-16 10:15:21,753] INFO: 	 lr: 0.00030000000000000073 	 Training loss: 0.1595481812953949
[2024-12-16 10:15:28,389] INFO: Iter 6000 Summary: 
[2024-12-16 10:15:28,390] INFO: 	 lr: 0.00030000000000000073 	 Training loss: 0.15991593167185783
[2024-12-16 10:15:35,027] INFO: Iter 6100 Summary: 
[2024-12-16 10:15:35,028] INFO: 	 lr: 0.00030000000000000073 	 Training loss: 0.15939514309167863
[2024-12-16 10:15:41,664] INFO: Iter 6200 Summary: 
[2024-12-16 10:15:41,664] INFO: 	 lr: 0.00030000000000000073 	 Training loss: 0.15998089402914048
[2024-12-16 10:15:48,293] INFO: Iter 6300 Summary: 
[2024-12-16 10:15:48,293] INFO: 	 lr: 0.00030000000000000073 	 Training loss: 0.15946153715252875
[2024-12-16 10:15:56,628] INFO: Iter 6400 Summary: 
[2024-12-16 10:15:56,629] INFO: 	 lr: 0.00030000000000000073 	 Training loss: 0.15961514353752138
[2024-12-16 10:16:04,069] INFO: Iter 6500 Summary: 
[2024-12-16 10:16:04,069] INFO: 	 lr: 0.00030000000000000073 	 Training loss: 0.15970025971531868
[2024-12-16 10:16:11,712] INFO: Iter 6600 Summary: 
[2024-12-16 10:16:11,712] INFO: 	 lr: 0.00030000000000000073 	 Training loss: 0.1593553026020527
[2024-12-16 10:16:19,340] INFO: Iter 6700 Summary: 
[2024-12-16 10:16:19,340] INFO: 	 lr: 0.00030000000000000073 	 Training loss: 0.1587150876224041
[2024-12-16 10:16:26,885] INFO: Iter 6800 Summary: 
[2024-12-16 10:16:26,886] INFO: 	 lr: 0.00030000000000000073 	 Training loss: 0.15921597555279732
[2024-12-16 10:16:33,632] INFO: Iter 6900 Summary: 
[2024-12-16 10:16:33,632] INFO: 	 lr: 0.00030000000000000073 	 Training loss: 0.15863278076052667
[2024-12-16 10:16:41,662] INFO: Iter 7000 Summary: 
[2024-12-16 10:16:41,662] INFO: 	 lr: 0.00030000000000000073 	 Training loss: 0.15869085133075714
[2024-12-16 10:16:47,643] INFO: Iter 7100 Summary: 
[2024-12-16 10:16:47,644] INFO: 	 lr: 0.00030000000000000073 	 Training loss: 0.15811787962913512
[2024-12-16 10:16:54,181] INFO: Iter 7200 Summary: 
[2024-12-16 10:16:54,182] INFO: 	 lr: 0.00030000000000000073 	 Training loss: 0.1583738125860691
[2024-12-16 10:17:00,847] INFO: Iter 7300 Summary: 
[2024-12-16 10:17:00,847] INFO: 	 lr: 0.00030000000000000073 	 Training loss: 0.15896055743098259
[2024-12-16 10:17:07,496] INFO: Iter 7400 Summary: 
[2024-12-16 10:17:07,497] INFO: 	 lr: 0.00030000000000000073 	 Training loss: 0.15838445708155632
[2024-12-16 10:17:14,158] INFO: Iter 7500 Summary: 
[2024-12-16 10:17:14,158] INFO: 	 lr: 0.00030000000000000073 	 Training loss: 0.1585853335261345
[2024-12-16 10:17:22,161] INFO: Iter 7600 Summary: 
[2024-12-16 10:17:22,162] INFO: 	 lr: 0.00030000000000000073 	 Training loss: 0.15902718842029573
[2024-12-16 10:17:28,833] INFO: Iter 7700 Summary: 
[2024-12-16 10:17:28,833] INFO: 	 lr: 0.00030000000000000073 	 Training loss: 0.158653394728899
[2024-12-16 10:17:35,483] INFO: Iter 7800 Summary: 
[2024-12-16 10:17:35,483] INFO: 	 lr: 0.00030000000000000073 	 Training loss: 0.15797757238149643
[2024-12-16 10:17:42,135] INFO: Iter 7900 Summary: 
[2024-12-16 10:17:42,135] INFO: 	 lr: 0.00030000000000000073 	 Training loss: 0.15709039255976676
[2024-12-16 10:17:48,776] INFO: Iter 8000 Summary: 
[2024-12-16 10:17:48,776] INFO: 	 lr: 0.00030000000000000073 	 Training loss: 0.1581582646071911
[2024-12-16 10:17:56,819] INFO: Iter 8100 Summary: 
[2024-12-16 10:17:56,819] INFO: 	 lr: 0.00030000000000000073 	 Training loss: 0.15705907583236695
[2024-12-16 10:18:03,469] INFO: Iter 8200 Summary: 
[2024-12-16 10:18:03,469] INFO: 	 lr: 0.00030000000000000073 	 Training loss: 0.1572970727086067
[2024-12-16 10:18:10,099] INFO: Iter 8300 Summary: 
[2024-12-16 10:18:10,100] INFO: 	 lr: 0.00030000000000000073 	 Training loss: 0.15775310903787612
[2024-12-16 10:18:16,814] INFO: Iter 8400 Summary: 
[2024-12-16 10:18:16,814] INFO: 	 lr: 0.00030000000000000073 	 Training loss: 0.15780372977256774
[2024-12-16 10:18:23,240] INFO: Iter 8500 Summary: 
[2024-12-16 10:18:23,240] INFO: 	 lr: 0.00030000000000000073 	 Training loss: 0.157421318590641
[2024-12-16 10:18:29,187] INFO: Iter 8600 Summary: 
[2024-12-16 10:18:29,187] INFO: 	 lr: 0.00030000000000000073 	 Training loss: 0.15646475672721863
[2024-12-16 10:18:37,127] INFO: Iter 8700 Summary: 
[2024-12-16 10:18:37,127] INFO: 	 lr: 0.00030000000000000073 	 Training loss: 0.15643971562385559
[2024-12-16 10:18:43,784] INFO: Iter 8800 Summary: 
[2024-12-16 10:18:43,784] INFO: 	 lr: 0.00030000000000000073 	 Training loss: 0.15678640067577362
[2024-12-16 10:18:50,432] INFO: Iter 8900 Summary: 
[2024-12-16 10:18:50,432] INFO: 	 lr: 0.00030000000000000073 	 Training loss: 0.15591791927814483
[2024-12-16 10:18:57,073] INFO: Iter 9000 Summary: 
[2024-12-16 10:18:57,073] INFO: 	 lr: 0.00030000000000000073 	 Training loss: 0.1567188896238804
[2024-12-16 10:19:03,740] INFO: Iter 9100 Summary: 
[2024-12-16 10:19:03,740] INFO: 	 lr: 0.00030000000000000073 	 Training loss: 0.1556352025270462
[2024-12-16 10:19:10,383] INFO: Iter 9200 Summary: 
[2024-12-16 10:19:10,383] INFO: 	 lr: 0.00030000000000000073 	 Training loss: 0.1560703332722187
[2024-12-16 10:19:18,377] INFO: Iter 9300 Summary: 
[2024-12-16 10:19:18,378] INFO: 	 lr: 0.00030000000000000073 	 Training loss: 0.15546557754278184
[2024-12-16 10:19:25,296] INFO: Iter 9400 Summary: 
[2024-12-16 10:19:25,296] INFO: 	 lr: 0.00030000000000000073 	 Training loss: 0.15520041704177856
[2024-12-16 10:19:32,029] INFO: Iter 9500 Summary: 
[2024-12-16 10:19:32,029] INFO: 	 lr: 0.00030000000000000073 	 Training loss: 0.1563976700603962
[2024-12-16 10:19:38,671] INFO: Iter 9600 Summary: 
[2024-12-16 10:19:38,672] INFO: 	 lr: 0.00030000000000000073 	 Training loss: 0.15562354087829589
[2024-12-16 10:19:45,320] INFO: Iter 9700 Summary: 
[2024-12-16 10:19:45,320] INFO: 	 lr: 0.00030000000000000073 	 Training loss: 0.15519140034914017
[2024-12-16 10:19:52,013] INFO: Iter 9800 Summary: 
[2024-12-16 10:19:52,013] INFO: 	 lr: 0.00030000000000000073 	 Training loss: 0.1558771513402462
[2024-12-16 10:20:00,037] INFO: Iter 9900 Summary: 
[2024-12-16 10:20:00,037] INFO: 	 lr: 0.00030000000000000073 	 Training loss: 0.1554397602379322
[2024-12-16 10:20:07,184] INFO: Iter 10000 Summary: 
[2024-12-16 10:20:07,184] INFO: 	 lr: 0.00030000000000000073 	 Training loss: 0.15543555334210396
[2024-12-16 10:20:15,384] INFO: Iter 10100 Summary: 
[2024-12-16 10:20:15,384] INFO: 	 lr: 0.00030000000000000073 	 Training loss: 0.15489507600665092
[2024-12-16 10:20:20,975] INFO: Iter 10200 Summary: 
[2024-12-16 10:20:20,975] INFO: 	 lr: 0.00030000000000000073 	 Training loss: 0.1549439437687397
[2024-12-16 10:20:27,450] INFO: Iter 10300 Summary: 
[2024-12-16 10:20:27,451] INFO: 	 lr: 0.00030000000000000073 	 Training loss: 0.1545699182152748
[2024-12-16 10:20:35,465] INFO: Iter 10400 Summary: 
[2024-12-16 10:20:35,466] INFO: 	 lr: 0.00030000000000000073 	 Training loss: 0.1540949335694313
[2024-12-16 10:20:41,911] INFO: Iter 10500 Summary: 
[2024-12-16 10:20:41,911] INFO: 	 lr: 0.00030000000000000073 	 Training loss: 0.15443222641944884
[2024-12-16 10:20:48,571] INFO: Iter 10600 Summary: 
[2024-12-16 10:20:48,572] INFO: 	 lr: 0.00030000000000000073 	 Training loss: 0.1537016960978508
[2024-12-16 10:20:55,186] INFO: Iter 10700 Summary: 
[2024-12-16 10:20:55,186] INFO: 	 lr: 0.00030000000000000073 	 Training loss: 0.1544991147518158
[2024-12-16 10:21:02,080] INFO: Iter 10800 Summary: 
[2024-12-16 10:21:02,080] INFO: 	 lr: 0.00030000000000000073 	 Training loss: 0.15433331117033958
[2024-12-16 10:21:08,734] INFO: Iter 10900 Summary: 
[2024-12-16 10:21:08,734] INFO: 	 lr: 0.00030000000000000073 	 Training loss: 0.15287524417042733
[2024-12-16 10:21:16,762] INFO: Iter 11000 Summary: 
[2024-12-16 10:21:16,763] INFO: 	 lr: 0.00030000000000000073 	 Training loss: 0.15354342252016068
[2024-12-16 10:21:23,428] INFO: Iter 11100 Summary: 
[2024-12-16 10:21:23,428] INFO: 	 lr: 0.00030000000000000073 	 Training loss: 0.15283093705773354
[2024-12-16 10:21:30,109] INFO: Iter 11200 Summary: 
[2024-12-16 10:21:30,109] INFO: 	 lr: 0.00030000000000000073 	 Training loss: 0.15328893169760704
[2024-12-16 10:21:36,763] INFO: Iter 11300 Summary: 
[2024-12-16 10:21:36,763] INFO: 	 lr: 0.00030000000000000073 	 Training loss: 0.15310031816363334
[2024-12-16 10:21:43,539] INFO: Iter 11400 Summary: 
[2024-12-16 10:21:43,539] INFO: 	 lr: 0.00030000000000000073 	 Training loss: 0.15340297281742096
[2024-12-16 10:21:50,715] INFO: Iter 11500 Summary: 
[2024-12-16 10:21:50,715] INFO: 	 lr: 0.00030000000000000073 	 Training loss: 0.15281304076313973
[2024-12-16 10:21:58,680] INFO: Iter 11600 Summary: 
[2024-12-16 10:21:58,680] INFO: 	 lr: 0.00030000000000000073 	 Training loss: 0.15284572795033455
[2024-12-16 10:22:05,512] INFO: Iter 11700 Summary: 
[2024-12-16 10:22:05,512] INFO: 	 lr: 0.00030000000000000073 	 Training loss: 0.15251364052295685
[2024-12-16 10:22:12,641] INFO: Iter 11800 Summary: 
[2024-12-16 10:22:12,641] INFO: 	 lr: 0.00030000000000000073 	 Training loss: 0.15242007315158845
[2024-12-16 10:22:19,142] INFO: Iter 11900 Summary: 
[2024-12-16 10:22:19,142] INFO: 	 lr: 0.00030000000000000073 	 Training loss: 0.1517910985648632
[2024-12-16 10:22:26,046] INFO: Iter 12000 Summary: 
[2024-12-16 10:22:26,046] INFO: 	 lr: 0.00030000000000000073 	 Training loss: 0.15193895652890205
[2024-12-16 10:22:32,936] INFO: Iter 12100 Summary: 
[2024-12-16 10:22:32,936] INFO: 	 lr: 0.00030000000000000073 	 Training loss: 0.15180453568696975
[2024-12-16 10:22:41,024] INFO: Iter 12200 Summary: 
[2024-12-16 10:22:41,024] INFO: 	 lr: 0.00030000000000000073 	 Training loss: 0.15182808503508569
[2024-12-16 10:22:47,949] INFO: Iter 12300 Summary: 
[2024-12-16 10:22:47,950] INFO: 	 lr: 0.00030000000000000073 	 Training loss: 0.15148686721920968
[2024-12-16 10:22:54,886] INFO: Iter 12400 Summary: 
[2024-12-16 10:22:54,886] INFO: 	 lr: 0.00030000000000000073 	 Training loss: 0.1506537313759327
[2024-12-16 10:23:00,653] INFO: Iter 12500 Summary: 
[2024-12-16 10:23:00,653] INFO: 	 lr: 0.00030000000000000073 	 Training loss: 0.15139239951968192
[2024-12-16 10:23:06,972] INFO: Iter 12600 Summary: 
[2024-12-16 10:23:06,972] INFO: 	 lr: 0.00030000000000000073 	 Training loss: 0.1510332365334034
[2024-12-16 10:23:15,266] INFO: Iter 12700 Summary: 
[2024-12-16 10:23:15,266] INFO: 	 lr: 0.00030000000000000073 	 Training loss: 0.15122177317738533
[2024-12-16 10:23:22,164] INFO: Iter 12800 Summary: 
[2024-12-16 10:23:22,165] INFO: 	 lr: 0.00030000000000000073 	 Training loss: 0.15093662530183793
[2024-12-16 10:23:29,084] INFO: Iter 12900 Summary: 
[2024-12-16 10:23:29,084] INFO: 	 lr: 0.00030000000000000073 	 Training loss: 0.15061575978994368
[2024-12-16 10:23:35,990] INFO: Iter 13000 Summary: 
[2024-12-16 10:23:35,990] INFO: 	 lr: 0.00030000000000000073 	 Training loss: 0.15000742852687834
[2024-12-16 10:23:42,888] INFO: Iter 13100 Summary: 
[2024-12-16 10:23:42,889] INFO: 	 lr: 0.00030000000000000073 	 Training loss: 0.1502443690598011
[2024-12-16 10:23:49,798] INFO: Iter 13200 Summary: 
[2024-12-16 10:23:49,798] INFO: 	 lr: 0.00030000000000000073 	 Training loss: 0.14996363013982772
[2024-12-16 10:23:58,070] INFO: Iter 13300 Summary: 
[2024-12-16 10:23:58,071] INFO: 	 lr: 0.00030000000000000073 	 Training loss: 0.14996747985482217
[2024-12-16 10:24:04,892] INFO: Iter 13400 Summary: 
[2024-12-16 10:24:04,893] INFO: 	 lr: 0.00030000000000000073 	 Training loss: 0.14949617102742196
[2024-12-16 10:24:11,817] INFO: Iter 13500 Summary: 
[2024-12-16 10:24:11,817] INFO: 	 lr: 0.00030000000000000073 	 Training loss: 0.14920344963669777
[2024-12-16 10:24:18,112] INFO: Iter 13600 Summary: 
[2024-12-16 10:24:18,112] INFO: 	 lr: 0.00030000000000000073 	 Training loss: 0.14972890555858612
[2024-12-16 10:24:25,087] INFO: Iter 13700 Summary: 
[2024-12-16 10:24:25,087] INFO: 	 lr: 0.00030000000000000073 	 Training loss: 0.14886938482522966
[2024-12-16 10:24:32,029] INFO: Iter 13800 Summary: 
[2024-12-16 10:24:32,029] INFO: 	 lr: 0.00030000000000000073 	 Training loss: 0.14850252896547317
[2024-12-16 10:24:40,255] INFO: Iter 13900 Summary: 
[2024-12-16 10:24:40,256] INFO: 	 lr: 0.00030000000000000073 	 Training loss: 0.14865402042865752
[2024-12-16 10:24:47,152] INFO: Iter 14000 Summary: 
[2024-12-16 10:24:47,152] INFO: 	 lr: 0.00030000000000000073 	 Training loss: 0.14853624150156974
[2024-12-16 10:24:54,083] INFO: Iter 14100 Summary: 
[2024-12-16 10:24:54,083] INFO: 	 lr: 0.00030000000000000073 	 Training loss: 0.14767433896660806
[2024-12-16 10:25:00,988] INFO: Iter 14200 Summary: 
[2024-12-16 10:25:00,988] INFO: 	 lr: 0.00030000000000000073 	 Training loss: 0.1482579617202282
[2024-12-16 10:25:07,862] INFO: Iter 14300 Summary: 
[2024-12-16 10:25:07,862] INFO: 	 lr: 0.00030000000000000073 	 Training loss: 0.14688314631581306
[2024-12-16 10:25:14,675] INFO: Iter 14400 Summary: 
[2024-12-16 10:25:14,675] INFO: 	 lr: 0.00030000000000000073 	 Training loss: 0.14772643968462945
[2024-12-16 10:25:22,835] INFO: Iter 14500 Summary: 
[2024-12-16 10:25:22,835] INFO: 	 lr: 0.00030000000000000073 	 Training loss: 0.14783811807632447
[2024-12-16 10:25:29,699] INFO: Iter 14600 Summary: 
[2024-12-16 10:25:29,700] INFO: 	 lr: 0.00030000000000000073 	 Training loss: 0.1463077622652054
[2024-12-16 10:25:36,595] INFO: Iter 14700 Summary: 
[2024-12-16 10:25:36,595] INFO: 	 lr: 0.00030000000000000073 	 Training loss: 0.14647478103637696
[2024-12-16 10:25:43,474] INFO: Iter 14800 Summary: 
[2024-12-16 10:25:43,474] INFO: 	 lr: 0.00030000000000000073 	 Training loss: 0.14625942930579186
[2024-12-16 10:25:50,349] INFO: Iter 14900 Summary: 
[2024-12-16 10:25:50,349] INFO: 	 lr: 0.00030000000000000073 	 Training loss: 0.14589214071631432
[2024-12-16 10:25:57,119] INFO: Iter 15000 Summary: 
[2024-12-16 10:25:57,119] INFO: 	 lr: 0.00030000000000000073 	 Training loss: 0.14594118237495424
[2024-12-16 10:26:06,992] INFO: Iter 15100 Summary: 
[2024-12-16 10:26:06,993] INFO: 	 lr: 0.00030000000000000073 	 Training loss: 0.14553199142217635
[2024-12-16 10:26:13,773] INFO: Iter 15200 Summary: 
[2024-12-16 10:26:13,773] INFO: 	 lr: 0.00030000000000000073 	 Training loss: 0.14508852303028108
[2024-12-16 10:26:20,630] INFO: Iter 15300 Summary: 
[2024-12-16 10:26:20,630] INFO: 	 lr: 0.00030000000000000073 	 Training loss: 0.14489712566137314
[2024-12-16 10:26:27,495] INFO: Iter 15400 Summary: 
[2024-12-16 10:26:27,495] INFO: 	 lr: 0.00030000000000000073 	 Training loss: 0.14400264978408814
[2024-12-16 10:26:34,291] INFO: Iter 15500 Summary: 
[2024-12-16 10:26:34,291] INFO: 	 lr: 0.00030000000000000073 	 Training loss: 0.14416490972042084
[2024-12-16 10:26:42,402] INFO: Iter 15600 Summary: 
[2024-12-16 10:26:42,402] INFO: 	 lr: 0.00030000000000000073 	 Training loss: 0.14416923016309738
[2024-12-16 10:26:49,199] INFO: Iter 15700 Summary: 
[2024-12-16 10:26:49,199] INFO: 	 lr: 0.00030000000000000073 	 Training loss: 0.143652613312006
[2024-12-16 10:26:56,066] INFO: Iter 15800 Summary: 
[2024-12-16 10:26:56,067] INFO: 	 lr: 0.00030000000000000073 	 Training loss: 0.14374719589948654
[2024-12-16 10:27:02,892] INFO: Iter 15900 Summary: 
[2024-12-16 10:27:02,892] INFO: 	 lr: 0.00030000000000000073 	 Training loss: 0.14373948499560357
[2024-12-16 10:27:09,697] INFO: Iter 16000 Summary: 
[2024-12-16 10:27:09,697] INFO: 	 lr: 0.00030000000000000073 	 Training loss: 0.14243898212909697
[2024-12-16 10:27:16,514] INFO: Iter 16100 Summary: 
[2024-12-16 10:27:16,514] INFO: 	 lr: 0.00030000000000000073 	 Training loss: 0.14266462206840516
[2024-12-16 10:27:24,643] INFO: Iter 16200 Summary: 
[2024-12-16 10:27:24,644] INFO: 	 lr: 0.00030000000000000073 	 Training loss: 0.141715636998415
[2024-12-16 10:27:30,864] INFO: Iter 16300 Summary: 
[2024-12-16 10:27:30,864] INFO: 	 lr: 0.00030000000000000073 	 Training loss: 0.14180996149778366
[2024-12-16 10:27:37,499] INFO: Iter 16400 Summary: 
[2024-12-16 10:27:37,499] INFO: 	 lr: 0.00030000000000000073 	 Training loss: 0.14113284155726433
[2024-12-16 10:27:44,353] INFO: Iter 16500 Summary: 
[2024-12-16 10:27:44,353] INFO: 	 lr: 0.00030000000000000073 	 Training loss: 0.14101050138473512
[2024-12-16 10:27:50,068] INFO: Iter 16600 Summary: 
[2024-12-16 10:27:50,068] INFO: 	 lr: 0.00030000000000000073 	 Training loss: 0.14025939956307412
[2024-12-16 10:27:56,814] INFO: Iter 16700 Summary: 
[2024-12-16 10:27:56,814] INFO: 	 lr: 0.00030000000000000073 	 Training loss: 0.1402668011188507
[2024-12-16 10:28:04,947] INFO: Iter 16800 Summary: 
[2024-12-16 10:28:04,948] INFO: 	 lr: 0.00030000000000000073 	 Training loss: 0.1396707798540592
[2024-12-16 10:28:11,806] INFO: Iter 16900 Summary: 
[2024-12-16 10:28:11,806] INFO: 	 lr: 0.00030000000000000073 	 Training loss: 0.13885368376970292
[2024-12-16 10:28:18,578] INFO: Iter 17000 Summary: 
[2024-12-16 10:28:18,578] INFO: 	 lr: 0.00030000000000000073 	 Training loss: 0.13937979623675345
[2024-12-16 10:28:25,270] INFO: Iter 17100 Summary: 
[2024-12-16 10:28:25,270] INFO: 	 lr: 0.00030000000000000073 	 Training loss: 0.13784439757466316
[2024-12-16 10:28:32,014] INFO: Iter 17200 Summary: 
[2024-12-16 10:28:32,014] INFO: 	 lr: 0.00030000000000000073 	 Training loss: 0.1380617420375347
[2024-12-16 10:28:38,716] INFO: Iter 17300 Summary: 
[2024-12-16 10:28:38,716] INFO: 	 lr: 0.00030000000000000073 	 Training loss: 0.1377365005016327
[2024-12-16 10:28:46,687] INFO: Iter 17400 Summary: 
[2024-12-16 10:28:46,688] INFO: 	 lr: 0.00030000000000000073 	 Training loss: 0.13640106931328774
[2024-12-16 10:28:53,326] INFO: Iter 17500 Summary: 
[2024-12-16 10:28:53,326] INFO: 	 lr: 0.00030000000000000073 	 Training loss: 0.13651666238904
[2024-12-16 10:28:59,964] INFO: Iter 17600 Summary: 
[2024-12-16 10:28:59,964] INFO: 	 lr: 0.00030000000000000073 	 Training loss: 0.13673171460628508
[2024-12-16 10:29:06,605] INFO: Iter 17700 Summary: 
[2024-12-16 10:29:06,605] INFO: 	 lr: 0.00030000000000000073 	 Training loss: 0.13536766067147254
[2024-12-16 10:29:13,248] INFO: Iter 17800 Summary: 
[2024-12-16 10:29:13,248] INFO: 	 lr: 0.00030000000000000073 	 Training loss: 0.13534826204180717
[2024-12-16 10:29:21,224] INFO: Iter 17900 Summary: 
[2024-12-16 10:29:21,224] INFO: 	 lr: 0.00030000000000000073 	 Training loss: 0.13527230754494668
[2024-12-16 10:29:27,869] INFO: Iter 18000 Summary: 
[2024-12-16 10:29:27,869] INFO: 	 lr: 0.00030000000000000073 	 Training loss: 0.13412173643708228
[2024-12-16 10:29:34,512] INFO: Iter 18100 Summary: 
[2024-12-16 10:29:34,512] INFO: 	 lr: 0.00030000000000000073 	 Training loss: 0.1335224476456642
[2024-12-16 10:29:41,120] INFO: Iter 18200 Summary: 
[2024-12-16 10:29:41,120] INFO: 	 lr: 0.00030000000000000073 	 Training loss: 0.1331498609483242
[2024-12-16 10:29:47,757] INFO: Iter 18300 Summary: 
[2024-12-16 10:29:47,757] INFO: 	 lr: 0.00030000000000000073 	 Training loss: 0.13273991383612155
[2024-12-16 10:29:54,383] INFO: Iter 18400 Summary: 
[2024-12-16 10:29:54,384] INFO: 	 lr: 0.00030000000000000073 	 Training loss: 0.13272997498512268
[2024-12-16 10:30:02,516] INFO: Iter 18500 Summary: 
[2024-12-16 10:30:02,516] INFO: 	 lr: 0.00030000000000000073 	 Training loss: 0.13208949275314807
[2024-12-16 10:30:09,158] INFO: Iter 18600 Summary: 
[2024-12-16 10:30:09,159] INFO: 	 lr: 0.00030000000000000073 	 Training loss: 0.1318138973414898
[2024-12-16 10:30:15,810] INFO: Iter 18700 Summary: 
[2024-12-16 10:30:15,811] INFO: 	 lr: 0.00030000000000000073 	 Training loss: 0.13089879587292672
[2024-12-16 10:30:22,455] INFO: Iter 18800 Summary: 
[2024-12-16 10:30:22,455] INFO: 	 lr: 0.00030000000000000073 	 Training loss: 0.13013048872351646
[2024-12-16 10:30:29,091] INFO: Iter 18900 Summary: 
[2024-12-16 10:30:29,091] INFO: 	 lr: 0.00030000000000000073 	 Training loss: 0.13056731499731541
[2024-12-16 10:30:35,725] INFO: Iter 19000 Summary: 
[2024-12-16 10:30:35,726] INFO: 	 lr: 0.00030000000000000073 	 Training loss: 0.13007285006344319
[2024-12-16 10:30:42,879] INFO: Iter 19100 Summary: 
[2024-12-16 10:30:42,879] INFO: 	 lr: 0.00030000000000000073 	 Training loss: 0.1294984257221222
[2024-12-16 10:30:49,112] INFO: Iter 19200 Summary: 
[2024-12-16 10:30:49,112] INFO: 	 lr: 0.00030000000000000073 	 Training loss: 0.1290180055052042
[2024-12-16 10:30:55,776] INFO: Iter 19300 Summary: 
[2024-12-16 10:30:55,776] INFO: 	 lr: 0.00030000000000000073 	 Training loss: 0.1283550490438938
[2024-12-16 10:31:02,430] INFO: Iter 19400 Summary: 
[2024-12-16 10:31:02,430] INFO: 	 lr: 0.00030000000000000073 	 Training loss: 0.12708132192492486
[2024-12-16 10:31:09,087] INFO: Iter 19500 Summary: 
[2024-12-16 10:31:09,087] INFO: 	 lr: 0.00030000000000000073 	 Training loss: 0.12771496772766114
[2024-12-16 10:31:15,725] INFO: Iter 19600 Summary: 
[2024-12-16 10:31:15,725] INFO: 	 lr: 0.00030000000000000073 	 Training loss: 0.12735975958406925
[2024-12-16 10:31:23,730] INFO: Iter 19700 Summary: 
[2024-12-16 10:31:23,730] INFO: 	 lr: 0.00030000000000000073 	 Training loss: 0.12643495090305806
[2024-12-16 10:31:30,396] INFO: Iter 19800 Summary: 
[2024-12-16 10:31:30,396] INFO: 	 lr: 0.00030000000000000073 	 Training loss: 0.1257796062529087
[2024-12-16 10:31:37,037] INFO: Iter 19900 Summary: 
[2024-12-16 10:31:37,037] INFO: 	 lr: 0.00030000000000000073 	 Training loss: 0.12533871009945868
[2024-12-16 10:31:43,716] INFO: Iter 20000 Summary: 
[2024-12-16 10:31:43,716] INFO: 	 lr: 0.00030000000000000073 	 Training loss: 0.1251981820166111
[2024-12-16 10:31:51,899] INFO: Iter 20100 Summary: 
[2024-12-16 10:31:51,899] INFO: 	 lr: 0.00030000000000000073 	 Training loss: 0.12502684332430364
[2024-12-16 10:31:59,771] INFO: Iter 20200 Summary: 
[2024-12-16 10:31:59,772] INFO: 	 lr: 0.00030000000000000073 	 Training loss: 0.12439761005342007
[2024-12-16 10:32:06,575] INFO: Iter 20300 Summary: 
[2024-12-16 10:32:06,576] INFO: 	 lr: 0.00030000000000000073 	 Training loss: 0.12372524902224541
[2024-12-16 10:32:13,202] INFO: Iter 20400 Summary: 
[2024-12-16 10:32:13,202] INFO: 	 lr: 0.00030000000000000073 	 Training loss: 0.12328038163483143
[2024-12-16 10:32:19,869] INFO: Iter 20500 Summary: 
[2024-12-16 10:32:19,869] INFO: 	 lr: 0.00030000000000000073 	 Training loss: 0.12311696290969848
[2024-12-16 10:32:26,516] INFO: Iter 20600 Summary: 
[2024-12-16 10:32:26,516] INFO: 	 lr: 0.00030000000000000073 	 Training loss: 0.1233977235108614
[2024-12-16 10:32:33,163] INFO: Iter 20700 Summary: 
[2024-12-16 10:32:33,164] INFO: 	 lr: 0.00030000000000000073 	 Training loss: 0.12229668863117694
[2024-12-16 10:32:41,171] INFO: Iter 20800 Summary: 
[2024-12-16 10:32:41,171] INFO: 	 lr: 0.00030000000000000073 	 Training loss: 0.12251596011221409
[2024-12-16 10:32:47,824] INFO: Iter 20900 Summary: 
[2024-12-16 10:32:47,825] INFO: 	 lr: 0.00030000000000000073 	 Training loss: 0.1217437356710434
[2024-12-16 10:32:54,483] INFO: Iter 21000 Summary: 
[2024-12-16 10:32:54,483] INFO: 	 lr: 0.00030000000000000073 	 Training loss: 0.1212767781317234
[2024-12-16 10:33:01,140] INFO: Iter 21100 Summary: 
[2024-12-16 10:33:01,141] INFO: 	 lr: 0.00030000000000000073 	 Training loss: 0.12086787544190884
[2024-12-16 10:33:07,757] INFO: Iter 21200 Summary: 
[2024-12-16 10:33:07,757] INFO: 	 lr: 0.00030000000000000073 	 Training loss: 0.12053628332912922
[2024-12-16 10:33:14,623] INFO: Iter 21300 Summary: 
[2024-12-16 10:33:14,624] INFO: 	 lr: 0.00030000000000000073 	 Training loss: 0.11999981693923473
[2024-12-16 10:33:22,771] INFO: Iter 21400 Summary: 
[2024-12-16 10:33:22,771] INFO: 	 lr: 0.00030000000000000073 	 Training loss: 0.11918437369167804
[2024-12-16 10:33:29,532] INFO: Iter 21500 Summary: 
[2024-12-16 10:33:29,532] INFO: 	 lr: 0.00030000000000000073 	 Training loss: 0.11928542643785477
[2024-12-16 10:33:36,295] INFO: Iter 21600 Summary: 
[2024-12-16 10:33:36,295] INFO: 	 lr: 0.00030000000000000073 	 Training loss: 0.11819137118756771
[2024-12-16 10:33:43,220] INFO: Iter 21700 Summary: 
[2024-12-16 10:33:43,221] INFO: 	 lr: 0.00030000000000000073 	 Training loss: 0.11890031315386296
[2024-12-16 10:33:50,049] INFO: Iter 21800 Summary: 
[2024-12-16 10:33:50,050] INFO: 	 lr: 0.00030000000000000073 	 Training loss: 0.11915673799812794
[2024-12-16 10:33:56,899] INFO: Iter 21900 Summary: 
[2024-12-16 10:33:56,899] INFO: 	 lr: 0.00030000000000000073 	 Training loss: 0.11783388122916222
[2024-12-16 10:34:05,132] INFO: Iter 22000 Summary: 
[2024-12-16 10:34:05,132] INFO: 	 lr: 0.00030000000000000073 	 Training loss: 0.11734186202287673
[2024-12-16 10:34:11,981] INFO: Iter 22100 Summary: 
[2024-12-16 10:34:11,981] INFO: 	 lr: 0.00030000000000000073 	 Training loss: 0.1169709649682045
[2024-12-16 10:34:18,845] INFO: Iter 22200 Summary: 
[2024-12-16 10:34:18,845] INFO: 	 lr: 0.00030000000000000073 	 Training loss: 0.11659440577030182
[2024-12-16 10:34:25,707] INFO: Iter 22300 Summary: 
[2024-12-16 10:34:25,707] INFO: 	 lr: 0.00030000000000000073 	 Training loss: 0.11667643450200557
[2024-12-16 10:34:32,570] INFO: Iter 22400 Summary: 
[2024-12-16 10:34:32,570] INFO: 	 lr: 0.00030000000000000073 	 Training loss: 0.11649965450167656
[2024-12-16 10:34:39,438] INFO: Iter 22500 Summary: 
[2024-12-16 10:34:39,438] INFO: 	 lr: 0.00030000000000000073 	 Training loss: 0.1165990000218153
[2024-12-16 10:34:47,592] INFO: Iter 22600 Summary: 
[2024-12-16 10:34:47,593] INFO: 	 lr: 0.00030000000000000073 	 Training loss: 0.11522802002727986
[2024-12-16 10:34:54,387] INFO: Iter 22700 Summary: 
[2024-12-16 10:34:54,387] INFO: 	 lr: 0.00030000000000000073 	 Training loss: 0.115018110871315
[2024-12-16 10:35:01,222] INFO: Iter 22800 Summary: 
[2024-12-16 10:35:01,223] INFO: 	 lr: 0.00030000000000000073 	 Training loss: 0.11503232426941395
[2024-12-16 10:35:08,090] INFO: Iter 22900 Summary: 
[2024-12-16 10:35:08,091] INFO: 	 lr: 0.00030000000000000073 	 Training loss: 0.1147189411520958
[2024-12-16 10:35:14,913] INFO: Iter 23000 Summary: 
[2024-12-16 10:35:14,913] INFO: 	 lr: 0.00030000000000000073 	 Training loss: 0.11464740827679634
[2024-12-16 10:35:23,181] INFO: Iter 23100 Summary: 
[2024-12-16 10:35:23,181] INFO: 	 lr: 0.00030000000000000073 	 Training loss: 0.11362504348158836
[2024-12-16 10:35:30,057] INFO: Iter 23200 Summary: 
[2024-12-16 10:35:30,058] INFO: 	 lr: 0.00030000000000000073 	 Training loss: 0.11413584649562836
[2024-12-16 10:35:56,948] INFO: Iter 23300 Summary: 
[2024-12-16 10:35:56,949] INFO: 	 lr: 0.00030000000000000073 	 Training loss: 0.11342646829783916
[2024-12-16 10:36:29,448] INFO: Iter 23400 Summary: 
[2024-12-16 10:36:29,449] INFO: 	 lr: 0.00030000000000000073 	 Training loss: 0.11328653804957867
[2024-12-16 10:37:03,270] INFO: Iter 23500 Summary: 
[2024-12-16 10:37:03,270] INFO: 	 lr: 0.00030000000000000073 	 Training loss: 0.11325072549283505
[2024-12-16 10:37:37,221] INFO: Iter 23600 Summary: 
[2024-12-16 10:37:37,222] INFO: 	 lr: 0.00030000000000000073 	 Training loss: 0.11294875897467137
[2024-12-16 10:38:15,322] INFO: Iter 23700 Summary: 
[2024-12-16 10:38:15,323] INFO: 	 lr: 0.00030000000000000073 	 Training loss: 0.11282846830785274
[2024-12-16 10:38:46,775] INFO: Iter 23800 Summary: 
[2024-12-16 10:38:46,776] INFO: 	 lr: 0.00030000000000000073 	 Training loss: 0.11228739358484745
[2024-12-16 10:39:18,699] INFO: Iter 23900 Summary: 
[2024-12-16 10:39:18,700] INFO: 	 lr: 0.00030000000000000073 	 Training loss: 0.11207537062466144
[2024-12-16 10:39:51,411] INFO: Iter 24000 Summary: 
[2024-12-16 10:39:51,412] INFO: 	 lr: 0.00030000000000000073 	 Training loss: 0.11188968174159526
[2024-12-16 10:40:24,840] INFO: Iter 24100 Summary: 
[2024-12-16 10:40:24,841] INFO: 	 lr: 0.00030000000000000073 	 Training loss: 0.11116057060658932
[2024-12-16 10:40:58,536] INFO: Iter 24200 Summary: 
[2024-12-16 10:40:58,537] INFO: 	 lr: 0.00030000000000000073 	 Training loss: 0.11149434499442577
[2024-12-16 10:41:35,514] INFO: Iter 24300 Summary: 
[2024-12-16 10:41:35,547] INFO: 	 lr: 0.00030000000000000073 	 Training loss: 0.11100857853889465
[2024-12-16 10:42:08,052] INFO: Iter 24400 Summary: 
[2024-12-16 10:42:08,052] INFO: 	 lr: 0.00030000000000000073 	 Training loss: 0.1102751712501049
[2024-12-16 10:42:43,087] INFO: Iter 24500 Summary: 
[2024-12-16 10:42:43,087] INFO: 	 lr: 0.00030000000000000073 	 Training loss: 0.11052250564098358
[2024-12-16 10:43:18,777] INFO: Iter 24600 Summary: 
[2024-12-16 10:43:18,777] INFO: 	 lr: 0.00030000000000000073 	 Training loss: 0.11017989479005337
[2024-12-16 10:43:52,408] INFO: Iter 24700 Summary: 
[2024-12-16 10:43:52,409] INFO: 	 lr: 0.00030000000000000073 	 Training loss: 0.1098985067754984
[2024-12-16 10:44:27,439] INFO: Iter 24800 Summary: 
[2024-12-16 10:44:27,439] INFO: 	 lr: 0.00030000000000000073 	 Training loss: 0.10986094877123832
[2024-12-16 10:45:04,024] INFO: Iter 24900 Summary: 
[2024-12-16 10:45:04,024] INFO: 	 lr: 0.00030000000000000073 	 Training loss: 0.10923411794006825
[2024-12-16 10:45:38,116] INFO: Iter 25000 Summary: 
[2024-12-16 10:45:38,116] INFO: 	 lr: 0.00030000000000000073 	 Training loss: 0.10932324804365635
[2024-12-16 10:46:20,844] INFO: Iter 25100 Summary: 
[2024-12-16 10:46:20,845] INFO: 	 lr: 0.00030000000000000073 	 Training loss: 0.10896189205348492
[2024-12-16 10:46:55,611] INFO: Iter 25200 Summary: 
[2024-12-16 10:46:55,611] INFO: 	 lr: 0.00030000000000000073 	 Training loss: 0.10893182612955571
[2024-12-16 10:47:28,581] INFO: Iter 25300 Summary: 
[2024-12-16 10:47:28,581] INFO: 	 lr: 0.00030000000000000073 	 Training loss: 0.10896614573895931
[2024-12-16 10:48:07,469] INFO: Iter 25400 Summary: 
[2024-12-16 10:48:07,469] INFO: 	 lr: 0.00030000000000000073 	 Training loss: 0.10824300542473793
[2024-12-16 10:48:41,184] INFO: Iter 25500 Summary: 
[2024-12-16 10:48:41,185] INFO: 	 lr: 0.00030000000000000073 	 Training loss: 0.1083006688952446
[2024-12-16 10:49:14,617] INFO: Iter 25600 Summary: 
[2024-12-16 10:49:14,617] INFO: 	 lr: 0.00030000000000000073 	 Training loss: 0.10797745913267136
[2024-12-16 10:49:49,375] INFO: Iter 25700 Summary: 
[2024-12-16 10:49:49,375] INFO: 	 lr: 0.00030000000000000073 	 Training loss: 0.10746713019907475
[2024-12-16 10:50:21,354] INFO: Iter 25800 Summary: 
[2024-12-16 10:50:21,354] INFO: 	 lr: 0.00030000000000000073 	 Training loss: 0.10823198720812797
[2024-12-16 10:50:55,335] INFO: Iter 25900 Summary: 
[2024-12-16 10:50:55,336] INFO: 	 lr: 0.00030000000000000073 	 Training loss: 0.10731963306665421
[2024-12-16 10:51:35,680] INFO: Iter 26000 Summary: 
[2024-12-16 10:51:35,680] INFO: 	 lr: 0.00030000000000000073 	 Training loss: 0.1069244872033596
[2024-12-16 10:52:07,549] INFO: Iter 26100 Summary: 
[2024-12-16 10:52:07,550] INFO: 	 lr: 0.00030000000000000073 	 Training loss: 0.10654454559087753
[2024-12-16 10:52:41,388] INFO: Iter 26200 Summary: 
[2024-12-16 10:52:41,389] INFO: 	 lr: 0.00030000000000000073 	 Training loss: 0.10668587073683738
[2024-12-16 10:53:16,264] INFO: Iter 26300 Summary: 
[2024-12-16 10:53:16,265] INFO: 	 lr: 0.00030000000000000073 	 Training loss: 0.10711678951978683
[2024-12-16 10:53:48,870] INFO: Iter 26400 Summary: 
[2024-12-16 10:53:48,870] INFO: 	 lr: 0.00030000000000000073 	 Training loss: 0.106648113951087
[2024-12-16 10:54:21,063] INFO: Iter 26500 Summary: 
[2024-12-16 10:54:21,063] INFO: 	 lr: 0.00030000000000000073 	 Training loss: 0.10647637076675892
[2024-12-16 10:54:56,092] INFO: Iter 26600 Summary: 
[2024-12-16 10:54:56,093] INFO: 	 lr: 0.00030000000000000073 	 Training loss: 0.10591193586587906
[2024-12-16 10:55:27,958] INFO: Iter 26700 Summary: 
[2024-12-16 10:55:27,959] INFO: 	 lr: 0.00030000000000000073 	 Training loss: 0.10545519441366195
[2024-12-16 10:56:02,216] INFO: Iter 26800 Summary: 
[2024-12-16 10:56:02,217] INFO: 	 lr: 0.00030000000000000073 	 Training loss: 0.1054724957793951
[2024-12-16 10:56:36,208] INFO: Iter 26900 Summary: 
[2024-12-16 10:56:36,208] INFO: 	 lr: 0.00030000000000000073 	 Training loss: 0.10537841774523259
[2024-12-16 10:57:08,161] INFO: Iter 27000 Summary: 
[2024-12-16 10:57:08,162] INFO: 	 lr: 0.00030000000000000073 	 Training loss: 0.1049563642591238
[2024-12-16 10:57:42,143] INFO: Iter 27100 Summary: 
[2024-12-16 10:57:42,143] INFO: 	 lr: 0.00030000000000000073 	 Training loss: 0.105377217233181
