[2024-12-07 12:20:55,101] INFO: {
    "abs_dir": "/home/diwang/siMLPe/exps/baseline_h36m",
    "batch_size": 256,
    "cos_lr_max": 1e-05,
    "cos_lr_min": 5e-08,
    "cos_lr_total_iters": 40000,
    "data_aug": true,
    "deriv_input": true,
    "deriv_output": true,
    "h36m_anno_dir": "/home/diwang/siMLPe/data/h36m/",
    "link_log_file": "/home/diwang/siMLPe/exps/baseline_h36m/log/log_last.log",
    "link_val_log_file": "/home/diwang/siMLPe/exps/baseline_h36m/log/val_last.log",
    "log_dir": "/home/diwang/siMLPe/exps/baseline_h36m/log",
    "log_file": "/home/diwang/siMLPe/exps/baseline_h36m/log/log_2024_12_07_12_20_36.log",
    "model_pth": null,
    "motion": {
        "dim": 66,
        "h36m_input_length": 50,
        "h36m_input_length_dct": 50,
        "h36m_target_length": 10,
        "h36m_target_length_eval": 25,
        "h36m_target_length_train": 10
    },
    "motion_fc_in": {
        "activation": "relu",
        "in_features": 66,
        "init_w_trunc_normal": false,
        "out_features": 66,
        "temporal_fc": false,
        "with_norm": false
    },
    "motion_fc_out": {
        "activation": "relu",
        "in_features": 66,
        "init_w_trunc_normal": true,
        "out_features": 66,
        "temporal_fc": false,
        "with_norm": false
    },
    "motion_mlp": {
        "hidden_dim": 66,
        "norm_axis": "spatial",
        "num_layers": 48,
        "seq_len": 50,
        "spatial_fc_only": false,
        "with_normalization": true
    },
    "num_workers": 8,
    "post_dct": false,
    "pre_dct": false,
    "print_every": 100,
    "repo_name": "siMLPe",
    "root_dir": "/home/diwang/siMLPe",
    "save_every": 5000,
    "seed": 304,
    "shift_step": 1,
    "snapshot_dir": "/home/diwang/siMLPe/exps/baseline_h36m/log/snapshot",
    "this_dir": "baseline_h36m",
    "use_relative_loss": true,
    "val_log_file": "/home/diwang/siMLPe/exps/baseline_h36m/log/val_2024_12_07_12_20_36.log",
    "weight_decay": 0.0001
}
[2024-12-07 12:21:03,577] INFO: Iter 100 Summary: 
[2024-12-07 12:21:03,578] INFO: 	 lr: 0.00030000000000000073 	 Training loss: 0.09880959816277027
[2024-12-07 12:21:10,206] INFO: Iter 200 Summary: 
[2024-12-07 12:21:10,206] INFO: 	 lr: 0.00030000000000000073 	 Training loss: 0.07526146709918975
[2024-12-07 12:21:17,155] INFO: Iter 300 Summary: 
[2024-12-07 12:21:17,155] INFO: 	 lr: 0.00030000000000000073 	 Training loss: 0.07434968195855618
[2024-12-07 12:21:24,089] INFO: Iter 400 Summary: 
[2024-12-07 12:21:24,089] INFO: 	 lr: 0.00030000000000000073 	 Training loss: 0.07023919731378556
[2024-12-07 12:21:30,992] INFO: Iter 500 Summary: 
[2024-12-07 12:21:30,993] INFO: 	 lr: 0.00030000000000000073 	 Training loss: 0.06818793103098869
[2024-12-07 12:21:37,948] INFO: Iter 600 Summary: 
[2024-12-07 12:21:37,948] INFO: 	 lr: 0.00030000000000000073 	 Training loss: 0.06507122348994017
[2024-12-07 12:21:45,432] INFO: Iter 700 Summary: 
[2024-12-07 12:21:45,432] INFO: 	 lr: 0.00030000000000000073 	 Training loss: 0.05939819343388081
[2024-12-07 12:21:52,400] INFO: Iter 800 Summary: 
[2024-12-07 12:21:52,400] INFO: 	 lr: 0.00030000000000000073 	 Training loss: 0.05757111944258213
[2024-12-07 12:21:59,329] INFO: Iter 900 Summary: 
[2024-12-07 12:21:59,329] INFO: 	 lr: 0.00030000000000000073 	 Training loss: 0.05636050283908844
[2024-12-07 12:22:06,152] INFO: Iter 1000 Summary: 
[2024-12-07 12:22:06,152] INFO: 	 lr: 0.00030000000000000073 	 Training loss: 0.05597427178174257
[2024-12-07 12:22:13,054] INFO: Iter 1100 Summary: 
[2024-12-07 12:22:13,055] INFO: 	 lr: 0.00030000000000000073 	 Training loss: 0.05534864760935307
[2024-12-07 12:22:19,979] INFO: Iter 1200 Summary: 
[2024-12-07 12:22:19,979] INFO: 	 lr: 0.00030000000000000073 	 Training loss: 0.05491629064083099
[2024-12-07 12:22:26,898] INFO: Iter 1300 Summary: 
[2024-12-07 12:22:26,898] INFO: 	 lr: 0.00030000000000000073 	 Training loss: 0.053764547146856786
[2024-12-07 12:22:34,490] INFO: Iter 1400 Summary: 
[2024-12-07 12:22:34,491] INFO: 	 lr: 0.00030000000000000073 	 Training loss: 0.05323580291122198
[2024-12-07 12:22:41,550] INFO: Iter 1500 Summary: 
[2024-12-07 12:22:41,550] INFO: 	 lr: 0.00030000000000000073 	 Training loss: 0.0529041562974453
[2024-12-07 12:22:48,268] INFO: Iter 1600 Summary: 
[2024-12-07 12:22:48,269] INFO: 	 lr: 0.00030000000000000073 	 Training loss: 0.0523440657928586
[2024-12-07 12:22:54,197] INFO: Iter 1700 Summary: 
[2024-12-07 12:22:54,197] INFO: 	 lr: 0.00030000000000000073 	 Training loss: 0.05202249687165022
[2024-12-07 12:23:00,557] INFO: Iter 1800 Summary: 
[2024-12-07 12:23:00,557] INFO: 	 lr: 0.00030000000000000073 	 Training loss: 0.051613997183740136
[2024-12-07 12:23:07,170] INFO: Iter 1900 Summary: 
[2024-12-07 12:23:07,171] INFO: 	 lr: 0.00030000000000000073 	 Training loss: 0.051023253351449964
[2024-12-07 12:23:13,869] INFO: Iter 2000 Summary: 
[2024-12-07 12:23:13,869] INFO: 	 lr: 0.00030000000000000073 	 Training loss: 0.05124103732407093
[2024-12-07 12:23:20,912] INFO: Iter 2100 Summary: 
[2024-12-07 12:23:20,913] INFO: 	 lr: 0.00030000000000000073 	 Training loss: 0.050833402983844284
[2024-12-07 12:23:27,803] INFO: Iter 2200 Summary: 
[2024-12-07 12:23:27,803] INFO: 	 lr: 0.00030000000000000073 	 Training loss: 0.050105428844690325
[2024-12-07 12:23:34,717] INFO: Iter 2300 Summary: 
[2024-12-07 12:23:34,717] INFO: 	 lr: 0.00030000000000000073 	 Training loss: 0.050507270097732544
[2024-12-07 12:23:41,660] INFO: Iter 2400 Summary: 
[2024-12-07 12:23:41,661] INFO: 	 lr: 0.00030000000000000073 	 Training loss: 0.05028122570365667
[2024-12-07 12:23:48,094] INFO: Iter 2500 Summary: 
[2024-12-07 12:23:48,094] INFO: 	 lr: 0.00030000000000000073 	 Training loss: 0.05004710279405117
[2024-12-07 12:23:55,041] INFO: Iter 2600 Summary: 
[2024-12-07 12:23:55,041] INFO: 	 lr: 0.00030000000000000073 	 Training loss: 0.05002260688692331
[2024-12-07 12:24:02,299] INFO: Iter 2700 Summary: 
[2024-12-07 12:24:02,300] INFO: 	 lr: 0.00030000000000000073 	 Training loss: 0.04995386265218258
[2024-12-07 12:24:09,662] INFO: Iter 2800 Summary: 
[2024-12-07 12:24:09,662] INFO: 	 lr: 0.00030000000000000073 	 Training loss: 0.04967644236981869
[2024-12-07 12:24:16,550] INFO: Iter 2900 Summary: 
[2024-12-07 12:24:16,550] INFO: 	 lr: 0.00030000000000000073 	 Training loss: 0.049187315106391905
[2024-12-07 12:24:23,494] INFO: Iter 3000 Summary: 
[2024-12-07 12:24:23,494] INFO: 	 lr: 0.00030000000000000073 	 Training loss: 0.04898068714886904
[2024-12-07 12:24:30,439] INFO: Iter 3100 Summary: 
[2024-12-07 12:24:30,439] INFO: 	 lr: 0.00030000000000000073 	 Training loss: 0.04937855526804924
[2024-12-07 12:24:37,431] INFO: Iter 3200 Summary: 
[2024-12-07 12:24:37,431] INFO: 	 lr: 0.00030000000000000073 	 Training loss: 0.049204868450760844
[2024-12-07 12:24:44,666] INFO: Iter 3300 Summary: 
[2024-12-07 12:24:44,666] INFO: 	 lr: 0.00030000000000000073 	 Training loss: 0.04884259730577469
[2024-12-07 12:24:51,793] INFO: Iter 3400 Summary: 
[2024-12-07 12:24:51,793] INFO: 	 lr: 0.00030000000000000073 	 Training loss: 0.048808680549263954
[2024-12-07 12:24:59,203] INFO: Iter 3500 Summary: 
[2024-12-07 12:24:59,203] INFO: 	 lr: 0.00030000000000000073 	 Training loss: 0.0485327934846282
[2024-12-07 12:25:05,710] INFO: Iter 3600 Summary: 
[2024-12-07 12:25:05,710] INFO: 	 lr: 0.00030000000000000073 	 Training loss: 0.04872274480760098
[2024-12-07 12:25:12,883] INFO: Iter 3700 Summary: 
[2024-12-07 12:25:12,883] INFO: 	 lr: 0.00030000000000000073 	 Training loss: 0.048124535381793974
[2024-12-07 12:25:19,770] INFO: Iter 3800 Summary: 
[2024-12-07 12:25:19,770] INFO: 	 lr: 0.00030000000000000073 	 Training loss: 0.048216847330331804
[2024-12-07 12:25:26,618] INFO: Iter 3900 Summary: 
[2024-12-07 12:25:26,618] INFO: 	 lr: 0.00030000000000000073 	 Training loss: 0.048192773051559924
[2024-12-07 12:25:33,535] INFO: Iter 4000 Summary: 
[2024-12-07 12:25:33,535] INFO: 	 lr: 0.00030000000000000073 	 Training loss: 0.04819534156471491
[2024-12-07 12:25:40,118] INFO: Iter 4100 Summary: 
[2024-12-07 12:25:40,118] INFO: 	 lr: 0.00030000000000000073 	 Training loss: 0.047963769771158696
[2024-12-07 12:25:47,367] INFO: Iter 4200 Summary: 
[2024-12-07 12:25:47,367] INFO: 	 lr: 0.00030000000000000073 	 Training loss: 0.04795369002968073
[2024-12-07 12:25:54,273] INFO: Iter 4300 Summary: 
[2024-12-07 12:25:54,273] INFO: 	 lr: 0.00030000000000000073 	 Training loss: 0.04790378842502832
[2024-12-07 12:26:01,172] INFO: Iter 4400 Summary: 
[2024-12-07 12:26:01,172] INFO: 	 lr: 0.00030000000000000073 	 Training loss: 0.0476559803634882
[2024-12-07 12:26:08,111] INFO: Iter 4500 Summary: 
[2024-12-07 12:26:08,111] INFO: 	 lr: 0.00030000000000000073 	 Training loss: 0.04721244093030691
[2024-12-07 12:26:14,586] INFO: Iter 4600 Summary: 
[2024-12-07 12:26:14,586] INFO: 	 lr: 0.00030000000000000073 	 Training loss: 0.04770101130008698
[2024-12-07 12:26:21,349] INFO: Iter 4700 Summary: 
[2024-12-07 12:26:21,349] INFO: 	 lr: 0.00030000000000000073 	 Training loss: 0.04766823496669531
[2024-12-07 12:26:28,059] INFO: Iter 4800 Summary: 
[2024-12-07 12:26:28,059] INFO: 	 lr: 0.00030000000000000073 	 Training loss: 0.0472989322245121
[2024-12-07 12:26:37,205] INFO: Iter 4900 Summary: 
[2024-12-07 12:26:37,206] INFO: 	 lr: 0.00030000000000000073 	 Training loss: 0.04733144897967577
[2024-12-07 12:26:44,422] INFO: Iter 5000 Summary: 
[2024-12-07 12:26:44,422] INFO: 	 lr: 0.00030000000000000073 	 Training loss: 0.04707205194979906
[2024-12-07 12:26:53,364] INFO: Iter 5100 Summary: 
[2024-12-07 12:26:53,364] INFO: 	 lr: 0.00030000000000000073 	 Training loss: 0.047391868010163304
[2024-12-07 12:27:00,253] INFO: Iter 5200 Summary: 
[2024-12-07 12:27:00,254] INFO: 	 lr: 0.00030000000000000073 	 Training loss: 0.04690793320536613
[2024-12-07 12:27:07,119] INFO: Iter 5300 Summary: 
[2024-12-07 12:27:07,119] INFO: 	 lr: 0.00030000000000000073 	 Training loss: 0.046887235417962074
[2024-12-07 12:27:13,565] INFO: Iter 5400 Summary: 
[2024-12-07 12:27:13,565] INFO: 	 lr: 0.00030000000000000073 	 Training loss: 0.046626279652118685
[2024-12-07 12:27:19,963] INFO: Iter 5500 Summary: 
[2024-12-07 12:27:19,963] INFO: 	 lr: 0.00030000000000000073 	 Training loss: 0.04636187322437763
[2024-12-07 12:27:27,298] INFO: Iter 5600 Summary: 
[2024-12-07 12:27:27,298] INFO: 	 lr: 0.00030000000000000073 	 Training loss: 0.04647874053567648
[2024-12-07 12:27:34,230] INFO: Iter 5700 Summary: 
[2024-12-07 12:27:34,230] INFO: 	 lr: 0.00030000000000000073 	 Training loss: 0.04628227949142456
[2024-12-07 12:27:41,186] INFO: Iter 5800 Summary: 
[2024-12-07 12:27:41,186] INFO: 	 lr: 0.00030000000000000073 	 Training loss: 0.04619780771434307
[2024-12-07 12:27:48,109] INFO: Iter 5900 Summary: 
[2024-12-07 12:27:48,109] INFO: 	 lr: 0.00030000000000000073 	 Training loss: 0.046557549349963666
[2024-12-07 12:27:54,981] INFO: Iter 6000 Summary: 
[2024-12-07 12:27:54,981] INFO: 	 lr: 0.00030000000000000073 	 Training loss: 0.04643905758857727
[2024-12-07 12:28:01,907] INFO: Iter 6100 Summary: 
[2024-12-07 12:28:01,907] INFO: 	 lr: 0.00030000000000000073 	 Training loss: 0.04613373700529337
[2024-12-07 12:28:09,391] INFO: Iter 6200 Summary: 
[2024-12-07 12:28:09,392] INFO: 	 lr: 0.00030000000000000073 	 Training loss: 0.04612582229077816
[2024-12-07 12:28:15,826] INFO: Iter 6300 Summary: 
[2024-12-07 12:28:15,826] INFO: 	 lr: 0.00030000000000000073 	 Training loss: 0.04588845826685429
[2024-12-07 12:28:22,727] INFO: Iter 6400 Summary: 
[2024-12-07 12:28:22,727] INFO: 	 lr: 0.00030000000000000073 	 Training loss: 0.046222483925521377
[2024-12-07 12:28:29,630] INFO: Iter 6500 Summary: 
[2024-12-07 12:28:29,630] INFO: 	 lr: 0.00030000000000000073 	 Training loss: 0.04550330623984337
[2024-12-07 12:28:36,515] INFO: Iter 6600 Summary: 
[2024-12-07 12:28:36,516] INFO: 	 lr: 0.00030000000000000073 	 Training loss: 0.04530746683478355
[2024-12-07 12:28:43,412] INFO: Iter 6700 Summary: 
[2024-12-07 12:28:43,412] INFO: 	 lr: 0.00030000000000000073 	 Training loss: 0.045805346593260764
[2024-12-07 12:28:50,448] INFO: Iter 6800 Summary: 
[2024-12-07 12:28:50,448] INFO: 	 lr: 0.00030000000000000073 	 Training loss: 0.046028078645467756
[2024-12-07 12:28:57,416] INFO: Iter 6900 Summary: 
[2024-12-07 12:28:57,417] INFO: 	 lr: 0.00030000000000000073 	 Training loss: 0.04546241875737905
[2024-12-07 12:29:04,383] INFO: Iter 7000 Summary: 
[2024-12-07 12:29:04,383] INFO: 	 lr: 0.00030000000000000073 	 Training loss: 0.04597103051841259
[2024-12-07 12:29:11,208] INFO: Iter 7100 Summary: 
[2024-12-07 12:29:11,209] INFO: 	 lr: 0.00030000000000000073 	 Training loss: 0.04544552776962519
[2024-12-07 12:29:18,097] INFO: Iter 7200 Summary: 
[2024-12-07 12:29:18,098] INFO: 	 lr: 0.00030000000000000073 	 Training loss: 0.04536741714924574
[2024-12-07 12:29:24,893] INFO: Iter 7300 Summary: 
[2024-12-07 12:29:24,893] INFO: 	 lr: 0.00030000000000000073 	 Training loss: 0.045355213433504106
[2024-12-07 12:29:31,817] INFO: Iter 7400 Summary: 
[2024-12-07 12:29:31,817] INFO: 	 lr: 0.00030000000000000073 	 Training loss: 0.045096921138465404
[2024-12-07 12:29:38,775] INFO: Iter 7500 Summary: 
[2024-12-07 12:29:38,775] INFO: 	 lr: 0.00030000000000000073 	 Training loss: 0.04507197044789791
[2024-12-07 12:29:46,251] INFO: Iter 7600 Summary: 
[2024-12-07 12:29:46,251] INFO: 	 lr: 0.00030000000000000073 	 Training loss: 0.045102250836789606
[2024-12-07 12:29:53,216] INFO: Iter 7700 Summary: 
[2024-12-07 12:29:53,216] INFO: 	 lr: 0.00030000000000000073 	 Training loss: 0.04523315235972405
[2024-12-07 12:30:00,181] INFO: Iter 7800 Summary: 
[2024-12-07 12:30:00,181] INFO: 	 lr: 0.00030000000000000073 	 Training loss: 0.04497723001986742
[2024-12-07 12:30:07,087] INFO: Iter 7900 Summary: 
[2024-12-07 12:30:07,088] INFO: 	 lr: 0.00030000000000000073 	 Training loss: 0.04504442136734724
[2024-12-07 12:30:13,866] INFO: Iter 8000 Summary: 
[2024-12-07 12:30:13,866] INFO: 	 lr: 0.00030000000000000073 	 Training loss: 0.044649968780577184
[2024-12-07 12:30:21,085] INFO: Iter 8100 Summary: 
[2024-12-07 12:30:21,085] INFO: 	 lr: 0.00030000000000000073 	 Training loss: 0.044675550572574135
[2024-12-07 12:30:28,193] INFO: Iter 8200 Summary: 
[2024-12-07 12:30:28,193] INFO: 	 lr: 0.00030000000000000073 	 Training loss: 0.0447146800532937
[2024-12-07 12:30:35,464] INFO: Iter 8300 Summary: 
[2024-12-07 12:30:35,465] INFO: 	 lr: 0.00030000000000000073 	 Training loss: 0.0447529324144125
[2024-12-07 12:30:42,316] INFO: Iter 8400 Summary: 
[2024-12-07 12:30:42,317] INFO: 	 lr: 0.00030000000000000073 	 Training loss: 0.044781377501785756
[2024-12-07 12:30:49,336] INFO: Iter 8500 Summary: 
[2024-12-07 12:30:49,336] INFO: 	 lr: 0.00030000000000000073 	 Training loss: 0.04463572163134813
[2024-12-07 12:30:56,491] INFO: Iter 8600 Summary: 
[2024-12-07 12:30:56,491] INFO: 	 lr: 0.00030000000000000073 	 Training loss: 0.044491934329271315
[2024-12-07 12:31:03,092] INFO: Iter 8700 Summary: 
[2024-12-07 12:31:03,093] INFO: 	 lr: 0.00030000000000000073 	 Training loss: 0.04462489292025566
[2024-12-07 12:31:09,634] INFO: Iter 8800 Summary: 
[2024-12-07 12:31:09,634] INFO: 	 lr: 0.00030000000000000073 	 Training loss: 0.04413027413189411
[2024-12-07 12:31:16,557] INFO: Iter 8900 Summary: 
[2024-12-07 12:31:16,557] INFO: 	 lr: 0.00030000000000000073 	 Training loss: 0.04422555167227984
[2024-12-07 12:31:24,000] INFO: Iter 9000 Summary: 
[2024-12-07 12:31:24,001] INFO: 	 lr: 0.00030000000000000073 	 Training loss: 0.04424592185765505
[2024-12-07 12:31:30,903] INFO: Iter 9100 Summary: 
[2024-12-07 12:31:30,903] INFO: 	 lr: 0.00030000000000000073 	 Training loss: 0.043993812017142774
[2024-12-07 12:31:37,707] INFO: Iter 9200 Summary: 
[2024-12-07 12:31:37,707] INFO: 	 lr: 0.00030000000000000073 	 Training loss: 0.04392686225473881
[2024-12-07 12:31:44,581] INFO: Iter 9300 Summary: 
[2024-12-07 12:31:44,581] INFO: 	 lr: 0.00030000000000000073 	 Training loss: 0.04388863503932953
[2024-12-07 12:31:51,472] INFO: Iter 9400 Summary: 
[2024-12-07 12:31:51,472] INFO: 	 lr: 0.00030000000000000073 	 Training loss: 0.044012261517345906
[2024-12-07 12:31:58,347] INFO: Iter 9500 Summary: 
[2024-12-07 12:31:58,347] INFO: 	 lr: 0.00030000000000000073 	 Training loss: 0.044009961299598215
[2024-12-07 12:32:05,149] INFO: Iter 9600 Summary: 
[2024-12-07 12:32:05,150] INFO: 	 lr: 0.00030000000000000073 	 Training loss: 0.0439936276525259
[2024-12-07 12:32:12,277] INFO: Iter 9700 Summary: 
[2024-12-07 12:32:12,278] INFO: 	 lr: 0.00030000000000000073 	 Training loss: 0.0438217981159687
[2024-12-07 12:32:19,252] INFO: Iter 9800 Summary: 
[2024-12-07 12:32:19,252] INFO: 	 lr: 0.00030000000000000073 	 Training loss: 0.04395146235823631
[2024-12-07 12:32:26,072] INFO: Iter 9900 Summary: 
[2024-12-07 12:32:26,072] INFO: 	 lr: 0.00030000000000000073 	 Training loss: 0.04397648949176073
[2024-12-07 12:32:32,955] INFO: Iter 10000 Summary: 
[2024-12-07 12:32:32,955] INFO: 	 lr: 0.00030000000000000073 	 Training loss: 0.044046764448285106
[2024-12-07 12:32:41,761] INFO: Iter 10100 Summary: 
[2024-12-07 12:32:41,761] INFO: 	 lr: 0.00030000000000000073 	 Training loss: 0.04377088204026222
[2024-12-07 12:32:48,648] INFO: Iter 10200 Summary: 
[2024-12-07 12:32:48,648] INFO: 	 lr: 0.00030000000000000073 	 Training loss: 0.04327093932777643
[2024-12-07 12:32:55,559] INFO: Iter 10300 Summary: 
[2024-12-07 12:32:55,559] INFO: 	 lr: 0.00030000000000000073 	 Training loss: 0.043652977272868154
[2024-12-07 12:33:02,941] INFO: Iter 10400 Summary: 
[2024-12-07 12:33:02,942] INFO: 	 lr: 0.00030000000000000073 	 Training loss: 0.043510721176862714
[2024-12-07 12:33:09,768] INFO: Iter 10500 Summary: 
[2024-12-07 12:33:09,768] INFO: 	 lr: 0.00030000000000000073 	 Training loss: 0.043642439730465415
[2024-12-07 12:33:16,634] INFO: Iter 10600 Summary: 
[2024-12-07 12:33:16,634] INFO: 	 lr: 0.00030000000000000073 	 Training loss: 0.04358342457562685
[2024-12-07 12:33:23,583] INFO: Iter 10700 Summary: 
[2024-12-07 12:33:23,583] INFO: 	 lr: 0.00030000000000000073 	 Training loss: 0.043305248580873014
[2024-12-07 12:33:30,441] INFO: Iter 10800 Summary: 
[2024-12-07 12:33:30,441] INFO: 	 lr: 0.00030000000000000073 	 Training loss: 0.04302590101957321
[2024-12-07 12:33:37,303] INFO: Iter 10900 Summary: 
[2024-12-07 12:33:37,303] INFO: 	 lr: 0.00030000000000000073 	 Training loss: 0.043574471548199656
[2024-12-07 12:33:44,017] INFO: Iter 11000 Summary: 
[2024-12-07 12:33:44,017] INFO: 	 lr: 0.00030000000000000073 	 Training loss: 0.04352032318711281
[2024-12-07 12:33:51,263] INFO: Iter 11100 Summary: 
[2024-12-07 12:33:51,263] INFO: 	 lr: 0.00030000000000000073 	 Training loss: 0.0432555978000164
[2024-12-07 12:33:58,138] INFO: Iter 11200 Summary: 
[2024-12-07 12:33:58,139] INFO: 	 lr: 0.00030000000000000073 	 Training loss: 0.04316746391355991
[2024-12-07 12:34:04,955] INFO: Iter 11300 Summary: 
[2024-12-07 12:34:04,955] INFO: 	 lr: 0.00030000000000000073 	 Training loss: 0.04316033355891705
[2024-12-07 12:34:11,818] INFO: Iter 11400 Summary: 
[2024-12-07 12:34:11,818] INFO: 	 lr: 0.00030000000000000073 	 Training loss: 0.043224496506154536
[2024-12-07 12:34:18,625] INFO: Iter 11500 Summary: 
[2024-12-07 12:34:18,625] INFO: 	 lr: 0.00030000000000000073 	 Training loss: 0.04323315192013979
[2024-12-07 12:34:25,042] INFO: Iter 11600 Summary: 
[2024-12-07 12:34:25,042] INFO: 	 lr: 0.00030000000000000073 	 Training loss: 0.04296461209654808
[2024-12-07 12:34:32,306] INFO: Iter 11700 Summary: 
[2024-12-07 12:34:32,307] INFO: 	 lr: 0.00030000000000000073 	 Training loss: 0.043114616535604
[2024-12-07 12:34:38,671] INFO: Iter 11800 Summary: 
[2024-12-07 12:34:38,671] INFO: 	 lr: 0.00030000000000000073 	 Training loss: 0.04315705105662346
[2024-12-07 12:34:45,492] INFO: Iter 11900 Summary: 
[2024-12-07 12:34:45,492] INFO: 	 lr: 0.00030000000000000073 	 Training loss: 0.04279701359570026
[2024-12-07 12:34:52,394] INFO: Iter 12000 Summary: 
[2024-12-07 12:34:52,394] INFO: 	 lr: 0.00030000000000000073 	 Training loss: 0.04329454381018877
[2024-12-07 12:34:58,925] INFO: Iter 12100 Summary: 
[2024-12-07 12:34:58,925] INFO: 	 lr: 0.00030000000000000073 	 Training loss: 0.04274421483278275
[2024-12-07 12:35:05,616] INFO: Iter 12200 Summary: 
[2024-12-07 12:35:05,616] INFO: 	 lr: 0.00030000000000000073 	 Training loss: 0.0427002726867795
[2024-12-07 12:35:12,500] INFO: Iter 12300 Summary: 
[2024-12-07 12:35:12,501] INFO: 	 lr: 0.00030000000000000073 	 Training loss: 0.04259387698024511
[2024-12-07 12:35:19,781] INFO: Iter 12400 Summary: 
[2024-12-07 12:35:19,781] INFO: 	 lr: 0.00030000000000000073 	 Training loss: 0.04292454320937395
[2024-12-07 12:35:26,405] INFO: Iter 12500 Summary: 
[2024-12-07 12:35:26,406] INFO: 	 lr: 0.00030000000000000073 	 Training loss: 0.04278629519045353
[2024-12-07 12:35:33,197] INFO: Iter 12600 Summary: 
[2024-12-07 12:35:33,198] INFO: 	 lr: 0.00030000000000000073 	 Training loss: 0.04270908508449793
[2024-12-07 12:35:40,079] INFO: Iter 12700 Summary: 
[2024-12-07 12:35:40,079] INFO: 	 lr: 0.00030000000000000073 	 Training loss: 0.04268145728856325
[2024-12-07 12:35:46,940] INFO: Iter 12800 Summary: 
[2024-12-07 12:35:46,940] INFO: 	 lr: 0.00030000000000000073 	 Training loss: 0.0430815589055419
[2024-12-07 12:35:53,811] INFO: Iter 12900 Summary: 
[2024-12-07 12:35:53,811] INFO: 	 lr: 0.00030000000000000073 	 Training loss: 0.042759518437087536
[2024-12-07 12:36:00,665] INFO: Iter 13000 Summary: 
[2024-12-07 12:36:00,665] INFO: 	 lr: 0.00030000000000000073 	 Training loss: 0.042875224500894545
[2024-12-07 12:36:08,000] INFO: Iter 13100 Summary: 
[2024-12-07 12:36:08,001] INFO: 	 lr: 0.00030000000000000073 	 Training loss: 0.042367140538990496
[2024-12-07 12:36:14,839] INFO: Iter 13200 Summary: 
[2024-12-07 12:36:14,840] INFO: 	 lr: 0.00030000000000000073 	 Training loss: 0.042547071799635884
[2024-12-07 12:36:21,758] INFO: Iter 13300 Summary: 
[2024-12-07 12:36:21,758] INFO: 	 lr: 0.00030000000000000073 	 Training loss: 0.0426478822529316
[2024-12-07 12:36:28,582] INFO: Iter 13400 Summary: 
[2024-12-07 12:36:28,582] INFO: 	 lr: 0.00030000000000000073 	 Training loss: 0.042633558958768844
[2024-12-07 12:36:35,497] INFO: Iter 13500 Summary: 
[2024-12-07 12:36:35,497] INFO: 	 lr: 0.00030000000000000073 	 Training loss: 0.042439746409654616
[2024-12-07 12:36:42,333] INFO: Iter 13600 Summary: 
[2024-12-07 12:36:42,333] INFO: 	 lr: 0.00030000000000000073 	 Training loss: 0.04231135442852974
[2024-12-07 12:36:49,222] INFO: Iter 13700 Summary: 
[2024-12-07 12:36:49,222] INFO: 	 lr: 0.00030000000000000073 	 Training loss: 0.042647721618413924
[2024-12-07 12:36:56,647] INFO: Iter 13800 Summary: 
[2024-12-07 12:36:56,648] INFO: 	 lr: 0.00030000000000000073 	 Training loss: 0.04240699619054794
[2024-12-07 12:37:03,433] INFO: Iter 13900 Summary: 
[2024-12-07 12:37:03,434] INFO: 	 lr: 0.00030000000000000073 	 Training loss: 0.04204685050994158
[2024-12-07 12:37:09,824] INFO: Iter 14000 Summary: 
[2024-12-07 12:37:09,825] INFO: 	 lr: 0.00030000000000000073 	 Training loss: 0.0424871439114213
[2024-12-07 12:37:16,720] INFO: Iter 14100 Summary: 
[2024-12-07 12:37:16,721] INFO: 	 lr: 0.00030000000000000073 	 Training loss: 0.042334811948239806
[2024-12-07 12:37:23,639] INFO: Iter 14200 Summary: 
[2024-12-07 12:37:23,640] INFO: 	 lr: 0.00030000000000000073 	 Training loss: 0.042392334938049316
[2024-12-07 12:37:30,668] INFO: Iter 14300 Summary: 
[2024-12-07 12:37:30,669] INFO: 	 lr: 0.00030000000000000073 	 Training loss: 0.042219590097665786
[2024-12-07 12:37:37,741] INFO: Iter 14400 Summary: 
[2024-12-07 12:37:37,741] INFO: 	 lr: 0.00030000000000000073 	 Training loss: 0.04239640701562166
[2024-12-07 12:37:44,991] INFO: Iter 14500 Summary: 
[2024-12-07 12:37:44,991] INFO: 	 lr: 0.00030000000000000073 	 Training loss: 0.04222153600305319
[2024-12-07 12:37:51,682] INFO: Iter 14600 Summary: 
[2024-12-07 12:37:51,682] INFO: 	 lr: 0.00030000000000000073 	 Training loss: 0.041922664046287535
[2024-12-07 12:37:58,755] INFO: Iter 14700 Summary: 
[2024-12-07 12:37:58,756] INFO: 	 lr: 0.00030000000000000073 	 Training loss: 0.04242333274334669
[2024-12-07 12:38:05,555] INFO: Iter 14800 Summary: 
[2024-12-07 12:38:05,555] INFO: 	 lr: 0.00030000000000000073 	 Training loss: 0.042055048868060114
[2024-12-07 12:38:12,411] INFO: Iter 14900 Summary: 
[2024-12-07 12:38:12,412] INFO: 	 lr: 0.00030000000000000073 	 Training loss: 0.041920094043016436
[2024-12-07 12:38:19,258] INFO: Iter 15000 Summary: 
[2024-12-07 12:38:19,259] INFO: 	 lr: 0.00030000000000000073 	 Training loss: 0.042041210792958736
[2024-12-07 12:38:28,114] INFO: Iter 15100 Summary: 
[2024-12-07 12:38:28,114] INFO: 	 lr: 0.00030000000000000073 	 Training loss: 0.04220600470900535
[2024-12-07 12:38:35,617] INFO: Iter 15200 Summary: 
[2024-12-07 12:38:35,617] INFO: 	 lr: 0.00030000000000000073 	 Training loss: 0.04217597704380751
[2024-12-07 12:38:42,571] INFO: Iter 15300 Summary: 
[2024-12-07 12:38:42,572] INFO: 	 lr: 0.00030000000000000073 	 Training loss: 0.04190936733037234
[2024-12-07 12:38:49,540] INFO: Iter 15400 Summary: 
[2024-12-07 12:38:49,540] INFO: 	 lr: 0.00030000000000000073 	 Training loss: 0.042304714322090146
[2024-12-07 12:38:56,479] INFO: Iter 15500 Summary: 
[2024-12-07 12:38:56,479] INFO: 	 lr: 0.00030000000000000073 	 Training loss: 0.041813654452562334
[2024-12-07 12:39:03,393] INFO: Iter 15600 Summary: 
[2024-12-07 12:39:03,393] INFO: 	 lr: 0.00030000000000000073 	 Training loss: 0.0419250850006938
[2024-12-07 12:39:10,297] INFO: Iter 15700 Summary: 
[2024-12-07 12:39:10,297] INFO: 	 lr: 0.00030000000000000073 	 Training loss: 0.04202057838439941
[2024-12-07 12:39:17,236] INFO: Iter 15800 Summary: 
[2024-12-07 12:39:17,237] INFO: 	 lr: 0.00030000000000000073 	 Training loss: 0.04187043555080891
[2024-12-07 12:39:24,563] INFO: Iter 15900 Summary: 
[2024-12-07 12:39:24,564] INFO: 	 lr: 0.00030000000000000073 	 Training loss: 0.04195055384188891
[2024-12-07 12:39:31,482] INFO: Iter 16000 Summary: 
[2024-12-07 12:39:31,482] INFO: 	 lr: 0.00030000000000000073 	 Training loss: 0.04204773373901844
[2024-12-07 12:39:38,400] INFO: Iter 16100 Summary: 
[2024-12-07 12:39:38,400] INFO: 	 lr: 0.00030000000000000073 	 Training loss: 0.04206478506326675
[2024-12-07 12:39:45,332] INFO: Iter 16200 Summary: 
[2024-12-07 12:39:45,333] INFO: 	 lr: 0.00030000000000000073 	 Training loss: 0.041711999736726284
[2024-12-07 12:39:52,226] INFO: Iter 16300 Summary: 
[2024-12-07 12:39:52,226] INFO: 	 lr: 0.00030000000000000073 	 Training loss: 0.0419543869048357
[2024-12-07 12:39:59,113] INFO: Iter 16400 Summary: 
[2024-12-07 12:39:59,113] INFO: 	 lr: 0.00030000000000000073 	 Training loss: 0.04178391125053167
[2024-12-07 12:40:05,809] INFO: Iter 16500 Summary: 
[2024-12-07 12:40:05,809] INFO: 	 lr: 0.00030000000000000073 	 Training loss: 0.04194423962384462
[2024-12-07 12:40:13,225] INFO: Iter 16600 Summary: 
[2024-12-07 12:40:13,226] INFO: 	 lr: 0.00030000000000000073 	 Training loss: 0.04169813297688961
[2024-12-07 12:40:19,891] INFO: Iter 16700 Summary: 
[2024-12-07 12:40:19,891] INFO: 	 lr: 0.00030000000000000073 	 Training loss: 0.041843775883316996
[2024-12-07 12:40:26,642] INFO: Iter 16800 Summary: 
[2024-12-07 12:40:26,642] INFO: 	 lr: 0.00030000000000000073 	 Training loss: 0.04188448019325733
[2024-12-07 12:40:33,859] INFO: Iter 16900 Summary: 
[2024-12-07 12:40:33,859] INFO: 	 lr: 0.00030000000000000073 	 Training loss: 0.04190063957124948
[2024-12-07 12:40:40,762] INFO: Iter 17000 Summary: 
[2024-12-07 12:40:40,762] INFO: 	 lr: 0.00030000000000000073 	 Training loss: 0.04158774353563786
[2024-12-07 12:40:47,666] INFO: Iter 17100 Summary: 
[2024-12-07 12:40:47,667] INFO: 	 lr: 0.00030000000000000073 	 Training loss: 0.04188436813652516
[2024-12-07 12:40:54,556] INFO: Iter 17200 Summary: 
[2024-12-07 12:40:54,556] INFO: 	 lr: 0.00030000000000000073 	 Training loss: 0.04174161590635776
[2024-12-07 12:41:01,892] INFO: Iter 17300 Summary: 
[2024-12-07 12:41:01,893] INFO: 	 lr: 0.00030000000000000073 	 Training loss: 0.041536008529365065
[2024-12-07 12:41:08,446] INFO: Iter 17400 Summary: 
[2024-12-07 12:41:08,446] INFO: 	 lr: 0.00030000000000000073 	 Training loss: 0.041612251959741116
[2024-12-07 12:41:15,339] INFO: Iter 17500 Summary: 
[2024-12-07 12:41:15,339] INFO: 	 lr: 0.00030000000000000073 	 Training loss: 0.041873560324311256
[2024-12-07 12:41:22,328] INFO: Iter 17600 Summary: 
[2024-12-07 12:41:22,329] INFO: 	 lr: 0.00030000000000000073 	 Training loss: 0.04143356315791607
[2024-12-07 12:41:29,202] INFO: Iter 17700 Summary: 
[2024-12-07 12:41:29,202] INFO: 	 lr: 0.00030000000000000073 	 Training loss: 0.04163730662316084
[2024-12-07 12:41:36,172] INFO: Iter 17800 Summary: 
[2024-12-07 12:41:36,173] INFO: 	 lr: 0.00030000000000000073 	 Training loss: 0.04176158264279366
[2024-12-07 12:41:43,595] INFO: Iter 17900 Summary: 
[2024-12-07 12:41:43,595] INFO: 	 lr: 0.00030000000000000073 	 Training loss: 0.04164968878030777
[2024-12-07 12:41:50,453] INFO: Iter 18000 Summary: 
[2024-12-07 12:41:50,453] INFO: 	 lr: 0.00030000000000000073 	 Training loss: 0.041794399283826354
[2024-12-07 12:41:57,368] INFO: Iter 18100 Summary: 
[2024-12-07 12:41:57,369] INFO: 	 lr: 0.00030000000000000073 	 Training loss: 0.04143620945513248
[2024-12-07 12:42:04,251] INFO: Iter 18200 Summary: 
[2024-12-07 12:42:04,251] INFO: 	 lr: 0.00030000000000000073 	 Training loss: 0.041431003659963606
[2024-12-07 12:42:10,947] INFO: Iter 18300 Summary: 
[2024-12-07 12:42:10,947] INFO: 	 lr: 0.00030000000000000073 	 Training loss: 0.04155537817627192
[2024-12-07 12:42:17,341] INFO: Iter 18400 Summary: 
[2024-12-07 12:42:17,341] INFO: 	 lr: 0.00030000000000000073 	 Training loss: 0.04152959804981947
[2024-12-07 12:42:24,233] INFO: Iter 18500 Summary: 
[2024-12-07 12:42:24,234] INFO: 	 lr: 0.00030000000000000073 	 Training loss: 0.041483165547251705
[2024-12-07 12:42:31,594] INFO: Iter 18600 Summary: 
[2024-12-07 12:42:31,594] INFO: 	 lr: 0.00030000000000000073 	 Training loss: 0.04157677613198757
[2024-12-07 12:42:38,518] INFO: Iter 18700 Summary: 
[2024-12-07 12:42:38,518] INFO: 	 lr: 0.00030000000000000073 	 Training loss: 0.04159131769090891
[2024-12-07 12:42:45,279] INFO: Iter 18800 Summary: 
[2024-12-07 12:42:45,280] INFO: 	 lr: 0.00030000000000000073 	 Training loss: 0.041185657754540445
[2024-12-07 12:42:52,216] INFO: Iter 18900 Summary: 
[2024-12-07 12:42:52,216] INFO: 	 lr: 0.00030000000000000073 	 Training loss: 0.041319522485136984
[2024-12-07 12:42:59,240] INFO: Iter 19000 Summary: 
[2024-12-07 12:42:59,240] INFO: 	 lr: 0.00030000000000000073 	 Training loss: 0.041421423591673376
[2024-12-07 12:43:06,220] INFO: Iter 19100 Summary: 
[2024-12-07 12:43:06,220] INFO: 	 lr: 0.00030000000000000073 	 Training loss: 0.04168716195970774
[2024-12-07 12:43:13,087] INFO: Iter 19200 Summary: 
[2024-12-07 12:43:13,087] INFO: 	 lr: 0.00030000000000000073 	 Training loss: 0.04117974687367678
[2024-12-07 12:43:20,705] INFO: Iter 19300 Summary: 
[2024-12-07 12:43:20,706] INFO: 	 lr: 0.00030000000000000073 	 Training loss: 0.041341362819075585
[2024-12-07 12:43:27,607] INFO: Iter 19400 Summary: 
[2024-12-07 12:43:27,607] INFO: 	 lr: 0.00030000000000000073 	 Training loss: 0.04136333763599396
[2024-12-07 12:43:34,384] INFO: Iter 19500 Summary: 
[2024-12-07 12:43:34,384] INFO: 	 lr: 0.00030000000000000073 	 Training loss: 0.04112694039940834
[2024-12-07 12:43:41,320] INFO: Iter 19600 Summary: 
[2024-12-07 12:43:41,321] INFO: 	 lr: 0.00030000000000000073 	 Training loss: 0.04185768414288759
[2024-12-07 12:43:48,227] INFO: Iter 19700 Summary: 
[2024-12-07 12:43:48,227] INFO: 	 lr: 0.00030000000000000073 	 Training loss: 0.040930344499647615
[2024-12-07 12:43:55,044] INFO: Iter 19800 Summary: 
[2024-12-07 12:43:55,044] INFO: 	 lr: 0.00030000000000000073 	 Training loss: 0.041464203596115114
[2024-12-07 12:44:01,619] INFO: Iter 19900 Summary: 
[2024-12-07 12:44:01,619] INFO: 	 lr: 0.00030000000000000073 	 Training loss: 0.04098724871873856
[2024-12-07 12:44:08,815] INFO: Iter 20000 Summary: 
[2024-12-07 12:44:08,815] INFO: 	 lr: 0.00030000000000000073 	 Training loss: 0.04125856213271618
[2024-12-07 12:44:17,594] INFO: Iter 20100 Summary: 
[2024-12-07 12:44:17,594] INFO: 	 lr: 0.00030000000000000073 	 Training loss: 0.040992539040744305
[2024-12-07 12:44:24,462] INFO: Iter 20200 Summary: 
[2024-12-07 12:44:24,462] INFO: 	 lr: 0.00030000000000000073 	 Training loss: 0.04106653168797493
[2024-12-07 12:44:31,209] INFO: Iter 20300 Summary: 
[2024-12-07 12:44:31,209] INFO: 	 lr: 0.00030000000000000073 	 Training loss: 0.040969431847333905
[2024-12-07 12:44:37,877] INFO: Iter 20400 Summary: 
[2024-12-07 12:44:37,877] INFO: 	 lr: 0.00030000000000000073 	 Training loss: 0.04119923539459705
[2024-12-07 12:44:44,560] INFO: Iter 20500 Summary: 
[2024-12-07 12:44:44,560] INFO: 	 lr: 0.00030000000000000073 	 Training loss: 0.04134252779185772
[2024-12-07 12:44:50,893] INFO: Iter 20600 Summary: 
[2024-12-07 12:44:50,893] INFO: 	 lr: 0.00030000000000000073 	 Training loss: 0.04157816872000694
[2024-12-07 12:44:58,110] INFO: Iter 20700 Summary: 
[2024-12-07 12:44:58,110] INFO: 	 lr: 0.00030000000000000073 	 Training loss: 0.04116525914520025
[2024-12-07 12:45:04,797] INFO: Iter 20800 Summary: 
[2024-12-07 12:45:04,797] INFO: 	 lr: 0.00030000000000000073 	 Training loss: 0.04107857577502728
[2024-12-07 12:45:11,717] INFO: Iter 20900 Summary: 
[2024-12-07 12:45:11,717] INFO: 	 lr: 0.00030000000000000073 	 Training loss: 0.04111930470913649
[2024-12-07 12:45:18,896] INFO: Iter 21000 Summary: 
[2024-12-07 12:45:18,897] INFO: 	 lr: 0.00030000000000000073 	 Training loss: 0.04131352685391903
[2024-12-07 12:45:25,867] INFO: Iter 21100 Summary: 
[2024-12-07 12:45:25,867] INFO: 	 lr: 0.00030000000000000073 	 Training loss: 0.041144986636936665
[2024-12-07 12:45:32,760] INFO: Iter 21200 Summary: 
[2024-12-07 12:45:32,760] INFO: 	 lr: 0.00030000000000000073 	 Training loss: 0.041321836672723294
[2024-12-07 12:45:39,496] INFO: Iter 21300 Summary: 
[2024-12-07 12:45:39,496] INFO: 	 lr: 0.00030000000000000073 	 Training loss: 0.041133708842098715
[2024-12-07 12:45:46,804] INFO: Iter 21400 Summary: 
[2024-12-07 12:45:46,804] INFO: 	 lr: 0.00030000000000000073 	 Training loss: 0.040956705585122107
[2024-12-07 12:45:53,687] INFO: Iter 21500 Summary: 
[2024-12-07 12:45:53,687] INFO: 	 lr: 0.00030000000000000073 	 Training loss: 0.04104645919054747
[2024-12-07 12:46:00,449] INFO: Iter 21600 Summary: 
[2024-12-07 12:46:00,449] INFO: 	 lr: 0.00030000000000000073 	 Training loss: 0.041147604063153265
[2024-12-07 12:46:07,199] INFO: Iter 21700 Summary: 
[2024-12-07 12:46:07,199] INFO: 	 lr: 0.00030000000000000073 	 Training loss: 0.04106856901198626
[2024-12-07 12:46:14,189] INFO: Iter 21800 Summary: 
[2024-12-07 12:46:14,190] INFO: 	 lr: 0.00030000000000000073 	 Training loss: 0.04095794852823019
[2024-12-07 12:46:21,152] INFO: Iter 21900 Summary: 
[2024-12-07 12:46:21,153] INFO: 	 lr: 0.00030000000000000073 	 Training loss: 0.0414785248413682
[2024-12-07 12:46:28,084] INFO: Iter 22000 Summary: 
[2024-12-07 12:46:28,084] INFO: 	 lr: 0.00030000000000000073 	 Training loss: 0.04118529733270407
[2024-12-07 12:46:35,766] INFO: Iter 22100 Summary: 
[2024-12-07 12:46:35,767] INFO: 	 lr: 0.00030000000000000073 	 Training loss: 0.04075674347579479
[2024-12-07 12:46:42,633] INFO: Iter 22200 Summary: 
[2024-12-07 12:46:42,633] INFO: 	 lr: 0.00030000000000000073 	 Training loss: 0.04081264764070511
[2024-12-07 12:46:49,433] INFO: Iter 22300 Summary: 
[2024-12-07 12:46:49,434] INFO: 	 lr: 0.00030000000000000073 	 Training loss: 0.041021959222853184
[2024-12-07 12:46:56,411] INFO: Iter 22400 Summary: 
[2024-12-07 12:46:56,411] INFO: 	 lr: 0.00030000000000000073 	 Training loss: 0.04109226442873478
[2024-12-07 12:47:03,376] INFO: Iter 22500 Summary: 
[2024-12-07 12:47:03,376] INFO: 	 lr: 0.00030000000000000073 	 Training loss: 0.040793095603585246
[2024-12-07 12:47:10,385] INFO: Iter 22600 Summary: 
[2024-12-07 12:47:10,385] INFO: 	 lr: 0.00030000000000000073 	 Training loss: 0.041095972657203675
[2024-12-07 12:47:17,401] INFO: Iter 22700 Summary: 
[2024-12-07 12:47:17,402] INFO: 	 lr: 0.00030000000000000073 	 Training loss: 0.04123844273388386
[2024-12-07 12:47:24,869] INFO: Iter 22800 Summary: 
[2024-12-07 12:47:24,869] INFO: 	 lr: 0.00030000000000000073 	 Training loss: 0.04107958171516657
[2024-12-07 12:47:31,452] INFO: Iter 22900 Summary: 
[2024-12-07 12:47:31,452] INFO: 	 lr: 0.00030000000000000073 	 Training loss: 0.041230704560875894
[2024-12-07 12:47:38,396] INFO: Iter 23000 Summary: 
[2024-12-07 12:47:38,397] INFO: 	 lr: 0.00030000000000000073 	 Training loss: 0.0408250929787755
[2024-12-07 12:47:45,346] INFO: Iter 23100 Summary: 
[2024-12-07 12:47:45,346] INFO: 	 lr: 0.00030000000000000073 	 Training loss: 0.04083973068743944
[2024-12-07 12:47:52,426] INFO: Iter 23200 Summary: 
[2024-12-07 12:47:52,426] INFO: 	 lr: 0.00030000000000000073 	 Training loss: 0.04065940923988819
[2024-12-07 12:47:59,460] INFO: Iter 23300 Summary: 
[2024-12-07 12:47:59,460] INFO: 	 lr: 0.00030000000000000073 	 Training loss: 0.04084231425076723
[2024-12-07 12:48:06,425] INFO: Iter 23400 Summary: 
[2024-12-07 12:48:06,426] INFO: 	 lr: 0.00030000000000000073 	 Training loss: 0.040687761567533016
[2024-12-07 12:48:13,093] INFO: Iter 23500 Summary: 
[2024-12-07 12:48:13,093] INFO: 	 lr: 0.00030000000000000073 	 Training loss: 0.04076204378157854
[2024-12-07 12:48:20,035] INFO: Iter 23600 Summary: 
[2024-12-07 12:48:20,035] INFO: 	 lr: 0.00030000000000000073 	 Training loss: 0.040845047198235986
[2024-12-07 12:48:26,914] INFO: Iter 23700 Summary: 
[2024-12-07 12:48:26,914] INFO: 	 lr: 0.00030000000000000073 	 Training loss: 0.04080152455717325
[2024-12-07 12:48:33,817] INFO: Iter 23800 Summary: 
[2024-12-07 12:48:33,817] INFO: 	 lr: 0.00030000000000000073 	 Training loss: 0.040850534923374655
[2024-12-07 12:48:40,539] INFO: Iter 23900 Summary: 
[2024-12-07 12:48:40,539] INFO: 	 lr: 0.00030000000000000073 	 Training loss: 0.040596565939486025
[2024-12-07 12:48:47,363] INFO: Iter 24000 Summary: 
[2024-12-07 12:48:47,363] INFO: 	 lr: 0.00030000000000000073 	 Training loss: 0.04098826188594103
[2024-12-07 12:48:54,835] INFO: Iter 24100 Summary: 
[2024-12-07 12:48:54,835] INFO: 	 lr: 0.00030000000000000073 	 Training loss: 0.04120779987424612
[2024-12-07 12:49:01,649] INFO: Iter 24200 Summary: 
[2024-12-07 12:49:01,650] INFO: 	 lr: 0.00030000000000000073 	 Training loss: 0.04072188634425402
[2024-12-07 12:49:08,288] INFO: Iter 24300 Summary: 
[2024-12-07 12:49:08,288] INFO: 	 lr: 0.00030000000000000073 	 Training loss: 0.04082872331142426
[2024-12-07 12:49:15,174] INFO: Iter 24400 Summary: 
[2024-12-07 12:49:15,175] INFO: 	 lr: 0.00030000000000000073 	 Training loss: 0.04075640447437763
[2024-12-07 12:49:22,064] INFO: Iter 24500 Summary: 
[2024-12-07 12:49:22,064] INFO: 	 lr: 0.00030000000000000073 	 Training loss: 0.040368536189198494
[2024-12-07 12:49:28,872] INFO: Iter 24600 Summary: 
[2024-12-07 12:49:28,872] INFO: 	 lr: 0.00030000000000000073 	 Training loss: 0.040894919149577616
[2024-12-07 12:49:35,685] INFO: Iter 24700 Summary: 
[2024-12-07 12:49:35,685] INFO: 	 lr: 0.00030000000000000073 	 Training loss: 0.040823430307209495
[2024-12-07 12:49:42,891] INFO: Iter 24800 Summary: 
[2024-12-07 12:49:42,892] INFO: 	 lr: 0.00030000000000000073 	 Training loss: 0.040512085482478144
[2024-12-07 12:49:49,539] INFO: Iter 24900 Summary: 
[2024-12-07 12:49:49,539] INFO: 	 lr: 0.00030000000000000073 	 Training loss: 0.04075880508869886
[2024-12-07 12:49:56,433] INFO: Iter 25000 Summary: 
[2024-12-07 12:49:56,433] INFO: 	 lr: 0.00030000000000000073 	 Training loss: 0.0406714428216219
[2024-12-07 12:50:05,281] INFO: Iter 25100 Summary: 
[2024-12-07 12:50:05,282] INFO: 	 lr: 0.00030000000000000073 	 Training loss: 0.04087566900998354
[2024-12-07 12:50:12,189] INFO: Iter 25200 Summary: 
[2024-12-07 12:50:12,189] INFO: 	 lr: 0.00030000000000000073 	 Training loss: 0.040667464695870875
[2024-12-07 12:50:19,090] INFO: Iter 25300 Summary: 
[2024-12-07 12:50:19,091] INFO: 	 lr: 0.00030000000000000073 	 Training loss: 0.040714597515761855
[2024-12-07 12:50:25,999] INFO: Iter 25400 Summary: 
[2024-12-07 12:50:25,999] INFO: 	 lr: 0.00030000000000000073 	 Training loss: 0.040914958380162715
[2024-12-07 12:50:33,347] INFO: Iter 25500 Summary: 
[2024-12-07 12:50:33,347] INFO: 	 lr: 0.00030000000000000073 	 Training loss: 0.04065983157604933
[2024-12-07 12:50:40,259] INFO: Iter 25600 Summary: 
[2024-12-07 12:50:40,259] INFO: 	 lr: 0.00030000000000000073 	 Training loss: 0.040634902864694594
[2024-12-07 12:50:47,147] INFO: Iter 25700 Summary: 
[2024-12-07 12:50:47,147] INFO: 	 lr: 0.00030000000000000073 	 Training loss: 0.04061427965760231
[2024-12-07 12:50:54,029] INFO: Iter 25800 Summary: 
[2024-12-07 12:50:54,029] INFO: 	 lr: 0.00030000000000000073 	 Training loss: 0.0408275256305933
[2024-12-07 12:51:00,614] INFO: Iter 25900 Summary: 
[2024-12-07 12:51:00,614] INFO: 	 lr: 0.00030000000000000073 	 Training loss: 0.04058181598782539
[2024-12-07 12:51:07,511] INFO: Iter 26000 Summary: 
[2024-12-07 12:51:07,511] INFO: 	 lr: 0.00030000000000000073 	 Training loss: 0.040599127411842344
[2024-12-07 12:51:14,408] INFO: Iter 26100 Summary: 
[2024-12-07 12:51:14,409] INFO: 	 lr: 0.00030000000000000073 	 Training loss: 0.04078398987650871
[2024-12-07 12:51:21,860] INFO: Iter 26200 Summary: 
[2024-12-07 12:51:21,860] INFO: 	 lr: 0.00030000000000000073 	 Training loss: 0.04063891801983118
[2024-12-07 12:51:28,764] INFO: Iter 26300 Summary: 
[2024-12-07 12:51:28,765] INFO: 	 lr: 0.00030000000000000073 	 Training loss: 0.04078732870519161
[2024-12-07 12:51:35,716] INFO: Iter 26400 Summary: 
[2024-12-07 12:51:35,716] INFO: 	 lr: 0.00030000000000000073 	 Training loss: 0.040967963337898254
[2024-12-07 12:51:42,540] INFO: Iter 26500 Summary: 
[2024-12-07 12:51:42,540] INFO: 	 lr: 0.00030000000000000073 	 Training loss: 0.04076273005455732
[2024-12-07 12:51:49,295] INFO: Iter 26600 Summary: 
[2024-12-07 12:51:49,295] INFO: 	 lr: 0.00030000000000000073 	 Training loss: 0.04103317830711603
[2024-12-07 12:51:55,884] INFO: Iter 26700 Summary: 
[2024-12-07 12:51:55,884] INFO: 	 lr: 0.00030000000000000073 	 Training loss: 0.04081007644534111
[2024-12-07 12:52:02,455] INFO: Iter 26800 Summary: 
[2024-12-07 12:52:02,455] INFO: 	 lr: 0.00030000000000000073 	 Training loss: 0.04044994488358498
[2024-12-07 12:52:09,556] INFO: Iter 26900 Summary: 
[2024-12-07 12:52:09,556] INFO: 	 lr: 0.00030000000000000073 	 Training loss: 0.040666561275720596
[2024-12-07 12:52:16,450] INFO: Iter 27000 Summary: 
[2024-12-07 12:52:16,451] INFO: 	 lr: 0.00030000000000000073 	 Training loss: 0.04088807556778193
[2024-12-07 12:52:23,348] INFO: Iter 27100 Summary: 
[2024-12-07 12:52:23,348] INFO: 	 lr: 0.00030000000000000073 	 Training loss: 0.04102383099496364
[2024-12-07 12:52:30,060] INFO: Iter 27200 Summary: 
[2024-12-07 12:52:30,061] INFO: 	 lr: 0.00030000000000000073 	 Training loss: 0.04022921070456505
[2024-12-07 12:52:36,940] INFO: Iter 27300 Summary: 
[2024-12-07 12:52:36,941] INFO: 	 lr: 0.00030000000000000073 	 Training loss: 0.0407122703269124
[2024-12-07 12:52:43,837] INFO: Iter 27400 Summary: 
[2024-12-07 12:52:43,837] INFO: 	 lr: 0.00030000000000000073 	 Training loss: 0.040485298372805116
[2024-12-07 12:52:50,775] INFO: Iter 27500 Summary: 
[2024-12-07 12:52:50,776] INFO: 	 lr: 0.00030000000000000073 	 Training loss: 0.04031087502837181
[2024-12-07 12:52:57,928] INFO: Iter 27600 Summary: 
[2024-12-07 12:52:57,928] INFO: 	 lr: 0.00030000000000000073 	 Training loss: 0.04035870857536793
[2024-12-07 12:53:04,849] INFO: Iter 27700 Summary: 
[2024-12-07 12:53:04,849] INFO: 	 lr: 0.00030000000000000073 	 Training loss: 0.040430497974157334
[2024-12-07 12:53:11,790] INFO: Iter 27800 Summary: 
[2024-12-07 12:53:11,790] INFO: 	 lr: 0.00030000000000000073 	 Training loss: 0.040311946719884875
[2024-12-07 12:53:18,721] INFO: Iter 27900 Summary: 
[2024-12-07 12:53:18,722] INFO: 	 lr: 0.00030000000000000073 	 Training loss: 0.04083776425570249
[2024-12-07 12:53:25,573] INFO: Iter 28000 Summary: 
[2024-12-07 12:53:25,573] INFO: 	 lr: 0.00030000000000000073 	 Training loss: 0.04048666849732399
[2024-12-07 12:53:32,364] INFO: Iter 28100 Summary: 
[2024-12-07 12:53:32,364] INFO: 	 lr: 0.00030000000000000073 	 Training loss: 0.0408188970759511
[2024-12-07 12:53:39,245] INFO: Iter 28200 Summary: 
[2024-12-07 12:53:39,246] INFO: 	 lr: 0.00030000000000000073 	 Training loss: 0.040503554567694666
[2024-12-07 12:53:46,202] INFO: Iter 28300 Summary: 
[2024-12-07 12:53:46,202] INFO: 	 lr: 0.00030000000000000073 	 Training loss: 0.04026931971311569
[2024-12-07 12:53:52,675] INFO: Iter 28400 Summary: 
[2024-12-07 12:53:52,675] INFO: 	 lr: 0.00030000000000000073 	 Training loss: 0.040597017668187615
[2024-12-07 12:53:59,188] INFO: Iter 28500 Summary: 
[2024-12-07 12:53:59,188] INFO: 	 lr: 0.00030000000000000073 	 Training loss: 0.04083069935441017
[2024-12-07 12:54:05,873] INFO: Iter 28600 Summary: 
[2024-12-07 12:54:05,873] INFO: 	 lr: 0.00030000000000000073 	 Training loss: 0.04055233664810658
[2024-12-07 12:54:12,729] INFO: Iter 28700 Summary: 
[2024-12-07 12:54:12,730] INFO: 	 lr: 0.00030000000000000073 	 Training loss: 0.04033575017005205
[2024-12-07 12:54:19,242] INFO: Iter 28800 Summary: 
[2024-12-07 12:54:19,242] INFO: 	 lr: 0.00030000000000000073 	 Training loss: 0.0406139350682497
[2024-12-07 12:54:25,984] INFO: Iter 28900 Summary: 
[2024-12-07 12:54:25,985] INFO: 	 lr: 0.00030000000000000073 	 Training loss: 0.04029412541538477
[2024-12-07 12:54:32,898] INFO: Iter 29000 Summary: 
[2024-12-07 12:54:32,899] INFO: 	 lr: 0.00030000000000000073 	 Training loss: 0.0405259621143341
[2024-12-07 12:54:39,680] INFO: Iter 29100 Summary: 
[2024-12-07 12:54:39,680] INFO: 	 lr: 0.00030000000000000073 	 Training loss: 0.04038388837128878
[2024-12-07 12:54:46,605] INFO: Iter 29200 Summary: 
[2024-12-07 12:54:46,605] INFO: 	 lr: 0.00030000000000000073 	 Training loss: 0.04030098140239716
[2024-12-07 12:54:53,554] INFO: Iter 29300 Summary: 
[2024-12-07 12:54:53,554] INFO: 	 lr: 0.00030000000000000073 	 Training loss: 0.040386409312486646
[2024-12-07 12:55:00,222] INFO: Iter 29400 Summary: 
[2024-12-07 12:55:00,222] INFO: 	 lr: 0.00030000000000000073 	 Training loss: 0.040839813202619556
[2024-12-07 12:55:06,560] INFO: Iter 29500 Summary: 
[2024-12-07 12:55:06,560] INFO: 	 lr: 0.00030000000000000073 	 Training loss: 0.040677601955831054
[2024-12-07 12:55:13,759] INFO: Iter 29600 Summary: 
[2024-12-07 12:55:13,759] INFO: 	 lr: 0.00030000000000000073 	 Training loss: 0.04078136041760445
[2024-12-07 12:55:20,022] INFO: Iter 29700 Summary: 
[2024-12-07 12:55:20,022] INFO: 	 lr: 0.00030000000000000073 	 Training loss: 0.04033117219805717
[2024-12-07 12:55:26,412] INFO: Iter 29800 Summary: 
[2024-12-07 12:55:26,412] INFO: 	 lr: 0.00030000000000000073 	 Training loss: 0.04068249620497227
[2024-12-07 12:55:33,077] INFO: Iter 29900 Summary: 
[2024-12-07 12:55:33,077] INFO: 	 lr: 0.00030000000000000073 	 Training loss: 0.04081502970308065
[2024-12-07 12:55:39,850] INFO: Iter 30000 Summary: 
[2024-12-07 12:55:39,850] INFO: 	 lr: 0.00030000000000000073 	 Training loss: 0.04030503988265991
[2024-12-07 12:55:48,538] INFO: Iter 30100 Summary: 
[2024-12-07 12:55:48,538] INFO: 	 lr: 1.2900000000000026e-05 	 Training loss: 0.03953479707241058
[2024-12-07 12:55:55,349] INFO: Iter 30200 Summary: 
[2024-12-07 12:55:55,350] INFO: 	 lr: 1.000000000000002e-05 	 Training loss: 0.039062052145600316
[2024-12-07 12:56:02,509] INFO: Iter 30300 Summary: 
[2024-12-07 12:56:02,510] INFO: 	 lr: 1.000000000000002e-05 	 Training loss: 0.03918018709868193
[2024-12-07 12:56:09,262] INFO: Iter 30400 Summary: 
[2024-12-07 12:56:09,262] INFO: 	 lr: 1.000000000000002e-05 	 Training loss: 0.03917534735053778
[2024-12-07 12:56:16,181] INFO: Iter 30500 Summary: 
[2024-12-07 12:56:16,181] INFO: 	 lr: 1.000000000000002e-05 	 Training loss: 0.03893778134137392
[2024-12-07 12:56:23,175] INFO: Iter 30600 Summary: 
[2024-12-07 12:56:23,176] INFO: 	 lr: 1.000000000000002e-05 	 Training loss: 0.03887259587645531
[2024-12-07 12:56:30,088] INFO: Iter 30700 Summary: 
[2024-12-07 12:56:30,088] INFO: 	 lr: 1.000000000000002e-05 	 Training loss: 0.03891509745270014
[2024-12-07 12:56:36,985] INFO: Iter 30800 Summary: 
[2024-12-07 12:56:36,986] INFO: 	 lr: 1.000000000000002e-05 	 Training loss: 0.03877190310508013
[2024-12-07 12:56:43,904] INFO: Iter 30900 Summary: 
[2024-12-07 12:56:43,904] INFO: 	 lr: 1.000000000000002e-05 	 Training loss: 0.03863528955727816
[2024-12-07 12:56:51,275] INFO: Iter 31000 Summary: 
[2024-12-07 12:56:51,276] INFO: 	 lr: 1.000000000000002e-05 	 Training loss: 0.038552103228867055
[2024-12-07 12:56:58,155] INFO: Iter 31100 Summary: 
[2024-12-07 12:56:58,155] INFO: 	 lr: 1.000000000000002e-05 	 Training loss: 0.03886983532458544
[2024-12-07 12:57:05,022] INFO: Iter 31200 Summary: 
[2024-12-07 12:57:05,022] INFO: 	 lr: 1.000000000000002e-05 	 Training loss: 0.03865015804767609
[2024-12-07 12:57:11,953] INFO: Iter 31300 Summary: 
[2024-12-07 12:57:11,953] INFO: 	 lr: 1.000000000000002e-05 	 Training loss: 0.03877648927271366
[2024-12-07 12:57:18,869] INFO: Iter 31400 Summary: 
[2024-12-07 12:57:18,869] INFO: 	 lr: 1.000000000000002e-05 	 Training loss: 0.03860533397644758
[2024-12-07 12:57:25,767] INFO: Iter 31500 Summary: 
[2024-12-07 12:57:25,767] INFO: 	 lr: 1.000000000000002e-05 	 Training loss: 0.03877874094992876
[2024-12-07 12:57:32,612] INFO: Iter 31600 Summary: 
[2024-12-07 12:57:32,612] INFO: 	 lr: 1.000000000000002e-05 	 Training loss: 0.038735305964946745
[2024-12-07 12:57:40,162] INFO: Iter 31700 Summary: 
[2024-12-07 12:57:40,162] INFO: 	 lr: 1.000000000000002e-05 	 Training loss: 0.038676452599465845
[2024-12-07 12:57:47,096] INFO: Iter 31800 Summary: 
[2024-12-07 12:57:47,096] INFO: 	 lr: 1.000000000000002e-05 	 Training loss: 0.03902889981865883
[2024-12-07 12:57:54,029] INFO: Iter 31900 Summary: 
[2024-12-07 12:57:54,030] INFO: 	 lr: 1.000000000000002e-05 	 Training loss: 0.03872954916208982
[2024-12-07 12:58:00,551] INFO: Iter 32000 Summary: 
[2024-12-07 12:58:00,551] INFO: 	 lr: 1.000000000000002e-05 	 Training loss: 0.038736941292881966
[2024-12-07 12:58:07,464] INFO: Iter 32100 Summary: 
[2024-12-07 12:58:07,464] INFO: 	 lr: 1.000000000000002e-05 	 Training loss: 0.038456499427556995
[2024-12-07 12:58:14,329] INFO: Iter 32200 Summary: 
[2024-12-07 12:58:14,329] INFO: 	 lr: 1.000000000000002e-05 	 Training loss: 0.038398109637200833
[2024-12-07 12:58:21,260] INFO: Iter 32300 Summary: 
[2024-12-07 12:58:21,260] INFO: 	 lr: 1.000000000000002e-05 	 Training loss: 0.03862027250230313
[2024-12-07 12:58:28,714] INFO: Iter 32400 Summary: 
[2024-12-07 12:58:28,715] INFO: 	 lr: 1.000000000000002e-05 	 Training loss: 0.038466934934258463
[2024-12-07 12:58:35,646] INFO: Iter 32500 Summary: 
[2024-12-07 12:58:35,646] INFO: 	 lr: 1.000000000000002e-05 	 Training loss: 0.03854928132146597
[2024-12-07 12:58:42,563] INFO: Iter 32600 Summary: 
[2024-12-07 12:58:42,563] INFO: 	 lr: 1.000000000000002e-05 	 Training loss: 0.03841104682534933
[2024-12-07 12:58:49,421] INFO: Iter 32700 Summary: 
[2024-12-07 12:58:49,421] INFO: 	 lr: 1.000000000000002e-05 	 Training loss: 0.03855846893042326
[2024-12-07 12:58:56,334] INFO: Iter 32800 Summary: 
[2024-12-07 12:58:56,334] INFO: 	 lr: 1.000000000000002e-05 	 Training loss: 0.03851941954344511
[2024-12-07 12:59:03,239] INFO: Iter 32900 Summary: 
[2024-12-07 12:59:03,239] INFO: 	 lr: 1.000000000000002e-05 	 Training loss: 0.03838792521506548
[2024-12-07 12:59:10,147] INFO: Iter 33000 Summary: 
[2024-12-07 12:59:10,148] INFO: 	 lr: 1.000000000000002e-05 	 Training loss: 0.03880990356206894
[2024-12-07 12:59:17,359] INFO: Iter 33100 Summary: 
[2024-12-07 12:59:17,359] INFO: 	 lr: 1.000000000000002e-05 	 Training loss: 0.03850232206285
[2024-12-07 12:59:24,370] INFO: Iter 33200 Summary: 
[2024-12-07 12:59:24,370] INFO: 	 lr: 1.000000000000002e-05 	 Training loss: 0.038392499051988126
[2024-12-07 12:59:30,640] INFO: Iter 33300 Summary: 
[2024-12-07 12:59:30,640] INFO: 	 lr: 1.000000000000002e-05 	 Training loss: 0.03813566248863935
[2024-12-07 12:59:37,425] INFO: Iter 33400 Summary: 
[2024-12-07 12:59:37,426] INFO: 	 lr: 1.000000000000002e-05 	 Training loss: 0.038716767206788065
[2024-12-07 12:59:44,401] INFO: Iter 33500 Summary: 
[2024-12-07 12:59:44,401] INFO: 	 lr: 1.000000000000002e-05 	 Training loss: 0.03849641550332308
[2024-12-07 12:59:51,298] INFO: Iter 33600 Summary: 
[2024-12-07 12:59:51,298] INFO: 	 lr: 1.000000000000002e-05 	 Training loss: 0.038253897428512575
[2024-12-07 12:59:58,214] INFO: Iter 33700 Summary: 
[2024-12-07 12:59:58,214] INFO: 	 lr: 1.000000000000002e-05 	 Training loss: 0.038558411225676534
[2024-12-07 13:00:05,498] INFO: Iter 33800 Summary: 
[2024-12-07 13:00:05,498] INFO: 	 lr: 1.000000000000002e-05 	 Training loss: 0.038438577875494956
[2024-12-07 13:00:12,443] INFO: Iter 33900 Summary: 
[2024-12-07 13:00:12,443] INFO: 	 lr: 1.000000000000002e-05 	 Training loss: 0.03809168845415115
[2024-12-07 13:00:19,308] INFO: Iter 34000 Summary: 
[2024-12-07 13:00:19,308] INFO: 	 lr: 1.000000000000002e-05 	 Training loss: 0.03834842585027218
[2024-12-07 13:00:26,188] INFO: Iter 34100 Summary: 
[2024-12-07 13:00:26,188] INFO: 	 lr: 1.000000000000002e-05 	 Training loss: 0.03858079027384519
[2024-12-07 13:00:32,884] INFO: Iter 34200 Summary: 
[2024-12-07 13:00:32,884] INFO: 	 lr: 1.000000000000002e-05 	 Training loss: 0.038210214599967006
[2024-12-07 13:00:39,483] INFO: Iter 34300 Summary: 
[2024-12-07 13:00:39,484] INFO: 	 lr: 1.000000000000002e-05 	 Training loss: 0.03835041329264641
[2024-12-07 13:00:46,458] INFO: Iter 34400 Summary: 
[2024-12-07 13:00:46,458] INFO: 	 lr: 1.000000000000002e-05 	 Training loss: 0.03848855573683977
[2024-12-07 13:00:53,934] INFO: Iter 34500 Summary: 
[2024-12-07 13:00:53,934] INFO: 	 lr: 1.000000000000002e-05 	 Training loss: 0.038385406956076625
[2024-12-07 13:01:00,838] INFO: Iter 34600 Summary: 
[2024-12-07 13:01:00,838] INFO: 	 lr: 1.000000000000002e-05 	 Training loss: 0.038337861262261866
[2024-12-07 13:01:07,521] INFO: Iter 34700 Summary: 
[2024-12-07 13:01:07,521] INFO: 	 lr: 1.000000000000002e-05 	 Training loss: 0.03857998222112655
[2024-12-07 13:01:13,783] INFO: Iter 34800 Summary: 
[2024-12-07 13:01:13,783] INFO: 	 lr: 1.000000000000002e-05 	 Training loss: 0.038574471585452554
[2024-12-07 13:01:20,777] INFO: Iter 34900 Summary: 
[2024-12-07 13:01:20,777] INFO: 	 lr: 1.000000000000002e-05 	 Training loss: 0.03818105433136225
[2024-12-07 13:01:27,677] INFO: Iter 35000 Summary: 
[2024-12-07 13:01:27,677] INFO: 	 lr: 1.000000000000002e-05 	 Training loss: 0.038257891349494456
[2024-12-07 13:01:37,049] INFO: Iter 35100 Summary: 
[2024-12-07 13:01:37,049] INFO: 	 lr: 1.000000000000002e-05 	 Training loss: 0.03838120687752962
[2024-12-07 13:01:43,988] INFO: Iter 35200 Summary: 
[2024-12-07 13:01:43,989] INFO: 	 lr: 1.000000000000002e-05 	 Training loss: 0.03821467284113169
[2024-12-07 13:01:50,905] INFO: Iter 35300 Summary: 
[2024-12-07 13:01:50,906] INFO: 	 lr: 1.000000000000002e-05 	 Training loss: 0.038188266716897484
[2024-12-07 13:01:57,845] INFO: Iter 35400 Summary: 
[2024-12-07 13:01:57,845] INFO: 	 lr: 1.000000000000002e-05 	 Training loss: 0.03817150298506022
[2024-12-07 13:02:04,770] INFO: Iter 35500 Summary: 
[2024-12-07 13:02:04,770] INFO: 	 lr: 1.000000000000002e-05 	 Training loss: 0.038403950929641724
[2024-12-07 13:02:11,721] INFO: Iter 35600 Summary: 
[2024-12-07 13:02:11,721] INFO: 	 lr: 1.000000000000002e-05 	 Training loss: 0.03854259196668863
[2024-12-07 13:02:18,540] INFO: Iter 35700 Summary: 
[2024-12-07 13:02:18,541] INFO: 	 lr: 1.000000000000002e-05 	 Training loss: 0.03840983282774687
[2024-12-07 13:02:25,946] INFO: Iter 35800 Summary: 
[2024-12-07 13:02:25,946] INFO: 	 lr: 1.000000000000002e-05 	 Training loss: 0.03831868637353182
[2024-12-07 13:02:32,518] INFO: Iter 35900 Summary: 
[2024-12-07 13:02:32,518] INFO: 	 lr: 1.000000000000002e-05 	 Training loss: 0.03836703293025494
[2024-12-07 13:02:39,406] INFO: Iter 36000 Summary: 
[2024-12-07 13:02:39,406] INFO: 	 lr: 1.000000000000002e-05 	 Training loss: 0.0384797140955925
[2024-12-07 13:02:46,303] INFO: Iter 36100 Summary: 
[2024-12-07 13:02:46,303] INFO: 	 lr: 1.000000000000002e-05 	 Training loss: 0.038263408020138744
[2024-12-07 13:02:52,881] INFO: Iter 36200 Summary: 
[2024-12-07 13:02:52,881] INFO: 	 lr: 1.000000000000002e-05 	 Training loss: 0.03825614240020513
[2024-12-07 13:02:59,821] INFO: Iter 36300 Summary: 
[2024-12-07 13:02:59,821] INFO: 	 lr: 1.000000000000002e-05 	 Training loss: 0.03825235988944769
[2024-12-07 13:03:06,753] INFO: Iter 36400 Summary: 
[2024-12-07 13:03:06,753] INFO: 	 lr: 1.000000000000002e-05 	 Training loss: 0.03813971985131502
[2024-12-07 13:03:14,154] INFO: Iter 36500 Summary: 
[2024-12-07 13:03:14,155] INFO: 	 lr: 1.000000000000002e-05 	 Training loss: 0.038524423725903034
[2024-12-07 13:03:21,014] INFO: Iter 36600 Summary: 
[2024-12-07 13:03:21,014] INFO: 	 lr: 1.000000000000002e-05 	 Training loss: 0.03838129919022322
[2024-12-07 13:03:27,932] INFO: Iter 36700 Summary: 
[2024-12-07 13:03:27,933] INFO: 	 lr: 1.000000000000002e-05 	 Training loss: 0.03815015822649002
[2024-12-07 13:03:34,836] INFO: Iter 36800 Summary: 
[2024-12-07 13:03:34,837] INFO: 	 lr: 1.000000000000002e-05 	 Training loss: 0.03830677710473537
[2024-12-07 13:03:41,681] INFO: Iter 36900 Summary: 
[2024-12-07 13:03:41,681] INFO: 	 lr: 1.000000000000002e-05 	 Training loss: 0.03834369443356991
[2024-12-07 13:03:48,603] INFO: Iter 37000 Summary: 
[2024-12-07 13:03:48,603] INFO: 	 lr: 1.000000000000002e-05 	 Training loss: 0.03825241539627314
[2024-12-07 13:03:55,546] INFO: Iter 37100 Summary: 
[2024-12-07 13:03:55,546] INFO: 	 lr: 1.000000000000002e-05 	 Training loss: 0.03820366304367781
[2024-12-07 13:04:03,028] INFO: Iter 37200 Summary: 
[2024-12-07 13:04:03,028] INFO: 	 lr: 1.000000000000002e-05 	 Training loss: 0.038123354353010654
[2024-12-07 13:04:09,965] INFO: Iter 37300 Summary: 
[2024-12-07 13:04:09,965] INFO: 	 lr: 1.000000000000002e-05 	 Training loss: 0.03819379940629006
[2024-12-07 13:04:16,859] INFO: Iter 37400 Summary: 
[2024-12-07 13:04:16,859] INFO: 	 lr: 1.000000000000002e-05 	 Training loss: 0.03833401016891003
[2024-12-07 13:04:23,767] INFO: Iter 37500 Summary: 
[2024-12-07 13:04:23,768] INFO: 	 lr: 1.000000000000002e-05 	 Training loss: 0.03832889519631863
[2024-12-07 13:04:30,710] INFO: Iter 37600 Summary: 
[2024-12-07 13:04:30,710] INFO: 	 lr: 1.000000000000002e-05 	 Training loss: 0.03798624418675899
[2024-12-07 13:04:37,626] INFO: Iter 37700 Summary: 
[2024-12-07 13:04:37,626] INFO: 	 lr: 1.000000000000002e-05 	 Training loss: 0.0383309729769826
[2024-12-07 13:04:44,504] INFO: Iter 37800 Summary: 
[2024-12-07 13:04:44,504] INFO: 	 lr: 1.000000000000002e-05 	 Training loss: 0.03833309963345528
[2024-12-07 13:04:51,965] INFO: Iter 37900 Summary: 
[2024-12-07 13:04:51,965] INFO: 	 lr: 1.000000000000002e-05 	 Training loss: 0.038093890137970446
[2024-12-07 13:04:58,830] INFO: Iter 38000 Summary: 
[2024-12-07 13:04:58,830] INFO: 	 lr: 1.000000000000002e-05 	 Training loss: 0.038041556254029274
[2024-12-07 13:05:05,661] INFO: Iter 38100 Summary: 
[2024-12-07 13:05:05,661] INFO: 	 lr: 1.000000000000002e-05 	 Training loss: 0.038285029344260695
[2024-12-07 13:05:12,269] INFO: Iter 38200 Summary: 
[2024-12-07 13:05:12,269] INFO: 	 lr: 1.000000000000002e-05 	 Training loss: 0.0382267989218235
[2024-12-07 13:05:19,223] INFO: Iter 38300 Summary: 
[2024-12-07 13:05:19,224] INFO: 	 lr: 1.000000000000002e-05 	 Training loss: 0.03813466303050518
[2024-12-07 13:05:26,220] INFO: Iter 38400 Summary: 
[2024-12-07 13:05:26,220] INFO: 	 lr: 1.000000000000002e-05 	 Training loss: 0.03829024851322174
[2024-12-07 13:05:33,230] INFO: Iter 38500 Summary: 
[2024-12-07 13:05:33,231] INFO: 	 lr: 1.000000000000002e-05 	 Training loss: 0.03826166424900293
[2024-12-07 13:05:40,664] INFO: Iter 38600 Summary: 
[2024-12-07 13:05:40,664] INFO: 	 lr: 1.000000000000002e-05 	 Training loss: 0.0383038142696023
[2024-12-07 13:05:47,594] INFO: Iter 38700 Summary: 
[2024-12-07 13:05:47,594] INFO: 	 lr: 1.000000000000002e-05 	 Training loss: 0.03832226324826479
[2024-12-07 13:05:54,537] INFO: Iter 38800 Summary: 
[2024-12-07 13:05:54,538] INFO: 	 lr: 1.000000000000002e-05 	 Training loss: 0.03828604876995087
[2024-12-07 13:06:01,471] INFO: Iter 38900 Summary: 
[2024-12-07 13:06:01,471] INFO: 	 lr: 1.000000000000002e-05 	 Training loss: 0.03801966771483421
[2024-12-07 13:06:08,406] INFO: Iter 39000 Summary: 
[2024-12-07 13:06:08,406] INFO: 	 lr: 1.000000000000002e-05 	 Training loss: 0.037983907349407674
[2024-12-07 13:06:15,272] INFO: Iter 39100 Summary: 
[2024-12-07 13:06:15,272] INFO: 	 lr: 1.000000000000002e-05 	 Training loss: 0.03816669147461653
[2024-12-07 13:06:22,162] INFO: Iter 39200 Summary: 
[2024-12-07 13:06:22,162] INFO: 	 lr: 1.000000000000002e-05 	 Training loss: 0.03819930087774992
[2024-12-07 13:06:29,630] INFO: Iter 39300 Summary: 
[2024-12-07 13:06:29,630] INFO: 	 lr: 1.000000000000002e-05 	 Training loss: 0.03829741440713406
[2024-12-07 13:06:36,413] INFO: Iter 39400 Summary: 
[2024-12-07 13:06:36,413] INFO: 	 lr: 1.000000000000002e-05 	 Training loss: 0.03837031442672014
[2024-12-07 13:06:43,104] INFO: Iter 39500 Summary: 
[2024-12-07 13:06:43,105] INFO: 	 lr: 1.000000000000002e-05 	 Training loss: 0.03817251920700073
[2024-12-07 13:06:49,882] INFO: Iter 39600 Summary: 
[2024-12-07 13:06:49,883] INFO: 	 lr: 1.000000000000002e-05 	 Training loss: 0.037873484343290326
[2024-12-07 13:06:56,780] INFO: Iter 39700 Summary: 
[2024-12-07 13:06:56,780] INFO: 	 lr: 1.000000000000002e-05 	 Training loss: 0.03800265152007341
[2024-12-07 13:07:03,627] INFO: Iter 39800 Summary: 
[2024-12-07 13:07:03,628] INFO: 	 lr: 1.000000000000002e-05 	 Training loss: 0.038410396315157413
[2024-12-07 13:07:10,226] INFO: Iter 39900 Summary: 
[2024-12-07 13:07:10,226] INFO: 	 lr: 1.000000000000002e-05 	 Training loss: 0.038138294480741027
[2024-12-07 13:07:17,931] INFO: Iter 40000 Summary: 
[2024-12-07 13:07:17,932] INFO: 	 lr: 1.000000000000002e-05 	 Training loss: 0.037944521494209765
