[2025-01-12 09:41:10,101] INFO: {
    "abs_dir": "/home/diwang/siMLPe/exps/baseline_h36m",
    "batch_size": 256,
    "cos_lr_max": 1e-05,
    "cos_lr_min": 5e-08,
    "cos_lr_total_iters": 40000,
    "data_aug": true,
    "deriv_input": true,
    "deriv_output": true,
    "device": "cuda:4",
    "h36m_anno_dir": "/home/diwang/siMLPe/data/h36m/",
    "link_log_file": "/home/diwang/siMLPe/exps/baseline_h36m/log/log_last.log",
    "link_val_log_file": "/home/diwang/siMLPe/exps/baseline_h36m/log/val_last.log",
    "log_dir": "/home/diwang/siMLPe/exps/baseline_h36m/log",
    "log_file": "/home/diwang/siMLPe/exps/baseline_h36m/log/log_2025_01_12_09_40_51.log",
    "model_pth": null,
    "motion": {
        "dim": 66,
        "h36m_input_length": 50,
        "h36m_input_length_dct": 50,
        "h36m_target_length": 10,
        "h36m_target_length_eval": 25,
        "h36m_target_length_train": 10
    },
    "motion_fc_in": {
        "activation": "relu",
        "in_features": 66,
        "init_w_trunc_normal": false,
        "out_features": 66,
        "temporal_fc": false,
        "with_norm": false
    },
    "motion_fc_out": {
        "activation": "relu",
        "in_features": 66,
        "init_w_trunc_normal": true,
        "out_features": 66,
        "temporal_fc": false,
        "with_norm": false
    },
    "motion_mlp": {
        "hidden_dim": 66,
        "norm_axis": "spatial",
        "num_layers": 48,
        "seq_len": 50,
        "spatial_fc_only": false,
        "with_normalization": true
    },
    "num_workers": 8,
    "post_dct": false,
    "pre_dct": false,
    "print_every": 100,
    "repo_name": "siMLPe",
    "root_dir": "/home/diwang/siMLPe",
    "save_every": 2000,
    "seed": 304,
    "shift_step": 1,
    "snapshot_dir": "/home/diwang/siMLPe/exps/baseline_h36m/log/snapshot",
    "this_dir": "baseline_h36m",
    "use_relative_loss": true,
    "val_log_file": "/home/diwang/siMLPe/exps/baseline_h36m/log/val_2025_01_12_09_40_51.log",
    "weight_decay": 0.0001
}
[2025-01-12 09:41:19,667] INFO: Iter 100 Summary: 
[2025-01-12 09:41:19,668] INFO: 	 lr: 0.00030000000000000073 	 Training loss: 0.08667803511023521
[2025-01-12 09:41:27,006] INFO: Iter 200 Summary: 
[2025-01-12 09:41:27,007] INFO: 	 lr: 0.00030000000000000073 	 Training loss: 0.07423107109963895
[2025-01-12 09:41:34,532] INFO: Iter 300 Summary: 
[2025-01-12 09:41:34,533] INFO: 	 lr: 0.00030000000000000073 	 Training loss: 0.07049135982990265
[2025-01-12 09:41:41,908] INFO: Iter 400 Summary: 
[2025-01-12 09:41:41,908] INFO: 	 lr: 0.00030000000000000073 	 Training loss: 0.06580790858715772
[2025-01-12 09:41:49,292] INFO: Iter 500 Summary: 
[2025-01-12 09:41:49,292] INFO: 	 lr: 0.00030000000000000073 	 Training loss: 0.06173109751194716
[2025-01-12 09:41:56,945] INFO: Iter 600 Summary: 
[2025-01-12 09:41:56,945] INFO: 	 lr: 0.00030000000000000073 	 Training loss: 0.059917920045554636
[2025-01-12 09:42:04,915] INFO: Iter 700 Summary: 
[2025-01-12 09:42:04,916] INFO: 	 lr: 0.00030000000000000073 	 Training loss: 0.05959991306066513
[2025-01-12 09:42:12,264] INFO: Iter 800 Summary: 
[2025-01-12 09:42:12,264] INFO: 	 lr: 0.00030000000000000073 	 Training loss: 0.05858581099659205
[2025-01-12 09:42:19,725] INFO: Iter 900 Summary: 
[2025-01-12 09:42:19,726] INFO: 	 lr: 0.00030000000000000073 	 Training loss: 0.05771843995898962
[2025-01-12 09:42:27,168] INFO: Iter 1000 Summary: 
[2025-01-12 09:42:27,168] INFO: 	 lr: 0.00030000000000000073 	 Training loss: 0.05690946780145168
[2025-01-12 09:42:34,526] INFO: Iter 1100 Summary: 
[2025-01-12 09:42:34,526] INFO: 	 lr: 0.00030000000000000073 	 Training loss: 0.056364026218652725
[2025-01-12 09:42:41,797] INFO: Iter 1200 Summary: 
[2025-01-12 09:42:41,797] INFO: 	 lr: 0.00030000000000000073 	 Training loss: 0.05562923774123192
[2025-01-12 09:42:49,038] INFO: Iter 1300 Summary: 
[2025-01-12 09:42:49,038] INFO: 	 lr: 0.00030000000000000073 	 Training loss: 0.055189049318432805
[2025-01-12 09:42:57,103] INFO: Iter 1400 Summary: 
[2025-01-12 09:42:57,103] INFO: 	 lr: 0.00030000000000000073 	 Training loss: 0.05482727929949761
[2025-01-12 09:43:04,549] INFO: Iter 1500 Summary: 
[2025-01-12 09:43:04,549] INFO: 	 lr: 0.00030000000000000073 	 Training loss: 0.054660268612205985
[2025-01-12 09:43:12,008] INFO: Iter 1600 Summary: 
[2025-01-12 09:43:12,008] INFO: 	 lr: 0.00030000000000000073 	 Training loss: 0.05431570813059807
[2025-01-12 09:43:19,531] INFO: Iter 1700 Summary: 
[2025-01-12 09:43:19,531] INFO: 	 lr: 0.00030000000000000073 	 Training loss: 0.05385373819619417
[2025-01-12 09:43:26,842] INFO: Iter 1800 Summary: 
[2025-01-12 09:43:26,842] INFO: 	 lr: 0.00030000000000000073 	 Training loss: 0.05342167891561985
[2025-01-12 09:43:34,188] INFO: Iter 1900 Summary: 
[2025-01-12 09:43:34,188] INFO: 	 lr: 0.00030000000000000073 	 Training loss: 0.05361989051103592
[2025-01-12 09:43:41,575] INFO: Iter 2000 Summary: 
[2025-01-12 09:43:41,575] INFO: 	 lr: 0.00030000000000000073 	 Training loss: 0.0524601362273097
[2025-01-12 09:43:51,824] INFO: Iter 2100 Summary: 
[2025-01-12 09:43:51,824] INFO: 	 lr: 0.00030000000000000073 	 Training loss: 0.05324501302093267
[2025-01-12 09:43:59,273] INFO: Iter 2200 Summary: 
[2025-01-12 09:43:59,273] INFO: 	 lr: 0.00030000000000000073 	 Training loss: 0.05247118186205626
[2025-01-12 09:44:06,538] INFO: Iter 2300 Summary: 
[2025-01-12 09:44:06,538] INFO: 	 lr: 0.00030000000000000073 	 Training loss: 0.05170487567782402
[2025-01-12 09:44:14,125] INFO: Iter 2400 Summary: 
[2025-01-12 09:44:14,125] INFO: 	 lr: 0.00030000000000000073 	 Training loss: 0.05184138175100088
[2025-01-12 09:44:21,686] INFO: Iter 2500 Summary: 
[2025-01-12 09:44:21,686] INFO: 	 lr: 0.00030000000000000073 	 Training loss: 0.051277613900601864
[2025-01-12 09:44:29,551] INFO: Iter 2600 Summary: 
[2025-01-12 09:44:29,551] INFO: 	 lr: 0.00030000000000000073 	 Training loss: 0.05127957180142403
[2025-01-12 09:44:36,922] INFO: Iter 2700 Summary: 
[2025-01-12 09:44:36,923] INFO: 	 lr: 0.00030000000000000073 	 Training loss: 0.050958804674446585
[2025-01-12 09:44:44,797] INFO: Iter 2800 Summary: 
[2025-01-12 09:44:44,797] INFO: 	 lr: 0.00030000000000000073 	 Training loss: 0.05128778513520956
[2025-01-12 09:44:52,529] INFO: Iter 2900 Summary: 
[2025-01-12 09:44:52,530] INFO: 	 lr: 0.00030000000000000073 	 Training loss: 0.05067362241446972
[2025-01-12 09:44:59,938] INFO: Iter 3000 Summary: 
[2025-01-12 09:44:59,938] INFO: 	 lr: 0.00030000000000000073 	 Training loss: 0.05100943621248007
[2025-01-12 09:45:07,266] INFO: Iter 3100 Summary: 
[2025-01-12 09:45:07,267] INFO: 	 lr: 0.00030000000000000073 	 Training loss: 0.05034226436167955
[2025-01-12 09:45:14,568] INFO: Iter 3200 Summary: 
[2025-01-12 09:45:14,568] INFO: 	 lr: 0.00030000000000000073 	 Training loss: 0.050259466469287875
[2025-01-12 09:45:21,822] INFO: Iter 3300 Summary: 
[2025-01-12 09:45:21,822] INFO: 	 lr: 0.00030000000000000073 	 Training loss: 0.050314901880919936
[2025-01-12 09:45:29,113] INFO: Iter 3400 Summary: 
[2025-01-12 09:45:29,113] INFO: 	 lr: 0.00030000000000000073 	 Training loss: 0.04994362495839596
[2025-01-12 09:45:37,052] INFO: Iter 3500 Summary: 
[2025-01-12 09:45:37,052] INFO: 	 lr: 0.00030000000000000073 	 Training loss: 0.04995838638395071
[2025-01-12 09:45:44,512] INFO: Iter 3600 Summary: 
[2025-01-12 09:45:44,512] INFO: 	 lr: 0.00030000000000000073 	 Training loss: 0.049361612871289255
[2025-01-12 09:45:51,963] INFO: Iter 3700 Summary: 
[2025-01-12 09:45:51,964] INFO: 	 lr: 0.00030000000000000073 	 Training loss: 0.04971355326473713
[2025-01-12 09:45:59,560] INFO: Iter 3800 Summary: 
[2025-01-12 09:45:59,560] INFO: 	 lr: 0.00030000000000000073 	 Training loss: 0.049776116162538526
[2025-01-12 09:46:06,872] INFO: Iter 3900 Summary: 
[2025-01-12 09:46:06,872] INFO: 	 lr: 0.00030000000000000073 	 Training loss: 0.04943334136158228
[2025-01-12 09:46:14,119] INFO: Iter 4000 Summary: 
[2025-01-12 09:46:14,119] INFO: 	 lr: 0.00030000000000000073 	 Training loss: 0.04918594531714916
[2025-01-12 09:46:22,972] INFO: Iter 4100 Summary: 
[2025-01-12 09:46:22,972] INFO: 	 lr: 0.00030000000000000073 	 Training loss: 0.04912866048514843
[2025-01-12 09:46:30,748] INFO: Iter 4200 Summary: 
[2025-01-12 09:46:30,749] INFO: 	 lr: 0.00030000000000000073 	 Training loss: 0.0491672858223319
[2025-01-12 09:46:38,274] INFO: Iter 4300 Summary: 
[2025-01-12 09:46:38,274] INFO: 	 lr: 0.00030000000000000073 	 Training loss: 0.04878336653113365
[2025-01-12 09:46:45,890] INFO: Iter 4400 Summary: 
[2025-01-12 09:46:45,890] INFO: 	 lr: 0.00030000000000000073 	 Training loss: 0.04874410904943943
[2025-01-12 09:46:53,387] INFO: Iter 4500 Summary: 
[2025-01-12 09:46:53,387] INFO: 	 lr: 0.00030000000000000073 	 Training loss: 0.048365495800971985
[2025-01-12 09:47:01,246] INFO: Iter 4600 Summary: 
[2025-01-12 09:47:01,246] INFO: 	 lr: 0.00030000000000000073 	 Training loss: 0.0490801365301013
[2025-01-12 09:47:09,081] INFO: Iter 4700 Summary: 
[2025-01-12 09:47:09,081] INFO: 	 lr: 0.00030000000000000073 	 Training loss: 0.048269306011497974
[2025-01-12 09:47:16,523] INFO: Iter 4800 Summary: 
[2025-01-12 09:47:16,524] INFO: 	 lr: 0.00030000000000000073 	 Training loss: 0.048391034230589866
[2025-01-12 09:47:24,448] INFO: Iter 4900 Summary: 
[2025-01-12 09:47:24,448] INFO: 	 lr: 0.00030000000000000073 	 Training loss: 0.04838810756802559
[2025-01-12 09:47:31,740] INFO: Iter 5000 Summary: 
[2025-01-12 09:47:31,740] INFO: 	 lr: 0.00030000000000000073 	 Training loss: 0.04834951296448708
[2025-01-12 09:47:38,783] INFO: Iter 5100 Summary: 
[2025-01-12 09:47:38,783] INFO: 	 lr: 0.00030000000000000073 	 Training loss: 0.04847248714417219
[2025-01-12 09:47:46,295] INFO: Iter 5200 Summary: 
[2025-01-12 09:47:46,295] INFO: 	 lr: 0.00030000000000000073 	 Training loss: 0.047933731228113174
[2025-01-12 09:47:53,748] INFO: Iter 5300 Summary: 
[2025-01-12 09:47:53,749] INFO: 	 lr: 0.00030000000000000073 	 Training loss: 0.04835743337869644
[2025-01-12 09:48:01,110] INFO: Iter 5400 Summary: 
[2025-01-12 09:48:01,111] INFO: 	 lr: 0.00030000000000000073 	 Training loss: 0.04819334875792265
[2025-01-12 09:48:08,725] INFO: Iter 5500 Summary: 
[2025-01-12 09:48:08,725] INFO: 	 lr: 0.00030000000000000073 	 Training loss: 0.047602620013058185
[2025-01-12 09:48:16,710] INFO: Iter 5600 Summary: 
[2025-01-12 09:48:16,711] INFO: 	 lr: 0.00030000000000000073 	 Training loss: 0.0479561485350132
[2025-01-12 09:48:24,412] INFO: Iter 5700 Summary: 
[2025-01-12 09:48:24,413] INFO: 	 lr: 0.00030000000000000073 	 Training loss: 0.04783061970025301
[2025-01-12 09:48:32,109] INFO: Iter 5800 Summary: 
[2025-01-12 09:48:32,109] INFO: 	 lr: 0.00030000000000000073 	 Training loss: 0.04774227816611529
[2025-01-12 09:48:39,467] INFO: Iter 5900 Summary: 
[2025-01-12 09:48:39,467] INFO: 	 lr: 0.00030000000000000073 	 Training loss: 0.04748366076499224
[2025-01-12 09:48:46,860] INFO: Iter 6000 Summary: 
[2025-01-12 09:48:46,860] INFO: 	 lr: 0.00030000000000000073 	 Training loss: 0.04693028848618269
[2025-01-12 09:48:56,052] INFO: Iter 6100 Summary: 
[2025-01-12 09:48:56,053] INFO: 	 lr: 0.00030000000000000073 	 Training loss: 0.047306300215423105
[2025-01-12 09:49:03,961] INFO: Iter 6200 Summary: 
[2025-01-12 09:49:03,961] INFO: 	 lr: 0.00030000000000000073 	 Training loss: 0.04783655624836683
[2025-01-12 09:49:11,336] INFO: Iter 6300 Summary: 
[2025-01-12 09:49:11,337] INFO: 	 lr: 0.00030000000000000073 	 Training loss: 0.04699866741895676
[2025-01-12 09:49:18,661] INFO: Iter 6400 Summary: 
[2025-01-12 09:49:18,662] INFO: 	 lr: 0.00030000000000000073 	 Training loss: 0.04680874641984701
[2025-01-12 09:49:25,926] INFO: Iter 6500 Summary: 
[2025-01-12 09:49:25,926] INFO: 	 lr: 0.00030000000000000073 	 Training loss: 0.04734843220561743
[2025-01-12 09:49:33,228] INFO: Iter 6600 Summary: 
[2025-01-12 09:49:33,228] INFO: 	 lr: 0.00030000000000000073 	 Training loss: 0.04713831190019846
[2025-01-12 09:49:40,818] INFO: Iter 6700 Summary: 
[2025-01-12 09:49:40,818] INFO: 	 lr: 0.00030000000000000073 	 Training loss: 0.046715123914182186
[2025-01-12 09:49:50,822] INFO: Iter 6800 Summary: 
[2025-01-12 09:49:50,822] INFO: 	 lr: 0.00030000000000000073 	 Training loss: 0.046426149010658266
[2025-01-12 09:50:01,675] INFO: Iter 6900 Summary: 
[2025-01-12 09:50:01,675] INFO: 	 lr: 0.00030000000000000073 	 Training loss: 0.04665994226932526
[2025-01-12 09:50:11,848] INFO: Iter 7000 Summary: 
[2025-01-12 09:50:11,849] INFO: 	 lr: 0.00030000000000000073 	 Training loss: 0.04666302278637886
[2025-01-12 09:50:22,865] INFO: Iter 7100 Summary: 
[2025-01-12 09:50:22,866] INFO: 	 lr: 0.00030000000000000073 	 Training loss: 0.04651838902384043
[2025-01-12 09:50:30,711] INFO: Iter 7200 Summary: 
[2025-01-12 09:50:30,711] INFO: 	 lr: 0.00030000000000000073 	 Training loss: 0.046214435324072836
[2025-01-12 09:50:38,597] INFO: Iter 7300 Summary: 
[2025-01-12 09:50:38,598] INFO: 	 lr: 0.00030000000000000073 	 Training loss: 0.04639112446457148
[2025-01-12 09:50:46,312] INFO: Iter 7400 Summary: 
[2025-01-12 09:50:46,312] INFO: 	 lr: 0.00030000000000000073 	 Training loss: 0.04657574981451035
[2025-01-12 09:50:54,165] INFO: Iter 7500 Summary: 
[2025-01-12 09:50:54,166] INFO: 	 lr: 0.00030000000000000073 	 Training loss: 0.04607406184077263
[2025-01-12 09:51:02,120] INFO: Iter 7600 Summary: 
[2025-01-12 09:51:02,121] INFO: 	 lr: 0.00030000000000000073 	 Training loss: 0.04595580793917179
[2025-01-12 09:51:09,610] INFO: Iter 7700 Summary: 
[2025-01-12 09:51:09,610] INFO: 	 lr: 0.00030000000000000073 	 Training loss: 0.04571328174322844
[2025-01-12 09:51:16,868] INFO: Iter 7800 Summary: 
[2025-01-12 09:51:16,868] INFO: 	 lr: 0.00030000000000000073 	 Training loss: 0.045767941549420356
[2025-01-12 09:51:24,468] INFO: Iter 7900 Summary: 
[2025-01-12 09:51:24,469] INFO: 	 lr: 0.00030000000000000073 	 Training loss: 0.045855366997420786
[2025-01-12 09:51:32,045] INFO: Iter 8000 Summary: 
[2025-01-12 09:51:32,046] INFO: 	 lr: 0.00030000000000000073 	 Training loss: 0.04584501937031746
[2025-01-12 09:51:41,193] INFO: Iter 8100 Summary: 
[2025-01-12 09:51:41,194] INFO: 	 lr: 0.00030000000000000073 	 Training loss: 0.045522176399827
[2025-01-12 09:51:48,620] INFO: Iter 8200 Summary: 
[2025-01-12 09:51:48,620] INFO: 	 lr: 0.00030000000000000073 	 Training loss: 0.045758745521306994
[2025-01-12 09:51:56,716] INFO: Iter 8300 Summary: 
[2025-01-12 09:51:56,716] INFO: 	 lr: 0.00030000000000000073 	 Training loss: 0.04563399851322174
[2025-01-12 09:52:04,016] INFO: Iter 8400 Summary: 
[2025-01-12 09:52:04,016] INFO: 	 lr: 0.00030000000000000073 	 Training loss: 0.0452027340978384
[2025-01-12 09:52:11,356] INFO: Iter 8500 Summary: 
[2025-01-12 09:52:11,356] INFO: 	 lr: 0.00030000000000000073 	 Training loss: 0.04544676274061203
[2025-01-12 09:52:18,759] INFO: Iter 8600 Summary: 
[2025-01-12 09:52:18,760] INFO: 	 lr: 0.00030000000000000073 	 Training loss: 0.04485070127993822
[2025-01-12 09:52:26,109] INFO: Iter 8700 Summary: 
[2025-01-12 09:52:26,109] INFO: 	 lr: 0.00030000000000000073 	 Training loss: 0.044631227292120455
[2025-01-12 09:52:33,435] INFO: Iter 8800 Summary: 
[2025-01-12 09:52:33,436] INFO: 	 lr: 0.00030000000000000073 	 Training loss: 0.045250448808073995
[2025-01-12 09:52:41,197] INFO: Iter 8900 Summary: 
[2025-01-12 09:52:41,197] INFO: 	 lr: 0.00030000000000000073 	 Training loss: 0.044744413793087
[2025-01-12 09:52:49,388] INFO: Iter 9000 Summary: 
[2025-01-12 09:52:49,388] INFO: 	 lr: 0.00030000000000000073 	 Training loss: 0.04463245835155249
[2025-01-12 09:52:56,870] INFO: Iter 9100 Summary: 
[2025-01-12 09:52:56,871] INFO: 	 lr: 0.00030000000000000073 	 Training loss: 0.044850532151758674
[2025-01-12 09:53:04,377] INFO: Iter 9200 Summary: 
[2025-01-12 09:53:04,377] INFO: 	 lr: 0.00030000000000000073 	 Training loss: 0.04440978899598122
[2025-01-12 09:53:12,042] INFO: Iter 9300 Summary: 
[2025-01-12 09:53:12,042] INFO: 	 lr: 0.00030000000000000073 	 Training loss: 0.04499015048146248
[2025-01-12 09:53:19,624] INFO: Iter 9400 Summary: 
[2025-01-12 09:53:19,624] INFO: 	 lr: 0.00030000000000000073 	 Training loss: 0.044929918237030506
[2025-01-12 09:53:26,906] INFO: Iter 9500 Summary: 
[2025-01-12 09:53:26,906] INFO: 	 lr: 0.00030000000000000073 	 Training loss: 0.04446590088307858
[2025-01-12 09:53:34,662] INFO: Iter 9600 Summary: 
[2025-01-12 09:53:34,662] INFO: 	 lr: 0.00030000000000000073 	 Training loss: 0.044563087932765484
[2025-01-12 09:53:42,680] INFO: Iter 9700 Summary: 
[2025-01-12 09:53:42,681] INFO: 	 lr: 0.00030000000000000073 	 Training loss: 0.04423440668731928
[2025-01-12 09:53:50,223] INFO: Iter 9800 Summary: 
[2025-01-12 09:53:50,223] INFO: 	 lr: 0.00030000000000000073 	 Training loss: 0.04423714153468609
[2025-01-12 09:53:57,551] INFO: Iter 9900 Summary: 
[2025-01-12 09:53:57,552] INFO: 	 lr: 0.00030000000000000073 	 Training loss: 0.04433559317141771
[2025-01-12 09:54:04,986] INFO: Iter 10000 Summary: 
[2025-01-12 09:54:04,986] INFO: 	 lr: 0.00030000000000000073 	 Training loss: 0.04412232279777527
[2025-01-12 09:54:14,158] INFO: Iter 10100 Summary: 
[2025-01-12 09:54:14,159] INFO: 	 lr: 0.00030000000000000073 	 Training loss: 0.04407310802489519
[2025-01-12 09:54:21,546] INFO: Iter 10200 Summary: 
[2025-01-12 09:54:21,546] INFO: 	 lr: 0.00030000000000000073 	 Training loss: 0.04403054166585207
[2025-01-12 09:54:29,078] INFO: Iter 10300 Summary: 
[2025-01-12 09:54:29,079] INFO: 	 lr: 0.00030000000000000073 	 Training loss: 0.0440770822763443
[2025-01-12 09:54:37,412] INFO: Iter 10400 Summary: 
[2025-01-12 09:54:37,412] INFO: 	 lr: 0.00030000000000000073 	 Training loss: 0.044125942960381505
[2025-01-12 09:54:44,672] INFO: Iter 10500 Summary: 
[2025-01-12 09:54:44,672] INFO: 	 lr: 0.00030000000000000073 	 Training loss: 0.04409990139305592
[2025-01-12 09:54:51,961] INFO: Iter 10600 Summary: 
[2025-01-12 09:54:51,962] INFO: 	 lr: 0.00030000000000000073 	 Training loss: 0.0435673726350069
[2025-01-12 09:54:59,361] INFO: Iter 10700 Summary: 
[2025-01-12 09:54:59,362] INFO: 	 lr: 0.00030000000000000073 	 Training loss: 0.043586713522672654
[2025-01-12 09:55:06,952] INFO: Iter 10800 Summary: 
[2025-01-12 09:55:06,953] INFO: 	 lr: 0.00030000000000000073 	 Training loss: 0.0438422417268157
[2025-01-12 09:55:14,522] INFO: Iter 10900 Summary: 
[2025-01-12 09:55:14,522] INFO: 	 lr: 0.00030000000000000073 	 Training loss: 0.04383246373385191
[2025-01-12 09:55:23,191] INFO: Iter 11000 Summary: 
[2025-01-12 09:55:23,192] INFO: 	 lr: 0.00030000000000000073 	 Training loss: 0.04366107154637575
[2025-01-12 09:55:31,223] INFO: Iter 11100 Summary: 
[2025-01-12 09:55:31,223] INFO: 	 lr: 0.00030000000000000073 	 Training loss: 0.04367279801517725
[2025-01-12 09:55:38,531] INFO: Iter 11200 Summary: 
[2025-01-12 09:55:38,531] INFO: 	 lr: 0.00030000000000000073 	 Training loss: 0.043619929552078246
[2025-01-12 09:55:45,965] INFO: Iter 11300 Summary: 
[2025-01-12 09:55:45,965] INFO: 	 lr: 0.00030000000000000073 	 Training loss: 0.04346437219530344
[2025-01-12 09:55:53,371] INFO: Iter 11400 Summary: 
[2025-01-12 09:55:53,372] INFO: 	 lr: 0.00030000000000000073 	 Training loss: 0.04364858273416758
[2025-01-12 09:56:01,268] INFO: Iter 11500 Summary: 
[2025-01-12 09:56:01,269] INFO: 	 lr: 0.00030000000000000073 	 Training loss: 0.04307124573737383
[2025-01-12 09:56:09,083] INFO: Iter 11600 Summary: 
[2025-01-12 09:56:09,083] INFO: 	 lr: 0.00030000000000000073 	 Training loss: 0.04333827167749405
[2025-01-12 09:56:17,062] INFO: Iter 11700 Summary: 
[2025-01-12 09:56:17,063] INFO: 	 lr: 0.00030000000000000073 	 Training loss: 0.04332918792963028
[2025-01-12 09:56:24,876] INFO: Iter 11800 Summary: 
[2025-01-12 09:56:24,877] INFO: 	 lr: 0.00030000000000000073 	 Training loss: 0.04313036635518074
[2025-01-12 09:56:32,162] INFO: Iter 11900 Summary: 
[2025-01-12 09:56:32,163] INFO: 	 lr: 0.00030000000000000073 	 Training loss: 0.04349443152546883
[2025-01-12 09:56:39,607] INFO: Iter 12000 Summary: 
[2025-01-12 09:56:39,607] INFO: 	 lr: 0.00030000000000000073 	 Training loss: 0.043112126961350444
[2025-01-12 09:56:48,399] INFO: Iter 12100 Summary: 
[2025-01-12 09:56:48,399] INFO: 	 lr: 0.00030000000000000073 	 Training loss: 0.04318471040576696
[2025-01-12 09:56:55,986] INFO: Iter 12200 Summary: 
[2025-01-12 09:56:55,986] INFO: 	 lr: 0.00030000000000000073 	 Training loss: 0.04333693526685238
[2025-01-12 09:57:03,902] INFO: Iter 12300 Summary: 
[2025-01-12 09:57:03,903] INFO: 	 lr: 0.00030000000000000073 	 Training loss: 0.043336851447820665
[2025-01-12 09:57:12,424] INFO: Iter 12400 Summary: 
[2025-01-12 09:57:12,425] INFO: 	 lr: 0.00030000000000000073 	 Training loss: 0.04295185983181
[2025-01-12 09:57:20,182] INFO: Iter 12500 Summary: 
[2025-01-12 09:57:20,182] INFO: 	 lr: 0.00030000000000000073 	 Training loss: 0.042927378602325914
[2025-01-12 09:57:28,222] INFO: Iter 12600 Summary: 
[2025-01-12 09:57:28,222] INFO: 	 lr: 0.00030000000000000073 	 Training loss: 0.04272888023406267
[2025-01-12 09:57:36,376] INFO: Iter 12700 Summary: 
[2025-01-12 09:57:36,376] INFO: 	 lr: 0.00030000000000000073 	 Training loss: 0.04278134800493717
[2025-01-12 09:57:43,900] INFO: Iter 12800 Summary: 
[2025-01-12 09:57:43,901] INFO: 	 lr: 0.00030000000000000073 	 Training loss: 0.042539790235459805
[2025-01-12 09:57:51,291] INFO: Iter 12900 Summary: 
[2025-01-12 09:57:51,291] INFO: 	 lr: 0.00030000000000000073 	 Training loss: 0.042685351334512234
[2025-01-12 09:57:58,913] INFO: Iter 13000 Summary: 
[2025-01-12 09:57:58,913] INFO: 	 lr: 0.00030000000000000073 	 Training loss: 0.04282763607800007
[2025-01-12 09:58:07,015] INFO: Iter 13100 Summary: 
[2025-01-12 09:58:07,015] INFO: 	 lr: 0.00030000000000000073 	 Training loss: 0.04274688571691513
[2025-01-12 09:58:14,520] INFO: Iter 13200 Summary: 
[2025-01-12 09:58:14,520] INFO: 	 lr: 0.00030000000000000073 	 Training loss: 0.04300535708665848
[2025-01-12 09:58:22,094] INFO: Iter 13300 Summary: 
[2025-01-12 09:58:22,095] INFO: 	 lr: 0.00030000000000000073 	 Training loss: 0.042231771349906924
[2025-01-12 09:58:29,890] INFO: Iter 13400 Summary: 
[2025-01-12 09:58:29,890] INFO: 	 lr: 0.00030000000000000073 	 Training loss: 0.042525114677846435
[2025-01-12 09:58:37,223] INFO: Iter 13500 Summary: 
[2025-01-12 09:58:37,223] INFO: 	 lr: 0.00030000000000000073 	 Training loss: 0.04277084670960903
[2025-01-12 09:58:44,686] INFO: Iter 13600 Summary: 
[2025-01-12 09:58:44,686] INFO: 	 lr: 0.00030000000000000073 	 Training loss: 0.04273569919168949
[2025-01-12 09:58:53,511] INFO: Iter 13700 Summary: 
[2025-01-12 09:58:53,511] INFO: 	 lr: 0.00030000000000000073 	 Training loss: 0.04254426471889019
[2025-01-12 09:59:01,587] INFO: Iter 13800 Summary: 
[2025-01-12 09:59:01,588] INFO: 	 lr: 0.00030000000000000073 	 Training loss: 0.042491079717874525
[2025-01-12 09:59:08,912] INFO: Iter 13900 Summary: 
[2025-01-12 09:59:08,913] INFO: 	 lr: 0.00030000000000000073 	 Training loss: 0.04215066090226174
[2025-01-12 09:59:16,619] INFO: Iter 14000 Summary: 
[2025-01-12 09:59:16,619] INFO: 	 lr: 0.00030000000000000073 	 Training loss: 0.042050858549773695
[2025-01-12 09:59:27,358] INFO: Iter 14100 Summary: 
[2025-01-12 09:59:27,359] INFO: 	 lr: 0.00030000000000000073 	 Training loss: 0.04235835693776607
[2025-01-12 09:59:34,755] INFO: Iter 14200 Summary: 
[2025-01-12 09:59:34,755] INFO: 	 lr: 0.00030000000000000073 	 Training loss: 0.042128702849149706
[2025-01-12 09:59:42,356] INFO: Iter 14300 Summary: 
[2025-01-12 09:59:42,356] INFO: 	 lr: 0.00030000000000000073 	 Training loss: 0.042688679359853265
[2025-01-12 09:59:49,785] INFO: Iter 14400 Summary: 
[2025-01-12 09:59:49,786] INFO: 	 lr: 0.00030000000000000073 	 Training loss: 0.04217380605638027
[2025-01-12 09:59:58,387] INFO: Iter 14500 Summary: 
[2025-01-12 09:59:58,388] INFO: 	 lr: 0.00030000000000000073 	 Training loss: 0.042463825680315495
[2025-01-12 10:00:06,484] INFO: Iter 14600 Summary: 
[2025-01-12 10:00:06,484] INFO: 	 lr: 0.00030000000000000073 	 Training loss: 0.042183303646743296
[2025-01-12 10:00:13,739] INFO: Iter 14700 Summary: 
[2025-01-12 10:00:13,740] INFO: 	 lr: 0.00030000000000000073 	 Training loss: 0.0422613275423646
[2025-01-12 10:00:21,318] INFO: Iter 14800 Summary: 
[2025-01-12 10:00:21,319] INFO: 	 lr: 0.00030000000000000073 	 Training loss: 0.042140302322804926
[2025-01-12 10:00:29,009] INFO: Iter 14900 Summary: 
[2025-01-12 10:00:29,009] INFO: 	 lr: 0.00030000000000000073 	 Training loss: 0.04216648180037737
[2025-01-12 10:00:36,786] INFO: Iter 15000 Summary: 
[2025-01-12 10:00:36,786] INFO: 	 lr: 0.00030000000000000073 	 Training loss: 0.04243874661624432
[2025-01-12 10:00:44,704] INFO: Iter 15100 Summary: 
[2025-01-12 10:00:44,704] INFO: 	 lr: 0.00030000000000000073 	 Training loss: 0.04201135266572237
[2025-01-12 10:00:53,252] INFO: Iter 15200 Summary: 
[2025-01-12 10:00:53,253] INFO: 	 lr: 0.00030000000000000073 	 Training loss: 0.041887191347777845
[2025-01-12 10:01:01,393] INFO: Iter 15300 Summary: 
[2025-01-12 10:01:01,393] INFO: 	 lr: 0.00030000000000000073 	 Training loss: 0.042287956550717355
[2025-01-12 10:01:08,945] INFO: Iter 15400 Summary: 
[2025-01-12 10:01:08,945] INFO: 	 lr: 0.00030000000000000073 	 Training loss: 0.0417490166425705
[2025-01-12 10:01:16,618] INFO: Iter 15500 Summary: 
[2025-01-12 10:01:16,618] INFO: 	 lr: 0.00030000000000000073 	 Training loss: 0.04210861872881651
[2025-01-12 10:01:23,976] INFO: Iter 15600 Summary: 
[2025-01-12 10:01:23,977] INFO: 	 lr: 0.00030000000000000073 	 Training loss: 0.042162081636488435
[2025-01-12 10:01:31,392] INFO: Iter 15700 Summary: 
[2025-01-12 10:01:31,393] INFO: 	 lr: 0.00030000000000000073 	 Training loss: 0.042012224122881886
[2025-01-12 10:01:39,024] INFO: Iter 15800 Summary: 
[2025-01-12 10:01:39,025] INFO: 	 lr: 0.00030000000000000073 	 Training loss: 0.04202289421111345
[2025-01-12 10:01:46,838] INFO: Iter 15900 Summary: 
[2025-01-12 10:01:46,838] INFO: 	 lr: 0.00030000000000000073 	 Training loss: 0.04189066667109728
[2025-01-12 10:01:54,332] INFO: Iter 16000 Summary: 
[2025-01-12 10:01:54,332] INFO: 	 lr: 0.00030000000000000073 	 Training loss: 0.04165151510387659
[2025-01-12 10:02:04,038] INFO: Iter 16100 Summary: 
[2025-01-12 10:02:04,038] INFO: 	 lr: 0.00030000000000000073 	 Training loss: 0.041771757826209066
[2025-01-12 10:02:11,461] INFO: Iter 16200 Summary: 
[2025-01-12 10:02:11,461] INFO: 	 lr: 0.00030000000000000073 	 Training loss: 0.041792411170899865
[2025-01-12 10:02:19,023] INFO: Iter 16300 Summary: 
[2025-01-12 10:02:19,023] INFO: 	 lr: 0.00030000000000000073 	 Training loss: 0.04158381920307875
[2025-01-12 10:02:27,048] INFO: Iter 16400 Summary: 
[2025-01-12 10:02:27,048] INFO: 	 lr: 0.00030000000000000073 	 Training loss: 0.0420076697319746
[2025-01-12 10:02:35,114] INFO: Iter 16500 Summary: 
[2025-01-12 10:02:35,114] INFO: 	 lr: 0.00030000000000000073 	 Training loss: 0.04185917250812054
[2025-01-12 10:02:43,918] INFO: Iter 16600 Summary: 
[2025-01-12 10:02:43,918] INFO: 	 lr: 0.00030000000000000073 	 Training loss: 0.04204321458935738
[2025-01-12 10:02:51,547] INFO: Iter 16700 Summary: 
[2025-01-12 10:02:51,547] INFO: 	 lr: 0.00030000000000000073 	 Training loss: 0.04181496325880289
[2025-01-12 10:02:59,331] INFO: Iter 16800 Summary: 
[2025-01-12 10:02:59,331] INFO: 	 lr: 0.00030000000000000073 	 Training loss: 0.04182525739073753
[2025-01-12 10:03:07,194] INFO: Iter 16900 Summary: 
[2025-01-12 10:03:07,194] INFO: 	 lr: 0.00030000000000000073 	 Training loss: 0.041500884778797625
[2025-01-12 10:03:15,057] INFO: Iter 17000 Summary: 
[2025-01-12 10:03:15,058] INFO: 	 lr: 0.00030000000000000073 	 Training loss: 0.04159407183527947
[2025-01-12 10:03:23,311] INFO: Iter 17100 Summary: 
[2025-01-12 10:03:23,311] INFO: 	 lr: 0.00030000000000000073 	 Training loss: 0.04175164680927992
[2025-01-12 10:03:31,506] INFO: Iter 17200 Summary: 
[2025-01-12 10:03:31,507] INFO: 	 lr: 0.00030000000000000073 	 Training loss: 0.041710114367306234
[2025-01-12 10:03:39,738] INFO: Iter 17300 Summary: 
[2025-01-12 10:03:39,739] INFO: 	 lr: 0.00030000000000000073 	 Training loss: 0.041700844429433344
[2025-01-12 10:03:47,017] INFO: Iter 17400 Summary: 
[2025-01-12 10:03:47,018] INFO: 	 lr: 0.00030000000000000073 	 Training loss: 0.04173077408224344
[2025-01-12 10:03:54,432] INFO: Iter 17500 Summary: 
[2025-01-12 10:03:54,432] INFO: 	 lr: 0.00030000000000000073 	 Training loss: 0.041596400924026965
[2025-01-12 10:04:03,083] INFO: Iter 17600 Summary: 
[2025-01-12 10:04:03,084] INFO: 	 lr: 0.00030000000000000073 	 Training loss: 0.0416151063144207
[2025-01-12 10:04:10,361] INFO: Iter 17700 Summary: 
[2025-01-12 10:04:10,362] INFO: 	 lr: 0.00030000000000000073 	 Training loss: 0.04149976767599583
[2025-01-12 10:04:17,627] INFO: Iter 17800 Summary: 
[2025-01-12 10:04:17,627] INFO: 	 lr: 0.00030000000000000073 	 Training loss: 0.041327018328011035
[2025-01-12 10:04:25,404] INFO: Iter 17900 Summary: 
[2025-01-12 10:04:25,404] INFO: 	 lr: 0.00030000000000000073 	 Training loss: 0.04165978904813528
[2025-01-12 10:04:33,006] INFO: Iter 18000 Summary: 
[2025-01-12 10:04:33,006] INFO: 	 lr: 0.00030000000000000073 	 Training loss: 0.04127954307943583
[2025-01-12 10:04:42,489] INFO: Iter 18100 Summary: 
[2025-01-12 10:04:42,490] INFO: 	 lr: 0.00030000000000000073 	 Training loss: 0.04133963096886873
[2025-01-12 10:04:50,201] INFO: Iter 18200 Summary: 
[2025-01-12 10:04:50,201] INFO: 	 lr: 0.00030000000000000073 	 Training loss: 0.04161226503551006
[2025-01-12 10:04:57,635] INFO: Iter 18300 Summary: 
[2025-01-12 10:04:57,635] INFO: 	 lr: 0.00030000000000000073 	 Training loss: 0.041451372988522056
[2025-01-12 10:05:04,810] INFO: Iter 18400 Summary: 
[2025-01-12 10:05:04,810] INFO: 	 lr: 0.00030000000000000073 	 Training loss: 0.041788846664130685
[2025-01-12 10:05:12,090] INFO: Iter 18500 Summary: 
[2025-01-12 10:05:12,090] INFO: 	 lr: 0.00030000000000000073 	 Training loss: 0.041355162486433984
[2025-01-12 10:05:19,952] INFO: Iter 18600 Summary: 
[2025-01-12 10:05:19,952] INFO: 	 lr: 0.00030000000000000073 	 Training loss: 0.04152826935052872
[2025-01-12 10:05:27,469] INFO: Iter 18700 Summary: 
[2025-01-12 10:05:27,469] INFO: 	 lr: 0.00030000000000000073 	 Training loss: 0.04159187506884336
[2025-01-12 10:05:34,783] INFO: Iter 18800 Summary: 
[2025-01-12 10:05:34,783] INFO: 	 lr: 0.00030000000000000073 	 Training loss: 0.041596753112971785
[2025-01-12 10:05:42,132] INFO: Iter 18900 Summary: 
[2025-01-12 10:05:42,132] INFO: 	 lr: 0.00030000000000000073 	 Training loss: 0.04147560235112906
[2025-01-12 10:05:49,360] INFO: Iter 19000 Summary: 
[2025-01-12 10:05:49,360] INFO: 	 lr: 0.00030000000000000073 	 Training loss: 0.04128891732543707
[2025-01-12 10:05:56,662] INFO: Iter 19100 Summary: 
[2025-01-12 10:05:56,663] INFO: 	 lr: 0.00030000000000000073 	 Training loss: 0.04171748604625464
[2025-01-12 10:06:03,944] INFO: Iter 19200 Summary: 
[2025-01-12 10:06:03,944] INFO: 	 lr: 0.00030000000000000073 	 Training loss: 0.04127287294715643
[2025-01-12 10:06:11,888] INFO: Iter 19300 Summary: 
[2025-01-12 10:06:11,888] INFO: 	 lr: 0.00030000000000000073 	 Training loss: 0.041538887694478034
[2025-01-12 10:06:19,676] INFO: Iter 19400 Summary: 
[2025-01-12 10:06:19,676] INFO: 	 lr: 0.00030000000000000073 	 Training loss: 0.041200217083096506
[2025-01-12 10:06:27,068] INFO: Iter 19500 Summary: 
[2025-01-12 10:06:27,068] INFO: 	 lr: 0.00030000000000000073 	 Training loss: 0.041389088444411755
[2025-01-12 10:06:34,810] INFO: Iter 19600 Summary: 
[2025-01-12 10:06:34,810] INFO: 	 lr: 0.00030000000000000073 	 Training loss: 0.0415076956525445
[2025-01-12 10:06:42,137] INFO: Iter 19700 Summary: 
[2025-01-12 10:06:42,138] INFO: 	 lr: 0.00030000000000000073 	 Training loss: 0.041243218965828415
[2025-01-12 10:06:49,547] INFO: Iter 19800 Summary: 
[2025-01-12 10:06:49,548] INFO: 	 lr: 0.00030000000000000073 	 Training loss: 0.0410468016192317
[2025-01-12 10:06:56,943] INFO: Iter 19900 Summary: 
[2025-01-12 10:06:56,943] INFO: 	 lr: 0.00030000000000000073 	 Training loss: 0.0414164736494422
[2025-01-12 10:07:05,135] INFO: Iter 20000 Summary: 
[2025-01-12 10:07:05,135] INFO: 	 lr: 0.00030000000000000073 	 Training loss: 0.040885013341903684
[2025-01-12 10:07:14,593] INFO: Iter 20100 Summary: 
[2025-01-12 10:07:14,593] INFO: 	 lr: 0.00030000000000000073 	 Training loss: 0.04113103311508894
[2025-01-12 10:07:22,241] INFO: Iter 20200 Summary: 
[2025-01-12 10:07:22,241] INFO: 	 lr: 0.00030000000000000073 	 Training loss: 0.041464070193469524
[2025-01-12 10:07:29,609] INFO: Iter 20300 Summary: 
[2025-01-12 10:07:29,609] INFO: 	 lr: 0.00030000000000000073 	 Training loss: 0.041464085914194586
[2025-01-12 10:07:36,901] INFO: Iter 20400 Summary: 
[2025-01-12 10:07:36,901] INFO: 	 lr: 0.00030000000000000073 	 Training loss: 0.04093543481081724
[2025-01-12 10:07:44,304] INFO: Iter 20500 Summary: 
[2025-01-12 10:07:44,304] INFO: 	 lr: 0.00030000000000000073 	 Training loss: 0.04133008647710085
[2025-01-12 10:07:51,719] INFO: Iter 20600 Summary: 
[2025-01-12 10:07:51,719] INFO: 	 lr: 0.00030000000000000073 	 Training loss: 0.04125320069491863
[2025-01-12 10:07:59,687] INFO: Iter 20700 Summary: 
[2025-01-12 10:07:59,688] INFO: 	 lr: 0.00030000000000000073 	 Training loss: 0.04115596793591976
[2025-01-12 10:08:07,181] INFO: Iter 20800 Summary: 
[2025-01-12 10:08:07,181] INFO: 	 lr: 0.00030000000000000073 	 Training loss: 0.04096221625804901
[2025-01-12 10:08:14,476] INFO: Iter 20900 Summary: 
[2025-01-12 10:08:14,476] INFO: 	 lr: 0.00030000000000000073 	 Training loss: 0.04118394240736961
[2025-01-12 10:08:21,804] INFO: Iter 21000 Summary: 
[2025-01-12 10:08:21,805] INFO: 	 lr: 0.00030000000000000073 	 Training loss: 0.04172102726995945
[2025-01-12 10:08:29,212] INFO: Iter 21100 Summary: 
[2025-01-12 10:08:29,213] INFO: 	 lr: 0.00030000000000000073 	 Training loss: 0.04104808665812015
[2025-01-12 10:08:36,613] INFO: Iter 21200 Summary: 
[2025-01-12 10:08:36,614] INFO: 	 lr: 0.00030000000000000073 	 Training loss: 0.041121954806149004
[2025-01-12 10:08:44,243] INFO: Iter 21300 Summary: 
[2025-01-12 10:08:44,243] INFO: 	 lr: 0.00030000000000000073 	 Training loss: 0.04090572159737348
[2025-01-12 10:08:52,410] INFO: Iter 21400 Summary: 
[2025-01-12 10:08:52,410] INFO: 	 lr: 0.00030000000000000073 	 Training loss: 0.04119588568806648
[2025-01-12 10:08:59,875] INFO: Iter 21500 Summary: 
[2025-01-12 10:08:59,875] INFO: 	 lr: 0.00030000000000000073 	 Training loss: 0.041049843914806844
[2025-01-12 10:09:07,177] INFO: Iter 21600 Summary: 
[2025-01-12 10:09:07,177] INFO: 	 lr: 0.00030000000000000073 	 Training loss: 0.041052246801555156
[2025-01-12 10:09:14,517] INFO: Iter 21700 Summary: 
[2025-01-12 10:09:14,517] INFO: 	 lr: 0.00030000000000000073 	 Training loss: 0.04086005203425884
[2025-01-12 10:09:21,959] INFO: Iter 21800 Summary: 
[2025-01-12 10:09:21,959] INFO: 	 lr: 0.00030000000000000073 	 Training loss: 0.04103583440184593
[2025-01-12 10:09:29,340] INFO: Iter 21900 Summary: 
[2025-01-12 10:09:29,340] INFO: 	 lr: 0.00030000000000000073 	 Training loss: 0.041171565242111685
[2025-01-12 10:09:36,869] INFO: Iter 22000 Summary: 
[2025-01-12 10:09:36,869] INFO: 	 lr: 0.00030000000000000073 	 Training loss: 0.0408890238404274
[2025-01-12 10:09:46,935] INFO: Iter 22100 Summary: 
[2025-01-12 10:09:46,935] INFO: 	 lr: 0.00030000000000000073 	 Training loss: 0.04071672845631838
[2025-01-12 10:09:54,292] INFO: Iter 22200 Summary: 
[2025-01-12 10:09:54,292] INFO: 	 lr: 0.00030000000000000073 	 Training loss: 0.041027701571583745
[2025-01-12 10:10:01,614] INFO: Iter 22300 Summary: 
[2025-01-12 10:10:01,614] INFO: 	 lr: 0.00030000000000000073 	 Training loss: 0.040737347677350044
[2025-01-12 10:10:08,905] INFO: Iter 22400 Summary: 
[2025-01-12 10:10:08,905] INFO: 	 lr: 0.00030000000000000073 	 Training loss: 0.041004579588770865
[2025-01-12 10:10:16,231] INFO: Iter 22500 Summary: 
[2025-01-12 10:10:16,231] INFO: 	 lr: 0.00030000000000000073 	 Training loss: 0.04127170670777559
[2025-01-12 10:10:23,591] INFO: Iter 22600 Summary: 
[2025-01-12 10:10:23,592] INFO: 	 lr: 0.00030000000000000073 	 Training loss: 0.041216533333063125
[2025-01-12 10:10:30,980] INFO: Iter 22700 Summary: 
[2025-01-12 10:10:30,980] INFO: 	 lr: 0.00030000000000000073 	 Training loss: 0.041035621985793115
[2025-01-12 10:10:38,883] INFO: Iter 22800 Summary: 
[2025-01-12 10:10:38,884] INFO: 	 lr: 0.00030000000000000073 	 Training loss: 0.04095283512026072
[2025-01-12 10:10:46,226] INFO: Iter 22900 Summary: 
[2025-01-12 10:10:46,227] INFO: 	 lr: 0.00030000000000000073 	 Training loss: 0.04085579786449671
[2025-01-12 10:10:53,592] INFO: Iter 23000 Summary: 
[2025-01-12 10:10:53,592] INFO: 	 lr: 0.00030000000000000073 	 Training loss: 0.04084264568984509
[2025-01-12 10:11:01,140] INFO: Iter 23100 Summary: 
[2025-01-12 10:11:01,140] INFO: 	 lr: 0.00030000000000000073 	 Training loss: 0.0408439189940691
[2025-01-12 10:11:08,514] INFO: Iter 23200 Summary: 
[2025-01-12 10:11:08,514] INFO: 	 lr: 0.00030000000000000073 	 Training loss: 0.04082281265407801
[2025-01-12 10:11:15,836] INFO: Iter 23300 Summary: 
[2025-01-12 10:11:15,836] INFO: 	 lr: 0.00030000000000000073 	 Training loss: 0.04099437963217497
[2025-01-12 10:11:23,928] INFO: Iter 23400 Summary: 
[2025-01-12 10:11:23,929] INFO: 	 lr: 0.00030000000000000073 	 Training loss: 0.04080096159130335
[2025-01-12 10:11:31,455] INFO: Iter 23500 Summary: 
[2025-01-12 10:11:31,455] INFO: 	 lr: 0.00030000000000000073 	 Training loss: 0.04087203446775675
[2025-01-12 10:11:38,833] INFO: Iter 23600 Summary: 
[2025-01-12 10:11:38,833] INFO: 	 lr: 0.00030000000000000073 	 Training loss: 0.04099465940147638
[2025-01-12 10:11:46,215] INFO: Iter 23700 Summary: 
[2025-01-12 10:11:46,215] INFO: 	 lr: 0.00030000000000000073 	 Training loss: 0.04064328700304031
[2025-01-12 10:11:53,622] INFO: Iter 23800 Summary: 
[2025-01-12 10:11:53,622] INFO: 	 lr: 0.00030000000000000073 	 Training loss: 0.04089891202747822
[2025-01-12 10:12:00,898] INFO: Iter 23900 Summary: 
[2025-01-12 10:12:00,898] INFO: 	 lr: 0.00030000000000000073 	 Training loss: 0.040814544819295404
[2025-01-12 10:12:08,319] INFO: Iter 24000 Summary: 
[2025-01-12 10:12:08,319] INFO: 	 lr: 0.00030000000000000073 	 Training loss: 0.04084015931934118
[2025-01-12 10:12:18,172] INFO: Iter 24100 Summary: 
[2025-01-12 10:12:18,172] INFO: 	 lr: 0.00030000000000000073 	 Training loss: 0.040828906521201136
[2025-01-12 10:12:25,524] INFO: Iter 24200 Summary: 
[2025-01-12 10:12:25,524] INFO: 	 lr: 0.00030000000000000073 	 Training loss: 0.040914280600845815
[2025-01-12 10:12:32,835] INFO: Iter 24300 Summary: 
[2025-01-12 10:12:32,835] INFO: 	 lr: 0.00030000000000000073 	 Training loss: 0.040923675931990144
[2025-01-12 10:12:40,262] INFO: Iter 24400 Summary: 
[2025-01-12 10:12:40,262] INFO: 	 lr: 0.00030000000000000073 	 Training loss: 0.04079229243099689
[2025-01-12 10:12:47,532] INFO: Iter 24500 Summary: 
[2025-01-12 10:12:47,532] INFO: 	 lr: 0.00030000000000000073 	 Training loss: 0.04093325946480036
[2025-01-12 10:12:55,110] INFO: Iter 24600 Summary: 
[2025-01-12 10:12:55,110] INFO: 	 lr: 0.00030000000000000073 	 Training loss: 0.04065001517534256
[2025-01-12 10:13:02,491] INFO: Iter 24700 Summary: 
[2025-01-12 10:13:02,492] INFO: 	 lr: 0.00030000000000000073 	 Training loss: 0.040760719738900664
[2025-01-12 10:13:10,533] INFO: Iter 24800 Summary: 
[2025-01-12 10:13:10,533] INFO: 	 lr: 0.00030000000000000073 	 Training loss: 0.04061209708452225
[2025-01-12 10:13:18,174] INFO: Iter 24900 Summary: 
[2025-01-12 10:13:18,174] INFO: 	 lr: 0.00030000000000000073 	 Training loss: 0.04062575597316027
[2025-01-12 10:13:25,802] INFO: Iter 25000 Summary: 
[2025-01-12 10:13:25,803] INFO: 	 lr: 0.00030000000000000073 	 Training loss: 0.04071385256946087
[2025-01-12 10:13:33,402] INFO: Iter 25100 Summary: 
[2025-01-12 10:13:33,403] INFO: 	 lr: 0.00030000000000000073 	 Training loss: 0.040679566003382205
[2025-01-12 10:13:40,943] INFO: Iter 25200 Summary: 
[2025-01-12 10:13:40,943] INFO: 	 lr: 0.00030000000000000073 	 Training loss: 0.04106263414025307
[2025-01-12 10:13:48,474] INFO: Iter 25300 Summary: 
[2025-01-12 10:13:48,474] INFO: 	 lr: 0.00030000000000000073 	 Training loss: 0.04064377006143331
[2025-01-12 10:13:55,917] INFO: Iter 25400 Summary: 
[2025-01-12 10:13:55,918] INFO: 	 lr: 0.00030000000000000073 	 Training loss: 0.04080976527184248
[2025-01-12 10:14:04,077] INFO: Iter 25500 Summary: 
[2025-01-12 10:14:04,077] INFO: 	 lr: 0.00030000000000000073 	 Training loss: 0.04058884650468826
[2025-01-12 10:14:11,748] INFO: Iter 25600 Summary: 
[2025-01-12 10:14:11,748] INFO: 	 lr: 0.00030000000000000073 	 Training loss: 0.0407447698712349
[2025-01-12 10:14:19,088] INFO: Iter 25700 Summary: 
[2025-01-12 10:14:19,089] INFO: 	 lr: 0.00030000000000000073 	 Training loss: 0.04063376434147358
[2025-01-12 10:14:26,336] INFO: Iter 25800 Summary: 
[2025-01-12 10:14:26,336] INFO: 	 lr: 0.00030000000000000073 	 Training loss: 0.04081985030323267
[2025-01-12 10:14:34,192] INFO: Iter 25900 Summary: 
[2025-01-12 10:14:34,192] INFO: 	 lr: 0.00030000000000000073 	 Training loss: 0.040686836391687395
[2025-01-12 10:14:46,509] INFO: Iter 26000 Summary: 
[2025-01-12 10:14:46,509] INFO: 	 lr: 0.00030000000000000073 	 Training loss: 0.04072163835167885
[2025-01-12 10:15:01,439] INFO: Iter 26100 Summary: 
[2025-01-12 10:15:01,439] INFO: 	 lr: 0.00030000000000000073 	 Training loss: 0.04078332606703043
[2025-01-12 10:15:13,252] INFO: Iter 26200 Summary: 
[2025-01-12 10:15:13,253] INFO: 	 lr: 0.00030000000000000073 	 Training loss: 0.040688682720065115
[2025-01-12 10:15:25,875] INFO: Iter 26300 Summary: 
[2025-01-12 10:15:25,875] INFO: 	 lr: 0.00030000000000000073 	 Training loss: 0.0407116749882698
[2025-01-12 10:15:38,711] INFO: Iter 26400 Summary: 
[2025-01-12 10:15:38,712] INFO: 	 lr: 0.00030000000000000073 	 Training loss: 0.04053113076835871
[2025-01-12 10:15:50,808] INFO: Iter 26500 Summary: 
[2025-01-12 10:15:50,808] INFO: 	 lr: 0.00030000000000000073 	 Training loss: 0.04054313320666551
[2025-01-12 10:16:03,536] INFO: Iter 26600 Summary: 
[2025-01-12 10:16:03,536] INFO: 	 lr: 0.00030000000000000073 	 Training loss: 0.04062776006758213
[2025-01-12 10:16:16,396] INFO: Iter 26700 Summary: 
[2025-01-12 10:16:16,396] INFO: 	 lr: 0.00030000000000000073 	 Training loss: 0.04089108880609274
[2025-01-12 10:16:28,742] INFO: Iter 26800 Summary: 
[2025-01-12 10:16:28,742] INFO: 	 lr: 0.00030000000000000073 	 Training loss: 0.04058340977877378
[2025-01-12 10:16:41,384] INFO: Iter 26900 Summary: 
[2025-01-12 10:16:41,385] INFO: 	 lr: 0.00030000000000000073 	 Training loss: 0.040548975802958014
[2025-01-12 10:16:54,113] INFO: Iter 27000 Summary: 
[2025-01-12 10:16:54,114] INFO: 	 lr: 0.00030000000000000073 	 Training loss: 0.04050929635763168
[2025-01-12 10:17:06,782] INFO: Iter 27100 Summary: 
[2025-01-12 10:17:06,782] INFO: 	 lr: 0.00030000000000000073 	 Training loss: 0.04061337471008301
[2025-01-12 10:17:18,622] INFO: Iter 27200 Summary: 
[2025-01-12 10:17:18,622] INFO: 	 lr: 0.00030000000000000073 	 Training loss: 0.04078399758785963
[2025-01-12 10:17:30,708] INFO: Iter 27300 Summary: 
[2025-01-12 10:17:30,708] INFO: 	 lr: 0.00030000000000000073 	 Training loss: 0.0408100363612175
[2025-01-12 10:17:43,672] INFO: Iter 27400 Summary: 
[2025-01-12 10:17:43,672] INFO: 	 lr: 0.00030000000000000073 	 Training loss: 0.040632644928991796
[2025-01-12 10:17:56,190] INFO: Iter 27500 Summary: 
[2025-01-12 10:17:56,190] INFO: 	 lr: 0.00030000000000000073 	 Training loss: 0.04057134497910738
[2025-01-12 10:18:09,044] INFO: Iter 27600 Summary: 
[2025-01-12 10:18:09,045] INFO: 	 lr: 0.00030000000000000073 	 Training loss: 0.04054389607161284
[2025-01-12 10:18:20,435] INFO: Iter 27700 Summary: 
[2025-01-12 10:18:20,435] INFO: 	 lr: 0.00030000000000000073 	 Training loss: 0.04035794023424387
[2025-01-12 10:18:33,833] INFO: Iter 27800 Summary: 
[2025-01-12 10:18:33,833] INFO: 	 lr: 0.00030000000000000073 	 Training loss: 0.04049909703433514
[2025-01-12 10:18:46,931] INFO: Iter 27900 Summary: 
[2025-01-12 10:18:46,931] INFO: 	 lr: 0.00030000000000000073 	 Training loss: 0.04056486889719963
[2025-01-12 10:19:00,826] INFO: Iter 28000 Summary: 
[2025-01-12 10:19:00,826] INFO: 	 lr: 0.00030000000000000073 	 Training loss: 0.04060143195092678
[2025-01-12 10:19:19,561] INFO: Iter 28100 Summary: 
[2025-01-12 10:19:19,561] INFO: 	 lr: 0.00030000000000000073 	 Training loss: 0.04020084474235773
[2025-01-12 10:19:32,022] INFO: Iter 28200 Summary: 
[2025-01-12 10:19:32,022] INFO: 	 lr: 0.00030000000000000073 	 Training loss: 0.04049246869981289
[2025-01-12 10:19:47,235] INFO: Iter 28300 Summary: 
[2025-01-12 10:19:47,236] INFO: 	 lr: 0.00030000000000000073 	 Training loss: 0.040367970913648604
[2025-01-12 10:20:01,627] INFO: Iter 28400 Summary: 
[2025-01-12 10:20:01,628] INFO: 	 lr: 0.00030000000000000073 	 Training loss: 0.0404962271079421
[2025-01-12 10:20:15,450] INFO: Iter 28500 Summary: 
[2025-01-12 10:20:15,450] INFO: 	 lr: 0.00030000000000000073 	 Training loss: 0.04033951796591282
[2025-01-12 10:20:28,065] INFO: Iter 28600 Summary: 
[2025-01-12 10:20:28,066] INFO: 	 lr: 0.00030000000000000073 	 Training loss: 0.040492336191236974
[2025-01-12 10:20:40,674] INFO: Iter 28700 Summary: 
[2025-01-12 10:20:40,674] INFO: 	 lr: 0.00030000000000000073 	 Training loss: 0.040821426920592783
[2025-01-12 10:20:53,040] INFO: Iter 28800 Summary: 
[2025-01-12 10:20:53,040] INFO: 	 lr: 0.00030000000000000073 	 Training loss: 0.04067259579896927
[2025-01-12 10:21:04,258] INFO: Iter 28900 Summary: 
[2025-01-12 10:21:04,258] INFO: 	 lr: 0.00030000000000000073 	 Training loss: 0.04048936400562525
[2025-01-12 10:21:17,315] INFO: Iter 29000 Summary: 
[2025-01-12 10:21:17,315] INFO: 	 lr: 0.00030000000000000073 	 Training loss: 0.040532121770083904
[2025-01-12 10:21:30,185] INFO: Iter 29100 Summary: 
[2025-01-12 10:21:30,186] INFO: 	 lr: 0.00030000000000000073 	 Training loss: 0.04053845163434744
[2025-01-12 10:21:41,498] INFO: Iter 29200 Summary: 
[2025-01-12 10:21:41,499] INFO: 	 lr: 0.00030000000000000073 	 Training loss: 0.04039350531995296
[2025-01-12 10:21:54,292] INFO: Iter 29300 Summary: 
[2025-01-12 10:21:54,292] INFO: 	 lr: 0.00030000000000000073 	 Training loss: 0.04041414085775614
[2025-01-12 10:22:06,620] INFO: Iter 29400 Summary: 
[2025-01-12 10:22:06,620] INFO: 	 lr: 0.00030000000000000073 	 Training loss: 0.04051639024168253
[2025-01-12 10:22:18,267] INFO: Iter 29500 Summary: 
[2025-01-12 10:22:18,267] INFO: 	 lr: 0.00030000000000000073 	 Training loss: 0.04026750076562166
[2025-01-12 10:22:31,850] INFO: Iter 29600 Summary: 
[2025-01-12 10:22:31,851] INFO: 	 lr: 0.00030000000000000073 	 Training loss: 0.04076335232704878
[2025-01-12 10:22:44,886] INFO: Iter 29700 Summary: 
[2025-01-12 10:22:44,887] INFO: 	 lr: 0.00030000000000000073 	 Training loss: 0.03995912846177816
[2025-01-12 10:22:56,908] INFO: Iter 29800 Summary: 
[2025-01-12 10:22:56,908] INFO: 	 lr: 0.00030000000000000073 	 Training loss: 0.04048915356397629
[2025-01-12 10:23:09,554] INFO: Iter 29900 Summary: 
[2025-01-12 10:23:09,554] INFO: 	 lr: 0.00030000000000000073 	 Training loss: 0.040551211275160315
[2025-01-12 10:23:22,293] INFO: Iter 30000 Summary: 
[2025-01-12 10:23:22,293] INFO: 	 lr: 0.00030000000000000073 	 Training loss: 0.04006114613264799
[2025-01-12 10:23:38,247] INFO: Iter 30100 Summary: 
[2025-01-12 10:23:38,247] INFO: 	 lr: 1.2900000000000026e-05 	 Training loss: 0.039896429143846036
[2025-01-12 10:23:50,122] INFO: Iter 30200 Summary: 
[2025-01-12 10:23:50,122] INFO: 	 lr: 1.000000000000002e-05 	 Training loss: 0.03907614000141621
[2025-01-12 10:24:03,220] INFO: Iter 30300 Summary: 
[2025-01-12 10:24:03,221] INFO: 	 lr: 1.000000000000002e-05 	 Training loss: 0.038887022770941256
[2025-01-12 10:24:15,819] INFO: Iter 30400 Summary: 
[2025-01-12 10:24:15,820] INFO: 	 lr: 1.000000000000002e-05 	 Training loss: 0.039105014614760875
[2025-01-12 10:24:28,618] INFO: Iter 30500 Summary: 
[2025-01-12 10:24:28,619] INFO: 	 lr: 1.000000000000002e-05 	 Training loss: 0.03877425421029329
[2025-01-12 10:24:41,150] INFO: Iter 30600 Summary: 
[2025-01-12 10:24:41,150] INFO: 	 lr: 1.000000000000002e-05 	 Training loss: 0.038796077109873296
[2025-01-12 10:24:53,726] INFO: Iter 30700 Summary: 
[2025-01-12 10:24:53,726] INFO: 	 lr: 1.000000000000002e-05 	 Training loss: 0.03868586640805006
[2025-01-12 10:25:05,057] INFO: Iter 30800 Summary: 
[2025-01-12 10:25:05,058] INFO: 	 lr: 1.000000000000002e-05 	 Training loss: 0.03867394365370273
[2025-01-12 10:25:17,682] INFO: Iter 30900 Summary: 
[2025-01-12 10:25:17,682] INFO: 	 lr: 1.000000000000002e-05 	 Training loss: 0.03858792435377836
[2025-01-12 10:25:30,079] INFO: Iter 31000 Summary: 
[2025-01-12 10:25:30,079] INFO: 	 lr: 1.000000000000002e-05 	 Training loss: 0.03877129834145308
[2025-01-12 10:25:42,705] INFO: Iter 31100 Summary: 
[2025-01-12 10:25:42,705] INFO: 	 lr: 1.000000000000002e-05 	 Training loss: 0.038466656245291234
[2025-01-12 10:25:54,913] INFO: Iter 31200 Summary: 
[2025-01-12 10:25:54,913] INFO: 	 lr: 1.000000000000002e-05 	 Training loss: 0.03851048577576876
[2025-01-12 10:26:08,162] INFO: Iter 31300 Summary: 
[2025-01-12 10:26:08,163] INFO: 	 lr: 1.000000000000002e-05 	 Training loss: 0.03835403610020876
[2025-01-12 10:26:20,532] INFO: Iter 31400 Summary: 
[2025-01-12 10:26:20,532] INFO: 	 lr: 1.000000000000002e-05 	 Training loss: 0.03863867249339819
[2025-01-12 10:26:31,833] INFO: Iter 31500 Summary: 
[2025-01-12 10:26:31,833] INFO: 	 lr: 1.000000000000002e-05 	 Training loss: 0.038810972459614276
[2025-01-12 10:26:45,623] INFO: Iter 31600 Summary: 
[2025-01-12 10:26:45,623] INFO: 	 lr: 1.000000000000002e-05 	 Training loss: 0.03850770533084869
[2025-01-12 10:26:59,536] INFO: Iter 31700 Summary: 
[2025-01-12 10:26:59,536] INFO: 	 lr: 1.000000000000002e-05 	 Training loss: 0.03834125552326441
[2025-01-12 10:27:12,480] INFO: Iter 31800 Summary: 
[2025-01-12 10:27:12,480] INFO: 	 lr: 1.000000000000002e-05 	 Training loss: 0.038640688844025134
[2025-01-12 10:27:24,897] INFO: Iter 31900 Summary: 
[2025-01-12 10:27:24,897] INFO: 	 lr: 1.000000000000002e-05 	 Training loss: 0.0383955404907465
[2025-01-12 10:27:38,086] INFO: Iter 32000 Summary: 
[2025-01-12 10:27:38,086] INFO: 	 lr: 1.000000000000002e-05 	 Training loss: 0.03877758853137493
[2025-01-12 10:27:55,674] INFO: Iter 32100 Summary: 
[2025-01-12 10:27:55,675] INFO: 	 lr: 1.000000000000002e-05 	 Training loss: 0.03833512280136347
[2025-01-12 10:28:09,208] INFO: Iter 32200 Summary: 
[2025-01-12 10:28:09,209] INFO: 	 lr: 1.000000000000002e-05 	 Training loss: 0.0383749845251441
[2025-01-12 10:28:21,438] INFO: Iter 32300 Summary: 
[2025-01-12 10:28:21,438] INFO: 	 lr: 1.000000000000002e-05 	 Training loss: 0.038342962898314
[2025-01-12 10:28:35,440] INFO: Iter 32400 Summary: 
[2025-01-12 10:28:35,440] INFO: 	 lr: 1.000000000000002e-05 	 Training loss: 0.03834170825779438
[2025-01-12 10:28:49,302] INFO: Iter 32500 Summary: 
[2025-01-12 10:28:49,303] INFO: 	 lr: 1.000000000000002e-05 	 Training loss: 0.03839788366109133
[2025-01-12 10:29:02,604] INFO: Iter 32600 Summary: 
[2025-01-12 10:29:02,605] INFO: 	 lr: 1.000000000000002e-05 	 Training loss: 0.038056421764194964
[2025-01-12 10:29:16,944] INFO: Iter 32700 Summary: 
[2025-01-12 10:29:16,945] INFO: 	 lr: 1.000000000000002e-05 	 Training loss: 0.03827712122350931
[2025-01-12 10:29:31,008] INFO: Iter 32800 Summary: 
[2025-01-12 10:29:31,009] INFO: 	 lr: 1.000000000000002e-05 	 Training loss: 0.03831726185977459
[2025-01-12 10:29:44,823] INFO: Iter 32900 Summary: 
[2025-01-12 10:29:44,823] INFO: 	 lr: 1.000000000000002e-05 	 Training loss: 0.03851900920271874
[2025-01-12 10:29:57,499] INFO: Iter 33000 Summary: 
[2025-01-12 10:29:57,499] INFO: 	 lr: 1.000000000000002e-05 	 Training loss: 0.03878306925296784
[2025-01-12 10:30:11,613] INFO: Iter 33100 Summary: 
[2025-01-12 10:30:11,613] INFO: 	 lr: 1.000000000000002e-05 	 Training loss: 0.03813595324754715
[2025-01-12 10:30:24,724] INFO: Iter 33200 Summary: 
[2025-01-12 10:30:24,724] INFO: 	 lr: 1.000000000000002e-05 	 Training loss: 0.038580431528389456
[2025-01-12 10:30:39,116] INFO: Iter 33300 Summary: 
[2025-01-12 10:30:39,117] INFO: 	 lr: 1.000000000000002e-05 	 Training loss: 0.038169029951095584
[2025-01-12 10:30:51,906] INFO: Iter 33400 Summary: 
[2025-01-12 10:30:51,906] INFO: 	 lr: 1.000000000000002e-05 	 Training loss: 0.03840597186237574
[2025-01-12 10:31:06,301] INFO: Iter 33500 Summary: 
[2025-01-12 10:31:06,301] INFO: 	 lr: 1.000000000000002e-05 	 Training loss: 0.03830000538378954
[2025-01-12 10:31:21,743] INFO: Iter 33600 Summary: 
[2025-01-12 10:31:21,743] INFO: 	 lr: 1.000000000000002e-05 	 Training loss: 0.038332137688994405
[2025-01-12 10:31:36,002] INFO: Iter 33700 Summary: 
[2025-01-12 10:31:36,003] INFO: 	 lr: 1.000000000000002e-05 	 Training loss: 0.038204762004315856
[2025-01-12 10:31:49,971] INFO: Iter 33800 Summary: 
[2025-01-12 10:31:49,972] INFO: 	 lr: 1.000000000000002e-05 	 Training loss: 0.03825310036540031
[2025-01-12 10:32:02,998] INFO: Iter 33900 Summary: 
[2025-01-12 10:32:02,998] INFO: 	 lr: 1.000000000000002e-05 	 Training loss: 0.038339289873838424
[2025-01-12 10:32:15,040] INFO: Iter 34000 Summary: 
[2025-01-12 10:32:15,041] INFO: 	 lr: 1.000000000000002e-05 	 Training loss: 0.037933967597782614
[2025-01-12 10:32:30,437] INFO: Iter 34100 Summary: 
[2025-01-12 10:32:30,437] INFO: 	 lr: 1.000000000000002e-05 	 Training loss: 0.03819854885339737
[2025-01-12 10:32:43,175] INFO: Iter 34200 Summary: 
[2025-01-12 10:32:43,175] INFO: 	 lr: 1.000000000000002e-05 	 Training loss: 0.03834783274680376
[2025-01-12 10:32:55,864] INFO: Iter 34300 Summary: 
[2025-01-12 10:32:55,864] INFO: 	 lr: 1.000000000000002e-05 	 Training loss: 0.03845811627805233
[2025-01-12 10:33:09,438] INFO: Iter 34400 Summary: 
[2025-01-12 10:33:09,438] INFO: 	 lr: 1.000000000000002e-05 	 Training loss: 0.03824924692511558
[2025-01-12 10:33:23,868] INFO: Iter 34500 Summary: 
[2025-01-12 10:33:23,868] INFO: 	 lr: 1.000000000000002e-05 	 Training loss: 0.038312536813318726
[2025-01-12 10:33:37,253] INFO: Iter 34600 Summary: 
[2025-01-12 10:33:37,253] INFO: 	 lr: 1.000000000000002e-05 	 Training loss: 0.03805339425802231
[2025-01-12 10:33:49,693] INFO: Iter 34700 Summary: 
[2025-01-12 10:33:49,693] INFO: 	 lr: 1.000000000000002e-05 	 Training loss: 0.03865000795572996
[2025-01-12 10:34:02,138] INFO: Iter 34800 Summary: 
[2025-01-12 10:34:02,138] INFO: 	 lr: 1.000000000000002e-05 	 Training loss: 0.03818119991570711
[2025-01-12 10:34:15,936] INFO: Iter 34900 Summary: 
[2025-01-12 10:34:15,936] INFO: 	 lr: 1.000000000000002e-05 	 Training loss: 0.0383519234508276
[2025-01-12 10:34:28,664] INFO: Iter 35000 Summary: 
[2025-01-12 10:34:28,664] INFO: 	 lr: 1.000000000000002e-05 	 Training loss: 0.0382757031917572
[2025-01-12 10:34:42,215] INFO: Iter 35100 Summary: 
[2025-01-12 10:34:42,215] INFO: 	 lr: 1.000000000000002e-05 	 Training loss: 0.03820954877883196
[2025-01-12 10:34:54,773] INFO: Iter 35200 Summary: 
[2025-01-12 10:34:54,773] INFO: 	 lr: 1.000000000000002e-05 	 Training loss: 0.038356496505439285
[2025-01-12 10:35:06,956] INFO: Iter 35300 Summary: 
[2025-01-12 10:35:06,956] INFO: 	 lr: 1.000000000000002e-05 	 Training loss: 0.038087616302073
[2025-01-12 10:35:19,207] INFO: Iter 35400 Summary: 
[2025-01-12 10:35:19,207] INFO: 	 lr: 1.000000000000002e-05 	 Training loss: 0.03851487211883068
[2025-01-12 10:35:31,484] INFO: Iter 35500 Summary: 
[2025-01-12 10:35:31,484] INFO: 	 lr: 1.000000000000002e-05 	 Training loss: 0.03806362822651863
[2025-01-12 10:35:44,854] INFO: Iter 35600 Summary: 
[2025-01-12 10:35:44,854] INFO: 	 lr: 1.000000000000002e-05 	 Training loss: 0.03814438324421644
[2025-01-12 10:35:57,373] INFO: Iter 35700 Summary: 
[2025-01-12 10:35:57,373] INFO: 	 lr: 1.000000000000002e-05 	 Training loss: 0.03820321049541235
[2025-01-12 10:36:10,807] INFO: Iter 35800 Summary: 
[2025-01-12 10:36:10,809] INFO: 	 lr: 1.000000000000002e-05 	 Training loss: 0.03789825238287449
[2025-01-12 10:36:25,315] INFO: Iter 35900 Summary: 
[2025-01-12 10:36:25,316] INFO: 	 lr: 1.000000000000002e-05 	 Training loss: 0.03792123723775148
[2025-01-12 10:36:37,946] INFO: Iter 36000 Summary: 
[2025-01-12 10:36:37,946] INFO: 	 lr: 1.000000000000002e-05 	 Training loss: 0.038214443698525426
[2025-01-12 10:36:56,388] INFO: Iter 36100 Summary: 
[2025-01-12 10:36:56,388] INFO: 	 lr: 1.000000000000002e-05 	 Training loss: 0.037864362411201
[2025-01-12 10:37:10,067] INFO: Iter 36200 Summary: 
[2025-01-12 10:37:10,067] INFO: 	 lr: 1.000000000000002e-05 	 Training loss: 0.038310492597520354
[2025-01-12 10:37:21,856] INFO: Iter 36300 Summary: 
[2025-01-12 10:37:21,856] INFO: 	 lr: 1.000000000000002e-05 	 Training loss: 0.03836107350885868
[2025-01-12 10:37:34,200] INFO: Iter 36400 Summary: 
[2025-01-12 10:37:34,200] INFO: 	 lr: 1.000000000000002e-05 	 Training loss: 0.038304861076176165
[2025-01-12 10:37:47,147] INFO: Iter 36500 Summary: 
[2025-01-12 10:37:47,147] INFO: 	 lr: 1.000000000000002e-05 	 Training loss: 0.038198162280023096
[2025-01-12 10:37:59,965] INFO: Iter 36600 Summary: 
[2025-01-12 10:37:59,965] INFO: 	 lr: 1.000000000000002e-05 	 Training loss: 0.037789948880672455
[2025-01-12 10:38:12,733] INFO: Iter 36700 Summary: 
[2025-01-12 10:38:12,734] INFO: 	 lr: 1.000000000000002e-05 	 Training loss: 0.037972943894565105
[2025-01-12 10:38:25,505] INFO: Iter 36800 Summary: 
[2025-01-12 10:38:25,505] INFO: 	 lr: 1.000000000000002e-05 	 Training loss: 0.038292082846164706
[2025-01-12 10:38:39,054] INFO: Iter 36900 Summary: 
[2025-01-12 10:38:39,054] INFO: 	 lr: 1.000000000000002e-05 	 Training loss: 0.03842310268431902
[2025-01-12 10:38:52,883] INFO: Iter 37000 Summary: 
[2025-01-12 10:38:52,883] INFO: 	 lr: 1.000000000000002e-05 	 Training loss: 0.03821693994104862
[2025-01-12 10:39:04,757] INFO: Iter 37100 Summary: 
[2025-01-12 10:39:04,758] INFO: 	 lr: 1.000000000000002e-05 	 Training loss: 0.038153117150068284
[2025-01-12 10:39:19,317] INFO: Iter 37200 Summary: 
[2025-01-12 10:39:19,318] INFO: 	 lr: 1.000000000000002e-05 	 Training loss: 0.038035336546599866
[2025-01-12 10:39:31,191] INFO: Iter 37300 Summary: 
[2025-01-12 10:39:31,192] INFO: 	 lr: 1.000000000000002e-05 	 Training loss: 0.03806558139622211
[2025-01-12 10:39:43,675] INFO: Iter 37400 Summary: 
[2025-01-12 10:39:43,675] INFO: 	 lr: 1.000000000000002e-05 	 Training loss: 0.03839675098657608
[2025-01-12 10:39:56,248] INFO: Iter 37500 Summary: 
[2025-01-12 10:39:56,248] INFO: 	 lr: 1.000000000000002e-05 	 Training loss: 0.03812004614621401
[2025-01-12 10:40:09,331] INFO: Iter 37600 Summary: 
[2025-01-12 10:40:09,331] INFO: 	 lr: 1.000000000000002e-05 	 Training loss: 0.03779782522469759
[2025-01-12 10:40:22,185] INFO: Iter 37700 Summary: 
[2025-01-12 10:40:22,186] INFO: 	 lr: 1.000000000000002e-05 	 Training loss: 0.03805544827133417
[2025-01-12 10:40:35,225] INFO: Iter 37800 Summary: 
[2025-01-12 10:40:35,226] INFO: 	 lr: 1.000000000000002e-05 	 Training loss: 0.03799424935132265
[2025-01-12 10:40:47,968] INFO: Iter 37900 Summary: 
[2025-01-12 10:40:47,969] INFO: 	 lr: 1.000000000000002e-05 	 Training loss: 0.03804412912577391
[2025-01-12 10:40:59,699] INFO: Iter 38000 Summary: 
[2025-01-12 10:40:59,700] INFO: 	 lr: 1.000000000000002e-05 	 Training loss: 0.03807759445160627
[2025-01-12 10:41:14,763] INFO: Iter 38100 Summary: 
[2025-01-12 10:41:14,763] INFO: 	 lr: 1.000000000000002e-05 	 Training loss: 0.038019702807068824
[2025-01-12 10:41:26,637] INFO: Iter 38200 Summary: 
[2025-01-12 10:41:26,637] INFO: 	 lr: 1.000000000000002e-05 	 Training loss: 0.03818568516522646
[2025-01-12 10:41:37,497] INFO: Iter 38300 Summary: 
[2025-01-12 10:41:37,497] INFO: 	 lr: 1.000000000000002e-05 	 Training loss: 0.03783412728458643
[2025-01-12 10:41:51,281] INFO: Iter 38400 Summary: 
[2025-01-12 10:41:51,282] INFO: 	 lr: 1.000000000000002e-05 	 Training loss: 0.038061147555708885
[2025-01-12 10:42:04,124] INFO: Iter 38500 Summary: 
[2025-01-12 10:42:04,125] INFO: 	 lr: 1.000000000000002e-05 	 Training loss: 0.0377753021940589
[2025-01-12 10:42:16,551] INFO: Iter 38600 Summary: 
[2025-01-12 10:42:16,552] INFO: 	 lr: 1.000000000000002e-05 	 Training loss: 0.03781397499144077
[2025-01-12 10:42:30,704] INFO: Iter 38700 Summary: 
[2025-01-12 10:42:30,704] INFO: 	 lr: 1.000000000000002e-05 	 Training loss: 0.037844839431345464
[2025-01-12 10:42:45,249] INFO: Iter 38800 Summary: 
[2025-01-12 10:42:45,249] INFO: 	 lr: 1.000000000000002e-05 	 Training loss: 0.03803315591067076
[2025-01-12 10:42:58,094] INFO: Iter 38900 Summary: 
[2025-01-12 10:42:58,094] INFO: 	 lr: 1.000000000000002e-05 	 Training loss: 0.038126979172229764
[2025-01-12 10:43:12,418] INFO: Iter 39000 Summary: 
[2025-01-12 10:43:12,418] INFO: 	 lr: 1.000000000000002e-05 	 Training loss: 0.037969507575035095
[2025-01-12 10:43:27,446] INFO: Iter 39100 Summary: 
[2025-01-12 10:43:27,447] INFO: 	 lr: 1.000000000000002e-05 	 Training loss: 0.03801375601440668
[2025-01-12 10:43:41,544] INFO: Iter 39200 Summary: 
[2025-01-12 10:43:41,545] INFO: 	 lr: 1.000000000000002e-05 	 Training loss: 0.03808085460215807
[2025-01-12 10:43:55,060] INFO: Iter 39300 Summary: 
[2025-01-12 10:43:55,061] INFO: 	 lr: 1.000000000000002e-05 	 Training loss: 0.0379308208078146
[2025-01-12 10:44:08,119] INFO: Iter 39400 Summary: 
[2025-01-12 10:44:08,120] INFO: 	 lr: 1.000000000000002e-05 	 Training loss: 0.037920420542359355
[2025-01-12 10:44:21,576] INFO: Iter 39500 Summary: 
[2025-01-12 10:44:21,576] INFO: 	 lr: 1.000000000000002e-05 	 Training loss: 0.037864008843898775
[2025-01-12 10:44:35,405] INFO: Iter 39600 Summary: 
[2025-01-12 10:44:35,405] INFO: 	 lr: 1.000000000000002e-05 	 Training loss: 0.03812931846827269
[2025-01-12 10:44:49,123] INFO: Iter 39700 Summary: 
[2025-01-12 10:44:49,123] INFO: 	 lr: 1.000000000000002e-05 	 Training loss: 0.03790025401860476
[2025-01-12 10:45:01,499] INFO: Iter 39800 Summary: 
[2025-01-12 10:45:01,499] INFO: 	 lr: 1.000000000000002e-05 	 Training loss: 0.03795565709471702
[2025-01-12 10:45:13,575] INFO: Iter 39900 Summary: 
[2025-01-12 10:45:13,576] INFO: 	 lr: 1.000000000000002e-05 	 Training loss: 0.03774420280009508
[2025-01-12 10:45:27,644] INFO: Iter 40000 Summary: 
[2025-01-12 10:45:27,645] INFO: 	 lr: 1.000000000000002e-05 	 Training loss: 0.03794174078851938
