[2024-12-30 06:32:26,863] INFO: {
    "abs_dir": "/home/diwang/siMLPe/exps/baseline_h36m",
    "batch_size": 256,
    "cos_lr_max": 1e-05,
    "cos_lr_min": 5e-08,
    "cos_lr_total_iters": 40000,
    "data_aug": true,
    "deriv_input": true,
    "deriv_output": true,
    "h36m_anno_dir": "/home/diwang/siMLPe/data/h36m/",
    "link_log_file": "/home/diwang/siMLPe/exps/baseline_h36m/log/log_last.log",
    "link_val_log_file": "/home/diwang/siMLPe/exps/baseline_h36m/log/val_last.log",
    "log_dir": "/home/diwang/siMLPe/exps/baseline_h36m/log",
    "log_file": "/home/diwang/siMLPe/exps/baseline_h36m/log/log_2024_12_30_06_32_11.log",
    "model_pth": null,
    "motion": {
        "dim": 66,
        "h36m_input_length": 50,
        "h36m_input_length_dct": 50,
        "h36m_target_length": 10,
        "h36m_target_length_eval": 25,
        "h36m_target_length_train": 10
    },
    "motion_fc_in": {
        "activation": "relu",
        "in_features": 66,
        "init_w_trunc_normal": false,
        "out_features": 66,
        "temporal_fc": false,
        "with_norm": false
    },
    "motion_fc_out": {
        "activation": "relu",
        "in_features": 66,
        "init_w_trunc_normal": true,
        "out_features": 66,
        "temporal_fc": false,
        "with_norm": false
    },
    "motion_mlp": {
        "hidden_dim": 66,
        "norm_axis": "spatial",
        "num_layers": 48,
        "seq_len": 50,
        "spatial_fc_only": false,
        "with_normalization": true
    },
    "num_workers": 8,
    "post_dct": false,
    "pre_dct": false,
    "print_every": 100,
    "repo_name": "siMLPe",
    "root_dir": "/home/diwang/siMLPe",
    "save_every": 2000,
    "seed": 304,
    "shift_step": 25,
    "snapshot_dir": "/home/diwang/siMLPe/exps/baseline_h36m/log/snapshot",
    "this_dir": "baseline_h36m",
    "use_relative_loss": true,
    "val_log_file": "/home/diwang/siMLPe/exps/baseline_h36m/log/val_2024_12_30_06_32_11.log",
    "weight_decay": 0.0001
}
[2024-12-30 06:32:39,594] INFO: Iter 100 Summary: 
[2024-12-30 06:32:39,595] INFO: 	 lr: 0.00030000000000000073 	 Training loss: 0.10836840339004994
[2024-12-30 06:32:51,947] INFO: Iter 200 Summary: 
[2024-12-30 06:32:51,948] INFO: 	 lr: 0.00030000000000000073 	 Training loss: 0.07542664177715779
[2024-12-30 06:33:03,676] INFO: Iter 300 Summary: 
[2024-12-30 06:33:03,677] INFO: 	 lr: 0.00030000000000000073 	 Training loss: 0.07465513005852699
[2024-12-30 06:33:14,268] INFO: Iter 400 Summary: 
[2024-12-30 06:33:14,269] INFO: 	 lr: 0.00030000000000000073 	 Training loss: 0.07291009232401847
[2024-12-30 06:33:26,530] INFO: Iter 500 Summary: 
[2024-12-30 06:33:26,530] INFO: 	 lr: 0.00030000000000000073 	 Training loss: 0.07011617869138717
[2024-12-30 06:33:38,340] INFO: Iter 600 Summary: 
[2024-12-30 06:33:38,340] INFO: 	 lr: 0.00030000000000000073 	 Training loss: 0.0683416185900569
[2024-12-30 06:33:49,909] INFO: Iter 700 Summary: 
[2024-12-30 06:33:49,910] INFO: 	 lr: 0.00030000000000000073 	 Training loss: 0.06544045727699994
[2024-12-30 06:34:02,466] INFO: Iter 800 Summary: 
[2024-12-30 06:34:02,466] INFO: 	 lr: 0.00030000000000000073 	 Training loss: 0.061270210333168505
[2024-12-30 06:34:14,724] INFO: Iter 900 Summary: 
[2024-12-30 06:34:14,725] INFO: 	 lr: 0.00030000000000000073 	 Training loss: 0.05936761558055878
[2024-12-30 06:34:26,933] INFO: Iter 1000 Summary: 
[2024-12-30 06:34:26,934] INFO: 	 lr: 0.00030000000000000073 	 Training loss: 0.058241790160536766
[2024-12-30 06:34:37,935] INFO: Iter 1100 Summary: 
[2024-12-30 06:34:37,936] INFO: 	 lr: 0.00030000000000000073 	 Training loss: 0.05746461924165487
[2024-12-30 06:34:50,163] INFO: Iter 1200 Summary: 
[2024-12-30 06:34:50,163] INFO: 	 lr: 0.00030000000000000073 	 Training loss: 0.056290768645703794
[2024-12-30 06:35:02,043] INFO: Iter 1300 Summary: 
[2024-12-30 06:35:02,043] INFO: 	 lr: 0.00030000000000000073 	 Training loss: 0.055488308072090146
[2024-12-30 06:35:12,665] INFO: Iter 1400 Summary: 
[2024-12-30 06:35:12,665] INFO: 	 lr: 0.00030000000000000073 	 Training loss: 0.05491871364414692
[2024-12-30 06:35:24,711] INFO: Iter 1500 Summary: 
[2024-12-30 06:35:24,711] INFO: 	 lr: 0.00030000000000000073 	 Training loss: 0.05514927465468645
[2024-12-30 06:35:36,796] INFO: Iter 1600 Summary: 
[2024-12-30 06:35:36,797] INFO: 	 lr: 0.00030000000000000073 	 Training loss: 0.054168661385774614
[2024-12-30 06:35:47,861] INFO: Iter 1700 Summary: 
[2024-12-30 06:35:47,861] INFO: 	 lr: 0.00030000000000000073 	 Training loss: 0.05372071973979473
[2024-12-30 06:35:59,862] INFO: Iter 1800 Summary: 
[2024-12-30 06:35:59,862] INFO: 	 lr: 0.00030000000000000073 	 Training loss: 0.053577458560466765
[2024-12-30 06:36:13,027] INFO: Iter 1900 Summary: 
[2024-12-30 06:36:13,028] INFO: 	 lr: 0.00030000000000000073 	 Training loss: 0.05337307002395392
[2024-12-30 06:36:25,000] INFO: Iter 2000 Summary: 
[2024-12-30 06:36:25,001] INFO: 	 lr: 0.00030000000000000073 	 Training loss: 0.052819738984107974
[2024-12-30 06:36:38,575] INFO: Iter 2100 Summary: 
[2024-12-30 06:36:38,575] INFO: 	 lr: 0.00030000000000000073 	 Training loss: 0.052770392894744875
[2024-12-30 06:36:50,661] INFO: Iter 2200 Summary: 
[2024-12-30 06:36:50,662] INFO: 	 lr: 0.00030000000000000073 	 Training loss: 0.052497445568442345
[2024-12-30 06:37:02,705] INFO: Iter 2300 Summary: 
[2024-12-30 06:37:02,705] INFO: 	 lr: 0.00030000000000000073 	 Training loss: 0.052326789796352385
[2024-12-30 06:37:13,536] INFO: Iter 2400 Summary: 
[2024-12-30 06:37:13,537] INFO: 	 lr: 0.00030000000000000073 	 Training loss: 0.05192927949130535
[2024-12-30 06:37:25,557] INFO: Iter 2500 Summary: 
[2024-12-30 06:37:25,557] INFO: 	 lr: 0.00030000000000000073 	 Training loss: 0.05156923588365316
[2024-12-30 06:37:37,685] INFO: Iter 2600 Summary: 
[2024-12-30 06:37:37,685] INFO: 	 lr: 0.00030000000000000073 	 Training loss: 0.05130333531647921
[2024-12-30 06:37:48,394] INFO: Iter 2700 Summary: 
[2024-12-30 06:37:48,394] INFO: 	 lr: 0.00030000000000000073 	 Training loss: 0.051022942140698434
[2024-12-30 06:38:00,938] INFO: Iter 2800 Summary: 
[2024-12-30 06:38:00,938] INFO: 	 lr: 0.00030000000000000073 	 Training loss: 0.050834245271980764
[2024-12-30 06:38:13,526] INFO: Iter 2900 Summary: 
[2024-12-30 06:38:13,527] INFO: 	 lr: 0.00030000000000000073 	 Training loss: 0.050767590291798115
[2024-12-30 06:38:26,091] INFO: Iter 3000 Summary: 
[2024-12-30 06:38:26,091] INFO: 	 lr: 0.00030000000000000073 	 Training loss: 0.050345793887972834
[2024-12-30 06:38:37,012] INFO: Iter 3100 Summary: 
[2024-12-30 06:38:37,013] INFO: 	 lr: 0.00030000000000000073 	 Training loss: 0.05010286215692759
[2024-12-30 06:38:48,957] INFO: Iter 3200 Summary: 
[2024-12-30 06:38:48,958] INFO: 	 lr: 0.00030000000000000073 	 Training loss: 0.04999820150434971
[2024-12-30 06:39:01,396] INFO: Iter 3300 Summary: 
[2024-12-30 06:39:01,396] INFO: 	 lr: 0.00030000000000000073 	 Training loss: 0.050276685915887354
[2024-12-30 06:39:11,776] INFO: Iter 3400 Summary: 
[2024-12-30 06:39:11,776] INFO: 	 lr: 0.00030000000000000073 	 Training loss: 0.049648327901959416
[2024-12-30 06:39:23,204] INFO: Iter 3500 Summary: 
[2024-12-30 06:39:23,205] INFO: 	 lr: 0.00030000000000000073 	 Training loss: 0.04898358318954706
[2024-12-30 06:39:34,945] INFO: Iter 3600 Summary: 
[2024-12-30 06:39:34,945] INFO: 	 lr: 0.00030000000000000073 	 Training loss: 0.04910901568830013
[2024-12-30 06:39:46,934] INFO: Iter 3700 Summary: 
[2024-12-30 06:39:46,935] INFO: 	 lr: 0.00030000000000000073 	 Training loss: 0.04921995911747217
[2024-12-30 06:39:57,517] INFO: Iter 3800 Summary: 
[2024-12-30 06:39:57,517] INFO: 	 lr: 0.00030000000000000073 	 Training loss: 0.0487417209893465
[2024-12-30 06:40:09,595] INFO: Iter 3900 Summary: 
[2024-12-30 06:40:09,595] INFO: 	 lr: 0.00030000000000000073 	 Training loss: 0.04913816601037979
[2024-12-30 06:40:21,802] INFO: Iter 4000 Summary: 
[2024-12-30 06:40:21,803] INFO: 	 lr: 0.00030000000000000073 	 Training loss: 0.04871029138565063
[2024-12-30 06:40:34,570] INFO: Iter 4100 Summary: 
[2024-12-30 06:40:34,571] INFO: 	 lr: 0.00030000000000000073 	 Training loss: 0.0487492273747921
[2024-12-30 06:40:46,569] INFO: Iter 4200 Summary: 
[2024-12-30 06:40:46,569] INFO: 	 lr: 0.00030000000000000073 	 Training loss: 0.048622453771531585
[2024-12-30 06:40:58,210] INFO: Iter 4300 Summary: 
[2024-12-30 06:40:58,211] INFO: 	 lr: 0.00030000000000000073 	 Training loss: 0.04851756166666746
[2024-12-30 06:41:09,058] INFO: Iter 4400 Summary: 
[2024-12-30 06:41:09,059] INFO: 	 lr: 0.00030000000000000073 	 Training loss: 0.04792929884046316
[2024-12-30 06:41:20,665] INFO: Iter 4500 Summary: 
[2024-12-30 06:41:20,665] INFO: 	 lr: 0.00030000000000000073 	 Training loss: 0.04810912907123566
[2024-12-30 06:41:32,601] INFO: Iter 4600 Summary: 
[2024-12-30 06:41:32,601] INFO: 	 lr: 0.00030000000000000073 	 Training loss: 0.0479127961024642
[2024-12-30 06:41:44,191] INFO: Iter 4700 Summary: 
[2024-12-30 06:41:44,192] INFO: 	 lr: 0.00030000000000000073 	 Training loss: 0.047749849259853365
[2024-12-30 06:41:54,979] INFO: Iter 4800 Summary: 
[2024-12-30 06:41:54,980] INFO: 	 lr: 0.00030000000000000073 	 Training loss: 0.04775815583765507
[2024-12-30 06:42:06,751] INFO: Iter 4900 Summary: 
[2024-12-30 06:42:06,752] INFO: 	 lr: 0.00030000000000000073 	 Training loss: 0.04738347679376602
[2024-12-30 06:42:18,556] INFO: Iter 5000 Summary: 
[2024-12-30 06:42:18,557] INFO: 	 lr: 0.00030000000000000073 	 Training loss: 0.047431284375488755
[2024-12-30 06:42:28,969] INFO: Iter 5100 Summary: 
[2024-12-30 06:42:28,970] INFO: 	 lr: 0.00030000000000000073 	 Training loss: 0.04709286659955978
[2024-12-30 06:42:41,044] INFO: Iter 5200 Summary: 
[2024-12-30 06:42:41,044] INFO: 	 lr: 0.00030000000000000073 	 Training loss: 0.04699445825070143
[2024-12-30 06:42:52,918] INFO: Iter 5300 Summary: 
[2024-12-30 06:42:52,918] INFO: 	 lr: 0.00030000000000000073 	 Training loss: 0.04722899120301008
[2024-12-30 06:43:03,895] INFO: Iter 5400 Summary: 
[2024-12-30 06:43:03,895] INFO: 	 lr: 0.00030000000000000073 	 Training loss: 0.04703425794839859
[2024-12-30 06:43:15,849] INFO: Iter 5500 Summary: 
[2024-12-30 06:43:15,850] INFO: 	 lr: 0.00030000000000000073 	 Training loss: 0.046570030748844145
[2024-12-30 06:43:28,431] INFO: Iter 5600 Summary: 
[2024-12-30 06:43:28,431] INFO: 	 lr: 0.00030000000000000073 	 Training loss: 0.04657071657478809
[2024-12-30 06:43:40,437] INFO: Iter 5700 Summary: 
[2024-12-30 06:43:40,437] INFO: 	 lr: 0.00030000000000000073 	 Training loss: 0.046632539331913
[2024-12-30 06:43:51,214] INFO: Iter 5800 Summary: 
[2024-12-30 06:43:51,215] INFO: 	 lr: 0.00030000000000000073 	 Training loss: 0.04623403020203114
[2024-12-30 06:44:03,899] INFO: Iter 5900 Summary: 
[2024-12-30 06:44:03,899] INFO: 	 lr: 0.00030000000000000073 	 Training loss: 0.04616327349096536
[2024-12-30 06:44:16,014] INFO: Iter 6000 Summary: 
[2024-12-30 06:44:16,014] INFO: 	 lr: 0.00030000000000000073 	 Training loss: 0.046228079870343206
[2024-12-30 06:44:29,009] INFO: Iter 6100 Summary: 
[2024-12-30 06:44:29,009] INFO: 	 lr: 0.00030000000000000073 	 Training loss: 0.04598399136215448
[2024-12-30 06:44:40,823] INFO: Iter 6200 Summary: 
[2024-12-30 06:44:40,824] INFO: 	 lr: 0.00030000000000000073 	 Training loss: 0.04569865841418505
[2024-12-30 06:44:52,646] INFO: Iter 6300 Summary: 
[2024-12-30 06:44:52,647] INFO: 	 lr: 0.00030000000000000073 	 Training loss: 0.04594981648027897
[2024-12-30 06:45:04,095] INFO: Iter 6400 Summary: 
[2024-12-30 06:45:04,096] INFO: 	 lr: 0.00030000000000000073 	 Training loss: 0.045772220380604266
[2024-12-30 06:45:15,377] INFO: Iter 6500 Summary: 
[2024-12-30 06:45:15,378] INFO: 	 lr: 0.00030000000000000073 	 Training loss: 0.04563632197678089
[2024-12-30 06:45:27,131] INFO: Iter 6600 Summary: 
[2024-12-30 06:45:27,131] INFO: 	 lr: 0.00030000000000000073 	 Training loss: 0.04560632478445768
[2024-12-30 06:45:39,175] INFO: Iter 6700 Summary: 
[2024-12-30 06:45:39,175] INFO: 	 lr: 0.00030000000000000073 	 Training loss: 0.04513372331857681
[2024-12-30 06:45:50,460] INFO: Iter 6800 Summary: 
[2024-12-30 06:45:50,460] INFO: 	 lr: 0.00030000000000000073 	 Training loss: 0.045458133108913897
[2024-12-30 06:46:02,958] INFO: Iter 6900 Summary: 
[2024-12-30 06:46:02,959] INFO: 	 lr: 0.00030000000000000073 	 Training loss: 0.045155927948653696
[2024-12-30 06:46:15,204] INFO: Iter 7000 Summary: 
[2024-12-30 06:46:15,204] INFO: 	 lr: 0.00030000000000000073 	 Training loss: 0.04507943164557218
[2024-12-30 06:46:26,022] INFO: Iter 7100 Summary: 
[2024-12-30 06:46:26,023] INFO: 	 lr: 0.00030000000000000073 	 Training loss: 0.04478441096842289
[2024-12-30 06:46:38,465] INFO: Iter 7200 Summary: 
[2024-12-30 06:46:38,466] INFO: 	 lr: 0.00030000000000000073 	 Training loss: 0.04458121478557587
[2024-12-30 06:46:50,492] INFO: Iter 7300 Summary: 
[2024-12-30 06:46:50,492] INFO: 	 lr: 0.00030000000000000073 	 Training loss: 0.044370885826647284
[2024-12-30 06:47:02,558] INFO: Iter 7400 Summary: 
[2024-12-30 06:47:02,558] INFO: 	 lr: 0.00030000000000000073 	 Training loss: 0.04438129227608442
[2024-12-30 06:47:13,498] INFO: Iter 7500 Summary: 
[2024-12-30 06:47:13,499] INFO: 	 lr: 0.00030000000000000073 	 Training loss: 0.044614252857863905
[2024-12-30 06:47:25,421] INFO: Iter 7600 Summary: 
[2024-12-30 06:47:25,422] INFO: 	 lr: 0.00030000000000000073 	 Training loss: 0.04429814673960209
[2024-12-30 06:47:37,392] INFO: Iter 7700 Summary: 
[2024-12-30 06:47:37,392] INFO: 	 lr: 0.00030000000000000073 	 Training loss: 0.04432910051196814
[2024-12-30 06:47:48,007] INFO: Iter 7800 Summary: 
[2024-12-30 06:47:48,007] INFO: 	 lr: 0.00030000000000000073 	 Training loss: 0.04382920473814011
[2024-12-30 06:47:59,873] INFO: Iter 7900 Summary: 
[2024-12-30 06:47:59,873] INFO: 	 lr: 0.00030000000000000073 	 Training loss: 0.043863283656537536
[2024-12-30 06:48:11,851] INFO: Iter 8000 Summary: 
[2024-12-30 06:48:11,851] INFO: 	 lr: 0.00030000000000000073 	 Training loss: 0.04377555076032877
[2024-12-30 06:48:25,130] INFO: Iter 8100 Summary: 
[2024-12-30 06:48:25,131] INFO: 	 lr: 0.00030000000000000073 	 Training loss: 0.04328249350190163
[2024-12-30 06:48:36,943] INFO: Iter 8200 Summary: 
[2024-12-30 06:48:36,944] INFO: 	 lr: 0.00030000000000000073 	 Training loss: 0.04361523933708668
[2024-12-30 06:48:49,319] INFO: Iter 8300 Summary: 
[2024-12-30 06:48:49,319] INFO: 	 lr: 0.00030000000000000073 	 Training loss: 0.04330299783498049
[2024-12-30 06:49:01,084] INFO: Iter 8400 Summary: 
[2024-12-30 06:49:01,084] INFO: 	 lr: 0.00030000000000000073 	 Training loss: 0.04313230410218239
[2024-12-30 06:49:11,818] INFO: Iter 8500 Summary: 
[2024-12-30 06:49:11,818] INFO: 	 lr: 0.00030000000000000073 	 Training loss: 0.043091294281184675
[2024-12-30 06:49:24,121] INFO: Iter 8600 Summary: 
[2024-12-30 06:49:24,121] INFO: 	 lr: 0.00030000000000000073 	 Training loss: 0.04301418449729681
[2024-12-30 06:49:36,019] INFO: Iter 8700 Summary: 
[2024-12-30 06:49:36,019] INFO: 	 lr: 0.00030000000000000073 	 Training loss: 0.04280466120690107
[2024-12-30 06:49:47,031] INFO: Iter 8800 Summary: 
[2024-12-30 06:49:47,032] INFO: 	 lr: 0.00030000000000000073 	 Training loss: 0.04261031270027161
[2024-12-30 06:49:58,843] INFO: Iter 8900 Summary: 
[2024-12-30 06:49:58,844] INFO: 	 lr: 0.00030000000000000073 	 Training loss: 0.04250364724546671
[2024-12-30 06:50:10,894] INFO: Iter 9000 Summary: 
[2024-12-30 06:50:10,894] INFO: 	 lr: 0.00030000000000000073 	 Training loss: 0.04261992149055004
[2024-12-30 06:50:22,874] INFO: Iter 9100 Summary: 
[2024-12-30 06:50:22,875] INFO: 	 lr: 0.00030000000000000073 	 Training loss: 0.04244042884558439
[2024-12-30 06:50:33,710] INFO: Iter 9200 Summary: 
[2024-12-30 06:50:33,711] INFO: 	 lr: 0.00030000000000000073 	 Training loss: 0.04221494805067778
[2024-12-30 06:50:45,790] INFO: Iter 9300 Summary: 
[2024-12-30 06:50:45,790] INFO: 	 lr: 0.00030000000000000073 	 Training loss: 0.042132049612700936
[2024-12-30 06:50:57,080] INFO: Iter 9400 Summary: 
[2024-12-30 06:50:57,080] INFO: 	 lr: 0.00030000000000000073 	 Training loss: 0.04187958646565676
[2024-12-30 06:51:08,646] INFO: Iter 9500 Summary: 
[2024-12-30 06:51:08,647] INFO: 	 lr: 0.00030000000000000073 	 Training loss: 0.0418549120798707
[2024-12-30 06:51:20,946] INFO: Iter 9600 Summary: 
[2024-12-30 06:51:20,947] INFO: 	 lr: 0.00030000000000000073 	 Training loss: 0.041702398769557475
[2024-12-30 06:51:33,102] INFO: Iter 9700 Summary: 
[2024-12-30 06:51:33,102] INFO: 	 lr: 0.00030000000000000073 	 Training loss: 0.041595851965248586
[2024-12-30 06:51:43,928] INFO: Iter 9800 Summary: 
[2024-12-30 06:51:43,928] INFO: 	 lr: 0.00030000000000000073 	 Training loss: 0.04146128490567207
[2024-12-30 06:51:56,196] INFO: Iter 9900 Summary: 
[2024-12-30 06:51:56,197] INFO: 	 lr: 0.00030000000000000073 	 Training loss: 0.041368348076939586
[2024-12-30 06:52:08,471] INFO: Iter 10000 Summary: 
[2024-12-30 06:52:08,471] INFO: 	 lr: 0.00030000000000000073 	 Training loss: 0.041171336211264134
[2024-12-30 06:52:22,798] INFO: Iter 10100 Summary: 
[2024-12-30 06:52:22,798] INFO: 	 lr: 0.00030000000000000073 	 Training loss: 0.04098836660385132
[2024-12-30 06:52:34,373] INFO: Iter 10200 Summary: 
[2024-12-30 06:52:34,374] INFO: 	 lr: 0.00030000000000000073 	 Training loss: 0.04090700197964907
[2024-12-30 06:52:46,966] INFO: Iter 10300 Summary: 
[2024-12-30 06:52:46,966] INFO: 	 lr: 0.00030000000000000073 	 Training loss: 0.04067964281886816
[2024-12-30 06:52:58,945] INFO: Iter 10400 Summary: 
[2024-12-30 06:52:58,945] INFO: 	 lr: 0.00030000000000000073 	 Training loss: 0.04090117782354355
[2024-12-30 06:53:09,886] INFO: Iter 10500 Summary: 
[2024-12-30 06:53:09,886] INFO: 	 lr: 0.00030000000000000073 	 Training loss: 0.04052919462323189
[2024-12-30 06:53:22,265] INFO: Iter 10600 Summary: 
[2024-12-30 06:53:22,265] INFO: 	 lr: 0.00030000000000000073 	 Training loss: 0.04011130541563034
[2024-12-30 06:53:34,504] INFO: Iter 10700 Summary: 
[2024-12-30 06:53:34,505] INFO: 	 lr: 0.00030000000000000073 	 Training loss: 0.04018107522279024
[2024-12-30 06:53:45,184] INFO: Iter 10800 Summary: 
[2024-12-30 06:53:45,184] INFO: 	 lr: 0.00030000000000000073 	 Training loss: 0.03996661763638258
[2024-12-30 06:53:57,339] INFO: Iter 10900 Summary: 
[2024-12-30 06:53:57,339] INFO: 	 lr: 0.00030000000000000073 	 Training loss: 0.0399388462305069
[2024-12-30 06:54:09,341] INFO: Iter 11000 Summary: 
[2024-12-30 06:54:09,342] INFO: 	 lr: 0.00030000000000000073 	 Training loss: 0.039669439755380155
[2024-12-30 06:54:21,341] INFO: Iter 11100 Summary: 
[2024-12-30 06:54:21,341] INFO: 	 lr: 0.00030000000000000073 	 Training loss: 0.03967743873596191
[2024-12-30 06:54:32,101] INFO: Iter 11200 Summary: 
[2024-12-30 06:54:32,102] INFO: 	 lr: 0.00030000000000000073 	 Training loss: 0.03946072965860367
[2024-12-30 06:54:44,124] INFO: Iter 11300 Summary: 
[2024-12-30 06:54:44,124] INFO: 	 lr: 0.00030000000000000073 	 Training loss: 0.03937301374971867
[2024-12-30 06:54:56,103] INFO: Iter 11400 Summary: 
[2024-12-30 06:54:56,104] INFO: 	 lr: 0.00030000000000000073 	 Training loss: 0.03953375652432442
[2024-12-30 06:55:06,807] INFO: Iter 11500 Summary: 
[2024-12-30 06:55:06,807] INFO: 	 lr: 0.00030000000000000073 	 Training loss: 0.03931641545146704
[2024-12-30 06:55:19,088] INFO: Iter 11600 Summary: 
[2024-12-30 06:55:19,088] INFO: 	 lr: 0.00030000000000000073 	 Training loss: 0.039049101807177064
[2024-12-30 06:55:31,623] INFO: Iter 11700 Summary: 
[2024-12-30 06:55:31,623] INFO: 	 lr: 0.00030000000000000073 	 Training loss: 0.03881750024855137
[2024-12-30 06:55:43,724] INFO: Iter 11800 Summary: 
[2024-12-30 06:55:43,725] INFO: 	 lr: 0.00030000000000000073 	 Training loss: 0.03894257064908743
[2024-12-30 06:55:55,801] INFO: Iter 11900 Summary: 
[2024-12-30 06:55:55,801] INFO: 	 lr: 0.00030000000000000073 	 Training loss: 0.038902202434837815
[2024-12-30 06:56:07,787] INFO: Iter 12000 Summary: 
[2024-12-30 06:56:07,787] INFO: 	 lr: 0.00030000000000000073 	 Training loss: 0.03844438400119543
[2024-12-30 06:56:22,683] INFO: Iter 12100 Summary: 
[2024-12-30 06:56:22,684] INFO: 	 lr: 0.00030000000000000073 	 Training loss: 0.03865152567625046
[2024-12-30 06:56:33,907] INFO: Iter 12200 Summary: 
[2024-12-30 06:56:33,908] INFO: 	 lr: 0.00030000000000000073 	 Training loss: 0.03809089876711368
[2024-12-30 06:56:46,072] INFO: Iter 12300 Summary: 
[2024-12-30 06:56:46,073] INFO: 	 lr: 0.00030000000000000073 	 Training loss: 0.0383328016102314
[2024-12-30 06:56:58,113] INFO: Iter 12400 Summary: 
[2024-12-30 06:56:58,114] INFO: 	 lr: 0.00030000000000000073 	 Training loss: 0.03792715974152088
[2024-12-30 06:57:09,069] INFO: Iter 12500 Summary: 
[2024-12-30 06:57:09,070] INFO: 	 lr: 0.00030000000000000073 	 Training loss: 0.03770494647324085
[2024-12-30 06:57:21,988] INFO: Iter 12600 Summary: 
[2024-12-30 06:57:21,988] INFO: 	 lr: 0.00030000000000000073 	 Training loss: 0.037736531831324104
[2024-12-30 06:57:34,106] INFO: Iter 12700 Summary: 
[2024-12-30 06:57:34,106] INFO: 	 lr: 0.00030000000000000073 	 Training loss: 0.03774969946593046
[2024-12-30 06:57:46,141] INFO: Iter 12800 Summary: 
[2024-12-30 06:57:46,142] INFO: 	 lr: 0.00030000000000000073 	 Training loss: 0.03763965308666229
[2024-12-30 06:57:56,957] INFO: Iter 12900 Summary: 
[2024-12-30 06:57:56,957] INFO: 	 lr: 0.00030000000000000073 	 Training loss: 0.03775331228971481
[2024-12-30 06:58:09,081] INFO: Iter 13000 Summary: 
[2024-12-30 06:58:09,081] INFO: 	 lr: 0.00030000000000000073 	 Training loss: 0.03739785350859165
[2024-12-30 06:58:20,900] INFO: Iter 13100 Summary: 
[2024-12-30 06:58:20,901] INFO: 	 lr: 0.00030000000000000073 	 Training loss: 0.037224633470177654
[2024-12-30 06:58:31,814] INFO: Iter 13200 Summary: 
[2024-12-30 06:58:31,814] INFO: 	 lr: 0.00030000000000000073 	 Training loss: 0.037100216671824456
[2024-12-30 06:58:43,929] INFO: Iter 13300 Summary: 
[2024-12-30 06:58:43,930] INFO: 	 lr: 0.00030000000000000073 	 Training loss: 0.03685908913612366
[2024-12-30 06:58:55,618] INFO: Iter 13400 Summary: 
[2024-12-30 06:58:55,618] INFO: 	 lr: 0.00030000000000000073 	 Training loss: 0.03707737646996975
[2024-12-30 06:59:06,304] INFO: Iter 13500 Summary: 
[2024-12-30 06:59:06,304] INFO: 	 lr: 0.00030000000000000073 	 Training loss: 0.03707523927092552
[2024-12-30 06:59:18,559] INFO: Iter 13600 Summary: 
[2024-12-30 06:59:18,560] INFO: 	 lr: 0.00030000000000000073 	 Training loss: 0.03707310609519482
[2024-12-30 06:59:30,768] INFO: Iter 13700 Summary: 
[2024-12-30 06:59:30,769] INFO: 	 lr: 0.00030000000000000073 	 Training loss: 0.036759683564305305
[2024-12-30 06:59:42,979] INFO: Iter 13800 Summary: 
[2024-12-30 06:59:42,979] INFO: 	 lr: 0.00030000000000000073 	 Training loss: 0.03687191247940064
[2024-12-30 06:59:53,935] INFO: Iter 13900 Summary: 
[2024-12-30 06:59:53,936] INFO: 	 lr: 0.00030000000000000073 	 Training loss: 0.036522315070033076
[2024-12-30 07:00:05,991] INFO: Iter 14000 Summary: 
[2024-12-30 07:00:05,991] INFO: 	 lr: 0.00030000000000000073 	 Training loss: 0.03643150735646486
[2024-12-30 07:00:21,392] INFO: Iter 14100 Summary: 
[2024-12-30 07:00:21,392] INFO: 	 lr: 0.00030000000000000073 	 Training loss: 0.036474439911544324
[2024-12-30 07:00:32,500] INFO: Iter 14200 Summary: 
[2024-12-30 07:00:32,501] INFO: 	 lr: 0.00030000000000000073 	 Training loss: 0.036536668241024015
[2024-12-30 07:00:44,748] INFO: Iter 14300 Summary: 
[2024-12-30 07:00:44,748] INFO: 	 lr: 0.00030000000000000073 	 Training loss: 0.03623140033334494
[2024-12-30 07:00:56,794] INFO: Iter 14400 Summary: 
[2024-12-30 07:00:56,795] INFO: 	 lr: 0.00030000000000000073 	 Training loss: 0.03604173086583615
[2024-12-30 07:01:08,436] INFO: Iter 14500 Summary: 
[2024-12-30 07:01:08,437] INFO: 	 lr: 0.00030000000000000073 	 Training loss: 0.03571314785629511
[2024-12-30 07:01:20,608] INFO: Iter 14600 Summary: 
[2024-12-30 07:01:20,609] INFO: 	 lr: 0.00030000000000000073 	 Training loss: 0.03587614331394434
[2024-12-30 07:01:32,992] INFO: Iter 14700 Summary: 
[2024-12-30 07:01:32,992] INFO: 	 lr: 0.00030000000000000073 	 Training loss: 0.03592007517814636
[2024-12-30 07:01:44,998] INFO: Iter 14800 Summary: 
[2024-12-30 07:01:44,998] INFO: 	 lr: 0.00030000000000000073 	 Training loss: 0.03568396780639887
[2024-12-30 07:01:55,790] INFO: Iter 14900 Summary: 
[2024-12-30 07:01:55,791] INFO: 	 lr: 0.00030000000000000073 	 Training loss: 0.036000259816646576
[2024-12-30 07:02:07,970] INFO: Iter 15000 Summary: 
[2024-12-30 07:02:07,971] INFO: 	 lr: 0.00030000000000000073 	 Training loss: 0.03579002305865288
[2024-12-30 07:02:19,532] INFO: Iter 15100 Summary: 
[2024-12-30 07:02:19,532] INFO: 	 lr: 0.00030000000000000073 	 Training loss: 0.035538627691566946
[2024-12-30 07:02:30,029] INFO: Iter 15200 Summary: 
[2024-12-30 07:02:30,029] INFO: 	 lr: 0.00030000000000000073 	 Training loss: 0.03548949375748634
[2024-12-30 07:02:41,884] INFO: Iter 15300 Summary: 
[2024-12-30 07:02:41,884] INFO: 	 lr: 0.00030000000000000073 	 Training loss: 0.03530835948884487
[2024-12-30 07:02:54,023] INFO: Iter 15400 Summary: 
[2024-12-30 07:02:54,024] INFO: 	 lr: 0.00030000000000000073 	 Training loss: 0.03535905487835407
[2024-12-30 07:03:05,641] INFO: Iter 15500 Summary: 
[2024-12-30 07:03:05,642] INFO: 	 lr: 0.00030000000000000073 	 Training loss: 0.03518825188279152
[2024-12-30 07:03:16,385] INFO: Iter 15600 Summary: 
[2024-12-30 07:03:16,385] INFO: 	 lr: 0.00030000000000000073 	 Training loss: 0.03521047700196504
[2024-12-30 07:03:28,577] INFO: Iter 15700 Summary: 
[2024-12-30 07:03:28,577] INFO: 	 lr: 0.00030000000000000073 	 Training loss: 0.035083223655819895
[2024-12-30 07:03:41,015] INFO: Iter 15800 Summary: 
[2024-12-30 07:03:41,016] INFO: 	 lr: 0.00030000000000000073 	 Training loss: 0.03520231757313013
[2024-12-30 07:03:51,794] INFO: Iter 15900 Summary: 
[2024-12-30 07:03:51,795] INFO: 	 lr: 0.00030000000000000073 	 Training loss: 0.03470440212637186
[2024-12-30 07:04:03,933] INFO: Iter 16000 Summary: 
[2024-12-30 07:04:03,933] INFO: 	 lr: 0.00030000000000000073 	 Training loss: 0.03496751829981804
[2024-12-30 07:04:18,949] INFO: Iter 16100 Summary: 
[2024-12-30 07:04:18,949] INFO: 	 lr: 0.00030000000000000073 	 Training loss: 0.035120272785425184
[2024-12-30 07:04:29,924] INFO: Iter 16200 Summary: 
[2024-12-30 07:04:29,925] INFO: 	 lr: 0.00030000000000000073 	 Training loss: 0.03482447650283575
[2024-12-30 07:04:42,096] INFO: Iter 16300 Summary: 
[2024-12-30 07:04:42,097] INFO: 	 lr: 0.00030000000000000073 	 Training loss: 0.034637518040835855
[2024-12-30 07:04:54,172] INFO: Iter 16400 Summary: 
[2024-12-30 07:04:54,173] INFO: 	 lr: 0.00030000000000000073 	 Training loss: 0.034559938330203294
[2024-12-30 07:05:06,036] INFO: Iter 16500 Summary: 
[2024-12-30 07:05:06,036] INFO: 	 lr: 0.00030000000000000073 	 Training loss: 0.03448071353137493
[2024-12-30 07:05:17,156] INFO: Iter 16600 Summary: 
[2024-12-30 07:05:17,156] INFO: 	 lr: 0.00030000000000000073 	 Training loss: 0.034712112434208395
[2024-12-30 07:05:29,462] INFO: Iter 16700 Summary: 
[2024-12-30 07:05:29,463] INFO: 	 lr: 0.00030000000000000073 	 Training loss: 0.034700184352695944
[2024-12-30 07:05:41,389] INFO: Iter 16800 Summary: 
[2024-12-30 07:05:41,389] INFO: 	 lr: 0.00030000000000000073 	 Training loss: 0.034514139499515296
[2024-12-30 07:05:52,028] INFO: Iter 16900 Summary: 
[2024-12-30 07:05:52,029] INFO: 	 lr: 0.00030000000000000073 	 Training loss: 0.034842509999871256
[2024-12-30 07:06:04,222] INFO: Iter 17000 Summary: 
[2024-12-30 07:06:04,223] INFO: 	 lr: 0.00030000000000000073 	 Training loss: 0.03412354810163379
[2024-12-30 07:06:16,347] INFO: Iter 17100 Summary: 
[2024-12-30 07:06:16,348] INFO: 	 lr: 0.00030000000000000073 	 Training loss: 0.03427147172391415
[2024-12-30 07:06:28,336] INFO: Iter 17200 Summary: 
[2024-12-30 07:06:28,336] INFO: 	 lr: 0.00030000000000000073 	 Training loss: 0.034232849143445494
[2024-12-30 07:06:39,657] INFO: Iter 17300 Summary: 
[2024-12-30 07:06:39,658] INFO: 	 lr: 0.00030000000000000073 	 Training loss: 0.03428466144949198
[2024-12-30 07:06:51,713] INFO: Iter 17400 Summary: 
[2024-12-30 07:06:51,714] INFO: 	 lr: 0.00030000000000000073 	 Training loss: 0.03420231960713863
[2024-12-30 07:07:03,086] INFO: Iter 17500 Summary: 
[2024-12-30 07:07:03,086] INFO: 	 lr: 0.00030000000000000073 	 Training loss: 0.034197536073625086
[2024-12-30 07:07:13,660] INFO: Iter 17600 Summary: 
[2024-12-30 07:07:13,660] INFO: 	 lr: 0.00030000000000000073 	 Training loss: 0.033986705616116525
[2024-12-30 07:07:25,316] INFO: Iter 17700 Summary: 
[2024-12-30 07:07:25,317] INFO: 	 lr: 0.00030000000000000073 	 Training loss: 0.0339043889939785
[2024-12-30 07:07:37,328] INFO: Iter 17800 Summary: 
[2024-12-30 07:07:37,328] INFO: 	 lr: 0.00030000000000000073 	 Training loss: 0.033943876065313815
[2024-12-30 07:07:47,851] INFO: Iter 17900 Summary: 
[2024-12-30 07:07:47,852] INFO: 	 lr: 0.00030000000000000073 	 Training loss: 0.034090665243566035
[2024-12-30 07:07:59,703] INFO: Iter 18000 Summary: 
[2024-12-30 07:07:59,704] INFO: 	 lr: 0.00030000000000000073 	 Training loss: 0.03377213841304183
[2024-12-30 07:08:14,378] INFO: Iter 18100 Summary: 
[2024-12-30 07:08:14,379] INFO: 	 lr: 0.00030000000000000073 	 Training loss: 0.03390863193199038
[2024-12-30 07:08:26,100] INFO: Iter 18200 Summary: 
[2024-12-30 07:08:26,100] INFO: 	 lr: 0.00030000000000000073 	 Training loss: 0.033685172386467455
[2024-12-30 07:08:36,887] INFO: Iter 18300 Summary: 
[2024-12-30 07:08:36,887] INFO: 	 lr: 0.00030000000000000073 	 Training loss: 0.03383071072399616
[2024-12-30 07:08:49,137] INFO: Iter 18400 Summary: 
[2024-12-30 07:08:49,137] INFO: 	 lr: 0.00030000000000000073 	 Training loss: 0.033776486776769164
[2024-12-30 07:09:01,119] INFO: Iter 18500 Summary: 
[2024-12-30 07:09:01,119] INFO: 	 lr: 0.00030000000000000073 	 Training loss: 0.03370801374316215
[2024-12-30 07:09:12,003] INFO: Iter 18600 Summary: 
[2024-12-30 07:09:12,003] INFO: 	 lr: 0.00030000000000000073 	 Training loss: 0.03369937352836132
[2024-12-30 07:09:23,636] INFO: Iter 18700 Summary: 
[2024-12-30 07:09:23,636] INFO: 	 lr: 0.00030000000000000073 	 Training loss: 0.03371112216264009
[2024-12-30 07:09:37,369] INFO: Iter 18800 Summary: 
[2024-12-30 07:09:37,369] INFO: 	 lr: 0.00030000000000000073 	 Training loss: 0.033539105467498304
[2024-12-30 07:09:48,192] INFO: Iter 18900 Summary: 
[2024-12-30 07:09:48,192] INFO: 	 lr: 0.00030000000000000073 	 Training loss: 0.033508834112435576
[2024-12-30 07:09:59,971] INFO: Iter 19000 Summary: 
[2024-12-30 07:09:59,971] INFO: 	 lr: 0.00030000000000000073 	 Training loss: 0.033682678118348124
[2024-12-30 07:10:12,283] INFO: Iter 19100 Summary: 
[2024-12-30 07:10:12,284] INFO: 	 lr: 0.00030000000000000073 	 Training loss: 0.03351221766322851
[2024-12-30 07:10:24,932] INFO: Iter 19200 Summary: 
[2024-12-30 07:10:24,933] INFO: 	 lr: 0.00030000000000000073 	 Training loss: 0.03329247690737248
[2024-12-30 07:10:36,760] INFO: Iter 19300 Summary: 
[2024-12-30 07:10:36,761] INFO: 	 lr: 0.00030000000000000073 	 Training loss: 0.033230797462165354
[2024-12-30 07:10:49,254] INFO: Iter 19400 Summary: 
[2024-12-30 07:10:49,255] INFO: 	 lr: 0.00030000000000000073 	 Training loss: 0.03332517132163048
[2024-12-30 07:11:01,626] INFO: Iter 19500 Summary: 
[2024-12-30 07:11:01,626] INFO: 	 lr: 0.00030000000000000073 	 Training loss: 0.03335090514272451
[2024-12-30 07:11:12,607] INFO: Iter 19600 Summary: 
[2024-12-30 07:11:12,607] INFO: 	 lr: 0.00030000000000000073 	 Training loss: 0.03307538775727153
[2024-12-30 07:11:24,344] INFO: Iter 19700 Summary: 
[2024-12-30 07:11:24,344] INFO: 	 lr: 0.00030000000000000073 	 Training loss: 0.033149672150611875
[2024-12-30 07:11:36,607] INFO: Iter 19800 Summary: 
[2024-12-30 07:11:36,607] INFO: 	 lr: 0.00030000000000000073 	 Training loss: 0.03323925914242864
[2024-12-30 07:11:48,365] INFO: Iter 19900 Summary: 
[2024-12-30 07:11:48,365] INFO: 	 lr: 0.00030000000000000073 	 Training loss: 0.03318056041374803
[2024-12-30 07:11:59,279] INFO: Iter 20000 Summary: 
[2024-12-30 07:11:59,279] INFO: 	 lr: 0.00030000000000000073 	 Training loss: 0.033073153924196956
[2024-12-30 07:12:14,017] INFO: Iter 20100 Summary: 
[2024-12-30 07:12:14,018] INFO: 	 lr: 0.00030000000000000073 	 Training loss: 0.0330386926420033
[2024-12-30 07:12:26,312] INFO: Iter 20200 Summary: 
[2024-12-30 07:12:26,312] INFO: 	 lr: 0.00030000000000000073 	 Training loss: 0.03306908410042524
[2024-12-30 07:12:37,186] INFO: Iter 20300 Summary: 
[2024-12-30 07:12:37,187] INFO: 	 lr: 0.00030000000000000073 	 Training loss: 0.03302498770877719
[2024-12-30 07:12:49,353] INFO: Iter 20400 Summary: 
[2024-12-30 07:12:49,353] INFO: 	 lr: 0.00030000000000000073 	 Training loss: 0.03314438290894031
[2024-12-30 07:13:01,250] INFO: Iter 20500 Summary: 
[2024-12-30 07:13:01,250] INFO: 	 lr: 0.00030000000000000073 	 Training loss: 0.03287771927192807
[2024-12-30 07:13:12,007] INFO: Iter 20600 Summary: 
[2024-12-30 07:13:12,007] INFO: 	 lr: 0.00030000000000000073 	 Training loss: 0.03304414810612798
[2024-12-30 07:13:24,254] INFO: Iter 20700 Summary: 
[2024-12-30 07:13:24,255] INFO: 	 lr: 0.00030000000000000073 	 Training loss: 0.03256407402455807
[2024-12-30 07:13:36,651] INFO: Iter 20800 Summary: 
[2024-12-30 07:13:36,651] INFO: 	 lr: 0.00030000000000000073 	 Training loss: 0.03283417362719774
[2024-12-30 07:13:48,775] INFO: Iter 20900 Summary: 
[2024-12-30 07:13:48,776] INFO: 	 lr: 0.00030000000000000073 	 Training loss: 0.03289344558492303
[2024-12-30 07:13:59,704] INFO: Iter 21000 Summary: 
[2024-12-30 07:13:59,704] INFO: 	 lr: 0.00030000000000000073 	 Training loss: 0.032818131297826764
[2024-12-30 07:14:12,021] INFO: Iter 21100 Summary: 
[2024-12-30 07:14:12,021] INFO: 	 lr: 0.00030000000000000073 	 Training loss: 0.03267001224681735
[2024-12-30 07:14:23,968] INFO: Iter 21200 Summary: 
[2024-12-30 07:14:23,968] INFO: 	 lr: 0.00030000000000000073 	 Training loss: 0.03281223705038428
[2024-12-30 07:14:35,311] INFO: Iter 21300 Summary: 
[2024-12-30 07:14:35,311] INFO: 	 lr: 0.00030000000000000073 	 Training loss: 0.03287940254434943
[2024-12-30 07:14:47,585] INFO: Iter 21400 Summary: 
[2024-12-30 07:14:47,586] INFO: 	 lr: 0.00030000000000000073 	 Training loss: 0.033045028354972604
[2024-12-30 07:15:00,079] INFO: Iter 21500 Summary: 
[2024-12-30 07:15:00,079] INFO: 	 lr: 0.00030000000000000073 	 Training loss: 0.032724311240017415
[2024-12-30 07:15:10,751] INFO: Iter 21600 Summary: 
[2024-12-30 07:15:10,752] INFO: 	 lr: 0.00030000000000000073 	 Training loss: 0.032558212615549566
[2024-12-30 07:15:23,125] INFO: Iter 21700 Summary: 
[2024-12-30 07:15:23,125] INFO: 	 lr: 0.00030000000000000073 	 Training loss: 0.032593988534063104
[2024-12-30 07:15:35,594] INFO: Iter 21800 Summary: 
[2024-12-30 07:15:35,594] INFO: 	 lr: 0.00030000000000000073 	 Training loss: 0.032981481477618216
[2024-12-30 07:15:47,646] INFO: Iter 21900 Summary: 
[2024-12-30 07:15:47,646] INFO: 	 lr: 0.00030000000000000073 	 Training loss: 0.03285569777712226
[2024-12-30 07:15:59,931] INFO: Iter 22000 Summary: 
[2024-12-30 07:15:59,931] INFO: 	 lr: 0.00030000000000000073 	 Training loss: 0.03258975649252534
[2024-12-30 07:16:15,158] INFO: Iter 22100 Summary: 
[2024-12-30 07:16:15,158] INFO: 	 lr: 0.00030000000000000073 	 Training loss: 0.03249825974926353
[2024-12-30 07:16:27,608] INFO: Iter 22200 Summary: 
[2024-12-30 07:16:27,608] INFO: 	 lr: 0.00030000000000000073 	 Training loss: 0.03253081014379859
[2024-12-30 07:16:39,095] INFO: Iter 22300 Summary: 
[2024-12-30 07:16:39,095] INFO: 	 lr: 0.00030000000000000073 	 Training loss: 0.03239059509709477
[2024-12-30 07:16:51,268] INFO: Iter 22400 Summary: 
[2024-12-30 07:16:51,268] INFO: 	 lr: 0.00030000000000000073 	 Training loss: 0.03227614967152476
[2024-12-30 07:17:03,662] INFO: Iter 22500 Summary: 
[2024-12-30 07:17:03,662] INFO: 	 lr: 0.00030000000000000073 	 Training loss: 0.03241017583757639
[2024-12-30 07:17:15,645] INFO: Iter 22600 Summary: 
[2024-12-30 07:17:15,646] INFO: 	 lr: 0.00030000000000000073 	 Training loss: 0.03218834886327386
[2024-12-30 07:17:27,521] INFO: Iter 22700 Summary: 
[2024-12-30 07:17:27,522] INFO: 	 lr: 0.00030000000000000073 	 Training loss: 0.03218564011156559
[2024-12-30 07:17:40,387] INFO: Iter 22800 Summary: 
[2024-12-30 07:17:40,387] INFO: 	 lr: 0.00030000000000000073 	 Training loss: 0.03231414532288909
[2024-12-30 07:17:52,894] INFO: Iter 22900 Summary: 
[2024-12-30 07:17:52,894] INFO: 	 lr: 0.00030000000000000073 	 Training loss: 0.032432619612663985
[2024-12-30 07:18:04,457] INFO: Iter 23000 Summary: 
[2024-12-30 07:18:04,457] INFO: 	 lr: 0.00030000000000000073 	 Training loss: 0.03213044421747327
[2024-12-30 07:18:17,225] INFO: Iter 23100 Summary: 
[2024-12-30 07:18:17,226] INFO: 	 lr: 0.00030000000000000073 	 Training loss: 0.03214647628366947
[2024-12-30 07:18:30,203] INFO: Iter 23200 Summary: 
[2024-12-30 07:18:30,204] INFO: 	 lr: 0.00030000000000000073 	 Training loss: 0.03227510325610638
[2024-12-30 07:18:41,529] INFO: Iter 23300 Summary: 
[2024-12-30 07:18:41,529] INFO: 	 lr: 0.00030000000000000073 	 Training loss: 0.03212340857833624
[2024-12-30 07:18:53,530] INFO: Iter 23400 Summary: 
[2024-12-30 07:18:53,530] INFO: 	 lr: 0.00030000000000000073 	 Training loss: 0.03222894474864006
[2024-12-30 07:19:05,780] INFO: Iter 23500 Summary: 
[2024-12-30 07:19:05,781] INFO: 	 lr: 0.00030000000000000073 	 Training loss: 0.03232376514002681
[2024-12-30 07:19:17,892] INFO: Iter 23600 Summary: 
[2024-12-30 07:19:17,893] INFO: 	 lr: 0.00030000000000000073 	 Training loss: 0.032294960487633945
[2024-12-30 07:19:29,144] INFO: Iter 23700 Summary: 
[2024-12-30 07:19:29,145] INFO: 	 lr: 0.00030000000000000073 	 Training loss: 0.03209921212866902
[2024-12-30 07:19:43,169] INFO: Iter 23800 Summary: 
[2024-12-30 07:19:43,170] INFO: 	 lr: 0.00030000000000000073 	 Training loss: 0.03220731042325497
[2024-12-30 07:19:55,390] INFO: Iter 23900 Summary: 
[2024-12-30 07:19:55,391] INFO: 	 lr: 0.00030000000000000073 	 Training loss: 0.032130351960659026
[2024-12-30 07:20:06,330] INFO: Iter 24000 Summary: 
[2024-12-30 07:20:06,330] INFO: 	 lr: 0.00030000000000000073 	 Training loss: 0.03179859180003405
[2024-12-30 07:20:21,529] INFO: Iter 24100 Summary: 
[2024-12-30 07:20:21,530] INFO: 	 lr: 0.00030000000000000073 	 Training loss: 0.03206326562911272
[2024-12-30 07:20:33,594] INFO: Iter 24200 Summary: 
[2024-12-30 07:20:33,594] INFO: 	 lr: 0.00030000000000000073 	 Training loss: 0.03199290560558438
[2024-12-30 07:20:44,493] INFO: Iter 24300 Summary: 
[2024-12-30 07:20:44,494] INFO: 	 lr: 0.00030000000000000073 	 Training loss: 0.03215350339189172
[2024-12-30 07:20:56,482] INFO: Iter 24400 Summary: 
[2024-12-30 07:20:56,483] INFO: 	 lr: 0.00030000000000000073 	 Training loss: 0.03176332833245397
[2024-12-30 07:21:09,609] INFO: Iter 24500 Summary: 
[2024-12-30 07:21:09,610] INFO: 	 lr: 0.00030000000000000073 	 Training loss: 0.03177157811820507
[2024-12-30 07:21:21,749] INFO: Iter 24600 Summary: 
[2024-12-30 07:21:21,749] INFO: 	 lr: 0.00030000000000000073 	 Training loss: 0.03193995002657175
[2024-12-30 07:21:33,091] INFO: Iter 24700 Summary: 
[2024-12-30 07:21:33,092] INFO: 	 lr: 0.00030000000000000073 	 Training loss: 0.03180673219263554
[2024-12-30 07:21:45,667] INFO: Iter 24800 Summary: 
[2024-12-30 07:21:45,667] INFO: 	 lr: 0.00030000000000000073 	 Training loss: 0.032240445893257856
[2024-12-30 07:21:58,545] INFO: Iter 24900 Summary: 
[2024-12-30 07:21:58,545] INFO: 	 lr: 0.00030000000000000073 	 Training loss: 0.03180466216057539
[2024-12-30 07:22:10,340] INFO: Iter 25000 Summary: 
[2024-12-30 07:22:10,341] INFO: 	 lr: 0.00030000000000000073 	 Training loss: 0.0319004387781024
[2024-12-30 07:22:23,325] INFO: Iter 25100 Summary: 
[2024-12-30 07:22:23,325] INFO: 	 lr: 0.00030000000000000073 	 Training loss: 0.03186934754252434
[2024-12-30 07:22:35,992] INFO: Iter 25200 Summary: 
[2024-12-30 07:22:35,993] INFO: 	 lr: 0.00030000000000000073 	 Training loss: 0.03163582157343626
[2024-12-30 07:22:47,888] INFO: Iter 25300 Summary: 
[2024-12-30 07:22:47,889] INFO: 	 lr: 0.00030000000000000073 	 Training loss: 0.0317949478328228
[2024-12-30 07:22:59,033] INFO: Iter 25400 Summary: 
[2024-12-30 07:22:59,033] INFO: 	 lr: 0.00030000000000000073 	 Training loss: 0.031760034281760455
[2024-12-30 07:23:11,313] INFO: Iter 25500 Summary: 
[2024-12-30 07:23:11,314] INFO: 	 lr: 0.00030000000000000073 	 Training loss: 0.031924751959741114
[2024-12-30 07:23:23,364] INFO: Iter 25600 Summary: 
[2024-12-30 07:23:23,365] INFO: 	 lr: 0.00030000000000000073 	 Training loss: 0.031644939351826905
[2024-12-30 07:23:34,493] INFO: Iter 25700 Summary: 
[2024-12-30 07:23:34,494] INFO: 	 lr: 0.00030000000000000073 	 Training loss: 0.03171588011085987
[2024-12-30 07:23:46,737] INFO: Iter 25800 Summary: 
[2024-12-30 07:23:46,737] INFO: 	 lr: 0.00030000000000000073 	 Training loss: 0.0317743131890893
[2024-12-30 07:23:58,939] INFO: Iter 25900 Summary: 
[2024-12-30 07:23:58,939] INFO: 	 lr: 0.00030000000000000073 	 Training loss: 0.03175308015197516
[2024-12-30 07:24:09,892] INFO: Iter 26000 Summary: 
[2024-12-30 07:24:09,892] INFO: 	 lr: 0.00030000000000000073 	 Training loss: 0.03174970485270023
[2024-12-30 07:24:24,703] INFO: Iter 26100 Summary: 
[2024-12-30 07:24:24,704] INFO: 	 lr: 0.00030000000000000073 	 Training loss: 0.031602005679160355
[2024-12-30 07:24:37,485] INFO: Iter 26200 Summary: 
[2024-12-30 07:24:37,485] INFO: 	 lr: 0.00030000000000000073 	 Training loss: 0.031558528412133455
[2024-12-30 07:24:49,333] INFO: Iter 26300 Summary: 
[2024-12-30 07:24:49,333] INFO: 	 lr: 0.00030000000000000073 	 Training loss: 0.03167348919436336
[2024-12-30 07:25:00,256] INFO: Iter 26400 Summary: 
[2024-12-30 07:25:00,256] INFO: 	 lr: 0.00030000000000000073 	 Training loss: 0.03171820782124996
[2024-12-30 07:25:12,350] INFO: Iter 26500 Summary: 
[2024-12-30 07:25:12,351] INFO: 	 lr: 0.00030000000000000073 	 Training loss: 0.03175441728904843
[2024-12-30 07:25:24,369] INFO: Iter 26600 Summary: 
[2024-12-30 07:25:24,370] INFO: 	 lr: 0.00030000000000000073 	 Training loss: 0.03155422687530517
[2024-12-30 07:25:35,668] INFO: Iter 26700 Summary: 
[2024-12-30 07:25:35,668] INFO: 	 lr: 0.00030000000000000073 	 Training loss: 0.03150282312184572
[2024-12-30 07:25:48,274] INFO: Iter 26800 Summary: 
[2024-12-30 07:25:48,275] INFO: 	 lr: 0.00030000000000000073 	 Training loss: 0.0314923844859004
[2024-12-30 07:26:00,531] INFO: Iter 26900 Summary: 
[2024-12-30 07:26:00,531] INFO: 	 lr: 0.00030000000000000073 	 Training loss: 0.0315951343998313
[2024-12-30 07:26:11,857] INFO: Iter 27000 Summary: 
[2024-12-30 07:26:11,857] INFO: 	 lr: 0.00030000000000000073 	 Training loss: 0.03150746928527951
[2024-12-30 07:26:24,925] INFO: Iter 27100 Summary: 
[2024-12-30 07:26:24,926] INFO: 	 lr: 0.00030000000000000073 	 Training loss: 0.0314077889174223
[2024-12-30 07:26:37,003] INFO: Iter 27200 Summary: 
[2024-12-30 07:26:37,004] INFO: 	 lr: 0.00030000000000000073 	 Training loss: 0.0316914202645421
[2024-12-30 07:26:49,130] INFO: Iter 27300 Summary: 
[2024-12-30 07:26:49,130] INFO: 	 lr: 0.00030000000000000073 	 Training loss: 0.03164523584768176
[2024-12-30 07:27:00,378] INFO: Iter 27400 Summary: 
[2024-12-30 07:27:00,379] INFO: 	 lr: 0.00030000000000000073 	 Training loss: 0.03140955973416567
[2024-12-30 07:27:12,924] INFO: Iter 27500 Summary: 
[2024-12-30 07:27:12,924] INFO: 	 lr: 0.00030000000000000073 	 Training loss: 0.0315432902239263
[2024-12-30 07:27:25,256] INFO: Iter 27600 Summary: 
[2024-12-30 07:27:25,256] INFO: 	 lr: 0.00030000000000000073 	 Training loss: 0.03145973844453692
[2024-12-30 07:27:36,310] INFO: Iter 27700 Summary: 
[2024-12-30 07:27:36,311] INFO: 	 lr: 0.00030000000000000073 	 Training loss: 0.03138541923835873
