[2024-12-17 02:21:41,277] INFO: {
    "abs_dir": "/home/diwang/siMLPe/exps/baseline_h36m",
    "batch_size": 256,
    "cos_lr_max": 1e-05,
    "cos_lr_min": 5e-08,
    "cos_lr_total_iters": 40000,
    "data_aug": true,
    "deriv_input": true,
    "deriv_output": true,
    "h36m_anno_dir": "/home/diwang/siMLPe/data/h36m/",
    "link_log_file": "/home/diwang/siMLPe/exps/baseline_h36m/log/log_last.log",
    "link_val_log_file": "/home/diwang/siMLPe/exps/baseline_h36m/log/val_last.log",
    "log_dir": "/home/diwang/siMLPe/exps/baseline_h36m/log",
    "log_file": "/home/diwang/siMLPe/exps/baseline_h36m/log/log_2024_12_17_02_21_27.log",
    "model_pth": null,
    "motion": {
        "dim": 66,
        "h36m_input_length": 50,
        "h36m_input_length_dct": 50,
        "h36m_target_length": 25,
        "h36m_target_length_eval": 25,
        "h36m_target_length_train": 25
    },
    "motion_fc_in": {
        "activation": "relu",
        "in_features": 66,
        "init_w_trunc_normal": false,
        "out_features": 66,
        "temporal_fc": false,
        "with_norm": false
    },
    "motion_fc_out": {
        "activation": "relu",
        "in_features": 66,
        "init_w_trunc_normal": true,
        "out_features": 66,
        "temporal_fc": false,
        "with_norm": false
    },
    "motion_mlp": {
        "hidden_dim": 66,
        "norm_axis": "spatial",
        "num_layers": 48,
        "seq_len": 50,
        "spatial_fc_only": false,
        "with_normalization": true
    },
    "num_workers": 8,
    "post_dct": false,
    "pre_dct": false,
    "print_every": 100,
    "repo_name": "siMLPe",
    "root_dir": "/home/diwang/siMLPe",
    "save_every": 200,
    "seed": 304,
    "shift_step": 1,
    "snapshot_dir": "/home/diwang/siMLPe/exps/baseline_h36m/log/snapshot",
    "this_dir": "baseline_h36m",
    "use_relative_loss": true,
    "val_log_file": "/home/diwang/siMLPe/exps/baseline_h36m/log/val_2024_12_17_02_21_27.log",
    "weight_decay": 0.0001
}
[2024-12-17 02:21:49,437] INFO: Iter 100 Summary: 
[2024-12-17 02:21:49,437] INFO: 	 lr: 0.00030000000000000073 	 Training loss: 0.13569323264062405
[2024-12-17 02:21:55,316] INFO: Iter 200 Summary: 
[2024-12-17 02:21:55,317] INFO: 	 lr: 0.00030000000000000073 	 Training loss: 0.11713783890008926
[2024-12-17 02:22:02,364] INFO: Iter 300 Summary: 
[2024-12-17 02:22:02,364] INFO: 	 lr: 0.00030000000000000073 	 Training loss: 0.10895282946527005
[2024-12-17 02:22:07,914] INFO: Iter 400 Summary: 
[2024-12-17 02:22:07,915] INFO: 	 lr: 0.00030000000000000073 	 Training loss: 0.07968320041894912
[2024-12-17 02:22:15,679] INFO: Iter 500 Summary: 
[2024-12-17 02:22:15,679] INFO: 	 lr: 0.00030000000000000073 	 Training loss: 0.07358613170683384
[2024-12-17 02:22:22,230] INFO: Iter 600 Summary: 
[2024-12-17 02:22:22,230] INFO: 	 lr: 0.00030000000000000073 	 Training loss: 0.06979541510343551
[2024-12-17 02:22:30,579] INFO: Iter 700 Summary: 
[2024-12-17 02:22:30,579] INFO: 	 lr: 0.00030000000000000073 	 Training loss: 0.06800050914287567
[2024-12-17 02:22:35,973] INFO: Iter 800 Summary: 
[2024-12-17 02:22:35,973] INFO: 	 lr: 0.00030000000000000073 	 Training loss: 0.06589728027582169
[2024-12-17 02:22:43,508] INFO: Iter 900 Summary: 
[2024-12-17 02:22:43,508] INFO: 	 lr: 0.00030000000000000073 	 Training loss: 0.0645719189196825
[2024-12-17 02:22:49,112] INFO: Iter 1000 Summary: 
[2024-12-17 02:22:49,112] INFO: 	 lr: 0.00030000000000000073 	 Training loss: 0.06324364066123962
[2024-12-17 02:22:56,435] INFO: Iter 1100 Summary: 
[2024-12-17 02:22:56,435] INFO: 	 lr: 0.00030000000000000073 	 Training loss: 0.06247611355036497
[2024-12-17 02:23:02,697] INFO: Iter 1200 Summary: 
[2024-12-17 02:23:02,697] INFO: 	 lr: 0.00030000000000000073 	 Training loss: 0.06178344115614891
[2024-12-17 02:23:10,022] INFO: Iter 1300 Summary: 
[2024-12-17 02:23:10,022] INFO: 	 lr: 0.00030000000000000073 	 Training loss: 0.061104396842420104
[2024-12-17 02:23:17,236] INFO: Iter 1400 Summary: 
[2024-12-17 02:23:17,236] INFO: 	 lr: 0.00030000000000000073 	 Training loss: 0.06050257846713066
[2024-12-17 02:23:24,699] INFO: Iter 1500 Summary: 
[2024-12-17 02:23:24,699] INFO: 	 lr: 0.00030000000000000073 	 Training loss: 0.06062035903334618
[2024-12-17 02:23:31,384] INFO: Iter 1600 Summary: 
[2024-12-17 02:23:31,384] INFO: 	 lr: 0.00030000000000000073 	 Training loss: 0.05992565762251616
[2024-12-17 02:23:39,770] INFO: Iter 1700 Summary: 
[2024-12-17 02:23:39,770] INFO: 	 lr: 0.00030000000000000073 	 Training loss: 0.05964575998485088
[2024-12-17 02:23:45,612] INFO: Iter 1800 Summary: 
[2024-12-17 02:23:45,612] INFO: 	 lr: 0.00030000000000000073 	 Training loss: 0.059498455487191675
[2024-12-17 02:23:52,427] INFO: Iter 1900 Summary: 
[2024-12-17 02:23:52,427] INFO: 	 lr: 0.00030000000000000073 	 Training loss: 0.05861501183360815
[2024-12-17 02:23:58,476] INFO: Iter 2000 Summary: 
[2024-12-17 02:23:58,476] INFO: 	 lr: 0.00030000000000000073 	 Training loss: 0.05868470679968595
[2024-12-17 02:24:07,173] INFO: Iter 2100 Summary: 
[2024-12-17 02:24:07,174] INFO: 	 lr: 0.00030000000000000073 	 Training loss: 0.05841566946357488
[2024-12-17 02:24:13,553] INFO: Iter 2200 Summary: 
[2024-12-17 02:24:13,553] INFO: 	 lr: 0.00030000000000000073 	 Training loss: 0.05781438257545233
[2024-12-17 02:24:20,479] INFO: Iter 2300 Summary: 
[2024-12-17 02:24:20,479] INFO: 	 lr: 0.00030000000000000073 	 Training loss: 0.0577529838681221
[2024-12-17 02:24:26,654] INFO: Iter 2400 Summary: 
[2024-12-17 02:24:26,654] INFO: 	 lr: 0.00030000000000000073 	 Training loss: 0.05761084612458944
[2024-12-17 02:24:33,923] INFO: Iter 2500 Summary: 
[2024-12-17 02:24:33,924] INFO: 	 lr: 0.00030000000000000073 	 Training loss: 0.057517624944448474
[2024-12-17 02:24:39,296] INFO: Iter 2600 Summary: 
[2024-12-17 02:24:39,296] INFO: 	 lr: 0.00030000000000000073 	 Training loss: 0.05671450480818749
[2024-12-17 02:24:45,823] INFO: Iter 2700 Summary: 
[2024-12-17 02:24:45,823] INFO: 	 lr: 0.00030000000000000073 	 Training loss: 0.05658634144812822
[2024-12-17 02:24:53,337] INFO: Iter 2800 Summary: 
[2024-12-17 02:24:53,337] INFO: 	 lr: 0.00030000000000000073 	 Training loss: 0.05660017967224121
[2024-12-17 02:25:00,624] INFO: Iter 2900 Summary: 
[2024-12-17 02:25:00,625] INFO: 	 lr: 0.00030000000000000073 	 Training loss: 0.05633672144263983
[2024-12-17 02:25:06,565] INFO: Iter 3000 Summary: 
[2024-12-17 02:25:06,565] INFO: 	 lr: 0.00030000000000000073 	 Training loss: 0.05629889730364084
[2024-12-17 02:25:13,747] INFO: Iter 3100 Summary: 
[2024-12-17 02:25:13,747] INFO: 	 lr: 0.00030000000000000073 	 Training loss: 0.056009582616388796
[2024-12-17 02:25:19,525] INFO: Iter 3200 Summary: 
[2024-12-17 02:25:19,525] INFO: 	 lr: 0.00030000000000000073 	 Training loss: 0.05575994167476892
[2024-12-17 02:25:26,904] INFO: Iter 3300 Summary: 
[2024-12-17 02:25:26,905] INFO: 	 lr: 0.00030000000000000073 	 Training loss: 0.05572288747876883
[2024-12-17 02:25:33,769] INFO: Iter 3400 Summary: 
[2024-12-17 02:25:33,769] INFO: 	 lr: 0.00030000000000000073 	 Training loss: 0.055752078145742415
[2024-12-17 02:25:41,137] INFO: Iter 3500 Summary: 
[2024-12-17 02:25:41,137] INFO: 	 lr: 0.00030000000000000073 	 Training loss: 0.055541508235037326
[2024-12-17 02:25:47,962] INFO: Iter 3600 Summary: 
[2024-12-17 02:25:47,962] INFO: 	 lr: 0.00030000000000000073 	 Training loss: 0.055576905384659765
[2024-12-17 02:25:54,906] INFO: Iter 3700 Summary: 
[2024-12-17 02:25:54,907] INFO: 	 lr: 0.00030000000000000073 	 Training loss: 0.05494402013719082
[2024-12-17 02:26:00,914] INFO: Iter 3800 Summary: 
[2024-12-17 02:26:00,914] INFO: 	 lr: 0.00030000000000000073 	 Training loss: 0.055133261792361735
[2024-12-17 02:26:08,215] INFO: Iter 3900 Summary: 
[2024-12-17 02:26:08,215] INFO: 	 lr: 0.00030000000000000073 	 Training loss: 0.055099932625889775
[2024-12-17 02:26:13,694] INFO: Iter 4000 Summary: 
[2024-12-17 02:26:13,694] INFO: 	 lr: 0.00030000000000000073 	 Training loss: 0.05510868560522795
[2024-12-17 02:26:21,814] INFO: Iter 4100 Summary: 
[2024-12-17 02:26:21,815] INFO: 	 lr: 0.00030000000000000073 	 Training loss: 0.05452255714684725
[2024-12-17 02:26:27,421] INFO: Iter 4200 Summary: 
[2024-12-17 02:26:27,421] INFO: 	 lr: 0.00030000000000000073 	 Training loss: 0.05411885224282741
[2024-12-17 02:26:34,995] INFO: Iter 4300 Summary: 
[2024-12-17 02:26:34,996] INFO: 	 lr: 0.00030000000000000073 	 Training loss: 0.05454993426799774
[2024-12-17 02:26:40,916] INFO: Iter 4400 Summary: 
[2024-12-17 02:26:40,916] INFO: 	 lr: 0.00030000000000000073 	 Training loss: 0.05439229216426611
[2024-12-17 02:26:47,775] INFO: Iter 4500 Summary: 
[2024-12-17 02:26:47,776] INFO: 	 lr: 0.00030000000000000073 	 Training loss: 0.05415837936103344
[2024-12-17 02:26:53,628] INFO: Iter 4600 Summary: 
[2024-12-17 02:26:53,629] INFO: 	 lr: 0.00030000000000000073 	 Training loss: 0.05412808708846569
[2024-12-17 02:27:00,509] INFO: Iter 4700 Summary: 
[2024-12-17 02:27:00,509] INFO: 	 lr: 0.00030000000000000073 	 Training loss: 0.0543049480766058
[2024-12-17 02:27:07,420] INFO: Iter 4800 Summary: 
[2024-12-17 02:27:07,420] INFO: 	 lr: 0.00030000000000000073 	 Training loss: 0.05416076734662056
[2024-12-17 02:27:14,516] INFO: Iter 4900 Summary: 
[2024-12-17 02:27:14,517] INFO: 	 lr: 0.00030000000000000073 	 Training loss: 0.053832435496151444
[2024-12-17 02:27:20,548] INFO: Iter 5000 Summary: 
[2024-12-17 02:27:20,549] INFO: 	 lr: 0.00030000000000000073 	 Training loss: 0.0537054767459631
[2024-12-17 02:27:28,168] INFO: Iter 5100 Summary: 
[2024-12-17 02:27:28,168] INFO: 	 lr: 0.00030000000000000073 	 Training loss: 0.05348023734986782
[2024-12-17 02:27:34,189] INFO: Iter 5200 Summary: 
[2024-12-17 02:27:34,189] INFO: 	 lr: 0.00030000000000000073 	 Training loss: 0.053516810648143294
[2024-12-17 02:27:42,254] INFO: Iter 5300 Summary: 
[2024-12-17 02:27:42,254] INFO: 	 lr: 0.00030000000000000073 	 Training loss: 0.053359845168888566
[2024-12-17 02:27:48,751] INFO: Iter 5400 Summary: 
[2024-12-17 02:27:48,751] INFO: 	 lr: 0.00030000000000000073 	 Training loss: 0.05396149728447199
[2024-12-17 02:27:57,260] INFO: Iter 5500 Summary: 
[2024-12-17 02:27:57,260] INFO: 	 lr: 0.00030000000000000073 	 Training loss: 0.05362122863531113
[2024-12-17 02:28:03,120] INFO: Iter 5600 Summary: 
[2024-12-17 02:28:03,120] INFO: 	 lr: 0.00030000000000000073 	 Training loss: 0.05276202220469713
[2024-12-17 02:28:10,575] INFO: Iter 5700 Summary: 
[2024-12-17 02:28:10,575] INFO: 	 lr: 0.00030000000000000073 	 Training loss: 0.05317365348339081
[2024-12-17 02:28:16,093] INFO: Iter 5800 Summary: 
[2024-12-17 02:28:16,093] INFO: 	 lr: 0.00030000000000000073 	 Training loss: 0.05290437553077936
[2024-12-17 02:28:24,071] INFO: Iter 5900 Summary: 
[2024-12-17 02:28:24,071] INFO: 	 lr: 0.00030000000000000073 	 Training loss: 0.05303177028894424
[2024-12-17 02:28:30,646] INFO: Iter 6000 Summary: 
[2024-12-17 02:28:30,646] INFO: 	 lr: 0.00030000000000000073 	 Training loss: 0.05297985877841711
[2024-12-17 02:28:37,696] INFO: Iter 6100 Summary: 
[2024-12-17 02:28:37,696] INFO: 	 lr: 0.00030000000000000073 	 Training loss: 0.05235517866909504
[2024-12-17 02:28:45,514] INFO: Iter 6200 Summary: 
[2024-12-17 02:28:45,514] INFO: 	 lr: 0.00030000000000000073 	 Training loss: 0.05302945490926504
[2024-12-17 02:28:53,052] INFO: Iter 6300 Summary: 
[2024-12-17 02:28:53,052] INFO: 	 lr: 0.00030000000000000073 	 Training loss: 0.05256178498268128
[2024-12-17 02:28:59,047] INFO: Iter 6400 Summary: 
[2024-12-17 02:28:59,047] INFO: 	 lr: 0.00030000000000000073 	 Training loss: 0.052284405305981635
[2024-12-17 02:29:06,521] INFO: Iter 6500 Summary: 
[2024-12-17 02:29:06,522] INFO: 	 lr: 0.00030000000000000073 	 Training loss: 0.052638845779001714
[2024-12-17 02:29:13,053] INFO: Iter 6600 Summary: 
[2024-12-17 02:29:13,053] INFO: 	 lr: 0.00030000000000000073 	 Training loss: 0.0524057037755847
[2024-12-17 02:29:20,900] INFO: Iter 6700 Summary: 
[2024-12-17 02:29:20,900] INFO: 	 lr: 0.00030000000000000073 	 Training loss: 0.052066888362169265
[2024-12-17 02:29:28,273] INFO: Iter 6800 Summary: 
[2024-12-17 02:29:28,274] INFO: 	 lr: 0.00030000000000000073 	 Training loss: 0.05222723424434662
[2024-12-17 02:29:35,944] INFO: Iter 6900 Summary: 
[2024-12-17 02:29:35,944] INFO: 	 lr: 0.00030000000000000073 	 Training loss: 0.05228657517582178
[2024-12-17 02:29:41,922] INFO: Iter 7000 Summary: 
[2024-12-17 02:29:41,922] INFO: 	 lr: 0.00030000000000000073 	 Training loss: 0.05187125749886036
[2024-12-17 02:29:48,697] INFO: Iter 7100 Summary: 
[2024-12-17 02:29:48,698] INFO: 	 lr: 0.00030000000000000073 	 Training loss: 0.05172052074223757
[2024-12-17 02:29:54,249] INFO: Iter 7200 Summary: 
[2024-12-17 02:29:54,249] INFO: 	 lr: 0.00030000000000000073 	 Training loss: 0.05176100842654705
[2024-12-17 02:30:01,142] INFO: Iter 7300 Summary: 
[2024-12-17 02:30:01,143] INFO: 	 lr: 0.00030000000000000073 	 Training loss: 0.05168542336672544
[2024-12-17 02:30:06,913] INFO: Iter 7400 Summary: 
[2024-12-17 02:30:06,913] INFO: 	 lr: 0.00030000000000000073 	 Training loss: 0.05134033147245645
[2024-12-17 02:30:15,612] INFO: Iter 7500 Summary: 
[2024-12-17 02:30:15,612] INFO: 	 lr: 0.00030000000000000073 	 Training loss: 0.051838459260761735
[2024-12-17 02:30:22,152] INFO: Iter 7600 Summary: 
[2024-12-17 02:30:22,152] INFO: 	 lr: 0.00030000000000000073 	 Training loss: 0.05147005345672369
[2024-12-17 02:30:29,727] INFO: Iter 7700 Summary: 
[2024-12-17 02:30:29,727] INFO: 	 lr: 0.00030000000000000073 	 Training loss: 0.05147512435913086
[2024-12-17 02:30:35,309] INFO: Iter 7800 Summary: 
[2024-12-17 02:30:35,309] INFO: 	 lr: 0.00030000000000000073 	 Training loss: 0.05144769579172134
[2024-12-17 02:30:42,674] INFO: Iter 7900 Summary: 
[2024-12-17 02:30:42,674] INFO: 	 lr: 0.00030000000000000073 	 Training loss: 0.05152281526476145
[2024-12-17 02:30:49,120] INFO: Iter 8000 Summary: 
[2024-12-17 02:30:49,121] INFO: 	 lr: 0.00030000000000000073 	 Training loss: 0.05096219662576914
[2024-12-17 02:30:56,506] INFO: Iter 8100 Summary: 
[2024-12-17 02:30:56,506] INFO: 	 lr: 0.00030000000000000073 	 Training loss: 0.05131345652043819
[2024-12-17 02:31:03,629] INFO: Iter 8200 Summary: 
[2024-12-17 02:31:03,630] INFO: 	 lr: 0.00030000000000000073 	 Training loss: 0.051156358383595946
[2024-12-17 02:31:10,450] INFO: Iter 8300 Summary: 
[2024-12-17 02:31:10,450] INFO: 	 lr: 0.00030000000000000073 	 Training loss: 0.050879586413502695
[2024-12-17 02:31:16,334] INFO: Iter 8400 Summary: 
[2024-12-17 02:31:16,335] INFO: 	 lr: 0.00030000000000000073 	 Training loss: 0.05124953120946884
[2024-12-17 02:31:24,271] INFO: Iter 8500 Summary: 
[2024-12-17 02:31:24,271] INFO: 	 lr: 0.00030000000000000073 	 Training loss: 0.050946002379059795
[2024-12-17 02:31:29,918] INFO: Iter 8600 Summary: 
[2024-12-17 02:31:29,918] INFO: 	 lr: 0.00030000000000000073 	 Training loss: 0.05054939918220043
[2024-12-17 02:31:36,917] INFO: Iter 8700 Summary: 
[2024-12-17 02:31:36,917] INFO: 	 lr: 0.00030000000000000073 	 Training loss: 0.05087883524596691
[2024-12-17 02:31:42,281] INFO: Iter 8800 Summary: 
[2024-12-17 02:31:42,281] INFO: 	 lr: 0.00030000000000000073 	 Training loss: 0.05046982616186142
[2024-12-17 02:31:51,011] INFO: Iter 8900 Summary: 
[2024-12-17 02:31:51,012] INFO: 	 lr: 0.00030000000000000073 	 Training loss: 0.050244180522859096
[2024-12-17 02:31:57,561] INFO: Iter 9000 Summary: 
[2024-12-17 02:31:57,562] INFO: 	 lr: 0.00030000000000000073 	 Training loss: 0.0507636733353138
[2024-12-17 02:32:04,794] INFO: Iter 9100 Summary: 
[2024-12-17 02:32:04,794] INFO: 	 lr: 0.00030000000000000073 	 Training loss: 0.05032996453344822
[2024-12-17 02:32:10,213] INFO: Iter 9200 Summary: 
[2024-12-17 02:32:10,213] INFO: 	 lr: 0.00030000000000000073 	 Training loss: 0.0504868283867836
[2024-12-17 02:32:17,109] INFO: Iter 9300 Summary: 
[2024-12-17 02:32:17,109] INFO: 	 lr: 0.00030000000000000073 	 Training loss: 0.05001018259674311
[2024-12-17 02:32:23,590] INFO: Iter 9400 Summary: 
[2024-12-17 02:32:23,590] INFO: 	 lr: 0.00030000000000000073 	 Training loss: 0.05071995437145233
[2024-12-17 02:32:31,136] INFO: Iter 9500 Summary: 
[2024-12-17 02:32:31,136] INFO: 	 lr: 0.00030000000000000073 	 Training loss: 0.05052373614162207
[2024-12-17 02:32:38,833] INFO: Iter 9600 Summary: 
[2024-12-17 02:32:38,833] INFO: 	 lr: 0.00030000000000000073 	 Training loss: 0.05030290000140667
[2024-12-17 02:32:46,097] INFO: Iter 9700 Summary: 
[2024-12-17 02:32:46,098] INFO: 	 lr: 0.00030000000000000073 	 Training loss: 0.05005904763936996
[2024-12-17 02:32:51,860] INFO: Iter 9800 Summary: 
[2024-12-17 02:32:51,861] INFO: 	 lr: 0.00030000000000000073 	 Training loss: 0.050015905722975734
[2024-12-17 02:32:59,234] INFO: Iter 9900 Summary: 
[2024-12-17 02:32:59,235] INFO: 	 lr: 0.00030000000000000073 	 Training loss: 0.04990196228027344
[2024-12-17 02:33:04,868] INFO: Iter 10000 Summary: 
[2024-12-17 02:33:04,868] INFO: 	 lr: 0.00030000000000000073 	 Training loss: 0.04983091127127409
[2024-12-17 02:33:12,460] INFO: Iter 10100 Summary: 
[2024-12-17 02:33:12,460] INFO: 	 lr: 0.00030000000000000073 	 Training loss: 0.04994679667055607
[2024-12-17 02:33:20,198] INFO: Iter 10200 Summary: 
[2024-12-17 02:33:20,198] INFO: 	 lr: 0.00030000000000000073 	 Training loss: 0.04965107928961515
[2024-12-17 02:33:28,056] INFO: Iter 10300 Summary: 
[2024-12-17 02:33:28,056] INFO: 	 lr: 0.00030000000000000073 	 Training loss: 0.04980227079242468
[2024-12-17 02:33:34,218] INFO: Iter 10400 Summary: 
[2024-12-17 02:33:34,218] INFO: 	 lr: 0.00030000000000000073 	 Training loss: 0.049588953889906404
[2024-12-17 02:33:41,518] INFO: Iter 10500 Summary: 
[2024-12-17 02:33:41,518] INFO: 	 lr: 0.00030000000000000073 	 Training loss: 0.04963062420487404
[2024-12-17 02:33:47,359] INFO: Iter 10600 Summary: 
[2024-12-17 02:33:47,360] INFO: 	 lr: 0.00030000000000000073 	 Training loss: 0.0495520618185401
[2024-12-17 02:33:54,737] INFO: Iter 10700 Summary: 
[2024-12-17 02:33:54,737] INFO: 	 lr: 0.00030000000000000073 	 Training loss: 0.049554130993783474
[2024-12-17 02:34:00,167] INFO: Iter 10800 Summary: 
[2024-12-17 02:34:00,167] INFO: 	 lr: 0.00030000000000000073 	 Training loss: 0.04928964715451002
[2024-12-17 02:34:08,651] INFO: Iter 10900 Summary: 
[2024-12-17 02:34:08,652] INFO: 	 lr: 0.00030000000000000073 	 Training loss: 0.04973239097744227
[2024-12-17 02:34:15,205] INFO: Iter 11000 Summary: 
[2024-12-17 02:34:15,205] INFO: 	 lr: 0.00030000000000000073 	 Training loss: 0.0496659629791975
[2024-12-17 02:34:22,936] INFO: Iter 11100 Summary: 
[2024-12-17 02:34:22,936] INFO: 	 lr: 0.00030000000000000073 	 Training loss: 0.04903152275830507
[2024-12-17 02:34:28,872] INFO: Iter 11200 Summary: 
[2024-12-17 02:34:28,872] INFO: 	 lr: 0.00030000000000000073 	 Training loss: 0.04954625491052866
[2024-12-17 02:34:36,202] INFO: Iter 11300 Summary: 
[2024-12-17 02:34:36,203] INFO: 	 lr: 0.00030000000000000073 	 Training loss: 0.04923713881522417
[2024-12-17 02:34:41,824] INFO: Iter 11400 Summary: 
[2024-12-17 02:34:41,824] INFO: 	 lr: 0.00030000000000000073 	 Training loss: 0.04951979987323284
[2024-12-17 02:34:49,123] INFO: Iter 11500 Summary: 
[2024-12-17 02:34:49,123] INFO: 	 lr: 0.00030000000000000073 	 Training loss: 0.049162703976035116
[2024-12-17 02:34:56,733] INFO: Iter 11600 Summary: 
[2024-12-17 02:34:56,734] INFO: 	 lr: 0.00030000000000000073 	 Training loss: 0.04892103660851717
[2024-12-17 02:35:04,176] INFO: Iter 11700 Summary: 
[2024-12-17 02:35:04,176] INFO: 	 lr: 0.00030000000000000073 	 Training loss: 0.04902127213776111
[2024-12-17 02:35:10,194] INFO: Iter 11800 Summary: 
[2024-12-17 02:35:10,194] INFO: 	 lr: 0.00030000000000000073 	 Training loss: 0.049271109066903594
[2024-12-17 02:35:18,132] INFO: Iter 11900 Summary: 
[2024-12-17 02:35:18,132] INFO: 	 lr: 0.00030000000000000073 	 Training loss: 0.04933567021042109
[2024-12-17 02:35:24,646] INFO: Iter 12000 Summary: 
[2024-12-17 02:35:24,646] INFO: 	 lr: 0.00030000000000000073 	 Training loss: 0.049040792509913445
[2024-12-17 02:35:32,592] INFO: Iter 12100 Summary: 
[2024-12-17 02:35:32,593] INFO: 	 lr: 0.00030000000000000073 	 Training loss: 0.04904194250702858
[2024-12-17 02:35:39,137] INFO: Iter 12200 Summary: 
[2024-12-17 02:35:39,137] INFO: 	 lr: 0.00030000000000000073 	 Training loss: 0.049173557013273236
[2024-12-17 02:35:48,315] INFO: Iter 12300 Summary: 
[2024-12-17 02:35:48,316] INFO: 	 lr: 0.00030000000000000073 	 Training loss: 0.04895276293158531
[2024-12-17 02:35:54,872] INFO: Iter 12400 Summary: 
[2024-12-17 02:35:54,873] INFO: 	 lr: 0.00030000000000000073 	 Training loss: 0.04857087541371584
[2024-12-17 02:36:03,078] INFO: Iter 12500 Summary: 
[2024-12-17 02:36:03,078] INFO: 	 lr: 0.00030000000000000073 	 Training loss: 0.048865846283733846
[2024-12-17 02:36:09,435] INFO: Iter 12600 Summary: 
[2024-12-17 02:36:09,435] INFO: 	 lr: 0.00030000000000000073 	 Training loss: 0.04869909528642893
[2024-12-17 02:36:17,437] INFO: Iter 12700 Summary: 
[2024-12-17 02:36:17,437] INFO: 	 lr: 0.00030000000000000073 	 Training loss: 0.049147421158850194
[2024-12-17 02:36:23,990] INFO: Iter 12800 Summary: 
[2024-12-17 02:36:23,991] INFO: 	 lr: 0.00030000000000000073 	 Training loss: 0.04909038510173559
[2024-12-17 02:36:31,041] INFO: Iter 12900 Summary: 
[2024-12-17 02:36:31,042] INFO: 	 lr: 0.00030000000000000073 	 Training loss: 0.04857104867696762
[2024-12-17 02:36:38,358] INFO: Iter 13000 Summary: 
[2024-12-17 02:36:38,358] INFO: 	 lr: 0.00030000000000000073 	 Training loss: 0.04909279827028513
[2024-12-17 02:36:45,916] INFO: Iter 13100 Summary: 
[2024-12-17 02:36:45,916] INFO: 	 lr: 0.00030000000000000073 	 Training loss: 0.04851623196154833
[2024-12-17 02:36:51,615] INFO: Iter 13200 Summary: 
[2024-12-17 02:36:51,615] INFO: 	 lr: 0.00030000000000000073 	 Training loss: 0.04867368534207344
[2024-12-17 02:36:59,102] INFO: Iter 13300 Summary: 
[2024-12-17 02:36:59,102] INFO: 	 lr: 0.00030000000000000073 	 Training loss: 0.048587783426046374
[2024-12-17 02:37:04,575] INFO: Iter 13400 Summary: 
[2024-12-17 02:37:04,575] INFO: 	 lr: 0.00030000000000000073 	 Training loss: 0.04820952318608761
[2024-12-17 02:37:12,200] INFO: Iter 13500 Summary: 
[2024-12-17 02:37:12,200] INFO: 	 lr: 0.00030000000000000073 	 Training loss: 0.04845177322626114
[2024-12-17 02:37:19,733] INFO: Iter 13600 Summary: 
[2024-12-17 02:37:19,733] INFO: 	 lr: 0.00030000000000000073 	 Training loss: 0.0483166328817606
[2024-12-17 02:37:27,096] INFO: Iter 13700 Summary: 
[2024-12-17 02:37:27,097] INFO: 	 lr: 0.00030000000000000073 	 Training loss: 0.04848272398114204
[2024-12-17 02:37:32,880] INFO: Iter 13800 Summary: 
[2024-12-17 02:37:32,880] INFO: 	 lr: 0.00030000000000000073 	 Training loss: 0.04797743905335665
[2024-12-17 02:37:40,721] INFO: Iter 13900 Summary: 
[2024-12-17 02:37:40,721] INFO: 	 lr: 0.00030000000000000073 	 Training loss: 0.04841546766459942
[2024-12-17 02:37:47,284] INFO: Iter 14000 Summary: 
[2024-12-17 02:37:47,284] INFO: 	 lr: 0.00030000000000000073 	 Training loss: 0.04841745864599943
[2024-12-17 02:37:55,074] INFO: Iter 14100 Summary: 
[2024-12-17 02:37:55,074] INFO: 	 lr: 0.00030000000000000073 	 Training loss: 0.04832814920693636
[2024-12-17 02:38:01,060] INFO: Iter 14200 Summary: 
[2024-12-17 02:38:01,060] INFO: 	 lr: 0.00030000000000000073 	 Training loss: 0.04811563715338707
[2024-12-17 02:38:10,400] INFO: Iter 14300 Summary: 
[2024-12-17 02:38:10,400] INFO: 	 lr: 0.00030000000000000073 	 Training loss: 0.04813241347670555
[2024-12-17 02:38:16,844] INFO: Iter 14400 Summary: 
[2024-12-17 02:38:16,844] INFO: 	 lr: 0.00030000000000000073 	 Training loss: 0.048063437826931475
[2024-12-17 02:38:24,837] INFO: Iter 14500 Summary: 
[2024-12-17 02:38:24,838] INFO: 	 lr: 0.00030000000000000073 	 Training loss: 0.048027079813182355
[2024-12-17 02:38:31,381] INFO: Iter 14600 Summary: 
[2024-12-17 02:38:31,381] INFO: 	 lr: 0.00030000000000000073 	 Training loss: 0.048141362927854064
[2024-12-17 02:38:39,412] INFO: Iter 14700 Summary: 
[2024-12-17 02:38:39,412] INFO: 	 lr: 0.00030000000000000073 	 Training loss: 0.04790559113025665
[2024-12-17 02:38:45,998] INFO: Iter 14800 Summary: 
[2024-12-17 02:38:45,998] INFO: 	 lr: 0.00030000000000000073 	 Training loss: 0.048411839716136454
[2024-12-17 02:38:54,239] INFO: Iter 14900 Summary: 
[2024-12-17 02:38:54,240] INFO: 	 lr: 0.00030000000000000073 	 Training loss: 0.04769170608371496
[2024-12-17 02:39:02,032] INFO: Iter 15000 Summary: 
[2024-12-17 02:39:02,032] INFO: 	 lr: 0.00030000000000000073 	 Training loss: 0.04792629353702069
[2024-12-17 02:39:09,847] INFO: Iter 15100 Summary: 
[2024-12-17 02:39:09,847] INFO: 	 lr: 0.00030000000000000073 	 Training loss: 0.048089834190905095
[2024-12-17 02:39:15,233] INFO: Iter 15200 Summary: 
[2024-12-17 02:39:15,233] INFO: 	 lr: 0.00030000000000000073 	 Training loss: 0.04818795163184404
[2024-12-17 02:39:23,038] INFO: Iter 15300 Summary: 
[2024-12-17 02:39:23,038] INFO: 	 lr: 0.00030000000000000073 	 Training loss: 0.04777163676917553
[2024-12-17 02:39:29,571] INFO: Iter 15400 Summary: 
[2024-12-17 02:39:29,572] INFO: 	 lr: 0.00030000000000000073 	 Training loss: 0.04767905961722135
[2024-12-17 02:39:37,242] INFO: Iter 15500 Summary: 
[2024-12-17 02:39:37,242] INFO: 	 lr: 0.00030000000000000073 	 Training loss: 0.048136625215411184
[2024-12-17 02:39:43,808] INFO: Iter 15600 Summary: 
[2024-12-17 02:39:43,808] INFO: 	 lr: 0.00030000000000000073 	 Training loss: 0.04776821486651897
[2024-12-17 02:39:53,094] INFO: Iter 15700 Summary: 
[2024-12-17 02:39:53,095] INFO: 	 lr: 0.00030000000000000073 	 Training loss: 0.04748225100338459
[2024-12-17 02:39:59,666] INFO: Iter 15800 Summary: 
[2024-12-17 02:39:59,666] INFO: 	 lr: 0.00030000000000000073 	 Training loss: 0.0480578713864088
[2024-12-17 02:40:07,346] INFO: Iter 15900 Summary: 
[2024-12-17 02:40:07,346] INFO: 	 lr: 0.00030000000000000073 	 Training loss: 0.0478021614998579
[2024-12-17 02:40:13,894] INFO: Iter 16000 Summary: 
[2024-12-17 02:40:13,894] INFO: 	 lr: 0.00030000000000000073 	 Training loss: 0.047690033987164496
[2024-12-17 02:40:21,953] INFO: Iter 16100 Summary: 
[2024-12-17 02:40:21,953] INFO: 	 lr: 0.00030000000000000073 	 Training loss: 0.047588532119989396
[2024-12-17 02:40:28,483] INFO: Iter 16200 Summary: 
[2024-12-17 02:40:28,484] INFO: 	 lr: 0.00030000000000000073 	 Training loss: 0.047931868396699426
[2024-12-17 02:40:37,587] INFO: Iter 16300 Summary: 
[2024-12-17 02:40:37,587] INFO: 	 lr: 0.00030000000000000073 	 Training loss: 0.04763732224702835
[2024-12-17 02:40:44,279] INFO: Iter 16400 Summary: 
[2024-12-17 02:40:44,279] INFO: 	 lr: 0.00030000000000000073 	 Training loss: 0.04791130095720291
[2024-12-17 02:40:52,374] INFO: Iter 16500 Summary: 
[2024-12-17 02:40:52,374] INFO: 	 lr: 0.00030000000000000073 	 Training loss: 0.04746285792440176
[2024-12-17 02:40:58,938] INFO: Iter 16600 Summary: 
[2024-12-17 02:40:58,938] INFO: 	 lr: 0.00030000000000000073 	 Training loss: 0.047539630383253095
[2024-12-17 02:41:07,006] INFO: Iter 16700 Summary: 
[2024-12-17 02:41:07,006] INFO: 	 lr: 0.00030000000000000073 	 Training loss: 0.047504637949168683
[2024-12-17 02:41:13,591] INFO: Iter 16800 Summary: 
[2024-12-17 02:41:13,591] INFO: 	 lr: 0.00030000000000000073 	 Training loss: 0.04758166059851646
[2024-12-17 02:41:21,661] INFO: Iter 16900 Summary: 
[2024-12-17 02:41:21,662] INFO: 	 lr: 0.00030000000000000073 	 Training loss: 0.04781981434673071
[2024-12-17 02:41:29,593] INFO: Iter 17000 Summary: 
[2024-12-17 02:41:29,594] INFO: 	 lr: 0.00030000000000000073 	 Training loss: 0.0472271366417408
[2024-12-17 02:41:37,878] INFO: Iter 17100 Summary: 
[2024-12-17 02:41:37,878] INFO: 	 lr: 0.00030000000000000073 	 Training loss: 0.04734679445624351
[2024-12-17 02:41:44,471] INFO: Iter 17200 Summary: 
[2024-12-17 02:41:44,472] INFO: 	 lr: 0.00030000000000000073 	 Training loss: 0.04754967905580997
[2024-12-17 02:41:52,747] INFO: Iter 17300 Summary: 
[2024-12-17 02:41:52,747] INFO: 	 lr: 0.00030000000000000073 	 Training loss: 0.047264905832707885
[2024-12-17 02:41:59,330] INFO: Iter 17400 Summary: 
[2024-12-17 02:41:59,330] INFO: 	 lr: 0.00030000000000000073 	 Training loss: 0.047589883878827094
[2024-12-17 02:42:07,624] INFO: Iter 17500 Summary: 
[2024-12-17 02:42:07,624] INFO: 	 lr: 0.00030000000000000073 	 Training loss: 0.047400008477270605
[2024-12-17 02:42:14,217] INFO: Iter 17600 Summary: 
[2024-12-17 02:42:14,217] INFO: 	 lr: 0.00030000000000000073 	 Training loss: 0.04722785845398903
[2024-12-17 02:42:23,671] INFO: Iter 17700 Summary: 
[2024-12-17 02:42:23,672] INFO: 	 lr: 0.00030000000000000073 	 Training loss: 0.04742463745176792
[2024-12-17 02:42:30,431] INFO: Iter 17800 Summary: 
[2024-12-17 02:42:30,431] INFO: 	 lr: 0.00030000000000000073 	 Training loss: 0.04741300567984581
[2024-12-17 02:42:38,572] INFO: Iter 17900 Summary: 
[2024-12-17 02:42:38,572] INFO: 	 lr: 0.00030000000000000073 	 Training loss: 0.047133340574800967
[2024-12-17 02:42:45,283] INFO: Iter 18000 Summary: 
[2024-12-17 02:42:45,283] INFO: 	 lr: 0.00030000000000000073 	 Training loss: 0.047332766726613046
[2024-12-17 02:42:52,957] INFO: Iter 18100 Summary: 
[2024-12-17 02:42:52,958] INFO: 	 lr: 0.00030000000000000073 	 Training loss: 0.04730444297194481
[2024-12-17 02:42:59,436] INFO: Iter 18200 Summary: 
[2024-12-17 02:42:59,436] INFO: 	 lr: 0.00030000000000000073 	 Training loss: 0.047723459787666796
[2024-12-17 02:43:07,674] INFO: Iter 18300 Summary: 
[2024-12-17 02:43:07,674] INFO: 	 lr: 0.00030000000000000073 	 Training loss: 0.04703235022723675
[2024-12-17 02:43:15,286] INFO: Iter 18400 Summary: 
[2024-12-17 02:43:15,287] INFO: 	 lr: 0.00030000000000000073 	 Training loss: 0.047250558398663996
[2024-12-17 02:43:22,874] INFO: Iter 18500 Summary: 
[2024-12-17 02:43:22,874] INFO: 	 lr: 0.00030000000000000073 	 Training loss: 0.047094139605760574
[2024-12-17 02:43:29,457] INFO: Iter 18600 Summary: 
[2024-12-17 02:43:29,457] INFO: 	 lr: 0.00030000000000000073 	 Training loss: 0.04716391190886497
[2024-12-17 02:43:37,499] INFO: Iter 18700 Summary: 
[2024-12-17 02:43:37,499] INFO: 	 lr: 0.00030000000000000073 	 Training loss: 0.04751745741814375
[2024-12-17 02:43:44,083] INFO: Iter 18800 Summary: 
[2024-12-17 02:43:44,083] INFO: 	 lr: 0.00030000000000000073 	 Training loss: 0.04710387367755175
[2024-12-17 02:43:52,119] INFO: Iter 18900 Summary: 
[2024-12-17 02:43:52,119] INFO: 	 lr: 0.00030000000000000073 	 Training loss: 0.04719272665679455
[2024-12-17 02:43:58,674] INFO: Iter 19000 Summary: 
[2024-12-17 02:43:58,674] INFO: 	 lr: 0.00030000000000000073 	 Training loss: 0.0472053200379014
[2024-12-17 02:44:07,735] INFO: Iter 19100 Summary: 
[2024-12-17 02:44:07,735] INFO: 	 lr: 0.00030000000000000073 	 Training loss: 0.047491435743868354
[2024-12-17 02:44:14,068] INFO: Iter 19200 Summary: 
[2024-12-17 02:44:14,068] INFO: 	 lr: 0.00030000000000000073 	 Training loss: 0.047229327410459515
[2024-12-17 02:44:22,084] INFO: Iter 19300 Summary: 
[2024-12-17 02:44:22,085] INFO: 	 lr: 0.00030000000000000073 	 Training loss: 0.04718856684863568
[2024-12-17 02:44:28,569] INFO: Iter 19400 Summary: 
[2024-12-17 02:44:28,569] INFO: 	 lr: 0.00030000000000000073 	 Training loss: 0.04692987911403179
[2024-12-17 02:44:36,610] INFO: Iter 19500 Summary: 
[2024-12-17 02:44:36,610] INFO: 	 lr: 0.00030000000000000073 	 Training loss: 0.04667369280010462
[2024-12-17 02:44:43,155] INFO: Iter 19600 Summary: 
[2024-12-17 02:44:43,155] INFO: 	 lr: 0.00030000000000000073 	 Training loss: 0.04696166094392538
[2024-12-17 02:44:52,358] INFO: Iter 19700 Summary: 
[2024-12-17 02:44:52,358] INFO: 	 lr: 0.00030000000000000073 	 Training loss: 0.04695462387055158
[2024-12-17 02:44:58,154] INFO: Iter 19800 Summary: 
[2024-12-17 02:44:58,154] INFO: 	 lr: 0.00030000000000000073 	 Training loss: 0.047037417590618136
[2024-12-17 02:45:05,831] INFO: Iter 19900 Summary: 
[2024-12-17 02:45:05,831] INFO: 	 lr: 0.00030000000000000073 	 Training loss: 0.047026400230824945
[2024-12-17 02:45:11,829] INFO: Iter 20000 Summary: 
[2024-12-17 02:45:11,829] INFO: 	 lr: 0.00030000000000000073 	 Training loss: 0.0472493202611804
[2024-12-17 02:45:19,878] INFO: Iter 20100 Summary: 
[2024-12-17 02:45:19,879] INFO: 	 lr: 0.00030000000000000073 	 Training loss: 0.046736110001802444
[2024-12-17 02:45:26,425] INFO: Iter 20200 Summary: 
[2024-12-17 02:45:26,425] INFO: 	 lr: 0.00030000000000000073 	 Training loss: 0.047089509479701516
[2024-12-17 02:45:34,373] INFO: Iter 20300 Summary: 
[2024-12-17 02:45:34,374] INFO: 	 lr: 0.00030000000000000073 	 Training loss: 0.04685441888868809
[2024-12-17 02:45:41,961] INFO: Iter 20400 Summary: 
[2024-12-17 02:45:41,961] INFO: 	 lr: 0.00030000000000000073 	 Training loss: 0.04654290534555912
[2024-12-17 02:45:50,351] INFO: Iter 20500 Summary: 
[2024-12-17 02:45:50,351] INFO: 	 lr: 0.00030000000000000073 	 Training loss: 0.046888811886310576
[2024-12-17 02:45:56,851] INFO: Iter 20600 Summary: 
[2024-12-17 02:45:56,851] INFO: 	 lr: 0.00030000000000000073 	 Training loss: 0.046889551021158694
[2024-12-17 02:46:03,992] INFO: Iter 20700 Summary: 
[2024-12-17 02:46:03,992] INFO: 	 lr: 0.00030000000000000073 	 Training loss: 0.04686101038008928
[2024-12-17 02:46:10,205] INFO: Iter 20800 Summary: 
[2024-12-17 02:46:10,205] INFO: 	 lr: 0.00030000000000000073 	 Training loss: 0.047022364400327206
[2024-12-17 02:46:17,360] INFO: Iter 20900 Summary: 
[2024-12-17 02:46:17,360] INFO: 	 lr: 0.00030000000000000073 	 Training loss: 0.046634679548442366
[2024-12-17 02:46:23,327] INFO: Iter 21000 Summary: 
[2024-12-17 02:46:23,327] INFO: 	 lr: 0.00030000000000000073 	 Training loss: 0.046969358325004575
[2024-12-17 02:46:32,515] INFO: Iter 21100 Summary: 
[2024-12-17 02:46:32,515] INFO: 	 lr: 0.00030000000000000073 	 Training loss: 0.04710458528250456
[2024-12-17 02:46:39,053] INFO: Iter 21200 Summary: 
[2024-12-17 02:46:39,053] INFO: 	 lr: 0.00030000000000000073 	 Training loss: 0.046712598279118535
[2024-12-17 02:46:47,293] INFO: Iter 21300 Summary: 
[2024-12-17 02:46:47,294] INFO: 	 lr: 0.00030000000000000073 	 Training loss: 0.04648136705160141
[2024-12-17 02:46:53,847] INFO: Iter 21400 Summary: 
[2024-12-17 02:46:53,847] INFO: 	 lr: 0.00030000000000000073 	 Training loss: 0.046786230579018595
[2024-12-17 02:47:01,879] INFO: Iter 21500 Summary: 
[2024-12-17 02:47:01,880] INFO: 	 lr: 0.00030000000000000073 	 Training loss: 0.04659143693745136
[2024-12-17 02:47:08,428] INFO: Iter 21600 Summary: 
[2024-12-17 02:47:08,428] INFO: 	 lr: 0.00030000000000000073 	 Training loss: 0.04683499623090029
[2024-12-17 02:47:16,684] INFO: Iter 21700 Summary: 
[2024-12-17 02:47:16,684] INFO: 	 lr: 0.00030000000000000073 	 Training loss: 0.04694438945502043
[2024-12-17 02:47:24,377] INFO: Iter 21800 Summary: 
[2024-12-17 02:47:24,377] INFO: 	 lr: 0.00030000000000000073 	 Training loss: 0.04646391529589891
[2024-12-17 02:47:32,391] INFO: Iter 21900 Summary: 
[2024-12-17 02:47:32,391] INFO: 	 lr: 0.00030000000000000073 	 Training loss: 0.0469491846114397
[2024-12-17 02:47:38,931] INFO: Iter 22000 Summary: 
[2024-12-17 02:47:38,931] INFO: 	 lr: 0.00030000000000000073 	 Training loss: 0.046687270998954776
[2024-12-17 02:47:45,718] INFO: Iter 22100 Summary: 
[2024-12-17 02:47:45,718] INFO: 	 lr: 0.00030000000000000073 	 Training loss: 0.04670967649668455
[2024-12-17 02:47:51,929] INFO: Iter 22200 Summary: 
[2024-12-17 02:47:51,929] INFO: 	 lr: 0.00030000000000000073 	 Training loss: 0.04685985192656517
[2024-12-17 02:47:59,977] INFO: Iter 22300 Summary: 
[2024-12-17 02:47:59,977] INFO: 	 lr: 0.00030000000000000073 	 Training loss: 0.046621219664812086
[2024-12-17 02:48:06,529] INFO: Iter 22400 Summary: 
[2024-12-17 02:48:06,529] INFO: 	 lr: 0.00030000000000000073 	 Training loss: 0.046770795807242395
[2024-12-17 02:48:15,625] INFO: Iter 22500 Summary: 
[2024-12-17 02:48:15,626] INFO: 	 lr: 0.00030000000000000073 	 Training loss: 0.04667218096554279
[2024-12-17 02:48:21,881] INFO: Iter 22600 Summary: 
[2024-12-17 02:48:21,882] INFO: 	 lr: 0.00030000000000000073 	 Training loss: 0.04659047190099955
[2024-12-17 02:48:29,948] INFO: Iter 22700 Summary: 
[2024-12-17 02:48:29,948] INFO: 	 lr: 0.00030000000000000073 	 Training loss: 0.04661101907491684
[2024-12-17 02:48:36,514] INFO: Iter 22800 Summary: 
[2024-12-17 02:48:36,515] INFO: 	 lr: 0.00030000000000000073 	 Training loss: 0.04655464742332697
[2024-12-17 02:48:44,030] INFO: Iter 22900 Summary: 
[2024-12-17 02:48:44,030] INFO: 	 lr: 0.00030000000000000073 	 Training loss: 0.046793834678828715
[2024-12-17 02:48:50,593] INFO: Iter 23000 Summary: 
[2024-12-17 02:48:50,593] INFO: 	 lr: 0.00030000000000000073 	 Training loss: 0.0465774006024003
[2024-12-17 02:48:59,919] INFO: Iter 23100 Summary: 
[2024-12-17 02:48:59,919] INFO: 	 lr: 0.00030000000000000073 	 Training loss: 0.04643379036337137
[2024-12-17 02:49:06,497] INFO: Iter 23200 Summary: 
[2024-12-17 02:49:06,497] INFO: 	 lr: 0.00030000000000000073 	 Training loss: 0.04683785144239664
[2024-12-17 02:49:14,607] INFO: Iter 23300 Summary: 
[2024-12-17 02:49:14,607] INFO: 	 lr: 0.00030000000000000073 	 Training loss: 0.04639592986553907
[2024-12-17 02:49:21,163] INFO: Iter 23400 Summary: 
[2024-12-17 02:49:21,163] INFO: 	 lr: 0.00030000000000000073 	 Training loss: 0.046418322920799254
[2024-12-17 02:49:29,204] INFO: Iter 23500 Summary: 
[2024-12-17 02:49:29,205] INFO: 	 lr: 0.00030000000000000073 	 Training loss: 0.04633137710392475
[2024-12-17 02:49:35,742] INFO: Iter 23600 Summary: 
[2024-12-17 02:49:35,742] INFO: 	 lr: 0.00030000000000000073 	 Training loss: 0.04629216097295284
[2024-12-17 02:49:43,461] INFO: Iter 23700 Summary: 
[2024-12-17 02:49:43,461] INFO: 	 lr: 0.00030000000000000073 	 Training loss: 0.04648064386099577
