[2025-01-11 11:43:51,432] INFO: {
    "abs_dir": "/home/diwang/siMLPe/exps/baseline_h36m",
    "batch_size": 256,
    "cos_lr_max": 1e-05,
    "cos_lr_min": 5e-08,
    "cos_lr_total_iters": 40000,
    "data_aug": true,
    "deriv_input": true,
    "deriv_output": true,
    "device": "cuda:1",
    "h36m_anno_dir": "/home/diwang/siMLPe/data/h36m/",
    "link_log_file": "/home/diwang/siMLPe/exps/baseline_h36m/log/log_last.log",
    "link_val_log_file": "/home/diwang/siMLPe/exps/baseline_h36m/log/val_last.log",
    "log_dir": "/home/diwang/siMLPe/exps/baseline_h36m/log",
    "log_file": "/home/diwang/siMLPe/exps/baseline_h36m/log/log_2025_01_11_11_41_12.log",
    "model_pth": null,
    "motion": {
        "dim": 66,
        "h36m_input_length": 50,
        "h36m_input_length_dct": 50,
        "h36m_target_length": 10,
        "h36m_target_length_eval": 25,
        "h36m_target_length_train": 10
    },
    "motion_fc_in": {
        "activation": "relu",
        "in_features": 66,
        "init_w_trunc_normal": false,
        "out_features": 66,
        "temporal_fc": false,
        "with_norm": false
    },
    "motion_fc_out": {
        "activation": "relu",
        "in_features": 66,
        "init_w_trunc_normal": true,
        "out_features": 66,
        "temporal_fc": false,
        "with_norm": false
    },
    "motion_mlp": {
        "hidden_dim": 66,
        "norm_axis": "spatial",
        "num_layers": 48,
        "seq_len": 50,
        "spatial_fc_only": false,
        "with_normalization": true
    },
    "num_workers": 8,
    "post_dct": false,
    "pre_dct": false,
    "print_every": 100,
    "repo_name": "siMLPe",
    "root_dir": "/home/diwang/siMLPe",
    "save_every": 2000,
    "seed": 304,
    "shift_step": 1,
    "snapshot_dir": "/home/diwang/siMLPe/exps/baseline_h36m/log/snapshot",
    "this_dir": "baseline_h36m",
    "use_relative_loss": true,
    "val_log_file": "/home/diwang/siMLPe/exps/baseline_h36m/log/val_2025_01_11_11_41_12.log",
    "weight_decay": 0.0001
}
[2025-01-11 11:44:35,936] INFO: Iter 100 Summary: 
[2025-01-11 11:44:35,937] INFO: 	 lr: 0.00030000000000000073 	 Training loss: 0.09843950927257537
[2025-01-11 11:45:19,126] INFO: Iter 200 Summary: 
[2025-01-11 11:45:19,126] INFO: 	 lr: 0.00030000000000000073 	 Training loss: 0.07456886813044548
[2025-01-11 11:46:01,228] INFO: Iter 300 Summary: 
[2025-01-11 11:46:01,229] INFO: 	 lr: 0.00030000000000000073 	 Training loss: 0.0751014294475317
[2025-01-11 11:46:41,425] INFO: Iter 400 Summary: 
[2025-01-11 11:46:41,425] INFO: 	 lr: 0.00030000000000000073 	 Training loss: 0.07512895196676254
[2025-01-11 11:47:25,874] INFO: Iter 500 Summary: 
[2025-01-11 11:47:25,875] INFO: 	 lr: 0.00030000000000000073 	 Training loss: 0.07129307359457016
[2025-01-11 11:48:11,640] INFO: Iter 600 Summary: 
[2025-01-11 11:48:11,640] INFO: 	 lr: 0.00030000000000000073 	 Training loss: 0.06748847838491201
[2025-01-11 11:48:54,438] INFO: Iter 700 Summary: 
[2025-01-11 11:48:54,439] INFO: 	 lr: 0.00030000000000000073 	 Training loss: 0.06337730519473553
[2025-01-11 11:49:32,261] INFO: Iter 800 Summary: 
[2025-01-11 11:49:32,262] INFO: 	 lr: 0.00030000000000000073 	 Training loss: 0.06142235670238733
[2025-01-11 11:50:13,841] INFO: Iter 900 Summary: 
[2025-01-11 11:50:13,842] INFO: 	 lr: 0.00030000000000000073 	 Training loss: 0.059838614761829376
[2025-01-11 11:50:56,166] INFO: Iter 1000 Summary: 
[2025-01-11 11:50:56,167] INFO: 	 lr: 0.00030000000000000073 	 Training loss: 0.05903740592300892
[2025-01-11 11:51:34,676] INFO: Iter 1100 Summary: 
[2025-01-11 11:51:34,677] INFO: 	 lr: 0.00030000000000000073 	 Training loss: 0.05791579570621252
[2025-01-11 11:52:16,786] INFO: Iter 1200 Summary: 
[2025-01-11 11:52:16,787] INFO: 	 lr: 0.00030000000000000073 	 Training loss: 0.05713764954358339
[2025-01-11 11:52:54,640] INFO: Iter 1300 Summary: 
[2025-01-11 11:52:54,640] INFO: 	 lr: 0.00030000000000000073 	 Training loss: 0.05637881625443697
[2025-01-11 11:53:34,478] INFO: Iter 1400 Summary: 
[2025-01-11 11:53:34,478] INFO: 	 lr: 0.00030000000000000073 	 Training loss: 0.05562715712934732
[2025-01-11 11:54:14,333] INFO: Iter 1500 Summary: 
[2025-01-11 11:54:14,334] INFO: 	 lr: 0.00030000000000000073 	 Training loss: 0.054885637499392036
[2025-01-11 11:54:53,350] INFO: Iter 1600 Summary: 
[2025-01-11 11:54:53,350] INFO: 	 lr: 0.00030000000000000073 	 Training loss: 0.054668727293610574
[2025-01-11 11:55:33,680] INFO: Iter 1700 Summary: 
[2025-01-11 11:55:33,681] INFO: 	 lr: 0.00030000000000000073 	 Training loss: 0.05419464834034443
[2025-01-11 11:56:14,000] INFO: Iter 1800 Summary: 
[2025-01-11 11:56:14,000] INFO: 	 lr: 0.00030000000000000073 	 Training loss: 0.05363470334559679
[2025-01-11 11:56:58,854] INFO: Iter 1900 Summary: 
[2025-01-11 11:56:58,855] INFO: 	 lr: 0.00030000000000000073 	 Training loss: 0.053601831831038
[2025-01-11 11:57:40,744] INFO: Iter 2000 Summary: 
[2025-01-11 11:57:40,745] INFO: 	 lr: 0.00030000000000000073 	 Training loss: 0.05287989944219589
[2025-01-11 11:58:39,283] INFO: Iter 2100 Summary: 
[2025-01-11 11:58:39,283] INFO: 	 lr: 0.00030000000000000073 	 Training loss: 0.05328393671661615
[2025-01-11 11:59:20,090] INFO: Iter 2200 Summary: 
[2025-01-11 11:59:20,091] INFO: 	 lr: 0.00030000000000000073 	 Training loss: 0.052600620798766616
[2025-01-11 12:00:02,059] INFO: Iter 2300 Summary: 
[2025-01-11 12:00:02,060] INFO: 	 lr: 0.00030000000000000073 	 Training loss: 0.05197657246142626
[2025-01-11 12:00:45,438] INFO: Iter 2400 Summary: 
[2025-01-11 12:00:45,438] INFO: 	 lr: 0.00030000000000000073 	 Training loss: 0.05208042342215777
[2025-01-11 12:01:24,970] INFO: Iter 2500 Summary: 
[2025-01-11 12:01:24,970] INFO: 	 lr: 0.00030000000000000073 	 Training loss: 0.05169200729578734
[2025-01-11 12:02:05,547] INFO: Iter 2600 Summary: 
[2025-01-11 12:02:05,547] INFO: 	 lr: 0.00030000000000000073 	 Training loss: 0.0517616893351078
[2025-01-11 12:02:45,889] INFO: Iter 2700 Summary: 
[2025-01-11 12:02:45,890] INFO: 	 lr: 0.00030000000000000073 	 Training loss: 0.05143568392843008
[2025-01-11 12:03:28,088] INFO: Iter 2800 Summary: 
[2025-01-11 12:03:28,088] INFO: 	 lr: 0.00030000000000000073 	 Training loss: 0.051736480593681335
[2025-01-11 12:04:12,478] INFO: Iter 2900 Summary: 
[2025-01-11 12:04:12,478] INFO: 	 lr: 0.00030000000000000073 	 Training loss: 0.05125446457415819
[2025-01-11 12:04:56,367] INFO: Iter 3000 Summary: 
[2025-01-11 12:04:56,367] INFO: 	 lr: 0.00030000000000000073 	 Training loss: 0.05132735576480627
[2025-01-11 12:05:35,556] INFO: Iter 3100 Summary: 
[2025-01-11 12:05:35,556] INFO: 	 lr: 0.00030000000000000073 	 Training loss: 0.05117369055747986
[2025-01-11 12:06:15,951] INFO: Iter 3200 Summary: 
[2025-01-11 12:06:15,952] INFO: 	 lr: 0.00030000000000000073 	 Training loss: 0.05084558874368668
[2025-01-11 12:06:55,927] INFO: Iter 3300 Summary: 
[2025-01-11 12:06:55,927] INFO: 	 lr: 0.00030000000000000073 	 Training loss: 0.050852843150496485
[2025-01-11 12:07:41,110] INFO: Iter 3400 Summary: 
[2025-01-11 12:07:41,111] INFO: 	 lr: 0.00030000000000000073 	 Training loss: 0.050810925215482715
[2025-01-11 12:08:28,131] INFO: Iter 3500 Summary: 
[2025-01-11 12:08:28,132] INFO: 	 lr: 0.00030000000000000073 	 Training loss: 0.050731605887413024
[2025-01-11 12:09:14,131] INFO: Iter 3600 Summary: 
[2025-01-11 12:09:14,131] INFO: 	 lr: 0.00030000000000000073 	 Training loss: 0.05018511932343245
[2025-01-11 12:10:00,117] INFO: Iter 3700 Summary: 
[2025-01-11 12:10:00,118] INFO: 	 lr: 0.00030000000000000073 	 Training loss: 0.05087167486548424
[2025-01-11 12:10:41,931] INFO: Iter 3800 Summary: 
[2025-01-11 12:10:41,931] INFO: 	 lr: 0.00030000000000000073 	 Training loss: 0.050182811990380286
[2025-01-11 12:11:25,754] INFO: Iter 3900 Summary: 
[2025-01-11 12:11:25,754] INFO: 	 lr: 0.00030000000000000073 	 Training loss: 0.05024873089045286
[2025-01-11 12:12:05,353] INFO: Iter 4000 Summary: 
[2025-01-11 12:12:05,354] INFO: 	 lr: 0.00030000000000000073 	 Training loss: 0.05010404374450445
[2025-01-11 12:13:01,582] INFO: Iter 4100 Summary: 
[2025-01-11 12:13:01,582] INFO: 	 lr: 0.00030000000000000073 	 Training loss: 0.04994799006730318
[2025-01-11 12:13:46,103] INFO: Iter 4200 Summary: 
[2025-01-11 12:13:46,103] INFO: 	 lr: 0.00030000000000000073 	 Training loss: 0.04995531391352415
[2025-01-11 12:14:27,898] INFO: Iter 4300 Summary: 
[2025-01-11 12:14:27,899] INFO: 	 lr: 0.00030000000000000073 	 Training loss: 0.049577309563755986
[2025-01-11 12:15:11,358] INFO: Iter 4400 Summary: 
[2025-01-11 12:15:11,358] INFO: 	 lr: 0.00030000000000000073 	 Training loss: 0.04962112113833427
[2025-01-11 12:16:00,856] INFO: Iter 4500 Summary: 
[2025-01-11 12:16:00,858] INFO: 	 lr: 0.00030000000000000073 	 Training loss: 0.04913427658379078
[2025-01-11 12:16:47,317] INFO: Iter 4600 Summary: 
[2025-01-11 12:16:47,317] INFO: 	 lr: 0.00030000000000000073 	 Training loss: 0.04998047590255737
[2025-01-11 12:17:27,727] INFO: Iter 4700 Summary: 
[2025-01-11 12:17:27,728] INFO: 	 lr: 0.00030000000000000073 	 Training loss: 0.04922928977757692
[2025-01-11 12:18:11,570] INFO: Iter 4800 Summary: 
[2025-01-11 12:18:11,570] INFO: 	 lr: 0.00030000000000000073 	 Training loss: 0.04951216280460358
[2025-01-11 12:18:55,641] INFO: Iter 4900 Summary: 
[2025-01-11 12:18:55,641] INFO: 	 lr: 0.00030000000000000073 	 Training loss: 0.04944476395845413
[2025-01-11 12:19:39,441] INFO: Iter 5000 Summary: 
[2025-01-11 12:19:39,442] INFO: 	 lr: 0.00030000000000000073 	 Training loss: 0.04925892267376184
[2025-01-11 12:20:19,907] INFO: Iter 5100 Summary: 
[2025-01-11 12:20:19,907] INFO: 	 lr: 0.00030000000000000073 	 Training loss: 0.049208814576268196
[2025-01-11 12:20:56,115] INFO: Iter 5200 Summary: 
[2025-01-11 12:20:56,115] INFO: 	 lr: 0.00030000000000000073 	 Training loss: 0.048734758161008356
[2025-01-11 12:21:33,430] INFO: Iter 5300 Summary: 
[2025-01-11 12:21:33,430] INFO: 	 lr: 0.00030000000000000073 	 Training loss: 0.049192834123969076
[2025-01-11 12:22:15,291] INFO: Iter 5400 Summary: 
[2025-01-11 12:22:15,292] INFO: 	 lr: 0.00030000000000000073 	 Training loss: 0.049048191234469414
[2025-01-11 12:22:55,931] INFO: Iter 5500 Summary: 
[2025-01-11 12:22:55,932] INFO: 	 lr: 0.00030000000000000073 	 Training loss: 0.04849555045366287
[2025-01-11 12:23:39,499] INFO: Iter 5600 Summary: 
[2025-01-11 12:23:39,499] INFO: 	 lr: 0.00030000000000000073 	 Training loss: 0.048755387105047704
[2025-01-11 12:24:24,019] INFO: Iter 5700 Summary: 
[2025-01-11 12:24:24,019] INFO: 	 lr: 0.00030000000000000073 	 Training loss: 0.0486747594922781
[2025-01-11 12:25:12,232] INFO: Iter 5800 Summary: 
[2025-01-11 12:25:12,233] INFO: 	 lr: 0.00030000000000000073 	 Training loss: 0.048530751541256904
[2025-01-11 12:25:56,969] INFO: Iter 5900 Summary: 
[2025-01-11 12:25:56,970] INFO: 	 lr: 0.00030000000000000073 	 Training loss: 0.0481229979172349
[2025-01-11 12:26:39,160] INFO: Iter 6000 Summary: 
[2025-01-11 12:26:39,160] INFO: 	 lr: 0.00030000000000000073 	 Training loss: 0.0479289472848177
[2025-01-11 12:27:39,104] INFO: Iter 6100 Summary: 
[2025-01-11 12:27:39,104] INFO: 	 lr: 0.00030000000000000073 	 Training loss: 0.0481285110116005
[2025-01-11 12:28:23,272] INFO: Iter 6200 Summary: 
[2025-01-11 12:28:23,272] INFO: 	 lr: 0.00030000000000000073 	 Training loss: 0.048611172810196876
[2025-01-11 12:29:01,802] INFO: Iter 6300 Summary: 
[2025-01-11 12:29:01,803] INFO: 	 lr: 0.00030000000000000073 	 Training loss: 0.04761567212641239
[2025-01-11 12:29:45,967] INFO: Iter 6400 Summary: 
[2025-01-11 12:29:45,967] INFO: 	 lr: 0.00030000000000000073 	 Training loss: 0.04783158902078867
[2025-01-11 12:30:28,787] INFO: Iter 6500 Summary: 
[2025-01-11 12:30:28,787] INFO: 	 lr: 0.00030000000000000073 	 Training loss: 0.047991397231817244
[2025-01-11 12:31:09,611] INFO: Iter 6600 Summary: 
[2025-01-11 12:31:09,611] INFO: 	 lr: 0.00030000000000000073 	 Training loss: 0.04792377281934023
[2025-01-11 12:31:50,220] INFO: Iter 6700 Summary: 
[2025-01-11 12:31:50,221] INFO: 	 lr: 0.00030000000000000073 	 Training loss: 0.04736900549381971
[2025-01-11 12:32:28,226] INFO: Iter 6800 Summary: 
[2025-01-11 12:32:28,226] INFO: 	 lr: 0.00030000000000000073 	 Training loss: 0.04718488309532404
[2025-01-11 12:33:11,539] INFO: Iter 6900 Summary: 
[2025-01-11 12:33:11,540] INFO: 	 lr: 0.00030000000000000073 	 Training loss: 0.04743069097399712
[2025-01-11 12:33:53,256] INFO: Iter 7000 Summary: 
[2025-01-11 12:33:53,257] INFO: 	 lr: 0.00030000000000000073 	 Training loss: 0.04737394981086254
[2025-01-11 12:34:35,776] INFO: Iter 7100 Summary: 
[2025-01-11 12:34:35,776] INFO: 	 lr: 0.00030000000000000073 	 Training loss: 0.0471006652712822
[2025-01-11 12:35:16,730] INFO: Iter 7200 Summary: 
[2025-01-11 12:35:16,731] INFO: 	 lr: 0.00030000000000000073 	 Training loss: 0.04675266705453396
[2025-01-11 12:35:57,790] INFO: Iter 7300 Summary: 
[2025-01-11 12:35:57,790] INFO: 	 lr: 0.00030000000000000073 	 Training loss: 0.046833369620144366
[2025-01-11 12:36:30,762] INFO: Iter 7400 Summary: 
[2025-01-11 12:36:30,762] INFO: 	 lr: 0.00030000000000000073 	 Training loss: 0.047186445742845536
[2025-01-11 12:37:10,110] INFO: Iter 7500 Summary: 
[2025-01-11 12:37:10,110] INFO: 	 lr: 0.00030000000000000073 	 Training loss: 0.046738989800214764
[2025-01-11 12:37:50,966] INFO: Iter 7600 Summary: 
[2025-01-11 12:37:50,967] INFO: 	 lr: 0.00030000000000000073 	 Training loss: 0.046623757407069207
[2025-01-11 12:38:32,692] INFO: Iter 7700 Summary: 
[2025-01-11 12:38:32,693] INFO: 	 lr: 0.00030000000000000073 	 Training loss: 0.04661931954324246
[2025-01-11 12:39:14,730] INFO: Iter 7800 Summary: 
[2025-01-11 12:39:14,731] INFO: 	 lr: 0.00030000000000000073 	 Training loss: 0.04633643064647913
[2025-01-11 12:39:56,293] INFO: Iter 7900 Summary: 
[2025-01-11 12:39:56,293] INFO: 	 lr: 0.00030000000000000073 	 Training loss: 0.046467708945274355
[2025-01-11 12:40:33,878] INFO: Iter 8000 Summary: 
[2025-01-11 12:40:33,878] INFO: 	 lr: 0.00030000000000000073 	 Training loss: 0.04644016399979591
[2025-01-11 12:41:32,274] INFO: Iter 8100 Summary: 
[2025-01-11 12:41:32,275] INFO: 	 lr: 0.00030000000000000073 	 Training loss: 0.04600799150764942
[2025-01-11 12:42:11,939] INFO: Iter 8200 Summary: 
[2025-01-11 12:42:11,940] INFO: 	 lr: 0.00030000000000000073 	 Training loss: 0.04629757676273585
[2025-01-11 12:42:52,353] INFO: Iter 8300 Summary: 
[2025-01-11 12:42:52,354] INFO: 	 lr: 0.00030000000000000073 	 Training loss: 0.04626164238899946
[2025-01-11 12:43:28,943] INFO: Iter 8400 Summary: 
[2025-01-11 12:43:28,943] INFO: 	 lr: 0.00030000000000000073 	 Training loss: 0.04578367304056883
[2025-01-11 12:44:08,978] INFO: Iter 8500 Summary: 
[2025-01-11 12:44:08,978] INFO: 	 lr: 0.00030000000000000073 	 Training loss: 0.04595195285975933
[2025-01-11 12:44:52,352] INFO: Iter 8600 Summary: 
[2025-01-11 12:44:52,353] INFO: 	 lr: 0.00030000000000000073 	 Training loss: 0.04543380595743656
[2025-01-11 12:45:31,908] INFO: Iter 8700 Summary: 
[2025-01-11 12:45:31,908] INFO: 	 lr: 0.00030000000000000073 	 Training loss: 0.04516016263514757
[2025-01-11 12:46:14,386] INFO: Iter 8800 Summary: 
[2025-01-11 12:46:14,387] INFO: 	 lr: 0.00030000000000000073 	 Training loss: 0.04576210431754589
[2025-01-11 12:46:56,294] INFO: Iter 8900 Summary: 
[2025-01-11 12:46:56,295] INFO: 	 lr: 0.00030000000000000073 	 Training loss: 0.04538999628275633
[2025-01-11 12:47:33,155] INFO: Iter 9000 Summary: 
[2025-01-11 12:47:33,156] INFO: 	 lr: 0.00030000000000000073 	 Training loss: 0.04511323798447847
[2025-01-11 12:48:13,068] INFO: Iter 9100 Summary: 
[2025-01-11 12:48:13,069] INFO: 	 lr: 0.00030000000000000073 	 Training loss: 0.04522867809981108
[2025-01-11 12:48:51,621] INFO: Iter 9200 Summary: 
[2025-01-11 12:48:51,621] INFO: 	 lr: 0.00030000000000000073 	 Training loss: 0.044943589307367804
[2025-01-11 12:49:33,623] INFO: Iter 9300 Summary: 
[2025-01-11 12:49:33,624] INFO: 	 lr: 0.00030000000000000073 	 Training loss: 0.045569892041385174
[2025-01-11 12:50:10,205] INFO: Iter 9400 Summary: 
[2025-01-11 12:50:10,205] INFO: 	 lr: 0.00030000000000000073 	 Training loss: 0.045540920197963713
[2025-01-11 12:50:45,512] INFO: Iter 9500 Summary: 
[2025-01-11 12:50:45,513] INFO: 	 lr: 0.00030000000000000073 	 Training loss: 0.04513477396219969
[2025-01-11 12:51:28,476] INFO: Iter 9600 Summary: 
[2025-01-11 12:51:28,476] INFO: 	 lr: 0.00030000000000000073 	 Training loss: 0.04515681080520153
[2025-01-11 12:52:09,938] INFO: Iter 9700 Summary: 
[2025-01-11 12:52:09,939] INFO: 	 lr: 0.00030000000000000073 	 Training loss: 0.0448515160754323
[2025-01-11 12:52:52,434] INFO: Iter 9800 Summary: 
[2025-01-11 12:52:52,435] INFO: 	 lr: 0.00030000000000000073 	 Training loss: 0.0447768048197031
[2025-01-11 12:53:30,116] INFO: Iter 9900 Summary: 
[2025-01-11 12:53:30,117] INFO: 	 lr: 0.00030000000000000073 	 Training loss: 0.04491568889468908
[2025-01-11 12:54:17,052] INFO: Iter 10000 Summary: 
[2025-01-11 12:54:17,053] INFO: 	 lr: 0.00030000000000000073 	 Training loss: 0.044722784385085104
[2025-01-11 12:55:22,299] INFO: Iter 10100 Summary: 
[2025-01-11 12:55:22,300] INFO: 	 lr: 0.00030000000000000073 	 Training loss: 0.04463644493371248
[2025-01-11 12:56:07,179] INFO: Iter 10200 Summary: 
[2025-01-11 12:56:07,179] INFO: 	 lr: 0.00030000000000000073 	 Training loss: 0.04458130780607462
[2025-01-11 12:56:51,694] INFO: Iter 10300 Summary: 
[2025-01-11 12:56:51,694] INFO: 	 lr: 0.00030000000000000073 	 Training loss: 0.04462003920227289
[2025-01-11 12:57:37,104] INFO: Iter 10400 Summary: 
[2025-01-11 12:57:37,105] INFO: 	 lr: 0.00030000000000000073 	 Training loss: 0.04472062963992357
[2025-01-11 12:58:19,803] INFO: Iter 10500 Summary: 
[2025-01-11 12:58:19,804] INFO: 	 lr: 0.00030000000000000073 	 Training loss: 0.044509252198040486
[2025-01-11 12:58:55,508] INFO: Iter 10600 Summary: 
[2025-01-11 12:58:55,508] INFO: 	 lr: 0.00030000000000000073 	 Training loss: 0.04403956141322851
[2025-01-11 12:59:38,454] INFO: Iter 10700 Summary: 
[2025-01-11 12:59:38,454] INFO: 	 lr: 0.00030000000000000073 	 Training loss: 0.04407433152198791
[2025-01-11 13:00:19,152] INFO: Iter 10800 Summary: 
[2025-01-11 13:00:19,153] INFO: 	 lr: 0.00030000000000000073 	 Training loss: 0.04425407499074936
[2025-01-11 13:01:00,681] INFO: Iter 10900 Summary: 
[2025-01-11 13:01:00,682] INFO: 	 lr: 0.00030000000000000073 	 Training loss: 0.04432172890752554
[2025-01-11 13:01:43,385] INFO: Iter 11000 Summary: 
[2025-01-11 13:01:43,386] INFO: 	 lr: 0.00030000000000000073 	 Training loss: 0.0441056551784277
[2025-01-11 13:02:29,133] INFO: Iter 11100 Summary: 
[2025-01-11 13:02:29,138] INFO: 	 lr: 0.00030000000000000073 	 Training loss: 0.04413831114768982
[2025-01-11 13:03:09,501] INFO: Iter 11200 Summary: 
[2025-01-11 13:03:09,501] INFO: 	 lr: 0.00030000000000000073 	 Training loss: 0.04395269367843866
[2025-01-11 13:03:56,140] INFO: Iter 11300 Summary: 
[2025-01-11 13:03:56,141] INFO: 	 lr: 0.00030000000000000073 	 Training loss: 0.04392399225383997
[2025-01-11 13:04:36,575] INFO: Iter 11400 Summary: 
[2025-01-11 13:04:36,575] INFO: 	 lr: 0.00030000000000000073 	 Training loss: 0.044156946279108523
[2025-01-11 13:05:06,330] INFO: Iter 11500 Summary: 
[2025-01-11 13:05:06,330] INFO: 	 lr: 0.00030000000000000073 	 Training loss: 0.04346260640770197
[2025-01-11 13:05:32,448] INFO: Iter 11600 Summary: 
[2025-01-11 13:05:32,449] INFO: 	 lr: 0.00030000000000000073 	 Training loss: 0.04385756392031908
[2025-01-11 13:05:59,712] INFO: Iter 11700 Summary: 
[2025-01-11 13:05:59,712] INFO: 	 lr: 0.00030000000000000073 	 Training loss: 0.043787612095475194
[2025-01-11 13:06:34,595] INFO: Iter 11800 Summary: 
[2025-01-11 13:06:34,595] INFO: 	 lr: 0.00030000000000000073 	 Training loss: 0.04354582626372576
[2025-01-11 13:07:32,841] INFO: Iter 11900 Summary: 
[2025-01-11 13:07:32,842] INFO: 	 lr: 0.00030000000000000073 	 Training loss: 0.04404640320688486
[2025-01-11 13:08:18,911] INFO: Iter 12000 Summary: 
[2025-01-11 13:08:18,911] INFO: 	 lr: 0.00030000000000000073 	 Training loss: 0.04360245306044817
[2025-01-11 13:09:15,241] INFO: Iter 12100 Summary: 
[2025-01-11 13:09:15,241] INFO: 	 lr: 0.00030000000000000073 	 Training loss: 0.04361770138144493
[2025-01-11 13:09:59,510] INFO: Iter 12200 Summary: 
[2025-01-11 13:09:59,511] INFO: 	 lr: 0.00030000000000000073 	 Training loss: 0.04383315317332745
[2025-01-11 13:10:42,908] INFO: Iter 12300 Summary: 
[2025-01-11 13:10:42,909] INFO: 	 lr: 0.00030000000000000073 	 Training loss: 0.04372221581637859
[2025-01-11 13:11:26,108] INFO: Iter 12400 Summary: 
[2025-01-11 13:11:26,109] INFO: 	 lr: 0.00030000000000000073 	 Training loss: 0.04338297877460718
[2025-01-11 13:12:08,113] INFO: Iter 12500 Summary: 
[2025-01-11 13:12:08,114] INFO: 	 lr: 0.00030000000000000073 	 Training loss: 0.04333993550390005
[2025-01-11 13:12:52,572] INFO: Iter 12600 Summary: 
[2025-01-11 13:12:52,572] INFO: 	 lr: 0.00030000000000000073 	 Training loss: 0.043161848336458204
[2025-01-11 13:13:34,039] INFO: Iter 12700 Summary: 
[2025-01-11 13:13:34,040] INFO: 	 lr: 0.00030000000000000073 	 Training loss: 0.043201743178069595
[2025-01-11 13:14:18,550] INFO: Iter 12800 Summary: 
[2025-01-11 13:14:18,551] INFO: 	 lr: 0.00030000000000000073 	 Training loss: 0.04298621028661728
[2025-01-11 13:15:01,716] INFO: Iter 12900 Summary: 
[2025-01-11 13:15:01,717] INFO: 	 lr: 0.00030000000000000073 	 Training loss: 0.04305818527936935
[2025-01-11 13:15:40,686] INFO: Iter 13000 Summary: 
[2025-01-11 13:15:40,687] INFO: 	 lr: 0.00030000000000000073 	 Training loss: 0.04326014094054699
[2025-01-11 13:16:25,133] INFO: Iter 13100 Summary: 
[2025-01-11 13:16:25,133] INFO: 	 lr: 0.00030000000000000073 	 Training loss: 0.043135613165795804
[2025-01-11 13:17:06,363] INFO: Iter 13200 Summary: 
[2025-01-11 13:17:06,364] INFO: 	 lr: 0.00030000000000000073 	 Training loss: 0.043351169377565384
[2025-01-11 13:17:48,708] INFO: Iter 13300 Summary: 
[2025-01-11 13:17:48,708] INFO: 	 lr: 0.00030000000000000073 	 Training loss: 0.042635589204728604
[2025-01-11 13:18:31,764] INFO: Iter 13400 Summary: 
[2025-01-11 13:18:31,764] INFO: 	 lr: 0.00030000000000000073 	 Training loss: 0.0427814407274127
[2025-01-11 13:19:14,547] INFO: Iter 13500 Summary: 
[2025-01-11 13:19:14,547] INFO: 	 lr: 0.00030000000000000073 	 Training loss: 0.043129397816956044
[2025-01-11 13:19:56,879] INFO: Iter 13600 Summary: 
[2025-01-11 13:19:56,879] INFO: 	 lr: 0.00030000000000000073 	 Training loss: 0.04314795427024364
[2025-01-11 13:20:37,238] INFO: Iter 13700 Summary: 
[2025-01-11 13:20:37,239] INFO: 	 lr: 0.00030000000000000073 	 Training loss: 0.04292470898479223
[2025-01-11 13:21:19,872] INFO: Iter 13800 Summary: 
[2025-01-11 13:21:19,873] INFO: 	 lr: 0.00030000000000000073 	 Training loss: 0.04292533379048109
[2025-01-11 13:22:01,498] INFO: Iter 13900 Summary: 
[2025-01-11 13:22:01,498] INFO: 	 lr: 0.00030000000000000073 	 Training loss: 0.04257515080273151
[2025-01-11 13:22:44,803] INFO: Iter 14000 Summary: 
[2025-01-11 13:22:44,803] INFO: 	 lr: 0.00030000000000000073 	 Training loss: 0.04239778805524111
[2025-01-11 13:23:42,164] INFO: Iter 14100 Summary: 
[2025-01-11 13:23:42,165] INFO: 	 lr: 0.00030000000000000073 	 Training loss: 0.04277077469974756
[2025-01-11 13:24:21,648] INFO: Iter 14200 Summary: 
[2025-01-11 13:24:21,648] INFO: 	 lr: 0.00030000000000000073 	 Training loss: 0.04251706127077341
[2025-01-11 13:25:01,278] INFO: Iter 14300 Summary: 
[2025-01-11 13:25:01,278] INFO: 	 lr: 0.00030000000000000073 	 Training loss: 0.04306316819041967
[2025-01-11 13:25:41,882] INFO: Iter 14400 Summary: 
[2025-01-11 13:25:41,882] INFO: 	 lr: 0.00030000000000000073 	 Training loss: 0.04249930966645479
[2025-01-11 13:26:26,792] INFO: Iter 14500 Summary: 
[2025-01-11 13:26:26,792] INFO: 	 lr: 0.00030000000000000073 	 Training loss: 0.04288999248296022
[2025-01-11 13:27:09,353] INFO: Iter 14600 Summary: 
[2025-01-11 13:27:09,354] INFO: 	 lr: 0.00030000000000000073 	 Training loss: 0.042436813116073606
[2025-01-11 13:27:53,635] INFO: Iter 14700 Summary: 
[2025-01-11 13:27:53,635] INFO: 	 lr: 0.00030000000000000073 	 Training loss: 0.04260684423148632
[2025-01-11 13:28:34,472] INFO: Iter 14800 Summary: 
[2025-01-11 13:28:34,472] INFO: 	 lr: 0.00030000000000000073 	 Training loss: 0.042539600282907486
[2025-01-11 13:29:15,915] INFO: Iter 14900 Summary: 
[2025-01-11 13:29:15,915] INFO: 	 lr: 0.00030000000000000073 	 Training loss: 0.04252731699496508
[2025-01-11 13:29:56,446] INFO: Iter 15000 Summary: 
[2025-01-11 13:29:56,446] INFO: 	 lr: 0.00030000000000000073 	 Training loss: 0.0427219608053565
[2025-01-11 13:30:39,123] INFO: Iter 15100 Summary: 
[2025-01-11 13:30:39,123] INFO: 	 lr: 0.00030000000000000073 	 Training loss: 0.04231622997671366
[2025-01-11 13:31:24,567] INFO: Iter 15200 Summary: 
[2025-01-11 13:31:24,568] INFO: 	 lr: 0.00030000000000000073 	 Training loss: 0.042229110710322856
[2025-01-11 13:32:07,022] INFO: Iter 15300 Summary: 
[2025-01-11 13:32:07,022] INFO: 	 lr: 0.00030000000000000073 	 Training loss: 0.042657552249729634
[2025-01-11 13:32:47,946] INFO: Iter 15400 Summary: 
[2025-01-11 13:32:47,946] INFO: 	 lr: 0.00030000000000000073 	 Training loss: 0.04215873919427395
[2025-01-11 13:33:29,180] INFO: Iter 15500 Summary: 
[2025-01-11 13:33:29,181] INFO: 	 lr: 0.00030000000000000073 	 Training loss: 0.04238527562469244
[2025-01-11 13:34:12,565] INFO: Iter 15600 Summary: 
[2025-01-11 13:34:12,565] INFO: 	 lr: 0.00030000000000000073 	 Training loss: 0.04248404432088137
[2025-01-11 13:34:55,879] INFO: Iter 15700 Summary: 
[2025-01-11 13:34:55,880] INFO: 	 lr: 0.00030000000000000073 	 Training loss: 0.042444366961717606
[2025-01-11 13:35:32,069] INFO: Iter 15800 Summary: 
[2025-01-11 13:35:32,069] INFO: 	 lr: 0.00030000000000000073 	 Training loss: 0.042305949032306674
[2025-01-11 13:36:14,689] INFO: Iter 15900 Summary: 
[2025-01-11 13:36:14,689] INFO: 	 lr: 0.00030000000000000073 	 Training loss: 0.042203246243298055
[2025-01-11 13:36:57,035] INFO: Iter 16000 Summary: 
[2025-01-11 13:36:57,035] INFO: 	 lr: 0.00030000000000000073 	 Training loss: 0.041907656006515026
[2025-01-11 13:37:57,085] INFO: Iter 16100 Summary: 
[2025-01-11 13:37:57,086] INFO: 	 lr: 0.00030000000000000073 	 Training loss: 0.0420538167655468
[2025-01-11 13:38:37,933] INFO: Iter 16200 Summary: 
[2025-01-11 13:38:37,936] INFO: 	 lr: 0.00030000000000000073 	 Training loss: 0.04210973475128412
[2025-01-11 13:39:18,002] INFO: Iter 16300 Summary: 
[2025-01-11 13:39:18,002] INFO: 	 lr: 0.00030000000000000073 	 Training loss: 0.04180110152810812
[2025-01-11 13:39:57,294] INFO: Iter 16400 Summary: 
[2025-01-11 13:39:57,294] INFO: 	 lr: 0.00030000000000000073 	 Training loss: 0.04241268027573824
[2025-01-11 13:40:38,078] INFO: Iter 16500 Summary: 
[2025-01-11 13:40:38,078] INFO: 	 lr: 0.00030000000000000073 	 Training loss: 0.042094318643212315
[2025-01-11 13:41:21,500] INFO: Iter 16600 Summary: 
[2025-01-11 13:41:21,501] INFO: 	 lr: 0.00030000000000000073 	 Training loss: 0.04230738688260317
[2025-01-11 13:41:52,369] INFO: Iter 16700 Summary: 
[2025-01-11 13:41:52,369] INFO: 	 lr: 0.00030000000000000073 	 Training loss: 0.04203632559627295
[2025-01-11 13:42:16,395] INFO: Iter 16800 Summary: 
[2025-01-11 13:42:16,395] INFO: 	 lr: 0.00030000000000000073 	 Training loss: 0.042118261605501174
[2025-01-11 13:42:43,478] INFO: Iter 16900 Summary: 
[2025-01-11 13:42:43,478] INFO: 	 lr: 0.00030000000000000073 	 Training loss: 0.041822481006383895
[2025-01-11 13:43:35,610] INFO: Iter 17000 Summary: 
[2025-01-11 13:43:35,610] INFO: 	 lr: 0.00030000000000000073 	 Training loss: 0.04189309850335121
[2025-01-11 13:44:25,137] INFO: Iter 17100 Summary: 
[2025-01-11 13:44:25,137] INFO: 	 lr: 0.00030000000000000073 	 Training loss: 0.04208828706294298
[2025-01-11 13:45:07,716] INFO: Iter 17200 Summary: 
[2025-01-11 13:45:07,717] INFO: 	 lr: 0.00030000000000000073 	 Training loss: 0.041870405785739424
[2025-01-11 13:45:54,785] INFO: Iter 17300 Summary: 
[2025-01-11 13:45:54,785] INFO: 	 lr: 0.00030000000000000073 	 Training loss: 0.041982074789702895
[2025-01-11 13:46:31,526] INFO: Iter 17400 Summary: 
[2025-01-11 13:46:31,526] INFO: 	 lr: 0.00030000000000000073 	 Training loss: 0.042066797614097595
[2025-01-11 13:46:56,521] INFO: Iter 17500 Summary: 
[2025-01-11 13:46:56,521] INFO: 	 lr: 0.00030000000000000073 	 Training loss: 0.04186899099498987
[2025-01-11 13:47:25,464] INFO: Iter 17600 Summary: 
[2025-01-11 13:47:25,465] INFO: 	 lr: 0.00030000000000000073 	 Training loss: 0.04191031593829393
[2025-01-11 13:47:54,823] INFO: Iter 17700 Summary: 
[2025-01-11 13:47:54,823] INFO: 	 lr: 0.00030000000000000073 	 Training loss: 0.04175644885748625
[2025-01-11 13:48:24,446] INFO: Iter 17800 Summary: 
[2025-01-11 13:48:24,447] INFO: 	 lr: 0.00030000000000000073 	 Training loss: 0.041562234535813335
[2025-01-11 13:48:52,697] INFO: Iter 17900 Summary: 
[2025-01-11 13:48:52,697] INFO: 	 lr: 0.00030000000000000073 	 Training loss: 0.04198961306363344
[2025-01-11 13:49:18,231] INFO: Iter 18000 Summary: 
[2025-01-11 13:49:18,231] INFO: 	 lr: 0.00030000000000000073 	 Training loss: 0.04155104197561741
[2025-01-11 13:49:58,394] INFO: Iter 18100 Summary: 
[2025-01-11 13:49:58,394] INFO: 	 lr: 0.00030000000000000073 	 Training loss: 0.04160191286355257
[2025-01-11 13:50:29,212] INFO: Iter 18200 Summary: 
[2025-01-11 13:50:29,212] INFO: 	 lr: 0.00030000000000000073 	 Training loss: 0.04189932964742184
[2025-01-11 13:50:55,732] INFO: Iter 18300 Summary: 
[2025-01-11 13:50:55,732] INFO: 	 lr: 0.00030000000000000073 	 Training loss: 0.04167814988642931
[2025-01-11 13:51:25,909] INFO: Iter 18400 Summary: 
[2025-01-11 13:51:25,910] INFO: 	 lr: 0.00030000000000000073 	 Training loss: 0.04196727119386196
[2025-01-11 13:51:54,626] INFO: Iter 18500 Summary: 
[2025-01-11 13:51:54,626] INFO: 	 lr: 0.00030000000000000073 	 Training loss: 0.04157523099333048
[2025-01-11 13:52:12,156] INFO: Iter 18600 Summary: 
[2025-01-11 13:52:12,156] INFO: 	 lr: 0.00030000000000000073 	 Training loss: 0.041704945228993894
[2025-01-11 13:52:23,639] INFO: Iter 18700 Summary: 
[2025-01-11 13:52:23,639] INFO: 	 lr: 0.00030000000000000073 	 Training loss: 0.04184224955737591
[2025-01-11 13:52:35,803] INFO: Iter 18800 Summary: 
[2025-01-11 13:52:35,804] INFO: 	 lr: 0.00030000000000000073 	 Training loss: 0.04185843545943499
[2025-01-11 13:52:46,684] INFO: Iter 18900 Summary: 
[2025-01-11 13:52:46,685] INFO: 	 lr: 0.00030000000000000073 	 Training loss: 0.04173584084957838
[2025-01-11 13:52:58,360] INFO: Iter 19000 Summary: 
[2025-01-11 13:52:58,360] INFO: 	 lr: 0.00030000000000000073 	 Training loss: 0.041446680575609206
[2025-01-11 13:53:07,781] INFO: Iter 19100 Summary: 
[2025-01-11 13:53:07,782] INFO: 	 lr: 0.00030000000000000073 	 Training loss: 0.041842687726020816
[2025-01-11 13:53:20,555] INFO: Iter 19200 Summary: 
[2025-01-11 13:53:20,555] INFO: 	 lr: 0.00030000000000000073 	 Training loss: 0.04150129832327366
[2025-01-11 13:53:32,629] INFO: Iter 19300 Summary: 
[2025-01-11 13:53:32,629] INFO: 	 lr: 0.00030000000000000073 	 Training loss: 0.0417957055196166
[2025-01-11 13:53:44,375] INFO: Iter 19400 Summary: 
[2025-01-11 13:53:44,376] INFO: 	 lr: 0.00030000000000000073 	 Training loss: 0.04149089351296425
[2025-01-11 13:53:57,136] INFO: Iter 19500 Summary: 
[2025-01-11 13:53:57,137] INFO: 	 lr: 0.00030000000000000073 	 Training loss: 0.04160015724599361
[2025-01-11 13:54:08,996] INFO: Iter 19600 Summary: 
[2025-01-11 13:54:08,996] INFO: 	 lr: 0.00030000000000000073 	 Training loss: 0.04172850005328655
[2025-01-11 13:54:19,918] INFO: Iter 19700 Summary: 
[2025-01-11 13:54:19,918] INFO: 	 lr: 0.00030000000000000073 	 Training loss: 0.041482250355184075
[2025-01-11 13:54:31,731] INFO: Iter 19800 Summary: 
[2025-01-11 13:54:31,731] INFO: 	 lr: 0.00030000000000000073 	 Training loss: 0.041209605298936365
[2025-01-11 13:54:44,311] INFO: Iter 19900 Summary: 
[2025-01-11 13:54:44,311] INFO: 	 lr: 0.00030000000000000073 	 Training loss: 0.041675129160285
[2025-01-11 13:54:58,645] INFO: Iter 20000 Summary: 
[2025-01-11 13:54:58,646] INFO: 	 lr: 0.00030000000000000073 	 Training loss: 0.041163734793663025
[2025-01-11 13:55:14,057] INFO: Iter 20100 Summary: 
[2025-01-11 13:55:14,057] INFO: 	 lr: 0.00030000000000000073 	 Training loss: 0.041276691928505894
[2025-01-11 13:55:26,655] INFO: Iter 20200 Summary: 
[2025-01-11 13:55:26,655] INFO: 	 lr: 0.00030000000000000073 	 Training loss: 0.04160582758486271
[2025-01-11 13:55:39,009] INFO: Iter 20300 Summary: 
[2025-01-11 13:55:39,009] INFO: 	 lr: 0.00030000000000000073 	 Training loss: 0.041586683243513105
[2025-01-11 13:55:51,173] INFO: Iter 20400 Summary: 
[2025-01-11 13:55:51,173] INFO: 	 lr: 0.00030000000000000073 	 Training loss: 0.041144245229661466
[2025-01-11 13:56:02,245] INFO: Iter 20500 Summary: 
[2025-01-11 13:56:02,246] INFO: 	 lr: 0.00030000000000000073 	 Training loss: 0.04153544664382935
[2025-01-11 13:56:15,643] INFO: Iter 20600 Summary: 
[2025-01-11 13:56:15,644] INFO: 	 lr: 0.00030000000000000073 	 Training loss: 0.04153562728315592
[2025-01-11 13:56:29,449] INFO: Iter 20700 Summary: 
[2025-01-11 13:56:29,450] INFO: 	 lr: 0.00030000000000000073 	 Training loss: 0.041299854256212715
[2025-01-11 13:56:41,196] INFO: Iter 20800 Summary: 
[2025-01-11 13:56:41,196] INFO: 	 lr: 0.00030000000000000073 	 Training loss: 0.041084386296570304
[2025-01-11 13:56:53,869] INFO: Iter 20900 Summary: 
[2025-01-11 13:56:53,869] INFO: 	 lr: 0.00030000000000000073 	 Training loss: 0.04135961703956127
[2025-01-11 13:57:06,251] INFO: Iter 21000 Summary: 
[2025-01-11 13:57:06,251] INFO: 	 lr: 0.00030000000000000073 	 Training loss: 0.04192534610629082
[2025-01-11 13:57:19,140] INFO: Iter 21100 Summary: 
[2025-01-11 13:57:19,140] INFO: 	 lr: 0.00030000000000000073 	 Training loss: 0.04126074615865946
[2025-01-11 13:57:32,204] INFO: Iter 21200 Summary: 
[2025-01-11 13:57:32,205] INFO: 	 lr: 0.00030000000000000073 	 Training loss: 0.0413141979649663
[2025-01-11 13:57:43,398] INFO: Iter 21300 Summary: 
[2025-01-11 13:57:43,399] INFO: 	 lr: 0.00030000000000000073 	 Training loss: 0.04113078277558088
[2025-01-11 13:57:56,710] INFO: Iter 21400 Summary: 
[2025-01-11 13:57:56,710] INFO: 	 lr: 0.00030000000000000073 	 Training loss: 0.041385567523539064
[2025-01-11 13:58:09,666] INFO: Iter 21500 Summary: 
[2025-01-11 13:58:09,666] INFO: 	 lr: 0.00030000000000000073 	 Training loss: 0.04113247755914926
[2025-01-11 13:58:20,842] INFO: Iter 21600 Summary: 
[2025-01-11 13:58:20,843] INFO: 	 lr: 0.00030000000000000073 	 Training loss: 0.04120725531131029
[2025-01-11 13:58:34,494] INFO: Iter 21700 Summary: 
[2025-01-11 13:58:34,494] INFO: 	 lr: 0.00030000000000000073 	 Training loss: 0.041020500510931014
[2025-01-11 13:58:47,424] INFO: Iter 21800 Summary: 
[2025-01-11 13:58:47,425] INFO: 	 lr: 0.00030000000000000073 	 Training loss: 0.04117188114672899
[2025-01-11 13:58:59,489] INFO: Iter 21900 Summary: 
[2025-01-11 13:58:59,489] INFO: 	 lr: 0.00030000000000000073 	 Training loss: 0.04131045166403055
[2025-01-11 13:59:10,113] INFO: Iter 22000 Summary: 
[2025-01-11 13:59:10,113] INFO: 	 lr: 0.00030000000000000073 	 Training loss: 0.040978476963937284
[2025-01-11 13:59:28,057] INFO: Iter 22100 Summary: 
[2025-01-11 13:59:28,057] INFO: 	 lr: 0.00030000000000000073 	 Training loss: 0.04082881048321724
[2025-01-11 13:59:40,460] INFO: Iter 22200 Summary: 
[2025-01-11 13:59:40,461] INFO: 	 lr: 0.00030000000000000073 	 Training loss: 0.041198964975774285
[2025-01-11 13:59:53,961] INFO: Iter 22300 Summary: 
[2025-01-11 13:59:53,962] INFO: 	 lr: 0.00030000000000000073 	 Training loss: 0.040867637768387796
[2025-01-11 14:00:06,963] INFO: Iter 22400 Summary: 
[2025-01-11 14:00:06,963] INFO: 	 lr: 0.00030000000000000073 	 Training loss: 0.041137717738747595
[2025-01-11 14:00:19,669] INFO: Iter 22500 Summary: 
[2025-01-11 14:00:19,669] INFO: 	 lr: 0.00030000000000000073 	 Training loss: 0.04147958233952522
[2025-01-11 14:00:31,760] INFO: Iter 22600 Summary: 
[2025-01-11 14:00:31,760] INFO: 	 lr: 0.00030000000000000073 	 Training loss: 0.04140317615121603
[2025-01-11 14:00:44,607] INFO: Iter 22700 Summary: 
[2025-01-11 14:00:44,607] INFO: 	 lr: 0.00030000000000000073 	 Training loss: 0.04115735467523336
[2025-01-11 14:00:57,501] INFO: Iter 22800 Summary: 
[2025-01-11 14:00:57,501] INFO: 	 lr: 0.00030000000000000073 	 Training loss: 0.04111606787890196
[2025-01-11 14:01:08,728] INFO: Iter 22900 Summary: 
[2025-01-11 14:01:08,728] INFO: 	 lr: 0.00030000000000000073 	 Training loss: 0.04100512258708477
[2025-01-11 14:01:22,713] INFO: Iter 23000 Summary: 
[2025-01-11 14:01:22,713] INFO: 	 lr: 0.00030000000000000073 	 Training loss: 0.0409759171679616
[2025-01-11 14:01:35,023] INFO: Iter 23100 Summary: 
[2025-01-11 14:01:35,023] INFO: 	 lr: 0.00030000000000000073 	 Training loss: 0.04104754202067852
[2025-01-11 14:01:46,735] INFO: Iter 23200 Summary: 
[2025-01-11 14:01:46,736] INFO: 	 lr: 0.00030000000000000073 	 Training loss: 0.040967057421803475
[2025-01-11 14:01:59,040] INFO: Iter 23300 Summary: 
[2025-01-11 14:01:59,040] INFO: 	 lr: 0.00030000000000000073 	 Training loss: 0.04114328324794769
[2025-01-11 14:02:13,200] INFO: Iter 23400 Summary: 
[2025-01-11 14:02:13,200] INFO: 	 lr: 0.00030000000000000073 	 Training loss: 0.04080954954028129
[2025-01-11 14:02:25,053] INFO: Iter 23500 Summary: 
[2025-01-11 14:02:25,053] INFO: 	 lr: 0.00030000000000000073 	 Training loss: 0.04095734927803278
[2025-01-11 14:02:37,466] INFO: Iter 23600 Summary: 
[2025-01-11 14:02:37,466] INFO: 	 lr: 0.00030000000000000073 	 Training loss: 0.04107445653527975
[2025-01-11 14:02:48,114] INFO: Iter 23700 Summary: 
[2025-01-11 14:02:48,114] INFO: 	 lr: 0.00030000000000000073 	 Training loss: 0.04079101424664259
[2025-01-11 14:02:59,270] INFO: Iter 23800 Summary: 
[2025-01-11 14:02:59,270] INFO: 	 lr: 0.00030000000000000073 	 Training loss: 0.041015693731606004
[2025-01-11 14:03:12,237] INFO: Iter 23900 Summary: 
[2025-01-11 14:03:12,237] INFO: 	 lr: 0.00030000000000000073 	 Training loss: 0.040870073325932024
[2025-01-11 14:03:25,841] INFO: Iter 24000 Summary: 
[2025-01-11 14:03:25,841] INFO: 	 lr: 0.00030000000000000073 	 Training loss: 0.04095574673265219
[2025-01-11 14:03:42,839] INFO: Iter 24100 Summary: 
[2025-01-11 14:03:42,840] INFO: 	 lr: 0.00030000000000000073 	 Training loss: 0.04095359057188034
[2025-01-11 14:03:55,009] INFO: Iter 24200 Summary: 
[2025-01-11 14:03:55,009] INFO: 	 lr: 0.00030000000000000073 	 Training loss: 0.04106131490319967
[2025-01-11 14:04:05,819] INFO: Iter 24300 Summary: 
[2025-01-11 14:04:05,820] INFO: 	 lr: 0.00030000000000000073 	 Training loss: 0.041024060659110545
[2025-01-11 14:04:16,515] INFO: Iter 24400 Summary: 
[2025-01-11 14:04:16,515] INFO: 	 lr: 0.00030000000000000073 	 Training loss: 0.04097396083176136
[2025-01-11 14:04:27,225] INFO: Iter 24500 Summary: 
[2025-01-11 14:04:27,226] INFO: 	 lr: 0.00030000000000000073 	 Training loss: 0.041051884591579435
[2025-01-11 14:04:38,470] INFO: Iter 24600 Summary: 
[2025-01-11 14:04:38,470] INFO: 	 lr: 0.00030000000000000073 	 Training loss: 0.040753686837852
[2025-01-11 14:04:49,584] INFO: Iter 24700 Summary: 
[2025-01-11 14:04:49,585] INFO: 	 lr: 0.00030000000000000073 	 Training loss: 0.04094866886734962
[2025-01-11 14:05:01,055] INFO: Iter 24800 Summary: 
[2025-01-11 14:05:01,055] INFO: 	 lr: 0.00030000000000000073 	 Training loss: 0.04073139000684023
[2025-01-11 14:05:11,839] INFO: Iter 24900 Summary: 
[2025-01-11 14:05:11,839] INFO: 	 lr: 0.00030000000000000073 	 Training loss: 0.04071073085069656
[2025-01-11 14:05:22,247] INFO: Iter 25000 Summary: 
[2025-01-11 14:05:22,247] INFO: 	 lr: 0.00030000000000000073 	 Training loss: 0.040777094848454
[2025-01-11 14:05:33,100] INFO: Iter 25100 Summary: 
[2025-01-11 14:05:33,101] INFO: 	 lr: 0.00030000000000000073 	 Training loss: 0.04089127872139216
[2025-01-11 14:05:43,203] INFO: Iter 25200 Summary: 
[2025-01-11 14:05:43,203] INFO: 	 lr: 0.00030000000000000073 	 Training loss: 0.04116381447762251
[2025-01-11 14:05:54,103] INFO: Iter 25300 Summary: 
[2025-01-11 14:05:54,103] INFO: 	 lr: 0.00030000000000000073 	 Training loss: 0.040867901630699636
[2025-01-11 14:06:04,569] INFO: Iter 25400 Summary: 
[2025-01-11 14:06:04,569] INFO: 	 lr: 0.00030000000000000073 	 Training loss: 0.0408787639811635
[2025-01-11 14:06:15,336] INFO: Iter 25500 Summary: 
[2025-01-11 14:06:15,336] INFO: 	 lr: 0.00030000000000000073 	 Training loss: 0.0407324369251728
[2025-01-11 14:06:26,495] INFO: Iter 25600 Summary: 
[2025-01-11 14:06:26,495] INFO: 	 lr: 0.00030000000000000073 	 Training loss: 0.040829750820994375
[2025-01-11 14:06:37,377] INFO: Iter 25700 Summary: 
[2025-01-11 14:06:37,378] INFO: 	 lr: 0.00030000000000000073 	 Training loss: 0.040786128118634225
[2025-01-11 14:06:48,204] INFO: Iter 25800 Summary: 
[2025-01-11 14:06:48,205] INFO: 	 lr: 0.00030000000000000073 	 Training loss: 0.0408752891048789
[2025-01-11 14:06:58,715] INFO: Iter 25900 Summary: 
[2025-01-11 14:06:58,716] INFO: 	 lr: 0.00030000000000000073 	 Training loss: 0.0406936290487647
[2025-01-11 14:07:09,335] INFO: Iter 26000 Summary: 
[2025-01-11 14:07:09,336] INFO: 	 lr: 0.00030000000000000073 	 Training loss: 0.0408147656172514
[2025-01-11 14:07:24,159] INFO: Iter 26100 Summary: 
[2025-01-11 14:07:24,159] INFO: 	 lr: 0.00030000000000000073 	 Training loss: 0.04091051708906889
[2025-01-11 14:07:35,086] INFO: Iter 26200 Summary: 
[2025-01-11 14:07:35,086] INFO: 	 lr: 0.00030000000000000073 	 Training loss: 0.04078020069748163
[2025-01-11 14:07:46,148] INFO: Iter 26300 Summary: 
[2025-01-11 14:07:46,148] INFO: 	 lr: 0.00030000000000000073 	 Training loss: 0.04088634304702282
[2025-01-11 14:07:56,659] INFO: Iter 26400 Summary: 
[2025-01-11 14:07:56,659] INFO: 	 lr: 0.00030000000000000073 	 Training loss: 0.040524799302220346
[2025-01-11 14:08:07,395] INFO: Iter 26500 Summary: 
[2025-01-11 14:08:07,395] INFO: 	 lr: 0.00030000000000000073 	 Training loss: 0.04063627526164055
[2025-01-11 14:08:18,569] INFO: Iter 26600 Summary: 
[2025-01-11 14:08:18,569] INFO: 	 lr: 0.00030000000000000073 	 Training loss: 0.04071246199309826
[2025-01-11 14:08:28,966] INFO: Iter 26700 Summary: 
[2025-01-11 14:08:28,967] INFO: 	 lr: 0.00030000000000000073 	 Training loss: 0.0409538071975112
[2025-01-11 14:08:40,447] INFO: Iter 26800 Summary: 
[2025-01-11 14:08:40,447] INFO: 	 lr: 0.00030000000000000073 	 Training loss: 0.04067978303879499
[2025-01-11 14:08:51,985] INFO: Iter 26900 Summary: 
[2025-01-11 14:08:51,985] INFO: 	 lr: 0.00030000000000000073 	 Training loss: 0.040610761381685734
[2025-01-11 14:09:02,219] INFO: Iter 27000 Summary: 
[2025-01-11 14:09:02,219] INFO: 	 lr: 0.00030000000000000073 	 Training loss: 0.040579418875277044
[2025-01-11 14:09:13,228] INFO: Iter 27100 Summary: 
[2025-01-11 14:09:13,229] INFO: 	 lr: 0.00030000000000000073 	 Training loss: 0.040722265653312203
[2025-01-11 14:09:24,133] INFO: Iter 27200 Summary: 
[2025-01-11 14:09:24,133] INFO: 	 lr: 0.00030000000000000073 	 Training loss: 0.04078446388244629
[2025-01-11 14:09:35,309] INFO: Iter 27300 Summary: 
[2025-01-11 14:09:35,309] INFO: 	 lr: 0.00030000000000000073 	 Training loss: 0.0408775120228529
[2025-01-11 14:09:45,692] INFO: Iter 27400 Summary: 
[2025-01-11 14:09:45,692] INFO: 	 lr: 0.00030000000000000073 	 Training loss: 0.04070464134216309
[2025-01-11 14:09:57,794] INFO: Iter 27500 Summary: 
[2025-01-11 14:09:57,800] INFO: 	 lr: 0.00030000000000000073 	 Training loss: 0.04065906140953302
[2025-01-11 14:10:09,489] INFO: Iter 27600 Summary: 
[2025-01-11 14:10:09,490] INFO: 	 lr: 0.00030000000000000073 	 Training loss: 0.040693093277513984
[2025-01-11 14:10:20,492] INFO: Iter 27700 Summary: 
[2025-01-11 14:10:20,492] INFO: 	 lr: 0.00030000000000000073 	 Training loss: 0.04047714114189148
[2025-01-11 14:10:30,404] INFO: Iter 27800 Summary: 
[2025-01-11 14:10:30,405] INFO: 	 lr: 0.00030000000000000073 	 Training loss: 0.040647303350269795
[2025-01-11 14:10:41,297] INFO: Iter 27900 Summary: 
[2025-01-11 14:10:41,298] INFO: 	 lr: 0.00030000000000000073 	 Training loss: 0.04070237252861261
[2025-01-11 14:10:52,472] INFO: Iter 28000 Summary: 
[2025-01-11 14:10:52,472] INFO: 	 lr: 0.00030000000000000073 	 Training loss: 0.04066383648663759
[2025-01-11 14:11:05,631] INFO: Iter 28100 Summary: 
[2025-01-11 14:11:05,631] INFO: 	 lr: 0.00030000000000000073 	 Training loss: 0.040290611535310744
[2025-01-11 14:11:16,340] INFO: Iter 28200 Summary: 
[2025-01-11 14:11:16,340] INFO: 	 lr: 0.00030000000000000073 	 Training loss: 0.0406082122027874
[2025-01-11 14:11:28,187] INFO: Iter 28300 Summary: 
[2025-01-11 14:11:28,188] INFO: 	 lr: 0.00030000000000000073 	 Training loss: 0.0403871887922287
[2025-01-11 14:11:39,532] INFO: Iter 28400 Summary: 
[2025-01-11 14:11:39,532] INFO: 	 lr: 0.00030000000000000073 	 Training loss: 0.04059052065014839
[2025-01-11 14:11:50,012] INFO: Iter 28500 Summary: 
[2025-01-11 14:11:50,012] INFO: 	 lr: 0.00030000000000000073 	 Training loss: 0.040425364933907984
[2025-01-11 14:12:00,949] INFO: Iter 28600 Summary: 
[2025-01-11 14:12:00,949] INFO: 	 lr: 0.00030000000000000073 	 Training loss: 0.04064342807978392
[2025-01-11 14:12:11,702] INFO: Iter 28700 Summary: 
[2025-01-11 14:12:11,702] INFO: 	 lr: 0.00030000000000000073 	 Training loss: 0.04088589355349541
[2025-01-11 14:12:22,471] INFO: Iter 28800 Summary: 
[2025-01-11 14:12:22,471] INFO: 	 lr: 0.00030000000000000073 	 Training loss: 0.040754451155662536
[2025-01-11 14:12:33,793] INFO: Iter 28900 Summary: 
[2025-01-11 14:12:33,794] INFO: 	 lr: 0.00030000000000000073 	 Training loss: 0.040491447784006596
[2025-01-11 14:12:45,044] INFO: Iter 29000 Summary: 
[2025-01-11 14:12:45,044] INFO: 	 lr: 0.00030000000000000073 	 Training loss: 0.04068249501287937
[2025-01-11 14:12:55,769] INFO: Iter 29100 Summary: 
[2025-01-11 14:12:55,769] INFO: 	 lr: 0.00030000000000000073 	 Training loss: 0.040529762767255305
[2025-01-11 14:13:07,270] INFO: Iter 29200 Summary: 
[2025-01-11 14:13:07,270] INFO: 	 lr: 0.00030000000000000073 	 Training loss: 0.040460696630179885
[2025-01-11 14:13:17,379] INFO: Iter 29300 Summary: 
[2025-01-11 14:13:17,380] INFO: 	 lr: 0.00030000000000000073 	 Training loss: 0.040569981075823304
[2025-01-11 14:13:29,076] INFO: Iter 29400 Summary: 
[2025-01-11 14:13:29,076] INFO: 	 lr: 0.00030000000000000073 	 Training loss: 0.04063939705491066
[2025-01-11 14:13:38,635] INFO: Iter 29500 Summary: 
[2025-01-11 14:13:38,636] INFO: 	 lr: 0.00030000000000000073 	 Training loss: 0.040332810878753664
[2025-01-11 14:13:49,486] INFO: Iter 29600 Summary: 
[2025-01-11 14:13:49,487] INFO: 	 lr: 0.00030000000000000073 	 Training loss: 0.04080120995640755
[2025-01-11 14:14:00,204] INFO: Iter 29700 Summary: 
[2025-01-11 14:14:00,204] INFO: 	 lr: 0.00030000000000000073 	 Training loss: 0.04003092188388109
[2025-01-11 14:14:10,871] INFO: Iter 29800 Summary: 
[2025-01-11 14:14:10,871] INFO: 	 lr: 0.00030000000000000073 	 Training loss: 0.040620234608650205
[2025-01-11 14:14:21,020] INFO: Iter 29900 Summary: 
[2025-01-11 14:14:21,021] INFO: 	 lr: 0.00030000000000000073 	 Training loss: 0.04065676402300596
[2025-01-11 14:14:31,312] INFO: Iter 30000 Summary: 
[2025-01-11 14:14:31,312] INFO: 	 lr: 0.00030000000000000073 	 Training loss: 0.04010364271700382
[2025-01-11 14:14:46,260] INFO: Iter 30100 Summary: 
[2025-01-11 14:14:46,261] INFO: 	 lr: 1.2900000000000026e-05 	 Training loss: 0.03990208726376295
[2025-01-11 14:14:57,602] INFO: Iter 30200 Summary: 
[2025-01-11 14:14:57,602] INFO: 	 lr: 1.000000000000002e-05 	 Training loss: 0.0391297871991992
[2025-01-11 14:15:08,219] INFO: Iter 30300 Summary: 
[2025-01-11 14:15:08,220] INFO: 	 lr: 1.000000000000002e-05 	 Training loss: 0.03893298301845789
[2025-01-11 14:15:18,016] INFO: Iter 30400 Summary: 
[2025-01-11 14:15:18,016] INFO: 	 lr: 1.000000000000002e-05 	 Training loss: 0.0391633266210556
[2025-01-11 14:15:28,535] INFO: Iter 30500 Summary: 
[2025-01-11 14:15:28,535] INFO: 	 lr: 1.000000000000002e-05 	 Training loss: 0.0388589971140027
[2025-01-11 14:15:38,905] INFO: Iter 30600 Summary: 
[2025-01-11 14:15:38,905] INFO: 	 lr: 1.000000000000002e-05 	 Training loss: 0.038886661641299725
[2025-01-11 14:15:48,800] INFO: Iter 30700 Summary: 
[2025-01-11 14:15:48,800] INFO: 	 lr: 1.000000000000002e-05 	 Training loss: 0.03879076026380062
[2025-01-11 14:16:00,045] INFO: Iter 30800 Summary: 
[2025-01-11 14:16:00,045] INFO: 	 lr: 1.000000000000002e-05 	 Training loss: 0.03875958267599344
[2025-01-11 14:16:11,244] INFO: Iter 30900 Summary: 
[2025-01-11 14:16:11,245] INFO: 	 lr: 1.000000000000002e-05 	 Training loss: 0.03863382175564766
[2025-01-11 14:16:22,702] INFO: Iter 31000 Summary: 
[2025-01-11 14:16:22,703] INFO: 	 lr: 1.000000000000002e-05 	 Training loss: 0.038854203186929226
[2025-01-11 14:16:33,560] INFO: Iter 31100 Summary: 
[2025-01-11 14:16:33,560] INFO: 	 lr: 1.000000000000002e-05 	 Training loss: 0.03851190738379955
[2025-01-11 14:16:44,341] INFO: Iter 31200 Summary: 
[2025-01-11 14:16:44,341] INFO: 	 lr: 1.000000000000002e-05 	 Training loss: 0.03863214116543531
[2025-01-11 14:16:54,313] INFO: Iter 31300 Summary: 
[2025-01-11 14:16:54,313] INFO: 	 lr: 1.000000000000002e-05 	 Training loss: 0.038448077626526356
[2025-01-11 14:17:05,099] INFO: Iter 31400 Summary: 
[2025-01-11 14:17:05,099] INFO: 	 lr: 1.000000000000002e-05 	 Training loss: 0.03869339969009161
[2025-01-11 14:17:16,339] INFO: Iter 31500 Summary: 
[2025-01-11 14:17:16,339] INFO: 	 lr: 1.000000000000002e-05 	 Training loss: 0.03886518653482199
[2025-01-11 14:17:25,979] INFO: Iter 31600 Summary: 
[2025-01-11 14:17:25,979] INFO: 	 lr: 1.000000000000002e-05 	 Training loss: 0.03861577555537224
[2025-01-11 14:17:37,823] INFO: Iter 31700 Summary: 
[2025-01-11 14:17:37,824] INFO: 	 lr: 1.000000000000002e-05 	 Training loss: 0.03841437764465809
[2025-01-11 14:17:48,536] INFO: Iter 31800 Summary: 
[2025-01-11 14:17:48,537] INFO: 	 lr: 1.000000000000002e-05 	 Training loss: 0.03871969494968653
[2025-01-11 14:17:58,852] INFO: Iter 31900 Summary: 
[2025-01-11 14:17:58,853] INFO: 	 lr: 1.000000000000002e-05 	 Training loss: 0.03846595287322998
[2025-01-11 14:18:09,560] INFO: Iter 32000 Summary: 
[2025-01-11 14:18:09,560] INFO: 	 lr: 1.000000000000002e-05 	 Training loss: 0.03888633031398058
[2025-01-11 14:18:22,847] INFO: Iter 32100 Summary: 
[2025-01-11 14:18:22,847] INFO: 	 lr: 1.000000000000002e-05 	 Training loss: 0.03846214171499014
[2025-01-11 14:18:33,044] INFO: Iter 32200 Summary: 
[2025-01-11 14:18:33,044] INFO: 	 lr: 1.000000000000002e-05 	 Training loss: 0.038492318093776706
[2025-01-11 14:18:43,307] INFO: Iter 32300 Summary: 
[2025-01-11 14:18:43,307] INFO: 	 lr: 1.000000000000002e-05 	 Training loss: 0.03845415007323027
[2025-01-11 14:18:54,416] INFO: Iter 32400 Summary: 
[2025-01-11 14:18:54,416] INFO: 	 lr: 1.000000000000002e-05 	 Training loss: 0.03847044344991445
[2025-01-11 14:19:05,675] INFO: Iter 32500 Summary: 
[2025-01-11 14:19:05,675] INFO: 	 lr: 1.000000000000002e-05 	 Training loss: 0.038461011983454224
[2025-01-11 14:19:16,288] INFO: Iter 32600 Summary: 
[2025-01-11 14:19:16,289] INFO: 	 lr: 1.000000000000002e-05 	 Training loss: 0.03811181031167507
[2025-01-11 14:19:26,262] INFO: Iter 32700 Summary: 
[2025-01-11 14:19:26,262] INFO: 	 lr: 1.000000000000002e-05 	 Training loss: 0.03836052257567644
[2025-01-11 14:19:36,494] INFO: Iter 32800 Summary: 
[2025-01-11 14:19:36,494] INFO: 	 lr: 1.000000000000002e-05 	 Training loss: 0.03842575207352638
[2025-01-11 14:19:47,153] INFO: Iter 32900 Summary: 
[2025-01-11 14:19:47,153] INFO: 	 lr: 1.000000000000002e-05 	 Training loss: 0.03862582571804524
[2025-01-11 14:19:57,322] INFO: Iter 33000 Summary: 
[2025-01-11 14:19:57,322] INFO: 	 lr: 1.000000000000002e-05 	 Training loss: 0.038889440223574635
[2025-01-11 14:20:08,735] INFO: Iter 33100 Summary: 
[2025-01-11 14:20:08,736] INFO: 	 lr: 1.000000000000002e-05 	 Training loss: 0.03822279881685972
[2025-01-11 14:20:19,694] INFO: Iter 33200 Summary: 
[2025-01-11 14:20:19,694] INFO: 	 lr: 1.000000000000002e-05 	 Training loss: 0.03865255042910576
[2025-01-11 14:20:30,134] INFO: Iter 33300 Summary: 
[2025-01-11 14:20:30,134] INFO: 	 lr: 1.000000000000002e-05 	 Training loss: 0.03826857801526785
[2025-01-11 14:20:41,176] INFO: Iter 33400 Summary: 
[2025-01-11 14:20:41,176] INFO: 	 lr: 1.000000000000002e-05 	 Training loss: 0.03848816011101008
[2025-01-11 14:20:52,102] INFO: Iter 33500 Summary: 
[2025-01-11 14:20:52,102] INFO: 	 lr: 1.000000000000002e-05 	 Training loss: 0.038416259363293646
[2025-01-11 14:21:03,188] INFO: Iter 33600 Summary: 
[2025-01-11 14:21:03,188] INFO: 	 lr: 1.000000000000002e-05 	 Training loss: 0.03845059245824814
[2025-01-11 14:21:14,737] INFO: Iter 33700 Summary: 
[2025-01-11 14:21:14,737] INFO: 	 lr: 1.000000000000002e-05 	 Training loss: 0.038273176625370976
[2025-01-11 14:21:26,309] INFO: Iter 33800 Summary: 
[2025-01-11 14:21:26,310] INFO: 	 lr: 1.000000000000002e-05 	 Training loss: 0.03835639555007219
[2025-01-11 14:21:37,699] INFO: Iter 33900 Summary: 
[2025-01-11 14:21:37,699] INFO: 	 lr: 1.000000000000002e-05 	 Training loss: 0.03842856742441654
[2025-01-11 14:21:49,069] INFO: Iter 34000 Summary: 
[2025-01-11 14:21:49,069] INFO: 	 lr: 1.000000000000002e-05 	 Training loss: 0.03803399257361889
[2025-01-11 14:22:02,226] INFO: Iter 34100 Summary: 
[2025-01-11 14:22:02,226] INFO: 	 lr: 1.000000000000002e-05 	 Training loss: 0.03834282174706459
[2025-01-11 14:22:12,502] INFO: Iter 34200 Summary: 
[2025-01-11 14:22:12,502] INFO: 	 lr: 1.000000000000002e-05 	 Training loss: 0.038456312343478204
[2025-01-11 14:22:23,234] INFO: Iter 34300 Summary: 
[2025-01-11 14:22:23,235] INFO: 	 lr: 1.000000000000002e-05 	 Training loss: 0.038529099598526954
[2025-01-11 14:22:33,147] INFO: Iter 34400 Summary: 
[2025-01-11 14:22:33,147] INFO: 	 lr: 1.000000000000002e-05 	 Training loss: 0.038347176015377044
[2025-01-11 14:22:44,070] INFO: Iter 34500 Summary: 
[2025-01-11 14:22:44,070] INFO: 	 lr: 1.000000000000002e-05 	 Training loss: 0.0383800932765007
[2025-01-11 14:22:55,023] INFO: Iter 34600 Summary: 
[2025-01-11 14:22:55,024] INFO: 	 lr: 1.000000000000002e-05 	 Training loss: 0.038174780197441575
[2025-01-11 14:23:05,835] INFO: Iter 34700 Summary: 
[2025-01-11 14:23:05,835] INFO: 	 lr: 1.000000000000002e-05 	 Training loss: 0.038728574849665166
[2025-01-11 14:23:17,165] INFO: Iter 34800 Summary: 
[2025-01-11 14:23:17,165] INFO: 	 lr: 1.000000000000002e-05 	 Training loss: 0.03829588547348976
[2025-01-11 14:23:27,894] INFO: Iter 34900 Summary: 
[2025-01-11 14:23:27,894] INFO: 	 lr: 1.000000000000002e-05 	 Training loss: 0.038482448644936086
[2025-01-11 14:23:39,137] INFO: Iter 35000 Summary: 
[2025-01-11 14:23:39,138] INFO: 	 lr: 1.000000000000002e-05 	 Training loss: 0.03839178070425987
[2025-01-11 14:23:50,683] INFO: Iter 35100 Summary: 
[2025-01-11 14:23:50,683] INFO: 	 lr: 1.000000000000002e-05 	 Training loss: 0.038292356058955195
[2025-01-11 14:24:01,986] INFO: Iter 35200 Summary: 
[2025-01-11 14:24:01,986] INFO: 	 lr: 1.000000000000002e-05 	 Training loss: 0.03840337470173836
[2025-01-11 14:24:14,574] INFO: Iter 35300 Summary: 
[2025-01-11 14:24:14,575] INFO: 	 lr: 1.000000000000002e-05 	 Training loss: 0.038202434666454795
[2025-01-11 14:24:25,076] INFO: Iter 35400 Summary: 
[2025-01-11 14:24:25,076] INFO: 	 lr: 1.000000000000002e-05 	 Training loss: 0.038635239154100415
[2025-01-11 14:24:36,232] INFO: Iter 35500 Summary: 
[2025-01-11 14:24:36,232] INFO: 	 lr: 1.000000000000002e-05 	 Training loss: 0.0381987913325429
[2025-01-11 14:24:47,418] INFO: Iter 35600 Summary: 
[2025-01-11 14:24:47,418] INFO: 	 lr: 1.000000000000002e-05 	 Training loss: 0.038224611431360245
[2025-01-11 14:24:57,112] INFO: Iter 35700 Summary: 
[2025-01-11 14:24:57,112] INFO: 	 lr: 1.000000000000002e-05 	 Training loss: 0.038297694250941275
[2025-01-11 14:25:08,063] INFO: Iter 35800 Summary: 
[2025-01-11 14:25:08,063] INFO: 	 lr: 1.000000000000002e-05 	 Training loss: 0.03803146082907915
[2025-01-11 14:25:18,278] INFO: Iter 35900 Summary: 
[2025-01-11 14:25:18,278] INFO: 	 lr: 1.000000000000002e-05 	 Training loss: 0.03802300687879324
[2025-01-11 14:25:28,708] INFO: Iter 36000 Summary: 
[2025-01-11 14:25:28,708] INFO: 	 lr: 1.000000000000002e-05 	 Training loss: 0.038345552869141104
[2025-01-11 14:25:41,753] INFO: Iter 36100 Summary: 
[2025-01-11 14:25:41,753] INFO: 	 lr: 1.000000000000002e-05 	 Training loss: 0.037998808957636354
[2025-01-11 14:25:53,257] INFO: Iter 36200 Summary: 
[2025-01-11 14:25:53,257] INFO: 	 lr: 1.000000000000002e-05 	 Training loss: 0.038394871801137924
[2025-01-11 14:26:04,461] INFO: Iter 36300 Summary: 
[2025-01-11 14:26:04,461] INFO: 	 lr: 1.000000000000002e-05 	 Training loss: 0.038503466248512266
[2025-01-11 14:26:14,680] INFO: Iter 36400 Summary: 
[2025-01-11 14:26:14,681] INFO: 	 lr: 1.000000000000002e-05 	 Training loss: 0.03840445436537266
[2025-01-11 14:26:25,543] INFO: Iter 36500 Summary: 
[2025-01-11 14:26:25,543] INFO: 	 lr: 1.000000000000002e-05 	 Training loss: 0.03828413899987936
[2025-01-11 14:26:36,928] INFO: Iter 36600 Summary: 
[2025-01-11 14:26:36,928] INFO: 	 lr: 1.000000000000002e-05 	 Training loss: 0.037929353304207325
[2025-01-11 14:26:47,530] INFO: Iter 36700 Summary: 
[2025-01-11 14:26:47,530] INFO: 	 lr: 1.000000000000002e-05 	 Training loss: 0.03810470763593912
[2025-01-11 14:26:58,730] INFO: Iter 36800 Summary: 
[2025-01-11 14:26:58,730] INFO: 	 lr: 1.000000000000002e-05 	 Training loss: 0.03838779777288437
[2025-01-11 14:27:09,039] INFO: Iter 36900 Summary: 
[2025-01-11 14:27:09,039] INFO: 	 lr: 1.000000000000002e-05 	 Training loss: 0.03850128076970577
[2025-01-11 14:27:20,099] INFO: Iter 37000 Summary: 
[2025-01-11 14:27:20,100] INFO: 	 lr: 1.000000000000002e-05 	 Training loss: 0.03832797572016716
[2025-01-11 14:27:31,017] INFO: Iter 37100 Summary: 
[2025-01-11 14:27:31,017] INFO: 	 lr: 1.000000000000002e-05 	 Training loss: 0.03831018812954426
[2025-01-11 14:27:42,631] INFO: Iter 37200 Summary: 
[2025-01-11 14:27:42,632] INFO: 	 lr: 1.000000000000002e-05 	 Training loss: 0.03812908820807934
[2025-01-11 14:27:53,613] INFO: Iter 37300 Summary: 
[2025-01-11 14:27:53,613] INFO: 	 lr: 1.000000000000002e-05 	 Training loss: 0.03820556029677391
[2025-01-11 14:28:05,403] INFO: Iter 37400 Summary: 
[2025-01-11 14:28:05,403] INFO: 	 lr: 1.000000000000002e-05 	 Training loss: 0.03851244900375605
[2025-01-11 14:28:16,092] INFO: Iter 37500 Summary: 
[2025-01-11 14:28:16,093] INFO: 	 lr: 1.000000000000002e-05 	 Training loss: 0.03822402931749821
[2025-01-11 14:28:26,797] INFO: Iter 37600 Summary: 
[2025-01-11 14:28:26,797] INFO: 	 lr: 1.000000000000002e-05 	 Training loss: 0.03792322304099798
[2025-01-11 14:28:33,419] INFO: Iter 37700 Summary: 
[2025-01-11 14:28:33,419] INFO: 	 lr: 1.000000000000002e-05 	 Training loss: 0.038176567293703556
[2025-01-11 14:28:40,189] INFO: Iter 37800 Summary: 
[2025-01-11 14:28:40,189] INFO: 	 lr: 1.000000000000002e-05 	 Training loss: 0.038123052753508094
[2025-01-11 14:28:47,556] INFO: Iter 37900 Summary: 
[2025-01-11 14:28:47,557] INFO: 	 lr: 1.000000000000002e-05 	 Training loss: 0.03814764179289341
[2025-01-11 14:28:54,717] INFO: Iter 38000 Summary: 
[2025-01-11 14:28:54,717] INFO: 	 lr: 1.000000000000002e-05 	 Training loss: 0.03822939593344927
[2025-01-11 14:29:03,291] INFO: Iter 38100 Summary: 
[2025-01-11 14:29:03,291] INFO: 	 lr: 1.000000000000002e-05 	 Training loss: 0.0381530350074172
[2025-01-11 14:29:10,104] INFO: Iter 38200 Summary: 
[2025-01-11 14:29:10,105] INFO: 	 lr: 1.000000000000002e-05 	 Training loss: 0.03825559053570032
[2025-01-11 14:29:17,021] INFO: Iter 38300 Summary: 
[2025-01-11 14:29:17,022] INFO: 	 lr: 1.000000000000002e-05 	 Training loss: 0.037939102053642274
[2025-01-11 14:29:23,993] INFO: Iter 38400 Summary: 
[2025-01-11 14:29:23,993] INFO: 	 lr: 1.000000000000002e-05 	 Training loss: 0.03821232043206692
[2025-01-11 14:29:30,841] INFO: Iter 38500 Summary: 
[2025-01-11 14:29:30,841] INFO: 	 lr: 1.000000000000002e-05 	 Training loss: 0.037914657518267635
[2025-01-11 14:29:38,241] INFO: Iter 38600 Summary: 
[2025-01-11 14:29:38,241] INFO: 	 lr: 1.000000000000002e-05 	 Training loss: 0.03794218976050615
[2025-01-11 14:29:46,116] INFO: Iter 38700 Summary: 
[2025-01-11 14:29:46,117] INFO: 	 lr: 1.000000000000002e-05 	 Training loss: 0.037964587844908235
[2025-01-11 14:29:53,654] INFO: Iter 38800 Summary: 
[2025-01-11 14:29:53,655] INFO: 	 lr: 1.000000000000002e-05 	 Training loss: 0.03809589557349682
[2025-01-11 14:30:00,077] INFO: Iter 38900 Summary: 
[2025-01-11 14:30:00,077] INFO: 	 lr: 1.000000000000002e-05 	 Training loss: 0.03825493037700653
[2025-01-11 14:30:06,837] INFO: Iter 39000 Summary: 
[2025-01-11 14:30:06,837] INFO: 	 lr: 1.000000000000002e-05 	 Training loss: 0.03806706454604864
[2025-01-11 14:30:13,623] INFO: Iter 39100 Summary: 
[2025-01-11 14:30:13,623] INFO: 	 lr: 1.000000000000002e-05 	 Training loss: 0.0381841454654932
[2025-01-11 14:30:20,407] INFO: Iter 39200 Summary: 
[2025-01-11 14:30:20,407] INFO: 	 lr: 1.000000000000002e-05 	 Training loss: 0.03817887380719185
[2025-01-11 14:30:27,705] INFO: Iter 39300 Summary: 
[2025-01-11 14:30:27,705] INFO: 	 lr: 1.000000000000002e-05 	 Training loss: 0.03804882686585188
[2025-01-11 14:30:34,493] INFO: Iter 39400 Summary: 
[2025-01-11 14:30:34,493] INFO: 	 lr: 1.000000000000002e-05 	 Training loss: 0.038031096085906026
[2025-01-11 14:30:41,312] INFO: Iter 39500 Summary: 
[2025-01-11 14:30:41,313] INFO: 	 lr: 1.000000000000002e-05 	 Training loss: 0.0379923202842474
[2025-01-11 14:30:48,122] INFO: Iter 39600 Summary: 
[2025-01-11 14:30:48,122] INFO: 	 lr: 1.000000000000002e-05 	 Training loss: 0.03823813375085592
[2025-01-11 14:30:54,913] INFO: Iter 39700 Summary: 
[2025-01-11 14:30:54,913] INFO: 	 lr: 1.000000000000002e-05 	 Training loss: 0.03802819326519966
[2025-01-11 14:31:01,460] INFO: Iter 39800 Summary: 
[2025-01-11 14:31:01,461] INFO: 	 lr: 1.000000000000002e-05 	 Training loss: 0.038045117035508155
[2025-01-11 14:31:08,230] INFO: Iter 39900 Summary: 
[2025-01-11 14:31:08,230] INFO: 	 lr: 1.000000000000002e-05 	 Training loss: 0.037901109755039214
[2025-01-11 14:31:15,968] INFO: Iter 40000 Summary: 
[2025-01-11 14:31:15,969] INFO: 	 lr: 1.000000000000002e-05 	 Training loss: 0.03804691627621651
