[2025-01-07 08:33:23,231] INFO: {
    "abs_dir": "/home/diwang/siMLPe/exps/baseline_h36m",
    "batch_size": 256,
    "cos_lr_max": 1e-05,
    "cos_lr_min": 5e-08,
    "cos_lr_total_iters": 40000,
    "data_aug": true,
    "deriv_input": true,
    "deriv_output": true,
    "device": "cuda:2",
    "h36m_anno_dir": "/home/diwang/siMLPe/data/h36m/",
    "link_log_file": "/home/diwang/siMLPe/exps/baseline_h36m/log/log_last.log",
    "link_val_log_file": "/home/diwang/siMLPe/exps/baseline_h36m/log/val_last.log",
    "log_dir": "/home/diwang/siMLPe/exps/baseline_h36m/log",
    "log_file": "/home/diwang/siMLPe/exps/baseline_h36m/log/log_2025_01_07_08_33_04.log",
    "model_pth": null,
    "motion": {
        "dim": 66,
        "h36m_input_length": 50,
        "h36m_input_length_dct": 50,
        "h36m_target_length": 10,
        "h36m_target_length_eval": 25,
        "h36m_target_length_train": 10
    },
    "motion_fc_in": {
        "activation": "relu",
        "in_features": 66,
        "init_w_trunc_normal": false,
        "out_features": 66,
        "temporal_fc": false,
        "with_norm": false
    },
    "motion_fc_out": {
        "activation": "relu",
        "in_features": 66,
        "init_w_trunc_normal": true,
        "out_features": 66,
        "temporal_fc": false,
        "with_norm": false
    },
    "motion_mlp": {
        "hidden_dim": 66,
        "norm_axis": "spatial",
        "num_layers": 48,
        "seq_len": 50,
        "spatial_fc_only": false,
        "with_normalization": true
    },
    "num_workers": 8,
    "post_dct": false,
    "pre_dct": false,
    "print_every": 100,
    "repo_name": "siMLPe",
    "root_dir": "/home/diwang/siMLPe",
    "save_every": 2000,
    "seed": 304,
    "shift_step": 1,
    "snapshot_dir": "/home/diwang/siMLPe/exps/baseline_h36m/log/snapshot",
    "this_dir": "baseline_h36m",
    "use_relative_loss": true,
    "val_log_file": "/home/diwang/siMLPe/exps/baseline_h36m/log/val_2025_01_07_08_33_04.log",
    "weight_decay": 0.0001
}
[2025-01-07 08:33:32,094] INFO: Iter 100 Summary: 
[2025-01-07 08:33:32,095] INFO: 	 lr: 0.00030000000000000073 	 Training loss: 0.09657176658511162
[2025-01-07 08:33:38,722] INFO: Iter 200 Summary: 
[2025-01-07 08:33:38,723] INFO: 	 lr: 0.00030000000000000073 	 Training loss: 0.073299862742424
[2025-01-07 08:33:45,229] INFO: Iter 300 Summary: 
[2025-01-07 08:33:45,229] INFO: 	 lr: 0.00030000000000000073 	 Training loss: 0.06930720329284668
[2025-01-07 08:33:51,820] INFO: Iter 400 Summary: 
[2025-01-07 08:33:51,820] INFO: 	 lr: 0.00030000000000000073 	 Training loss: 0.06378487564623356
[2025-01-07 08:33:58,428] INFO: Iter 500 Summary: 
[2025-01-07 08:33:58,428] INFO: 	 lr: 0.00030000000000000073 	 Training loss: 0.060498147308826446
[2025-01-07 08:34:05,004] INFO: Iter 600 Summary: 
[2025-01-07 08:34:05,004] INFO: 	 lr: 0.00030000000000000073 	 Training loss: 0.058823554813861846
[2025-01-07 08:34:12,758] INFO: Iter 700 Summary: 
[2025-01-07 08:34:12,758] INFO: 	 lr: 0.00030000000000000073 	 Training loss: 0.05793270777910948
[2025-01-07 08:34:19,309] INFO: Iter 800 Summary: 
[2025-01-07 08:34:19,310] INFO: 	 lr: 0.00030000000000000073 	 Training loss: 0.05696495220065117
[2025-01-07 08:34:26,224] INFO: Iter 900 Summary: 
[2025-01-07 08:34:26,224] INFO: 	 lr: 0.00030000000000000073 	 Training loss: 0.056141227185726165
[2025-01-07 08:34:32,784] INFO: Iter 1000 Summary: 
[2025-01-07 08:34:32,785] INFO: 	 lr: 0.00030000000000000073 	 Training loss: 0.05594284951686859
[2025-01-07 08:34:39,307] INFO: Iter 1100 Summary: 
[2025-01-07 08:34:39,307] INFO: 	 lr: 0.00030000000000000073 	 Training loss: 0.05517314940690994
[2025-01-07 08:34:45,757] INFO: Iter 1200 Summary: 
[2025-01-07 08:34:45,758] INFO: 	 lr: 0.00030000000000000073 	 Training loss: 0.05468732737004757
[2025-01-07 08:34:52,196] INFO: Iter 1300 Summary: 
[2025-01-07 08:34:52,196] INFO: 	 lr: 0.00030000000000000073 	 Training loss: 0.0549057748913765
[2025-01-07 08:34:59,927] INFO: Iter 1400 Summary: 
[2025-01-07 08:34:59,927] INFO: 	 lr: 0.00030000000000000073 	 Training loss: 0.054433011598885056
[2025-01-07 08:35:06,590] INFO: Iter 1500 Summary: 
[2025-01-07 08:35:06,590] INFO: 	 lr: 0.00030000000000000073 	 Training loss: 0.05391658022999764
[2025-01-07 08:35:13,060] INFO: Iter 1600 Summary: 
[2025-01-07 08:35:13,060] INFO: 	 lr: 0.00030000000000000073 	 Training loss: 0.053329909183084966
[2025-01-07 08:35:20,035] INFO: Iter 1700 Summary: 
[2025-01-07 08:35:20,035] INFO: 	 lr: 0.00030000000000000073 	 Training loss: 0.05362240634858608
[2025-01-07 08:35:26,679] INFO: Iter 1800 Summary: 
[2025-01-07 08:35:26,680] INFO: 	 lr: 0.00030000000000000073 	 Training loss: 0.052916237339377406
[2025-01-07 08:35:33,210] INFO: Iter 1900 Summary: 
[2025-01-07 08:35:33,210] INFO: 	 lr: 0.00030000000000000073 	 Training loss: 0.052767617255449296
[2025-01-07 08:35:39,315] INFO: Iter 2000 Summary: 
[2025-01-07 08:35:39,315] INFO: 	 lr: 0.00030000000000000073 	 Training loss: 0.05252675600349903
[2025-01-07 08:35:49,718] INFO: Iter 2100 Summary: 
[2025-01-07 08:35:49,718] INFO: 	 lr: 0.00030000000000000073 	 Training loss: 0.052419003024697305
[2025-01-07 08:35:56,806] INFO: Iter 2200 Summary: 
[2025-01-07 08:35:56,806] INFO: 	 lr: 0.00030000000000000073 	 Training loss: 0.05233408633619547
[2025-01-07 08:36:03,460] INFO: Iter 2300 Summary: 
[2025-01-07 08:36:03,460] INFO: 	 lr: 0.00030000000000000073 	 Training loss: 0.05207609601318836
[2025-01-07 08:36:10,049] INFO: Iter 2400 Summary: 
[2025-01-07 08:36:10,049] INFO: 	 lr: 0.00030000000000000073 	 Training loss: 0.05163139209151268
[2025-01-07 08:36:16,652] INFO: Iter 2500 Summary: 
[2025-01-07 08:36:16,652] INFO: 	 lr: 0.00030000000000000073 	 Training loss: 0.05151209399104118
[2025-01-07 08:36:23,239] INFO: Iter 2600 Summary: 
[2025-01-07 08:36:23,239] INFO: 	 lr: 0.00030000000000000073 	 Training loss: 0.051483514234423634
[2025-01-07 08:36:29,807] INFO: Iter 2700 Summary: 
[2025-01-07 08:36:29,808] INFO: 	 lr: 0.00030000000000000073 	 Training loss: 0.05134421363472939
[2025-01-07 08:36:37,516] INFO: Iter 2800 Summary: 
[2025-01-07 08:36:37,516] INFO: 	 lr: 0.00030000000000000073 	 Training loss: 0.051391246542334554
[2025-01-07 08:36:44,176] INFO: Iter 2900 Summary: 
[2025-01-07 08:36:44,176] INFO: 	 lr: 0.00030000000000000073 	 Training loss: 0.05038186825811863
[2025-01-07 08:36:50,726] INFO: Iter 3000 Summary: 
[2025-01-07 08:36:50,726] INFO: 	 lr: 0.00030000000000000073 	 Training loss: 0.05072383500635624
[2025-01-07 08:36:57,373] INFO: Iter 3100 Summary: 
[2025-01-07 08:36:57,373] INFO: 	 lr: 0.00030000000000000073 	 Training loss: 0.05083943415433168
[2025-01-07 08:37:03,945] INFO: Iter 3200 Summary: 
[2025-01-07 08:37:03,945] INFO: 	 lr: 0.00030000000000000073 	 Training loss: 0.05040198162198067
[2025-01-07 08:37:10,516] INFO: Iter 3300 Summary: 
[2025-01-07 08:37:10,516] INFO: 	 lr: 0.00030000000000000073 	 Training loss: 0.05007530089467764
[2025-01-07 08:37:17,207] INFO: Iter 3400 Summary: 
[2025-01-07 08:37:17,208] INFO: 	 lr: 0.00030000000000000073 	 Training loss: 0.05041452646255493
[2025-01-07 08:37:25,116] INFO: Iter 3500 Summary: 
[2025-01-07 08:37:25,116] INFO: 	 lr: 0.00030000000000000073 	 Training loss: 0.050813591070473195
[2025-01-07 08:37:31,420] INFO: Iter 3600 Summary: 
[2025-01-07 08:37:31,420] INFO: 	 lr: 0.00030000000000000073 	 Training loss: 0.04952533897012472
[2025-01-07 08:37:38,157] INFO: Iter 3700 Summary: 
[2025-01-07 08:37:38,157] INFO: 	 lr: 0.00030000000000000073 	 Training loss: 0.050202176980674265
[2025-01-07 08:37:45,063] INFO: Iter 3800 Summary: 
[2025-01-07 08:37:45,063] INFO: 	 lr: 0.00030000000000000073 	 Training loss: 0.04973488632589579
[2025-01-07 08:37:51,635] INFO: Iter 3900 Summary: 
[2025-01-07 08:37:51,635] INFO: 	 lr: 0.00030000000000000073 	 Training loss: 0.049474497772753236
[2025-01-07 08:37:58,280] INFO: Iter 4000 Summary: 
[2025-01-07 08:37:58,280] INFO: 	 lr: 0.00030000000000000073 	 Training loss: 0.04935330536216497
[2025-01-07 08:38:07,346] INFO: Iter 4100 Summary: 
[2025-01-07 08:38:07,346] INFO: 	 lr: 0.00030000000000000073 	 Training loss: 0.04939444147050381
[2025-01-07 08:38:15,131] INFO: Iter 4200 Summary: 
[2025-01-07 08:38:15,131] INFO: 	 lr: 0.00030000000000000073 	 Training loss: 0.04971594445407391
[2025-01-07 08:38:21,859] INFO: Iter 4300 Summary: 
[2025-01-07 08:38:21,859] INFO: 	 lr: 0.00030000000000000073 	 Training loss: 0.049326063282787797
[2025-01-07 08:38:28,454] INFO: Iter 4400 Summary: 
[2025-01-07 08:38:28,454] INFO: 	 lr: 0.00030000000000000073 	 Training loss: 0.049582440331578256
[2025-01-07 08:38:35,442] INFO: Iter 4500 Summary: 
[2025-01-07 08:38:35,442] INFO: 	 lr: 0.00030000000000000073 	 Training loss: 0.04883567176759243
[2025-01-07 08:38:42,405] INFO: Iter 4600 Summary: 
[2025-01-07 08:38:42,406] INFO: 	 lr: 0.00030000000000000073 	 Training loss: 0.048776054680347444
[2025-01-07 08:38:49,434] INFO: Iter 4700 Summary: 
[2025-01-07 08:38:49,435] INFO: 	 lr: 0.00030000000000000073 	 Training loss: 0.048781663849949836
[2025-01-07 08:38:56,150] INFO: Iter 4800 Summary: 
[2025-01-07 08:38:56,151] INFO: 	 lr: 0.00030000000000000073 	 Training loss: 0.04850145626813173
[2025-01-07 08:39:04,253] INFO: Iter 4900 Summary: 
[2025-01-07 08:39:04,253] INFO: 	 lr: 0.00030000000000000073 	 Training loss: 0.04868213672190905
[2025-01-07 08:39:10,853] INFO: Iter 5000 Summary: 
[2025-01-07 08:39:10,853] INFO: 	 lr: 0.00030000000000000073 	 Training loss: 0.04885017044842243
[2025-01-07 08:39:17,441] INFO: Iter 5100 Summary: 
[2025-01-07 08:39:17,441] INFO: 	 lr: 0.00030000000000000073 	 Training loss: 0.04839101515710354
[2025-01-07 08:39:24,032] INFO: Iter 5200 Summary: 
[2025-01-07 08:39:24,032] INFO: 	 lr: 0.00030000000000000073 	 Training loss: 0.04841761942952871
[2025-01-07 08:39:30,804] INFO: Iter 5300 Summary: 
[2025-01-07 08:39:30,804] INFO: 	 lr: 0.00030000000000000073 	 Training loss: 0.04804502248764038
[2025-01-07 08:39:38,081] INFO: Iter 5400 Summary: 
[2025-01-07 08:39:38,081] INFO: 	 lr: 0.00030000000000000073 	 Training loss: 0.04792144358158112
[2025-01-07 08:39:44,711] INFO: Iter 5500 Summary: 
[2025-01-07 08:39:44,711] INFO: 	 lr: 0.00030000000000000073 	 Training loss: 0.047905574552714825
[2025-01-07 08:39:52,575] INFO: Iter 5600 Summary: 
[2025-01-07 08:39:52,576] INFO: 	 lr: 0.00030000000000000073 	 Training loss: 0.04803306754678488
[2025-01-07 08:39:59,102] INFO: Iter 5700 Summary: 
[2025-01-07 08:39:59,102] INFO: 	 lr: 0.00030000000000000073 	 Training loss: 0.048155969381332396
[2025-01-07 08:40:05,243] INFO: Iter 5800 Summary: 
[2025-01-07 08:40:05,243] INFO: 	 lr: 0.00030000000000000073 	 Training loss: 0.04772651731967926
[2025-01-07 08:40:11,876] INFO: Iter 5900 Summary: 
[2025-01-07 08:40:11,876] INFO: 	 lr: 0.00030000000000000073 	 Training loss: 0.04762010872364044
[2025-01-07 08:40:18,481] INFO: Iter 6000 Summary: 
[2025-01-07 08:40:18,482] INFO: 	 lr: 0.00030000000000000073 	 Training loss: 0.047836568653583524
[2025-01-07 08:40:27,348] INFO: Iter 6100 Summary: 
[2025-01-07 08:40:27,348] INFO: 	 lr: 0.00030000000000000073 	 Training loss: 0.04753890592604876
[2025-01-07 08:40:35,345] INFO: Iter 6200 Summary: 
[2025-01-07 08:40:35,345] INFO: 	 lr: 0.00030000000000000073 	 Training loss: 0.0473488226160407
[2025-01-07 08:40:42,335] INFO: Iter 6300 Summary: 
[2025-01-07 08:40:42,335] INFO: 	 lr: 0.00030000000000000073 	 Training loss: 0.047361661717295646
[2025-01-07 08:40:48,918] INFO: Iter 6400 Summary: 
[2025-01-07 08:40:48,918] INFO: 	 lr: 0.00030000000000000073 	 Training loss: 0.04696761194616556
[2025-01-07 08:40:55,489] INFO: Iter 6500 Summary: 
[2025-01-07 08:40:55,489] INFO: 	 lr: 0.00030000000000000073 	 Training loss: 0.046975123658776284
[2025-01-07 08:41:02,075] INFO: Iter 6600 Summary: 
[2025-01-07 08:41:02,075] INFO: 	 lr: 0.00030000000000000073 	 Training loss: 0.04740370597690344
[2025-01-07 08:41:08,549] INFO: Iter 6700 Summary: 
[2025-01-07 08:41:08,549] INFO: 	 lr: 0.00030000000000000073 	 Training loss: 0.0471278104186058
[2025-01-07 08:41:15,133] INFO: Iter 6800 Summary: 
[2025-01-07 08:41:15,133] INFO: 	 lr: 0.00030000000000000073 	 Training loss: 0.04704495087265968
[2025-01-07 08:41:22,928] INFO: Iter 6900 Summary: 
[2025-01-07 08:41:22,928] INFO: 	 lr: 0.00030000000000000073 	 Training loss: 0.04684119421988726
[2025-01-07 08:41:29,787] INFO: Iter 7000 Summary: 
[2025-01-07 08:41:29,787] INFO: 	 lr: 0.00030000000000000073 	 Training loss: 0.04692149817943573
[2025-01-07 08:41:36,150] INFO: Iter 7100 Summary: 
[2025-01-07 08:41:36,150] INFO: 	 lr: 0.00030000000000000073 	 Training loss: 0.046597130335867404
[2025-01-07 08:41:42,715] INFO: Iter 7200 Summary: 
[2025-01-07 08:41:42,715] INFO: 	 lr: 0.00030000000000000073 	 Training loss: 0.04669586855918169
[2025-01-07 08:41:49,581] INFO: Iter 7300 Summary: 
[2025-01-07 08:41:49,581] INFO: 	 lr: 0.00030000000000000073 	 Training loss: 0.04699863273650408
[2025-01-07 08:41:56,156] INFO: Iter 7400 Summary: 
[2025-01-07 08:41:56,156] INFO: 	 lr: 0.00030000000000000073 	 Training loss: 0.04644456118345261
[2025-01-07 08:42:02,716] INFO: Iter 7500 Summary: 
[2025-01-07 08:42:02,716] INFO: 	 lr: 0.00030000000000000073 	 Training loss: 0.0462302628532052
[2025-01-07 08:42:10,666] INFO: Iter 7600 Summary: 
[2025-01-07 08:42:10,667] INFO: 	 lr: 0.00030000000000000073 	 Training loss: 0.04626359529793263
[2025-01-07 08:42:17,668] INFO: Iter 7700 Summary: 
[2025-01-07 08:42:17,668] INFO: 	 lr: 0.00030000000000000073 	 Training loss: 0.046316205225884914
[2025-01-07 08:42:24,252] INFO: Iter 7800 Summary: 
[2025-01-07 08:42:24,252] INFO: 	 lr: 0.00030000000000000073 	 Training loss: 0.04618914056569338
[2025-01-07 08:42:30,873] INFO: Iter 7900 Summary: 
[2025-01-07 08:42:30,873] INFO: 	 lr: 0.00030000000000000073 	 Training loss: 0.046215109154582025
[2025-01-07 08:42:37,504] INFO: Iter 8000 Summary: 
[2025-01-07 08:42:37,504] INFO: 	 lr: 0.00030000000000000073 	 Training loss: 0.04644864168018103
[2025-01-07 08:42:46,403] INFO: Iter 8100 Summary: 
[2025-01-07 08:42:46,403] INFO: 	 lr: 0.00030000000000000073 	 Training loss: 0.045896327644586565
[2025-01-07 08:42:52,986] INFO: Iter 8200 Summary: 
[2025-01-07 08:42:52,987] INFO: 	 lr: 0.00030000000000000073 	 Training loss: 0.046066478416323664
[2025-01-07 08:43:00,760] INFO: Iter 8300 Summary: 
[2025-01-07 08:43:00,761] INFO: 	 lr: 0.00030000000000000073 	 Training loss: 0.04585722308605909
[2025-01-07 08:43:07,234] INFO: Iter 8400 Summary: 
[2025-01-07 08:43:07,234] INFO: 	 lr: 0.00030000000000000073 	 Training loss: 0.04584233433008194
[2025-01-07 08:43:13,915] INFO: Iter 8500 Summary: 
[2025-01-07 08:43:13,916] INFO: 	 lr: 0.00030000000000000073 	 Training loss: 0.04579398181289435
[2025-01-07 08:43:20,483] INFO: Iter 8600 Summary: 
[2025-01-07 08:43:20,483] INFO: 	 lr: 0.00030000000000000073 	 Training loss: 0.0454981617256999
[2025-01-07 08:43:27,207] INFO: Iter 8700 Summary: 
[2025-01-07 08:43:27,208] INFO: 	 lr: 0.00030000000000000073 	 Training loss: 0.0458791159838438
[2025-01-07 08:43:33,714] INFO: Iter 8800 Summary: 
[2025-01-07 08:43:33,714] INFO: 	 lr: 0.00030000000000000073 	 Training loss: 0.045670290514826774
[2025-01-07 08:43:40,289] INFO: Iter 8900 Summary: 
[2025-01-07 08:43:40,289] INFO: 	 lr: 0.00030000000000000073 	 Training loss: 0.04556124843657017
[2025-01-07 08:43:48,127] INFO: Iter 9000 Summary: 
[2025-01-07 08:43:48,127] INFO: 	 lr: 0.00030000000000000073 	 Training loss: 0.04547973707318306
[2025-01-07 08:43:54,573] INFO: Iter 9100 Summary: 
[2025-01-07 08:43:54,573] INFO: 	 lr: 0.00030000000000000073 	 Training loss: 0.04570777531713247
[2025-01-07 08:44:01,074] INFO: Iter 9200 Summary: 
[2025-01-07 08:44:01,074] INFO: 	 lr: 0.00030000000000000073 	 Training loss: 0.045146764740347865
[2025-01-07 08:44:07,595] INFO: Iter 9300 Summary: 
[2025-01-07 08:44:07,595] INFO: 	 lr: 0.00030000000000000073 	 Training loss: 0.04542842973023653
[2025-01-07 08:44:14,218] INFO: Iter 9400 Summary: 
[2025-01-07 08:44:14,218] INFO: 	 lr: 0.00030000000000000073 	 Training loss: 0.045173764117062094
[2025-01-07 08:44:20,760] INFO: Iter 9500 Summary: 
[2025-01-07 08:44:20,760] INFO: 	 lr: 0.00030000000000000073 	 Training loss: 0.0454615480452776
[2025-01-07 08:44:27,269] INFO: Iter 9600 Summary: 
[2025-01-07 08:44:27,269] INFO: 	 lr: 0.00030000000000000073 	 Training loss: 0.04558175530284643
[2025-01-07 08:44:35,181] INFO: Iter 9700 Summary: 
[2025-01-07 08:44:35,182] INFO: 	 lr: 0.00030000000000000073 	 Training loss: 0.04496088061481714
[2025-01-07 08:44:41,713] INFO: Iter 9800 Summary: 
[2025-01-07 08:44:41,713] INFO: 	 lr: 0.00030000000000000073 	 Training loss: 0.04511949833482504
[2025-01-07 08:44:48,162] INFO: Iter 9900 Summary: 
[2025-01-07 08:44:48,162] INFO: 	 lr: 0.00030000000000000073 	 Training loss: 0.04511581968516112
[2025-01-07 08:44:54,587] INFO: Iter 10000 Summary: 
[2025-01-07 08:44:54,587] INFO: 	 lr: 0.00030000000000000073 	 Training loss: 0.04501633409410715
[2025-01-07 08:45:03,603] INFO: Iter 10100 Summary: 
[2025-01-07 08:45:03,603] INFO: 	 lr: 0.00030000000000000073 	 Training loss: 0.0450348537042737
[2025-01-07 08:45:09,248] INFO: Iter 10200 Summary: 
[2025-01-07 08:45:09,248] INFO: 	 lr: 0.00030000000000000073 	 Training loss: 0.04491873793303967
[2025-01-07 08:45:14,909] INFO: Iter 10300 Summary: 
[2025-01-07 08:45:14,909] INFO: 	 lr: 0.00030000000000000073 	 Training loss: 0.04483840405941009
[2025-01-07 08:45:22,704] INFO: Iter 10400 Summary: 
[2025-01-07 08:45:22,705] INFO: 	 lr: 0.00030000000000000073 	 Training loss: 0.04485108453780413
[2025-01-07 08:45:29,206] INFO: Iter 10500 Summary: 
[2025-01-07 08:45:29,206] INFO: 	 lr: 0.00030000000000000073 	 Training loss: 0.04485960513353348
[2025-01-07 08:45:35,701] INFO: Iter 10600 Summary: 
[2025-01-07 08:45:35,701] INFO: 	 lr: 0.00030000000000000073 	 Training loss: 0.04465839404612779
[2025-01-07 08:45:42,267] INFO: Iter 10700 Summary: 
[2025-01-07 08:45:42,267] INFO: 	 lr: 0.00030000000000000073 	 Training loss: 0.044813264049589636
[2025-01-07 08:45:48,869] INFO: Iter 10800 Summary: 
[2025-01-07 08:45:48,869] INFO: 	 lr: 0.00030000000000000073 	 Training loss: 0.04474566221237183
[2025-01-07 08:45:54,939] INFO: Iter 10900 Summary: 
[2025-01-07 08:45:54,939] INFO: 	 lr: 0.00030000000000000073 	 Training loss: 0.04476317845284939
[2025-01-07 08:46:01,471] INFO: Iter 11000 Summary: 
[2025-01-07 08:46:01,471] INFO: 	 lr: 0.00030000000000000073 	 Training loss: 0.04489866770803928
[2025-01-07 08:46:09,613] INFO: Iter 11100 Summary: 
[2025-01-07 08:46:09,614] INFO: 	 lr: 0.00030000000000000073 	 Training loss: 0.04429542794823647
[2025-01-07 08:46:16,287] INFO: Iter 11200 Summary: 
[2025-01-07 08:46:16,287] INFO: 	 lr: 0.00030000000000000073 	 Training loss: 0.04421907365322113
[2025-01-07 08:46:22,774] INFO: Iter 11300 Summary: 
[2025-01-07 08:46:22,774] INFO: 	 lr: 0.00030000000000000073 	 Training loss: 0.04473070308566093
[2025-01-07 08:46:29,271] INFO: Iter 11400 Summary: 
[2025-01-07 08:46:29,271] INFO: 	 lr: 0.00030000000000000073 	 Training loss: 0.0444128106161952
[2025-01-07 08:46:35,725] INFO: Iter 11500 Summary: 
[2025-01-07 08:46:35,725] INFO: 	 lr: 0.00030000000000000073 	 Training loss: 0.04448038186877966
[2025-01-07 08:46:42,202] INFO: Iter 11600 Summary: 
[2025-01-07 08:46:42,202] INFO: 	 lr: 0.00030000000000000073 	 Training loss: 0.044465037249028685
[2025-01-07 08:46:49,663] INFO: Iter 11700 Summary: 
[2025-01-07 08:46:49,664] INFO: 	 lr: 0.00030000000000000073 	 Training loss: 0.044931523650884625
[2025-01-07 08:46:56,955] INFO: Iter 11800 Summary: 
[2025-01-07 08:46:56,955] INFO: 	 lr: 0.00030000000000000073 	 Training loss: 0.04449114765971899
[2025-01-07 08:47:03,462] INFO: Iter 11900 Summary: 
[2025-01-07 08:47:03,462] INFO: 	 lr: 0.00030000000000000073 	 Training loss: 0.04410620927810669
[2025-01-07 08:47:10,302] INFO: Iter 12000 Summary: 
[2025-01-07 08:47:10,302] INFO: 	 lr: 0.00030000000000000073 	 Training loss: 0.04426618192344904
[2025-01-07 08:47:19,904] INFO: Iter 12100 Summary: 
[2025-01-07 08:47:19,904] INFO: 	 lr: 0.00030000000000000073 	 Training loss: 0.04387471992522478
[2025-01-07 08:47:26,396] INFO: Iter 12200 Summary: 
[2025-01-07 08:47:26,396] INFO: 	 lr: 0.00030000000000000073 	 Training loss: 0.04389961402863264
[2025-01-07 08:47:33,242] INFO: Iter 12300 Summary: 
[2025-01-07 08:47:33,242] INFO: 	 lr: 0.00030000000000000073 	 Training loss: 0.04397690299898386
[2025-01-07 08:47:41,026] INFO: Iter 12400 Summary: 
[2025-01-07 08:47:41,026] INFO: 	 lr: 0.00030000000000000073 	 Training loss: 0.044628487080335615
[2025-01-07 08:47:47,631] INFO: Iter 12500 Summary: 
[2025-01-07 08:47:47,631] INFO: 	 lr: 0.00030000000000000073 	 Training loss: 0.04406842943280935
[2025-01-07 08:47:54,455] INFO: Iter 12600 Summary: 
[2025-01-07 08:47:54,455] INFO: 	 lr: 0.00030000000000000073 	 Training loss: 0.04432206243276596
[2025-01-07 08:48:01,200] INFO: Iter 12700 Summary: 
[2025-01-07 08:48:01,200] INFO: 	 lr: 0.00030000000000000073 	 Training loss: 0.04417549140751362
[2025-01-07 08:48:07,881] INFO: Iter 12800 Summary: 
[2025-01-07 08:48:07,881] INFO: 	 lr: 0.00030000000000000073 	 Training loss: 0.043833220042288304
[2025-01-07 08:48:14,347] INFO: Iter 12900 Summary: 
[2025-01-07 08:48:14,347] INFO: 	 lr: 0.00030000000000000073 	 Training loss: 0.04395612183958292
[2025-01-07 08:48:20,901] INFO: Iter 13000 Summary: 
[2025-01-07 08:48:20,901] INFO: 	 lr: 0.00030000000000000073 	 Training loss: 0.044128773137927055
[2025-01-07 08:48:28,783] INFO: Iter 13100 Summary: 
[2025-01-07 08:48:28,783] INFO: 	 lr: 0.00030000000000000073 	 Training loss: 0.043607648499310016
[2025-01-07 08:48:35,367] INFO: Iter 13200 Summary: 
[2025-01-07 08:48:35,367] INFO: 	 lr: 0.00030000000000000073 	 Training loss: 0.04365123007446527
[2025-01-07 08:48:41,925] INFO: Iter 13300 Summary: 
[2025-01-07 08:48:41,925] INFO: 	 lr: 0.00030000000000000073 	 Training loss: 0.04381999336183071
[2025-01-07 08:48:48,674] INFO: Iter 13400 Summary: 
[2025-01-07 08:48:48,674] INFO: 	 lr: 0.00030000000000000073 	 Training loss: 0.043911712728440765
[2025-01-07 08:48:55,253] INFO: Iter 13500 Summary: 
[2025-01-07 08:48:55,253] INFO: 	 lr: 0.00030000000000000073 	 Training loss: 0.043765472508966924
[2025-01-07 08:49:01,767] INFO: Iter 13600 Summary: 
[2025-01-07 08:49:01,767] INFO: 	 lr: 0.00030000000000000073 	 Training loss: 0.043789450526237485
[2025-01-07 08:49:08,278] INFO: Iter 13700 Summary: 
[2025-01-07 08:49:08,278] INFO: 	 lr: 0.00030000000000000073 	 Training loss: 0.043928852491080764
[2025-01-07 08:49:16,238] INFO: Iter 13800 Summary: 
[2025-01-07 08:49:16,238] INFO: 	 lr: 0.00030000000000000073 	 Training loss: 0.043488778434693814
[2025-01-07 08:49:22,469] INFO: Iter 13900 Summary: 
[2025-01-07 08:49:22,469] INFO: 	 lr: 0.00030000000000000073 	 Training loss: 0.04383235905319452
[2025-01-07 08:49:28,967] INFO: Iter 14000 Summary: 
[2025-01-07 08:49:28,968] INFO: 	 lr: 0.00030000000000000073 	 Training loss: 0.04369472540915012
[2025-01-07 08:49:38,227] INFO: Iter 14100 Summary: 
[2025-01-07 08:49:38,228] INFO: 	 lr: 0.00030000000000000073 	 Training loss: 0.04360675849020481
[2025-01-07 08:49:44,819] INFO: Iter 14200 Summary: 
[2025-01-07 08:49:44,819] INFO: 	 lr: 0.00030000000000000073 	 Training loss: 0.043407600931823255
[2025-01-07 08:49:51,039] INFO: Iter 14300 Summary: 
[2025-01-07 08:49:51,039] INFO: 	 lr: 0.00030000000000000073 	 Training loss: 0.04381510872393846
[2025-01-07 08:49:57,455] INFO: Iter 14400 Summary: 
[2025-01-07 08:49:57,455] INFO: 	 lr: 0.00030000000000000073 	 Training loss: 0.04381074428558349
[2025-01-07 08:50:05,212] INFO: Iter 14500 Summary: 
[2025-01-07 08:50:05,212] INFO: 	 lr: 0.00030000000000000073 	 Training loss: 0.04333637211471796
[2025-01-07 08:50:12,682] INFO: Iter 14600 Summary: 
[2025-01-07 08:50:12,682] INFO: 	 lr: 0.00030000000000000073 	 Training loss: 0.043637508526444435
[2025-01-07 08:50:19,296] INFO: Iter 14700 Summary: 
[2025-01-07 08:50:19,296] INFO: 	 lr: 0.00030000000000000073 	 Training loss: 0.04344036616384983
[2025-01-07 08:50:25,829] INFO: Iter 14800 Summary: 
[2025-01-07 08:50:25,829] INFO: 	 lr: 0.00030000000000000073 	 Training loss: 0.043924545235931874
[2025-01-07 08:50:32,308] INFO: Iter 14900 Summary: 
[2025-01-07 08:50:32,309] INFO: 	 lr: 0.00030000000000000073 	 Training loss: 0.04348155807703733
[2025-01-07 08:50:38,964] INFO: Iter 15000 Summary: 
[2025-01-07 08:50:38,964] INFO: 	 lr: 0.00030000000000000073 	 Training loss: 0.043606948778033255
[2025-01-07 08:50:45,427] INFO: Iter 15100 Summary: 
[2025-01-07 08:50:45,427] INFO: 	 lr: 0.00030000000000000073 	 Training loss: 0.04345552537590265
[2025-01-07 08:50:53,349] INFO: Iter 15200 Summary: 
[2025-01-07 08:50:53,349] INFO: 	 lr: 0.00030000000000000073 	 Training loss: 0.04330108501017094
[2025-01-07 08:50:59,887] INFO: Iter 15300 Summary: 
[2025-01-07 08:50:59,887] INFO: 	 lr: 0.00030000000000000073 	 Training loss: 0.0434972295165062
[2025-01-07 08:51:06,343] INFO: Iter 15400 Summary: 
[2025-01-07 08:51:06,343] INFO: 	 lr: 0.00030000000000000073 	 Training loss: 0.04341839924454689
[2025-01-07 08:51:12,842] INFO: Iter 15500 Summary: 
[2025-01-07 08:51:12,842] INFO: 	 lr: 0.00030000000000000073 	 Training loss: 0.04320222619920969
[2025-01-07 08:51:19,339] INFO: Iter 15600 Summary: 
[2025-01-07 08:51:19,339] INFO: 	 lr: 0.00030000000000000073 	 Training loss: 0.04322919752448797
[2025-01-07 08:51:25,838] INFO: Iter 15700 Summary: 
[2025-01-07 08:51:25,838] INFO: 	 lr: 0.00030000000000000073 	 Training loss: 0.04342823565006256
[2025-01-07 08:51:32,336] INFO: Iter 15800 Summary: 
[2025-01-07 08:51:32,336] INFO: 	 lr: 0.00030000000000000073 	 Training loss: 0.043235699161887166
[2025-01-07 08:51:40,065] INFO: Iter 15900 Summary: 
[2025-01-07 08:51:40,065] INFO: 	 lr: 0.00030000000000000073 	 Training loss: 0.04307012472301722
[2025-01-07 08:51:46,714] INFO: Iter 16000 Summary: 
[2025-01-07 08:51:46,714] INFO: 	 lr: 0.00030000000000000073 	 Training loss: 0.04316583227366209
[2025-01-07 08:51:55,827] INFO: Iter 16100 Summary: 
[2025-01-07 08:51:55,827] INFO: 	 lr: 0.00030000000000000073 	 Training loss: 0.04304101247340441
[2025-01-07 08:52:02,417] INFO: Iter 16200 Summary: 
[2025-01-07 08:52:02,418] INFO: 	 lr: 0.00030000000000000073 	 Training loss: 0.04297111697494984
[2025-01-07 08:52:09,440] INFO: Iter 16300 Summary: 
[2025-01-07 08:52:09,440] INFO: 	 lr: 0.00030000000000000073 	 Training loss: 0.04320465613156557
[2025-01-07 08:52:15,929] INFO: Iter 16400 Summary: 
[2025-01-07 08:52:15,930] INFO: 	 lr: 0.00030000000000000073 	 Training loss: 0.04333212491124869
[2025-01-07 08:52:22,321] INFO: Iter 16500 Summary: 
[2025-01-07 08:52:22,321] INFO: 	 lr: 0.00030000000000000073 	 Training loss: 0.043237080685794356
[2025-01-07 08:52:29,864] INFO: Iter 16600 Summary: 
[2025-01-07 08:52:29,865] INFO: 	 lr: 0.00030000000000000073 	 Training loss: 0.04331566233187914
[2025-01-07 08:52:36,353] INFO: Iter 16700 Summary: 
[2025-01-07 08:52:36,353] INFO: 	 lr: 0.00030000000000000073 	 Training loss: 0.042981493286788464
[2025-01-07 08:52:42,834] INFO: Iter 16800 Summary: 
[2025-01-07 08:52:42,834] INFO: 	 lr: 0.00030000000000000073 	 Training loss: 0.042884305939078333
[2025-01-07 08:52:49,618] INFO: Iter 16900 Summary: 
[2025-01-07 08:52:49,618] INFO: 	 lr: 0.00030000000000000073 	 Training loss: 0.043139086440205573
[2025-01-07 08:52:56,327] INFO: Iter 17000 Summary: 
[2025-01-07 08:52:56,327] INFO: 	 lr: 0.00030000000000000073 	 Training loss: 0.04310500331223011
[2025-01-07 08:53:02,858] INFO: Iter 17100 Summary: 
[2025-01-07 08:53:02,858] INFO: 	 lr: 0.00030000000000000073 	 Training loss: 0.04312511593103409
[2025-01-07 08:53:09,418] INFO: Iter 17200 Summary: 
[2025-01-07 08:53:09,418] INFO: 	 lr: 0.00030000000000000073 	 Training loss: 0.043076436519622806
[2025-01-07 08:53:17,233] INFO: Iter 17300 Summary: 
[2025-01-07 08:53:17,233] INFO: 	 lr: 0.00030000000000000073 	 Training loss: 0.04293367672711611
[2025-01-07 08:53:23,742] INFO: Iter 17400 Summary: 
[2025-01-07 08:53:23,743] INFO: 	 lr: 0.00030000000000000073 	 Training loss: 0.04300370838493109
[2025-01-07 08:53:30,178] INFO: Iter 17500 Summary: 
[2025-01-07 08:53:30,178] INFO: 	 lr: 0.00030000000000000073 	 Training loss: 0.04258458014577627
[2025-01-07 08:53:36,609] INFO: Iter 17600 Summary: 
[2025-01-07 08:53:36,609] INFO: 	 lr: 0.00030000000000000073 	 Training loss: 0.043088006153702736
[2025-01-07 08:53:43,188] INFO: Iter 17700 Summary: 
[2025-01-07 08:53:43,189] INFO: 	 lr: 0.00030000000000000073 	 Training loss: 0.042999808974564076
[2025-01-07 08:53:49,735] INFO: Iter 17800 Summary: 
[2025-01-07 08:53:49,735] INFO: 	 lr: 0.00030000000000000073 	 Training loss: 0.04292803425341844
[2025-01-07 08:53:57,328] INFO: Iter 17900 Summary: 
[2025-01-07 08:53:57,328] INFO: 	 lr: 0.00030000000000000073 	 Training loss: 0.0431371596083045
[2025-01-07 08:54:03,878] INFO: Iter 18000 Summary: 
[2025-01-07 08:54:03,878] INFO: 	 lr: 0.00030000000000000073 	 Training loss: 0.04304876353591681
[2025-01-07 08:54:13,140] INFO: Iter 18100 Summary: 
[2025-01-07 08:54:13,140] INFO: 	 lr: 0.00030000000000000073 	 Training loss: 0.04266210276633501
[2025-01-07 08:54:19,813] INFO: Iter 18200 Summary: 
[2025-01-07 08:54:19,814] INFO: 	 lr: 0.00030000000000000073 	 Training loss: 0.04290158528834581
[2025-01-07 08:54:26,350] INFO: Iter 18300 Summary: 
[2025-01-07 08:54:26,351] INFO: 	 lr: 0.00030000000000000073 	 Training loss: 0.04300227973610163
[2025-01-07 08:54:32,842] INFO: Iter 18400 Summary: 
[2025-01-07 08:54:32,842] INFO: 	 lr: 0.00030000000000000073 	 Training loss: 0.04265144769102335
[2025-01-07 08:54:39,266] INFO: Iter 18500 Summary: 
[2025-01-07 08:54:39,266] INFO: 	 lr: 0.00030000000000000073 	 Training loss: 0.0431244433298707
[2025-01-07 08:54:47,066] INFO: Iter 18600 Summary: 
[2025-01-07 08:54:47,066] INFO: 	 lr: 0.00030000000000000073 	 Training loss: 0.042832200862467286
[2025-01-07 08:54:53,599] INFO: Iter 18700 Summary: 
[2025-01-07 08:54:53,599] INFO: 	 lr: 0.00030000000000000073 	 Training loss: 0.0427395373955369
[2025-01-07 08:55:00,096] INFO: Iter 18800 Summary: 
[2025-01-07 08:55:00,097] INFO: 	 lr: 0.00030000000000000073 	 Training loss: 0.042712308652698996
[2025-01-07 08:55:06,584] INFO: Iter 18900 Summary: 
[2025-01-07 08:55:06,584] INFO: 	 lr: 0.00030000000000000073 	 Training loss: 0.04260817479342222
[2025-01-07 08:55:13,055] INFO: Iter 19000 Summary: 
[2025-01-07 08:55:13,055] INFO: 	 lr: 0.00030000000000000073 	 Training loss: 0.04261049136519432
[2025-01-07 08:55:19,750] INFO: Iter 19100 Summary: 
[2025-01-07 08:55:19,750] INFO: 	 lr: 0.00030000000000000073 	 Training loss: 0.042958844155073166
[2025-01-07 08:55:26,295] INFO: Iter 19200 Summary: 
[2025-01-07 08:55:26,296] INFO: 	 lr: 0.00030000000000000073 	 Training loss: 0.04279084764420986
[2025-01-07 08:55:34,439] INFO: Iter 19300 Summary: 
[2025-01-07 08:55:34,439] INFO: 	 lr: 0.00030000000000000073 	 Training loss: 0.04276511758565903
[2025-01-07 08:55:40,937] INFO: Iter 19400 Summary: 
[2025-01-07 08:55:40,937] INFO: 	 lr: 0.00030000000000000073 	 Training loss: 0.04293772242963314
[2025-01-07 08:55:47,424] INFO: Iter 19500 Summary: 
[2025-01-07 08:55:47,424] INFO: 	 lr: 0.00030000000000000073 	 Training loss: 0.04283002354204655
[2025-01-07 08:55:53,953] INFO: Iter 19600 Summary: 
[2025-01-07 08:55:53,953] INFO: 	 lr: 0.00030000000000000073 	 Training loss: 0.04303025171160698
[2025-01-07 08:56:00,695] INFO: Iter 19700 Summary: 
[2025-01-07 08:56:00,695] INFO: 	 lr: 0.00030000000000000073 	 Training loss: 0.042462440021336076
[2025-01-07 08:56:07,232] INFO: Iter 19800 Summary: 
[2025-01-07 08:56:07,232] INFO: 	 lr: 0.00030000000000000073 	 Training loss: 0.042462332136929036
[2025-01-07 08:56:13,532] INFO: Iter 19900 Summary: 
[2025-01-07 08:56:13,532] INFO: 	 lr: 0.00030000000000000073 	 Training loss: 0.0429232195392251
[2025-01-07 08:56:21,089] INFO: Iter 20000 Summary: 
[2025-01-07 08:56:21,089] INFO: 	 lr: 0.00030000000000000073 	 Training loss: 0.042457836233079436
[2025-01-07 08:56:30,647] INFO: Iter 20100 Summary: 
[2025-01-07 08:56:30,647] INFO: 	 lr: 0.00030000000000000073 	 Training loss: 0.0425346427038312
[2025-01-07 08:56:37,705] INFO: Iter 20200 Summary: 
[2025-01-07 08:56:37,706] INFO: 	 lr: 0.00030000000000000073 	 Training loss: 0.042568349950015544
[2025-01-07 08:56:44,925] INFO: Iter 20300 Summary: 
[2025-01-07 08:56:44,925] INFO: 	 lr: 0.00030000000000000073 	 Training loss: 0.04267268192023039
[2025-01-07 08:56:51,335] INFO: Iter 20400 Summary: 
[2025-01-07 08:56:51,335] INFO: 	 lr: 0.00030000000000000073 	 Training loss: 0.04221159860491753
[2025-01-07 08:56:57,713] INFO: Iter 20500 Summary: 
[2025-01-07 08:56:57,713] INFO: 	 lr: 0.00030000000000000073 	 Training loss: 0.04282037418335676
[2025-01-07 08:57:04,242] INFO: Iter 20600 Summary: 
[2025-01-07 08:57:04,242] INFO: 	 lr: 0.00030000000000000073 	 Training loss: 0.04249452203512192
[2025-01-07 08:57:11,827] INFO: Iter 20700 Summary: 
[2025-01-07 08:57:11,827] INFO: 	 lr: 0.00030000000000000073 	 Training loss: 0.04209875088185072
[2025-01-07 08:57:18,419] INFO: Iter 20800 Summary: 
[2025-01-07 08:57:18,419] INFO: 	 lr: 0.00030000000000000073 	 Training loss: 0.04256606206297874
[2025-01-07 08:57:25,025] INFO: Iter 20900 Summary: 
[2025-01-07 08:57:25,025] INFO: 	 lr: 0.00030000000000000073 	 Training loss: 0.042564640566706655
[2025-01-07 08:57:31,575] INFO: Iter 21000 Summary: 
[2025-01-07 08:57:31,575] INFO: 	 lr: 0.00030000000000000073 	 Training loss: 0.04273979783058166
[2025-01-07 08:57:38,029] INFO: Iter 21100 Summary: 
[2025-01-07 08:57:38,029] INFO: 	 lr: 0.00030000000000000073 	 Training loss: 0.04263183068484068
[2025-01-07 08:57:44,374] INFO: Iter 21200 Summary: 
[2025-01-07 08:57:44,375] INFO: 	 lr: 0.00030000000000000073 	 Training loss: 0.042453246712684634
[2025-01-07 08:57:50,858] INFO: Iter 21300 Summary: 
[2025-01-07 08:57:50,858] INFO: 	 lr: 0.00030000000000000073 	 Training loss: 0.04248039670288563
[2025-01-07 08:57:58,549] INFO: Iter 21400 Summary: 
[2025-01-07 08:57:58,549] INFO: 	 lr: 0.00030000000000000073 	 Training loss: 0.04239330366253853
[2025-01-07 08:58:05,136] INFO: Iter 21500 Summary: 
[2025-01-07 08:58:05,136] INFO: 	 lr: 0.00030000000000000073 	 Training loss: 0.04229139719158411
[2025-01-07 08:58:11,427] INFO: Iter 21600 Summary: 
[2025-01-07 08:58:11,427] INFO: 	 lr: 0.00030000000000000073 	 Training loss: 0.042224011681973934
[2025-01-07 08:58:17,638] INFO: Iter 21700 Summary: 
[2025-01-07 08:58:17,638] INFO: 	 lr: 0.00030000000000000073 	 Training loss: 0.04255822874605655
[2025-01-07 08:58:24,337] INFO: Iter 21800 Summary: 
[2025-01-07 08:58:24,337] INFO: 	 lr: 0.00030000000000000073 	 Training loss: 0.04237590312957764
[2025-01-07 08:58:30,819] INFO: Iter 21900 Summary: 
[2025-01-07 08:58:30,820] INFO: 	 lr: 0.00030000000000000073 	 Training loss: 0.04228982906788588
[2025-01-07 08:58:37,307] INFO: Iter 22000 Summary: 
[2025-01-07 08:58:37,308] INFO: 	 lr: 0.00030000000000000073 	 Training loss: 0.042566585913300516
[2025-01-07 08:58:47,613] INFO: Iter 22100 Summary: 
[2025-01-07 08:58:47,613] INFO: 	 lr: 0.00030000000000000073 	 Training loss: 0.04228397957980633
[2025-01-07 08:58:54,099] INFO: Iter 22200 Summary: 
[2025-01-07 08:58:54,100] INFO: 	 lr: 0.00030000000000000073 	 Training loss: 0.04229891549795866
[2025-01-07 08:59:00,749] INFO: Iter 22300 Summary: 
[2025-01-07 08:59:00,749] INFO: 	 lr: 0.00030000000000000073 	 Training loss: 0.042477951161563395
[2025-01-07 08:59:07,216] INFO: Iter 22400 Summary: 
[2025-01-07 08:59:07,216] INFO: 	 lr: 0.00030000000000000073 	 Training loss: 0.042709227576851846
[2025-01-07 08:59:14,087] INFO: Iter 22500 Summary: 
[2025-01-07 08:59:14,088] INFO: 	 lr: 0.00030000000000000073 	 Training loss: 0.0424417931959033
[2025-01-07 08:59:20,742] INFO: Iter 22600 Summary: 
[2025-01-07 08:59:20,742] INFO: 	 lr: 0.00030000000000000073 	 Training loss: 0.0422334910184145
[2025-01-07 08:59:27,226] INFO: Iter 22700 Summary: 
[2025-01-07 08:59:27,227] INFO: 	 lr: 0.00030000000000000073 	 Training loss: 0.04215073760598898
[2025-01-07 08:59:35,057] INFO: Iter 22800 Summary: 
[2025-01-07 08:59:35,058] INFO: 	 lr: 0.00030000000000000073 	 Training loss: 0.04200344506651163
[2025-01-07 08:59:41,556] INFO: Iter 22900 Summary: 
[2025-01-07 08:59:41,556] INFO: 	 lr: 0.00030000000000000073 	 Training loss: 0.042424063235521316
[2025-01-07 08:59:48,045] INFO: Iter 23000 Summary: 
[2025-01-07 08:59:48,045] INFO: 	 lr: 0.00030000000000000073 	 Training loss: 0.04261609297245741
[2025-01-07 08:59:54,497] INFO: Iter 23100 Summary: 
[2025-01-07 08:59:54,497] INFO: 	 lr: 0.00030000000000000073 	 Training loss: 0.04207662682980299
[2025-01-07 09:00:00,999] INFO: Iter 23200 Summary: 
[2025-01-07 09:00:00,999] INFO: 	 lr: 0.00030000000000000073 	 Training loss: 0.04199891272932291
[2025-01-07 09:00:07,620] INFO: Iter 23300 Summary: 
[2025-01-07 09:00:07,620] INFO: 	 lr: 0.00030000000000000073 	 Training loss: 0.042311829775571824
[2025-01-07 09:00:15,468] INFO: Iter 23400 Summary: 
[2025-01-07 09:00:15,469] INFO: 	 lr: 0.00030000000000000073 	 Training loss: 0.042775191329419614
[2025-01-07 09:00:22,018] INFO: Iter 23500 Summary: 
[2025-01-07 09:00:22,018] INFO: 	 lr: 0.00030000000000000073 	 Training loss: 0.041963228471577164
[2025-01-07 09:00:28,533] INFO: Iter 23600 Summary: 
[2025-01-07 09:00:28,533] INFO: 	 lr: 0.00030000000000000073 	 Training loss: 0.0421448789909482
[2025-01-07 09:00:35,112] INFO: Iter 23700 Summary: 
[2025-01-07 09:00:35,112] INFO: 	 lr: 0.00030000000000000073 	 Training loss: 0.042231508120894434
[2025-01-07 09:00:41,460] INFO: Iter 23800 Summary: 
[2025-01-07 09:00:41,460] INFO: 	 lr: 0.00030000000000000073 	 Training loss: 0.04207484353333712
[2025-01-07 09:00:47,943] INFO: Iter 23900 Summary: 
[2025-01-07 09:00:47,943] INFO: 	 lr: 0.00030000000000000073 	 Training loss: 0.04221751417964697
[2025-01-07 09:00:54,373] INFO: Iter 24000 Summary: 
[2025-01-07 09:00:54,373] INFO: 	 lr: 0.00030000000000000073 	 Training loss: 0.04251519251614809
[2025-01-07 09:01:04,718] INFO: Iter 24100 Summary: 
[2025-01-07 09:01:04,718] INFO: 	 lr: 0.00030000000000000073 	 Training loss: 0.042294192165136336
[2025-01-07 09:01:11,296] INFO: Iter 24200 Summary: 
[2025-01-07 09:01:11,296] INFO: 	 lr: 0.00030000000000000073 	 Training loss: 0.042307800836861136
[2025-01-07 09:01:17,698] INFO: Iter 24300 Summary: 
[2025-01-07 09:01:17,698] INFO: 	 lr: 0.00030000000000000073 	 Training loss: 0.04193771902471781
[2025-01-07 09:01:24,140] INFO: Iter 24400 Summary: 
[2025-01-07 09:01:24,140] INFO: 	 lr: 0.00030000000000000073 	 Training loss: 0.04221970472484827
[2025-01-07 09:01:30,539] INFO: Iter 24500 Summary: 
[2025-01-07 09:01:30,539] INFO: 	 lr: 0.00030000000000000073 	 Training loss: 0.04228480271995068
[2025-01-07 09:01:37,062] INFO: Iter 24600 Summary: 
[2025-01-07 09:01:37,062] INFO: 	 lr: 0.00030000000000000073 	 Training loss: 0.042527310624718664
[2025-01-07 09:01:43,584] INFO: Iter 24700 Summary: 
[2025-01-07 09:01:43,584] INFO: 	 lr: 0.00030000000000000073 	 Training loss: 0.042208188250660895
[2025-01-07 09:01:51,768] INFO: Iter 24800 Summary: 
[2025-01-07 09:01:51,768] INFO: 	 lr: 0.00030000000000000073 	 Training loss: 0.041985241845250126
[2025-01-07 09:01:59,092] INFO: Iter 24900 Summary: 
[2025-01-07 09:01:59,092] INFO: 	 lr: 0.00030000000000000073 	 Training loss: 0.0422910825908184
[2025-01-07 09:02:05,585] INFO: Iter 25000 Summary: 
[2025-01-07 09:02:05,585] INFO: 	 lr: 0.00030000000000000073 	 Training loss: 0.04199786830693483
[2025-01-07 09:02:12,054] INFO: Iter 25100 Summary: 
[2025-01-07 09:02:12,054] INFO: 	 lr: 0.00030000000000000073 	 Training loss: 0.04222295362502337
[2025-01-07 09:02:18,554] INFO: Iter 25200 Summary: 
[2025-01-07 09:02:18,554] INFO: 	 lr: 0.00030000000000000073 	 Training loss: 0.04199682623147964
[2025-01-07 09:02:25,096] INFO: Iter 25300 Summary: 
[2025-01-07 09:02:25,097] INFO: 	 lr: 0.00030000000000000073 	 Training loss: 0.04211505517363548
[2025-01-07 09:02:31,592] INFO: Iter 25400 Summary: 
[2025-01-07 09:02:31,592] INFO: 	 lr: 0.00030000000000000073 	 Training loss: 0.042204518504440784
[2025-01-07 09:02:39,429] INFO: Iter 25500 Summary: 
[2025-01-07 09:02:39,430] INFO: 	 lr: 0.00030000000000000073 	 Training loss: 0.04202924400568008
[2025-01-07 09:02:45,954] INFO: Iter 25600 Summary: 
[2025-01-07 09:02:45,954] INFO: 	 lr: 0.00030000000000000073 	 Training loss: 0.04192313939332962
[2025-01-07 09:02:52,683] INFO: Iter 25700 Summary: 
[2025-01-07 09:02:52,683] INFO: 	 lr: 0.00030000000000000073 	 Training loss: 0.04211954534053802
[2025-01-07 09:03:00,069] INFO: Iter 25800 Summary: 
[2025-01-07 09:03:00,069] INFO: 	 lr: 0.00030000000000000073 	 Training loss: 0.04201337486505508
[2025-01-07 09:03:06,544] INFO: Iter 25900 Summary: 
[2025-01-07 09:03:06,544] INFO: 	 lr: 0.00030000000000000073 	 Training loss: 0.04208328243345022
[2025-01-07 09:03:13,026] INFO: Iter 26000 Summary: 
[2025-01-07 09:03:13,026] INFO: 	 lr: 0.00030000000000000073 	 Training loss: 0.04221832767128944
[2025-01-07 09:03:22,204] INFO: Iter 26100 Summary: 
[2025-01-07 09:03:22,204] INFO: 	 lr: 0.00030000000000000073 	 Training loss: 0.04222230594605207
[2025-01-07 09:03:30,191] INFO: Iter 26200 Summary: 
[2025-01-07 09:03:30,191] INFO: 	 lr: 0.00030000000000000073 	 Training loss: 0.04201042491942644
[2025-01-07 09:03:36,501] INFO: Iter 26300 Summary: 
[2025-01-07 09:03:36,501] INFO: 	 lr: 0.00030000000000000073 	 Training loss: 0.04192927684634924
[2025-01-07 09:03:43,019] INFO: Iter 26400 Summary: 
[2025-01-07 09:03:43,019] INFO: 	 lr: 0.00030000000000000073 	 Training loss: 0.042104749605059624
[2025-01-07 09:03:49,662] INFO: Iter 26500 Summary: 
[2025-01-07 09:03:49,662] INFO: 	 lr: 0.00030000000000000073 	 Training loss: 0.04204415246844292
[2025-01-07 09:03:56,306] INFO: Iter 26600 Summary: 
[2025-01-07 09:03:56,306] INFO: 	 lr: 0.00030000000000000073 	 Training loss: 0.042121379859745504
[2025-01-07 09:04:03,609] INFO: Iter 26700 Summary: 
[2025-01-07 09:04:03,609] INFO: 	 lr: 0.00030000000000000073 	 Training loss: 0.04211878687143326
[2025-01-07 09:04:10,119] INFO: Iter 26800 Summary: 
[2025-01-07 09:04:10,119] INFO: 	 lr: 0.00030000000000000073 	 Training loss: 0.042179744504392144
[2025-01-07 09:04:17,888] INFO: Iter 26900 Summary: 
[2025-01-07 09:04:17,888] INFO: 	 lr: 0.00030000000000000073 	 Training loss: 0.042233405858278276
[2025-01-07 09:04:24,697] INFO: Iter 27000 Summary: 
[2025-01-07 09:04:24,697] INFO: 	 lr: 0.00030000000000000073 	 Training loss: 0.041797821633517744
[2025-01-07 09:04:31,698] INFO: Iter 27100 Summary: 
[2025-01-07 09:04:31,698] INFO: 	 lr: 0.00030000000000000073 	 Training loss: 0.041950951628386975
[2025-01-07 09:04:38,193] INFO: Iter 27200 Summary: 
[2025-01-07 09:04:38,193] INFO: 	 lr: 0.00030000000000000073 	 Training loss: 0.04181973155587912
[2025-01-07 09:04:44,892] INFO: Iter 27300 Summary: 
[2025-01-07 09:04:44,892] INFO: 	 lr: 0.00030000000000000073 	 Training loss: 0.04202082771807909
[2025-01-07 09:04:52,210] INFO: Iter 27400 Summary: 
[2025-01-07 09:04:52,210] INFO: 	 lr: 0.00030000000000000073 	 Training loss: 0.0419298281148076
[2025-01-07 09:04:58,792] INFO: Iter 27500 Summary: 
[2025-01-07 09:04:58,792] INFO: 	 lr: 0.00030000000000000073 	 Training loss: 0.0422268757969141
[2025-01-07 09:05:06,837] INFO: Iter 27600 Summary: 
[2025-01-07 09:05:06,837] INFO: 	 lr: 0.00030000000000000073 	 Training loss: 0.04206454548984766
[2025-01-07 09:05:14,013] INFO: Iter 27700 Summary: 
[2025-01-07 09:05:14,013] INFO: 	 lr: 0.00030000000000000073 	 Training loss: 0.042192808203399185
[2025-01-07 09:05:21,281] INFO: Iter 27800 Summary: 
[2025-01-07 09:05:21,281] INFO: 	 lr: 0.00030000000000000073 	 Training loss: 0.04190189138054848
[2025-01-07 09:05:27,789] INFO: Iter 27900 Summary: 
[2025-01-07 09:05:27,789] INFO: 	 lr: 0.00030000000000000073 	 Training loss: 0.04208730209618807
[2025-01-07 09:05:34,329] INFO: Iter 28000 Summary: 
[2025-01-07 09:05:34,330] INFO: 	 lr: 0.00030000000000000073 	 Training loss: 0.041831939630210396
[2025-01-07 09:05:43,605] INFO: Iter 28100 Summary: 
[2025-01-07 09:05:43,605] INFO: 	 lr: 0.00030000000000000073 	 Training loss: 0.0416323184221983
[2025-01-07 09:05:50,614] INFO: Iter 28200 Summary: 
[2025-01-07 09:05:50,614] INFO: 	 lr: 0.00030000000000000073 	 Training loss: 0.042210567258298394
[2025-01-07 09:05:58,333] INFO: Iter 28300 Summary: 
[2025-01-07 09:05:58,333] INFO: 	 lr: 0.00030000000000000073 	 Training loss: 0.04154931899160147
[2025-01-07 09:06:05,085] INFO: Iter 28400 Summary: 
[2025-01-07 09:06:05,085] INFO: 	 lr: 0.00030000000000000073 	 Training loss: 0.04174446526914835
[2025-01-07 09:06:11,570] INFO: Iter 28500 Summary: 
[2025-01-07 09:06:11,570] INFO: 	 lr: 0.00030000000000000073 	 Training loss: 0.04207065235823393
[2025-01-07 09:06:18,046] INFO: Iter 28600 Summary: 
[2025-01-07 09:06:18,046] INFO: 	 lr: 0.00030000000000000073 	 Training loss: 0.04189470369368792
[2025-01-07 09:06:24,543] INFO: Iter 28700 Summary: 
[2025-01-07 09:06:24,543] INFO: 	 lr: 0.00030000000000000073 	 Training loss: 0.04194795198738575
[2025-01-07 09:06:31,038] INFO: Iter 28800 Summary: 
[2025-01-07 09:06:31,038] INFO: 	 lr: 0.00030000000000000073 	 Training loss: 0.042132090963423255
[2025-01-07 09:06:38,657] INFO: Iter 28900 Summary: 
[2025-01-07 09:06:38,657] INFO: 	 lr: 0.00030000000000000073 	 Training loss: 0.04193621978163719
[2025-01-07 09:06:45,346] INFO: Iter 29000 Summary: 
[2025-01-07 09:06:45,346] INFO: 	 lr: 0.00030000000000000073 	 Training loss: 0.04168636482208967
[2025-01-07 09:06:51,764] INFO: Iter 29100 Summary: 
[2025-01-07 09:06:51,764] INFO: 	 lr: 0.00030000000000000073 	 Training loss: 0.0416795389726758
[2025-01-07 09:06:58,473] INFO: Iter 29200 Summary: 
[2025-01-07 09:06:58,473] INFO: 	 lr: 0.00030000000000000073 	 Training loss: 0.04177442383021116
[2025-01-07 09:07:05,433] INFO: Iter 29300 Summary: 
[2025-01-07 09:07:05,434] INFO: 	 lr: 0.00030000000000000073 	 Training loss: 0.04195404157042503
[2025-01-07 09:07:12,314] INFO: Iter 29400 Summary: 
[2025-01-07 09:07:12,315] INFO: 	 lr: 0.00030000000000000073 	 Training loss: 0.04168352283537388
[2025-01-07 09:07:18,831] INFO: Iter 29500 Summary: 
[2025-01-07 09:07:18,831] INFO: 	 lr: 0.00030000000000000073 	 Training loss: 0.04205492746084929
[2025-01-07 09:07:26,643] INFO: Iter 29600 Summary: 
[2025-01-07 09:07:26,644] INFO: 	 lr: 0.00030000000000000073 	 Training loss: 0.041823165714740755
[2025-01-07 09:07:33,273] INFO: Iter 29700 Summary: 
[2025-01-07 09:07:33,273] INFO: 	 lr: 0.00030000000000000073 	 Training loss: 0.04168085396289825
[2025-01-07 09:07:40,096] INFO: Iter 29800 Summary: 
[2025-01-07 09:07:40,096] INFO: 	 lr: 0.00030000000000000073 	 Training loss: 0.041553975567221645
[2025-01-07 09:07:46,935] INFO: Iter 29900 Summary: 
[2025-01-07 09:07:46,935] INFO: 	 lr: 0.00030000000000000073 	 Training loss: 0.041956685855984686
[2025-01-07 09:07:53,496] INFO: Iter 30000 Summary: 
[2025-01-07 09:07:53,496] INFO: 	 lr: 0.00030000000000000073 	 Training loss: 0.042177220433950426
[2025-01-07 09:08:01,824] INFO: Iter 30100 Summary: 
[2025-01-07 09:08:01,824] INFO: 	 lr: 1.2900000000000026e-05 	 Training loss: 0.0406693821772933
[2025-01-07 09:08:08,992] INFO: Iter 30200 Summary: 
[2025-01-07 09:08:08,993] INFO: 	 lr: 1.000000000000002e-05 	 Training loss: 0.040811554081738
[2025-01-07 09:08:16,736] INFO: Iter 30300 Summary: 
[2025-01-07 09:08:16,737] INFO: 	 lr: 1.000000000000002e-05 	 Training loss: 0.04077939990907908
[2025-01-07 09:08:22,956] INFO: Iter 30400 Summary: 
[2025-01-07 09:08:22,956] INFO: 	 lr: 1.000000000000002e-05 	 Training loss: 0.040042140372097496
[2025-01-07 09:08:29,961] INFO: Iter 30500 Summary: 
[2025-01-07 09:08:29,962] INFO: 	 lr: 1.000000000000002e-05 	 Training loss: 0.04013612270355225
[2025-01-07 09:08:36,607] INFO: Iter 30600 Summary: 
[2025-01-07 09:08:36,607] INFO: 	 lr: 1.000000000000002e-05 	 Training loss: 0.040336427837610246
[2025-01-07 09:08:43,603] INFO: Iter 30700 Summary: 
[2025-01-07 09:08:43,603] INFO: 	 lr: 1.000000000000002e-05 	 Training loss: 0.0402546389773488
[2025-01-07 09:08:50,836] INFO: Iter 30800 Summary: 
[2025-01-07 09:08:50,836] INFO: 	 lr: 1.000000000000002e-05 	 Training loss: 0.040202036760747434
[2025-01-07 09:08:57,316] INFO: Iter 30900 Summary: 
[2025-01-07 09:08:57,317] INFO: 	 lr: 1.000000000000002e-05 	 Training loss: 0.04007367234677076
[2025-01-07 09:09:04,986] INFO: Iter 31000 Summary: 
[2025-01-07 09:09:04,987] INFO: 	 lr: 1.000000000000002e-05 	 Training loss: 0.040115603655576704
[2025-01-07 09:09:11,852] INFO: Iter 31100 Summary: 
[2025-01-07 09:09:11,852] INFO: 	 lr: 1.000000000000002e-05 	 Training loss: 0.03996814914047718
[2025-01-07 09:09:18,383] INFO: Iter 31200 Summary: 
[2025-01-07 09:09:18,383] INFO: 	 lr: 1.000000000000002e-05 	 Training loss: 0.039912613444030284
[2025-01-07 09:09:24,541] INFO: Iter 31300 Summary: 
[2025-01-07 09:09:24,541] INFO: 	 lr: 1.000000000000002e-05 	 Training loss: 0.040032601766288284
[2025-01-07 09:09:30,951] INFO: Iter 31400 Summary: 
[2025-01-07 09:09:30,951] INFO: 	 lr: 1.000000000000002e-05 	 Training loss: 0.04012110747396946
[2025-01-07 09:09:37,443] INFO: Iter 31500 Summary: 
[2025-01-07 09:09:37,443] INFO: 	 lr: 1.000000000000002e-05 	 Training loss: 0.040167437233030796
[2025-01-07 09:09:43,802] INFO: Iter 31600 Summary: 
[2025-01-07 09:09:43,802] INFO: 	 lr: 1.000000000000002e-05 	 Training loss: 0.04001705586910248
[2025-01-07 09:09:51,770] INFO: Iter 31700 Summary: 
[2025-01-07 09:09:51,770] INFO: 	 lr: 1.000000000000002e-05 	 Training loss: 0.0398536142706871
[2025-01-07 09:09:58,761] INFO: Iter 31800 Summary: 
[2025-01-07 09:09:58,761] INFO: 	 lr: 1.000000000000002e-05 	 Training loss: 0.03994731567800045
[2025-01-07 09:10:05,607] INFO: Iter 31900 Summary: 
[2025-01-07 09:10:05,607] INFO: 	 lr: 1.000000000000002e-05 	 Training loss: 0.03969673167914152
[2025-01-07 09:10:11,805] INFO: Iter 32000 Summary: 
[2025-01-07 09:10:11,806] INFO: 	 lr: 1.000000000000002e-05 	 Training loss: 0.0398473072424531
[2025-01-07 09:10:20,991] INFO: Iter 32100 Summary: 
[2025-01-07 09:10:20,991] INFO: 	 lr: 1.000000000000002e-05 	 Training loss: 0.0398993518948555
[2025-01-07 09:10:27,418] INFO: Iter 32200 Summary: 
[2025-01-07 09:10:27,418] INFO: 	 lr: 1.000000000000002e-05 	 Training loss: 0.04007456552237272
[2025-01-07 09:10:33,790] INFO: Iter 32300 Summary: 
[2025-01-07 09:10:33,790] INFO: 	 lr: 1.000000000000002e-05 	 Training loss: 0.039947753213346
[2025-01-07 09:10:41,285] INFO: Iter 32400 Summary: 
[2025-01-07 09:10:41,285] INFO: 	 lr: 1.000000000000002e-05 	 Training loss: 0.04008514527231455
[2025-01-07 09:10:47,800] INFO: Iter 32500 Summary: 
[2025-01-07 09:10:47,800] INFO: 	 lr: 1.000000000000002e-05 	 Training loss: 0.039797678031027316
[2025-01-07 09:10:54,518] INFO: Iter 32600 Summary: 
[2025-01-07 09:10:54,518] INFO: 	 lr: 1.000000000000002e-05 	 Training loss: 0.039648575596511366
[2025-01-07 09:11:01,031] INFO: Iter 32700 Summary: 
[2025-01-07 09:11:01,032] INFO: 	 lr: 1.000000000000002e-05 	 Training loss: 0.039784364514052865
[2025-01-07 09:11:08,316] INFO: Iter 32800 Summary: 
[2025-01-07 09:11:08,316] INFO: 	 lr: 1.000000000000002e-05 	 Training loss: 0.03964585781097412
[2025-01-07 09:11:14,303] INFO: Iter 32900 Summary: 
[2025-01-07 09:11:14,303] INFO: 	 lr: 1.000000000000002e-05 	 Training loss: 0.04024702709168196
[2025-01-07 09:11:20,747] INFO: Iter 33000 Summary: 
[2025-01-07 09:11:20,748] INFO: 	 lr: 1.000000000000002e-05 	 Training loss: 0.0397848616167903
[2025-01-07 09:11:28,461] INFO: Iter 33100 Summary: 
[2025-01-07 09:11:28,462] INFO: 	 lr: 1.000000000000002e-05 	 Training loss: 0.040100036412477495
[2025-01-07 09:11:34,969] INFO: Iter 33200 Summary: 
[2025-01-07 09:11:34,969] INFO: 	 lr: 1.000000000000002e-05 	 Training loss: 0.039657445512712004
[2025-01-07 09:11:41,480] INFO: Iter 33300 Summary: 
[2025-01-07 09:11:41,480] INFO: 	 lr: 1.000000000000002e-05 	 Training loss: 0.03985915258526802
[2025-01-07 09:11:47,978] INFO: Iter 33400 Summary: 
[2025-01-07 09:11:47,978] INFO: 	 lr: 1.000000000000002e-05 	 Training loss: 0.04012360285967589
[2025-01-07 09:11:54,851] INFO: Iter 33500 Summary: 
[2025-01-07 09:11:54,851] INFO: 	 lr: 1.000000000000002e-05 	 Training loss: 0.03979990627616644
[2025-01-07 09:12:01,368] INFO: Iter 33600 Summary: 
[2025-01-07 09:12:01,368] INFO: 	 lr: 1.000000000000002e-05 	 Training loss: 0.03943359237164259
[2025-01-07 09:12:07,881] INFO: Iter 33700 Summary: 
[2025-01-07 09:12:07,881] INFO: 	 lr: 1.000000000000002e-05 	 Training loss: 0.03968177348375321
[2025-01-07 09:12:16,862] INFO: Iter 33800 Summary: 
[2025-01-07 09:12:16,863] INFO: 	 lr: 1.000000000000002e-05 	 Training loss: 0.03989991586655378
[2025-01-07 09:12:24,364] INFO: Iter 33900 Summary: 
[2025-01-07 09:12:24,364] INFO: 	 lr: 1.000000000000002e-05 	 Training loss: 0.03959626719355583
[2025-01-07 09:12:31,184] INFO: Iter 34000 Summary: 
[2025-01-07 09:12:31,184] INFO: 	 lr: 1.000000000000002e-05 	 Training loss: 0.04014412995427847
[2025-01-07 09:12:40,459] INFO: Iter 34100 Summary: 
[2025-01-07 09:12:40,459] INFO: 	 lr: 1.000000000000002e-05 	 Training loss: 0.039732098132371906
[2025-01-07 09:12:46,935] INFO: Iter 34200 Summary: 
[2025-01-07 09:12:46,936] INFO: 	 lr: 1.000000000000002e-05 	 Training loss: 0.03975441966205835
[2025-01-07 09:12:53,640] INFO: Iter 34300 Summary: 
[2025-01-07 09:12:53,640] INFO: 	 lr: 1.000000000000002e-05 	 Training loss: 0.03959606565535068
[2025-01-07 09:13:00,231] INFO: Iter 34400 Summary: 
[2025-01-07 09:13:00,231] INFO: 	 lr: 1.000000000000002e-05 	 Training loss: 0.03963752511888743
[2025-01-07 09:13:08,291] INFO: Iter 34500 Summary: 
[2025-01-07 09:13:08,292] INFO: 	 lr: 1.000000000000002e-05 	 Training loss: 0.039824641719460485
[2025-01-07 09:13:14,958] INFO: Iter 34600 Summary: 
[2025-01-07 09:13:14,958] INFO: 	 lr: 1.000000000000002e-05 	 Training loss: 0.03993203926831484
[2025-01-07 09:13:21,447] INFO: Iter 34700 Summary: 
[2025-01-07 09:13:21,447] INFO: 	 lr: 1.000000000000002e-05 	 Training loss: 0.03957127474248409
[2025-01-07 09:13:27,930] INFO: Iter 34800 Summary: 
[2025-01-07 09:13:27,931] INFO: 	 lr: 1.000000000000002e-05 	 Training loss: 0.0395735426992178
[2025-01-07 09:13:34,380] INFO: Iter 34900 Summary: 
[2025-01-07 09:13:34,380] INFO: 	 lr: 1.000000000000002e-05 	 Training loss: 0.03956824567168951
[2025-01-07 09:13:40,873] INFO: Iter 35000 Summary: 
[2025-01-07 09:13:40,873] INFO: 	 lr: 1.000000000000002e-05 	 Training loss: 0.03968026533722877
[2025-01-07 09:13:49,132] INFO: Iter 35100 Summary: 
[2025-01-07 09:13:49,132] INFO: 	 lr: 1.000000000000002e-05 	 Training loss: 0.03985146570950746
[2025-01-07 09:13:55,808] INFO: Iter 35200 Summary: 
[2025-01-07 09:13:55,808] INFO: 	 lr: 1.000000000000002e-05 	 Training loss: 0.04003661930561066
[2025-01-07 09:14:02,291] INFO: Iter 35300 Summary: 
[2025-01-07 09:14:02,291] INFO: 	 lr: 1.000000000000002e-05 	 Training loss: 0.03953453317284584
[2025-01-07 09:14:09,307] INFO: Iter 35400 Summary: 
[2025-01-07 09:14:09,307] INFO: 	 lr: 1.000000000000002e-05 	 Training loss: 0.0397069401293993
[2025-01-07 09:14:15,465] INFO: Iter 35500 Summary: 
[2025-01-07 09:14:15,465] INFO: 	 lr: 1.000000000000002e-05 	 Training loss: 0.03931176777929068
[2025-01-07 09:14:21,914] INFO: Iter 35600 Summary: 
[2025-01-07 09:14:21,915] INFO: 	 lr: 1.000000000000002e-05 	 Training loss: 0.03996730081737041
[2025-01-07 09:14:28,386] INFO: Iter 35700 Summary: 
[2025-01-07 09:14:28,386] INFO: 	 lr: 1.000000000000002e-05 	 Training loss: 0.03975583285093307
[2025-01-07 09:14:36,911] INFO: Iter 35800 Summary: 
[2025-01-07 09:14:36,912] INFO: 	 lr: 1.000000000000002e-05 	 Training loss: 0.03963127698749304
[2025-01-07 09:14:43,403] INFO: Iter 35900 Summary: 
[2025-01-07 09:14:43,403] INFO: 	 lr: 1.000000000000002e-05 	 Training loss: 0.03967823527753353
[2025-01-07 09:14:49,888] INFO: Iter 36000 Summary: 
[2025-01-07 09:14:49,888] INFO: 	 lr: 1.000000000000002e-05 	 Training loss: 0.039557197503745554
[2025-01-07 09:14:58,918] INFO: Iter 36100 Summary: 
[2025-01-07 09:14:58,919] INFO: 	 lr: 1.000000000000002e-05 	 Training loss: 0.0396471843123436
[2025-01-07 09:15:05,428] INFO: Iter 36200 Summary: 
[2025-01-07 09:15:05,428] INFO: 	 lr: 1.000000000000002e-05 	 Training loss: 0.03958691157400608
[2025-01-07 09:15:11,932] INFO: Iter 36300 Summary: 
[2025-01-07 09:15:11,932] INFO: 	 lr: 1.000000000000002e-05 	 Training loss: 0.03941179770976305
[2025-01-07 09:15:18,421] INFO: Iter 36400 Summary: 
[2025-01-07 09:15:18,421] INFO: 	 lr: 1.000000000000002e-05 	 Training loss: 0.040017437972128395
[2025-01-07 09:15:27,564] INFO: Iter 36500 Summary: 
[2025-01-07 09:15:27,565] INFO: 	 lr: 1.000000000000002e-05 	 Training loss: 0.039642715007066724
[2025-01-07 09:15:34,701] INFO: Iter 36600 Summary: 
[2025-01-07 09:15:34,702] INFO: 	 lr: 1.000000000000002e-05 	 Training loss: 0.03972005639225244
[2025-01-07 09:15:41,682] INFO: Iter 36700 Summary: 
[2025-01-07 09:15:41,683] INFO: 	 lr: 1.000000000000002e-05 	 Training loss: 0.03975801568478346
[2025-01-07 09:15:48,405] INFO: Iter 36800 Summary: 
[2025-01-07 09:15:48,405] INFO: 	 lr: 1.000000000000002e-05 	 Training loss: 0.03939353745430708
[2025-01-07 09:15:54,923] INFO: Iter 36900 Summary: 
[2025-01-07 09:15:54,923] INFO: 	 lr: 1.000000000000002e-05 	 Training loss: 0.039630055986344816
[2025-01-07 09:16:01,442] INFO: Iter 37000 Summary: 
[2025-01-07 09:16:01,442] INFO: 	 lr: 1.000000000000002e-05 	 Training loss: 0.039636478424072266
[2025-01-07 09:16:07,959] INFO: Iter 37100 Summary: 
[2025-01-07 09:16:07,959] INFO: 	 lr: 1.000000000000002e-05 	 Training loss: 0.04012043915688992
[2025-01-07 09:16:17,455] INFO: Iter 37200 Summary: 
[2025-01-07 09:16:17,455] INFO: 	 lr: 1.000000000000002e-05 	 Training loss: 0.0393040381744504
[2025-01-07 09:16:24,151] INFO: Iter 37300 Summary: 
[2025-01-07 09:16:24,151] INFO: 	 lr: 1.000000000000002e-05 	 Training loss: 0.039460957422852515
[2025-01-07 09:16:30,683] INFO: Iter 37400 Summary: 
[2025-01-07 09:16:30,683] INFO: 	 lr: 1.000000000000002e-05 	 Training loss: 0.03978569135069847
[2025-01-07 09:16:37,210] INFO: Iter 37500 Summary: 
[2025-01-07 09:16:37,210] INFO: 	 lr: 1.000000000000002e-05 	 Training loss: 0.0394923372939229
[2025-01-07 09:16:43,686] INFO: Iter 37600 Summary: 
[2025-01-07 09:16:43,686] INFO: 	 lr: 1.000000000000002e-05 	 Training loss: 0.039612475894391534
[2025-01-07 09:16:50,147] INFO: Iter 37700 Summary: 
[2025-01-07 09:16:50,148] INFO: 	 lr: 1.000000000000002e-05 	 Training loss: 0.03966128278523683
[2025-01-07 09:16:56,642] INFO: Iter 37800 Summary: 
[2025-01-07 09:16:56,642] INFO: 	 lr: 1.000000000000002e-05 	 Training loss: 0.039537466615438464
[2025-01-07 09:17:04,889] INFO: Iter 37900 Summary: 
[2025-01-07 09:17:04,889] INFO: 	 lr: 1.000000000000002e-05 	 Training loss: 0.039709240347146985
[2025-01-07 09:17:11,536] INFO: Iter 38000 Summary: 
[2025-01-07 09:17:11,536] INFO: 	 lr: 1.000000000000002e-05 	 Training loss: 0.03979666296392679
[2025-01-07 09:17:20,756] INFO: Iter 38100 Summary: 
[2025-01-07 09:17:20,756] INFO: 	 lr: 1.000000000000002e-05 	 Training loss: 0.039527900032699105
[2025-01-07 09:17:27,268] INFO: Iter 38200 Summary: 
[2025-01-07 09:17:27,268] INFO: 	 lr: 1.000000000000002e-05 	 Training loss: 0.03941867019981146
[2025-01-07 09:17:33,747] INFO: Iter 38300 Summary: 
[2025-01-07 09:17:33,747] INFO: 	 lr: 1.000000000000002e-05 	 Training loss: 0.03957070793956518
[2025-01-07 09:17:40,267] INFO: Iter 38400 Summary: 
[2025-01-07 09:17:40,268] INFO: 	 lr: 1.000000000000002e-05 	 Training loss: 0.03958899732679129
[2025-01-07 09:17:46,774] INFO: Iter 38500 Summary: 
[2025-01-07 09:17:46,774] INFO: 	 lr: 1.000000000000002e-05 	 Training loss: 0.03955103900283575
[2025-01-07 09:17:54,586] INFO: Iter 38600 Summary: 
[2025-01-07 09:17:54,586] INFO: 	 lr: 1.000000000000002e-05 	 Training loss: 0.039567482955753804
[2025-01-07 09:18:01,107] INFO: Iter 38700 Summary: 
[2025-01-07 09:18:01,107] INFO: 	 lr: 1.000000000000002e-05 	 Training loss: 0.03957963887602091
[2025-01-07 09:18:07,610] INFO: Iter 38800 Summary: 
[2025-01-07 09:18:07,610] INFO: 	 lr: 1.000000000000002e-05 	 Training loss: 0.039524200670421124
[2025-01-07 09:18:14,258] INFO: Iter 38900 Summary: 
[2025-01-07 09:18:14,258] INFO: 	 lr: 1.000000000000002e-05 	 Training loss: 0.039355497770011426
[2025-01-07 09:18:21,068] INFO: Iter 39000 Summary: 
[2025-01-07 09:18:21,068] INFO: 	 lr: 1.000000000000002e-05 	 Training loss: 0.039469699673354626
[2025-01-07 09:18:27,891] INFO: Iter 39100 Summary: 
[2025-01-07 09:18:27,891] INFO: 	 lr: 1.000000000000002e-05 	 Training loss: 0.03945702515542507
[2025-01-07 09:18:34,371] INFO: Iter 39200 Summary: 
[2025-01-07 09:18:34,371] INFO: 	 lr: 1.000000000000002e-05 	 Training loss: 0.03967272825539112
[2025-01-07 09:18:42,251] INFO: Iter 39300 Summary: 
[2025-01-07 09:18:42,251] INFO: 	 lr: 1.000000000000002e-05 	 Training loss: 0.039576284475624564
[2025-01-07 09:18:48,766] INFO: Iter 39400 Summary: 
[2025-01-07 09:18:48,766] INFO: 	 lr: 1.000000000000002e-05 	 Training loss: 0.039401719123125074
[2025-01-07 09:18:55,748] INFO: Iter 39500 Summary: 
[2025-01-07 09:18:55,748] INFO: 	 lr: 1.000000000000002e-05 	 Training loss: 0.039103412739932536
[2025-01-07 09:19:02,255] INFO: Iter 39600 Summary: 
[2025-01-07 09:19:02,256] INFO: 	 lr: 1.000000000000002e-05 	 Training loss: 0.03956278543919325
[2025-01-07 09:19:08,829] INFO: Iter 39700 Summary: 
[2025-01-07 09:19:08,829] INFO: 	 lr: 1.000000000000002e-05 	 Training loss: 0.039779764004051685
[2025-01-07 09:19:15,691] INFO: Iter 39800 Summary: 
[2025-01-07 09:19:15,691] INFO: 	 lr: 1.000000000000002e-05 	 Training loss: 0.0393131947517395
[2025-01-07 09:19:22,555] INFO: Iter 39900 Summary: 
[2025-01-07 09:19:22,555] INFO: 	 lr: 1.000000000000002e-05 	 Training loss: 0.03933116763830185
[2025-01-07 09:19:32,105] INFO: Iter 40000 Summary: 
[2025-01-07 09:19:32,105] INFO: 	 lr: 1.000000000000002e-05 	 Training loss: 0.03927219808101654
