[2025-01-15 07:32:54,815] INFO: {
    "abs_dir": "/home/diwang/siMLPe/exps/baseline_h36m",
    "batch_size": 256,
    "cos_lr_max": 1e-05,
    "cos_lr_min": 5e-08,
    "cos_lr_total_iters": 40000,
    "data_aug": true,
    "deriv_input": true,
    "deriv_output": true,
    "device": "cuda:4",
    "h36m_anno_dir": "/home/diwang/siMLPe/data/h36m/",
    "link_log_file": "/home/diwang/siMLPe/exps/baseline_h36m/log/log_last.log",
    "link_val_log_file": "/home/diwang/siMLPe/exps/baseline_h36m/log/val_last.log",
    "log_dir": "/home/diwang/siMLPe/exps/baseline_h36m/log",
    "log_file": "/home/diwang/siMLPe/exps/baseline_h36m/log/log_2025_01_15_07_32_38.log",
    "model_pth": null,
    "motion": {
        "dim": 66,
        "h36m_input_length": 50,
        "h36m_input_length_dct": 50,
        "h36m_target_length": 10,
        "h36m_target_length_eval": 25,
        "h36m_target_length_train": 10
    },
    "motion_fc_in": {
        "activation": "relu",
        "in_features": 66,
        "init_w_trunc_normal": false,
        "out_features": 66,
        "temporal_fc": false,
        "with_norm": false
    },
    "motion_fc_out": {
        "activation": "relu",
        "in_features": 66,
        "init_w_trunc_normal": true,
        "out_features": 66,
        "temporal_fc": false,
        "with_norm": false
    },
    "motion_mlp": {
        "hidden_dim": 66,
        "norm_axis": "spatial",
        "num_layers": 48,
        "seq_len": 50,
        "spatial_fc_only": false,
        "with_normalization": true
    },
    "num_workers": 8,
    "post_dct": false,
    "pre_dct": false,
    "print_every": 100,
    "repo_name": "siMLPe",
    "root_dir": "/home/diwang/siMLPe",
    "save_every": 2000,
    "seed": 304,
    "shift_step": 1,
    "snapshot_dir": "/home/diwang/siMLPe/exps/baseline_h36m/log/snapshot",
    "this_dir": "baseline_h36m",
    "use_relative_loss": true,
    "val_log_file": "/home/diwang/siMLPe/exps/baseline_h36m/log/val_2025_01_15_07_32_38.log",
    "weight_decay": 0.0001
}
[2025-01-15 07:33:04,340] INFO: Iter 100 Summary: 
[2025-01-15 07:33:04,340] INFO: 	 lr: 0.00030000000000000073 	 Training loss: 0.09109303593635559
[2025-01-15 07:33:10,973] INFO: Iter 200 Summary: 
[2025-01-15 07:33:10,974] INFO: 	 lr: 0.00030000000000000073 	 Training loss: 0.07475001901388169
[2025-01-15 07:33:17,850] INFO: Iter 300 Summary: 
[2025-01-15 07:33:17,850] INFO: 	 lr: 0.00030000000000000073 	 Training loss: 0.07297014631330967
[2025-01-15 07:33:24,964] INFO: Iter 400 Summary: 
[2025-01-15 07:33:24,965] INFO: 	 lr: 0.00030000000000000073 	 Training loss: 0.05607551634311676
[2025-01-15 07:33:32,119] INFO: Iter 500 Summary: 
[2025-01-15 07:33:32,119] INFO: 	 lr: 0.00030000000000000073 	 Training loss: 0.04112641390413046
[2025-01-15 07:33:39,048] INFO: Iter 600 Summary: 
[2025-01-15 07:33:39,048] INFO: 	 lr: 0.00030000000000000073 	 Training loss: 0.03767028924077749
[2025-01-15 07:33:47,409] INFO: Iter 700 Summary: 
[2025-01-15 07:33:47,410] INFO: 	 lr: 0.00030000000000000073 	 Training loss: 0.03633388064801693
[2025-01-15 07:33:54,281] INFO: Iter 800 Summary: 
[2025-01-15 07:33:54,281] INFO: 	 lr: 0.00030000000000000073 	 Training loss: 0.03508800059556961
[2025-01-15 07:34:01,261] INFO: Iter 900 Summary: 
[2025-01-15 07:34:01,261] INFO: 	 lr: 0.00030000000000000073 	 Training loss: 0.034509391132742165
[2025-01-15 07:34:07,997] INFO: Iter 1000 Summary: 
[2025-01-15 07:34:07,997] INFO: 	 lr: 0.00030000000000000073 	 Training loss: 0.033784269616007806
[2025-01-15 07:34:14,856] INFO: Iter 1100 Summary: 
[2025-01-15 07:34:14,856] INFO: 	 lr: 0.00030000000000000073 	 Training loss: 0.033399301413446665
[2025-01-15 07:34:21,614] INFO: Iter 1200 Summary: 
[2025-01-15 07:34:21,614] INFO: 	 lr: 0.00030000000000000073 	 Training loss: 0.032478247843682764
[2025-01-15 07:34:28,373] INFO: Iter 1300 Summary: 
[2025-01-15 07:34:28,373] INFO: 	 lr: 0.00030000000000000073 	 Training loss: 0.032376398500055074
[2025-01-15 07:34:36,529] INFO: Iter 1400 Summary: 
[2025-01-15 07:34:36,529] INFO: 	 lr: 0.00030000000000000073 	 Training loss: 0.03199048165231943
[2025-01-15 07:34:43,340] INFO: Iter 1500 Summary: 
[2025-01-15 07:34:43,340] INFO: 	 lr: 0.00030000000000000073 	 Training loss: 0.0317526682652533
[2025-01-15 07:34:50,100] INFO: Iter 1600 Summary: 
[2025-01-15 07:34:50,101] INFO: 	 lr: 0.00030000000000000073 	 Training loss: 0.03126426704227924
[2025-01-15 07:34:56,487] INFO: Iter 1700 Summary: 
[2025-01-15 07:34:56,487] INFO: 	 lr: 0.00030000000000000073 	 Training loss: 0.03159889917820692
[2025-01-15 07:35:03,347] INFO: Iter 1800 Summary: 
[2025-01-15 07:35:03,347] INFO: 	 lr: 0.00030000000000000073 	 Training loss: 0.031223460827022792
[2025-01-15 07:35:09,844] INFO: Iter 1900 Summary: 
[2025-01-15 07:35:09,844] INFO: 	 lr: 0.00030000000000000073 	 Training loss: 0.031215896625071765
[2025-01-15 07:35:16,738] INFO: Iter 2000 Summary: 
[2025-01-15 07:35:16,738] INFO: 	 lr: 0.00030000000000000073 	 Training loss: 0.03032781844958663
[2025-01-15 07:35:27,744] INFO: Iter 2100 Summary: 
[2025-01-15 07:35:27,744] INFO: 	 lr: 0.00030000000000000073 	 Training loss: 0.030101853292435407
[2025-01-15 07:35:34,640] INFO: Iter 2200 Summary: 
[2025-01-15 07:35:34,640] INFO: 	 lr: 0.00030000000000000073 	 Training loss: 0.029945972301065923
[2025-01-15 07:35:41,887] INFO: Iter 2300 Summary: 
[2025-01-15 07:35:41,887] INFO: 	 lr: 0.00030000000000000073 	 Training loss: 0.030222943387925624
[2025-01-15 07:35:48,759] INFO: Iter 2400 Summary: 
[2025-01-15 07:35:48,759] INFO: 	 lr: 0.00030000000000000073 	 Training loss: 0.029753975123167038
[2025-01-15 07:35:55,536] INFO: Iter 2500 Summary: 
[2025-01-15 07:35:55,536] INFO: 	 lr: 0.00030000000000000073 	 Training loss: 0.02969846049323678
[2025-01-15 07:36:02,299] INFO: Iter 2600 Summary: 
[2025-01-15 07:36:02,299] INFO: 	 lr: 0.00030000000000000073 	 Training loss: 0.029840163122862577
[2025-01-15 07:36:09,076] INFO: Iter 2700 Summary: 
[2025-01-15 07:36:09,076] INFO: 	 lr: 0.00030000000000000073 	 Training loss: 0.029422327224165202
[2025-01-15 07:36:17,174] INFO: Iter 2800 Summary: 
[2025-01-15 07:36:17,174] INFO: 	 lr: 0.00030000000000000073 	 Training loss: 0.029813641775399448
[2025-01-15 07:36:24,375] INFO: Iter 2900 Summary: 
[2025-01-15 07:36:24,375] INFO: 	 lr: 0.00030000000000000073 	 Training loss: 0.02920110572129488
[2025-01-15 07:36:31,297] INFO: Iter 3000 Summary: 
[2025-01-15 07:36:31,297] INFO: 	 lr: 0.00030000000000000073 	 Training loss: 0.029673089869320393
[2025-01-15 07:36:37,989] INFO: Iter 3100 Summary: 
[2025-01-15 07:36:37,990] INFO: 	 lr: 0.00030000000000000073 	 Training loss: 0.02929149266332388
[2025-01-15 07:36:44,688] INFO: Iter 3200 Summary: 
[2025-01-15 07:36:44,688] INFO: 	 lr: 0.00030000000000000073 	 Training loss: 0.029075379204005002
[2025-01-15 07:36:51,969] INFO: Iter 3300 Summary: 
[2025-01-15 07:36:51,969] INFO: 	 lr: 0.00030000000000000073 	 Training loss: 0.028764888681471347
[2025-01-15 07:36:59,906] INFO: Iter 3400 Summary: 
[2025-01-15 07:36:59,906] INFO: 	 lr: 0.00030000000000000073 	 Training loss: 0.028904954362660648
[2025-01-15 07:37:12,176] INFO: Iter 3500 Summary: 
[2025-01-15 07:37:12,176] INFO: 	 lr: 0.00030000000000000073 	 Training loss: 0.028760877307504415
[2025-01-15 07:37:23,586] INFO: Iter 3600 Summary: 
[2025-01-15 07:37:23,587] INFO: 	 lr: 0.00030000000000000073 	 Training loss: 0.0286932435259223
[2025-01-15 07:37:34,251] INFO: Iter 3700 Summary: 
[2025-01-15 07:37:34,251] INFO: 	 lr: 0.00030000000000000073 	 Training loss: 0.028355297837406396
[2025-01-15 07:37:44,520] INFO: Iter 3800 Summary: 
[2025-01-15 07:37:44,520] INFO: 	 lr: 0.00030000000000000073 	 Training loss: 0.02810300815850496
[2025-01-15 07:37:56,143] INFO: Iter 3900 Summary: 
[2025-01-15 07:37:56,143] INFO: 	 lr: 0.00030000000000000073 	 Training loss: 0.028165857419371606
[2025-01-15 07:38:07,610] INFO: Iter 4000 Summary: 
[2025-01-15 07:38:07,611] INFO: 	 lr: 0.00030000000000000073 	 Training loss: 0.028740666452795268
[2025-01-15 07:38:23,680] INFO: Iter 4100 Summary: 
[2025-01-15 07:38:23,680] INFO: 	 lr: 0.00030000000000000073 	 Training loss: 0.02860927512869239
[2025-01-15 07:38:38,888] INFO: Iter 4200 Summary: 
[2025-01-15 07:38:38,888] INFO: 	 lr: 0.00030000000000000073 	 Training loss: 0.027861070558428763
[2025-01-15 07:38:48,952] INFO: Iter 4300 Summary: 
[2025-01-15 07:38:48,952] INFO: 	 lr: 0.00030000000000000073 	 Training loss: 0.028101398199796675
[2025-01-15 07:39:00,061] INFO: Iter 4400 Summary: 
[2025-01-15 07:39:00,061] INFO: 	 lr: 0.00030000000000000073 	 Training loss: 0.027634795345366
[2025-01-15 07:39:11,251] INFO: Iter 4500 Summary: 
[2025-01-15 07:39:11,251] INFO: 	 lr: 0.00030000000000000073 	 Training loss: 0.027646359112113713
[2025-01-15 07:39:22,432] INFO: Iter 4600 Summary: 
[2025-01-15 07:39:22,432] INFO: 	 lr: 0.00030000000000000073 	 Training loss: 0.02802686294540763
[2025-01-15 07:39:34,092] INFO: Iter 4700 Summary: 
[2025-01-15 07:39:34,092] INFO: 	 lr: 0.00030000000000000073 	 Training loss: 0.02833180710673332
[2025-01-15 07:39:46,123] INFO: Iter 4800 Summary: 
[2025-01-15 07:39:46,123] INFO: 	 lr: 0.00030000000000000073 	 Training loss: 0.027737297024577855
[2025-01-15 07:39:59,449] INFO: Iter 4900 Summary: 
[2025-01-15 07:39:59,450] INFO: 	 lr: 0.00030000000000000073 	 Training loss: 0.02772028060629964
[2025-01-15 07:40:10,592] INFO: Iter 5000 Summary: 
[2025-01-15 07:40:10,592] INFO: 	 lr: 0.00030000000000000073 	 Training loss: 0.027899000234901904
[2025-01-15 07:40:22,221] INFO: Iter 5100 Summary: 
[2025-01-15 07:40:22,221] INFO: 	 lr: 0.00030000000000000073 	 Training loss: 0.02747577669098973
[2025-01-15 07:40:33,165] INFO: Iter 5200 Summary: 
[2025-01-15 07:40:33,165] INFO: 	 lr: 0.00030000000000000073 	 Training loss: 0.02761921804398298
[2025-01-15 07:40:44,970] INFO: Iter 5300 Summary: 
[2025-01-15 07:40:44,971] INFO: 	 lr: 0.00030000000000000073 	 Training loss: 0.02746935285627842
[2025-01-15 07:40:57,100] INFO: Iter 5400 Summary: 
[2025-01-15 07:40:57,101] INFO: 	 lr: 0.00030000000000000073 	 Training loss: 0.027217473965138198
[2025-01-15 07:41:08,432] INFO: Iter 5500 Summary: 
[2025-01-15 07:41:08,433] INFO: 	 lr: 0.00030000000000000073 	 Training loss: 0.02741173140704632
[2025-01-15 07:41:21,005] INFO: Iter 5600 Summary: 
[2025-01-15 07:41:21,005] INFO: 	 lr: 0.00030000000000000073 	 Training loss: 0.027378395665436983
[2025-01-15 07:41:31,799] INFO: Iter 5700 Summary: 
[2025-01-15 07:41:31,800] INFO: 	 lr: 0.00030000000000000073 	 Training loss: 0.026992049422115087
[2025-01-15 07:41:43,537] INFO: Iter 5800 Summary: 
[2025-01-15 07:41:43,537] INFO: 	 lr: 0.00030000000000000073 	 Training loss: 0.027355277128517628
[2025-01-15 07:41:55,402] INFO: Iter 5900 Summary: 
[2025-01-15 07:41:55,402] INFO: 	 lr: 0.00030000000000000073 	 Training loss: 0.027130945697426797
[2025-01-15 07:42:06,380] INFO: Iter 6000 Summary: 
[2025-01-15 07:42:06,380] INFO: 	 lr: 0.00030000000000000073 	 Training loss: 0.027102217953652145
[2025-01-15 07:42:21,537] INFO: Iter 6100 Summary: 
[2025-01-15 07:42:21,537] INFO: 	 lr: 0.00030000000000000073 	 Training loss: 0.02719009295105934
[2025-01-15 07:42:34,468] INFO: Iter 6200 Summary: 
[2025-01-15 07:42:34,468] INFO: 	 lr: 0.00030000000000000073 	 Training loss: 0.027072589118033646
[2025-01-15 07:42:45,674] INFO: Iter 6300 Summary: 
[2025-01-15 07:42:45,674] INFO: 	 lr: 0.00030000000000000073 	 Training loss: 0.02675727678462863
[2025-01-15 07:42:56,610] INFO: Iter 6400 Summary: 
[2025-01-15 07:42:56,610] INFO: 	 lr: 0.00030000000000000073 	 Training loss: 0.026745987758040428
[2025-01-15 07:43:08,168] INFO: Iter 6500 Summary: 
[2025-01-15 07:43:08,168] INFO: 	 lr: 0.00030000000000000073 	 Training loss: 0.02674651736393571
[2025-01-15 07:43:19,554] INFO: Iter 6600 Summary: 
[2025-01-15 07:43:19,554] INFO: 	 lr: 0.00030000000000000073 	 Training loss: 0.02662489254027605
[2025-01-15 07:43:31,091] INFO: Iter 6700 Summary: 
[2025-01-15 07:43:31,091] INFO: 	 lr: 0.00030000000000000073 	 Training loss: 0.026415060870349408
[2025-01-15 07:43:42,360] INFO: Iter 6800 Summary: 
[2025-01-15 07:43:42,360] INFO: 	 lr: 0.00030000000000000073 	 Training loss: 0.026343513056635858
[2025-01-15 07:43:54,951] INFO: Iter 6900 Summary: 
[2025-01-15 07:43:54,951] INFO: 	 lr: 0.00030000000000000073 	 Training loss: 0.026458173431456088
[2025-01-15 07:44:05,285] INFO: Iter 7000 Summary: 
[2025-01-15 07:44:05,285] INFO: 	 lr: 0.00030000000000000073 	 Training loss: 0.02656713204458356
[2025-01-15 07:44:17,250] INFO: Iter 7100 Summary: 
[2025-01-15 07:44:17,250] INFO: 	 lr: 0.00030000000000000073 	 Training loss: 0.026200069058686496
[2025-01-15 07:44:28,717] INFO: Iter 7200 Summary: 
[2025-01-15 07:44:28,717] INFO: 	 lr: 0.00030000000000000073 	 Training loss: 0.026104355938732626
[2025-01-15 07:44:40,017] INFO: Iter 7300 Summary: 
[2025-01-15 07:44:40,018] INFO: 	 lr: 0.00030000000000000073 	 Training loss: 0.026121764834970237
[2025-01-15 07:44:51,217] INFO: Iter 7400 Summary: 
[2025-01-15 07:44:51,217] INFO: 	 lr: 0.00030000000000000073 	 Training loss: 0.02592023640871048
[2025-01-15 07:45:03,874] INFO: Iter 7500 Summary: 
[2025-01-15 07:45:03,874] INFO: 	 lr: 0.00030000000000000073 	 Training loss: 0.02598643073812127
[2025-01-15 07:45:15,475] INFO: Iter 7600 Summary: 
[2025-01-15 07:45:15,475] INFO: 	 lr: 0.00030000000000000073 	 Training loss: 0.02596487581729889
[2025-01-15 07:45:26,699] INFO: Iter 7700 Summary: 
[2025-01-15 07:45:26,699] INFO: 	 lr: 0.00030000000000000073 	 Training loss: 0.02591778665781021
[2025-01-15 07:45:38,056] INFO: Iter 7800 Summary: 
[2025-01-15 07:45:38,056] INFO: 	 lr: 0.00030000000000000073 	 Training loss: 0.025557817555963994
[2025-01-15 07:45:49,030] INFO: Iter 7900 Summary: 
[2025-01-15 07:45:49,030] INFO: 	 lr: 0.00030000000000000073 	 Training loss: 0.025745342653244734
[2025-01-15 07:46:00,464] INFO: Iter 8000 Summary: 
[2025-01-15 07:46:00,464] INFO: 	 lr: 0.00030000000000000073 	 Training loss: 0.025739882532507183
[2025-01-15 07:46:16,421] INFO: Iter 8100 Summary: 
[2025-01-15 07:46:16,421] INFO: 	 lr: 0.00030000000000000073 	 Training loss: 0.02572679368779063
[2025-01-15 07:46:28,597] INFO: Iter 8200 Summary: 
[2025-01-15 07:46:28,597] INFO: 	 lr: 0.00030000000000000073 	 Training loss: 0.025848978981375694
[2025-01-15 07:46:40,617] INFO: Iter 8300 Summary: 
[2025-01-15 07:46:40,617] INFO: 	 lr: 0.00030000000000000073 	 Training loss: 0.025540342070162297
[2025-01-15 07:46:52,143] INFO: Iter 8400 Summary: 
[2025-01-15 07:46:52,143] INFO: 	 lr: 0.00030000000000000073 	 Training loss: 0.027865379080176354
[2025-01-15 07:47:03,186] INFO: Iter 8500 Summary: 
[2025-01-15 07:47:03,186] INFO: 	 lr: 0.00030000000000000073 	 Training loss: 0.029079453833401204
[2025-01-15 07:47:14,643] INFO: Iter 8600 Summary: 
[2025-01-15 07:47:14,643] INFO: 	 lr: 0.00030000000000000073 	 Training loss: 0.027127337772399188
[2025-01-15 07:47:26,028] INFO: Iter 8700 Summary: 
[2025-01-15 07:47:26,028] INFO: 	 lr: 0.00030000000000000073 	 Training loss: 0.026702613700181246
[2025-01-15 07:47:37,881] INFO: Iter 8800 Summary: 
[2025-01-15 07:47:37,881] INFO: 	 lr: 0.00030000000000000073 	 Training loss: 0.026684555783867837
[2025-01-15 07:47:48,878] INFO: Iter 8900 Summary: 
[2025-01-15 07:47:48,878] INFO: 	 lr: 0.00030000000000000073 	 Training loss: 0.026135347466915846
[2025-01-15 07:48:01,179] INFO: Iter 9000 Summary: 
[2025-01-15 07:48:01,180] INFO: 	 lr: 0.00030000000000000073 	 Training loss: 0.026118943318724632
[2025-01-15 07:48:13,689] INFO: Iter 9100 Summary: 
[2025-01-15 07:48:13,689] INFO: 	 lr: 0.00030000000000000073 	 Training loss: 0.02614181913435459
[2025-01-15 07:48:25,581] INFO: Iter 9200 Summary: 
[2025-01-15 07:48:25,582] INFO: 	 lr: 0.00030000000000000073 	 Training loss: 0.02605072658509016
[2025-01-15 07:48:36,716] INFO: Iter 9300 Summary: 
[2025-01-15 07:48:36,717] INFO: 	 lr: 0.00030000000000000073 	 Training loss: 0.02604964891448617
[2025-01-15 07:48:48,113] INFO: Iter 9400 Summary: 
[2025-01-15 07:48:48,113] INFO: 	 lr: 0.00030000000000000073 	 Training loss: 0.02556850416585803
[2025-01-15 07:49:00,080] INFO: Iter 9500 Summary: 
[2025-01-15 07:49:00,080] INFO: 	 lr: 0.00030000000000000073 	 Training loss: 0.025697047431021927
[2025-01-15 07:49:12,091] INFO: Iter 9600 Summary: 
[2025-01-15 07:49:12,091] INFO: 	 lr: 0.00030000000000000073 	 Training loss: 0.02551079323515296
[2025-01-15 07:49:25,762] INFO: Iter 9700 Summary: 
[2025-01-15 07:49:25,763] INFO: 	 lr: 0.00030000000000000073 	 Training loss: 0.025641948487609624
[2025-01-15 07:49:37,451] INFO: Iter 9800 Summary: 
[2025-01-15 07:49:37,451] INFO: 	 lr: 0.00030000000000000073 	 Training loss: 0.025358764510601758
[2025-01-15 07:49:48,904] INFO: Iter 9900 Summary: 
[2025-01-15 07:49:48,904] INFO: 	 lr: 0.00030000000000000073 	 Training loss: 0.025259913075715304
[2025-01-15 07:50:00,740] INFO: Iter 10000 Summary: 
[2025-01-15 07:50:00,741] INFO: 	 lr: 0.00030000000000000073 	 Training loss: 0.0250534819252789
[2025-01-15 07:50:15,140] INFO: Iter 10100 Summary: 
[2025-01-15 07:50:15,140] INFO: 	 lr: 0.00030000000000000073 	 Training loss: 0.025303647965192796
[2025-01-15 07:50:26,399] INFO: Iter 10200 Summary: 
[2025-01-15 07:50:26,399] INFO: 	 lr: 0.00030000000000000073 	 Training loss: 0.024839352034032345
[2025-01-15 07:50:37,076] INFO: Iter 10300 Summary: 
[2025-01-15 07:50:37,076] INFO: 	 lr: 0.00030000000000000073 	 Training loss: 0.02515033943578601
[2025-01-15 07:50:51,126] INFO: Iter 10400 Summary: 
[2025-01-15 07:50:51,126] INFO: 	 lr: 0.00030000000000000073 	 Training loss: 0.024867320694029332
[2025-01-15 07:51:02,374] INFO: Iter 10500 Summary: 
[2025-01-15 07:51:02,375] INFO: 	 lr: 0.00030000000000000073 	 Training loss: 0.02500863581895828
[2025-01-15 07:51:13,358] INFO: Iter 10600 Summary: 
[2025-01-15 07:51:13,358] INFO: 	 lr: 0.00030000000000000073 	 Training loss: 0.02480902472510934
[2025-01-15 07:51:24,564] INFO: Iter 10700 Summary: 
[2025-01-15 07:51:24,565] INFO: 	 lr: 0.00030000000000000073 	 Training loss: 0.02471243254840374
[2025-01-15 07:51:36,109] INFO: Iter 10800 Summary: 
[2025-01-15 07:51:36,109] INFO: 	 lr: 0.00030000000000000073 	 Training loss: 0.02477379880845547
[2025-01-15 07:51:48,111] INFO: Iter 10900 Summary: 
[2025-01-15 07:51:48,111] INFO: 	 lr: 0.00030000000000000073 	 Training loss: 0.024714828226715325
[2025-01-15 07:52:00,675] INFO: Iter 11000 Summary: 
[2025-01-15 07:52:00,675] INFO: 	 lr: 0.00030000000000000073 	 Training loss: 0.024578502904623746
[2025-01-15 07:52:13,300] INFO: Iter 11100 Summary: 
[2025-01-15 07:52:13,300] INFO: 	 lr: 0.00030000000000000073 	 Training loss: 0.02448789108544588
[2025-01-15 07:52:25,834] INFO: Iter 11200 Summary: 
[2025-01-15 07:52:25,834] INFO: 	 lr: 0.00030000000000000073 	 Training loss: 0.024450112041085957
[2025-01-15 07:52:37,560] INFO: Iter 11300 Summary: 
[2025-01-15 07:52:37,560] INFO: 	 lr: 0.00030000000000000073 	 Training loss: 0.024520390797406436
[2025-01-15 07:52:48,942] INFO: Iter 11400 Summary: 
[2025-01-15 07:52:48,943] INFO: 	 lr: 0.00030000000000000073 	 Training loss: 0.02430220691487193
[2025-01-15 07:53:00,308] INFO: Iter 11500 Summary: 
[2025-01-15 07:53:00,308] INFO: 	 lr: 0.00030000000000000073 	 Training loss: 0.024453042782843114
[2025-01-15 07:53:12,325] INFO: Iter 11600 Summary: 
[2025-01-15 07:53:12,325] INFO: 	 lr: 0.00030000000000000073 	 Training loss: 0.024246646892279386
[2025-01-15 07:53:24,799] INFO: Iter 11700 Summary: 
[2025-01-15 07:53:24,800] INFO: 	 lr: 0.00030000000000000073 	 Training loss: 0.02415471527725458
[2025-01-15 07:53:36,417] INFO: Iter 11800 Summary: 
[2025-01-15 07:53:36,418] INFO: 	 lr: 0.00030000000000000073 	 Training loss: 0.024116442166268827
[2025-01-15 07:53:48,633] INFO: Iter 11900 Summary: 
[2025-01-15 07:53:48,633] INFO: 	 lr: 0.00030000000000000073 	 Training loss: 0.02427822509780526
[2025-01-15 07:54:00,285] INFO: Iter 12000 Summary: 
[2025-01-15 07:54:00,285] INFO: 	 lr: 0.00030000000000000073 	 Training loss: 0.024126260448247193
[2025-01-15 07:54:15,915] INFO: Iter 12100 Summary: 
[2025-01-15 07:54:15,916] INFO: 	 lr: 0.00030000000000000073 	 Training loss: 0.024149256106466056
[2025-01-15 07:54:28,374] INFO: Iter 12200 Summary: 
[2025-01-15 07:54:28,374] INFO: 	 lr: 0.00030000000000000073 	 Training loss: 0.02405429506674409
[2025-01-15 07:54:40,764] INFO: Iter 12300 Summary: 
[2025-01-15 07:54:40,765] INFO: 	 lr: 0.00030000000000000073 	 Training loss: 0.023870425838977097
[2025-01-15 07:54:53,038] INFO: Iter 12400 Summary: 
[2025-01-15 07:54:53,039] INFO: 	 lr: 0.00030000000000000073 	 Training loss: 0.024145342148840426
[2025-01-15 07:55:05,167] INFO: Iter 12500 Summary: 
[2025-01-15 07:55:05,167] INFO: 	 lr: 0.00030000000000000073 	 Training loss: 0.02384459352120757
[2025-01-15 07:55:16,226] INFO: Iter 12600 Summary: 
[2025-01-15 07:55:16,227] INFO: 	 lr: 0.00030000000000000073 	 Training loss: 0.02403014846146107
[2025-01-15 07:55:27,236] INFO: Iter 12700 Summary: 
[2025-01-15 07:55:27,237] INFO: 	 lr: 0.00030000000000000073 	 Training loss: 0.024054436665028333
[2025-01-15 07:55:38,956] INFO: Iter 12800 Summary: 
[2025-01-15 07:55:38,957] INFO: 	 lr: 0.00030000000000000073 	 Training loss: 0.02399639943614602
[2025-01-15 07:55:50,956] INFO: Iter 12900 Summary: 
[2025-01-15 07:55:50,956] INFO: 	 lr: 0.00030000000000000073 	 Training loss: 0.023649430721998214
[2025-01-15 07:56:02,596] INFO: Iter 13000 Summary: 
[2025-01-15 07:56:02,596] INFO: 	 lr: 0.00030000000000000073 	 Training loss: 0.023898702785372733
[2025-01-15 07:56:14,220] INFO: Iter 13100 Summary: 
[2025-01-15 07:56:14,220] INFO: 	 lr: 0.00030000000000000073 	 Training loss: 0.02405755015090108
[2025-01-15 07:56:26,137] INFO: Iter 13200 Summary: 
[2025-01-15 07:56:26,137] INFO: 	 lr: 0.00030000000000000073 	 Training loss: 0.023588716927915813
[2025-01-15 07:56:38,199] INFO: Iter 13300 Summary: 
[2025-01-15 07:56:38,199] INFO: 	 lr: 0.00030000000000000073 	 Training loss: 0.023796629328280687
[2025-01-15 07:56:49,571] INFO: Iter 13400 Summary: 
[2025-01-15 07:56:49,571] INFO: 	 lr: 0.00030000000000000073 	 Training loss: 0.023671218063682317
[2025-01-15 07:57:02,026] INFO: Iter 13500 Summary: 
[2025-01-15 07:57:02,026] INFO: 	 lr: 0.00030000000000000073 	 Training loss: 0.023578893411904573
[2025-01-15 07:57:13,265] INFO: Iter 13600 Summary: 
[2025-01-15 07:57:13,265] INFO: 	 lr: 0.00030000000000000073 	 Training loss: 0.023830429520457982
[2025-01-15 07:57:26,086] INFO: Iter 13700 Summary: 
[2025-01-15 07:57:26,086] INFO: 	 lr: 0.00030000000000000073 	 Training loss: 0.023483631685376167
[2025-01-15 07:57:39,904] INFO: Iter 13800 Summary: 
[2025-01-15 07:57:39,905] INFO: 	 lr: 0.00030000000000000073 	 Training loss: 0.02372751573100686
[2025-01-15 07:57:51,706] INFO: Iter 13900 Summary: 
[2025-01-15 07:57:51,707] INFO: 	 lr: 0.00030000000000000073 	 Training loss: 0.023681168854236604
[2025-01-15 07:58:02,277] INFO: Iter 14000 Summary: 
[2025-01-15 07:58:02,277] INFO: 	 lr: 0.00030000000000000073 	 Training loss: 0.023545556776225565
[2025-01-15 07:58:18,187] INFO: Iter 14100 Summary: 
[2025-01-15 07:58:18,187] INFO: 	 lr: 0.00030000000000000073 	 Training loss: 0.02340774217620492
[2025-01-15 07:58:28,883] INFO: Iter 14200 Summary: 
[2025-01-15 07:58:28,884] INFO: 	 lr: 0.00030000000000000073 	 Training loss: 0.023483652006834745
[2025-01-15 07:58:40,875] INFO: Iter 14300 Summary: 
[2025-01-15 07:58:40,875] INFO: 	 lr: 0.00030000000000000073 	 Training loss: 0.02352314880117774
[2025-01-15 07:58:52,091] INFO: Iter 14400 Summary: 
[2025-01-15 07:58:52,091] INFO: 	 lr: 0.00030000000000000073 	 Training loss: 0.023434635028243066
[2025-01-15 07:59:05,087] INFO: Iter 14500 Summary: 
[2025-01-15 07:59:05,087] INFO: 	 lr: 0.00030000000000000073 	 Training loss: 0.023393818642944098
[2025-01-15 07:59:16,247] INFO: Iter 14600 Summary: 
[2025-01-15 07:59:16,247] INFO: 	 lr: 0.00030000000000000073 	 Training loss: 0.023413374572992324
[2025-01-15 07:59:28,036] INFO: Iter 14700 Summary: 
[2025-01-15 07:59:28,036] INFO: 	 lr: 0.00030000000000000073 	 Training loss: 0.023412801753729583
[2025-01-15 07:59:40,760] INFO: Iter 14800 Summary: 
[2025-01-15 07:59:40,760] INFO: 	 lr: 0.00030000000000000073 	 Training loss: 0.023319848030805588
[2025-01-15 07:59:52,526] INFO: Iter 14900 Summary: 
[2025-01-15 07:59:52,527] INFO: 	 lr: 0.00030000000000000073 	 Training loss: 0.023263554349541665
[2025-01-15 08:00:04,532] INFO: Iter 15000 Summary: 
[2025-01-15 08:00:04,532] INFO: 	 lr: 0.00030000000000000073 	 Training loss: 0.023430269099771975
[2025-01-15 08:00:16,262] INFO: Iter 15100 Summary: 
[2025-01-15 08:00:16,262] INFO: 	 lr: 0.00030000000000000073 	 Training loss: 0.02335785647854209
[2025-01-15 08:00:29,578] INFO: Iter 15200 Summary: 
[2025-01-15 08:00:29,579] INFO: 	 lr: 0.00030000000000000073 	 Training loss: 0.02321971211582422
[2025-01-15 08:00:41,593] INFO: Iter 15300 Summary: 
[2025-01-15 08:00:41,593] INFO: 	 lr: 0.00030000000000000073 	 Training loss: 0.023259270265698434
[2025-01-15 08:00:53,627] INFO: Iter 15400 Summary: 
[2025-01-15 08:00:53,628] INFO: 	 lr: 0.00030000000000000073 	 Training loss: 0.023225744031369688
[2025-01-15 08:01:04,567] INFO: Iter 15500 Summary: 
[2025-01-15 08:01:04,567] INFO: 	 lr: 0.00030000000000000073 	 Training loss: 0.023195535279810428
[2025-01-15 08:01:16,654] INFO: Iter 15600 Summary: 
[2025-01-15 08:01:16,654] INFO: 	 lr: 0.00030000000000000073 	 Training loss: 0.02321617055684328
[2025-01-15 08:01:28,175] INFO: Iter 15700 Summary: 
[2025-01-15 08:01:28,175] INFO: 	 lr: 0.00030000000000000073 	 Training loss: 0.023304674699902536
[2025-01-15 08:01:39,533] INFO: Iter 15800 Summary: 
[2025-01-15 08:01:39,534] INFO: 	 lr: 0.00030000000000000073 	 Training loss: 0.023111142311245204
[2025-01-15 08:01:52,178] INFO: Iter 15900 Summary: 
[2025-01-15 08:01:52,179] INFO: 	 lr: 0.00030000000000000073 	 Training loss: 0.023036594074219464
[2025-01-15 08:02:03,937] INFO: Iter 16000 Summary: 
[2025-01-15 08:02:03,938] INFO: 	 lr: 0.00030000000000000073 	 Training loss: 0.02303272319957614
[2025-01-15 08:02:18,381] INFO: Iter 16100 Summary: 
[2025-01-15 08:02:18,382] INFO: 	 lr: 0.00030000000000000073 	 Training loss: 0.023118315413594246
[2025-01-15 08:02:30,987] INFO: Iter 16200 Summary: 
[2025-01-15 08:02:30,987] INFO: 	 lr: 0.00030000000000000073 	 Training loss: 0.023064332697540522
[2025-01-15 08:02:42,823] INFO: Iter 16300 Summary: 
[2025-01-15 08:02:42,823] INFO: 	 lr: 0.00030000000000000073 	 Training loss: 0.023020555581897497
[2025-01-15 08:02:54,133] INFO: Iter 16400 Summary: 
[2025-01-15 08:02:54,133] INFO: 	 lr: 0.00030000000000000073 	 Training loss: 0.022790978252887725
[2025-01-15 08:03:05,465] INFO: Iter 16500 Summary: 
[2025-01-15 08:03:05,465] INFO: 	 lr: 0.00030000000000000073 	 Training loss: 0.022938611060380934
[2025-01-15 08:03:17,821] INFO: Iter 16600 Summary: 
[2025-01-15 08:03:17,821] INFO: 	 lr: 0.00030000000000000073 	 Training loss: 0.02277663541957736
[2025-01-15 08:03:29,383] INFO: Iter 16700 Summary: 
[2025-01-15 08:03:29,383] INFO: 	 lr: 0.00030000000000000073 	 Training loss: 0.023060931954532862
[2025-01-15 08:03:41,488] INFO: Iter 16800 Summary: 
[2025-01-15 08:03:41,488] INFO: 	 lr: 0.00030000000000000073 	 Training loss: 0.02303237248212099
[2025-01-15 08:03:52,933] INFO: Iter 16900 Summary: 
[2025-01-15 08:03:52,934] INFO: 	 lr: 0.00030000000000000073 	 Training loss: 0.022943373676389454
[2025-01-15 08:04:04,939] INFO: Iter 17000 Summary: 
[2025-01-15 08:04:04,939] INFO: 	 lr: 0.00030000000000000073 	 Training loss: 0.023165320698171853
[2025-01-15 08:04:16,568] INFO: Iter 17100 Summary: 
[2025-01-15 08:04:16,568] INFO: 	 lr: 0.00030000000000000073 	 Training loss: 0.02303622493520379
[2025-01-15 08:04:27,279] INFO: Iter 17200 Summary: 
[2025-01-15 08:04:27,279] INFO: 	 lr: 0.00030000000000000073 	 Training loss: 0.02283540340140462
[2025-01-15 08:04:41,075] INFO: Iter 17300 Summary: 
[2025-01-15 08:04:41,075] INFO: 	 lr: 0.00030000000000000073 	 Training loss: 0.022869497556239366
[2025-01-15 08:04:52,960] INFO: Iter 17400 Summary: 
[2025-01-15 08:04:52,961] INFO: 	 lr: 0.00030000000000000073 	 Training loss: 0.022930021956562997
[2025-01-15 08:05:04,696] INFO: Iter 17500 Summary: 
[2025-01-15 08:05:04,696] INFO: 	 lr: 0.00030000000000000073 	 Training loss: 0.022778566684573887
[2025-01-15 08:05:16,458] INFO: Iter 17600 Summary: 
[2025-01-15 08:05:16,459] INFO: 	 lr: 0.00030000000000000073 	 Training loss: 0.02265055790543556
[2025-01-15 08:05:27,454] INFO: Iter 17700 Summary: 
[2025-01-15 08:05:27,454] INFO: 	 lr: 0.00030000000000000073 	 Training loss: 0.023021482210606337
[2025-01-15 08:05:38,922] INFO: Iter 17800 Summary: 
[2025-01-15 08:05:38,922] INFO: 	 lr: 0.00030000000000000073 	 Training loss: 0.022792969346046448
[2025-01-15 08:05:50,242] INFO: Iter 17900 Summary: 
[2025-01-15 08:05:50,243] INFO: 	 lr: 0.00030000000000000073 	 Training loss: 0.02286868553608656
[2025-01-15 08:06:01,224] INFO: Iter 18000 Summary: 
[2025-01-15 08:06:01,225] INFO: 	 lr: 0.00030000000000000073 	 Training loss: 0.02288364654406905
[2025-01-15 08:06:17,389] INFO: Iter 18100 Summary: 
[2025-01-15 08:06:17,389] INFO: 	 lr: 0.00030000000000000073 	 Training loss: 0.022605574373155832
[2025-01-15 08:06:29,711] INFO: Iter 18200 Summary: 
[2025-01-15 08:06:29,711] INFO: 	 lr: 0.00030000000000000073 	 Training loss: 0.022547902595251797
[2025-01-15 08:06:41,380] INFO: Iter 18300 Summary: 
[2025-01-15 08:06:41,381] INFO: 	 lr: 0.00030000000000000073 	 Training loss: 0.022654374577105046
[2025-01-15 08:06:52,246] INFO: Iter 18400 Summary: 
[2025-01-15 08:06:52,247] INFO: 	 lr: 0.00030000000000000073 	 Training loss: 0.022727995701134204
[2025-01-15 08:07:03,654] INFO: Iter 18500 Summary: 
[2025-01-15 08:07:03,654] INFO: 	 lr: 0.00030000000000000073 	 Training loss: 0.022806217782199382
[2025-01-15 08:07:15,927] INFO: Iter 18600 Summary: 
[2025-01-15 08:07:15,928] INFO: 	 lr: 0.00030000000000000073 	 Training loss: 0.022820224147289993
[2025-01-15 08:07:27,732] INFO: Iter 18700 Summary: 
[2025-01-15 08:07:27,733] INFO: 	 lr: 0.00030000000000000073 	 Training loss: 0.022631221432238818
[2025-01-15 08:07:39,198] INFO: Iter 18800 Summary: 
[2025-01-15 08:07:39,198] INFO: 	 lr: 0.00030000000000000073 	 Training loss: 0.022700980082154276
[2025-01-15 08:07:50,783] INFO: Iter 18900 Summary: 
[2025-01-15 08:07:50,783] INFO: 	 lr: 0.00030000000000000073 	 Training loss: 0.022546805907040834
[2025-01-15 08:08:03,074] INFO: Iter 19000 Summary: 
[2025-01-15 08:08:03,074] INFO: 	 lr: 0.00030000000000000073 	 Training loss: 0.022711098063737153
[2025-01-15 08:08:15,526] INFO: Iter 19100 Summary: 
[2025-01-15 08:08:15,526] INFO: 	 lr: 0.00030000000000000073 	 Training loss: 0.02272830780595541
[2025-01-15 08:08:26,078] INFO: Iter 19200 Summary: 
[2025-01-15 08:08:26,079] INFO: 	 lr: 0.00030000000000000073 	 Training loss: 0.022573911510407926
[2025-01-15 08:08:38,429] INFO: Iter 19300 Summary: 
[2025-01-15 08:08:38,430] INFO: 	 lr: 0.00030000000000000073 	 Training loss: 0.02252365870401263
[2025-01-15 08:08:50,657] INFO: Iter 19400 Summary: 
[2025-01-15 08:08:50,657] INFO: 	 lr: 0.00030000000000000073 	 Training loss: 0.02266152637079358
[2025-01-15 08:09:01,973] INFO: Iter 19500 Summary: 
[2025-01-15 08:09:01,974] INFO: 	 lr: 0.00030000000000000073 	 Training loss: 0.022654679138213396
[2025-01-15 08:09:13,155] INFO: Iter 19600 Summary: 
[2025-01-15 08:09:13,155] INFO: 	 lr: 0.00030000000000000073 	 Training loss: 0.022538148555904625
[2025-01-15 08:09:24,282] INFO: Iter 19700 Summary: 
[2025-01-15 08:09:24,283] INFO: 	 lr: 0.00030000000000000073 	 Training loss: 0.02259391888976097
[2025-01-15 08:09:36,922] INFO: Iter 19800 Summary: 
[2025-01-15 08:09:36,923] INFO: 	 lr: 0.00030000000000000073 	 Training loss: 0.022347684185951948
[2025-01-15 08:09:48,143] INFO: Iter 19900 Summary: 
[2025-01-15 08:09:48,143] INFO: 	 lr: 0.00030000000000000073 	 Training loss: 0.02234987134113908
[2025-01-15 08:10:00,848] INFO: Iter 20000 Summary: 
[2025-01-15 08:10:00,848] INFO: 	 lr: 0.00030000000000000073 	 Training loss: 0.022640837859362363
[2025-01-15 08:10:16,571] INFO: Iter 20100 Summary: 
[2025-01-15 08:10:16,571] INFO: 	 lr: 0.00030000000000000073 	 Training loss: 0.022387843169271945
[2025-01-15 08:10:28,804] INFO: Iter 20200 Summary: 
[2025-01-15 08:10:28,804] INFO: 	 lr: 0.00030000000000000073 	 Training loss: 0.022337181735783817
[2025-01-15 08:10:41,157] INFO: Iter 20300 Summary: 
[2025-01-15 08:10:41,157] INFO: 	 lr: 0.00030000000000000073 	 Training loss: 0.02234149692580104
[2025-01-15 08:10:53,778] INFO: Iter 20400 Summary: 
[2025-01-15 08:10:53,778] INFO: 	 lr: 0.00030000000000000073 	 Training loss: 0.022646268345415593
[2025-01-15 08:11:06,059] INFO: Iter 20500 Summary: 
[2025-01-15 08:11:06,059] INFO: 	 lr: 0.00030000000000000073 	 Training loss: 0.022571516558527946
[2025-01-15 08:11:17,045] INFO: Iter 20600 Summary: 
[2025-01-15 08:11:17,045] INFO: 	 lr: 0.00030000000000000073 	 Training loss: 0.022525061648339034
[2025-01-15 08:11:30,279] INFO: Iter 20700 Summary: 
[2025-01-15 08:11:30,279] INFO: 	 lr: 0.00030000000000000073 	 Training loss: 0.02247345734387636
[2025-01-15 08:11:41,407] INFO: Iter 20800 Summary: 
[2025-01-15 08:11:41,407] INFO: 	 lr: 0.00030000000000000073 	 Training loss: 0.02215818587690592
[2025-01-15 08:11:52,693] INFO: Iter 20900 Summary: 
[2025-01-15 08:11:52,694] INFO: 	 lr: 0.00030000000000000073 	 Training loss: 0.022327909506857396
[2025-01-15 08:12:03,995] INFO: Iter 21000 Summary: 
[2025-01-15 08:12:03,995] INFO: 	 lr: 0.00030000000000000073 	 Training loss: 0.022521336507052184
[2025-01-15 08:12:15,789] INFO: Iter 21100 Summary: 
[2025-01-15 08:12:15,789] INFO: 	 lr: 0.00030000000000000073 	 Training loss: 0.022547507528215646
[2025-01-15 08:12:26,991] INFO: Iter 21200 Summary: 
[2025-01-15 08:12:26,991] INFO: 	 lr: 0.00030000000000000073 	 Training loss: 0.02239876126870513
[2025-01-15 08:12:38,475] INFO: Iter 21300 Summary: 
[2025-01-15 08:12:38,476] INFO: 	 lr: 0.00030000000000000073 	 Training loss: 0.02232409568503499
[2025-01-15 08:12:51,203] INFO: Iter 21400 Summary: 
[2025-01-15 08:12:51,203] INFO: 	 lr: 0.00030000000000000073 	 Training loss: 0.022306593284010887
[2025-01-15 08:13:03,933] INFO: Iter 21500 Summary: 
[2025-01-15 08:13:03,934] INFO: 	 lr: 0.00030000000000000073 	 Training loss: 0.022345456052571534
[2025-01-15 08:13:15,835] INFO: Iter 21600 Summary: 
[2025-01-15 08:13:15,836] INFO: 	 lr: 0.00030000000000000073 	 Training loss: 0.022279151417315006
[2025-01-15 08:13:27,622] INFO: Iter 21700 Summary: 
[2025-01-15 08:13:27,622] INFO: 	 lr: 0.00030000000000000073 	 Training loss: 0.022556682396680117
[2025-01-15 08:13:39,269] INFO: Iter 21800 Summary: 
[2025-01-15 08:13:39,269] INFO: 	 lr: 0.00030000000000000073 	 Training loss: 0.022427456639707088
[2025-01-15 08:13:50,493] INFO: Iter 21900 Summary: 
[2025-01-15 08:13:50,494] INFO: 	 lr: 0.00030000000000000073 	 Training loss: 0.02203582264482975
[2025-01-15 08:14:01,813] INFO: Iter 22000 Summary: 
[2025-01-15 08:14:01,813] INFO: 	 lr: 0.00030000000000000073 	 Training loss: 0.022322910092771053
[2025-01-15 08:14:18,183] INFO: Iter 22100 Summary: 
[2025-01-15 08:14:18,184] INFO: 	 lr: 0.00030000000000000073 	 Training loss: 0.022008389215916396
[2025-01-15 08:14:30,139] INFO: Iter 22200 Summary: 
[2025-01-15 08:14:30,139] INFO: 	 lr: 0.00030000000000000073 	 Training loss: 0.02222634568810463
[2025-01-15 08:14:41,878] INFO: Iter 22300 Summary: 
[2025-01-15 08:14:41,879] INFO: 	 lr: 0.00030000000000000073 	 Training loss: 0.022320994883775713
[2025-01-15 08:14:53,091] INFO: Iter 22400 Summary: 
[2025-01-15 08:14:53,092] INFO: 	 lr: 0.00030000000000000073 	 Training loss: 0.022248146571218968
[2025-01-15 08:15:05,080] INFO: Iter 22500 Summary: 
[2025-01-15 08:15:05,080] INFO: 	 lr: 0.00030000000000000073 	 Training loss: 0.022220994029194117
[2025-01-15 08:15:17,040] INFO: Iter 22600 Summary: 
[2025-01-15 08:15:17,040] INFO: 	 lr: 0.00030000000000000073 	 Training loss: 0.022148008383810522
[2025-01-15 08:15:28,030] INFO: Iter 22700 Summary: 
[2025-01-15 08:15:28,030] INFO: 	 lr: 0.00030000000000000073 	 Training loss: 0.0222540763951838
[2025-01-15 08:15:41,369] INFO: Iter 22800 Summary: 
[2025-01-15 08:15:41,370] INFO: 	 lr: 0.00030000000000000073 	 Training loss: 0.022162724025547503
[2025-01-15 08:15:52,947] INFO: Iter 22900 Summary: 
[2025-01-15 08:15:52,948] INFO: 	 lr: 0.00030000000000000073 	 Training loss: 0.02214388033375144
[2025-01-15 08:16:05,348] INFO: Iter 23000 Summary: 
[2025-01-15 08:16:05,348] INFO: 	 lr: 0.00030000000000000073 	 Training loss: 0.02222754878923297
[2025-01-15 08:16:16,578] INFO: Iter 23100 Summary: 
[2025-01-15 08:16:16,578] INFO: 	 lr: 0.00030000000000000073 	 Training loss: 0.022090516686439514
[2025-01-15 08:16:28,873] INFO: Iter 23200 Summary: 
[2025-01-15 08:16:28,873] INFO: 	 lr: 0.00030000000000000073 	 Training loss: 0.0221193028986454
[2025-01-15 08:16:39,837] INFO: Iter 23300 Summary: 
[2025-01-15 08:16:39,837] INFO: 	 lr: 0.00030000000000000073 	 Training loss: 0.02221168365329504
[2025-01-15 08:16:51,885] INFO: Iter 23400 Summary: 
[2025-01-15 08:16:51,886] INFO: 	 lr: 0.00030000000000000073 	 Training loss: 0.02229029022157192
[2025-01-15 08:17:02,824] INFO: Iter 23500 Summary: 
[2025-01-15 08:17:02,825] INFO: 	 lr: 0.00030000000000000073 	 Training loss: 0.022040221318602563
[2025-01-15 08:17:14,545] INFO: Iter 23600 Summary: 
[2025-01-15 08:17:14,545] INFO: 	 lr: 0.00030000000000000073 	 Training loss: 0.022191454488784075
[2025-01-15 08:17:25,660] INFO: Iter 23700 Summary: 
[2025-01-15 08:17:25,660] INFO: 	 lr: 0.00030000000000000073 	 Training loss: 0.022067574970424175
[2025-01-15 08:17:37,315] INFO: Iter 23800 Summary: 
[2025-01-15 08:17:37,316] INFO: 	 lr: 0.00030000000000000073 	 Training loss: 0.022029745299369095
[2025-01-15 08:17:47,889] INFO: Iter 23900 Summary: 
[2025-01-15 08:17:47,889] INFO: 	 lr: 0.00030000000000000073 	 Training loss: 0.021990348435938358
[2025-01-15 08:17:59,195] INFO: Iter 24000 Summary: 
[2025-01-15 08:17:59,195] INFO: 	 lr: 0.00030000000000000073 	 Training loss: 0.022049641981720925
[2025-01-15 08:18:14,290] INFO: Iter 24100 Summary: 
[2025-01-15 08:18:14,291] INFO: 	 lr: 0.00030000000000000073 	 Training loss: 0.022257081028074027
[2025-01-15 08:18:24,989] INFO: Iter 24200 Summary: 
[2025-01-15 08:18:24,989] INFO: 	 lr: 0.00030000000000000073 	 Training loss: 0.02198086641728878
[2025-01-15 08:18:37,449] INFO: Iter 24300 Summary: 
[2025-01-15 08:18:37,449] INFO: 	 lr: 0.00030000000000000073 	 Training loss: 0.022038003802299498
[2025-01-15 08:18:49,201] INFO: Iter 24400 Summary: 
[2025-01-15 08:18:49,202] INFO: 	 lr: 0.00030000000000000073 	 Training loss: 0.02205934450030327
[2025-01-15 08:19:00,857] INFO: Iter 24500 Summary: 
[2025-01-15 08:19:00,857] INFO: 	 lr: 0.00030000000000000073 	 Training loss: 0.021947313006967305
[2025-01-15 08:19:13,120] INFO: Iter 24600 Summary: 
[2025-01-15 08:19:13,120] INFO: 	 lr: 0.00030000000000000073 	 Training loss: 0.02209224458783865
[2025-01-15 08:19:24,649] INFO: Iter 24700 Summary: 
[2025-01-15 08:19:24,649] INFO: 	 lr: 0.00030000000000000073 	 Training loss: 0.021922204364091157
[2025-01-15 08:19:37,700] INFO: Iter 24800 Summary: 
[2025-01-15 08:19:37,700] INFO: 	 lr: 0.00030000000000000073 	 Training loss: 0.021999209318310023
[2025-01-15 08:19:49,811] INFO: Iter 24900 Summary: 
[2025-01-15 08:19:49,811] INFO: 	 lr: 0.00030000000000000073 	 Training loss: 0.02195622391998768
[2025-01-15 08:20:01,886] INFO: Iter 25000 Summary: 
[2025-01-15 08:20:01,887] INFO: 	 lr: 0.00030000000000000073 	 Training loss: 0.021958146654069425
[2025-01-15 08:20:13,570] INFO: Iter 25100 Summary: 
[2025-01-15 08:20:13,570] INFO: 	 lr: 0.00030000000000000073 	 Training loss: 0.021922939103096725
[2025-01-15 08:20:25,130] INFO: Iter 25200 Summary: 
[2025-01-15 08:20:25,131] INFO: 	 lr: 0.00030000000000000073 	 Training loss: 0.021981170792132618
[2025-01-15 08:20:36,747] INFO: Iter 25300 Summary: 
[2025-01-15 08:20:36,747] INFO: 	 lr: 0.00030000000000000073 	 Training loss: 0.02198265811428428
[2025-01-15 08:20:48,522] INFO: Iter 25400 Summary: 
[2025-01-15 08:20:48,522] INFO: 	 lr: 0.00030000000000000073 	 Training loss: 0.022080006487667562
[2025-01-15 08:21:00,993] INFO: Iter 25500 Summary: 
[2025-01-15 08:21:00,993] INFO: 	 lr: 0.00030000000000000073 	 Training loss: 0.021756081599742173
[2025-01-15 08:21:12,666] INFO: Iter 25600 Summary: 
[2025-01-15 08:21:12,667] INFO: 	 lr: 0.00030000000000000073 	 Training loss: 0.021884126719087363
[2025-01-15 08:21:23,631] INFO: Iter 25700 Summary: 
[2025-01-15 08:21:23,631] INFO: 	 lr: 0.00030000000000000073 	 Training loss: 0.021979321371763946
[2025-01-15 08:21:35,592] INFO: Iter 25800 Summary: 
[2025-01-15 08:21:35,592] INFO: 	 lr: 0.00030000000000000073 	 Training loss: 0.021803663540631534
[2025-01-15 08:21:47,483] INFO: Iter 25900 Summary: 
[2025-01-15 08:21:47,483] INFO: 	 lr: 0.00030000000000000073 	 Training loss: 0.021868343539535998
[2025-01-15 08:21:59,239] INFO: Iter 26000 Summary: 
[2025-01-15 08:21:59,239] INFO: 	 lr: 0.00030000000000000073 	 Training loss: 0.02176513524726033
[2025-01-15 08:22:15,892] INFO: Iter 26100 Summary: 
[2025-01-15 08:22:15,892] INFO: 	 lr: 0.00030000000000000073 	 Training loss: 0.022006166391074656
[2025-01-15 08:22:30,279] INFO: Iter 26200 Summary: 
[2025-01-15 08:22:30,280] INFO: 	 lr: 0.00030000000000000073 	 Training loss: 0.021805089674890043
[2025-01-15 08:22:42,298] INFO: Iter 26300 Summary: 
[2025-01-15 08:22:42,298] INFO: 	 lr: 0.00030000000000000073 	 Training loss: 0.02168114483356476
[2025-01-15 08:22:53,645] INFO: Iter 26400 Summary: 
[2025-01-15 08:22:53,646] INFO: 	 lr: 0.00030000000000000073 	 Training loss: 0.021816309094429016
[2025-01-15 08:23:05,247] INFO: Iter 26500 Summary: 
[2025-01-15 08:23:05,247] INFO: 	 lr: 0.00030000000000000073 	 Training loss: 0.02189706962555647
[2025-01-15 08:23:17,095] INFO: Iter 26600 Summary: 
[2025-01-15 08:23:17,095] INFO: 	 lr: 0.00030000000000000073 	 Training loss: 0.021957677528262137
[2025-01-15 08:23:29,315] INFO: Iter 26700 Summary: 
[2025-01-15 08:23:29,316] INFO: 	 lr: 0.00030000000000000073 	 Training loss: 0.021860063523054123
[2025-01-15 08:23:41,436] INFO: Iter 26800 Summary: 
[2025-01-15 08:23:41,437] INFO: 	 lr: 0.00030000000000000073 	 Training loss: 0.021778005491942167
[2025-01-15 08:23:54,108] INFO: Iter 26900 Summary: 
[2025-01-15 08:23:54,108] INFO: 	 lr: 0.00030000000000000073 	 Training loss: 0.02155437335371971
[2025-01-15 08:24:06,874] INFO: Iter 27000 Summary: 
[2025-01-15 08:24:06,874] INFO: 	 lr: 0.00030000000000000073 	 Training loss: 0.021633903477340937
[2025-01-15 08:24:19,112] INFO: Iter 27100 Summary: 
[2025-01-15 08:24:19,112] INFO: 	 lr: 0.00030000000000000073 	 Training loss: 0.021744774412363766
[2025-01-15 08:24:30,851] INFO: Iter 27200 Summary: 
[2025-01-15 08:24:30,851] INFO: 	 lr: 0.00030000000000000073 	 Training loss: 0.021857714168727397
[2025-01-15 08:24:42,391] INFO: Iter 27300 Summary: 
[2025-01-15 08:24:42,391] INFO: 	 lr: 0.00030000000000000073 	 Training loss: 0.02177444741129875
[2025-01-15 08:24:54,414] INFO: Iter 27400 Summary: 
[2025-01-15 08:24:54,414] INFO: 	 lr: 0.00030000000000000073 	 Training loss: 0.021755961589515208
[2025-01-15 08:25:05,666] INFO: Iter 27500 Summary: 
[2025-01-15 08:25:05,666] INFO: 	 lr: 0.00030000000000000073 	 Training loss: 0.021888739075511695
[2025-01-15 08:25:20,825] INFO: Iter 27600 Summary: 
[2025-01-15 08:25:20,825] INFO: 	 lr: 0.00030000000000000073 	 Training loss: 0.021669888887554407
[2025-01-15 08:25:31,881] INFO: Iter 27700 Summary: 
[2025-01-15 08:25:31,881] INFO: 	 lr: 0.00030000000000000073 	 Training loss: 0.02168305965140462
[2025-01-15 08:25:44,160] INFO: Iter 27800 Summary: 
[2025-01-15 08:25:44,160] INFO: 	 lr: 0.00030000000000000073 	 Training loss: 0.0218725972995162
[2025-01-15 08:25:55,889] INFO: Iter 27900 Summary: 
[2025-01-15 08:25:55,889] INFO: 	 lr: 0.00030000000000000073 	 Training loss: 0.021587044205516576
[2025-01-15 08:26:07,215] INFO: Iter 28000 Summary: 
[2025-01-15 08:26:07,215] INFO: 	 lr: 0.00030000000000000073 	 Training loss: 0.02163192629814148
[2025-01-15 08:26:23,174] INFO: Iter 28100 Summary: 
[2025-01-15 08:26:23,174] INFO: 	 lr: 0.00030000000000000073 	 Training loss: 0.021918942909687756
[2025-01-15 08:26:34,961] INFO: Iter 28200 Summary: 
[2025-01-15 08:26:34,961] INFO: 	 lr: 0.00030000000000000073 	 Training loss: 0.021684243604540826
[2025-01-15 08:26:47,273] INFO: Iter 28300 Summary: 
[2025-01-15 08:26:47,273] INFO: 	 lr: 0.00030000000000000073 	 Training loss: 0.021689510494470595
[2025-01-15 08:26:59,524] INFO: Iter 28400 Summary: 
[2025-01-15 08:26:59,524] INFO: 	 lr: 0.00030000000000000073 	 Training loss: 0.021711107771843673
[2025-01-15 08:27:11,358] INFO: Iter 28500 Summary: 
[2025-01-15 08:27:11,359] INFO: 	 lr: 0.00030000000000000073 	 Training loss: 0.02161278411746025
[2025-01-15 08:27:23,079] INFO: Iter 28600 Summary: 
[2025-01-15 08:27:23,079] INFO: 	 lr: 0.00030000000000000073 	 Training loss: 0.021576190702617168
[2025-01-15 08:27:35,284] INFO: Iter 28700 Summary: 
[2025-01-15 08:27:35,284] INFO: 	 lr: 0.00030000000000000073 	 Training loss: 0.021560038439929485
[2025-01-15 08:27:47,244] INFO: Iter 28800 Summary: 
[2025-01-15 08:27:47,244] INFO: 	 lr: 0.00030000000000000073 	 Training loss: 0.021754348613321782
[2025-01-15 08:27:59,413] INFO: Iter 28900 Summary: 
[2025-01-15 08:27:59,413] INFO: 	 lr: 0.00030000000000000073 	 Training loss: 0.021670220885425806
[2025-01-15 08:28:11,063] INFO: Iter 29000 Summary: 
[2025-01-15 08:28:11,063] INFO: 	 lr: 0.00030000000000000073 	 Training loss: 0.021707358062267302
[2025-01-15 08:28:21,566] INFO: Iter 29100 Summary: 
[2025-01-15 08:28:21,566] INFO: 	 lr: 0.00030000000000000073 	 Training loss: 0.021460902374237777
[2025-01-15 08:28:33,267] INFO: Iter 29200 Summary: 
[2025-01-15 08:28:33,268] INFO: 	 lr: 0.00030000000000000073 	 Training loss: 0.02160245867446065
[2025-01-15 08:28:44,851] INFO: Iter 29300 Summary: 
[2025-01-15 08:28:44,852] INFO: 	 lr: 0.00030000000000000073 	 Training loss: 0.021612015701830387
[2025-01-15 08:28:56,472] INFO: Iter 29400 Summary: 
[2025-01-15 08:28:56,472] INFO: 	 lr: 0.00030000000000000073 	 Training loss: 0.021612947285175325
[2025-01-15 08:29:08,839] INFO: Iter 29500 Summary: 
[2025-01-15 08:29:08,839] INFO: 	 lr: 0.00030000000000000073 	 Training loss: 0.021688562389463185
[2025-01-15 08:29:21,947] INFO: Iter 29600 Summary: 
[2025-01-15 08:29:21,947] INFO: 	 lr: 0.00030000000000000073 	 Training loss: 0.021584473047405482
[2025-01-15 08:29:34,304] INFO: Iter 29700 Summary: 
[2025-01-15 08:29:34,305] INFO: 	 lr: 0.00030000000000000073 	 Training loss: 0.02171606505289674
[2025-01-15 08:29:46,454] INFO: Iter 29800 Summary: 
[2025-01-15 08:29:46,454] INFO: 	 lr: 0.00030000000000000073 	 Training loss: 0.02154484037309885
[2025-01-15 08:29:58,216] INFO: Iter 29900 Summary: 
[2025-01-15 08:29:58,216] INFO: 	 lr: 0.00030000000000000073 	 Training loss: 0.021553247608244418
[2025-01-15 08:30:10,758] INFO: Iter 30000 Summary: 
[2025-01-15 08:30:10,759] INFO: 	 lr: 0.00030000000000000073 	 Training loss: 0.021727030500769615
[2025-01-15 08:30:26,328] INFO: Iter 30100 Summary: 
[2025-01-15 08:30:26,328] INFO: 	 lr: 1.2900000000000026e-05 	 Training loss: 0.020902260057628155
[2025-01-15 08:30:38,409] INFO: Iter 30200 Summary: 
[2025-01-15 08:30:38,410] INFO: 	 lr: 1.000000000000002e-05 	 Training loss: 0.020644919220358132
[2025-01-15 08:30:51,276] INFO: Iter 30300 Summary: 
[2025-01-15 08:30:51,276] INFO: 	 lr: 1.000000000000002e-05 	 Training loss: 0.02061619209125638
[2025-01-15 08:31:04,085] INFO: Iter 30400 Summary: 
[2025-01-15 08:31:04,085] INFO: 	 lr: 1.000000000000002e-05 	 Training loss: 0.02077282140031457
[2025-01-15 08:31:15,663] INFO: Iter 30500 Summary: 
[2025-01-15 08:31:15,664] INFO: 	 lr: 1.000000000000002e-05 	 Training loss: 0.02045514350757003
[2025-01-15 08:31:28,077] INFO: Iter 30600 Summary: 
[2025-01-15 08:31:28,077] INFO: 	 lr: 1.000000000000002e-05 	 Training loss: 0.020690722316503526
[2025-01-15 08:31:40,607] INFO: Iter 30700 Summary: 
[2025-01-15 08:31:40,607] INFO: 	 lr: 1.000000000000002e-05 	 Training loss: 0.020624167788773774
[2025-01-15 08:31:53,224] INFO: Iter 30800 Summary: 
[2025-01-15 08:31:53,224] INFO: 	 lr: 1.000000000000002e-05 	 Training loss: 0.020675432961434127
[2025-01-15 08:32:05,348] INFO: Iter 30900 Summary: 
[2025-01-15 08:32:05,348] INFO: 	 lr: 1.000000000000002e-05 	 Training loss: 0.02057670433074236
[2025-01-15 08:32:18,288] INFO: Iter 31000 Summary: 
[2025-01-15 08:32:18,288] INFO: 	 lr: 1.000000000000002e-05 	 Training loss: 0.020691508669406177
[2025-01-15 08:32:30,203] INFO: Iter 31100 Summary: 
[2025-01-15 08:32:30,203] INFO: 	 lr: 1.000000000000002e-05 	 Training loss: 0.020696692131459714
[2025-01-15 08:32:42,251] INFO: Iter 31200 Summary: 
[2025-01-15 08:32:42,251] INFO: 	 lr: 1.000000000000002e-05 	 Training loss: 0.02052861962467432
[2025-01-15 08:32:54,410] INFO: Iter 31300 Summary: 
[2025-01-15 08:32:54,410] INFO: 	 lr: 1.000000000000002e-05 	 Training loss: 0.020534529723227023
[2025-01-15 08:33:05,763] INFO: Iter 31400 Summary: 
[2025-01-15 08:33:05,763] INFO: 	 lr: 1.000000000000002e-05 	 Training loss: 0.02054370591416955
[2025-01-15 08:33:18,124] INFO: Iter 31500 Summary: 
[2025-01-15 08:33:18,124] INFO: 	 lr: 1.000000000000002e-05 	 Training loss: 0.02060213955119252
[2025-01-15 08:33:29,869] INFO: Iter 31600 Summary: 
[2025-01-15 08:33:29,869] INFO: 	 lr: 1.000000000000002e-05 	 Training loss: 0.020424629747867584
[2025-01-15 08:33:44,313] INFO: Iter 31700 Summary: 
[2025-01-15 08:33:44,314] INFO: 	 lr: 1.000000000000002e-05 	 Training loss: 0.0204943186044693
[2025-01-15 08:33:56,628] INFO: Iter 31800 Summary: 
[2025-01-15 08:33:56,628] INFO: 	 lr: 1.000000000000002e-05 	 Training loss: 0.020541321877390148
[2025-01-15 08:34:07,945] INFO: Iter 31900 Summary: 
[2025-01-15 08:34:07,945] INFO: 	 lr: 1.000000000000002e-05 	 Training loss: 0.02063640145584941
[2025-01-15 08:34:19,408] INFO: Iter 32000 Summary: 
[2025-01-15 08:34:19,408] INFO: 	 lr: 1.000000000000002e-05 	 Training loss: 0.020529074110090733
[2025-01-15 08:34:34,343] INFO: Iter 32100 Summary: 
[2025-01-15 08:34:34,344] INFO: 	 lr: 1.000000000000002e-05 	 Training loss: 0.020582259595394135
[2025-01-15 08:34:46,599] INFO: Iter 32200 Summary: 
[2025-01-15 08:34:46,599] INFO: 	 lr: 1.000000000000002e-05 	 Training loss: 0.020453688111156224
[2025-01-15 08:34:59,400] INFO: Iter 32300 Summary: 
[2025-01-15 08:34:59,400] INFO: 	 lr: 1.000000000000002e-05 	 Training loss: 0.020413982570171355
[2025-01-15 08:35:13,448] INFO: Iter 32400 Summary: 
[2025-01-15 08:35:13,449] INFO: 	 lr: 1.000000000000002e-05 	 Training loss: 0.02041580345481634
[2025-01-15 08:35:26,471] INFO: Iter 32500 Summary: 
[2025-01-15 08:35:26,471] INFO: 	 lr: 1.000000000000002e-05 	 Training loss: 0.02043788980692625
[2025-01-15 08:35:37,233] INFO: Iter 32600 Summary: 
[2025-01-15 08:35:37,233] INFO: 	 lr: 1.000000000000002e-05 	 Training loss: 0.020609819106757642
[2025-01-15 08:35:49,289] INFO: Iter 32700 Summary: 
[2025-01-15 08:35:49,289] INFO: 	 lr: 1.000000000000002e-05 	 Training loss: 0.02055413627997041
[2025-01-15 08:36:01,234] INFO: Iter 32800 Summary: 
[2025-01-15 08:36:01,234] INFO: 	 lr: 1.000000000000002e-05 	 Training loss: 0.020464364513754843
[2025-01-15 08:36:13,709] INFO: Iter 32900 Summary: 
[2025-01-15 08:36:13,709] INFO: 	 lr: 1.000000000000002e-05 	 Training loss: 0.020506071988493205
[2025-01-15 08:36:25,562] INFO: Iter 33000 Summary: 
[2025-01-15 08:36:25,562] INFO: 	 lr: 1.000000000000002e-05 	 Training loss: 0.020489929653704168
[2025-01-15 08:36:38,981] INFO: Iter 33100 Summary: 
[2025-01-15 08:36:38,981] INFO: 	 lr: 1.000000000000002e-05 	 Training loss: 0.02047807805240154
[2025-01-15 08:36:50,673] INFO: Iter 33200 Summary: 
[2025-01-15 08:36:50,674] INFO: 	 lr: 1.000000000000002e-05 	 Training loss: 0.02059301221743226
[2025-01-15 08:37:01,210] INFO: Iter 33300 Summary: 
[2025-01-15 08:37:01,210] INFO: 	 lr: 1.000000000000002e-05 	 Training loss: 0.020377040933817626
[2025-01-15 08:37:12,912] INFO: Iter 33400 Summary: 
[2025-01-15 08:37:12,912] INFO: 	 lr: 1.000000000000002e-05 	 Training loss: 0.020444803722202778
[2025-01-15 08:37:24,673] INFO: Iter 33500 Summary: 
[2025-01-15 08:37:24,673] INFO: 	 lr: 1.000000000000002e-05 	 Training loss: 0.02036735039204359
[2025-01-15 08:37:35,657] INFO: Iter 33600 Summary: 
[2025-01-15 08:37:35,658] INFO: 	 lr: 1.000000000000002e-05 	 Training loss: 0.020562066845595837
[2025-01-15 08:37:47,916] INFO: Iter 33700 Summary: 
[2025-01-15 08:37:47,916] INFO: 	 lr: 1.000000000000002e-05 	 Training loss: 0.02058549128472805
[2025-01-15 08:38:00,608] INFO: Iter 33800 Summary: 
[2025-01-15 08:38:00,609] INFO: 	 lr: 1.000000000000002e-05 	 Training loss: 0.02040731776505709
[2025-01-15 08:38:13,113] INFO: Iter 33900 Summary: 
[2025-01-15 08:38:13,113] INFO: 	 lr: 1.000000000000002e-05 	 Training loss: 0.020432740952819585
[2025-01-15 08:38:24,986] INFO: Iter 34000 Summary: 
[2025-01-15 08:38:24,987] INFO: 	 lr: 1.000000000000002e-05 	 Training loss: 0.020418323166668414
[2025-01-15 08:38:40,941] INFO: Iter 34100 Summary: 
[2025-01-15 08:38:40,941] INFO: 	 lr: 1.000000000000002e-05 	 Training loss: 0.02047360634431243
[2025-01-15 08:38:52,864] INFO: Iter 34200 Summary: 
[2025-01-15 08:38:52,864] INFO: 	 lr: 1.000000000000002e-05 	 Training loss: 0.020635338500142097
[2025-01-15 08:39:04,309] INFO: Iter 34300 Summary: 
[2025-01-15 08:39:04,309] INFO: 	 lr: 1.000000000000002e-05 	 Training loss: 0.0205885642580688
[2025-01-15 08:39:16,292] INFO: Iter 34400 Summary: 
[2025-01-15 08:39:16,292] INFO: 	 lr: 1.000000000000002e-05 	 Training loss: 0.02042102873325348
[2025-01-15 08:39:29,304] INFO: Iter 34500 Summary: 
[2025-01-15 08:39:29,305] INFO: 	 lr: 1.000000000000002e-05 	 Training loss: 0.02036801079288125
[2025-01-15 08:39:41,738] INFO: Iter 34600 Summary: 
[2025-01-15 08:39:41,738] INFO: 	 lr: 1.000000000000002e-05 	 Training loss: 0.020397988967597484
[2025-01-15 08:39:53,083] INFO: Iter 34700 Summary: 
[2025-01-15 08:39:53,084] INFO: 	 lr: 1.000000000000002e-05 	 Training loss: 0.020283552911132575
[2025-01-15 08:40:03,812] INFO: Iter 34800 Summary: 
[2025-01-15 08:40:03,813] INFO: 	 lr: 1.000000000000002e-05 	 Training loss: 0.020445109624415637
[2025-01-15 08:40:15,777] INFO: Iter 34900 Summary: 
[2025-01-15 08:40:15,777] INFO: 	 lr: 1.000000000000002e-05 	 Training loss: 0.02042049067094922
[2025-01-15 08:40:29,362] INFO: Iter 35000 Summary: 
[2025-01-15 08:40:29,362] INFO: 	 lr: 1.000000000000002e-05 	 Training loss: 0.020553180016577244
[2025-01-15 08:40:43,796] INFO: Iter 35100 Summary: 
[2025-01-15 08:40:43,796] INFO: 	 lr: 1.000000000000002e-05 	 Training loss: 0.020488067846745252
[2025-01-15 08:40:56,042] INFO: Iter 35200 Summary: 
[2025-01-15 08:40:56,043] INFO: 	 lr: 1.000000000000002e-05 	 Training loss: 0.0203538004308939
[2025-01-15 08:41:05,839] INFO: Iter 35300 Summary: 
[2025-01-15 08:41:05,840] INFO: 	 lr: 1.000000000000002e-05 	 Training loss: 0.020397309064865112
[2025-01-15 08:41:17,945] INFO: Iter 35400 Summary: 
[2025-01-15 08:41:17,945] INFO: 	 lr: 1.000000000000002e-05 	 Training loss: 0.02041480742394924
[2025-01-15 08:41:30,175] INFO: Iter 35500 Summary: 
[2025-01-15 08:41:30,175] INFO: 	 lr: 1.000000000000002e-05 	 Training loss: 0.020293142888695003
[2025-01-15 08:41:42,759] INFO: Iter 35600 Summary: 
[2025-01-15 08:41:42,760] INFO: 	 lr: 1.000000000000002e-05 	 Training loss: 0.020326841212809085
[2025-01-15 08:41:54,808] INFO: Iter 35700 Summary: 
[2025-01-15 08:41:54,809] INFO: 	 lr: 1.000000000000002e-05 	 Training loss: 0.02037067648023367
[2025-01-15 08:42:08,026] INFO: Iter 35800 Summary: 
[2025-01-15 08:42:08,026] INFO: 	 lr: 1.000000000000002e-05 	 Training loss: 0.020426315255463123
[2025-01-15 08:42:20,742] INFO: Iter 35900 Summary: 
[2025-01-15 08:42:20,742] INFO: 	 lr: 1.000000000000002e-05 	 Training loss: 0.020553598627448082
[2025-01-15 08:42:33,605] INFO: Iter 36000 Summary: 
[2025-01-15 08:42:33,605] INFO: 	 lr: 1.000000000000002e-05 	 Training loss: 0.02039812343195081
[2025-01-15 08:42:50,258] INFO: Iter 36100 Summary: 
[2025-01-15 08:42:50,259] INFO: 	 lr: 1.000000000000002e-05 	 Training loss: 0.020271530337631703
[2025-01-15 08:43:02,472] INFO: Iter 36200 Summary: 
[2025-01-15 08:43:02,472] INFO: 	 lr: 1.000000000000002e-05 	 Training loss: 0.02033820616081357
[2025-01-15 08:43:14,247] INFO: Iter 36300 Summary: 
[2025-01-15 08:43:14,247] INFO: 	 lr: 1.000000000000002e-05 	 Training loss: 0.0204441399499774
[2025-01-15 08:43:26,151] INFO: Iter 36400 Summary: 
[2025-01-15 08:43:26,151] INFO: 	 lr: 1.000000000000002e-05 	 Training loss: 0.020534405317157507
[2025-01-15 08:43:38,513] INFO: Iter 36500 Summary: 
[2025-01-15 08:43:38,513] INFO: 	 lr: 1.000000000000002e-05 	 Training loss: 0.020399552267044783
[2025-01-15 08:43:51,043] INFO: Iter 36600 Summary: 
[2025-01-15 08:43:51,043] INFO: 	 lr: 1.000000000000002e-05 	 Training loss: 0.020396568775177003
[2025-01-15 08:44:03,536] INFO: Iter 36700 Summary: 
[2025-01-15 08:44:03,537] INFO: 	 lr: 1.000000000000002e-05 	 Training loss: 0.02045666377991438
[2025-01-15 08:44:15,516] INFO: Iter 36800 Summary: 
[2025-01-15 08:44:15,516] INFO: 	 lr: 1.000000000000002e-05 	 Training loss: 0.020419746357947587
[2025-01-15 08:44:26,706] INFO: Iter 36900 Summary: 
[2025-01-15 08:44:26,706] INFO: 	 lr: 1.000000000000002e-05 	 Training loss: 0.020306415148079394
[2025-01-15 08:44:38,038] INFO: Iter 37000 Summary: 
[2025-01-15 08:44:38,039] INFO: 	 lr: 1.000000000000002e-05 	 Training loss: 0.020332495011389257
[2025-01-15 08:44:49,960] INFO: Iter 37100 Summary: 
[2025-01-15 08:44:49,961] INFO: 	 lr: 1.000000000000002e-05 	 Training loss: 0.020336711034178733
[2025-01-15 08:45:04,288] INFO: Iter 37200 Summary: 
[2025-01-15 08:45:04,289] INFO: 	 lr: 1.000000000000002e-05 	 Training loss: 0.020349651277065277
[2025-01-15 08:45:16,061] INFO: Iter 37300 Summary: 
[2025-01-15 08:45:16,061] INFO: 	 lr: 1.000000000000002e-05 	 Training loss: 0.020315906740725042
[2025-01-15 08:45:28,123] INFO: Iter 37400 Summary: 
[2025-01-15 08:45:28,123] INFO: 	 lr: 1.000000000000002e-05 	 Training loss: 0.02027305053547025
[2025-01-15 08:45:40,059] INFO: Iter 37500 Summary: 
[2025-01-15 08:45:40,059] INFO: 	 lr: 1.000000000000002e-05 	 Training loss: 0.020449662897735834
[2025-01-15 08:45:52,436] INFO: Iter 37600 Summary: 
[2025-01-15 08:45:52,436] INFO: 	 lr: 1.000000000000002e-05 	 Training loss: 0.020325093790888787
[2025-01-15 08:46:06,135] INFO: Iter 37700 Summary: 
[2025-01-15 08:46:06,136] INFO: 	 lr: 1.000000000000002e-05 	 Training loss: 0.020335887502878906
[2025-01-15 08:46:17,344] INFO: Iter 37800 Summary: 
[2025-01-15 08:46:17,345] INFO: 	 lr: 1.000000000000002e-05 	 Training loss: 0.02047656465321779
[2025-01-15 08:46:31,175] INFO: Iter 37900 Summary: 
[2025-01-15 08:46:31,175] INFO: 	 lr: 1.000000000000002e-05 	 Training loss: 0.0205065094307065
[2025-01-15 08:46:43,303] INFO: Iter 38000 Summary: 
[2025-01-15 08:46:43,303] INFO: 	 lr: 1.000000000000002e-05 	 Training loss: 0.02025108413770795
[2025-01-15 08:47:00,058] INFO: Iter 38100 Summary: 
[2025-01-15 08:47:00,058] INFO: 	 lr: 1.000000000000002e-05 	 Training loss: 0.020277766343206167
[2025-01-15 08:47:11,567] INFO: Iter 38200 Summary: 
[2025-01-15 08:47:11,567] INFO: 	 lr: 1.000000000000002e-05 	 Training loss: 0.02032010419294238
[2025-01-15 08:47:23,721] INFO: Iter 38300 Summary: 
[2025-01-15 08:47:23,722] INFO: 	 lr: 1.000000000000002e-05 	 Training loss: 0.020512082632631063
[2025-01-15 08:47:35,482] INFO: Iter 38400 Summary: 
[2025-01-15 08:47:35,482] INFO: 	 lr: 1.000000000000002e-05 	 Training loss: 0.020269316714257003
[2025-01-15 08:47:47,608] INFO: Iter 38500 Summary: 
[2025-01-15 08:47:47,608] INFO: 	 lr: 1.000000000000002e-05 	 Training loss: 0.020336055364459753
[2025-01-15 08:48:03,659] INFO: Iter 38600 Summary: 
[2025-01-15 08:48:03,659] INFO: 	 lr: 1.000000000000002e-05 	 Training loss: 0.020363440550863744
[2025-01-15 08:48:15,410] INFO: Iter 38700 Summary: 
[2025-01-15 08:48:15,410] INFO: 	 lr: 1.000000000000002e-05 	 Training loss: 0.02046198196709156
[2025-01-15 08:48:27,159] INFO: Iter 38800 Summary: 
[2025-01-15 08:48:27,159] INFO: 	 lr: 1.000000000000002e-05 	 Training loss: 0.020257021002471447
[2025-01-15 08:48:39,127] INFO: Iter 38900 Summary: 
[2025-01-15 08:48:39,127] INFO: 	 lr: 1.000000000000002e-05 	 Training loss: 0.02055689476430416
[2025-01-15 08:48:51,064] INFO: Iter 39000 Summary: 
[2025-01-15 08:48:51,065] INFO: 	 lr: 1.000000000000002e-05 	 Training loss: 0.020337200611829757
[2025-01-15 08:49:02,319] INFO: Iter 39100 Summary: 
[2025-01-15 08:49:02,320] INFO: 	 lr: 1.000000000000002e-05 	 Training loss: 0.020130708795040846
[2025-01-15 08:49:13,512] INFO: Iter 39200 Summary: 
[2025-01-15 08:49:13,512] INFO: 	 lr: 1.000000000000002e-05 	 Training loss: 0.020316179655492306
[2025-01-15 08:49:26,712] INFO: Iter 39300 Summary: 
[2025-01-15 08:49:26,712] INFO: 	 lr: 1.000000000000002e-05 	 Training loss: 0.020250079650431872
[2025-01-15 08:49:39,027] INFO: Iter 39400 Summary: 
[2025-01-15 08:49:39,027] INFO: 	 lr: 1.000000000000002e-05 	 Training loss: 0.020225584227591752
[2025-01-15 08:49:50,801] INFO: Iter 39500 Summary: 
[2025-01-15 08:49:50,801] INFO: 	 lr: 1.000000000000002e-05 	 Training loss: 0.0204441499710083
[2025-01-15 08:50:03,174] INFO: Iter 39600 Summary: 
[2025-01-15 08:50:03,174] INFO: 	 lr: 1.000000000000002e-05 	 Training loss: 0.020295518450438976
[2025-01-15 08:50:15,355] INFO: Iter 39700 Summary: 
[2025-01-15 08:50:15,355] INFO: 	 lr: 1.000000000000002e-05 	 Training loss: 0.020374628603458404
[2025-01-15 08:50:27,638] INFO: Iter 39800 Summary: 
[2025-01-15 08:50:27,639] INFO: 	 lr: 1.000000000000002e-05 	 Training loss: 0.020323062650859355
[2025-01-15 08:50:38,643] INFO: Iter 39900 Summary: 
[2025-01-15 08:50:38,643] INFO: 	 lr: 1.000000000000002e-05 	 Training loss: 0.020305364187806846
[2025-01-15 08:50:52,517] INFO: Iter 40000 Summary: 
[2025-01-15 08:50:52,517] INFO: 	 lr: 1.000000000000002e-05 	 Training loss: 0.020528407506644725
