[2025-01-06 09:44:07,518] INFO: {
    "abs_dir": "/home/diwang/siMLPe/exps/baseline_h36m",
    "batch_size": 256,
    "cos_lr_max": 1e-05,
    "cos_lr_min": 5e-08,
    "cos_lr_total_iters": 40000,
    "data_aug": true,
    "deriv_input": true,
    "deriv_output": true,
    "device": "cuda:2",
    "h36m_anno_dir": "/home/diwang/siMLPe/data/h36m/",
    "link_log_file": "/home/diwang/siMLPe/exps/baseline_h36m/log/log_last.log",
    "link_val_log_file": "/home/diwang/siMLPe/exps/baseline_h36m/log/val_last.log",
    "log_dir": "/home/diwang/siMLPe/exps/baseline_h36m/log",
    "log_file": "/home/diwang/siMLPe/exps/baseline_h36m/log/log_2025_01_06_09_43_40.log",
    "model_pth": null,
    "motion": {
        "dim": 66,
        "h36m_input_length": 50,
        "h36m_input_length_dct": 50,
        "h36m_target_length": 25,
        "h36m_target_length_eval": 25,
        "h36m_target_length_train": 25
    },
    "motion_fc_in": {
        "activation": "relu",
        "in_features": 66,
        "init_w_trunc_normal": false,
        "out_features": 66,
        "temporal_fc": false,
        "with_norm": false
    },
    "motion_fc_out": {
        "activation": "relu",
        "in_features": 66,
        "init_w_trunc_normal": true,
        "out_features": 66,
        "temporal_fc": false,
        "with_norm": false
    },
    "motion_mlp": {
        "hidden_dim": 66,
        "norm_axis": "spatial",
        "num_layers": 48,
        "seq_len": 50,
        "spatial_fc_only": false,
        "with_normalization": true
    },
    "num_workers": 8,
    "post_dct": false,
    "pre_dct": false,
    "print_every": 100,
    "repo_name": "siMLPe",
    "root_dir": "/home/diwang/siMLPe",
    "save_every": 2000,
    "seed": 304,
    "shift_step": 1,
    "snapshot_dir": "/home/diwang/siMLPe/exps/baseline_h36m/log/snapshot",
    "this_dir": "baseline_h36m",
    "use_relative_loss": true,
    "val_log_file": "/home/diwang/siMLPe/exps/baseline_h36m/log/val_2025_01_06_09_43_40.log",
    "weight_decay": 0.0001
}
[2025-01-06 09:44:20,796] INFO: Iter 100 Summary: 
[2025-01-06 09:44:20,796] INFO: 	 lr: 0.00030000000000000073 	 Training loss: 0.1283698668330908
[2025-01-06 09:44:31,707] INFO: Iter 200 Summary: 
[2025-01-06 09:44:31,707] INFO: 	 lr: 0.00030000000000000073 	 Training loss: 0.11466914407908917
[2025-01-06 09:44:42,779] INFO: Iter 300 Summary: 
[2025-01-06 09:44:42,779] INFO: 	 lr: 0.00030000000000000073 	 Training loss: 0.10485084176063537
[2025-01-06 09:44:53,891] INFO: Iter 400 Summary: 
[2025-01-06 09:44:53,891] INFO: 	 lr: 0.00030000000000000073 	 Training loss: 0.10131700024008751
[2025-01-06 09:45:04,808] INFO: Iter 500 Summary: 
[2025-01-06 09:45:04,808] INFO: 	 lr: 0.00030000000000000073 	 Training loss: 0.09886085949838161
[2025-01-06 09:45:15,743] INFO: Iter 600 Summary: 
[2025-01-06 09:45:15,743] INFO: 	 lr: 0.00030000000000000073 	 Training loss: 0.09586357273161411
[2025-01-06 09:45:25,491] INFO: Iter 700 Summary: 
[2025-01-06 09:45:25,491] INFO: 	 lr: 0.00030000000000000073 	 Training loss: 0.09493602961301803
[2025-01-06 09:45:35,124] INFO: Iter 800 Summary: 
[2025-01-06 09:45:35,124] INFO: 	 lr: 0.00030000000000000073 	 Training loss: 0.09365805640816688
[2025-01-06 09:45:44,327] INFO: Iter 900 Summary: 
[2025-01-06 09:45:44,328] INFO: 	 lr: 0.00030000000000000073 	 Training loss: 0.09433974400162697
[2025-01-06 09:45:52,518] INFO: Iter 1000 Summary: 
[2025-01-06 09:45:52,518] INFO: 	 lr: 0.00030000000000000073 	 Training loss: 0.0925259344279766
[2025-01-06 09:46:03,812] INFO: Iter 1100 Summary: 
[2025-01-06 09:46:03,812] INFO: 	 lr: 0.00030000000000000073 	 Training loss: 0.09223230607807636
[2025-01-06 09:46:13,922] INFO: Iter 1200 Summary: 
[2025-01-06 09:46:13,923] INFO: 	 lr: 0.00030000000000000073 	 Training loss: 0.09170871533453465
[2025-01-06 09:46:24,057] INFO: Iter 1300 Summary: 
[2025-01-06 09:46:24,057] INFO: 	 lr: 0.00030000000000000073 	 Training loss: 0.09037253841757774
[2025-01-06 09:46:34,433] INFO: Iter 1400 Summary: 
[2025-01-06 09:46:34,433] INFO: 	 lr: 0.00030000000000000073 	 Training loss: 0.0910449493676424
[2025-01-06 09:46:45,391] INFO: Iter 1500 Summary: 
[2025-01-06 09:46:45,391] INFO: 	 lr: 0.00030000000000000073 	 Training loss: 0.09008280165493489
[2025-01-06 09:46:55,970] INFO: Iter 1600 Summary: 
[2025-01-06 09:46:55,971] INFO: 	 lr: 0.00030000000000000073 	 Training loss: 0.09015742048621178
[2025-01-06 09:47:06,344] INFO: Iter 1700 Summary: 
[2025-01-06 09:47:06,344] INFO: 	 lr: 0.00030000000000000073 	 Training loss: 0.08966416597366333
[2025-01-06 09:47:16,864] INFO: Iter 1800 Summary: 
[2025-01-06 09:47:16,865] INFO: 	 lr: 0.00030000000000000073 	 Training loss: 0.08907197907567024
[2025-01-06 09:47:27,479] INFO: Iter 1900 Summary: 
[2025-01-06 09:47:27,480] INFO: 	 lr: 0.00030000000000000073 	 Training loss: 0.08883554920554161
[2025-01-06 09:47:38,250] INFO: Iter 2000 Summary: 
[2025-01-06 09:47:38,251] INFO: 	 lr: 0.00030000000000000073 	 Training loss: 0.08833087280392647
[2025-01-06 09:47:54,530] INFO: Iter 2100 Summary: 
[2025-01-06 09:47:54,530] INFO: 	 lr: 0.00030000000000000073 	 Training loss: 0.08851000852882862
[2025-01-06 09:48:04,528] INFO: Iter 2200 Summary: 
[2025-01-06 09:48:04,528] INFO: 	 lr: 0.00030000000000000073 	 Training loss: 0.08830655984580517
[2025-01-06 09:48:16,140] INFO: Iter 2300 Summary: 
[2025-01-06 09:48:16,140] INFO: 	 lr: 0.00030000000000000073 	 Training loss: 0.08799031004309654
[2025-01-06 09:48:26,308] INFO: Iter 2400 Summary: 
[2025-01-06 09:48:26,309] INFO: 	 lr: 0.00030000000000000073 	 Training loss: 0.08750352822244167
[2025-01-06 09:48:37,349] INFO: Iter 2500 Summary: 
[2025-01-06 09:48:37,349] INFO: 	 lr: 0.00030000000000000073 	 Training loss: 0.08702772490680218
[2025-01-06 09:48:46,670] INFO: Iter 2600 Summary: 
[2025-01-06 09:48:46,670] INFO: 	 lr: 0.00030000000000000073 	 Training loss: 0.08696142449975014
[2025-01-06 09:48:56,260] INFO: Iter 2700 Summary: 
[2025-01-06 09:48:56,261] INFO: 	 lr: 0.00030000000000000073 	 Training loss: 0.08670285612344741
[2025-01-06 09:49:08,161] INFO: Iter 2800 Summary: 
[2025-01-06 09:49:08,161] INFO: 	 lr: 0.00030000000000000073 	 Training loss: 0.08718040719628334
[2025-01-06 09:49:18,782] INFO: Iter 2900 Summary: 
[2025-01-06 09:49:18,782] INFO: 	 lr: 0.00030000000000000073 	 Training loss: 0.08622315764427185
[2025-01-06 09:49:28,364] INFO: Iter 3000 Summary: 
[2025-01-06 09:49:28,365] INFO: 	 lr: 0.00030000000000000073 	 Training loss: 0.08578764848411083
[2025-01-06 09:49:38,744] INFO: Iter 3100 Summary: 
[2025-01-06 09:49:38,744] INFO: 	 lr: 0.00030000000000000073 	 Training loss: 0.08630160309374332
[2025-01-06 09:49:47,467] INFO: Iter 3200 Summary: 
[2025-01-06 09:49:47,467] INFO: 	 lr: 0.00030000000000000073 	 Training loss: 0.08617966175079346
[2025-01-06 09:49:58,136] INFO: Iter 3300 Summary: 
[2025-01-06 09:49:58,137] INFO: 	 lr: 0.00030000000000000073 	 Training loss: 0.08606116861104965
[2025-01-06 09:50:10,834] INFO: Iter 3400 Summary: 
[2025-01-06 09:50:10,834] INFO: 	 lr: 0.00030000000000000073 	 Training loss: 0.08567160800099373
[2025-01-06 09:50:20,363] INFO: Iter 3500 Summary: 
[2025-01-06 09:50:20,363] INFO: 	 lr: 0.00030000000000000073 	 Training loss: 0.08547233365476131
[2025-01-06 09:50:29,660] INFO: Iter 3600 Summary: 
[2025-01-06 09:50:29,660] INFO: 	 lr: 0.00030000000000000073 	 Training loss: 0.08537213765084743
[2025-01-06 09:50:40,201] INFO: Iter 3700 Summary: 
[2025-01-06 09:50:40,201] INFO: 	 lr: 0.00030000000000000073 	 Training loss: 0.08496394567191601
[2025-01-06 09:50:49,759] INFO: Iter 3800 Summary: 
[2025-01-06 09:50:49,760] INFO: 	 lr: 0.00030000000000000073 	 Training loss: 0.0848339681327343
[2025-01-06 09:51:00,036] INFO: Iter 3900 Summary: 
[2025-01-06 09:51:00,037] INFO: 	 lr: 0.00030000000000000073 	 Training loss: 0.08465133383870124
[2025-01-06 09:51:11,206] INFO: Iter 4000 Summary: 
[2025-01-06 09:51:11,206] INFO: 	 lr: 0.00030000000000000073 	 Training loss: 0.08483854562044144
[2025-01-06 09:51:25,547] INFO: Iter 4100 Summary: 
[2025-01-06 09:51:25,548] INFO: 	 lr: 0.00030000000000000073 	 Training loss: 0.08391921028494835
[2025-01-06 09:51:35,573] INFO: Iter 4200 Summary: 
[2025-01-06 09:51:35,575] INFO: 	 lr: 0.00030000000000000073 	 Training loss: 0.08392219610512257
[2025-01-06 09:51:45,550] INFO: Iter 4300 Summary: 
[2025-01-06 09:51:45,550] INFO: 	 lr: 0.00030000000000000073 	 Training loss: 0.08435575343668461
[2025-01-06 09:51:56,137] INFO: Iter 4400 Summary: 
[2025-01-06 09:51:56,137] INFO: 	 lr: 0.00030000000000000073 	 Training loss: 0.08374439306557178
[2025-01-06 09:52:03,962] INFO: Iter 4500 Summary: 
[2025-01-06 09:52:03,963] INFO: 	 lr: 0.00030000000000000073 	 Training loss: 0.08421527303755283
[2025-01-06 09:52:12,282] INFO: Iter 4600 Summary: 
[2025-01-06 09:52:12,283] INFO: 	 lr: 0.00030000000000000073 	 Training loss: 0.08427103213965893
[2025-01-06 09:52:21,839] INFO: Iter 4700 Summary: 
[2025-01-06 09:52:21,839] INFO: 	 lr: 0.00030000000000000073 	 Training loss: 0.08395962618291378
[2025-01-06 09:52:32,282] INFO: Iter 4800 Summary: 
[2025-01-06 09:52:32,283] INFO: 	 lr: 0.00030000000000000073 	 Training loss: 0.08369271531701088
[2025-01-06 09:52:43,070] INFO: Iter 4900 Summary: 
[2025-01-06 09:52:43,070] INFO: 	 lr: 0.00030000000000000073 	 Training loss: 0.08314808703958988
[2025-01-06 09:52:55,728] INFO: Iter 5000 Summary: 
[2025-01-06 09:52:55,728] INFO: 	 lr: 0.00030000000000000073 	 Training loss: 0.08343439437448978
[2025-01-06 09:53:06,528] INFO: Iter 5100 Summary: 
[2025-01-06 09:53:06,529] INFO: 	 lr: 0.00030000000000000073 	 Training loss: 0.08366437964141368
[2025-01-06 09:53:18,039] INFO: Iter 5200 Summary: 
[2025-01-06 09:53:18,039] INFO: 	 lr: 0.00030000000000000073 	 Training loss: 0.08397408165037631
[2025-01-06 09:53:28,863] INFO: Iter 5300 Summary: 
[2025-01-06 09:53:28,864] INFO: 	 lr: 0.00030000000000000073 	 Training loss: 0.08365404836833477
[2025-01-06 09:53:40,228] INFO: Iter 5400 Summary: 
[2025-01-06 09:53:40,228] INFO: 	 lr: 0.00030000000000000073 	 Training loss: 0.08270835407078266
[2025-01-06 09:53:52,688] INFO: Iter 5500 Summary: 
[2025-01-06 09:53:52,688] INFO: 	 lr: 0.00030000000000000073 	 Training loss: 0.08262147821485996
[2025-01-06 09:54:04,199] INFO: Iter 5600 Summary: 
[2025-01-06 09:54:04,199] INFO: 	 lr: 0.00030000000000000073 	 Training loss: 0.08204765580594539
[2025-01-06 09:54:14,965] INFO: Iter 5700 Summary: 
[2025-01-06 09:54:14,966] INFO: 	 lr: 0.00030000000000000073 	 Training loss: 0.08344813697040081
[2025-01-06 09:54:26,101] INFO: Iter 5800 Summary: 
[2025-01-06 09:54:26,102] INFO: 	 lr: 0.00030000000000000073 	 Training loss: 0.08308608517050743
[2025-01-06 09:54:37,390] INFO: Iter 5900 Summary: 
[2025-01-06 09:54:37,391] INFO: 	 lr: 0.00030000000000000073 	 Training loss: 0.08234832026064395
[2025-01-06 09:54:48,752] INFO: Iter 6000 Summary: 
[2025-01-06 09:54:48,753] INFO: 	 lr: 0.00030000000000000073 	 Training loss: 0.08299344524741173
[2025-01-06 09:55:02,926] INFO: Iter 6100 Summary: 
[2025-01-06 09:55:02,927] INFO: 	 lr: 0.00030000000000000073 	 Training loss: 0.08255900867283344
[2025-01-06 09:55:15,460] INFO: Iter 6200 Summary: 
[2025-01-06 09:55:15,461] INFO: 	 lr: 0.00030000000000000073 	 Training loss: 0.08213382959365845
[2025-01-06 09:55:28,431] INFO: Iter 6300 Summary: 
[2025-01-06 09:55:28,431] INFO: 	 lr: 0.00030000000000000073 	 Training loss: 0.0819806107133627
[2025-01-06 09:55:38,360] INFO: Iter 6400 Summary: 
[2025-01-06 09:55:38,361] INFO: 	 lr: 0.00030000000000000073 	 Training loss: 0.08159467346966266
[2025-01-06 09:55:47,560] INFO: Iter 6500 Summary: 
[2025-01-06 09:55:47,561] INFO: 	 lr: 0.00030000000000000073 	 Training loss: 0.08204948395490647
[2025-01-06 09:55:59,567] INFO: Iter 6600 Summary: 
[2025-01-06 09:55:59,568] INFO: 	 lr: 0.00030000000000000073 	 Training loss: 0.0828108088672161
[2025-01-06 09:56:11,745] INFO: Iter 6700 Summary: 
[2025-01-06 09:56:11,745] INFO: 	 lr: 0.00030000000000000073 	 Training loss: 0.0823353636264801
[2025-01-06 09:56:23,658] INFO: Iter 6800 Summary: 
[2025-01-06 09:56:23,658] INFO: 	 lr: 0.00030000000000000073 	 Training loss: 0.08175554566085338
[2025-01-06 09:56:33,648] INFO: Iter 6900 Summary: 
[2025-01-06 09:56:33,649] INFO: 	 lr: 0.00030000000000000073 	 Training loss: 0.08197329320013523
[2025-01-06 09:56:43,846] INFO: Iter 7000 Summary: 
[2025-01-06 09:56:43,846] INFO: 	 lr: 0.00030000000000000073 	 Training loss: 0.08180225558578968
[2025-01-06 09:56:53,699] INFO: Iter 7100 Summary: 
[2025-01-06 09:56:53,700] INFO: 	 lr: 0.00030000000000000073 	 Training loss: 0.08197041258215904
[2025-01-06 09:57:03,918] INFO: Iter 7200 Summary: 
[2025-01-06 09:57:03,919] INFO: 	 lr: 0.00030000000000000073 	 Training loss: 0.08123322039842605
[2025-01-06 09:57:15,075] INFO: Iter 7300 Summary: 
[2025-01-06 09:57:15,075] INFO: 	 lr: 0.00030000000000000073 	 Training loss: 0.08142552390694618
[2025-01-06 09:57:24,574] INFO: Iter 7400 Summary: 
[2025-01-06 09:57:24,574] INFO: 	 lr: 0.00030000000000000073 	 Training loss: 0.08094639264047146
[2025-01-06 09:57:35,984] INFO: Iter 7500 Summary: 
[2025-01-06 09:57:35,985] INFO: 	 lr: 0.00030000000000000073 	 Training loss: 0.08117671370506287
[2025-01-06 09:57:45,337] INFO: Iter 7600 Summary: 
[2025-01-06 09:57:45,337] INFO: 	 lr: 0.00030000000000000073 	 Training loss: 0.08165152154862881
[2025-01-06 09:57:54,767] INFO: Iter 7700 Summary: 
[2025-01-06 09:57:54,767] INFO: 	 lr: 0.00030000000000000073 	 Training loss: 0.08077011436223984
[2025-01-06 09:58:05,127] INFO: Iter 7800 Summary: 
[2025-01-06 09:58:05,128] INFO: 	 lr: 0.00030000000000000073 	 Training loss: 0.0807322197407484
[2025-01-06 09:58:14,853] INFO: Iter 7900 Summary: 
[2025-01-06 09:58:14,853] INFO: 	 lr: 0.00030000000000000073 	 Training loss: 0.08096082083880901
[2025-01-06 09:58:26,024] INFO: Iter 8000 Summary: 
[2025-01-06 09:58:26,024] INFO: 	 lr: 0.00030000000000000073 	 Training loss: 0.08103802643716335
[2025-01-06 09:58:40,556] INFO: Iter 8100 Summary: 
[2025-01-06 09:58:40,557] INFO: 	 lr: 0.00030000000000000073 	 Training loss: 0.08066732592880727
[2025-01-06 09:58:52,502] INFO: Iter 8200 Summary: 
[2025-01-06 09:58:52,503] INFO: 	 lr: 0.00030000000000000073 	 Training loss: 0.08078745603561402
[2025-01-06 09:59:04,355] INFO: Iter 8300 Summary: 
[2025-01-06 09:59:04,355] INFO: 	 lr: 0.00030000000000000073 	 Training loss: 0.08075182482600213
[2025-01-06 09:59:15,530] INFO: Iter 8400 Summary: 
[2025-01-06 09:59:15,530] INFO: 	 lr: 0.00030000000000000073 	 Training loss: 0.08075607895851135
[2025-01-06 09:59:26,059] INFO: Iter 8500 Summary: 
[2025-01-06 09:59:26,059] INFO: 	 lr: 0.00030000000000000073 	 Training loss: 0.08089641392230988
[2025-01-06 09:59:35,809] INFO: Iter 8600 Summary: 
[2025-01-06 09:59:35,810] INFO: 	 lr: 0.00030000000000000073 	 Training loss: 0.08073516212403774
[2025-01-06 09:59:46,288] INFO: Iter 8700 Summary: 
[2025-01-06 09:59:46,288] INFO: 	 lr: 0.00030000000000000073 	 Training loss: 0.0804526948928833
[2025-01-06 09:59:57,455] INFO: Iter 8800 Summary: 
[2025-01-06 09:59:57,455] INFO: 	 lr: 0.00030000000000000073 	 Training loss: 0.08029071219265461
[2025-01-06 10:00:10,388] INFO: Iter 8900 Summary: 
[2025-01-06 10:00:10,388] INFO: 	 lr: 0.00030000000000000073 	 Training loss: 0.08052743814885616
[2025-01-06 10:00:20,521] INFO: Iter 9000 Summary: 
[2025-01-06 10:00:20,522] INFO: 	 lr: 0.00030000000000000073 	 Training loss: 0.08000729441642761
[2025-01-06 10:00:28,876] INFO: Iter 9100 Summary: 
[2025-01-06 10:00:28,877] INFO: 	 lr: 0.00030000000000000073 	 Training loss: 0.07995365045964718
[2025-01-06 10:00:39,609] INFO: Iter 9200 Summary: 
[2025-01-06 10:00:39,609] INFO: 	 lr: 0.00030000000000000073 	 Training loss: 0.08076970346271992
[2025-01-06 10:00:50,775] INFO: Iter 9300 Summary: 
[2025-01-06 10:00:50,775] INFO: 	 lr: 0.00030000000000000073 	 Training loss: 0.08040456153452397
[2025-01-06 10:01:01,725] INFO: Iter 9400 Summary: 
[2025-01-06 10:01:01,725] INFO: 	 lr: 0.00030000000000000073 	 Training loss: 0.08006942018866539
[2025-01-06 10:01:13,401] INFO: Iter 9500 Summary: 
[2025-01-06 10:01:13,402] INFO: 	 lr: 0.00030000000000000073 	 Training loss: 0.0795503355562687
[2025-01-06 10:01:24,336] INFO: Iter 9600 Summary: 
[2025-01-06 10:01:24,337] INFO: 	 lr: 0.00030000000000000073 	 Training loss: 0.08002074979245663
[2025-01-06 10:01:35,707] INFO: Iter 9700 Summary: 
[2025-01-06 10:01:35,707] INFO: 	 lr: 0.00030000000000000073 	 Training loss: 0.08011877320706845
[2025-01-06 10:01:46,010] INFO: Iter 9800 Summary: 
[2025-01-06 10:01:46,011] INFO: 	 lr: 0.00030000000000000073 	 Training loss: 0.07998347580432892
[2025-01-06 10:01:59,253] INFO: Iter 9900 Summary: 
[2025-01-06 10:01:59,253] INFO: 	 lr: 0.00030000000000000073 	 Training loss: 0.07960052996873855
[2025-01-06 10:02:10,231] INFO: Iter 10000 Summary: 
[2025-01-06 10:02:10,231] INFO: 	 lr: 0.00030000000000000073 	 Training loss: 0.0796813713759184
[2025-01-06 10:02:23,986] INFO: Iter 10100 Summary: 
[2025-01-06 10:02:23,987] INFO: 	 lr: 0.00030000000000000073 	 Training loss: 0.07962795712053776
[2025-01-06 10:02:36,565] INFO: Iter 10200 Summary: 
[2025-01-06 10:02:36,566] INFO: 	 lr: 0.00030000000000000073 	 Training loss: 0.07904304519295692
[2025-01-06 10:02:48,723] INFO: Iter 10300 Summary: 
[2025-01-06 10:02:48,723] INFO: 	 lr: 0.00030000000000000073 	 Training loss: 0.07976281799376012
[2025-01-06 10:03:01,554] INFO: Iter 10400 Summary: 
[2025-01-06 10:03:01,574] INFO: 	 lr: 0.00030000000000000073 	 Training loss: 0.07947455435991287
[2025-01-06 10:03:12,664] INFO: Iter 10500 Summary: 
[2025-01-06 10:03:12,664] INFO: 	 lr: 0.00030000000000000073 	 Training loss: 0.07915053077042103
[2025-01-06 10:03:23,923] INFO: Iter 10600 Summary: 
[2025-01-06 10:03:23,924] INFO: 	 lr: 0.00030000000000000073 	 Training loss: 0.07925982750952244
[2025-01-06 10:03:35,814] INFO: Iter 10700 Summary: 
[2025-01-06 10:03:35,815] INFO: 	 lr: 0.00030000000000000073 	 Training loss: 0.07891723304986954
[2025-01-06 10:03:46,309] INFO: Iter 10800 Summary: 
[2025-01-06 10:03:46,309] INFO: 	 lr: 0.00030000000000000073 	 Training loss: 0.07993971422314644
[2025-01-06 10:03:58,078] INFO: Iter 10900 Summary: 
[2025-01-06 10:03:58,079] INFO: 	 lr: 0.00030000000000000073 	 Training loss: 0.07919862635433673
[2025-01-06 10:04:10,623] INFO: Iter 11000 Summary: 
[2025-01-06 10:04:10,623] INFO: 	 lr: 0.00030000000000000073 	 Training loss: 0.07884341925382614
[2025-01-06 10:04:23,158] INFO: Iter 11100 Summary: 
[2025-01-06 10:04:23,158] INFO: 	 lr: 0.00030000000000000073 	 Training loss: 0.07921556070446968
[2025-01-06 10:04:33,966] INFO: Iter 11200 Summary: 
[2025-01-06 10:04:33,966] INFO: 	 lr: 0.00030000000000000073 	 Training loss: 0.0790173551440239
[2025-01-06 10:04:44,849] INFO: Iter 11300 Summary: 
[2025-01-06 10:04:44,849] INFO: 	 lr: 0.00030000000000000073 	 Training loss: 0.07938083432614804
[2025-01-06 10:04:56,046] INFO: Iter 11400 Summary: 
[2025-01-06 10:04:56,047] INFO: 	 lr: 0.00030000000000000073 	 Training loss: 0.07886286035180091
[2025-01-06 10:05:07,152] INFO: Iter 11500 Summary: 
[2025-01-06 10:05:07,152] INFO: 	 lr: 0.00030000000000000073 	 Training loss: 0.07928994812071323
[2025-01-06 10:05:19,173] INFO: Iter 11600 Summary: 
[2025-01-06 10:05:19,173] INFO: 	 lr: 0.00030000000000000073 	 Training loss: 0.07864507272839547
[2025-01-06 10:05:30,468] INFO: Iter 11700 Summary: 
[2025-01-06 10:05:30,469] INFO: 	 lr: 0.00030000000000000073 	 Training loss: 0.07892097637057305
[2025-01-06 10:05:40,240] INFO: Iter 11800 Summary: 
[2025-01-06 10:05:40,240] INFO: 	 lr: 0.00030000000000000073 	 Training loss: 0.07890644982457161
[2025-01-06 10:05:51,020] INFO: Iter 11900 Summary: 
[2025-01-06 10:05:51,020] INFO: 	 lr: 0.00030000000000000073 	 Training loss: 0.07862089797854424
[2025-01-06 10:06:00,285] INFO: Iter 12000 Summary: 
[2025-01-06 10:06:00,285] INFO: 	 lr: 0.00030000000000000073 	 Training loss: 0.07879786647856235
[2025-01-06 10:06:13,686] INFO: Iter 12100 Summary: 
[2025-01-06 10:06:13,686] INFO: 	 lr: 0.00030000000000000073 	 Training loss: 0.07850154884159564
[2025-01-06 10:06:23,252] INFO: Iter 12200 Summary: 
[2025-01-06 10:06:23,252] INFO: 	 lr: 0.00030000000000000073 	 Training loss: 0.07854788444936275
[2025-01-06 10:06:34,774] INFO: Iter 12300 Summary: 
[2025-01-06 10:06:34,775] INFO: 	 lr: 0.00030000000000000073 	 Training loss: 0.07881041459739208
[2025-01-06 10:06:46,679] INFO: Iter 12400 Summary: 
[2025-01-06 10:06:46,679] INFO: 	 lr: 0.00030000000000000073 	 Training loss: 0.07812846317887306
[2025-01-06 10:06:58,119] INFO: Iter 12500 Summary: 
[2025-01-06 10:06:58,119] INFO: 	 lr: 0.00030000000000000073 	 Training loss: 0.07853613071143627
[2025-01-06 10:07:09,361] INFO: Iter 12600 Summary: 
[2025-01-06 10:07:09,361] INFO: 	 lr: 0.00030000000000000073 	 Training loss: 0.07828226871788502
[2025-01-06 10:07:19,942] INFO: Iter 12700 Summary: 
[2025-01-06 10:07:19,942] INFO: 	 lr: 0.00030000000000000073 	 Training loss: 0.0781988513469696
[2025-01-06 10:07:30,785] INFO: Iter 12800 Summary: 
[2025-01-06 10:07:30,785] INFO: 	 lr: 0.00030000000000000073 	 Training loss: 0.0783226428180933
[2025-01-06 10:07:42,382] INFO: Iter 12900 Summary: 
[2025-01-06 10:07:42,382] INFO: 	 lr: 0.00030000000000000073 	 Training loss: 0.07836111463606357
[2025-01-06 10:07:54,005] INFO: Iter 13000 Summary: 
[2025-01-06 10:07:54,005] INFO: 	 lr: 0.00030000000000000073 	 Training loss: 0.07806277595460415
[2025-01-06 10:08:04,932] INFO: Iter 13100 Summary: 
[2025-01-06 10:08:04,933] INFO: 	 lr: 0.00030000000000000073 	 Training loss: 0.07799844533205032
[2025-01-06 10:08:16,152] INFO: Iter 13200 Summary: 
[2025-01-06 10:08:16,152] INFO: 	 lr: 0.00030000000000000073 	 Training loss: 0.07811134301126003
[2025-01-06 10:08:27,194] INFO: Iter 13300 Summary: 
[2025-01-06 10:08:27,195] INFO: 	 lr: 0.00030000000000000073 	 Training loss: 0.07831517279148102
[2025-01-06 10:08:38,287] INFO: Iter 13400 Summary: 
[2025-01-06 10:08:38,287] INFO: 	 lr: 0.00030000000000000073 	 Training loss: 0.07758680887520314
[2025-01-06 10:08:48,526] INFO: Iter 13500 Summary: 
[2025-01-06 10:08:48,526] INFO: 	 lr: 0.00030000000000000073 	 Training loss: 0.07818157002329826
[2025-01-06 10:09:01,020] INFO: Iter 13600 Summary: 
[2025-01-06 10:09:01,021] INFO: 	 lr: 0.00030000000000000073 	 Training loss: 0.07807129599153996
[2025-01-06 10:09:12,691] INFO: Iter 13700 Summary: 
[2025-01-06 10:09:12,691] INFO: 	 lr: 0.00030000000000000073 	 Training loss: 0.07810429267585278
[2025-01-06 10:09:24,048] INFO: Iter 13800 Summary: 
[2025-01-06 10:09:24,048] INFO: 	 lr: 0.00030000000000000073 	 Training loss: 0.07784652873873711
[2025-01-06 10:09:36,308] INFO: Iter 13900 Summary: 
[2025-01-06 10:09:36,309] INFO: 	 lr: 0.00030000000000000073 	 Training loss: 0.07782968878746033
[2025-01-06 10:09:48,051] INFO: Iter 14000 Summary: 
[2025-01-06 10:09:48,051] INFO: 	 lr: 0.00030000000000000073 	 Training loss: 0.07792111687362194
[2025-01-06 10:10:02,154] INFO: Iter 14100 Summary: 
[2025-01-06 10:10:02,154] INFO: 	 lr: 0.00030000000000000073 	 Training loss: 0.07826276056468487
[2025-01-06 10:10:13,099] INFO: Iter 14200 Summary: 
[2025-01-06 10:10:13,099] INFO: 	 lr: 0.00030000000000000073 	 Training loss: 0.07736541286110878
[2025-01-06 10:10:24,869] INFO: Iter 14300 Summary: 
[2025-01-06 10:10:24,870] INFO: 	 lr: 0.00030000000000000073 	 Training loss: 0.07798758648335934
[2025-01-06 10:10:37,158] INFO: Iter 14400 Summary: 
[2025-01-06 10:10:37,158] INFO: 	 lr: 0.00030000000000000073 	 Training loss: 0.0779602025449276
[2025-01-06 10:10:49,816] INFO: Iter 14500 Summary: 
[2025-01-06 10:10:49,817] INFO: 	 lr: 0.00030000000000000073 	 Training loss: 0.07766269050538539
[2025-01-06 10:11:00,660] INFO: Iter 14600 Summary: 
[2025-01-06 10:11:00,660] INFO: 	 lr: 0.00030000000000000073 	 Training loss: 0.07756883881986142
[2025-01-06 10:11:12,064] INFO: Iter 14700 Summary: 
[2025-01-06 10:11:12,064] INFO: 	 lr: 0.00030000000000000073 	 Training loss: 0.07765221230685711
[2025-01-06 10:11:23,224] INFO: Iter 14800 Summary: 
[2025-01-06 10:11:23,225] INFO: 	 lr: 0.00030000000000000073 	 Training loss: 0.0779416623711586
[2025-01-06 10:11:34,749] INFO: Iter 14900 Summary: 
[2025-01-06 10:11:34,750] INFO: 	 lr: 0.00030000000000000073 	 Training loss: 0.07758802697062492
[2025-01-06 10:11:46,574] INFO: Iter 15000 Summary: 
[2025-01-06 10:11:46,574] INFO: 	 lr: 0.00030000000000000073 	 Training loss: 0.07688958257436752
[2025-01-06 10:11:58,216] INFO: Iter 15100 Summary: 
[2025-01-06 10:11:58,217] INFO: 	 lr: 0.00030000000000000073 	 Training loss: 0.07747081018984318
[2025-01-06 10:12:07,781] INFO: Iter 15200 Summary: 
[2025-01-06 10:12:07,781] INFO: 	 lr: 0.00030000000000000073 	 Training loss: 0.07726233236491681
[2025-01-06 10:12:18,813] INFO: Iter 15300 Summary: 
[2025-01-06 10:12:18,814] INFO: 	 lr: 0.00030000000000000073 	 Training loss: 0.07703639633953571
[2025-01-06 10:12:29,525] INFO: Iter 15400 Summary: 
[2025-01-06 10:12:29,525] INFO: 	 lr: 0.00030000000000000073 	 Training loss: 0.07766869403421879
[2025-01-06 10:12:41,612] INFO: Iter 15500 Summary: 
[2025-01-06 10:12:41,612] INFO: 	 lr: 0.00030000000000000073 	 Training loss: 0.0778916247189045
[2025-01-06 10:12:53,594] INFO: Iter 15600 Summary: 
[2025-01-06 10:12:53,594] INFO: 	 lr: 0.00030000000000000073 	 Training loss: 0.07722254872322082
[2025-01-06 10:13:05,174] INFO: Iter 15700 Summary: 
[2025-01-06 10:13:05,174] INFO: 	 lr: 0.00030000000000000073 	 Training loss: 0.07717215850949287
[2025-01-06 10:13:16,448] INFO: Iter 15800 Summary: 
[2025-01-06 10:13:16,448] INFO: 	 lr: 0.00030000000000000073 	 Training loss: 0.07663826890289784
[2025-01-06 10:13:27,453] INFO: Iter 15900 Summary: 
[2025-01-06 10:13:27,454] INFO: 	 lr: 0.00030000000000000073 	 Training loss: 0.07703187339007854
[2025-01-06 10:13:40,127] INFO: Iter 16000 Summary: 
[2025-01-06 10:13:40,127] INFO: 	 lr: 0.00030000000000000073 	 Training loss: 0.07698788374662399
[2025-01-06 10:13:53,895] INFO: Iter 16100 Summary: 
[2025-01-06 10:13:53,895] INFO: 	 lr: 0.00030000000000000073 	 Training loss: 0.07691495224833489
[2025-01-06 10:14:05,121] INFO: Iter 16200 Summary: 
[2025-01-06 10:14:05,121] INFO: 	 lr: 0.00030000000000000073 	 Training loss: 0.0767572495341301
[2025-01-06 10:14:17,668] INFO: Iter 16300 Summary: 
[2025-01-06 10:14:17,668] INFO: 	 lr: 0.00030000000000000073 	 Training loss: 0.07738598272204399
[2025-01-06 10:14:30,735] INFO: Iter 16400 Summary: 
[2025-01-06 10:14:30,735] INFO: 	 lr: 0.00030000000000000073 	 Training loss: 0.07656038336455823
[2025-01-06 10:14:42,363] INFO: Iter 16500 Summary: 
[2025-01-06 10:14:42,364] INFO: 	 lr: 0.00030000000000000073 	 Training loss: 0.07729094624519348
[2025-01-06 10:14:53,072] INFO: Iter 16600 Summary: 
[2025-01-06 10:14:53,072] INFO: 	 lr: 0.00030000000000000073 	 Training loss: 0.0769452653080225
[2025-01-06 10:15:04,325] INFO: Iter 16700 Summary: 
[2025-01-06 10:15:04,325] INFO: 	 lr: 0.00030000000000000073 	 Training loss: 0.07652308464050293
[2025-01-06 10:15:12,881] INFO: Iter 16800 Summary: 
[2025-01-06 10:15:12,882] INFO: 	 lr: 0.00030000000000000073 	 Training loss: 0.0769428164511919
[2025-01-06 10:15:24,457] INFO: Iter 16900 Summary: 
[2025-01-06 10:15:24,457] INFO: 	 lr: 0.00030000000000000073 	 Training loss: 0.07693389572203159
[2025-01-06 10:15:36,098] INFO: Iter 17000 Summary: 
[2025-01-06 10:15:36,098] INFO: 	 lr: 0.00030000000000000073 	 Training loss: 0.07668227009475231
[2025-01-06 10:15:46,699] INFO: Iter 17100 Summary: 
[2025-01-06 10:15:46,700] INFO: 	 lr: 0.00030000000000000073 	 Training loss: 0.07706524282693863
[2025-01-06 10:15:58,125] INFO: Iter 17200 Summary: 
[2025-01-06 10:15:58,126] INFO: 	 lr: 0.00030000000000000073 	 Training loss: 0.07703302375972271
[2025-01-06 10:16:10,809] INFO: Iter 17300 Summary: 
[2025-01-06 10:16:10,810] INFO: 	 lr: 0.00030000000000000073 	 Training loss: 0.07689829759299754
[2025-01-06 10:16:21,386] INFO: Iter 17400 Summary: 
[2025-01-06 10:16:21,387] INFO: 	 lr: 0.00030000000000000073 	 Training loss: 0.07700917162001134
[2025-01-06 10:16:34,240] INFO: Iter 17500 Summary: 
[2025-01-06 10:16:34,240] INFO: 	 lr: 0.00030000000000000073 	 Training loss: 0.07663313113152981
[2025-01-06 10:16:47,760] INFO: Iter 17600 Summary: 
[2025-01-06 10:16:47,761] INFO: 	 lr: 0.00030000000000000073 	 Training loss: 0.07630692318081855
[2025-01-06 10:17:01,818] INFO: Iter 17700 Summary: 
[2025-01-06 10:17:01,819] INFO: 	 lr: 0.00030000000000000073 	 Training loss: 0.07678567096590996
[2025-01-06 10:17:12,726] INFO: Iter 17800 Summary: 
[2025-01-06 10:17:12,727] INFO: 	 lr: 0.00030000000000000073 	 Training loss: 0.07682892829179763
[2025-01-06 10:17:23,337] INFO: Iter 17900 Summary: 
[2025-01-06 10:17:23,337] INFO: 	 lr: 0.00030000000000000073 	 Training loss: 0.07657399035990238
[2025-01-06 10:17:32,740] INFO: Iter 18000 Summary: 
[2025-01-06 10:17:32,740] INFO: 	 lr: 0.00030000000000000073 	 Training loss: 0.07647240474820137
[2025-01-06 10:17:47,387] INFO: Iter 18100 Summary: 
[2025-01-06 10:17:47,388] INFO: 	 lr: 0.00030000000000000073 	 Training loss: 0.07583240605890751
[2025-01-06 10:17:59,542] INFO: Iter 18200 Summary: 
[2025-01-06 10:17:59,543] INFO: 	 lr: 0.00030000000000000073 	 Training loss: 0.07679977752268315
[2025-01-06 10:18:09,138] INFO: Iter 18300 Summary: 
[2025-01-06 10:18:09,138] INFO: 	 lr: 0.00030000000000000073 	 Training loss: 0.07633868828415871
[2025-01-06 10:18:22,143] INFO: Iter 18400 Summary: 
[2025-01-06 10:18:22,143] INFO: 	 lr: 0.00030000000000000073 	 Training loss: 0.07620247311890126
[2025-01-06 10:18:30,867] INFO: Iter 18500 Summary: 
[2025-01-06 10:18:30,867] INFO: 	 lr: 0.00030000000000000073 	 Training loss: 0.07615386985242367
[2025-01-06 10:18:41,374] INFO: Iter 18600 Summary: 
[2025-01-06 10:18:41,374] INFO: 	 lr: 0.00030000000000000073 	 Training loss: 0.07653282716870308
[2025-01-06 10:18:52,681] INFO: Iter 18700 Summary: 
[2025-01-06 10:18:52,681] INFO: 	 lr: 0.00030000000000000073 	 Training loss: 0.07630131624639035
[2025-01-06 10:19:03,869] INFO: Iter 18800 Summary: 
[2025-01-06 10:19:03,869] INFO: 	 lr: 0.00030000000000000073 	 Training loss: 0.07637353152036667
[2025-01-06 10:19:13,812] INFO: Iter 18900 Summary: 
[2025-01-06 10:19:13,813] INFO: 	 lr: 0.00030000000000000073 	 Training loss: 0.07631060250103473
[2025-01-06 10:19:25,053] INFO: Iter 19000 Summary: 
[2025-01-06 10:19:25,053] INFO: 	 lr: 0.00030000000000000073 	 Training loss: 0.07601933889091014
[2025-01-06 10:19:36,853] INFO: Iter 19100 Summary: 
[2025-01-06 10:19:36,854] INFO: 	 lr: 0.00030000000000000073 	 Training loss: 0.07645691551268101
[2025-01-06 10:19:47,679] INFO: Iter 19200 Summary: 
[2025-01-06 10:19:47,679] INFO: 	 lr: 0.00030000000000000073 	 Training loss: 0.07620721742510796
[2025-01-06 10:19:58,244] INFO: Iter 19300 Summary: 
[2025-01-06 10:19:58,244] INFO: 	 lr: 0.00030000000000000073 	 Training loss: 0.0763288451731205
[2025-01-06 10:20:09,307] INFO: Iter 19400 Summary: 
[2025-01-06 10:20:09,307] INFO: 	 lr: 0.00030000000000000073 	 Training loss: 0.07583132214844227
[2025-01-06 10:20:20,553] INFO: Iter 19500 Summary: 
[2025-01-06 10:20:20,553] INFO: 	 lr: 0.00030000000000000073 	 Training loss: 0.07587536454200744
[2025-01-06 10:20:30,500] INFO: Iter 19600 Summary: 
[2025-01-06 10:20:30,500] INFO: 	 lr: 0.00030000000000000073 	 Training loss: 0.07597780168056488
[2025-01-06 10:20:41,619] INFO: Iter 19700 Summary: 
[2025-01-06 10:20:41,620] INFO: 	 lr: 0.00030000000000000073 	 Training loss: 0.07610829159617424
[2025-01-06 10:20:52,372] INFO: Iter 19800 Summary: 
[2025-01-06 10:20:52,372] INFO: 	 lr: 0.00030000000000000073 	 Training loss: 0.0758531442284584
[2025-01-06 10:21:03,828] INFO: Iter 19900 Summary: 
[2025-01-06 10:21:03,829] INFO: 	 lr: 0.00030000000000000073 	 Training loss: 0.07607668273150921
[2025-01-06 10:21:14,866] INFO: Iter 20000 Summary: 
[2025-01-06 10:21:14,866] INFO: 	 lr: 0.00030000000000000073 	 Training loss: 0.07533630594611168
[2025-01-06 10:21:28,209] INFO: Iter 20100 Summary: 
[2025-01-06 10:21:28,210] INFO: 	 lr: 0.00030000000000000073 	 Training loss: 0.07647390931844711
[2025-01-06 10:21:39,740] INFO: Iter 20200 Summary: 
[2025-01-06 10:21:39,740] INFO: 	 lr: 0.00030000000000000073 	 Training loss: 0.07590350419282914
[2025-01-06 10:21:50,547] INFO: Iter 20300 Summary: 
[2025-01-06 10:21:50,547] INFO: 	 lr: 0.00030000000000000073 	 Training loss: 0.07599453344941139
[2025-01-06 10:22:02,953] INFO: Iter 20400 Summary: 
[2025-01-06 10:22:02,953] INFO: 	 lr: 0.00030000000000000073 	 Training loss: 0.07598981939256191
[2025-01-06 10:22:13,123] INFO: Iter 20500 Summary: 
[2025-01-06 10:22:13,123] INFO: 	 lr: 0.00030000000000000073 	 Training loss: 0.07554734408855439
[2025-01-06 10:22:23,712] INFO: Iter 20600 Summary: 
[2025-01-06 10:22:23,712] INFO: 	 lr: 0.00030000000000000073 	 Training loss: 0.07581257402896881
[2025-01-06 10:22:34,347] INFO: Iter 20700 Summary: 
[2025-01-06 10:22:34,347] INFO: 	 lr: 0.00030000000000000073 	 Training loss: 0.07614298887550831
[2025-01-06 10:22:45,829] INFO: Iter 20800 Summary: 
[2025-01-06 10:22:45,829] INFO: 	 lr: 0.00030000000000000073 	 Training loss: 0.07602451547980309
[2025-01-06 10:22:55,073] INFO: Iter 20900 Summary: 
[2025-01-06 10:22:55,073] INFO: 	 lr: 0.00030000000000000073 	 Training loss: 0.07556125394999981
[2025-01-06 10:23:06,377] INFO: Iter 21000 Summary: 
[2025-01-06 10:23:06,377] INFO: 	 lr: 0.00030000000000000073 	 Training loss: 0.07541187725961208
[2025-01-06 10:23:18,547] INFO: Iter 21100 Summary: 
[2025-01-06 10:23:18,548] INFO: 	 lr: 0.00030000000000000073 	 Training loss: 0.07557754389941693
[2025-01-06 10:23:29,849] INFO: Iter 21200 Summary: 
[2025-01-06 10:23:29,849] INFO: 	 lr: 0.00030000000000000073 	 Training loss: 0.07568352594971657
[2025-01-06 10:23:40,500] INFO: Iter 21300 Summary: 
[2025-01-06 10:23:40,500] INFO: 	 lr: 0.00030000000000000073 	 Training loss: 0.07571567438542842
[2025-01-06 10:23:51,324] INFO: Iter 21400 Summary: 
[2025-01-06 10:23:51,324] INFO: 	 lr: 0.00030000000000000073 	 Training loss: 0.0757026082277298
[2025-01-06 10:24:02,467] INFO: Iter 21500 Summary: 
[2025-01-06 10:24:02,467] INFO: 	 lr: 0.00030000000000000073 	 Training loss: 0.07605618707835675
[2025-01-06 10:24:13,443] INFO: Iter 21600 Summary: 
[2025-01-06 10:24:13,444] INFO: 	 lr: 0.00030000000000000073 	 Training loss: 0.07524242654442787
[2025-01-06 10:24:22,599] INFO: Iter 21700 Summary: 
[2025-01-06 10:24:22,599] INFO: 	 lr: 0.00030000000000000073 	 Training loss: 0.0756805969029665
[2025-01-06 10:24:33,267] INFO: Iter 21800 Summary: 
[2025-01-06 10:24:33,268] INFO: 	 lr: 0.00030000000000000073 	 Training loss: 0.07537026464939117
[2025-01-06 10:24:43,110] INFO: Iter 21900 Summary: 
[2025-01-06 10:24:43,110] INFO: 	 lr: 0.00030000000000000073 	 Training loss: 0.07550776220858096
[2025-01-06 10:24:53,268] INFO: Iter 22000 Summary: 
[2025-01-06 10:24:53,269] INFO: 	 lr: 0.00030000000000000073 	 Training loss: 0.07545068323612213
[2025-01-06 10:25:05,972] INFO: Iter 22100 Summary: 
[2025-01-06 10:25:05,972] INFO: 	 lr: 0.00030000000000000073 	 Training loss: 0.07561095587909222
[2025-01-06 10:25:16,260] INFO: Iter 22200 Summary: 
[2025-01-06 10:25:16,261] INFO: 	 lr: 0.00030000000000000073 	 Training loss: 0.07520652770996093
[2025-01-06 10:25:27,033] INFO: Iter 22300 Summary: 
[2025-01-06 10:25:27,034] INFO: 	 lr: 0.00030000000000000073 	 Training loss: 0.07593065612018109
[2025-01-06 10:25:37,558] INFO: Iter 22400 Summary: 
[2025-01-06 10:25:37,558] INFO: 	 lr: 0.00030000000000000073 	 Training loss: 0.0753805897384882
[2025-01-06 10:25:49,877] INFO: Iter 22500 Summary: 
[2025-01-06 10:25:49,877] INFO: 	 lr: 0.00030000000000000073 	 Training loss: 0.07484651684761047
[2025-01-06 10:26:01,200] INFO: Iter 22600 Summary: 
[2025-01-06 10:26:01,200] INFO: 	 lr: 0.00030000000000000073 	 Training loss: 0.07520121790468692
[2025-01-06 10:26:13,020] INFO: Iter 22700 Summary: 
[2025-01-06 10:26:13,020] INFO: 	 lr: 0.00030000000000000073 	 Training loss: 0.07547331839799881
[2025-01-06 10:26:22,617] INFO: Iter 22800 Summary: 
[2025-01-06 10:26:22,617] INFO: 	 lr: 0.00030000000000000073 	 Training loss: 0.07482862263917923
[2025-01-06 10:26:33,071] INFO: Iter 22900 Summary: 
[2025-01-06 10:26:33,071] INFO: 	 lr: 0.00030000000000000073 	 Training loss: 0.07540779307484627
[2025-01-06 10:26:42,790] INFO: Iter 23000 Summary: 
[2025-01-06 10:26:42,791] INFO: 	 lr: 0.00030000000000000073 	 Training loss: 0.07541457042098046
[2025-01-06 10:26:54,134] INFO: Iter 23100 Summary: 
[2025-01-06 10:26:54,135] INFO: 	 lr: 0.00030000000000000073 	 Training loss: 0.07552434340119361
[2025-01-06 10:27:02,638] INFO: Iter 23200 Summary: 
[2025-01-06 10:27:02,638] INFO: 	 lr: 0.00030000000000000073 	 Training loss: 0.07478791780769825
[2025-01-06 10:27:12,321] INFO: Iter 23300 Summary: 
[2025-01-06 10:27:12,322] INFO: 	 lr: 0.00030000000000000073 	 Training loss: 0.074231693521142
[2025-01-06 10:27:21,262] INFO: Iter 23400 Summary: 
[2025-01-06 10:27:21,262] INFO: 	 lr: 0.00030000000000000073 	 Training loss: 0.075191610455513
[2025-01-06 10:27:30,651] INFO: Iter 23500 Summary: 
[2025-01-06 10:27:30,652] INFO: 	 lr: 0.00030000000000000073 	 Training loss: 0.07525376491248607
[2025-01-06 10:27:40,389] INFO: Iter 23600 Summary: 
[2025-01-06 10:27:40,389] INFO: 	 lr: 0.00030000000000000073 	 Training loss: 0.07547286048531532
[2025-01-06 10:27:49,042] INFO: Iter 23700 Summary: 
[2025-01-06 10:27:49,042] INFO: 	 lr: 0.00030000000000000073 	 Training loss: 0.07524437375366688
[2025-01-06 10:27:58,445] INFO: Iter 23800 Summary: 
[2025-01-06 10:27:58,446] INFO: 	 lr: 0.00030000000000000073 	 Training loss: 0.07479077577590942
[2025-01-06 10:28:08,330] INFO: Iter 23900 Summary: 
[2025-01-06 10:28:08,330] INFO: 	 lr: 0.00030000000000000073 	 Training loss: 0.07548661611974239
[2025-01-06 10:28:17,455] INFO: Iter 24000 Summary: 
[2025-01-06 10:28:17,455] INFO: 	 lr: 0.00030000000000000073 	 Training loss: 0.07528259754180908
[2025-01-06 10:28:28,436] INFO: Iter 24100 Summary: 
[2025-01-06 10:28:28,436] INFO: 	 lr: 0.00030000000000000073 	 Training loss: 0.0748094653338194
[2025-01-06 10:28:39,711] INFO: Iter 24200 Summary: 
[2025-01-06 10:28:39,712] INFO: 	 lr: 0.00030000000000000073 	 Training loss: 0.07494868986308574
[2025-01-06 10:28:52,049] INFO: Iter 24300 Summary: 
[2025-01-06 10:28:52,050] INFO: 	 lr: 0.00030000000000000073 	 Training loss: 0.0749835304915905
[2025-01-06 10:29:03,784] INFO: Iter 24400 Summary: 
[2025-01-06 10:29:03,785] INFO: 	 lr: 0.00030000000000000073 	 Training loss: 0.07429107889533043
[2025-01-06 10:29:14,844] INFO: Iter 24500 Summary: 
[2025-01-06 10:29:14,845] INFO: 	 lr: 0.00030000000000000073 	 Training loss: 0.07535019487142564
[2025-01-06 10:29:26,432] INFO: Iter 24600 Summary: 
[2025-01-06 10:29:26,432] INFO: 	 lr: 0.00030000000000000073 	 Training loss: 0.07483315862715244
[2025-01-06 10:29:36,102] INFO: Iter 24700 Summary: 
[2025-01-06 10:29:36,102] INFO: 	 lr: 0.00030000000000000073 	 Training loss: 0.07575284488499165
[2025-01-06 10:29:47,223] INFO: Iter 24800 Summary: 
[2025-01-06 10:29:47,223] INFO: 	 lr: 0.00030000000000000073 	 Training loss: 0.07462612226605415
[2025-01-06 10:29:57,512] INFO: Iter 24900 Summary: 
[2025-01-06 10:29:57,513] INFO: 	 lr: 0.00030000000000000073 	 Training loss: 0.07499378927052021
[2025-01-06 10:30:08,545] INFO: Iter 25000 Summary: 
[2025-01-06 10:30:08,546] INFO: 	 lr: 0.00030000000000000073 	 Training loss: 0.07456714883446694
[2025-01-06 10:30:18,023] INFO: Iter 25100 Summary: 
[2025-01-06 10:30:18,023] INFO: 	 lr: 0.00030000000000000073 	 Training loss: 0.07505073845386505
[2025-01-06 10:30:28,984] INFO: Iter 25200 Summary: 
[2025-01-06 10:30:28,985] INFO: 	 lr: 0.00030000000000000073 	 Training loss: 0.07487198822200299
[2025-01-06 10:30:39,877] INFO: Iter 25300 Summary: 
[2025-01-06 10:30:39,877] INFO: 	 lr: 0.00030000000000000073 	 Training loss: 0.07484408088028431
[2025-01-06 10:30:50,251] INFO: Iter 25400 Summary: 
[2025-01-06 10:30:50,251] INFO: 	 lr: 0.00030000000000000073 	 Training loss: 0.07450860463082791
[2025-01-06 10:31:00,323] INFO: Iter 25500 Summary: 
[2025-01-06 10:31:00,323] INFO: 	 lr: 0.00030000000000000073 	 Training loss: 0.07440901950001716
[2025-01-06 10:31:11,744] INFO: Iter 25600 Summary: 
[2025-01-06 10:31:11,744] INFO: 	 lr: 0.00030000000000000073 	 Training loss: 0.07531149208545684
[2025-01-06 10:31:22,683] INFO: Iter 25700 Summary: 
[2025-01-06 10:31:22,683] INFO: 	 lr: 0.00030000000000000073 	 Training loss: 0.07490981623530388
[2025-01-06 10:31:33,540] INFO: Iter 25800 Summary: 
[2025-01-06 10:31:33,541] INFO: 	 lr: 0.00030000000000000073 	 Training loss: 0.07490247510373592
[2025-01-06 10:31:46,467] INFO: Iter 25900 Summary: 
[2025-01-06 10:31:46,468] INFO: 	 lr: 0.00030000000000000073 	 Training loss: 0.0752263668179512
[2025-01-06 10:31:57,974] INFO: Iter 26000 Summary: 
[2025-01-06 10:31:57,974] INFO: 	 lr: 0.00030000000000000073 	 Training loss: 0.0744268025457859
[2025-01-06 10:32:12,095] INFO: Iter 26100 Summary: 
[2025-01-06 10:32:12,095] INFO: 	 lr: 0.00030000000000000073 	 Training loss: 0.07499695375561714
[2025-01-06 10:32:22,851] INFO: Iter 26200 Summary: 
[2025-01-06 10:32:22,852] INFO: 	 lr: 0.00030000000000000073 	 Training loss: 0.07468276530504227
[2025-01-06 10:32:33,550] INFO: Iter 26300 Summary: 
[2025-01-06 10:32:33,550] INFO: 	 lr: 0.00030000000000000073 	 Training loss: 0.07438342355191707
[2025-01-06 10:32:44,647] INFO: Iter 26400 Summary: 
[2025-01-06 10:32:44,647] INFO: 	 lr: 0.00030000000000000073 	 Training loss: 0.07478536397218705
[2025-01-06 10:32:56,555] INFO: Iter 26500 Summary: 
[2025-01-06 10:32:56,556] INFO: 	 lr: 0.00030000000000000073 	 Training loss: 0.07454369887709618
[2025-01-06 10:33:07,016] INFO: Iter 26600 Summary: 
[2025-01-06 10:33:07,017] INFO: 	 lr: 0.00030000000000000073 	 Training loss: 0.07503173798322678
[2025-01-06 10:33:18,302] INFO: Iter 26700 Summary: 
[2025-01-06 10:33:18,303] INFO: 	 lr: 0.00030000000000000073 	 Training loss: 0.07425422333180905
[2025-01-06 10:33:29,614] INFO: Iter 26800 Summary: 
[2025-01-06 10:33:29,614] INFO: 	 lr: 0.00030000000000000073 	 Training loss: 0.07452229335904122
[2025-01-06 10:33:40,433] INFO: Iter 26900 Summary: 
[2025-01-06 10:33:40,435] INFO: 	 lr: 0.00030000000000000073 	 Training loss: 0.07424461975693702
[2025-01-06 10:33:51,838] INFO: Iter 27000 Summary: 
[2025-01-06 10:33:51,838] INFO: 	 lr: 0.00030000000000000073 	 Training loss: 0.07493620701134204
[2025-01-06 10:34:03,666] INFO: Iter 27100 Summary: 
[2025-01-06 10:34:03,666] INFO: 	 lr: 0.00030000000000000073 	 Training loss: 0.07512516304850578
[2025-01-06 10:34:15,993] INFO: Iter 27200 Summary: 
[2025-01-06 10:34:15,994] INFO: 	 lr: 0.00030000000000000073 	 Training loss: 0.07405863158404827
[2025-01-06 10:34:27,568] INFO: Iter 27300 Summary: 
[2025-01-06 10:34:27,569] INFO: 	 lr: 0.00030000000000000073 	 Training loss: 0.07422002948820591
[2025-01-06 10:34:38,380] INFO: Iter 27400 Summary: 
[2025-01-06 10:34:38,381] INFO: 	 lr: 0.00030000000000000073 	 Training loss: 0.07388440825045109
[2025-01-06 10:34:49,415] INFO: Iter 27500 Summary: 
[2025-01-06 10:34:49,415] INFO: 	 lr: 0.00030000000000000073 	 Training loss: 0.07481990091502666
[2025-01-06 10:35:01,032] INFO: Iter 27600 Summary: 
[2025-01-06 10:35:01,033] INFO: 	 lr: 0.00030000000000000073 	 Training loss: 0.07437346659600735
[2025-01-06 10:35:11,284] INFO: Iter 27700 Summary: 
[2025-01-06 10:35:11,284] INFO: 	 lr: 0.00030000000000000073 	 Training loss: 0.0744418016076088
[2025-01-06 10:35:22,956] INFO: Iter 27800 Summary: 
[2025-01-06 10:35:22,956] INFO: 	 lr: 0.00030000000000000073 	 Training loss: 0.07458609938621522
[2025-01-06 10:35:35,379] INFO: Iter 27900 Summary: 
[2025-01-06 10:35:35,379] INFO: 	 lr: 0.00030000000000000073 	 Training loss: 0.07428631000220776
[2025-01-06 10:35:46,231] INFO: Iter 28000 Summary: 
[2025-01-06 10:35:46,231] INFO: 	 lr: 0.00030000000000000073 	 Training loss: 0.07380306452512742
[2025-01-06 10:36:00,478] INFO: Iter 28100 Summary: 
[2025-01-06 10:36:00,478] INFO: 	 lr: 0.00030000000000000073 	 Training loss: 0.07412941053509713
[2025-01-06 10:36:09,541] INFO: Iter 28200 Summary: 
[2025-01-06 10:36:09,541] INFO: 	 lr: 0.00030000000000000073 	 Training loss: 0.07433772422373294
[2025-01-06 10:36:21,002] INFO: Iter 28300 Summary: 
[2025-01-06 10:36:21,002] INFO: 	 lr: 0.00030000000000000073 	 Training loss: 0.07458749301731586
[2025-01-06 10:36:31,260] INFO: Iter 28400 Summary: 
[2025-01-06 10:36:31,260] INFO: 	 lr: 0.00030000000000000073 	 Training loss: 0.07445654653012752
[2025-01-06 10:36:41,794] INFO: Iter 28500 Summary: 
[2025-01-06 10:36:41,795] INFO: 	 lr: 0.00030000000000000073 	 Training loss: 0.07470472671091556
[2025-01-06 10:36:52,097] INFO: Iter 28600 Summary: 
[2025-01-06 10:36:52,097] INFO: 	 lr: 0.00030000000000000073 	 Training loss: 0.07452752903103828
[2025-01-06 10:37:02,661] INFO: Iter 28700 Summary: 
[2025-01-06 10:37:02,661] INFO: 	 lr: 0.00030000000000000073 	 Training loss: 0.07496392220258713
[2025-01-06 10:37:13,518] INFO: Iter 28800 Summary: 
[2025-01-06 10:37:13,518] INFO: 	 lr: 0.00030000000000000073 	 Training loss: 0.07435086712241173
[2025-01-06 10:37:25,572] INFO: Iter 28900 Summary: 
[2025-01-06 10:37:25,572] INFO: 	 lr: 0.00030000000000000073 	 Training loss: 0.0738477162271738
[2025-01-06 10:37:36,615] INFO: Iter 29000 Summary: 
[2025-01-06 10:37:36,616] INFO: 	 lr: 0.00030000000000000073 	 Training loss: 0.07424429558217525
[2025-01-06 10:37:47,728] INFO: Iter 29100 Summary: 
[2025-01-06 10:37:47,728] INFO: 	 lr: 0.00030000000000000073 	 Training loss: 0.0740686821937561
[2025-01-06 10:37:58,127] INFO: Iter 29200 Summary: 
[2025-01-06 10:37:58,127] INFO: 	 lr: 0.00030000000000000073 	 Training loss: 0.0742145986109972
[2025-01-06 10:38:08,224] INFO: Iter 29300 Summary: 
[2025-01-06 10:38:08,224] INFO: 	 lr: 0.00030000000000000073 	 Training loss: 0.0742587299644947
[2025-01-06 10:38:17,795] INFO: Iter 29400 Summary: 
[2025-01-06 10:38:17,795] INFO: 	 lr: 0.00030000000000000073 	 Training loss: 0.07394486576318741
[2025-01-06 10:38:27,317] INFO: Iter 29500 Summary: 
[2025-01-06 10:38:27,317] INFO: 	 lr: 0.00030000000000000073 	 Training loss: 0.07450399093329907
[2025-01-06 10:38:38,386] INFO: Iter 29600 Summary: 
[2025-01-06 10:38:38,386] INFO: 	 lr: 0.00030000000000000073 	 Training loss: 0.07330606199800968
[2025-01-06 10:38:50,200] INFO: Iter 29700 Summary: 
[2025-01-06 10:38:50,200] INFO: 	 lr: 0.00030000000000000073 	 Training loss: 0.07365272171795369
[2025-01-06 10:39:00,068] INFO: Iter 29800 Summary: 
[2025-01-06 10:39:00,068] INFO: 	 lr: 0.00030000000000000073 	 Training loss: 0.07402379497885704
[2025-01-06 10:39:11,036] INFO: Iter 29900 Summary: 
[2025-01-06 10:39:11,037] INFO: 	 lr: 0.00030000000000000073 	 Training loss: 0.07425002478063107
[2025-01-06 10:39:20,878] INFO: Iter 30000 Summary: 
[2025-01-06 10:39:20,879] INFO: 	 lr: 0.00030000000000000073 	 Training loss: 0.07379188291728496
[2025-01-06 10:39:35,007] INFO: Iter 30100 Summary: 
[2025-01-06 10:39:35,007] INFO: 	 lr: 1.2900000000000026e-05 	 Training loss: 0.07269116073846817
[2025-01-06 10:39:46,553] INFO: Iter 30200 Summary: 
[2025-01-06 10:39:46,553] INFO: 	 lr: 1.000000000000002e-05 	 Training loss: 0.07193091489374638
[2025-01-06 10:39:57,126] INFO: Iter 30300 Summary: 
[2025-01-06 10:39:57,126] INFO: 	 lr: 1.000000000000002e-05 	 Training loss: 0.07153592765331268
[2025-01-06 10:40:06,444] INFO: Iter 30400 Summary: 
[2025-01-06 10:40:06,444] INFO: 	 lr: 1.000000000000002e-05 	 Training loss: 0.0711343278735876
[2025-01-06 10:40:15,584] INFO: Iter 30500 Summary: 
[2025-01-06 10:40:15,584] INFO: 	 lr: 1.000000000000002e-05 	 Training loss: 0.07167270831763745
[2025-01-06 10:40:27,720] INFO: Iter 30600 Summary: 
[2025-01-06 10:40:27,720] INFO: 	 lr: 1.000000000000002e-05 	 Training loss: 0.07112723164260387
[2025-01-06 10:40:39,644] INFO: Iter 30700 Summary: 
[2025-01-06 10:40:39,644] INFO: 	 lr: 1.000000000000002e-05 	 Training loss: 0.07125010967254639
[2025-01-06 10:40:51,056] INFO: Iter 30800 Summary: 
[2025-01-06 10:40:51,056] INFO: 	 lr: 1.000000000000002e-05 	 Training loss: 0.07128808207809925
[2025-01-06 10:41:00,830] INFO: Iter 30900 Summary: 
[2025-01-06 10:41:00,830] INFO: 	 lr: 1.000000000000002e-05 	 Training loss: 0.0711784852296114
[2025-01-06 10:41:10,926] INFO: Iter 31000 Summary: 
[2025-01-06 10:41:10,926] INFO: 	 lr: 1.000000000000002e-05 	 Training loss: 0.07086808539927006
[2025-01-06 10:41:20,875] INFO: Iter 31100 Summary: 
[2025-01-06 10:41:20,875] INFO: 	 lr: 1.000000000000002e-05 	 Training loss: 0.07123510658740997
[2025-01-06 10:41:31,225] INFO: Iter 31200 Summary: 
[2025-01-06 10:41:31,226] INFO: 	 lr: 1.000000000000002e-05 	 Training loss: 0.07073985733091831
[2025-01-06 10:41:42,323] INFO: Iter 31300 Summary: 
[2025-01-06 10:41:42,324] INFO: 	 lr: 1.000000000000002e-05 	 Training loss: 0.07072665505111217
[2025-01-06 10:41:53,085] INFO: Iter 31400 Summary: 
[2025-01-06 10:41:53,085] INFO: 	 lr: 1.000000000000002e-05 	 Training loss: 0.07040610797703266
[2025-01-06 10:42:03,502] INFO: Iter 31500 Summary: 
[2025-01-06 10:42:03,502] INFO: 	 lr: 1.000000000000002e-05 	 Training loss: 0.07086157537996769
[2025-01-06 10:42:13,449] INFO: Iter 31600 Summary: 
[2025-01-06 10:42:13,450] INFO: 	 lr: 1.000000000000002e-05 	 Training loss: 0.0710852112621069
[2025-01-06 10:42:22,789] INFO: Iter 31700 Summary: 
[2025-01-06 10:42:22,790] INFO: 	 lr: 1.000000000000002e-05 	 Training loss: 0.07070829711854458
[2025-01-06 10:42:34,272] INFO: Iter 31800 Summary: 
[2025-01-06 10:42:34,272] INFO: 	 lr: 1.000000000000002e-05 	 Training loss: 0.07063717417418956
[2025-01-06 10:42:43,315] INFO: Iter 31900 Summary: 
[2025-01-06 10:42:43,315] INFO: 	 lr: 1.000000000000002e-05 	 Training loss: 0.07101149536669255
[2025-01-06 10:42:53,890] INFO: Iter 32000 Summary: 
[2025-01-06 10:42:53,891] INFO: 	 lr: 1.000000000000002e-05 	 Training loss: 0.07072911895811558
[2025-01-06 10:43:05,844] INFO: Iter 32100 Summary: 
[2025-01-06 10:43:05,844] INFO: 	 lr: 1.000000000000002e-05 	 Training loss: 0.0709196089208126
[2025-01-06 10:43:16,245] INFO: Iter 32200 Summary: 
[2025-01-06 10:43:16,245] INFO: 	 lr: 1.000000000000002e-05 	 Training loss: 0.0701546075195074
[2025-01-06 10:43:26,372] INFO: Iter 32300 Summary: 
[2025-01-06 10:43:26,372] INFO: 	 lr: 1.000000000000002e-05 	 Training loss: 0.07086395494639873
[2025-01-06 10:43:36,227] INFO: Iter 32400 Summary: 
[2025-01-06 10:43:36,227] INFO: 	 lr: 1.000000000000002e-05 	 Training loss: 0.07014842554926873
[2025-01-06 10:43:46,080] INFO: Iter 32500 Summary: 
[2025-01-06 10:43:46,080] INFO: 	 lr: 1.000000000000002e-05 	 Training loss: 0.0701456419378519
[2025-01-06 10:43:59,535] INFO: Iter 32600 Summary: 
[2025-01-06 10:43:59,536] INFO: 	 lr: 1.000000000000002e-05 	 Training loss: 0.0710067454725504
[2025-01-06 10:44:10,255] INFO: Iter 32700 Summary: 
[2025-01-06 10:44:10,255] INFO: 	 lr: 1.000000000000002e-05 	 Training loss: 0.07055800542235374
[2025-01-06 10:44:22,229] INFO: Iter 32800 Summary: 
[2025-01-06 10:44:22,230] INFO: 	 lr: 1.000000000000002e-05 	 Training loss: 0.0710098547488451
[2025-01-06 10:44:32,543] INFO: Iter 32900 Summary: 
[2025-01-06 10:44:32,543] INFO: 	 lr: 1.000000000000002e-05 	 Training loss: 0.07057648725807666
[2025-01-06 10:44:43,590] INFO: Iter 33000 Summary: 
[2025-01-06 10:44:43,590] INFO: 	 lr: 1.000000000000002e-05 	 Training loss: 0.07097378872334957
[2025-01-06 10:44:54,207] INFO: Iter 33100 Summary: 
[2025-01-06 10:44:54,208] INFO: 	 lr: 1.000000000000002e-05 	 Training loss: 0.07031629137694835
[2025-01-06 10:45:04,629] INFO: Iter 33200 Summary: 
[2025-01-06 10:45:04,629] INFO: 	 lr: 1.000000000000002e-05 	 Training loss: 0.07041764639317989
[2025-01-06 10:45:16,493] INFO: Iter 33300 Summary: 
[2025-01-06 10:45:16,493] INFO: 	 lr: 1.000000000000002e-05 	 Training loss: 0.0705477648228407
[2025-01-06 10:45:26,907] INFO: Iter 33400 Summary: 
[2025-01-06 10:45:26,907] INFO: 	 lr: 1.000000000000002e-05 	 Training loss: 0.07009575515985489
[2025-01-06 10:45:37,379] INFO: Iter 33500 Summary: 
[2025-01-06 10:45:37,379] INFO: 	 lr: 1.000000000000002e-05 	 Training loss: 0.07000598631799221
[2025-01-06 10:45:49,548] INFO: Iter 33600 Summary: 
[2025-01-06 10:45:49,548] INFO: 	 lr: 1.000000000000002e-05 	 Training loss: 0.07051193974912166
[2025-01-06 10:46:00,580] INFO: Iter 33700 Summary: 
[2025-01-06 10:46:00,581] INFO: 	 lr: 1.000000000000002e-05 	 Training loss: 0.07058238990604877
[2025-01-06 10:46:10,732] INFO: Iter 33800 Summary: 
[2025-01-06 10:46:10,732] INFO: 	 lr: 1.000000000000002e-05 	 Training loss: 0.07038704529404641
[2025-01-06 10:46:21,583] INFO: Iter 33900 Summary: 
[2025-01-06 10:46:21,583] INFO: 	 lr: 1.000000000000002e-05 	 Training loss: 0.07023593306541442
[2025-01-06 10:46:31,465] INFO: Iter 34000 Summary: 
[2025-01-06 10:46:31,465] INFO: 	 lr: 1.000000000000002e-05 	 Training loss: 0.07074673056602478
[2025-01-06 10:46:44,962] INFO: Iter 34100 Summary: 
[2025-01-06 10:46:44,962] INFO: 	 lr: 1.000000000000002e-05 	 Training loss: 0.0705018860846758
[2025-01-06 10:46:56,924] INFO: Iter 34200 Summary: 
[2025-01-06 10:46:56,924] INFO: 	 lr: 1.000000000000002e-05 	 Training loss: 0.07028167545795441
[2025-01-06 10:47:08,779] INFO: Iter 34300 Summary: 
[2025-01-06 10:47:08,779] INFO: 	 lr: 1.000000000000002e-05 	 Training loss: 0.07027267523109913
[2025-01-06 10:47:19,072] INFO: Iter 34400 Summary: 
[2025-01-06 10:47:19,072] INFO: 	 lr: 1.000000000000002e-05 	 Training loss: 0.07007457301020623
[2025-01-06 10:47:30,402] INFO: Iter 34500 Summary: 
[2025-01-06 10:47:30,402] INFO: 	 lr: 1.000000000000002e-05 	 Training loss: 0.07043575868010521
[2025-01-06 10:47:40,396] INFO: Iter 34600 Summary: 
[2025-01-06 10:47:40,396] INFO: 	 lr: 1.000000000000002e-05 	 Training loss: 0.06996127761900425
[2025-01-06 10:47:51,872] INFO: Iter 34700 Summary: 
[2025-01-06 10:47:51,872] INFO: 	 lr: 1.000000000000002e-05 	 Training loss: 0.07029593333601952
[2025-01-06 10:48:02,147] INFO: Iter 34800 Summary: 
[2025-01-06 10:48:02,147] INFO: 	 lr: 1.000000000000002e-05 	 Training loss: 0.0704117202013731
[2025-01-06 10:48:14,128] INFO: Iter 34900 Summary: 
[2025-01-06 10:48:14,129] INFO: 	 lr: 1.000000000000002e-05 	 Training loss: 0.07047809228301048
[2025-01-06 10:48:24,984] INFO: Iter 35000 Summary: 
[2025-01-06 10:48:24,984] INFO: 	 lr: 1.000000000000002e-05 	 Training loss: 0.07000220075249672
[2025-01-06 10:48:37,423] INFO: Iter 35100 Summary: 
[2025-01-06 10:48:37,423] INFO: 	 lr: 1.000000000000002e-05 	 Training loss: 0.06999854035675526
[2025-01-06 10:48:48,172] INFO: Iter 35200 Summary: 
[2025-01-06 10:48:48,172] INFO: 	 lr: 1.000000000000002e-05 	 Training loss: 0.07035498894751072
[2025-01-06 10:48:56,657] INFO: Iter 35300 Summary: 
[2025-01-06 10:48:56,657] INFO: 	 lr: 1.000000000000002e-05 	 Training loss: 0.06964559234678745
[2025-01-06 10:49:09,192] INFO: Iter 35400 Summary: 
[2025-01-06 10:49:09,192] INFO: 	 lr: 1.000000000000002e-05 	 Training loss: 0.06970812551677227
[2025-01-06 10:49:20,500] INFO: Iter 35500 Summary: 
[2025-01-06 10:49:20,500] INFO: 	 lr: 1.000000000000002e-05 	 Training loss: 0.07031934477388858
[2025-01-06 10:49:31,857] INFO: Iter 35600 Summary: 
[2025-01-06 10:49:31,857] INFO: 	 lr: 1.000000000000002e-05 	 Training loss: 0.07040228314697743
[2025-01-06 10:49:42,622] INFO: Iter 35700 Summary: 
[2025-01-06 10:49:42,622] INFO: 	 lr: 1.000000000000002e-05 	 Training loss: 0.06979188159108161
[2025-01-06 10:49:54,147] INFO: Iter 35800 Summary: 
[2025-01-06 10:49:54,147] INFO: 	 lr: 1.000000000000002e-05 	 Training loss: 0.07010645858943462
[2025-01-06 10:50:05,070] INFO: Iter 35900 Summary: 
[2025-01-06 10:50:05,070] INFO: 	 lr: 1.000000000000002e-05 	 Training loss: 0.07071420937776565
[2025-01-06 10:50:16,684] INFO: Iter 36000 Summary: 
[2025-01-06 10:50:16,685] INFO: 	 lr: 1.000000000000002e-05 	 Training loss: 0.0701870433241129
[2025-01-06 10:50:29,075] INFO: Iter 36100 Summary: 
[2025-01-06 10:50:29,075] INFO: 	 lr: 1.000000000000002e-05 	 Training loss: 0.06985230565071106
[2025-01-06 10:50:39,530] INFO: Iter 36200 Summary: 
[2025-01-06 10:50:39,530] INFO: 	 lr: 1.000000000000002e-05 	 Training loss: 0.06993059180676937
[2025-01-06 10:50:49,566] INFO: Iter 36300 Summary: 
[2025-01-06 10:50:49,567] INFO: 	 lr: 1.000000000000002e-05 	 Training loss: 0.07050756327807903
[2025-01-06 10:51:00,730] INFO: Iter 36400 Summary: 
[2025-01-06 10:51:00,730] INFO: 	 lr: 1.000000000000002e-05 	 Training loss: 0.06987010225653649
[2025-01-06 10:51:13,033] INFO: Iter 36500 Summary: 
[2025-01-06 10:51:13,033] INFO: 	 lr: 1.000000000000002e-05 	 Training loss: 0.07040883503854274
[2025-01-06 10:51:24,000] INFO: Iter 36600 Summary: 
[2025-01-06 10:51:24,000] INFO: 	 lr: 1.000000000000002e-05 	 Training loss: 0.06985853806138038
[2025-01-06 10:51:36,578] INFO: Iter 36700 Summary: 
[2025-01-06 10:51:36,579] INFO: 	 lr: 1.000000000000002e-05 	 Training loss: 0.06981063410639762
[2025-01-06 10:51:46,434] INFO: Iter 36800 Summary: 
[2025-01-06 10:51:46,435] INFO: 	 lr: 1.000000000000002e-05 	 Training loss: 0.07006933502852916
[2025-01-06 10:51:56,885] INFO: Iter 36900 Summary: 
[2025-01-06 10:51:56,885] INFO: 	 lr: 1.000000000000002e-05 	 Training loss: 0.06981412172317505
[2025-01-06 10:52:06,692] INFO: Iter 37000 Summary: 
[2025-01-06 10:52:06,692] INFO: 	 lr: 1.000000000000002e-05 	 Training loss: 0.06980081856250762
[2025-01-06 10:52:15,700] INFO: Iter 37100 Summary: 
[2025-01-06 10:52:15,700] INFO: 	 lr: 1.000000000000002e-05 	 Training loss: 0.07006545513868331
[2025-01-06 10:52:24,457] INFO: Iter 37200 Summary: 
[2025-01-06 10:52:24,458] INFO: 	 lr: 1.000000000000002e-05 	 Training loss: 0.07018838070333004
[2025-01-06 10:52:33,152] INFO: Iter 37300 Summary: 
[2025-01-06 10:52:33,152] INFO: 	 lr: 1.000000000000002e-05 	 Training loss: 0.07008222050964832
[2025-01-06 10:52:43,585] INFO: Iter 37400 Summary: 
[2025-01-06 10:52:43,585] INFO: 	 lr: 1.000000000000002e-05 	 Training loss: 0.0701338441669941
[2025-01-06 10:52:52,271] INFO: Iter 37500 Summary: 
[2025-01-06 10:52:52,271] INFO: 	 lr: 1.000000000000002e-05 	 Training loss: 0.07014016710221767
[2025-01-06 10:53:00,589] INFO: Iter 37600 Summary: 
[2025-01-06 10:53:00,589] INFO: 	 lr: 1.000000000000002e-05 	 Training loss: 0.06967709563672543
[2025-01-06 10:53:09,557] INFO: Iter 37700 Summary: 
[2025-01-06 10:53:09,558] INFO: 	 lr: 1.000000000000002e-05 	 Training loss: 0.06985319785773754
[2025-01-06 10:53:18,044] INFO: Iter 37800 Summary: 
[2025-01-06 10:53:18,045] INFO: 	 lr: 1.000000000000002e-05 	 Training loss: 0.06994180031120777
[2025-01-06 10:53:26,654] INFO: Iter 37900 Summary: 
[2025-01-06 10:53:26,654] INFO: 	 lr: 1.000000000000002e-05 	 Training loss: 0.06993195421993732
[2025-01-06 10:53:34,446] INFO: Iter 38000 Summary: 
[2025-01-06 10:53:34,446] INFO: 	 lr: 1.000000000000002e-05 	 Training loss: 0.0700146895647049
[2025-01-06 10:53:43,764] INFO: Iter 38100 Summary: 
[2025-01-06 10:53:43,764] INFO: 	 lr: 1.000000000000002e-05 	 Training loss: 0.0701325536519289
[2025-01-06 10:53:50,747] INFO: Iter 38200 Summary: 
[2025-01-06 10:53:50,748] INFO: 	 lr: 1.000000000000002e-05 	 Training loss: 0.06981778167188167
[2025-01-06 10:53:58,638] INFO: Iter 38300 Summary: 
[2025-01-06 10:53:58,639] INFO: 	 lr: 1.000000000000002e-05 	 Training loss: 0.06968742094933987
[2025-01-06 10:54:06,667] INFO: Iter 38400 Summary: 
[2025-01-06 10:54:06,667] INFO: 	 lr: 1.000000000000002e-05 	 Training loss: 0.06954325400292874
[2025-01-06 10:54:13,677] INFO: Iter 38500 Summary: 
[2025-01-06 10:54:13,677] INFO: 	 lr: 1.000000000000002e-05 	 Training loss: 0.06970756851136685
[2025-01-06 10:54:20,913] INFO: Iter 38600 Summary: 
[2025-01-06 10:54:20,913] INFO: 	 lr: 1.000000000000002e-05 	 Training loss: 0.07004307627677918
[2025-01-06 10:54:29,585] INFO: Iter 38700 Summary: 
[2025-01-06 10:54:29,586] INFO: 	 lr: 1.000000000000002e-05 	 Training loss: 0.06992958929389716
[2025-01-06 10:54:37,280] INFO: Iter 38800 Summary: 
[2025-01-06 10:54:37,280] INFO: 	 lr: 1.000000000000002e-05 	 Training loss: 0.07012699000537395
[2025-01-06 10:54:44,230] INFO: Iter 38900 Summary: 
[2025-01-06 10:54:44,230] INFO: 	 lr: 1.000000000000002e-05 	 Training loss: 0.07007065527141094
[2025-01-06 10:54:54,151] INFO: Iter 39000 Summary: 
[2025-01-06 10:54:54,152] INFO: 	 lr: 1.000000000000002e-05 	 Training loss: 0.06996935613453388
[2025-01-06 10:55:01,843] INFO: Iter 39100 Summary: 
[2025-01-06 10:55:01,843] INFO: 	 lr: 1.000000000000002e-05 	 Training loss: 0.06967674911022187
[2025-01-06 10:55:09,229] INFO: Iter 39200 Summary: 
[2025-01-06 10:55:09,229] INFO: 	 lr: 1.000000000000002e-05 	 Training loss: 0.06966917753219605
[2025-01-06 10:55:16,606] INFO: Iter 39300 Summary: 
[2025-01-06 10:55:16,607] INFO: 	 lr: 1.000000000000002e-05 	 Training loss: 0.0699523162841797
[2025-01-06 10:55:25,220] INFO: Iter 39400 Summary: 
[2025-01-06 10:55:25,221] INFO: 	 lr: 1.000000000000002e-05 	 Training loss: 0.06982587777078152
[2025-01-06 10:55:33,380] INFO: Iter 39500 Summary: 
[2025-01-06 10:55:33,380] INFO: 	 lr: 1.000000000000002e-05 	 Training loss: 0.06963321626186371
[2025-01-06 10:55:42,231] INFO: Iter 39600 Summary: 
[2025-01-06 10:55:42,231] INFO: 	 lr: 1.000000000000002e-05 	 Training loss: 0.06998530760407448
[2025-01-06 10:55:51,690] INFO: Iter 39700 Summary: 
[2025-01-06 10:55:51,691] INFO: 	 lr: 1.000000000000002e-05 	 Training loss: 0.0699607903137803
[2025-01-06 10:56:01,023] INFO: Iter 39800 Summary: 
[2025-01-06 10:56:01,023] INFO: 	 lr: 1.000000000000002e-05 	 Training loss: 0.06925127036869526
[2025-01-06 10:56:10,242] INFO: Iter 39900 Summary: 
[2025-01-06 10:56:10,243] INFO: 	 lr: 1.000000000000002e-05 	 Training loss: 0.0701855107396841
[2025-01-06 10:56:19,518] INFO: Iter 40000 Summary: 
[2025-01-06 10:56:19,519] INFO: 	 lr: 1.000000000000002e-05 	 Training loss: 0.06984116427600384
