[2024-12-25 04:47:37,718] INFO: {
    "abs_dir": "/home/diwang/siMLPe/exps/baseline_h36m",
    "batch_size": 256,
    "cos_lr_max": 1e-05,
    "cos_lr_min": 5e-08,
    "cos_lr_total_iters": 40000,
    "data_aug": true,
    "deriv_input": true,
    "deriv_output": true,
    "h36m_anno_dir": "/home/diwang/siMLPe/data/h36m/",
    "link_log_file": "/home/diwang/siMLPe/exps/baseline_h36m/log/log_last.log",
    "link_val_log_file": "/home/diwang/siMLPe/exps/baseline_h36m/log/val_last.log",
    "log_dir": "/home/diwang/siMLPe/exps/baseline_h36m/log",
    "log_file": "/home/diwang/siMLPe/exps/baseline_h36m/log/log_2024_12_25_04_47_21.log",
    "model_pth": null,
    "motion": {
        "dim": 66,
        "h36m_input_length": 50,
        "h36m_input_length_dct": 50,
        "h36m_target_length": 50,
        "h36m_target_length_eval": 50,
        "h36m_target_length_train": 50
    },
    "motion_fc_in": {
        "activation": "relu",
        "in_features": 66,
        "init_w_trunc_normal": false,
        "out_features": 66,
        "temporal_fc": false,
        "with_norm": false
    },
    "motion_fc_out": {
        "activation": "relu",
        "in_features": 66,
        "init_w_trunc_normal": true,
        "out_features": 66,
        "temporal_fc": false,
        "with_norm": false
    },
    "motion_mlp": {
        "hidden_dim": 66,
        "norm_axis": "spatial",
        "num_layers": 48,
        "seq_len": 50,
        "spatial_fc_only": false,
        "with_normalization": true
    },
    "num_workers": 8,
    "post_dct": false,
    "pre_dct": false,
    "print_every": 100,
    "repo_name": "siMLPe",
    "root_dir": "/home/diwang/siMLPe",
    "save_every": 2000,
    "seed": 304,
    "shift_step": 1,
    "snapshot_dir": "/home/diwang/siMLPe/exps/baseline_h36m/log/snapshot",
    "this_dir": "baseline_h36m",
    "use_relative_loss": true,
    "val_log_file": "/home/diwang/siMLPe/exps/baseline_h36m/log/val_2024_12_25_04_47_21.log",
    "weight_decay": 0.0001
}
[2024-12-25 04:47:46,986] INFO: Iter 100 Summary: 
[2024-12-25 04:47:46,986] INFO: 	 lr: 0.00030000000000000073 	 Training loss: 0.15603308156132698
[2024-12-25 04:47:54,166] INFO: Iter 200 Summary: 
[2024-12-25 04:47:54,166] INFO: 	 lr: 0.00030000000000000073 	 Training loss: 0.14410028636455535
[2024-12-25 04:48:00,845] INFO: Iter 300 Summary: 
[2024-12-25 04:48:00,845] INFO: 	 lr: 0.00030000000000000073 	 Training loss: 0.13908357217907905
[2024-12-25 04:48:08,250] INFO: Iter 400 Summary: 
[2024-12-25 04:48:08,250] INFO: 	 lr: 0.00030000000000000073 	 Training loss: 0.13359847567975522
[2024-12-25 04:48:15,476] INFO: Iter 500 Summary: 
[2024-12-25 04:48:15,476] INFO: 	 lr: 0.00030000000000000073 	 Training loss: 0.1309931319206953
[2024-12-25 04:48:22,713] INFO: Iter 600 Summary: 
[2024-12-25 04:48:22,714] INFO: 	 lr: 0.00030000000000000073 	 Training loss: 0.12936226673424245
[2024-12-25 04:48:30,739] INFO: Iter 700 Summary: 
[2024-12-25 04:48:30,739] INFO: 	 lr: 0.00030000000000000073 	 Training loss: 0.1280048756301403
[2024-12-25 04:48:37,791] INFO: Iter 800 Summary: 
[2024-12-25 04:48:37,792] INFO: 	 lr: 0.00030000000000000073 	 Training loss: 0.12668486967682838
[2024-12-25 04:48:44,780] INFO: Iter 900 Summary: 
[2024-12-25 04:48:44,781] INFO: 	 lr: 0.00030000000000000073 	 Training loss: 0.1253835679590702
[2024-12-25 04:48:52,050] INFO: Iter 1000 Summary: 
[2024-12-25 04:48:52,050] INFO: 	 lr: 0.00030000000000000073 	 Training loss: 0.12531413301825522
[2024-12-25 04:48:59,131] INFO: Iter 1100 Summary: 
[2024-12-25 04:48:59,131] INFO: 	 lr: 0.00030000000000000073 	 Training loss: 0.12505042649805545
[2024-12-25 04:49:06,256] INFO: Iter 1200 Summary: 
[2024-12-25 04:49:06,256] INFO: 	 lr: 0.00030000000000000073 	 Training loss: 0.12372256591916084
[2024-12-25 04:49:13,774] INFO: Iter 1300 Summary: 
[2024-12-25 04:49:13,774] INFO: 	 lr: 0.00030000000000000073 	 Training loss: 0.12401731804013252
[2024-12-25 04:49:21,825] INFO: Iter 1400 Summary: 
[2024-12-25 04:49:21,826] INFO: 	 lr: 0.00030000000000000073 	 Training loss: 0.12275952868163585
[2024-12-25 04:49:29,030] INFO: Iter 1500 Summary: 
[2024-12-25 04:49:29,031] INFO: 	 lr: 0.00030000000000000073 	 Training loss: 0.12319145686924457
[2024-12-25 04:49:36,247] INFO: Iter 1600 Summary: 
[2024-12-25 04:49:36,247] INFO: 	 lr: 0.00030000000000000073 	 Training loss: 0.1230208357423544
[2024-12-25 04:49:42,802] INFO: Iter 1700 Summary: 
[2024-12-25 04:49:42,802] INFO: 	 lr: 0.00030000000000000073 	 Training loss: 0.12231552466750145
[2024-12-25 04:49:49,768] INFO: Iter 1800 Summary: 
[2024-12-25 04:49:49,768] INFO: 	 lr: 0.00030000000000000073 	 Training loss: 0.1217701941728592
[2024-12-25 04:49:56,960] INFO: Iter 1900 Summary: 
[2024-12-25 04:49:56,960] INFO: 	 lr: 0.00030000000000000073 	 Training loss: 0.1217683120816946
[2024-12-25 04:50:05,619] INFO: Iter 2000 Summary: 
[2024-12-25 04:50:05,619] INFO: 	 lr: 0.00030000000000000073 	 Training loss: 0.12041188485920429
[2024-12-25 04:50:14,654] INFO: Iter 2100 Summary: 
[2024-12-25 04:50:14,655] INFO: 	 lr: 0.00030000000000000073 	 Training loss: 0.12062803514301777
[2024-12-25 04:50:21,637] INFO: Iter 2200 Summary: 
[2024-12-25 04:50:21,638] INFO: 	 lr: 0.00030000000000000073 	 Training loss: 0.12107959106564521
[2024-12-25 04:50:28,617] INFO: Iter 2300 Summary: 
[2024-12-25 04:50:28,617] INFO: 	 lr: 0.00030000000000000073 	 Training loss: 0.1209574294835329
[2024-12-25 04:50:35,554] INFO: Iter 2400 Summary: 
[2024-12-25 04:50:35,554] INFO: 	 lr: 0.00030000000000000073 	 Training loss: 0.12018468372523784
[2024-12-25 04:50:42,680] INFO: Iter 2500 Summary: 
[2024-12-25 04:50:42,680] INFO: 	 lr: 0.00030000000000000073 	 Training loss: 0.11979919150471688
[2024-12-25 04:50:49,470] INFO: Iter 2600 Summary: 
[2024-12-25 04:50:49,470] INFO: 	 lr: 0.00030000000000000073 	 Training loss: 0.1198639889806509
[2024-12-25 04:50:57,476] INFO: Iter 2700 Summary: 
[2024-12-25 04:50:57,476] INFO: 	 lr: 0.00030000000000000073 	 Training loss: 0.1194940147548914
[2024-12-25 04:51:04,455] INFO: Iter 2800 Summary: 
[2024-12-25 04:51:04,456] INFO: 	 lr: 0.00030000000000000073 	 Training loss: 0.11985775038599968
[2024-12-25 04:51:11,457] INFO: Iter 2900 Summary: 
[2024-12-25 04:51:11,457] INFO: 	 lr: 0.00030000000000000073 	 Training loss: 0.11874959036707879
[2024-12-25 04:51:18,325] INFO: Iter 3000 Summary: 
[2024-12-25 04:51:18,325] INFO: 	 lr: 0.00030000000000000073 	 Training loss: 0.11874981038272381
[2024-12-25 04:51:25,298] INFO: Iter 3100 Summary: 
[2024-12-25 04:51:25,298] INFO: 	 lr: 0.00030000000000000073 	 Training loss: 0.11974988721311092
[2024-12-25 04:51:32,685] INFO: Iter 3200 Summary: 
[2024-12-25 04:51:32,685] INFO: 	 lr: 0.00030000000000000073 	 Training loss: 0.11928123876452446
[2024-12-25 04:51:39,624] INFO: Iter 3300 Summary: 
[2024-12-25 04:51:39,624] INFO: 	 lr: 0.00030000000000000073 	 Training loss: 0.11767602853477001
[2024-12-25 04:51:48,103] INFO: Iter 3400 Summary: 
[2024-12-25 04:51:48,104] INFO: 	 lr: 0.00030000000000000073 	 Training loss: 0.1189396932721138
[2024-12-25 04:51:55,224] INFO: Iter 3500 Summary: 
[2024-12-25 04:51:55,224] INFO: 	 lr: 0.00030000000000000073 	 Training loss: 0.11770604364573956
[2024-12-25 04:52:02,099] INFO: Iter 3600 Summary: 
[2024-12-25 04:52:02,100] INFO: 	 lr: 0.00030000000000000073 	 Training loss: 0.11776813678443432
[2024-12-25 04:52:08,603] INFO: Iter 3700 Summary: 
[2024-12-25 04:52:08,603] INFO: 	 lr: 0.00030000000000000073 	 Training loss: 0.11787982195615769
[2024-12-25 04:52:15,557] INFO: Iter 3800 Summary: 
[2024-12-25 04:52:15,557] INFO: 	 lr: 0.00030000000000000073 	 Training loss: 0.11693094722926617
[2024-12-25 04:52:22,818] INFO: Iter 3900 Summary: 
[2024-12-25 04:52:22,818] INFO: 	 lr: 0.00030000000000000073 	 Training loss: 0.11764507412910462
[2024-12-25 04:52:30,706] INFO: Iter 4000 Summary: 
[2024-12-25 04:52:30,706] INFO: 	 lr: 0.00030000000000000073 	 Training loss: 0.117553381472826
[2024-12-25 04:52:39,624] INFO: Iter 4100 Summary: 
[2024-12-25 04:52:39,624] INFO: 	 lr: 0.00030000000000000073 	 Training loss: 0.11740034550428391
[2024-12-25 04:52:46,574] INFO: Iter 4200 Summary: 
[2024-12-25 04:52:46,574] INFO: 	 lr: 0.00030000000000000073 	 Training loss: 0.1169066784530878
[2024-12-25 04:52:53,805] INFO: Iter 4300 Summary: 
[2024-12-25 04:52:53,805] INFO: 	 lr: 0.00030000000000000073 	 Training loss: 0.11747113212943078
[2024-12-25 04:53:00,562] INFO: Iter 4400 Summary: 
[2024-12-25 04:53:00,562] INFO: 	 lr: 0.00030000000000000073 	 Training loss: 0.11640176497399807
[2024-12-25 04:53:07,517] INFO: Iter 4500 Summary: 
[2024-12-25 04:53:07,517] INFO: 	 lr: 0.00030000000000000073 	 Training loss: 0.11695531316101551
[2024-12-25 04:53:14,121] INFO: Iter 4600 Summary: 
[2024-12-25 04:53:14,121] INFO: 	 lr: 0.00030000000000000073 	 Training loss: 0.11699401170015335
[2024-12-25 04:53:22,543] INFO: Iter 4700 Summary: 
[2024-12-25 04:53:22,544] INFO: 	 lr: 0.00030000000000000073 	 Training loss: 0.11600490711629391
[2024-12-25 04:53:30,105] INFO: Iter 4800 Summary: 
[2024-12-25 04:53:30,105] INFO: 	 lr: 0.00030000000000000073 	 Training loss: 0.11702177487313747
[2024-12-25 04:53:37,051] INFO: Iter 4900 Summary: 
[2024-12-25 04:53:37,051] INFO: 	 lr: 0.00030000000000000073 	 Training loss: 0.11703767158091068
[2024-12-25 04:53:44,072] INFO: Iter 5000 Summary: 
[2024-12-25 04:53:44,072] INFO: 	 lr: 0.00030000000000000073 	 Training loss: 0.11631215408444405
[2024-12-25 04:53:51,000] INFO: Iter 5100 Summary: 
[2024-12-25 04:53:51,000] INFO: 	 lr: 0.00030000000000000073 	 Training loss: 0.11560082338750362
[2024-12-25 04:53:58,253] INFO: Iter 5200 Summary: 
[2024-12-25 04:53:58,253] INFO: 	 lr: 0.00030000000000000073 	 Training loss: 0.11623755000531673
[2024-12-25 04:54:04,932] INFO: Iter 5300 Summary: 
[2024-12-25 04:54:04,932] INFO: 	 lr: 0.00030000000000000073 	 Training loss: 0.11580744609236718
[2024-12-25 04:54:13,491] INFO: Iter 5400 Summary: 
[2024-12-25 04:54:13,491] INFO: 	 lr: 0.00030000000000000073 	 Training loss: 0.11588875181972981
[2024-12-25 04:54:20,538] INFO: Iter 5500 Summary: 
[2024-12-25 04:54:20,538] INFO: 	 lr: 0.00030000000000000073 	 Training loss: 0.1158012130856514
[2024-12-25 04:54:27,494] INFO: Iter 5600 Summary: 
[2024-12-25 04:54:27,494] INFO: 	 lr: 0.00030000000000000073 	 Training loss: 0.11556606844067574
[2024-12-25 04:54:34,679] INFO: Iter 5700 Summary: 
[2024-12-25 04:54:34,679] INFO: 	 lr: 0.00030000000000000073 	 Training loss: 0.11547626174986363
[2024-12-25 04:54:41,559] INFO: Iter 5800 Summary: 
[2024-12-25 04:54:41,560] INFO: 	 lr: 0.00030000000000000073 	 Training loss: 0.11545221827924251
[2024-12-25 04:54:48,476] INFO: Iter 5900 Summary: 
[2024-12-25 04:54:48,477] INFO: 	 lr: 0.00030000000000000073 	 Training loss: 0.11550219945609569
[2024-12-25 04:54:56,440] INFO: Iter 6000 Summary: 
[2024-12-25 04:54:56,440] INFO: 	 lr: 0.00030000000000000073 	 Training loss: 0.11535089001059533
[2024-12-25 04:55:05,556] INFO: Iter 6100 Summary: 
[2024-12-25 04:55:05,557] INFO: 	 lr: 0.00030000000000000073 	 Training loss: 0.1149570769816637
[2024-12-25 04:55:12,433] INFO: Iter 6200 Summary: 
[2024-12-25 04:55:12,433] INFO: 	 lr: 0.00030000000000000073 	 Training loss: 0.11550733216106891
[2024-12-25 04:55:19,405] INFO: Iter 6300 Summary: 
[2024-12-25 04:55:19,405] INFO: 	 lr: 0.00030000000000000073 	 Training loss: 0.11497270718216895
[2024-12-25 04:55:26,095] INFO: Iter 6400 Summary: 
[2024-12-25 04:55:26,095] INFO: 	 lr: 0.00030000000000000073 	 Training loss: 0.11508812837302684
[2024-12-25 04:55:33,215] INFO: Iter 6500 Summary: 
[2024-12-25 04:55:33,216] INFO: 	 lr: 0.00030000000000000073 	 Training loss: 0.11437826745212078
[2024-12-25 04:55:40,290] INFO: Iter 6600 Summary: 
[2024-12-25 04:55:40,290] INFO: 	 lr: 0.00030000000000000073 	 Training loss: 0.11492177590727806
[2024-12-25 04:55:48,290] INFO: Iter 6700 Summary: 
[2024-12-25 04:55:48,290] INFO: 	 lr: 0.00030000000000000073 	 Training loss: 0.11469779819250107
[2024-12-25 04:55:55,166] INFO: Iter 6800 Summary: 
[2024-12-25 04:55:55,167] INFO: 	 lr: 0.00030000000000000073 	 Training loss: 0.11467713110148907
[2024-12-25 04:56:02,176] INFO: Iter 6900 Summary: 
[2024-12-25 04:56:02,176] INFO: 	 lr: 0.00030000000000000073 	 Training loss: 0.11465739697217942
[2024-12-25 04:56:09,269] INFO: Iter 7000 Summary: 
[2024-12-25 04:56:09,269] INFO: 	 lr: 0.00030000000000000073 	 Training loss: 0.114190384298563
[2024-12-25 04:56:16,216] INFO: Iter 7100 Summary: 
[2024-12-25 04:56:16,216] INFO: 	 lr: 0.00030000000000000073 	 Training loss: 0.11401348501443863
[2024-12-25 04:56:23,257] INFO: Iter 7200 Summary: 
[2024-12-25 04:56:23,257] INFO: 	 lr: 0.00030000000000000073 	 Training loss: 0.11392732232809066
[2024-12-25 04:56:30,248] INFO: Iter 7300 Summary: 
[2024-12-25 04:56:30,248] INFO: 	 lr: 0.00030000000000000073 	 Training loss: 0.11379176512360573
[2024-12-25 04:56:38,455] INFO: Iter 7400 Summary: 
[2024-12-25 04:56:38,455] INFO: 	 lr: 0.00030000000000000073 	 Training loss: 0.11445038385689259
[2024-12-25 04:56:45,604] INFO: Iter 7500 Summary: 
[2024-12-25 04:56:45,604] INFO: 	 lr: 0.00030000000000000073 	 Training loss: 0.11416776143014432
[2024-12-25 04:56:52,584] INFO: Iter 7600 Summary: 
[2024-12-25 04:56:52,584] INFO: 	 lr: 0.00030000000000000073 	 Training loss: 0.11394381821155548
[2024-12-25 04:56:59,444] INFO: Iter 7700 Summary: 
[2024-12-25 04:56:59,445] INFO: 	 lr: 0.00030000000000000073 	 Training loss: 0.11319810010492802
[2024-12-25 04:57:06,221] INFO: Iter 7800 Summary: 
[2024-12-25 04:57:06,221] INFO: 	 lr: 0.00030000000000000073 	 Training loss: 0.1129533352702856
[2024-12-25 04:57:13,195] INFO: Iter 7900 Summary: 
[2024-12-25 04:57:13,195] INFO: 	 lr: 0.00030000000000000073 	 Training loss: 0.11342212505638599
[2024-12-25 04:57:21,461] INFO: Iter 8000 Summary: 
[2024-12-25 04:57:21,462] INFO: 	 lr: 0.00030000000000000073 	 Training loss: 0.11350190483033656
[2024-12-25 04:57:30,176] INFO: Iter 8100 Summary: 
[2024-12-25 04:57:30,177] INFO: 	 lr: 0.00030000000000000073 	 Training loss: 0.1123067094385624
[2024-12-25 04:57:37,026] INFO: Iter 8200 Summary: 
[2024-12-25 04:57:37,026] INFO: 	 lr: 0.00030000000000000073 	 Training loss: 0.11367804653942586
[2024-12-25 04:57:43,969] INFO: Iter 8300 Summary: 
[2024-12-25 04:57:43,969] INFO: 	 lr: 0.00030000000000000073 	 Training loss: 0.11278979182243347
[2024-12-25 04:57:50,738] INFO: Iter 8400 Summary: 
[2024-12-25 04:57:50,738] INFO: 	 lr: 0.00030000000000000073 	 Training loss: 0.11263931535184384
[2024-12-25 04:57:57,673] INFO: Iter 8500 Summary: 
[2024-12-25 04:57:57,673] INFO: 	 lr: 0.00030000000000000073 	 Training loss: 0.11372263200581073
[2024-12-25 04:58:04,645] INFO: Iter 8600 Summary: 
[2024-12-25 04:58:04,646] INFO: 	 lr: 0.00030000000000000073 	 Training loss: 0.11323110081255436
[2024-12-25 04:58:12,772] INFO: Iter 8700 Summary: 
[2024-12-25 04:58:12,773] INFO: 	 lr: 0.00030000000000000073 	 Training loss: 0.1131832504272461
[2024-12-25 04:58:19,334] INFO: Iter 8800 Summary: 
[2024-12-25 04:58:19,334] INFO: 	 lr: 0.00030000000000000073 	 Training loss: 0.1125714972615242
[2024-12-25 04:58:26,179] INFO: Iter 8900 Summary: 
[2024-12-25 04:58:26,179] INFO: 	 lr: 0.00030000000000000073 	 Training loss: 0.11250946559011936
[2024-12-25 04:58:33,089] INFO: Iter 9000 Summary: 
[2024-12-25 04:58:33,090] INFO: 	 lr: 0.00030000000000000073 	 Training loss: 0.11281193472445011
[2024-12-25 04:58:39,838] INFO: Iter 9100 Summary: 
[2024-12-25 04:58:39,838] INFO: 	 lr: 0.00030000000000000073 	 Training loss: 0.11176350459456444
[2024-12-25 04:58:46,780] INFO: Iter 9200 Summary: 
[2024-12-25 04:58:46,780] INFO: 	 lr: 0.00030000000000000073 	 Training loss: 0.11213530853390694
[2024-12-25 04:58:53,660] INFO: Iter 9300 Summary: 
[2024-12-25 04:58:53,660] INFO: 	 lr: 0.00030000000000000073 	 Training loss: 0.11251994453370572
[2024-12-25 04:59:01,603] INFO: Iter 9400 Summary: 
[2024-12-25 04:59:01,604] INFO: 	 lr: 0.00030000000000000073 	 Training loss: 0.1123853662610054
[2024-12-25 04:59:08,486] INFO: Iter 9500 Summary: 
[2024-12-25 04:59:08,486] INFO: 	 lr: 0.00030000000000000073 	 Training loss: 0.11159016892313957
[2024-12-25 04:59:15,359] INFO: Iter 9600 Summary: 
[2024-12-25 04:59:15,359] INFO: 	 lr: 0.00030000000000000073 	 Training loss: 0.11218056991696358
[2024-12-25 04:59:22,345] INFO: Iter 9700 Summary: 
[2024-12-25 04:59:22,345] INFO: 	 lr: 0.00030000000000000073 	 Training loss: 0.11131747081875801
[2024-12-25 04:59:29,275] INFO: Iter 9800 Summary: 
[2024-12-25 04:59:29,275] INFO: 	 lr: 0.00030000000000000073 	 Training loss: 0.11064655467867851
[2024-12-25 04:59:36,181] INFO: Iter 9900 Summary: 
[2024-12-25 04:59:36,181] INFO: 	 lr: 0.00030000000000000073 	 Training loss: 0.1112564367055893
[2024-12-25 04:59:43,652] INFO: Iter 10000 Summary: 
[2024-12-25 04:59:43,653] INFO: 	 lr: 0.00030000000000000073 	 Training loss: 0.11183527365326881
[2024-12-25 04:59:52,331] INFO: Iter 10100 Summary: 
[2024-12-25 04:59:52,331] INFO: 	 lr: 0.00030000000000000073 	 Training loss: 0.11123013861477375
[2024-12-25 04:59:59,197] INFO: Iter 10200 Summary: 
[2024-12-25 04:59:59,197] INFO: 	 lr: 0.00030000000000000073 	 Training loss: 0.11159106656908989
[2024-12-25 05:00:06,054] INFO: Iter 10300 Summary: 
[2024-12-25 05:00:06,054] INFO: 	 lr: 0.00030000000000000073 	 Training loss: 0.11110456250607967
[2024-12-25 05:00:12,826] INFO: Iter 10400 Summary: 
[2024-12-25 05:00:12,826] INFO: 	 lr: 0.00030000000000000073 	 Training loss: 0.11129327677190304
[2024-12-25 05:00:19,450] INFO: Iter 10500 Summary: 
[2024-12-25 05:00:19,450] INFO: 	 lr: 0.00030000000000000073 	 Training loss: 0.11089150942862033
[2024-12-25 05:00:26,515] INFO: Iter 10600 Summary: 
[2024-12-25 05:00:26,515] INFO: 	 lr: 0.00030000000000000073 	 Training loss: 0.1110314617305994
[2024-12-25 05:00:34,605] INFO: Iter 10700 Summary: 
[2024-12-25 05:00:34,606] INFO: 	 lr: 0.00030000000000000073 	 Training loss: 0.11062928795814514
[2024-12-25 05:00:41,484] INFO: Iter 10800 Summary: 
[2024-12-25 05:00:41,484] INFO: 	 lr: 0.00030000000000000073 	 Training loss: 0.11064407572150231
[2024-12-25 05:00:48,424] INFO: Iter 10900 Summary: 
[2024-12-25 05:00:48,424] INFO: 	 lr: 0.00030000000000000073 	 Training loss: 0.10977170616388321
[2024-12-25 05:00:55,389] INFO: Iter 11000 Summary: 
[2024-12-25 05:00:55,389] INFO: 	 lr: 0.00030000000000000073 	 Training loss: 0.11107467748224735
[2024-12-25 05:01:03,318] INFO: Iter 11100 Summary: 
[2024-12-25 05:01:03,318] INFO: 	 lr: 0.00030000000000000073 	 Training loss: 0.11029990628361702
[2024-12-25 05:01:12,253] INFO: Iter 11200 Summary: 
[2024-12-25 05:01:12,253] INFO: 	 lr: 0.00030000000000000073 	 Training loss: 0.11059333845973014
[2024-12-25 05:01:21,050] INFO: Iter 11300 Summary: 
[2024-12-25 05:01:21,050] INFO: 	 lr: 0.00030000000000000073 	 Training loss: 0.11066988877952098
[2024-12-25 05:01:31,502] INFO: Iter 11400 Summary: 
[2024-12-25 05:01:31,503] INFO: 	 lr: 0.00030000000000000073 	 Training loss: 0.11025570198893547
[2024-12-25 05:01:40,366] INFO: Iter 11500 Summary: 
[2024-12-25 05:01:40,367] INFO: 	 lr: 0.00030000000000000073 	 Training loss: 0.10897830076515674
[2024-12-25 05:01:49,438] INFO: Iter 11600 Summary: 
[2024-12-25 05:01:49,438] INFO: 	 lr: 0.00030000000000000073 	 Training loss: 0.10995816789567471
[2024-12-25 05:01:58,906] INFO: Iter 11700 Summary: 
[2024-12-25 05:01:58,906] INFO: 	 lr: 0.00030000000000000073 	 Training loss: 0.10967298246920108
[2024-12-25 05:02:07,965] INFO: Iter 11800 Summary: 
[2024-12-25 05:02:07,965] INFO: 	 lr: 0.00030000000000000073 	 Training loss: 0.11001917533576488
[2024-12-25 05:02:15,884] INFO: Iter 11900 Summary: 
[2024-12-25 05:02:15,884] INFO: 	 lr: 0.00030000000000000073 	 Training loss: 0.109839204326272
[2024-12-25 05:02:24,226] INFO: Iter 12000 Summary: 
[2024-12-25 05:02:24,226] INFO: 	 lr: 0.00030000000000000073 	 Training loss: 0.11031556360423565
[2024-12-25 05:02:33,436] INFO: Iter 12100 Summary: 
[2024-12-25 05:02:33,436] INFO: 	 lr: 0.00030000000000000073 	 Training loss: 0.10909320034086704
[2024-12-25 05:02:40,292] INFO: Iter 12200 Summary: 
[2024-12-25 05:02:40,292] INFO: 	 lr: 0.00030000000000000073 	 Training loss: 0.10950510211288929
[2024-12-25 05:02:46,821] INFO: Iter 12300 Summary: 
[2024-12-25 05:02:46,821] INFO: 	 lr: 0.00030000000000000073 	 Training loss: 0.10936148978769779
[2024-12-25 05:02:53,730] INFO: Iter 12400 Summary: 
[2024-12-25 05:02:53,730] INFO: 	 lr: 0.00030000000000000073 	 Training loss: 0.10915110848844051
[2024-12-25 05:03:00,625] INFO: Iter 12500 Summary: 
[2024-12-25 05:03:00,626] INFO: 	 lr: 0.00030000000000000073 	 Training loss: 0.10975198030471801
[2024-12-25 05:03:07,542] INFO: Iter 12600 Summary: 
[2024-12-25 05:03:07,542] INFO: 	 lr: 0.00030000000000000073 	 Training loss: 0.10946976073086262
[2024-12-25 05:03:15,762] INFO: Iter 12700 Summary: 
[2024-12-25 05:03:15,762] INFO: 	 lr: 0.00030000000000000073 	 Training loss: 0.10947808630764484
[2024-12-25 05:03:22,670] INFO: Iter 12800 Summary: 
[2024-12-25 05:03:22,670] INFO: 	 lr: 0.00030000000000000073 	 Training loss: 0.10898345679044724
[2024-12-25 05:03:29,710] INFO: Iter 12900 Summary: 
[2024-12-25 05:03:29,710] INFO: 	 lr: 0.00030000000000000073 	 Training loss: 0.10879093274474144
[2024-12-25 05:03:36,997] INFO: Iter 13000 Summary: 
[2024-12-25 05:03:36,997] INFO: 	 lr: 0.00030000000000000073 	 Training loss: 0.10956938616931439
[2024-12-25 05:03:43,907] INFO: Iter 13100 Summary: 
[2024-12-25 05:03:43,907] INFO: 	 lr: 0.00030000000000000073 	 Training loss: 0.10849159874022007
[2024-12-25 05:03:50,809] INFO: Iter 13200 Summary: 
[2024-12-25 05:03:50,809] INFO: 	 lr: 0.00030000000000000073 	 Training loss: 0.10847608685493469
[2024-12-25 05:03:57,907] INFO: Iter 13300 Summary: 
[2024-12-25 05:03:57,908] INFO: 	 lr: 0.00030000000000000073 	 Training loss: 0.1087744102627039
[2024-12-25 05:04:05,878] INFO: Iter 13400 Summary: 
[2024-12-25 05:04:05,879] INFO: 	 lr: 0.00030000000000000073 	 Training loss: 0.1085191909968853
[2024-12-25 05:04:13,276] INFO: Iter 13500 Summary: 
[2024-12-25 05:04:13,277] INFO: 	 lr: 0.00030000000000000073 	 Training loss: 0.10802253395318985
[2024-12-25 05:04:20,296] INFO: Iter 13600 Summary: 
[2024-12-25 05:04:20,296] INFO: 	 lr: 0.00030000000000000073 	 Training loss: 0.1082254197448492
[2024-12-25 05:04:27,785] INFO: Iter 13700 Summary: 
[2024-12-25 05:04:27,786] INFO: 	 lr: 0.00030000000000000073 	 Training loss: 0.10860558576881886
[2024-12-25 05:04:34,695] INFO: Iter 13800 Summary: 
[2024-12-25 05:04:34,695] INFO: 	 lr: 0.00030000000000000073 	 Training loss: 0.10828090026974678
[2024-12-25 05:04:41,626] INFO: Iter 13900 Summary: 
[2024-12-25 05:04:41,626] INFO: 	 lr: 0.00030000000000000073 	 Training loss: 0.10847455725073814
[2024-12-25 05:04:49,860] INFO: Iter 14000 Summary: 
[2024-12-25 05:04:49,861] INFO: 	 lr: 0.00030000000000000073 	 Training loss: 0.10813898093998432
[2024-12-25 05:04:58,676] INFO: Iter 14100 Summary: 
[2024-12-25 05:04:58,676] INFO: 	 lr: 0.00030000000000000073 	 Training loss: 0.10802879109978676
[2024-12-25 05:05:05,541] INFO: Iter 14200 Summary: 
[2024-12-25 05:05:05,541] INFO: 	 lr: 0.00030000000000000073 	 Training loss: 0.10741993837058544
[2024-12-25 05:05:12,479] INFO: Iter 14300 Summary: 
[2024-12-25 05:05:12,479] INFO: 	 lr: 0.00030000000000000073 	 Training loss: 0.10758189439773559
[2024-12-25 05:05:19,442] INFO: Iter 14400 Summary: 
[2024-12-25 05:05:19,442] INFO: 	 lr: 0.00030000000000000073 	 Training loss: 0.1079004516452551
[2024-12-25 05:05:26,364] INFO: Iter 14500 Summary: 
[2024-12-25 05:05:26,364] INFO: 	 lr: 0.00030000000000000073 	 Training loss: 0.10795308172702789
[2024-12-25 05:05:33,033] INFO: Iter 14600 Summary: 
[2024-12-25 05:05:33,033] INFO: 	 lr: 0.00030000000000000073 	 Training loss: 0.10796970129013062
[2024-12-25 05:05:41,336] INFO: Iter 14700 Summary: 
[2024-12-25 05:05:41,336] INFO: 	 lr: 0.00030000000000000073 	 Training loss: 0.1079474712908268
[2024-12-25 05:05:48,161] INFO: Iter 14800 Summary: 
[2024-12-25 05:05:48,162] INFO: 	 lr: 0.00030000000000000073 	 Training loss: 0.10795150101184844
[2024-12-25 05:05:55,265] INFO: Iter 14900 Summary: 
[2024-12-25 05:05:55,265] INFO: 	 lr: 0.00030000000000000073 	 Training loss: 0.10766946919262409
[2024-12-25 05:06:02,145] INFO: Iter 15000 Summary: 
[2024-12-25 05:06:02,145] INFO: 	 lr: 0.00030000000000000073 	 Training loss: 0.10748697437345982
[2024-12-25 05:06:09,179] INFO: Iter 15100 Summary: 
[2024-12-25 05:06:09,179] INFO: 	 lr: 0.00030000000000000073 	 Training loss: 0.10680011443793774
[2024-12-25 05:06:16,062] INFO: Iter 15200 Summary: 
[2024-12-25 05:06:16,062] INFO: 	 lr: 0.00030000000000000073 	 Training loss: 0.1072101679444313
[2024-12-25 05:06:23,994] INFO: Iter 15300 Summary: 
[2024-12-25 05:06:23,995] INFO: 	 lr: 0.00030000000000000073 	 Training loss: 0.10629016049206257
[2024-12-25 05:06:30,960] INFO: Iter 15400 Summary: 
[2024-12-25 05:06:30,960] INFO: 	 lr: 0.00030000000000000073 	 Training loss: 0.10729171857237815
[2024-12-25 05:06:37,914] INFO: Iter 15500 Summary: 
[2024-12-25 05:06:37,915] INFO: 	 lr: 0.00030000000000000073 	 Training loss: 0.10703741647303104
[2024-12-25 05:06:44,810] INFO: Iter 15600 Summary: 
[2024-12-25 05:06:44,810] INFO: 	 lr: 0.00030000000000000073 	 Training loss: 0.10661063775420189
[2024-12-25 05:06:51,688] INFO: Iter 15700 Summary: 
[2024-12-25 05:06:51,688] INFO: 	 lr: 0.00030000000000000073 	 Training loss: 0.10643370024859905
[2024-12-25 05:06:58,631] INFO: Iter 15800 Summary: 
[2024-12-25 05:06:58,632] INFO: 	 lr: 0.00030000000000000073 	 Training loss: 0.10677431881427765
[2024-12-25 05:07:05,559] INFO: Iter 15900 Summary: 
[2024-12-25 05:07:05,559] INFO: 	 lr: 0.00030000000000000073 	 Training loss: 0.10713810488581657
[2024-12-25 05:07:13,569] INFO: Iter 16000 Summary: 
[2024-12-25 05:07:13,569] INFO: 	 lr: 0.00030000000000000073 	 Training loss: 0.10684112079441548
[2024-12-25 05:07:22,247] INFO: Iter 16100 Summary: 
[2024-12-25 05:07:22,247] INFO: 	 lr: 0.00030000000000000073 	 Training loss: 0.10674242928624153
[2024-12-25 05:07:29,169] INFO: Iter 16200 Summary: 
[2024-12-25 05:07:29,170] INFO: 	 lr: 0.00030000000000000073 	 Training loss: 0.10650881893932819
[2024-12-25 05:07:36,099] INFO: Iter 16300 Summary: 
[2024-12-25 05:07:36,099] INFO: 	 lr: 0.00030000000000000073 	 Training loss: 0.1068350226432085
[2024-12-25 05:07:43,091] INFO: Iter 16400 Summary: 
[2024-12-25 05:07:43,091] INFO: 	 lr: 0.00030000000000000073 	 Training loss: 0.1060115809738636
[2024-12-25 05:07:49,968] INFO: Iter 16500 Summary: 
[2024-12-25 05:07:49,968] INFO: 	 lr: 0.00030000000000000073 	 Training loss: 0.10598905429244042
[2024-12-25 05:07:56,824] INFO: Iter 16600 Summary: 
[2024-12-25 05:07:56,824] INFO: 	 lr: 0.00030000000000000073 	 Training loss: 0.10648687995970249
[2024-12-25 05:08:04,493] INFO: Iter 16700 Summary: 
[2024-12-25 05:08:04,493] INFO: 	 lr: 0.00030000000000000073 	 Training loss: 0.10623633921146393
[2024-12-25 05:08:11,164] INFO: Iter 16800 Summary: 
[2024-12-25 05:08:11,164] INFO: 	 lr: 0.00030000000000000073 	 Training loss: 0.10595700480043888
[2024-12-25 05:08:18,033] INFO: Iter 16900 Summary: 
[2024-12-25 05:08:18,033] INFO: 	 lr: 0.00030000000000000073 	 Training loss: 0.10691125959157943
[2024-12-25 05:08:24,911] INFO: Iter 17000 Summary: 
[2024-12-25 05:08:24,911] INFO: 	 lr: 0.00030000000000000073 	 Training loss: 0.10519452191889286
[2024-12-25 05:08:31,792] INFO: Iter 17100 Summary: 
[2024-12-25 05:08:31,792] INFO: 	 lr: 0.00030000000000000073 	 Training loss: 0.1054226878285408
[2024-12-25 05:08:38,683] INFO: Iter 17200 Summary: 
[2024-12-25 05:08:38,683] INFO: 	 lr: 0.00030000000000000073 	 Training loss: 0.10580242730677128
[2024-12-25 05:08:46,613] INFO: Iter 17300 Summary: 
[2024-12-25 05:08:46,614] INFO: 	 lr: 0.00030000000000000073 	 Training loss: 0.10617389053106308
[2024-12-25 05:08:53,468] INFO: Iter 17400 Summary: 
[2024-12-25 05:08:53,468] INFO: 	 lr: 0.00030000000000000073 	 Training loss: 0.10616267681121826
[2024-12-25 05:09:00,810] INFO: Iter 17500 Summary: 
[2024-12-25 05:09:00,810] INFO: 	 lr: 0.00030000000000000073 	 Training loss: 0.10519707046449184
[2024-12-25 05:09:08,188] INFO: Iter 17600 Summary: 
[2024-12-25 05:09:08,188] INFO: 	 lr: 0.00030000000000000073 	 Training loss: 0.10542502775788307
[2024-12-25 05:09:14,940] INFO: Iter 17700 Summary: 
[2024-12-25 05:09:14,940] INFO: 	 lr: 0.00030000000000000073 	 Training loss: 0.10592738300561905
[2024-12-25 05:09:21,808] INFO: Iter 17800 Summary: 
[2024-12-25 05:09:21,808] INFO: 	 lr: 0.00030000000000000073 	 Training loss: 0.10607334010303021
[2024-12-25 05:09:28,958] INFO: Iter 17900 Summary: 
[2024-12-25 05:09:28,958] INFO: 	 lr: 0.00030000000000000073 	 Training loss: 0.10521171063184738
[2024-12-25 05:09:37,053] INFO: Iter 18000 Summary: 
[2024-12-25 05:09:37,053] INFO: 	 lr: 0.00030000000000000073 	 Training loss: 0.10532621584832669
[2024-12-25 05:09:45,826] INFO: Iter 18100 Summary: 
[2024-12-25 05:09:45,826] INFO: 	 lr: 0.00030000000000000073 	 Training loss: 0.10535507917404174
[2024-12-25 05:09:52,703] INFO: Iter 18200 Summary: 
[2024-12-25 05:09:52,704] INFO: 	 lr: 0.00030000000000000073 	 Training loss: 0.1045603209733963
[2024-12-25 05:09:59,809] INFO: Iter 18300 Summary: 
[2024-12-25 05:09:59,809] INFO: 	 lr: 0.00030000000000000073 	 Training loss: 0.10554549239575862
[2024-12-25 05:10:06,693] INFO: Iter 18400 Summary: 
[2024-12-25 05:10:06,694] INFO: 	 lr: 0.00030000000000000073 	 Training loss: 0.10511786326766014
[2024-12-25 05:10:13,561] INFO: Iter 18500 Summary: 
[2024-12-25 05:10:13,561] INFO: 	 lr: 0.00030000000000000073 	 Training loss: 0.10502659849822521
[2024-12-25 05:10:20,301] INFO: Iter 18600 Summary: 
[2024-12-25 05:10:20,301] INFO: 	 lr: 0.00030000000000000073 	 Training loss: 0.10482081472873687
[2024-12-25 05:10:28,368] INFO: Iter 18700 Summary: 
[2024-12-25 05:10:28,369] INFO: 	 lr: 0.00030000000000000073 	 Training loss: 0.10548066392540932
[2024-12-25 05:10:35,188] INFO: Iter 18800 Summary: 
[2024-12-25 05:10:35,189] INFO: 	 lr: 0.00030000000000000073 	 Training loss: 0.10450291432440281
[2024-12-25 05:10:42,086] INFO: Iter 18900 Summary: 
[2024-12-25 05:10:42,086] INFO: 	 lr: 0.00030000000000000073 	 Training loss: 0.10495664596557618
[2024-12-25 05:10:48,340] INFO: Iter 19000 Summary: 
[2024-12-25 05:10:48,340] INFO: 	 lr: 0.00030000000000000073 	 Training loss: 0.10431962624192238
[2024-12-25 05:10:55,058] INFO: Iter 19100 Summary: 
[2024-12-25 05:10:55,058] INFO: 	 lr: 0.00030000000000000073 	 Training loss: 0.1041361790895462
[2024-12-25 05:11:02,017] INFO: Iter 19200 Summary: 
[2024-12-25 05:11:02,017] INFO: 	 lr: 0.00030000000000000073 	 Training loss: 0.10485847055912018
[2024-12-25 05:11:10,235] INFO: Iter 19300 Summary: 
[2024-12-25 05:11:10,236] INFO: 	 lr: 0.00030000000000000073 	 Training loss: 0.1048150561004877
[2024-12-25 05:11:17,306] INFO: Iter 19400 Summary: 
[2024-12-25 05:11:17,307] INFO: 	 lr: 0.00030000000000000073 	 Training loss: 0.10452978551387787
[2024-12-25 05:11:24,465] INFO: Iter 19500 Summary: 
[2024-12-25 05:11:24,465] INFO: 	 lr: 0.00030000000000000073 	 Training loss: 0.10482861317694186
[2024-12-25 05:11:31,466] INFO: Iter 19600 Summary: 
[2024-12-25 05:11:31,466] INFO: 	 lr: 0.00030000000000000073 	 Training loss: 0.10423849999904633
[2024-12-25 05:11:38,345] INFO: Iter 19700 Summary: 
[2024-12-25 05:11:38,345] INFO: 	 lr: 0.00030000000000000073 	 Training loss: 0.1041101897507906
[2024-12-25 05:11:45,418] INFO: Iter 19800 Summary: 
[2024-12-25 05:11:45,418] INFO: 	 lr: 0.00030000000000000073 	 Training loss: 0.1045262398570776
[2024-12-25 05:11:52,962] INFO: Iter 19900 Summary: 
[2024-12-25 05:11:52,962] INFO: 	 lr: 0.00030000000000000073 	 Training loss: 0.1041769728809595
[2024-12-25 05:12:01,211] INFO: Iter 20000 Summary: 
[2024-12-25 05:12:01,211] INFO: 	 lr: 0.00030000000000000073 	 Training loss: 0.10375099867582321
[2024-12-25 05:12:10,168] INFO: Iter 20100 Summary: 
[2024-12-25 05:12:10,169] INFO: 	 lr: 0.00030000000000000073 	 Training loss: 0.10422814972698688
[2024-12-25 05:12:17,553] INFO: Iter 20200 Summary: 
[2024-12-25 05:12:17,554] INFO: 	 lr: 0.00030000000000000073 	 Training loss: 0.10382528342306614
[2024-12-25 05:12:24,749] INFO: Iter 20300 Summary: 
[2024-12-25 05:12:24,749] INFO: 	 lr: 0.00030000000000000073 	 Training loss: 0.10373145908117294
[2024-12-25 05:12:32,341] INFO: Iter 20400 Summary: 
[2024-12-25 05:12:32,342] INFO: 	 lr: 0.00030000000000000073 	 Training loss: 0.10396271705627441
[2024-12-25 05:12:39,331] INFO: Iter 20500 Summary: 
[2024-12-25 05:12:39,332] INFO: 	 lr: 0.00030000000000000073 	 Training loss: 0.10352846533060074
[2024-12-25 05:12:46,346] INFO: Iter 20600 Summary: 
[2024-12-25 05:12:46,347] INFO: 	 lr: 0.00030000000000000073 	 Training loss: 0.10377774193882942
[2024-12-25 05:12:54,696] INFO: Iter 20700 Summary: 
[2024-12-25 05:12:54,696] INFO: 	 lr: 0.00030000000000000073 	 Training loss: 0.10400660887360573
[2024-12-25 05:13:01,752] INFO: Iter 20800 Summary: 
[2024-12-25 05:13:01,752] INFO: 	 lr: 0.00030000000000000073 	 Training loss: 0.10335574567317962
[2024-12-25 05:13:08,866] INFO: Iter 20900 Summary: 
[2024-12-25 05:13:08,866] INFO: 	 lr: 0.00030000000000000073 	 Training loss: 0.10342819392681121
[2024-12-25 05:13:16,021] INFO: Iter 21000 Summary: 
[2024-12-25 05:13:16,022] INFO: 	 lr: 0.00030000000000000073 	 Training loss: 0.10318570412695408
[2024-12-25 05:13:23,109] INFO: Iter 21100 Summary: 
[2024-12-25 05:13:23,110] INFO: 	 lr: 0.00030000000000000073 	 Training loss: 0.10408460721373558
[2024-12-25 05:13:30,514] INFO: Iter 21200 Summary: 
[2024-12-25 05:13:30,515] INFO: 	 lr: 0.00030000000000000073 	 Training loss: 0.103682891279459
[2024-12-25 05:13:38,994] INFO: Iter 21300 Summary: 
[2024-12-25 05:13:38,995] INFO: 	 lr: 0.00030000000000000073 	 Training loss: 0.1030147686600685
[2024-12-25 05:13:46,052] INFO: Iter 21400 Summary: 
[2024-12-25 05:13:46,052] INFO: 	 lr: 0.00030000000000000073 	 Training loss: 0.10305425889790058
[2024-12-25 05:13:52,887] INFO: Iter 21500 Summary: 
[2024-12-25 05:13:52,887] INFO: 	 lr: 0.00030000000000000073 	 Training loss: 0.10320026755332946
[2024-12-25 05:14:00,043] INFO: Iter 21600 Summary: 
[2024-12-25 05:14:00,043] INFO: 	 lr: 0.00030000000000000073 	 Training loss: 0.10298404313623905
[2024-12-25 05:14:07,120] INFO: Iter 21700 Summary: 
[2024-12-25 05:14:07,120] INFO: 	 lr: 0.00030000000000000073 	 Training loss: 0.10302444361150265
[2024-12-25 05:14:14,226] INFO: Iter 21800 Summary: 
[2024-12-25 05:14:14,226] INFO: 	 lr: 0.00030000000000000073 	 Training loss: 0.10313595846295356
[2024-12-25 05:14:21,450] INFO: Iter 21900 Summary: 
[2024-12-25 05:14:21,450] INFO: 	 lr: 0.00030000000000000073 	 Training loss: 0.10297373183071613
[2024-12-25 05:14:29,590] INFO: Iter 22000 Summary: 
[2024-12-25 05:14:29,591] INFO: 	 lr: 0.00030000000000000073 	 Training loss: 0.10335844546556473
[2024-12-25 05:14:38,411] INFO: Iter 22100 Summary: 
[2024-12-25 05:14:38,411] INFO: 	 lr: 0.00030000000000000073 	 Training loss: 0.10329018004238605
[2024-12-25 05:14:45,625] INFO: Iter 22200 Summary: 
[2024-12-25 05:14:45,625] INFO: 	 lr: 0.00030000000000000073 	 Training loss: 0.10299813345074654
[2024-12-25 05:14:52,702] INFO: Iter 22300 Summary: 
[2024-12-25 05:14:52,702] INFO: 	 lr: 0.00030000000000000073 	 Training loss: 0.10267430007457733
[2024-12-25 05:14:59,997] INFO: Iter 22400 Summary: 
[2024-12-25 05:14:59,997] INFO: 	 lr: 0.00030000000000000073 	 Training loss: 0.10297156102955342
[2024-12-25 05:15:07,127] INFO: Iter 22500 Summary: 
[2024-12-25 05:15:07,127] INFO: 	 lr: 0.00030000000000000073 	 Training loss: 0.10245691306889057
[2024-12-25 05:15:14,127] INFO: Iter 22600 Summary: 
[2024-12-25 05:15:14,127] INFO: 	 lr: 0.00030000000000000073 	 Training loss: 0.10312349140644074
[2024-12-25 05:15:22,908] INFO: Iter 22700 Summary: 
[2024-12-25 05:15:22,908] INFO: 	 lr: 0.00030000000000000073 	 Training loss: 0.10164685159921646
[2024-12-25 05:15:30,002] INFO: Iter 22800 Summary: 
[2024-12-25 05:15:30,002] INFO: 	 lr: 0.00030000000000000073 	 Training loss: 0.10243799924850464
[2024-12-25 05:15:37,133] INFO: Iter 22900 Summary: 
[2024-12-25 05:15:37,133] INFO: 	 lr: 0.00030000000000000073 	 Training loss: 0.1025931602716446
[2024-12-25 05:15:44,154] INFO: Iter 23000 Summary: 
[2024-12-25 05:15:44,154] INFO: 	 lr: 0.00030000000000000073 	 Training loss: 0.10262203127145768
[2024-12-25 05:15:51,246] INFO: Iter 23100 Summary: 
[2024-12-25 05:15:51,246] INFO: 	 lr: 0.00030000000000000073 	 Training loss: 0.10239599205553532
[2024-12-25 05:15:58,296] INFO: Iter 23200 Summary: 
[2024-12-25 05:15:58,296] INFO: 	 lr: 0.00030000000000000073 	 Training loss: 0.1026536213606596
[2024-12-25 05:16:06,552] INFO: Iter 23300 Summary: 
[2024-12-25 05:16:06,553] INFO: 	 lr: 0.00030000000000000073 	 Training loss: 0.10248071752488613
[2024-12-25 05:16:13,874] INFO: Iter 23400 Summary: 
[2024-12-25 05:16:13,874] INFO: 	 lr: 0.00030000000000000073 	 Training loss: 0.10231625519692898
[2024-12-25 05:16:20,925] INFO: Iter 23500 Summary: 
[2024-12-25 05:16:20,925] INFO: 	 lr: 0.00030000000000000073 	 Training loss: 0.102321310415864
