[2025-01-07 03:24:28,283] INFO: {
    "abs_dir": "/home/diwang/siMLPe/exps/baseline_h36m",
    "batch_size": 256,
    "cos_lr_max": 1e-05,
    "cos_lr_min": 5e-08,
    "cos_lr_total_iters": 40000,
    "data_aug": true,
    "deriv_input": true,
    "deriv_output": true,
    "device": "cuda:2",
    "h36m_anno_dir": "/home/diwang/siMLPe/data/h36m/",
    "link_log_file": "/home/diwang/siMLPe/exps/baseline_h36m/log/log_last.log",
    "link_val_log_file": "/home/diwang/siMLPe/exps/baseline_h36m/log/val_last.log",
    "log_dir": "/home/diwang/siMLPe/exps/baseline_h36m/log",
    "log_file": "/home/diwang/siMLPe/exps/baseline_h36m/log/log_2025_01_07_03_23_48.log",
    "model_pth": null,
    "motion": {
        "dim": 66,
        "h36m_input_length": 50,
        "h36m_input_length_dct": 50,
        "h36m_target_length": 10,
        "h36m_target_length_eval": 25,
        "h36m_target_length_train": 10
    },
    "motion_fc_in": {
        "activation": "relu",
        "in_features": 66,
        "init_w_trunc_normal": false,
        "out_features": 66,
        "temporal_fc": false,
        "with_norm": false
    },
    "motion_fc_out": {
        "activation": "relu",
        "in_features": 66,
        "init_w_trunc_normal": true,
        "out_features": 66,
        "temporal_fc": false,
        "with_norm": false
    },
    "motion_mlp": {
        "hidden_dim": 66,
        "norm_axis": "spatial",
        "num_layers": 48,
        "seq_len": 50,
        "spatial_fc_only": false,
        "with_normalization": true
    },
    "num_workers": 8,
    "post_dct": false,
    "pre_dct": false,
    "print_every": 100,
    "repo_name": "siMLPe",
    "root_dir": "/home/diwang/siMLPe",
    "save_every": 2000,
    "seed": 304,
    "shift_step": 1,
    "snapshot_dir": "/home/diwang/siMLPe/exps/baseline_h36m/log/snapshot",
    "this_dir": "baseline_h36m",
    "use_relative_loss": true,
    "val_log_file": "/home/diwang/siMLPe/exps/baseline_h36m/log/val_2025_01_07_03_23_48.log",
    "weight_decay": 0.0001
}
[2025-01-07 03:24:43,106] INFO: Iter 100 Summary: 
[2025-01-07 03:24:43,107] INFO: 	 lr: 0.00030000000000000073 	 Training loss: 0.09835981756448746
[2025-01-07 03:24:54,888] INFO: Iter 200 Summary: 
[2025-01-07 03:24:54,888] INFO: 	 lr: 0.00030000000000000073 	 Training loss: 0.07434035792946815
[2025-01-07 03:25:06,151] INFO: Iter 300 Summary: 
[2025-01-07 03:25:06,151] INFO: 	 lr: 0.00030000000000000073 	 Training loss: 0.07082155965268612
[2025-01-07 03:25:17,800] INFO: Iter 400 Summary: 
[2025-01-07 03:25:17,800] INFO: 	 lr: 0.00030000000000000073 	 Training loss: 0.06843331038951873
[2025-01-07 03:25:30,703] INFO: Iter 500 Summary: 
[2025-01-07 03:25:30,704] INFO: 	 lr: 0.00030000000000000073 	 Training loss: 0.06354155395179988
[2025-01-07 03:25:43,555] INFO: Iter 600 Summary: 
[2025-01-07 03:25:43,555] INFO: 	 lr: 0.00030000000000000073 	 Training loss: 0.06075188562273979
[2025-01-07 03:25:56,530] INFO: Iter 700 Summary: 
[2025-01-07 03:25:56,531] INFO: 	 lr: 0.00030000000000000073 	 Training loss: 0.05928177509456873
[2025-01-07 03:26:09,708] INFO: Iter 800 Summary: 
[2025-01-07 03:26:09,708] INFO: 	 lr: 0.00030000000000000073 	 Training loss: 0.05809361338615417
[2025-01-07 03:26:21,484] INFO: Iter 900 Summary: 
[2025-01-07 03:26:21,485] INFO: 	 lr: 0.00030000000000000073 	 Training loss: 0.05730459339916706
[2025-01-07 03:26:33,086] INFO: Iter 1000 Summary: 
[2025-01-07 03:26:33,086] INFO: 	 lr: 0.00030000000000000073 	 Training loss: 0.05714015938341618
[2025-01-07 03:26:45,312] INFO: Iter 1100 Summary: 
[2025-01-07 03:26:45,312] INFO: 	 lr: 0.00030000000000000073 	 Training loss: 0.05619168404489756
[2025-01-07 03:26:59,049] INFO: Iter 1200 Summary: 
[2025-01-07 03:26:59,049] INFO: 	 lr: 0.00030000000000000073 	 Training loss: 0.05566164918243885
[2025-01-07 03:27:10,127] INFO: Iter 1300 Summary: 
[2025-01-07 03:27:10,128] INFO: 	 lr: 0.00030000000000000073 	 Training loss: 0.05552885133773088
[2025-01-07 03:27:24,004] INFO: Iter 1400 Summary: 
[2025-01-07 03:27:24,004] INFO: 	 lr: 0.00030000000000000073 	 Training loss: 0.054451681300997735
[2025-01-07 03:27:37,244] INFO: Iter 1500 Summary: 
[2025-01-07 03:27:37,245] INFO: 	 lr: 0.00030000000000000073 	 Training loss: 0.053878674879670144
[2025-01-07 03:27:49,928] INFO: Iter 1600 Summary: 
[2025-01-07 03:27:49,929] INFO: 	 lr: 0.00030000000000000073 	 Training loss: 0.05305087517946958
[2025-01-07 03:28:00,243] INFO: Iter 1700 Summary: 
[2025-01-07 03:28:00,243] INFO: 	 lr: 0.00030000000000000073 	 Training loss: 0.05323346812278032
[2025-01-07 03:28:11,603] INFO: Iter 1800 Summary: 
[2025-01-07 03:28:11,604] INFO: 	 lr: 0.00030000000000000073 	 Training loss: 0.05273144297301769
[2025-01-07 03:28:23,163] INFO: Iter 1900 Summary: 
[2025-01-07 03:28:23,163] INFO: 	 lr: 0.00030000000000000073 	 Training loss: 0.05246011320501566
[2025-01-07 03:28:35,124] INFO: Iter 2000 Summary: 
[2025-01-07 03:28:35,125] INFO: 	 lr: 0.00030000000000000073 	 Training loss: 0.052233051918447015
[2025-01-07 03:28:52,457] INFO: Iter 2100 Summary: 
[2025-01-07 03:28:52,457] INFO: 	 lr: 0.00030000000000000073 	 Training loss: 0.05216394543647766
[2025-01-07 03:29:04,211] INFO: Iter 2200 Summary: 
[2025-01-07 03:29:04,211] INFO: 	 lr: 0.00030000000000000073 	 Training loss: 0.05197782564908266
[2025-01-07 03:29:16,668] INFO: Iter 2300 Summary: 
[2025-01-07 03:29:16,669] INFO: 	 lr: 0.00030000000000000073 	 Training loss: 0.05164359413087368
[2025-01-07 03:29:28,473] INFO: Iter 2400 Summary: 
[2025-01-07 03:29:28,473] INFO: 	 lr: 0.00030000000000000073 	 Training loss: 0.05121783930808306
[2025-01-07 03:29:41,224] INFO: Iter 2500 Summary: 
[2025-01-07 03:29:41,224] INFO: 	 lr: 0.00030000000000000073 	 Training loss: 0.05114759854972362
[2025-01-07 03:29:52,812] INFO: Iter 2600 Summary: 
[2025-01-07 03:29:52,812] INFO: 	 lr: 0.00030000000000000073 	 Training loss: 0.05113917425274849
[2025-01-07 03:30:05,109] INFO: Iter 2700 Summary: 
[2025-01-07 03:30:05,109] INFO: 	 lr: 0.00030000000000000073 	 Training loss: 0.05088703852146864
[2025-01-07 03:30:18,745] INFO: Iter 2800 Summary: 
[2025-01-07 03:30:18,745] INFO: 	 lr: 0.00030000000000000073 	 Training loss: 0.05070799227803945
[2025-01-07 03:30:30,507] INFO: Iter 2900 Summary: 
[2025-01-07 03:30:30,507] INFO: 	 lr: 0.00030000000000000073 	 Training loss: 0.04991536684334278
[2025-01-07 03:30:42,723] INFO: Iter 3000 Summary: 
[2025-01-07 03:30:42,723] INFO: 	 lr: 0.00030000000000000073 	 Training loss: 0.05005466457456351
[2025-01-07 03:30:56,095] INFO: Iter 3100 Summary: 
[2025-01-07 03:30:56,096] INFO: 	 lr: 0.00030000000000000073 	 Training loss: 0.05034586157649756
[2025-01-07 03:31:08,532] INFO: Iter 3200 Summary: 
[2025-01-07 03:31:08,532] INFO: 	 lr: 0.00030000000000000073 	 Training loss: 0.04972805805504322
[2025-01-07 03:31:21,117] INFO: Iter 3300 Summary: 
[2025-01-07 03:31:21,117] INFO: 	 lr: 0.00030000000000000073 	 Training loss: 0.049504386223852635
[2025-01-07 03:31:34,123] INFO: Iter 3400 Summary: 
[2025-01-07 03:31:34,123] INFO: 	 lr: 0.00030000000000000073 	 Training loss: 0.04987979244440794
[2025-01-07 03:31:46,618] INFO: Iter 3500 Summary: 
[2025-01-07 03:31:46,619] INFO: 	 lr: 0.00030000000000000073 	 Training loss: 0.050058062039315704
[2025-01-07 03:31:58,724] INFO: Iter 3600 Summary: 
[2025-01-07 03:31:58,724] INFO: 	 lr: 0.00030000000000000073 	 Training loss: 0.048971187770366666
[2025-01-07 03:32:10,805] INFO: Iter 3700 Summary: 
[2025-01-07 03:32:10,805] INFO: 	 lr: 0.00030000000000000073 	 Training loss: 0.049539142549037934
[2025-01-07 03:32:22,713] INFO: Iter 3800 Summary: 
[2025-01-07 03:32:22,714] INFO: 	 lr: 0.00030000000000000073 	 Training loss: 0.049195535257458685
[2025-01-07 03:32:35,092] INFO: Iter 3900 Summary: 
[2025-01-07 03:32:35,092] INFO: 	 lr: 0.00030000000000000073 	 Training loss: 0.04876413255929947
[2025-01-07 03:32:46,303] INFO: Iter 4000 Summary: 
[2025-01-07 03:32:46,304] INFO: 	 lr: 0.00030000000000000073 	 Training loss: 0.04865113239735365
[2025-01-07 03:33:02,524] INFO: Iter 4100 Summary: 
[2025-01-07 03:33:02,525] INFO: 	 lr: 0.00030000000000000073 	 Training loss: 0.04867698952555657
[2025-01-07 03:33:15,767] INFO: Iter 4200 Summary: 
[2025-01-07 03:33:15,767] INFO: 	 lr: 0.00030000000000000073 	 Training loss: 0.04919613212347031
[2025-01-07 03:33:26,523] INFO: Iter 4300 Summary: 
[2025-01-07 03:33:26,523] INFO: 	 lr: 0.00030000000000000073 	 Training loss: 0.04883602634072304
[2025-01-07 03:33:39,353] INFO: Iter 4400 Summary: 
[2025-01-07 03:33:39,354] INFO: 	 lr: 0.00030000000000000073 	 Training loss: 0.048851721957325935
[2025-01-07 03:33:51,089] INFO: Iter 4500 Summary: 
[2025-01-07 03:33:51,089] INFO: 	 lr: 0.00030000000000000073 	 Training loss: 0.048165329284965995
[2025-01-07 03:34:02,009] INFO: Iter 4600 Summary: 
[2025-01-07 03:34:02,009] INFO: 	 lr: 0.00030000000000000073 	 Training loss: 0.04821610685437918
[2025-01-07 03:34:14,628] INFO: Iter 4700 Summary: 
[2025-01-07 03:34:14,628] INFO: 	 lr: 0.00030000000000000073 	 Training loss: 0.04822985831648111
[2025-01-07 03:34:27,097] INFO: Iter 4800 Summary: 
[2025-01-07 03:34:27,098] INFO: 	 lr: 0.00030000000000000073 	 Training loss: 0.047921694628894326
[2025-01-07 03:34:39,990] INFO: Iter 4900 Summary: 
[2025-01-07 03:34:39,991] INFO: 	 lr: 0.00030000000000000073 	 Training loss: 0.04813017938286066
[2025-01-07 03:34:53,651] INFO: Iter 5000 Summary: 
[2025-01-07 03:34:53,652] INFO: 	 lr: 0.00030000000000000073 	 Training loss: 0.04826028648763895
[2025-01-07 03:35:05,412] INFO: Iter 5100 Summary: 
[2025-01-07 03:35:05,413] INFO: 	 lr: 0.00030000000000000073 	 Training loss: 0.047782199159264564
[2025-01-07 03:35:17,155] INFO: Iter 5200 Summary: 
[2025-01-07 03:35:17,155] INFO: 	 lr: 0.00030000000000000073 	 Training loss: 0.04771796058863401
[2025-01-07 03:35:28,940] INFO: Iter 5300 Summary: 
[2025-01-07 03:35:28,941] INFO: 	 lr: 0.00030000000000000073 	 Training loss: 0.04733363587409258
[2025-01-07 03:35:41,238] INFO: Iter 5400 Summary: 
[2025-01-07 03:35:41,239] INFO: 	 lr: 0.00030000000000000073 	 Training loss: 0.0472454621642828
[2025-01-07 03:35:51,396] INFO: Iter 5500 Summary: 
[2025-01-07 03:35:51,396] INFO: 	 lr: 0.00030000000000000073 	 Training loss: 0.047145109586417676
[2025-01-07 03:36:04,986] INFO: Iter 5600 Summary: 
[2025-01-07 03:36:04,987] INFO: 	 lr: 0.00030000000000000073 	 Training loss: 0.04734859187155962
[2025-01-07 03:36:18,645] INFO: Iter 5700 Summary: 
[2025-01-07 03:36:18,645] INFO: 	 lr: 0.00030000000000000073 	 Training loss: 0.04746493119746446
[2025-01-07 03:36:30,125] INFO: Iter 5800 Summary: 
[2025-01-07 03:36:30,125] INFO: 	 lr: 0.00030000000000000073 	 Training loss: 0.046967148594558236
[2025-01-07 03:36:41,084] INFO: Iter 5900 Summary: 
[2025-01-07 03:36:41,085] INFO: 	 lr: 0.00030000000000000073 	 Training loss: 0.04684378452599049
[2025-01-07 03:36:52,247] INFO: Iter 6000 Summary: 
[2025-01-07 03:36:52,248] INFO: 	 lr: 0.00030000000000000073 	 Training loss: 0.046909901462495324
[2025-01-07 03:37:08,350] INFO: Iter 6100 Summary: 
[2025-01-07 03:37:08,350] INFO: 	 lr: 0.00030000000000000073 	 Training loss: 0.04685698729008436
[2025-01-07 03:37:21,034] INFO: Iter 6200 Summary: 
[2025-01-07 03:37:21,034] INFO: 	 lr: 0.00030000000000000073 	 Training loss: 0.04681103993207216
[2025-01-07 03:37:33,325] INFO: Iter 6300 Summary: 
[2025-01-07 03:37:33,325] INFO: 	 lr: 0.00030000000000000073 	 Training loss: 0.04664640597999096
[2025-01-07 03:37:46,613] INFO: Iter 6400 Summary: 
[2025-01-07 03:37:46,614] INFO: 	 lr: 0.00030000000000000073 	 Training loss: 0.04630482092499733
[2025-01-07 03:37:59,216] INFO: Iter 6500 Summary: 
[2025-01-07 03:37:59,216] INFO: 	 lr: 0.00030000000000000073 	 Training loss: 0.046353561878204344
[2025-01-07 03:38:11,532] INFO: Iter 6600 Summary: 
[2025-01-07 03:38:11,532] INFO: 	 lr: 0.00030000000000000073 	 Training loss: 0.04652943011373281
[2025-01-07 03:38:23,604] INFO: Iter 6700 Summary: 
[2025-01-07 03:38:23,604] INFO: 	 lr: 0.00030000000000000073 	 Training loss: 0.04640408184379339
[2025-01-07 03:38:35,073] INFO: Iter 6800 Summary: 
[2025-01-07 03:38:35,073] INFO: 	 lr: 0.00030000000000000073 	 Training loss: 0.04640997532755137
[2025-01-07 03:38:47,172] INFO: Iter 6900 Summary: 
[2025-01-07 03:38:47,173] INFO: 	 lr: 0.00030000000000000073 	 Training loss: 0.04616159912198782
[2025-01-07 03:38:58,358] INFO: Iter 7000 Summary: 
[2025-01-07 03:38:58,359] INFO: 	 lr: 0.00030000000000000073 	 Training loss: 0.046219301521778104
[2025-01-07 03:39:09,266] INFO: Iter 7100 Summary: 
[2025-01-07 03:39:09,267] INFO: 	 lr: 0.00030000000000000073 	 Training loss: 0.046014511547982695
[2025-01-07 03:39:20,912] INFO: Iter 7200 Summary: 
[2025-01-07 03:39:20,913] INFO: 	 lr: 0.00030000000000000073 	 Training loss: 0.045993531942367556
[2025-01-07 03:39:34,248] INFO: Iter 7300 Summary: 
[2025-01-07 03:39:34,248] INFO: 	 lr: 0.00030000000000000073 	 Training loss: 0.046335500106215476
[2025-01-07 03:39:47,631] INFO: Iter 7400 Summary: 
[2025-01-07 03:39:47,632] INFO: 	 lr: 0.00030000000000000073 	 Training loss: 0.045787195675075054
[2025-01-07 03:40:00,705] INFO: Iter 7500 Summary: 
[2025-01-07 03:40:00,705] INFO: 	 lr: 0.00030000000000000073 	 Training loss: 0.045543647482991216
[2025-01-07 03:40:13,944] INFO: Iter 7600 Summary: 
[2025-01-07 03:40:13,945] INFO: 	 lr: 0.00030000000000000073 	 Training loss: 0.04563907310366631
[2025-01-07 03:40:26,597] INFO: Iter 7700 Summary: 
[2025-01-07 03:40:26,597] INFO: 	 lr: 0.00030000000000000073 	 Training loss: 0.0454915701597929
[2025-01-07 03:40:37,284] INFO: Iter 7800 Summary: 
[2025-01-07 03:40:37,284] INFO: 	 lr: 0.00030000000000000073 	 Training loss: 0.045439296029508115
[2025-01-07 03:40:49,922] INFO: Iter 7900 Summary: 
[2025-01-07 03:40:49,922] INFO: 	 lr: 0.00030000000000000073 	 Training loss: 0.04546063497662544
[2025-01-07 03:41:03,377] INFO: Iter 8000 Summary: 
[2025-01-07 03:41:03,377] INFO: 	 lr: 0.00030000000000000073 	 Training loss: 0.04558264706283808
[2025-01-07 03:41:18,857] INFO: Iter 8100 Summary: 
[2025-01-07 03:41:18,858] INFO: 	 lr: 0.00030000000000000073 	 Training loss: 0.045150695741176604
[2025-01-07 03:41:31,695] INFO: Iter 8200 Summary: 
[2025-01-07 03:41:31,695] INFO: 	 lr: 0.00030000000000000073 	 Training loss: 0.0451867451518774
[2025-01-07 03:41:45,250] INFO: Iter 8300 Summary: 
[2025-01-07 03:41:45,252] INFO: 	 lr: 0.00030000000000000073 	 Training loss: 0.04515025977045298
[2025-01-07 03:41:57,496] INFO: Iter 8400 Summary: 
[2025-01-07 03:41:57,497] INFO: 	 lr: 0.00030000000000000073 	 Training loss: 0.04503619186580181
[2025-01-07 03:42:09,943] INFO: Iter 8500 Summary: 
[2025-01-07 03:42:09,944] INFO: 	 lr: 0.00030000000000000073 	 Training loss: 0.044984251856803895
[2025-01-07 03:42:22,713] INFO: Iter 8600 Summary: 
[2025-01-07 03:42:22,713] INFO: 	 lr: 0.00030000000000000073 	 Training loss: 0.04464191660284996
[2025-01-07 03:42:34,074] INFO: Iter 8700 Summary: 
[2025-01-07 03:42:34,074] INFO: 	 lr: 0.00030000000000000073 	 Training loss: 0.04511042769998312
[2025-01-07 03:42:43,435] INFO: Iter 8800 Summary: 
[2025-01-07 03:42:43,436] INFO: 	 lr: 0.00030000000000000073 	 Training loss: 0.04487875264137983
[2025-01-07 03:42:55,399] INFO: Iter 8900 Summary: 
[2025-01-07 03:42:55,399] INFO: 	 lr: 0.00030000000000000073 	 Training loss: 0.04472593195736408
[2025-01-07 03:43:06,924] INFO: Iter 9000 Summary: 
[2025-01-07 03:43:06,925] INFO: 	 lr: 0.00030000000000000073 	 Training loss: 0.04460394665598869
[2025-01-07 03:43:17,405] INFO: Iter 9100 Summary: 
[2025-01-07 03:43:17,405] INFO: 	 lr: 0.00030000000000000073 	 Training loss: 0.04486935220658779
[2025-01-07 03:43:30,728] INFO: Iter 9200 Summary: 
[2025-01-07 03:43:30,728] INFO: 	 lr: 0.00030000000000000073 	 Training loss: 0.044305602945387365
[2025-01-07 03:43:42,711] INFO: Iter 9300 Summary: 
[2025-01-07 03:43:42,712] INFO: 	 lr: 0.00030000000000000073 	 Training loss: 0.04448705650866032
[2025-01-07 03:43:54,205] INFO: Iter 9400 Summary: 
[2025-01-07 03:43:54,206] INFO: 	 lr: 0.00030000000000000073 	 Training loss: 0.04440710619091988
[2025-01-07 03:44:04,855] INFO: Iter 9500 Summary: 
[2025-01-07 03:44:04,855] INFO: 	 lr: 0.00030000000000000073 	 Training loss: 0.044492477066814896
[2025-01-07 03:44:16,995] INFO: Iter 9600 Summary: 
[2025-01-07 03:44:16,996] INFO: 	 lr: 0.00030000000000000073 	 Training loss: 0.044774725213646886
[2025-01-07 03:44:30,833] INFO: Iter 9700 Summary: 
[2025-01-07 03:44:30,833] INFO: 	 lr: 0.00030000000000000073 	 Training loss: 0.04409833416342735
[2025-01-07 03:44:42,628] INFO: Iter 9800 Summary: 
[2025-01-07 03:44:42,629] INFO: 	 lr: 0.00030000000000000073 	 Training loss: 0.04415976636111736
[2025-01-07 03:44:55,451] INFO: Iter 9900 Summary: 
[2025-01-07 03:44:55,452] INFO: 	 lr: 0.00030000000000000073 	 Training loss: 0.04411194697022438
[2025-01-07 03:45:08,184] INFO: Iter 10000 Summary: 
[2025-01-07 03:45:08,184] INFO: 	 lr: 0.00030000000000000073 	 Training loss: 0.0442710642144084
[2025-01-07 03:45:24,207] INFO: Iter 10100 Summary: 
[2025-01-07 03:45:24,207] INFO: 	 lr: 0.00030000000000000073 	 Training loss: 0.0440024658292532
[2025-01-07 03:45:37,650] INFO: Iter 10200 Summary: 
[2025-01-07 03:45:37,650] INFO: 	 lr: 0.00030000000000000073 	 Training loss: 0.043942578695714475
[2025-01-07 03:45:50,267] INFO: Iter 10300 Summary: 
[2025-01-07 03:45:50,268] INFO: 	 lr: 0.00030000000000000073 	 Training loss: 0.043861957676708696
[2025-01-07 03:46:02,348] INFO: Iter 10400 Summary: 
[2025-01-07 03:46:02,349] INFO: 	 lr: 0.00030000000000000073 	 Training loss: 0.04388104699552059
[2025-01-07 03:46:14,570] INFO: Iter 10500 Summary: 
[2025-01-07 03:46:14,570] INFO: 	 lr: 0.00030000000000000073 	 Training loss: 0.04396574128419161
[2025-01-07 03:46:26,941] INFO: Iter 10600 Summary: 
[2025-01-07 03:46:26,941] INFO: 	 lr: 0.00030000000000000073 	 Training loss: 0.04375992886722088
[2025-01-07 03:46:38,595] INFO: Iter 10700 Summary: 
[2025-01-07 03:46:38,596] INFO: 	 lr: 0.00030000000000000073 	 Training loss: 0.04378866896033287
[2025-01-07 03:46:51,152] INFO: Iter 10800 Summary: 
[2025-01-07 03:46:51,152] INFO: 	 lr: 0.00030000000000000073 	 Training loss: 0.04381931487470865
[2025-01-07 03:47:03,250] INFO: Iter 10900 Summary: 
[2025-01-07 03:47:03,250] INFO: 	 lr: 0.00030000000000000073 	 Training loss: 0.04370822656899691
[2025-01-07 03:47:15,975] INFO: Iter 11000 Summary: 
[2025-01-07 03:47:15,975] INFO: 	 lr: 0.00030000000000000073 	 Training loss: 0.04385665278881788
[2025-01-07 03:47:29,039] INFO: Iter 11100 Summary: 
[2025-01-07 03:47:29,040] INFO: 	 lr: 0.00030000000000000073 	 Training loss: 0.04323406748473644
[2025-01-07 03:47:39,864] INFO: Iter 11200 Summary: 
[2025-01-07 03:47:39,864] INFO: 	 lr: 0.00030000000000000073 	 Training loss: 0.04315485004335642
[2025-01-07 03:47:51,080] INFO: Iter 11300 Summary: 
[2025-01-07 03:47:51,081] INFO: 	 lr: 0.00030000000000000073 	 Training loss: 0.04362233955413103
[2025-01-07 03:48:04,152] INFO: Iter 11400 Summary: 
[2025-01-07 03:48:04,153] INFO: 	 lr: 0.00030000000000000073 	 Training loss: 0.043433373272418974
[2025-01-07 03:48:14,424] INFO: Iter 11500 Summary: 
[2025-01-07 03:48:14,424] INFO: 	 lr: 0.00030000000000000073 	 Training loss: 0.043489357903599736
[2025-01-07 03:48:26,084] INFO: Iter 11600 Summary: 
[2025-01-07 03:48:26,085] INFO: 	 lr: 0.00030000000000000073 	 Training loss: 0.04344488769769669
[2025-01-07 03:48:41,178] INFO: Iter 11700 Summary: 
[2025-01-07 03:48:41,178] INFO: 	 lr: 0.00030000000000000073 	 Training loss: 0.04368325237184763
[2025-01-07 03:48:53,114] INFO: Iter 11800 Summary: 
[2025-01-07 03:48:53,114] INFO: 	 lr: 0.00030000000000000073 	 Training loss: 0.04351663362234831
[2025-01-07 03:49:03,126] INFO: Iter 11900 Summary: 
[2025-01-07 03:49:03,126] INFO: 	 lr: 0.00030000000000000073 	 Training loss: 0.043098880425095555
[2025-01-07 03:49:16,007] INFO: Iter 12000 Summary: 
[2025-01-07 03:49:16,008] INFO: 	 lr: 0.00030000000000000073 	 Training loss: 0.04314607474952936
[2025-01-07 03:49:32,096] INFO: Iter 12100 Summary: 
[2025-01-07 03:49:32,096] INFO: 	 lr: 0.00030000000000000073 	 Training loss: 0.042840596996247766
[2025-01-07 03:49:43,410] INFO: Iter 12200 Summary: 
[2025-01-07 03:49:43,411] INFO: 	 lr: 0.00030000000000000073 	 Training loss: 0.04285114511847496
[2025-01-07 03:49:57,857] INFO: Iter 12300 Summary: 
[2025-01-07 03:49:57,857] INFO: 	 lr: 0.00030000000000000073 	 Training loss: 0.04285594366490841
[2025-01-07 03:50:10,561] INFO: Iter 12400 Summary: 
[2025-01-07 03:50:10,561] INFO: 	 lr: 0.00030000000000000073 	 Training loss: 0.04365105722099542
[2025-01-07 03:50:22,095] INFO: Iter 12500 Summary: 
[2025-01-07 03:50:22,095] INFO: 	 lr: 0.00030000000000000073 	 Training loss: 0.0430576204136014
[2025-01-07 03:50:35,335] INFO: Iter 12600 Summary: 
[2025-01-07 03:50:35,336] INFO: 	 lr: 0.00030000000000000073 	 Training loss: 0.04315975073724985
[2025-01-07 03:50:47,752] INFO: Iter 12700 Summary: 
[2025-01-07 03:50:47,752] INFO: 	 lr: 0.00030000000000000073 	 Training loss: 0.04310629572719336
[2025-01-07 03:50:59,142] INFO: Iter 12800 Summary: 
[2025-01-07 03:50:59,143] INFO: 	 lr: 0.00030000000000000073 	 Training loss: 0.042714301720261576
[2025-01-07 03:51:12,339] INFO: Iter 12900 Summary: 
[2025-01-07 03:51:12,339] INFO: 	 lr: 0.00030000000000000073 	 Training loss: 0.042887326031923294
[2025-01-07 03:51:26,039] INFO: Iter 13000 Summary: 
[2025-01-07 03:51:26,039] INFO: 	 lr: 0.00030000000000000073 	 Training loss: 0.04308041606098414
[2025-01-07 03:51:39,872] INFO: Iter 13100 Summary: 
[2025-01-07 03:51:39,873] INFO: 	 lr: 0.00030000000000000073 	 Training loss: 0.04251299045979977
[2025-01-07 03:51:51,899] INFO: Iter 13200 Summary: 
[2025-01-07 03:51:51,900] INFO: 	 lr: 0.00030000000000000073 	 Training loss: 0.042506140433251856
[2025-01-07 03:52:03,454] INFO: Iter 13300 Summary: 
[2025-01-07 03:52:03,454] INFO: 	 lr: 0.00030000000000000073 	 Training loss: 0.04273435458540917
[2025-01-07 03:52:14,813] INFO: Iter 13400 Summary: 
[2025-01-07 03:52:14,813] INFO: 	 lr: 0.00030000000000000073 	 Training loss: 0.042768923379480836
[2025-01-07 03:52:26,568] INFO: Iter 13500 Summary: 
[2025-01-07 03:52:26,569] INFO: 	 lr: 0.00030000000000000073 	 Training loss: 0.042654925659298897
[2025-01-07 03:52:37,818] INFO: Iter 13600 Summary: 
[2025-01-07 03:52:37,818] INFO: 	 lr: 0.00030000000000000073 	 Training loss: 0.04258499801158905
[2025-01-07 03:52:49,153] INFO: Iter 13700 Summary: 
[2025-01-07 03:52:49,153] INFO: 	 lr: 0.00030000000000000073 	 Training loss: 0.042801099456846715
[2025-01-07 03:53:01,247] INFO: Iter 13800 Summary: 
[2025-01-07 03:53:01,248] INFO: 	 lr: 0.00030000000000000073 	 Training loss: 0.04227223813533783
[2025-01-07 03:53:12,580] INFO: Iter 13900 Summary: 
[2025-01-07 03:53:12,581] INFO: 	 lr: 0.00030000000000000073 	 Training loss: 0.04273543149232864
[2025-01-07 03:53:23,768] INFO: Iter 14000 Summary: 
[2025-01-07 03:53:23,769] INFO: 	 lr: 0.00030000000000000073 	 Training loss: 0.04260625407099724
[2025-01-07 03:53:38,180] INFO: Iter 14100 Summary: 
[2025-01-07 03:53:38,180] INFO: 	 lr: 0.00030000000000000073 	 Training loss: 0.042503896467387677
[2025-01-07 03:53:49,157] INFO: Iter 14200 Summary: 
[2025-01-07 03:53:49,158] INFO: 	 lr: 0.00030000000000000073 	 Training loss: 0.042152341678738596
[2025-01-07 03:53:59,185] INFO: Iter 14300 Summary: 
[2025-01-07 03:53:59,185] INFO: 	 lr: 0.00030000000000000073 	 Training loss: 0.042617533057928085
[2025-01-07 03:54:09,859] INFO: Iter 14400 Summary: 
[2025-01-07 03:54:09,860] INFO: 	 lr: 0.00030000000000000073 	 Training loss: 0.04265897542238235
[2025-01-07 03:54:21,246] INFO: Iter 14500 Summary: 
[2025-01-07 03:54:21,246] INFO: 	 lr: 0.00030000000000000073 	 Training loss: 0.04227222315967083
[2025-01-07 03:54:32,434] INFO: Iter 14600 Summary: 
[2025-01-07 03:54:32,435] INFO: 	 lr: 0.00030000000000000073 	 Training loss: 0.04248041026294232
[2025-01-07 03:54:42,674] INFO: Iter 14700 Summary: 
[2025-01-07 03:54:42,675] INFO: 	 lr: 0.00030000000000000073 	 Training loss: 0.042215336561203
[2025-01-07 03:54:54,098] INFO: Iter 14800 Summary: 
[2025-01-07 03:54:54,099] INFO: 	 lr: 0.00030000000000000073 	 Training loss: 0.04277817364782095
[2025-01-07 03:55:05,188] INFO: Iter 14900 Summary: 
[2025-01-07 03:55:05,188] INFO: 	 lr: 0.00030000000000000073 	 Training loss: 0.042308760620653627
[2025-01-07 03:55:16,239] INFO: Iter 15000 Summary: 
[2025-01-07 03:55:16,239] INFO: 	 lr: 0.00030000000000000073 	 Training loss: 0.042402685955166816
[2025-01-07 03:55:27,196] INFO: Iter 15100 Summary: 
[2025-01-07 03:55:27,196] INFO: 	 lr: 0.00030000000000000073 	 Training loss: 0.04232522465288639
[2025-01-07 03:55:38,072] INFO: Iter 15200 Summary: 
[2025-01-07 03:55:38,072] INFO: 	 lr: 0.00030000000000000073 	 Training loss: 0.04206049781292677
[2025-01-07 03:55:49,738] INFO: Iter 15300 Summary: 
[2025-01-07 03:55:49,739] INFO: 	 lr: 0.00030000000000000073 	 Training loss: 0.042276324257254604
[2025-01-07 03:56:00,442] INFO: Iter 15400 Summary: 
[2025-01-07 03:56:00,442] INFO: 	 lr: 0.00030000000000000073 	 Training loss: 0.042337207235395906
[2025-01-07 03:56:11,881] INFO: Iter 15500 Summary: 
[2025-01-07 03:56:11,882] INFO: 	 lr: 0.00030000000000000073 	 Training loss: 0.042026806175708774
[2025-01-07 03:56:21,990] INFO: Iter 15600 Summary: 
[2025-01-07 03:56:21,990] INFO: 	 lr: 0.00030000000000000073 	 Training loss: 0.04211880374699831
[2025-01-07 03:56:33,112] INFO: Iter 15700 Summary: 
[2025-01-07 03:56:33,113] INFO: 	 lr: 0.00030000000000000073 	 Training loss: 0.0422499780356884
[2025-01-07 03:56:44,531] INFO: Iter 15800 Summary: 
[2025-01-07 03:56:44,532] INFO: 	 lr: 0.00030000000000000073 	 Training loss: 0.041983532831072805
[2025-01-07 03:56:55,719] INFO: Iter 15900 Summary: 
[2025-01-07 03:56:55,719] INFO: 	 lr: 0.00030000000000000073 	 Training loss: 0.04189154714345932
[2025-01-07 03:57:07,188] INFO: Iter 16000 Summary: 
[2025-01-07 03:57:07,188] INFO: 	 lr: 0.00030000000000000073 	 Training loss: 0.041899459436535835
[2025-01-07 03:57:22,237] INFO: Iter 16100 Summary: 
[2025-01-07 03:57:22,237] INFO: 	 lr: 0.00030000000000000073 	 Training loss: 0.04178886402398348
[2025-01-07 03:57:33,684] INFO: Iter 16200 Summary: 
[2025-01-07 03:57:33,685] INFO: 	 lr: 0.00030000000000000073 	 Training loss: 0.04179618146270513
[2025-01-07 03:57:45,027] INFO: Iter 16300 Summary: 
[2025-01-07 03:57:45,027] INFO: 	 lr: 0.00030000000000000073 	 Training loss: 0.04198622487485409
[2025-01-07 03:57:57,031] INFO: Iter 16400 Summary: 
[2025-01-07 03:57:57,031] INFO: 	 lr: 0.00030000000000000073 	 Training loss: 0.042115687616169455
[2025-01-07 03:58:08,397] INFO: Iter 16500 Summary: 
[2025-01-07 03:58:08,397] INFO: 	 lr: 0.00030000000000000073 	 Training loss: 0.04202948093414307
[2025-01-07 03:58:20,450] INFO: Iter 16600 Summary: 
[2025-01-07 03:58:20,450] INFO: 	 lr: 0.00030000000000000073 	 Training loss: 0.04211698144674301
[2025-01-07 03:58:31,316] INFO: Iter 16700 Summary: 
[2025-01-07 03:58:31,316] INFO: 	 lr: 0.00030000000000000073 	 Training loss: 0.04168829932808876
[2025-01-07 03:58:43,148] INFO: Iter 16800 Summary: 
[2025-01-07 03:58:43,148] INFO: 	 lr: 0.00030000000000000073 	 Training loss: 0.04172005258500576
[2025-01-07 03:58:54,101] INFO: Iter 16900 Summary: 
[2025-01-07 03:58:54,101] INFO: 	 lr: 0.00030000000000000073 	 Training loss: 0.0419886714220047
[2025-01-07 03:59:05,877] INFO: Iter 17000 Summary: 
[2025-01-07 03:59:05,878] INFO: 	 lr: 0.00030000000000000073 	 Training loss: 0.04182897835969925
[2025-01-07 03:59:16,519] INFO: Iter 17100 Summary: 
[2025-01-07 03:59:16,520] INFO: 	 lr: 0.00030000000000000073 	 Training loss: 0.041854170933365825
[2025-01-07 03:59:26,870] INFO: Iter 17200 Summary: 
[2025-01-07 03:59:26,870] INFO: 	 lr: 0.00030000000000000073 	 Training loss: 0.0417629000172019
[2025-01-07 03:59:38,753] INFO: Iter 17300 Summary: 
[2025-01-07 03:59:38,754] INFO: 	 lr: 0.00030000000000000073 	 Training loss: 0.04167517129331827
[2025-01-07 03:59:49,964] INFO: Iter 17400 Summary: 
[2025-01-07 03:59:49,965] INFO: 	 lr: 0.00030000000000000073 	 Training loss: 0.041697140112519265
[2025-01-07 04:00:00,171] INFO: Iter 17500 Summary: 
[2025-01-07 04:00:00,172] INFO: 	 lr: 0.00030000000000000073 	 Training loss: 0.04135462906211615
[2025-01-07 04:00:11,137] INFO: Iter 17600 Summary: 
[2025-01-07 04:00:11,137] INFO: 	 lr: 0.00030000000000000073 	 Training loss: 0.041756058782339095
[2025-01-07 04:00:22,478] INFO: Iter 17700 Summary: 
[2025-01-07 04:00:22,479] INFO: 	 lr: 0.00030000000000000073 	 Training loss: 0.041646713092923164
[2025-01-07 04:00:33,530] INFO: Iter 17800 Summary: 
[2025-01-07 04:00:33,530] INFO: 	 lr: 0.00030000000000000073 	 Training loss: 0.041751680597662925
[2025-01-07 04:00:44,080] INFO: Iter 17900 Summary: 
[2025-01-07 04:00:44,081] INFO: 	 lr: 0.00030000000000000073 	 Training loss: 0.04177531618624926
[2025-01-07 04:00:55,253] INFO: Iter 18000 Summary: 
[2025-01-07 04:00:55,254] INFO: 	 lr: 0.00030000000000000073 	 Training loss: 0.0416898549720645
[2025-01-07 04:01:09,007] INFO: Iter 18100 Summary: 
[2025-01-07 04:01:09,007] INFO: 	 lr: 0.00030000000000000073 	 Training loss: 0.04143550969660282
[2025-01-07 04:01:19,944] INFO: Iter 18200 Summary: 
[2025-01-07 04:01:19,945] INFO: 	 lr: 0.00030000000000000073 	 Training loss: 0.04162235919386149
[2025-01-07 04:01:31,009] INFO: Iter 18300 Summary: 
[2025-01-07 04:01:31,010] INFO: 	 lr: 0.00030000000000000073 	 Training loss: 0.041719704754650595
[2025-01-07 04:01:42,966] INFO: Iter 18400 Summary: 
[2025-01-07 04:01:42,966] INFO: 	 lr: 0.00030000000000000073 	 Training loss: 0.04128287546336651
[2025-01-07 04:01:54,448] INFO: Iter 18500 Summary: 
[2025-01-07 04:01:54,449] INFO: 	 lr: 0.00030000000000000073 	 Training loss: 0.04184386987239122
[2025-01-07 04:02:05,829] INFO: Iter 18600 Summary: 
[2025-01-07 04:02:05,830] INFO: 	 lr: 0.00030000000000000073 	 Training loss: 0.04150274958461523
[2025-01-07 04:02:16,978] INFO: Iter 18700 Summary: 
[2025-01-07 04:02:16,978] INFO: 	 lr: 0.00030000000000000073 	 Training loss: 0.04134726852178574
[2025-01-07 04:02:28,108] INFO: Iter 18800 Summary: 
[2025-01-07 04:02:28,108] INFO: 	 lr: 0.00030000000000000073 	 Training loss: 0.0413451774045825
[2025-01-07 04:02:39,431] INFO: Iter 18900 Summary: 
[2025-01-07 04:02:39,432] INFO: 	 lr: 0.00030000000000000073 	 Training loss: 0.041344103664159776
[2025-01-07 04:02:50,386] INFO: Iter 19000 Summary: 
[2025-01-07 04:02:50,386] INFO: 	 lr: 0.00030000000000000073 	 Training loss: 0.041221488751471046
[2025-01-07 04:03:01,736] INFO: Iter 19100 Summary: 
[2025-01-07 04:03:01,736] INFO: 	 lr: 0.00030000000000000073 	 Training loss: 0.04168159835040569
[2025-01-07 04:03:14,203] INFO: Iter 19200 Summary: 
[2025-01-07 04:03:14,203] INFO: 	 lr: 0.00030000000000000073 	 Training loss: 0.041414538510143754
[2025-01-07 04:03:25,877] INFO: Iter 19300 Summary: 
[2025-01-07 04:03:25,878] INFO: 	 lr: 0.00030000000000000073 	 Training loss: 0.04147715792059899
[2025-01-07 04:03:36,702] INFO: Iter 19400 Summary: 
[2025-01-07 04:03:36,702] INFO: 	 lr: 0.00030000000000000073 	 Training loss: 0.04157419458031655
[2025-01-07 04:03:48,183] INFO: Iter 19500 Summary: 
[2025-01-07 04:03:48,183] INFO: 	 lr: 0.00030000000000000073 	 Training loss: 0.04146520022302866
[2025-01-07 04:03:59,366] INFO: Iter 19600 Summary: 
[2025-01-07 04:03:59,366] INFO: 	 lr: 0.00030000000000000073 	 Training loss: 0.04176023874431849
[2025-01-07 04:04:10,561] INFO: Iter 19700 Summary: 
[2025-01-07 04:04:10,561] INFO: 	 lr: 0.00030000000000000073 	 Training loss: 0.04110462315380573
[2025-01-07 04:04:22,141] INFO: Iter 19800 Summary: 
[2025-01-07 04:04:22,141] INFO: 	 lr: 0.00030000000000000073 	 Training loss: 0.04116968899965286
[2025-01-07 04:04:33,398] INFO: Iter 19900 Summary: 
[2025-01-07 04:04:33,398] INFO: 	 lr: 0.00030000000000000073 	 Training loss: 0.04145333297550678
[2025-01-07 04:04:45,054] INFO: Iter 20000 Summary: 
[2025-01-07 04:04:45,054] INFO: 	 lr: 0.00030000000000000073 	 Training loss: 0.041211276724934576
[2025-01-07 04:04:58,948] INFO: Iter 20100 Summary: 
[2025-01-07 04:04:58,948] INFO: 	 lr: 0.00030000000000000073 	 Training loss: 0.04122575636953116
[2025-01-07 04:05:11,295] INFO: Iter 20200 Summary: 
[2025-01-07 04:05:11,296] INFO: 	 lr: 0.00030000000000000073 	 Training loss: 0.04120473187416792
[2025-01-07 04:05:22,704] INFO: Iter 20300 Summary: 
[2025-01-07 04:05:22,704] INFO: 	 lr: 0.00030000000000000073 	 Training loss: 0.04128737956285477
[2025-01-07 04:05:33,632] INFO: Iter 20400 Summary: 
[2025-01-07 04:05:33,632] INFO: 	 lr: 0.00030000000000000073 	 Training loss: 0.040759000107645986
[2025-01-07 04:05:44,960] INFO: Iter 20500 Summary: 
[2025-01-07 04:05:44,961] INFO: 	 lr: 0.00030000000000000073 	 Training loss: 0.04157174188643694
[2025-01-07 04:05:55,664] INFO: Iter 20600 Summary: 
[2025-01-07 04:05:55,664] INFO: 	 lr: 0.00030000000000000073 	 Training loss: 0.041228796876966955
[2025-01-07 04:06:06,927] INFO: Iter 20700 Summary: 
[2025-01-07 04:06:06,928] INFO: 	 lr: 0.00030000000000000073 	 Training loss: 0.04075723372399807
[2025-01-07 04:06:18,478] INFO: Iter 20800 Summary: 
[2025-01-07 04:06:18,478] INFO: 	 lr: 0.00030000000000000073 	 Training loss: 0.04122813433408737
[2025-01-07 04:06:29,740] INFO: Iter 20900 Summary: 
[2025-01-07 04:06:29,740] INFO: 	 lr: 0.00030000000000000073 	 Training loss: 0.04116771467030048
[2025-01-07 04:06:40,768] INFO: Iter 21000 Summary: 
[2025-01-07 04:06:40,768] INFO: 	 lr: 0.00030000000000000073 	 Training loss: 0.04143654726445675
[2025-01-07 04:06:51,560] INFO: Iter 21100 Summary: 
[2025-01-07 04:06:51,560] INFO: 	 lr: 0.00030000000000000073 	 Training loss: 0.04118979163467884
[2025-01-07 04:07:02,322] INFO: Iter 21200 Summary: 
[2025-01-07 04:07:02,323] INFO: 	 lr: 0.00030000000000000073 	 Training loss: 0.04112092394381762
[2025-01-07 04:07:13,611] INFO: Iter 21300 Summary: 
[2025-01-07 04:07:13,612] INFO: 	 lr: 0.00030000000000000073 	 Training loss: 0.04101834774017334
[2025-01-07 04:07:24,664] INFO: Iter 21400 Summary: 
[2025-01-07 04:07:24,664] INFO: 	 lr: 0.00030000000000000073 	 Training loss: 0.041031647697091105
[2025-01-07 04:07:36,319] INFO: Iter 21500 Summary: 
[2025-01-07 04:07:36,319] INFO: 	 lr: 0.00030000000000000073 	 Training loss: 0.04088226739317179
[2025-01-07 04:07:48,206] INFO: Iter 21600 Summary: 
[2025-01-07 04:07:48,207] INFO: 	 lr: 0.00030000000000000073 	 Training loss: 0.04093435876071453
[2025-01-07 04:07:59,354] INFO: Iter 21700 Summary: 
[2025-01-07 04:07:59,354] INFO: 	 lr: 0.00030000000000000073 	 Training loss: 0.041099495403468606
[2025-01-07 04:08:10,083] INFO: Iter 21800 Summary: 
[2025-01-07 04:08:10,083] INFO: 	 lr: 0.00030000000000000073 	 Training loss: 0.040932576656341556
[2025-01-07 04:08:21,387] INFO: Iter 21900 Summary: 
[2025-01-07 04:08:21,387] INFO: 	 lr: 0.00030000000000000073 	 Training loss: 0.04093596655875444
[2025-01-07 04:08:32,735] INFO: Iter 22000 Summary: 
[2025-01-07 04:08:32,735] INFO: 	 lr: 0.00030000000000000073 	 Training loss: 0.04122546911239624
[2025-01-07 04:08:46,921] INFO: Iter 22100 Summary: 
[2025-01-07 04:08:46,922] INFO: 	 lr: 0.00030000000000000073 	 Training loss: 0.04082964513450861
[2025-01-07 04:08:57,300] INFO: Iter 22200 Summary: 
[2025-01-07 04:08:57,300] INFO: 	 lr: 0.00030000000000000073 	 Training loss: 0.04088742755353451
[2025-01-07 04:09:08,376] INFO: Iter 22300 Summary: 
[2025-01-07 04:09:08,376] INFO: 	 lr: 0.00030000000000000073 	 Training loss: 0.041049284525215626
[2025-01-07 04:09:18,037] INFO: Iter 22400 Summary: 
[2025-01-07 04:09:18,038] INFO: 	 lr: 0.00030000000000000073 	 Training loss: 0.041293509416282174
[2025-01-07 04:09:28,404] INFO: Iter 22500 Summary: 
[2025-01-07 04:09:28,405] INFO: 	 lr: 0.00030000000000000073 	 Training loss: 0.04097870331257582
[2025-01-07 04:09:39,570] INFO: Iter 22600 Summary: 
[2025-01-07 04:09:39,571] INFO: 	 lr: 0.00030000000000000073 	 Training loss: 0.04098535921424627
[2025-01-07 04:09:51,193] INFO: Iter 22700 Summary: 
[2025-01-07 04:09:51,193] INFO: 	 lr: 0.00030000000000000073 	 Training loss: 0.04066650353372097
[2025-01-07 04:10:02,723] INFO: Iter 22800 Summary: 
[2025-01-07 04:10:02,724] INFO: 	 lr: 0.00030000000000000073 	 Training loss: 0.040684228986501696
[2025-01-07 04:10:13,835] INFO: Iter 22900 Summary: 
[2025-01-07 04:10:13,836] INFO: 	 lr: 0.00030000000000000073 	 Training loss: 0.040994365029037
[2025-01-07 04:10:24,553] INFO: Iter 23000 Summary: 
[2025-01-07 04:10:24,554] INFO: 	 lr: 0.00030000000000000073 	 Training loss: 0.041183371543884274
[2025-01-07 04:10:36,112] INFO: Iter 23100 Summary: 
[2025-01-07 04:10:36,112] INFO: 	 lr: 0.00030000000000000073 	 Training loss: 0.040749882981181144
[2025-01-07 04:10:47,010] INFO: Iter 23200 Summary: 
[2025-01-07 04:10:47,011] INFO: 	 lr: 0.00030000000000000073 	 Training loss: 0.04060945849865675
[2025-01-07 04:10:58,032] INFO: Iter 23300 Summary: 
[2025-01-07 04:10:58,032] INFO: 	 lr: 0.00030000000000000073 	 Training loss: 0.04097227156162262
[2025-01-07 04:11:09,941] INFO: Iter 23400 Summary: 
[2025-01-07 04:11:09,941] INFO: 	 lr: 0.00030000000000000073 	 Training loss: 0.041254117265343664
[2025-01-07 04:11:20,833] INFO: Iter 23500 Summary: 
[2025-01-07 04:11:20,833] INFO: 	 lr: 0.00030000000000000073 	 Training loss: 0.040550155378878114
[2025-01-07 04:11:31,638] INFO: Iter 23600 Summary: 
[2025-01-07 04:11:31,639] INFO: 	 lr: 0.00030000000000000073 	 Training loss: 0.04066357772797346
[2025-01-07 04:11:41,958] INFO: Iter 23700 Summary: 
[2025-01-07 04:11:41,959] INFO: 	 lr: 0.00030000000000000073 	 Training loss: 0.040755918212234975
[2025-01-07 04:11:53,737] INFO: Iter 23800 Summary: 
[2025-01-07 04:11:53,737] INFO: 	 lr: 0.00030000000000000073 	 Training loss: 0.040660176612436774
[2025-01-07 04:12:04,792] INFO: Iter 23900 Summary: 
[2025-01-07 04:12:04,792] INFO: 	 lr: 0.00030000000000000073 	 Training loss: 0.040808641761541364
[2025-01-07 04:12:15,968] INFO: Iter 24000 Summary: 
[2025-01-07 04:12:15,968] INFO: 	 lr: 0.00030000000000000073 	 Training loss: 0.04111544132232666
[2025-01-07 04:12:30,493] INFO: Iter 24100 Summary: 
[2025-01-07 04:12:30,494] INFO: 	 lr: 0.00030000000000000073 	 Training loss: 0.040887454710900786
[2025-01-07 04:12:41,816] INFO: Iter 24200 Summary: 
[2025-01-07 04:12:41,816] INFO: 	 lr: 0.00030000000000000073 	 Training loss: 0.04089595295488834
[2025-01-07 04:12:52,536] INFO: Iter 24300 Summary: 
[2025-01-07 04:12:52,537] INFO: 	 lr: 0.00030000000000000073 	 Training loss: 0.04055817175656557
[2025-01-07 04:13:03,658] INFO: Iter 24400 Summary: 
[2025-01-07 04:13:03,658] INFO: 	 lr: 0.00030000000000000073 	 Training loss: 0.04076202347874641
[2025-01-07 04:13:15,607] INFO: Iter 24500 Summary: 
[2025-01-07 04:13:15,607] INFO: 	 lr: 0.00030000000000000073 	 Training loss: 0.04076910749077797
[2025-01-07 04:13:25,791] INFO: Iter 24600 Summary: 
[2025-01-07 04:13:25,792] INFO: 	 lr: 0.00030000000000000073 	 Training loss: 0.04104074265807867
[2025-01-07 04:13:36,425] INFO: Iter 24700 Summary: 
[2025-01-07 04:13:36,425] INFO: 	 lr: 0.00030000000000000073 	 Training loss: 0.04076334834098816
[2025-01-07 04:13:48,443] INFO: Iter 24800 Summary: 
[2025-01-07 04:13:48,443] INFO: 	 lr: 0.00030000000000000073 	 Training loss: 0.04059582963585853
[2025-01-07 04:13:58,711] INFO: Iter 24900 Summary: 
[2025-01-07 04:13:58,712] INFO: 	 lr: 0.00030000000000000073 	 Training loss: 0.04089691527187824
[2025-01-07 04:14:09,885] INFO: Iter 25000 Summary: 
[2025-01-07 04:14:09,885] INFO: 	 lr: 0.00030000000000000073 	 Training loss: 0.04056871086359024
[2025-01-07 04:14:21,661] INFO: Iter 25100 Summary: 
[2025-01-07 04:14:21,661] INFO: 	 lr: 0.00030000000000000073 	 Training loss: 0.040828720070421695
[2025-01-07 04:14:32,545] INFO: Iter 25200 Summary: 
[2025-01-07 04:14:32,545] INFO: 	 lr: 0.00030000000000000073 	 Training loss: 0.040482245683670044
[2025-01-07 04:14:43,549] INFO: Iter 25300 Summary: 
[2025-01-07 04:14:43,549] INFO: 	 lr: 0.00030000000000000073 	 Training loss: 0.04066278159618378
[2025-01-07 04:14:54,239] INFO: Iter 25400 Summary: 
[2025-01-07 04:14:54,240] INFO: 	 lr: 0.00030000000000000073 	 Training loss: 0.040777905024588106
[2025-01-07 04:15:05,085] INFO: Iter 25500 Summary: 
[2025-01-07 04:15:05,086] INFO: 	 lr: 0.00030000000000000073 	 Training loss: 0.040640626288950446
[2025-01-07 04:15:16,412] INFO: Iter 25600 Summary: 
[2025-01-07 04:15:16,412] INFO: 	 lr: 0.00030000000000000073 	 Training loss: 0.040405207760632035
[2025-01-07 04:15:27,246] INFO: Iter 25700 Summary: 
[2025-01-07 04:15:27,247] INFO: 	 lr: 0.00030000000000000073 	 Training loss: 0.04067718330770731
[2025-01-07 04:15:37,915] INFO: Iter 25800 Summary: 
[2025-01-07 04:15:37,915] INFO: 	 lr: 0.00030000000000000073 	 Training loss: 0.0405165022239089
[2025-01-07 04:15:49,303] INFO: Iter 25900 Summary: 
[2025-01-07 04:15:49,304] INFO: 	 lr: 0.00030000000000000073 	 Training loss: 0.04070455808192491
[2025-01-07 04:16:00,859] INFO: Iter 26000 Summary: 
[2025-01-07 04:16:00,859] INFO: 	 lr: 0.00030000000000000073 	 Training loss: 0.040816505625844005
[2025-01-07 04:16:14,437] INFO: Iter 26100 Summary: 
[2025-01-07 04:16:14,437] INFO: 	 lr: 0.00030000000000000073 	 Training loss: 0.04075833272188902
[2025-01-07 04:16:25,272] INFO: Iter 26200 Summary: 
[2025-01-07 04:16:25,273] INFO: 	 lr: 0.00030000000000000073 	 Training loss: 0.04057618677616119
[2025-01-07 04:16:36,364] INFO: Iter 26300 Summary: 
[2025-01-07 04:16:36,364] INFO: 	 lr: 0.00030000000000000073 	 Training loss: 0.04050866838544607
[2025-01-07 04:16:47,007] INFO: Iter 26400 Summary: 
[2025-01-07 04:16:47,008] INFO: 	 lr: 0.00030000000000000073 	 Training loss: 0.04063776526600123
[2025-01-07 04:16:58,170] INFO: Iter 26500 Summary: 
[2025-01-07 04:16:58,171] INFO: 	 lr: 0.00030000000000000073 	 Training loss: 0.040507956929504874
[2025-01-07 04:17:09,305] INFO: Iter 26600 Summary: 
[2025-01-07 04:17:09,305] INFO: 	 lr: 0.00030000000000000073 	 Training loss: 0.04064050510525703
[2025-01-07 04:17:20,488] INFO: Iter 26700 Summary: 
[2025-01-07 04:17:20,489] INFO: 	 lr: 0.00030000000000000073 	 Training loss: 0.04066364172846079
[2025-01-07 04:17:31,468] INFO: Iter 26800 Summary: 
[2025-01-07 04:17:31,468] INFO: 	 lr: 0.00030000000000000073 	 Training loss: 0.04073121692985296
[2025-01-07 04:17:42,852] INFO: Iter 26900 Summary: 
[2025-01-07 04:17:42,853] INFO: 	 lr: 0.00030000000000000073 	 Training loss: 0.0407506475225091
[2025-01-07 04:17:54,651] INFO: Iter 27000 Summary: 
[2025-01-07 04:17:54,651] INFO: 	 lr: 0.00030000000000000073 	 Training loss: 0.040312432236969474
[2025-01-07 04:18:06,236] INFO: Iter 27100 Summary: 
[2025-01-07 04:18:06,236] INFO: 	 lr: 0.00030000000000000073 	 Training loss: 0.04047792669385672
[2025-01-07 04:18:17,498] INFO: Iter 27200 Summary: 
[2025-01-07 04:18:17,498] INFO: 	 lr: 0.00030000000000000073 	 Training loss: 0.04030269876122475
[2025-01-07 04:18:28,475] INFO: Iter 27300 Summary: 
[2025-01-07 04:18:28,475] INFO: 	 lr: 0.00030000000000000073 	 Training loss: 0.040518709532916544
[2025-01-07 04:18:39,192] INFO: Iter 27400 Summary: 
[2025-01-07 04:18:39,193] INFO: 	 lr: 0.00030000000000000073 	 Training loss: 0.04044952277094126
[2025-01-07 04:18:50,427] INFO: Iter 27500 Summary: 
[2025-01-07 04:18:50,427] INFO: 	 lr: 0.00030000000000000073 	 Training loss: 0.0406778747215867
[2025-01-07 04:19:02,779] INFO: Iter 27600 Summary: 
[2025-01-07 04:19:02,780] INFO: 	 lr: 0.00030000000000000073 	 Training loss: 0.0404945133626461
[2025-01-07 04:19:12,934] INFO: Iter 27700 Summary: 
[2025-01-07 04:19:12,935] INFO: 	 lr: 0.00030000000000000073 	 Training loss: 0.04068467516452074
[2025-01-07 04:19:24,834] INFO: Iter 27800 Summary: 
[2025-01-07 04:19:24,835] INFO: 	 lr: 0.00030000000000000073 	 Training loss: 0.04033811159431935
[2025-01-07 04:19:35,930] INFO: Iter 27900 Summary: 
[2025-01-07 04:19:35,931] INFO: 	 lr: 0.00030000000000000073 	 Training loss: 0.040542470514774324
[2025-01-07 04:19:46,020] INFO: Iter 28000 Summary: 
[2025-01-07 04:19:46,021] INFO: 	 lr: 0.00030000000000000073 	 Training loss: 0.0403565925732255
[2025-01-07 04:19:59,599] INFO: Iter 28100 Summary: 
[2025-01-07 04:19:59,599] INFO: 	 lr: 0.00030000000000000073 	 Training loss: 0.04012740351259708
[2025-01-07 04:20:11,096] INFO: Iter 28200 Summary: 
[2025-01-07 04:20:11,096] INFO: 	 lr: 0.00030000000000000073 	 Training loss: 0.04066203515976667
[2025-01-07 04:20:23,548] INFO: Iter 28300 Summary: 
[2025-01-07 04:20:23,549] INFO: 	 lr: 0.00030000000000000073 	 Training loss: 0.04009943913668394
[2025-01-07 04:20:34,120] INFO: Iter 28400 Summary: 
[2025-01-07 04:20:34,120] INFO: 	 lr: 0.00030000000000000073 	 Training loss: 0.040284616649150846
[2025-01-07 04:20:44,655] INFO: Iter 28500 Summary: 
[2025-01-07 04:20:44,655] INFO: 	 lr: 0.00030000000000000073 	 Training loss: 0.040516525655984875
[2025-01-07 04:20:55,353] INFO: Iter 28600 Summary: 
[2025-01-07 04:20:55,353] INFO: 	 lr: 0.00030000000000000073 	 Training loss: 0.040479991510510446
[2025-01-07 04:21:06,187] INFO: Iter 28700 Summary: 
[2025-01-07 04:21:06,187] INFO: 	 lr: 0.00030000000000000073 	 Training loss: 0.04050142984837293
[2025-01-07 04:21:17,545] INFO: Iter 28800 Summary: 
[2025-01-07 04:21:17,545] INFO: 	 lr: 0.00030000000000000073 	 Training loss: 0.040674336180090906
[2025-01-07 04:21:29,116] INFO: Iter 28900 Summary: 
[2025-01-07 04:21:29,116] INFO: 	 lr: 0.00030000000000000073 	 Training loss: 0.040331494323909284
[2025-01-07 04:21:40,683] INFO: Iter 29000 Summary: 
[2025-01-07 04:21:40,684] INFO: 	 lr: 0.00030000000000000073 	 Training loss: 0.040040393099188804
[2025-01-07 04:21:51,431] INFO: Iter 29100 Summary: 
[2025-01-07 04:21:51,431] INFO: 	 lr: 0.00030000000000000073 	 Training loss: 0.04010886721313
[2025-01-07 04:22:02,416] INFO: Iter 29200 Summary: 
[2025-01-07 04:22:02,416] INFO: 	 lr: 0.00030000000000000073 	 Training loss: 0.040240340903401374
[2025-01-07 04:22:13,466] INFO: Iter 29300 Summary: 
[2025-01-07 04:22:13,466] INFO: 	 lr: 0.00030000000000000073 	 Training loss: 0.04061080347746611
[2025-01-07 04:22:24,870] INFO: Iter 29400 Summary: 
[2025-01-07 04:22:24,871] INFO: 	 lr: 0.00030000000000000073 	 Training loss: 0.040135591588914395
[2025-01-07 04:22:36,185] INFO: Iter 29500 Summary: 
[2025-01-07 04:22:36,185] INFO: 	 lr: 0.00030000000000000073 	 Training loss: 0.040557886250317095
[2025-01-07 04:22:48,783] INFO: Iter 29600 Summary: 
[2025-01-07 04:22:48,783] INFO: 	 lr: 0.00030000000000000073 	 Training loss: 0.04031998999416828
[2025-01-07 04:23:00,254] INFO: Iter 29700 Summary: 
[2025-01-07 04:23:00,254] INFO: 	 lr: 0.00030000000000000073 	 Training loss: 0.040129566825926305
[2025-01-07 04:23:11,718] INFO: Iter 29800 Summary: 
[2025-01-07 04:23:11,718] INFO: 	 lr: 0.00030000000000000073 	 Training loss: 0.04005513571202755
[2025-01-07 04:23:22,552] INFO: Iter 29900 Summary: 
[2025-01-07 04:23:22,552] INFO: 	 lr: 0.00030000000000000073 	 Training loss: 0.04044045068323612
[2025-01-07 04:23:29,475] INFO: Iter 30000 Summary: 
[2025-01-07 04:23:29,475] INFO: 	 lr: 0.00030000000000000073 	 Training loss: 0.04069198079407215
[2025-01-07 04:23:37,953] INFO: Iter 30100 Summary: 
[2025-01-07 04:23:37,954] INFO: 	 lr: 1.2900000000000026e-05 	 Training loss: 0.03929167650640011
[2025-01-07 04:23:45,060] INFO: Iter 30200 Summary: 
[2025-01-07 04:23:45,061] INFO: 	 lr: 1.000000000000002e-05 	 Training loss: 0.03938163846731186
[2025-01-07 04:23:52,489] INFO: Iter 30300 Summary: 
[2025-01-07 04:23:52,490] INFO: 	 lr: 1.000000000000002e-05 	 Training loss: 0.03932981874793768
[2025-01-07 04:23:59,255] INFO: Iter 30400 Summary: 
[2025-01-07 04:23:59,256] INFO: 	 lr: 1.000000000000002e-05 	 Training loss: 0.03860118579119444
[2025-01-07 04:24:06,505] INFO: Iter 30500 Summary: 
[2025-01-07 04:24:06,505] INFO: 	 lr: 1.000000000000002e-05 	 Training loss: 0.03865988347679376
[2025-01-07 04:24:13,100] INFO: Iter 30600 Summary: 
[2025-01-07 04:24:13,101] INFO: 	 lr: 1.000000000000002e-05 	 Training loss: 0.03885035734623671
[2025-01-07 04:24:19,702] INFO: Iter 30700 Summary: 
[2025-01-07 04:24:19,702] INFO: 	 lr: 1.000000000000002e-05 	 Training loss: 0.038809581585228445
[2025-01-07 04:24:26,604] INFO: Iter 30800 Summary: 
[2025-01-07 04:24:26,604] INFO: 	 lr: 1.000000000000002e-05 	 Training loss: 0.03877652373164892
[2025-01-07 04:24:33,590] INFO: Iter 30900 Summary: 
[2025-01-07 04:24:33,590] INFO: 	 lr: 1.000000000000002e-05 	 Training loss: 0.03861984897404909
[2025-01-07 04:24:41,101] INFO: Iter 31000 Summary: 
[2025-01-07 04:24:41,102] INFO: 	 lr: 1.000000000000002e-05 	 Training loss: 0.03864404056221247
[2025-01-07 04:24:47,711] INFO: Iter 31100 Summary: 
[2025-01-07 04:24:47,711] INFO: 	 lr: 1.000000000000002e-05 	 Training loss: 0.03852050933986902
[2025-01-07 04:24:54,269] INFO: Iter 31200 Summary: 
[2025-01-07 04:24:54,269] INFO: 	 lr: 1.000000000000002e-05 	 Training loss: 0.038461941778659824
[2025-01-07 04:25:01,318] INFO: Iter 31300 Summary: 
[2025-01-07 04:25:01,319] INFO: 	 lr: 1.000000000000002e-05 	 Training loss: 0.03860277391970158
[2025-01-07 04:25:08,196] INFO: Iter 31400 Summary: 
[2025-01-07 04:25:08,196] INFO: 	 lr: 1.000000000000002e-05 	 Training loss: 0.0386707354709506
[2025-01-07 04:25:15,356] INFO: Iter 31500 Summary: 
[2025-01-07 04:25:15,356] INFO: 	 lr: 1.000000000000002e-05 	 Training loss: 0.03870056580752134
[2025-01-07 04:25:22,535] INFO: Iter 31600 Summary: 
[2025-01-07 04:25:22,535] INFO: 	 lr: 1.000000000000002e-05 	 Training loss: 0.038596926480531694
[2025-01-07 04:25:29,967] INFO: Iter 31700 Summary: 
[2025-01-07 04:25:29,967] INFO: 	 lr: 1.000000000000002e-05 	 Training loss: 0.03841280572116375
[2025-01-07 04:25:36,543] INFO: Iter 31800 Summary: 
[2025-01-07 04:25:36,544] INFO: 	 lr: 1.000000000000002e-05 	 Training loss: 0.038495336472988126
[2025-01-07 04:25:43,091] INFO: Iter 31900 Summary: 
[2025-01-07 04:25:43,091] INFO: 	 lr: 1.000000000000002e-05 	 Training loss: 0.03825098611414433
[2025-01-07 04:25:49,646] INFO: Iter 32000 Summary: 
[2025-01-07 04:25:49,646] INFO: 	 lr: 1.000000000000002e-05 	 Training loss: 0.03839493937790394
[2025-01-07 04:25:58,083] INFO: Iter 32100 Summary: 
[2025-01-07 04:25:58,083] INFO: 	 lr: 1.000000000000002e-05 	 Training loss: 0.03843991234898567
[2025-01-07 04:26:04,855] INFO: Iter 32200 Summary: 
[2025-01-07 04:26:04,855] INFO: 	 lr: 1.000000000000002e-05 	 Training loss: 0.03859610982239246
[2025-01-07 04:26:11,920] INFO: Iter 32300 Summary: 
[2025-01-07 04:26:11,921] INFO: 	 lr: 1.000000000000002e-05 	 Training loss: 0.03847283773124218
[2025-01-07 04:26:19,207] INFO: Iter 32400 Summary: 
[2025-01-07 04:26:19,207] INFO: 	 lr: 1.000000000000002e-05 	 Training loss: 0.038586356937885286
[2025-01-07 04:26:26,104] INFO: Iter 32500 Summary: 
[2025-01-07 04:26:26,104] INFO: 	 lr: 1.000000000000002e-05 	 Training loss: 0.03835204776376486
[2025-01-07 04:26:32,748] INFO: Iter 32600 Summary: 
[2025-01-07 04:26:32,748] INFO: 	 lr: 1.000000000000002e-05 	 Training loss: 0.0382259451970458
[2025-01-07 04:26:39,310] INFO: Iter 32700 Summary: 
[2025-01-07 04:26:39,310] INFO: 	 lr: 1.000000000000002e-05 	 Training loss: 0.038358970321714876
[2025-01-07 04:26:45,844] INFO: Iter 32800 Summary: 
[2025-01-07 04:26:45,845] INFO: 	 lr: 1.000000000000002e-05 	 Training loss: 0.038215496987104414
[2025-01-07 04:26:52,394] INFO: Iter 32900 Summary: 
[2025-01-07 04:26:52,395] INFO: 	 lr: 1.000000000000002e-05 	 Training loss: 0.03875801850110292
[2025-01-07 04:26:58,953] INFO: Iter 33000 Summary: 
[2025-01-07 04:26:58,953] INFO: 	 lr: 1.000000000000002e-05 	 Training loss: 0.038345900401473045
[2025-01-07 04:27:05,913] INFO: Iter 33100 Summary: 
[2025-01-07 04:27:05,913] INFO: 	 lr: 1.000000000000002e-05 	 Training loss: 0.03865853328257799
[2025-01-07 04:27:12,698] INFO: Iter 33200 Summary: 
[2025-01-07 04:27:12,698] INFO: 	 lr: 1.000000000000002e-05 	 Training loss: 0.03820942912250757
[2025-01-07 04:27:19,257] INFO: Iter 33300 Summary: 
[2025-01-07 04:27:19,257] INFO: 	 lr: 1.000000000000002e-05 	 Training loss: 0.03840850725769997
[2025-01-07 04:27:25,776] INFO: Iter 33400 Summary: 
[2025-01-07 04:27:25,776] INFO: 	 lr: 1.000000000000002e-05 	 Training loss: 0.03869057510048151
[2025-01-07 04:27:32,335] INFO: Iter 33500 Summary: 
[2025-01-07 04:27:32,335] INFO: 	 lr: 1.000000000000002e-05 	 Training loss: 0.03833634249866009
[2025-01-07 04:27:38,888] INFO: Iter 33600 Summary: 
[2025-01-07 04:27:38,888] INFO: 	 lr: 1.000000000000002e-05 	 Training loss: 0.037945463769137856
[2025-01-07 04:27:45,456] INFO: Iter 33700 Summary: 
[2025-01-07 04:27:45,457] INFO: 	 lr: 1.000000000000002e-05 	 Training loss: 0.03819798450917006
[2025-01-07 04:27:52,647] INFO: Iter 33800 Summary: 
[2025-01-07 04:27:52,647] INFO: 	 lr: 1.000000000000002e-05 	 Training loss: 0.03842539429664612
[2025-01-07 04:27:59,233] INFO: Iter 33900 Summary: 
[2025-01-07 04:27:59,233] INFO: 	 lr: 1.000000000000002e-05 	 Training loss: 0.03815458055585623
[2025-01-07 04:28:06,075] INFO: Iter 34000 Summary: 
[2025-01-07 04:28:06,075] INFO: 	 lr: 1.000000000000002e-05 	 Training loss: 0.038646512031555176
[2025-01-07 04:28:14,097] INFO: Iter 34100 Summary: 
[2025-01-07 04:28:14,097] INFO: 	 lr: 1.000000000000002e-05 	 Training loss: 0.038251883238554
[2025-01-07 04:28:20,697] INFO: Iter 34200 Summary: 
[2025-01-07 04:28:20,697] INFO: 	 lr: 1.000000000000002e-05 	 Training loss: 0.03829538840800524
[2025-01-07 04:28:27,296] INFO: Iter 34300 Summary: 
[2025-01-07 04:28:27,296] INFO: 	 lr: 1.000000000000002e-05 	 Training loss: 0.03815625257790089
[2025-01-07 04:28:32,844] INFO: Iter 34400 Summary: 
[2025-01-07 04:28:32,844] INFO: 	 lr: 1.000000000000002e-05 	 Training loss: 0.03820585571229458
[2025-01-07 04:28:39,307] INFO: Iter 34500 Summary: 
[2025-01-07 04:28:39,307] INFO: 	 lr: 1.000000000000002e-05 	 Training loss: 0.038403631784021855
[2025-01-07 04:28:45,857] INFO: Iter 34600 Summary: 
[2025-01-07 04:28:45,857] INFO: 	 lr: 1.000000000000002e-05 	 Training loss: 0.03845145247876644
[2025-01-07 04:28:52,394] INFO: Iter 34700 Summary: 
[2025-01-07 04:28:52,394] INFO: 	 lr: 1.000000000000002e-05 	 Training loss: 0.03814165338873863
[2025-01-07 04:28:58,923] INFO: Iter 34800 Summary: 
[2025-01-07 04:28:58,923] INFO: 	 lr: 1.000000000000002e-05 	 Training loss: 0.03812942709773779
[2025-01-07 04:29:05,037] INFO: Iter 34900 Summary: 
[2025-01-07 04:29:05,037] INFO: 	 lr: 1.000000000000002e-05 	 Training loss: 0.03812598407268524
[2025-01-07 04:29:11,580] INFO: Iter 35000 Summary: 
[2025-01-07 04:29:11,580] INFO: 	 lr: 1.000000000000002e-05 	 Training loss: 0.038239097446203234
[2025-01-07 04:29:18,526] INFO: Iter 35100 Summary: 
[2025-01-07 04:29:18,527] INFO: 	 lr: 1.000000000000002e-05 	 Training loss: 0.03838669877499342
[2025-01-07 04:29:24,772] INFO: Iter 35200 Summary: 
[2025-01-07 04:29:24,773] INFO: 	 lr: 1.000000000000002e-05 	 Training loss: 0.03856795411556959
[2025-01-07 04:29:31,617] INFO: Iter 35300 Summary: 
[2025-01-07 04:29:31,618] INFO: 	 lr: 1.000000000000002e-05 	 Training loss: 0.03806754682213068
[2025-01-07 04:29:38,159] INFO: Iter 35400 Summary: 
[2025-01-07 04:29:38,159] INFO: 	 lr: 1.000000000000002e-05 	 Training loss: 0.03825927939265966
[2025-01-07 04:29:44,640] INFO: Iter 35500 Summary: 
[2025-01-07 04:29:44,640] INFO: 	 lr: 1.000000000000002e-05 	 Training loss: 0.03788559224456549
[2025-01-07 04:29:51,188] INFO: Iter 35600 Summary: 
[2025-01-07 04:29:51,188] INFO: 	 lr: 1.000000000000002e-05 	 Training loss: 0.038522782623767855
[2025-01-07 04:29:57,744] INFO: Iter 35700 Summary: 
[2025-01-07 04:29:57,744] INFO: 	 lr: 1.000000000000002e-05 	 Training loss: 0.03828874401748181
[2025-01-07 04:30:04,890] INFO: Iter 35800 Summary: 
[2025-01-07 04:30:04,891] INFO: 	 lr: 1.000000000000002e-05 	 Training loss: 0.03813206061720848
[2025-01-07 04:30:11,391] INFO: Iter 35900 Summary: 
[2025-01-07 04:30:11,391] INFO: 	 lr: 1.000000000000002e-05 	 Training loss: 0.038235671296715734
[2025-01-07 04:30:17,934] INFO: Iter 36000 Summary: 
[2025-01-07 04:30:17,934] INFO: 	 lr: 1.000000000000002e-05 	 Training loss: 0.038101514354348186
[2025-01-07 04:30:26,927] INFO: Iter 36100 Summary: 
[2025-01-07 04:30:26,927] INFO: 	 lr: 1.000000000000002e-05 	 Training loss: 0.03816692765802145
[2025-01-07 04:30:33,718] INFO: Iter 36200 Summary: 
[2025-01-07 04:30:33,718] INFO: 	 lr: 1.000000000000002e-05 	 Training loss: 0.03811788018792868
[2025-01-07 04:30:40,384] INFO: Iter 36300 Summary: 
[2025-01-07 04:30:40,385] INFO: 	 lr: 1.000000000000002e-05 	 Training loss: 0.037953959852457045
[2025-01-07 04:30:46,950] INFO: Iter 36400 Summary: 
[2025-01-07 04:30:46,950] INFO: 	 lr: 1.000000000000002e-05 	 Training loss: 0.03854671753942966
[2025-01-07 04:30:54,231] INFO: Iter 36500 Summary: 
[2025-01-07 04:30:54,232] INFO: 	 lr: 1.000000000000002e-05 	 Training loss: 0.03823238231241703
[2025-01-07 04:31:01,645] INFO: Iter 36600 Summary: 
[2025-01-07 04:31:01,645] INFO: 	 lr: 1.000000000000002e-05 	 Training loss: 0.03824657432734966
[2025-01-07 04:31:09,351] INFO: Iter 36700 Summary: 
[2025-01-07 04:31:09,351] INFO: 	 lr: 1.000000000000002e-05 	 Training loss: 0.03835365891456604
[2025-01-07 04:31:15,913] INFO: Iter 36800 Summary: 
[2025-01-07 04:31:15,913] INFO: 	 lr: 1.000000000000002e-05 	 Training loss: 0.037954028137028216
[2025-01-07 04:31:22,399] INFO: Iter 36900 Summary: 
[2025-01-07 04:31:22,399] INFO: 	 lr: 1.000000000000002e-05 	 Training loss: 0.038193169087171554
[2025-01-07 04:31:28,945] INFO: Iter 37000 Summary: 
[2025-01-07 04:31:28,945] INFO: 	 lr: 1.000000000000002e-05 	 Training loss: 0.03815735451877117
[2025-01-07 04:31:35,520] INFO: Iter 37100 Summary: 
[2025-01-07 04:31:35,520] INFO: 	 lr: 1.000000000000002e-05 	 Training loss: 0.038648815527558326
[2025-01-07 04:31:42,638] INFO: Iter 37200 Summary: 
[2025-01-07 04:31:42,639] INFO: 	 lr: 1.000000000000002e-05 	 Training loss: 0.03790262643247843
[2025-01-07 04:31:49,551] INFO: Iter 37300 Summary: 
[2025-01-07 04:31:49,552] INFO: 	 lr: 1.000000000000002e-05 	 Training loss: 0.038034614473581314
[2025-01-07 04:31:56,596] INFO: Iter 37400 Summary: 
[2025-01-07 04:31:56,596] INFO: 	 lr: 1.000000000000002e-05 	 Training loss: 0.03833369679749012
[2025-01-07 04:32:03,144] INFO: Iter 37500 Summary: 
[2025-01-07 04:32:03,144] INFO: 	 lr: 1.000000000000002e-05 	 Training loss: 0.038045362085103986
[2025-01-07 04:32:09,686] INFO: Iter 37600 Summary: 
[2025-01-07 04:32:09,686] INFO: 	 lr: 1.000000000000002e-05 	 Training loss: 0.038164724111557004
[2025-01-07 04:32:16,258] INFO: Iter 37700 Summary: 
[2025-01-07 04:32:16,258] INFO: 	 lr: 1.000000000000002e-05 	 Training loss: 0.038255327939987184
[2025-01-07 04:32:22,786] INFO: Iter 37800 Summary: 
[2025-01-07 04:32:22,787] INFO: 	 lr: 1.000000000000002e-05 	 Training loss: 0.03810615710914135
[2025-01-07 04:32:29,565] INFO: Iter 37900 Summary: 
[2025-01-07 04:32:29,565] INFO: 	 lr: 1.000000000000002e-05 	 Training loss: 0.038245742209255695
[2025-01-07 04:32:36,144] INFO: Iter 38000 Summary: 
[2025-01-07 04:32:36,145] INFO: 	 lr: 1.000000000000002e-05 	 Training loss: 0.03833275232464075
[2025-01-07 04:32:44,978] INFO: Iter 38100 Summary: 
[2025-01-07 04:32:44,978] INFO: 	 lr: 1.000000000000002e-05 	 Training loss: 0.03814627420157194
[2025-01-07 04:32:51,533] INFO: Iter 38200 Summary: 
[2025-01-07 04:32:51,533] INFO: 	 lr: 1.000000000000002e-05 	 Training loss: 0.03799211256206036
[2025-01-07 04:32:58,086] INFO: Iter 38300 Summary: 
[2025-01-07 04:32:58,086] INFO: 	 lr: 1.000000000000002e-05 	 Training loss: 0.03812482051551342
[2025-01-07 04:33:04,697] INFO: Iter 38400 Summary: 
[2025-01-07 04:33:04,698] INFO: 	 lr: 1.000000000000002e-05 	 Training loss: 0.038140185624361035
[2025-01-07 04:33:11,394] INFO: Iter 38500 Summary: 
[2025-01-07 04:33:11,394] INFO: 	 lr: 1.000000000000002e-05 	 Training loss: 0.038086127936840054
[2025-01-07 04:33:18,929] INFO: Iter 38600 Summary: 
[2025-01-07 04:33:18,929] INFO: 	 lr: 1.000000000000002e-05 	 Training loss: 0.03807475570589304
[2025-01-07 04:33:26,696] INFO: Iter 38700 Summary: 
[2025-01-07 04:33:26,696] INFO: 	 lr: 1.000000000000002e-05 	 Training loss: 0.03812089666724205
[2025-01-07 04:33:33,463] INFO: Iter 38800 Summary: 
[2025-01-07 04:33:33,463] INFO: 	 lr: 1.000000000000002e-05 	 Training loss: 0.038124937117099765
[2025-01-07 04:33:40,028] INFO: Iter 38900 Summary: 
[2025-01-07 04:33:40,029] INFO: 	 lr: 1.000000000000002e-05 	 Training loss: 0.03794180434197188
[2025-01-07 04:33:46,573] INFO: Iter 39000 Summary: 
[2025-01-07 04:33:46,573] INFO: 	 lr: 1.000000000000002e-05 	 Training loss: 0.03799631204456091
[2025-01-07 04:33:53,122] INFO: Iter 39100 Summary: 
[2025-01-07 04:33:53,123] INFO: 	 lr: 1.000000000000002e-05 	 Training loss: 0.03804664373397827
[2025-01-07 04:33:59,689] INFO: Iter 39200 Summary: 
[2025-01-07 04:33:59,690] INFO: 	 lr: 1.000000000000002e-05 	 Training loss: 0.0382170769944787
[2025-01-07 04:34:06,790] INFO: Iter 39300 Summary: 
[2025-01-07 04:34:06,791] INFO: 	 lr: 1.000000000000002e-05 	 Training loss: 0.03817601338028908
[2025-01-07 04:34:13,687] INFO: Iter 39400 Summary: 
[2025-01-07 04:34:13,688] INFO: 	 lr: 1.000000000000002e-05 	 Training loss: 0.037935428805649284
[2025-01-07 04:34:20,828] INFO: Iter 39500 Summary: 
[2025-01-07 04:34:20,828] INFO: 	 lr: 1.000000000000002e-05 	 Training loss: 0.03763662040233612
[2025-01-07 04:34:27,529] INFO: Iter 39600 Summary: 
[2025-01-07 04:34:27,529] INFO: 	 lr: 1.000000000000002e-05 	 Training loss: 0.0381438122317195
[2025-01-07 04:34:34,104] INFO: Iter 39700 Summary: 
[2025-01-07 04:34:34,104] INFO: 	 lr: 1.000000000000002e-05 	 Training loss: 0.0383431102707982
[2025-01-07 04:34:40,651] INFO: Iter 39800 Summary: 
[2025-01-07 04:34:40,651] INFO: 	 lr: 1.000000000000002e-05 	 Training loss: 0.03790561627596617
[2025-01-07 04:34:47,192] INFO: Iter 39900 Summary: 
[2025-01-07 04:34:47,192] INFO: 	 lr: 1.000000000000002e-05 	 Training loss: 0.03785866029560566
[2025-01-07 04:34:54,164] INFO: Iter 40000 Summary: 
[2025-01-07 04:34:54,165] INFO: 	 lr: 1.000000000000002e-05 	 Training loss: 0.03786437593400478
