[2025-01-13 01:55:57,046] INFO: {
    "abs_dir": "/home/diwang/siMLPe/exps/baseline_h36m",
    "batch_size": 256,
    "cos_lr_max": 1e-05,
    "cos_lr_min": 5e-08,
    "cos_lr_total_iters": 40000,
    "data_aug": true,
    "deriv_input": true,
    "deriv_output": true,
    "device": "cuda:4",
    "h36m_anno_dir": "/home/diwang/siMLPe/data/h36m/",
    "link_log_file": "/home/diwang/siMLPe/exps/baseline_h36m/log/log_last.log",
    "link_val_log_file": "/home/diwang/siMLPe/exps/baseline_h36m/log/val_last.log",
    "log_dir": "/home/diwang/siMLPe/exps/baseline_h36m/log",
    "log_file": "/home/diwang/siMLPe/exps/baseline_h36m/log/log_2025_01_13_01_55_10.log",
    "model_pth": null,
    "motion": {
        "dim": 66,
        "h36m_input_length": 50,
        "h36m_input_length_dct": 50,
        "h36m_target_length": 25,
        "h36m_target_length_eval": 25,
        "h36m_target_length_train": 25
    },
    "motion_fc_in": {
        "activation": "relu",
        "in_features": 66,
        "init_w_trunc_normal": false,
        "out_features": 66,
        "temporal_fc": false,
        "with_norm": false
    },
    "motion_fc_out": {
        "activation": "relu",
        "in_features": 66,
        "init_w_trunc_normal": true,
        "out_features": 66,
        "temporal_fc": false,
        "with_norm": false
    },
    "motion_mlp": {
        "hidden_dim": 66,
        "norm_axis": "spatial",
        "num_layers": 48,
        "seq_len": 50,
        "spatial_fc_only": false,
        "with_normalization": true
    },
    "num_workers": 8,
    "post_dct": false,
    "pre_dct": false,
    "print_every": 100,
    "repo_name": "siMLPe",
    "root_dir": "/home/diwang/siMLPe",
    "save_every": 2000,
    "seed": 304,
    "shift_step": 1,
    "snapshot_dir": "/home/diwang/siMLPe/exps/baseline_h36m/log/snapshot",
    "this_dir": "baseline_h36m",
    "use_relative_loss": true,
    "val_log_file": "/home/diwang/siMLPe/exps/baseline_h36m/log/val_2025_01_13_01_55_10.log",
    "weight_decay": 0.0001
}
[2025-01-13 01:56:15,522] INFO: Iter 100 Summary: 
[2025-01-13 01:56:15,523] INFO: 	 lr: 0.00030000000000000073 	 Training loss: 0.1234839405119419
[2025-01-13 01:56:29,474] INFO: Iter 200 Summary: 
[2025-01-13 01:56:29,474] INFO: 	 lr: 0.00030000000000000073 	 Training loss: 0.0996732996404171
[2025-01-13 01:56:44,815] INFO: Iter 300 Summary: 
[2025-01-13 01:56:44,815] INFO: 	 lr: 0.00030000000000000073 	 Training loss: 0.07841798603534698
[2025-01-13 01:56:59,682] INFO: Iter 400 Summary: 
[2025-01-13 01:56:59,682] INFO: 	 lr: 0.00030000000000000073 	 Training loss: 0.07399777553975583
[2025-01-13 01:57:13,264] INFO: Iter 500 Summary: 
[2025-01-13 01:57:13,264] INFO: 	 lr: 0.00030000000000000073 	 Training loss: 0.07141330696642399
[2025-01-13 01:57:26,680] INFO: Iter 600 Summary: 
[2025-01-13 01:57:26,681] INFO: 	 lr: 0.00030000000000000073 	 Training loss: 0.06999526642262936
[2025-01-13 01:57:42,612] INFO: Iter 700 Summary: 
[2025-01-13 01:57:42,612] INFO: 	 lr: 0.00030000000000000073 	 Training loss: 0.0686527531594038
[2025-01-13 01:57:57,274] INFO: Iter 800 Summary: 
[2025-01-13 01:57:57,274] INFO: 	 lr: 0.00030000000000000073 	 Training loss: 0.06834723182022572
[2025-01-13 01:58:12,149] INFO: Iter 900 Summary: 
[2025-01-13 01:58:12,149] INFO: 	 lr: 0.00030000000000000073 	 Training loss: 0.06694094087928533
[2025-01-13 01:58:25,921] INFO: Iter 1000 Summary: 
[2025-01-13 01:58:25,921] INFO: 	 lr: 0.00030000000000000073 	 Training loss: 0.06589656881988049
[2025-01-13 01:58:39,288] INFO: Iter 1100 Summary: 
[2025-01-13 01:58:39,288] INFO: 	 lr: 0.00030000000000000073 	 Training loss: 0.06494294665753841
[2025-01-13 01:58:51,525] INFO: Iter 1200 Summary: 
[2025-01-13 01:58:51,526] INFO: 	 lr: 0.00030000000000000073 	 Training loss: 0.06462119068950414
[2025-01-13 01:59:05,535] INFO: Iter 1300 Summary: 
[2025-01-13 01:59:05,535] INFO: 	 lr: 0.00030000000000000073 	 Training loss: 0.0640522599965334
[2025-01-13 01:59:22,069] INFO: Iter 1400 Summary: 
[2025-01-13 01:59:22,070] INFO: 	 lr: 0.00030000000000000073 	 Training loss: 0.06293863918632268
[2025-01-13 01:59:35,680] INFO: Iter 1500 Summary: 
[2025-01-13 01:59:35,681] INFO: 	 lr: 0.00030000000000000073 	 Training loss: 0.06264842718839646
[2025-01-13 01:59:48,916] INFO: Iter 1600 Summary: 
[2025-01-13 01:59:48,916] INFO: 	 lr: 0.00030000000000000073 	 Training loss: 0.06212730504572392
[2025-01-13 02:00:02,263] INFO: Iter 1700 Summary: 
[2025-01-13 02:00:02,264] INFO: 	 lr: 0.00030000000000000073 	 Training loss: 0.06152098394930363
[2025-01-13 02:00:15,539] INFO: Iter 1800 Summary: 
[2025-01-13 02:00:15,539] INFO: 	 lr: 0.00030000000000000073 	 Training loss: 0.06118108477443457
[2025-01-13 02:00:28,286] INFO: Iter 1900 Summary: 
[2025-01-13 02:00:28,286] INFO: 	 lr: 0.00030000000000000073 	 Training loss: 0.06110535640269518
[2025-01-13 02:00:42,184] INFO: Iter 2000 Summary: 
[2025-01-13 02:00:42,184] INFO: 	 lr: 0.00030000000000000073 	 Training loss: 0.06005971599370241
[2025-01-13 02:00:57,853] INFO: Iter 2100 Summary: 
[2025-01-13 02:00:57,853] INFO: 	 lr: 0.00030000000000000073 	 Training loss: 0.06011167850345373
[2025-01-13 02:01:09,789] INFO: Iter 2200 Summary: 
[2025-01-13 02:01:09,789] INFO: 	 lr: 0.00030000000000000073 	 Training loss: 0.06010145455598831
[2025-01-13 02:01:25,036] INFO: Iter 2300 Summary: 
[2025-01-13 02:01:25,036] INFO: 	 lr: 0.00030000000000000073 	 Training loss: 0.05941337212920189
[2025-01-13 02:01:38,633] INFO: Iter 2400 Summary: 
[2025-01-13 02:01:38,634] INFO: 	 lr: 0.00030000000000000073 	 Training loss: 0.059289441742002964
[2025-01-13 02:01:53,653] INFO: Iter 2500 Summary: 
[2025-01-13 02:01:53,653] INFO: 	 lr: 0.00030000000000000073 	 Training loss: 0.05860091909766197
[2025-01-13 02:02:08,089] INFO: Iter 2600 Summary: 
[2025-01-13 02:02:08,090] INFO: 	 lr: 0.00030000000000000073 	 Training loss: 0.05888562064617872
[2025-01-13 02:02:22,047] INFO: Iter 2700 Summary: 
[2025-01-13 02:02:22,048] INFO: 	 lr: 0.00030000000000000073 	 Training loss: 0.058392881117761135
[2025-01-13 02:02:35,548] INFO: Iter 2800 Summary: 
[2025-01-13 02:02:35,549] INFO: 	 lr: 0.00030000000000000073 	 Training loss: 0.058054852746427056
[2025-01-13 02:02:49,389] INFO: Iter 2900 Summary: 
[2025-01-13 02:02:49,389] INFO: 	 lr: 0.00030000000000000073 	 Training loss: 0.058103549666702746
[2025-01-13 02:03:03,580] INFO: Iter 3000 Summary: 
[2025-01-13 02:03:03,580] INFO: 	 lr: 0.00030000000000000073 	 Training loss: 0.05809312153607607
[2025-01-13 02:03:17,726] INFO: Iter 3100 Summary: 
[2025-01-13 02:03:17,727] INFO: 	 lr: 0.00030000000000000073 	 Training loss: 0.05766714956611395
[2025-01-13 02:03:31,852] INFO: Iter 3200 Summary: 
[2025-01-13 02:03:31,852] INFO: 	 lr: 0.00030000000000000073 	 Training loss: 0.057477906122803686
[2025-01-13 02:03:46,616] INFO: Iter 3300 Summary: 
[2025-01-13 02:03:46,616] INFO: 	 lr: 0.00030000000000000073 	 Training loss: 0.057100904360413554
[2025-01-13 02:03:59,760] INFO: Iter 3400 Summary: 
[2025-01-13 02:03:59,761] INFO: 	 lr: 0.00030000000000000073 	 Training loss: 0.057202058658003804
[2025-01-13 02:04:15,473] INFO: Iter 3500 Summary: 
[2025-01-13 02:04:15,473] INFO: 	 lr: 0.00030000000000000073 	 Training loss: 0.057118000723421575
[2025-01-13 02:04:29,624] INFO: Iter 3600 Summary: 
[2025-01-13 02:04:29,624] INFO: 	 lr: 0.00030000000000000073 	 Training loss: 0.05665203757584095
[2025-01-13 02:04:43,890] INFO: Iter 3700 Summary: 
[2025-01-13 02:04:43,890] INFO: 	 lr: 0.00030000000000000073 	 Training loss: 0.05625493858009577
[2025-01-13 02:05:00,002] INFO: Iter 3800 Summary: 
[2025-01-13 02:05:00,002] INFO: 	 lr: 0.00030000000000000073 	 Training loss: 0.056617093198001386
[2025-01-13 02:05:17,295] INFO: Iter 3900 Summary: 
[2025-01-13 02:05:17,295] INFO: 	 lr: 0.00030000000000000073 	 Training loss: 0.05644577227532863
[2025-01-13 02:05:33,639] INFO: Iter 4000 Summary: 
[2025-01-13 02:05:33,639] INFO: 	 lr: 0.00030000000000000073 	 Training loss: 0.05635883938521147
[2025-01-13 02:05:55,932] INFO: Iter 4100 Summary: 
[2025-01-13 02:05:55,932] INFO: 	 lr: 0.00030000000000000073 	 Training loss: 0.056064380705356597
[2025-01-13 02:06:13,048] INFO: Iter 4200 Summary: 
[2025-01-13 02:06:13,048] INFO: 	 lr: 0.00030000000000000073 	 Training loss: 0.05576568651944399
[2025-01-13 02:06:29,799] INFO: Iter 4300 Summary: 
[2025-01-13 02:06:29,799] INFO: 	 lr: 0.00030000000000000073 	 Training loss: 0.05564656488597393
[2025-01-13 02:06:44,944] INFO: Iter 4400 Summary: 
[2025-01-13 02:06:44,944] INFO: 	 lr: 0.00030000000000000073 	 Training loss: 0.05561240959912538
[2025-01-13 02:07:03,938] INFO: Iter 4500 Summary: 
[2025-01-13 02:07:03,938] INFO: 	 lr: 0.00030000000000000073 	 Training loss: 0.05549370538443327
[2025-01-13 02:07:19,999] INFO: Iter 4600 Summary: 
[2025-01-13 02:07:19,999] INFO: 	 lr: 0.00030000000000000073 	 Training loss: 0.055392299890518186
[2025-01-13 02:07:37,469] INFO: Iter 4700 Summary: 
[2025-01-13 02:07:37,469] INFO: 	 lr: 0.00030000000000000073 	 Training loss: 0.05497067801654339
[2025-01-13 02:07:55,232] INFO: Iter 4800 Summary: 
[2025-01-13 02:07:55,232] INFO: 	 lr: 0.00030000000000000073 	 Training loss: 0.05503039225935936
[2025-01-13 02:08:13,448] INFO: Iter 4900 Summary: 
[2025-01-13 02:08:13,449] INFO: 	 lr: 0.00030000000000000073 	 Training loss: 0.0550983564555645
[2025-01-13 02:08:26,081] INFO: Iter 5000 Summary: 
[2025-01-13 02:08:26,082] INFO: 	 lr: 0.00030000000000000073 	 Training loss: 0.05495180200785398
[2025-01-13 02:08:41,508] INFO: Iter 5100 Summary: 
[2025-01-13 02:08:41,508] INFO: 	 lr: 0.00030000000000000073 	 Training loss: 0.05473267439752817
[2025-01-13 02:08:54,518] INFO: Iter 5200 Summary: 
[2025-01-13 02:08:54,519] INFO: 	 lr: 0.00030000000000000073 	 Training loss: 0.0544832481071353
[2025-01-13 02:09:10,274] INFO: Iter 5300 Summary: 
[2025-01-13 02:09:10,274] INFO: 	 lr: 0.00030000000000000073 	 Training loss: 0.0545288623124361
[2025-01-13 02:09:27,117] INFO: Iter 5400 Summary: 
[2025-01-13 02:09:27,117] INFO: 	 lr: 0.00030000000000000073 	 Training loss: 0.05430424172431231
[2025-01-13 02:09:45,959] INFO: Iter 5500 Summary: 
[2025-01-13 02:09:45,960] INFO: 	 lr: 0.00030000000000000073 	 Training loss: 0.054103847183287146
[2025-01-13 02:10:02,980] INFO: Iter 5600 Summary: 
[2025-01-13 02:10:02,981] INFO: 	 lr: 0.00030000000000000073 	 Training loss: 0.05444102544337511
[2025-01-13 02:10:18,607] INFO: Iter 5700 Summary: 
[2025-01-13 02:10:18,607] INFO: 	 lr: 0.00030000000000000073 	 Training loss: 0.05404010865837336
[2025-01-13 02:10:34,941] INFO: Iter 5800 Summary: 
[2025-01-13 02:10:34,941] INFO: 	 lr: 0.00030000000000000073 	 Training loss: 0.053965642377734185
[2025-01-13 02:10:49,193] INFO: Iter 5900 Summary: 
[2025-01-13 02:10:49,193] INFO: 	 lr: 0.00030000000000000073 	 Training loss: 0.05400473304092884
[2025-01-13 02:11:02,680] INFO: Iter 6000 Summary: 
[2025-01-13 02:11:02,680] INFO: 	 lr: 0.00030000000000000073 	 Training loss: 0.053781498670578
[2025-01-13 02:11:22,605] INFO: Iter 6100 Summary: 
[2025-01-13 02:11:22,605] INFO: 	 lr: 0.00030000000000000073 	 Training loss: 0.05353538978844881
[2025-01-13 02:11:39,979] INFO: Iter 6200 Summary: 
[2025-01-13 02:11:39,980] INFO: 	 lr: 0.00030000000000000073 	 Training loss: 0.053367312178015706
[2025-01-13 02:11:54,141] INFO: Iter 6300 Summary: 
[2025-01-13 02:11:54,141] INFO: 	 lr: 0.00030000000000000073 	 Training loss: 0.05349668886512518
[2025-01-13 02:12:09,901] INFO: Iter 6400 Summary: 
[2025-01-13 02:12:09,901] INFO: 	 lr: 0.00030000000000000073 	 Training loss: 0.05359867881983518
[2025-01-13 02:12:27,116] INFO: Iter 6500 Summary: 
[2025-01-13 02:12:27,117] INFO: 	 lr: 0.00030000000000000073 	 Training loss: 0.05331946853548288
[2025-01-13 02:12:40,689] INFO: Iter 6600 Summary: 
[2025-01-13 02:12:40,689] INFO: 	 lr: 0.00030000000000000073 	 Training loss: 0.05308439761400223
[2025-01-13 02:12:58,123] INFO: Iter 6700 Summary: 
[2025-01-13 02:12:58,123] INFO: 	 lr: 0.00030000000000000073 	 Training loss: 0.05309549573808908
[2025-01-13 02:13:14,295] INFO: Iter 6800 Summary: 
[2025-01-13 02:13:14,295] INFO: 	 lr: 0.00030000000000000073 	 Training loss: 0.053173531517386435
[2025-01-13 02:13:30,793] INFO: Iter 6900 Summary: 
[2025-01-13 02:13:30,793] INFO: 	 lr: 0.00030000000000000073 	 Training loss: 0.052909503616392614
[2025-01-13 02:13:47,990] INFO: Iter 7000 Summary: 
[2025-01-13 02:13:47,990] INFO: 	 lr: 0.00030000000000000073 	 Training loss: 0.052751805447041986
[2025-01-13 02:14:05,667] INFO: Iter 7100 Summary: 
[2025-01-13 02:14:05,668] INFO: 	 lr: 0.00030000000000000073 	 Training loss: 0.05278913304209709
[2025-01-13 02:14:21,536] INFO: Iter 7200 Summary: 
[2025-01-13 02:14:21,536] INFO: 	 lr: 0.00030000000000000073 	 Training loss: 0.05259465403854847
[2025-01-13 02:14:37,033] INFO: Iter 7300 Summary: 
[2025-01-13 02:14:37,033] INFO: 	 lr: 0.00030000000000000073 	 Training loss: 0.05262874867767096
[2025-01-13 02:14:52,585] INFO: Iter 7400 Summary: 
[2025-01-13 02:14:52,585] INFO: 	 lr: 0.00030000000000000073 	 Training loss: 0.052780256271362305
[2025-01-13 02:15:10,986] INFO: Iter 7500 Summary: 
[2025-01-13 02:15:10,986] INFO: 	 lr: 0.00030000000000000073 	 Training loss: 0.05230947829782963
[2025-01-13 02:15:24,339] INFO: Iter 7600 Summary: 
[2025-01-13 02:15:24,340] INFO: 	 lr: 0.00030000000000000073 	 Training loss: 0.05256084803491831
[2025-01-13 02:15:41,272] INFO: Iter 7700 Summary: 
[2025-01-13 02:15:41,273] INFO: 	 lr: 0.00030000000000000073 	 Training loss: 0.05264192670583725
[2025-01-13 02:15:56,885] INFO: Iter 7800 Summary: 
[2025-01-13 02:15:56,885] INFO: 	 lr: 0.00030000000000000073 	 Training loss: 0.05217568729072809
[2025-01-13 02:16:12,756] INFO: Iter 7900 Summary: 
[2025-01-13 02:16:12,757] INFO: 	 lr: 0.00030000000000000073 	 Training loss: 0.05199956011027098
[2025-01-13 02:16:28,935] INFO: Iter 8000 Summary: 
[2025-01-13 02:16:28,935] INFO: 	 lr: 0.00030000000000000073 	 Training loss: 0.05223732218146324
[2025-01-13 02:16:49,565] INFO: Iter 8100 Summary: 
[2025-01-13 02:16:49,565] INFO: 	 lr: 0.00030000000000000073 	 Training loss: 0.05249115072190762
[2025-01-13 02:17:06,237] INFO: Iter 8200 Summary: 
[2025-01-13 02:17:06,237] INFO: 	 lr: 0.00030000000000000073 	 Training loss: 0.05213328022509813
[2025-01-13 02:17:22,539] INFO: Iter 8300 Summary: 
[2025-01-13 02:17:22,539] INFO: 	 lr: 0.00030000000000000073 	 Training loss: 0.0515063564106822
[2025-01-13 02:17:36,647] INFO: Iter 8400 Summary: 
[2025-01-13 02:17:36,647] INFO: 	 lr: 0.00030000000000000073 	 Training loss: 0.05209752194583416
[2025-01-13 02:17:52,492] INFO: Iter 8500 Summary: 
[2025-01-13 02:17:52,493] INFO: 	 lr: 0.00030000000000000073 	 Training loss: 0.052227229811251163
[2025-01-13 02:18:08,244] INFO: Iter 8600 Summary: 
[2025-01-13 02:18:08,245] INFO: 	 lr: 0.00030000000000000073 	 Training loss: 0.051457551047205924
[2025-01-13 02:18:25,839] INFO: Iter 8700 Summary: 
[2025-01-13 02:18:25,839] INFO: 	 lr: 0.00030000000000000073 	 Training loss: 0.051919010132551194
[2025-01-13 02:18:40,460] INFO: Iter 8800 Summary: 
[2025-01-13 02:18:40,461] INFO: 	 lr: 0.00030000000000000073 	 Training loss: 0.05190462991595268
[2025-01-13 02:18:57,411] INFO: Iter 8900 Summary: 
[2025-01-13 02:18:57,411] INFO: 	 lr: 0.00030000000000000073 	 Training loss: 0.05188288874924183
[2025-01-13 02:19:14,569] INFO: Iter 9000 Summary: 
[2025-01-13 02:19:14,569] INFO: 	 lr: 0.00030000000000000073 	 Training loss: 0.051597039625048635
[2025-01-13 02:19:31,739] INFO: Iter 9100 Summary: 
[2025-01-13 02:19:31,739] INFO: 	 lr: 0.00030000000000000073 	 Training loss: 0.051613568626344204
[2025-01-13 02:19:49,685] INFO: Iter 9200 Summary: 
[2025-01-13 02:19:49,685] INFO: 	 lr: 0.00030000000000000073 	 Training loss: 0.05133082177489996
[2025-01-13 02:20:07,020] INFO: Iter 9300 Summary: 
[2025-01-13 02:20:07,021] INFO: 	 lr: 0.00030000000000000073 	 Training loss: 0.051654606945812705
[2025-01-13 02:20:26,146] INFO: Iter 9400 Summary: 
[2025-01-13 02:20:26,146] INFO: 	 lr: 0.00030000000000000073 	 Training loss: 0.05129706799983978
[2025-01-13 02:20:44,819] INFO: Iter 9500 Summary: 
[2025-01-13 02:20:44,819] INFO: 	 lr: 0.00030000000000000073 	 Training loss: 0.051417975053191185
[2025-01-13 02:21:03,346] INFO: Iter 9600 Summary: 
[2025-01-13 02:21:03,347] INFO: 	 lr: 0.00030000000000000073 	 Training loss: 0.051346619799733165
[2025-01-13 02:21:20,879] INFO: Iter 9700 Summary: 
[2025-01-13 02:21:20,880] INFO: 	 lr: 0.00030000000000000073 	 Training loss: 0.05138333410024643
[2025-01-13 02:21:38,874] INFO: Iter 9800 Summary: 
[2025-01-13 02:21:38,875] INFO: 	 lr: 0.00030000000000000073 	 Training loss: 0.05104090258479119
[2025-01-13 02:21:57,791] INFO: Iter 9900 Summary: 
[2025-01-13 02:21:57,791] INFO: 	 lr: 0.00030000000000000073 	 Training loss: 0.051391310058534145
[2025-01-13 02:22:16,765] INFO: Iter 10000 Summary: 
[2025-01-13 02:22:16,765] INFO: 	 lr: 0.00030000000000000073 	 Training loss: 0.05096831299364567
[2025-01-13 02:22:37,115] INFO: Iter 10100 Summary: 
[2025-01-13 02:22:37,115] INFO: 	 lr: 0.00030000000000000073 	 Training loss: 0.050923035703599455
[2025-01-13 02:22:52,622] INFO: Iter 10200 Summary: 
[2025-01-13 02:22:52,623] INFO: 	 lr: 0.00030000000000000073 	 Training loss: 0.05125771578401327
[2025-01-13 02:23:09,404] INFO: Iter 10300 Summary: 
[2025-01-13 02:23:09,404] INFO: 	 lr: 0.00030000000000000073 	 Training loss: 0.05117190964519978
[2025-01-13 02:23:25,810] INFO: Iter 10400 Summary: 
[2025-01-13 02:23:25,810] INFO: 	 lr: 0.00030000000000000073 	 Training loss: 0.05060093961656094
[2025-01-13 02:23:41,675] INFO: Iter 10500 Summary: 
[2025-01-13 02:23:41,675] INFO: 	 lr: 0.00030000000000000073 	 Training loss: 0.050828974917531015
[2025-01-13 02:23:57,035] INFO: Iter 10600 Summary: 
[2025-01-13 02:23:57,035] INFO: 	 lr: 0.00030000000000000073 	 Training loss: 0.050807851627469064
[2025-01-13 02:24:11,154] INFO: Iter 10700 Summary: 
[2025-01-13 02:24:11,154] INFO: 	 lr: 0.00030000000000000073 	 Training loss: 0.05115819439291954
[2025-01-13 02:24:27,940] INFO: Iter 10800 Summary: 
[2025-01-13 02:24:27,940] INFO: 	 lr: 0.00030000000000000073 	 Training loss: 0.05099405314773321
[2025-01-13 02:24:45,587] INFO: Iter 10900 Summary: 
[2025-01-13 02:24:45,587] INFO: 	 lr: 0.00030000000000000073 	 Training loss: 0.05113019198179245
[2025-01-13 02:24:59,656] INFO: Iter 11000 Summary: 
[2025-01-13 02:24:59,656] INFO: 	 lr: 0.00030000000000000073 	 Training loss: 0.050544806309044364
[2025-01-13 02:25:15,825] INFO: Iter 11100 Summary: 
[2025-01-13 02:25:15,825] INFO: 	 lr: 0.00030000000000000073 	 Training loss: 0.050766696035861966
[2025-01-13 02:25:30,498] INFO: Iter 11200 Summary: 
[2025-01-13 02:25:30,498] INFO: 	 lr: 0.00030000000000000073 	 Training loss: 0.0504955704882741
[2025-01-13 02:25:46,440] INFO: Iter 11300 Summary: 
[2025-01-13 02:25:46,441] INFO: 	 lr: 0.00030000000000000073 	 Training loss: 0.05071282871067524
[2025-01-13 02:26:04,646] INFO: Iter 11400 Summary: 
[2025-01-13 02:26:04,646] INFO: 	 lr: 0.00030000000000000073 	 Training loss: 0.050707243792712686
[2025-01-13 02:26:20,063] INFO: Iter 11500 Summary: 
[2025-01-13 02:26:20,063] INFO: 	 lr: 0.00030000000000000073 	 Training loss: 0.05038763172924519
[2025-01-13 02:26:35,767] INFO: Iter 11600 Summary: 
[2025-01-13 02:26:35,767] INFO: 	 lr: 0.00030000000000000073 	 Training loss: 0.05017119444906712
[2025-01-13 02:26:50,493] INFO: Iter 11700 Summary: 
[2025-01-13 02:26:50,494] INFO: 	 lr: 0.00030000000000000073 	 Training loss: 0.05041532889008522
[2025-01-13 02:27:06,708] INFO: Iter 11800 Summary: 
[2025-01-13 02:27:06,709] INFO: 	 lr: 0.00030000000000000073 	 Training loss: 0.05054653737694025
[2025-01-13 02:27:23,955] INFO: Iter 11900 Summary: 
[2025-01-13 02:27:23,955] INFO: 	 lr: 0.00030000000000000073 	 Training loss: 0.05014673698693514
[2025-01-13 02:27:40,764] INFO: Iter 12000 Summary: 
[2025-01-13 02:27:40,764] INFO: 	 lr: 0.00030000000000000073 	 Training loss: 0.050540343932807444
[2025-01-13 02:28:00,074] INFO: Iter 12100 Summary: 
[2025-01-13 02:28:00,074] INFO: 	 lr: 0.00030000000000000073 	 Training loss: 0.050471925102174284
[2025-01-13 02:28:14,285] INFO: Iter 12200 Summary: 
[2025-01-13 02:28:14,285] INFO: 	 lr: 0.00030000000000000073 	 Training loss: 0.05055580914020538
[2025-01-13 02:28:32,644] INFO: Iter 12300 Summary: 
[2025-01-13 02:28:32,645] INFO: 	 lr: 0.00030000000000000073 	 Training loss: 0.05021567203104496
[2025-01-13 02:28:47,668] INFO: Iter 12400 Summary: 
[2025-01-13 02:28:47,668] INFO: 	 lr: 0.00030000000000000073 	 Training loss: 0.050235060453414915
[2025-01-13 02:29:04,035] INFO: Iter 12500 Summary: 
[2025-01-13 02:29:04,035] INFO: 	 lr: 0.00030000000000000073 	 Training loss: 0.04978660795837641
[2025-01-13 02:29:19,982] INFO: Iter 12600 Summary: 
[2025-01-13 02:29:19,982] INFO: 	 lr: 0.00030000000000000073 	 Training loss: 0.05010428730398417
[2025-01-13 02:29:35,146] INFO: Iter 12700 Summary: 
[2025-01-13 02:29:35,146] INFO: 	 lr: 0.00030000000000000073 	 Training loss: 0.050274790972471235
[2025-01-13 02:29:51,780] INFO: Iter 12800 Summary: 
[2025-01-13 02:29:51,781] INFO: 	 lr: 0.00030000000000000073 	 Training loss: 0.05000715591013431
[2025-01-13 02:30:06,211] INFO: Iter 12900 Summary: 
[2025-01-13 02:30:06,211] INFO: 	 lr: 0.00030000000000000073 	 Training loss: 0.05024381272494793
[2025-01-13 02:30:23,791] INFO: Iter 13000 Summary: 
[2025-01-13 02:30:23,791] INFO: 	 lr: 0.00030000000000000073 	 Training loss: 0.05014252208173275
[2025-01-13 02:30:40,721] INFO: Iter 13100 Summary: 
[2025-01-13 02:30:40,721] INFO: 	 lr: 0.00030000000000000073 	 Training loss: 0.050055088847875594
[2025-01-13 02:30:57,823] INFO: Iter 13200 Summary: 
[2025-01-13 02:30:57,824] INFO: 	 lr: 0.00030000000000000073 	 Training loss: 0.04979527473449707
[2025-01-13 02:31:11,182] INFO: Iter 13300 Summary: 
[2025-01-13 02:31:11,183] INFO: 	 lr: 0.00030000000000000073 	 Training loss: 0.04978417307138443
[2025-01-13 02:31:25,617] INFO: Iter 13400 Summary: 
[2025-01-13 02:31:25,617] INFO: 	 lr: 0.00030000000000000073 	 Training loss: 0.04989993494004011
[2025-01-13 02:31:39,825] INFO: Iter 13500 Summary: 
[2025-01-13 02:31:39,825] INFO: 	 lr: 0.00030000000000000073 	 Training loss: 0.049533351100981234
[2025-01-13 02:31:57,486] INFO: Iter 13600 Summary: 
[2025-01-13 02:31:57,486] INFO: 	 lr: 0.00030000000000000073 	 Training loss: 0.04981146592646837
[2025-01-13 02:32:16,135] INFO: Iter 13700 Summary: 
[2025-01-13 02:32:16,136] INFO: 	 lr: 0.00030000000000000073 	 Training loss: 0.04978056728839874
[2025-01-13 02:32:31,676] INFO: Iter 13800 Summary: 
[2025-01-13 02:32:31,676] INFO: 	 lr: 0.00030000000000000073 	 Training loss: 0.04966892670840025
[2025-01-13 02:32:45,366] INFO: Iter 13900 Summary: 
[2025-01-13 02:32:45,366] INFO: 	 lr: 0.00030000000000000073 	 Training loss: 0.04970873396843672
[2025-01-13 02:33:03,240] INFO: Iter 14000 Summary: 
[2025-01-13 02:33:03,241] INFO: 	 lr: 0.00030000000000000073 	 Training loss: 0.049647190496325495
[2025-01-13 02:33:21,037] INFO: Iter 14100 Summary: 
[2025-01-13 02:33:21,037] INFO: 	 lr: 0.00030000000000000073 	 Training loss: 0.04991675827652216
[2025-01-13 02:33:37,594] INFO: Iter 14200 Summary: 
[2025-01-13 02:33:37,595] INFO: 	 lr: 0.00030000000000000073 	 Training loss: 0.04988193977624178
[2025-01-13 02:33:54,844] INFO: Iter 14300 Summary: 
[2025-01-13 02:33:54,845] INFO: 	 lr: 0.00030000000000000073 	 Training loss: 0.0500200567021966
[2025-01-13 02:34:09,365] INFO: Iter 14400 Summary: 
[2025-01-13 02:34:09,365] INFO: 	 lr: 0.00030000000000000073 	 Training loss: 0.0496036097407341
[2025-01-13 02:34:23,696] INFO: Iter 14500 Summary: 
[2025-01-13 02:34:23,696] INFO: 	 lr: 0.00030000000000000073 	 Training loss: 0.04945540968328714
[2025-01-13 02:34:39,446] INFO: Iter 14600 Summary: 
[2025-01-13 02:34:39,446] INFO: 	 lr: 0.00030000000000000073 	 Training loss: 0.049535998217761515
[2025-01-13 02:34:56,600] INFO: Iter 14700 Summary: 
[2025-01-13 02:34:56,600] INFO: 	 lr: 0.00030000000000000073 	 Training loss: 0.049243215657770636
[2025-01-13 02:35:12,520] INFO: Iter 14800 Summary: 
[2025-01-13 02:35:12,520] INFO: 	 lr: 0.00030000000000000073 	 Training loss: 0.049624813087284565
[2025-01-13 02:35:26,176] INFO: Iter 14900 Summary: 
[2025-01-13 02:35:26,176] INFO: 	 lr: 0.00030000000000000073 	 Training loss: 0.04954501133412123
[2025-01-13 02:35:41,582] INFO: Iter 15000 Summary: 
[2025-01-13 02:35:41,582] INFO: 	 lr: 0.00030000000000000073 	 Training loss: 0.04961473040282726
[2025-01-13 02:35:57,629] INFO: Iter 15100 Summary: 
[2025-01-13 02:35:57,630] INFO: 	 lr: 0.00030000000000000073 	 Training loss: 0.04958648961037397
[2025-01-13 02:36:11,559] INFO: Iter 15200 Summary: 
[2025-01-13 02:36:11,559] INFO: 	 lr: 0.00030000000000000073 	 Training loss: 0.0494425867125392
[2025-01-13 02:36:26,172] INFO: Iter 15300 Summary: 
[2025-01-13 02:36:26,173] INFO: 	 lr: 0.00030000000000000073 	 Training loss: 0.04913344480097294
[2025-01-13 02:36:42,908] INFO: Iter 15400 Summary: 
[2025-01-13 02:36:42,908] INFO: 	 lr: 0.00030000000000000073 	 Training loss: 0.049400392100214956
[2025-01-13 02:36:56,712] INFO: Iter 15500 Summary: 
[2025-01-13 02:36:56,726] INFO: 	 lr: 0.00030000000000000073 	 Training loss: 0.0490412275865674
[2025-01-13 02:37:12,625] INFO: Iter 15600 Summary: 
[2025-01-13 02:37:12,625] INFO: 	 lr: 0.00030000000000000073 	 Training loss: 0.04928863473236561
[2025-01-13 02:37:31,077] INFO: Iter 15700 Summary: 
[2025-01-13 02:37:31,077] INFO: 	 lr: 0.00030000000000000073 	 Training loss: 0.049368782825767996
[2025-01-13 02:37:46,819] INFO: Iter 15800 Summary: 
[2025-01-13 02:37:46,820] INFO: 	 lr: 0.00030000000000000073 	 Training loss: 0.048937647603452206
[2025-01-13 02:38:01,973] INFO: Iter 15900 Summary: 
[2025-01-13 02:38:01,973] INFO: 	 lr: 0.00030000000000000073 	 Training loss: 0.04938481405377388
[2025-01-13 02:38:18,297] INFO: Iter 16000 Summary: 
[2025-01-13 02:38:18,297] INFO: 	 lr: 0.00030000000000000073 	 Training loss: 0.04918164703994989
[2025-01-13 02:38:37,468] INFO: Iter 16100 Summary: 
[2025-01-13 02:38:37,469] INFO: 	 lr: 0.00030000000000000073 	 Training loss: 0.049531240314245224
[2025-01-13 02:38:52,326] INFO: Iter 16200 Summary: 
[2025-01-13 02:38:52,327] INFO: 	 lr: 0.00030000000000000073 	 Training loss: 0.04917623553425074
[2025-01-13 02:39:09,596] INFO: Iter 16300 Summary: 
[2025-01-13 02:39:09,596] INFO: 	 lr: 0.00030000000000000073 	 Training loss: 0.04905194588005543
[2025-01-13 02:39:27,699] INFO: Iter 16400 Summary: 
[2025-01-13 02:39:27,699] INFO: 	 lr: 0.00030000000000000073 	 Training loss: 0.04911334604024887
[2025-01-13 02:39:44,140] INFO: Iter 16500 Summary: 
[2025-01-13 02:39:44,140] INFO: 	 lr: 0.00030000000000000073 	 Training loss: 0.04907133024185896
[2025-01-13 02:39:57,663] INFO: Iter 16600 Summary: 
[2025-01-13 02:39:57,664] INFO: 	 lr: 0.00030000000000000073 	 Training loss: 0.04920951873064041
[2025-01-13 02:40:13,587] INFO: Iter 16700 Summary: 
[2025-01-13 02:40:13,587] INFO: 	 lr: 0.00030000000000000073 	 Training loss: 0.049362287297844885
[2025-01-13 02:40:26,701] INFO: Iter 16800 Summary: 
[2025-01-13 02:40:26,701] INFO: 	 lr: 0.00030000000000000073 	 Training loss: 0.048993457928299906
[2025-01-13 02:40:42,281] INFO: Iter 16900 Summary: 
[2025-01-13 02:40:42,281] INFO: 	 lr: 0.00030000000000000073 	 Training loss: 0.049160247929394246
[2025-01-13 02:41:00,051] INFO: Iter 17000 Summary: 
[2025-01-13 02:41:00,051] INFO: 	 lr: 0.00030000000000000073 	 Training loss: 0.04881790991872549
[2025-01-13 02:41:15,229] INFO: Iter 17100 Summary: 
[2025-01-13 02:41:15,229] INFO: 	 lr: 0.00030000000000000073 	 Training loss: 0.048864445574581625
[2025-01-13 02:41:30,496] INFO: Iter 17200 Summary: 
[2025-01-13 02:41:30,496] INFO: 	 lr: 0.00030000000000000073 	 Training loss: 0.04895377315580845
[2025-01-13 02:41:45,397] INFO: Iter 17300 Summary: 
[2025-01-13 02:41:45,397] INFO: 	 lr: 0.00030000000000000073 	 Training loss: 0.04898397766053677
[2025-01-13 02:42:01,035] INFO: Iter 17400 Summary: 
[2025-01-13 02:42:01,036] INFO: 	 lr: 0.00030000000000000073 	 Training loss: 0.04894757647067308
[2025-01-13 02:42:19,326] INFO: Iter 17500 Summary: 
[2025-01-13 02:42:19,326] INFO: 	 lr: 0.00030000000000000073 	 Training loss: 0.0487885656952858
[2025-01-13 02:42:33,357] INFO: Iter 17600 Summary: 
[2025-01-13 02:42:33,358] INFO: 	 lr: 0.00030000000000000073 	 Training loss: 0.04891525149345398
[2025-01-13 02:42:50,740] INFO: Iter 17700 Summary: 
[2025-01-13 02:42:50,740] INFO: 	 lr: 0.00030000000000000073 	 Training loss: 0.048919925652444365
[2025-01-13 02:43:07,117] INFO: Iter 17800 Summary: 
[2025-01-13 02:43:07,118] INFO: 	 lr: 0.00030000000000000073 	 Training loss: 0.04857058148831129
[2025-01-13 02:43:22,383] INFO: Iter 17900 Summary: 
[2025-01-13 02:43:22,383] INFO: 	 lr: 0.00030000000000000073 	 Training loss: 0.04881958797574043
[2025-01-13 02:43:38,784] INFO: Iter 18000 Summary: 
[2025-01-13 02:43:38,785] INFO: 	 lr: 0.00030000000000000073 	 Training loss: 0.048626186922192574
[2025-01-13 02:43:58,367] INFO: Iter 18100 Summary: 
[2025-01-13 02:43:58,367] INFO: 	 lr: 0.00030000000000000073 	 Training loss: 0.04903164509683847
[2025-01-13 02:44:12,398] INFO: Iter 18200 Summary: 
[2025-01-13 02:44:12,398] INFO: 	 lr: 0.00030000000000000073 	 Training loss: 0.04919754635542631
[2025-01-13 02:44:26,097] INFO: Iter 18300 Summary: 
[2025-01-13 02:44:26,097] INFO: 	 lr: 0.00030000000000000073 	 Training loss: 0.04890380956232548
[2025-01-13 02:44:41,132] INFO: Iter 18400 Summary: 
[2025-01-13 02:44:41,132] INFO: 	 lr: 0.00030000000000000073 	 Training loss: 0.04842247549444437
[2025-01-13 02:44:54,786] INFO: Iter 18500 Summary: 
[2025-01-13 02:44:54,786] INFO: 	 lr: 0.00030000000000000073 	 Training loss: 0.048859393522143364
[2025-01-13 02:45:07,744] INFO: Iter 18600 Summary: 
[2025-01-13 02:45:07,744] INFO: 	 lr: 0.00030000000000000073 	 Training loss: 0.0489081110060215
[2025-01-13 02:45:20,697] INFO: Iter 18700 Summary: 
[2025-01-13 02:45:20,697] INFO: 	 lr: 0.00030000000000000073 	 Training loss: 0.048781629800796505
[2025-01-13 02:45:35,948] INFO: Iter 18800 Summary: 
[2025-01-13 02:45:35,948] INFO: 	 lr: 0.00030000000000000073 	 Training loss: 0.04844791006296873
[2025-01-13 02:45:52,443] INFO: Iter 18900 Summary: 
[2025-01-13 02:45:52,444] INFO: 	 lr: 0.00030000000000000073 	 Training loss: 0.048622097447514535
[2025-01-13 02:46:09,505] INFO: Iter 19000 Summary: 
[2025-01-13 02:46:09,505] INFO: 	 lr: 0.00030000000000000073 	 Training loss: 0.04848844900727272
[2025-01-13 02:46:26,828] INFO: Iter 19100 Summary: 
[2025-01-13 02:46:26,829] INFO: 	 lr: 0.00030000000000000073 	 Training loss: 0.04836972732096911
[2025-01-13 02:46:41,490] INFO: Iter 19200 Summary: 
[2025-01-13 02:46:41,490] INFO: 	 lr: 0.00030000000000000073 	 Training loss: 0.04841344766318798
[2025-01-13 02:46:55,673] INFO: Iter 19300 Summary: 
[2025-01-13 02:46:55,673] INFO: 	 lr: 0.00030000000000000073 	 Training loss: 0.04872774127870798
[2025-01-13 02:47:11,632] INFO: Iter 19400 Summary: 
[2025-01-13 02:47:11,633] INFO: 	 lr: 0.00030000000000000073 	 Training loss: 0.048703839369118214
[2025-01-13 02:47:27,671] INFO: Iter 19500 Summary: 
[2025-01-13 02:47:27,671] INFO: 	 lr: 0.00030000000000000073 	 Training loss: 0.048593534305691716
[2025-01-13 02:47:40,817] INFO: Iter 19600 Summary: 
[2025-01-13 02:47:40,818] INFO: 	 lr: 0.00030000000000000073 	 Training loss: 0.04860833216458559
[2025-01-13 02:47:53,576] INFO: Iter 19700 Summary: 
[2025-01-13 02:47:53,577] INFO: 	 lr: 0.00030000000000000073 	 Training loss: 0.04893464997410774
[2025-01-13 02:48:08,551] INFO: Iter 19800 Summary: 
[2025-01-13 02:48:08,551] INFO: 	 lr: 0.00030000000000000073 	 Training loss: 0.0484494323655963
[2025-01-13 02:48:21,189] INFO: Iter 19900 Summary: 
[2025-01-13 02:48:21,189] INFO: 	 lr: 0.00030000000000000073 	 Training loss: 0.048358275704085824
[2025-01-13 02:48:37,665] INFO: Iter 20000 Summary: 
[2025-01-13 02:48:37,665] INFO: 	 lr: 0.00030000000000000073 	 Training loss: 0.04824027236551046
[2025-01-13 02:48:55,352] INFO: Iter 20100 Summary: 
[2025-01-13 02:48:55,353] INFO: 	 lr: 0.00030000000000000073 	 Training loss: 0.048606165051460266
[2025-01-13 02:49:11,059] INFO: Iter 20200 Summary: 
[2025-01-13 02:49:11,059] INFO: 	 lr: 0.00030000000000000073 	 Training loss: 0.048472257405519484
[2025-01-13 02:49:27,968] INFO: Iter 20300 Summary: 
[2025-01-13 02:49:27,968] INFO: 	 lr: 0.00030000000000000073 	 Training loss: 0.048714525438845156
[2025-01-13 02:49:42,028] INFO: Iter 20400 Summary: 
[2025-01-13 02:49:42,029] INFO: 	 lr: 0.00030000000000000073 	 Training loss: 0.04852103266865015
[2025-01-13 02:49:57,404] INFO: Iter 20500 Summary: 
[2025-01-13 02:49:57,404] INFO: 	 lr: 0.00030000000000000073 	 Training loss: 0.04813957471400499
[2025-01-13 02:50:11,895] INFO: Iter 20600 Summary: 
[2025-01-13 02:50:11,895] INFO: 	 lr: 0.00030000000000000073 	 Training loss: 0.04845121346414089
[2025-01-13 02:50:27,611] INFO: Iter 20700 Summary: 
[2025-01-13 02:50:27,611] INFO: 	 lr: 0.00030000000000000073 	 Training loss: 0.04857264805585146
[2025-01-13 02:50:42,885] INFO: Iter 20800 Summary: 
[2025-01-13 02:50:42,885] INFO: 	 lr: 0.00030000000000000073 	 Training loss: 0.04837453082203865
[2025-01-13 02:50:58,756] INFO: Iter 20900 Summary: 
[2025-01-13 02:50:58,756] INFO: 	 lr: 0.00030000000000000073 	 Training loss: 0.048536608703434465
[2025-01-13 02:51:14,263] INFO: Iter 21000 Summary: 
[2025-01-13 02:51:14,263] INFO: 	 lr: 0.00030000000000000073 	 Training loss: 0.04821100298315287
[2025-01-13 02:51:31,388] INFO: Iter 21100 Summary: 
[2025-01-13 02:51:31,388] INFO: 	 lr: 0.00030000000000000073 	 Training loss: 0.04813634727150202
[2025-01-13 02:51:47,897] INFO: Iter 21200 Summary: 
[2025-01-13 02:51:47,897] INFO: 	 lr: 0.00030000000000000073 	 Training loss: 0.04796913046389818
[2025-01-13 02:52:02,687] INFO: Iter 21300 Summary: 
[2025-01-13 02:52:02,687] INFO: 	 lr: 0.00030000000000000073 	 Training loss: 0.0484987236559391
[2025-01-13 02:52:18,067] INFO: Iter 21400 Summary: 
[2025-01-13 02:52:18,067] INFO: 	 lr: 0.00030000000000000073 	 Training loss: 0.048186777941882614
[2025-01-13 02:52:32,436] INFO: Iter 21500 Summary: 
[2025-01-13 02:52:32,436] INFO: 	 lr: 0.00030000000000000073 	 Training loss: 0.04854985903948546
[2025-01-13 02:52:48,123] INFO: Iter 21600 Summary: 
[2025-01-13 02:52:48,123] INFO: 	 lr: 0.00030000000000000073 	 Training loss: 0.04837559394538402
[2025-01-13 02:53:02,926] INFO: Iter 21700 Summary: 
[2025-01-13 02:53:02,926] INFO: 	 lr: 0.00030000000000000073 	 Training loss: 0.048199956975877284
[2025-01-13 02:53:16,075] INFO: Iter 21800 Summary: 
[2025-01-13 02:53:16,075] INFO: 	 lr: 0.00030000000000000073 	 Training loss: 0.0482395825907588
[2025-01-13 02:53:30,141] INFO: Iter 21900 Summary: 
[2025-01-13 02:53:30,141] INFO: 	 lr: 0.00030000000000000073 	 Training loss: 0.04790336851030588
[2025-01-13 02:53:44,079] INFO: Iter 22000 Summary: 
[2025-01-13 02:53:44,079] INFO: 	 lr: 0.00030000000000000073 	 Training loss: 0.048237989209592345
[2025-01-13 02:54:00,248] INFO: Iter 22100 Summary: 
[2025-01-13 02:54:00,249] INFO: 	 lr: 0.00030000000000000073 	 Training loss: 0.04831235583871603
[2025-01-13 02:54:14,212] INFO: Iter 22200 Summary: 
[2025-01-13 02:54:14,213] INFO: 	 lr: 0.00030000000000000073 	 Training loss: 0.04793941278010607
[2025-01-13 02:54:28,599] INFO: Iter 22300 Summary: 
[2025-01-13 02:54:28,599] INFO: 	 lr: 0.00030000000000000073 	 Training loss: 0.048369738794863226
[2025-01-13 02:54:44,292] INFO: Iter 22400 Summary: 
[2025-01-13 02:54:44,292] INFO: 	 lr: 0.00030000000000000073 	 Training loss: 0.048454805351793764
[2025-01-13 02:55:00,490] INFO: Iter 22500 Summary: 
[2025-01-13 02:55:00,490] INFO: 	 lr: 0.00030000000000000073 	 Training loss: 0.04813687711954117
[2025-01-13 02:55:14,109] INFO: Iter 22600 Summary: 
[2025-01-13 02:55:14,109] INFO: 	 lr: 0.00030000000000000073 	 Training loss: 0.04801391415297985
[2025-01-13 02:55:30,055] INFO: Iter 22700 Summary: 
[2025-01-13 02:55:30,056] INFO: 	 lr: 0.00030000000000000073 	 Training loss: 0.048084262162446975
[2025-01-13 02:55:45,572] INFO: Iter 22800 Summary: 
[2025-01-13 02:55:45,572] INFO: 	 lr: 0.00030000000000000073 	 Training loss: 0.048303047455847264
[2025-01-13 02:56:01,091] INFO: Iter 22900 Summary: 
[2025-01-13 02:56:01,091] INFO: 	 lr: 0.00030000000000000073 	 Training loss: 0.04810834631323815
[2025-01-13 02:56:15,997] INFO: Iter 23000 Summary: 
[2025-01-13 02:56:15,997] INFO: 	 lr: 0.00030000000000000073 	 Training loss: 0.04821060869842768
[2025-01-13 02:56:31,323] INFO: Iter 23100 Summary: 
[2025-01-13 02:56:31,324] INFO: 	 lr: 0.00030000000000000073 	 Training loss: 0.04841599591076374
[2025-01-13 02:56:43,539] INFO: Iter 23200 Summary: 
[2025-01-13 02:56:43,539] INFO: 	 lr: 0.00030000000000000073 	 Training loss: 0.04798595733940601
[2025-01-13 02:56:57,865] INFO: Iter 23300 Summary: 
[2025-01-13 02:56:57,866] INFO: 	 lr: 0.00030000000000000073 	 Training loss: 0.048341253697872164
[2025-01-13 02:57:10,441] INFO: Iter 23400 Summary: 
[2025-01-13 02:57:10,441] INFO: 	 lr: 0.00030000000000000073 	 Training loss: 0.047995755188167094
[2025-01-13 02:57:24,722] INFO: Iter 23500 Summary: 
[2025-01-13 02:57:24,722] INFO: 	 lr: 0.00030000000000000073 	 Training loss: 0.04769941359758377
[2025-01-13 02:57:38,502] INFO: Iter 23600 Summary: 
[2025-01-13 02:57:38,502] INFO: 	 lr: 0.00030000000000000073 	 Training loss: 0.04840441782027483
[2025-01-13 02:57:53,456] INFO: Iter 23700 Summary: 
[2025-01-13 02:57:53,456] INFO: 	 lr: 0.00030000000000000073 	 Training loss: 0.04770130544900894
[2025-01-13 02:58:08,929] INFO: Iter 23800 Summary: 
[2025-01-13 02:58:08,930] INFO: 	 lr: 0.00030000000000000073 	 Training loss: 0.04814043428748846
[2025-01-13 02:58:21,745] INFO: Iter 23900 Summary: 
[2025-01-13 02:58:21,745] INFO: 	 lr: 0.00030000000000000073 	 Training loss: 0.04788186505436897
[2025-01-13 02:58:35,500] INFO: Iter 24000 Summary: 
[2025-01-13 02:58:35,501] INFO: 	 lr: 0.00030000000000000073 	 Training loss: 0.04795584905892611
[2025-01-13 02:58:53,179] INFO: Iter 24100 Summary: 
[2025-01-13 02:58:53,180] INFO: 	 lr: 0.00030000000000000073 	 Training loss: 0.04768595289438963
[2025-01-13 02:59:08,916] INFO: Iter 24200 Summary: 
[2025-01-13 02:59:08,916] INFO: 	 lr: 0.00030000000000000073 	 Training loss: 0.047914204858243464
[2025-01-13 02:59:23,677] INFO: Iter 24300 Summary: 
[2025-01-13 02:59:23,677] INFO: 	 lr: 0.00030000000000000073 	 Training loss: 0.04822457656264305
[2025-01-13 02:59:37,930] INFO: Iter 24400 Summary: 
[2025-01-13 02:59:37,931] INFO: 	 lr: 0.00030000000000000073 	 Training loss: 0.047745434939861296
[2025-01-13 02:59:53,250] INFO: Iter 24500 Summary: 
[2025-01-13 02:59:53,251] INFO: 	 lr: 0.00030000000000000073 	 Training loss: 0.04818229801952839
[2025-01-13 03:00:07,813] INFO: Iter 24600 Summary: 
[2025-01-13 03:00:07,813] INFO: 	 lr: 0.00030000000000000073 	 Training loss: 0.048061588369309904
[2025-01-13 03:00:22,000] INFO: Iter 24700 Summary: 
[2025-01-13 03:00:22,001] INFO: 	 lr: 0.00030000000000000073 	 Training loss: 0.04793598394840956
[2025-01-13 03:00:36,305] INFO: Iter 24800 Summary: 
[2025-01-13 03:00:36,305] INFO: 	 lr: 0.00030000000000000073 	 Training loss: 0.047607242874801156
[2025-01-13 03:00:50,137] INFO: Iter 24900 Summary: 
[2025-01-13 03:00:50,137] INFO: 	 lr: 0.00030000000000000073 	 Training loss: 0.047817461527884006
[2025-01-13 03:01:04,776] INFO: Iter 25000 Summary: 
[2025-01-13 03:01:04,776] INFO: 	 lr: 0.00030000000000000073 	 Training loss: 0.04776412159204483
[2025-01-13 03:01:20,923] INFO: Iter 25100 Summary: 
[2025-01-13 03:01:20,924] INFO: 	 lr: 0.00030000000000000073 	 Training loss: 0.047924946658313275
[2025-01-13 03:01:39,028] INFO: Iter 25200 Summary: 
[2025-01-13 03:01:39,029] INFO: 	 lr: 0.00030000000000000073 	 Training loss: 0.047818204276263716
[2025-01-13 03:01:56,343] INFO: Iter 25300 Summary: 
[2025-01-13 03:01:56,343] INFO: 	 lr: 0.00030000000000000073 	 Training loss: 0.04766423001885414
[2025-01-13 03:02:12,839] INFO: Iter 25400 Summary: 
[2025-01-13 03:02:12,839] INFO: 	 lr: 0.00030000000000000073 	 Training loss: 0.047889368906617165
[2025-01-13 03:02:32,144] INFO: Iter 25500 Summary: 
[2025-01-13 03:02:32,145] INFO: 	 lr: 0.00030000000000000073 	 Training loss: 0.048017754405736926
[2025-01-13 03:02:47,344] INFO: Iter 25600 Summary: 
[2025-01-13 03:02:47,344] INFO: 	 lr: 0.00030000000000000073 	 Training loss: 0.04800136860460043
[2025-01-13 03:03:05,794] INFO: Iter 25700 Summary: 
[2025-01-13 03:03:05,794] INFO: 	 lr: 0.00030000000000000073 	 Training loss: 0.04778489880263805
[2025-01-13 03:03:23,187] INFO: Iter 25800 Summary: 
[2025-01-13 03:03:23,187] INFO: 	 lr: 0.00030000000000000073 	 Training loss: 0.047710877135396006
[2025-01-13 03:03:42,131] INFO: Iter 25900 Summary: 
[2025-01-13 03:03:42,132] INFO: 	 lr: 0.00030000000000000073 	 Training loss: 0.047983804158866404
[2025-01-13 03:03:59,392] INFO: Iter 26000 Summary: 
[2025-01-13 03:03:59,392] INFO: 	 lr: 0.00030000000000000073 	 Training loss: 0.047573697865009305
[2025-01-13 03:04:22,210] INFO: Iter 26100 Summary: 
[2025-01-13 03:04:22,210] INFO: 	 lr: 0.00030000000000000073 	 Training loss: 0.04803538255393505
[2025-01-13 03:04:39,593] INFO: Iter 26200 Summary: 
[2025-01-13 03:04:39,593] INFO: 	 lr: 0.00030000000000000073 	 Training loss: 0.04769879087805748
[2025-01-13 03:04:58,360] INFO: Iter 26300 Summary: 
[2025-01-13 03:04:58,361] INFO: 	 lr: 0.00030000000000000073 	 Training loss: 0.04797376032918692
[2025-01-13 03:05:15,201] INFO: Iter 26400 Summary: 
[2025-01-13 03:05:15,201] INFO: 	 lr: 0.00030000000000000073 	 Training loss: 0.04756121072918176
[2025-01-13 03:05:30,743] INFO: Iter 26500 Summary: 
[2025-01-13 03:05:30,743] INFO: 	 lr: 0.00030000000000000073 	 Training loss: 0.04761252980679274
[2025-01-13 03:05:45,998] INFO: Iter 26600 Summary: 
[2025-01-13 03:05:45,999] INFO: 	 lr: 0.00030000000000000073 	 Training loss: 0.04771138317883015
[2025-01-13 03:06:01,086] INFO: Iter 26700 Summary: 
[2025-01-13 03:06:01,087] INFO: 	 lr: 0.00030000000000000073 	 Training loss: 0.04754191730171442
[2025-01-13 03:06:18,299] INFO: Iter 26800 Summary: 
[2025-01-13 03:06:18,299] INFO: 	 lr: 0.00030000000000000073 	 Training loss: 0.047909805439412596
[2025-01-13 03:06:33,694] INFO: Iter 26900 Summary: 
[2025-01-13 03:06:33,695] INFO: 	 lr: 0.00030000000000000073 	 Training loss: 0.04767245512455702
[2025-01-13 03:06:47,958] INFO: Iter 27000 Summary: 
[2025-01-13 03:06:47,958] INFO: 	 lr: 0.00030000000000000073 	 Training loss: 0.0471954820305109
[2025-01-13 03:07:03,839] INFO: Iter 27100 Summary: 
[2025-01-13 03:07:03,840] INFO: 	 lr: 0.00030000000000000073 	 Training loss: 0.04752560433000326
[2025-01-13 03:07:19,687] INFO: Iter 27200 Summary: 
[2025-01-13 03:07:19,687] INFO: 	 lr: 0.00030000000000000073 	 Training loss: 0.04777460534125567
[2025-01-13 03:07:33,654] INFO: Iter 27300 Summary: 
[2025-01-13 03:07:33,654] INFO: 	 lr: 0.00030000000000000073 	 Training loss: 0.047555785328149795
[2025-01-13 03:07:46,690] INFO: Iter 27400 Summary: 
[2025-01-13 03:07:46,694] INFO: 	 lr: 0.00030000000000000073 	 Training loss: 0.047726406045258046
[2025-01-13 03:08:03,508] INFO: Iter 27500 Summary: 
[2025-01-13 03:08:03,509] INFO: 	 lr: 0.00030000000000000073 	 Training loss: 0.0475650230422616
[2025-01-13 03:08:17,063] INFO: Iter 27600 Summary: 
[2025-01-13 03:08:17,064] INFO: 	 lr: 0.00030000000000000073 	 Training loss: 0.04768063321709633
[2025-01-13 03:08:31,418] INFO: Iter 27700 Summary: 
[2025-01-13 03:08:31,419] INFO: 	 lr: 0.00030000000000000073 	 Training loss: 0.04768164608627558
[2025-01-13 03:08:46,709] INFO: Iter 27800 Summary: 
[2025-01-13 03:08:46,710] INFO: 	 lr: 0.00030000000000000073 	 Training loss: 0.04737716186791659
[2025-01-13 03:09:01,698] INFO: Iter 27900 Summary: 
[2025-01-13 03:09:01,698] INFO: 	 lr: 0.00030000000000000073 	 Training loss: 0.04751568667590618
[2025-01-13 03:09:16,527] INFO: Iter 28000 Summary: 
[2025-01-13 03:09:16,528] INFO: 	 lr: 0.00030000000000000073 	 Training loss: 0.04772503338754177
[2025-01-13 03:09:30,954] INFO: Iter 28100 Summary: 
[2025-01-13 03:09:30,954] INFO: 	 lr: 0.00030000000000000073 	 Training loss: 0.04761286109685898
[2025-01-13 03:09:45,154] INFO: Iter 28200 Summary: 
[2025-01-13 03:09:45,154] INFO: 	 lr: 0.00030000000000000073 	 Training loss: 0.04753494009375572
[2025-01-13 03:09:58,270] INFO: Iter 28300 Summary: 
[2025-01-13 03:09:58,270] INFO: 	 lr: 0.00030000000000000073 	 Training loss: 0.047433368749916556
[2025-01-13 03:10:12,004] INFO: Iter 28400 Summary: 
[2025-01-13 03:10:12,004] INFO: 	 lr: 0.00030000000000000073 	 Training loss: 0.047562156803905964
[2025-01-13 03:10:27,299] INFO: Iter 28500 Summary: 
[2025-01-13 03:10:27,299] INFO: 	 lr: 0.00030000000000000073 	 Training loss: 0.04721536461263895
[2025-01-13 03:10:41,651] INFO: Iter 28600 Summary: 
[2025-01-13 03:10:41,652] INFO: 	 lr: 0.00030000000000000073 	 Training loss: 0.047303715571761135
[2025-01-13 03:10:55,609] INFO: Iter 28700 Summary: 
[2025-01-13 03:10:55,609] INFO: 	 lr: 0.00030000000000000073 	 Training loss: 0.04761902388185263
[2025-01-13 03:11:07,126] INFO: Iter 28800 Summary: 
[2025-01-13 03:11:07,127] INFO: 	 lr: 0.00030000000000000073 	 Training loss: 0.04742670588195324
[2025-01-13 03:11:22,005] INFO: Iter 28900 Summary: 
[2025-01-13 03:11:22,006] INFO: 	 lr: 0.00030000000000000073 	 Training loss: 0.047369571253657344
[2025-01-13 03:11:34,464] INFO: Iter 29000 Summary: 
[2025-01-13 03:11:34,465] INFO: 	 lr: 0.00030000000000000073 	 Training loss: 0.047786130234599114
[2025-01-13 03:11:46,755] INFO: Iter 29100 Summary: 
[2025-01-13 03:11:46,755] INFO: 	 lr: 0.00030000000000000073 	 Training loss: 0.047406636737287046
[2025-01-13 03:12:01,518] INFO: Iter 29200 Summary: 
[2025-01-13 03:12:01,518] INFO: 	 lr: 0.00030000000000000073 	 Training loss: 0.04743340779095888
[2025-01-13 03:12:15,057] INFO: Iter 29300 Summary: 
[2025-01-13 03:12:15,057] INFO: 	 lr: 0.00030000000000000073 	 Training loss: 0.047474172115325924
[2025-01-13 03:12:27,796] INFO: Iter 29400 Summary: 
[2025-01-13 03:12:27,796] INFO: 	 lr: 0.00030000000000000073 	 Training loss: 0.04744506649672985
[2025-01-13 03:12:40,730] INFO: Iter 29500 Summary: 
[2025-01-13 03:12:40,730] INFO: 	 lr: 0.00030000000000000073 	 Training loss: 0.04737392034381628
[2025-01-13 03:12:54,189] INFO: Iter 29600 Summary: 
[2025-01-13 03:12:54,189] INFO: 	 lr: 0.00030000000000000073 	 Training loss: 0.04745949365198612
[2025-01-13 03:13:07,665] INFO: Iter 29700 Summary: 
[2025-01-13 03:13:07,665] INFO: 	 lr: 0.00030000000000000073 	 Training loss: 0.04727316789329052
[2025-01-13 03:13:21,286] INFO: Iter 29800 Summary: 
[2025-01-13 03:13:21,287] INFO: 	 lr: 0.00030000000000000073 	 Training loss: 0.04749113965779543
[2025-01-13 03:13:35,659] INFO: Iter 29900 Summary: 
[2025-01-13 03:13:35,660] INFO: 	 lr: 0.00030000000000000073 	 Training loss: 0.04755488894879818
[2025-01-13 03:13:47,624] INFO: Iter 30000 Summary: 
[2025-01-13 03:13:47,624] INFO: 	 lr: 0.00030000000000000073 	 Training loss: 0.04745649959892034
[2025-01-13 03:14:02,741] INFO: Iter 30100 Summary: 
[2025-01-13 03:14:02,741] INFO: 	 lr: 1.2900000000000026e-05 	 Training loss: 0.0458699407055974
[2025-01-13 03:14:17,259] INFO: Iter 30200 Summary: 
[2025-01-13 03:14:17,259] INFO: 	 lr: 1.000000000000002e-05 	 Training loss: 0.045637182481586935
[2025-01-13 03:14:30,048] INFO: Iter 30300 Summary: 
[2025-01-13 03:14:30,048] INFO: 	 lr: 1.000000000000002e-05 	 Training loss: 0.0454701641201973
[2025-01-13 03:14:45,455] INFO: Iter 30400 Summary: 
[2025-01-13 03:14:45,455] INFO: 	 lr: 1.000000000000002e-05 	 Training loss: 0.045890258364379405
[2025-01-13 03:14:57,403] INFO: Iter 30500 Summary: 
[2025-01-13 03:14:57,403] INFO: 	 lr: 1.000000000000002e-05 	 Training loss: 0.04553030885756016
[2025-01-13 03:15:10,236] INFO: Iter 30600 Summary: 
[2025-01-13 03:15:10,236] INFO: 	 lr: 1.000000000000002e-05 	 Training loss: 0.04580783065408468
[2025-01-13 03:15:25,535] INFO: Iter 30700 Summary: 
[2025-01-13 03:15:25,535] INFO: 	 lr: 1.000000000000002e-05 	 Training loss: 0.0452630802616477
[2025-01-13 03:15:36,803] INFO: Iter 30800 Summary: 
[2025-01-13 03:15:36,803] INFO: 	 lr: 1.000000000000002e-05 	 Training loss: 0.045311314240098
[2025-01-13 03:15:50,328] INFO: Iter 30900 Summary: 
[2025-01-13 03:15:50,328] INFO: 	 lr: 1.000000000000002e-05 	 Training loss: 0.045220786035060884
[2025-01-13 03:16:02,357] INFO: Iter 31000 Summary: 
[2025-01-13 03:16:02,357] INFO: 	 lr: 1.000000000000002e-05 	 Training loss: 0.045246692299842836
[2025-01-13 03:16:14,949] INFO: Iter 31100 Summary: 
[2025-01-13 03:16:14,950] INFO: 	 lr: 1.000000000000002e-05 	 Training loss: 0.04551709339022637
[2025-01-13 03:16:27,981] INFO: Iter 31200 Summary: 
[2025-01-13 03:16:27,981] INFO: 	 lr: 1.000000000000002e-05 	 Training loss: 0.04555189147591591
[2025-01-13 03:16:42,678] INFO: Iter 31300 Summary: 
[2025-01-13 03:16:42,678] INFO: 	 lr: 1.000000000000002e-05 	 Training loss: 0.04513470988720655
[2025-01-13 03:16:57,105] INFO: Iter 31400 Summary: 
[2025-01-13 03:16:57,105] INFO: 	 lr: 1.000000000000002e-05 	 Training loss: 0.04547315824776888
[2025-01-13 03:17:11,048] INFO: Iter 31500 Summary: 
[2025-01-13 03:17:11,048] INFO: 	 lr: 1.000000000000002e-05 	 Training loss: 0.045218693017959596
[2025-01-13 03:17:25,241] INFO: Iter 31600 Summary: 
[2025-01-13 03:17:25,241] INFO: 	 lr: 1.000000000000002e-05 	 Training loss: 0.04493197023868561
[2025-01-13 03:17:38,956] INFO: Iter 31700 Summary: 
[2025-01-13 03:17:38,956] INFO: 	 lr: 1.000000000000002e-05 	 Training loss: 0.04520573541522026
[2025-01-13 03:17:52,124] INFO: Iter 31800 Summary: 
[2025-01-13 03:17:52,125] INFO: 	 lr: 1.000000000000002e-05 	 Training loss: 0.045473461784422395
[2025-01-13 03:18:06,220] INFO: Iter 31900 Summary: 
[2025-01-13 03:18:06,221] INFO: 	 lr: 1.000000000000002e-05 	 Training loss: 0.04532864220440388
[2025-01-13 03:18:21,532] INFO: Iter 32000 Summary: 
[2025-01-13 03:18:21,532] INFO: 	 lr: 1.000000000000002e-05 	 Training loss: 0.04519025485962629
[2025-01-13 03:18:38,268] INFO: Iter 32100 Summary: 
[2025-01-13 03:18:38,268] INFO: 	 lr: 1.000000000000002e-05 	 Training loss: 0.04521794747561216
[2025-01-13 03:18:52,570] INFO: Iter 32200 Summary: 
[2025-01-13 03:18:52,571] INFO: 	 lr: 1.000000000000002e-05 	 Training loss: 0.04533713698387146
[2025-01-13 03:19:07,630] INFO: Iter 32300 Summary: 
[2025-01-13 03:19:07,631] INFO: 	 lr: 1.000000000000002e-05 	 Training loss: 0.04521814744919538
[2025-01-13 03:19:20,674] INFO: Iter 32400 Summary: 
[2025-01-13 03:19:20,674] INFO: 	 lr: 1.000000000000002e-05 	 Training loss: 0.04507434725761414
[2025-01-13 03:19:32,612] INFO: Iter 32500 Summary: 
[2025-01-13 03:19:32,612] INFO: 	 lr: 1.000000000000002e-05 	 Training loss: 0.044892122372984886
[2025-01-13 03:19:46,641] INFO: Iter 32600 Summary: 
[2025-01-13 03:19:46,642] INFO: 	 lr: 1.000000000000002e-05 	 Training loss: 0.04516262792050838
[2025-01-13 03:19:59,036] INFO: Iter 32700 Summary: 
[2025-01-13 03:19:59,036] INFO: 	 lr: 1.000000000000002e-05 	 Training loss: 0.04513586543500423
[2025-01-13 03:20:13,477] INFO: Iter 32800 Summary: 
[2025-01-13 03:20:13,477] INFO: 	 lr: 1.000000000000002e-05 	 Training loss: 0.04495031822472811
[2025-01-13 03:20:26,516] INFO: Iter 32900 Summary: 
[2025-01-13 03:20:26,516] INFO: 	 lr: 1.000000000000002e-05 	 Training loss: 0.044926915019750595
[2025-01-13 03:20:40,500] INFO: Iter 33000 Summary: 
[2025-01-13 03:20:40,510] INFO: 	 lr: 1.000000000000002e-05 	 Training loss: 0.04483567133545876
[2025-01-13 03:20:53,383] INFO: Iter 33100 Summary: 
[2025-01-13 03:20:53,383] INFO: 	 lr: 1.000000000000002e-05 	 Training loss: 0.04521962903439999
[2025-01-13 03:21:07,608] INFO: Iter 33200 Summary: 
[2025-01-13 03:21:07,609] INFO: 	 lr: 1.000000000000002e-05 	 Training loss: 0.045140602998435496
[2025-01-13 03:21:21,048] INFO: Iter 33300 Summary: 
[2025-01-13 03:21:21,048] INFO: 	 lr: 1.000000000000002e-05 	 Training loss: 0.0450357548892498
[2025-01-13 03:21:33,509] INFO: Iter 33400 Summary: 
[2025-01-13 03:21:33,510] INFO: 	 lr: 1.000000000000002e-05 	 Training loss: 0.044802707619965076
[2025-01-13 03:21:48,410] INFO: Iter 33500 Summary: 
[2025-01-13 03:21:48,410] INFO: 	 lr: 1.000000000000002e-05 	 Training loss: 0.04496278341859579
[2025-01-13 03:22:00,776] INFO: Iter 33600 Summary: 
[2025-01-13 03:22:00,777] INFO: 	 lr: 1.000000000000002e-05 	 Training loss: 0.0448288682103157
[2025-01-13 03:22:15,043] INFO: Iter 33700 Summary: 
[2025-01-13 03:22:15,043] INFO: 	 lr: 1.000000000000002e-05 	 Training loss: 0.04514085289090872
[2025-01-13 03:22:28,736] INFO: Iter 33800 Summary: 
[2025-01-13 03:22:28,736] INFO: 	 lr: 1.000000000000002e-05 	 Training loss: 0.04503818817436695
[2025-01-13 03:22:43,602] INFO: Iter 33900 Summary: 
[2025-01-13 03:22:43,602] INFO: 	 lr: 1.000000000000002e-05 	 Training loss: 0.045023723728954794
[2025-01-13 03:23:01,140] INFO: Iter 34000 Summary: 
[2025-01-13 03:23:01,141] INFO: 	 lr: 1.000000000000002e-05 	 Training loss: 0.04504318531602621
[2025-01-13 03:23:19,331] INFO: Iter 34100 Summary: 
[2025-01-13 03:23:19,332] INFO: 	 lr: 1.000000000000002e-05 	 Training loss: 0.04496252600103617
[2025-01-13 03:23:33,511] INFO: Iter 34200 Summary: 
[2025-01-13 03:23:33,512] INFO: 	 lr: 1.000000000000002e-05 	 Training loss: 0.044780094772577286
[2025-01-13 03:23:46,340] INFO: Iter 34300 Summary: 
[2025-01-13 03:23:46,341] INFO: 	 lr: 1.000000000000002e-05 	 Training loss: 0.04499379999935627
[2025-01-13 03:23:57,801] INFO: Iter 34400 Summary: 
[2025-01-13 03:23:57,801] INFO: 	 lr: 1.000000000000002e-05 	 Training loss: 0.04504134878516197
[2025-01-13 03:24:10,256] INFO: Iter 34500 Summary: 
[2025-01-13 03:24:10,256] INFO: 	 lr: 1.000000000000002e-05 	 Training loss: 0.04507852789014578
[2025-01-13 03:24:22,698] INFO: Iter 34600 Summary: 
[2025-01-13 03:24:22,699] INFO: 	 lr: 1.000000000000002e-05 	 Training loss: 0.04468327645212412
[2025-01-13 03:24:34,887] INFO: Iter 34700 Summary: 
[2025-01-13 03:24:34,888] INFO: 	 lr: 1.000000000000002e-05 	 Training loss: 0.04448896322399378
[2025-01-13 03:24:47,105] INFO: Iter 34800 Summary: 
[2025-01-13 03:24:47,105] INFO: 	 lr: 1.000000000000002e-05 	 Training loss: 0.04465910654515028
[2025-01-13 03:25:00,749] INFO: Iter 34900 Summary: 
[2025-01-13 03:25:00,750] INFO: 	 lr: 1.000000000000002e-05 	 Training loss: 0.044820589683949946
[2025-01-13 03:25:14,957] INFO: Iter 35000 Summary: 
[2025-01-13 03:25:14,957] INFO: 	 lr: 1.000000000000002e-05 	 Training loss: 0.04487462691962719
[2025-01-13 03:25:27,992] INFO: Iter 35100 Summary: 
[2025-01-13 03:25:27,993] INFO: 	 lr: 1.000000000000002e-05 	 Training loss: 0.04511004939675331
[2025-01-13 03:25:41,684] INFO: Iter 35200 Summary: 
[2025-01-13 03:25:41,685] INFO: 	 lr: 1.000000000000002e-05 	 Training loss: 0.04495645184069872
[2025-01-13 03:25:54,127] INFO: Iter 35300 Summary: 
[2025-01-13 03:25:54,127] INFO: 	 lr: 1.000000000000002e-05 	 Training loss: 0.04497877072542906
[2025-01-13 03:26:07,467] INFO: Iter 35400 Summary: 
[2025-01-13 03:26:07,468] INFO: 	 lr: 1.000000000000002e-05 	 Training loss: 0.045339887626469136
[2025-01-13 03:26:20,311] INFO: Iter 35500 Summary: 
[2025-01-13 03:26:20,312] INFO: 	 lr: 1.000000000000002e-05 	 Training loss: 0.044639728181064126
[2025-01-13 03:26:32,333] INFO: Iter 35600 Summary: 
[2025-01-13 03:26:32,333] INFO: 	 lr: 1.000000000000002e-05 	 Training loss: 0.04474836241453886
[2025-01-13 03:26:44,841] INFO: Iter 35700 Summary: 
[2025-01-13 03:26:44,841] INFO: 	 lr: 1.000000000000002e-05 	 Training loss: 0.04460458051413298
[2025-01-13 03:26:57,442] INFO: Iter 35800 Summary: 
[2025-01-13 03:26:57,442] INFO: 	 lr: 1.000000000000002e-05 	 Training loss: 0.04473495289683342
[2025-01-13 03:27:09,956] INFO: Iter 35900 Summary: 
[2025-01-13 03:27:09,956] INFO: 	 lr: 1.000000000000002e-05 	 Training loss: 0.04485961154103279
[2025-01-13 03:27:22,669] INFO: Iter 36000 Summary: 
[2025-01-13 03:27:22,670] INFO: 	 lr: 1.000000000000002e-05 	 Training loss: 0.04462030731141567
[2025-01-13 03:27:37,175] INFO: Iter 36100 Summary: 
[2025-01-13 03:27:37,176] INFO: 	 lr: 1.000000000000002e-05 	 Training loss: 0.044414436742663384
[2025-01-13 03:27:50,626] INFO: Iter 36200 Summary: 
[2025-01-13 03:27:50,626] INFO: 	 lr: 1.000000000000002e-05 	 Training loss: 0.04510434906929731
[2025-01-13 03:28:03,040] INFO: Iter 36300 Summary: 
[2025-01-13 03:28:03,040] INFO: 	 lr: 1.000000000000002e-05 	 Training loss: 0.04489023774862289
[2025-01-13 03:28:15,694] INFO: Iter 36400 Summary: 
[2025-01-13 03:28:15,695] INFO: 	 lr: 1.000000000000002e-05 	 Training loss: 0.04485400889068842
[2025-01-13 03:28:28,564] INFO: Iter 36500 Summary: 
[2025-01-13 03:28:28,565] INFO: 	 lr: 1.000000000000002e-05 	 Training loss: 0.04481042303144932
[2025-01-13 03:28:41,536] INFO: Iter 36600 Summary: 
[2025-01-13 03:28:41,537] INFO: 	 lr: 1.000000000000002e-05 	 Training loss: 0.04461534488946199
[2025-01-13 03:28:55,214] INFO: Iter 36700 Summary: 
[2025-01-13 03:28:55,214] INFO: 	 lr: 1.000000000000002e-05 	 Training loss: 0.04455947615206242
[2025-01-13 03:29:08,454] INFO: Iter 36800 Summary: 
[2025-01-13 03:29:08,455] INFO: 	 lr: 1.000000000000002e-05 	 Training loss: 0.04465997841209173
[2025-01-13 03:29:22,209] INFO: Iter 36900 Summary: 
[2025-01-13 03:29:22,209] INFO: 	 lr: 1.000000000000002e-05 	 Training loss: 0.04474061507731676
[2025-01-13 03:29:36,174] INFO: Iter 37000 Summary: 
[2025-01-13 03:29:36,174] INFO: 	 lr: 1.000000000000002e-05 	 Training loss: 0.04486523061990738
[2025-01-13 03:29:49,530] INFO: Iter 37100 Summary: 
[2025-01-13 03:29:49,530] INFO: 	 lr: 1.000000000000002e-05 	 Training loss: 0.04471422601491213
[2025-01-13 03:30:01,775] INFO: Iter 37200 Summary: 
[2025-01-13 03:30:01,775] INFO: 	 lr: 1.000000000000002e-05 	 Training loss: 0.04487870380282402
[2025-01-13 03:30:15,080] INFO: Iter 37300 Summary: 
[2025-01-13 03:30:15,080] INFO: 	 lr: 1.000000000000002e-05 	 Training loss: 0.04473919864743948
[2025-01-13 03:30:28,730] INFO: Iter 37400 Summary: 
[2025-01-13 03:30:28,731] INFO: 	 lr: 1.000000000000002e-05 	 Training loss: 0.04423285104334354
[2025-01-13 03:30:41,789] INFO: Iter 37500 Summary: 
[2025-01-13 03:30:41,789] INFO: 	 lr: 1.000000000000002e-05 	 Training loss: 0.04513743694871664
[2025-01-13 03:30:54,730] INFO: Iter 37600 Summary: 
[2025-01-13 03:30:54,731] INFO: 	 lr: 1.000000000000002e-05 	 Training loss: 0.04440131418406963
[2025-01-13 03:31:07,814] INFO: Iter 37700 Summary: 
[2025-01-13 03:31:07,814] INFO: 	 lr: 1.000000000000002e-05 	 Training loss: 0.04477075055241585
[2025-01-13 03:31:20,796] INFO: Iter 37800 Summary: 
[2025-01-13 03:31:20,796] INFO: 	 lr: 1.000000000000002e-05 	 Training loss: 0.044747116081416606
[2025-01-13 03:31:33,083] INFO: Iter 37900 Summary: 
[2025-01-13 03:31:33,084] INFO: 	 lr: 1.000000000000002e-05 	 Training loss: 0.04430088598281145
[2025-01-13 03:31:45,851] INFO: Iter 38000 Summary: 
[2025-01-13 03:31:45,851] INFO: 	 lr: 1.000000000000002e-05 	 Training loss: 0.044546896293759346
[2025-01-13 03:32:02,611] INFO: Iter 38100 Summary: 
[2025-01-13 03:32:02,611] INFO: 	 lr: 1.000000000000002e-05 	 Training loss: 0.044531697556376454
[2025-01-13 03:32:16,909] INFO: Iter 38200 Summary: 
[2025-01-13 03:32:16,909] INFO: 	 lr: 1.000000000000002e-05 	 Training loss: 0.04463925499469042
[2025-01-13 03:32:29,568] INFO: Iter 38300 Summary: 
[2025-01-13 03:32:29,569] INFO: 	 lr: 1.000000000000002e-05 	 Training loss: 0.04459531299769878
[2025-01-13 03:32:43,096] INFO: Iter 38400 Summary: 
[2025-01-13 03:32:43,096] INFO: 	 lr: 1.000000000000002e-05 	 Training loss: 0.0443343648687005
[2025-01-13 03:32:56,050] INFO: Iter 38500 Summary: 
[2025-01-13 03:32:56,050] INFO: 	 lr: 1.000000000000002e-05 	 Training loss: 0.04477419406175613
[2025-01-13 03:33:09,130] INFO: Iter 38600 Summary: 
[2025-01-13 03:33:09,130] INFO: 	 lr: 1.000000000000002e-05 	 Training loss: 0.044651593267917636
[2025-01-13 03:33:23,130] INFO: Iter 38700 Summary: 
[2025-01-13 03:33:23,131] INFO: 	 lr: 1.000000000000002e-05 	 Training loss: 0.044985424540936944
[2025-01-13 03:33:37,701] INFO: Iter 38800 Summary: 
[2025-01-13 03:33:37,702] INFO: 	 lr: 1.000000000000002e-05 	 Training loss: 0.04442983753979206
[2025-01-13 03:33:51,584] INFO: Iter 38900 Summary: 
[2025-01-13 03:33:51,585] INFO: 	 lr: 1.000000000000002e-05 	 Training loss: 0.044611326046288015
[2025-01-13 03:34:04,353] INFO: Iter 39000 Summary: 
[2025-01-13 03:34:04,353] INFO: 	 lr: 1.000000000000002e-05 	 Training loss: 0.04493018101900816
[2025-01-13 03:34:17,810] INFO: Iter 39100 Summary: 
[2025-01-13 03:34:17,810] INFO: 	 lr: 1.000000000000002e-05 	 Training loss: 0.044734578505158426
[2025-01-13 03:34:31,073] INFO: Iter 39200 Summary: 
[2025-01-13 03:34:31,073] INFO: 	 lr: 1.000000000000002e-05 	 Training loss: 0.04451413195580244
[2025-01-13 03:34:44,350] INFO: Iter 39300 Summary: 
[2025-01-13 03:34:44,350] INFO: 	 lr: 1.000000000000002e-05 	 Training loss: 0.04471295010298491
[2025-01-13 03:34:58,238] INFO: Iter 39400 Summary: 
[2025-01-13 03:34:58,238] INFO: 	 lr: 1.000000000000002e-05 	 Training loss: 0.04426977775990963
[2025-01-13 03:35:09,478] INFO: Iter 39500 Summary: 
[2025-01-13 03:35:09,478] INFO: 	 lr: 1.000000000000002e-05 	 Training loss: 0.0443422232568264
[2025-01-13 03:35:21,814] INFO: Iter 39600 Summary: 
[2025-01-13 03:35:21,814] INFO: 	 lr: 1.000000000000002e-05 	 Training loss: 0.044437127485871315
[2025-01-13 03:35:33,908] INFO: Iter 39700 Summary: 
[2025-01-13 03:35:33,908] INFO: 	 lr: 1.000000000000002e-05 	 Training loss: 0.044729070365428926
[2025-01-13 03:35:46,460] INFO: Iter 39800 Summary: 
[2025-01-13 03:35:46,460] INFO: 	 lr: 1.000000000000002e-05 	 Training loss: 0.044584566913545134
[2025-01-13 03:35:57,666] INFO: Iter 39900 Summary: 
[2025-01-13 03:35:57,666] INFO: 	 lr: 1.000000000000002e-05 	 Training loss: 0.04443167693912983
[2025-01-13 03:36:09,779] INFO: Iter 40000 Summary: 
[2025-01-13 03:36:09,780] INFO: 	 lr: 1.000000000000002e-05 	 Training loss: 0.044842002429068085
