[2025-01-24 06:59:14,520] INFO: {
    "abs_dir": "/home/diwang/siMLPe/exps/baseline_h36m",
    "batch_size": 256,
    "cos_lr_max": 1e-05,
    "cos_lr_min": 5e-08,
    "cos_lr_total_iters": 80000,
    "data_aug": true,
    "deriv_input": true,
    "deriv_output": true,
    "device": "cuda:1",
    "h36m_anno_dir": "/home/diwang/siMLPe/data/h36m/",
    "link_log_file": "/home/diwang/siMLPe/exps/baseline_h36m/log/log_last.log",
    "link_val_log_file": "/home/diwang/siMLPe/exps/baseline_h36m/log/val_last.log",
    "log_dir": "/home/diwang/siMLPe/exps/baseline_h36m/log",
    "log_file": "/home/diwang/siMLPe/exps/baseline_h36m/log/log_2025_01_24_06_58_47.log",
    "model_pth": null,
    "motion": {
        "dim": 66,
        "h36m_input_length": 50,
        "h36m_input_length_dct": 50,
        "h36m_target_length": 5,
        "h36m_target_length_eval": 25,
        "h36m_target_length_train": 5
    },
    "motion_fc_in": {
        "activation": "relu",
        "in_features": 66,
        "init_w_trunc_normal": false,
        "out_features": 66,
        "temporal_fc": false,
        "with_norm": false
    },
    "motion_fc_out": {
        "activation": "relu",
        "in_features": 66,
        "init_w_trunc_normal": true,
        "out_features": 66,
        "temporal_fc": false,
        "with_norm": false
    },
    "motion_mlp": {
        "hidden_dim": 66,
        "norm_axis": "spatial",
        "num_layers": 48,
        "seq_len": 50,
        "spatial_fc_only": false,
        "with_normalization": true
    },
    "num_workers": 8,
    "post_dct": false,
    "pre_dct": false,
    "print_every": 100,
    "repo_name": "siMLPe",
    "root_dir": "/home/diwang/siMLPe",
    "save_every": 2000,
    "seed": 5096,
    "shift_step": 1,
    "snapshot_dir": "/home/diwang/siMLPe/exps/baseline_h36m/log/snapshot",
    "this_dir": "baseline_h36m",
    "use_relative_loss": true,
    "val_log_file": "/home/diwang/siMLPe/exps/baseline_h36m/log/val_2025_01_24_06_58_47.log",
    "weight_decay": 0.0001
}
[2025-01-24 06:59:30,536] INFO: Iter 100 Summarn  y: 
[2025-01-24 06:59:30,537] INFO: 	 lr: 0.00030000000000000073 	 Training loss: 0.03723759172484278
[2025-01-24 06:59:46,184] INFO: Iter 200 Summarn  y: 
[2025-01-24 06:59:46,185] INFO: 	 lr: 0.00030000000000000073 	 Training loss: 0.02867192156612873
[2025-01-24 06:59:57,651] INFO: Iter 300 Summarn  y: 
[2025-01-24 06:59:57,652] INFO: 	 lr: 0.00030000000000000073 	 Training loss: 0.02751343859359622
[2025-01-24 07:00:10,730] INFO: Iter 400 Summarn  y: 
[2025-01-24 07:00:10,730] INFO: 	 lr: 0.00030000000000000073 	 Training loss: 0.024221261367201805
[2025-01-24 07:00:24,715] INFO: Iter 500 Summarn  y: 
[2025-01-24 07:00:24,715] INFO: 	 lr: 0.00030000000000000073 	 Training loss: 0.021973661482334136
[2025-01-24 07:00:38,417] INFO: Iter 600 Summarn  y: 
[2025-01-24 07:00:38,417] INFO: 	 lr: 0.00030000000000000073 	 Training loss: 0.02104448739439249
[2025-01-24 07:00:54,190] INFO: Iter 700 Summarn  y: 
[2025-01-24 07:00:54,191] INFO: 	 lr: 0.00030000000000000073 	 Training loss: 0.020174612924456596
[2025-01-24 07:01:06,734] INFO: Iter 800 Summarn  y: 
[2025-01-24 07:01:06,734] INFO: 	 lr: 0.00030000000000000073 	 Training loss: 0.01993678418919444
[2025-01-24 07:01:20,359] INFO: Iter 900 Summarn  y: 
[2025-01-24 07:01:20,360] INFO: 	 lr: 0.00030000000000000073 	 Training loss: 0.01941507250070572
[2025-01-24 07:01:34,490] INFO: Iter 1000 Summarn  y: 
[2025-01-24 07:01:34,490] INFO: 	 lr: 0.00030000000000000073 	 Training loss: 0.019610790256410836
[2025-01-24 07:01:48,283] INFO: Iter 1100 Summarn  y: 
[2025-01-24 07:01:48,283] INFO: 	 lr: 0.00030000000000000073 	 Training loss: 0.01929244287312031
[2025-01-24 07:01:59,593] INFO: Iter 1200 Summarn  y: 
[2025-01-24 07:01:59,593] INFO: 	 lr: 0.00030000000000000073 	 Training loss: 0.01897478763014078
[2025-01-24 07:02:12,205] INFO: Iter 1300 Summarn  y: 
[2025-01-24 07:02:12,205] INFO: 	 lr: 0.00030000000000000073 	 Training loss: 0.01912799557670951
[2025-01-24 07:02:27,531] INFO: Iter 1400 Summarn  y: 
[2025-01-24 07:02:27,531] INFO: 	 lr: 0.00030000000000000073 	 Training loss: 0.018924369867891075
[2025-01-24 07:02:41,099] INFO: Iter 1500 Summarn  y: 
[2025-01-24 07:02:41,099] INFO: 	 lr: 0.00030000000000000073 	 Training loss: 0.01876279441639781
[2025-01-24 07:02:55,561] INFO: Iter 1600 Summarn  y: 
[2025-01-24 07:02:55,561] INFO: 	 lr: 0.00030000000000000073 	 Training loss: 0.01864521361887455
[2025-01-24 07:03:09,784] INFO: Iter 1700 Summarn  y: 
[2025-01-24 07:03:09,784] INFO: 	 lr: 0.00030000000000000073 	 Training loss: 0.018708824925124646
[2025-01-24 07:03:22,086] INFO: Iter 1800 Summarn  y: 
[2025-01-24 07:03:22,086] INFO: 	 lr: 0.00030000000000000073 	 Training loss: 0.018396401889622212
[2025-01-24 07:03:36,469] INFO: Iter 1900 Summarn  y: 
[2025-01-24 07:03:36,469] INFO: 	 lr: 0.00030000000000000073 	 Training loss: 0.018238217420876026
[2025-01-24 07:03:48,886] INFO: Iter 2000 Summarn  y: 
[2025-01-24 07:03:48,886] INFO: 	 lr: 0.00030000000000000073 	 Training loss: 0.01826285373419523
[2025-01-24 07:04:09,275] INFO: Iter 2100 Summarn  y: 
[2025-01-24 07:04:09,276] INFO: 	 lr: 0.00030000000000000073 	 Training loss: 0.0180822778865695
[2025-01-24 07:04:23,751] INFO: Iter 2200 Summarn  y: 
[2025-01-24 07:04:23,751] INFO: 	 lr: 0.00030000000000000073 	 Training loss: 0.01794422751292586
[2025-01-24 07:04:36,048] INFO: Iter 2300 Summarn  y: 
[2025-01-24 07:04:36,048] INFO: 	 lr: 0.00030000000000000073 	 Training loss: 0.01789006784558296
[2025-01-24 07:04:49,144] INFO: Iter 2400 Summarn  y: 
[2025-01-24 07:04:49,144] INFO: 	 lr: 0.00030000000000000073 	 Training loss: 0.017884534318000078
[2025-01-24 07:05:02,240] INFO: Iter 2500 Summarn  y: 
[2025-01-24 07:05:02,241] INFO: 	 lr: 0.00030000000000000073 	 Training loss: 0.017815715223550795
[2025-01-24 07:05:15,698] INFO: Iter 2600 Summarn  y: 
[2025-01-24 07:05:15,699] INFO: 	 lr: 0.00030000000000000073 	 Training loss: 0.017831802796572448
[2025-01-24 07:05:30,401] INFO: Iter 2700 Summarn  y: 
[2025-01-24 07:05:30,401] INFO: 	 lr: 0.00030000000000000073 	 Training loss: 0.017796111702919008
[2025-01-24 07:05:46,085] INFO: Iter 2800 Summarn  y: 
[2025-01-24 07:05:46,085] INFO: 	 lr: 0.00030000000000000073 	 Training loss: 0.0176176823861897
[2025-01-24 07:05:59,462] INFO: Iter 2900 Summarn  y: 
[2025-01-24 07:05:59,462] INFO: 	 lr: 0.00030000000000000073 	 Training loss: 0.017556955805048347
[2025-01-24 07:06:08,196] INFO: Iter 3000 Summarn  y: 
[2025-01-24 07:06:08,196] INFO: 	 lr: 0.00030000000000000073 	 Training loss: 0.01743990823626518
[2025-01-24 07:06:21,698] INFO: Iter 3100 Summarn  y: 
[2025-01-24 07:06:21,698] INFO: 	 lr: 0.00030000000000000073 	 Training loss: 0.01743407452479005
[2025-01-24 07:06:34,963] INFO: Iter 3200 Summarn  y: 
[2025-01-24 07:06:34,963] INFO: 	 lr: 0.00030000000000000073 	 Training loss: 0.01734700281172991
[2025-01-24 07:06:50,122] INFO: Iter 3300 Summarn  y: 
[2025-01-24 07:06:50,122] INFO: 	 lr: 0.00030000000000000073 	 Training loss: 0.017240416333079336
[2025-01-24 07:07:02,382] INFO: Iter 3400 Summarn  y: 
[2025-01-24 07:07:02,383] INFO: 	 lr: 0.00030000000000000073 	 Training loss: 0.017270015506073832
[2025-01-24 07:07:15,957] INFO: Iter 3500 Summarn  y: 
[2025-01-24 07:07:15,957] INFO: 	 lr: 0.00030000000000000073 	 Training loss: 0.017038561860099433
[2025-01-24 07:07:28,711] INFO: Iter 3600 Summarn  y: 
[2025-01-24 07:07:28,712] INFO: 	 lr: 0.00030000000000000073 	 Training loss: 0.017522085271775723
[2025-01-24 07:07:40,995] INFO: Iter 3700 Summarn  y: 
[2025-01-24 07:07:40,995] INFO: 	 lr: 0.00030000000000000073 	 Training loss: 0.01724097825586796
[2025-01-24 07:07:54,511] INFO: Iter 3800 Summarn  y: 
[2025-01-24 07:07:54,511] INFO: 	 lr: 0.00030000000000000073 	 Training loss: 0.01693953518755734
[2025-01-24 07:08:07,852] INFO: Iter 3900 Summarn  y: 
[2025-01-24 07:08:07,853] INFO: 	 lr: 0.00030000000000000073 	 Training loss: 0.017042117901146413
[2025-01-24 07:08:22,427] INFO: Iter 4000 Summarn  y: 
[2025-01-24 07:08:22,427] INFO: 	 lr: 0.00030000000000000073 	 Training loss: 0.016885301563888788
[2025-01-24 07:08:42,856] INFO: Iter 4100 Summarn  y: 
[2025-01-24 07:08:42,856] INFO: 	 lr: 0.00030000000000000073 	 Training loss: 0.01678380071185529
[2025-01-24 07:08:58,440] INFO: Iter 4200 Summarn  y: 
[2025-01-24 07:08:58,441] INFO: 	 lr: 0.00030000000000000073 	 Training loss: 0.016892623575404286
[2025-01-24 07:09:12,938] INFO: Iter 4300 Summarn  y: 
[2025-01-24 07:09:12,939] INFO: 	 lr: 0.00030000000000000073 	 Training loss: 0.016754705663770436
[2025-01-24 07:09:28,153] INFO: Iter 4400 Summarn  y: 
[2025-01-24 07:09:28,153] INFO: 	 lr: 0.00030000000000000073 	 Training loss: 0.016883201440796258
[2025-01-24 07:09:41,997] INFO: Iter 4500 Summarn  y: 
[2025-01-24 07:09:41,997] INFO: 	 lr: 0.00030000000000000073 	 Training loss: 0.016577795213088393
[2025-01-24 07:09:56,347] INFO: Iter 4600 Summarn  y: 
[2025-01-24 07:09:56,348] INFO: 	 lr: 0.00030000000000000073 	 Training loss: 0.016760597685351968
[2025-01-24 07:10:10,184] INFO: Iter 4700 Summarn  y: 
[2025-01-24 07:10:10,184] INFO: 	 lr: 0.00030000000000000073 	 Training loss: 0.016603704188019038
[2025-01-24 07:10:23,217] INFO: Iter 4800 Summarn  y: 
[2025-01-24 07:10:23,218] INFO: 	 lr: 0.00030000000000000073 	 Training loss: 0.01673747591674328
[2025-01-24 07:10:37,949] INFO: Iter 4900 Summarn  y: 
[2025-01-24 07:10:37,950] INFO: 	 lr: 0.00030000000000000073 	 Training loss: 0.016715436531230806
[2025-01-24 07:10:51,756] INFO: Iter 5000 Summarn  y: 
[2025-01-24 07:10:51,756] INFO: 	 lr: 0.00030000000000000073 	 Training loss: 0.016512149842455984
[2025-01-24 07:11:04,474] INFO: Iter 5100 Summarn  y: 
[2025-01-24 07:11:04,475] INFO: 	 lr: 0.00030000000000000073 	 Training loss: 0.016632535625249148
[2025-01-24 07:11:19,823] INFO: Iter 5200 Summarn  y: 
[2025-01-24 07:11:19,823] INFO: 	 lr: 0.00030000000000000073 	 Training loss: 0.016367660947144032
[2025-01-24 07:11:35,478] INFO: Iter 5300 Summarn  y: 
[2025-01-24 07:11:35,478] INFO: 	 lr: 0.00030000000000000073 	 Training loss: 0.016446252558380364
[2025-01-24 07:11:49,001] INFO: Iter 5400 Summarn  y: 
[2025-01-24 07:11:49,001] INFO: 	 lr: 0.00030000000000000073 	 Training loss: 0.016466001365333795
[2025-01-24 07:12:03,393] INFO: Iter 5500 Summarn  y: 
[2025-01-24 07:12:03,394] INFO: 	 lr: 0.00030000000000000073 	 Training loss: 0.016509345220401882
[2025-01-24 07:12:19,011] INFO: Iter 5600 Summarn  y: 
[2025-01-24 07:12:19,012] INFO: 	 lr: 0.00030000000000000073 	 Training loss: 0.016210923278704284
[2025-01-24 07:12:31,538] INFO: Iter 5700 Summarn  y: 
[2025-01-24 07:12:31,546] INFO: 	 lr: 0.00030000000000000073 	 Training loss: 0.01629600375890732
[2025-01-24 07:12:44,398] INFO: Iter 5800 Summarn  y: 
[2025-01-24 07:12:44,398] INFO: 	 lr: 0.00030000000000000073 	 Training loss: 0.016220097476616503
[2025-01-24 07:12:56,627] INFO: Iter 5900 Summarn  y: 
[2025-01-24 07:12:56,627] INFO: 	 lr: 0.00030000000000000073 	 Training loss: 0.015985288647934793
[2025-01-24 07:13:09,480] INFO: Iter 6000 Summarn  y: 
[2025-01-24 07:13:09,481] INFO: 	 lr: 0.00030000000000000073 	 Training loss: 0.016225395584478976
[2025-01-24 07:13:30,795] INFO: Iter 6100 Summarn  y: 
[2025-01-24 07:13:30,795] INFO: 	 lr: 0.00030000000000000073 	 Training loss: 0.01613346431404352
[2025-01-24 07:13:46,449] INFO: Iter 6200 Summarn  y: 
[2025-01-24 07:13:46,450] INFO: 	 lr: 0.00030000000000000073 	 Training loss: 0.016095286086201668
[2025-01-24 07:14:00,388] INFO: Iter 6300 Summarn  y: 
[2025-01-24 07:14:00,389] INFO: 	 lr: 0.00030000000000000073 	 Training loss: 0.01605878910049796
[2025-01-24 07:14:13,461] INFO: Iter 6400 Summarn  y: 
[2025-01-24 07:14:13,461] INFO: 	 lr: 0.00030000000000000073 	 Training loss: 0.016187937334179878
[2025-01-24 07:14:25,994] INFO: Iter 6500 Summarn  y: 
[2025-01-24 07:14:25,994] INFO: 	 lr: 0.00030000000000000073 	 Training loss: 0.01603342965245247
[2025-01-24 07:14:38,903] INFO: Iter 6600 Summarn  y: 
[2025-01-24 07:14:38,904] INFO: 	 lr: 0.00030000000000000073 	 Training loss: 0.015934048127382992
[2025-01-24 07:14:53,531] INFO: Iter 6700 Summarn  y: 
[2025-01-24 07:14:53,531] INFO: 	 lr: 0.00030000000000000073 	 Training loss: 0.015811928221955894
[2025-01-24 07:15:06,932] INFO: Iter 6800 Summarn  y: 
[2025-01-24 07:15:06,932] INFO: 	 lr: 0.00030000000000000073 	 Training loss: 0.015852651130408048
[2025-01-24 07:15:21,425] INFO: Iter 6900 Summarn  y: 
[2025-01-24 07:15:21,425] INFO: 	 lr: 0.00030000000000000073 	 Training loss: 0.016051490921527148
[2025-01-24 07:15:34,193] INFO: Iter 7000 Summarn  y: 
[2025-01-24 07:15:34,193] INFO: 	 lr: 0.00030000000000000073 	 Training loss: 0.0158321413397789
[2025-01-24 07:15:48,399] INFO: Iter 7100 Summarn  y: 
[2025-01-24 07:15:48,399] INFO: 	 lr: 0.00030000000000000073 	 Training loss: 0.01583028780296445
[2025-01-24 07:16:03,381] INFO: Iter 7200 Summarn  y: 
[2025-01-24 07:16:03,381] INFO: 	 lr: 0.00030000000000000073 	 Training loss: 0.015690844468772412
[2025-01-24 07:16:14,946] INFO: Iter 7300 Summarn  y: 
[2025-01-24 07:16:14,947] INFO: 	 lr: 0.00030000000000000073 	 Training loss: 0.01581154708750546
[2025-01-24 07:16:29,951] INFO: Iter 7400 Summarn  y: 
[2025-01-24 07:16:29,951] INFO: 	 lr: 0.00030000000000000073 	 Training loss: 0.015810880474746228
[2025-01-24 07:16:41,982] INFO: Iter 7500 Summarn  y: 
[2025-01-24 07:16:41,983] INFO: 	 lr: 0.00030000000000000073 	 Training loss: 0.015769471442326904
[2025-01-24 07:16:52,801] INFO: Iter 7600 Summarn  y: 
[2025-01-24 07:16:52,801] INFO: 	 lr: 0.00030000000000000073 	 Training loss: 0.015759582752361893
[2025-01-24 07:17:07,018] INFO: Iter 7700 Summarn  y: 
[2025-01-24 07:17:07,019] INFO: 	 lr: 0.00030000000000000073 	 Training loss: 0.015582274375483395
[2025-01-24 07:17:21,492] INFO: Iter 7800 Summarn  y: 
[2025-01-24 07:17:21,493] INFO: 	 lr: 0.00030000000000000073 	 Training loss: 0.01540909837000072
[2025-01-24 07:17:34,782] INFO: Iter 7900 Summarn  y: 
[2025-01-24 07:17:34,782] INFO: 	 lr: 0.00030000000000000073 	 Training loss: 0.01555537692271173
[2025-01-24 07:17:48,662] INFO: Iter 8000 Summarn  y: 
[2025-01-24 07:17:48,662] INFO: 	 lr: 0.00030000000000000073 	 Training loss: 0.01548376802355051
[2025-01-24 07:18:08,019] INFO: Iter 8100 Summarn  y: 
[2025-01-24 07:18:08,019] INFO: 	 lr: 0.00030000000000000073 	 Training loss: 0.015562179442495107
[2025-01-24 07:18:21,898] INFO: Iter 8200 Summarn  y: 
[2025-01-24 07:18:21,899] INFO: 	 lr: 0.00030000000000000073 	 Training loss: 0.015608146507292985
[2025-01-24 07:18:34,988] INFO: Iter 8300 Summarn  y: 
[2025-01-24 07:18:34,988] INFO: 	 lr: 0.00030000000000000073 	 Training loss: 0.015518190795555711
[2025-01-24 07:18:49,005] INFO: Iter 8400 Summarn  y: 
[2025-01-24 07:18:49,005] INFO: 	 lr: 0.00030000000000000073 	 Training loss: 0.015445804335176944
[2025-01-24 07:19:01,179] INFO: Iter 8500 Summarn  y: 
[2025-01-24 07:19:01,179] INFO: 	 lr: 0.00030000000000000073 	 Training loss: 0.015511202709749341
[2025-01-24 07:19:15,628] INFO: Iter 8600 Summarn  y: 
[2025-01-24 07:19:15,628] INFO: 	 lr: 0.00030000000000000073 	 Training loss: 0.015409140633419156
[2025-01-24 07:19:30,435] INFO: Iter 8700 Summarn  y: 
[2025-01-24 07:19:30,435] INFO: 	 lr: 0.00030000000000000073 	 Training loss: 0.015444802707061172
[2025-01-24 07:19:46,075] INFO: Iter 8800 Summarn  y: 
[2025-01-24 07:19:46,075] INFO: 	 lr: 0.00030000000000000073 	 Training loss: 0.015431402297690511
[2025-01-24 07:20:01,035] INFO: Iter 8900 Summarn  y: 
[2025-01-24 07:20:01,035] INFO: 	 lr: 0.00030000000000000073 	 Training loss: 0.015320387482643128
[2025-01-24 07:20:16,106] INFO: Iter 9000 Summarn  y: 
[2025-01-24 07:20:16,107] INFO: 	 lr: 0.00030000000000000073 	 Training loss: 0.015257108369842171
[2025-01-24 07:20:31,042] INFO: Iter 9100 Summarn  y: 
[2025-01-24 07:20:31,043] INFO: 	 lr: 0.00030000000000000073 	 Training loss: 0.015302813546732068
[2025-01-24 07:20:42,345] INFO: Iter 9200 Summarn  y: 
[2025-01-24 07:20:42,345] INFO: 	 lr: 0.00030000000000000073 	 Training loss: 0.01536255438812077
[2025-01-24 07:20:56,626] INFO: Iter 9300 Summarn  y: 
[2025-01-24 07:20:56,626] INFO: 	 lr: 0.00030000000000000073 	 Training loss: 0.015422055469825864
[2025-01-24 07:21:11,388] INFO: Iter 9400 Summarn  y: 
[2025-01-24 07:21:11,388] INFO: 	 lr: 0.00030000000000000073 	 Training loss: 0.015117255728691817
[2025-01-24 07:21:24,335] INFO: Iter 9500 Summarn  y: 
[2025-01-24 07:21:24,336] INFO: 	 lr: 0.00030000000000000073 	 Training loss: 0.015266429716721177
[2025-01-24 07:21:37,173] INFO: Iter 9600 Summarn  y: 
[2025-01-24 07:21:37,173] INFO: 	 lr: 0.00030000000000000073 	 Training loss: 0.015294304490089417
[2025-01-24 07:21:50,943] INFO: Iter 9700 Summarn  y: 
[2025-01-24 07:21:50,943] INFO: 	 lr: 0.00030000000000000073 	 Training loss: 0.015260791406035423
[2025-01-24 07:22:06,202] INFO: Iter 9800 Summarn  y: 
[2025-01-24 07:22:06,202] INFO: 	 lr: 0.00030000000000000073 	 Training loss: 0.015189195107668639
[2025-01-24 07:22:19,864] INFO: Iter 9900 Summarn  y: 
[2025-01-24 07:22:19,864] INFO: 	 lr: 0.00030000000000000073 	 Training loss: 0.015277790408581494
[2025-01-24 07:22:34,577] INFO: Iter 10000 Summarn  y: 
[2025-01-24 07:22:34,577] INFO: 	 lr: 0.00030000000000000073 	 Training loss: 0.015180180361494423
[2025-01-24 07:22:56,545] INFO: Iter 10100 Summarn  y: 
[2025-01-24 07:22:56,545] INFO: 	 lr: 0.00030000000000000073 	 Training loss: 0.01514867091551423
[2025-01-24 07:23:10,698] INFO: Iter 10200 Summarn  y: 
[2025-01-24 07:23:10,698] INFO: 	 lr: 0.00030000000000000073 	 Training loss: 0.015206441394984721
[2025-01-24 07:23:24,468] INFO: Iter 10300 Summarn  y: 
[2025-01-24 07:23:24,469] INFO: 	 lr: 0.00030000000000000073 	 Training loss: 0.015063748210668564
[2025-01-24 07:23:39,738] INFO: Iter 10400 Summarn  y: 
[2025-01-24 07:23:39,739] INFO: 	 lr: 0.00030000000000000073 	 Training loss: 0.015309388544410467
[2025-01-24 07:23:52,184] INFO: Iter 10500 Summarn  y: 
[2025-01-24 07:23:52,184] INFO: 	 lr: 0.00030000000000000073 	 Training loss: 0.014973862804472446
[2025-01-24 07:24:07,114] INFO: Iter 10600 Summarn  y: 
[2025-01-24 07:24:07,114] INFO: 	 lr: 0.00030000000000000073 	 Training loss: 0.015016523580998182
[2025-01-24 07:24:21,204] INFO: Iter 10700 Summarn  y: 
[2025-01-24 07:24:21,204] INFO: 	 lr: 0.00030000000000000073 	 Training loss: 0.015089520504698157
[2025-01-24 07:24:32,710] INFO: Iter 10800 Summarn  y: 
[2025-01-24 07:24:32,710] INFO: 	 lr: 0.00030000000000000073 	 Training loss: 0.015173389883711934
[2025-01-24 07:24:44,705] INFO: Iter 10900 Summarn  y: 
[2025-01-24 07:24:44,705] INFO: 	 lr: 0.00030000000000000073 	 Training loss: 0.01515515947714448
[2025-01-24 07:24:58,878] INFO: Iter 11000 Summarn  y: 
[2025-01-24 07:24:58,879] INFO: 	 lr: 0.00030000000000000073 	 Training loss: 0.014998250240460038
[2025-01-24 07:25:16,287] INFO: Iter 11100 Summarn  y: 
[2025-01-24 07:25:16,287] INFO: 	 lr: 0.00030000000000000073 	 Training loss: 0.015080513190478087
[2025-01-24 07:25:32,007] INFO: Iter 11200 Summarn  y: 
[2025-01-24 07:25:32,007] INFO: 	 lr: 0.00030000000000000073 	 Training loss: 0.015066890884190798
[2025-01-24 07:25:45,782] INFO: Iter 11300 Summarn  y: 
[2025-01-24 07:25:45,782] INFO: 	 lr: 0.00030000000000000073 	 Training loss: 0.014975191801786423
[2025-01-24 07:25:59,953] INFO: Iter 11400 Summarn  y: 
[2025-01-24 07:25:59,953] INFO: 	 lr: 0.00030000000000000073 	 Training loss: 0.014971751812845468
[2025-01-24 07:26:10,058] INFO: Iter 11500 Summarn  y: 
[2025-01-24 07:26:10,059] INFO: 	 lr: 0.00030000000000000073 	 Training loss: 0.015002423161640764
[2025-01-24 07:26:24,255] INFO: Iter 11600 Summarn  y: 
[2025-01-24 07:26:24,255] INFO: 	 lr: 0.00030000000000000073 	 Training loss: 0.01487602099776268
[2025-01-24 07:26:39,294] INFO: Iter 11700 Summarn  y: 
[2025-01-24 07:26:39,295] INFO: 	 lr: 0.00030000000000000073 	 Training loss: 0.014835615158081055
[2025-01-24 07:26:55,949] INFO: Iter 11800 Summarn  y: 
[2025-01-24 07:26:55,950] INFO: 	 lr: 0.00030000000000000073 	 Training loss: 0.014829735653474927
[2025-01-24 07:27:10,090] INFO: Iter 11900 Summarn  y: 
[2025-01-24 07:27:10,091] INFO: 	 lr: 0.00030000000000000073 	 Training loss: 0.015047461232170463
[2025-01-24 07:27:24,220] INFO: Iter 12000 Summarn  y: 
[2025-01-24 07:27:24,220] INFO: 	 lr: 0.00030000000000000073 	 Training loss: 0.014828004995360971
[2025-01-24 07:27:45,257] INFO: Iter 12100 Summarn  y: 
[2025-01-24 07:27:45,257] INFO: 	 lr: 0.00030000000000000073 	 Training loss: 0.015001818826422096
[2025-01-24 07:27:59,622] INFO: Iter 12200 Summarn  y: 
[2025-01-24 07:27:59,622] INFO: 	 lr: 0.00030000000000000073 	 Training loss: 0.014884384404867888
[2025-01-24 07:28:12,234] INFO: Iter 12300 Summarn  y: 
[2025-01-24 07:28:12,234] INFO: 	 lr: 0.00030000000000000073 	 Training loss: 0.014891843600198627
[2025-01-24 07:28:25,793] INFO: Iter 12400 Summarn  y: 
[2025-01-24 07:28:25,793] INFO: 	 lr: 0.00030000000000000073 	 Training loss: 0.014909727554768324
[2025-01-24 07:28:41,313] INFO: Iter 12500 Summarn  y: 
[2025-01-24 07:28:41,314] INFO: 	 lr: 0.00030000000000000073 	 Training loss: 0.014821663945913315
[2025-01-24 07:28:56,052] INFO: Iter 12600 Summarn  y: 
[2025-01-24 07:28:56,053] INFO: 	 lr: 0.00030000000000000073 	 Training loss: 0.01476703812368214
[2025-01-24 07:29:10,359] INFO: Iter 12700 Summarn  y: 
[2025-01-24 07:29:10,360] INFO: 	 lr: 0.00030000000000000073 	 Training loss: 0.01482002935372293
[2025-01-24 07:29:22,334] INFO: Iter 12800 Summarn  y: 
[2025-01-24 07:29:22,335] INFO: 	 lr: 0.00030000000000000073 	 Training loss: 0.014786031488329172
[2025-01-24 07:29:36,402] INFO: Iter 12900 Summarn  y: 
[2025-01-24 07:29:36,402] INFO: 	 lr: 0.00030000000000000073 	 Training loss: 0.014759313622489572
[2025-01-24 07:29:50,428] INFO: Iter 13000 Summarn  y: 
[2025-01-24 07:29:50,428] INFO: 	 lr: 0.00030000000000000073 	 Training loss: 0.014864466199651361
[2025-01-24 07:30:04,623] INFO: Iter 13100 Summarn  y: 
[2025-01-24 07:30:04,623] INFO: 	 lr: 0.00030000000000000073 	 Training loss: 0.014833480892702937
[2025-01-24 07:30:20,956] INFO: Iter 13200 Summarn  y: 
[2025-01-24 07:30:20,957] INFO: 	 lr: 0.00030000000000000073 	 Training loss: 0.014817476226016878
[2025-01-24 07:30:33,909] INFO: Iter 13300 Summarn  y: 
[2025-01-24 07:30:33,909] INFO: 	 lr: 0.00030000000000000073 	 Training loss: 0.014828579789027572
[2025-01-24 07:30:45,385] INFO: Iter 13400 Summarn  y: 
[2025-01-24 07:30:45,385] INFO: 	 lr: 0.00030000000000000073 	 Training loss: 0.014631138453260063
[2025-01-24 07:30:57,447] INFO: Iter 13500 Summarn  y: 
[2025-01-24 07:30:57,447] INFO: 	 lr: 0.00030000000000000073 	 Training loss: 0.01484073725529015
[2025-01-24 07:31:09,944] INFO: Iter 13600 Summarn  y: 
[2025-01-24 07:31:09,944] INFO: 	 lr: 0.00030000000000000073 	 Training loss: 0.014826563745737075
[2025-01-24 07:31:24,746] INFO: Iter 13700 Summarn  y: 
[2025-01-24 07:31:24,746] INFO: 	 lr: 0.00030000000000000073 	 Training loss: 0.014701341297477483
[2025-01-24 07:31:39,118] INFO: Iter 13800 Summarn  y: 
[2025-01-24 07:31:39,118] INFO: 	 lr: 0.00030000000000000073 	 Training loss: 0.014589928463101387
[2025-01-24 07:31:53,515] INFO: Iter 13900 Summarn  y: 
[2025-01-24 07:31:53,516] INFO: 	 lr: 0.00030000000000000073 	 Training loss: 0.014811378587037325
[2025-01-24 07:32:07,310] INFO: Iter 14000 Summarn  y: 
[2025-01-24 07:32:07,310] INFO: 	 lr: 0.00030000000000000073 	 Training loss: 0.014705224744975567
[2025-01-24 07:32:26,997] INFO: Iter 14100 Summarn  y: 
[2025-01-24 07:32:26,998] INFO: 	 lr: 0.00030000000000000073 	 Training loss: 0.0147537696454674
[2025-01-24 07:32:41,217] INFO: Iter 14200 Summarn  y: 
[2025-01-24 07:32:41,217] INFO: 	 lr: 0.00030000000000000073 	 Training loss: 0.014634357560425996
[2025-01-24 07:32:55,842] INFO: Iter 14300 Summarn  y: 
[2025-01-24 07:32:55,843] INFO: 	 lr: 0.00030000000000000073 	 Training loss: 0.014672921486198903
[2025-01-24 07:33:09,355] INFO: Iter 14400 Summarn  y: 
[2025-01-24 07:33:09,356] INFO: 	 lr: 0.00030000000000000073 	 Training loss: 0.01463550077751279
[2025-01-24 07:33:25,243] INFO: Iter 14500 Summarn  y: 
[2025-01-24 07:33:25,243] INFO: 	 lr: 0.00030000000000000073 	 Training loss: 0.014648733269423246
[2025-01-24 07:33:36,655] INFO: Iter 14600 Summarn  y: 
[2025-01-24 07:33:36,655] INFO: 	 lr: 0.00030000000000000073 	 Training loss: 0.014720726609230041
[2025-01-24 07:33:49,191] INFO: Iter 14700 Summarn  y: 
[2025-01-24 07:33:49,191] INFO: 	 lr: 0.00030000000000000073 	 Training loss: 0.014609534293413162
[2025-01-24 07:34:01,589] INFO: Iter 14800 Summarn  y: 
[2025-01-24 07:34:01,589] INFO: 	 lr: 0.00030000000000000073 	 Training loss: 0.014742743466049433
[2025-01-24 07:34:13,577] INFO: Iter 14900 Summarn  y: 
[2025-01-24 07:34:13,577] INFO: 	 lr: 0.00030000000000000073 	 Training loss: 0.014524559210985898
[2025-01-24 07:34:27,466] INFO: Iter 15000 Summarn  y: 
[2025-01-24 07:34:27,467] INFO: 	 lr: 0.00030000000000000073 	 Training loss: 0.014777660947293042
[2025-01-24 07:34:41,413] INFO: Iter 15100 Summarn  y: 
[2025-01-24 07:34:41,413] INFO: 	 lr: 0.00030000000000000073 	 Training loss: 0.014615283096209169
[2025-01-24 07:34:54,641] INFO: Iter 15200 Summarn  y: 
[2025-01-24 07:34:54,641] INFO: 	 lr: 0.00030000000000000073 	 Training loss: 0.014585246415808797
[2025-01-24 07:35:09,659] INFO: Iter 15300 Summarn  y: 
[2025-01-24 07:35:09,659] INFO: 	 lr: 0.00030000000000000073 	 Training loss: 0.014510180661454796
[2025-01-24 07:35:21,381] INFO: Iter 15400 Summarn  y: 
[2025-01-24 07:35:21,381] INFO: 	 lr: 0.00030000000000000073 	 Training loss: 0.014559538699686528
[2025-01-24 07:35:34,697] INFO: Iter 15500 Summarn  y: 
[2025-01-24 07:35:34,697] INFO: 	 lr: 0.00030000000000000073 	 Training loss: 0.01466304405592382
[2025-01-24 07:35:47,757] INFO: Iter 15600 Summarn  y: 
[2025-01-24 07:35:47,757] INFO: 	 lr: 0.00030000000000000073 	 Training loss: 0.014642789559438825
[2025-01-24 07:35:59,873] INFO: Iter 15700 Summarn  y: 
[2025-01-24 07:35:59,873] INFO: 	 lr: 0.00030000000000000073 	 Training loss: 0.014663267210125923
[2025-01-24 07:36:13,641] INFO: Iter 15800 Summarn  y: 
[2025-01-24 07:36:13,641] INFO: 	 lr: 0.00030000000000000073 	 Training loss: 0.014653343865647912
[2025-01-24 07:36:28,290] INFO: Iter 15900 Summarn  y: 
[2025-01-24 07:36:28,290] INFO: 	 lr: 0.00030000000000000073 	 Training loss: 0.01462784755975008
[2025-01-24 07:36:43,100] INFO: Iter 16000 Summarn  y: 
[2025-01-24 07:36:43,100] INFO: 	 lr: 0.00030000000000000073 	 Training loss: 0.01460292716510594
[2025-01-24 07:37:02,053] INFO: Iter 16100 Summarn  y: 
[2025-01-24 07:37:02,053] INFO: 	 lr: 0.00030000000000000073 	 Training loss: 0.014694231068715454
[2025-01-24 07:37:16,080] INFO: Iter 16200 Summarn  y: 
[2025-01-24 07:37:16,080] INFO: 	 lr: 0.00030000000000000073 	 Training loss: 0.014555820561945439
[2025-01-24 07:37:31,681] INFO: Iter 16300 Summarn  y: 
[2025-01-24 07:37:31,681] INFO: 	 lr: 0.00030000000000000073 	 Training loss: 0.014513111216947436
[2025-01-24 07:37:44,950] INFO: Iter 16400 Summarn  y: 
[2025-01-24 07:37:44,950] INFO: 	 lr: 0.00030000000000000073 	 Training loss: 0.014612567098811268
[2025-01-24 07:37:58,683] INFO: Iter 16500 Summarn  y: 
[2025-01-24 07:37:58,683] INFO: 	 lr: 0.00030000000000000073 	 Training loss: 0.014518524371087551
[2025-01-24 07:38:14,528] INFO: Iter 16600 Summarn  y: 
[2025-01-24 07:38:14,528] INFO: 	 lr: 0.00030000000000000073 	 Training loss: 0.014525637617334724
[2025-01-24 07:38:28,129] INFO: Iter 16700 Summarn  y: 
[2025-01-24 07:38:28,129] INFO: 	 lr: 0.00030000000000000073 	 Training loss: 0.01454956186003983
[2025-01-24 07:38:42,449] INFO: Iter 16800 Summarn  y: 
[2025-01-24 07:38:42,450] INFO: 	 lr: 0.00030000000000000073 	 Training loss: 0.01459292346611619
[2025-01-24 07:38:58,384] INFO: Iter 16900 Summarn  y: 
[2025-01-24 07:38:58,384] INFO: 	 lr: 0.00030000000000000073 	 Training loss: 0.014574473388493062
[2025-01-24 07:39:11,665] INFO: Iter 17000 Summarn  y: 
[2025-01-24 07:39:11,665] INFO: 	 lr: 0.00030000000000000073 	 Training loss: 0.014509674748405815
[2025-01-24 07:39:25,680] INFO: Iter 17100 Summarn  y: 
[2025-01-24 07:39:25,680] INFO: 	 lr: 0.00030000000000000073 	 Training loss: 0.014526343690231442
[2025-01-24 07:39:41,445] INFO: Iter 17200 Summarn  y: 
[2025-01-24 07:39:41,445] INFO: 	 lr: 0.00030000000000000073 	 Training loss: 0.014539359351620079
[2025-01-24 07:39:57,390] INFO: Iter 17300 Summarn  y: 
[2025-01-24 07:39:57,391] INFO: 	 lr: 0.00030000000000000073 	 Training loss: 0.01452888640575111
[2025-01-24 07:40:12,090] INFO: Iter 17400 Summarn  y: 
[2025-01-24 07:40:12,090] INFO: 	 lr: 0.00030000000000000073 	 Training loss: 0.014532659612596035
[2025-01-24 07:40:27,874] INFO: Iter 17500 Summarn  y: 
[2025-01-24 07:40:27,874] INFO: 	 lr: 0.00030000000000000073 	 Training loss: 0.01453459101729095
[2025-01-24 07:40:42,190] INFO: Iter 17600 Summarn  y: 
[2025-01-24 07:40:42,190] INFO: 	 lr: 0.00030000000000000073 	 Training loss: 0.014557583881542087
[2025-01-24 07:40:54,928] INFO: Iter 17700 Summarn  y: 
[2025-01-24 07:40:54,928] INFO: 	 lr: 0.00030000000000000073 	 Training loss: 0.01447999850846827
[2025-01-24 07:41:09,092] INFO: Iter 17800 Summarn  y: 
[2025-01-24 07:41:09,093] INFO: 	 lr: 0.00030000000000000073 	 Training loss: 0.01457887609489262
[2025-01-24 07:41:22,654] INFO: Iter 17900 Summarn  y: 
[2025-01-24 07:41:22,654] INFO: 	 lr: 0.00030000000000000073 	 Training loss: 0.014443162633106112
[2025-01-24 07:41:37,723] INFO: Iter 18000 Summarn  y: 
[2025-01-24 07:41:37,724] INFO: 	 lr: 0.00030000000000000073 	 Training loss: 0.014581328108906746
[2025-01-24 07:42:00,820] INFO: Iter 18100 Summarn  y: 
[2025-01-24 07:42:00,820] INFO: 	 lr: 0.00030000000000000073 	 Training loss: 0.014466028129681945
[2025-01-24 07:42:16,167] INFO: Iter 18200 Summarn  y: 
[2025-01-24 07:42:16,167] INFO: 	 lr: 0.00030000000000000073 	 Training loss: 0.014504529861733317
[2025-01-24 07:42:29,624] INFO: Iter 18300 Summarn  y: 
[2025-01-24 07:42:29,625] INFO: 	 lr: 0.00030000000000000073 	 Training loss: 0.014435544172301888
[2025-01-24 07:42:44,506] INFO: Iter 18400 Summarn  y: 
[2025-01-24 07:42:44,506] INFO: 	 lr: 0.00030000000000000073 	 Training loss: 0.014320073314011098
[2025-01-24 07:42:54,037] INFO: Iter 18500 Summarn  y: 
[2025-01-24 07:42:54,037] INFO: 	 lr: 0.00030000000000000073 	 Training loss: 0.014416524842381477
[2025-01-24 07:43:06,464] INFO: Iter 18600 Summarn  y: 
[2025-01-24 07:43:06,464] INFO: 	 lr: 0.00030000000000000073 	 Training loss: 0.014485863521695137
[2025-01-24 07:43:21,606] INFO: Iter 18700 Summarn  y: 
[2025-01-24 07:43:21,607] INFO: 	 lr: 0.00030000000000000073 	 Training loss: 0.014434739192947745
[2025-01-24 07:43:35,513] INFO: Iter 18800 Summarn  y: 
[2025-01-24 07:43:35,514] INFO: 	 lr: 0.00030000000000000073 	 Training loss: 0.014344666339457034
[2025-01-24 07:43:49,985] INFO: Iter 18900 Summarn  y: 
[2025-01-24 07:43:49,985] INFO: 	 lr: 0.00030000000000000073 	 Training loss: 0.01451604399830103
[2025-01-24 07:44:04,644] INFO: Iter 19000 Summarn  y: 
[2025-01-24 07:44:04,644] INFO: 	 lr: 0.00030000000000000073 	 Training loss: 0.014512691982090473
[2025-01-24 07:44:16,235] INFO: Iter 19100 Summarn  y: 
[2025-01-24 07:44:16,235] INFO: 	 lr: 0.00030000000000000073 	 Training loss: 0.014407359631732106
[2025-01-24 07:44:29,952] INFO: Iter 19200 Summarn  y: 
[2025-01-24 07:44:29,953] INFO: 	 lr: 0.00030000000000000073 	 Training loss: 0.014324245769530534
[2025-01-24 07:44:44,809] INFO: Iter 19300 Summarn  y: 
[2025-01-24 07:44:44,809] INFO: 	 lr: 0.00030000000000000073 	 Training loss: 0.014397504013031722
[2025-01-24 07:44:58,607] INFO: Iter 19400 Summarn  y: 
[2025-01-24 07:44:58,608] INFO: 	 lr: 0.00030000000000000073 	 Training loss: 0.014433748181909322
[2025-01-24 07:45:11,604] INFO: Iter 19500 Summarn  y: 
[2025-01-24 07:45:11,605] INFO: 	 lr: 0.00030000000000000073 	 Training loss: 0.014517674557864665
[2025-01-24 07:45:26,358] INFO: Iter 19600 Summarn  y: 
[2025-01-24 07:45:26,358] INFO: 	 lr: 0.00030000000000000073 	 Training loss: 0.014281678283587097
[2025-01-24 07:45:40,959] INFO: Iter 19700 Summarn  y: 
[2025-01-24 07:45:40,959] INFO: 	 lr: 0.00030000000000000073 	 Training loss: 0.014399831537157298
[2025-01-24 07:45:55,220] INFO: Iter 19800 Summarn  y: 
[2025-01-24 07:45:55,220] INFO: 	 lr: 0.00030000000000000073 	 Training loss: 0.014344706051051617
[2025-01-24 07:46:09,083] INFO: Iter 19900 Summarn  y: 
[2025-01-24 07:46:09,084] INFO: 	 lr: 0.00030000000000000073 	 Training loss: 0.014446988189592957
[2025-01-24 07:46:23,483] INFO: Iter 20000 Summarn  y: 
[2025-01-24 07:46:23,483] INFO: 	 lr: 0.00030000000000000073 	 Training loss: 0.014283194225281477
[2025-01-24 07:46:46,419] INFO: Iter 20100 Summarn  y: 
[2025-01-24 07:46:46,420] INFO: 	 lr: 0.00030000000000000073 	 Training loss: 0.014291184451431037
[2025-01-24 07:47:01,211] INFO: Iter 20200 Summarn  y: 
[2025-01-24 07:47:01,211] INFO: 	 lr: 0.00030000000000000073 	 Training loss: 0.014329518899321556
[2025-01-24 07:47:16,562] INFO: Iter 20300 Summarn  y: 
[2025-01-24 07:47:16,563] INFO: 	 lr: 0.00030000000000000073 	 Training loss: 0.014388856776058674
[2025-01-24 07:47:31,433] INFO: Iter 20400 Summarn  y: 
[2025-01-24 07:47:31,433] INFO: 	 lr: 0.00030000000000000073 	 Training loss: 0.014403080409392715
[2025-01-24 07:47:46,793] INFO: Iter 20500 Summarn  y: 
[2025-01-24 07:47:46,794] INFO: 	 lr: 0.00030000000000000073 	 Training loss: 0.01433283369988203
[2025-01-24 07:48:00,036] INFO: Iter 20600 Summarn  y: 
[2025-01-24 07:48:00,036] INFO: 	 lr: 0.00030000000000000073 	 Training loss: 0.014445415139198304
[2025-01-24 07:48:13,044] INFO: Iter 20700 Summarn  y: 
[2025-01-24 07:48:13,044] INFO: 	 lr: 0.00030000000000000073 	 Training loss: 0.01430455582216382
[2025-01-24 07:48:28,690] INFO: Iter 20800 Summarn  y: 
[2025-01-24 07:48:28,691] INFO: 	 lr: 0.00030000000000000073 	 Training loss: 0.014452407294884324
[2025-01-24 07:48:42,369] INFO: Iter 20900 Summarn  y: 
[2025-01-24 07:48:42,370] INFO: 	 lr: 0.00030000000000000073 	 Training loss: 0.014374270029366016
[2025-01-24 07:48:57,409] INFO: Iter 21000 Summarn  y: 
[2025-01-24 07:48:57,409] INFO: 	 lr: 0.00030000000000000073 	 Training loss: 0.014382526064291596
[2025-01-24 07:49:13,059] INFO: Iter 21100 Summarn  y: 
[2025-01-24 07:49:13,060] INFO: 	 lr: 0.00030000000000000073 	 Training loss: 0.014301116252318025
[2025-01-24 07:49:27,370] INFO: Iter 21200 Summarn  y: 
[2025-01-24 07:49:27,370] INFO: 	 lr: 0.00030000000000000073 	 Training loss: 0.01422732375562191
[2025-01-24 07:49:43,607] INFO: Iter 21300 Summarn  y: 
[2025-01-24 07:49:43,608] INFO: 	 lr: 0.00030000000000000073 	 Training loss: 0.014292813017964362
[2025-01-24 07:49:56,960] INFO: Iter 21400 Summarn  y: 
[2025-01-24 07:49:56,960] INFO: 	 lr: 0.00030000000000000073 	 Training loss: 0.014484078073874116
[2025-01-24 07:50:12,051] INFO: Iter 21500 Summarn  y: 
[2025-01-24 07:50:12,052] INFO: 	 lr: 0.00030000000000000073 	 Training loss: 0.014356510164216161
[2025-01-24 07:50:28,052] INFO: Iter 21600 Summarn  y: 
[2025-01-24 07:50:28,052] INFO: 	 lr: 0.00030000000000000073 	 Training loss: 0.014296026807278395
[2025-01-24 07:50:41,202] INFO: Iter 21700 Summarn  y: 
[2025-01-24 07:50:41,202] INFO: 	 lr: 0.00030000000000000073 	 Training loss: 0.01423615489155054
[2025-01-24 07:50:54,738] INFO: Iter 21800 Summarn  y: 
[2025-01-24 07:50:54,738] INFO: 	 lr: 0.00030000000000000073 	 Training loss: 0.014284318462014198
[2025-01-24 07:51:06,820] INFO: Iter 21900 Summarn  y: 
[2025-01-24 07:51:06,821] INFO: 	 lr: 0.00030000000000000073 	 Training loss: 0.014277208875864745
[2025-01-24 07:51:20,091] INFO: Iter 22000 Summarn  y: 
[2025-01-24 07:51:20,092] INFO: 	 lr: 0.00030000000000000073 	 Training loss: 0.014291787911206484
[2025-01-24 07:51:41,200] INFO: Iter 22100 Summarn  y: 
[2025-01-24 07:51:41,200] INFO: 	 lr: 0.00030000000000000073 	 Training loss: 0.01424137070775032
[2025-01-24 07:51:56,671] INFO: Iter 22200 Summarn  y: 
[2025-01-24 07:51:56,672] INFO: 	 lr: 0.00030000000000000073 	 Training loss: 0.014309046529233456
[2025-01-24 07:52:10,705] INFO: Iter 22300 Summarn  y: 
[2025-01-24 07:52:10,705] INFO: 	 lr: 0.00030000000000000073 	 Training loss: 0.014210882037878037
[2025-01-24 07:52:24,547] INFO: Iter 22400 Summarn  y: 
[2025-01-24 07:52:24,547] INFO: 	 lr: 0.00030000000000000073 	 Training loss: 0.01434839067980647
[2025-01-24 07:52:39,179] INFO: Iter 22500 Summarn  y: 
[2025-01-24 07:52:39,179] INFO: 	 lr: 0.00030000000000000073 	 Training loss: 0.01422771206125617
[2025-01-24 07:52:54,080] INFO: Iter 22600 Summarn  y: 
[2025-01-24 07:52:54,080] INFO: 	 lr: 0.00030000000000000073 	 Training loss: 0.0142860365845263
[2025-01-24 07:53:10,424] INFO: Iter 22700 Summarn  y: 
[2025-01-24 07:53:10,425] INFO: 	 lr: 0.00030000000000000073 	 Training loss: 0.014270115485414863
[2025-01-24 07:53:23,389] INFO: Iter 22800 Summarn  y: 
[2025-01-24 07:53:23,389] INFO: 	 lr: 0.00030000000000000073 	 Training loss: 0.014260819349437952
[2025-01-24 07:53:36,464] INFO: Iter 22900 Summarn  y: 
[2025-01-24 07:53:36,464] INFO: 	 lr: 0.00030000000000000073 	 Training loss: 0.014242033669725061
[2025-01-24 07:53:50,327] INFO: Iter 23000 Summarn  y: 
[2025-01-24 07:53:50,328] INFO: 	 lr: 0.00030000000000000073 	 Training loss: 0.014127844674512745
[2025-01-24 07:54:02,885] INFO: Iter 23100 Summarn  y: 
[2025-01-24 07:54:02,885] INFO: 	 lr: 0.00030000000000000073 	 Training loss: 0.014276968883350491
[2025-01-24 07:54:18,085] INFO: Iter 23200 Summarn  y: 
[2025-01-24 07:54:18,085] INFO: 	 lr: 0.00030000000000000073 	 Training loss: 0.014344054479151965
[2025-01-24 07:54:33,597] INFO: Iter 23300 Summarn  y: 
[2025-01-24 07:54:33,598] INFO: 	 lr: 0.00030000000000000073 	 Training loss: 0.014179281732067466
[2025-01-24 07:54:46,140] INFO: Iter 23400 Summarn  y: 
[2025-01-24 07:54:46,141] INFO: 	 lr: 0.00030000000000000073 	 Training loss: 0.014319329597055912
[2025-01-24 07:54:59,445] INFO: Iter 23500 Summarn  y: 
[2025-01-24 07:54:59,445] INFO: 	 lr: 0.00030000000000000073 	 Training loss: 0.014341022921726107
[2025-01-24 07:55:14,474] INFO: Iter 23600 Summarn  y: 
[2025-01-24 07:55:14,474] INFO: 	 lr: 0.00030000000000000073 	 Training loss: 0.014377843793481589
[2025-01-24 07:55:29,929] INFO: Iter 23700 Summarn  y: 
[2025-01-24 07:55:29,930] INFO: 	 lr: 0.00030000000000000073 	 Training loss: 0.014206368587911128
[2025-01-24 07:55:45,131] INFO: Iter 23800 Summarn  y: 
[2025-01-24 07:55:45,131] INFO: 	 lr: 0.00030000000000000073 	 Training loss: 0.014193719699978829
[2025-01-24 07:55:59,281] INFO: Iter 23900 Summarn  y: 
[2025-01-24 07:55:59,281] INFO: 	 lr: 0.00030000000000000073 	 Training loss: 0.014228908671066165
[2025-01-24 07:56:12,189] INFO: Iter 24000 Summarn  y: 
[2025-01-24 07:56:12,189] INFO: 	 lr: 0.00030000000000000073 	 Training loss: 0.014284514002501964
[2025-01-24 07:56:34,133] INFO: Iter 24100 Summarn  y: 
[2025-01-24 07:56:34,133] INFO: 	 lr: 0.00030000000000000073 	 Training loss: 0.014278651103377343
[2025-01-24 07:56:48,494] INFO: Iter 24200 Summarn  y: 
[2025-01-24 07:56:48,495] INFO: 	 lr: 0.00030000000000000073 	 Training loss: 0.014124852623790502
[2025-01-24 07:57:02,480] INFO: Iter 24300 Summarn  y: 
[2025-01-24 07:57:02,480] INFO: 	 lr: 0.00030000000000000073 	 Training loss: 0.014256339417770506
[2025-01-24 07:57:17,288] INFO: Iter 24400 Summarn  y: 
[2025-01-24 07:57:17,288] INFO: 	 lr: 0.00030000000000000073 	 Training loss: 0.014223028644919396
[2025-01-24 07:57:29,237] INFO: Iter 24500 Summarn  y: 
[2025-01-24 07:57:29,237] INFO: 	 lr: 0.00030000000000000073 	 Training loss: 0.014340994069352747
[2025-01-24 07:57:43,074] INFO: Iter 24600 Summarn  y: 
[2025-01-24 07:57:43,074] INFO: 	 lr: 0.00030000000000000073 	 Training loss: 0.014207261949777603
[2025-01-24 07:57:56,236] INFO: Iter 24700 Summarn  y: 
[2025-01-24 07:57:56,236] INFO: 	 lr: 0.00030000000000000073 	 Training loss: 0.014144851779565214
[2025-01-24 07:58:10,279] INFO: Iter 24800 Summarn  y: 
[2025-01-24 07:58:10,280] INFO: 	 lr: 0.00030000000000000073 	 Training loss: 0.014171385867521168
[2025-01-24 07:58:22,857] INFO: Iter 24900 Summarn  y: 
[2025-01-24 07:58:22,858] INFO: 	 lr: 0.00030000000000000073 	 Training loss: 0.014247104255482555
[2025-01-24 07:58:37,107] INFO: Iter 25000 Summarn  y: 
[2025-01-24 07:58:37,107] INFO: 	 lr: 0.00030000000000000073 	 Training loss: 0.01409941079095006
[2025-01-24 07:58:52,597] INFO: Iter 25100 Summarn  y: 
[2025-01-24 07:58:52,597] INFO: 	 lr: 0.00030000000000000073 	 Training loss: 0.014218733450397848
[2025-01-24 07:59:05,729] INFO: Iter 25200 Summarn  y: 
[2025-01-24 07:59:05,729] INFO: 	 lr: 0.00030000000000000073 	 Training loss: 0.014281158121302723
[2025-01-24 07:59:19,957] INFO: Iter 25300 Summarn  y: 
[2025-01-24 07:59:19,958] INFO: 	 lr: 0.00030000000000000073 	 Training loss: 0.014193014334887266
[2025-01-24 07:59:31,577] INFO: Iter 25400 Summarn  y: 
[2025-01-24 07:59:31,577] INFO: 	 lr: 0.00030000000000000073 	 Training loss: 0.014193423623219133
[2025-01-24 07:59:46,038] INFO: Iter 25500 Summarn  y: 
[2025-01-24 07:59:46,039] INFO: 	 lr: 0.00030000000000000073 	 Training loss: 0.014237576033920049
[2025-01-24 08:00:00,368] INFO: Iter 25600 Summarn  y: 
[2025-01-24 08:00:00,369] INFO: 	 lr: 0.00030000000000000073 	 Training loss: 0.01419152233749628
[2025-01-24 08:00:12,864] INFO: Iter 25700 Summarn  y: 
[2025-01-24 08:00:12,865] INFO: 	 lr: 0.00030000000000000073 	 Training loss: 0.014167204424738884
[2025-01-24 08:00:26,047] INFO: Iter 25800 Summarn  y: 
[2025-01-24 08:00:26,047] INFO: 	 lr: 0.00030000000000000073 	 Training loss: 0.014193306006491184
[2025-01-24 08:00:39,735] INFO: Iter 25900 Summarn  y: 
[2025-01-24 08:00:39,735] INFO: 	 lr: 0.00030000000000000073 	 Training loss: 0.014008976770564913
[2025-01-24 08:00:51,971] INFO: Iter 26000 Summarn  y: 
[2025-01-24 08:00:51,971] INFO: 	 lr: 0.00030000000000000073 	 Training loss: 0.014246737333014608
[2025-01-24 08:01:13,600] INFO: Iter 26100 Summarn  y: 
[2025-01-24 08:01:13,601] INFO: 	 lr: 0.00030000000000000073 	 Training loss: 0.014134955098852516
[2025-01-24 08:01:28,363] INFO: Iter 26200 Summarn  y: 
[2025-01-24 08:01:28,364] INFO: 	 lr: 0.00030000000000000073 	 Training loss: 0.014286441514268517
[2025-01-24 08:01:44,731] INFO: Iter 26300 Summarn  y: 
[2025-01-24 08:01:44,731] INFO: 	 lr: 0.00030000000000000073 	 Training loss: 0.014158074902370572
[2025-01-24 08:01:58,348] INFO: Iter 26400 Summarn  y: 
[2025-01-24 08:01:58,348] INFO: 	 lr: 0.00030000000000000073 	 Training loss: 0.014365806728601455
[2025-01-24 08:02:12,144] INFO: Iter 26500 Summarn  y: 
[2025-01-24 08:02:12,144] INFO: 	 lr: 0.00030000000000000073 	 Training loss: 0.01405965570360422
[2025-01-24 08:02:25,215] INFO: Iter 26600 Summarn  y: 
[2025-01-24 08:02:25,215] INFO: 	 lr: 0.00030000000000000073 	 Training loss: 0.014035383872687816
[2025-01-24 08:02:39,814] INFO: Iter 26700 Summarn  y: 
[2025-01-24 08:02:39,814] INFO: 	 lr: 0.00030000000000000073 	 Training loss: 0.014282254977151751
[2025-01-24 08:02:53,635] INFO: Iter 26800 Summarn  y: 
[2025-01-24 08:02:53,635] INFO: 	 lr: 0.00030000000000000073 	 Training loss: 0.01406869150698185
[2025-01-24 08:03:05,169] INFO: Iter 26900 Summarn  y: 
[2025-01-24 08:03:05,170] INFO: 	 lr: 0.00030000000000000073 	 Training loss: 0.014196839993819594
[2025-01-24 08:03:19,291] INFO: Iter 27000 Summarn  y: 
[2025-01-24 08:03:19,292] INFO: 	 lr: 0.00030000000000000073 	 Training loss: 0.01421297506429255
[2025-01-24 08:03:32,965] INFO: Iter 27100 Summarn  y: 
[2025-01-24 08:03:32,965] INFO: 	 lr: 0.00030000000000000073 	 Training loss: 0.014112017452716827
[2025-01-24 08:03:45,969] INFO: Iter 27200 Summarn  y: 
[2025-01-24 08:03:45,969] INFO: 	 lr: 0.00030000000000000073 	 Training loss: 0.01408835225738585
[2025-01-24 08:03:59,951] INFO: Iter 27300 Summarn  y: 
[2025-01-24 08:03:59,951] INFO: 	 lr: 0.00030000000000000073 	 Training loss: 0.014053230145946146
[2025-01-24 08:04:14,689] INFO: Iter 27400 Summarn  y: 
[2025-01-24 08:04:14,689] INFO: 	 lr: 0.00030000000000000073 	 Training loss: 0.014138981867581606
[2025-01-24 08:04:26,161] INFO: Iter 27500 Summarn  y: 
[2025-01-24 08:04:26,161] INFO: 	 lr: 0.00030000000000000073 	 Training loss: 0.014120007567107677
[2025-01-24 08:04:40,747] INFO: Iter 27600 Summarn  y: 
[2025-01-24 08:04:40,748] INFO: 	 lr: 0.00030000000000000073 	 Training loss: 0.014050826597958803
[2025-01-24 08:04:55,100] INFO: Iter 27700 Summarn  y: 
[2025-01-24 08:04:55,101] INFO: 	 lr: 0.00030000000000000073 	 Training loss: 0.014142472604289651
[2025-01-24 08:05:07,718] INFO: Iter 27800 Summarn  y: 
[2025-01-24 08:05:07,718] INFO: 	 lr: 0.00030000000000000073 	 Training loss: 0.014189600497484207
[2025-01-24 08:05:23,528] INFO: Iter 27900 Summarn  y: 
[2025-01-24 08:05:23,528] INFO: 	 lr: 0.00030000000000000073 	 Training loss: 0.014167308053001761
[2025-01-24 08:05:36,322] INFO: Iter 28000 Summarn  y: 
[2025-01-24 08:05:36,322] INFO: 	 lr: 0.00030000000000000073 	 Training loss: 0.01408017821609974
[2025-01-24 08:05:53,329] INFO: Iter 28100 Summarn  y: 
[2025-01-24 08:05:53,330] INFO: 	 lr: 0.00030000000000000073 	 Training loss: 0.014151398306712509
[2025-01-24 08:06:05,466] INFO: Iter 28200 Summarn  y: 
[2025-01-24 08:06:05,466] INFO: 	 lr: 0.00030000000000000073 	 Training loss: 0.014197721015661954
[2025-01-24 08:06:19,937] INFO: Iter 28300 Summarn  y: 
[2025-01-24 08:06:19,937] INFO: 	 lr: 0.00030000000000000073 	 Training loss: 0.014109816057607532
[2025-01-24 08:06:33,138] INFO: Iter 28400 Summarn  y: 
[2025-01-24 08:06:33,138] INFO: 	 lr: 0.00030000000000000073 	 Training loss: 0.014102807966992259
[2025-01-24 08:06:45,619] INFO: Iter 28500 Summarn  y: 
[2025-01-24 08:06:45,620] INFO: 	 lr: 0.00030000000000000073 	 Training loss: 0.01408017035573721
[2025-01-24 08:06:58,684] INFO: Iter 28600 Summarn  y: 
[2025-01-24 08:06:58,684] INFO: 	 lr: 0.00030000000000000073 	 Training loss: 0.014155343174934387
[2025-01-24 08:07:11,353] INFO: Iter 28700 Summarn  y: 
[2025-01-24 08:07:11,353] INFO: 	 lr: 0.00030000000000000073 	 Training loss: 0.014190114224329592
[2025-01-24 08:07:25,939] INFO: Iter 28800 Summarn  y: 
[2025-01-24 08:07:25,939] INFO: 	 lr: 0.00030000000000000073 	 Training loss: 0.014064504886046053
[2025-01-24 08:07:38,237] INFO: Iter 28900 Summarn  y: 
[2025-01-24 08:07:38,237] INFO: 	 lr: 0.00030000000000000073 	 Training loss: 0.01408104800619185
[2025-01-24 08:07:54,989] INFO: Iter 29000 Summarn  y: 
[2025-01-24 08:07:54,990] INFO: 	 lr: 0.00030000000000000073 	 Training loss: 0.014087472511455416
[2025-01-24 08:08:09,486] INFO: Iter 29100 Summarn  y: 
[2025-01-24 08:08:09,487] INFO: 	 lr: 0.00030000000000000073 	 Training loss: 0.014073719913139939
[2025-01-24 08:08:25,078] INFO: Iter 29200 Summarn  y: 
[2025-01-24 08:08:25,078] INFO: 	 lr: 0.00030000000000000073 	 Training loss: 0.014042912665754557
[2025-01-24 08:08:38,605] INFO: Iter 29300 Summarn  y: 
[2025-01-24 08:08:38,605] INFO: 	 lr: 0.00030000000000000073 	 Training loss: 0.014065671544522047
[2025-01-24 08:08:52,962] INFO: Iter 29400 Summarn  y: 
[2025-01-24 08:08:52,963] INFO: 	 lr: 0.00030000000000000073 	 Training loss: 0.014088089503347874
[2025-01-24 08:09:07,771] INFO: Iter 29500 Summarn  y: 
[2025-01-24 08:09:07,771] INFO: 	 lr: 0.00030000000000000073 	 Training loss: 0.014125689128413797
[2025-01-24 08:09:22,704] INFO: Iter 29600 Summarn  y: 
[2025-01-24 08:09:22,704] INFO: 	 lr: 0.00030000000000000073 	 Training loss: 0.014203999675810337
[2025-01-24 08:09:37,966] INFO: Iter 29700 Summarn  y: 
[2025-01-24 08:09:37,966] INFO: 	 lr: 0.00030000000000000073 	 Training loss: 0.013986065313220023
[2025-01-24 08:09:51,273] INFO: Iter 29800 Summarn  y: 
[2025-01-24 08:09:51,273] INFO: 	 lr: 0.00030000000000000073 	 Training loss: 0.01404839594848454
[2025-01-24 08:10:02,796] INFO: Iter 29900 Summarn  y: 
[2025-01-24 08:10:02,796] INFO: 	 lr: 0.00030000000000000073 	 Training loss: 0.013977687172591687
[2025-01-24 08:10:15,681] INFO: Iter 30000 Summarn  y: 
[2025-01-24 08:10:15,681] INFO: 	 lr: 0.00030000000000000073 	 Training loss: 0.014139455538243055
[2025-01-24 08:10:37,568] INFO: Iter 30100 Summarn  y: 
[2025-01-24 08:10:37,569] INFO: 	 lr: 1.2900000000000026e-05 	 Training loss: 0.013725817259401083
[2025-01-24 08:10:52,373] INFO: Iter 30200 Summarn  y: 
[2025-01-24 08:10:52,373] INFO: 	 lr: 1.000000000000002e-05 	 Training loss: 0.013463984010741115
[2025-01-24 08:11:03,823] INFO: Iter 30300 Summarn  y: 
[2025-01-24 08:11:03,823] INFO: 	 lr: 1.000000000000002e-05 	 Training loss: 0.013501578643918037
[2025-01-24 08:11:16,285] INFO: Iter 30400 Summarn  y: 
[2025-01-24 08:11:16,285] INFO: 	 lr: 1.000000000000002e-05 	 Training loss: 0.013560630436986685
[2025-01-24 08:11:29,356] INFO: Iter 30500 Summarn  y: 
[2025-01-24 08:11:29,357] INFO: 	 lr: 1.000000000000002e-05 	 Training loss: 0.013383487500250339
[2025-01-24 08:11:43,743] INFO: Iter 30600 Summarn  y: 
[2025-01-24 08:11:43,744] INFO: 	 lr: 1.000000000000002e-05 	 Training loss: 0.01343766750767827
[2025-01-24 08:11:56,121] INFO: Iter 30700 Summarn  y: 
[2025-01-24 08:11:56,121] INFO: 	 lr: 1.000000000000002e-05 	 Training loss: 0.013502524290233851
[2025-01-24 08:12:10,258] INFO: Iter 30800 Summarn  y: 
[2025-01-24 08:12:10,258] INFO: 	 lr: 1.000000000000002e-05 	 Training loss: 0.013420656025409698
[2025-01-24 08:12:24,309] INFO: Iter 30900 Summarn  y: 
[2025-01-24 08:12:24,309] INFO: 	 lr: 1.000000000000002e-05 	 Training loss: 0.013352299006655813
[2025-01-24 08:12:39,873] INFO: Iter 31000 Summarn  y: 
[2025-01-24 08:12:39,873] INFO: 	 lr: 1.000000000000002e-05 	 Training loss: 0.013497977005317807
[2025-01-24 08:12:54,371] INFO: Iter 31100 Summarn  y: 
[2025-01-24 08:12:54,371] INFO: 	 lr: 1.000000000000002e-05 	 Training loss: 0.013409722857177257
[2025-01-24 08:13:05,751] INFO: Iter 31200 Summarn  y: 
[2025-01-24 08:13:05,752] INFO: 	 lr: 1.000000000000002e-05 	 Training loss: 0.013400373794138432
[2025-01-24 08:13:17,612] INFO: Iter 31300 Summarn  y: 
[2025-01-24 08:13:17,612] INFO: 	 lr: 1.000000000000002e-05 	 Training loss: 0.013233906989917159
[2025-01-24 08:13:32,389] INFO: Iter 31400 Summarn  y: 
[2025-01-24 08:13:32,389] INFO: 	 lr: 1.000000000000002e-05 	 Training loss: 0.013542762314900756
[2025-01-24 08:13:48,132] INFO: Iter 31500 Summarn  y: 
[2025-01-24 08:13:48,133] INFO: 	 lr: 1.000000000000002e-05 	 Training loss: 0.013191148713231087
[2025-01-24 08:14:03,943] INFO: Iter 31600 Summarn  y: 
[2025-01-24 08:14:03,943] INFO: 	 lr: 1.000000000000002e-05 	 Training loss: 0.01337002731859684
[2025-01-24 08:14:16,643] INFO: Iter 31700 Summarn  y: 
[2025-01-24 08:14:16,644] INFO: 	 lr: 1.000000000000002e-05 	 Training loss: 0.013295984463766217
[2025-01-24 08:14:31,104] INFO: Iter 31800 Summarn  y: 
[2025-01-24 08:14:31,104] INFO: 	 lr: 1.000000000000002e-05 	 Training loss: 0.01341516563668847
[2025-01-24 08:14:46,643] INFO: Iter 31900 Summarn  y: 
[2025-01-24 08:14:46,643] INFO: 	 lr: 1.000000000000002e-05 	 Training loss: 0.013300172416493297
[2025-01-24 08:15:00,735] INFO: Iter 32000 Summarn  y: 
[2025-01-24 08:15:00,736] INFO: 	 lr: 1.000000000000002e-05 	 Training loss: 0.01334170339629054
[2025-01-24 08:15:20,794] INFO: Iter 32100 Summarn  y: 
[2025-01-24 08:15:20,794] INFO: 	 lr: 1.000000000000002e-05 	 Training loss: 0.01331365818157792
[2025-01-24 08:15:34,826] INFO: Iter 32200 Summarn  y: 
[2025-01-24 08:15:34,826] INFO: 	 lr: 1.000000000000002e-05 	 Training loss: 0.013332957616075874
[2025-01-24 08:15:48,509] INFO: Iter 32300 Summarn  y: 
[2025-01-24 08:15:48,509] INFO: 	 lr: 1.000000000000002e-05 	 Training loss: 0.01328618205152452
[2025-01-24 08:16:02,983] INFO: Iter 32400 Summarn  y: 
[2025-01-24 08:16:02,983] INFO: 	 lr: 1.000000000000002e-05 	 Training loss: 0.013276138780638576
[2025-01-24 08:16:18,670] INFO: Iter 32500 Summarn  y: 
[2025-01-24 08:16:18,670] INFO: 	 lr: 1.000000000000002e-05 	 Training loss: 0.013337307060137391
[2025-01-24 08:16:32,202] INFO: Iter 32600 Summarn  y: 
[2025-01-24 08:16:32,203] INFO: 	 lr: 1.000000000000002e-05 	 Training loss: 0.013330548815429211
[2025-01-24 08:16:47,133] INFO: Iter 32700 Summarn  y: 
[2025-01-24 08:16:47,133] INFO: 	 lr: 1.000000000000002e-05 	 Training loss: 0.013336990661919117
[2025-01-24 08:16:59,433] INFO: Iter 32800 Summarn  y: 
[2025-01-24 08:16:59,433] INFO: 	 lr: 1.000000000000002e-05 	 Training loss: 0.013257095571607352
[2025-01-24 08:17:09,588] INFO: Iter 32900 Summarn  y: 
[2025-01-24 08:17:09,588] INFO: 	 lr: 1.000000000000002e-05 	 Training loss: 0.013344873422756792
[2025-01-24 08:17:21,716] INFO: Iter 33000 Summarn  y: 
[2025-01-24 08:17:21,716] INFO: 	 lr: 1.000000000000002e-05 	 Training loss: 0.013266480937600135
[2025-01-24 08:17:34,201] INFO: Iter 33100 Summarn  y: 
[2025-01-24 08:17:34,202] INFO: 	 lr: 1.000000000000002e-05 	 Training loss: 0.013222034322097898
[2025-01-24 08:17:51,025] INFO: Iter 33200 Summarn  y: 
[2025-01-24 08:17:51,025] INFO: 	 lr: 1.000000000000002e-05 	 Training loss: 0.013314276468008757
[2025-01-24 08:18:04,666] INFO: Iter 33300 Summarn  y: 
[2025-01-24 08:18:04,666] INFO: 	 lr: 1.000000000000002e-05 	 Training loss: 0.013156586093828082
[2025-01-24 08:18:19,066] INFO: Iter 33400 Summarn  y: 
[2025-01-24 08:18:19,066] INFO: 	 lr: 1.000000000000002e-05 	 Training loss: 0.013237416809424758
[2025-01-24 08:18:30,759] INFO: Iter 33500 Summarn  y: 
[2025-01-24 08:18:30,759] INFO: 	 lr: 1.000000000000002e-05 	 Training loss: 0.013280162252485753
[2025-01-24 08:18:44,867] INFO: Iter 33600 Summarn  y: 
[2025-01-24 08:18:44,868] INFO: 	 lr: 1.000000000000002e-05 	 Training loss: 0.013308341419324278
[2025-01-24 08:18:58,105] INFO: Iter 33700 Summarn  y: 
[2025-01-24 08:18:58,105] INFO: 	 lr: 1.000000000000002e-05 	 Training loss: 0.013319228179752826
[2025-01-24 08:19:11,778] INFO: Iter 33800 Summarn  y: 
[2025-01-24 08:19:11,778] INFO: 	 lr: 1.000000000000002e-05 	 Training loss: 0.013307159570977091
[2025-01-24 08:19:27,493] INFO: Iter 33900 Summarn  y: 
[2025-01-24 08:19:27,494] INFO: 	 lr: 1.000000000000002e-05 	 Training loss: 0.013272060435265303
[2025-01-24 08:19:40,468] INFO: Iter 34000 Summarn  y: 
[2025-01-24 08:19:40,469] INFO: 	 lr: 1.000000000000002e-05 	 Training loss: 0.013326252391561867
[2025-01-24 08:20:02,353] INFO: Iter 34100 Summarn  y: 
[2025-01-24 08:20:02,353] INFO: 	 lr: 1.000000000000002e-05 	 Training loss: 0.013210673676803708
[2025-01-24 08:20:16,688] INFO: Iter 34200 Summarn  y: 
[2025-01-24 08:20:16,689] INFO: 	 lr: 1.000000000000002e-05 	 Training loss: 0.013204191606491803
[2025-01-24 08:20:32,450] INFO: Iter 34300 Summarn  y: 
[2025-01-24 08:20:32,450] INFO: 	 lr: 1.000000000000002e-05 	 Training loss: 0.013133253678679466
[2025-01-24 08:20:48,587] INFO: Iter 34400 Summarn  y: 
[2025-01-24 08:20:48,587] INFO: 	 lr: 1.000000000000002e-05 	 Training loss: 0.013259484739974141
[2025-01-24 08:21:03,382] INFO: Iter 34500 Summarn  y: 
[2025-01-24 08:21:03,382] INFO: 	 lr: 1.000000000000002e-05 	 Training loss: 0.013183652898296714
[2025-01-24 08:21:17,157] INFO: Iter 34600 Summarn  y: 
[2025-01-24 08:21:17,157] INFO: 	 lr: 1.000000000000002e-05 	 Training loss: 0.013235092563554644
[2025-01-24 08:21:31,375] INFO: Iter 34700 Summarn  y: 
[2025-01-24 08:21:31,375] INFO: 	 lr: 1.000000000000002e-05 	 Training loss: 0.013327950099483132
[2025-01-24 08:21:43,062] INFO: Iter 34800 Summarn  y: 
[2025-01-24 08:21:43,062] INFO: 	 lr: 1.000000000000002e-05 	 Training loss: 0.013327168272808195
[2025-01-24 08:21:56,684] INFO: Iter 34900 Summarn  y: 
[2025-01-24 08:21:56,684] INFO: 	 lr: 1.000000000000002e-05 	 Training loss: 0.013229572819545865
[2025-01-24 08:22:10,867] INFO: Iter 35000 Summarn  y: 
[2025-01-24 08:22:10,868] INFO: 	 lr: 1.000000000000002e-05 	 Training loss: 0.013239457430317998
[2025-01-24 08:22:24,670] INFO: Iter 35100 Summarn  y: 
[2025-01-24 08:22:24,670] INFO: 	 lr: 1.000000000000002e-05 	 Training loss: 0.01317046414129436
[2025-01-24 08:22:37,501] INFO: Iter 35200 Summarn  y: 
[2025-01-24 08:22:37,501] INFO: 	 lr: 1.000000000000002e-05 	 Training loss: 0.013134210081771016
[2025-01-24 08:22:52,247] INFO: Iter 35300 Summarn  y: 
[2025-01-24 08:22:52,247] INFO: 	 lr: 1.000000000000002e-05 	 Training loss: 0.013220854653045535
[2025-01-24 08:23:07,540] INFO: Iter 35400 Summarn  y: 
[2025-01-24 08:23:07,541] INFO: 	 lr: 1.000000000000002e-05 	 Training loss: 0.013170816311612725
[2025-01-24 08:23:21,702] INFO: Iter 35500 Summarn  y: 
[2025-01-24 08:23:21,702] INFO: 	 lr: 1.000000000000002e-05 	 Training loss: 0.013192572044208645
[2025-01-24 08:23:35,004] INFO: Iter 35600 Summarn  y: 
[2025-01-24 08:23:35,004] INFO: 	 lr: 1.000000000000002e-05 	 Training loss: 0.01325633411295712
[2025-01-24 08:23:48,188] INFO: Iter 35700 Summarn  y: 
[2025-01-24 08:23:48,189] INFO: 	 lr: 1.000000000000002e-05 	 Training loss: 0.013263799725100398
[2025-01-24 08:24:01,333] INFO: Iter 35800 Summarn  y: 
[2025-01-24 08:24:01,334] INFO: 	 lr: 1.000000000000002e-05 	 Training loss: 0.013188027273863555
[2025-01-24 08:24:14,493] INFO: Iter 35900 Summarn  y: 
[2025-01-24 08:24:14,494] INFO: 	 lr: 1.000000000000002e-05 	 Training loss: 0.013245961740612983
[2025-01-24 08:24:28,385] INFO: Iter 36000 Summarn  y: 
[2025-01-24 08:24:28,385] INFO: 	 lr: 1.000000000000002e-05 	 Training loss: 0.013156351028010249
[2025-01-24 08:24:48,821] INFO: Iter 36100 Summarn  y: 
[2025-01-24 08:24:48,821] INFO: 	 lr: 1.000000000000002e-05 	 Training loss: 0.013254945622757077
[2025-01-24 08:25:04,010] INFO: Iter 36200 Summarn  y: 
[2025-01-24 08:25:04,010] INFO: 	 lr: 1.000000000000002e-05 	 Training loss: 0.013212068025022745
[2025-01-24 08:25:19,465] INFO: Iter 36300 Summarn  y: 
[2025-01-24 08:25:19,465] INFO: 	 lr: 1.000000000000002e-05 	 Training loss: 0.013250444242730737
[2025-01-24 08:25:34,913] INFO: Iter 36400 Summarn  y: 
[2025-01-24 08:25:34,913] INFO: 	 lr: 1.000000000000002e-05 	 Training loss: 0.013139575887471437
[2025-01-24 08:25:47,940] INFO: Iter 36500 Summarn  y: 
[2025-01-24 08:25:47,941] INFO: 	 lr: 1.000000000000002e-05 	 Training loss: 0.013142603458836674
[2025-01-24 08:26:00,457] INFO: Iter 36600 Summarn  y: 
[2025-01-24 08:26:00,457] INFO: 	 lr: 1.000000000000002e-05 	 Training loss: 0.013198689874261618
[2025-01-24 08:26:14,476] INFO: Iter 36700 Summarn  y: 
[2025-01-24 08:26:14,476] INFO: 	 lr: 1.000000000000002e-05 	 Training loss: 0.013198126088827849
[2025-01-24 08:26:29,410] INFO: Iter 36800 Summarn  y: 
[2025-01-24 08:26:29,410] INFO: 	 lr: 1.000000000000002e-05 	 Training loss: 0.01327079750597477
[2025-01-24 08:26:42,393] INFO: Iter 36900 Summarn  y: 
[2025-01-24 08:26:42,394] INFO: 	 lr: 1.000000000000002e-05 	 Training loss: 0.013176660751923919
[2025-01-24 08:26:58,085] INFO: Iter 37000 Summarn  y: 
[2025-01-24 08:26:58,085] INFO: 	 lr: 1.000000000000002e-05 	 Training loss: 0.013241670466959477
[2025-01-24 08:27:14,957] INFO: Iter 37100 Summarn  y: 
[2025-01-24 08:27:14,957] INFO: 	 lr: 1.000000000000002e-05 	 Training loss: 0.013246028702706098
[2025-01-24 08:27:29,526] INFO: Iter 37200 Summarn  y: 
[2025-01-24 08:27:29,526] INFO: 	 lr: 1.000000000000002e-05 	 Training loss: 0.013198835123330355
[2025-01-24 08:27:42,541] INFO: Iter 37300 Summarn  y: 
[2025-01-24 08:27:42,541] INFO: 	 lr: 1.000000000000002e-05 	 Training loss: 0.01319726568646729
[2025-01-24 08:27:55,663] INFO: Iter 37400 Summarn  y: 
[2025-01-24 08:27:55,663] INFO: 	 lr: 1.000000000000002e-05 	 Training loss: 0.013141310103237628
[2025-01-24 08:28:09,168] INFO: Iter 37500 Summarn  y: 
[2025-01-24 08:28:09,168] INFO: 	 lr: 1.000000000000002e-05 	 Training loss: 0.013096900004893542
[2025-01-24 08:28:23,010] INFO: Iter 37600 Summarn  y: 
[2025-01-24 08:28:23,011] INFO: 	 lr: 1.000000000000002e-05 	 Training loss: 0.013272575307637454
[2025-01-24 08:28:37,575] INFO: Iter 37700 Summarn  y: 
[2025-01-24 08:28:37,576] INFO: 	 lr: 1.000000000000002e-05 	 Training loss: 0.013191147176548838
[2025-01-24 08:28:50,246] INFO: Iter 37800 Summarn  y: 
[2025-01-24 08:28:50,247] INFO: 	 lr: 1.000000000000002e-05 	 Training loss: 0.013267207583412528
[2025-01-24 08:29:01,226] INFO: Iter 37900 Summarn  y: 
[2025-01-24 08:29:01,226] INFO: 	 lr: 1.000000000000002e-05 	 Training loss: 0.013202907340601087
[2025-01-24 08:29:12,391] INFO: Iter 38000 Summarn  y: 
[2025-01-24 08:29:12,392] INFO: 	 lr: 1.000000000000002e-05 	 Training loss: 0.013092466238886118
[2025-01-24 08:29:34,812] INFO: Iter 38100 Summarn  y: 
[2025-01-24 08:29:34,812] INFO: 	 lr: 1.000000000000002e-05 	 Training loss: 0.01330702411942184
[2025-01-24 08:29:47,513] INFO: Iter 38200 Summarn  y: 
[2025-01-24 08:29:47,514] INFO: 	 lr: 1.000000000000002e-05 	 Training loss: 0.013196071777492761
[2025-01-24 08:30:01,703] INFO: Iter 38300 Summarn  y: 
[2025-01-24 08:30:01,704] INFO: 	 lr: 1.000000000000002e-05 	 Training loss: 0.013075399370864034
[2025-01-24 08:30:15,481] INFO: Iter 38400 Summarn  y: 
[2025-01-24 08:30:15,482] INFO: 	 lr: 1.000000000000002e-05 	 Training loss: 0.013176728552207351
[2025-01-24 08:30:29,277] INFO: Iter 38500 Summarn  y: 
[2025-01-24 08:30:29,278] INFO: 	 lr: 1.000000000000002e-05 	 Training loss: 0.01325614762492478
[2025-01-24 08:30:45,279] INFO: Iter 38600 Summarn  y: 
[2025-01-24 08:30:45,279] INFO: 	 lr: 1.000000000000002e-05 	 Training loss: 0.013114630952477455
[2025-01-24 08:31:00,635] INFO: Iter 38700 Summarn  y: 
[2025-01-24 08:31:00,635] INFO: 	 lr: 1.000000000000002e-05 	 Training loss: 0.013192072054371238
[2025-01-24 08:31:13,838] INFO: Iter 38800 Summarn  y: 
[2025-01-24 08:31:13,839] INFO: 	 lr: 1.000000000000002e-05 	 Training loss: 0.013129858439788223
[2025-01-24 08:31:26,890] INFO: Iter 38900 Summarn  y: 
[2025-01-24 08:31:26,890] INFO: 	 lr: 1.000000000000002e-05 	 Training loss: 0.013225241284817457
[2025-01-24 08:31:40,727] INFO: Iter 39000 Summarn  y: 
[2025-01-24 08:31:40,727] INFO: 	 lr: 1.000000000000002e-05 	 Training loss: 0.013135287752375007
[2025-01-24 08:31:53,276] INFO: Iter 39100 Summarn  y: 
[2025-01-24 08:31:53,276] INFO: 	 lr: 1.000000000000002e-05 	 Training loss: 0.013152866968885063
[2025-01-24 08:32:08,804] INFO: Iter 39200 Summarn  y: 
[2025-01-24 08:32:08,804] INFO: 	 lr: 1.000000000000002e-05 	 Training loss: 0.01308320158161223
[2025-01-24 08:32:23,301] INFO: Iter 39300 Summarn  y: 
[2025-01-24 08:32:23,302] INFO: 	 lr: 1.000000000000002e-05 	 Training loss: 0.01316304319538176
[2025-01-24 08:32:39,220] INFO: Iter 39400 Summarn  y: 
[2025-01-24 08:32:39,221] INFO: 	 lr: 1.000000000000002e-05 	 Training loss: 0.013244594931602478
[2025-01-24 08:32:53,524] INFO: Iter 39500 Summarn  y: 
[2025-01-24 08:32:53,524] INFO: 	 lr: 1.000000000000002e-05 	 Training loss: 0.013242457965388895
[2025-01-24 08:33:07,849] INFO: Iter 39600 Summarn  y: 
[2025-01-24 08:33:07,849] INFO: 	 lr: 1.000000000000002e-05 	 Training loss: 0.013169230138882994
[2025-01-24 08:33:20,157] INFO: Iter 39700 Summarn  y: 
[2025-01-24 08:33:20,157] INFO: 	 lr: 1.000000000000002e-05 	 Training loss: 0.013161154286935926
[2025-01-24 08:33:33,860] INFO: Iter 39800 Summarn  y: 
[2025-01-24 08:33:33,860] INFO: 	 lr: 1.000000000000002e-05 	 Training loss: 0.013193142050877214
[2025-01-24 08:33:47,670] INFO: Iter 39900 Summarn  y: 
[2025-01-24 08:33:47,671] INFO: 	 lr: 1.000000000000002e-05 	 Training loss: 0.013251069402322173
[2025-01-24 08:34:01,494] INFO: Iter 40000 Summarn  y: 
[2025-01-24 08:34:01,494] INFO: 	 lr: 1.000000000000002e-05 	 Training loss: 0.013100931085646153
[2025-01-24 08:34:22,133] INFO: Iter 40100 Summarn  y: 
[2025-01-24 08:34:22,134] INFO: 	 lr: 1.000000000000002e-05 	 Training loss: 0.013177385590970515
[2025-01-24 08:34:36,809] INFO: Iter 40200 Summarn  y: 
[2025-01-24 08:34:36,809] INFO: 	 lr: 1.000000000000002e-05 	 Training loss: 0.01314683621749282
