[2025-01-24 06:59:51,043] INFO: {
    "abs_dir": "/home/diwang/siMLPe/exps/baseline_h36m",
    "batch_size": 256,
    "cos_lr_max": 1e-05,
    "cos_lr_min": 5e-08,
    "cos_lr_total_iters": 80000,
    "data_aug": true,
    "deriv_input": true,
    "deriv_output": true,
    "device": "cuda:1",
    "h36m_anno_dir": "/home/diwang/siMLPe/data/h36m/",
    "link_log_file": "/home/diwang/siMLPe/exps/baseline_h36m/log/log_last.log",
    "link_val_log_file": "/home/diwang/siMLPe/exps/baseline_h36m/log/val_last.log",
    "log_dir": "/home/diwang/siMLPe/exps/baseline_h36m/log",
    "log_file": "/home/diwang/siMLPe/exps/baseline_h36m/log/log_2025_01_24_06_59_07.log",
    "model_pth": null,
    "motion": {
        "dim": 66,
        "h36m_input_length": 50,
        "h36m_input_length_dct": 50,
        "h36m_target_length": 15,
        "h36m_target_length_eval": 25,
        "h36m_target_length_train": 15
    },
    "motion_fc_in": {
        "activation": "relu",
        "in_features": 66,
        "init_w_trunc_normal": false,
        "out_features": 66,
        "temporal_fc": false,
        "with_norm": false
    },
    "motion_fc_out": {
        "activation": "relu",
        "in_features": 66,
        "init_w_trunc_normal": true,
        "out_features": 66,
        "temporal_fc": false,
        "with_norm": false
    },
    "motion_mlp": {
        "hidden_dim": 66,
        "norm_axis": "spatial",
        "num_layers": 48,
        "seq_len": 50,
        "spatial_fc_only": false,
        "with_normalization": true
    },
    "num_workers": 8,
    "post_dct": false,
    "pre_dct": false,
    "print_every": 100,
    "repo_name": "siMLPe",
    "root_dir": "/home/diwang/siMLPe",
    "save_every": 2000,
    "seed": 5096,
    "shift_step": 1,
    "snapshot_dir": "/home/diwang/siMLPe/exps/baseline_h36m/log/snapshot",
    "this_dir": "baseline_h36m",
    "use_relative_loss": true,
    "val_log_file": "/home/diwang/siMLPe/exps/baseline_h36m/log/val_2025_01_24_06_59_07.log",
    "weight_decay": 0.0001
}
[2025-01-24 07:00:06,493] INFO: Iter 100 Summarn  y: 
[2025-01-24 07:00:06,493] INFO: 	 lr: 0.00030000000000000073 	 Training loss: 0.06080166392028332
[2025-01-24 07:00:18,804] INFO: Iter 200 Summarn  y: 
[2025-01-24 07:00:18,805] INFO: 	 lr: 0.00030000000000000073 	 Training loss: 0.04815294798463583
[2025-01-24 07:00:30,811] INFO: Iter 300 Summarn  y: 
[2025-01-24 07:00:30,811] INFO: 	 lr: 0.00030000000000000073 	 Training loss: 0.04805251810699701
[2025-01-24 07:00:43,613] INFO: Iter 400 Summarn  y: 
[2025-01-24 07:00:43,613] INFO: 	 lr: 0.00030000000000000073 	 Training loss: 0.048325945474207405
[2025-01-24 07:00:54,335] INFO: Iter 500 Summarn  y: 
[2025-01-24 07:00:54,335] INFO: 	 lr: 0.00030000000000000073 	 Training loss: 0.04776813596487045
[2025-01-24 07:01:06,428] INFO: Iter 600 Summarn  y: 
[2025-01-24 07:01:06,429] INFO: 	 lr: 0.00030000000000000073 	 Training loss: 0.046320948600769046
[2025-01-24 07:01:18,855] INFO: Iter 700 Summarn  y: 
[2025-01-24 07:01:18,856] INFO: 	 lr: 0.00030000000000000073 	 Training loss: 0.04450393553823233
[2025-01-24 07:01:30,785] INFO: Iter 800 Summarn  y: 
[2025-01-24 07:01:30,785] INFO: 	 lr: 0.00030000000000000073 	 Training loss: 0.04186086446046829
[2025-01-24 07:01:42,319] INFO: Iter 900 Summarn  y: 
[2025-01-24 07:01:42,319] INFO: 	 lr: 0.00030000000000000073 	 Training loss: 0.04008342675864696
[2025-01-24 07:01:52,690] INFO: Iter 1000 Summarn  y: 
[2025-01-24 07:01:52,690] INFO: 	 lr: 0.00030000000000000073 	 Training loss: 0.038949163891375066
[2025-01-24 07:02:02,929] INFO: Iter 1100 Summarn  y: 
[2025-01-24 07:02:02,929] INFO: 	 lr: 0.00030000000000000073 	 Training loss: 0.03829981092363596
[2025-01-24 07:02:13,777] INFO: Iter 1200 Summarn  y: 
[2025-01-24 07:02:13,777] INFO: 	 lr: 0.00030000000000000073 	 Training loss: 0.03757701590657234
[2025-01-24 07:02:23,173] INFO: Iter 1300 Summarn  y: 
[2025-01-24 07:02:23,173] INFO: 	 lr: 0.00030000000000000073 	 Training loss: 0.037108419872820375
[2025-01-24 07:02:34,909] INFO: Iter 1400 Summarn  y: 
[2025-01-24 07:02:34,909] INFO: 	 lr: 0.00030000000000000073 	 Training loss: 0.03690976582467556
[2025-01-24 07:02:46,638] INFO: Iter 1500 Summarn  y: 
[2025-01-24 07:02:46,639] INFO: 	 lr: 0.00030000000000000073 	 Training loss: 0.03644491672515869
[2025-01-24 07:02:54,968] INFO: Iter 1600 Summarn  y: 
[2025-01-24 07:02:54,969] INFO: 	 lr: 0.00030000000000000073 	 Training loss: 0.03603894144296646
[2025-01-24 07:03:03,376] INFO: Iter 1700 Summarn  y: 
[2025-01-24 07:03:03,376] INFO: 	 lr: 0.00030000000000000073 	 Training loss: 0.03613993920385838
[2025-01-24 07:03:14,699] INFO: Iter 1800 Summarn  y: 
[2025-01-24 07:03:14,699] INFO: 	 lr: 0.00030000000000000073 	 Training loss: 0.03599705524742603
[2025-01-24 07:03:26,023] INFO: Iter 1900 Summarn  y: 
[2025-01-24 07:03:26,023] INFO: 	 lr: 0.00030000000000000073 	 Training loss: 0.03577279919758439
[2025-01-24 07:03:36,622] INFO: Iter 2000 Summarn  y: 
[2025-01-24 07:03:36,622] INFO: 	 lr: 0.00030000000000000073 	 Training loss: 0.03571584839373827
[2025-01-24 07:03:52,419] INFO: Iter 2100 Summarn  y: 
[2025-01-24 07:03:52,419] INFO: 	 lr: 0.00030000000000000073 	 Training loss: 0.035100111216306684
[2025-01-24 07:04:04,942] INFO: Iter 2200 Summarn  y: 
[2025-01-24 07:04:04,942] INFO: 	 lr: 0.00030000000000000073 	 Training loss: 0.03513475582003593
[2025-01-24 07:04:12,739] INFO: Iter 2300 Summarn  y: 
[2025-01-24 07:04:12,739] INFO: 	 lr: 0.00030000000000000073 	 Training loss: 0.0347868244163692
[2025-01-24 07:04:22,971] INFO: Iter 2400 Summarn  y: 
[2025-01-24 07:04:22,971] INFO: 	 lr: 0.00030000000000000073 	 Training loss: 0.034768512211740016
[2025-01-24 07:04:35,542] INFO: Iter 2500 Summarn  y: 
[2025-01-24 07:04:35,542] INFO: 	 lr: 0.00030000000000000073 	 Training loss: 0.034617831222712996
[2025-01-24 07:04:47,278] INFO: Iter 2600 Summarn  y: 
[2025-01-24 07:04:47,279] INFO: 	 lr: 0.00030000000000000073 	 Training loss: 0.03430390167981386
[2025-01-24 07:04:57,979] INFO: Iter 2700 Summarn  y: 
[2025-01-24 07:04:57,980] INFO: 	 lr: 0.00030000000000000073 	 Training loss: 0.03424027292057872
[2025-01-24 07:05:09,308] INFO: Iter 2800 Summarn  y: 
[2025-01-24 07:05:09,309] INFO: 	 lr: 0.00030000000000000073 	 Training loss: 0.03421550381928682
[2025-01-24 07:05:21,069] INFO: Iter 2900 Summarn  y: 
[2025-01-24 07:05:21,069] INFO: 	 lr: 0.00030000000000000073 	 Training loss: 0.03397771866992116
[2025-01-24 07:05:31,430] INFO: Iter 3000 Summarn  y: 
[2025-01-24 07:05:31,431] INFO: 	 lr: 0.00030000000000000073 	 Training loss: 0.03384277943521738
[2025-01-24 07:05:41,752] INFO: Iter 3100 Summarn  y: 
[2025-01-24 07:05:41,752] INFO: 	 lr: 0.00030000000000000073 	 Training loss: 0.03350271731615066
[2025-01-24 07:05:52,724] INFO: Iter 3200 Summarn  y: 
[2025-01-24 07:05:52,724] INFO: 	 lr: 0.00030000000000000073 	 Training loss: 0.033463017474859955
[2025-01-24 07:06:04,083] INFO: Iter 3300 Summarn  y: 
[2025-01-24 07:06:04,083] INFO: 	 lr: 0.00030000000000000073 	 Training loss: 0.033218828551471236
[2025-01-24 07:06:14,822] INFO: Iter 3400 Summarn  y: 
[2025-01-24 07:06:14,823] INFO: 	 lr: 0.00030000000000000073 	 Training loss: 0.03336537392809987
[2025-01-24 07:06:27,879] INFO: Iter 3500 Summarn  y: 
[2025-01-24 07:06:27,879] INFO: 	 lr: 0.00030000000000000073 	 Training loss: 0.033052541129291055
[2025-01-24 07:06:39,659] INFO: Iter 3600 Summarn  y: 
[2025-01-24 07:06:39,659] INFO: 	 lr: 0.00030000000000000073 	 Training loss: 0.03306744074448943
[2025-01-24 07:06:51,259] INFO: Iter 3700 Summarn  y: 
[2025-01-24 07:06:51,259] INFO: 	 lr: 0.00030000000000000073 	 Training loss: 0.033033684771507976
[2025-01-24 07:07:03,463] INFO: Iter 3800 Summarn  y: 
[2025-01-24 07:07:03,464] INFO: 	 lr: 0.00030000000000000073 	 Training loss: 0.03291066702455282
[2025-01-24 07:07:14,763] INFO: Iter 3900 Summarn  y: 
[2025-01-24 07:07:14,763] INFO: 	 lr: 0.00030000000000000073 	 Training loss: 0.03278498647734523
[2025-01-24 07:07:27,999] INFO: Iter 4000 Summarn  y: 
[2025-01-24 07:07:27,999] INFO: 	 lr: 0.00030000000000000073 	 Training loss: 0.032986116353422405
[2025-01-24 07:07:40,922] INFO: Iter 4100 Summarn  y: 
[2025-01-24 07:07:40,923] INFO: 	 lr: 0.00030000000000000073 	 Training loss: 0.03242589445784688
[2025-01-24 07:07:52,158] INFO: Iter 4200 Summarn  y: 
[2025-01-24 07:07:52,159] INFO: 	 lr: 0.00030000000000000073 	 Training loss: 0.03274247663095593
[2025-01-24 07:08:02,174] INFO: Iter 4300 Summarn  y: 
[2025-01-24 07:08:02,175] INFO: 	 lr: 0.00030000000000000073 	 Training loss: 0.03255903592333197
[2025-01-24 07:08:12,282] INFO: Iter 4400 Summarn  y: 
[2025-01-24 07:08:12,282] INFO: 	 lr: 0.00030000000000000073 	 Training loss: 0.03232866546139121
[2025-01-24 07:08:20,707] INFO: Iter 4500 Summarn  y: 
[2025-01-24 07:08:20,708] INFO: 	 lr: 0.00030000000000000073 	 Training loss: 0.032322978042066096
[2025-01-24 07:08:30,737] INFO: Iter 4600 Summarn  y: 
[2025-01-24 07:08:30,737] INFO: 	 lr: 0.00030000000000000073 	 Training loss: 0.0318579794280231
[2025-01-24 07:08:41,497] INFO: Iter 4700 Summarn  y: 
[2025-01-24 07:08:41,497] INFO: 	 lr: 0.00030000000000000073 	 Training loss: 0.03198661146685481
[2025-01-24 07:08:55,323] INFO: Iter 4800 Summarn  y: 
[2025-01-24 07:08:55,323] INFO: 	 lr: 0.00030000000000000073 	 Training loss: 0.03174537701532245
[2025-01-24 07:09:05,959] INFO: Iter 4900 Summarn  y: 
[2025-01-24 07:09:05,959] INFO: 	 lr: 0.00030000000000000073 	 Training loss: 0.03193400532007217
[2025-01-24 07:09:16,648] INFO: Iter 5000 Summarn  y: 
[2025-01-24 07:09:16,648] INFO: 	 lr: 0.00030000000000000073 	 Training loss: 0.03181966489180923
[2025-01-24 07:09:26,682] INFO: Iter 5100 Summarn  y: 
[2025-01-24 07:09:26,682] INFO: 	 lr: 0.00030000000000000073 	 Training loss: 0.03196547709405422
[2025-01-24 07:09:38,616] INFO: Iter 5200 Summarn  y: 
[2025-01-24 07:09:38,616] INFO: 	 lr: 0.00030000000000000073 	 Training loss: 0.03189056940376758
[2025-01-24 07:09:48,796] INFO: Iter 5300 Summarn  y: 
[2025-01-24 07:09:48,796] INFO: 	 lr: 0.00030000000000000073 	 Training loss: 0.03167168911546469
[2025-01-24 07:10:01,136] INFO: Iter 5400 Summarn  y: 
[2025-01-24 07:10:01,136] INFO: 	 lr: 0.00030000000000000073 	 Training loss: 0.03177371323108673
[2025-01-24 07:10:12,339] INFO: Iter 5500 Summarn  y: 
[2025-01-24 07:10:12,339] INFO: 	 lr: 0.00030000000000000073 	 Training loss: 0.03155447021126747
[2025-01-24 07:10:24,665] INFO: Iter 5600 Summarn  y: 
[2025-01-24 07:10:24,665] INFO: 	 lr: 0.00030000000000000073 	 Training loss: 0.031063524503260852
[2025-01-24 07:10:37,524] INFO: Iter 5700 Summarn  y: 
[2025-01-24 07:10:37,524] INFO: 	 lr: 0.00030000000000000073 	 Training loss: 0.03144545307382941
[2025-01-24 07:10:48,997] INFO: Iter 5800 Summarn  y: 
[2025-01-24 07:10:48,997] INFO: 	 lr: 0.00030000000000000073 	 Training loss: 0.03153664508834481
[2025-01-24 07:10:59,939] INFO: Iter 5900 Summarn  y: 
[2025-01-24 07:10:59,939] INFO: 	 lr: 0.00030000000000000073 	 Training loss: 0.031227872781455515
[2025-01-24 07:11:11,913] INFO: Iter 6000 Summarn  y: 
[2025-01-24 07:11:11,913] INFO: 	 lr: 0.00030000000000000073 	 Training loss: 0.03130032867193222
[2025-01-24 07:11:26,580] INFO: Iter 6100 Summarn  y: 
[2025-01-24 07:11:26,581] INFO: 	 lr: 0.00030000000000000073 	 Training loss: 0.031158088352531196
[2025-01-24 07:11:36,748] INFO: Iter 6200 Summarn  y: 
[2025-01-24 07:11:36,748] INFO: 	 lr: 0.00030000000000000073 	 Training loss: 0.031109531838446856
[2025-01-24 07:11:47,858] INFO: Iter 6300 Summarn  y: 
[2025-01-24 07:11:47,858] INFO: 	 lr: 0.00030000000000000073 	 Training loss: 0.030998433995991944
[2025-01-24 07:11:59,773] INFO: Iter 6400 Summarn  y: 
[2025-01-24 07:11:59,773] INFO: 	 lr: 0.00030000000000000073 	 Training loss: 0.031064670253545045
[2025-01-24 07:12:10,760] INFO: Iter 6500 Summarn  y: 
[2025-01-24 07:12:10,760] INFO: 	 lr: 0.00030000000000000073 	 Training loss: 0.030752157606184483
[2025-01-24 07:12:23,109] INFO: Iter 6600 Summarn  y: 
[2025-01-24 07:12:23,109] INFO: 	 lr: 0.00030000000000000073 	 Training loss: 0.030877877268940212
[2025-01-24 07:12:35,102] INFO: Iter 6700 Summarn  y: 
[2025-01-24 07:12:35,102] INFO: 	 lr: 0.00030000000000000073 	 Training loss: 0.030952043905854223
[2025-01-24 07:12:47,235] INFO: Iter 6800 Summarn  y: 
[2025-01-24 07:12:47,236] INFO: 	 lr: 0.00030000000000000073 	 Training loss: 0.03079475600272417
[2025-01-24 07:13:01,302] INFO: Iter 6900 Summarn  y: 
[2025-01-24 07:13:01,302] INFO: 	 lr: 0.00030000000000000073 	 Training loss: 0.03055858537554741
[2025-01-24 07:13:12,404] INFO: Iter 7000 Summarn  y: 
[2025-01-24 07:13:12,404] INFO: 	 lr: 0.00030000000000000073 	 Training loss: 0.03073445152491331
[2025-01-24 07:13:23,191] INFO: Iter 7100 Summarn  y: 
[2025-01-24 07:13:23,191] INFO: 	 lr: 0.00030000000000000073 	 Training loss: 0.0305249310284853
[2025-01-24 07:13:34,115] INFO: Iter 7200 Summarn  y: 
[2025-01-24 07:13:34,115] INFO: 	 lr: 0.00030000000000000073 	 Training loss: 0.030624431297183036
[2025-01-24 07:13:45,726] INFO: Iter 7300 Summarn  y: 
[2025-01-24 07:13:45,726] INFO: 	 lr: 0.00030000000000000073 	 Training loss: 0.030379326120018958
[2025-01-24 07:13:55,692] INFO: Iter 7400 Summarn  y: 
[2025-01-24 07:13:55,692] INFO: 	 lr: 0.00030000000000000073 	 Training loss: 0.03029928645119071
[2025-01-24 07:14:06,292] INFO: Iter 7500 Summarn  y: 
[2025-01-24 07:14:06,292] INFO: 	 lr: 0.00030000000000000073 	 Training loss: 0.030344833601266146
[2025-01-24 07:14:18,364] INFO: Iter 7600 Summarn  y: 
[2025-01-24 07:14:18,365] INFO: 	 lr: 0.00030000000000000073 	 Training loss: 0.030383112281560896
[2025-01-24 07:14:31,568] INFO: Iter 7700 Summarn  y: 
[2025-01-24 07:14:31,568] INFO: 	 lr: 0.00030000000000000073 	 Training loss: 0.03034928595647216
[2025-01-24 07:14:41,534] INFO: Iter 7800 Summarn  y: 
[2025-01-24 07:14:41,535] INFO: 	 lr: 0.00030000000000000073 	 Training loss: 0.030266400184482335
[2025-01-24 07:14:52,380] INFO: Iter 7900 Summarn  y: 
[2025-01-24 07:14:52,381] INFO: 	 lr: 0.00030000000000000073 	 Training loss: 0.03003472477197647
[2025-01-24 07:15:03,273] INFO: Iter 8000 Summarn  y: 
[2025-01-24 07:15:03,273] INFO: 	 lr: 0.00030000000000000073 	 Training loss: 0.02981861149892211
[2025-01-24 07:15:17,110] INFO: Iter 8100 Summarn  y: 
[2025-01-24 07:15:17,111] INFO: 	 lr: 0.00030000000000000073 	 Training loss: 0.0300615200586617
[2025-01-24 07:15:28,346] INFO: Iter 8200 Summarn  y: 
[2025-01-24 07:15:28,347] INFO: 	 lr: 0.00030000000000000073 	 Training loss: 0.030022373870015145
[2025-01-24 07:15:42,650] INFO: Iter 8300 Summarn  y: 
[2025-01-24 07:15:42,651] INFO: 	 lr: 0.00030000000000000073 	 Training loss: 0.029773308299481868
[2025-01-24 07:15:54,257] INFO: Iter 8400 Summarn  y: 
[2025-01-24 07:15:54,257] INFO: 	 lr: 0.00030000000000000073 	 Training loss: 0.02986834755167365
[2025-01-24 07:16:03,709] INFO: Iter 8500 Summarn  y: 
[2025-01-24 07:16:03,709] INFO: 	 lr: 0.00030000000000000073 	 Training loss: 0.029829017128795387
[2025-01-24 07:16:13,351] INFO: Iter 8600 Summarn  y: 
[2025-01-24 07:16:13,351] INFO: 	 lr: 0.00030000000000000073 	 Training loss: 0.0299876787699759
[2025-01-24 07:16:23,012] INFO: Iter 8700 Summarn  y: 
[2025-01-24 07:16:23,013] INFO: 	 lr: 0.00030000000000000073 	 Training loss: 0.029805445838719608
[2025-01-24 07:16:34,474] INFO: Iter 8800 Summarn  y: 
[2025-01-24 07:16:34,474] INFO: 	 lr: 0.00030000000000000073 	 Training loss: 0.029841165877878665
[2025-01-24 07:16:44,679] INFO: Iter 8900 Summarn  y: 
[2025-01-24 07:16:44,680] INFO: 	 lr: 0.00030000000000000073 	 Training loss: 0.029427707958966494
[2025-01-24 07:16:55,355] INFO: Iter 9000 Summarn  y: 
[2025-01-24 07:16:55,356] INFO: 	 lr: 0.00030000000000000073 	 Training loss: 0.029450234919786454
[2025-01-24 07:17:04,680] INFO: Iter 9100 Summarn  y: 
[2025-01-24 07:17:04,681] INFO: 	 lr: 0.00030000000000000073 	 Training loss: 0.02951279651373625
[2025-01-24 07:17:15,311] INFO: Iter 9200 Summarn  y: 
[2025-01-24 07:17:15,312] INFO: 	 lr: 0.00030000000000000073 	 Training loss: 0.029367858078330755
[2025-01-24 07:17:27,384] INFO: Iter 9300 Summarn  y: 
[2025-01-24 07:17:27,384] INFO: 	 lr: 0.00030000000000000073 	 Training loss: 0.029459509924054147
[2025-01-24 07:17:38,325] INFO: Iter 9400 Summarn  y: 
[2025-01-24 07:17:38,326] INFO: 	 lr: 0.00030000000000000073 	 Training loss: 0.029333150051534175
[2025-01-24 07:17:50,399] INFO: Iter 9500 Summarn  y: 
[2025-01-24 07:17:50,399] INFO: 	 lr: 0.00030000000000000073 	 Training loss: 0.02916970442980528
[2025-01-24 07:18:02,163] INFO: Iter 9600 Summarn  y: 
[2025-01-24 07:18:02,163] INFO: 	 lr: 0.00030000000000000073 	 Training loss: 0.02938312165439129
[2025-01-24 07:18:12,578] INFO: Iter 9700 Summarn  y: 
[2025-01-24 07:18:12,578] INFO: 	 lr: 0.00030000000000000073 	 Training loss: 0.029204617906361818
[2025-01-24 07:18:20,537] INFO: Iter 9800 Summarn  y: 
[2025-01-24 07:18:20,538] INFO: 	 lr: 0.00030000000000000073 	 Training loss: 0.029103736206889153
[2025-01-24 07:18:31,006] INFO: Iter 9900 Summarn  y: 
[2025-01-24 07:18:31,006] INFO: 	 lr: 0.00030000000000000073 	 Training loss: 0.029011192042380573
[2025-01-24 07:18:43,236] INFO: Iter 10000 Summarn  y: 
[2025-01-24 07:18:43,236] INFO: 	 lr: 0.00030000000000000073 	 Training loss: 0.029276225715875626
[2025-01-24 07:18:55,519] INFO: Iter 10100 Summarn  y: 
[2025-01-24 07:18:55,519] INFO: 	 lr: 0.00030000000000000073 	 Training loss: 0.028887828532606363
[2025-01-24 07:19:05,244] INFO: Iter 10200 Summarn  y: 
[2025-01-24 07:19:05,244] INFO: 	 lr: 0.00030000000000000073 	 Training loss: 0.029147424269467592
[2025-01-24 07:19:15,453] INFO: Iter 10300 Summarn  y: 
[2025-01-24 07:19:15,454] INFO: 	 lr: 0.00030000000000000073 	 Training loss: 0.028838620632886888
[2025-01-24 07:19:27,008] INFO: Iter 10400 Summarn  y: 
[2025-01-24 07:19:27,008] INFO: 	 lr: 0.00030000000000000073 	 Training loss: 0.02898640193045139
[2025-01-24 07:19:38,664] INFO: Iter 10500 Summarn  y: 
[2025-01-24 07:19:38,665] INFO: 	 lr: 0.00030000000000000073 	 Training loss: 0.02909173771739006
[2025-01-24 07:19:50,701] INFO: Iter 10600 Summarn  y: 
[2025-01-24 07:19:50,702] INFO: 	 lr: 0.00030000000000000073 	 Training loss: 0.02898451155051589
[2025-01-24 07:20:02,229] INFO: Iter 10700 Summarn  y: 
[2025-01-24 07:20:02,229] INFO: 	 lr: 0.00030000000000000073 	 Training loss: 0.029117330480366944
[2025-01-24 07:20:12,922] INFO: Iter 10800 Summarn  y: 
[2025-01-24 07:20:12,922] INFO: 	 lr: 0.00030000000000000073 	 Training loss: 0.028806066624820232
[2025-01-24 07:20:23,110] INFO: Iter 10900 Summarn  y: 
[2025-01-24 07:20:23,111] INFO: 	 lr: 0.00030000000000000073 	 Training loss: 0.028831587210297584
[2025-01-24 07:20:35,293] INFO: Iter 11000 Summarn  y: 
[2025-01-24 07:20:35,294] INFO: 	 lr: 0.00030000000000000073 	 Training loss: 0.02874843165278435
[2025-01-24 07:20:43,857] INFO: Iter 11100 Summarn  y: 
[2025-01-24 07:20:43,857] INFO: 	 lr: 0.00030000000000000073 	 Training loss: 0.028926453944295646
[2025-01-24 07:20:54,413] INFO: Iter 11200 Summarn  y: 
[2025-01-24 07:20:54,413] INFO: 	 lr: 0.00030000000000000073 	 Training loss: 0.028745625521987676
[2025-01-24 07:21:06,162] INFO: Iter 11300 Summarn  y: 
[2025-01-24 07:21:06,162] INFO: 	 lr: 0.00030000000000000073 	 Training loss: 0.02874111657962203
[2025-01-24 07:21:18,621] INFO: Iter 11400 Summarn  y: 
[2025-01-24 07:21:18,622] INFO: 	 lr: 0.00030000000000000073 	 Training loss: 0.02892625965178013
[2025-01-24 07:21:27,822] INFO: Iter 11500 Summarn  y: 
[2025-01-24 07:21:27,823] INFO: 	 lr: 0.00030000000000000073 	 Training loss: 0.028594620916992428
[2025-01-24 07:21:36,966] INFO: Iter 11600 Summarn  y: 
[2025-01-24 07:21:36,967] INFO: 	 lr: 0.00030000000000000073 	 Training loss: 0.028539656829088926
[2025-01-24 07:21:48,465] INFO: Iter 11700 Summarn  y: 
[2025-01-24 07:21:48,466] INFO: 	 lr: 0.00030000000000000073 	 Training loss: 0.028630354292690754
[2025-01-24 07:21:59,513] INFO: Iter 11800 Summarn  y: 
[2025-01-24 07:21:59,513] INFO: 	 lr: 0.00030000000000000073 	 Training loss: 0.02879953561350703
[2025-01-24 07:22:11,776] INFO: Iter 11900 Summarn  y: 
[2025-01-24 07:22:11,776] INFO: 	 lr: 0.00030000000000000073 	 Training loss: 0.02855068229138851
[2025-01-24 07:22:22,271] INFO: Iter 12000 Summarn  y: 
[2025-01-24 07:22:22,271] INFO: 	 lr: 0.00030000000000000073 	 Training loss: 0.028578463308513165
[2025-01-24 07:22:36,106] INFO: Iter 12100 Summarn  y: 
[2025-01-24 07:22:36,106] INFO: 	 lr: 0.00030000000000000073 	 Training loss: 0.0286564364656806
[2025-01-24 07:22:47,766] INFO: Iter 12200 Summarn  y: 
[2025-01-24 07:22:47,766] INFO: 	 lr: 0.00030000000000000073 	 Training loss: 0.0284144370816648
[2025-01-24 07:23:01,048] INFO: Iter 12300 Summarn  y: 
[2025-01-24 07:23:01,048] INFO: 	 lr: 0.00030000000000000073 	 Training loss: 0.02857916885986924
[2025-01-24 07:23:14,159] INFO: Iter 12400 Summarn  y: 
[2025-01-24 07:23:14,159] INFO: 	 lr: 0.00030000000000000073 	 Training loss: 0.028329281378537418
[2025-01-24 07:23:22,753] INFO: Iter 12500 Summarn  y: 
[2025-01-24 07:23:22,753] INFO: 	 lr: 0.00030000000000000073 	 Training loss: 0.02863803628832102
[2025-01-24 07:23:31,651] INFO: Iter 12600 Summarn  y: 
[2025-01-24 07:23:31,651] INFO: 	 lr: 0.00030000000000000073 	 Training loss: 0.028426237106323242
[2025-01-24 07:23:42,226] INFO: Iter 12700 Summarn  y: 
[2025-01-24 07:23:42,226] INFO: 	 lr: 0.00030000000000000073 	 Training loss: 0.02824537370353937
[2025-01-24 07:23:53,652] INFO: Iter 12800 Summarn  y: 
[2025-01-24 07:23:53,652] INFO: 	 lr: 0.00030000000000000073 	 Training loss: 0.028311190027743578
[2025-01-24 07:24:04,199] INFO: Iter 12900 Summarn  y: 
[2025-01-24 07:24:04,199] INFO: 	 lr: 0.00030000000000000073 	 Training loss: 0.028542293328791858
[2025-01-24 07:24:13,824] INFO: Iter 13000 Summarn  y: 
[2025-01-24 07:24:13,825] INFO: 	 lr: 0.00030000000000000073 	 Training loss: 0.028585490602999926
[2025-01-24 07:24:25,004] INFO: Iter 13100 Summarn  y: 
[2025-01-24 07:24:25,004] INFO: 	 lr: 0.00030000000000000073 	 Training loss: 0.028319264259189368
[2025-01-24 07:24:35,489] INFO: Iter 13200 Summarn  y: 
[2025-01-24 07:24:35,489] INFO: 	 lr: 0.00030000000000000073 	 Training loss: 0.028427615631371736
[2025-01-24 07:24:46,931] INFO: Iter 13300 Summarn  y: 
[2025-01-24 07:24:46,931] INFO: 	 lr: 0.00030000000000000073 	 Training loss: 0.028332317136228084
[2025-01-24 07:24:58,443] INFO: Iter 13400 Summarn  y: 
[2025-01-24 07:24:58,443] INFO: 	 lr: 0.00030000000000000073 	 Training loss: 0.028203086722642184
[2025-01-24 07:25:06,843] INFO: Iter 13500 Summarn  y: 
[2025-01-24 07:25:06,843] INFO: 	 lr: 0.00030000000000000073 	 Training loss: 0.02843446021899581
[2025-01-24 07:25:19,176] INFO: Iter 13600 Summarn  y: 
[2025-01-24 07:25:19,176] INFO: 	 lr: 0.00030000000000000073 	 Training loss: 0.028150473721325397
[2025-01-24 07:25:29,635] INFO: Iter 13700 Summarn  y: 
[2025-01-24 07:25:29,636] INFO: 	 lr: 0.00030000000000000073 	 Training loss: 0.028186313137412072
[2025-01-24 07:25:40,750] INFO: Iter 13800 Summarn  y: 
[2025-01-24 07:25:40,751] INFO: 	 lr: 0.00030000000000000073 	 Training loss: 0.028278545159846544
[2025-01-24 07:25:50,369] INFO: Iter 13900 Summarn  y: 
[2025-01-24 07:25:50,369] INFO: 	 lr: 0.00030000000000000073 	 Training loss: 0.028196299225091936
[2025-01-24 07:26:00,350] INFO: Iter 14000 Summarn  y: 
[2025-01-24 07:26:00,351] INFO: 	 lr: 0.00030000000000000073 	 Training loss: 0.02802260048687458
[2025-01-24 07:26:15,366] INFO: Iter 14100 Summarn  y: 
[2025-01-24 07:26:15,366] INFO: 	 lr: 0.00030000000000000073 	 Training loss: 0.028176503088325262
[2025-01-24 07:26:25,046] INFO: Iter 14200 Summarn  y: 
[2025-01-24 07:26:25,046] INFO: 	 lr: 0.00030000000000000073 	 Training loss: 0.028151144552975894
[2025-01-24 07:26:36,432] INFO: Iter 14300 Summarn  y: 
[2025-01-24 07:26:36,432] INFO: 	 lr: 0.00030000000000000073 	 Training loss: 0.028160099238157273
[2025-01-24 07:26:49,019] INFO: Iter 14400 Summarn  y: 
[2025-01-24 07:26:49,020] INFO: 	 lr: 0.00030000000000000073 	 Training loss: 0.028199450336396693
[2025-01-24 07:26:59,540] INFO: Iter 14500 Summarn  y: 
[2025-01-24 07:26:59,540] INFO: 	 lr: 0.00030000000000000073 	 Training loss: 0.02824557712301612
[2025-01-24 07:27:07,566] INFO: Iter 14600 Summarn  y: 
[2025-01-24 07:27:07,566] INFO: 	 lr: 0.00030000000000000073 	 Training loss: 0.028109471667557954
[2025-01-24 07:27:16,138] INFO: Iter 14700 Summarn  y: 
[2025-01-24 07:27:16,139] INFO: 	 lr: 0.00030000000000000073 	 Training loss: 0.02812753912061453
[2025-01-24 07:27:26,358] INFO: Iter 14800 Summarn  y: 
[2025-01-24 07:27:26,359] INFO: 	 lr: 0.00030000000000000073 	 Training loss: 0.028103891517966984
[2025-01-24 07:27:38,454] INFO: Iter 14900 Summarn  y: 
[2025-01-24 07:27:38,454] INFO: 	 lr: 0.00030000000000000073 	 Training loss: 0.027978446036577224
[2025-01-24 07:27:49,980] INFO: Iter 15000 Summarn  y: 
[2025-01-24 07:27:49,980] INFO: 	 lr: 0.00030000000000000073 	 Training loss: 0.028163773026317358
[2025-01-24 07:28:03,778] INFO: Iter 15100 Summarn  y: 
[2025-01-24 07:28:03,779] INFO: 	 lr: 0.00030000000000000073 	 Training loss: 0.028064558133482933
[2025-01-24 07:28:14,916] INFO: Iter 15200 Summarn  y: 
[2025-01-24 07:28:14,916] INFO: 	 lr: 0.00030000000000000073 	 Training loss: 0.02799159014597535
[2025-01-24 07:28:26,525] INFO: Iter 15300 Summarn  y: 
[2025-01-24 07:28:26,525] INFO: 	 lr: 0.00030000000000000073 	 Training loss: 0.028093501664698123
[2025-01-24 07:28:38,264] INFO: Iter 15400 Summarn  y: 
[2025-01-24 07:28:38,265] INFO: 	 lr: 0.00030000000000000073 	 Training loss: 0.027874016035348177
[2025-01-24 07:28:48,095] INFO: Iter 15500 Summarn  y: 
[2025-01-24 07:28:48,095] INFO: 	 lr: 0.00030000000000000073 	 Training loss: 0.02799553383141756
[2025-01-24 07:28:59,303] INFO: Iter 15600 Summarn  y: 
[2025-01-24 07:28:59,304] INFO: 	 lr: 0.00030000000000000073 	 Training loss: 0.027868674099445344
[2025-01-24 07:29:11,129] INFO: Iter 15700 Summarn  y: 
[2025-01-24 07:29:11,129] INFO: 	 lr: 0.00030000000000000073 	 Training loss: 0.028058000318706037
[2025-01-24 07:29:23,144] INFO: Iter 15800 Summarn  y: 
[2025-01-24 07:29:23,145] INFO: 	 lr: 0.00030000000000000073 	 Training loss: 0.028002726193517447
[2025-01-24 07:29:35,470] INFO: Iter 15900 Summarn  y: 
[2025-01-24 07:29:35,470] INFO: 	 lr: 0.00030000000000000073 	 Training loss: 0.02763898380100727
[2025-01-24 07:29:45,885] INFO: Iter 16000 Summarn  y: 
[2025-01-24 07:29:45,886] INFO: 	 lr: 0.00030000000000000073 	 Training loss: 0.027934956941753627
[2025-01-24 07:30:01,750] INFO: Iter 16100 Summarn  y: 
[2025-01-24 07:30:01,750] INFO: 	 lr: 0.00030000000000000073 	 Training loss: 0.02796882461756468
[2025-01-24 07:30:14,399] INFO: Iter 16200 Summarn  y: 
[2025-01-24 07:30:14,399] INFO: 	 lr: 0.00030000000000000073 	 Training loss: 0.02781465630978346
[2025-01-24 07:30:26,775] INFO: Iter 16300 Summarn  y: 
[2025-01-24 07:30:26,775] INFO: 	 lr: 0.00030000000000000073 	 Training loss: 0.02798216972500086
[2025-01-24 07:30:39,802] INFO: Iter 16400 Summarn  y: 
[2025-01-24 07:30:39,802] INFO: 	 lr: 0.00030000000000000073 	 Training loss: 0.027876613084226846
[2025-01-24 07:30:50,983] INFO: Iter 16500 Summarn  y: 
[2025-01-24 07:30:50,983] INFO: 	 lr: 0.00030000000000000073 	 Training loss: 0.027791983839124443
[2025-01-24 07:31:02,676] INFO: Iter 16600 Summarn  y: 
[2025-01-24 07:31:02,677] INFO: 	 lr: 0.00030000000000000073 	 Training loss: 0.027944496627897025
[2025-01-24 07:31:13,607] INFO: Iter 16700 Summarn  y: 
[2025-01-24 07:31:13,608] INFO: 	 lr: 0.00030000000000000073 	 Training loss: 0.027773712817579507
[2025-01-24 07:31:24,124] INFO: Iter 16800 Summarn  y: 
[2025-01-24 07:31:24,124] INFO: 	 lr: 0.00030000000000000073 	 Training loss: 0.027815872076898812
[2025-01-24 07:31:34,879] INFO: Iter 16900 Summarn  y: 
[2025-01-24 07:31:34,880] INFO: 	 lr: 0.00030000000000000073 	 Training loss: 0.027679448444396258
[2025-01-24 07:31:46,328] INFO: Iter 17000 Summarn  y: 
[2025-01-24 07:31:46,328] INFO: 	 lr: 0.00030000000000000073 	 Training loss: 0.027789232954382896
[2025-01-24 07:31:54,519] INFO: Iter 17100 Summarn  y: 
[2025-01-24 07:31:54,519] INFO: 	 lr: 0.00030000000000000073 	 Training loss: 0.027888080570846796
[2025-01-24 07:32:03,380] INFO: Iter 17200 Summarn  y: 
[2025-01-24 07:32:03,380] INFO: 	 lr: 0.00030000000000000073 	 Training loss: 0.027642817832529545
[2025-01-24 07:32:12,197] INFO: Iter 17300 Summarn  y: 
[2025-01-24 07:32:12,197] INFO: 	 lr: 0.00030000000000000073 	 Training loss: 0.027793703060597183
[2025-01-24 07:32:24,056] INFO: Iter 17400 Summarn  y: 
[2025-01-24 07:32:24,057] INFO: 	 lr: 0.00030000000000000073 	 Training loss: 0.027961909882724286
[2025-01-24 07:32:35,526] INFO: Iter 17500 Summarn  y: 
[2025-01-24 07:32:35,527] INFO: 	 lr: 0.00030000000000000073 	 Training loss: 0.027957116197794677
[2025-01-24 07:32:46,330] INFO: Iter 17600 Summarn  y: 
[2025-01-24 07:32:46,330] INFO: 	 lr: 0.00030000000000000073 	 Training loss: 0.027813745308667422
[2025-01-24 07:32:57,872] INFO: Iter 17700 Summarn  y: 
[2025-01-24 07:32:57,873] INFO: 	 lr: 0.00030000000000000073 	 Training loss: 0.02765168195590377
[2025-01-24 07:33:07,311] INFO: Iter 17800 Summarn  y: 
[2025-01-24 07:33:07,312] INFO: 	 lr: 0.00030000000000000073 	 Training loss: 0.027667925618588926
[2025-01-24 07:33:19,762] INFO: Iter 17900 Summarn  y: 
[2025-01-24 07:33:19,763] INFO: 	 lr: 0.00030000000000000073 	 Training loss: 0.027817238233983518
[2025-01-24 07:33:30,827] INFO: Iter 18000 Summarn  y: 
[2025-01-24 07:33:30,827] INFO: 	 lr: 0.00030000000000000073 	 Training loss: 0.027827960532158615
[2025-01-24 07:33:46,904] INFO: Iter 18100 Summarn  y: 
[2025-01-24 07:33:46,904] INFO: 	 lr: 0.00030000000000000073 	 Training loss: 0.0274752295576036
[2025-01-24 07:33:57,600] INFO: Iter 18200 Summarn  y: 
[2025-01-24 07:33:57,600] INFO: 	 lr: 0.00030000000000000073 	 Training loss: 0.027745189256966115
[2025-01-24 07:34:08,298] INFO: Iter 18300 Summarn  y: 
[2025-01-24 07:34:08,298] INFO: 	 lr: 0.00030000000000000073 	 Training loss: 0.027759065572172403
[2025-01-24 07:34:17,604] INFO: Iter 18400 Summarn  y: 
[2025-01-24 07:34:17,604] INFO: 	 lr: 0.00030000000000000073 	 Training loss: 0.027778592631220816
[2025-01-24 07:34:28,965] INFO: Iter 18500 Summarn  y: 
[2025-01-24 07:34:28,966] INFO: 	 lr: 0.00030000000000000073 	 Training loss: 0.02754828667268157
[2025-01-24 07:34:39,978] INFO: Iter 18600 Summarn  y: 
[2025-01-24 07:34:39,979] INFO: 	 lr: 0.00030000000000000073 	 Training loss: 0.027527873646467926
[2025-01-24 07:34:50,852] INFO: Iter 18700 Summarn  y: 
[2025-01-24 07:34:50,852] INFO: 	 lr: 0.00030000000000000073 	 Training loss: 0.027680488247424365
[2025-01-24 07:35:01,666] INFO: Iter 18800 Summarn  y: 
[2025-01-24 07:35:01,667] INFO: 	 lr: 0.00030000000000000073 	 Training loss: 0.02772453920915723
[2025-01-24 07:35:12,794] INFO: Iter 18900 Summarn  y: 
[2025-01-24 07:35:12,795] INFO: 	 lr: 0.00030000000000000073 	 Training loss: 0.027704796213656666
[2025-01-24 07:35:25,065] INFO: Iter 19000 Summarn  y: 
[2025-01-24 07:35:25,066] INFO: 	 lr: 0.00030000000000000073 	 Training loss: 0.027571687679737805
[2025-01-24 07:35:34,710] INFO: Iter 19100 Summarn  y: 
[2025-01-24 07:35:34,710] INFO: 	 lr: 0.00030000000000000073 	 Training loss: 0.027804545257240534
[2025-01-24 07:35:47,074] INFO: Iter 19200 Summarn  y: 
[2025-01-24 07:35:47,074] INFO: 	 lr: 0.00030000000000000073 	 Training loss: 0.027724642734974624
[2025-01-24 07:35:58,974] INFO: Iter 19300 Summarn  y: 
[2025-01-24 07:35:58,975] INFO: 	 lr: 0.00030000000000000073 	 Training loss: 0.027786851581186055
[2025-01-24 07:36:09,367] INFO: Iter 19400 Summarn  y: 
[2025-01-24 07:36:09,367] INFO: 	 lr: 0.00030000000000000073 	 Training loss: 0.027525813169777393
[2025-01-24 07:36:20,179] INFO: Iter 19500 Summarn  y: 
[2025-01-24 07:36:20,179] INFO: 	 lr: 0.00030000000000000073 	 Training loss: 0.027554567754268646
[2025-01-24 07:36:31,423] INFO: Iter 19600 Summarn  y: 
[2025-01-24 07:36:31,424] INFO: 	 lr: 0.00030000000000000073 	 Training loss: 0.027637016884982588
[2025-01-24 07:36:43,649] INFO: Iter 19700 Summarn  y: 
[2025-01-24 07:36:43,649] INFO: 	 lr: 0.00030000000000000073 	 Training loss: 0.027646313477307557
[2025-01-24 07:36:54,549] INFO: Iter 19800 Summarn  y: 
[2025-01-24 07:36:54,549] INFO: 	 lr: 0.00030000000000000073 	 Training loss: 0.027633695434778928
[2025-01-24 07:37:07,275] INFO: Iter 19900 Summarn  y: 
[2025-01-24 07:37:07,275] INFO: 	 lr: 0.00030000000000000073 	 Training loss: 0.02768597297370434
[2025-01-24 07:37:18,630] INFO: Iter 20000 Summarn  y: 
[2025-01-24 07:37:18,630] INFO: 	 lr: 0.00030000000000000073 	 Training loss: 0.027548131141811608
[2025-01-24 07:37:33,756] INFO: Iter 20100 Summarn  y: 
[2025-01-24 07:37:33,757] INFO: 	 lr: 0.00030000000000000073 	 Training loss: 0.027464669290930034
[2025-01-24 07:37:46,154] INFO: Iter 20200 Summarn  y: 
[2025-01-24 07:37:46,155] INFO: 	 lr: 0.00030000000000000073 	 Training loss: 0.027519741505384446
[2025-01-24 07:37:58,609] INFO: Iter 20300 Summarn  y: 
[2025-01-24 07:37:58,609] INFO: 	 lr: 0.00030000000000000073 	 Training loss: 0.027471501380205154
[2025-01-24 07:38:10,182] INFO: Iter 20400 Summarn  y: 
[2025-01-24 07:38:10,183] INFO: 	 lr: 0.00030000000000000073 	 Training loss: 0.027536697536706924
[2025-01-24 07:38:21,504] INFO: Iter 20500 Summarn  y: 
[2025-01-24 07:38:21,504] INFO: 	 lr: 0.00030000000000000073 	 Training loss: 0.02753936929628253
[2025-01-24 07:38:32,638] INFO: Iter 20600 Summarn  y: 
[2025-01-24 07:38:32,638] INFO: 	 lr: 0.00030000000000000073 	 Training loss: 0.02753766644746065
[2025-01-24 07:38:41,780] INFO: Iter 20700 Summarn  y: 
[2025-01-24 07:38:41,780] INFO: 	 lr: 0.00030000000000000073 	 Training loss: 0.027527297250926494
[2025-01-24 07:38:50,728] INFO: Iter 20800 Summarn  y: 
[2025-01-24 07:38:50,729] INFO: 	 lr: 0.00030000000000000073 	 Training loss: 0.02750541443005204
[2025-01-24 07:39:02,212] INFO: Iter 20900 Summarn  y: 
[2025-01-24 07:39:02,212] INFO: 	 lr: 0.00030000000000000073 	 Training loss: 0.027561575714498757
[2025-01-24 07:39:14,589] INFO: Iter 21000 Summarn  y: 
[2025-01-24 07:39:14,589] INFO: 	 lr: 0.00030000000000000073 	 Training loss: 0.027375207189470528
[2025-01-24 07:39:25,095] INFO: Iter 21100 Summarn  y: 
[2025-01-24 07:39:25,095] INFO: 	 lr: 0.00030000000000000073 	 Training loss: 0.027708564940840005
[2025-01-24 07:39:35,818] INFO: Iter 21200 Summarn  y: 
[2025-01-24 07:39:35,819] INFO: 	 lr: 0.00030000000000000073 	 Training loss: 0.027592150401324032
[2025-01-24 07:39:49,105] INFO: Iter 21300 Summarn  y: 
[2025-01-24 07:39:49,105] INFO: 	 lr: 0.00030000000000000073 	 Training loss: 0.02742875024676323
[2025-01-24 07:40:00,479] INFO: Iter 21400 Summarn  y: 
[2025-01-24 07:40:00,479] INFO: 	 lr: 0.00030000000000000073 	 Training loss: 0.02751471096649766
[2025-01-24 07:40:11,051] INFO: Iter 21500 Summarn  y: 
[2025-01-24 07:40:11,052] INFO: 	 lr: 0.00030000000000000073 	 Training loss: 0.027435190305113794
[2025-01-24 07:40:22,729] INFO: Iter 21600 Summarn  y: 
[2025-01-24 07:40:22,729] INFO: 	 lr: 0.00030000000000000073 	 Training loss: 0.027367686331272126
[2025-01-24 07:40:33,849] INFO: Iter 21700 Summarn  y: 
[2025-01-24 07:40:33,849] INFO: 	 lr: 0.00030000000000000073 	 Training loss: 0.02747900124639273
[2025-01-24 07:40:46,509] INFO: Iter 21800 Summarn  y: 
[2025-01-24 07:40:46,509] INFO: 	 lr: 0.00030000000000000073 	 Training loss: 0.0276542566716671
[2025-01-24 07:40:57,231] INFO: Iter 21900 Summarn  y: 
[2025-01-24 07:40:57,231] INFO: 	 lr: 0.00030000000000000073 	 Training loss: 0.02730637427419424
[2025-01-24 07:41:09,100] INFO: Iter 22000 Summarn  y: 
[2025-01-24 07:41:09,100] INFO: 	 lr: 0.00030000000000000073 	 Training loss: 0.02740623602643609
[2025-01-24 07:41:24,479] INFO: Iter 22100 Summarn  y: 
[2025-01-24 07:41:24,479] INFO: 	 lr: 0.00030000000000000073 	 Training loss: 0.02745687209069729
[2025-01-24 07:41:35,703] INFO: Iter 22200 Summarn  y: 
[2025-01-24 07:41:35,703] INFO: 	 lr: 0.00030000000000000073 	 Training loss: 0.02736228086054325
[2025-01-24 07:41:45,901] INFO: Iter 22300 Summarn  y: 
[2025-01-24 07:41:45,901] INFO: 	 lr: 0.00030000000000000073 	 Training loss: 0.027488068267703055
[2025-01-24 07:41:55,344] INFO: Iter 22400 Summarn  y: 
[2025-01-24 07:41:55,344] INFO: 	 lr: 0.00030000000000000073 	 Training loss: 0.027396229915320872
[2025-01-24 07:42:06,239] INFO: Iter 22500 Summarn  y: 
[2025-01-24 07:42:06,239] INFO: 	 lr: 0.00030000000000000073 	 Training loss: 0.02733889505267143
[2025-01-24 07:42:17,451] INFO: Iter 22600 Summarn  y: 
[2025-01-24 07:42:17,452] INFO: 	 lr: 0.00030000000000000073 	 Training loss: 0.02744277399033308
[2025-01-24 07:42:28,548] INFO: Iter 22700 Summarn  y: 
[2025-01-24 07:42:28,548] INFO: 	 lr: 0.00030000000000000073 	 Training loss: 0.027364222779870034
[2025-01-24 07:42:37,149] INFO: Iter 22800 Summarn  y: 
[2025-01-24 07:42:37,149] INFO: 	 lr: 0.00030000000000000073 	 Training loss: 0.027404680829495192
[2025-01-24 07:42:48,004] INFO: Iter 22900 Summarn  y: 
[2025-01-24 07:42:48,004] INFO: 	 lr: 0.00030000000000000073 	 Training loss: 0.02729431476444006
[2025-01-24 07:42:59,546] INFO: Iter 23000 Summarn  y: 
[2025-01-24 07:42:59,547] INFO: 	 lr: 0.00030000000000000073 	 Training loss: 0.027329846881330014
[2025-01-24 07:43:10,183] INFO: Iter 23100 Summarn  y: 
[2025-01-24 07:43:10,184] INFO: 	 lr: 0.00030000000000000073 	 Training loss: 0.02738992851227522
[2025-01-24 07:43:22,599] INFO: Iter 23200 Summarn  y: 
[2025-01-24 07:43:22,600] INFO: 	 lr: 0.00030000000000000073 	 Training loss: 0.027389486227184533
[2025-01-24 07:43:33,943] INFO: Iter 23300 Summarn  y: 
[2025-01-24 07:43:33,943] INFO: 	 lr: 0.00030000000000000073 	 Training loss: 0.027399802543222905
[2025-01-24 07:43:45,106] INFO: Iter 23400 Summarn  y: 
[2025-01-24 07:43:45,106] INFO: 	 lr: 0.00030000000000000073 	 Training loss: 0.02731386721134186
[2025-01-24 07:43:54,703] INFO: Iter 23500 Summarn  y: 
[2025-01-24 07:43:54,704] INFO: 	 lr: 0.00030000000000000073 	 Training loss: 0.02732566576451063
[2025-01-24 07:44:06,402] INFO: Iter 23600 Summarn  y: 
[2025-01-24 07:44:06,403] INFO: 	 lr: 0.00030000000000000073 	 Training loss: 0.027596623282879592
[2025-01-24 07:44:16,982] INFO: Iter 23700 Summarn  y: 
[2025-01-24 07:44:16,982] INFO: 	 lr: 0.00030000000000000073 	 Training loss: 0.02755013257265091
[2025-01-24 07:44:28,987] INFO: Iter 23800 Summarn  y: 
[2025-01-24 07:44:28,987] INFO: 	 lr: 0.00030000000000000073 	 Training loss: 0.027379957064986228
[2025-01-24 07:44:39,846] INFO: Iter 23900 Summarn  y: 
[2025-01-24 07:44:39,846] INFO: 	 lr: 0.00030000000000000073 	 Training loss: 0.027395706381648777
[2025-01-24 07:44:50,450] INFO: Iter 24000 Summarn  y: 
[2025-01-24 07:44:50,450] INFO: 	 lr: 0.00030000000000000073 	 Training loss: 0.027317130044102668
[2025-01-24 07:45:07,663] INFO: Iter 24100 Summarn  y: 
[2025-01-24 07:45:07,663] INFO: 	 lr: 0.00030000000000000073 	 Training loss: 0.02722519215196371
[2025-01-24 07:45:18,918] INFO: Iter 24200 Summarn  y: 
[2025-01-24 07:45:18,918] INFO: 	 lr: 0.00030000000000000073 	 Training loss: 0.02737562721595168
[2025-01-24 07:45:30,008] INFO: Iter 24300 Summarn  y: 
[2025-01-24 07:45:30,009] INFO: 	 lr: 0.00030000000000000073 	 Training loss: 0.02735162412747741
[2025-01-24 07:45:39,391] INFO: Iter 24400 Summarn  y: 
[2025-01-24 07:45:39,391] INFO: 	 lr: 0.00030000000000000073 	 Training loss: 0.02739396447315812
[2025-01-24 07:45:50,153] INFO: Iter 24500 Summarn  y: 
[2025-01-24 07:45:50,153] INFO: 	 lr: 0.00030000000000000073 	 Training loss: 0.027026308588683604
[2025-01-24 07:45:58,834] INFO: Iter 24600 Summarn  y: 
[2025-01-24 07:45:58,835] INFO: 	 lr: 0.00030000000000000073 	 Training loss: 0.027296641562134027
[2025-01-24 07:46:11,873] INFO: Iter 24700 Summarn  y: 
[2025-01-24 07:46:11,874] INFO: 	 lr: 0.00030000000000000073 	 Training loss: 0.02738010548055172
[2025-01-24 07:46:20,192] INFO: Iter 24800 Summarn  y: 
[2025-01-24 07:46:20,192] INFO: 	 lr: 0.00030000000000000073 	 Training loss: 0.02726900761947036
[2025-01-24 07:46:28,751] INFO: Iter 24900 Summarn  y: 
[2025-01-24 07:46:28,751] INFO: 	 lr: 0.00030000000000000073 	 Training loss: 0.027283903136849405
[2025-01-24 07:46:39,480] INFO: Iter 25000 Summarn  y: 
[2025-01-24 07:46:39,480] INFO: 	 lr: 0.00030000000000000073 	 Training loss: 0.027386034298688175
[2025-01-24 07:46:51,137] INFO: Iter 25100 Summarn  y: 
[2025-01-24 07:46:51,137] INFO: 	 lr: 0.00030000000000000073 	 Training loss: 0.027475804816931487
[2025-01-24 07:47:02,742] INFO: Iter 25200 Summarn  y: 
[2025-01-24 07:47:02,742] INFO: 	 lr: 0.00030000000000000073 	 Training loss: 0.027364629171788692
[2025-01-24 07:47:12,260] INFO: Iter 25300 Summarn  y: 
[2025-01-24 07:47:12,260] INFO: 	 lr: 0.00030000000000000073 	 Training loss: 0.027373895533382892
[2025-01-24 07:47:26,003] INFO: Iter 25400 Summarn  y: 
[2025-01-24 07:47:26,003] INFO: 	 lr: 0.00030000000000000073 	 Training loss: 0.02734814176335931
[2025-01-24 07:47:37,030] INFO: Iter 25500 Summarn  y: 
[2025-01-24 07:47:37,030] INFO: 	 lr: 0.00030000000000000073 	 Training loss: 0.027067437544465067
[2025-01-24 07:47:47,214] INFO: Iter 25600 Summarn  y: 
[2025-01-24 07:47:47,215] INFO: 	 lr: 0.00030000000000000073 	 Training loss: 0.027241348978132008
[2025-01-24 07:47:58,664] INFO: Iter 25700 Summarn  y: 
[2025-01-24 07:47:58,665] INFO: 	 lr: 0.00030000000000000073 	 Training loss: 0.02737457087263465
[2025-01-24 07:48:09,053] INFO: Iter 25800 Summarn  y: 
[2025-01-24 07:48:09,053] INFO: 	 lr: 0.00030000000000000073 	 Training loss: 0.027330257147550583
[2025-01-24 07:48:20,418] INFO: Iter 25900 Summarn  y: 
[2025-01-24 07:48:20,418] INFO: 	 lr: 0.00030000000000000073 	 Training loss: 0.02728430863469839
[2025-01-24 07:48:30,679] INFO: Iter 26000 Summarn  y: 
[2025-01-24 07:48:30,679] INFO: 	 lr: 0.00030000000000000073 	 Training loss: 0.027290419097989797
[2025-01-24 07:48:44,482] INFO: Iter 26100 Summarn  y: 
[2025-01-24 07:48:44,483] INFO: 	 lr: 0.00030000000000000073 	 Training loss: 0.027185086458921433
[2025-01-24 07:48:56,536] INFO: Iter 26200 Summarn  y: 
[2025-01-24 07:48:56,536] INFO: 	 lr: 0.00030000000000000073 	 Training loss: 0.02723064361140132
[2025-01-24 07:49:05,281] INFO: Iter 26300 Summarn  y: 
[2025-01-24 07:49:05,281] INFO: 	 lr: 0.00030000000000000073 	 Training loss: 0.027195175383239983
[2025-01-24 07:49:13,940] INFO: Iter 26400 Summarn  y: 
[2025-01-24 07:49:13,940] INFO: 	 lr: 0.00030000000000000073 	 Training loss: 0.02716588247567415
[2025-01-24 07:49:21,969] INFO: Iter 26500 Summarn  y: 
[2025-01-24 07:49:21,969] INFO: 	 lr: 0.00030000000000000073 	 Training loss: 0.027218147721141575
[2025-01-24 07:49:32,291] INFO: Iter 26600 Summarn  y: 
[2025-01-24 07:49:32,291] INFO: 	 lr: 0.00030000000000000073 	 Training loss: 0.02731827840209007
[2025-01-24 07:49:43,622] INFO: Iter 26700 Summarn  y: 
[2025-01-24 07:49:43,622] INFO: 	 lr: 0.00030000000000000073 	 Training loss: 0.027121469359844923
[2025-01-24 07:49:52,927] INFO: Iter 26800 Summarn  y: 
[2025-01-24 07:49:52,927] INFO: 	 lr: 0.00030000000000000073 	 Training loss: 0.027049948945641517
[2025-01-24 07:50:02,595] INFO: Iter 26900 Summarn  y: 
[2025-01-24 07:50:02,595] INFO: 	 lr: 0.00030000000000000073 	 Training loss: 0.027239085249602793
[2025-01-24 07:50:15,034] INFO: Iter 27000 Summarn  y: 
[2025-01-24 07:50:15,035] INFO: 	 lr: 0.00030000000000000073 	 Training loss: 0.02707947501912713
[2025-01-24 07:50:26,236] INFO: Iter 27100 Summarn  y: 
[2025-01-24 07:50:26,237] INFO: 	 lr: 0.00030000000000000073 	 Training loss: 0.02728363621979952
[2025-01-24 07:50:38,201] INFO: Iter 27200 Summarn  y: 
[2025-01-24 07:50:38,201] INFO: 	 lr: 0.00030000000000000073 	 Training loss: 0.027325420901179315
[2025-01-24 07:50:48,619] INFO: Iter 27300 Summarn  y: 
[2025-01-24 07:50:48,620] INFO: 	 lr: 0.00030000000000000073 	 Training loss: 0.02731547422707081
[2025-01-24 07:51:00,582] INFO: Iter 27400 Summarn  y: 
[2025-01-24 07:51:00,582] INFO: 	 lr: 0.00030000000000000073 	 Training loss: 0.027179067078977822
[2025-01-24 07:51:12,556] INFO: Iter 27500 Summarn  y: 
[2025-01-24 07:51:12,557] INFO: 	 lr: 0.00030000000000000073 	 Training loss: 0.02718730391934514
[2025-01-24 07:51:24,109] INFO: Iter 27600 Summarn  y: 
[2025-01-24 07:51:24,109] INFO: 	 lr: 0.00030000000000000073 	 Training loss: 0.02719046575948596
[2025-01-24 07:51:34,217] INFO: Iter 27700 Summarn  y: 
[2025-01-24 07:51:34,218] INFO: 	 lr: 0.00030000000000000073 	 Training loss: 0.027161242235451938
[2025-01-24 07:51:43,467] INFO: Iter 27800 Summarn  y: 
[2025-01-24 07:51:43,467] INFO: 	 lr: 0.00030000000000000073 	 Training loss: 0.02719572400674224
[2025-01-24 07:51:53,836] INFO: Iter 27900 Summarn  y: 
[2025-01-24 07:51:53,836] INFO: 	 lr: 0.00030000000000000073 	 Training loss: 0.02728673715144396
[2025-01-24 07:52:05,475] INFO: Iter 28000 Summarn  y: 
[2025-01-24 07:52:05,475] INFO: 	 lr: 0.00030000000000000073 	 Training loss: 0.02720473416149616
[2025-01-24 07:52:20,431] INFO: Iter 28100 Summarn  y: 
[2025-01-24 07:52:20,431] INFO: 	 lr: 0.00030000000000000073 	 Training loss: 0.0270363287627697
[2025-01-24 07:52:31,573] INFO: Iter 28200 Summarn  y: 
[2025-01-24 07:52:31,574] INFO: 	 lr: 0.00030000000000000073 	 Training loss: 0.027271194513887168
[2025-01-24 07:52:42,263] INFO: Iter 28300 Summarn  y: 
[2025-01-24 07:52:42,263] INFO: 	 lr: 0.00030000000000000073 	 Training loss: 0.02714758111163974
[2025-01-24 07:52:54,126] INFO: Iter 28400 Summarn  y: 
[2025-01-24 07:52:54,127] INFO: 	 lr: 0.00030000000000000073 	 Training loss: 0.02711881445720792
[2025-01-24 07:53:03,963] INFO: Iter 28500 Summarn  y: 
[2025-01-24 07:53:03,963] INFO: 	 lr: 0.00030000000000000073 	 Training loss: 0.02709784384816885
[2025-01-24 07:53:14,793] INFO: Iter 28600 Summarn  y: 
[2025-01-24 07:53:14,794] INFO: 	 lr: 0.00030000000000000073 	 Training loss: 0.027067390494048594
[2025-01-24 07:53:24,576] INFO: Iter 28700 Summarn  y: 
[2025-01-24 07:53:24,577] INFO: 	 lr: 0.00030000000000000073 	 Training loss: 0.0272660961933434
[2025-01-24 07:53:35,813] INFO: Iter 28800 Summarn  y: 
[2025-01-24 07:53:35,814] INFO: 	 lr: 0.00030000000000000073 	 Training loss: 0.027268262039870025
[2025-01-24 07:53:45,397] INFO: Iter 28900 Summarn  y: 
[2025-01-24 07:53:45,397] INFO: 	 lr: 0.00030000000000000073 	 Training loss: 0.027141094263643025
[2025-01-24 07:53:55,563] INFO: Iter 29000 Summarn  y: 
[2025-01-24 07:53:55,563] INFO: 	 lr: 0.00030000000000000073 	 Training loss: 0.02726505285128951
[2025-01-24 07:54:05,415] INFO: Iter 29100 Summarn  y: 
[2025-01-24 07:54:05,415] INFO: 	 lr: 0.00030000000000000073 	 Training loss: 0.027061784211546182
[2025-01-24 07:54:16,410] INFO: Iter 29200 Summarn  y: 
[2025-01-24 07:54:16,410] INFO: 	 lr: 0.00030000000000000073 	 Training loss: 0.02724723447114229
[2025-01-24 07:54:25,962] INFO: Iter 29300 Summarn  y: 
[2025-01-24 07:54:25,962] INFO: 	 lr: 0.00030000000000000073 	 Training loss: 0.02704219987615943
[2025-01-24 07:54:36,310] INFO: Iter 29400 Summarn  y: 
[2025-01-24 07:54:36,310] INFO: 	 lr: 0.00030000000000000073 	 Training loss: 0.027113968785852195
[2025-01-24 07:54:48,902] INFO: Iter 29500 Summarn  y: 
[2025-01-24 07:54:48,903] INFO: 	 lr: 0.00030000000000000073 	 Training loss: 0.02722973855212331
[2025-01-24 07:54:58,570] INFO: Iter 29600 Summarn  y: 
[2025-01-24 07:54:58,570] INFO: 	 lr: 0.00030000000000000073 	 Training loss: 0.02700530633330345
[2025-01-24 07:55:09,151] INFO: Iter 29700 Summarn  y: 
[2025-01-24 07:55:09,151] INFO: 	 lr: 0.00030000000000000073 	 Training loss: 0.02705970473587513
[2025-01-24 07:55:19,780] INFO: Iter 29800 Summarn  y: 
[2025-01-24 07:55:19,782] INFO: 	 lr: 0.00030000000000000073 	 Training loss: 0.027263344787061213
[2025-01-24 07:55:31,653] INFO: Iter 29900 Summarn  y: 
[2025-01-24 07:55:31,654] INFO: 	 lr: 0.00030000000000000073 	 Training loss: 0.027073654066771268
[2025-01-24 07:55:41,951] INFO: Iter 30000 Summarn  y: 
[2025-01-24 07:55:41,951] INFO: 	 lr: 0.00030000000000000073 	 Training loss: 0.027215358950197697
[2025-01-24 07:55:56,808] INFO: Iter 30100 Summarn  y: 
[2025-01-24 07:55:56,809] INFO: 	 lr: 1.2900000000000026e-05 	 Training loss: 0.02657052153721452
[2025-01-24 07:56:09,310] INFO: Iter 30200 Summarn  y: 
[2025-01-24 07:56:09,311] INFO: 	 lr: 1.000000000000002e-05 	 Training loss: 0.026299647204577923
[2025-01-24 07:56:20,502] INFO: Iter 30300 Summarn  y: 
[2025-01-24 07:56:20,502] INFO: 	 lr: 1.000000000000002e-05 	 Training loss: 0.026102770883589983
[2025-01-24 07:56:30,599] INFO: Iter 30400 Summarn  y: 
[2025-01-24 07:56:30,600] INFO: 	 lr: 1.000000000000002e-05 	 Training loss: 0.026236680522561073
[2025-01-24 07:56:42,869] INFO: Iter 30500 Summarn  y: 
[2025-01-24 07:56:42,869] INFO: 	 lr: 1.000000000000002e-05 	 Training loss: 0.026096858140081166
[2025-01-24 07:56:53,243] INFO: Iter 30600 Summarn  y: 
[2025-01-24 07:56:53,244] INFO: 	 lr: 1.000000000000002e-05 	 Training loss: 0.02608466913923621
[2025-01-24 07:57:04,504] INFO: Iter 30700 Summarn  y: 
[2025-01-24 07:57:04,504] INFO: 	 lr: 1.000000000000002e-05 	 Training loss: 0.025959897711873056
[2025-01-24 07:57:16,258] INFO: Iter 30800 Summarn  y: 
[2025-01-24 07:57:16,259] INFO: 	 lr: 1.000000000000002e-05 	 Training loss: 0.025948951095342634
[2025-01-24 07:57:27,074] INFO: Iter 30900 Summarn  y: 
[2025-01-24 07:57:27,075] INFO: 	 lr: 1.000000000000002e-05 	 Training loss: 0.02590236971154809
[2025-01-24 07:57:37,283] INFO: Iter 31000 Summarn  y: 
[2025-01-24 07:57:37,283] INFO: 	 lr: 1.000000000000002e-05 	 Training loss: 0.026102649308741094
[2025-01-24 07:57:47,623] INFO: Iter 31100 Summarn  y: 
[2025-01-24 07:57:47,623] INFO: 	 lr: 1.000000000000002e-05 	 Training loss: 0.025798712093383074
[2025-01-24 07:57:57,616] INFO: Iter 31200 Summarn  y: 
[2025-01-24 07:57:57,616] INFO: 	 lr: 1.000000000000002e-05 	 Training loss: 0.025923860128968954
[2025-01-24 07:58:06,903] INFO: Iter 31300 Summarn  y: 
[2025-01-24 07:58:06,903] INFO: 	 lr: 1.000000000000002e-05 	 Training loss: 0.02593892239034176
[2025-01-24 07:58:17,030] INFO: Iter 31400 Summarn  y: 
[2025-01-24 07:58:17,030] INFO: 	 lr: 1.000000000000002e-05 	 Training loss: 0.026000017747282982
[2025-01-24 07:58:27,659] INFO: Iter 31500 Summarn  y: 
[2025-01-24 07:58:27,659] INFO: 	 lr: 1.000000000000002e-05 	 Training loss: 0.025849977638572455
[2025-01-24 07:58:39,535] INFO: Iter 31600 Summarn  y: 
[2025-01-24 07:58:39,536] INFO: 	 lr: 1.000000000000002e-05 	 Training loss: 0.02586224749684334
[2025-01-24 07:58:50,092] INFO: Iter 31700 Summarn  y: 
[2025-01-24 07:58:50,093] INFO: 	 lr: 1.000000000000002e-05 	 Training loss: 0.025887051820755003
[2025-01-24 07:59:01,211] INFO: Iter 31800 Summarn  y: 
[2025-01-24 07:59:01,212] INFO: 	 lr: 1.000000000000002e-05 	 Training loss: 0.02577780229970813
[2025-01-24 07:59:13,144] INFO: Iter 31900 Summarn  y: 
[2025-01-24 07:59:13,144] INFO: 	 lr: 1.000000000000002e-05 	 Training loss: 0.025890252180397512
[2025-01-24 07:59:24,048] INFO: Iter 32000 Summarn  y: 
[2025-01-24 07:59:24,048] INFO: 	 lr: 1.000000000000002e-05 	 Training loss: 0.025960054155439137
[2025-01-24 07:59:38,132] INFO: Iter 32100 Summarn  y: 
[2025-01-24 07:59:38,133] INFO: 	 lr: 1.000000000000002e-05 	 Training loss: 0.02590704808011651
[2025-01-24 07:59:49,663] INFO: Iter 32200 Summarn  y: 
[2025-01-24 07:59:49,663] INFO: 	 lr: 1.000000000000002e-05 	 Training loss: 0.025911646764725446
[2025-01-24 08:00:00,733] INFO: Iter 32300 Summarn  y: 
[2025-01-24 08:00:00,734] INFO: 	 lr: 1.000000000000002e-05 	 Training loss: 0.025803863052278758
[2025-01-24 08:00:11,889] INFO: Iter 32400 Summarn  y: 
[2025-01-24 08:00:11,889] INFO: 	 lr: 1.000000000000002e-05 	 Training loss: 0.025778357926756142
[2025-01-24 08:00:23,939] INFO: Iter 32500 Summarn  y: 
[2025-01-24 08:00:23,939] INFO: 	 lr: 1.000000000000002e-05 	 Training loss: 0.02587020769715309
[2025-01-24 08:00:35,584] INFO: Iter 32600 Summarn  y: 
[2025-01-24 08:00:35,584] INFO: 	 lr: 1.000000000000002e-05 	 Training loss: 0.025974090173840524
[2025-01-24 08:00:44,833] INFO: Iter 32700 Summarn  y: 
[2025-01-24 08:00:44,833] INFO: 	 lr: 1.000000000000002e-05 	 Training loss: 0.025684730168431997
[2025-01-24 08:00:55,167] INFO: Iter 32800 Summarn  y: 
[2025-01-24 08:00:55,168] INFO: 	 lr: 1.000000000000002e-05 	 Training loss: 0.025835648830980062
[2025-01-24 08:01:06,026] INFO: Iter 32900 Summarn  y: 
[2025-01-24 08:01:06,027] INFO: 	 lr: 1.000000000000002e-05 	 Training loss: 0.025817655343562364
[2025-01-24 08:01:16,066] INFO: Iter 33000 Summarn  y: 
[2025-01-24 08:01:16,067] INFO: 	 lr: 1.000000000000002e-05 	 Training loss: 0.025732339303940536
[2025-01-24 08:01:25,916] INFO: Iter 33100 Summarn  y: 
[2025-01-24 08:01:25,916] INFO: 	 lr: 1.000000000000002e-05 	 Training loss: 0.025818325243890286
[2025-01-24 08:01:37,623] INFO: Iter 33200 Summarn  y: 
[2025-01-24 08:01:37,624] INFO: 	 lr: 1.000000000000002e-05 	 Training loss: 0.02583190646022558
[2025-01-24 08:01:45,937] INFO: Iter 33300 Summarn  y: 
[2025-01-24 08:01:45,937] INFO: 	 lr: 1.000000000000002e-05 	 Training loss: 0.025732033383101226
[2025-01-24 08:01:55,935] INFO: Iter 33400 Summarn  y: 
[2025-01-24 08:01:55,936] INFO: 	 lr: 1.000000000000002e-05 	 Training loss: 0.025763849187642338
[2025-01-24 08:02:05,011] INFO: Iter 33500 Summarn  y: 
[2025-01-24 08:02:05,011] INFO: 	 lr: 1.000000000000002e-05 	 Training loss: 0.025596351884305476
[2025-01-24 08:02:18,530] INFO: Iter 33600 Summarn  y: 
[2025-01-24 08:02:18,530] INFO: 	 lr: 1.000000000000002e-05 	 Training loss: 0.025691607668995857
[2025-01-24 08:02:30,040] INFO: Iter 33700 Summarn  y: 
[2025-01-24 08:02:30,040] INFO: 	 lr: 1.000000000000002e-05 	 Training loss: 0.025671965070068838
[2025-01-24 08:02:40,312] INFO: Iter 33800 Summarn  y: 
[2025-01-24 08:02:40,312] INFO: 	 lr: 1.000000000000002e-05 	 Training loss: 0.02553028501570225
[2025-01-24 08:02:51,177] INFO: Iter 33900 Summarn  y: 
[2025-01-24 08:02:51,177] INFO: 	 lr: 1.000000000000002e-05 	 Training loss: 0.025645801424980165
[2025-01-24 08:03:02,785] INFO: Iter 34000 Summarn  y: 
[2025-01-24 08:03:02,786] INFO: 	 lr: 1.000000000000002e-05 	 Training loss: 0.025770100876688958
[2025-01-24 08:03:18,197] INFO: Iter 34100 Summarn  y: 
[2025-01-24 08:03:18,197] INFO: 	 lr: 1.000000000000002e-05 	 Training loss: 0.025865235812962056
[2025-01-24 08:03:28,310] INFO: Iter 34200 Summarn  y: 
[2025-01-24 08:03:28,311] INFO: 	 lr: 1.000000000000002e-05 	 Training loss: 0.025754723493009807
[2025-01-24 08:03:40,403] INFO: Iter 34300 Summarn  y: 
[2025-01-24 08:03:40,404] INFO: 	 lr: 1.000000000000002e-05 	 Training loss: 0.025897736605256797
[2025-01-24 08:03:51,400] INFO: Iter 34400 Summarn  y: 
[2025-01-24 08:03:51,400] INFO: 	 lr: 1.000000000000002e-05 	 Training loss: 0.025583445187658073
[2025-01-24 08:04:03,309] INFO: Iter 34500 Summarn  y: 
[2025-01-24 08:04:03,309] INFO: 	 lr: 1.000000000000002e-05 	 Training loss: 0.02565698731690645
[2025-01-24 08:04:13,718] INFO: Iter 34600 Summarn  y: 
[2025-01-24 08:04:13,718] INFO: 	 lr: 1.000000000000002e-05 	 Training loss: 0.02561900807544589
[2025-01-24 08:04:25,672] INFO: Iter 34700 Summarn  y: 
[2025-01-24 08:04:25,672] INFO: 	 lr: 1.000000000000002e-05 	 Training loss: 0.025716234929859638
[2025-01-24 08:04:34,642] INFO: Iter 34800 Summarn  y: 
[2025-01-24 08:04:34,643] INFO: 	 lr: 1.000000000000002e-05 	 Training loss: 0.025742108933627605
[2025-01-24 08:04:44,246] INFO: Iter 34900 Summarn  y: 
[2025-01-24 08:04:44,246] INFO: 	 lr: 1.000000000000002e-05 	 Training loss: 0.02573772840201855
[2025-01-24 08:04:56,168] INFO: Iter 35000 Summarn  y: 
[2025-01-24 08:04:56,169] INFO: 	 lr: 1.000000000000002e-05 	 Training loss: 0.025754738505929707
[2025-01-24 08:05:07,259] INFO: Iter 35100 Summarn  y: 
[2025-01-24 08:05:07,259] INFO: 	 lr: 1.000000000000002e-05 	 Training loss: 0.02575822440907359
[2025-01-24 08:05:18,700] INFO: Iter 35200 Summarn  y: 
[2025-01-24 08:05:18,700] INFO: 	 lr: 1.000000000000002e-05 	 Training loss: 0.02547943025827408
[2025-01-24 08:05:30,202] INFO: Iter 35300 Summarn  y: 
[2025-01-24 08:05:30,202] INFO: 	 lr: 1.000000000000002e-05 	 Training loss: 0.02591081792488694
[2025-01-24 08:05:41,219] INFO: Iter 35400 Summarn  y: 
[2025-01-24 08:05:41,220] INFO: 	 lr: 1.000000000000002e-05 	 Training loss: 0.025727818123996257
[2025-01-24 08:05:52,815] INFO: Iter 35500 Summarn  y: 
[2025-01-24 08:05:52,815] INFO: 	 lr: 1.000000000000002e-05 	 Training loss: 0.02572715226560831
[2025-01-24 08:06:01,099] INFO: Iter 35600 Summarn  y: 
[2025-01-24 08:06:01,099] INFO: 	 lr: 1.000000000000002e-05 	 Training loss: 0.025761491041630506
[2025-01-24 08:06:11,074] INFO: Iter 35700 Summarn  y: 
[2025-01-24 08:06:11,074] INFO: 	 lr: 1.000000000000002e-05 	 Training loss: 0.02579699834808707
[2025-01-24 08:06:21,295] INFO: Iter 35800 Summarn  y: 
[2025-01-24 08:06:21,296] INFO: 	 lr: 1.000000000000002e-05 	 Training loss: 0.025511886570602656
[2025-01-24 08:06:32,127] INFO: Iter 35900 Summarn  y: 
[2025-01-24 08:06:32,127] INFO: 	 lr: 1.000000000000002e-05 	 Training loss: 0.0255676500685513
[2025-01-24 08:06:40,611] INFO: Iter 36000 Summarn  y: 
[2025-01-24 08:06:40,611] INFO: 	 lr: 1.000000000000002e-05 	 Training loss: 0.025781306512653826
[2025-01-24 08:06:52,977] INFO: Iter 36100 Summarn  y: 
[2025-01-24 08:06:52,977] INFO: 	 lr: 1.000000000000002e-05 	 Training loss: 0.025631453022360803
[2025-01-24 08:07:03,492] INFO: Iter 36200 Summarn  y: 
[2025-01-24 08:07:03,492] INFO: 	 lr: 1.000000000000002e-05 	 Training loss: 0.025693777669221162
[2025-01-24 08:07:15,193] INFO: Iter 36300 Summarn  y: 
[2025-01-24 08:07:15,193] INFO: 	 lr: 1.000000000000002e-05 	 Training loss: 0.025632558036595584
[2025-01-24 08:07:27,228] INFO: Iter 36400 Summarn  y: 
[2025-01-24 08:07:27,228] INFO: 	 lr: 1.000000000000002e-05 	 Training loss: 0.025605005621910096
[2025-01-24 08:07:38,249] INFO: Iter 36500 Summarn  y: 
[2025-01-24 08:07:38,249] INFO: 	 lr: 1.000000000000002e-05 	 Training loss: 0.025716566722840072
[2025-01-24 08:07:49,363] INFO: Iter 36600 Summarn  y: 
[2025-01-24 08:07:49,364] INFO: 	 lr: 1.000000000000002e-05 	 Training loss: 0.025527119413018228
[2025-01-24 08:07:59,334] INFO: Iter 36700 Summarn  y: 
[2025-01-24 08:07:59,334] INFO: 	 lr: 1.000000000000002e-05 	 Training loss: 0.025711632948368788
[2025-01-24 08:08:10,402] INFO: Iter 36800 Summarn  y: 
[2025-01-24 08:08:10,403] INFO: 	 lr: 1.000000000000002e-05 	 Training loss: 0.025609627235680818
[2025-01-24 08:08:23,351] INFO: Iter 36900 Summarn  y: 
[2025-01-24 08:08:23,351] INFO: 	 lr: 1.000000000000002e-05 	 Training loss: 0.025787517018616198
[2025-01-24 08:08:36,191] INFO: Iter 37000 Summarn  y: 
[2025-01-24 08:08:36,192] INFO: 	 lr: 1.000000000000002e-05 	 Training loss: 0.025587909873574972
[2025-01-24 08:08:47,269] INFO: Iter 37100 Summarn  y: 
[2025-01-24 08:08:47,269] INFO: 	 lr: 1.000000000000002e-05 	 Training loss: 0.02543820345774293
[2025-01-24 08:08:56,426] INFO: Iter 37200 Summarn  y: 
[2025-01-24 08:08:56,427] INFO: 	 lr: 1.000000000000002e-05 	 Training loss: 0.02567517915740609
[2025-01-24 08:09:06,702] INFO: Iter 37300 Summarn  y: 
[2025-01-24 08:09:06,702] INFO: 	 lr: 1.000000000000002e-05 	 Training loss: 0.025669094547629355
[2025-01-24 08:09:16,569] INFO: Iter 37400 Summarn  y: 
[2025-01-24 08:09:16,570] INFO: 	 lr: 1.000000000000002e-05 	 Training loss: 0.025622742231935263
[2025-01-24 08:09:27,841] INFO: Iter 37500 Summarn  y: 
[2025-01-24 08:09:27,842] INFO: 	 lr: 1.000000000000002e-05 	 Training loss: 0.025492743905633688
[2025-01-24 08:09:37,679] INFO: Iter 37600 Summarn  y: 
[2025-01-24 08:09:37,680] INFO: 	 lr: 1.000000000000002e-05 	 Training loss: 0.025654962528496982
[2025-01-24 08:09:48,848] INFO: Iter 37700 Summarn  y: 
[2025-01-24 08:09:48,848] INFO: 	 lr: 1.000000000000002e-05 	 Training loss: 0.025473120603710413
[2025-01-24 08:10:02,196] INFO: Iter 37800 Summarn  y: 
[2025-01-24 08:10:02,197] INFO: 	 lr: 1.000000000000002e-05 	 Training loss: 0.02559400916099548
[2025-01-24 08:10:13,800] INFO: Iter 37900 Summarn  y: 
[2025-01-24 08:10:13,800] INFO: 	 lr: 1.000000000000002e-05 	 Training loss: 0.02552823169156909
[2025-01-24 08:10:25,340] INFO: Iter 38000 Summarn  y: 
[2025-01-24 08:10:25,341] INFO: 	 lr: 1.000000000000002e-05 	 Training loss: 0.025810476522892714
[2025-01-24 08:10:38,883] INFO: Iter 38100 Summarn  y: 
[2025-01-24 08:10:38,883] INFO: 	 lr: 1.000000000000002e-05 	 Training loss: 0.025582319162786006
[2025-01-24 08:10:49,163] INFO: Iter 38200 Summarn  y: 
[2025-01-24 08:10:49,164] INFO: 	 lr: 1.000000000000002e-05 	 Training loss: 0.025497249457985163
[2025-01-24 08:11:01,574] INFO: Iter 38300 Summarn  y: 
[2025-01-24 08:11:01,574] INFO: 	 lr: 1.000000000000002e-05 	 Training loss: 0.025498816799372433
[2025-01-24 08:11:13,655] INFO: Iter 38400 Summarn  y: 
[2025-01-24 08:11:13,656] INFO: 	 lr: 1.000000000000002e-05 	 Training loss: 0.02557385316118598
[2025-01-24 08:11:24,651] INFO: Iter 38500 Summarn  y: 
[2025-01-24 08:11:24,652] INFO: 	 lr: 1.000000000000002e-05 	 Training loss: 0.025618140026926993
[2025-01-24 08:11:36,175] INFO: Iter 38600 Summarn  y: 
[2025-01-24 08:11:36,176] INFO: 	 lr: 1.000000000000002e-05 	 Training loss: 0.025390809047967196
[2025-01-24 08:11:46,790] INFO: Iter 38700 Summarn  y: 
[2025-01-24 08:11:46,790] INFO: 	 lr: 1.000000000000002e-05 	 Training loss: 0.025579131953418256
[2025-01-24 08:11:55,617] INFO: Iter 38800 Summarn  y: 
[2025-01-24 08:11:55,617] INFO: 	 lr: 1.000000000000002e-05 	 Training loss: 0.025696714222431184
[2025-01-24 08:12:07,114] INFO: Iter 38900 Summarn  y: 
[2025-01-24 08:12:07,114] INFO: 	 lr: 1.000000000000002e-05 	 Training loss: 0.02549446726217866
[2025-01-24 08:12:18,926] INFO: Iter 39000 Summarn  y: 
[2025-01-24 08:12:18,926] INFO: 	 lr: 1.000000000000002e-05 	 Training loss: 0.025667484141886233
[2025-01-24 08:12:30,671] INFO: Iter 39100 Summarn  y: 
[2025-01-24 08:12:30,672] INFO: 	 lr: 1.000000000000002e-05 	 Training loss: 0.02538121450692415
[2025-01-24 08:12:41,790] INFO: Iter 39200 Summarn  y: 
[2025-01-24 08:12:41,790] INFO: 	 lr: 1.000000000000002e-05 	 Training loss: 0.025578855108469724
[2025-01-24 08:12:53,716] INFO: Iter 39300 Summarn  y: 
[2025-01-24 08:12:53,716] INFO: 	 lr: 1.000000000000002e-05 	 Training loss: 0.025606388840824366
[2025-01-24 08:13:04,655] INFO: Iter 39400 Summarn  y: 
[2025-01-24 08:13:04,655] INFO: 	 lr: 1.000000000000002e-05 	 Training loss: 0.02553969472646713
[2025-01-24 08:13:15,297] INFO: Iter 39500 Summarn  y: 
[2025-01-24 08:13:15,297] INFO: 	 lr: 1.000000000000002e-05 	 Training loss: 0.025505849588662387
[2025-01-24 08:13:26,698] INFO: Iter 39600 Summarn  y: 
[2025-01-24 08:13:26,699] INFO: 	 lr: 1.000000000000002e-05 	 Training loss: 0.02562047040089965
[2025-01-24 08:13:37,454] INFO: Iter 39700 Summarn  y: 
[2025-01-24 08:13:37,454] INFO: 	 lr: 1.000000000000002e-05 	 Training loss: 0.025616599321365355
[2025-01-24 08:13:49,364] INFO: Iter 39800 Summarn  y: 
[2025-01-24 08:13:49,364] INFO: 	 lr: 1.000000000000002e-05 	 Training loss: 0.025478738900274037
[2025-01-24 08:14:01,307] INFO: Iter 39900 Summarn  y: 
[2025-01-24 08:14:01,307] INFO: 	 lr: 1.000000000000002e-05 	 Training loss: 0.025532713662832975
[2025-01-24 08:14:11,956] INFO: Iter 40000 Summarn  y: 
[2025-01-24 08:14:11,956] INFO: 	 lr: 1.000000000000002e-05 	 Training loss: 0.02546434598043561
[2025-01-24 08:14:25,441] INFO: Iter 40100 Summarn  y: 
[2025-01-24 08:14:25,442] INFO: 	 lr: 1.000000000000002e-05 	 Training loss: 0.02575406365096569
[2025-01-24 08:14:35,705] INFO: Iter 40200 Summarn  y: 
[2025-01-24 08:14:35,705] INFO: 	 lr: 1.000000000000002e-05 	 Training loss: 0.02565026417374611
[2025-01-24 08:14:47,098] INFO: Iter 40300 Summarn  y: 
[2025-01-24 08:14:47,098] INFO: 	 lr: 1.000000000000002e-05 	 Training loss: 0.02555964158847928
[2025-01-24 08:14:57,107] INFO: Iter 40400 Summarn  y: 
[2025-01-24 08:14:57,107] INFO: 	 lr: 1.000000000000002e-05 	 Training loss: 0.025593672171235083
[2025-01-24 08:15:09,427] INFO: Iter 40500 Summarn  y: 
[2025-01-24 08:15:09,427] INFO: 	 lr: 1.000000000000002e-05 	 Training loss: 0.025489792879670858
[2025-01-24 08:15:18,519] INFO: Iter 40600 Summarn  y: 
[2025-01-24 08:15:18,519] INFO: 	 lr: 1.000000000000002e-05 	 Training loss: 0.025470532439649106
[2025-01-24 08:15:28,213] INFO: Iter 40700 Summarn  y: 
[2025-01-24 08:15:28,213] INFO: 	 lr: 1.000000000000002e-05 	 Training loss: 0.02540474396198988
[2025-01-24 08:15:38,623] INFO: Iter 40800 Summarn  y: 
[2025-01-24 08:15:38,623] INFO: 	 lr: 1.000000000000002e-05 	 Training loss: 0.02553032720461488
[2025-01-24 08:15:50,572] INFO: Iter 40900 Summarn  y: 
[2025-01-24 08:15:50,572] INFO: 	 lr: 1.000000000000002e-05 	 Training loss: 0.025542173888534307
[2025-01-24 08:16:02,305] INFO: Iter 41000 Summarn  y: 
[2025-01-24 08:16:02,305] INFO: 	 lr: 1.000000000000002e-05 	 Training loss: 0.025523775536566973
[2025-01-24 08:16:13,482] INFO: Iter 41100 Summarn  y: 
[2025-01-24 08:16:13,483] INFO: 	 lr: 1.000000000000002e-05 	 Training loss: 0.025530290398746727
[2025-01-24 08:16:25,020] INFO: Iter 41200 Summarn  y: 
[2025-01-24 08:16:25,021] INFO: 	 lr: 1.000000000000002e-05 	 Training loss: 0.025610009022057057
[2025-01-24 08:16:36,024] INFO: Iter 41300 Summarn  y: 
[2025-01-24 08:16:36,025] INFO: 	 lr: 1.000000000000002e-05 	 Training loss: 0.02550681734457612
[2025-01-24 08:16:46,006] INFO: Iter 41400 Summarn  y: 
[2025-01-24 08:16:46,007] INFO: 	 lr: 1.000000000000002e-05 	 Training loss: 0.025515420511364937
[2025-01-24 08:16:56,437] INFO: Iter 41500 Summarn  y: 
[2025-01-24 08:16:56,438] INFO: 	 lr: 1.000000000000002e-05 	 Training loss: 0.025494389850646258
[2025-01-24 08:17:06,617] INFO: Iter 41600 Summarn  y: 
[2025-01-24 08:17:06,617] INFO: 	 lr: 1.000000000000002e-05 	 Training loss: 0.02535923508927226
[2025-01-24 08:17:15,332] INFO: Iter 41700 Summarn  y: 
[2025-01-24 08:17:15,332] INFO: 	 lr: 1.000000000000002e-05 	 Training loss: 0.025463380720466375
[2025-01-24 08:17:27,275] INFO: Iter 41800 Summarn  y: 
[2025-01-24 08:17:27,275] INFO: 	 lr: 1.000000000000002e-05 	 Training loss: 0.02548300491645932
[2025-01-24 08:17:38,356] INFO: Iter 41900 Summarn  y: 
[2025-01-24 08:17:38,357] INFO: 	 lr: 1.000000000000002e-05 	 Training loss: 0.025459855776280165
[2025-01-24 08:17:49,333] INFO: Iter 42000 Summarn  y: 
[2025-01-24 08:17:49,333] INFO: 	 lr: 1.000000000000002e-05 	 Training loss: 0.025378999151289463
[2025-01-24 08:18:01,857] INFO: Iter 42100 Summarn  y: 
[2025-01-24 08:18:01,857] INFO: 	 lr: 1.000000000000002e-05 	 Training loss: 0.025628375709056853
[2025-01-24 08:18:14,107] INFO: Iter 42200 Summarn  y: 
[2025-01-24 08:18:14,107] INFO: 	 lr: 1.000000000000002e-05 	 Training loss: 0.02550585312768817
[2025-01-24 08:18:25,894] INFO: Iter 42300 Summarn  y: 
[2025-01-24 08:18:25,895] INFO: 	 lr: 1.000000000000002e-05 	 Training loss: 0.025502098351716997
[2025-01-24 08:18:35,002] INFO: Iter 42400 Summarn  y: 
[2025-01-24 08:18:35,002] INFO: 	 lr: 1.000000000000002e-05 	 Training loss: 0.02546929122880101
[2025-01-24 08:18:46,490] INFO: Iter 42500 Summarn  y: 
[2025-01-24 08:18:46,490] INFO: 	 lr: 1.000000000000002e-05 	 Training loss: 0.025341788567602636
[2025-01-24 08:18:57,886] INFO: Iter 42600 Summarn  y: 
[2025-01-24 08:18:57,886] INFO: 	 lr: 1.000000000000002e-05 	 Training loss: 0.02537110697478056
[2025-01-24 08:19:09,212] INFO: Iter 42700 Summarn  y: 
[2025-01-24 08:19:09,212] INFO: 	 lr: 1.000000000000002e-05 	 Training loss: 0.025412283651530743
[2025-01-24 08:19:20,227] INFO: Iter 42800 Summarn  y: 
[2025-01-24 08:19:20,227] INFO: 	 lr: 1.000000000000002e-05 	 Training loss: 0.025412321761250495
[2025-01-24 08:19:29,783] INFO: Iter 42900 Summarn  y: 
[2025-01-24 08:19:29,784] INFO: 	 lr: 1.000000000000002e-05 	 Training loss: 0.025418229829519988
[2025-01-24 08:19:39,466] INFO: Iter 43000 Summarn  y: 
[2025-01-24 08:19:39,467] INFO: 	 lr: 1.000000000000002e-05 	 Training loss: 0.02538490083068609
[2025-01-24 08:19:49,920] INFO: Iter 43100 Summarn  y: 
[2025-01-24 08:19:49,920] INFO: 	 lr: 1.000000000000002e-05 	 Training loss: 0.02538955446332693
[2025-01-24 08:20:01,454] INFO: Iter 43200 Summarn  y: 
[2025-01-24 08:20:01,454] INFO: 	 lr: 1.000000000000002e-05 	 Training loss: 0.025612111687660217
[2025-01-24 08:20:12,559] INFO: Iter 43300 Summarn  y: 
[2025-01-24 08:20:12,560] INFO: 	 lr: 1.000000000000002e-05 	 Training loss: 0.025489776376634837
[2025-01-24 08:20:24,591] INFO: Iter 43400 Summarn  y: 
[2025-01-24 08:20:24,592] INFO: 	 lr: 1.000000000000002e-05 	 Training loss: 0.025510448031127453
[2025-01-24 08:20:34,913] INFO: Iter 43500 Summarn  y: 
[2025-01-24 08:20:34,913] INFO: 	 lr: 1.000000000000002e-05 	 Training loss: 0.025486815348267557
[2025-01-24 08:20:46,638] INFO: Iter 43600 Summarn  y: 
[2025-01-24 08:20:46,639] INFO: 	 lr: 1.000000000000002e-05 	 Training loss: 0.025742092486470938
[2025-01-24 08:20:56,442] INFO: Iter 43700 Summarn  y: 
[2025-01-24 08:20:56,442] INFO: 	 lr: 1.000000000000002e-05 	 Training loss: 0.025408347435295582
[2025-01-24 08:21:09,675] INFO: Iter 43800 Summarn  y: 
[2025-01-24 08:21:09,676] INFO: 	 lr: 1.000000000000002e-05 	 Training loss: 0.0254025106318295
[2025-01-24 08:21:21,419] INFO: Iter 43900 Summarn  y: 
[2025-01-24 08:21:21,419] INFO: 	 lr: 1.000000000000002e-05 	 Training loss: 0.02547645499929786
[2025-01-24 08:21:31,667] INFO: Iter 44000 Summarn  y: 
[2025-01-24 08:21:31,667] INFO: 	 lr: 1.000000000000002e-05 	 Training loss: 0.025348263047635555
[2025-01-24 08:21:44,156] INFO: Iter 44100 Summarn  y: 
[2025-01-24 08:21:44,156] INFO: 	 lr: 1.000000000000002e-05 	 Training loss: 0.025556040201336144
[2025-01-24 08:21:55,733] INFO: Iter 44200 Summarn  y: 
[2025-01-24 08:21:55,734] INFO: 	 lr: 1.000000000000002e-05 	 Training loss: 0.025379070527851582
[2025-01-24 08:22:07,408] INFO: Iter 44300 Summarn  y: 
[2025-01-24 08:22:07,408] INFO: 	 lr: 1.000000000000002e-05 	 Training loss: 0.025451004821807146
[2025-01-24 08:22:20,043] INFO: Iter 44400 Summarn  y: 
[2025-01-24 08:22:20,043] INFO: 	 lr: 1.000000000000002e-05 	 Training loss: 0.02549117734655738
[2025-01-24 08:22:33,073] INFO: Iter 44500 Summarn  y: 
[2025-01-24 08:22:33,073] INFO: 	 lr: 1.000000000000002e-05 	 Training loss: 0.025567598678171634
[2025-01-24 08:22:45,270] INFO: Iter 44600 Summarn  y: 
[2025-01-24 08:22:45,271] INFO: 	 lr: 1.000000000000002e-05 	 Training loss: 0.025206072218716145
[2025-01-24 08:22:56,307] INFO: Iter 44700 Summarn  y: 
[2025-01-24 08:22:56,308] INFO: 	 lr: 1.000000000000002e-05 	 Training loss: 0.025319528970867394
[2025-01-24 08:23:05,592] INFO: Iter 44800 Summarn  y: 
[2025-01-24 08:23:05,592] INFO: 	 lr: 1.000000000000002e-05 	 Training loss: 0.02542840614914894
[2025-01-24 08:23:17,819] INFO: Iter 44900 Summarn  y: 
[2025-01-24 08:23:17,819] INFO: 	 lr: 1.000000000000002e-05 	 Training loss: 0.02557277522981167
[2025-01-24 08:23:27,434] INFO: Iter 45000 Summarn  y: 
[2025-01-24 08:23:27,435] INFO: 	 lr: 1.000000000000002e-05 	 Training loss: 0.02543814681470394
[2025-01-24 08:23:38,210] INFO: Iter 45100 Summarn  y: 
[2025-01-24 08:23:38,211] INFO: 	 lr: 1.000000000000002e-05 	 Training loss: 0.025626708418130875
[2025-01-24 08:23:48,637] INFO: Iter 45200 Summarn  y: 
[2025-01-24 08:23:48,637] INFO: 	 lr: 1.000000000000002e-05 	 Training loss: 0.025396444499492646
[2025-01-24 08:24:01,133] INFO: Iter 45300 Summarn  y: 
[2025-01-24 08:24:01,133] INFO: 	 lr: 1.000000000000002e-05 	 Training loss: 0.02547262383624911
[2025-01-24 08:24:11,582] INFO: Iter 45400 Summarn  y: 
[2025-01-24 08:24:11,584] INFO: 	 lr: 1.000000000000002e-05 	 Training loss: 0.025412262603640556
[2025-01-24 08:24:22,475] INFO: Iter 45500 Summarn  y: 
[2025-01-24 08:24:22,475] INFO: 	 lr: 1.000000000000002e-05 	 Training loss: 0.02541132567450404
[2025-01-24 08:24:33,999] INFO: Iter 45600 Summarn  y: 
[2025-01-24 08:24:34,000] INFO: 	 lr: 1.000000000000002e-05 	 Training loss: 0.025464533772319557
[2025-01-24 08:24:44,747] INFO: Iter 45700 Summarn  y: 
[2025-01-24 08:24:44,747] INFO: 	 lr: 1.000000000000002e-05 	 Training loss: 0.02564398281276226
[2025-01-24 08:24:55,317] INFO: Iter 45800 Summarn  y: 
[2025-01-24 08:24:55,317] INFO: 	 lr: 1.000000000000002e-05 	 Training loss: 0.02548797108232975
[2025-01-24 08:25:03,893] INFO: Iter 45900 Summarn  y: 
[2025-01-24 08:25:03,893] INFO: 	 lr: 1.000000000000002e-05 	 Training loss: 0.025260393247008323
[2025-01-24 08:25:14,695] INFO: Iter 46000 Summarn  y: 
[2025-01-24 08:25:14,695] INFO: 	 lr: 1.000000000000002e-05 	 Training loss: 0.025498577170073988
[2025-01-24 08:25:27,930] INFO: Iter 46100 Summarn  y: 
[2025-01-24 08:25:27,930] INFO: 	 lr: 1.000000000000002e-05 	 Training loss: 0.025501448921859265
[2025-01-24 08:25:37,960] INFO: Iter 46200 Summarn  y: 
[2025-01-24 08:25:37,960] INFO: 	 lr: 1.000000000000002e-05 	 Training loss: 0.025448326747864486
[2025-01-24 08:25:49,154] INFO: Iter 46300 Summarn  y: 
[2025-01-24 08:25:49,154] INFO: 	 lr: 1.000000000000002e-05 	 Training loss: 0.025331312250345947
[2025-01-24 08:26:00,870] INFO: Iter 46400 Summarn  y: 
[2025-01-24 08:26:00,871] INFO: 	 lr: 1.000000000000002e-05 	 Training loss: 0.025421666130423546
[2025-01-24 08:26:10,897] INFO: Iter 46500 Summarn  y: 
[2025-01-24 08:26:10,897] INFO: 	 lr: 1.000000000000002e-05 	 Training loss: 0.02536003405228257
[2025-01-24 08:26:21,884] INFO: Iter 46600 Summarn  y: 
[2025-01-24 08:26:21,885] INFO: 	 lr: 1.000000000000002e-05 	 Training loss: 0.02539918903261423
[2025-01-24 08:26:30,532] INFO: Iter 46700 Summarn  y: 
[2025-01-24 08:26:30,532] INFO: 	 lr: 1.000000000000002e-05 	 Training loss: 0.025260386653244496
[2025-01-24 08:26:41,725] INFO: Iter 46800 Summarn  y: 
[2025-01-24 08:26:41,725] INFO: 	 lr: 1.000000000000002e-05 	 Training loss: 0.025540432650595902
[2025-01-24 08:26:51,280] INFO: Iter 46900 Summarn  y: 
[2025-01-24 08:26:51,281] INFO: 	 lr: 1.000000000000002e-05 	 Training loss: 0.02537996420636773
[2025-01-24 08:27:01,923] INFO: Iter 47000 Summarn  y: 
[2025-01-24 08:27:01,923] INFO: 	 lr: 1.000000000000002e-05 	 Training loss: 0.02537065662443638
[2025-01-24 08:27:12,244] INFO: Iter 47100 Summarn  y: 
[2025-01-24 08:27:12,244] INFO: 	 lr: 1.000000000000002e-05 	 Training loss: 0.02543967405334115
[2025-01-24 08:27:24,925] INFO: Iter 47200 Summarn  y: 
[2025-01-24 08:27:24,926] INFO: 	 lr: 1.000000000000002e-05 	 Training loss: 0.02535556685179472
[2025-01-24 08:27:36,789] INFO: Iter 47300 Summarn  y: 
[2025-01-24 08:27:36,790] INFO: 	 lr: 1.000000000000002e-05 	 Training loss: 0.025380680896341802
[2025-01-24 08:27:47,369] INFO: Iter 47400 Summarn  y: 
[2025-01-24 08:27:47,369] INFO: 	 lr: 1.000000000000002e-05 	 Training loss: 0.025340765472501515
[2025-01-24 08:27:57,442] INFO: Iter 47500 Summarn  y: 
[2025-01-24 08:27:57,443] INFO: 	 lr: 1.000000000000002e-05 	 Training loss: 0.025452098920941354
[2025-01-24 08:28:06,612] INFO: Iter 47600 Summarn  y: 
[2025-01-24 08:28:06,612] INFO: 	 lr: 1.000000000000002e-05 	 Training loss: 0.02535564709454775
[2025-01-24 08:28:17,452] INFO: Iter 47700 Summarn  y: 
[2025-01-24 08:28:17,452] INFO: 	 lr: 1.000000000000002e-05 	 Training loss: 0.025298762861639262
[2025-01-24 08:28:28,275] INFO: Iter 47800 Summarn  y: 
[2025-01-24 08:28:28,275] INFO: 	 lr: 1.000000000000002e-05 	 Training loss: 0.02528363037854433
[2025-01-24 08:28:38,796] INFO: Iter 47900 Summarn  y: 
[2025-01-24 08:28:38,796] INFO: 	 lr: 1.000000000000002e-05 	 Training loss: 0.025478199943900107
[2025-01-24 08:28:49,999] INFO: Iter 48000 Summarn  y: 
[2025-01-24 08:28:49,999] INFO: 	 lr: 1.000000000000002e-05 	 Training loss: 0.025352791883051395
[2025-01-24 08:29:03,975] INFO: Iter 48100 Summarn  y: 
[2025-01-24 08:29:03,975] INFO: 	 lr: 1.000000000000002e-05 	 Training loss: 0.02528674226254225
[2025-01-24 08:29:15,144] INFO: Iter 48200 Summarn  y: 
[2025-01-24 08:29:15,145] INFO: 	 lr: 1.000000000000002e-05 	 Training loss: 0.02523277489468455
[2025-01-24 08:29:27,081] INFO: Iter 48300 Summarn  y: 
[2025-01-24 08:29:27,082] INFO: 	 lr: 1.000000000000002e-05 	 Training loss: 0.0255076440051198
[2025-01-24 08:29:39,362] INFO: Iter 48400 Summarn  y: 
[2025-01-24 08:29:39,363] INFO: 	 lr: 1.000000000000002e-05 	 Training loss: 0.02547354927286506
[2025-01-24 08:29:49,035] INFO: Iter 48500 Summarn  y: 
[2025-01-24 08:29:49,036] INFO: 	 lr: 1.000000000000002e-05 	 Training loss: 0.025567849576473237
[2025-01-24 08:29:57,507] INFO: Iter 48600 Summarn  y: 
[2025-01-24 08:29:57,508] INFO: 	 lr: 1.000000000000002e-05 	 Training loss: 0.02545937856659293
[2025-01-24 08:30:08,775] INFO: Iter 48700 Summarn  y: 
[2025-01-24 08:30:08,776] INFO: 	 lr: 1.000000000000002e-05 	 Training loss: 0.025388797912746668
[2025-01-24 08:30:20,504] INFO: Iter 48800 Summarn  y: 
[2025-01-24 08:30:20,504] INFO: 	 lr: 1.000000000000002e-05 	 Training loss: 0.0252596914768219
[2025-01-24 08:30:30,149] INFO: Iter 48900 Summarn  y: 
[2025-01-24 08:30:30,149] INFO: 	 lr: 1.000000000000002e-05 	 Training loss: 0.025361349899321796
[2025-01-24 08:30:40,003] INFO: Iter 49000 Summarn  y: 
[2025-01-24 08:30:40,003] INFO: 	 lr: 1.000000000000002e-05 	 Training loss: 0.025184790827333926
[2025-01-24 08:30:49,906] INFO: Iter 49100 Summarn  y: 
[2025-01-24 08:30:49,907] INFO: 	 lr: 1.000000000000002e-05 	 Training loss: 0.025615781918168067
[2025-01-24 08:31:01,415] INFO: Iter 49200 Summarn  y: 
[2025-01-24 08:31:01,415] INFO: 	 lr: 1.000000000000002e-05 	 Training loss: 0.02534906828776002
[2025-01-24 08:31:12,381] INFO: Iter 49300 Summarn  y: 
[2025-01-24 08:31:12,382] INFO: 	 lr: 1.000000000000002e-05 	 Training loss: 0.025439345445483923
[2025-01-24 08:31:24,233] INFO: Iter 49400 Summarn  y: 
[2025-01-24 08:31:24,234] INFO: 	 lr: 1.000000000000002e-05 	 Training loss: 0.025242747608572244
[2025-01-24 08:31:36,129] INFO: Iter 49500 Summarn  y: 
[2025-01-24 08:31:36,129] INFO: 	 lr: 1.000000000000002e-05 	 Training loss: 0.025575194880366324
[2025-01-24 08:31:46,871] INFO: Iter 49600 Summarn  y: 
[2025-01-24 08:31:46,871] INFO: 	 lr: 1.000000000000002e-05 	 Training loss: 0.025371065083891153
[2025-01-24 08:31:58,062] INFO: Iter 49700 Summarn  y: 
[2025-01-24 08:31:58,062] INFO: 	 lr: 1.000000000000002e-05 	 Training loss: 0.025457154475152493
[2025-01-24 08:32:07,944] INFO: Iter 49800 Summarn  y: 
[2025-01-24 08:32:07,945] INFO: 	 lr: 1.000000000000002e-05 	 Training loss: 0.02534484563395381
[2025-01-24 08:32:19,740] INFO: Iter 49900 Summarn  y: 
[2025-01-24 08:32:19,740] INFO: 	 lr: 1.000000000000002e-05 	 Training loss: 0.025270661041140556
[2025-01-24 08:32:29,805] INFO: Iter 50000 Summarn  y: 
[2025-01-24 08:32:29,805] INFO: 	 lr: 1.000000000000002e-05 	 Training loss: 0.02533119633793831
[2025-01-24 08:32:44,491] INFO: Iter 50100 Summarn  y: 
[2025-01-24 08:32:44,491] INFO: 	 lr: 1.000000000000002e-05 	 Training loss: 0.02522740937769413
[2025-01-24 08:32:56,814] INFO: Iter 50200 Summarn  y: 
[2025-01-24 08:32:56,815] INFO: 	 lr: 1.000000000000002e-05 	 Training loss: 0.02541754364967346
[2025-01-24 08:33:05,587] INFO: Iter 50300 Summarn  y: 
[2025-01-24 08:33:05,587] INFO: 	 lr: 1.000000000000002e-05 	 Training loss: 0.02524519968777895
[2025-01-24 08:33:15,557] INFO: Iter 50400 Summarn  y: 
[2025-01-24 08:33:15,557] INFO: 	 lr: 1.000000000000002e-05 	 Training loss: 0.02545420091599226
[2025-01-24 08:33:24,700] INFO: Iter 50500 Summarn  y: 
[2025-01-24 08:33:24,701] INFO: 	 lr: 1.000000000000002e-05 	 Training loss: 0.025274211503565312
[2025-01-24 08:33:33,386] INFO: Iter 50600 Summarn  y: 
[2025-01-24 08:33:33,386] INFO: 	 lr: 1.000000000000002e-05 	 Training loss: 0.02532167300581932
[2025-01-24 08:33:45,536] INFO: Iter 50700 Summarn  y: 
[2025-01-24 08:33:45,536] INFO: 	 lr: 1.000000000000002e-05 	 Training loss: 0.025289835408329964
[2025-01-24 08:33:54,825] INFO: Iter 50800 Summarn  y: 
[2025-01-24 08:33:54,825] INFO: 	 lr: 1.000000000000002e-05 	 Training loss: 0.0253069993108511
[2025-01-24 08:34:03,133] INFO: Iter 50900 Summarn  y: 
[2025-01-24 08:34:03,133] INFO: 	 lr: 1.000000000000002e-05 	 Training loss: 0.025312753096222877
[2025-01-24 08:34:14,385] INFO: Iter 51000 Summarn  y: 
[2025-01-24 08:34:14,385] INFO: 	 lr: 1.000000000000002e-05 	 Training loss: 0.025365190766751766
[2025-01-24 08:34:24,810] INFO: Iter 51100 Summarn  y: 
[2025-01-24 08:34:24,810] INFO: 	 lr: 1.000000000000002e-05 	 Training loss: 0.02533718802034855
[2025-01-24 08:34:32,740] INFO: Iter 51200 Summarn  y: 
[2025-01-24 08:34:32,740] INFO: 	 lr: 1.000000000000002e-05 	 Training loss: 0.02519197441637516
[2025-01-24 08:34:40,297] INFO: Iter 51300 Summarn  y: 
[2025-01-24 08:34:40,298] INFO: 	 lr: 1.000000000000002e-05 	 Training loss: 0.025368235744535922
