[2024-12-16 11:42:30,915] INFO: {
    "abs_dir": "/home/diwang/siMLPe/exps/baseline_h36m",
    "batch_size": 256,
    "cos_lr_max": 1e-05,
    "cos_lr_min": 5e-08,
    "cos_lr_total_iters": 40000,
    "data_aug": true,
    "deriv_input": true,
    "deriv_output": true,
    "h36m_anno_dir": "/home/diwang/siMLPe/data/h36m/",
    "link_log_file": "/home/diwang/siMLPe/exps/baseline_h36m/log/log_last.log",
    "link_val_log_file": "/home/diwang/siMLPe/exps/baseline_h36m/log/val_last.log",
    "log_dir": "/home/diwang/siMLPe/exps/baseline_h36m/log",
    "log_file": "/home/diwang/siMLPe/exps/baseline_h36m/log/log_2024_12_16_11_42_10.log",
    "model_pth": null,
    "motion": {
        "dim": 66,
        "h36m_input_length": 50,
        "h36m_input_length_dct": 50,
        "h36m_target_length": 50,
        "h36m_target_length_eval": 25,
        "h36m_target_length_train": 50
    },
    "motion_fc_in": {
        "activation": "relu",
        "in_features": 66,
        "init_w_trunc_normal": false,
        "out_features": 66,
        "temporal_fc": false,
        "with_norm": false
    },
    "motion_fc_out": {
        "activation": "relu",
        "in_features": 66,
        "init_w_trunc_normal": true,
        "out_features": 66,
        "temporal_fc": false,
        "with_norm": false
    },
    "motion_mlp": {
        "hidden_dim": 66,
        "norm_axis": "spatial",
        "num_layers": 48,
        "seq_len": 50,
        "spatial_fc_only": false,
        "with_normalization": true
    },
    "num_workers": 8,
    "post_dct": false,
    "pre_dct": false,
    "print_every": 100,
    "repo_name": "siMLPe",
    "root_dir": "/home/diwang/siMLPe",
    "save_every": 5000,
    "seed": 304,
    "shift_step": 1,
    "snapshot_dir": "/home/diwang/siMLPe/exps/baseline_h36m/log/snapshot",
    "this_dir": "baseline_h36m",
    "use_relative_loss": true,
    "val_log_file": "/home/diwang/siMLPe/exps/baseline_h36m/log/val_2024_12_16_11_42_10.log",
    "weight_decay": 0.0001
}
[2024-12-16 11:42:39,742] INFO: Iter 100 Summary: 
[2024-12-16 11:42:39,743] INFO: 	 lr: 0.00030000000000000073 	 Training loss: 0.15603308156132698
[2024-12-16 11:42:45,874] INFO: Iter 200 Summary: 
[2024-12-16 11:42:45,874] INFO: 	 lr: 0.00030000000000000073 	 Training loss: 0.14410028636455535
[2024-12-16 11:42:52,353] INFO: Iter 300 Summary: 
[2024-12-16 11:42:52,353] INFO: 	 lr: 0.00030000000000000073 	 Training loss: 0.13908357217907905
[2024-12-16 11:42:58,682] INFO: Iter 400 Summary: 
[2024-12-16 11:42:58,682] INFO: 	 lr: 0.00030000000000000073 	 Training loss: 0.13359847567975522
[2024-12-16 11:43:05,154] INFO: Iter 500 Summary: 
[2024-12-16 11:43:05,154] INFO: 	 lr: 0.00030000000000000073 	 Training loss: 0.1309931319206953
[2024-12-16 11:43:11,629] INFO: Iter 600 Summary: 
[2024-12-16 11:43:11,629] INFO: 	 lr: 0.00030000000000000073 	 Training loss: 0.12936226673424245
[2024-12-16 11:43:19,463] INFO: Iter 700 Summary: 
[2024-12-16 11:43:19,463] INFO: 	 lr: 0.00030000000000000073 	 Training loss: 0.1280048756301403
[2024-12-16 11:43:25,926] INFO: Iter 800 Summary: 
[2024-12-16 11:43:25,926] INFO: 	 lr: 0.00030000000000000073 	 Training loss: 0.12668486967682838
[2024-12-16 11:43:32,403] INFO: Iter 900 Summary: 
[2024-12-16 11:43:32,403] INFO: 	 lr: 0.00030000000000000073 	 Training loss: 0.1253835679590702
[2024-12-16 11:43:38,849] INFO: Iter 1000 Summary: 
[2024-12-16 11:43:38,850] INFO: 	 lr: 0.00030000000000000073 	 Training loss: 0.12531413301825522
[2024-12-16 11:43:45,257] INFO: Iter 1100 Summary: 
[2024-12-16 11:43:45,257] INFO: 	 lr: 0.00030000000000000073 	 Training loss: 0.12505042649805545
[2024-12-16 11:43:51,738] INFO: Iter 1200 Summary: 
[2024-12-16 11:43:51,738] INFO: 	 lr: 0.00030000000000000073 	 Training loss: 0.12372256591916084
[2024-12-16 11:43:58,215] INFO: Iter 1300 Summary: 
[2024-12-16 11:43:58,215] INFO: 	 lr: 0.00030000000000000073 	 Training loss: 0.12401731804013252
[2024-12-16 11:44:05,522] INFO: Iter 1400 Summary: 
[2024-12-16 11:44:05,522] INFO: 	 lr: 0.00030000000000000073 	 Training loss: 0.12275952868163585
[2024-12-16 11:44:11,923] INFO: Iter 1500 Summary: 
[2024-12-16 11:44:11,923] INFO: 	 lr: 0.00030000000000000073 	 Training loss: 0.12319145686924457
[2024-12-16 11:44:18,386] INFO: Iter 1600 Summary: 
[2024-12-16 11:44:18,386] INFO: 	 lr: 0.00030000000000000073 	 Training loss: 0.1230208357423544
[2024-12-16 11:44:24,854] INFO: Iter 1700 Summary: 
[2024-12-16 11:44:24,854] INFO: 	 lr: 0.00030000000000000073 	 Training loss: 0.12231552466750145
[2024-12-16 11:44:31,320] INFO: Iter 1800 Summary: 
[2024-12-16 11:44:31,320] INFO: 	 lr: 0.00030000000000000073 	 Training loss: 0.1217701941728592
[2024-12-16 11:44:37,787] INFO: Iter 1900 Summary: 
[2024-12-16 11:44:37,787] INFO: 	 lr: 0.00030000000000000073 	 Training loss: 0.1217683120816946
[2024-12-16 11:44:45,292] INFO: Iter 2000 Summary: 
[2024-12-16 11:44:45,293] INFO: 	 lr: 0.00030000000000000073 	 Training loss: 0.12041188485920429
[2024-12-16 11:44:52,201] INFO: Iter 2100 Summary: 
[2024-12-16 11:44:52,201] INFO: 	 lr: 0.00030000000000000073 	 Training loss: 0.12062803514301777
[2024-12-16 11:44:58,599] INFO: Iter 2200 Summary: 
[2024-12-16 11:44:58,599] INFO: 	 lr: 0.00030000000000000073 	 Training loss: 0.12107959106564521
[2024-12-16 11:45:04,135] INFO: Iter 2300 Summary: 
[2024-12-16 11:45:04,135] INFO: 	 lr: 0.00030000000000000073 	 Training loss: 0.1209574294835329
[2024-12-16 11:45:10,020] INFO: Iter 2400 Summary: 
[2024-12-16 11:45:10,020] INFO: 	 lr: 0.00030000000000000073 	 Training loss: 0.12018468372523784
[2024-12-16 11:45:16,488] INFO: Iter 2500 Summary: 
[2024-12-16 11:45:16,488] INFO: 	 lr: 0.00030000000000000073 	 Training loss: 0.11979919150471688
[2024-12-16 11:45:22,951] INFO: Iter 2600 Summary: 
[2024-12-16 11:45:22,951] INFO: 	 lr: 0.00030000000000000073 	 Training loss: 0.1198639889806509
[2024-12-16 11:45:30,560] INFO: Iter 2700 Summary: 
[2024-12-16 11:45:30,560] INFO: 	 lr: 0.00030000000000000073 	 Training loss: 0.11911873809993268
[2024-12-16 11:45:37,028] INFO: Iter 2800 Summary: 
[2024-12-16 11:45:37,029] INFO: 	 lr: 0.00030000000000000073 	 Training loss: 0.11936529293656349
[2024-12-16 11:45:43,499] INFO: Iter 2900 Summary: 
[2024-12-16 11:45:43,499] INFO: 	 lr: 0.00030000000000000073 	 Training loss: 0.11911866836249828
[2024-12-16 11:45:49,984] INFO: Iter 3000 Summary: 
[2024-12-16 11:45:49,984] INFO: 	 lr: 0.00030000000000000073 	 Training loss: 0.11951269045472145
[2024-12-16 11:45:56,483] INFO: Iter 3100 Summary: 
[2024-12-16 11:45:56,483] INFO: 	 lr: 0.00030000000000000073 	 Training loss: 0.11932592175900936
[2024-12-16 11:46:03,062] INFO: Iter 3200 Summary: 
[2024-12-16 11:46:03,062] INFO: 	 lr: 0.00030000000000000073 	 Training loss: 0.11876813389360905
[2024-12-16 11:46:09,616] INFO: Iter 3300 Summary: 
[2024-12-16 11:46:09,616] INFO: 	 lr: 0.00030000000000000073 	 Training loss: 0.11871906690299511
[2024-12-16 11:46:16,667] INFO: Iter 3400 Summary: 
[2024-12-16 11:46:16,667] INFO: 	 lr: 0.00030000000000000073 	 Training loss: 0.11830889657139779
[2024-12-16 11:46:22,628] INFO: Iter 3500 Summary: 
[2024-12-16 11:46:22,628] INFO: 	 lr: 0.00030000000000000073 	 Training loss: 0.11861758008599281
[2024-12-16 11:46:29,092] INFO: Iter 3600 Summary: 
[2024-12-16 11:46:29,093] INFO: 	 lr: 0.00030000000000000073 	 Training loss: 0.11778217211365699
[2024-12-16 11:46:35,556] INFO: Iter 3700 Summary: 
[2024-12-16 11:46:35,556] INFO: 	 lr: 0.00030000000000000073 	 Training loss: 0.11797018080949784
[2024-12-16 11:46:42,030] INFO: Iter 3800 Summary: 
[2024-12-16 11:46:42,030] INFO: 	 lr: 0.00030000000000000073 	 Training loss: 0.1174164030700922
[2024-12-16 11:46:48,492] INFO: Iter 3900 Summary: 
[2024-12-16 11:46:48,492] INFO: 	 lr: 0.00030000000000000073 	 Training loss: 0.1179224705696106
[2024-12-16 11:46:56,131] INFO: Iter 4000 Summary: 
[2024-12-16 11:46:56,131] INFO: 	 lr: 0.00030000000000000073 	 Training loss: 0.11784013949334621
[2024-12-16 11:47:02,603] INFO: Iter 4100 Summary: 
[2024-12-16 11:47:02,603] INFO: 	 lr: 0.00030000000000000073 	 Training loss: 0.11755252465605735
[2024-12-16 11:47:09,075] INFO: Iter 4200 Summary: 
[2024-12-16 11:47:09,075] INFO: 	 lr: 0.00030000000000000073 	 Training loss: 0.11663057163357735
[2024-12-16 11:47:15,516] INFO: Iter 4300 Summary: 
[2024-12-16 11:47:15,516] INFO: 	 lr: 0.00030000000000000073 	 Training loss: 0.11733042322099209
[2024-12-16 11:47:21,974] INFO: Iter 4400 Summary: 
[2024-12-16 11:47:21,974] INFO: 	 lr: 0.00030000000000000073 	 Training loss: 0.11722195520997047
[2024-12-16 11:47:28,442] INFO: Iter 4500 Summary: 
[2024-12-16 11:47:28,442] INFO: 	 lr: 0.00030000000000000073 	 Training loss: 0.1164005920290947
[2024-12-16 11:47:34,905] INFO: Iter 4600 Summary: 
[2024-12-16 11:47:34,905] INFO: 	 lr: 0.00030000000000000073 	 Training loss: 0.11688560046255589
[2024-12-16 11:47:42,714] INFO: Iter 4700 Summary: 
[2024-12-16 11:47:42,715] INFO: 	 lr: 0.00030000000000000073 	 Training loss: 0.11666151508688927
[2024-12-16 11:47:48,945] INFO: Iter 4800 Summary: 
[2024-12-16 11:47:48,945] INFO: 	 lr: 0.00030000000000000073 	 Training loss: 0.11641505733132362
[2024-12-16 11:47:55,143] INFO: Iter 4900 Summary: 
[2024-12-16 11:47:55,143] INFO: 	 lr: 0.00030000000000000073 	 Training loss: 0.11647238418459892
[2024-12-16 11:48:01,014] INFO: Iter 5000 Summary: 
[2024-12-16 11:48:01,014] INFO: 	 lr: 0.00030000000000000073 	 Training loss: 0.11613040700554848
[2024-12-16 11:48:09,152] INFO: Iter 5100 Summary: 
[2024-12-16 11:48:09,152] INFO: 	 lr: 0.00030000000000000073 	 Training loss: 0.11587503366172314
[2024-12-16 11:48:15,612] INFO: Iter 5200 Summary: 
[2024-12-16 11:48:15,612] INFO: 	 lr: 0.00030000000000000073 	 Training loss: 0.11585873223841191
[2024-12-16 11:48:22,095] INFO: Iter 5300 Summary: 
[2024-12-16 11:48:22,095] INFO: 	 lr: 0.00030000000000000073 	 Training loss: 0.11624491453170777
[2024-12-16 11:48:29,675] INFO: Iter 5400 Summary: 
[2024-12-16 11:48:29,676] INFO: 	 lr: 0.00030000000000000073 	 Training loss: 0.11626346960663796
[2024-12-16 11:48:36,101] INFO: Iter 5500 Summary: 
[2024-12-16 11:48:36,101] INFO: 	 lr: 0.00030000000000000073 	 Training loss: 0.11643628880381585
[2024-12-16 11:48:42,568] INFO: Iter 5600 Summary: 
[2024-12-16 11:48:42,568] INFO: 	 lr: 0.00030000000000000073 	 Training loss: 0.11630188398063183
[2024-12-16 11:48:49,015] INFO: Iter 5700 Summary: 
[2024-12-16 11:48:49,015] INFO: 	 lr: 0.00030000000000000073 	 Training loss: 0.11501631692051888
[2024-12-16 11:48:55,470] INFO: Iter 5800 Summary: 
[2024-12-16 11:48:55,471] INFO: 	 lr: 0.00030000000000000073 	 Training loss: 0.1149236349761486
[2024-12-16 11:49:01,902] INFO: Iter 5900 Summary: 
[2024-12-16 11:49:01,902] INFO: 	 lr: 0.00030000000000000073 	 Training loss: 0.11585602320730687
[2024-12-16 11:49:09,576] INFO: Iter 6000 Summary: 
[2024-12-16 11:49:09,576] INFO: 	 lr: 0.00030000000000000073 	 Training loss: 0.11506559669971467
[2024-12-16 11:49:16,085] INFO: Iter 6100 Summary: 
[2024-12-16 11:49:16,086] INFO: 	 lr: 0.00030000000000000073 	 Training loss: 0.11547023333609104
[2024-12-16 11:49:22,546] INFO: Iter 6200 Summary: 
[2024-12-16 11:49:22,546] INFO: 	 lr: 0.00030000000000000073 	 Training loss: 0.11519081555306912
[2024-12-16 11:49:29,003] INFO: Iter 6300 Summary: 
[2024-12-16 11:49:29,003] INFO: 	 lr: 0.00030000000000000073 	 Training loss: 0.11418543718755245
[2024-12-16 11:49:35,457] INFO: Iter 6400 Summary: 
[2024-12-16 11:49:35,457] INFO: 	 lr: 0.00030000000000000073 	 Training loss: 0.1146362715959549
[2024-12-16 11:49:41,921] INFO: Iter 6500 Summary: 
[2024-12-16 11:49:41,921] INFO: 	 lr: 0.00030000000000000073 	 Training loss: 0.11535074777901172
[2024-12-16 11:49:48,380] INFO: Iter 6600 Summary: 
[2024-12-16 11:49:48,380] INFO: 	 lr: 0.00030000000000000073 	 Training loss: 0.11409298948943615
[2024-12-16 11:49:56,132] INFO: Iter 6700 Summary: 
[2024-12-16 11:49:56,133] INFO: 	 lr: 0.00030000000000000073 	 Training loss: 0.11517114244401455
[2024-12-16 11:50:02,738] INFO: Iter 6800 Summary: 
[2024-12-16 11:50:02,738] INFO: 	 lr: 0.00030000000000000073 	 Training loss: 0.11547978483140468
[2024-12-16 11:50:09,219] INFO: Iter 6900 Summary: 
[2024-12-16 11:50:09,219] INFO: 	 lr: 0.00030000000000000073 	 Training loss: 0.11472070530056953
[2024-12-16 11:50:15,688] INFO: Iter 7000 Summary: 
[2024-12-16 11:50:15,688] INFO: 	 lr: 0.00030000000000000073 	 Training loss: 0.11370241820812226
[2024-12-16 11:50:22,125] INFO: Iter 7100 Summary: 
[2024-12-16 11:50:22,126] INFO: 	 lr: 0.00030000000000000073 	 Training loss: 0.11430328361690044
[2024-12-16 11:50:27,687] INFO: Iter 7200 Summary: 
[2024-12-16 11:50:27,687] INFO: 	 lr: 0.00030000000000000073 	 Training loss: 0.11418311104178429
[2024-12-16 11:50:33,327] INFO: Iter 7300 Summary: 
[2024-12-16 11:50:33,328] INFO: 	 lr: 0.00030000000000000073 	 Training loss: 0.11394966401159763
[2024-12-16 11:50:40,402] INFO: Iter 7400 Summary: 
[2024-12-16 11:50:40,402] INFO: 	 lr: 0.00030000000000000073 	 Training loss: 0.11379357405006886
[2024-12-16 11:50:46,066] INFO: Iter 7500 Summary: 
[2024-12-16 11:50:46,066] INFO: 	 lr: 0.00030000000000000073 	 Training loss: 0.11406442672014236
[2024-12-16 11:50:52,375] INFO: Iter 7600 Summary: 
[2024-12-16 11:50:52,375] INFO: 	 lr: 0.00030000000000000073 	 Training loss: 0.11410193011164665
[2024-12-16 11:50:58,847] INFO: Iter 7700 Summary: 
[2024-12-16 11:50:58,847] INFO: 	 lr: 0.00030000000000000073 	 Training loss: 0.11297548055648804
[2024-12-16 11:51:05,322] INFO: Iter 7800 Summary: 
[2024-12-16 11:51:05,322] INFO: 	 lr: 0.00030000000000000073 	 Training loss: 0.11350721456110477
[2024-12-16 11:51:11,793] INFO: Iter 7900 Summary: 
[2024-12-16 11:51:11,793] INFO: 	 lr: 0.00030000000000000073 	 Training loss: 0.11336684256792068
[2024-12-16 11:51:19,330] INFO: Iter 8000 Summary: 
[2024-12-16 11:51:19,330] INFO: 	 lr: 0.00030000000000000073 	 Training loss: 0.11337934099137784
[2024-12-16 11:51:25,816] INFO: Iter 8100 Summary: 
[2024-12-16 11:51:25,816] INFO: 	 lr: 0.00030000000000000073 	 Training loss: 0.11367719471454621
[2024-12-16 11:51:32,284] INFO: Iter 8200 Summary: 
[2024-12-16 11:51:32,285] INFO: 	 lr: 0.00030000000000000073 	 Training loss: 0.11345378123223782
[2024-12-16 11:51:38,752] INFO: Iter 8300 Summary: 
[2024-12-16 11:51:38,753] INFO: 	 lr: 0.00030000000000000073 	 Training loss: 0.1128398109227419
[2024-12-16 11:51:45,212] INFO: Iter 8400 Summary: 
[2024-12-16 11:51:45,212] INFO: 	 lr: 0.00030000000000000073 	 Training loss: 0.11267699159681797
[2024-12-16 11:51:51,671] INFO: Iter 8500 Summary: 
[2024-12-16 11:51:51,671] INFO: 	 lr: 0.00030000000000000073 	 Training loss: 0.11249637857079506
[2024-12-16 11:51:57,726] INFO: Iter 8600 Summary: 
[2024-12-16 11:51:57,727] INFO: 	 lr: 0.00030000000000000073 	 Training loss: 0.11270562887191772
[2024-12-16 11:52:05,290] INFO: Iter 8700 Summary: 
[2024-12-16 11:52:05,291] INFO: 	 lr: 0.00030000000000000073 	 Training loss: 0.11259576559066772
[2024-12-16 11:52:10,600] INFO: Iter 8800 Summary: 
[2024-12-16 11:52:10,601] INFO: 	 lr: 0.00030000000000000073 	 Training loss: 0.11230007268488407
[2024-12-16 11:52:16,893] INFO: Iter 8900 Summary: 
[2024-12-16 11:52:16,893] INFO: 	 lr: 0.00030000000000000073 	 Training loss: 0.112551771402359
[2024-12-16 11:52:23,364] INFO: Iter 9000 Summary: 
[2024-12-16 11:52:23,364] INFO: 	 lr: 0.00030000000000000073 	 Training loss: 0.11242231652140618
[2024-12-16 11:52:29,788] INFO: Iter 9100 Summary: 
[2024-12-16 11:52:29,788] INFO: 	 lr: 0.00030000000000000073 	 Training loss: 0.11240082308650017
[2024-12-16 11:52:36,207] INFO: Iter 9200 Summary: 
[2024-12-16 11:52:36,207] INFO: 	 lr: 0.00030000000000000073 	 Training loss: 0.1125890477746725
[2024-12-16 11:52:42,394] INFO: Iter 9300 Summary: 
[2024-12-16 11:52:42,394] INFO: 	 lr: 0.00030000000000000073 	 Training loss: 0.1131689614057541
[2024-12-16 11:52:50,003] INFO: Iter 9400 Summary: 
[2024-12-16 11:52:50,004] INFO: 	 lr: 0.00030000000000000073 	 Training loss: 0.11242603190243244
[2024-12-16 11:52:56,511] INFO: Iter 9500 Summary: 
[2024-12-16 11:52:56,511] INFO: 	 lr: 0.00030000000000000073 	 Training loss: 0.11234673641622067
[2024-12-16 11:53:02,976] INFO: Iter 9600 Summary: 
[2024-12-16 11:53:02,976] INFO: 	 lr: 0.00030000000000000073 	 Training loss: 0.11200371608138085
[2024-12-16 11:53:09,451] INFO: Iter 9700 Summary: 
[2024-12-16 11:53:09,451] INFO: 	 lr: 0.00030000000000000073 	 Training loss: 0.11209219485521317
[2024-12-16 11:53:15,920] INFO: Iter 9800 Summary: 
[2024-12-16 11:53:15,921] INFO: 	 lr: 0.00030000000000000073 	 Training loss: 0.11087517201900482
[2024-12-16 11:53:22,391] INFO: Iter 9900 Summary: 
[2024-12-16 11:53:22,391] INFO: 	 lr: 0.00030000000000000073 	 Training loss: 0.11192705176770687
[2024-12-16 11:53:30,003] INFO: Iter 10000 Summary: 
[2024-12-16 11:53:30,004] INFO: 	 lr: 0.00030000000000000073 	 Training loss: 0.11157898209989071
[2024-12-16 11:53:38,182] INFO: Iter 10100 Summary: 
[2024-12-16 11:53:38,182] INFO: 	 lr: 0.00030000000000000073 	 Training loss: 0.11141978971660137
[2024-12-16 11:53:44,661] INFO: Iter 10200 Summary: 
[2024-12-16 11:53:44,661] INFO: 	 lr: 0.00030000000000000073 	 Training loss: 0.11176562115550041
[2024-12-16 11:53:51,124] INFO: Iter 10300 Summary: 
[2024-12-16 11:53:51,124] INFO: 	 lr: 0.00030000000000000073 	 Training loss: 0.11086047478020192
[2024-12-16 11:53:57,569] INFO: Iter 10400 Summary: 
[2024-12-16 11:53:57,569] INFO: 	 lr: 0.00030000000000000073 	 Training loss: 0.11106950014829636
[2024-12-16 11:54:04,025] INFO: Iter 10500 Summary: 
[2024-12-16 11:54:04,025] INFO: 	 lr: 0.00030000000000000073 	 Training loss: 0.11085671670734883
[2024-12-16 11:54:10,496] INFO: Iter 10600 Summary: 
[2024-12-16 11:54:10,496] INFO: 	 lr: 0.00030000000000000073 	 Training loss: 0.1113084738701582
[2024-12-16 11:54:18,129] INFO: Iter 10700 Summary: 
[2024-12-16 11:54:18,129] INFO: 	 lr: 0.00030000000000000073 	 Training loss: 0.11035304270684719
[2024-12-16 11:54:24,591] INFO: Iter 10800 Summary: 
[2024-12-16 11:54:24,591] INFO: 	 lr: 0.00030000000000000073 	 Training loss: 0.11087996542453765
[2024-12-16 11:54:31,070] INFO: Iter 10900 Summary: 
[2024-12-16 11:54:31,071] INFO: 	 lr: 0.00030000000000000073 	 Training loss: 0.11120649293065071
[2024-12-16 11:54:37,551] INFO: Iter 11000 Summary: 
[2024-12-16 11:54:37,552] INFO: 	 lr: 0.00030000000000000073 	 Training loss: 0.11016052313148976
[2024-12-16 11:54:44,031] INFO: Iter 11100 Summary: 
[2024-12-16 11:54:44,031] INFO: 	 lr: 0.00030000000000000073 	 Training loss: 0.11088318303227425
[2024-12-16 11:54:50,506] INFO: Iter 11200 Summary: 
[2024-12-16 11:54:50,506] INFO: 	 lr: 0.00030000000000000073 	 Training loss: 0.11075770936906337
[2024-12-16 11:54:56,994] INFO: Iter 11300 Summary: 
[2024-12-16 11:54:56,994] INFO: 	 lr: 0.00030000000000000073 	 Training loss: 0.1095280547440052
[2024-12-16 11:55:04,514] INFO: Iter 11400 Summary: 
[2024-12-16 11:55:04,515] INFO: 	 lr: 0.00030000000000000073 	 Training loss: 0.11009604297578335
[2024-12-16 11:55:10,625] INFO: Iter 11500 Summary: 
[2024-12-16 11:55:10,626] INFO: 	 lr: 0.00030000000000000073 	 Training loss: 0.11038538515567779
[2024-12-16 11:55:16,675] INFO: Iter 11600 Summary: 
[2024-12-16 11:55:16,675] INFO: 	 lr: 0.00030000000000000073 	 Training loss: 0.110097988396883
[2024-12-16 11:55:21,870] INFO: Iter 11700 Summary: 
[2024-12-16 11:55:21,870] INFO: 	 lr: 0.00030000000000000073 	 Training loss: 0.10975550845265389
[2024-12-16 11:55:27,661] INFO: Iter 11800 Summary: 
[2024-12-16 11:55:27,661] INFO: 	 lr: 0.00030000000000000073 	 Training loss: 0.1108343805372715
[2024-12-16 11:55:34,163] INFO: Iter 11900 Summary: 
[2024-12-16 11:55:34,163] INFO: 	 lr: 0.00030000000000000073 	 Training loss: 0.1090957624465227
[2024-12-16 11:55:42,055] INFO: Iter 12000 Summary: 
[2024-12-16 11:55:42,056] INFO: 	 lr: 0.00030000000000000073 	 Training loss: 0.10883453033864499
[2024-12-16 11:55:48,735] INFO: Iter 12100 Summary: 
[2024-12-16 11:55:48,735] INFO: 	 lr: 0.00030000000000000073 	 Training loss: 0.10949819542467594
[2024-12-16 11:55:55,938] INFO: Iter 12200 Summary: 
[2024-12-16 11:55:55,938] INFO: 	 lr: 0.00030000000000000073 	 Training loss: 0.10951417751610279
[2024-12-16 11:56:02,631] INFO: Iter 12300 Summary: 
[2024-12-16 11:56:02,631] INFO: 	 lr: 0.00030000000000000073 	 Training loss: 0.1094356344640255
[2024-12-16 11:56:09,297] INFO: Iter 12400 Summary: 
[2024-12-16 11:56:09,297] INFO: 	 lr: 0.00030000000000000073 	 Training loss: 0.1096185328066349
[2024-12-16 11:56:15,956] INFO: Iter 12500 Summary: 
[2024-12-16 11:56:15,956] INFO: 	 lr: 0.00030000000000000073 	 Training loss: 0.10938739821314812
[2024-12-16 11:56:22,715] INFO: Iter 12600 Summary: 
[2024-12-16 11:56:22,716] INFO: 	 lr: 0.00030000000000000073 	 Training loss: 0.10935086593031883
[2024-12-16 11:56:30,833] INFO: Iter 12700 Summary: 
[2024-12-16 11:56:30,834] INFO: 	 lr: 0.00030000000000000073 	 Training loss: 0.1092324285954237
[2024-12-16 11:56:37,506] INFO: Iter 12800 Summary: 
[2024-12-16 11:56:37,506] INFO: 	 lr: 0.00030000000000000073 	 Training loss: 0.10910944752395153
[2024-12-16 11:56:43,927] INFO: Iter 12900 Summary: 
[2024-12-16 11:56:43,927] INFO: 	 lr: 0.00030000000000000073 	 Training loss: 0.10888637848198414
[2024-12-16 11:56:50,576] INFO: Iter 13000 Summary: 
[2024-12-16 11:56:50,576] INFO: 	 lr: 0.00030000000000000073 	 Training loss: 0.10946574009954929
[2024-12-16 11:56:57,255] INFO: Iter 13100 Summary: 
[2024-12-16 11:56:57,255] INFO: 	 lr: 0.00030000000000000073 	 Training loss: 0.10856975823640823
[2024-12-16 11:57:03,941] INFO: Iter 13200 Summary: 
[2024-12-16 11:57:03,941] INFO: 	 lr: 0.00030000000000000073 	 Training loss: 0.10893885843455792
[2024-12-16 11:57:10,631] INFO: Iter 13300 Summary: 
[2024-12-16 11:57:10,631] INFO: 	 lr: 0.00030000000000000073 	 Training loss: 0.10912327490746974
[2024-12-16 11:57:18,572] INFO: Iter 13400 Summary: 
[2024-12-16 11:57:18,573] INFO: 	 lr: 0.00030000000000000073 	 Training loss: 0.10841287150979043
[2024-12-16 11:57:25,247] INFO: Iter 13500 Summary: 
[2024-12-16 11:57:25,247] INFO: 	 lr: 0.00030000000000000073 	 Training loss: 0.10846603147685528
[2024-12-16 11:57:31,817] INFO: Iter 13600 Summary: 
[2024-12-16 11:57:31,818] INFO: 	 lr: 0.00030000000000000073 	 Training loss: 0.10896927490830421
[2024-12-16 11:57:38,507] INFO: Iter 13700 Summary: 
[2024-12-16 11:57:38,507] INFO: 	 lr: 0.00030000000000000073 	 Training loss: 0.1084605611115694
[2024-12-16 11:57:45,147] INFO: Iter 13800 Summary: 
[2024-12-16 11:57:45,147] INFO: 	 lr: 0.00030000000000000073 	 Training loss: 0.10787884145975113
[2024-12-16 11:57:51,789] INFO: Iter 13900 Summary: 
[2024-12-16 11:57:51,789] INFO: 	 lr: 0.00030000000000000073 	 Training loss: 0.10823362722992896
[2024-12-16 11:57:59,730] INFO: Iter 14000 Summary: 
[2024-12-16 11:57:59,730] INFO: 	 lr: 0.00030000000000000073 	 Training loss: 0.10874226324260235
[2024-12-16 11:58:06,277] INFO: Iter 14100 Summary: 
[2024-12-16 11:58:06,277] INFO: 	 lr: 0.00030000000000000073 	 Training loss: 0.10821730986237527
[2024-12-16 11:58:12,652] INFO: Iter 14200 Summary: 
[2024-12-16 11:58:12,652] INFO: 	 lr: 0.00030000000000000073 	 Training loss: 0.10787989400327205
[2024-12-16 11:58:19,324] INFO: Iter 14300 Summary: 
[2024-12-16 11:58:19,324] INFO: 	 lr: 0.00030000000000000073 	 Training loss: 0.10828656129539013
[2024-12-16 11:58:25,419] INFO: Iter 14400 Summary: 
[2024-12-16 11:58:25,419] INFO: 	 lr: 0.00030000000000000073 	 Training loss: 0.10782098151743412
[2024-12-16 11:58:31,665] INFO: Iter 14500 Summary: 
[2024-12-16 11:58:31,665] INFO: 	 lr: 0.00030000000000000073 	 Training loss: 0.10749777436256408
[2024-12-16 11:58:38,315] INFO: Iter 14600 Summary: 
[2024-12-16 11:58:38,315] INFO: 	 lr: 0.00030000000000000073 	 Training loss: 0.10806582145392894
[2024-12-16 11:58:46,056] INFO: Iter 14700 Summary: 
[2024-12-16 11:58:46,056] INFO: 	 lr: 0.00030000000000000073 	 Training loss: 0.10770389772951602
[2024-12-16 11:58:51,780] INFO: Iter 14800 Summary: 
[2024-12-16 11:58:51,780] INFO: 	 lr: 0.00030000000000000073 	 Training loss: 0.10720538437366485
[2024-12-16 11:58:58,386] INFO: Iter 14900 Summary: 
[2024-12-16 11:58:58,386] INFO: 	 lr: 0.00030000000000000073 	 Training loss: 0.10742734000086784
[2024-12-16 11:59:04,980] INFO: Iter 15000 Summary: 
[2024-12-16 11:59:04,980] INFO: 	 lr: 0.00030000000000000073 	 Training loss: 0.10770915493369103
[2024-12-16 11:59:13,117] INFO: Iter 15100 Summary: 
[2024-12-16 11:59:13,117] INFO: 	 lr: 0.00030000000000000073 	 Training loss: 0.10740876734256745
[2024-12-16 11:59:19,940] INFO: Iter 15200 Summary: 
[2024-12-16 11:59:19,940] INFO: 	 lr: 0.00030000000000000073 	 Training loss: 0.10788891285657883
[2024-12-16 11:59:27,675] INFO: Iter 15300 Summary: 
[2024-12-16 11:59:27,676] INFO: 	 lr: 0.00030000000000000073 	 Training loss: 0.10684948407113552
[2024-12-16 11:59:34,449] INFO: Iter 15400 Summary: 
[2024-12-16 11:59:34,449] INFO: 	 lr: 0.00030000000000000073 	 Training loss: 0.10667896457016468
[2024-12-16 11:59:41,081] INFO: Iter 15500 Summary: 
[2024-12-16 11:59:41,082] INFO: 	 lr: 0.00030000000000000073 	 Training loss: 0.10671295806765556
[2024-12-16 11:59:47,741] INFO: Iter 15600 Summary: 
[2024-12-16 11:59:47,741] INFO: 	 lr: 0.00030000000000000073 	 Training loss: 0.10726481385529041
[2024-12-16 11:59:54,379] INFO: Iter 15700 Summary: 
[2024-12-16 11:59:54,379] INFO: 	 lr: 0.00030000000000000073 	 Training loss: 0.10681923463940621
[2024-12-16 12:00:00,310] INFO: Iter 15800 Summary: 
[2024-12-16 12:00:00,310] INFO: 	 lr: 0.00030000000000000073 	 Training loss: 0.10771093040704727
[2024-12-16 12:00:06,951] INFO: Iter 15900 Summary: 
[2024-12-16 12:00:06,951] INFO: 	 lr: 0.00030000000000000073 	 Training loss: 0.10701723538339138
[2024-12-16 12:00:14,913] INFO: Iter 16000 Summary: 
[2024-12-16 12:00:14,913] INFO: 	 lr: 0.00030000000000000073 	 Training loss: 0.10695657521486282
[2024-12-16 12:00:21,599] INFO: Iter 16100 Summary: 
[2024-12-16 12:00:21,599] INFO: 	 lr: 0.00030000000000000073 	 Training loss: 0.1068357578665018
[2024-12-16 12:00:28,197] INFO: Iter 16200 Summary: 
[2024-12-16 12:00:28,197] INFO: 	 lr: 0.00030000000000000073 	 Training loss: 0.10664145924150943
[2024-12-16 12:00:34,815] INFO: Iter 16300 Summary: 
[2024-12-16 12:00:34,816] INFO: 	 lr: 0.00030000000000000073 	 Training loss: 0.10672206938266754
[2024-12-16 12:00:41,404] INFO: Iter 16400 Summary: 
[2024-12-16 12:00:41,404] INFO: 	 lr: 0.00030000000000000073 	 Training loss: 0.10649310916662216
[2024-12-16 12:00:48,061] INFO: Iter 16500 Summary: 
[2024-12-16 12:00:48,061] INFO: 	 lr: 0.00030000000000000073 	 Training loss: 0.10579555630683898
[2024-12-16 12:00:54,686] INFO: Iter 16600 Summary: 
[2024-12-16 12:00:54,686] INFO: 	 lr: 0.00030000000000000073 	 Training loss: 0.10627393335103989
[2024-12-16 12:01:02,461] INFO: Iter 16700 Summary: 
[2024-12-16 12:01:02,462] INFO: 	 lr: 0.00030000000000000073 	 Training loss: 0.1056086277961731
[2024-12-16 12:01:08,827] INFO: Iter 16800 Summary: 
[2024-12-16 12:01:08,827] INFO: 	 lr: 0.00030000000000000073 	 Training loss: 0.10592321790754795
[2024-12-16 12:01:14,865] INFO: Iter 16900 Summary: 
[2024-12-16 12:01:14,865] INFO: 	 lr: 0.00030000000000000073 	 Training loss: 0.10586989991366863
[2024-12-16 12:01:21,555] INFO: Iter 17000 Summary: 
[2024-12-16 12:01:21,556] INFO: 	 lr: 0.00030000000000000073 	 Training loss: 0.10594825059175492
[2024-12-16 12:01:28,249] INFO: Iter 17100 Summary: 
[2024-12-16 12:01:28,249] INFO: 	 lr: 0.00030000000000000073 	 Training loss: 0.10568223893642426
[2024-12-16 12:01:34,871] INFO: Iter 17200 Summary: 
[2024-12-16 12:01:34,871] INFO: 	 lr: 0.00030000000000000073 	 Training loss: 0.10620107814669609
[2024-12-16 12:01:42,641] INFO: Iter 17300 Summary: 
[2024-12-16 12:01:42,642] INFO: 	 lr: 0.00030000000000000073 	 Training loss: 0.1064794810861349
[2024-12-16 12:01:48,419] INFO: Iter 17400 Summary: 
[2024-12-16 12:01:48,419] INFO: 	 lr: 0.00030000000000000073 	 Training loss: 0.1056015905737877
[2024-12-16 12:01:54,787] INFO: Iter 17500 Summary: 
[2024-12-16 12:01:54,788] INFO: 	 lr: 0.00030000000000000073 	 Training loss: 0.1051751446723938
[2024-12-16 12:02:01,426] INFO: Iter 17600 Summary: 
[2024-12-16 12:02:01,426] INFO: 	 lr: 0.00030000000000000073 	 Training loss: 0.10595550902187824
[2024-12-16 12:02:08,070] INFO: Iter 17700 Summary: 
[2024-12-16 12:02:08,070] INFO: 	 lr: 0.00030000000000000073 	 Training loss: 0.10565469548106193
[2024-12-16 12:02:14,750] INFO: Iter 17800 Summary: 
[2024-12-16 12:02:14,751] INFO: 	 lr: 0.00030000000000000073 	 Training loss: 0.10530830435454845
[2024-12-16 12:02:20,728] INFO: Iter 17900 Summary: 
[2024-12-16 12:02:20,728] INFO: 	 lr: 0.00030000000000000073 	 Training loss: 0.10555086567997933
[2024-12-16 12:02:28,523] INFO: Iter 18000 Summary: 
[2024-12-16 12:02:28,523] INFO: 	 lr: 0.00030000000000000073 	 Training loss: 0.10514130912721158
[2024-12-16 12:02:35,056] INFO: Iter 18100 Summary: 
[2024-12-16 12:02:35,057] INFO: 	 lr: 0.00030000000000000073 	 Training loss: 0.10497678488492966
[2024-12-16 12:02:41,437] INFO: Iter 18200 Summary: 
[2024-12-16 12:02:41,437] INFO: 	 lr: 0.00030000000000000073 	 Training loss: 0.1047160106897354
[2024-12-16 12:02:47,924] INFO: Iter 18300 Summary: 
[2024-12-16 12:02:47,925] INFO: 	 lr: 0.00030000000000000073 	 Training loss: 0.10531565971672535
[2024-12-16 12:02:54,389] INFO: Iter 18400 Summary: 
[2024-12-16 12:02:54,390] INFO: 	 lr: 0.00030000000000000073 	 Training loss: 0.1050642592459917
[2024-12-16 12:03:00,849] INFO: Iter 18500 Summary: 
[2024-12-16 12:03:00,850] INFO: 	 lr: 0.00030000000000000073 	 Training loss: 0.10542359322309494
[2024-12-16 12:03:07,320] INFO: Iter 18600 Summary: 
[2024-12-16 12:03:07,320] INFO: 	 lr: 0.00030000000000000073 	 Training loss: 0.10508637420833111
[2024-12-16 12:03:14,876] INFO: Iter 18700 Summary: 
[2024-12-16 12:03:14,876] INFO: 	 lr: 0.00030000000000000073 	 Training loss: 0.10507906012237073
[2024-12-16 12:03:20,898] INFO: Iter 18800 Summary: 
[2024-12-16 12:03:20,898] INFO: 	 lr: 0.00030000000000000073 	 Training loss: 0.10448287077248096
[2024-12-16 12:03:26,667] INFO: Iter 18900 Summary: 
[2024-12-16 12:03:26,667] INFO: 	 lr: 0.00030000000000000073 	 Training loss: 0.1046994199603796
[2024-12-16 12:03:32,040] INFO: Iter 19000 Summary: 
[2024-12-16 12:03:32,040] INFO: 	 lr: 0.00030000000000000073 	 Training loss: 0.10371629029512405
[2024-12-16 12:03:37,311] INFO: Iter 19100 Summary: 
[2024-12-16 12:03:37,311] INFO: 	 lr: 0.00030000000000000073 	 Training loss: 0.10501221932470799
[2024-12-16 12:03:42,707] INFO: Iter 19200 Summary: 
[2024-12-16 12:03:42,707] INFO: 	 lr: 0.00030000000000000073 	 Training loss: 0.1051578874886036
[2024-12-16 12:03:50,666] INFO: Iter 19300 Summary: 
[2024-12-16 12:03:50,666] INFO: 	 lr: 0.00030000000000000073 	 Training loss: 0.10446912541985512
[2024-12-16 12:03:56,565] INFO: Iter 19400 Summary: 
[2024-12-16 12:03:56,565] INFO: 	 lr: 0.00030000000000000073 	 Training loss: 0.10478530004620552
[2024-12-16 12:04:02,149] INFO: Iter 19500 Summary: 
[2024-12-16 12:04:02,149] INFO: 	 lr: 0.00030000000000000073 	 Training loss: 0.1044467931240797
[2024-12-16 12:04:08,268] INFO: Iter 19600 Summary: 
[2024-12-16 12:04:08,268] INFO: 	 lr: 0.00030000000000000073 	 Training loss: 0.10368577592074871
[2024-12-16 12:04:14,723] INFO: Iter 19700 Summary: 
[2024-12-16 12:04:14,723] INFO: 	 lr: 0.00030000000000000073 	 Training loss: 0.10403011344373227
[2024-12-16 12:04:21,176] INFO: Iter 19800 Summary: 
[2024-12-16 12:04:21,176] INFO: 	 lr: 0.00030000000000000073 	 Training loss: 0.1041740145534277
[2024-12-16 12:04:27,673] INFO: Iter 19900 Summary: 
[2024-12-16 12:04:27,673] INFO: 	 lr: 0.00030000000000000073 	 Training loss: 0.10342535607516766
[2024-12-16 12:04:35,450] INFO: Iter 20000 Summary: 
[2024-12-16 12:04:35,450] INFO: 	 lr: 0.00030000000000000073 	 Training loss: 0.10453368484973907
[2024-12-16 12:04:43,434] INFO: Iter 20100 Summary: 
[2024-12-16 12:04:43,434] INFO: 	 lr: 0.00030000000000000073 	 Training loss: 0.10354452505707741
[2024-12-16 12:04:49,884] INFO: Iter 20200 Summary: 
[2024-12-16 12:04:49,884] INFO: 	 lr: 0.00030000000000000073 	 Training loss: 0.10406961873173713
[2024-12-16 12:04:56,349] INFO: Iter 20300 Summary: 
[2024-12-16 12:04:56,350] INFO: 	 lr: 0.00030000000000000073 	 Training loss: 0.10394634753465652
[2024-12-16 12:05:02,822] INFO: Iter 20400 Summary: 
[2024-12-16 12:05:02,822] INFO: 	 lr: 0.00030000000000000073 	 Training loss: 0.10438517823815346
[2024-12-16 12:05:09,306] INFO: Iter 20500 Summary: 
[2024-12-16 12:05:09,306] INFO: 	 lr: 0.00030000000000000073 	 Training loss: 0.10321135535836219
[2024-12-16 12:05:15,843] INFO: Iter 20600 Summary: 
[2024-12-16 12:05:15,843] INFO: 	 lr: 0.00030000000000000073 	 Training loss: 0.10406054176390171
[2024-12-16 12:05:23,400] INFO: Iter 20700 Summary: 
[2024-12-16 12:05:23,400] INFO: 	 lr: 0.00030000000000000073 	 Training loss: 0.10372388251125812
[2024-12-16 12:05:29,893] INFO: Iter 20800 Summary: 
[2024-12-16 12:05:29,893] INFO: 	 lr: 0.00030000000000000073 	 Training loss: 0.10343415826559067
[2024-12-16 12:05:36,369] INFO: Iter 20900 Summary: 
[2024-12-16 12:05:36,369] INFO: 	 lr: 0.00030000000000000073 	 Training loss: 0.10314205542206764
[2024-12-16 12:05:42,825] INFO: Iter 21000 Summary: 
[2024-12-16 12:05:42,825] INFO: 	 lr: 0.00030000000000000073 	 Training loss: 0.10329117521643638
[2024-12-16 12:05:49,287] INFO: Iter 21100 Summary: 
[2024-12-16 12:05:49,287] INFO: 	 lr: 0.00030000000000000073 	 Training loss: 0.10313860215246677
[2024-12-16 12:05:54,974] INFO: Iter 21200 Summary: 
[2024-12-16 12:05:54,974] INFO: 	 lr: 0.00030000000000000073 	 Training loss: 0.10300933212041855
[2024-12-16 12:06:02,743] INFO: Iter 21300 Summary: 
[2024-12-16 12:06:02,743] INFO: 	 lr: 0.00030000000000000073 	 Training loss: 0.10379034742712974
[2024-12-16 12:06:09,226] INFO: Iter 21400 Summary: 
[2024-12-16 12:06:09,226] INFO: 	 lr: 0.00030000000000000073 	 Training loss: 0.10372580900788307
[2024-12-16 12:06:15,702] INFO: Iter 21500 Summary: 
[2024-12-16 12:06:15,702] INFO: 	 lr: 0.00030000000000000073 	 Training loss: 0.10288274832069874
[2024-12-16 12:06:22,195] INFO: Iter 21600 Summary: 
[2024-12-16 12:06:22,195] INFO: 	 lr: 0.00030000000000000073 	 Training loss: 0.10308276429772377
[2024-12-16 12:06:28,720] INFO: Iter 21700 Summary: 
[2024-12-16 12:06:28,720] INFO: 	 lr: 0.00030000000000000073 	 Training loss: 0.10304130159318448
[2024-12-16 12:06:35,044] INFO: Iter 21800 Summary: 
[2024-12-16 12:06:35,045] INFO: 	 lr: 0.00030000000000000073 	 Training loss: 0.10282129459083081
[2024-12-16 12:06:40,831] INFO: Iter 21900 Summary: 
[2024-12-16 12:06:40,831] INFO: 	 lr: 0.00030000000000000073 	 Training loss: 0.10247760772705078
[2024-12-16 12:06:48,277] INFO: Iter 22000 Summary: 
[2024-12-16 12:06:48,277] INFO: 	 lr: 0.00030000000000000073 	 Training loss: 0.10238314695656299
[2024-12-16 12:06:54,759] INFO: Iter 22100 Summary: 
[2024-12-16 12:06:54,759] INFO: 	 lr: 0.00030000000000000073 	 Training loss: 0.10263235919177532
[2024-12-16 12:07:01,244] INFO: Iter 22200 Summary: 
[2024-12-16 12:07:01,244] INFO: 	 lr: 0.00030000000000000073 	 Training loss: 0.10170206516981124
[2024-12-16 12:07:07,708] INFO: Iter 22300 Summary: 
[2024-12-16 12:07:07,708] INFO: 	 lr: 0.00030000000000000073 	 Training loss: 0.10232639439404011
[2024-12-16 12:07:14,198] INFO: Iter 22400 Summary: 
[2024-12-16 12:07:14,198] INFO: 	 lr: 0.00030000000000000073 	 Training loss: 0.10271571941673756
[2024-12-16 12:07:20,645] INFO: Iter 22500 Summary: 
[2024-12-16 12:07:20,645] INFO: 	 lr: 0.00030000000000000073 	 Training loss: 0.10262628957629204
[2024-12-16 12:07:26,355] INFO: Iter 22600 Summary: 
[2024-12-16 12:07:26,356] INFO: 	 lr: 0.00030000000000000073 	 Training loss: 0.10276221476495266
[2024-12-16 12:07:33,819] INFO: Iter 22700 Summary: 
[2024-12-16 12:07:33,819] INFO: 	 lr: 0.00030000000000000073 	 Training loss: 0.10249272838234902
[2024-12-16 12:07:40,302] INFO: Iter 22800 Summary: 
[2024-12-16 12:07:40,303] INFO: 	 lr: 0.00030000000000000073 	 Training loss: 0.10194788321852684
[2024-12-16 12:07:46,781] INFO: Iter 22900 Summary: 
[2024-12-16 12:07:46,781] INFO: 	 lr: 0.00030000000000000073 	 Training loss: 0.10217616088688374
[2024-12-16 12:07:53,682] INFO: Iter 23000 Summary: 
[2024-12-16 12:07:53,682] INFO: 	 lr: 0.00030000000000000073 	 Training loss: 0.10213282771408558
[2024-12-16 12:08:00,520] INFO: Iter 23100 Summary: 
[2024-12-16 12:08:00,520] INFO: 	 lr: 0.00030000000000000073 	 Training loss: 0.10327489592134953
[2024-12-16 12:08:07,374] INFO: Iter 23200 Summary: 
[2024-12-16 12:08:07,374] INFO: 	 lr: 0.00030000000000000073 	 Training loss: 0.10259975381195545
[2024-12-16 12:08:15,280] INFO: Iter 23300 Summary: 
[2024-12-16 12:08:15,280] INFO: 	 lr: 0.00030000000000000073 	 Training loss: 0.10193524204194546
[2024-12-16 12:08:22,083] INFO: Iter 23400 Summary: 
[2024-12-16 12:08:22,083] INFO: 	 lr: 0.00030000000000000073 	 Training loss: 0.10165617637336254
[2024-12-16 12:08:28,756] INFO: Iter 23500 Summary: 
[2024-12-16 12:08:28,756] INFO: 	 lr: 0.00030000000000000073 	 Training loss: 0.10144993618130684
[2024-12-16 12:08:35,640] INFO: Iter 23600 Summary: 
[2024-12-16 12:08:35,640] INFO: 	 lr: 0.00030000000000000073 	 Training loss: 0.10174622878432274
[2024-12-16 12:08:42,528] INFO: Iter 23700 Summary: 
[2024-12-16 12:08:42,528] INFO: 	 lr: 0.00030000000000000073 	 Training loss: 0.10210238106548786
[2024-12-16 12:08:49,378] INFO: Iter 23800 Summary: 
[2024-12-16 12:08:49,378] INFO: 	 lr: 0.00030000000000000073 	 Training loss: 0.10200903333723545
[2024-12-16 12:08:56,167] INFO: Iter 23900 Summary: 
[2024-12-16 12:08:56,167] INFO: 	 lr: 0.00030000000000000073 	 Training loss: 0.10160161785781384
[2024-12-16 12:09:04,259] INFO: Iter 24000 Summary: 
[2024-12-16 12:09:04,259] INFO: 	 lr: 0.00030000000000000073 	 Training loss: 0.10184098064899444
[2024-12-16 12:09:11,106] INFO: Iter 24100 Summary: 
[2024-12-16 12:09:11,106] INFO: 	 lr: 0.00030000000000000073 	 Training loss: 0.10188510663807392
[2024-12-16 12:09:17,952] INFO: Iter 24200 Summary: 
[2024-12-16 12:09:17,952] INFO: 	 lr: 0.00030000000000000073 	 Training loss: 0.10199922166764736
[2024-12-16 12:09:24,781] INFO: Iter 24300 Summary: 
[2024-12-16 12:09:24,781] INFO: 	 lr: 0.00030000000000000073 	 Training loss: 0.10148051969707012
[2024-12-16 12:09:31,618] INFO: Iter 24400 Summary: 
[2024-12-16 12:09:31,618] INFO: 	 lr: 0.00030000000000000073 	 Training loss: 0.1016523302346468
[2024-12-16 12:09:38,460] INFO: Iter 24500 Summary: 
[2024-12-16 12:09:38,460] INFO: 	 lr: 0.00030000000000000073 	 Training loss: 0.10143164612352848
[2024-12-16 12:09:45,400] INFO: Iter 24600 Summary: 
[2024-12-16 12:09:45,401] INFO: 	 lr: 0.00030000000000000073 	 Training loss: 0.10197431042790413
[2024-12-16 12:09:53,090] INFO: Iter 24700 Summary: 
[2024-12-16 12:09:53,090] INFO: 	 lr: 0.00030000000000000073 	 Training loss: 0.10113532342016697
[2024-12-16 12:09:59,470] INFO: Iter 24800 Summary: 
[2024-12-16 12:09:59,470] INFO: 	 lr: 0.00030000000000000073 	 Training loss: 0.10091907046735286
[2024-12-16 12:10:06,285] INFO: Iter 24900 Summary: 
[2024-12-16 12:10:06,285] INFO: 	 lr: 0.00030000000000000073 	 Training loss: 0.10132549419999122
[2024-12-16 12:10:13,094] INFO: Iter 25000 Summary: 
[2024-12-16 12:10:13,094] INFO: 	 lr: 0.00030000000000000073 	 Training loss: 0.10141080908477307
[2024-12-16 12:10:21,406] INFO: Iter 25100 Summary: 
[2024-12-16 12:10:21,407] INFO: 	 lr: 0.00030000000000000073 	 Training loss: 0.10058649830520153
[2024-12-16 12:10:28,197] INFO: Iter 25200 Summary: 
[2024-12-16 12:10:28,197] INFO: 	 lr: 0.00030000000000000073 	 Training loss: 0.10184872761368752
[2024-12-16 12:10:36,067] INFO: Iter 25300 Summary: 
[2024-12-16 12:10:36,068] INFO: 	 lr: 0.00030000000000000073 	 Training loss: 0.10114857226610184
[2024-12-16 12:10:42,966] INFO: Iter 25400 Summary: 
[2024-12-16 12:10:42,966] INFO: 	 lr: 0.00030000000000000073 	 Training loss: 0.10155136123299599
[2024-12-16 12:10:49,690] INFO: Iter 25500 Summary: 
[2024-12-16 12:10:49,690] INFO: 	 lr: 0.00030000000000000073 	 Training loss: 0.10094298385083675
[2024-12-16 12:10:56,477] INFO: Iter 25600 Summary: 
[2024-12-16 12:10:56,477] INFO: 	 lr: 0.00030000000000000073 	 Training loss: 0.10109396800398826
[2024-12-16 12:11:03,169] INFO: Iter 25700 Summary: 
[2024-12-16 12:11:03,169] INFO: 	 lr: 0.00030000000000000073 	 Training loss: 0.10124431595206261
[2024-12-16 12:11:09,988] INFO: Iter 25800 Summary: 
[2024-12-16 12:11:09,989] INFO: 	 lr: 0.00030000000000000073 	 Training loss: 0.1001856828480959
[2024-12-16 12:11:16,692] INFO: Iter 25900 Summary: 
[2024-12-16 12:11:16,692] INFO: 	 lr: 0.00030000000000000073 	 Training loss: 0.10121943540871144
[2024-12-16 12:11:24,653] INFO: Iter 26000 Summary: 
[2024-12-16 12:11:24,653] INFO: 	 lr: 0.00030000000000000073 	 Training loss: 0.10068433389067649
[2024-12-16 12:11:31,431] INFO: Iter 26100 Summary: 
[2024-12-16 12:11:31,431] INFO: 	 lr: 0.00030000000000000073 	 Training loss: 0.10072000041604041
[2024-12-16 12:11:38,219] INFO: Iter 26200 Summary: 
[2024-12-16 12:11:38,219] INFO: 	 lr: 0.00030000000000000073 	 Training loss: 0.10073938123881816
[2024-12-16 12:11:44,987] INFO: Iter 26300 Summary: 
[2024-12-16 12:11:44,987] INFO: 	 lr: 0.00030000000000000073 	 Training loss: 0.10043032869696616
[2024-12-16 12:11:51,721] INFO: Iter 26400 Summary: 
[2024-12-16 12:11:51,722] INFO: 	 lr: 0.00030000000000000073 	 Training loss: 0.100397519916296
[2024-12-16 12:11:58,488] INFO: Iter 26500 Summary: 
[2024-12-16 12:11:58,488] INFO: 	 lr: 0.00030000000000000073 	 Training loss: 0.09957405187189579
[2024-12-16 12:12:05,277] INFO: Iter 26600 Summary: 
[2024-12-16 12:12:05,277] INFO: 	 lr: 0.00030000000000000073 	 Training loss: 0.10090377613902092
[2024-12-16 12:12:13,298] INFO: Iter 26700 Summary: 
[2024-12-16 12:12:13,298] INFO: 	 lr: 0.00030000000000000073 	 Training loss: 0.1001379669457674
[2024-12-16 12:12:20,066] INFO: Iter 26800 Summary: 
[2024-12-16 12:12:20,066] INFO: 	 lr: 0.00030000000000000073 	 Training loss: 0.1001027411967516
[2024-12-16 12:12:26,409] INFO: Iter 26900 Summary: 
[2024-12-16 12:12:26,409] INFO: 	 lr: 0.00030000000000000073 	 Training loss: 0.10025899447500705
[2024-12-16 12:12:32,815] INFO: Iter 27000 Summary: 
[2024-12-16 12:12:32,815] INFO: 	 lr: 0.00030000000000000073 	 Training loss: 0.10043624758720399
[2024-12-16 12:12:39,621] INFO: Iter 27100 Summary: 
[2024-12-16 12:12:39,621] INFO: 	 lr: 0.00030000000000000073 	 Training loss: 0.0998854498565197
[2024-12-16 12:12:46,330] INFO: Iter 27200 Summary: 
[2024-12-16 12:12:46,330] INFO: 	 lr: 0.00030000000000000073 	 Training loss: 0.10051751159131526
[2024-12-16 12:12:54,640] INFO: Iter 27300 Summary: 
[2024-12-16 12:12:54,641] INFO: 	 lr: 0.00030000000000000073 	 Training loss: 0.10058030568063259
[2024-12-16 12:13:01,573] INFO: Iter 27400 Summary: 
[2024-12-16 12:13:01,573] INFO: 	 lr: 0.00030000000000000073 	 Training loss: 0.09990408472716808
[2024-12-16 12:13:08,340] INFO: Iter 27500 Summary: 
[2024-12-16 12:13:08,341] INFO: 	 lr: 0.00030000000000000073 	 Training loss: 0.10005100719630718
[2024-12-16 12:13:15,241] INFO: Iter 27600 Summary: 
[2024-12-16 12:13:15,241] INFO: 	 lr: 0.00030000000000000073 	 Training loss: 0.10031367547810077
[2024-12-16 12:13:21,895] INFO: Iter 27700 Summary: 
[2024-12-16 12:13:21,895] INFO: 	 lr: 0.00030000000000000073 	 Training loss: 0.10020306199789047
[2024-12-16 12:13:28,720] INFO: Iter 27800 Summary: 
[2024-12-16 12:13:28,721] INFO: 	 lr: 0.00030000000000000073 	 Training loss: 0.10016954742372036
[2024-12-16 12:13:35,531] INFO: Iter 27900 Summary: 
[2024-12-16 12:13:35,531] INFO: 	 lr: 0.00030000000000000073 	 Training loss: 0.09950873211026191
[2024-12-16 12:13:43,468] INFO: Iter 28000 Summary: 
[2024-12-16 12:13:43,468] INFO: 	 lr: 0.00030000000000000073 	 Training loss: 0.09963890582323075
[2024-12-16 12:13:50,232] INFO: Iter 28100 Summary: 
[2024-12-16 12:13:50,232] INFO: 	 lr: 0.00030000000000000073 	 Training loss: 0.10018424458801746
[2024-12-16 12:13:57,040] INFO: Iter 28200 Summary: 
[2024-12-16 12:13:57,040] INFO: 	 lr: 0.00030000000000000073 	 Training loss: 0.09992828741669654
[2024-12-16 12:14:03,829] INFO: Iter 28300 Summary: 
[2024-12-16 12:14:03,830] INFO: 	 lr: 0.00030000000000000073 	 Training loss: 0.09994040392339229
[2024-12-16 12:14:10,583] INFO: Iter 28400 Summary: 
[2024-12-16 12:14:10,584] INFO: 	 lr: 0.00030000000000000073 	 Training loss: 0.09970403902232647
[2024-12-16 12:14:17,276] INFO: Iter 28500 Summary: 
[2024-12-16 12:14:17,276] INFO: 	 lr: 0.00030000000000000073 	 Training loss: 0.09987221568822861
[2024-12-16 12:14:25,042] INFO: Iter 28600 Summary: 
[2024-12-16 12:14:25,042] INFO: 	 lr: 0.00030000000000000073 	 Training loss: 0.09961251303553581
[2024-12-16 12:14:31,933] INFO: Iter 28700 Summary: 
[2024-12-16 12:14:31,933] INFO: 	 lr: 0.00030000000000000073 	 Training loss: 0.09976442687213422
[2024-12-16 12:14:38,224] INFO: Iter 28800 Summary: 
[2024-12-16 12:14:38,224] INFO: 	 lr: 0.00030000000000000073 	 Training loss: 0.0999966261535883
[2024-12-16 12:14:44,530] INFO: Iter 28900 Summary: 
[2024-12-16 12:14:44,530] INFO: 	 lr: 0.00030000000000000073 	 Training loss: 0.10025672070682048
[2024-12-16 12:14:51,192] INFO: Iter 29000 Summary: 
[2024-12-16 12:14:51,192] INFO: 	 lr: 0.00030000000000000073 	 Training loss: 0.09900149382650852
[2024-12-16 12:14:57,884] INFO: Iter 29100 Summary: 
[2024-12-16 12:14:57,884] INFO: 	 lr: 0.00030000000000000073 	 Training loss: 0.0991669475287199
[2024-12-16 12:15:04,551] INFO: Iter 29200 Summary: 
[2024-12-16 12:15:04,551] INFO: 	 lr: 0.00030000000000000073 	 Training loss: 0.09946209743618965
[2024-12-16 12:15:12,435] INFO: Iter 29300 Summary: 
[2024-12-16 12:15:12,435] INFO: 	 lr: 0.00030000000000000073 	 Training loss: 0.09942978382110595
[2024-12-16 12:15:18,700] INFO: Iter 29400 Summary: 
[2024-12-16 12:15:18,700] INFO: 	 lr: 0.00030000000000000073 	 Training loss: 0.09905748173594475
[2024-12-16 12:15:24,861] INFO: Iter 29500 Summary: 
[2024-12-16 12:15:24,861] INFO: 	 lr: 0.00030000000000000073 	 Training loss: 0.09924963071942329
[2024-12-16 12:15:31,525] INFO: Iter 29600 Summary: 
[2024-12-16 12:15:31,525] INFO: 	 lr: 0.00030000000000000073 	 Training loss: 0.09956385165452958
[2024-12-16 12:15:37,478] INFO: Iter 29700 Summary: 
[2024-12-16 12:15:37,479] INFO: 	 lr: 0.00030000000000000073 	 Training loss: 0.09913316942751407
[2024-12-16 12:15:44,093] INFO: Iter 29800 Summary: 
[2024-12-16 12:15:44,093] INFO: 	 lr: 0.00030000000000000073 	 Training loss: 0.09927289642393589
[2024-12-16 12:15:50,504] INFO: Iter 29900 Summary: 
[2024-12-16 12:15:50,504] INFO: 	 lr: 0.00030000000000000073 	 Training loss: 0.09951569728553294
[2024-12-16 12:15:58,450] INFO: Iter 30000 Summary: 
[2024-12-16 12:15:58,451] INFO: 	 lr: 0.00030000000000000073 	 Training loss: 0.09902696385979652
[2024-12-16 12:16:06,164] INFO: Iter 30100 Summary: 
[2024-12-16 12:16:06,164] INFO: 	 lr: 1.2900000000000026e-05 	 Training loss: 0.09680121064186097
[2024-12-16 12:16:12,688] INFO: Iter 30200 Summary: 
[2024-12-16 12:16:12,688] INFO: 	 lr: 1.000000000000002e-05 	 Training loss: 0.09642980977892876
[2024-12-16 12:16:18,899] INFO: Iter 30300 Summary: 
[2024-12-16 12:16:18,899] INFO: 	 lr: 1.000000000000002e-05 	 Training loss: 0.09598546430468559
[2024-12-16 12:16:25,383] INFO: Iter 30400 Summary: 
[2024-12-16 12:16:25,383] INFO: 	 lr: 1.000000000000002e-05 	 Training loss: 0.09557899221777916
[2024-12-16 12:16:31,864] INFO: Iter 30500 Summary: 
[2024-12-16 12:16:31,865] INFO: 	 lr: 1.000000000000002e-05 	 Training loss: 0.09514628663659096
[2024-12-16 12:16:39,644] INFO: Iter 30600 Summary: 
[2024-12-16 12:16:39,645] INFO: 	 lr: 1.000000000000002e-05 	 Training loss: 0.09537618666887283
[2024-12-16 12:16:46,137] INFO: Iter 30700 Summary: 
[2024-12-16 12:16:46,137] INFO: 	 lr: 1.000000000000002e-05 	 Training loss: 0.09503605380654336
[2024-12-16 12:16:52,622] INFO: Iter 30800 Summary: 
[2024-12-16 12:16:52,622] INFO: 	 lr: 1.000000000000002e-05 	 Training loss: 0.09533467583358288
[2024-12-16 12:16:59,124] INFO: Iter 30900 Summary: 
[2024-12-16 12:16:59,125] INFO: 	 lr: 1.000000000000002e-05 	 Training loss: 0.09509431883692741
[2024-12-16 12:17:05,579] INFO: Iter 31000 Summary: 
[2024-12-16 12:17:05,579] INFO: 	 lr: 1.000000000000002e-05 	 Training loss: 0.09500959813594818
[2024-12-16 12:17:12,051] INFO: Iter 31100 Summary: 
[2024-12-16 12:17:12,051] INFO: 	 lr: 1.000000000000002e-05 	 Training loss: 0.0952297905087471
[2024-12-16 12:17:18,513] INFO: Iter 31200 Summary: 
[2024-12-16 12:17:18,513] INFO: 	 lr: 1.000000000000002e-05 	 Training loss: 0.09502823509275914
[2024-12-16 12:17:26,212] INFO: Iter 31300 Summary: 
[2024-12-16 12:17:26,213] INFO: 	 lr: 1.000000000000002e-05 	 Training loss: 0.09460026450455189
[2024-12-16 12:17:32,709] INFO: Iter 31400 Summary: 
[2024-12-16 12:17:32,709] INFO: 	 lr: 1.000000000000002e-05 	 Training loss: 0.09470027036964894
[2024-12-16 12:17:39,203] INFO: Iter 31500 Summary: 
[2024-12-16 12:17:39,203] INFO: 	 lr: 1.000000000000002e-05 	 Training loss: 0.0949032598733902
[2024-12-16 12:17:45,693] INFO: Iter 31600 Summary: 
[2024-12-16 12:17:45,693] INFO: 	 lr: 1.000000000000002e-05 	 Training loss: 0.09439687646925449
[2024-12-16 12:17:52,169] INFO: Iter 31700 Summary: 
[2024-12-16 12:17:52,169] INFO: 	 lr: 1.000000000000002e-05 	 Training loss: 0.09452354386448861
[2024-12-16 12:17:58,643] INFO: Iter 31800 Summary: 
[2024-12-16 12:17:58,643] INFO: 	 lr: 1.000000000000002e-05 	 Training loss: 0.09500738598406315
[2024-12-16 12:18:05,121] INFO: Iter 31900 Summary: 
[2024-12-16 12:18:05,121] INFO: 	 lr: 1.000000000000002e-05 	 Training loss: 0.09449913524091244
[2024-12-16 12:18:12,840] INFO: Iter 32000 Summary: 
[2024-12-16 12:18:12,840] INFO: 	 lr: 1.000000000000002e-05 	 Training loss: 0.09410104967653751
[2024-12-16 12:18:19,320] INFO: Iter 32100 Summary: 
[2024-12-16 12:18:19,320] INFO: 	 lr: 1.000000000000002e-05 	 Training loss: 0.09457196496427059
[2024-12-16 12:18:25,796] INFO: Iter 32200 Summary: 
[2024-12-16 12:18:25,796] INFO: 	 lr: 1.000000000000002e-05 	 Training loss: 0.09517019532620907
[2024-12-16 12:18:32,274] INFO: Iter 32300 Summary: 
[2024-12-16 12:18:32,274] INFO: 	 lr: 1.000000000000002e-05 	 Training loss: 0.09429033689200877
[2024-12-16 12:18:38,753] INFO: Iter 32400 Summary: 
[2024-12-16 12:18:38,753] INFO: 	 lr: 1.000000000000002e-05 	 Training loss: 0.09470604248344898
[2024-12-16 12:18:45,232] INFO: Iter 32500 Summary: 
[2024-12-16 12:18:45,232] INFO: 	 lr: 1.000000000000002e-05 	 Training loss: 0.09432493790984153
[2024-12-16 12:18:53,027] INFO: Iter 32600 Summary: 
[2024-12-16 12:18:53,028] INFO: 	 lr: 1.000000000000002e-05 	 Training loss: 0.09445353791117668
[2024-12-16 12:18:59,530] INFO: Iter 32700 Summary: 
[2024-12-16 12:18:59,530] INFO: 	 lr: 1.000000000000002e-05 	 Training loss: 0.09440261609852314
[2024-12-16 12:19:06,004] INFO: Iter 32800 Summary: 
[2024-12-16 12:19:06,005] INFO: 	 lr: 1.000000000000002e-05 	 Training loss: 0.09431832991540431
[2024-12-16 12:19:12,480] INFO: Iter 32900 Summary: 
[2024-12-16 12:19:12,480] INFO: 	 lr: 1.000000000000002e-05 	 Training loss: 0.09454933851957321
[2024-12-16 12:19:18,958] INFO: Iter 33000 Summary: 
[2024-12-16 12:19:18,958] INFO: 	 lr: 1.000000000000002e-05 	 Training loss: 0.09460805036127568
[2024-12-16 12:19:25,422] INFO: Iter 33100 Summary: 
[2024-12-16 12:19:25,422] INFO: 	 lr: 1.000000000000002e-05 	 Training loss: 0.09367176659405231
[2024-12-16 12:19:31,903] INFO: Iter 33200 Summary: 
[2024-12-16 12:19:31,903] INFO: 	 lr: 1.000000000000002e-05 	 Training loss: 0.09452121451497078
[2024-12-16 12:19:39,900] INFO: Iter 33300 Summary: 
[2024-12-16 12:19:39,901] INFO: 	 lr: 1.000000000000002e-05 	 Training loss: 0.09384399309754371
[2024-12-16 12:19:46,387] INFO: Iter 33400 Summary: 
[2024-12-16 12:19:46,387] INFO: 	 lr: 1.000000000000002e-05 	 Training loss: 0.09467439904808998
[2024-12-16 12:19:52,869] INFO: Iter 33500 Summary: 
[2024-12-16 12:19:52,869] INFO: 	 lr: 1.000000000000002e-05 	 Training loss: 0.09398774273693561
[2024-12-16 12:19:59,341] INFO: Iter 33600 Summary: 
[2024-12-16 12:19:59,341] INFO: 	 lr: 1.000000000000002e-05 	 Training loss: 0.09394035026431084
[2024-12-16 12:20:04,660] INFO: Iter 33700 Summary: 
[2024-12-16 12:20:04,660] INFO: 	 lr: 1.000000000000002e-05 	 Training loss: 0.09407140918076039
[2024-12-16 12:20:09,819] INFO: Iter 33800 Summary: 
[2024-12-16 12:20:09,819] INFO: 	 lr: 1.000000000000002e-05 	 Training loss: 0.09411264583468437
[2024-12-16 12:20:15,009] INFO: Iter 33900 Summary: 
[2024-12-16 12:20:15,009] INFO: 	 lr: 1.000000000000002e-05 	 Training loss: 0.09426153928041459
[2024-12-16 12:20:22,604] INFO: Iter 34000 Summary: 
[2024-12-16 12:20:22,604] INFO: 	 lr: 1.000000000000002e-05 	 Training loss: 0.09427994765341281
[2024-12-16 12:20:29,088] INFO: Iter 34100 Summary: 
[2024-12-16 12:20:29,088] INFO: 	 lr: 1.000000000000002e-05 	 Training loss: 0.09417557768523693
[2024-12-16 12:20:35,590] INFO: Iter 34200 Summary: 
[2024-12-16 12:20:35,590] INFO: 	 lr: 1.000000000000002e-05 	 Training loss: 0.09384520851075649
[2024-12-16 12:20:41,559] INFO: Iter 34300 Summary: 
[2024-12-16 12:20:41,559] INFO: 	 lr: 1.000000000000002e-05 	 Training loss: 0.09400469936430454
[2024-12-16 12:20:47,915] INFO: Iter 34400 Summary: 
[2024-12-16 12:20:47,915] INFO: 	 lr: 1.000000000000002e-05 	 Training loss: 0.09381916910409928
[2024-12-16 12:20:54,397] INFO: Iter 34500 Summary: 
[2024-12-16 12:20:54,397] INFO: 	 lr: 1.000000000000002e-05 	 Training loss: 0.09385246396064759
[2024-12-16 12:21:02,270] INFO: Iter 34600 Summary: 
[2024-12-16 12:21:02,271] INFO: 	 lr: 1.000000000000002e-05 	 Training loss: 0.09382004238665104
[2024-12-16 12:21:08,763] INFO: Iter 34700 Summary: 
[2024-12-16 12:21:08,763] INFO: 	 lr: 1.000000000000002e-05 	 Training loss: 0.09422396130859852
[2024-12-16 12:21:15,234] INFO: Iter 34800 Summary: 
[2024-12-16 12:21:15,234] INFO: 	 lr: 1.000000000000002e-05 	 Training loss: 0.09403353355824948
[2024-12-16 12:21:21,717] INFO: Iter 34900 Summary: 
[2024-12-16 12:21:21,717] INFO: 	 lr: 1.000000000000002e-05 	 Training loss: 0.09364565536379814
[2024-12-16 12:21:28,201] INFO: Iter 35000 Summary: 
[2024-12-16 12:21:28,201] INFO: 	 lr: 1.000000000000002e-05 	 Training loss: 0.09363980934023858
[2024-12-16 12:21:35,963] INFO: Iter 35100 Summary: 
[2024-12-16 12:21:35,963] INFO: 	 lr: 1.000000000000002e-05 	 Training loss: 0.09450541734695435
[2024-12-16 12:21:42,443] INFO: Iter 35200 Summary: 
[2024-12-16 12:21:42,443] INFO: 	 lr: 1.000000000000002e-05 	 Training loss: 0.09391310900449752
[2024-12-16 12:21:50,120] INFO: Iter 35300 Summary: 
[2024-12-16 12:21:50,120] INFO: 	 lr: 1.000000000000002e-05 	 Training loss: 0.09374913305044175
[2024-12-16 12:21:56,619] INFO: Iter 35400 Summary: 
[2024-12-16 12:21:56,619] INFO: 	 lr: 1.000000000000002e-05 	 Training loss: 0.09349940158426762
[2024-12-16 12:22:03,089] INFO: Iter 35500 Summary: 
[2024-12-16 12:22:03,089] INFO: 	 lr: 1.000000000000002e-05 	 Training loss: 0.09441817030310631
[2024-12-16 12:22:09,576] INFO: Iter 35600 Summary: 
[2024-12-16 12:22:09,576] INFO: 	 lr: 1.000000000000002e-05 	 Training loss: 0.09390790864825249
[2024-12-16 12:22:16,082] INFO: Iter 35700 Summary: 
[2024-12-16 12:22:16,082] INFO: 	 lr: 1.000000000000002e-05 	 Training loss: 0.09376240767538548
[2024-12-16 12:22:22,568] INFO: Iter 35800 Summary: 
[2024-12-16 12:22:22,568] INFO: 	 lr: 1.000000000000002e-05 	 Training loss: 0.09364226892590523
[2024-12-16 12:22:29,058] INFO: Iter 35900 Summary: 
[2024-12-16 12:22:29,058] INFO: 	 lr: 1.000000000000002e-05 	 Training loss: 0.09325315833091735
[2024-12-16 12:22:36,773] INFO: Iter 36000 Summary: 
[2024-12-16 12:22:36,774] INFO: 	 lr: 1.000000000000002e-05 	 Training loss: 0.09317435920238495
[2024-12-16 12:22:42,789] INFO: Iter 36100 Summary: 
[2024-12-16 12:22:42,790] INFO: 	 lr: 1.000000000000002e-05 	 Training loss: 0.09370584718883038
[2024-12-16 12:22:49,276] INFO: Iter 36200 Summary: 
[2024-12-16 12:22:49,276] INFO: 	 lr: 1.000000000000002e-05 	 Training loss: 0.09388499543070793
[2024-12-16 12:22:55,731] INFO: Iter 36300 Summary: 
[2024-12-16 12:22:55,732] INFO: 	 lr: 1.000000000000002e-05 	 Training loss: 0.09375079333782196
[2024-12-16 12:23:02,156] INFO: Iter 36400 Summary: 
[2024-12-16 12:23:02,156] INFO: 	 lr: 1.000000000000002e-05 	 Training loss: 0.09377421796321869
[2024-12-16 12:23:08,636] INFO: Iter 36500 Summary: 
[2024-12-16 12:23:08,636] INFO: 	 lr: 1.000000000000002e-05 	 Training loss: 0.09337036781013013
[2024-12-16 12:23:16,500] INFO: Iter 36600 Summary: 
[2024-12-16 12:23:16,500] INFO: 	 lr: 1.000000000000002e-05 	 Training loss: 0.09358682163059712
[2024-12-16 12:23:22,471] INFO: Iter 36700 Summary: 
[2024-12-16 12:23:22,471] INFO: 	 lr: 1.000000000000002e-05 	 Training loss: 0.09351197525858879
[2024-12-16 12:23:28,594] INFO: Iter 36800 Summary: 
[2024-12-16 12:23:28,594] INFO: 	 lr: 1.000000000000002e-05 	 Training loss: 0.09417194962501525
[2024-12-16 12:23:34,402] INFO: Iter 36900 Summary: 
[2024-12-16 12:23:34,402] INFO: 	 lr: 1.000000000000002e-05 	 Training loss: 0.09313588306307792
[2024-12-16 12:23:40,894] INFO: Iter 37000 Summary: 
[2024-12-16 12:23:40,894] INFO: 	 lr: 1.000000000000002e-05 	 Training loss: 0.09371812090277672
[2024-12-16 12:23:47,379] INFO: Iter 37100 Summary: 
[2024-12-16 12:23:47,379] INFO: 	 lr: 1.000000000000002e-05 	 Training loss: 0.09334347166121006
[2024-12-16 12:23:53,875] INFO: Iter 37200 Summary: 
[2024-12-16 12:23:53,876] INFO: 	 lr: 1.000000000000002e-05 	 Training loss: 0.0932005424797535
[2024-12-16 12:24:01,626] INFO: Iter 37300 Summary: 
[2024-12-16 12:24:01,627] INFO: 	 lr: 1.000000000000002e-05 	 Training loss: 0.09312740579247475
[2024-12-16 12:24:08,127] INFO: Iter 37400 Summary: 
[2024-12-16 12:24:08,128] INFO: 	 lr: 1.000000000000002e-05 	 Training loss: 0.0930952350795269
[2024-12-16 12:24:14,653] INFO: Iter 37500 Summary: 
[2024-12-16 12:24:14,653] INFO: 	 lr: 1.000000000000002e-05 	 Training loss: 0.09365380436182022
[2024-12-16 12:24:21,042] INFO: Iter 37600 Summary: 
[2024-12-16 12:24:21,042] INFO: 	 lr: 1.000000000000002e-05 	 Training loss: 0.09384271815419197
[2024-12-16 12:24:27,304] INFO: Iter 37700 Summary: 
[2024-12-16 12:24:27,304] INFO: 	 lr: 1.000000000000002e-05 	 Training loss: 0.09353472545742988
[2024-12-16 12:24:33,725] INFO: Iter 37800 Summary: 
[2024-12-16 12:24:33,725] INFO: 	 lr: 1.000000000000002e-05 	 Training loss: 0.09326161570847034
[2024-12-16 12:24:40,227] INFO: Iter 37900 Summary: 
[2024-12-16 12:24:40,227] INFO: 	 lr: 1.000000000000002e-05 	 Training loss: 0.09386133536696434
[2024-12-16 12:24:47,793] INFO: Iter 38000 Summary: 
[2024-12-16 12:24:47,793] INFO: 	 lr: 1.000000000000002e-05 	 Training loss: 0.093129748031497
[2024-12-16 12:24:54,257] INFO: Iter 38100 Summary: 
[2024-12-16 12:24:54,257] INFO: 	 lr: 1.000000000000002e-05 	 Training loss: 0.09336408585309983
[2024-12-16 12:25:00,236] INFO: Iter 38200 Summary: 
[2024-12-16 12:25:00,236] INFO: 	 lr: 1.000000000000002e-05 	 Training loss: 0.09340999543666839
[2024-12-16 12:25:05,431] INFO: Iter 38300 Summary: 
[2024-12-16 12:25:05,431] INFO: 	 lr: 1.000000000000002e-05 	 Training loss: 0.09356422163546085
[2024-12-16 12:25:10,615] INFO: Iter 38400 Summary: 
[2024-12-16 12:25:10,615] INFO: 	 lr: 1.000000000000002e-05 	 Training loss: 0.09283335946500301
[2024-12-16 12:25:16,859] INFO: Iter 38500 Summary: 
[2024-12-16 12:25:16,859] INFO: 	 lr: 1.000000000000002e-05 	 Training loss: 0.09316066630184651
[2024-12-16 12:25:24,470] INFO: Iter 38600 Summary: 
[2024-12-16 12:25:24,470] INFO: 	 lr: 1.000000000000002e-05 	 Training loss: 0.09344656921923161
[2024-12-16 12:25:30,961] INFO: Iter 38700 Summary: 
[2024-12-16 12:25:30,961] INFO: 	 lr: 1.000000000000002e-05 	 Training loss: 0.09312425419688225
[2024-12-16 12:25:37,435] INFO: Iter 38800 Summary: 
[2024-12-16 12:25:37,436] INFO: 	 lr: 1.000000000000002e-05 	 Training loss: 0.09309491917490959
[2024-12-16 12:25:43,906] INFO: Iter 38900 Summary: 
[2024-12-16 12:25:43,906] INFO: 	 lr: 1.000000000000002e-05 	 Training loss: 0.09367212928831577
[2024-12-16 12:25:50,375] INFO: Iter 39000 Summary: 
[2024-12-16 12:25:50,375] INFO: 	 lr: 1.000000000000002e-05 	 Training loss: 0.09331180848181247
[2024-12-16 12:25:56,852] INFO: Iter 39100 Summary: 
[2024-12-16 12:25:56,853] INFO: 	 lr: 1.000000000000002e-05 	 Training loss: 0.09334692910313606
[2024-12-16 12:26:03,321] INFO: Iter 39200 Summary: 
[2024-12-16 12:26:03,321] INFO: 	 lr: 1.000000000000002e-05 	 Training loss: 0.09347052164375783
[2024-12-16 12:26:10,709] INFO: Iter 39300 Summary: 
[2024-12-16 12:26:10,710] INFO: 	 lr: 1.000000000000002e-05 	 Training loss: 0.0933240605890751
[2024-12-16 12:26:16,861] INFO: Iter 39400 Summary: 
[2024-12-16 12:26:16,861] INFO: 	 lr: 1.000000000000002e-05 	 Training loss: 0.0931186156719923
[2024-12-16 12:26:22,084] INFO: Iter 39500 Summary: 
[2024-12-16 12:26:22,085] INFO: 	 lr: 1.000000000000002e-05 	 Training loss: 0.09303103558719159
[2024-12-16 12:26:27,769] INFO: Iter 39600 Summary: 
[2024-12-16 12:26:27,769] INFO: 	 lr: 1.000000000000002e-05 	 Training loss: 0.09304999634623527
[2024-12-16 12:26:34,242] INFO: Iter 39700 Summary: 
[2024-12-16 12:26:34,243] INFO: 	 lr: 1.000000000000002e-05 	 Training loss: 0.09354856938123703
[2024-12-16 12:26:40,714] INFO: Iter 39800 Summary: 
[2024-12-16 12:26:40,714] INFO: 	 lr: 1.000000000000002e-05 	 Training loss: 0.09333381004631519
[2024-12-16 12:26:47,196] INFO: Iter 39900 Summary: 
[2024-12-16 12:26:47,197] INFO: 	 lr: 1.000000000000002e-05 	 Training loss: 0.09327166959643364
[2024-12-16 12:26:54,777] INFO: Iter 40000 Summary: 
[2024-12-16 12:26:54,777] INFO: 	 lr: 1.000000000000002e-05 	 Training loss: 0.09298839576542378
