[2025-01-15 13:55:27,944] INFO: {
    "abs_dir": "/home/diwang/siMLPe/exps/baseline_h36m",
    "batch_size": 256,
    "cos_lr_max": 1e-05,
    "cos_lr_min": 5e-08,
    "cos_lr_total_iters": 40000,
    "data_aug": true,
    "deriv_input": true,
    "deriv_output": true,
    "device": "cuda:4",
    "h36m_anno_dir": "/home/diwang/siMLPe/data/h36m/",
    "link_log_file": "/home/diwang/siMLPe/exps/baseline_h36m/log/log_last.log",
    "link_val_log_file": "/home/diwang/siMLPe/exps/baseline_h36m/log/val_last.log",
    "log_dir": "/home/diwang/siMLPe/exps/baseline_h36m/log",
    "log_file": "/home/diwang/siMLPe/exps/baseline_h36m/log/log_2025_01_15_13_55_10.log",
    "model_pth": null,
    "motion": {
        "dim": 66,
        "h36m_input_length": 50,
        "h36m_input_length_dct": 50,
        "h36m_target_length": 15,
        "h36m_target_length_eval": 25,
        "h36m_target_length_train": 15
    },
    "motion_fc_in": {
        "activation": "relu",
        "in_features": 66,
        "init_w_trunc_normal": false,
        "out_features": 66,
        "temporal_fc": false,
        "with_norm": false
    },
    "motion_fc_out": {
        "activation": "relu",
        "in_features": 66,
        "init_w_trunc_normal": true,
        "out_features": 66,
        "temporal_fc": false,
        "with_norm": false
    },
    "motion_mlp": {
        "hidden_dim": 66,
        "norm_axis": "spatial",
        "num_layers": 48,
        "seq_len": 50,
        "spatial_fc_only": false,
        "with_normalization": true
    },
    "num_workers": 8,
    "post_dct": false,
    "pre_dct": false,
    "print_every": 100,
    "repo_name": "siMLPe",
    "root_dir": "/home/diwang/siMLPe",
    "save_every": 2000,
    "seed": 304,
    "shift_step": 1,
    "snapshot_dir": "/home/diwang/siMLPe/exps/baseline_h36m/log/snapshot",
    "this_dir": "baseline_h36m",
    "use_relative_loss": true,
    "val_log_file": "/home/diwang/siMLPe/exps/baseline_h36m/log/val_2025_01_15_13_55_10.log",
    "weight_decay": 0.0001
}
[2025-01-15 13:55:37,422] INFO: Iter 100 Summary: 
[2025-01-15 13:55:37,423] INFO: 	 lr: 0.00030000000000000073 	 Training loss: 0.11142300605773926
[2025-01-15 13:55:44,746] INFO: Iter 200 Summary: 
[2025-01-15 13:55:44,747] INFO: 	 lr: 0.00030000000000000073 	 Training loss: 0.09079769432544708
[2025-01-15 13:55:52,145] INFO: Iter 300 Summary: 
[2025-01-15 13:55:52,145] INFO: 	 lr: 0.00030000000000000073 	 Training loss: 0.08474691107869148
[2025-01-15 13:55:59,506] INFO: Iter 400 Summary: 
[2025-01-15 13:55:59,507] INFO: 	 lr: 0.00030000000000000073 	 Training loss: 0.08234743803739547
[2025-01-15 13:56:07,056] INFO: Iter 500 Summary: 
[2025-01-15 13:56:07,056] INFO: 	 lr: 0.00030000000000000073 	 Training loss: 0.0773460729420185
[2025-01-15 13:56:14,420] INFO: Iter 600 Summary: 
[2025-01-15 13:56:14,420] INFO: 	 lr: 0.00030000000000000073 	 Training loss: 0.07495298966765404
[2025-01-15 13:56:22,331] INFO: Iter 700 Summary: 
[2025-01-15 13:56:22,331] INFO: 	 lr: 0.00030000000000000073 	 Training loss: 0.07406583547592163
[2025-01-15 13:56:29,693] INFO: Iter 800 Summary: 
[2025-01-15 13:56:29,693] INFO: 	 lr: 0.00030000000000000073 	 Training loss: 0.0730615185201168
[2025-01-15 13:56:37,113] INFO: Iter 900 Summary: 
[2025-01-15 13:56:37,114] INFO: 	 lr: 0.00030000000000000073 	 Training loss: 0.07251390643417835
[2025-01-15 13:56:44,698] INFO: Iter 1000 Summary: 
[2025-01-15 13:56:44,699] INFO: 	 lr: 0.00030000000000000073 	 Training loss: 0.07170577943325043
[2025-01-15 13:56:52,255] INFO: Iter 1100 Summary: 
[2025-01-15 13:56:52,256] INFO: 	 lr: 0.00030000000000000073 	 Training loss: 0.07108901776373386
[2025-01-15 13:56:59,710] INFO: Iter 1200 Summary: 
[2025-01-15 13:56:59,711] INFO: 	 lr: 0.00030000000000000073 	 Training loss: 0.07048137784004212
[2025-01-15 13:57:07,020] INFO: Iter 1300 Summary: 
[2025-01-15 13:57:07,020] INFO: 	 lr: 0.00030000000000000073 	 Training loss: 0.06969040356576443
[2025-01-15 13:57:14,888] INFO: Iter 1400 Summary: 
[2025-01-15 13:57:14,888] INFO: 	 lr: 0.00030000000000000073 	 Training loss: 0.06982673853635787
[2025-01-15 13:57:22,362] INFO: Iter 1500 Summary: 
[2025-01-15 13:57:22,362] INFO: 	 lr: 0.00030000000000000073 	 Training loss: 0.06902225770056247
[2025-01-15 13:57:29,898] INFO: Iter 1600 Summary: 
[2025-01-15 13:57:29,899] INFO: 	 lr: 0.00030000000000000073 	 Training loss: 0.06832976847887039
[2025-01-15 13:57:37,220] INFO: Iter 1700 Summary: 
[2025-01-15 13:57:37,220] INFO: 	 lr: 0.00030000000000000073 	 Training loss: 0.06870577462017537
[2025-01-15 13:57:44,626] INFO: Iter 1800 Summary: 
[2025-01-15 13:57:44,626] INFO: 	 lr: 0.00030000000000000073 	 Training loss: 0.06788849107921123
[2025-01-15 13:57:51,831] INFO: Iter 1900 Summary: 
[2025-01-15 13:57:51,831] INFO: 	 lr: 0.00030000000000000073 	 Training loss: 0.06777332480996848
[2025-01-15 13:57:59,152] INFO: Iter 2000 Summary: 
[2025-01-15 13:57:59,152] INFO: 	 lr: 0.00030000000000000073 	 Training loss: 0.06747665610164404
[2025-01-15 13:58:08,356] INFO: Iter 2100 Summary: 
[2025-01-15 13:58:08,356] INFO: 	 lr: 0.00030000000000000073 	 Training loss: 0.06667713228613138
[2025-01-15 13:58:16,164] INFO: Iter 2200 Summary: 
[2025-01-15 13:58:16,164] INFO: 	 lr: 0.00030000000000000073 	 Training loss: 0.06687732569873334
[2025-01-15 13:58:23,643] INFO: Iter 2300 Summary: 
[2025-01-15 13:58:23,644] INFO: 	 lr: 0.00030000000000000073 	 Training loss: 0.06602357547730207
[2025-01-15 13:58:31,153] INFO: Iter 2400 Summary: 
[2025-01-15 13:58:31,153] INFO: 	 lr: 0.00030000000000000073 	 Training loss: 0.06608718562871217
[2025-01-15 13:58:38,661] INFO: Iter 2500 Summary: 
[2025-01-15 13:58:38,662] INFO: 	 lr: 0.00030000000000000073 	 Training loss: 0.06619684964418411
[2025-01-15 13:58:47,478] INFO: Iter 2600 Summary: 
[2025-01-15 13:58:47,478] INFO: 	 lr: 0.00030000000000000073 	 Training loss: 0.0658307883515954
[2025-01-15 13:59:00,121] INFO: Iter 2700 Summary: 
[2025-01-15 13:59:00,122] INFO: 	 lr: 0.00030000000000000073 	 Training loss: 0.06568427156656981
[2025-01-15 13:59:13,310] INFO: Iter 2800 Summary: 
[2025-01-15 13:59:13,311] INFO: 	 lr: 0.00030000000000000073 	 Training loss: 0.06545645780861378
[2025-01-15 13:59:25,233] INFO: Iter 2900 Summary: 
[2025-01-15 13:59:25,233] INFO: 	 lr: 0.00030000000000000073 	 Training loss: 0.06540576636791229
[2025-01-15 13:59:38,324] INFO: Iter 3000 Summary: 
[2025-01-15 13:59:38,324] INFO: 	 lr: 0.00030000000000000073 	 Training loss: 0.06496251907199621
[2025-01-15 13:59:50,653] INFO: Iter 3100 Summary: 
[2025-01-15 13:59:50,653] INFO: 	 lr: 0.00030000000000000073 	 Training loss: 0.0644339432939887
[2025-01-15 14:00:02,990] INFO: Iter 3200 Summary: 
[2025-01-15 14:00:02,991] INFO: 	 lr: 0.00030000000000000073 	 Training loss: 0.06423560999333859
[2025-01-15 14:00:15,385] INFO: Iter 3300 Summary: 
[2025-01-15 14:00:15,385] INFO: 	 lr: 0.00030000000000000073 	 Training loss: 0.06390551261603833
[2025-01-15 14:00:27,046] INFO: Iter 3400 Summary: 
[2025-01-15 14:00:27,046] INFO: 	 lr: 0.00030000000000000073 	 Training loss: 0.06408596176654101
[2025-01-15 14:00:39,699] INFO: Iter 3500 Summary: 
[2025-01-15 14:00:39,700] INFO: 	 lr: 0.00030000000000000073 	 Training loss: 0.063617639914155
[2025-01-15 14:00:51,337] INFO: Iter 3600 Summary: 
[2025-01-15 14:00:51,337] INFO: 	 lr: 0.00030000000000000073 	 Training loss: 0.06354965873062611
[2025-01-15 14:01:03,745] INFO: Iter 3700 Summary: 
[2025-01-15 14:01:03,746] INFO: 	 lr: 0.00030000000000000073 	 Training loss: 0.06368703316897154
[2025-01-15 14:01:16,122] INFO: Iter 3800 Summary: 
[2025-01-15 14:01:16,122] INFO: 	 lr: 0.00030000000000000073 	 Training loss: 0.0634360432997346
[2025-01-15 14:01:29,969] INFO: Iter 3900 Summary: 
[2025-01-15 14:01:29,969] INFO: 	 lr: 0.00030000000000000073 	 Training loss: 0.06345631998032332
[2025-01-15 14:01:42,718] INFO: Iter 4000 Summary: 
[2025-01-15 14:01:42,718] INFO: 	 lr: 0.00030000000000000073 	 Training loss: 0.06352629691362381
[2025-01-15 14:01:56,991] INFO: Iter 4100 Summary: 
[2025-01-15 14:01:56,992] INFO: 	 lr: 0.00030000000000000073 	 Training loss: 0.06285861954092979
[2025-01-15 14:02:09,982] INFO: Iter 4200 Summary: 
[2025-01-15 14:02:09,983] INFO: 	 lr: 0.00030000000000000073 	 Training loss: 0.0632280570268631
[2025-01-15 14:02:22,819] INFO: Iter 4300 Summary: 
[2025-01-15 14:02:22,820] INFO: 	 lr: 0.00030000000000000073 	 Training loss: 0.06306093133985996
[2025-01-15 14:02:35,209] INFO: Iter 4400 Summary: 
[2025-01-15 14:02:35,209] INFO: 	 lr: 0.00030000000000000073 	 Training loss: 0.06245278764516115
[2025-01-15 14:02:47,349] INFO: Iter 4500 Summary: 
[2025-01-15 14:02:47,349] INFO: 	 lr: 0.00030000000000000073 	 Training loss: 0.06238235250115395
[2025-01-15 14:03:00,238] INFO: Iter 4600 Summary: 
[2025-01-15 14:03:00,238] INFO: 	 lr: 0.00030000000000000073 	 Training loss: 0.061792026348412035
[2025-01-15 14:03:13,280] INFO: Iter 4700 Summary: 
[2025-01-15 14:03:13,280] INFO: 	 lr: 0.00030000000000000073 	 Training loss: 0.06185944549739361
[2025-01-15 14:03:27,236] INFO: Iter 4800 Summary: 
[2025-01-15 14:03:27,237] INFO: 	 lr: 0.00030000000000000073 	 Training loss: 0.06149683516472578
[2025-01-15 14:03:39,909] INFO: Iter 4900 Summary: 
[2025-01-15 14:03:39,909] INFO: 	 lr: 0.00030000000000000073 	 Training loss: 0.0619178694486618
[2025-01-15 14:03:52,908] INFO: Iter 5000 Summary: 
[2025-01-15 14:03:52,909] INFO: 	 lr: 0.00030000000000000073 	 Training loss: 0.06161814853549004
[2025-01-15 14:04:04,978] INFO: Iter 5100 Summary: 
[2025-01-15 14:04:04,978] INFO: 	 lr: 0.00030000000000000073 	 Training loss: 0.06175102096050978
[2025-01-15 14:04:17,477] INFO: Iter 5200 Summary: 
[2025-01-15 14:04:17,477] INFO: 	 lr: 0.00030000000000000073 	 Training loss: 0.06146774023771286
[2025-01-15 14:04:30,293] INFO: Iter 5300 Summary: 
[2025-01-15 14:04:30,293] INFO: 	 lr: 0.00030000000000000073 	 Training loss: 0.06140958920121193
[2025-01-15 14:04:43,132] INFO: Iter 5400 Summary: 
[2025-01-15 14:04:43,132] INFO: 	 lr: 0.00030000000000000073 	 Training loss: 0.06112298283725977
[2025-01-15 14:04:56,468] INFO: Iter 5500 Summary: 
[2025-01-15 14:04:56,469] INFO: 	 lr: 0.00030000000000000073 	 Training loss: 0.06101834878325462
[2025-01-15 14:05:09,222] INFO: Iter 5600 Summary: 
[2025-01-15 14:05:09,222] INFO: 	 lr: 0.00030000000000000073 	 Training loss: 0.060093992687761784
[2025-01-15 14:05:21,145] INFO: Iter 5700 Summary: 
[2025-01-15 14:05:21,146] INFO: 	 lr: 0.00030000000000000073 	 Training loss: 0.06085364781320095
[2025-01-15 14:05:33,865] INFO: Iter 5800 Summary: 
[2025-01-15 14:05:33,865] INFO: 	 lr: 0.00030000000000000073 	 Training loss: 0.060670437105000016
[2025-01-15 14:05:46,479] INFO: Iter 5900 Summary: 
[2025-01-15 14:05:46,479] INFO: 	 lr: 0.00030000000000000073 	 Training loss: 0.060433647632598876
[2025-01-15 14:05:58,738] INFO: Iter 6000 Summary: 
[2025-01-15 14:05:58,738] INFO: 	 lr: 0.00030000000000000073 	 Training loss: 0.060657468028366565
[2025-01-15 14:06:13,649] INFO: Iter 6100 Summary: 
[2025-01-15 14:06:13,649] INFO: 	 lr: 0.00030000000000000073 	 Training loss: 0.060005018152296544
[2025-01-15 14:06:26,711] INFO: Iter 6200 Summary: 
[2025-01-15 14:06:26,714] INFO: 	 lr: 0.00030000000000000073 	 Training loss: 0.06009738236665726
[2025-01-15 14:06:39,741] INFO: Iter 6300 Summary: 
[2025-01-15 14:06:39,741] INFO: 	 lr: 0.00030000000000000073 	 Training loss: 0.05981476202607155
[2025-01-15 14:06:53,021] INFO: Iter 6400 Summary: 
[2025-01-15 14:06:53,021] INFO: 	 lr: 0.00030000000000000073 	 Training loss: 0.059795442260801794
[2025-01-15 14:07:06,170] INFO: Iter 6500 Summary: 
[2025-01-15 14:07:06,170] INFO: 	 lr: 0.00030000000000000073 	 Training loss: 0.05906641762703657
[2025-01-15 14:07:18,851] INFO: Iter 6600 Summary: 
[2025-01-15 14:07:18,852] INFO: 	 lr: 0.00030000000000000073 	 Training loss: 0.059411501437425615
[2025-01-15 14:07:31,312] INFO: Iter 6700 Summary: 
[2025-01-15 14:07:31,312] INFO: 	 lr: 0.00030000000000000073 	 Training loss: 0.059744153320789334
[2025-01-15 14:07:43,080] INFO: Iter 6800 Summary: 
[2025-01-15 14:07:43,081] INFO: 	 lr: 0.00030000000000000073 	 Training loss: 0.059319113716483116
[2025-01-15 14:07:55,827] INFO: Iter 6900 Summary: 
[2025-01-15 14:07:55,827] INFO: 	 lr: 0.00030000000000000073 	 Training loss: 0.05897111646831035
[2025-01-15 14:08:07,703] INFO: Iter 7000 Summary: 
[2025-01-15 14:08:07,703] INFO: 	 lr: 0.00030000000000000073 	 Training loss: 0.05923843327909708
[2025-01-15 14:08:20,596] INFO: Iter 7100 Summary: 
[2025-01-15 14:08:20,597] INFO: 	 lr: 0.00030000000000000073 	 Training loss: 0.05887029897421599
[2025-01-15 14:08:33,189] INFO: Iter 7200 Summary: 
[2025-01-15 14:08:33,190] INFO: 	 lr: 0.00030000000000000073 	 Training loss: 0.058941845782101154
[2025-01-15 14:08:46,063] INFO: Iter 7300 Summary: 
[2025-01-15 14:08:46,063] INFO: 	 lr: 0.00030000000000000073 	 Training loss: 0.058278243765234945
[2025-01-15 14:08:59,236] INFO: Iter 7400 Summary: 
[2025-01-15 14:08:59,236] INFO: 	 lr: 0.00030000000000000073 	 Training loss: 0.05815902255475521
[2025-01-15 14:09:10,864] INFO: Iter 7500 Summary: 
[2025-01-15 14:09:10,864] INFO: 	 lr: 0.00030000000000000073 	 Training loss: 0.05835214972496033
[2025-01-15 14:09:25,032] INFO: Iter 7600 Summary: 
[2025-01-15 14:09:25,033] INFO: 	 lr: 0.00030000000000000073 	 Training loss: 0.05853996645659208
[2025-01-15 14:09:37,595] INFO: Iter 7700 Summary: 
[2025-01-15 14:09:37,595] INFO: 	 lr: 0.00030000000000000073 	 Training loss: 0.05844489648938179
[2025-01-15 14:09:50,928] INFO: Iter 7800 Summary: 
[2025-01-15 14:09:50,928] INFO: 	 lr: 0.00030000000000000073 	 Training loss: 0.05831943180412054
[2025-01-15 14:10:03,590] INFO: Iter 7900 Summary: 
[2025-01-15 14:10:03,590] INFO: 	 lr: 0.00030000000000000073 	 Training loss: 0.05789683099836111
[2025-01-15 14:10:16,877] INFO: Iter 8000 Summary: 
[2025-01-15 14:10:16,877] INFO: 	 lr: 0.00030000000000000073 	 Training loss: 0.05747911065816879
[2025-01-15 14:10:31,005] INFO: Iter 8100 Summary: 
[2025-01-15 14:10:31,006] INFO: 	 lr: 0.00030000000000000073 	 Training loss: 0.0578960146009922
[2025-01-15 14:10:44,178] INFO: Iter 8200 Summary: 
[2025-01-15 14:10:44,178] INFO: 	 lr: 0.00030000000000000073 	 Training loss: 0.05790272530168295
[2025-01-15 14:10:57,423] INFO: Iter 8300 Summary: 
[2025-01-15 14:10:57,423] INFO: 	 lr: 0.00030000000000000073 	 Training loss: 0.057507012151181695
[2025-01-15 14:11:09,637] INFO: Iter 8400 Summary: 
[2025-01-15 14:11:09,637] INFO: 	 lr: 0.00030000000000000073 	 Training loss: 0.05747276347130537
[2025-01-15 14:11:22,671] INFO: Iter 8500 Summary: 
[2025-01-15 14:11:22,671] INFO: 	 lr: 0.00030000000000000073 	 Training loss: 0.057565867602825165
[2025-01-15 14:11:34,940] INFO: Iter 8600 Summary: 
[2025-01-15 14:11:34,941] INFO: 	 lr: 0.00030000000000000073 	 Training loss: 0.05777355059981346
[2025-01-15 14:11:48,770] INFO: Iter 8700 Summary: 
[2025-01-15 14:11:48,771] INFO: 	 lr: 0.00030000000000000073 	 Training loss: 0.05736688069999218
[2025-01-15 14:12:01,467] INFO: Iter 8800 Summary: 
[2025-01-15 14:12:01,468] INFO: 	 lr: 0.00030000000000000073 	 Training loss: 0.057636712454259394
[2025-01-15 14:12:14,130] INFO: Iter 8900 Summary: 
[2025-01-15 14:12:14,131] INFO: 	 lr: 0.00030000000000000073 	 Training loss: 0.056716997325420376
[2025-01-15 14:12:27,774] INFO: Iter 9000 Summary: 
[2025-01-15 14:12:27,774] INFO: 	 lr: 0.00030000000000000073 	 Training loss: 0.05660742234438658
[2025-01-15 14:12:39,903] INFO: Iter 9100 Summary: 
[2025-01-15 14:12:39,903] INFO: 	 lr: 0.00030000000000000073 	 Training loss: 0.056878258995711806
[2025-01-15 14:12:52,782] INFO: Iter 9200 Summary: 
[2025-01-15 14:12:52,783] INFO: 	 lr: 0.00030000000000000073 	 Training loss: 0.056552333571016786
[2025-01-15 14:13:05,270] INFO: Iter 9300 Summary: 
[2025-01-15 14:13:05,271] INFO: 	 lr: 0.00030000000000000073 	 Training loss: 0.05669867902994156
[2025-01-15 14:13:17,943] INFO: Iter 9400 Summary: 
[2025-01-15 14:13:17,943] INFO: 	 lr: 0.00030000000000000073 	 Training loss: 0.05661540139466524
[2025-01-15 14:13:29,548] INFO: Iter 9500 Summary: 
[2025-01-15 14:13:29,549] INFO: 	 lr: 0.00030000000000000073 	 Training loss: 0.056383654661476615
[2025-01-15 14:13:42,644] INFO: Iter 9600 Summary: 
[2025-01-15 14:13:42,645] INFO: 	 lr: 0.00030000000000000073 	 Training loss: 0.056759064085781574
[2025-01-15 14:13:54,888] INFO: Iter 9700 Summary: 
[2025-01-15 14:13:54,888] INFO: 	 lr: 0.00030000000000000073 	 Training loss: 0.05656492862850428
[2025-01-15 14:14:07,564] INFO: Iter 9800 Summary: 
[2025-01-15 14:14:07,565] INFO: 	 lr: 0.00030000000000000073 	 Training loss: 0.05616279348731041
[2025-01-15 14:14:19,653] INFO: Iter 9900 Summary: 
[2025-01-15 14:14:19,653] INFO: 	 lr: 0.00030000000000000073 	 Training loss: 0.055795463994145394
[2025-01-15 14:14:31,993] INFO: Iter 10000 Summary: 
[2025-01-15 14:14:31,993] INFO: 	 lr: 0.00030000000000000073 	 Training loss: 0.05640371575951576
[2025-01-15 14:14:47,370] INFO: Iter 10100 Summary: 
[2025-01-15 14:14:47,371] INFO: 	 lr: 0.00030000000000000073 	 Training loss: 0.055694782622158524
[2025-01-15 14:15:00,652] INFO: Iter 10200 Summary: 
[2025-01-15 14:15:00,652] INFO: 	 lr: 0.00030000000000000073 	 Training loss: 0.055902696326375005
[2025-01-15 14:15:14,709] INFO: Iter 10300 Summary: 
[2025-01-15 14:15:14,710] INFO: 	 lr: 0.00030000000000000073 	 Training loss: 0.055654340982437135
[2025-01-15 14:15:28,761] INFO: Iter 10400 Summary: 
[2025-01-15 14:15:28,761] INFO: 	 lr: 0.00030000000000000073 	 Training loss: 0.055848057977855206
[2025-01-15 14:15:41,245] INFO: Iter 10500 Summary: 
[2025-01-15 14:15:41,245] INFO: 	 lr: 0.00030000000000000073 	 Training loss: 0.05577563636004925
[2025-01-15 14:15:54,534] INFO: Iter 10600 Summary: 
[2025-01-15 14:15:54,534] INFO: 	 lr: 0.00030000000000000073 	 Training loss: 0.055540956519544125
[2025-01-15 14:16:07,352] INFO: Iter 10700 Summary: 
[2025-01-15 14:16:07,353] INFO: 	 lr: 0.00030000000000000073 	 Training loss: 0.05599910020828247
[2025-01-15 14:16:19,338] INFO: Iter 10800 Summary: 
[2025-01-15 14:16:19,338] INFO: 	 lr: 0.00030000000000000073 	 Training loss: 0.05551215413957834
[2025-01-15 14:16:32,041] INFO: Iter 10900 Summary: 
[2025-01-15 14:16:32,041] INFO: 	 lr: 0.00030000000000000073 	 Training loss: 0.05537260897457599
[2025-01-15 14:16:46,019] INFO: Iter 11000 Summary: 
[2025-01-15 14:16:46,019] INFO: 	 lr: 0.00030000000000000073 	 Training loss: 0.055413629785180094
[2025-01-15 14:16:58,480] INFO: Iter 11100 Summary: 
[2025-01-15 14:16:58,480] INFO: 	 lr: 0.00030000000000000073 	 Training loss: 0.05540560219436884
[2025-01-15 14:17:11,033] INFO: Iter 11200 Summary: 
[2025-01-15 14:17:11,033] INFO: 	 lr: 0.00030000000000000073 	 Training loss: 0.05504701688885689
[2025-01-15 14:17:23,635] INFO: Iter 11300 Summary: 
[2025-01-15 14:17:23,635] INFO: 	 lr: 0.00030000000000000073 	 Training loss: 0.05529065888375044
[2025-01-15 14:17:36,134] INFO: Iter 11400 Summary: 
[2025-01-15 14:17:36,135] INFO: 	 lr: 0.00030000000000000073 	 Training loss: 0.055531228221952916
[2025-01-15 14:17:49,684] INFO: Iter 11500 Summary: 
[2025-01-15 14:17:49,684] INFO: 	 lr: 0.00030000000000000073 	 Training loss: 0.054803069047629833
[2025-01-15 14:18:02,534] INFO: Iter 11600 Summary: 
[2025-01-15 14:18:02,534] INFO: 	 lr: 0.00030000000000000073 	 Training loss: 0.05480392049998045
[2025-01-15 14:18:15,404] INFO: Iter 11700 Summary: 
[2025-01-15 14:18:15,405] INFO: 	 lr: 0.00030000000000000073 	 Training loss: 0.05527518603950739
[2025-01-15 14:18:28,285] INFO: Iter 11800 Summary: 
[2025-01-15 14:18:28,285] INFO: 	 lr: 0.00030000000000000073 	 Training loss: 0.055179616585373875
[2025-01-15 14:18:40,481] INFO: Iter 11900 Summary: 
[2025-01-15 14:18:40,481] INFO: 	 lr: 0.00030000000000000073 	 Training loss: 0.05492729559540749
[2025-01-15 14:18:52,944] INFO: Iter 12000 Summary: 
[2025-01-15 14:18:52,944] INFO: 	 lr: 0.00030000000000000073 	 Training loss: 0.05473113257437944
[2025-01-15 14:19:08,366] INFO: Iter 12100 Summary: 
[2025-01-15 14:19:08,367] INFO: 	 lr: 0.00030000000000000073 	 Training loss: 0.05504501670598984
[2025-01-15 14:19:21,021] INFO: Iter 12200 Summary: 
[2025-01-15 14:19:21,021] INFO: 	 lr: 0.00030000000000000073 	 Training loss: 0.054647899456322195
[2025-01-15 14:19:34,006] INFO: Iter 12300 Summary: 
[2025-01-15 14:19:34,007] INFO: 	 lr: 0.00030000000000000073 	 Training loss: 0.05489868465811014
[2025-01-15 14:19:47,128] INFO: Iter 12400 Summary: 
[2025-01-15 14:19:47,128] INFO: 	 lr: 0.00030000000000000073 	 Training loss: 0.054356204569339754
[2025-01-15 14:20:00,380] INFO: Iter 12500 Summary: 
[2025-01-15 14:20:00,380] INFO: 	 lr: 0.00030000000000000073 	 Training loss: 0.05488895520567894
[2025-01-15 14:20:13,193] INFO: Iter 12600 Summary: 
[2025-01-15 14:20:13,193] INFO: 	 lr: 0.00030000000000000073 	 Training loss: 0.05459456745535135
[2025-01-15 14:20:24,839] INFO: Iter 12700 Summary: 
[2025-01-15 14:20:24,839] INFO: 	 lr: 0.00030000000000000073 	 Training loss: 0.05411959636956453
[2025-01-15 14:20:38,240] INFO: Iter 12800 Summary: 
[2025-01-15 14:20:38,241] INFO: 	 lr: 0.00030000000000000073 	 Training loss: 0.05433380864560604
[2025-01-15 14:20:52,925] INFO: Iter 12900 Summary: 
[2025-01-15 14:20:52,925] INFO: 	 lr: 0.00030000000000000073 	 Training loss: 0.054601045474410054
[2025-01-15 14:21:06,264] INFO: Iter 13000 Summary: 
[2025-01-15 14:21:06,265] INFO: 	 lr: 0.00030000000000000073 	 Training loss: 0.05480878885835409
[2025-01-15 14:21:19,999] INFO: Iter 13100 Summary: 
[2025-01-15 14:21:20,000] INFO: 	 lr: 0.00030000000000000073 	 Training loss: 0.05424031972885132
[2025-01-15 14:21:33,337] INFO: Iter 13200 Summary: 
[2025-01-15 14:21:33,337] INFO: 	 lr: 0.00030000000000000073 	 Training loss: 0.054474486149847505
[2025-01-15 14:21:46,838] INFO: Iter 13300 Summary: 
[2025-01-15 14:21:46,838] INFO: 	 lr: 0.00030000000000000073 	 Training loss: 0.054379255771636964
[2025-01-15 14:22:00,125] INFO: Iter 13400 Summary: 
[2025-01-15 14:22:00,126] INFO: 	 lr: 0.00030000000000000073 	 Training loss: 0.05402579486370087
[2025-01-15 14:22:12,563] INFO: Iter 13500 Summary: 
[2025-01-15 14:22:12,563] INFO: 	 lr: 0.00030000000000000073 	 Training loss: 0.05443134907633066
[2025-01-15 14:22:25,009] INFO: Iter 13600 Summary: 
[2025-01-15 14:22:25,009] INFO: 	 lr: 0.00030000000000000073 	 Training loss: 0.053865668252110484
[2025-01-15 14:22:37,729] INFO: Iter 13700 Summary: 
[2025-01-15 14:22:37,729] INFO: 	 lr: 0.00030000000000000073 	 Training loss: 0.05406261876225472
[2025-01-15 14:22:50,684] INFO: Iter 13800 Summary: 
[2025-01-15 14:22:50,684] INFO: 	 lr: 0.00030000000000000073 	 Training loss: 0.05408986493945122
[2025-01-15 14:23:02,848] INFO: Iter 13900 Summary: 
[2025-01-15 14:23:02,848] INFO: 	 lr: 0.00030000000000000073 	 Training loss: 0.053890465423464776
[2025-01-15 14:23:14,971] INFO: Iter 14000 Summary: 
[2025-01-15 14:23:14,971] INFO: 	 lr: 0.00030000000000000073 	 Training loss: 0.05374046020209789
[2025-01-15 14:23:30,048] INFO: Iter 14100 Summary: 
[2025-01-15 14:23:30,049] INFO: 	 lr: 0.00030000000000000073 	 Training loss: 0.05393612165004015
[2025-01-15 14:23:41,171] INFO: Iter 14200 Summary: 
[2025-01-15 14:23:41,171] INFO: 	 lr: 0.00030000000000000073 	 Training loss: 0.05391355618834495
[2025-01-15 14:23:54,014] INFO: Iter 14300 Summary: 
[2025-01-15 14:23:54,014] INFO: 	 lr: 0.00030000000000000073 	 Training loss: 0.05404106445610523
[2025-01-15 14:24:07,142] INFO: Iter 14400 Summary: 
[2025-01-15 14:24:07,142] INFO: 	 lr: 0.00030000000000000073 	 Training loss: 0.053899319916963576
[2025-01-15 14:24:19,544] INFO: Iter 14500 Summary: 
[2025-01-15 14:24:19,545] INFO: 	 lr: 0.00030000000000000073 	 Training loss: 0.054148593805730345
[2025-01-15 14:24:31,403] INFO: Iter 14600 Summary: 
[2025-01-15 14:24:31,404] INFO: 	 lr: 0.00030000000000000073 	 Training loss: 0.053746518939733506
[2025-01-15 14:24:43,080] INFO: Iter 14700 Summary: 
[2025-01-15 14:24:43,081] INFO: 	 lr: 0.00030000000000000073 	 Training loss: 0.053721802942454815
[2025-01-15 14:24:55,861] INFO: Iter 14800 Summary: 
[2025-01-15 14:24:55,861] INFO: 	 lr: 0.00030000000000000073 	 Training loss: 0.05394150365144015
[2025-01-15 14:25:08,449] INFO: Iter 14900 Summary: 
[2025-01-15 14:25:08,450] INFO: 	 lr: 0.00030000000000000073 	 Training loss: 0.05343633122742176
[2025-01-15 14:25:20,503] INFO: Iter 15000 Summary: 
[2025-01-15 14:25:20,503] INFO: 	 lr: 0.00030000000000000073 	 Training loss: 0.05383159089833498
[2025-01-15 14:25:33,576] INFO: Iter 15100 Summary: 
[2025-01-15 14:25:33,577] INFO: 	 lr: 0.00030000000000000073 	 Training loss: 0.05378824796527624
[2025-01-15 14:25:45,864] INFO: Iter 15200 Summary: 
[2025-01-15 14:25:45,864] INFO: 	 lr: 0.00030000000000000073 	 Training loss: 0.053305998742580414
[2025-01-15 14:25:58,808] INFO: Iter 15300 Summary: 
[2025-01-15 14:25:58,808] INFO: 	 lr: 0.00030000000000000073 	 Training loss: 0.05358603063970804
[2025-01-15 14:26:10,779] INFO: Iter 15400 Summary: 
[2025-01-15 14:26:10,779] INFO: 	 lr: 0.00030000000000000073 	 Training loss: 0.05330390829592943
[2025-01-15 14:26:23,229] INFO: Iter 15500 Summary: 
[2025-01-15 14:26:23,229] INFO: 	 lr: 0.00030000000000000073 	 Training loss: 0.05340686552226544
[2025-01-15 14:26:35,004] INFO: Iter 15600 Summary: 
[2025-01-15 14:26:35,004] INFO: 	 lr: 0.00030000000000000073 	 Training loss: 0.05327579393982887
[2025-01-15 14:26:47,575] INFO: Iter 15700 Summary: 
[2025-01-15 14:26:47,575] INFO: 	 lr: 0.00030000000000000073 	 Training loss: 0.05359949268400669
[2025-01-15 14:27:00,570] INFO: Iter 15800 Summary: 
[2025-01-15 14:27:00,571] INFO: 	 lr: 0.00030000000000000073 	 Training loss: 0.05349553879350424
[2025-01-15 14:27:13,744] INFO: Iter 15900 Summary: 
[2025-01-15 14:27:13,745] INFO: 	 lr: 0.00030000000000000073 	 Training loss: 0.052819798476994036
[2025-01-15 14:27:26,360] INFO: Iter 16000 Summary: 
[2025-01-15 14:27:26,360] INFO: 	 lr: 0.00030000000000000073 	 Training loss: 0.05331286557018757
[2025-01-15 14:27:40,957] INFO: Iter 16100 Summary: 
[2025-01-15 14:27:40,957] INFO: 	 lr: 0.00030000000000000073 	 Training loss: 0.05353599268943071
[2025-01-15 14:27:53,517] INFO: Iter 16200 Summary: 
[2025-01-15 14:27:53,518] INFO: 	 lr: 0.00030000000000000073 	 Training loss: 0.05305341016501188
[2025-01-15 14:28:05,827] INFO: Iter 16300 Summary: 
[2025-01-15 14:28:05,828] INFO: 	 lr: 0.00030000000000000073 	 Training loss: 0.053441996090114116
[2025-01-15 14:28:18,072] INFO: Iter 16400 Summary: 
[2025-01-15 14:28:18,072] INFO: 	 lr: 0.00030000000000000073 	 Training loss: 0.053250706605613235
[2025-01-15 14:28:31,939] INFO: Iter 16500 Summary: 
[2025-01-15 14:28:31,939] INFO: 	 lr: 0.00030000000000000073 	 Training loss: 0.0530585815012455
[2025-01-15 14:28:44,997] INFO: Iter 16600 Summary: 
[2025-01-15 14:28:44,997] INFO: 	 lr: 0.00030000000000000073 	 Training loss: 0.05344318769872189
[2025-01-15 14:28:56,434] INFO: Iter 16700 Summary: 
[2025-01-15 14:28:56,434] INFO: 	 lr: 0.00030000000000000073 	 Training loss: 0.05292341575026512
[2025-01-15 14:29:09,193] INFO: Iter 16800 Summary: 
[2025-01-15 14:29:09,193] INFO: 	 lr: 0.00030000000000000073 	 Training loss: 0.0530311893671751
[2025-01-15 14:29:21,709] INFO: Iter 16900 Summary: 
[2025-01-15 14:29:21,709] INFO: 	 lr: 0.00030000000000000073 	 Training loss: 0.05295711662620306
[2025-01-15 14:29:34,497] INFO: Iter 17000 Summary: 
[2025-01-15 14:29:34,497] INFO: 	 lr: 0.00030000000000000073 	 Training loss: 0.05299612332135439
[2025-01-15 14:29:47,103] INFO: Iter 17100 Summary: 
[2025-01-15 14:29:47,103] INFO: 	 lr: 0.00030000000000000073 	 Training loss: 0.053209839425981044
[2025-01-15 14:30:00,252] INFO: Iter 17200 Summary: 
[2025-01-15 14:30:00,253] INFO: 	 lr: 0.00030000000000000073 	 Training loss: 0.052736797370016575
[2025-01-15 14:30:13,244] INFO: Iter 17300 Summary: 
[2025-01-15 14:30:13,244] INFO: 	 lr: 0.00030000000000000073 	 Training loss: 0.05300897762179375
[2025-01-15 14:30:26,809] INFO: Iter 17400 Summary: 
[2025-01-15 14:30:26,810] INFO: 	 lr: 0.00030000000000000073 	 Training loss: 0.05328059576451778
[2025-01-15 14:30:38,572] INFO: Iter 17500 Summary: 
[2025-01-15 14:30:38,573] INFO: 	 lr: 0.00030000000000000073 	 Training loss: 0.05326089818030596
[2025-01-15 14:30:51,372] INFO: Iter 17600 Summary: 
[2025-01-15 14:30:51,372] INFO: 	 lr: 0.00030000000000000073 	 Training loss: 0.05318608433008194
[2025-01-15 14:31:04,788] INFO: Iter 17700 Summary: 
[2025-01-15 14:31:04,789] INFO: 	 lr: 0.00030000000000000073 	 Training loss: 0.052641623727977274
[2025-01-15 14:31:17,741] INFO: Iter 17800 Summary: 
[2025-01-15 14:31:17,741] INFO: 	 lr: 0.00030000000000000073 	 Training loss: 0.05293650548905134
[2025-01-15 14:31:31,180] INFO: Iter 17900 Summary: 
[2025-01-15 14:31:31,181] INFO: 	 lr: 0.00030000000000000073 	 Training loss: 0.05303054261952639
[2025-01-15 14:31:44,352] INFO: Iter 18000 Summary: 
[2025-01-15 14:31:44,352] INFO: 	 lr: 0.00030000000000000073 	 Training loss: 0.052968842536211015
[2025-01-15 14:31:59,171] INFO: Iter 18100 Summary: 
[2025-01-15 14:31:59,172] INFO: 	 lr: 0.00030000000000000073 	 Training loss: 0.052398565039038655
[2025-01-15 14:32:11,085] INFO: Iter 18200 Summary: 
[2025-01-15 14:32:11,085] INFO: 	 lr: 0.00030000000000000073 	 Training loss: 0.05291131764650345
[2025-01-15 14:32:23,849] INFO: Iter 18300 Summary: 
[2025-01-15 14:32:23,850] INFO: 	 lr: 0.00030000000000000073 	 Training loss: 0.0528187932446599
[2025-01-15 14:32:37,164] INFO: Iter 18400 Summary: 
[2025-01-15 14:32:37,165] INFO: 	 lr: 0.00030000000000000073 	 Training loss: 0.05301733270287514
[2025-01-15 14:32:50,291] INFO: Iter 18500 Summary: 
[2025-01-15 14:32:50,291] INFO: 	 lr: 0.00030000000000000073 	 Training loss: 0.052568930685520175
[2025-01-15 14:33:03,047] INFO: Iter 18600 Summary: 
[2025-01-15 14:33:03,047] INFO: 	 lr: 0.00030000000000000073 	 Training loss: 0.0524772771447897
[2025-01-15 14:33:15,103] INFO: Iter 18700 Summary: 
[2025-01-15 14:33:15,103] INFO: 	 lr: 0.00030000000000000073 	 Training loss: 0.05268504150211811
[2025-01-15 14:33:27,595] INFO: Iter 18800 Summary: 
[2025-01-15 14:33:27,595] INFO: 	 lr: 0.00030000000000000073 	 Training loss: 0.052688784524798395
[2025-01-15 14:33:40,422] INFO: Iter 18900 Summary: 
[2025-01-15 14:33:40,422] INFO: 	 lr: 0.00030000000000000073 	 Training loss: 0.05280333120375871
[2025-01-15 14:33:52,302] INFO: Iter 19000 Summary: 
[2025-01-15 14:33:52,302] INFO: 	 lr: 0.00030000000000000073 	 Training loss: 0.05256221819669008
[2025-01-15 14:34:04,950] INFO: Iter 19100 Summary: 
[2025-01-15 14:34:04,950] INFO: 	 lr: 0.00030000000000000073 	 Training loss: 0.05293161865323782
[2025-01-15 14:34:17,531] INFO: Iter 19200 Summary: 
[2025-01-15 14:34:17,531] INFO: 	 lr: 0.00030000000000000073 	 Training loss: 0.052886013463139536
[2025-01-15 14:34:30,349] INFO: Iter 19300 Summary: 
[2025-01-15 14:34:30,350] INFO: 	 lr: 0.00030000000000000073 	 Training loss: 0.05286993190646171
[2025-01-15 14:34:42,576] INFO: Iter 19400 Summary: 
[2025-01-15 14:34:42,576] INFO: 	 lr: 0.00030000000000000073 	 Training loss: 0.05238075971603393
[2025-01-15 14:34:54,650] INFO: Iter 19500 Summary: 
[2025-01-15 14:34:54,651] INFO: 	 lr: 0.00030000000000000073 	 Training loss: 0.05238515119999647
[2025-01-15 14:35:07,260] INFO: Iter 19600 Summary: 
[2025-01-15 14:35:07,261] INFO: 	 lr: 0.00030000000000000073 	 Training loss: 0.05252725709229708
[2025-01-15 14:35:20,094] INFO: Iter 19700 Summary: 
[2025-01-15 14:35:20,094] INFO: 	 lr: 0.00030000000000000073 	 Training loss: 0.052549671903252604
[2025-01-15 14:35:32,451] INFO: Iter 19800 Summary: 
[2025-01-15 14:35:32,451] INFO: 	 lr: 0.00030000000000000073 	 Training loss: 0.052661309614777566
[2025-01-15 14:35:45,387] INFO: Iter 19900 Summary: 
[2025-01-15 14:35:45,388] INFO: 	 lr: 0.00030000000000000073 	 Training loss: 0.05255116246640682
[2025-01-15 14:35:57,947] INFO: Iter 20000 Summary: 
[2025-01-15 14:35:57,947] INFO: 	 lr: 0.00030000000000000073 	 Training loss: 0.052375921346247196
[2025-01-15 14:36:13,288] INFO: Iter 20100 Summary: 
[2025-01-15 14:36:13,288] INFO: 	 lr: 0.00030000000000000073 	 Training loss: 0.05222698297351599
[2025-01-15 14:36:26,139] INFO: Iter 20200 Summary: 
[2025-01-15 14:36:26,140] INFO: 	 lr: 0.00030000000000000073 	 Training loss: 0.052457435578107836
[2025-01-15 14:36:38,470] INFO: Iter 20300 Summary: 
[2025-01-15 14:36:38,471] INFO: 	 lr: 0.00030000000000000073 	 Training loss: 0.05226426158100367
[2025-01-15 14:36:50,209] INFO: Iter 20400 Summary: 
[2025-01-15 14:36:50,209] INFO: 	 lr: 0.00030000000000000073 	 Training loss: 0.05237122755497694
[2025-01-15 14:37:02,674] INFO: Iter 20500 Summary: 
[2025-01-15 14:37:02,674] INFO: 	 lr: 0.00030000000000000073 	 Training loss: 0.052298799492418765
[2025-01-15 14:37:16,234] INFO: Iter 20600 Summary: 
[2025-01-15 14:37:16,234] INFO: 	 lr: 0.00030000000000000073 	 Training loss: 0.05241319578140974
[2025-01-15 14:37:28,596] INFO: Iter 20700 Summary: 
[2025-01-15 14:37:28,597] INFO: 	 lr: 0.00030000000000000073 	 Training loss: 0.05225664805620909
[2025-01-15 14:37:40,726] INFO: Iter 20800 Summary: 
[2025-01-15 14:37:40,726] INFO: 	 lr: 0.00030000000000000073 	 Training loss: 0.0522861097753048
[2025-01-15 14:37:54,174] INFO: Iter 20900 Summary: 
[2025-01-15 14:37:54,174] INFO: 	 lr: 0.00030000000000000073 	 Training loss: 0.05236712750047445
[2025-01-15 14:38:07,588] INFO: Iter 21000 Summary: 
[2025-01-15 14:38:07,589] INFO: 	 lr: 0.00030000000000000073 	 Training loss: 0.051956979483366014
[2025-01-15 14:38:20,897] INFO: Iter 21100 Summary: 
[2025-01-15 14:38:20,897] INFO: 	 lr: 0.00030000000000000073 	 Training loss: 0.05267289455980063
[2025-01-15 14:38:34,295] INFO: Iter 21200 Summary: 
[2025-01-15 14:38:34,295] INFO: 	 lr: 0.00030000000000000073 	 Training loss: 0.05241418182849884
[2025-01-15 14:38:46,698] INFO: Iter 21300 Summary: 
[2025-01-15 14:38:46,698] INFO: 	 lr: 0.00030000000000000073 	 Training loss: 0.05207396406680345
[2025-01-15 14:38:59,110] INFO: Iter 21400 Summary: 
[2025-01-15 14:38:59,110] INFO: 	 lr: 0.00030000000000000073 	 Training loss: 0.052172641940414904
[2025-01-15 14:39:11,907] INFO: Iter 21500 Summary: 
[2025-01-15 14:39:11,907] INFO: 	 lr: 0.00030000000000000073 	 Training loss: 0.05208264552056789
[2025-01-15 14:39:24,908] INFO: Iter 21600 Summary: 
[2025-01-15 14:39:24,908] INFO: 	 lr: 0.00030000000000000073 	 Training loss: 0.05193643137812615
[2025-01-15 14:39:38,360] INFO: Iter 21700 Summary: 
[2025-01-15 14:39:38,361] INFO: 	 lr: 0.00030000000000000073 	 Training loss: 0.052030675821006296
[2025-01-15 14:39:52,179] INFO: Iter 21800 Summary: 
[2025-01-15 14:39:52,180] INFO: 	 lr: 0.00030000000000000073 	 Training loss: 0.05249301817268133
[2025-01-15 14:40:03,502] INFO: Iter 21900 Summary: 
[2025-01-15 14:40:03,502] INFO: 	 lr: 0.00030000000000000073 	 Training loss: 0.051776391454041004
[2025-01-15 14:40:17,074] INFO: Iter 22000 Summary: 
[2025-01-15 14:40:17,074] INFO: 	 lr: 0.00030000000000000073 	 Training loss: 0.05217322755604983
[2025-01-15 14:40:33,655] INFO: Iter 22100 Summary: 
[2025-01-15 14:40:33,656] INFO: 	 lr: 0.00030000000000000073 	 Training loss: 0.05205353554338217
[2025-01-15 14:40:47,842] INFO: Iter 22200 Summary: 
[2025-01-15 14:40:47,843] INFO: 	 lr: 0.00030000000000000073 	 Training loss: 0.0519427315890789
[2025-01-15 14:41:01,800] INFO: Iter 22300 Summary: 
[2025-01-15 14:41:01,800] INFO: 	 lr: 0.00030000000000000073 	 Training loss: 0.0521772750467062
[2025-01-15 14:41:15,366] INFO: Iter 22400 Summary: 
[2025-01-15 14:41:15,366] INFO: 	 lr: 0.00030000000000000073 	 Training loss: 0.05205124709755182
[2025-01-15 14:41:27,836] INFO: Iter 22500 Summary: 
[2025-01-15 14:41:27,836] INFO: 	 lr: 0.00030000000000000073 	 Training loss: 0.051844533756375315
[2025-01-15 14:41:40,592] INFO: Iter 22600 Summary: 
[2025-01-15 14:41:40,592] INFO: 	 lr: 0.00030000000000000073 	 Training loss: 0.052097412571310994
[2025-01-15 14:41:54,326] INFO: Iter 22700 Summary: 
[2025-01-15 14:41:54,326] INFO: 	 lr: 0.00030000000000000073 	 Training loss: 0.05181400164961815
[2025-01-15 14:42:08,304] INFO: Iter 22800 Summary: 
[2025-01-15 14:42:08,304] INFO: 	 lr: 0.00030000000000000073 	 Training loss: 0.05195852570235729
[2025-01-15 14:42:21,982] INFO: Iter 22900 Summary: 
[2025-01-15 14:42:21,983] INFO: 	 lr: 0.00030000000000000073 	 Training loss: 0.05185305438935757
[2025-01-15 14:42:34,336] INFO: Iter 23000 Summary: 
[2025-01-15 14:42:34,336] INFO: 	 lr: 0.00030000000000000073 	 Training loss: 0.0519954826310277
[2025-01-15 14:42:47,175] INFO: Iter 23100 Summary: 
[2025-01-15 14:42:47,176] INFO: 	 lr: 0.00030000000000000073 	 Training loss: 0.05193724289536476
[2025-01-15 14:43:01,327] INFO: Iter 23200 Summary: 
[2025-01-15 14:43:01,328] INFO: 	 lr: 0.00030000000000000073 	 Training loss: 0.05202623836696148
[2025-01-15 14:43:14,749] INFO: Iter 23300 Summary: 
[2025-01-15 14:43:14,749] INFO: 	 lr: 0.00030000000000000073 	 Training loss: 0.05183381170034409
[2025-01-15 14:43:28,315] INFO: Iter 23400 Summary: 
[2025-01-15 14:43:28,315] INFO: 	 lr: 0.00030000000000000073 	 Training loss: 0.051837888360023496
[2025-01-15 14:43:41,121] INFO: Iter 23500 Summary: 
[2025-01-15 14:43:41,121] INFO: 	 lr: 0.00030000000000000073 	 Training loss: 0.051821317225694656
[2025-01-15 14:43:53,840] INFO: Iter 23600 Summary: 
[2025-01-15 14:43:53,841] INFO: 	 lr: 0.00030000000000000073 	 Training loss: 0.05230440132319927
[2025-01-15 14:44:07,027] INFO: Iter 23700 Summary: 
[2025-01-15 14:44:07,027] INFO: 	 lr: 0.00030000000000000073 	 Training loss: 0.05216025102883577
[2025-01-15 14:44:20,792] INFO: Iter 23800 Summary: 
[2025-01-15 14:44:20,793] INFO: 	 lr: 0.00030000000000000073 	 Training loss: 0.05177167002111673
[2025-01-15 14:44:34,101] INFO: Iter 23900 Summary: 
[2025-01-15 14:44:34,101] INFO: 	 lr: 0.00030000000000000073 	 Training loss: 0.05196237809956074
[2025-01-15 14:44:47,750] INFO: Iter 24000 Summary: 
[2025-01-15 14:44:47,751] INFO: 	 lr: 0.00030000000000000073 	 Training loss: 0.051673932671546935
[2025-01-15 14:45:03,843] INFO: Iter 24100 Summary: 
[2025-01-15 14:45:03,843] INFO: 	 lr: 0.00030000000000000073 	 Training loss: 0.05154715240001678
[2025-01-15 14:45:17,754] INFO: Iter 24200 Summary: 
[2025-01-15 14:45:17,754] INFO: 	 lr: 0.00030000000000000073 	 Training loss: 0.05186949409544468
[2025-01-15 14:45:31,396] INFO: Iter 24300 Summary: 
[2025-01-15 14:45:31,397] INFO: 	 lr: 0.00030000000000000073 	 Training loss: 0.05185093179345131
[2025-01-15 14:45:44,783] INFO: Iter 24400 Summary: 
[2025-01-15 14:45:44,784] INFO: 	 lr: 0.00030000000000000073 	 Training loss: 0.05196223311126232
[2025-01-15 14:45:58,140] INFO: Iter 24500 Summary: 
[2025-01-15 14:45:58,140] INFO: 	 lr: 0.00030000000000000073 	 Training loss: 0.05139188665896654
[2025-01-15 14:46:11,158] INFO: Iter 24600 Summary: 
[2025-01-15 14:46:11,159] INFO: 	 lr: 0.00030000000000000073 	 Training loss: 0.05173285614699125
[2025-01-15 14:46:25,470] INFO: Iter 24700 Summary: 
[2025-01-15 14:46:25,470] INFO: 	 lr: 0.00030000000000000073 	 Training loss: 0.051892437785863874
[2025-01-15 14:46:37,100] INFO: Iter 24800 Summary: 
[2025-01-15 14:46:37,100] INFO: 	 lr: 0.00030000000000000073 	 Training loss: 0.05170595292001963
[2025-01-15 14:46:49,802] INFO: Iter 24900 Summary: 
[2025-01-15 14:46:49,803] INFO: 	 lr: 0.00030000000000000073 	 Training loss: 0.051617334373295305
[2025-01-15 14:47:02,479] INFO: Iter 25000 Summary: 
[2025-01-15 14:47:02,479] INFO: 	 lr: 0.00030000000000000073 	 Training loss: 0.051789507120847705
[2025-01-15 14:47:15,222] INFO: Iter 25100 Summary: 
[2025-01-15 14:47:15,223] INFO: 	 lr: 0.00030000000000000073 	 Training loss: 0.05203493632376194
[2025-01-15 14:47:28,525] INFO: Iter 25200 Summary: 
[2025-01-15 14:47:28,526] INFO: 	 lr: 0.00030000000000000073 	 Training loss: 0.051780809983611106
[2025-01-15 14:47:41,180] INFO: Iter 25300 Summary: 
[2025-01-15 14:47:41,181] INFO: 	 lr: 0.00030000000000000073 	 Training loss: 0.051786612831056116
[2025-01-15 14:47:53,536] INFO: Iter 25400 Summary: 
[2025-01-15 14:47:53,536] INFO: 	 lr: 0.00030000000000000073 	 Training loss: 0.05168447121977806
[2025-01-15 14:48:06,503] INFO: Iter 25500 Summary: 
[2025-01-15 14:48:06,504] INFO: 	 lr: 0.00030000000000000073 	 Training loss: 0.05129542119801044
[2025-01-15 14:48:20,134] INFO: Iter 25600 Summary: 
[2025-01-15 14:48:20,134] INFO: 	 lr: 0.00030000000000000073 	 Training loss: 0.05157778151333332
[2025-01-15 14:48:32,948] INFO: Iter 25700 Summary: 
[2025-01-15 14:48:32,949] INFO: 	 lr: 0.00030000000000000073 	 Training loss: 0.05175087027251721
[2025-01-15 14:48:45,458] INFO: Iter 25800 Summary: 
[2025-01-15 14:48:45,459] INFO: 	 lr: 0.00030000000000000073 	 Training loss: 0.05169652670621872
[2025-01-15 14:48:58,646] INFO: Iter 25900 Summary: 
[2025-01-15 14:48:58,646] INFO: 	 lr: 0.00030000000000000073 	 Training loss: 0.05153846770524979
[2025-01-15 14:49:11,530] INFO: Iter 26000 Summary: 
[2025-01-15 14:49:11,530] INFO: 	 lr: 0.00030000000000000073 	 Training loss: 0.05160922475159168
[2025-01-15 14:49:26,630] INFO: Iter 26100 Summary: 
[2025-01-15 14:49:26,631] INFO: 	 lr: 0.00030000000000000073 	 Training loss: 0.05152109943330288
[2025-01-15 14:49:39,705] INFO: Iter 26200 Summary: 
[2025-01-15 14:49:39,706] INFO: 	 lr: 0.00030000000000000073 	 Training loss: 0.05152227383106947
[2025-01-15 14:49:51,464] INFO: Iter 26300 Summary: 
[2025-01-15 14:49:51,464] INFO: 	 lr: 0.00030000000000000073 	 Training loss: 0.0515926218405366
[2025-01-15 14:50:04,633] INFO: Iter 26400 Summary: 
[2025-01-15 14:50:04,634] INFO: 	 lr: 0.00030000000000000073 	 Training loss: 0.05132583193480968
[2025-01-15 14:50:16,934] INFO: Iter 26500 Summary: 
[2025-01-15 14:50:16,934] INFO: 	 lr: 0.00030000000000000073 	 Training loss: 0.05174839235842228
[2025-01-15 14:50:29,901] INFO: Iter 26600 Summary: 
[2025-01-15 14:50:29,902] INFO: 	 lr: 0.00030000000000000073 	 Training loss: 0.05183933474123478
[2025-01-15 14:50:43,062] INFO: Iter 26700 Summary: 
[2025-01-15 14:50:43,062] INFO: 	 lr: 0.00030000000000000073 	 Training loss: 0.05126439839601517
[2025-01-15 14:50:55,453] INFO: Iter 26800 Summary: 
[2025-01-15 14:50:55,453] INFO: 	 lr: 0.00030000000000000073 	 Training loss: 0.05121623210608959
[2025-01-15 14:51:08,801] INFO: Iter 26900 Summary: 
[2025-01-15 14:51:08,801] INFO: 	 lr: 0.00030000000000000073 	 Training loss: 0.0515736585855484
[2025-01-15 14:51:23,132] INFO: Iter 27000 Summary: 
[2025-01-15 14:51:23,132] INFO: 	 lr: 0.00030000000000000073 	 Training loss: 0.051243205592036246
[2025-01-15 14:51:36,869] INFO: Iter 27100 Summary: 
[2025-01-15 14:51:36,869] INFO: 	 lr: 0.00030000000000000073 	 Training loss: 0.05162887908518314
[2025-01-15 14:51:50,468] INFO: Iter 27200 Summary: 
[2025-01-15 14:51:50,469] INFO: 	 lr: 0.00030000000000000073 	 Training loss: 0.051686001420021055
[2025-01-15 14:52:03,273] INFO: Iter 27300 Summary: 
[2025-01-15 14:52:03,273] INFO: 	 lr: 0.00030000000000000073 	 Training loss: 0.05161963239312172
[2025-01-15 14:52:15,643] INFO: Iter 27400 Summary: 
[2025-01-15 14:52:15,643] INFO: 	 lr: 0.00030000000000000073 	 Training loss: 0.05138900831341744
[2025-01-15 14:52:29,442] INFO: Iter 27500 Summary: 
[2025-01-15 14:52:29,442] INFO: 	 lr: 0.00030000000000000073 	 Training loss: 0.0513686091452837
[2025-01-15 14:52:42,948] INFO: Iter 27600 Summary: 
[2025-01-15 14:52:42,949] INFO: 	 lr: 0.00030000000000000073 	 Training loss: 0.05144425936043263
[2025-01-15 14:52:55,641] INFO: Iter 27700 Summary: 
[2025-01-15 14:52:55,641] INFO: 	 lr: 0.00030000000000000073 	 Training loss: 0.051406397670507434
[2025-01-15 14:53:08,470] INFO: Iter 27800 Summary: 
[2025-01-15 14:53:08,470] INFO: 	 lr: 0.00030000000000000073 	 Training loss: 0.051541889607906344
[2025-01-15 14:53:21,618] INFO: Iter 27900 Summary: 
[2025-01-15 14:53:21,618] INFO: 	 lr: 0.00030000000000000073 	 Training loss: 0.05154792811721563
[2025-01-15 14:53:35,373] INFO: Iter 28000 Summary: 
[2025-01-15 14:53:35,373] INFO: 	 lr: 0.00030000000000000073 	 Training loss: 0.05140175301581621
[2025-01-15 14:53:52,830] INFO: Iter 28100 Summary: 
[2025-01-15 14:53:52,830] INFO: 	 lr: 0.00030000000000000073 	 Training loss: 0.051122060790657994
[2025-01-15 14:54:05,417] INFO: Iter 28200 Summary: 
[2025-01-15 14:54:05,417] INFO: 	 lr: 0.00030000000000000073 	 Training loss: 0.05138503652065993
[2025-01-15 14:54:18,410] INFO: Iter 28300 Summary: 
[2025-01-15 14:54:18,410] INFO: 	 lr: 0.00030000000000000073 	 Training loss: 0.051387872472405435
[2025-01-15 14:54:31,594] INFO: Iter 28400 Summary: 
[2025-01-15 14:54:31,594] INFO: 	 lr: 0.00030000000000000073 	 Training loss: 0.05137742012739181
[2025-01-15 14:54:45,294] INFO: Iter 28500 Summary: 
[2025-01-15 14:54:45,294] INFO: 	 lr: 0.00030000000000000073 	 Training loss: 0.05121797475963831
[2025-01-15 14:54:58,135] INFO: Iter 28600 Summary: 
[2025-01-15 14:54:58,135] INFO: 	 lr: 0.00030000000000000073 	 Training loss: 0.05118072398006916
[2025-01-15 14:55:11,332] INFO: Iter 28700 Summary: 
[2025-01-15 14:55:11,332] INFO: 	 lr: 0.00030000000000000073 	 Training loss: 0.05150972455739975
[2025-01-15 14:55:25,549] INFO: Iter 28800 Summary: 
[2025-01-15 14:55:25,549] INFO: 	 lr: 0.00030000000000000073 	 Training loss: 0.05142590366303921
[2025-01-15 14:55:39,245] INFO: Iter 28900 Summary: 
[2025-01-15 14:55:39,245] INFO: 	 lr: 0.00030000000000000073 	 Training loss: 0.05123074281960726
[2025-01-15 14:55:53,037] INFO: Iter 29000 Summary: 
[2025-01-15 14:55:53,037] INFO: 	 lr: 0.00030000000000000073 	 Training loss: 0.05169364687055349
[2025-01-15 14:56:06,857] INFO: Iter 29100 Summary: 
[2025-01-15 14:56:06,857] INFO: 	 lr: 0.00030000000000000073 	 Training loss: 0.05106312990188599
[2025-01-15 14:56:18,965] INFO: Iter 29200 Summary: 
[2025-01-15 14:56:18,965] INFO: 	 lr: 0.00030000000000000073 	 Training loss: 0.05132686570286751
[2025-01-15 14:56:31,661] INFO: Iter 29300 Summary: 
[2025-01-15 14:56:31,662] INFO: 	 lr: 0.00030000000000000073 	 Training loss: 0.05110793299973011
[2025-01-15 14:56:44,320] INFO: Iter 29400 Summary: 
[2025-01-15 14:56:44,320] INFO: 	 lr: 0.00030000000000000073 	 Training loss: 0.05115425430238247
[2025-01-15 14:56:57,669] INFO: Iter 29500 Summary: 
[2025-01-15 14:56:57,669] INFO: 	 lr: 0.00030000000000000073 	 Training loss: 0.05137296073138714
[2025-01-15 14:57:10,681] INFO: Iter 29600 Summary: 
[2025-01-15 14:57:10,681] INFO: 	 lr: 0.00030000000000000073 	 Training loss: 0.05089502315968275
[2025-01-15 14:57:24,939] INFO: Iter 29700 Summary: 
[2025-01-15 14:57:24,939] INFO: 	 lr: 0.00030000000000000073 	 Training loss: 0.051092976704239845
[2025-01-15 14:57:38,292] INFO: Iter 29800 Summary: 
[2025-01-15 14:57:38,292] INFO: 	 lr: 0.00030000000000000073 	 Training loss: 0.05145607206970453
[2025-01-15 14:57:51,472] INFO: Iter 29900 Summary: 
[2025-01-15 14:57:51,473] INFO: 	 lr: 0.00030000000000000073 	 Training loss: 0.05120446216315031
[2025-01-15 14:58:03,884] INFO: Iter 30000 Summary: 
[2025-01-15 14:58:03,885] INFO: 	 lr: 0.00030000000000000073 	 Training loss: 0.05144938841462135
[2025-01-15 14:58:19,996] INFO: Iter 30100 Summary: 
[2025-01-15 14:58:19,997] INFO: 	 lr: 1.2900000000000026e-05 	 Training loss: 0.05028166025876999
[2025-01-15 14:58:33,143] INFO: Iter 30200 Summary: 
[2025-01-15 14:58:33,144] INFO: 	 lr: 1.000000000000002e-05 	 Training loss: 0.049675428755581376
[2025-01-15 14:58:45,742] INFO: Iter 30300 Summary: 
[2025-01-15 14:58:45,743] INFO: 	 lr: 1.000000000000002e-05 	 Training loss: 0.0493815204128623
[2025-01-15 14:58:58,267] INFO: Iter 30400 Summary: 
[2025-01-15 14:58:58,267] INFO: 	 lr: 1.000000000000002e-05 	 Training loss: 0.04953485205769539
[2025-01-15 14:59:11,394] INFO: Iter 30500 Summary: 
[2025-01-15 14:59:11,395] INFO: 	 lr: 1.000000000000002e-05 	 Training loss: 0.04933099638670683
[2025-01-15 14:59:23,205] INFO: Iter 30600 Summary: 
[2025-01-15 14:59:23,206] INFO: 	 lr: 1.000000000000002e-05 	 Training loss: 0.04930364478379488
[2025-01-15 14:59:36,773] INFO: Iter 30700 Summary: 
[2025-01-15 14:59:36,773] INFO: 	 lr: 1.000000000000002e-05 	 Training loss: 0.04902316194027662
[2025-01-15 14:59:50,095] INFO: Iter 30800 Summary: 
[2025-01-15 14:59:50,095] INFO: 	 lr: 1.000000000000002e-05 	 Training loss: 0.049028753377497195
[2025-01-15 15:00:03,290] INFO: Iter 30900 Summary: 
[2025-01-15 15:00:03,290] INFO: 	 lr: 1.000000000000002e-05 	 Training loss: 0.0489608009904623
[2025-01-15 15:00:15,763] INFO: Iter 31000 Summary: 
[2025-01-15 15:00:15,763] INFO: 	 lr: 1.000000000000002e-05 	 Training loss: 0.04930717013776302
[2025-01-15 15:00:28,469] INFO: Iter 31100 Summary: 
[2025-01-15 15:00:28,469] INFO: 	 lr: 1.000000000000002e-05 	 Training loss: 0.04866977203637361
[2025-01-15 15:00:42,187] INFO: Iter 31200 Summary: 
[2025-01-15 15:00:42,187] INFO: 	 lr: 1.000000000000002e-05 	 Training loss: 0.048962660133838654
[2025-01-15 15:00:55,585] INFO: Iter 31300 Summary: 
[2025-01-15 15:00:55,585] INFO: 	 lr: 1.000000000000002e-05 	 Training loss: 0.04902907717972994
[2025-01-15 15:01:08,283] INFO: Iter 31400 Summary: 
[2025-01-15 15:01:08,283] INFO: 	 lr: 1.000000000000002e-05 	 Training loss: 0.049066392928361895
[2025-01-15 15:01:21,044] INFO: Iter 31500 Summary: 
[2025-01-15 15:01:21,045] INFO: 	 lr: 1.000000000000002e-05 	 Training loss: 0.04886412791907788
[2025-01-15 15:01:34,793] INFO: Iter 31600 Summary: 
[2025-01-15 15:01:34,794] INFO: 	 lr: 1.000000000000002e-05 	 Training loss: 0.048838974609971046
[2025-01-15 15:01:47,753] INFO: Iter 31700 Summary: 
[2025-01-15 15:01:47,754] INFO: 	 lr: 1.000000000000002e-05 	 Training loss: 0.04889074310660362
[2025-01-15 15:02:00,075] INFO: Iter 31800 Summary: 
[2025-01-15 15:02:00,075] INFO: 	 lr: 1.000000000000002e-05 	 Training loss: 0.04864982880651951
[2025-01-15 15:02:13,025] INFO: Iter 31900 Summary: 
[2025-01-15 15:02:13,025] INFO: 	 lr: 1.000000000000002e-05 	 Training loss: 0.04892565757036209
[2025-01-15 15:02:26,133] INFO: Iter 32000 Summary: 
[2025-01-15 15:02:26,133] INFO: 	 lr: 1.000000000000002e-05 	 Training loss: 0.04906894616782665
[2025-01-15 15:02:42,724] INFO: Iter 32100 Summary: 
[2025-01-15 15:02:42,725] INFO: 	 lr: 1.000000000000002e-05 	 Training loss: 0.048864740319550036
[2025-01-15 15:02:55,788] INFO: Iter 32200 Summary: 
[2025-01-15 15:02:55,788] INFO: 	 lr: 1.000000000000002e-05 	 Training loss: 0.048962389901280406
[2025-01-15 15:03:08,793] INFO: Iter 32300 Summary: 
[2025-01-15 15:03:08,794] INFO: 	 lr: 1.000000000000002e-05 	 Training loss: 0.048729518093168736
[2025-01-15 15:03:22,624] INFO: Iter 32400 Summary: 
[2025-01-15 15:03:22,624] INFO: 	 lr: 1.000000000000002e-05 	 Training loss: 0.04864145871251822
[2025-01-15 15:03:36,018] INFO: Iter 32500 Summary: 
[2025-01-15 15:03:36,018] INFO: 	 lr: 1.000000000000002e-05 	 Training loss: 0.04885004609823227
[2025-01-15 15:03:50,794] INFO: Iter 32600 Summary: 
[2025-01-15 15:03:50,794] INFO: 	 lr: 1.000000000000002e-05 	 Training loss: 0.049035226590931416
[2025-01-15 15:04:04,118] INFO: Iter 32700 Summary: 
[2025-01-15 15:04:04,118] INFO: 	 lr: 1.000000000000002e-05 	 Training loss: 0.04849041219800711
[2025-01-15 15:04:17,912] INFO: Iter 32800 Summary: 
[2025-01-15 15:04:17,912] INFO: 	 lr: 1.000000000000002e-05 	 Training loss: 0.048830981999635696
[2025-01-15 15:04:32,248] INFO: Iter 32900 Summary: 
[2025-01-15 15:04:32,248] INFO: 	 lr: 1.000000000000002e-05 	 Training loss: 0.048787015415728094
[2025-01-15 15:04:45,206] INFO: Iter 33000 Summary: 
[2025-01-15 15:04:45,207] INFO: 	 lr: 1.000000000000002e-05 	 Training loss: 0.048588600270450116
[2025-01-15 15:04:58,672] INFO: Iter 33100 Summary: 
[2025-01-15 15:04:58,672] INFO: 	 lr: 1.000000000000002e-05 	 Training loss: 0.04875346276909113
[2025-01-15 15:05:11,657] INFO: Iter 33200 Summary: 
[2025-01-15 15:05:11,657] INFO: 	 lr: 1.000000000000002e-05 	 Training loss: 0.04873108737170696
[2025-01-15 15:05:25,138] INFO: Iter 33300 Summary: 
[2025-01-15 15:05:25,138] INFO: 	 lr: 1.000000000000002e-05 	 Training loss: 0.04854185439646244
[2025-01-15 15:05:38,481] INFO: Iter 33400 Summary: 
[2025-01-15 15:05:38,482] INFO: 	 lr: 1.000000000000002e-05 	 Training loss: 0.04862955924123526
[2025-01-15 15:05:51,794] INFO: Iter 33500 Summary: 
[2025-01-15 15:05:51,795] INFO: 	 lr: 1.000000000000002e-05 	 Training loss: 0.04845254994928837
[2025-01-15 15:06:06,298] INFO: Iter 33600 Summary: 
[2025-01-15 15:06:06,299] INFO: 	 lr: 1.000000000000002e-05 	 Training loss: 0.04849050015211105
[2025-01-15 15:06:19,346] INFO: Iter 33700 Summary: 
[2025-01-15 15:06:19,347] INFO: 	 lr: 1.000000000000002e-05 	 Training loss: 0.04853034522384405
[2025-01-15 15:06:32,698] INFO: Iter 33800 Summary: 
[2025-01-15 15:06:32,698] INFO: 	 lr: 1.000000000000002e-05 	 Training loss: 0.04823997355997563
[2025-01-15 15:06:46,553] INFO: Iter 33900 Summary: 
[2025-01-15 15:06:46,554] INFO: 	 lr: 1.000000000000002e-05 	 Training loss: 0.04848219331353903
[2025-01-15 15:07:00,345] INFO: Iter 34000 Summary: 
[2025-01-15 15:07:00,345] INFO: 	 lr: 1.000000000000002e-05 	 Training loss: 0.04870743867009878
[2025-01-15 15:07:17,035] INFO: Iter 34100 Summary: 
[2025-01-15 15:07:17,035] INFO: 	 lr: 1.000000000000002e-05 	 Training loss: 0.0488347128033638
[2025-01-15 15:07:30,038] INFO: Iter 34200 Summary: 
[2025-01-15 15:07:30,038] INFO: 	 lr: 1.000000000000002e-05 	 Training loss: 0.048722859919071194
[2025-01-15 15:07:43,078] INFO: Iter 34300 Summary: 
[2025-01-15 15:07:43,079] INFO: 	 lr: 1.000000000000002e-05 	 Training loss: 0.048947566896677015
[2025-01-15 15:07:57,037] INFO: Iter 34400 Summary: 
[2025-01-15 15:07:57,037] INFO: 	 lr: 1.000000000000002e-05 	 Training loss: 0.04827873043715954
[2025-01-15 15:08:10,426] INFO: Iter 34500 Summary: 
[2025-01-15 15:08:10,426] INFO: 	 lr: 1.000000000000002e-05 	 Training loss: 0.048474359512329104
[2025-01-15 15:08:23,623] INFO: Iter 34600 Summary: 
[2025-01-15 15:08:23,623] INFO: 	 lr: 1.000000000000002e-05 	 Training loss: 0.04839454650878906
[2025-01-15 15:08:37,304] INFO: Iter 34700 Summary: 
[2025-01-15 15:08:37,304] INFO: 	 lr: 1.000000000000002e-05 	 Training loss: 0.048642621524631974
[2025-01-15 15:08:50,672] INFO: Iter 34800 Summary: 
[2025-01-15 15:08:50,672] INFO: 	 lr: 1.000000000000002e-05 	 Training loss: 0.04856131017208099
[2025-01-15 15:09:04,301] INFO: Iter 34900 Summary: 
[2025-01-15 15:09:04,301] INFO: 	 lr: 1.000000000000002e-05 	 Training loss: 0.04867718949913979
[2025-01-15 15:09:18,802] INFO: Iter 35000 Summary: 
[2025-01-15 15:09:18,802] INFO: 	 lr: 1.000000000000002e-05 	 Training loss: 0.048626840971410276
[2025-01-15 15:09:33,833] INFO: Iter 35100 Summary: 
[2025-01-15 15:09:33,834] INFO: 	 lr: 1.000000000000002e-05 	 Training loss: 0.04867944188416004
[2025-01-15 15:09:47,334] INFO: Iter 35200 Summary: 
[2025-01-15 15:09:47,334] INFO: 	 lr: 1.000000000000002e-05 	 Training loss: 0.048173523098230364
[2025-01-15 15:10:01,183] INFO: Iter 35300 Summary: 
[2025-01-15 15:10:01,183] INFO: 	 lr: 1.000000000000002e-05 	 Training loss: 0.048906244300305844
[2025-01-15 15:10:15,532] INFO: Iter 35400 Summary: 
[2025-01-15 15:10:15,532] INFO: 	 lr: 1.000000000000002e-05 	 Training loss: 0.04856473814696074
[2025-01-15 15:10:29,033] INFO: Iter 35500 Summary: 
[2025-01-15 15:10:29,033] INFO: 	 lr: 1.000000000000002e-05 	 Training loss: 0.048661467880010606
[2025-01-15 15:10:42,299] INFO: Iter 35600 Summary: 
[2025-01-15 15:10:42,299] INFO: 	 lr: 1.000000000000002e-05 	 Training loss: 0.04866654776036739
[2025-01-15 15:10:56,284] INFO: Iter 35700 Summary: 
[2025-01-15 15:10:56,284] INFO: 	 lr: 1.000000000000002e-05 	 Training loss: 0.04874207604676485
[2025-01-15 15:11:08,961] INFO: Iter 35800 Summary: 
[2025-01-15 15:11:08,962] INFO: 	 lr: 1.000000000000002e-05 	 Training loss: 0.04819681014865637
[2025-01-15 15:11:23,004] INFO: Iter 35900 Summary: 
[2025-01-15 15:11:23,004] INFO: 	 lr: 1.000000000000002e-05 	 Training loss: 0.04826812207698822
[2025-01-15 15:11:36,414] INFO: Iter 36000 Summary: 
[2025-01-15 15:11:36,415] INFO: 	 lr: 1.000000000000002e-05 	 Training loss: 0.04871614072471857
[2025-01-15 15:11:52,137] INFO: Iter 36100 Summary: 
[2025-01-15 15:11:52,137] INFO: 	 lr: 1.000000000000002e-05 	 Training loss: 0.04843668583780527
[2025-01-15 15:12:05,849] INFO: Iter 36200 Summary: 
[2025-01-15 15:12:05,850] INFO: 	 lr: 1.000000000000002e-05 	 Training loss: 0.04848119992762804
[2025-01-15 15:12:19,131] INFO: Iter 36300 Summary: 
[2025-01-15 15:12:19,131] INFO: 	 lr: 1.000000000000002e-05 	 Training loss: 0.04841293446719647
[2025-01-15 15:12:33,326] INFO: Iter 36400 Summary: 
[2025-01-15 15:12:33,327] INFO: 	 lr: 1.000000000000002e-05 	 Training loss: 0.04845754213631153
[2025-01-15 15:12:46,782] INFO: Iter 36500 Summary: 
[2025-01-15 15:12:46,783] INFO: 	 lr: 1.000000000000002e-05 	 Training loss: 0.04861453410238028
[2025-01-15 15:12:55,868] INFO: Iter 36600 Summary: 
[2025-01-15 15:12:55,868] INFO: 	 lr: 1.000000000000002e-05 	 Training loss: 0.048220364898443224
[2025-01-15 15:13:03,241] INFO: Iter 36700 Summary: 
[2025-01-15 15:13:03,242] INFO: 	 lr: 1.000000000000002e-05 	 Training loss: 0.04857143592089415
[2025-01-15 15:13:10,736] INFO: Iter 36800 Summary: 
[2025-01-15 15:13:10,736] INFO: 	 lr: 1.000000000000002e-05 	 Training loss: 0.04837575864046812
[2025-01-15 15:13:18,541] INFO: Iter 36900 Summary: 
[2025-01-15 15:13:18,541] INFO: 	 lr: 1.000000000000002e-05 	 Training loss: 0.04871955566108227
[2025-01-15 15:13:26,848] INFO: Iter 37000 Summary: 
[2025-01-15 15:13:26,848] INFO: 	 lr: 1.000000000000002e-05 	 Training loss: 0.048361358307301996
[2025-01-15 15:13:34,225] INFO: Iter 37100 Summary: 
[2025-01-15 15:13:34,225] INFO: 	 lr: 1.000000000000002e-05 	 Training loss: 0.04808801859617233
[2025-01-15 15:13:41,707] INFO: Iter 37200 Summary: 
[2025-01-15 15:13:41,707] INFO: 	 lr: 1.000000000000002e-05 	 Training loss: 0.04848955370485783
[2025-01-15 15:13:49,121] INFO: Iter 37300 Summary: 
[2025-01-15 15:13:49,121] INFO: 	 lr: 1.000000000000002e-05 	 Training loss: 0.048423598371446136
[2025-01-15 15:13:56,866] INFO: Iter 37400 Summary: 
[2025-01-15 15:13:56,866] INFO: 	 lr: 1.000000000000002e-05 	 Training loss: 0.04846194393932819
[2025-01-15 15:14:04,675] INFO: Iter 37500 Summary: 
[2025-01-15 15:14:04,676] INFO: 	 lr: 1.000000000000002e-05 	 Training loss: 0.04818365298211574
[2025-01-15 15:14:12,270] INFO: Iter 37600 Summary: 
[2025-01-15 15:14:12,270] INFO: 	 lr: 1.000000000000002e-05 	 Training loss: 0.04848571460694075
[2025-01-15 15:14:20,542] INFO: Iter 37700 Summary: 
[2025-01-15 15:14:20,542] INFO: 	 lr: 1.000000000000002e-05 	 Training loss: 0.04813079584389925
[2025-01-15 15:14:28,059] INFO: Iter 37800 Summary: 
[2025-01-15 15:14:28,060] INFO: 	 lr: 1.000000000000002e-05 	 Training loss: 0.04833632100373506
[2025-01-15 15:14:35,789] INFO: Iter 37900 Summary: 
[2025-01-15 15:14:35,790] INFO: 	 lr: 1.000000000000002e-05 	 Training loss: 0.0482362624630332
[2025-01-15 15:14:43,138] INFO: Iter 38000 Summary: 
[2025-01-15 15:14:43,138] INFO: 	 lr: 1.000000000000002e-05 	 Training loss: 0.04877528917044401
[2025-01-15 15:14:52,154] INFO: Iter 38100 Summary: 
[2025-01-15 15:14:52,154] INFO: 	 lr: 1.000000000000002e-05 	 Training loss: 0.048268823996186254
[2025-01-15 15:14:59,656] INFO: Iter 38200 Summary: 
[2025-01-15 15:14:59,656] INFO: 	 lr: 1.000000000000002e-05 	 Training loss: 0.04806935772299767
[2025-01-15 15:15:07,131] INFO: Iter 38300 Summary: 
[2025-01-15 15:15:07,131] INFO: 	 lr: 1.000000000000002e-05 	 Training loss: 0.04816001951694489
[2025-01-15 15:15:15,203] INFO: Iter 38400 Summary: 
[2025-01-15 15:15:15,204] INFO: 	 lr: 1.000000000000002e-05 	 Training loss: 0.04827266614884138
[2025-01-15 15:15:22,803] INFO: Iter 38500 Summary: 
[2025-01-15 15:15:22,804] INFO: 	 lr: 1.000000000000002e-05 	 Training loss: 0.0483933088555932
[2025-01-15 15:15:30,653] INFO: Iter 38600 Summary: 
[2025-01-15 15:15:30,654] INFO: 	 lr: 1.000000000000002e-05 	 Training loss: 0.047955709658563134
[2025-01-15 15:15:38,389] INFO: Iter 38700 Summary: 
[2025-01-15 15:15:38,389] INFO: 	 lr: 1.000000000000002e-05 	 Training loss: 0.048300213925540444
[2025-01-15 15:15:45,972] INFO: Iter 38800 Summary: 
[2025-01-15 15:15:45,972] INFO: 	 lr: 1.000000000000002e-05 	 Training loss: 0.048513203561306
[2025-01-15 15:15:53,031] INFO: Iter 38900 Summary: 
[2025-01-15 15:15:53,031] INFO: 	 lr: 1.000000000000002e-05 	 Training loss: 0.048138556741178035
[2025-01-15 15:16:00,534] INFO: Iter 39000 Summary: 
[2025-01-15 15:16:00,534] INFO: 	 lr: 1.000000000000002e-05 	 Training loss: 0.04846795193850994
[2025-01-15 15:16:08,731] INFO: Iter 39100 Summary: 
[2025-01-15 15:16:08,731] INFO: 	 lr: 1.000000000000002e-05 	 Training loss: 0.04793433248996735
[2025-01-15 15:16:16,721] INFO: Iter 39200 Summary: 
[2025-01-15 15:16:16,722] INFO: 	 lr: 1.000000000000002e-05 	 Training loss: 0.04830217476934195
[2025-01-15 15:16:24,361] INFO: Iter 39300 Summary: 
[2025-01-15 15:16:24,362] INFO: 	 lr: 1.000000000000002e-05 	 Training loss: 0.04838916752487421
[2025-01-15 15:16:31,882] INFO: Iter 39400 Summary: 
[2025-01-15 15:16:31,882] INFO: 	 lr: 1.000000000000002e-05 	 Training loss: 0.04817009124904871
[2025-01-15 15:16:39,528] INFO: Iter 39500 Summary: 
[2025-01-15 15:16:39,528] INFO: 	 lr: 1.000000000000002e-05 	 Training loss: 0.04829210493713618
[2025-01-15 15:16:47,136] INFO: Iter 39600 Summary: 
[2025-01-15 15:16:47,136] INFO: 	 lr: 1.000000000000002e-05 	 Training loss: 0.04837484076619148
[2025-01-15 15:16:54,656] INFO: Iter 39700 Summary: 
[2025-01-15 15:16:54,656] INFO: 	 lr: 1.000000000000002e-05 	 Training loss: 0.04838185951113701
[2025-01-15 15:17:02,711] INFO: Iter 39800 Summary: 
[2025-01-15 15:17:02,711] INFO: 	 lr: 1.000000000000002e-05 	 Training loss: 0.04819622065871954
[2025-01-15 15:17:10,026] INFO: Iter 39900 Summary: 
[2025-01-15 15:17:10,026] INFO: 	 lr: 1.000000000000002e-05 	 Training loss: 0.048225330710411074
[2025-01-15 15:17:17,293] INFO: Iter 40000 Summary: 
[2025-01-15 15:17:17,293] INFO: 	 lr: 1.000000000000002e-05 	 Training loss: 0.04804524064064026
