[2025-01-13 02:05:31,715] INFO: {
    "abs_dir": "/home/diwang/siMLPe/exps/baseline_h36m",
    "batch_size": 256,
    "cos_lr_max": 1e-05,
    "cos_lr_min": 5e-08,
    "cos_lr_total_iters": 40000,
    "data_aug": true,
    "deriv_input": true,
    "deriv_output": true,
    "device": "cuda:4",
    "h36m_anno_dir": "/home/diwang/siMLPe/data/h36m/",
    "link_log_file": "/home/diwang/siMLPe/exps/baseline_h36m/log/log_last.log",
    "link_val_log_file": "/home/diwang/siMLPe/exps/baseline_h36m/log/val_last.log",
    "log_dir": "/home/diwang/siMLPe/exps/baseline_h36m/log",
    "log_file": "/home/diwang/siMLPe/exps/baseline_h36m/log/log_2025_01_13_02_04_27.log",
    "model_pth": null,
    "motion": {
        "dim": 66,
        "h36m_input_length": 50,
        "h36m_input_length_dct": 50,
        "h36m_target_length": 25,
        "h36m_target_length_eval": 25,
        "h36m_target_length_train": 25
    },
    "motion_fc_in": {
        "activation": "relu",
        "in_features": 66,
        "init_w_trunc_normal": false,
        "out_features": 66,
        "temporal_fc": false,
        "with_norm": false
    },
    "motion_fc_out": {
        "activation": "relu",
        "in_features": 66,
        "init_w_trunc_normal": true,
        "out_features": 66,
        "temporal_fc": false,
        "with_norm": false
    },
    "motion_mlp": {
        "hidden_dim": 66,
        "norm_axis": "spatial",
        "num_layers": 48,
        "seq_len": 50,
        "spatial_fc_only": false,
        "with_normalization": true
    },
    "num_workers": 8,
    "post_dct": false,
    "pre_dct": false,
    "print_every": 100,
    "repo_name": "siMLPe",
    "root_dir": "/home/diwang/siMLPe",
    "save_every": 2000,
    "seed": 304,
    "shift_step": 1,
    "snapshot_dir": "/home/diwang/siMLPe/exps/baseline_h36m/log/snapshot",
    "this_dir": "baseline_h36m",
    "use_relative_loss": true,
    "val_log_file": "/home/diwang/siMLPe/exps/baseline_h36m/log/val_2025_01_13_02_04_27.log",
    "weight_decay": 0.0001
}
[2025-01-13 02:05:52,042] INFO: Iter 100 Summary: 
[2025-01-13 02:05:52,043] INFO: 	 lr: 0.00030000000000000073 	 Training loss: 0.13750899888575077
[2025-01-13 02:06:07,213] INFO: Iter 200 Summary: 
[2025-01-13 02:06:07,213] INFO: 	 lr: 0.00030000000000000073 	 Training loss: 0.12069136150181294
[2025-01-13 02:06:22,779] INFO: Iter 300 Summary: 
[2025-01-13 02:06:22,780] INFO: 	 lr: 0.00030000000000000073 	 Training loss: 0.11935773074626922
[2025-01-13 02:06:36,188] INFO: Iter 400 Summary: 
[2025-01-13 02:06:36,188] INFO: 	 lr: 0.00030000000000000073 	 Training loss: 0.11480665609240531
[2025-01-13 02:06:52,557] INFO: Iter 500 Summary: 
[2025-01-13 02:06:52,557] INFO: 	 lr: 0.00030000000000000073 	 Training loss: 0.10578519888222218
[2025-01-13 02:07:06,023] INFO: Iter 600 Summary: 
[2025-01-13 02:07:06,024] INFO: 	 lr: 0.00030000000000000073 	 Training loss: 0.10301059946417808
[2025-01-13 02:07:23,028] INFO: Iter 700 Summary: 
[2025-01-13 02:07:23,029] INFO: 	 lr: 0.00030000000000000073 	 Training loss: 0.10116265617311
[2025-01-13 02:07:38,864] INFO: Iter 800 Summary: 
[2025-01-13 02:07:38,865] INFO: 	 lr: 0.00030000000000000073 	 Training loss: 0.10007246688008309
[2025-01-13 02:07:52,850] INFO: Iter 900 Summary: 
[2025-01-13 02:07:52,851] INFO: 	 lr: 0.00030000000000000073 	 Training loss: 0.09815809473395348
[2025-01-13 02:08:06,576] INFO: Iter 1000 Summary: 
[2025-01-13 02:08:06,576] INFO: 	 lr: 0.00030000000000000073 	 Training loss: 0.09696048885583877
[2025-01-13 02:08:21,748] INFO: Iter 1100 Summary: 
[2025-01-13 02:08:21,749] INFO: 	 lr: 0.00030000000000000073 	 Training loss: 0.0955844634771347
[2025-01-13 02:08:39,703] INFO: Iter 1200 Summary: 
[2025-01-13 02:08:39,703] INFO: 	 lr: 0.00030000000000000073 	 Training loss: 0.09529721826314926
[2025-01-13 02:08:55,896] INFO: Iter 1300 Summary: 
[2025-01-13 02:08:55,896] INFO: 	 lr: 0.00030000000000000073 	 Training loss: 0.09456894703209401
[2025-01-13 02:09:11,386] INFO: Iter 1400 Summary: 
[2025-01-13 02:09:11,387] INFO: 	 lr: 0.00030000000000000073 	 Training loss: 0.09324774935841561
[2025-01-13 02:09:24,977] INFO: Iter 1500 Summary: 
[2025-01-13 02:09:24,977] INFO: 	 lr: 0.00030000000000000073 	 Training loss: 0.09278953067958355
[2025-01-13 02:09:39,496] INFO: Iter 1600 Summary: 
[2025-01-13 02:09:39,496] INFO: 	 lr: 0.00030000000000000073 	 Training loss: 0.09246242098510266
[2025-01-13 02:09:53,621] INFO: Iter 1700 Summary: 
[2025-01-13 02:09:53,621] INFO: 	 lr: 0.00030000000000000073 	 Training loss: 0.09164962023496628
[2025-01-13 02:10:07,127] INFO: Iter 1800 Summary: 
[2025-01-13 02:10:07,127] INFO: 	 lr: 0.00030000000000000073 	 Training loss: 0.09091615714132786
[2025-01-13 02:10:23,556] INFO: Iter 1900 Summary: 
[2025-01-13 02:10:23,556] INFO: 	 lr: 0.00030000000000000073 	 Training loss: 0.09133167251944542
[2025-01-13 02:10:37,385] INFO: Iter 2000 Summary: 
[2025-01-13 02:10:37,385] INFO: 	 lr: 0.00030000000000000073 	 Training loss: 0.08998802222311497
[2025-01-13 02:10:58,056] INFO: Iter 2100 Summary: 
[2025-01-13 02:10:58,056] INFO: 	 lr: 0.00030000000000000073 	 Training loss: 0.08987071342766285
[2025-01-13 02:11:15,669] INFO: Iter 2200 Summary: 
[2025-01-13 02:11:15,670] INFO: 	 lr: 0.00030000000000000073 	 Training loss: 0.0898324029147625
[2025-01-13 02:11:30,429] INFO: Iter 2300 Summary: 
[2025-01-13 02:11:30,430] INFO: 	 lr: 0.00030000000000000073 	 Training loss: 0.08940844483673573
[2025-01-13 02:11:44,864] INFO: Iter 2400 Summary: 
[2025-01-13 02:11:44,865] INFO: 	 lr: 0.00030000000000000073 	 Training loss: 0.08892921350896359
[2025-01-13 02:11:58,846] INFO: Iter 2500 Summary: 
[2025-01-13 02:11:58,846] INFO: 	 lr: 0.00030000000000000073 	 Training loss: 0.08808967255055905
[2025-01-13 02:12:13,060] INFO: Iter 2600 Summary: 
[2025-01-13 02:12:13,060] INFO: 	 lr: 0.00030000000000000073 	 Training loss: 0.08843586847186088
[2025-01-13 02:12:28,233] INFO: Iter 2700 Summary: 
[2025-01-13 02:12:28,233] INFO: 	 lr: 0.00030000000000000073 	 Training loss: 0.088322828784585
[2025-01-13 02:12:45,662] INFO: Iter 2800 Summary: 
[2025-01-13 02:12:45,663] INFO: 	 lr: 0.00030000000000000073 	 Training loss: 0.08766787253320217
[2025-01-13 02:13:02,483] INFO: Iter 2900 Summary: 
[2025-01-13 02:13:02,484] INFO: 	 lr: 0.00030000000000000073 	 Training loss: 0.0881190575659275
[2025-01-13 02:13:18,432] INFO: Iter 3000 Summary: 
[2025-01-13 02:13:18,433] INFO: 	 lr: 0.00030000000000000073 	 Training loss: 0.08821357525885105
[2025-01-13 02:13:32,782] INFO: Iter 3100 Summary: 
[2025-01-13 02:13:32,782] INFO: 	 lr: 0.00030000000000000073 	 Training loss: 0.08729766048491001
[2025-01-13 02:13:49,232] INFO: Iter 3200 Summary: 
[2025-01-13 02:13:49,232] INFO: 	 lr: 0.00030000000000000073 	 Training loss: 0.08768432833254337
[2025-01-13 02:14:06,233] INFO: Iter 3300 Summary: 
[2025-01-13 02:14:06,234] INFO: 	 lr: 0.00030000000000000073 	 Training loss: 0.08744622536003589
[2025-01-13 02:14:22,333] INFO: Iter 3400 Summary: 
[2025-01-13 02:14:22,333] INFO: 	 lr: 0.00030000000000000073 	 Training loss: 0.08719309486448765
[2025-01-13 02:14:39,348] INFO: Iter 3500 Summary: 
[2025-01-13 02:14:39,348] INFO: 	 lr: 0.00030000000000000073 	 Training loss: 0.08707720056176185
[2025-01-13 02:14:52,940] INFO: Iter 3600 Summary: 
[2025-01-13 02:14:52,940] INFO: 	 lr: 0.00030000000000000073 	 Training loss: 0.0865242237597704
[2025-01-13 02:15:08,329] INFO: Iter 3700 Summary: 
[2025-01-13 02:15:08,330] INFO: 	 lr: 0.00030000000000000073 	 Training loss: 0.08679999589920044
[2025-01-13 02:15:20,912] INFO: Iter 3800 Summary: 
[2025-01-13 02:15:20,912] INFO: 	 lr: 0.00030000000000000073 	 Training loss: 0.086678783968091
[2025-01-13 02:15:34,731] INFO: Iter 3900 Summary: 
[2025-01-13 02:15:34,732] INFO: 	 lr: 0.00030000000000000073 	 Training loss: 0.08676108583807945
[2025-01-13 02:15:47,791] INFO: Iter 4000 Summary: 
[2025-01-13 02:15:47,791] INFO: 	 lr: 0.00030000000000000073 	 Training loss: 0.08631647750735283
[2025-01-13 02:16:06,591] INFO: Iter 4100 Summary: 
[2025-01-13 02:16:06,591] INFO: 	 lr: 0.00030000000000000073 	 Training loss: 0.08615801595151425
[2025-01-13 02:16:20,084] INFO: Iter 4200 Summary: 
[2025-01-13 02:16:20,090] INFO: 	 lr: 0.00030000000000000073 	 Training loss: 0.08577468626201153
[2025-01-13 02:16:34,686] INFO: Iter 4300 Summary: 
[2025-01-13 02:16:34,686] INFO: 	 lr: 0.00030000000000000073 	 Training loss: 0.08547447189688683
[2025-01-13 02:16:49,462] INFO: Iter 4400 Summary: 
[2025-01-13 02:16:49,463] INFO: 	 lr: 0.00030000000000000073 	 Training loss: 0.0859453821182251
[2025-01-13 02:17:02,516] INFO: Iter 4500 Summary: 
[2025-01-13 02:17:02,517] INFO: 	 lr: 0.00030000000000000073 	 Training loss: 0.08623084805905819
[2025-01-13 02:17:17,055] INFO: Iter 4600 Summary: 
[2025-01-13 02:17:17,056] INFO: 	 lr: 0.00030000000000000073 	 Training loss: 0.08600076168775558
[2025-01-13 02:17:31,285] INFO: Iter 4700 Summary: 
[2025-01-13 02:17:31,286] INFO: 	 lr: 0.00030000000000000073 	 Training loss: 0.0853185522556305
[2025-01-13 02:17:47,396] INFO: Iter 4800 Summary: 
[2025-01-13 02:17:47,397] INFO: 	 lr: 0.00030000000000000073 	 Training loss: 0.0858447103947401
[2025-01-13 02:18:01,037] INFO: Iter 4900 Summary: 
[2025-01-13 02:18:01,038] INFO: 	 lr: 0.00030000000000000073 	 Training loss: 0.0856526593118906
[2025-01-13 02:18:15,185] INFO: Iter 5000 Summary: 
[2025-01-13 02:18:15,185] INFO: 	 lr: 0.00030000000000000073 	 Training loss: 0.08542142003774643
[2025-01-13 02:18:28,928] INFO: Iter 5100 Summary: 
[2025-01-13 02:18:28,929] INFO: 	 lr: 0.00030000000000000073 	 Training loss: 0.08492681726813317
[2025-01-13 02:18:43,417] INFO: Iter 5200 Summary: 
[2025-01-13 02:18:43,417] INFO: 	 lr: 0.00030000000000000073 	 Training loss: 0.0843967168778181
[2025-01-13 02:18:58,592] INFO: Iter 5300 Summary: 
[2025-01-13 02:18:58,592] INFO: 	 lr: 0.00030000000000000073 	 Training loss: 0.08507385663688183
[2025-01-13 02:19:12,737] INFO: Iter 5400 Summary: 
[2025-01-13 02:19:12,737] INFO: 	 lr: 0.00030000000000000073 	 Training loss: 0.08453371591866016
[2025-01-13 02:19:28,896] INFO: Iter 5500 Summary: 
[2025-01-13 02:19:28,896] INFO: 	 lr: 0.00030000000000000073 	 Training loss: 0.0844014710187912
[2025-01-13 02:19:44,216] INFO: Iter 5600 Summary: 
[2025-01-13 02:19:44,217] INFO: 	 lr: 0.00030000000000000073 	 Training loss: 0.08468502283096313
[2025-01-13 02:19:58,555] INFO: Iter 5700 Summary: 
[2025-01-13 02:19:58,555] INFO: 	 lr: 0.00030000000000000073 	 Training loss: 0.08432418584823609
[2025-01-13 02:20:16,076] INFO: Iter 5800 Summary: 
[2025-01-13 02:20:16,076] INFO: 	 lr: 0.00030000000000000073 	 Training loss: 0.08399973176419735
[2025-01-13 02:20:30,589] INFO: Iter 5900 Summary: 
[2025-01-13 02:20:30,590] INFO: 	 lr: 0.00030000000000000073 	 Training loss: 0.08412541545927525
[2025-01-13 02:20:45,467] INFO: Iter 6000 Summary: 
[2025-01-13 02:20:45,467] INFO: 	 lr: 0.00030000000000000073 	 Training loss: 0.08336873829364777
[2025-01-13 02:21:03,982] INFO: Iter 6100 Summary: 
[2025-01-13 02:21:03,982] INFO: 	 lr: 0.00030000000000000073 	 Training loss: 0.08331039033830166
[2025-01-13 02:21:19,925] INFO: Iter 6200 Summary: 
[2025-01-13 02:21:19,925] INFO: 	 lr: 0.00030000000000000073 	 Training loss: 0.08297175735235214
[2025-01-13 02:21:34,395] INFO: Iter 6300 Summary: 
[2025-01-13 02:21:34,395] INFO: 	 lr: 0.00030000000000000073 	 Training loss: 0.08306942492723465
[2025-01-13 02:21:45,670] INFO: Iter 6400 Summary: 
[2025-01-13 02:21:45,670] INFO: 	 lr: 0.00030000000000000073 	 Training loss: 0.08322311744093895
[2025-01-13 02:22:00,383] INFO: Iter 6500 Summary: 
[2025-01-13 02:22:00,383] INFO: 	 lr: 0.00030000000000000073 	 Training loss: 0.08312417820096016
[2025-01-13 02:22:14,775] INFO: Iter 6600 Summary: 
[2025-01-13 02:22:14,775] INFO: 	 lr: 0.00030000000000000073 	 Training loss: 0.08297509044408798
[2025-01-13 02:22:29,024] INFO: Iter 6700 Summary: 
[2025-01-13 02:22:29,025] INFO: 	 lr: 0.00030000000000000073 	 Training loss: 0.08275694280862808
[2025-01-13 02:22:45,066] INFO: Iter 6800 Summary: 
[2025-01-13 02:22:45,066] INFO: 	 lr: 0.00030000000000000073 	 Training loss: 0.08269867785274983
[2025-01-13 02:22:59,732] INFO: Iter 6900 Summary: 
[2025-01-13 02:22:59,732] INFO: 	 lr: 0.00030000000000000073 	 Training loss: 0.08226031385362148
[2025-01-13 02:23:12,840] INFO: Iter 7000 Summary: 
[2025-01-13 02:23:12,841] INFO: 	 lr: 0.00030000000000000073 	 Training loss: 0.08244028441607952
[2025-01-13 02:23:27,874] INFO: Iter 7100 Summary: 
[2025-01-13 02:23:27,874] INFO: 	 lr: 0.00030000000000000073 	 Training loss: 0.0822027937322855
[2025-01-13 02:23:43,148] INFO: Iter 7200 Summary: 
[2025-01-13 02:23:43,148] INFO: 	 lr: 0.00030000000000000073 	 Training loss: 0.08205621547996998
[2025-01-13 02:23:57,141] INFO: Iter 7300 Summary: 
[2025-01-13 02:23:57,141] INFO: 	 lr: 0.00030000000000000073 	 Training loss: 0.0819005799293518
[2025-01-13 02:24:12,838] INFO: Iter 7400 Summary: 
[2025-01-13 02:24:12,839] INFO: 	 lr: 0.00030000000000000073 	 Training loss: 0.08212866894900799
[2025-01-13 02:24:27,471] INFO: Iter 7500 Summary: 
[2025-01-13 02:24:27,472] INFO: 	 lr: 0.00030000000000000073 	 Training loss: 0.08122152544558048
[2025-01-13 02:24:42,422] INFO: Iter 7600 Summary: 
[2025-01-13 02:24:42,422] INFO: 	 lr: 0.00030000000000000073 	 Training loss: 0.08137150421738625
[2025-01-13 02:24:57,250] INFO: Iter 7700 Summary: 
[2025-01-13 02:24:57,250] INFO: 	 lr: 0.00030000000000000073 	 Training loss: 0.08239108100533485
[2025-01-13 02:25:12,295] INFO: Iter 7800 Summary: 
[2025-01-13 02:25:12,295] INFO: 	 lr: 0.00030000000000000073 	 Training loss: 0.08136178821325302
[2025-01-13 02:25:27,377] INFO: Iter 7900 Summary: 
[2025-01-13 02:25:27,377] INFO: 	 lr: 0.00030000000000000073 	 Training loss: 0.08108607947826385
[2025-01-13 02:25:40,670] INFO: Iter 8000 Summary: 
[2025-01-13 02:25:40,670] INFO: 	 lr: 0.00030000000000000073 	 Training loss: 0.08125021800398827
[2025-01-13 02:25:59,047] INFO: Iter 8100 Summary: 
[2025-01-13 02:25:59,047] INFO: 	 lr: 0.00030000000000000073 	 Training loss: 0.08176985658705234
[2025-01-13 02:26:15,648] INFO: Iter 8200 Summary: 
[2025-01-13 02:26:15,648] INFO: 	 lr: 0.00030000000000000073 	 Training loss: 0.0813992316275835
[2025-01-13 02:26:30,000] INFO: Iter 8300 Summary: 
[2025-01-13 02:26:30,001] INFO: 	 lr: 0.00030000000000000073 	 Training loss: 0.08059326693415642
[2025-01-13 02:26:44,795] INFO: Iter 8400 Summary: 
[2025-01-13 02:26:44,796] INFO: 	 lr: 0.00030000000000000073 	 Training loss: 0.08127153232693672
[2025-01-13 02:26:59,825] INFO: Iter 8500 Summary: 
[2025-01-13 02:26:59,825] INFO: 	 lr: 0.00030000000000000073 	 Training loss: 0.0810231065005064
[2025-01-13 02:27:13,731] INFO: Iter 8600 Summary: 
[2025-01-13 02:27:13,732] INFO: 	 lr: 0.00030000000000000073 	 Training loss: 0.08031579978764057
[2025-01-13 02:27:29,504] INFO: Iter 8700 Summary: 
[2025-01-13 02:27:29,504] INFO: 	 lr: 0.00030000000000000073 	 Training loss: 0.08126929983496665
[2025-01-13 02:27:45,765] INFO: Iter 8800 Summary: 
[2025-01-13 02:27:45,766] INFO: 	 lr: 0.00030000000000000073 	 Training loss: 0.08073296666145324
[2025-01-13 02:28:02,544] INFO: Iter 8900 Summary: 
[2025-01-13 02:28:02,544] INFO: 	 lr: 0.00030000000000000073 	 Training loss: 0.08103957742452622
[2025-01-13 02:28:17,795] INFO: Iter 9000 Summary: 
[2025-01-13 02:28:17,795] INFO: 	 lr: 0.00030000000000000073 	 Training loss: 0.08039145462214947
[2025-01-13 02:28:32,477] INFO: Iter 9100 Summary: 
[2025-01-13 02:28:32,477] INFO: 	 lr: 0.00030000000000000073 	 Training loss: 0.08013267882168293
[2025-01-13 02:28:47,769] INFO: Iter 9200 Summary: 
[2025-01-13 02:28:47,770] INFO: 	 lr: 0.00030000000000000073 	 Training loss: 0.08017675876617432
[2025-01-13 02:29:01,711] INFO: Iter 9300 Summary: 
[2025-01-13 02:29:01,712] INFO: 	 lr: 0.00030000000000000073 	 Training loss: 0.08041044868528843
[2025-01-13 02:29:16,060] INFO: Iter 9400 Summary: 
[2025-01-13 02:29:16,060] INFO: 	 lr: 0.00030000000000000073 	 Training loss: 0.08017411001026631
[2025-01-13 02:29:31,003] INFO: Iter 9500 Summary: 
[2025-01-13 02:29:31,004] INFO: 	 lr: 0.00030000000000000073 	 Training loss: 0.07990192338824272
[2025-01-13 02:29:45,989] INFO: Iter 9600 Summary: 
[2025-01-13 02:29:45,989] INFO: 	 lr: 0.00030000000000000073 	 Training loss: 0.08016375571489334
[2025-01-13 02:29:59,425] INFO: Iter 9700 Summary: 
[2025-01-13 02:29:59,425] INFO: 	 lr: 0.00030000000000000073 	 Training loss: 0.07993156723678112
[2025-01-13 02:30:14,317] INFO: Iter 9800 Summary: 
[2025-01-13 02:30:14,317] INFO: 	 lr: 0.00030000000000000073 	 Training loss: 0.07985410183668136
[2025-01-13 02:30:30,131] INFO: Iter 9900 Summary: 
[2025-01-13 02:30:30,131] INFO: 	 lr: 0.00030000000000000073 	 Training loss: 0.08030436605215073
[2025-01-13 02:30:44,101] INFO: Iter 10000 Summary: 
[2025-01-13 02:30:44,101] INFO: 	 lr: 0.00030000000000000073 	 Training loss: 0.07956661067903043
[2025-01-13 02:31:00,653] INFO: Iter 10100 Summary: 
[2025-01-13 02:31:00,654] INFO: 	 lr: 0.00030000000000000073 	 Training loss: 0.07941022649407387
[2025-01-13 02:31:17,402] INFO: Iter 10200 Summary: 
[2025-01-13 02:31:17,402] INFO: 	 lr: 0.00030000000000000073 	 Training loss: 0.08006791532039642
[2025-01-13 02:31:31,853] INFO: Iter 10300 Summary: 
[2025-01-13 02:31:31,853] INFO: 	 lr: 0.00030000000000000073 	 Training loss: 0.07986447252333165
[2025-01-13 02:31:45,710] INFO: Iter 10400 Summary: 
[2025-01-13 02:31:45,710] INFO: 	 lr: 0.00030000000000000073 	 Training loss: 0.07909428305923939
[2025-01-13 02:32:04,066] INFO: Iter 10500 Summary: 
[2025-01-13 02:32:04,067] INFO: 	 lr: 0.00030000000000000073 	 Training loss: 0.07908342197537423
[2025-01-13 02:32:21,597] INFO: Iter 10600 Summary: 
[2025-01-13 02:32:21,597] INFO: 	 lr: 0.00030000000000000073 	 Training loss: 0.07913102939724923
[2025-01-13 02:32:39,147] INFO: Iter 10700 Summary: 
[2025-01-13 02:32:39,148] INFO: 	 lr: 0.00030000000000000073 	 Training loss: 0.07942252986133098
[2025-01-13 02:32:55,987] INFO: Iter 10800 Summary: 
[2025-01-13 02:32:55,988] INFO: 	 lr: 0.00030000000000000073 	 Training loss: 0.07961662419140339
[2025-01-13 02:33:14,100] INFO: Iter 10900 Summary: 
[2025-01-13 02:33:14,101] INFO: 	 lr: 0.00030000000000000073 	 Training loss: 0.07981738068163395
[2025-01-13 02:33:28,508] INFO: Iter 11000 Summary: 
[2025-01-13 02:33:28,508] INFO: 	 lr: 0.00030000000000000073 	 Training loss: 0.07887438483536244
[2025-01-13 02:33:42,290] INFO: Iter 11100 Summary: 
[2025-01-13 02:33:42,290] INFO: 	 lr: 0.00030000000000000073 	 Training loss: 0.07921626053750515
[2025-01-13 02:33:57,240] INFO: Iter 11200 Summary: 
[2025-01-13 02:33:57,240] INFO: 	 lr: 0.00030000000000000073 	 Training loss: 0.07858035899698734
[2025-01-13 02:34:15,350] INFO: Iter 11300 Summary: 
[2025-01-13 02:34:15,350] INFO: 	 lr: 0.00030000000000000073 	 Training loss: 0.07912408947944641
[2025-01-13 02:34:31,728] INFO: Iter 11400 Summary: 
[2025-01-13 02:34:31,730] INFO: 	 lr: 0.00030000000000000073 	 Training loss: 0.0791472003608942
[2025-01-13 02:34:49,193] INFO: Iter 11500 Summary: 
[2025-01-13 02:34:49,194] INFO: 	 lr: 0.00030000000000000073 	 Training loss: 0.07835557594895363
[2025-01-13 02:35:07,367] INFO: Iter 11600 Summary: 
[2025-01-13 02:35:07,368] INFO: 	 lr: 0.00030000000000000073 	 Training loss: 0.07819690808653831
[2025-01-13 02:35:24,883] INFO: Iter 11700 Summary: 
[2025-01-13 02:35:24,883] INFO: 	 lr: 0.00030000000000000073 	 Training loss: 0.0785692110657692
[2025-01-13 02:35:40,924] INFO: Iter 11800 Summary: 
[2025-01-13 02:35:40,924] INFO: 	 lr: 0.00030000000000000073 	 Training loss: 0.07853404380381107
[2025-01-13 02:35:55,246] INFO: Iter 11900 Summary: 
[2025-01-13 02:35:55,247] INFO: 	 lr: 0.00030000000000000073 	 Training loss: 0.07826032713055611
[2025-01-13 02:36:10,009] INFO: Iter 12000 Summary: 
[2025-01-13 02:36:10,009] INFO: 	 lr: 0.00030000000000000073 	 Training loss: 0.07913137093186379
[2025-01-13 02:36:26,100] INFO: Iter 12100 Summary: 
[2025-01-13 02:36:26,100] INFO: 	 lr: 0.00030000000000000073 	 Training loss: 0.07862206503748893
[2025-01-13 02:36:40,290] INFO: Iter 12200 Summary: 
[2025-01-13 02:36:40,290] INFO: 	 lr: 0.00030000000000000073 	 Training loss: 0.07889457382261753
[2025-01-13 02:36:56,790] INFO: Iter 12300 Summary: 
[2025-01-13 02:36:56,790] INFO: 	 lr: 0.00030000000000000073 	 Training loss: 0.0780293707549572
[2025-01-13 02:37:13,317] INFO: Iter 12400 Summary: 
[2025-01-13 02:37:13,317] INFO: 	 lr: 0.00030000000000000073 	 Training loss: 0.0782148488610983
[2025-01-13 02:37:29,321] INFO: Iter 12500 Summary: 
[2025-01-13 02:37:29,321] INFO: 	 lr: 0.00030000000000000073 	 Training loss: 0.0779660128057003
[2025-01-13 02:37:43,967] INFO: Iter 12600 Summary: 
[2025-01-13 02:37:43,967] INFO: 	 lr: 0.00030000000000000073 	 Training loss: 0.0780768459290266
[2025-01-13 02:37:57,267] INFO: Iter 12700 Summary: 
[2025-01-13 02:37:57,268] INFO: 	 lr: 0.00030000000000000073 	 Training loss: 0.07834063984453678
[2025-01-13 02:38:11,231] INFO: Iter 12800 Summary: 
[2025-01-13 02:38:11,232] INFO: 	 lr: 0.00030000000000000073 	 Training loss: 0.07770410887897014
[2025-01-13 02:38:24,508] INFO: Iter 12900 Summary: 
[2025-01-13 02:38:24,508] INFO: 	 lr: 0.00030000000000000073 	 Training loss: 0.07845942087471486
[2025-01-13 02:38:40,280] INFO: Iter 13000 Summary: 
[2025-01-13 02:38:40,280] INFO: 	 lr: 0.00030000000000000073 	 Training loss: 0.078246626034379
[2025-01-13 02:38:52,763] INFO: Iter 13100 Summary: 
[2025-01-13 02:38:52,764] INFO: 	 lr: 0.00030000000000000073 	 Training loss: 0.07817075602710247
[2025-01-13 02:39:07,204] INFO: Iter 13200 Summary: 
[2025-01-13 02:39:07,205] INFO: 	 lr: 0.00030000000000000073 	 Training loss: 0.07752513401210308
[2025-01-13 02:39:21,404] INFO: Iter 13300 Summary: 
[2025-01-13 02:39:21,404] INFO: 	 lr: 0.00030000000000000073 	 Training loss: 0.07769568234682084
[2025-01-13 02:39:35,088] INFO: Iter 13400 Summary: 
[2025-01-13 02:39:35,089] INFO: 	 lr: 0.00030000000000000073 	 Training loss: 0.07783432565629482
[2025-01-13 02:39:48,649] INFO: Iter 13500 Summary: 
[2025-01-13 02:39:48,649] INFO: 	 lr: 0.00030000000000000073 	 Training loss: 0.07737501360476016
[2025-01-13 02:40:03,949] INFO: Iter 13600 Summary: 
[2025-01-13 02:40:03,949] INFO: 	 lr: 0.00030000000000000073 	 Training loss: 0.07728526882827282
[2025-01-13 02:40:19,263] INFO: Iter 13700 Summary: 
[2025-01-13 02:40:19,264] INFO: 	 lr: 0.00030000000000000073 	 Training loss: 0.07721718512475491
[2025-01-13 02:40:34,328] INFO: Iter 13800 Summary: 
[2025-01-13 02:40:34,328] INFO: 	 lr: 0.00030000000000000073 	 Training loss: 0.07749161116778851
[2025-01-13 02:40:48,074] INFO: Iter 13900 Summary: 
[2025-01-13 02:40:48,074] INFO: 	 lr: 0.00030000000000000073 	 Training loss: 0.07734005473554134
[2025-01-13 02:41:02,727] INFO: Iter 14000 Summary: 
[2025-01-13 02:41:02,727] INFO: 	 lr: 0.00030000000000000073 	 Training loss: 0.07733934722840786
[2025-01-13 02:41:20,327] INFO: Iter 14100 Summary: 
[2025-01-13 02:41:20,328] INFO: 	 lr: 0.00030000000000000073 	 Training loss: 0.0778192212432623
[2025-01-13 02:41:34,289] INFO: Iter 14200 Summary: 
[2025-01-13 02:41:34,289] INFO: 	 lr: 0.00030000000000000073 	 Training loss: 0.07755875758826733
[2025-01-13 02:41:49,949] INFO: Iter 14300 Summary: 
[2025-01-13 02:41:49,950] INFO: 	 lr: 0.00030000000000000073 	 Training loss: 0.07766699001193046
[2025-01-13 02:42:03,853] INFO: Iter 14400 Summary: 
[2025-01-13 02:42:03,854] INFO: 	 lr: 0.00030000000000000073 	 Training loss: 0.07706389881670475
[2025-01-13 02:42:16,529] INFO: Iter 14500 Summary: 
[2025-01-13 02:42:16,529] INFO: 	 lr: 0.00030000000000000073 	 Training loss: 0.07707415290176868
[2025-01-13 02:42:30,917] INFO: Iter 14600 Summary: 
[2025-01-13 02:42:30,917] INFO: 	 lr: 0.00030000000000000073 	 Training loss: 0.07734591349959373
[2025-01-13 02:42:44,234] INFO: Iter 14700 Summary: 
[2025-01-13 02:42:44,234] INFO: 	 lr: 0.00030000000000000073 	 Training loss: 0.07683937333524227
[2025-01-13 02:42:59,085] INFO: Iter 14800 Summary: 
[2025-01-13 02:42:59,085] INFO: 	 lr: 0.00030000000000000073 	 Training loss: 0.07736952506005763
[2025-01-13 02:43:12,611] INFO: Iter 14900 Summary: 
[2025-01-13 02:43:12,612] INFO: 	 lr: 0.00030000000000000073 	 Training loss: 0.07744418524205685
[2025-01-13 02:43:28,763] INFO: Iter 15000 Summary: 
[2025-01-13 02:43:28,764] INFO: 	 lr: 0.00030000000000000073 	 Training loss: 0.07724026717245579
[2025-01-13 02:43:41,773] INFO: Iter 15100 Summary: 
[2025-01-13 02:43:41,774] INFO: 	 lr: 0.00030000000000000073 	 Training loss: 0.07731843374669552
[2025-01-13 02:43:54,593] INFO: Iter 15200 Summary: 
[2025-01-13 02:43:54,593] INFO: 	 lr: 0.00030000000000000073 	 Training loss: 0.07702274225652218
[2025-01-13 02:44:06,468] INFO: Iter 15300 Summary: 
[2025-01-13 02:44:06,468] INFO: 	 lr: 0.00030000000000000073 	 Training loss: 0.07645149230957031
[2025-01-13 02:44:19,976] INFO: Iter 15400 Summary: 
[2025-01-13 02:44:19,976] INFO: 	 lr: 0.00030000000000000073 	 Training loss: 0.0768979824334383
[2025-01-13 02:44:34,620] INFO: Iter 15500 Summary: 
[2025-01-13 02:44:34,620] INFO: 	 lr: 0.00030000000000000073 	 Training loss: 0.07681002214550972
[2025-01-13 02:44:49,050] INFO: Iter 15600 Summary: 
[2025-01-13 02:44:49,050] INFO: 	 lr: 0.00030000000000000073 	 Training loss: 0.0769302011281252
[2025-01-13 02:45:04,597] INFO: Iter 15700 Summary: 
[2025-01-13 02:45:04,597] INFO: 	 lr: 0.00030000000000000073 	 Training loss: 0.07645132437348366
[2025-01-13 02:45:19,712] INFO: Iter 15800 Summary: 
[2025-01-13 02:45:19,712] INFO: 	 lr: 0.00030000000000000073 	 Training loss: 0.07620648510754108
[2025-01-13 02:45:34,417] INFO: Iter 15900 Summary: 
[2025-01-13 02:45:34,417] INFO: 	 lr: 0.00030000000000000073 	 Training loss: 0.07677595734596253
[2025-01-13 02:45:48,735] INFO: Iter 16000 Summary: 
[2025-01-13 02:45:48,735] INFO: 	 lr: 0.00030000000000000073 	 Training loss: 0.076785833761096
[2025-01-13 02:46:06,133] INFO: Iter 16100 Summary: 
[2025-01-13 02:46:06,133] INFO: 	 lr: 0.00030000000000000073 	 Training loss: 0.07723185159265995
[2025-01-13 02:46:17,818] INFO: Iter 16200 Summary: 
[2025-01-13 02:46:17,818] INFO: 	 lr: 0.00030000000000000073 	 Training loss: 0.07641020432114601
[2025-01-13 02:46:32,953] INFO: Iter 16300 Summary: 
[2025-01-13 02:46:32,953] INFO: 	 lr: 0.00030000000000000073 	 Training loss: 0.07650925353169441
[2025-01-13 02:46:47,869] INFO: Iter 16400 Summary: 
[2025-01-13 02:46:47,869] INFO: 	 lr: 0.00030000000000000073 	 Training loss: 0.07612869888544083
[2025-01-13 02:47:03,086] INFO: Iter 16500 Summary: 
[2025-01-13 02:47:03,086] INFO: 	 lr: 0.00030000000000000073 	 Training loss: 0.07611936800181866
[2025-01-13 02:47:17,897] INFO: Iter 16600 Summary: 
[2025-01-13 02:47:17,897] INFO: 	 lr: 0.00030000000000000073 	 Training loss: 0.07657631628215313
[2025-01-13 02:47:32,410] INFO: Iter 16700 Summary: 
[2025-01-13 02:47:32,410] INFO: 	 lr: 0.00030000000000000073 	 Training loss: 0.0763618540763855
[2025-01-13 02:47:48,228] INFO: Iter 16800 Summary: 
[2025-01-13 02:47:48,228] INFO: 	 lr: 0.00030000000000000073 	 Training loss: 0.07636262848973274
[2025-01-13 02:48:04,206] INFO: Iter 16900 Summary: 
[2025-01-13 02:48:04,206] INFO: 	 lr: 0.00030000000000000073 	 Training loss: 0.07661895036697387
[2025-01-13 02:48:18,482] INFO: Iter 17000 Summary: 
[2025-01-13 02:48:18,482] INFO: 	 lr: 0.00030000000000000073 	 Training loss: 0.07594791062176227
[2025-01-13 02:48:34,364] INFO: Iter 17100 Summary: 
[2025-01-13 02:48:34,364] INFO: 	 lr: 0.00030000000000000073 	 Training loss: 0.07601044118404389
[2025-01-13 02:48:48,394] INFO: Iter 17200 Summary: 
[2025-01-13 02:48:48,394] INFO: 	 lr: 0.00030000000000000073 	 Training loss: 0.07624381832778454
[2025-01-13 02:49:00,153] INFO: Iter 17300 Summary: 
[2025-01-13 02:49:00,153] INFO: 	 lr: 0.00030000000000000073 	 Training loss: 0.07630952350795268
[2025-01-13 02:49:16,699] INFO: Iter 17400 Summary: 
[2025-01-13 02:49:16,699] INFO: 	 lr: 0.00030000000000000073 	 Training loss: 0.07602427177131175
[2025-01-13 02:49:32,247] INFO: Iter 17500 Summary: 
[2025-01-13 02:49:32,248] INFO: 	 lr: 0.00030000000000000073 	 Training loss: 0.0761212220788002
[2025-01-13 02:49:47,696] INFO: Iter 17600 Summary: 
[2025-01-13 02:49:47,696] INFO: 	 lr: 0.00030000000000000073 	 Training loss: 0.07623036310076714
[2025-01-13 02:50:03,351] INFO: Iter 17700 Summary: 
[2025-01-13 02:50:03,352] INFO: 	 lr: 0.00030000000000000073 	 Training loss: 0.07603209294378757
[2025-01-13 02:50:16,816] INFO: Iter 17800 Summary: 
[2025-01-13 02:50:16,816] INFO: 	 lr: 0.00030000000000000073 	 Training loss: 0.07554641112685204
[2025-01-13 02:50:33,464] INFO: Iter 17900 Summary: 
[2025-01-13 02:50:33,465] INFO: 	 lr: 0.00030000000000000073 	 Training loss: 0.07604579277336597
[2025-01-13 02:50:48,075] INFO: Iter 18000 Summary: 
[2025-01-13 02:50:48,075] INFO: 	 lr: 0.00030000000000000073 	 Training loss: 0.07560329891741276
[2025-01-13 02:51:05,404] INFO: Iter 18100 Summary: 
[2025-01-13 02:51:05,404] INFO: 	 lr: 0.00030000000000000073 	 Training loss: 0.07627063989639282
[2025-01-13 02:51:21,355] INFO: Iter 18200 Summary: 
[2025-01-13 02:51:21,356] INFO: 	 lr: 0.00030000000000000073 	 Training loss: 0.07606850884854793
[2025-01-13 02:51:37,415] INFO: Iter 18300 Summary: 
[2025-01-13 02:51:37,415] INFO: 	 lr: 0.00030000000000000073 	 Training loss: 0.07583146221935749
[2025-01-13 02:51:53,114] INFO: Iter 18400 Summary: 
[2025-01-13 02:51:53,115] INFO: 	 lr: 0.00030000000000000073 	 Training loss: 0.07556224010884761
[2025-01-13 02:52:06,700] INFO: Iter 18500 Summary: 
[2025-01-13 02:52:06,700] INFO: 	 lr: 0.00030000000000000073 	 Training loss: 0.07585333995521068
[2025-01-13 02:52:18,481] INFO: Iter 18600 Summary: 
[2025-01-13 02:52:18,481] INFO: 	 lr: 0.00030000000000000073 	 Training loss: 0.07596262276172638
[2025-01-13 02:52:32,203] INFO: Iter 18700 Summary: 
[2025-01-13 02:52:32,203] INFO: 	 lr: 0.00030000000000000073 	 Training loss: 0.07579807810485363
[2025-01-13 02:52:47,281] INFO: Iter 18800 Summary: 
[2025-01-13 02:52:47,282] INFO: 	 lr: 0.00030000000000000073 	 Training loss: 0.07548505403101444
[2025-01-13 02:53:01,186] INFO: Iter 18900 Summary: 
[2025-01-13 02:53:01,187] INFO: 	 lr: 0.00030000000000000073 	 Training loss: 0.07541247859597205
[2025-01-13 02:53:14,144] INFO: Iter 19000 Summary: 
[2025-01-13 02:53:14,144] INFO: 	 lr: 0.00030000000000000073 	 Training loss: 0.07562354169785976
[2025-01-13 02:53:28,318] INFO: Iter 19100 Summary: 
[2025-01-13 02:53:28,318] INFO: 	 lr: 0.00030000000000000073 	 Training loss: 0.07503423258662224
[2025-01-13 02:53:43,971] INFO: Iter 19200 Summary: 
[2025-01-13 02:53:43,971] INFO: 	 lr: 0.00030000000000000073 	 Training loss: 0.07561762318015099
[2025-01-13 02:53:58,488] INFO: Iter 19300 Summary: 
[2025-01-13 02:53:58,488] INFO: 	 lr: 0.00030000000000000073 	 Training loss: 0.07591189108788968
[2025-01-13 02:54:13,183] INFO: Iter 19400 Summary: 
[2025-01-13 02:54:13,183] INFO: 	 lr: 0.00030000000000000073 	 Training loss: 0.0754751555621624
[2025-01-13 02:54:28,152] INFO: Iter 19500 Summary: 
[2025-01-13 02:54:28,153] INFO: 	 lr: 0.00030000000000000073 	 Training loss: 0.07536244988441468
[2025-01-13 02:54:43,784] INFO: Iter 19600 Summary: 
[2025-01-13 02:54:43,784] INFO: 	 lr: 0.00030000000000000073 	 Training loss: 0.07548424750566482
[2025-01-13 02:54:58,448] INFO: Iter 19700 Summary: 
[2025-01-13 02:54:58,449] INFO: 	 lr: 0.00030000000000000073 	 Training loss: 0.07607565410435199
[2025-01-13 02:55:11,024] INFO: Iter 19800 Summary: 
[2025-01-13 02:55:11,025] INFO: 	 lr: 0.00030000000000000073 	 Training loss: 0.07554732769727707
[2025-01-13 02:55:25,916] INFO: Iter 19900 Summary: 
[2025-01-13 02:55:25,917] INFO: 	 lr: 0.00030000000000000073 	 Training loss: 0.07519606851041317
[2025-01-13 02:55:40,348] INFO: Iter 20000 Summary: 
[2025-01-13 02:55:40,348] INFO: 	 lr: 0.00030000000000000073 	 Training loss: 0.07506237231194973
[2025-01-13 02:55:57,470] INFO: Iter 20100 Summary: 
[2025-01-13 02:55:57,470] INFO: 	 lr: 0.00030000000000000073 	 Training loss: 0.07553469941020012
[2025-01-13 02:56:11,971] INFO: Iter 20200 Summary: 
[2025-01-13 02:56:11,971] INFO: 	 lr: 0.00030000000000000073 	 Training loss: 0.07528716988861561
[2025-01-13 02:56:27,504] INFO: Iter 20300 Summary: 
[2025-01-13 02:56:27,504] INFO: 	 lr: 0.00030000000000000073 	 Training loss: 0.07542672000825405
[2025-01-13 02:56:44,175] INFO: Iter 20400 Summary: 
[2025-01-13 02:56:44,175] INFO: 	 lr: 0.00030000000000000073 	 Training loss: 0.07532254248857498
[2025-01-13 02:57:00,092] INFO: Iter 20500 Summary: 
[2025-01-13 02:57:00,093] INFO: 	 lr: 0.00030000000000000073 	 Training loss: 0.07492685556411743
[2025-01-13 02:57:12,737] INFO: Iter 20600 Summary: 
[2025-01-13 02:57:12,737] INFO: 	 lr: 0.00030000000000000073 	 Training loss: 0.07492574103176594
[2025-01-13 02:57:25,646] INFO: Iter 20700 Summary: 
[2025-01-13 02:57:25,646] INFO: 	 lr: 0.00030000000000000073 	 Training loss: 0.07533237658441067
[2025-01-13 02:57:40,099] INFO: Iter 20800 Summary: 
[2025-01-13 02:57:40,099] INFO: 	 lr: 0.00030000000000000073 	 Training loss: 0.07515643529593945
[2025-01-13 02:57:53,737] INFO: Iter 20900 Summary: 
[2025-01-13 02:57:53,737] INFO: 	 lr: 0.00030000000000000073 	 Training loss: 0.07490138828754425
[2025-01-13 02:58:09,638] INFO: Iter 21000 Summary: 
[2025-01-13 02:58:09,638] INFO: 	 lr: 0.00030000000000000073 	 Training loss: 0.07502812795341014
[2025-01-13 02:58:26,439] INFO: Iter 21100 Summary: 
[2025-01-13 02:58:26,440] INFO: 	 lr: 0.00030000000000000073 	 Training loss: 0.07513089887797833
[2025-01-13 02:58:40,877] INFO: Iter 21200 Summary: 
[2025-01-13 02:58:40,877] INFO: 	 lr: 0.00030000000000000073 	 Training loss: 0.07460010170936585
[2025-01-13 02:58:55,655] INFO: Iter 21300 Summary: 
[2025-01-13 02:58:55,656] INFO: 	 lr: 0.00030000000000000073 	 Training loss: 0.07545137658715248
[2025-01-13 02:59:09,512] INFO: Iter 21400 Summary: 
[2025-01-13 02:59:09,512] INFO: 	 lr: 0.00030000000000000073 	 Training loss: 0.07475571438670159
[2025-01-13 02:59:25,850] INFO: Iter 21500 Summary: 
[2025-01-13 02:59:25,851] INFO: 	 lr: 0.00030000000000000073 	 Training loss: 0.07482596032321454
[2025-01-13 02:59:41,793] INFO: Iter 21600 Summary: 
[2025-01-13 02:59:41,793] INFO: 	 lr: 0.00030000000000000073 	 Training loss: 0.07477186977863312
[2025-01-13 02:59:54,648] INFO: Iter 21700 Summary: 
[2025-01-13 02:59:54,648] INFO: 	 lr: 0.00030000000000000073 	 Training loss: 0.07490638017654419
[2025-01-13 03:00:09,172] INFO: Iter 21800 Summary: 
[2025-01-13 03:00:09,173] INFO: 	 lr: 0.00030000000000000073 	 Training loss: 0.0750138857215643
[2025-01-13 03:00:24,525] INFO: Iter 21900 Summary: 
[2025-01-13 03:00:24,526] INFO: 	 lr: 0.00030000000000000073 	 Training loss: 0.0744487027078867
[2025-01-13 03:00:38,461] INFO: Iter 22000 Summary: 
[2025-01-13 03:00:38,462] INFO: 	 lr: 0.00030000000000000073 	 Training loss: 0.07456669941544533
[2025-01-13 03:00:55,760] INFO: Iter 22100 Summary: 
[2025-01-13 03:00:55,761] INFO: 	 lr: 0.00030000000000000073 	 Training loss: 0.07495287530124188
[2025-01-13 03:01:11,273] INFO: Iter 22200 Summary: 
[2025-01-13 03:01:11,273] INFO: 	 lr: 0.00030000000000000073 	 Training loss: 0.0744150748103857
[2025-01-13 03:01:25,795] INFO: Iter 22300 Summary: 
[2025-01-13 03:01:25,795] INFO: 	 lr: 0.00030000000000000073 	 Training loss: 0.07468326926231385
[2025-01-13 03:01:38,752] INFO: Iter 22400 Summary: 
[2025-01-13 03:01:38,752] INFO: 	 lr: 0.00030000000000000073 	 Training loss: 0.07468250535428524
[2025-01-13 03:01:56,333] INFO: Iter 22500 Summary: 
[2025-01-13 03:01:56,334] INFO: 	 lr: 0.00030000000000000073 	 Training loss: 0.07492954567074776
[2025-01-13 03:02:09,272] INFO: Iter 22600 Summary: 
[2025-01-13 03:02:09,272] INFO: 	 lr: 0.00030000000000000073 	 Training loss: 0.074536759480834
[2025-01-13 03:02:23,482] INFO: Iter 22700 Summary: 
[2025-01-13 03:02:23,482] INFO: 	 lr: 0.00030000000000000073 	 Training loss: 0.07433575302362443
[2025-01-13 03:02:38,630] INFO: Iter 22800 Summary: 
[2025-01-13 03:02:38,630] INFO: 	 lr: 0.00030000000000000073 	 Training loss: 0.07434335939586162
[2025-01-13 03:02:52,432] INFO: Iter 22900 Summary: 
[2025-01-13 03:02:52,432] INFO: 	 lr: 0.00030000000000000073 	 Training loss: 0.07466080754995347
[2025-01-13 03:03:07,767] INFO: Iter 23000 Summary: 
[2025-01-13 03:03:07,767] INFO: 	 lr: 0.00030000000000000073 	 Training loss: 0.0748702722042799
[2025-01-13 03:03:22,667] INFO: Iter 23100 Summary: 
[2025-01-13 03:03:22,668] INFO: 	 lr: 0.00030000000000000073 	 Training loss: 0.0749551560729742
[2025-01-13 03:03:36,327] INFO: Iter 23200 Summary: 
[2025-01-13 03:03:36,327] INFO: 	 lr: 0.00030000000000000073 	 Training loss: 0.07453934848308563
[2025-01-13 03:03:49,645] INFO: Iter 23300 Summary: 
[2025-01-13 03:03:49,646] INFO: 	 lr: 0.00030000000000000073 	 Training loss: 0.07460459224879741
[2025-01-13 03:04:05,316] INFO: Iter 23400 Summary: 
[2025-01-13 03:04:05,316] INFO: 	 lr: 0.00030000000000000073 	 Training loss: 0.07410943642258644
[2025-01-13 03:04:19,262] INFO: Iter 23500 Summary: 
[2025-01-13 03:04:19,262] INFO: 	 lr: 0.00030000000000000073 	 Training loss: 0.07407542079687118
[2025-01-13 03:04:34,601] INFO: Iter 23600 Summary: 
[2025-01-13 03:04:34,601] INFO: 	 lr: 0.00030000000000000073 	 Training loss: 0.07473135814070701
[2025-01-13 03:04:46,379] INFO: Iter 23700 Summary: 
[2025-01-13 03:04:46,379] INFO: 	 lr: 0.00030000000000000073 	 Training loss: 0.07372581988573074
[2025-01-13 03:05:00,346] INFO: Iter 23800 Summary: 
[2025-01-13 03:05:00,346] INFO: 	 lr: 0.00030000000000000073 	 Training loss: 0.0748434953391552
[2025-01-13 03:05:14,043] INFO: Iter 23900 Summary: 
[2025-01-13 03:05:14,044] INFO: 	 lr: 0.00030000000000000073 	 Training loss: 0.07437040112912655
[2025-01-13 03:05:28,390] INFO: Iter 24000 Summary: 
[2025-01-13 03:05:28,391] INFO: 	 lr: 0.00030000000000000073 	 Training loss: 0.07440520882606506
[2025-01-13 03:05:47,923] INFO: Iter 24100 Summary: 
[2025-01-13 03:05:47,923] INFO: 	 lr: 0.00030000000000000073 	 Training loss: 0.07429186962544918
[2025-01-13 03:06:02,291] INFO: Iter 24200 Summary: 
[2025-01-13 03:06:02,291] INFO: 	 lr: 0.00030000000000000073 	 Training loss: 0.07392415553331375
[2025-01-13 03:06:17,511] INFO: Iter 24300 Summary: 
[2025-01-13 03:06:17,511] INFO: 	 lr: 0.00030000000000000073 	 Training loss: 0.07461519695818425
[2025-01-13 03:06:31,723] INFO: Iter 24400 Summary: 
[2025-01-13 03:06:31,723] INFO: 	 lr: 0.00030000000000000073 	 Training loss: 0.07402179636061192
[2025-01-13 03:06:47,542] INFO: Iter 24500 Summary: 
[2025-01-13 03:06:47,543] INFO: 	 lr: 0.00030000000000000073 	 Training loss: 0.07464116975665093
[2025-01-13 03:07:01,608] INFO: Iter 24600 Summary: 
[2025-01-13 03:07:01,608] INFO: 	 lr: 0.00030000000000000073 	 Training loss: 0.0747974020987749
[2025-01-13 03:07:16,779] INFO: Iter 24700 Summary: 
[2025-01-13 03:07:16,780] INFO: 	 lr: 0.00030000000000000073 	 Training loss: 0.07415237985551357
[2025-01-13 03:07:30,102] INFO: Iter 24800 Summary: 
[2025-01-13 03:07:30,102] INFO: 	 lr: 0.00030000000000000073 	 Training loss: 0.07396083675324917
[2025-01-13 03:07:43,897] INFO: Iter 24900 Summary: 
[2025-01-13 03:07:43,897] INFO: 	 lr: 0.00030000000000000073 	 Training loss: 0.0740043792128563
[2025-01-13 03:07:57,329] INFO: Iter 25000 Summary: 
[2025-01-13 03:07:57,329] INFO: 	 lr: 0.00030000000000000073 	 Training loss: 0.07434451229870319
[2025-01-13 03:08:11,404] INFO: Iter 25100 Summary: 
[2025-01-13 03:08:11,405] INFO: 	 lr: 0.00030000000000000073 	 Training loss: 0.07442067675292492
[2025-01-13 03:08:27,299] INFO: Iter 25200 Summary: 
[2025-01-13 03:08:27,300] INFO: 	 lr: 0.00030000000000000073 	 Training loss: 0.07378754734992982
[2025-01-13 03:08:42,151] INFO: Iter 25300 Summary: 
[2025-01-13 03:08:42,151] INFO: 	 lr: 0.00030000000000000073 	 Training loss: 0.074035272449255
[2025-01-13 03:08:56,567] INFO: Iter 25400 Summary: 
[2025-01-13 03:08:56,567] INFO: 	 lr: 0.00030000000000000073 	 Training loss: 0.0742138074338436
[2025-01-13 03:09:13,006] INFO: Iter 25500 Summary: 
[2025-01-13 03:09:13,007] INFO: 	 lr: 0.00030000000000000073 	 Training loss: 0.07430028960108757
[2025-01-13 03:09:26,744] INFO: Iter 25600 Summary: 
[2025-01-13 03:09:26,744] INFO: 	 lr: 0.00030000000000000073 	 Training loss: 0.0741450184583664
[2025-01-13 03:09:41,782] INFO: Iter 25700 Summary: 
[2025-01-13 03:09:41,782] INFO: 	 lr: 0.00030000000000000073 	 Training loss: 0.07403361208736897
[2025-01-13 03:09:57,193] INFO: Iter 25800 Summary: 
[2025-01-13 03:09:57,194] INFO: 	 lr: 0.00030000000000000073 	 Training loss: 0.0744204767793417
[2025-01-13 03:10:12,506] INFO: Iter 25900 Summary: 
[2025-01-13 03:10:12,506] INFO: 	 lr: 0.00030000000000000073 	 Training loss: 0.07451695710420608
[2025-01-13 03:10:28,714] INFO: Iter 26000 Summary: 
[2025-01-13 03:10:28,715] INFO: 	 lr: 0.00030000000000000073 	 Training loss: 0.07368442706763745
[2025-01-13 03:10:52,126] INFO: Iter 26100 Summary: 
[2025-01-13 03:10:52,127] INFO: 	 lr: 0.00030000000000000073 	 Training loss: 0.07450617350637913
[2025-01-13 03:11:07,957] INFO: Iter 26200 Summary: 
[2025-01-13 03:11:07,958] INFO: 	 lr: 0.00030000000000000073 	 Training loss: 0.07358318112790585
[2025-01-13 03:11:23,109] INFO: Iter 26300 Summary: 
[2025-01-13 03:11:23,109] INFO: 	 lr: 0.00030000000000000073 	 Training loss: 0.07414364010095596
[2025-01-13 03:11:35,882] INFO: Iter 26400 Summary: 
[2025-01-13 03:11:35,883] INFO: 	 lr: 0.00030000000000000073 	 Training loss: 0.0735324889421463
[2025-01-13 03:11:50,252] INFO: Iter 26500 Summary: 
[2025-01-13 03:11:50,252] INFO: 	 lr: 0.00030000000000000073 	 Training loss: 0.07366730749607087
[2025-01-13 03:12:03,166] INFO: Iter 26600 Summary: 
[2025-01-13 03:12:03,166] INFO: 	 lr: 0.00030000000000000073 	 Training loss: 0.07378442585468292
[2025-01-13 03:12:16,546] INFO: Iter 26700 Summary: 
[2025-01-13 03:12:16,547] INFO: 	 lr: 0.00030000000000000073 	 Training loss: 0.07339701913297177
[2025-01-13 03:12:29,159] INFO: Iter 26800 Summary: 
[2025-01-13 03:12:29,160] INFO: 	 lr: 0.00030000000000000073 	 Training loss: 0.07412938460707665
[2025-01-13 03:12:41,289] INFO: Iter 26900 Summary: 
[2025-01-13 03:12:41,290] INFO: 	 lr: 0.00030000000000000073 	 Training loss: 0.07383399523794651
[2025-01-13 03:12:54,376] INFO: Iter 27000 Summary: 
[2025-01-13 03:12:54,376] INFO: 	 lr: 0.00030000000000000073 	 Training loss: 0.07364877671003342
[2025-01-13 03:13:07,185] INFO: Iter 27100 Summary: 
[2025-01-13 03:13:07,185] INFO: 	 lr: 0.00030000000000000073 	 Training loss: 0.07347497470676899
[2025-01-13 03:13:20,489] INFO: Iter 27200 Summary: 
[2025-01-13 03:13:20,490] INFO: 	 lr: 0.00030000000000000073 	 Training loss: 0.07413064703345298
[2025-01-13 03:13:32,741] INFO: Iter 27300 Summary: 
[2025-01-13 03:13:32,741] INFO: 	 lr: 0.00030000000000000073 	 Training loss: 0.0736887837201357
[2025-01-13 03:13:45,591] INFO: Iter 27400 Summary: 
[2025-01-13 03:13:45,591] INFO: 	 lr: 0.00030000000000000073 	 Training loss: 0.07408379435539246
[2025-01-13 03:13:57,989] INFO: Iter 27500 Summary: 
[2025-01-13 03:13:57,989] INFO: 	 lr: 0.00030000000000000073 	 Training loss: 0.07372917778789997
[2025-01-13 03:14:10,700] INFO: Iter 27600 Summary: 
[2025-01-13 03:14:10,701] INFO: 	 lr: 0.00030000000000000073 	 Training loss: 0.07331495128571987
[2025-01-13 03:14:21,408] INFO: Iter 27700 Summary: 
[2025-01-13 03:14:21,408] INFO: 	 lr: 0.00030000000000000073 	 Training loss: 0.07387506015598774
[2025-01-13 03:14:33,463] INFO: Iter 27800 Summary: 
[2025-01-13 03:14:33,463] INFO: 	 lr: 0.00030000000000000073 	 Training loss: 0.07335253149271011
[2025-01-13 03:14:46,962] INFO: Iter 27900 Summary: 
[2025-01-13 03:14:46,963] INFO: 	 lr: 0.00030000000000000073 	 Training loss: 0.07373221665620804
[2025-01-13 03:15:00,029] INFO: Iter 28000 Summary: 
[2025-01-13 03:15:00,029] INFO: 	 lr: 0.00030000000000000073 	 Training loss: 0.07350167378783226
[2025-01-13 03:15:15,785] INFO: Iter 28100 Summary: 
[2025-01-13 03:15:15,786] INFO: 	 lr: 0.00030000000000000073 	 Training loss: 0.07381389692425727
[2025-01-13 03:15:30,298] INFO: Iter 28200 Summary: 
[2025-01-13 03:15:30,300] INFO: 	 lr: 0.00030000000000000073 	 Training loss: 0.07365846589207649
[2025-01-13 03:15:43,116] INFO: Iter 28300 Summary: 
[2025-01-13 03:15:43,117] INFO: 	 lr: 0.00030000000000000073 	 Training loss: 0.07341871745884418
[2025-01-13 03:15:56,669] INFO: Iter 28400 Summary: 
[2025-01-13 03:15:56,669] INFO: 	 lr: 0.00030000000000000073 	 Training loss: 0.0736572214961052
[2025-01-13 03:16:11,016] INFO: Iter 28500 Summary: 
[2025-01-13 03:16:11,016] INFO: 	 lr: 0.00030000000000000073 	 Training loss: 0.07324618324637414
[2025-01-13 03:16:23,849] INFO: Iter 28600 Summary: 
[2025-01-13 03:16:23,849] INFO: 	 lr: 0.00030000000000000073 	 Training loss: 0.07289044223725796
[2025-01-13 03:16:36,152] INFO: Iter 28700 Summary: 
[2025-01-13 03:16:36,153] INFO: 	 lr: 0.00030000000000000073 	 Training loss: 0.07338150545954704
[2025-01-13 03:16:48,060] INFO: Iter 28800 Summary: 
[2025-01-13 03:16:48,060] INFO: 	 lr: 0.00030000000000000073 	 Training loss: 0.07329605303704739
[2025-01-13 03:17:02,172] INFO: Iter 28900 Summary: 
[2025-01-13 03:17:02,173] INFO: 	 lr: 0.00030000000000000073 	 Training loss: 0.07331670120358467
[2025-01-13 03:17:14,677] INFO: Iter 29000 Summary: 
[2025-01-13 03:17:14,677] INFO: 	 lr: 0.00030000000000000073 	 Training loss: 0.07395718418061734
[2025-01-13 03:17:28,765] INFO: Iter 29100 Summary: 
[2025-01-13 03:17:28,765] INFO: 	 lr: 0.00030000000000000073 	 Training loss: 0.07342106021940709
[2025-01-13 03:17:42,804] INFO: Iter 29200 Summary: 
[2025-01-13 03:17:42,805] INFO: 	 lr: 0.00030000000000000073 	 Training loss: 0.07363312102854253
[2025-01-13 03:17:57,597] INFO: Iter 29300 Summary: 
[2025-01-13 03:17:57,598] INFO: 	 lr: 0.00030000000000000073 	 Training loss: 0.07333949618041516
[2025-01-13 03:18:10,342] INFO: Iter 29400 Summary: 
[2025-01-13 03:18:10,343] INFO: 	 lr: 0.00030000000000000073 	 Training loss: 0.07339327782392502
[2025-01-13 03:18:24,080] INFO: Iter 29500 Summary: 
[2025-01-13 03:18:24,081] INFO: 	 lr: 0.00030000000000000073 	 Training loss: 0.0734319031983614
[2025-01-13 03:18:38,016] INFO: Iter 29600 Summary: 
[2025-01-13 03:18:38,017] INFO: 	 lr: 0.00030000000000000073 	 Training loss: 0.07363819919526576
[2025-01-13 03:18:51,875] INFO: Iter 29700 Summary: 
[2025-01-13 03:18:51,875] INFO: 	 lr: 0.00030000000000000073 	 Training loss: 0.07333212308585643
[2025-01-13 03:19:05,935] INFO: Iter 29800 Summary: 
[2025-01-13 03:19:05,935] INFO: 	 lr: 0.00030000000000000073 	 Training loss: 0.07347010597586631
[2025-01-13 03:19:20,075] INFO: Iter 29900 Summary: 
[2025-01-13 03:19:20,075] INFO: 	 lr: 0.00030000000000000073 	 Training loss: 0.07406170308589935
[2025-01-13 03:19:35,358] INFO: Iter 30000 Summary: 
[2025-01-13 03:19:35,359] INFO: 	 lr: 0.00030000000000000073 	 Training loss: 0.07332895316183567
[2025-01-13 03:19:53,100] INFO: Iter 30100 Summary: 
[2025-01-13 03:19:53,100] INFO: 	 lr: 1.2900000000000026e-05 	 Training loss: 0.07171593852341175
[2025-01-13 03:20:08,465] INFO: Iter 30200 Summary: 
[2025-01-13 03:20:08,465] INFO: 	 lr: 1.000000000000002e-05 	 Training loss: 0.07135774694383144
[2025-01-13 03:20:22,936] INFO: Iter 30300 Summary: 
[2025-01-13 03:20:22,936] INFO: 	 lr: 1.000000000000002e-05 	 Training loss: 0.07093252047896385
[2025-01-13 03:20:36,478] INFO: Iter 30400 Summary: 
[2025-01-13 03:20:36,479] INFO: 	 lr: 1.000000000000002e-05 	 Training loss: 0.07124549269676209
[2025-01-13 03:20:50,069] INFO: Iter 30500 Summary: 
[2025-01-13 03:20:50,070] INFO: 	 lr: 1.000000000000002e-05 	 Training loss: 0.07071794509887695
[2025-01-13 03:21:06,124] INFO: Iter 30600 Summary: 
[2025-01-13 03:21:06,125] INFO: 	 lr: 1.000000000000002e-05 	 Training loss: 0.07126937136054039
[2025-01-13 03:21:19,733] INFO: Iter 30700 Summary: 
[2025-01-13 03:21:19,733] INFO: 	 lr: 1.000000000000002e-05 	 Training loss: 0.07031072378158569
[2025-01-13 03:21:35,271] INFO: Iter 30800 Summary: 
[2025-01-13 03:21:35,271] INFO: 	 lr: 1.000000000000002e-05 	 Training loss: 0.07042652539908886
[2025-01-13 03:21:50,622] INFO: Iter 30900 Summary: 
[2025-01-13 03:21:50,623] INFO: 	 lr: 1.000000000000002e-05 	 Training loss: 0.07026337370276452
[2025-01-13 03:22:04,997] INFO: Iter 31000 Summary: 
[2025-01-13 03:22:04,998] INFO: 	 lr: 1.000000000000002e-05 	 Training loss: 0.07030540719628334
[2025-01-13 03:22:19,490] INFO: Iter 31100 Summary: 
[2025-01-13 03:22:19,490] INFO: 	 lr: 1.000000000000002e-05 	 Training loss: 0.07066388227045536
[2025-01-13 03:22:32,612] INFO: Iter 31200 Summary: 
[2025-01-13 03:22:32,613] INFO: 	 lr: 1.000000000000002e-05 	 Training loss: 0.07056198358535766
[2025-01-13 03:22:47,742] INFO: Iter 31300 Summary: 
[2025-01-13 03:22:47,743] INFO: 	 lr: 1.000000000000002e-05 	 Training loss: 0.06987029962241649
[2025-01-13 03:23:02,625] INFO: Iter 31400 Summary: 
[2025-01-13 03:23:02,625] INFO: 	 lr: 1.000000000000002e-05 	 Training loss: 0.07061058647930622
[2025-01-13 03:23:16,711] INFO: Iter 31500 Summary: 
[2025-01-13 03:23:16,711] INFO: 	 lr: 1.000000000000002e-05 	 Training loss: 0.07007547445595265
[2025-01-13 03:23:31,713] INFO: Iter 31600 Summary: 
[2025-01-13 03:23:31,713] INFO: 	 lr: 1.000000000000002e-05 	 Training loss: 0.0700691644102335
[2025-01-13 03:23:46,951] INFO: Iter 31700 Summary: 
[2025-01-13 03:23:46,951] INFO: 	 lr: 1.000000000000002e-05 	 Training loss: 0.07014038138091565
[2025-01-13 03:23:59,803] INFO: Iter 31800 Summary: 
[2025-01-13 03:23:59,803] INFO: 	 lr: 1.000000000000002e-05 	 Training loss: 0.0705050328373909
[2025-01-13 03:24:12,633] INFO: Iter 31900 Summary: 
[2025-01-13 03:24:12,633] INFO: 	 lr: 1.000000000000002e-05 	 Training loss: 0.0703951171785593
[2025-01-13 03:24:27,107] INFO: Iter 32000 Summary: 
[2025-01-13 03:24:27,108] INFO: 	 lr: 1.000000000000002e-05 	 Training loss: 0.07011064819991589
[2025-01-13 03:24:42,613] INFO: Iter 32100 Summary: 
[2025-01-13 03:24:42,613] INFO: 	 lr: 1.000000000000002e-05 	 Training loss: 0.07034961581230163
[2025-01-13 03:24:57,529] INFO: Iter 32200 Summary: 
[2025-01-13 03:24:57,529] INFO: 	 lr: 1.000000000000002e-05 	 Training loss: 0.07024143479764461
[2025-01-13 03:25:10,547] INFO: Iter 32300 Summary: 
[2025-01-13 03:25:10,548] INFO: 	 lr: 1.000000000000002e-05 	 Training loss: 0.07017791785299778
[2025-01-13 03:25:23,500] INFO: Iter 32400 Summary: 
[2025-01-13 03:25:23,500] INFO: 	 lr: 1.000000000000002e-05 	 Training loss: 0.06998680762946606
[2025-01-13 03:25:37,893] INFO: Iter 32500 Summary: 
[2025-01-13 03:25:37,893] INFO: 	 lr: 1.000000000000002e-05 	 Training loss: 0.06981043085455894
[2025-01-13 03:25:51,781] INFO: Iter 32600 Summary: 
[2025-01-13 03:25:51,781] INFO: 	 lr: 1.000000000000002e-05 	 Training loss: 0.06997542113065719
[2025-01-13 03:26:03,360] INFO: Iter 32700 Summary: 
[2025-01-13 03:26:03,361] INFO: 	 lr: 1.000000000000002e-05 	 Training loss: 0.07020806849002838
[2025-01-13 03:26:15,174] INFO: Iter 32800 Summary: 
[2025-01-13 03:26:15,175] INFO: 	 lr: 1.000000000000002e-05 	 Training loss: 0.0697869061678648
[2025-01-13 03:26:29,389] INFO: Iter 32900 Summary: 
[2025-01-13 03:26:29,390] INFO: 	 lr: 1.000000000000002e-05 	 Training loss: 0.06994216561317444
[2025-01-13 03:26:41,544] INFO: Iter 33000 Summary: 
[2025-01-13 03:26:41,545] INFO: 	 lr: 1.000000000000002e-05 	 Training loss: 0.06955289952456951
[2025-01-13 03:26:54,192] INFO: Iter 33100 Summary: 
[2025-01-13 03:26:54,192] INFO: 	 lr: 1.000000000000002e-05 	 Training loss: 0.07037295393645764
[2025-01-13 03:27:07,014] INFO: Iter 33200 Summary: 
[2025-01-13 03:27:07,015] INFO: 	 lr: 1.000000000000002e-05 	 Training loss: 0.07014696173369885
[2025-01-13 03:27:19,667] INFO: Iter 33300 Summary: 
[2025-01-13 03:27:19,668] INFO: 	 lr: 1.000000000000002e-05 	 Training loss: 0.06983725734055042
[2025-01-13 03:27:31,689] INFO: Iter 33400 Summary: 
[2025-01-13 03:27:31,689] INFO: 	 lr: 1.000000000000002e-05 	 Training loss: 0.06947766594588757
[2025-01-13 03:27:44,669] INFO: Iter 33500 Summary: 
[2025-01-13 03:27:44,670] INFO: 	 lr: 1.000000000000002e-05 	 Training loss: 0.0699245247989893
[2025-01-13 03:27:58,107] INFO: Iter 33600 Summary: 
[2025-01-13 03:27:58,108] INFO: 	 lr: 1.000000000000002e-05 	 Training loss: 0.06951342813670636
[2025-01-13 03:28:09,616] INFO: Iter 33700 Summary: 
[2025-01-13 03:28:09,616] INFO: 	 lr: 1.000000000000002e-05 	 Training loss: 0.07015839979052543
[2025-01-13 03:28:21,165] INFO: Iter 33800 Summary: 
[2025-01-13 03:28:21,166] INFO: 	 lr: 1.000000000000002e-05 	 Training loss: 0.07004346892237663
[2025-01-13 03:28:32,299] INFO: Iter 33900 Summary: 
[2025-01-13 03:28:32,300] INFO: 	 lr: 1.000000000000002e-05 	 Training loss: 0.07017614848911763
[2025-01-13 03:28:43,963] INFO: Iter 34000 Summary: 
[2025-01-13 03:28:43,963] INFO: 	 lr: 1.000000000000002e-05 	 Training loss: 0.07012616723775864
[2025-01-13 03:28:57,025] INFO: Iter 34100 Summary: 
[2025-01-13 03:28:57,025] INFO: 	 lr: 1.000000000000002e-05 	 Training loss: 0.06970428489148617
[2025-01-13 03:29:10,196] INFO: Iter 34200 Summary: 
[2025-01-13 03:29:10,196] INFO: 	 lr: 1.000000000000002e-05 	 Training loss: 0.06974634297192096
[2025-01-13 03:29:22,365] INFO: Iter 34300 Summary: 
[2025-01-13 03:29:22,365] INFO: 	 lr: 1.000000000000002e-05 	 Training loss: 0.06972486086189747
[2025-01-13 03:29:33,192] INFO: Iter 34400 Summary: 
[2025-01-13 03:29:33,192] INFO: 	 lr: 1.000000000000002e-05 	 Training loss: 0.07004010029137135
[2025-01-13 03:29:43,733] INFO: Iter 34500 Summary: 
[2025-01-13 03:29:43,733] INFO: 	 lr: 1.000000000000002e-05 	 Training loss: 0.0699918457120657
[2025-01-13 03:29:55,079] INFO: Iter 34600 Summary: 
[2025-01-13 03:29:55,080] INFO: 	 lr: 1.000000000000002e-05 	 Training loss: 0.06938008651137352
[2025-01-13 03:30:07,657] INFO: Iter 34700 Summary: 
[2025-01-13 03:30:07,657] INFO: 	 lr: 1.000000000000002e-05 	 Training loss: 0.06914564728736877
[2025-01-13 03:30:20,028] INFO: Iter 34800 Summary: 
[2025-01-13 03:30:20,029] INFO: 	 lr: 1.000000000000002e-05 	 Training loss: 0.06945425570011139
[2025-01-13 03:30:31,666] INFO: Iter 34900 Summary: 
[2025-01-13 03:30:31,666] INFO: 	 lr: 1.000000000000002e-05 	 Training loss: 0.06974058322608472
[2025-01-13 03:30:43,378] INFO: Iter 35000 Summary: 
[2025-01-13 03:30:43,378] INFO: 	 lr: 1.000000000000002e-05 	 Training loss: 0.0696679937839508
[2025-01-13 03:30:56,626] INFO: Iter 35100 Summary: 
[2025-01-13 03:30:56,626] INFO: 	 lr: 1.000000000000002e-05 	 Training loss: 0.06976106576621532
[2025-01-13 03:31:09,658] INFO: Iter 35200 Summary: 
[2025-01-13 03:31:09,659] INFO: 	 lr: 1.000000000000002e-05 	 Training loss: 0.0698664651811123
[2025-01-13 03:31:22,134] INFO: Iter 35300 Summary: 
[2025-01-13 03:31:22,134] INFO: 	 lr: 1.000000000000002e-05 	 Training loss: 0.06979389607906342
[2025-01-13 03:31:35,773] INFO: Iter 35400 Summary: 
[2025-01-13 03:31:35,774] INFO: 	 lr: 1.000000000000002e-05 	 Training loss: 0.07023434735834598
[2025-01-13 03:31:50,091] INFO: Iter 35500 Summary: 
[2025-01-13 03:31:50,091] INFO: 	 lr: 1.000000000000002e-05 	 Training loss: 0.06936400543898344
[2025-01-13 03:32:01,526] INFO: Iter 35600 Summary: 
[2025-01-13 03:32:01,526] INFO: 	 lr: 1.000000000000002e-05 	 Training loss: 0.06948677182197571
[2025-01-13 03:32:13,807] INFO: Iter 35700 Summary: 
[2025-01-13 03:32:13,808] INFO: 	 lr: 1.000000000000002e-05 	 Training loss: 0.06959016151726245
[2025-01-13 03:32:26,628] INFO: Iter 35800 Summary: 
[2025-01-13 03:32:26,628] INFO: 	 lr: 1.000000000000002e-05 	 Training loss: 0.06941626340150833
[2025-01-13 03:32:39,921] INFO: Iter 35900 Summary: 
[2025-01-13 03:32:39,921] INFO: 	 lr: 1.000000000000002e-05 	 Training loss: 0.06954957492649555
[2025-01-13 03:32:53,706] INFO: Iter 36000 Summary: 
[2025-01-13 03:32:53,706] INFO: 	 lr: 1.000000000000002e-05 	 Training loss: 0.06941758275032044
[2025-01-13 03:33:09,201] INFO: Iter 36100 Summary: 
[2025-01-13 03:33:09,202] INFO: 	 lr: 1.000000000000002e-05 	 Training loss: 0.06920539990067481
[2025-01-13 03:33:21,687] INFO: Iter 36200 Summary: 
[2025-01-13 03:33:21,687] INFO: 	 lr: 1.000000000000002e-05 	 Training loss: 0.06994191627949477
[2025-01-13 03:33:33,765] INFO: Iter 36300 Summary: 
[2025-01-13 03:33:33,765] INFO: 	 lr: 1.000000000000002e-05 	 Training loss: 0.06968227870762349
[2025-01-13 03:33:46,543] INFO: Iter 36400 Summary: 
[2025-01-13 03:33:46,543] INFO: 	 lr: 1.000000000000002e-05 	 Training loss: 0.0695929629355669
[2025-01-13 03:34:00,352] INFO: Iter 36500 Summary: 
[2025-01-13 03:34:00,353] INFO: 	 lr: 1.000000000000002e-05 	 Training loss: 0.06969874516129494
[2025-01-13 03:34:13,214] INFO: Iter 36600 Summary: 
[2025-01-13 03:34:13,214] INFO: 	 lr: 1.000000000000002e-05 	 Training loss: 0.0690920452028513
[2025-01-13 03:34:27,951] INFO: Iter 36700 Summary: 
[2025-01-13 03:34:27,951] INFO: 	 lr: 1.000000000000002e-05 	 Training loss: 0.06940938465297222
[2025-01-13 03:34:41,914] INFO: Iter 36800 Summary: 
[2025-01-13 03:34:41,914] INFO: 	 lr: 1.000000000000002e-05 	 Training loss: 0.0695500274002552
[2025-01-13 03:34:54,355] INFO: Iter 36900 Summary: 
[2025-01-13 03:34:54,356] INFO: 	 lr: 1.000000000000002e-05 	 Training loss: 0.06957271292805672
[2025-01-13 03:35:06,971] INFO: Iter 37000 Summary: 
[2025-01-13 03:35:06,972] INFO: 	 lr: 1.000000000000002e-05 	 Training loss: 0.06960947446525097
[2025-01-13 03:35:20,374] INFO: Iter 37100 Summary: 
[2025-01-13 03:35:20,375] INFO: 	 lr: 1.000000000000002e-05 	 Training loss: 0.06938674710690976
[2025-01-13 03:35:32,474] INFO: Iter 37200 Summary: 
[2025-01-13 03:35:32,474] INFO: 	 lr: 1.000000000000002e-05 	 Training loss: 0.06953952647745609
[2025-01-13 03:35:44,556] INFO: Iter 37300 Summary: 
[2025-01-13 03:35:44,556] INFO: 	 lr: 1.000000000000002e-05 	 Training loss: 0.0695716942101717
[2025-01-13 03:35:57,589] INFO: Iter 37400 Summary: 
[2025-01-13 03:35:57,590] INFO: 	 lr: 1.000000000000002e-05 	 Training loss: 0.06899244960397483
[2025-01-13 03:36:11,041] INFO: Iter 37500 Summary: 
[2025-01-13 03:36:11,042] INFO: 	 lr: 1.000000000000002e-05 	 Training loss: 0.07017990842461586
[2025-01-13 03:36:18,385] INFO: Iter 37600 Summary: 
[2025-01-13 03:36:18,385] INFO: 	 lr: 1.000000000000002e-05 	 Training loss: 0.0690796796232462
[2025-01-13 03:36:25,740] INFO: Iter 37700 Summary: 
[2025-01-13 03:36:25,740] INFO: 	 lr: 1.000000000000002e-05 	 Training loss: 0.06938353523612023
[2025-01-13 03:36:33,365] INFO: Iter 37800 Summary: 
[2025-01-13 03:36:33,365] INFO: 	 lr: 1.000000000000002e-05 	 Training loss: 0.06941832467913628
[2025-01-13 03:36:40,815] INFO: Iter 37900 Summary: 
[2025-01-13 03:36:40,816] INFO: 	 lr: 1.000000000000002e-05 	 Training loss: 0.06902290564030408
[2025-01-13 03:36:48,389] INFO: Iter 38000 Summary: 
[2025-01-13 03:36:48,390] INFO: 	 lr: 1.000000000000002e-05 	 Training loss: 0.06916041150689126
[2025-01-13 03:36:57,360] INFO: Iter 38100 Summary: 
[2025-01-13 03:36:57,360] INFO: 	 lr: 1.000000000000002e-05 	 Training loss: 0.06907687231898307
[2025-01-13 03:37:05,007] INFO: Iter 38200 Summary: 
[2025-01-13 03:37:05,008] INFO: 	 lr: 1.000000000000002e-05 	 Training loss: 0.06934835068881512
[2025-01-13 03:37:12,309] INFO: Iter 38300 Summary: 
[2025-01-13 03:37:12,309] INFO: 	 lr: 1.000000000000002e-05 	 Training loss: 0.06927651852369308
[2025-01-13 03:37:19,595] INFO: Iter 38400 Summary: 
[2025-01-13 03:37:19,595] INFO: 	 lr: 1.000000000000002e-05 	 Training loss: 0.0691500435769558
[2025-01-13 03:37:26,759] INFO: Iter 38500 Summary: 
[2025-01-13 03:37:26,759] INFO: 	 lr: 1.000000000000002e-05 	 Training loss: 0.06952415153384209
[2025-01-13 03:37:34,010] INFO: Iter 38600 Summary: 
[2025-01-13 03:37:34,011] INFO: 	 lr: 1.000000000000002e-05 	 Training loss: 0.06926521699875593
[2025-01-13 03:37:41,470] INFO: Iter 38700 Summary: 
[2025-01-13 03:37:41,470] INFO: 	 lr: 1.000000000000002e-05 	 Training loss: 0.06997551158070564
[2025-01-13 03:37:49,571] INFO: Iter 38800 Summary: 
[2025-01-13 03:37:49,571] INFO: 	 lr: 1.000000000000002e-05 	 Training loss: 0.06903168585151434
[2025-01-13 03:37:57,315] INFO: Iter 38900 Summary: 
[2025-01-13 03:37:57,315] INFO: 	 lr: 1.000000000000002e-05 	 Training loss: 0.06935941711068154
[2025-01-13 03:38:05,257] INFO: Iter 39000 Summary: 
[2025-01-13 03:38:05,257] INFO: 	 lr: 1.000000000000002e-05 	 Training loss: 0.06985050208866596
[2025-01-13 03:38:12,986] INFO: Iter 39100 Summary: 
[2025-01-13 03:38:12,986] INFO: 	 lr: 1.000000000000002e-05 	 Training loss: 0.0693884750455618
[2025-01-13 03:38:20,400] INFO: Iter 39200 Summary: 
[2025-01-13 03:38:20,401] INFO: 	 lr: 1.000000000000002e-05 	 Training loss: 0.06923479206860066
[2025-01-13 03:38:27,947] INFO: Iter 39300 Summary: 
[2025-01-13 03:38:27,947] INFO: 	 lr: 1.000000000000002e-05 	 Training loss: 0.06940606571733951
[2025-01-13 03:38:35,878] INFO: Iter 39400 Summary: 
[2025-01-13 03:38:35,878] INFO: 	 lr: 1.000000000000002e-05 	 Training loss: 0.06888011902570725
[2025-01-13 03:38:43,534] INFO: Iter 39500 Summary: 
[2025-01-13 03:38:43,535] INFO: 	 lr: 1.000000000000002e-05 	 Training loss: 0.06899749606847763
[2025-01-13 03:38:51,121] INFO: Iter 39600 Summary: 
[2025-01-13 03:38:51,122] INFO: 	 lr: 1.000000000000002e-05 	 Training loss: 0.06932026080787182
[2025-01-13 03:38:58,414] INFO: Iter 39700 Summary: 
[2025-01-13 03:38:58,414] INFO: 	 lr: 1.000000000000002e-05 	 Training loss: 0.06945977047085762
[2025-01-13 03:39:06,047] INFO: Iter 39800 Summary: 
[2025-01-13 03:39:06,047] INFO: 	 lr: 1.000000000000002e-05 	 Training loss: 0.06950937367975712
[2025-01-13 03:39:13,451] INFO: Iter 39900 Summary: 
[2025-01-13 03:39:13,451] INFO: 	 lr: 1.000000000000002e-05 	 Training loss: 0.06877151757478714
[2025-01-13 03:39:20,837] INFO: Iter 40000 Summary: 
[2025-01-13 03:39:20,837] INFO: 	 lr: 1.000000000000002e-05 	 Training loss: 0.0694807443767786
