[2024-12-16 03:46:33,400] INFO: {
    "abs_dir": "/home/diwang/siMLPe/exps/baseline_h36m",
    "batch_size": 256,
    "cos_lr_max": 1e-05,
    "cos_lr_min": 5e-08,
    "cos_lr_total_iters": 40000,
    "data_aug": true,
    "deriv_input": true,
    "deriv_output": true,
    "h36m_anno_dir": "/home/diwang/siMLPe/data/h36m/",
    "link_log_file": "/home/diwang/siMLPe/exps/baseline_h36m/log/log_last.log",
    "link_val_log_file": "/home/diwang/siMLPe/exps/baseline_h36m/log/val_last.log",
    "log_dir": "/home/diwang/siMLPe/exps/baseline_h36m/log",
    "log_file": "/home/diwang/siMLPe/exps/baseline_h36m/log/log_2024_12_16_03_44_31.log",
    "model_pth": null,
    "motion": {
        "dim": 66,
        "h36m_input_length": 50,
        "h36m_input_length_dct": 50,
        "h36m_target_length": 10,
        "h36m_target_length_eval": 25,
        "h36m_target_length_train": 10
    },
    "motion_fc_in": {
        "activation": "relu",
        "in_features": 66,
        "init_w_trunc_normal": false,
        "out_features": 66,
        "temporal_fc": false,
        "with_norm": false
    },
    "motion_fc_out": {
        "activation": "relu",
        "in_features": 66,
        "init_w_trunc_normal": true,
        "out_features": 66,
        "temporal_fc": false,
        "with_norm": false
    },
    "motion_mlp": {
        "hidden_dim": 66,
        "norm_axis": "spatial",
        "num_layers": 48,
        "seq_len": 50,
        "spatial_fc_only": false,
        "with_normalization": true
    },
    "num_workers": 8,
    "post_dct": false,
    "pre_dct": false,
    "print_every": 100,
    "repo_name": "siMLPe",
    "root_dir": "/home/diwang/siMLPe",
    "save_every": 5000,
    "seed": 304,
    "shift_step": 1,
    "snapshot_dir": "/home/diwang/siMLPe/exps/baseline_h36m/log/snapshot",
    "this_dir": "baseline_h36m",
    "use_relative_loss": true,
    "val_log_file": "/home/diwang/siMLPe/exps/baseline_h36m/log/val_2024_12_16_03_44_31.log",
    "weight_decay": 0.0001
}
[2024-12-16 03:47:01,913] INFO: Iter 100 Summary: 
[2024-12-16 03:47:01,914] INFO: 	 lr: 0.00030000000000000073 	 Training loss: 0.09865042492747307
[2024-12-16 03:47:26,006] INFO: Iter 200 Summary: 
[2024-12-16 03:47:26,006] INFO: 	 lr: 0.00030000000000000073 	 Training loss: 0.07473231539130211
[2024-12-16 03:47:52,069] INFO: Iter 300 Summary: 
[2024-12-16 03:47:52,070] INFO: 	 lr: 0.00030000000000000073 	 Training loss: 0.07521914638578892
[2024-12-16 03:48:19,633] INFO: Iter 400 Summary: 
[2024-12-16 03:48:19,633] INFO: 	 lr: 0.00030000000000000073 	 Training loss: 0.07479822233319283
[2024-12-16 03:48:44,937] INFO: Iter 500 Summary: 
[2024-12-16 03:48:44,937] INFO: 	 lr: 0.00030000000000000073 	 Training loss: 0.07469803713262081
[2024-12-16 03:49:10,400] INFO: Iter 600 Summary: 
[2024-12-16 03:49:10,401] INFO: 	 lr: 0.00030000000000000073 	 Training loss: 0.07302234888076782
[2024-12-16 03:58:13,307] INFO: Iter 700 Summary: 
[2024-12-16 03:58:13,307] INFO: 	 lr: 0.00030000000000000073 	 Training loss: 0.06950669772922993
[2024-12-16 03:58:44,068] INFO: Iter 800 Summary: 
[2024-12-16 03:58:44,073] INFO: 	 lr: 0.00030000000000000073 	 Training loss: 0.06576930556446314
[2024-12-16 03:59:13,910] INFO: Iter 900 Summary: 
[2024-12-16 03:59:13,910] INFO: 	 lr: 0.00030000000000000073 	 Training loss: 0.060997596196830275
[2024-12-16 03:59:46,761] INFO: Iter 1000 Summary: 
[2024-12-16 03:59:46,762] INFO: 	 lr: 0.00030000000000000073 	 Training loss: 0.059199108891189095
[2024-12-16 04:00:18,455] INFO: Iter 1100 Summary: 
[2024-12-16 04:00:18,455] INFO: 	 lr: 0.00030000000000000073 	 Training loss: 0.058560646027326586
[2024-12-16 04:00:52,889] INFO: Iter 1200 Summary: 
[2024-12-16 04:00:52,889] INFO: 	 lr: 0.00030000000000000073 	 Training loss: 0.05689096141606569
[2024-12-16 04:01:25,470] INFO: Iter 1300 Summary: 
[2024-12-16 04:01:25,470] INFO: 	 lr: 0.00030000000000000073 	 Training loss: 0.05571182407438755
[2024-12-16 04:02:04,429] INFO: Iter 1400 Summary: 
[2024-12-16 04:02:04,429] INFO: 	 lr: 0.00030000000000000073 	 Training loss: 0.05572532162070274
[2024-12-16 04:02:35,542] INFO: Iter 1500 Summary: 
[2024-12-16 04:02:35,543] INFO: 	 lr: 0.00030000000000000073 	 Training loss: 0.05512950126081705
[2024-12-16 04:03:06,679] INFO: Iter 1600 Summary: 
[2024-12-16 04:03:06,679] INFO: 	 lr: 0.00030000000000000073 	 Training loss: 0.05388614725321531
[2024-12-16 04:03:37,832] INFO: Iter 1700 Summary: 
[2024-12-16 04:03:37,832] INFO: 	 lr: 0.00030000000000000073 	 Training loss: 0.05338206738233566
[2024-12-16 04:04:09,902] INFO: Iter 1800 Summary: 
[2024-12-16 04:04:09,902] INFO: 	 lr: 0.00030000000000000073 	 Training loss: 0.05324947442859411
[2024-12-16 04:04:44,776] INFO: Iter 1900 Summary: 
[2024-12-16 04:04:44,777] INFO: 	 lr: 0.00030000000000000073 	 Training loss: 0.05292844608426094
[2024-12-16 04:05:17,274] INFO: Iter 2000 Summary: 
[2024-12-16 04:05:17,275] INFO: 	 lr: 0.00030000000000000073 	 Training loss: 0.05289783183485269
[2024-12-16 04:05:51,741] INFO: Iter 2100 Summary: 
[2024-12-16 04:05:51,742] INFO: 	 lr: 0.00030000000000000073 	 Training loss: 0.05237746849656105
[2024-12-16 04:06:24,865] INFO: Iter 2200 Summary: 
[2024-12-16 04:06:24,866] INFO: 	 lr: 0.00030000000000000073 	 Training loss: 0.052067518159747125
[2024-12-16 04:06:54,791] INFO: Iter 2300 Summary: 
[2024-12-16 04:06:54,792] INFO: 	 lr: 0.00030000000000000073 	 Training loss: 0.05225438255816698
[2024-12-16 04:07:28,779] INFO: Iter 2400 Summary: 
[2024-12-16 04:07:28,780] INFO: 	 lr: 0.00030000000000000073 	 Training loss: 0.051607080027461054
[2024-12-16 04:08:03,572] INFO: Iter 2500 Summary: 
[2024-12-16 04:08:03,572] INFO: 	 lr: 0.00030000000000000073 	 Training loss: 0.05164393994957209
[2024-12-16 04:08:33,194] INFO: Iter 2600 Summary: 
[2024-12-16 04:08:33,194] INFO: 	 lr: 0.00030000000000000073 	 Training loss: 0.05150985650718212
[2024-12-16 04:09:06,763] INFO: Iter 2700 Summary: 
[2024-12-16 04:09:06,764] INFO: 	 lr: 0.00030000000000000073 	 Training loss: 0.05150473382323981
[2024-12-16 04:15:31,567] INFO: Iter 2800 Summary: 
[2024-12-16 04:15:31,568] INFO: 	 lr: 0.00030000000000000073 	 Training loss: 0.05107297345995903
[2024-12-16 04:15:59,881] INFO: Iter 2900 Summary: 
[2024-12-16 04:15:59,881] INFO: 	 lr: 0.00030000000000000073 	 Training loss: 0.05088146083056927
[2024-12-16 04:16:24,228] INFO: Iter 3000 Summary: 
[2024-12-16 04:16:24,228] INFO: 	 lr: 0.00030000000000000073 	 Training loss: 0.050654002726078035
[2024-12-16 04:16:30,834] INFO: Iter 3100 Summary: 
[2024-12-16 04:16:30,834] INFO: 	 lr: 0.00030000000000000073 	 Training loss: 0.050330658666789534
[2024-12-16 04:16:37,324] INFO: Iter 3200 Summary: 
[2024-12-16 04:16:37,324] INFO: 	 lr: 0.00030000000000000073 	 Training loss: 0.05041718970984221
[2024-12-16 04:16:42,832] INFO: Iter 3300 Summary: 
[2024-12-16 04:16:42,833] INFO: 	 lr: 0.00030000000000000073 	 Training loss: 0.050162956826388834
[2024-12-16 04:16:48,830] INFO: Iter 3400 Summary: 
[2024-12-16 04:16:48,831] INFO: 	 lr: 0.00030000000000000073 	 Training loss: 0.04990497462451458
[2024-12-16 04:16:56,616] INFO: Iter 3500 Summary: 
[2024-12-16 04:16:56,616] INFO: 	 lr: 0.00030000000000000073 	 Training loss: 0.0501491754874587
[2024-12-16 04:17:03,124] INFO: Iter 3600 Summary: 
[2024-12-16 04:17:03,124] INFO: 	 lr: 0.00030000000000000073 	 Training loss: 0.04914266213774681
[2024-12-16 04:17:09,606] INFO: Iter 3700 Summary: 
[2024-12-16 04:17:09,606] INFO: 	 lr: 0.00030000000000000073 	 Training loss: 0.04968017779290676
[2024-12-16 04:17:16,106] INFO: Iter 3800 Summary: 
[2024-12-16 04:17:16,106] INFO: 	 lr: 0.00030000000000000073 	 Training loss: 0.049370110407471655
[2024-12-16 04:17:22,054] INFO: Iter 3900 Summary: 
[2024-12-16 04:17:22,054] INFO: 	 lr: 0.00030000000000000073 	 Training loss: 0.049218973256647584
[2024-12-16 04:17:28,527] INFO: Iter 4000 Summary: 
[2024-12-16 04:17:28,527] INFO: 	 lr: 0.00030000000000000073 	 Training loss: 0.04871504567563534
[2024-12-16 04:17:34,996] INFO: Iter 4100 Summary: 
[2024-12-16 04:17:34,997] INFO: 	 lr: 0.00030000000000000073 	 Training loss: 0.04898449238389731
[2024-12-16 04:17:42,854] INFO: Iter 4200 Summary: 
[2024-12-16 04:17:42,854] INFO: 	 lr: 0.00030000000000000073 	 Training loss: 0.048754578828811644
[2024-12-16 04:17:49,349] INFO: Iter 4300 Summary: 
[2024-12-16 04:17:49,349] INFO: 	 lr: 0.00030000000000000073 	 Training loss: 0.04879677854478359
[2024-12-16 04:17:55,833] INFO: Iter 4400 Summary: 
[2024-12-16 04:17:55,833] INFO: 	 lr: 0.00030000000000000073 	 Training loss: 0.04902243670076132
[2024-12-16 04:18:02,315] INFO: Iter 4500 Summary: 
[2024-12-16 04:18:02,315] INFO: 	 lr: 0.00030000000000000073 	 Training loss: 0.04835259571671486
[2024-12-16 04:18:08,811] INFO: Iter 4600 Summary: 
[2024-12-16 04:18:08,811] INFO: 	 lr: 0.00030000000000000073 	 Training loss: 0.048333925940096376
[2024-12-16 04:18:15,307] INFO: Iter 4700 Summary: 
[2024-12-16 04:18:15,307] INFO: 	 lr: 0.00030000000000000073 	 Training loss: 0.04841943897306919
[2024-12-16 04:18:21,868] INFO: Iter 4800 Summary: 
[2024-12-16 04:18:21,869] INFO: 	 lr: 0.00030000000000000073 	 Training loss: 0.047573087476193904
[2024-12-16 04:18:29,457] INFO: Iter 4900 Summary: 
[2024-12-16 04:18:29,457] INFO: 	 lr: 0.00030000000000000073 	 Training loss: 0.048042598888278006
[2024-12-16 04:18:35,939] INFO: Iter 5000 Summary: 
[2024-12-16 04:18:35,940] INFO: 	 lr: 0.00030000000000000073 	 Training loss: 0.04802099604159594
[2024-12-16 04:18:45,319] INFO: Iter 5100 Summary: 
[2024-12-16 04:18:45,319] INFO: 	 lr: 0.00030000000000000073 	 Training loss: 0.04795073423534632
[2024-12-16 04:18:51,822] INFO: Iter 5200 Summary: 
[2024-12-16 04:18:51,823] INFO: 	 lr: 0.00030000000000000073 	 Training loss: 0.04745839510113001
[2024-12-16 04:18:58,320] INFO: Iter 5300 Summary: 
[2024-12-16 04:18:58,320] INFO: 	 lr: 0.00030000000000000073 	 Training loss: 0.047669666968286034
[2024-12-16 04:19:04,819] INFO: Iter 5400 Summary: 
[2024-12-16 04:19:04,819] INFO: 	 lr: 0.00030000000000000073 	 Training loss: 0.047434732839465144
[2024-12-16 04:19:11,335] INFO: Iter 5500 Summary: 
[2024-12-16 04:19:11,335] INFO: 	 lr: 0.00030000000000000073 	 Training loss: 0.047310121282935144
[2024-12-16 04:19:19,191] INFO: Iter 5600 Summary: 
[2024-12-16 04:19:19,191] INFO: 	 lr: 0.00030000000000000073 	 Training loss: 0.04733743123710155
[2024-12-16 04:19:25,688] INFO: Iter 5700 Summary: 
[2024-12-16 04:19:25,688] INFO: 	 lr: 0.00030000000000000073 	 Training loss: 0.04674619264900684
[2024-12-16 04:19:32,180] INFO: Iter 5800 Summary: 
[2024-12-16 04:19:32,180] INFO: 	 lr: 0.00030000000000000073 	 Training loss: 0.047120761796832084
[2024-12-16 04:19:38,702] INFO: Iter 5900 Summary: 
[2024-12-16 04:19:38,703] INFO: 	 lr: 0.00030000000000000073 	 Training loss: 0.04731571201235056
[2024-12-16 04:19:45,532] INFO: Iter 6000 Summary: 
[2024-12-16 04:19:45,532] INFO: 	 lr: 0.00030000000000000073 	 Training loss: 0.046700399070978164
[2024-12-16 04:19:52,342] INFO: Iter 6100 Summary: 
[2024-12-16 04:19:52,342] INFO: 	 lr: 0.00030000000000000073 	 Training loss: 0.046554459743201736
[2024-12-16 04:20:00,315] INFO: Iter 6200 Summary: 
[2024-12-16 04:20:00,315] INFO: 	 lr: 0.00030000000000000073 	 Training loss: 0.04688237529247999
[2024-12-16 04:20:07,110] INFO: Iter 6300 Summary: 
[2024-12-16 04:20:07,110] INFO: 	 lr: 0.00030000000000000073 	 Training loss: 0.04598911076784134
[2024-12-16 04:20:13,856] INFO: Iter 6400 Summary: 
[2024-12-16 04:20:13,856] INFO: 	 lr: 0.00030000000000000073 	 Training loss: 0.04626547113060951
[2024-12-16 04:20:20,648] INFO: Iter 6500 Summary: 
[2024-12-16 04:20:20,649] INFO: 	 lr: 0.00030000000000000073 	 Training loss: 0.04653972934931517
[2024-12-16 04:20:27,390] INFO: Iter 6600 Summary: 
[2024-12-16 04:20:27,390] INFO: 	 lr: 0.00030000000000000073 	 Training loss: 0.04611848272383213
[2024-12-16 04:20:33,861] INFO: Iter 6700 Summary: 
[2024-12-16 04:20:33,861] INFO: 	 lr: 0.00030000000000000073 	 Training loss: 0.04634077645838261
[2024-12-16 04:20:40,314] INFO: Iter 6800 Summary: 
[2024-12-16 04:20:40,314] INFO: 	 lr: 0.00030000000000000073 	 Training loss: 0.04610204014927149
[2024-12-16 04:20:47,441] INFO: Iter 6900 Summary: 
[2024-12-16 04:20:47,441] INFO: 	 lr: 0.00030000000000000073 	 Training loss: 0.04600412704050541
[2024-12-16 04:20:53,959] INFO: Iter 7000 Summary: 
[2024-12-16 04:20:53,959] INFO: 	 lr: 0.00030000000000000073 	 Training loss: 0.045946811176836494
[2024-12-16 04:21:00,456] INFO: Iter 7100 Summary: 
[2024-12-16 04:21:00,456] INFO: 	 lr: 0.00030000000000000073 	 Training loss: 0.045926868170499804
[2024-12-16 04:21:06,958] INFO: Iter 7200 Summary: 
[2024-12-16 04:21:06,958] INFO: 	 lr: 0.00030000000000000073 	 Training loss: 0.045893004424870015
[2024-12-16 04:21:13,443] INFO: Iter 7300 Summary: 
[2024-12-16 04:21:13,443] INFO: 	 lr: 0.00030000000000000073 	 Training loss: 0.045601042769849304
[2024-12-16 04:21:19,938] INFO: Iter 7400 Summary: 
[2024-12-16 04:21:19,938] INFO: 	 lr: 0.00030000000000000073 	 Training loss: 0.045678244754672054
[2024-12-16 04:21:26,419] INFO: Iter 7500 Summary: 
[2024-12-16 04:21:26,419] INFO: 	 lr: 0.00030000000000000073 	 Training loss: 0.045744004622101785
[2024-12-16 04:21:34,041] INFO: Iter 7600 Summary: 
[2024-12-16 04:21:34,042] INFO: 	 lr: 0.00030000000000000073 	 Training loss: 0.045571074187755585
[2024-12-16 04:21:40,546] INFO: Iter 7700 Summary: 
[2024-12-16 04:21:40,546] INFO: 	 lr: 0.00030000000000000073 	 Training loss: 0.0453879415243864
[2024-12-16 04:21:47,028] INFO: Iter 7800 Summary: 
[2024-12-16 04:21:47,028] INFO: 	 lr: 0.00030000000000000073 	 Training loss: 0.04502793561667204
[2024-12-16 04:21:53,515] INFO: Iter 7900 Summary: 
[2024-12-16 04:21:53,515] INFO: 	 lr: 0.00030000000000000073 	 Training loss: 0.04508908160030842
[2024-12-16 04:22:00,005] INFO: Iter 8000 Summary: 
[2024-12-16 04:22:00,005] INFO: 	 lr: 0.00030000000000000073 	 Training loss: 0.045171151868999004
[2024-12-16 04:22:06,494] INFO: Iter 8100 Summary: 
[2024-12-16 04:22:06,494] INFO: 	 lr: 0.00030000000000000073 	 Training loss: 0.04480257578194141
[2024-12-16 04:22:12,975] INFO: Iter 8200 Summary: 
[2024-12-16 04:22:12,975] INFO: 	 lr: 0.00030000000000000073 	 Training loss: 0.04487324718385935
[2024-12-16 04:22:20,536] INFO: Iter 8300 Summary: 
[2024-12-16 04:22:20,537] INFO: 	 lr: 0.00030000000000000073 	 Training loss: 0.04490505427122116
[2024-12-16 04:22:26,840] INFO: Iter 8400 Summary: 
[2024-12-16 04:22:26,840] INFO: 	 lr: 0.00030000000000000073 	 Training loss: 0.04475941140204668
[2024-12-16 04:22:32,808] INFO: Iter 8500 Summary: 
[2024-12-16 04:22:32,808] INFO: 	 lr: 0.00030000000000000073 	 Training loss: 0.04529930759221315
[2024-12-16 04:22:38,059] INFO: Iter 8600 Summary: 
[2024-12-16 04:22:38,059] INFO: 	 lr: 0.00030000000000000073 	 Training loss: 0.04447561893612147
[2024-12-16 04:22:43,911] INFO: Iter 8700 Summary: 
[2024-12-16 04:22:43,911] INFO: 	 lr: 0.00030000000000000073 	 Training loss: 0.04443668596446514
[2024-12-16 04:22:50,234] INFO: Iter 8800 Summary: 
[2024-12-16 04:22:50,235] INFO: 	 lr: 0.00030000000000000073 	 Training loss: 0.044812355116009714
[2024-12-16 04:22:56,678] INFO: Iter 8900 Summary: 
[2024-12-16 04:22:56,678] INFO: 	 lr: 0.00030000000000000073 	 Training loss: 0.04441938284784555
[2024-12-16 04:23:04,658] INFO: Iter 9000 Summary: 
[2024-12-16 04:23:04,658] INFO: 	 lr: 0.00030000000000000073 	 Training loss: 0.04443039249628782
[2024-12-16 04:23:11,165] INFO: Iter 9100 Summary: 
[2024-12-16 04:23:11,165] INFO: 	 lr: 0.00030000000000000073 	 Training loss: 0.044583058916032314
[2024-12-16 04:23:17,659] INFO: Iter 9200 Summary: 
[2024-12-16 04:23:17,659] INFO: 	 lr: 0.00030000000000000073 	 Training loss: 0.044505776576697825
[2024-12-16 04:23:23,720] INFO: Iter 9300 Summary: 
[2024-12-16 04:23:23,721] INFO: 	 lr: 0.00030000000000000073 	 Training loss: 0.044162497036159036
[2024-12-16 04:23:30,234] INFO: Iter 9400 Summary: 
[2024-12-16 04:23:30,234] INFO: 	 lr: 0.00030000000000000073 	 Training loss: 0.04407457072287798
[2024-12-16 04:23:36,730] INFO: Iter 9500 Summary: 
[2024-12-16 04:23:36,730] INFO: 	 lr: 0.00030000000000000073 	 Training loss: 0.04376942563802004
[2024-12-16 04:23:43,224] INFO: Iter 9600 Summary: 
[2024-12-16 04:23:43,224] INFO: 	 lr: 0.00030000000000000073 	 Training loss: 0.04382979489862919
[2024-12-16 04:23:50,840] INFO: Iter 9700 Summary: 
[2024-12-16 04:23:50,840] INFO: 	 lr: 0.00030000000000000073 	 Training loss: 0.04413698937743902
[2024-12-16 04:23:57,312] INFO: Iter 9800 Summary: 
[2024-12-16 04:23:57,312] INFO: 	 lr: 0.00030000000000000073 	 Training loss: 0.04407518528401852
[2024-12-16 04:24:03,819] INFO: Iter 9900 Summary: 
[2024-12-16 04:24:03,819] INFO: 	 lr: 0.00030000000000000073 	 Training loss: 0.04368497587740421
[2024-12-16 04:24:10,308] INFO: Iter 10000 Summary: 
[2024-12-16 04:24:10,308] INFO: 	 lr: 0.00030000000000000073 	 Training loss: 0.043713911660015585
[2024-12-16 04:24:18,783] INFO: Iter 10100 Summary: 
[2024-12-16 04:24:18,783] INFO: 	 lr: 0.00030000000000000073 	 Training loss: 0.04379542026668787
[2024-12-16 04:24:24,749] INFO: Iter 10200 Summary: 
[2024-12-16 04:24:24,749] INFO: 	 lr: 0.00030000000000000073 	 Training loss: 0.0436872648820281
[2024-12-16 04:24:31,264] INFO: Iter 10300 Summary: 
[2024-12-16 04:24:31,264] INFO: 	 lr: 0.00030000000000000073 	 Training loss: 0.04360946822911501
[2024-12-16 04:24:39,003] INFO: Iter 10400 Summary: 
[2024-12-16 04:24:39,003] INFO: 	 lr: 0.00030000000000000073 	 Training loss: 0.043938381262123585
[2024-12-16 04:24:45,520] INFO: Iter 10500 Summary: 
[2024-12-16 04:24:45,520] INFO: 	 lr: 0.00030000000000000073 	 Training loss: 0.0435600883513689
[2024-12-16 04:24:52,017] INFO: Iter 10600 Summary: 
[2024-12-16 04:24:52,018] INFO: 	 lr: 0.00030000000000000073 	 Training loss: 0.04353409171104431
[2024-12-16 04:24:58,541] INFO: Iter 10700 Summary: 
[2024-12-16 04:24:58,541] INFO: 	 lr: 0.00030000000000000073 	 Training loss: 0.0435442790389061
[2024-12-16 04:25:05,024] INFO: Iter 10800 Summary: 
[2024-12-16 04:25:05,024] INFO: 	 lr: 0.00030000000000000073 	 Training loss: 0.04331816490739584
[2024-12-16 04:25:11,609] INFO: Iter 10900 Summary: 
[2024-12-16 04:25:11,609] INFO: 	 lr: 0.00030000000000000073 	 Training loss: 0.04341339826583862
[2024-12-16 04:25:17,726] INFO: Iter 11000 Summary: 
[2024-12-16 04:25:17,726] INFO: 	 lr: 0.00030000000000000073 	 Training loss: 0.04336908206343651
[2024-12-16 04:25:25,522] INFO: Iter 11100 Summary: 
[2024-12-16 04:25:25,522] INFO: 	 lr: 0.00030000000000000073 	 Training loss: 0.04319858469069004
[2024-12-16 04:25:32,028] INFO: Iter 11200 Summary: 
[2024-12-16 04:25:32,028] INFO: 	 lr: 0.00030000000000000073 	 Training loss: 0.04339649047702551
[2024-12-16 04:25:38,450] INFO: Iter 11300 Summary: 
[2024-12-16 04:25:38,450] INFO: 	 lr: 0.00030000000000000073 	 Training loss: 0.04313465803861618
[2024-12-16 04:25:44,933] INFO: Iter 11400 Summary: 
[2024-12-16 04:25:44,933] INFO: 	 lr: 0.00030000000000000073 	 Training loss: 0.04334747847169638
[2024-12-16 04:25:51,452] INFO: Iter 11500 Summary: 
[2024-12-16 04:25:51,452] INFO: 	 lr: 0.00030000000000000073 	 Training loss: 0.04345438852906227
[2024-12-16 04:25:57,970] INFO: Iter 11600 Summary: 
[2024-12-16 04:25:57,970] INFO: 	 lr: 0.00030000000000000073 	 Training loss: 0.043218825533986094
[2024-12-16 04:26:05,596] INFO: Iter 11700 Summary: 
[2024-12-16 04:26:05,597] INFO: 	 lr: 0.00030000000000000073 	 Training loss: 0.04281212378293276
[2024-12-16 04:26:12,216] INFO: Iter 11800 Summary: 
[2024-12-16 04:26:12,216] INFO: 	 lr: 0.00030000000000000073 	 Training loss: 0.0431222315877676
[2024-12-16 04:26:18,744] INFO: Iter 11900 Summary: 
[2024-12-16 04:26:18,745] INFO: 	 lr: 0.00030000000000000073 	 Training loss: 0.04317646447569132
[2024-12-16 04:26:25,262] INFO: Iter 12000 Summary: 
[2024-12-16 04:26:25,262] INFO: 	 lr: 0.00030000000000000073 	 Training loss: 0.04343375712633133
[2024-12-16 04:26:31,782] INFO: Iter 12100 Summary: 
[2024-12-16 04:26:31,782] INFO: 	 lr: 0.00030000000000000073 	 Training loss: 0.04307691771537066
[2024-12-16 04:26:38,303] INFO: Iter 12200 Summary: 
[2024-12-16 04:26:38,303] INFO: 	 lr: 0.00030000000000000073 	 Training loss: 0.0429545209929347
[2024-12-16 04:26:44,813] INFO: Iter 12300 Summary: 
[2024-12-16 04:26:44,813] INFO: 	 lr: 0.00030000000000000073 	 Training loss: 0.04279481213539839
[2024-12-16 04:26:52,576] INFO: Iter 12400 Summary: 
[2024-12-16 04:26:52,576] INFO: 	 lr: 0.00030000000000000073 	 Training loss: 0.04290054004639387
[2024-12-16 04:26:58,663] INFO: Iter 12500 Summary: 
[2024-12-16 04:26:58,664] INFO: 	 lr: 0.00030000000000000073 	 Training loss: 0.042773656621575354
[2024-12-16 04:27:04,895] INFO: Iter 12600 Summary: 
[2024-12-16 04:27:04,895] INFO: 	 lr: 0.00030000000000000073 	 Training loss: 0.0427585019543767
[2024-12-16 04:27:11,375] INFO: Iter 12700 Summary: 
[2024-12-16 04:27:11,375] INFO: 	 lr: 0.00030000000000000073 	 Training loss: 0.04259600162506103
[2024-12-16 04:27:17,844] INFO: Iter 12800 Summary: 
[2024-12-16 04:27:17,844] INFO: 	 lr: 0.00030000000000000073 	 Training loss: 0.04258773826062679
[2024-12-16 04:27:23,483] INFO: Iter 12900 Summary: 
[2024-12-16 04:27:23,483] INFO: 	 lr: 0.00030000000000000073 	 Training loss: 0.042874997220933436
[2024-12-16 04:27:30,061] INFO: Iter 13000 Summary: 
[2024-12-16 04:27:30,061] INFO: 	 lr: 0.00030000000000000073 	 Training loss: 0.042991523891687394
[2024-12-16 04:27:37,920] INFO: Iter 13100 Summary: 
[2024-12-16 04:27:37,921] INFO: 	 lr: 0.00030000000000000073 	 Training loss: 0.04249956641346216
[2024-12-16 04:27:44,549] INFO: Iter 13200 Summary: 
[2024-12-16 04:27:44,550] INFO: 	 lr: 0.00030000000000000073 	 Training loss: 0.042590276673436164
[2024-12-16 04:27:51,007] INFO: Iter 13300 Summary: 
[2024-12-16 04:27:51,007] INFO: 	 lr: 0.00030000000000000073 	 Training loss: 0.042676047831773756
[2024-12-16 04:27:57,461] INFO: Iter 13400 Summary: 
[2024-12-16 04:27:57,461] INFO: 	 lr: 0.00030000000000000073 	 Training loss: 0.042650454752147196
[2024-12-16 04:28:03,941] INFO: Iter 13500 Summary: 
[2024-12-16 04:28:03,941] INFO: 	 lr: 0.00030000000000000073 	 Training loss: 0.042164905332028865
[2024-12-16 04:28:10,612] INFO: Iter 13600 Summary: 
[2024-12-16 04:28:10,612] INFO: 	 lr: 0.00030000000000000073 	 Training loss: 0.04226221572607756
[2024-12-16 04:28:17,138] INFO: Iter 13700 Summary: 
[2024-12-16 04:28:17,139] INFO: 	 lr: 0.00030000000000000073 	 Training loss: 0.04247674897313118
[2024-12-16 04:28:24,809] INFO: Iter 13800 Summary: 
[2024-12-16 04:28:24,810] INFO: 	 lr: 0.00030000000000000073 	 Training loss: 0.04264490764588118
[2024-12-16 04:28:31,321] INFO: Iter 13900 Summary: 
[2024-12-16 04:28:31,321] INFO: 	 lr: 0.00030000000000000073 	 Training loss: 0.042522227950394155
[2024-12-16 04:28:37,836] INFO: Iter 14000 Summary: 
[2024-12-16 04:28:37,836] INFO: 	 lr: 0.00030000000000000073 	 Training loss: 0.042363291233778
[2024-12-16 04:28:44,340] INFO: Iter 14100 Summary: 
[2024-12-16 04:28:44,340] INFO: 	 lr: 0.00030000000000000073 	 Training loss: 0.042429132983088494
[2024-12-16 04:28:50,825] INFO: Iter 14200 Summary: 
[2024-12-16 04:28:50,825] INFO: 	 lr: 0.00030000000000000073 	 Training loss: 0.04227812055498362
[2024-12-16 04:28:57,317] INFO: Iter 14300 Summary: 
[2024-12-16 04:28:57,317] INFO: 	 lr: 0.00030000000000000073 	 Training loss: 0.042533859834074976
[2024-12-16 04:29:03,808] INFO: Iter 14400 Summary: 
[2024-12-16 04:29:03,808] INFO: 	 lr: 0.00030000000000000073 	 Training loss: 0.042279742024838925
[2024-12-16 04:29:11,630] INFO: Iter 14500 Summary: 
[2024-12-16 04:29:11,630] INFO: 	 lr: 0.00030000000000000073 	 Training loss: 0.04233159948140383
[2024-12-16 04:29:18,133] INFO: Iter 14600 Summary: 
[2024-12-16 04:29:18,133] INFO: 	 lr: 0.00030000000000000073 	 Training loss: 0.04171292919665575
[2024-12-16 04:29:24,617] INFO: Iter 14700 Summary: 
[2024-12-16 04:29:24,618] INFO: 	 lr: 0.00030000000000000073 	 Training loss: 0.04207209669053555
[2024-12-16 04:29:31,099] INFO: Iter 14800 Summary: 
[2024-12-16 04:29:31,099] INFO: 	 lr: 0.00030000000000000073 	 Training loss: 0.04220120269805193
[2024-12-16 04:29:37,579] INFO: Iter 14900 Summary: 
[2024-12-16 04:29:37,579] INFO: 	 lr: 0.00030000000000000073 	 Training loss: 0.042352684587240216
[2024-12-16 04:29:44,066] INFO: Iter 15000 Summary: 
[2024-12-16 04:29:44,066] INFO: 	 lr: 0.00030000000000000073 	 Training loss: 0.0421501449495554
[2024-12-16 04:29:53,250] INFO: Iter 15100 Summary: 
[2024-12-16 04:29:53,251] INFO: 	 lr: 0.00030000000000000073 	 Training loss: 0.042050259672105315
[2024-12-16 04:30:00,801] INFO: Iter 15200 Summary: 
[2024-12-16 04:30:00,802] INFO: 	 lr: 0.00030000000000000073 	 Training loss: 0.04225090060383081
[2024-12-16 04:30:07,123] INFO: Iter 15300 Summary: 
[2024-12-16 04:30:07,123] INFO: 	 lr: 0.00030000000000000073 	 Training loss: 0.041789184622466564
[2024-12-16 04:30:13,603] INFO: Iter 15400 Summary: 
[2024-12-16 04:30:13,603] INFO: 	 lr: 0.00030000000000000073 	 Training loss: 0.042090019173920155
[2024-12-16 04:30:20,055] INFO: Iter 15500 Summary: 
[2024-12-16 04:30:20,055] INFO: 	 lr: 0.00030000000000000073 	 Training loss: 0.04188770458102226
[2024-12-16 04:30:26,563] INFO: Iter 15600 Summary: 
[2024-12-16 04:30:26,563] INFO: 	 lr: 0.00030000000000000073 	 Training loss: 0.041973973624408245
[2024-12-16 04:30:33,039] INFO: Iter 15700 Summary: 
[2024-12-16 04:30:33,039] INFO: 	 lr: 0.00030000000000000073 	 Training loss: 0.042236453481018545
[2024-12-16 04:30:39,519] INFO: Iter 15800 Summary: 
[2024-12-16 04:30:39,519] INFO: 	 lr: 0.00030000000000000073 	 Training loss: 0.041726832091808316
[2024-12-16 04:30:47,585] INFO: Iter 15900 Summary: 
[2024-12-16 04:30:47,586] INFO: 	 lr: 0.00030000000000000073 	 Training loss: 0.04167539283633232
[2024-12-16 04:30:54,147] INFO: Iter 16000 Summary: 
[2024-12-16 04:30:54,147] INFO: 	 lr: 0.00030000000000000073 	 Training loss: 0.041727958880364895
[2024-12-16 04:31:01,094] INFO: Iter 16100 Summary: 
[2024-12-16 04:31:01,094] INFO: 	 lr: 0.00030000000000000073 	 Training loss: 0.04201100122183561
[2024-12-16 04:31:07,701] INFO: Iter 16200 Summary: 
[2024-12-16 04:31:07,701] INFO: 	 lr: 0.00030000000000000073 	 Training loss: 0.04186966687440872
[2024-12-16 04:31:12,908] INFO: Iter 16300 Summary: 
[2024-12-16 04:31:12,908] INFO: 	 lr: 0.00030000000000000073 	 Training loss: 0.04178096279501915
[2024-12-16 04:31:19,133] INFO: Iter 16400 Summary: 
[2024-12-16 04:31:19,133] INFO: 	 lr: 0.00030000000000000073 	 Training loss: 0.041663753502070904
[2024-12-16 04:31:25,459] INFO: Iter 16500 Summary: 
[2024-12-16 04:31:25,459] INFO: 	 lr: 0.00030000000000000073 	 Training loss: 0.041686578877270224
[2024-12-16 04:31:33,367] INFO: Iter 16600 Summary: 
[2024-12-16 04:31:33,367] INFO: 	 lr: 0.00030000000000000073 	 Training loss: 0.04176111321896315
[2024-12-16 04:31:39,874] INFO: Iter 16700 Summary: 
[2024-12-16 04:31:39,874] INFO: 	 lr: 0.00030000000000000073 	 Training loss: 0.04172979909926653
[2024-12-16 04:31:46,381] INFO: Iter 16800 Summary: 
[2024-12-16 04:31:46,381] INFO: 	 lr: 0.00030000000000000073 	 Training loss: 0.041505521796643734
[2024-12-16 04:31:52,882] INFO: Iter 16900 Summary: 
[2024-12-16 04:31:52,882] INFO: 	 lr: 0.00030000000000000073 	 Training loss: 0.04164445288479328
[2024-12-16 04:31:59,382] INFO: Iter 17000 Summary: 
[2024-12-16 04:31:59,383] INFO: 	 lr: 0.00030000000000000073 	 Training loss: 0.041338595747947696
[2024-12-16 04:32:05,883] INFO: Iter 17100 Summary: 
[2024-12-16 04:32:05,883] INFO: 	 lr: 0.00030000000000000073 	 Training loss: 0.041761913001537324
[2024-12-16 04:32:12,443] INFO: Iter 17200 Summary: 
[2024-12-16 04:32:12,443] INFO: 	 lr: 0.00030000000000000073 	 Training loss: 0.04182767149060965
[2024-12-16 04:32:20,031] INFO: Iter 17300 Summary: 
[2024-12-16 04:32:20,031] INFO: 	 lr: 0.00030000000000000073 	 Training loss: 0.041407333947718145
[2024-12-16 04:32:26,541] INFO: Iter 17400 Summary: 
[2024-12-16 04:32:26,541] INFO: 	 lr: 0.00030000000000000073 	 Training loss: 0.041717613488435744
[2024-12-16 04:32:33,025] INFO: Iter 17500 Summary: 
[2024-12-16 04:32:33,025] INFO: 	 lr: 0.00030000000000000073 	 Training loss: 0.041508737802505496
[2024-12-16 04:32:39,525] INFO: Iter 17600 Summary: 
[2024-12-16 04:32:39,525] INFO: 	 lr: 0.00030000000000000073 	 Training loss: 0.041666304171085355
[2024-12-16 04:32:45,500] INFO: Iter 17700 Summary: 
[2024-12-16 04:32:45,500] INFO: 	 lr: 0.00030000000000000073 	 Training loss: 0.04158400572836399
[2024-12-16 04:32:51,990] INFO: Iter 17800 Summary: 
[2024-12-16 04:32:51,990] INFO: 	 lr: 0.00030000000000000073 	 Training loss: 0.041740092560648916
[2024-12-16 04:32:59,537] INFO: Iter 17900 Summary: 
[2024-12-16 04:32:59,537] INFO: 	 lr: 0.00030000000000000073 	 Training loss: 0.04166776575148105
[2024-12-16 04:33:06,064] INFO: Iter 18000 Summary: 
[2024-12-16 04:33:06,064] INFO: 	 lr: 0.00030000000000000073 	 Training loss: 0.04124903246760368
[2024-12-16 04:33:12,554] INFO: Iter 18100 Summary: 
[2024-12-16 04:33:12,554] INFO: 	 lr: 0.00030000000000000073 	 Training loss: 0.041333353966474536
[2024-12-16 04:33:19,046] INFO: Iter 18200 Summary: 
[2024-12-16 04:33:19,046] INFO: 	 lr: 0.00030000000000000073 	 Training loss: 0.041554436683654786
[2024-12-16 04:33:25,522] INFO: Iter 18300 Summary: 
[2024-12-16 04:33:25,522] INFO: 	 lr: 0.00030000000000000073 	 Training loss: 0.041479384787380696
[2024-12-16 04:33:32,014] INFO: Iter 18400 Summary: 
[2024-12-16 04:33:32,014] INFO: 	 lr: 0.00030000000000000073 	 Training loss: 0.04141427867114544
[2024-12-16 04:33:38,505] INFO: Iter 18500 Summary: 
[2024-12-16 04:33:38,505] INFO: 	 lr: 0.00030000000000000073 	 Training loss: 0.04151022709906101
[2024-12-16 04:33:46,164] INFO: Iter 18600 Summary: 
[2024-12-16 04:33:46,165] INFO: 	 lr: 0.00030000000000000073 	 Training loss: 0.04151833761483431
[2024-12-16 04:33:52,686] INFO: Iter 18700 Summary: 
[2024-12-16 04:33:52,686] INFO: 	 lr: 0.00030000000000000073 	 Training loss: 0.041203824952244755
[2024-12-16 04:33:59,196] INFO: Iter 18800 Summary: 
[2024-12-16 04:33:59,196] INFO: 	 lr: 0.00030000000000000073 	 Training loss: 0.04128326147794723
[2024-12-16 04:34:05,728] INFO: Iter 18900 Summary: 
[2024-12-16 04:34:05,728] INFO: 	 lr: 0.00030000000000000073 	 Training loss: 0.04119705259799957
[2024-12-16 04:34:12,215] INFO: Iter 19000 Summary: 
[2024-12-16 04:34:12,215] INFO: 	 lr: 0.00030000000000000073 	 Training loss: 0.04161746375262737
[2024-12-16 04:34:18,698] INFO: Iter 19100 Summary: 
[2024-12-16 04:34:18,698] INFO: 	 lr: 0.00030000000000000073 	 Training loss: 0.04126786567270756
[2024-12-16 04:34:25,185] INFO: Iter 19200 Summary: 
[2024-12-16 04:34:25,185] INFO: 	 lr: 0.00030000000000000073 	 Training loss: 0.04127295427024365
[2024-12-16 04:34:33,060] INFO: Iter 19300 Summary: 
[2024-12-16 04:34:33,060] INFO: 	 lr: 0.00030000000000000073 	 Training loss: 0.04148936536163092
[2024-12-16 04:34:39,572] INFO: Iter 19400 Summary: 
[2024-12-16 04:34:39,573] INFO: 	 lr: 0.00030000000000000073 	 Training loss: 0.0411627696827054
[2024-12-16 04:34:46,060] INFO: Iter 19500 Summary: 
[2024-12-16 04:34:46,061] INFO: 	 lr: 0.00030000000000000073 	 Training loss: 0.04123559966683388
[2024-12-16 04:34:52,567] INFO: Iter 19600 Summary: 
[2024-12-16 04:34:52,567] INFO: 	 lr: 0.00030000000000000073 	 Training loss: 0.04165386795997619
[2024-12-16 04:34:59,053] INFO: Iter 19700 Summary: 
[2024-12-16 04:34:59,054] INFO: 	 lr: 0.00030000000000000073 	 Training loss: 0.04146578572690487
[2024-12-16 04:35:05,533] INFO: Iter 19800 Summary: 
[2024-12-16 04:35:05,534] INFO: 	 lr: 0.00030000000000000073 	 Training loss: 0.04122349940240383
[2024-12-16 04:35:12,022] INFO: Iter 19900 Summary: 
[2024-12-16 04:35:12,022] INFO: 	 lr: 0.00030000000000000073 	 Training loss: 0.04122019443660974
[2024-12-16 04:35:19,977] INFO: Iter 20000 Summary: 
[2024-12-16 04:35:19,977] INFO: 	 lr: 0.00030000000000000073 	 Training loss: 0.04123985230922699
[2024-12-16 04:35:29,191] INFO: Iter 20100 Summary: 
[2024-12-16 04:35:29,192] INFO: 	 lr: 0.00030000000000000073 	 Training loss: 0.04109574731439352
[2024-12-16 04:35:35,697] INFO: Iter 20200 Summary: 
[2024-12-16 04:35:35,697] INFO: 	 lr: 0.00030000000000000073 	 Training loss: 0.040994485802948476
[2024-12-16 04:35:42,193] INFO: Iter 20300 Summary: 
[2024-12-16 04:35:42,193] INFO: 	 lr: 0.00030000000000000073 	 Training loss: 0.04149622652679682
[2024-12-16 04:35:48,671] INFO: Iter 20400 Summary: 
[2024-12-16 04:35:48,671] INFO: 	 lr: 0.00030000000000000073 	 Training loss: 0.041551615223288534
[2024-12-16 04:35:54,906] INFO: Iter 20500 Summary: 
[2024-12-16 04:35:54,906] INFO: 	 lr: 0.00030000000000000073 	 Training loss: 0.041037715896964075
[2024-12-16 04:36:01,385] INFO: Iter 20600 Summary: 
[2024-12-16 04:36:01,385] INFO: 	 lr: 0.00030000000000000073 	 Training loss: 0.04142134457826614
[2024-12-16 04:36:09,199] INFO: Iter 20700 Summary: 
[2024-12-16 04:36:09,199] INFO: 	 lr: 0.00030000000000000073 	 Training loss: 0.04099318858236074
[2024-12-16 04:36:15,700] INFO: Iter 20800 Summary: 
[2024-12-16 04:36:15,700] INFO: 	 lr: 0.00030000000000000073 	 Training loss: 0.04093763794749975
[2024-12-16 04:36:22,201] INFO: Iter 20900 Summary: 
[2024-12-16 04:36:22,201] INFO: 	 lr: 0.00030000000000000073 	 Training loss: 0.04115222875028848
[2024-12-16 04:36:28,701] INFO: Iter 21000 Summary: 
[2024-12-16 04:36:28,701] INFO: 	 lr: 0.00030000000000000073 	 Training loss: 0.04123066421598196
[2024-12-16 04:36:35,197] INFO: Iter 21100 Summary: 
[2024-12-16 04:36:35,198] INFO: 	 lr: 0.00030000000000000073 	 Training loss: 0.04125389859080315
[2024-12-16 04:36:41,652] INFO: Iter 21200 Summary: 
[2024-12-16 04:36:41,652] INFO: 	 lr: 0.00030000000000000073 	 Training loss: 0.04102197919040918
[2024-12-16 04:36:48,136] INFO: Iter 21300 Summary: 
[2024-12-16 04:36:48,136] INFO: 	 lr: 0.00030000000000000073 	 Training loss: 0.041047155298292635
[2024-12-16 04:36:55,786] INFO: Iter 21400 Summary: 
[2024-12-16 04:36:55,787] INFO: 	 lr: 0.00030000000000000073 	 Training loss: 0.040943441316485404
[2024-12-16 04:37:02,296] INFO: Iter 21500 Summary: 
[2024-12-16 04:37:02,296] INFO: 	 lr: 0.00030000000000000073 	 Training loss: 0.04091845747083425
[2024-12-16 04:37:08,795] INFO: Iter 21600 Summary: 
[2024-12-16 04:37:08,795] INFO: 	 lr: 0.00030000000000000073 	 Training loss: 0.04117002665996552
[2024-12-16 04:37:15,310] INFO: Iter 21700 Summary: 
[2024-12-16 04:37:15,311] INFO: 	 lr: 0.00030000000000000073 	 Training loss: 0.04104152772575617
[2024-12-16 04:37:21,742] INFO: Iter 21800 Summary: 
[2024-12-16 04:37:21,742] INFO: 	 lr: 0.00030000000000000073 	 Training loss: 0.04121839169412851
[2024-12-16 04:37:27,895] INFO: Iter 21900 Summary: 
[2024-12-16 04:37:27,895] INFO: 	 lr: 0.00030000000000000073 	 Training loss: 0.04085312932729721
[2024-12-16 04:37:33,572] INFO: Iter 22000 Summary: 
[2024-12-16 04:37:33,572] INFO: 	 lr: 0.00030000000000000073 	 Training loss: 0.041098527982831
[2024-12-16 04:37:41,208] INFO: Iter 22100 Summary: 
[2024-12-16 04:37:41,209] INFO: 	 lr: 0.00030000000000000073 	 Training loss: 0.041105187088251116
[2024-12-16 04:37:47,712] INFO: Iter 22200 Summary: 
[2024-12-16 04:37:47,712] INFO: 	 lr: 0.00030000000000000073 	 Training loss: 0.040790384225547316
[2024-12-16 04:37:54,204] INFO: Iter 22300 Summary: 
[2024-12-16 04:37:54,204] INFO: 	 lr: 0.00030000000000000073 	 Training loss: 0.04107116930186749
[2024-12-16 04:38:00,334] INFO: Iter 22400 Summary: 
[2024-12-16 04:38:00,334] INFO: 	 lr: 0.00030000000000000073 	 Training loss: 0.040794744864106176
[2024-12-16 04:38:06,753] INFO: Iter 22500 Summary: 
[2024-12-16 04:38:06,753] INFO: 	 lr: 0.00030000000000000073 	 Training loss: 0.04088544957339764
[2024-12-16 04:38:13,345] INFO: Iter 22600 Summary: 
[2024-12-16 04:38:13,345] INFO: 	 lr: 0.00030000000000000073 	 Training loss: 0.041224819421768186
[2024-12-16 04:38:19,839] INFO: Iter 22700 Summary: 
[2024-12-16 04:38:19,839] INFO: 	 lr: 0.00030000000000000073 	 Training loss: 0.04075788963586092
[2024-12-16 04:38:27,357] INFO: Iter 22800 Summary: 
[2024-12-16 04:38:27,357] INFO: 	 lr: 0.00030000000000000073 	 Training loss: 0.041167649999260904
[2024-12-16 04:38:33,772] INFO: Iter 22900 Summary: 
[2024-12-16 04:38:33,772] INFO: 	 lr: 0.00030000000000000073 	 Training loss: 0.04070183001458645
[2024-12-16 04:38:40,278] INFO: Iter 23000 Summary: 
[2024-12-16 04:38:40,278] INFO: 	 lr: 0.00030000000000000073 	 Training loss: 0.04090700305998325
[2024-12-16 04:38:46,780] INFO: Iter 23100 Summary: 
[2024-12-16 04:38:46,780] INFO: 	 lr: 0.00030000000000000073 	 Training loss: 0.040900208503007886
[2024-12-16 04:38:53,271] INFO: Iter 23200 Summary: 
[2024-12-16 04:38:53,271] INFO: 	 lr: 0.00030000000000000073 	 Training loss: 0.04082906983792782
[2024-12-16 04:38:59,753] INFO: Iter 23300 Summary: 
[2024-12-16 04:38:59,754] INFO: 	 lr: 0.00030000000000000073 	 Training loss: 0.04097745716571808
[2024-12-16 04:39:07,453] INFO: Iter 23400 Summary: 
[2024-12-16 04:39:07,454] INFO: 	 lr: 0.00030000000000000073 	 Training loss: 0.04049952372908592
[2024-12-16 04:39:13,557] INFO: Iter 23500 Summary: 
[2024-12-16 04:39:13,557] INFO: 	 lr: 0.00030000000000000073 	 Training loss: 0.040939840488135815
[2024-12-16 04:39:19,982] INFO: Iter 23600 Summary: 
[2024-12-16 04:39:19,983] INFO: 	 lr: 0.00030000000000000073 	 Training loss: 0.04097253076732159
[2024-12-16 04:39:26,508] INFO: Iter 23700 Summary: 
[2024-12-16 04:39:26,508] INFO: 	 lr: 0.00030000000000000073 	 Training loss: 0.04088810484856367
[2024-12-16 04:39:33,019] INFO: Iter 23800 Summary: 
[2024-12-16 04:39:33,020] INFO: 	 lr: 0.00030000000000000073 	 Training loss: 0.04073044218122959
[2024-12-16 04:39:39,507] INFO: Iter 23900 Summary: 
[2024-12-16 04:39:39,507] INFO: 	 lr: 0.00030000000000000073 	 Training loss: 0.040868540182709696
[2024-12-16 04:39:46,021] INFO: Iter 24000 Summary: 
[2024-12-16 04:39:46,021] INFO: 	 lr: 0.00030000000000000073 	 Training loss: 0.04077165391296148
[2024-12-16 04:39:53,760] INFO: Iter 24100 Summary: 
[2024-12-16 04:39:53,761] INFO: 	 lr: 0.00030000000000000073 	 Training loss: 0.040799287110567094
[2024-12-16 04:40:00,273] INFO: Iter 24200 Summary: 
[2024-12-16 04:40:00,273] INFO: 	 lr: 0.00030000000000000073 	 Training loss: 0.0406086516007781
[2024-12-16 04:40:06,737] INFO: Iter 24300 Summary: 
[2024-12-16 04:40:06,737] INFO: 	 lr: 0.00030000000000000073 	 Training loss: 0.04045327223837376
[2024-12-16 04:40:13,234] INFO: Iter 24400 Summary: 
[2024-12-16 04:40:13,234] INFO: 	 lr: 0.00030000000000000073 	 Training loss: 0.04087002839893103
[2024-12-16 04:40:19,468] INFO: Iter 24500 Summary: 
[2024-12-16 04:40:19,468] INFO: 	 lr: 0.00030000000000000073 	 Training loss: 0.04085267018526793
[2024-12-16 04:40:24,798] INFO: Iter 24600 Summary: 
[2024-12-16 04:40:24,798] INFO: 	 lr: 0.00030000000000000073 	 Training loss: 0.040823228880763056
[2024-12-16 04:40:30,740] INFO: Iter 24700 Summary: 
[2024-12-16 04:40:30,740] INFO: 	 lr: 0.00030000000000000073 	 Training loss: 0.040812984742224216
[2024-12-16 04:40:38,137] INFO: Iter 24800 Summary: 
[2024-12-16 04:40:38,138] INFO: 	 lr: 0.00030000000000000073 	 Training loss: 0.040843726918101314
[2024-12-16 04:40:44,554] INFO: Iter 24900 Summary: 
[2024-12-16 04:40:44,555] INFO: 	 lr: 0.00030000000000000073 	 Training loss: 0.04045979205518961
[2024-12-16 04:40:50,351] INFO: Iter 25000 Summary: 
[2024-12-16 04:40:50,351] INFO: 	 lr: 0.00030000000000000073 	 Training loss: 0.040830975510179994
[2024-12-16 04:40:58,998] INFO: Iter 25100 Summary: 
[2024-12-16 04:40:58,998] INFO: 	 lr: 0.00030000000000000073 	 Training loss: 0.04090741157531738
[2024-12-16 04:41:05,383] INFO: Iter 25200 Summary: 
[2024-12-16 04:41:05,383] INFO: 	 lr: 0.00030000000000000073 	 Training loss: 0.04087202142924071
[2024-12-16 04:41:11,875] INFO: Iter 25300 Summary: 
[2024-12-16 04:41:11,875] INFO: 	 lr: 0.00030000000000000073 	 Training loss: 0.04035466358065605
[2024-12-16 04:41:18,349] INFO: Iter 25400 Summary: 
[2024-12-16 04:41:18,349] INFO: 	 lr: 0.00030000000000000073 	 Training loss: 0.04104183934628963
[2024-12-16 04:41:26,221] INFO: Iter 25500 Summary: 
[2024-12-16 04:41:26,222] INFO: 	 lr: 0.00030000000000000073 	 Training loss: 0.04066077809780836
[2024-12-16 04:41:32,758] INFO: Iter 25600 Summary: 
[2024-12-16 04:41:32,758] INFO: 	 lr: 0.00030000000000000073 	 Training loss: 0.04073800284415483
[2024-12-16 04:41:39,165] INFO: Iter 25700 Summary: 
[2024-12-16 04:41:39,165] INFO: 	 lr: 0.00030000000000000073 	 Training loss: 0.04036426234990358
[2024-12-16 04:41:45,683] INFO: Iter 25800 Summary: 
[2024-12-16 04:41:45,684] INFO: 	 lr: 0.00030000000000000073 	 Training loss: 0.040688414499163626
[2024-12-16 04:41:52,122] INFO: Iter 25900 Summary: 
[2024-12-16 04:41:52,123] INFO: 	 lr: 0.00030000000000000073 	 Training loss: 0.04069281008094549
[2024-12-16 04:41:57,990] INFO: Iter 26000 Summary: 
[2024-12-16 04:41:57,990] INFO: 	 lr: 0.00030000000000000073 	 Training loss: 0.04074625704437494
[2024-12-16 04:42:04,455] INFO: Iter 26100 Summary: 
[2024-12-16 04:42:04,455] INFO: 	 lr: 0.00030000000000000073 	 Training loss: 0.04096853338181972
[2024-12-16 04:42:12,242] INFO: Iter 26200 Summary: 
[2024-12-16 04:42:12,242] INFO: 	 lr: 0.00030000000000000073 	 Training loss: 0.040649370923638344
[2024-12-16 04:42:18,726] INFO: Iter 26300 Summary: 
[2024-12-16 04:42:18,726] INFO: 	 lr: 0.00030000000000000073 	 Training loss: 0.040776256769895554
[2024-12-16 04:42:25,206] INFO: Iter 26400 Summary: 
[2024-12-16 04:42:25,206] INFO: 	 lr: 0.00030000000000000073 	 Training loss: 0.040737080462276934
[2024-12-16 04:42:31,690] INFO: Iter 26500 Summary: 
[2024-12-16 04:42:31,690] INFO: 	 lr: 0.00030000000000000073 	 Training loss: 0.040458330698311326
[2024-12-16 04:42:38,156] INFO: Iter 26600 Summary: 
[2024-12-16 04:42:38,156] INFO: 	 lr: 0.00030000000000000073 	 Training loss: 0.04040178894996643
[2024-12-16 04:42:44,636] INFO: Iter 26700 Summary: 
[2024-12-16 04:42:44,636] INFO: 	 lr: 0.00030000000000000073 	 Training loss: 0.04059433899819851
[2024-12-16 04:42:51,115] INFO: Iter 26800 Summary: 
[2024-12-16 04:42:51,115] INFO: 	 lr: 0.00030000000000000073 	 Training loss: 0.04052734848111868
[2024-12-16 04:42:58,747] INFO: Iter 26900 Summary: 
[2024-12-16 04:42:58,748] INFO: 	 lr: 0.00030000000000000073 	 Training loss: 0.04046103160828352
[2024-12-16 04:43:05,255] INFO: Iter 27000 Summary: 
[2024-12-16 04:43:05,255] INFO: 	 lr: 0.00030000000000000073 	 Training loss: 0.040657382346689704
[2024-12-16 04:43:11,733] INFO: Iter 27100 Summary: 
[2024-12-16 04:43:11,733] INFO: 	 lr: 0.00030000000000000073 	 Training loss: 0.040422117710113524
[2024-12-16 04:43:18,024] INFO: Iter 27200 Summary: 
[2024-12-16 04:43:18,024] INFO: 	 lr: 0.00030000000000000073 	 Training loss: 0.04104008208960295
[2024-12-16 04:43:24,379] INFO: Iter 27300 Summary: 
[2024-12-16 04:43:24,379] INFO: 	 lr: 0.00030000000000000073 	 Training loss: 0.04045205198228359
[2024-12-16 04:43:30,357] INFO: Iter 27400 Summary: 
[2024-12-16 04:43:30,357] INFO: 	 lr: 0.00030000000000000073 	 Training loss: 0.040298805609345435
[2024-12-16 04:43:36,964] INFO: Iter 27500 Summary: 
[2024-12-16 04:43:36,964] INFO: 	 lr: 0.00030000000000000073 	 Training loss: 0.04046914733946323
[2024-12-16 04:43:43,775] INFO: Iter 27600 Summary: 
[2024-12-16 04:43:43,775] INFO: 	 lr: 0.00030000000000000073 	 Training loss: 0.04055608049035073
[2024-12-16 04:43:50,023] INFO: Iter 27700 Summary: 
[2024-12-16 04:43:50,023] INFO: 	 lr: 0.00030000000000000073 	 Training loss: 0.04046495784074068
[2024-12-16 04:43:56,516] INFO: Iter 27800 Summary: 
[2024-12-16 04:43:56,517] INFO: 	 lr: 0.00030000000000000073 	 Training loss: 0.04053985819220543
[2024-12-16 04:44:02,997] INFO: Iter 27900 Summary: 
[2024-12-16 04:44:02,997] INFO: 	 lr: 0.00030000000000000073 	 Training loss: 0.04047370959073305
[2024-12-16 04:44:09,478] INFO: Iter 28000 Summary: 
[2024-12-16 04:44:09,479] INFO: 	 lr: 0.00030000000000000073 	 Training loss: 0.04045964151620865
[2024-12-16 04:44:15,953] INFO: Iter 28100 Summary: 
[2024-12-16 04:44:15,954] INFO: 	 lr: 0.00030000000000000073 	 Training loss: 0.040786209888756274
[2024-12-16 04:44:22,473] INFO: Iter 28200 Summary: 
[2024-12-16 04:44:22,473] INFO: 	 lr: 0.00030000000000000073 	 Training loss: 0.040154792480170724
[2024-12-16 04:44:30,082] INFO: Iter 28300 Summary: 
[2024-12-16 04:44:30,082] INFO: 	 lr: 0.00030000000000000073 	 Training loss: 0.04039567522704601
[2024-12-16 04:44:36,573] INFO: Iter 28400 Summary: 
[2024-12-16 04:44:36,573] INFO: 	 lr: 0.00030000000000000073 	 Training loss: 0.04001549646258354
[2024-12-16 04:44:43,057] INFO: Iter 28500 Summary: 
[2024-12-16 04:44:43,057] INFO: 	 lr: 0.00030000000000000073 	 Training loss: 0.040435443557798864
[2024-12-16 04:44:49,541] INFO: Iter 28600 Summary: 
[2024-12-16 04:44:49,541] INFO: 	 lr: 0.00030000000000000073 	 Training loss: 0.040634578503668306
[2024-12-16 04:44:56,023] INFO: Iter 28700 Summary: 
[2024-12-16 04:44:56,023] INFO: 	 lr: 0.00030000000000000073 	 Training loss: 0.040550479181110856
[2024-12-16 04:45:02,507] INFO: Iter 28800 Summary: 
[2024-12-16 04:45:02,507] INFO: 	 lr: 0.00030000000000000073 	 Training loss: 0.04052078168839216
[2024-12-16 04:45:10,013] INFO: Iter 28900 Summary: 
[2024-12-16 04:45:10,013] INFO: 	 lr: 0.00030000000000000073 	 Training loss: 0.04026126135140658
[2024-12-16 04:45:16,634] INFO: Iter 29000 Summary: 
[2024-12-16 04:45:16,634] INFO: 	 lr: 0.00030000000000000073 	 Training loss: 0.04022005345672369
[2024-12-16 04:45:23,134] INFO: Iter 29100 Summary: 
[2024-12-16 04:45:23,134] INFO: 	 lr: 0.00030000000000000073 	 Training loss: 0.04040725938975811
[2024-12-16 04:45:29,621] INFO: Iter 29200 Summary: 
[2024-12-16 04:45:29,622] INFO: 	 lr: 0.00030000000000000073 	 Training loss: 0.04044656831771135
[2024-12-16 04:45:36,116] INFO: Iter 29300 Summary: 
[2024-12-16 04:45:36,116] INFO: 	 lr: 0.00030000000000000073 	 Training loss: 0.04057119209319353
[2024-12-16 04:45:42,605] INFO: Iter 29400 Summary: 
[2024-12-16 04:45:42,605] INFO: 	 lr: 0.00030000000000000073 	 Training loss: 0.040390940494835374
[2024-12-16 04:45:49,225] INFO: Iter 29500 Summary: 
[2024-12-16 04:45:49,225] INFO: 	 lr: 0.00030000000000000073 	 Training loss: 0.0402195605635643
[2024-12-16 04:45:57,347] INFO: Iter 29600 Summary: 
[2024-12-16 04:45:57,347] INFO: 	 lr: 0.00030000000000000073 	 Training loss: 0.040265105478465554
[2024-12-16 04:46:03,735] INFO: Iter 29700 Summary: 
[2024-12-16 04:46:03,735] INFO: 	 lr: 0.00030000000000000073 	 Training loss: 0.040721950307488444
[2024-12-16 04:46:09,502] INFO: Iter 29800 Summary: 
[2024-12-16 04:46:09,503] INFO: 	 lr: 0.00030000000000000073 	 Training loss: 0.040059258826076985
[2024-12-16 04:46:16,013] INFO: Iter 29900 Summary: 
[2024-12-16 04:46:16,013] INFO: 	 lr: 0.00030000000000000073 	 Training loss: 0.04025226071476937
[2024-12-16 04:46:22,525] INFO: Iter 30000 Summary: 
[2024-12-16 04:46:22,526] INFO: 	 lr: 0.00030000000000000073 	 Training loss: 0.04011922612786293
[2024-12-16 04:46:31,511] INFO: Iter 30100 Summary: 
[2024-12-16 04:46:31,511] INFO: 	 lr: 1.2900000000000026e-05 	 Training loss: 0.03930074274539948
[2024-12-16 04:46:38,009] INFO: Iter 30200 Summary: 
[2024-12-16 04:46:38,010] INFO: 	 lr: 1.000000000000002e-05 	 Training loss: 0.03912636011838913
[2024-12-16 04:46:45,715] INFO: Iter 30300 Summary: 
[2024-12-16 04:46:45,715] INFO: 	 lr: 1.000000000000002e-05 	 Training loss: 0.038841860108077525
[2024-12-16 04:46:52,238] INFO: Iter 30400 Summary: 
[2024-12-16 04:46:52,239] INFO: 	 lr: 1.000000000000002e-05 	 Training loss: 0.0388325297832489
[2024-12-16 04:46:58,729] INFO: Iter 30500 Summary: 
[2024-12-16 04:46:58,729] INFO: 	 lr: 1.000000000000002e-05 	 Training loss: 0.03900744676589966
[2024-12-16 04:47:05,228] INFO: Iter 30600 Summary: 
[2024-12-16 04:47:05,228] INFO: 	 lr: 1.000000000000002e-05 	 Training loss: 0.0387476209551096
[2024-12-16 04:47:11,732] INFO: Iter 30700 Summary: 
[2024-12-16 04:47:11,732] INFO: 	 lr: 1.000000000000002e-05 	 Training loss: 0.03851093921810388
[2024-12-16 04:47:18,240] INFO: Iter 30800 Summary: 
[2024-12-16 04:47:18,240] INFO: 	 lr: 1.000000000000002e-05 	 Training loss: 0.03856276471167803
[2024-12-16 04:47:24,740] INFO: Iter 30900 Summary: 
[2024-12-16 04:47:24,741] INFO: 	 lr: 1.000000000000002e-05 	 Training loss: 0.03844422224909067
[2024-12-16 04:47:32,359] INFO: Iter 31000 Summary: 
[2024-12-16 04:47:32,359] INFO: 	 lr: 1.000000000000002e-05 	 Training loss: 0.03890180766582489
[2024-12-16 04:47:37,956] INFO: Iter 31100 Summary: 
[2024-12-16 04:47:37,956] INFO: 	 lr: 1.000000000000002e-05 	 Training loss: 0.03859836380928755
[2024-12-16 04:47:43,640] INFO: Iter 31200 Summary: 
[2024-12-16 04:47:43,640] INFO: 	 lr: 1.000000000000002e-05 	 Training loss: 0.038446587175130845
[2024-12-16 04:47:50,042] INFO: Iter 31300 Summary: 
[2024-12-16 04:47:50,042] INFO: 	 lr: 1.000000000000002e-05 	 Training loss: 0.03857989985495806
[2024-12-16 04:47:56,736] INFO: Iter 31400 Summary: 
[2024-12-16 04:47:56,736] INFO: 	 lr: 1.000000000000002e-05 	 Training loss: 0.03879093073308468
[2024-12-16 04:48:02,630] INFO: Iter 31500 Summary: 
[2024-12-16 04:48:02,631] INFO: 	 lr: 1.000000000000002e-05 	 Training loss: 0.038565466441214086
[2024-12-16 04:48:09,116] INFO: Iter 31600 Summary: 
[2024-12-16 04:48:09,116] INFO: 	 lr: 1.000000000000002e-05 	 Training loss: 0.03822616711258888
[2024-12-16 04:48:16,769] INFO: Iter 31700 Summary: 
[2024-12-16 04:48:16,770] INFO: 	 lr: 1.000000000000002e-05 	 Training loss: 0.03841791540384293
[2024-12-16 04:48:23,295] INFO: Iter 31800 Summary: 
[2024-12-16 04:48:23,295] INFO: 	 lr: 1.000000000000002e-05 	 Training loss: 0.038423560820519925
[2024-12-16 04:48:29,539] INFO: Iter 31900 Summary: 
[2024-12-16 04:48:29,539] INFO: 	 lr: 1.000000000000002e-05 	 Training loss: 0.038557854555547236
[2024-12-16 04:48:36,049] INFO: Iter 32000 Summary: 
[2024-12-16 04:48:36,049] INFO: 	 lr: 1.000000000000002e-05 	 Training loss: 0.03847215574234724
[2024-12-16 04:48:42,554] INFO: Iter 32100 Summary: 
[2024-12-16 04:48:42,554] INFO: 	 lr: 1.000000000000002e-05 	 Training loss: 0.03815635070204735
[2024-12-16 04:48:49,198] INFO: Iter 32200 Summary: 
[2024-12-16 04:48:49,198] INFO: 	 lr: 1.000000000000002e-05 	 Training loss: 0.03832738287746906
[2024-12-16 04:48:56,010] INFO: Iter 32300 Summary: 
[2024-12-16 04:48:56,010] INFO: 	 lr: 1.000000000000002e-05 	 Training loss: 0.03850976575165987
[2024-12-16 04:49:04,078] INFO: Iter 32400 Summary: 
[2024-12-16 04:49:04,079] INFO: 	 lr: 1.000000000000002e-05 	 Training loss: 0.038255556970834735
[2024-12-16 04:49:10,909] INFO: Iter 32500 Summary: 
[2024-12-16 04:49:10,910] INFO: 	 lr: 1.000000000000002e-05 	 Training loss: 0.03851555351167917
[2024-12-16 04:49:17,714] INFO: Iter 32600 Summary: 
[2024-12-16 04:49:17,714] INFO: 	 lr: 1.000000000000002e-05 	 Training loss: 0.03842054650187492
[2024-12-16 04:49:24,627] INFO: Iter 32700 Summary: 
[2024-12-16 04:49:24,627] INFO: 	 lr: 1.000000000000002e-05 	 Training loss: 0.03825499657541513
[2024-12-16 04:49:31,461] INFO: Iter 32800 Summary: 
[2024-12-16 04:49:31,461] INFO: 	 lr: 1.000000000000002e-05 	 Training loss: 0.038519184440374374
[2024-12-16 04:49:38,229] INFO: Iter 32900 Summary: 
[2024-12-16 04:49:38,229] INFO: 	 lr: 1.000000000000002e-05 	 Training loss: 0.03833772961050272
[2024-12-16 04:49:44,733] INFO: Iter 33000 Summary: 
[2024-12-16 04:49:44,733] INFO: 	 lr: 1.000000000000002e-05 	 Training loss: 0.03831325069069862
[2024-12-16 04:49:52,359] INFO: Iter 33100 Summary: 
[2024-12-16 04:49:52,359] INFO: 	 lr: 1.000000000000002e-05 	 Training loss: 0.03845510970801115
[2024-12-16 04:49:58,849] INFO: Iter 33200 Summary: 
[2024-12-16 04:49:58,849] INFO: 	 lr: 1.000000000000002e-05 	 Training loss: 0.03848253909498453
[2024-12-16 04:50:05,349] INFO: Iter 33300 Summary: 
[2024-12-16 04:50:05,350] INFO: 	 lr: 1.000000000000002e-05 	 Training loss: 0.0383833659440279
[2024-12-16 04:50:11,835] INFO: Iter 33400 Summary: 
[2024-12-16 04:50:11,835] INFO: 	 lr: 1.000000000000002e-05 	 Training loss: 0.03796376075595617
[2024-12-16 04:50:18,325] INFO: Iter 33500 Summary: 
[2024-12-16 04:50:18,325] INFO: 	 lr: 1.000000000000002e-05 	 Training loss: 0.03816024884581566
[2024-12-16 04:50:24,813] INFO: Iter 33600 Summary: 
[2024-12-16 04:50:24,814] INFO: 	 lr: 1.000000000000002e-05 	 Training loss: 0.038168765045702456
[2024-12-16 04:50:31,321] INFO: Iter 33700 Summary: 
[2024-12-16 04:50:31,322] INFO: 	 lr: 1.000000000000002e-05 	 Training loss: 0.03838253658264876
[2024-12-16 04:50:39,136] INFO: Iter 33800 Summary: 
[2024-12-16 04:50:39,136] INFO: 	 lr: 1.000000000000002e-05 	 Training loss: 0.038343731202185156
[2024-12-16 04:50:45,426] INFO: Iter 33900 Summary: 
[2024-12-16 04:50:45,426] INFO: 	 lr: 1.000000000000002e-05 	 Training loss: 0.038055717274546624
[2024-12-16 04:50:51,699] INFO: Iter 34000 Summary: 
[2024-12-16 04:50:51,699] INFO: 	 lr: 1.000000000000002e-05 	 Training loss: 0.03807038255035877
[2024-12-16 04:50:58,295] INFO: Iter 34100 Summary: 
[2024-12-16 04:50:58,296] INFO: 	 lr: 1.000000000000002e-05 	 Training loss: 0.03849567480385303
[2024-12-16 04:51:04,861] INFO: Iter 34200 Summary: 
[2024-12-16 04:51:04,861] INFO: 	 lr: 1.000000000000002e-05 	 Training loss: 0.03830071114003658
[2024-12-16 04:51:10,697] INFO: Iter 34300 Summary: 
[2024-12-16 04:51:10,697] INFO: 	 lr: 1.000000000000002e-05 	 Training loss: 0.038407052904367446
[2024-12-16 04:51:16,902] INFO: Iter 34400 Summary: 
[2024-12-16 04:51:16,902] INFO: 	 lr: 1.000000000000002e-05 	 Training loss: 0.03848309252411127
[2024-12-16 04:51:24,645] INFO: Iter 34500 Summary: 
[2024-12-16 04:51:24,646] INFO: 	 lr: 1.000000000000002e-05 	 Training loss: 0.03832425933331251
[2024-12-16 04:51:31,147] INFO: Iter 34600 Summary: 
[2024-12-16 04:51:31,147] INFO: 	 lr: 1.000000000000002e-05 	 Training loss: 0.038398134671151635
[2024-12-16 04:51:37,658] INFO: Iter 34700 Summary: 
[2024-12-16 04:51:37,658] INFO: 	 lr: 1.000000000000002e-05 	 Training loss: 0.03822009686380625
[2024-12-16 04:51:44,157] INFO: Iter 34800 Summary: 
[2024-12-16 04:51:44,157] INFO: 	 lr: 1.000000000000002e-05 	 Training loss: 0.03815240349620581
[2024-12-16 04:51:50,668] INFO: Iter 34900 Summary: 
[2024-12-16 04:51:50,668] INFO: 	 lr: 1.000000000000002e-05 	 Training loss: 0.03792034611105919
[2024-12-16 04:51:57,207] INFO: Iter 35000 Summary: 
[2024-12-16 04:51:57,207] INFO: 	 lr: 1.000000000000002e-05 	 Training loss: 0.038250370733439926
[2024-12-16 04:52:07,622] INFO: Iter 35100 Summary: 
[2024-12-16 04:52:07,622] INFO: 	 lr: 1.000000000000002e-05 	 Training loss: 0.03821082789450884
[2024-12-16 04:52:14,086] INFO: Iter 35200 Summary: 
[2024-12-16 04:52:14,086] INFO: 	 lr: 1.000000000000002e-05 	 Training loss: 0.03806564085185528
[2024-12-16 04:52:19,560] INFO: Iter 35300 Summary: 
[2024-12-16 04:52:19,560] INFO: 	 lr: 1.000000000000002e-05 	 Training loss: 0.03798210207372904
[2024-12-16 04:52:25,582] INFO: Iter 35400 Summary: 
[2024-12-16 04:52:25,582] INFO: 	 lr: 1.000000000000002e-05 	 Training loss: 0.03831896036863327
[2024-12-16 04:52:31,955] INFO: Iter 35500 Summary: 
[2024-12-16 04:52:31,955] INFO: 	 lr: 1.000000000000002e-05 	 Training loss: 0.0383609089627862
[2024-12-16 04:52:38,175] INFO: Iter 35600 Summary: 
[2024-12-16 04:52:38,176] INFO: 	 lr: 1.000000000000002e-05 	 Training loss: 0.03803226102143526
[2024-12-16 04:52:43,427] INFO: Iter 35700 Summary: 
[2024-12-16 04:52:43,428] INFO: 	 lr: 1.000000000000002e-05 	 Training loss: 0.03809647217392922
[2024-12-16 04:52:50,113] INFO: Iter 35800 Summary: 
[2024-12-16 04:52:50,113] INFO: 	 lr: 1.000000000000002e-05 	 Training loss: 0.03832027859985829
[2024-12-16 04:52:56,689] INFO: Iter 35900 Summary: 
[2024-12-16 04:52:56,689] INFO: 	 lr: 1.000000000000002e-05 	 Training loss: 0.038298741765320304
[2024-12-16 04:53:02,475] INFO: Iter 36000 Summary: 
[2024-12-16 04:53:02,475] INFO: 	 lr: 1.000000000000002e-05 	 Training loss: 0.03807177651673555
[2024-12-16 04:53:08,642] INFO: Iter 36100 Summary: 
[2024-12-16 04:53:08,642] INFO: 	 lr: 1.000000000000002e-05 	 Training loss: 0.038169178329408165
[2024-12-16 04:53:15,052] INFO: Iter 36200 Summary: 
[2024-12-16 04:53:15,052] INFO: 	 lr: 1.000000000000002e-05 	 Training loss: 0.03819760527461767
[2024-12-16 04:53:21,537] INFO: Iter 36300 Summary: 
[2024-12-16 04:53:21,537] INFO: 	 lr: 1.000000000000002e-05 	 Training loss: 0.03814157579094171
[2024-12-16 04:53:28,035] INFO: Iter 36400 Summary: 
[2024-12-16 04:53:28,035] INFO: 	 lr: 1.000000000000002e-05 	 Training loss: 0.03814297929406166
[2024-12-16 04:53:35,514] INFO: Iter 36500 Summary: 
[2024-12-16 04:53:35,515] INFO: 	 lr: 1.000000000000002e-05 	 Training loss: 0.03795984920114279
[2024-12-16 04:53:42,041] INFO: Iter 36600 Summary: 
[2024-12-16 04:53:42,041] INFO: 	 lr: 1.000000000000002e-05 	 Training loss: 0.03803274970501661
[2024-12-16 04:53:48,556] INFO: Iter 36700 Summary: 
[2024-12-16 04:53:48,556] INFO: 	 lr: 1.000000000000002e-05 	 Training loss: 0.038053293749690055
[2024-12-16 04:53:55,078] INFO: Iter 36800 Summary: 
[2024-12-16 04:53:55,078] INFO: 	 lr: 1.000000000000002e-05 	 Training loss: 0.038102535717189315
[2024-12-16 04:54:01,602] INFO: Iter 36900 Summary: 
[2024-12-16 04:54:01,602] INFO: 	 lr: 1.000000000000002e-05 	 Training loss: 0.03839945532381535
[2024-12-16 04:54:08,114] INFO: Iter 37000 Summary: 
[2024-12-16 04:54:08,114] INFO: 	 lr: 1.000000000000002e-05 	 Training loss: 0.03812741797417402
[2024-12-16 04:54:14,626] INFO: Iter 37100 Summary: 
[2024-12-16 04:54:14,627] INFO: 	 lr: 1.000000000000002e-05 	 Training loss: 0.03829505916684866
[2024-12-16 04:54:22,331] INFO: Iter 37200 Summary: 
[2024-12-16 04:54:22,332] INFO: 	 lr: 1.000000000000002e-05 	 Training loss: 0.0381624011695385
[2024-12-16 04:54:28,833] INFO: Iter 37300 Summary: 
[2024-12-16 04:54:28,833] INFO: 	 lr: 1.000000000000002e-05 	 Training loss: 0.03795238126069307
[2024-12-16 04:54:35,320] INFO: Iter 37400 Summary: 
[2024-12-16 04:54:35,321] INFO: 	 lr: 1.000000000000002e-05 	 Training loss: 0.03805441178381443
[2024-12-16 04:54:40,648] INFO: Iter 37500 Summary: 
[2024-12-16 04:54:40,648] INFO: 	 lr: 1.000000000000002e-05 	 Training loss: 0.03821328572928905
[2024-12-16 04:54:46,601] INFO: Iter 37600 Summary: 
[2024-12-16 04:54:46,601] INFO: 	 lr: 1.000000000000002e-05 	 Training loss: 0.03818809896707535
[2024-12-16 04:54:53,158] INFO: Iter 37700 Summary: 
[2024-12-16 04:54:53,158] INFO: 	 lr: 1.000000000000002e-05 	 Training loss: 0.03782638713717461
[2024-12-16 04:54:59,652] INFO: Iter 37800 Summary: 
[2024-12-16 04:54:59,652] INFO: 	 lr: 1.000000000000002e-05 	 Training loss: 0.03817921191453934
[2024-12-16 04:55:07,589] INFO: Iter 37900 Summary: 
[2024-12-16 04:55:07,589] INFO: 	 lr: 1.000000000000002e-05 	 Training loss: 0.038037025444209574
[2024-12-16 04:55:14,074] INFO: Iter 38000 Summary: 
[2024-12-16 04:55:14,074] INFO: 	 lr: 1.000000000000002e-05 	 Training loss: 0.03820374198257923
[2024-12-16 04:55:20,581] INFO: Iter 38100 Summary: 
[2024-12-16 04:55:20,581] INFO: 	 lr: 1.000000000000002e-05 	 Training loss: 0.038180044740438464
[2024-12-16 04:55:27,274] INFO: Iter 38200 Summary: 
[2024-12-16 04:55:27,274] INFO: 	 lr: 1.000000000000002e-05 	 Training loss: 0.03806168671697378
[2024-12-16 04:55:33,768] INFO: Iter 38300 Summary: 
[2024-12-16 04:55:33,768] INFO: 	 lr: 1.000000000000002e-05 	 Training loss: 0.03823232002556324
[2024-12-16 04:55:40,273] INFO: Iter 38400 Summary: 
[2024-12-16 04:55:40,273] INFO: 	 lr: 1.000000000000002e-05 	 Training loss: 0.037956994175910946
[2024-12-16 04:55:46,774] INFO: Iter 38500 Summary: 
[2024-12-16 04:55:46,774] INFO: 	 lr: 1.000000000000002e-05 	 Training loss: 0.03809268120676279
[2024-12-16 04:55:54,423] INFO: Iter 38600 Summary: 
[2024-12-16 04:55:54,423] INFO: 	 lr: 1.000000000000002e-05 	 Training loss: 0.038148115798830984
[2024-12-16 04:56:00,931] INFO: Iter 38700 Summary: 
[2024-12-16 04:56:00,931] INFO: 	 lr: 1.000000000000002e-05 	 Training loss: 0.03810406520962715
[2024-12-16 04:56:07,447] INFO: Iter 38800 Summary: 
[2024-12-16 04:56:07,448] INFO: 	 lr: 1.000000000000002e-05 	 Training loss: 0.038211591839790345
[2024-12-16 04:56:13,975] INFO: Iter 38900 Summary: 
[2024-12-16 04:56:13,975] INFO: 	 lr: 1.000000000000002e-05 	 Training loss: 0.03776197236031294
[2024-12-16 04:56:20,492] INFO: Iter 39000 Summary: 
[2024-12-16 04:56:20,492] INFO: 	 lr: 1.000000000000002e-05 	 Training loss: 0.03791790310293436
[2024-12-16 04:56:27,009] INFO: Iter 39100 Summary: 
[2024-12-16 04:56:27,009] INFO: 	 lr: 1.000000000000002e-05 	 Training loss: 0.038182877637445926
[2024-12-16 04:56:33,517] INFO: Iter 39200 Summary: 
[2024-12-16 04:56:33,517] INFO: 	 lr: 1.000000000000002e-05 	 Training loss: 0.03837212171405554
[2024-12-16 04:56:41,156] INFO: Iter 39300 Summary: 
[2024-12-16 04:56:41,156] INFO: 	 lr: 1.000000000000002e-05 	 Training loss: 0.03826675489544869
[2024-12-16 04:56:46,818] INFO: Iter 39400 Summary: 
[2024-12-16 04:56:46,818] INFO: 	 lr: 1.000000000000002e-05 	 Training loss: 0.03802691958844662
[2024-12-16 04:56:53,313] INFO: Iter 39500 Summary: 
[2024-12-16 04:56:53,314] INFO: 	 lr: 1.000000000000002e-05 	 Training loss: 0.03796761851757765
[2024-12-16 04:56:59,807] INFO: Iter 39600 Summary: 
[2024-12-16 04:56:59,807] INFO: 	 lr: 1.000000000000002e-05 	 Training loss: 0.03781128760427237
[2024-12-16 04:57:06,293] INFO: Iter 39700 Summary: 
[2024-12-16 04:57:06,293] INFO: 	 lr: 1.000000000000002e-05 	 Training loss: 0.03781875211745501
[2024-12-16 04:57:12,771] INFO: Iter 39800 Summary: 
[2024-12-16 04:57:12,771] INFO: 	 lr: 1.000000000000002e-05 	 Training loss: 0.038171946927905084
[2024-12-16 04:57:19,263] INFO: Iter 39900 Summary: 
[2024-12-16 04:57:19,263] INFO: 	 lr: 1.000000000000002e-05 	 Training loss: 0.03829799827188254
[2024-12-16 04:57:27,542] INFO: Iter 40000 Summary: 
[2024-12-16 04:57:27,543] INFO: 	 lr: 1.000000000000002e-05 	 Training loss: 0.0379075076431036
