[2025-01-11 10:14:15,750] INFO: {
    "abs_dir": "/home/diwang/siMLPe/exps/baseline_h36m",
    "batch_size": 256,
    "cos_lr_max": 1e-05,
    "cos_lr_min": 5e-08,
    "cos_lr_total_iters": 40000,
    "data_aug": true,
    "deriv_input": true,
    "deriv_output": true,
    "device": "cuda:1",
    "h36m_anno_dir": "/home/diwang/siMLPe/data/h36m/",
    "link_log_file": "/home/diwang/siMLPe/exps/baseline_h36m/log/log_last.log",
    "link_val_log_file": "/home/diwang/siMLPe/exps/baseline_h36m/log/val_last.log",
    "log_dir": "/home/diwang/siMLPe/exps/baseline_h36m/log",
    "log_file": "/home/diwang/siMLPe/exps/baseline_h36m/log/log_2025_01_11_10_12_53.log",
    "model_pth": null,
    "motion": {
        "dim": 66,
        "h36m_input_length": 50,
        "h36m_input_length_dct": 50,
        "h36m_target_length": 25,
        "h36m_target_length_eval": 25,
        "h36m_target_length_train": 25
    },
    "motion_fc_in": {
        "activation": "relu",
        "in_features": 66,
        "init_w_trunc_normal": false,
        "out_features": 66,
        "temporal_fc": false,
        "with_norm": false
    },
    "motion_fc_out": {
        "activation": "relu",
        "in_features": 66,
        "init_w_trunc_normal": true,
        "out_features": 66,
        "temporal_fc": false,
        "with_norm": false
    },
    "motion_mlp": {
        "hidden_dim": 66,
        "norm_axis": "spatial",
        "num_layers": 48,
        "seq_len": 50,
        "spatial_fc_only": false,
        "with_normalization": true
    },
    "num_workers": 8,
    "post_dct": false,
    "pre_dct": false,
    "print_every": 100,
    "repo_name": "siMLPe",
    "root_dir": "/home/diwang/siMLPe",
    "save_every": 2000,
    "seed": 304,
    "shift_step": 1,
    "snapshot_dir": "/home/diwang/siMLPe/exps/baseline_h36m/log/snapshot",
    "this_dir": "baseline_h36m",
    "use_relative_loss": true,
    "val_log_file": "/home/diwang/siMLPe/exps/baseline_h36m/log/val_2025_01_11_10_12_53.log",
    "weight_decay": 0.0001
}
[2025-01-11 10:14:35,449] INFO: Iter 100 Summary: 
[2025-01-11 10:14:35,450] INFO: 	 lr: 0.00030000000000000073 	 Training loss: 0.1239678417146206
[2025-01-11 10:14:52,392] INFO: Iter 200 Summary: 
[2025-01-11 10:14:52,393] INFO: 	 lr: 0.00030000000000000073 	 Training loss: 0.11743575796484947
[2025-01-11 10:15:05,352] INFO: Iter 300 Summary: 
[2025-01-11 10:15:05,352] INFO: 	 lr: 0.00030000000000000073 	 Training loss: 0.11239530555903912
[2025-01-11 10:15:19,758] INFO: Iter 400 Summary: 
[2025-01-11 10:15:19,759] INFO: 	 lr: 0.00030000000000000073 	 Training loss: 0.10747075259685517
[2025-01-11 10:15:35,153] INFO: Iter 500 Summary: 
[2025-01-11 10:15:35,153] INFO: 	 lr: 0.00030000000000000073 	 Training loss: 0.10584000706672668
[2025-01-11 10:15:47,222] INFO: Iter 600 Summary: 
[2025-01-11 10:15:47,222] INFO: 	 lr: 0.00030000000000000073 	 Training loss: 0.10530268713831901
[2025-01-11 10:15:55,064] INFO: Iter 700 Summary: 
[2025-01-11 10:15:55,064] INFO: 	 lr: 0.00030000000000000073 	 Training loss: 0.10483900584280491
[2025-01-11 10:16:02,082] INFO: Iter 800 Summary: 
[2025-01-11 10:16:02,083] INFO: 	 lr: 0.00030000000000000073 	 Training loss: 0.10502694822847843
[2025-01-11 10:16:08,730] INFO: Iter 900 Summary: 
[2025-01-11 10:16:08,730] INFO: 	 lr: 0.00030000000000000073 	 Training loss: 0.10371968924999236
[2025-01-11 10:16:15,346] INFO: Iter 1000 Summary: 
[2025-01-11 10:16:15,346] INFO: 	 lr: 0.00030000000000000073 	 Training loss: 0.10289125651121139
[2025-01-11 10:16:21,918] INFO: Iter 1100 Summary: 
[2025-01-11 10:16:21,918] INFO: 	 lr: 0.00030000000000000073 	 Training loss: 0.10174238257110119
[2025-01-11 10:16:28,499] INFO: Iter 1200 Summary: 
[2025-01-11 10:16:28,500] INFO: 	 lr: 0.00030000000000000073 	 Training loss: 0.10139599576592445
[2025-01-11 10:16:34,878] INFO: Iter 1300 Summary: 
[2025-01-11 10:16:34,878] INFO: 	 lr: 0.00030000000000000073 	 Training loss: 0.10059403032064437
[2025-01-11 10:16:42,764] INFO: Iter 1400 Summary: 
[2025-01-11 10:16:42,764] INFO: 	 lr: 0.00030000000000000073 	 Training loss: 0.09933574654161931
[2025-01-11 10:16:56,196] INFO: Iter 1500 Summary: 
[2025-01-11 10:16:56,197] INFO: 	 lr: 0.00030000000000000073 	 Training loss: 0.09868348501622677
[2025-01-11 10:17:35,845] INFO: Iter 1600 Summary: 
[2025-01-11 10:17:35,845] INFO: 	 lr: 0.00030000000000000073 	 Training loss: 0.09841333664953708
[2025-01-11 10:18:01,238] INFO: Iter 1700 Summary: 
[2025-01-11 10:18:01,238] INFO: 	 lr: 0.00030000000000000073 	 Training loss: 0.09770119249820709
[2025-01-11 10:18:52,976] INFO: Iter 1800 Summary: 
[2025-01-11 10:18:52,976] INFO: 	 lr: 0.00030000000000000073 	 Training loss: 0.09671813502907753
[2025-01-11 10:19:40,095] INFO: Iter 1900 Summary: 
[2025-01-11 10:19:40,095] INFO: 	 lr: 0.00030000000000000073 	 Training loss: 0.09771565265953541
[2025-01-11 10:20:40,589] INFO: Iter 2000 Summary: 
[2025-01-11 10:20:40,589] INFO: 	 lr: 0.00030000000000000073 	 Training loss: 0.0965208936482668
[2025-01-11 10:22:03,634] INFO: Iter 2100 Summary: 
[2025-01-11 10:22:03,635] INFO: 	 lr: 0.00030000000000000073 	 Training loss: 0.09625488579273224
[2025-01-11 10:23:01,042] INFO: Iter 2200 Summary: 
[2025-01-11 10:23:01,043] INFO: 	 lr: 0.00030000000000000073 	 Training loss: 0.09649619705975056
[2025-01-11 10:24:01,019] INFO: Iter 2300 Summary: 
[2025-01-11 10:24:01,020] INFO: 	 lr: 0.00030000000000000073 	 Training loss: 0.09602940514683724
[2025-01-11 10:24:45,293] INFO: Iter 2400 Summary: 
[2025-01-11 10:24:45,293] INFO: 	 lr: 0.00030000000000000073 	 Training loss: 0.0953462053090334
[2025-01-11 10:25:18,059] INFO: Iter 2500 Summary: 
[2025-01-11 10:25:18,059] INFO: 	 lr: 0.00030000000000000073 	 Training loss: 0.0944192249327898
[2025-01-11 10:25:37,581] INFO: Iter 2600 Summary: 
[2025-01-11 10:25:37,581] INFO: 	 lr: 0.00030000000000000073 	 Training loss: 0.09478912688791752
[2025-01-11 10:25:50,544] INFO: Iter 2700 Summary: 
[2025-01-11 10:25:50,544] INFO: 	 lr: 0.00030000000000000073 	 Training loss: 0.09453686393797398
[2025-01-11 10:26:07,622] INFO: Iter 2800 Summary: 
[2025-01-11 10:26:07,623] INFO: 	 lr: 0.00030000000000000073 	 Training loss: 0.09408143639564515
[2025-01-11 10:26:24,888] INFO: Iter 2900 Summary: 
[2025-01-11 10:26:24,888] INFO: 	 lr: 0.00030000000000000073 	 Training loss: 0.09482405588030815
[2025-01-11 10:26:39,253] INFO: Iter 3000 Summary: 
[2025-01-11 10:26:39,254] INFO: 	 lr: 0.00030000000000000073 	 Training loss: 0.09450360342860221
[2025-01-11 10:26:56,412] INFO: Iter 3100 Summary: 
[2025-01-11 10:26:56,413] INFO: 	 lr: 0.00030000000000000073 	 Training loss: 0.09377000786364079
[2025-01-11 10:27:13,744] INFO: Iter 3200 Summary: 
[2025-01-11 10:27:13,744] INFO: 	 lr: 0.00030000000000000073 	 Training loss: 0.09406371444463729
[2025-01-11 10:27:27,589] INFO: Iter 3300 Summary: 
[2025-01-11 10:27:27,589] INFO: 	 lr: 0.00030000000000000073 	 Training loss: 0.09355609439313411
[2025-01-11 10:27:46,888] INFO: Iter 3400 Summary: 
[2025-01-11 10:27:46,888] INFO: 	 lr: 0.00030000000000000073 	 Training loss: 0.09354607604444026
[2025-01-11 10:28:01,144] INFO: Iter 3500 Summary: 
[2025-01-11 10:28:01,144] INFO: 	 lr: 0.00030000000000000073 	 Training loss: 0.09317777894437312
[2025-01-11 10:28:17,945] INFO: Iter 3600 Summary: 
[2025-01-11 10:28:17,945] INFO: 	 lr: 0.00030000000000000073 	 Training loss: 0.0930120075494051
[2025-01-11 10:28:32,143] INFO: Iter 3700 Summary: 
[2025-01-11 10:28:32,144] INFO: 	 lr: 0.00030000000000000073 	 Training loss: 0.09271910056471824
[2025-01-11 10:28:47,876] INFO: Iter 3800 Summary: 
[2025-01-11 10:28:47,877] INFO: 	 lr: 0.00030000000000000073 	 Training loss: 0.09273488126695156
[2025-01-11 10:29:09,378] INFO: Iter 3900 Summary: 
[2025-01-11 10:29:09,379] INFO: 	 lr: 0.00030000000000000073 	 Training loss: 0.0925702179223299
[2025-01-11 10:29:34,464] INFO: Iter 4000 Summary: 
[2025-01-11 10:29:34,464] INFO: 	 lr: 0.00030000000000000073 	 Training loss: 0.0922066905349493
[2025-01-11 10:30:04,936] INFO: Iter 4100 Summary: 
[2025-01-11 10:30:04,936] INFO: 	 lr: 0.00030000000000000073 	 Training loss: 0.09178581535816192
[2025-01-11 10:30:30,671] INFO: Iter 4200 Summary: 
[2025-01-11 10:30:30,671] INFO: 	 lr: 0.00030000000000000073 	 Training loss: 0.09160481005907059
[2025-01-11 10:30:57,512] INFO: Iter 4300 Summary: 
[2025-01-11 10:30:57,512] INFO: 	 lr: 0.00030000000000000073 	 Training loss: 0.09103084325790406
[2025-01-11 10:31:25,629] INFO: Iter 4400 Summary: 
[2025-01-11 10:31:25,629] INFO: 	 lr: 0.00030000000000000073 	 Training loss: 0.09183769024908543
[2025-01-11 10:31:49,841] INFO: Iter 4500 Summary: 
[2025-01-11 10:31:49,842] INFO: 	 lr: 0.00030000000000000073 	 Training loss: 0.09191723443567752
[2025-01-11 10:32:11,508] INFO: Iter 4600 Summary: 
[2025-01-11 10:32:11,508] INFO: 	 lr: 0.00030000000000000073 	 Training loss: 0.09144121661782265
[2025-01-11 10:32:36,982] INFO: Iter 4700 Summary: 
[2025-01-11 10:32:36,982] INFO: 	 lr: 0.00030000000000000073 	 Training loss: 0.09076360873878002
[2025-01-11 10:32:57,203] INFO: Iter 4800 Summary: 
[2025-01-11 10:32:57,204] INFO: 	 lr: 0.00030000000000000073 	 Training loss: 0.09120592936873435
[2025-01-11 10:33:08,708] INFO: Iter 4900 Summary: 
[2025-01-11 10:33:08,709] INFO: 	 lr: 0.00030000000000000073 	 Training loss: 0.09104154862463475
[2025-01-11 10:33:20,686] INFO: Iter 5000 Summary: 
[2025-01-11 10:33:20,686] INFO: 	 lr: 0.00030000000000000073 	 Training loss: 0.0909089732915163
[2025-01-11 10:33:56,368] INFO: Iter 5100 Summary: 
[2025-01-11 10:33:56,368] INFO: 	 lr: 0.00030000000000000073 	 Training loss: 0.09046224266290664
[2025-01-11 10:34:45,247] INFO: Iter 5200 Summary: 
[2025-01-11 10:34:45,247] INFO: 	 lr: 0.00030000000000000073 	 Training loss: 0.08997610218822956
[2025-01-11 10:35:27,304] INFO: Iter 5300 Summary: 
[2025-01-11 10:35:27,304] INFO: 	 lr: 0.00030000000000000073 	 Training loss: 0.09075073860585689
[2025-01-11 10:36:14,155] INFO: Iter 5400 Summary: 
[2025-01-11 10:36:14,155] INFO: 	 lr: 0.00030000000000000073 	 Training loss: 0.090081242993474
[2025-01-11 10:36:58,519] INFO: Iter 5500 Summary: 
[2025-01-11 10:36:58,520] INFO: 	 lr: 0.00030000000000000073 	 Training loss: 0.08989579938352107
[2025-01-11 10:37:15,919] INFO: Iter 5600 Summary: 
[2025-01-11 10:37:15,919] INFO: 	 lr: 0.00030000000000000073 	 Training loss: 0.09019002214074134
[2025-01-11 10:37:35,855] INFO: Iter 5700 Summary: 
[2025-01-11 10:37:35,856] INFO: 	 lr: 0.00030000000000000073 	 Training loss: 0.08965238116681576
[2025-01-11 10:38:34,395] INFO: Iter 5800 Summary: 
[2025-01-11 10:38:34,395] INFO: 	 lr: 0.00030000000000000073 	 Training loss: 0.08955596968531608
[2025-01-11 10:39:10,319] INFO: Iter 5900 Summary: 
[2025-01-11 10:39:10,319] INFO: 	 lr: 0.00030000000000000073 	 Training loss: 0.08943117521703244
[2025-01-11 10:39:32,499] INFO: Iter 6000 Summary: 
[2025-01-11 10:39:32,499] INFO: 	 lr: 0.00030000000000000073 	 Training loss: 0.08886508606374263
[2025-01-11 10:40:02,911] INFO: Iter 6100 Summary: 
[2025-01-11 10:40:02,911] INFO: 	 lr: 0.00030000000000000073 	 Training loss: 0.0888171435892582
[2025-01-11 10:40:31,753] INFO: Iter 6200 Summary: 
[2025-01-11 10:40:31,754] INFO: 	 lr: 0.00030000000000000073 	 Training loss: 0.0885755818337202
[2025-01-11 10:41:27,609] INFO: Iter 6300 Summary: 
[2025-01-11 10:41:27,610] INFO: 	 lr: 0.00030000000000000073 	 Training loss: 0.0886330234259367
[2025-01-11 10:42:10,509] INFO: Iter 6400 Summary: 
[2025-01-11 10:42:10,509] INFO: 	 lr: 0.00030000000000000073 	 Training loss: 0.08877589046955109
[2025-01-11 10:42:48,919] INFO: Iter 6500 Summary: 
[2025-01-11 10:42:48,919] INFO: 	 lr: 0.00030000000000000073 	 Training loss: 0.08856802366673946
[2025-01-11 10:43:26,522] INFO: Iter 6600 Summary: 
[2025-01-11 10:43:26,523] INFO: 	 lr: 0.00030000000000000073 	 Training loss: 0.08831527724862098
[2025-01-11 10:43:56,603] INFO: Iter 6700 Summary: 
[2025-01-11 10:43:56,603] INFO: 	 lr: 0.00030000000000000073 	 Training loss: 0.08826173163950443
[2025-01-11 10:44:24,532] INFO: Iter 6800 Summary: 
[2025-01-11 10:44:24,533] INFO: 	 lr: 0.00030000000000000073 	 Training loss: 0.08827930569648743
[2025-01-11 10:44:40,230] INFO: Iter 6900 Summary: 
[2025-01-11 10:44:40,230] INFO: 	 lr: 0.00030000000000000073 	 Training loss: 0.08780178174376488
[2025-01-11 10:44:53,280] INFO: Iter 7000 Summary: 
[2025-01-11 10:44:53,281] INFO: 	 lr: 0.00030000000000000073 	 Training loss: 0.08783360734581948
[2025-01-11 10:45:05,195] INFO: Iter 7100 Summary: 
[2025-01-11 10:45:05,196] INFO: 	 lr: 0.00030000000000000073 	 Training loss: 0.08758857727050781
[2025-01-11 10:45:18,844] INFO: Iter 7200 Summary: 
[2025-01-11 10:45:18,844] INFO: 	 lr: 0.00030000000000000073 	 Training loss: 0.08763923317193985
[2025-01-11 10:45:30,369] INFO: Iter 7300 Summary: 
[2025-01-11 10:45:30,369] INFO: 	 lr: 0.00030000000000000073 	 Training loss: 0.08746850170195103
[2025-01-11 10:45:44,400] INFO: Iter 7400 Summary: 
[2025-01-11 10:45:44,400] INFO: 	 lr: 0.00030000000000000073 	 Training loss: 0.08772341951727868
[2025-01-11 10:45:58,578] INFO: Iter 7500 Summary: 
[2025-01-11 10:45:58,578] INFO: 	 lr: 0.00030000000000000073 	 Training loss: 0.08659895598888397
[2025-01-11 10:46:10,300] INFO: Iter 7600 Summary: 
[2025-01-11 10:46:10,301] INFO: 	 lr: 0.00030000000000000073 	 Training loss: 0.08662952102720738
[2025-01-11 10:46:24,236] INFO: Iter 7700 Summary: 
[2025-01-11 10:46:24,237] INFO: 	 lr: 0.00030000000000000073 	 Training loss: 0.08789555780589581
[2025-01-11 10:46:37,057] INFO: Iter 7800 Summary: 
[2025-01-11 10:46:37,057] INFO: 	 lr: 0.00030000000000000073 	 Training loss: 0.08681919850409031
[2025-01-11 10:46:49,038] INFO: Iter 7900 Summary: 
[2025-01-11 10:46:49,038] INFO: 	 lr: 0.00030000000000000073 	 Training loss: 0.08670334808528424
[2025-01-11 10:47:02,282] INFO: Iter 8000 Summary: 
[2025-01-11 10:47:02,282] INFO: 	 lr: 0.00030000000000000073 	 Training loss: 0.08680746026337147
[2025-01-11 10:47:32,753] INFO: Iter 8100 Summary: 
[2025-01-11 10:47:32,753] INFO: 	 lr: 0.00030000000000000073 	 Training loss: 0.0870827755331993
[2025-01-11 10:48:14,872] INFO: Iter 8200 Summary: 
[2025-01-11 10:48:14,872] INFO: 	 lr: 0.00030000000000000073 	 Training loss: 0.08671638779342175
[2025-01-11 10:48:43,008] INFO: Iter 8300 Summary: 
[2025-01-11 10:48:43,008] INFO: 	 lr: 0.00030000000000000073 	 Training loss: 0.0859871293604374
[2025-01-11 10:49:10,555] INFO: Iter 8400 Summary: 
[2025-01-11 10:49:10,555] INFO: 	 lr: 0.00030000000000000073 	 Training loss: 0.08651975721120835
[2025-01-11 10:49:35,263] INFO: Iter 8500 Summary: 
[2025-01-11 10:49:35,263] INFO: 	 lr: 0.00030000000000000073 	 Training loss: 0.08657889626920223
[2025-01-11 10:50:11,317] INFO: Iter 8600 Summary: 
[2025-01-11 10:50:11,317] INFO: 	 lr: 0.00030000000000000073 	 Training loss: 0.08555209361016751
[2025-01-11 10:51:04,333] INFO: Iter 8700 Summary: 
[2025-01-11 10:51:04,334] INFO: 	 lr: 0.00030000000000000073 	 Training loss: 0.08691280893981457
[2025-01-11 10:51:51,359] INFO: Iter 8800 Summary: 
[2025-01-11 10:51:51,359] INFO: 	 lr: 0.00030000000000000073 	 Training loss: 0.08608155764639377
[2025-01-11 10:52:32,801] INFO: Iter 8900 Summary: 
[2025-01-11 10:52:32,803] INFO: 	 lr: 0.00030000000000000073 	 Training loss: 0.08612947970628738
[2025-01-11 10:53:14,765] INFO: Iter 9000 Summary: 
[2025-01-11 10:53:14,765] INFO: 	 lr: 0.00030000000000000073 	 Training loss: 0.08588996887207032
[2025-01-11 10:53:58,796] INFO: Iter 9100 Summary: 
[2025-01-11 10:53:58,797] INFO: 	 lr: 0.00030000000000000073 	 Training loss: 0.08540278390049934
[2025-01-11 10:54:41,223] INFO: Iter 9200 Summary: 
[2025-01-11 10:54:41,223] INFO: 	 lr: 0.00030000000000000073 	 Training loss: 0.08531392976641655
[2025-01-11 10:55:24,034] INFO: Iter 9300 Summary: 
[2025-01-11 10:55:24,034] INFO: 	 lr: 0.00030000000000000073 	 Training loss: 0.08566903695464134
[2025-01-11 10:56:04,976] INFO: Iter 9400 Summary: 
[2025-01-11 10:56:04,976] INFO: 	 lr: 0.00030000000000000073 	 Training loss: 0.08542950831353664
[2025-01-11 10:56:47,596] INFO: Iter 9500 Summary: 
[2025-01-11 10:56:47,596] INFO: 	 lr: 0.00030000000000000073 	 Training loss: 0.08528592392802238
[2025-01-11 10:57:36,887] INFO: Iter 9600 Summary: 
[2025-01-11 10:57:36,888] INFO: 	 lr: 0.00030000000000000073 	 Training loss: 0.08549809366464615
[2025-01-11 10:58:20,379] INFO: Iter 9700 Summary: 
[2025-01-11 10:58:20,380] INFO: 	 lr: 0.00030000000000000073 	 Training loss: 0.08519786387681962
[2025-01-11 10:58:59,960] INFO: Iter 9800 Summary: 
[2025-01-11 10:58:59,961] INFO: 	 lr: 0.00030000000000000073 	 Training loss: 0.08512310162186623
[2025-01-11 10:59:41,031] INFO: Iter 9900 Summary: 
[2025-01-11 10:59:41,031] INFO: 	 lr: 0.00030000000000000073 	 Training loss: 0.08583974570035935
[2025-01-11 11:00:24,663] INFO: Iter 10000 Summary: 
[2025-01-11 11:00:24,663] INFO: 	 lr: 0.00030000000000000073 	 Training loss: 0.08471002124249935
[2025-01-11 11:01:15,627] INFO: Iter 10100 Summary: 
[2025-01-11 11:01:15,628] INFO: 	 lr: 0.00030000000000000073 	 Training loss: 0.08463308311998845
[2025-01-11 11:02:03,421] INFO: Iter 10200 Summary: 
[2025-01-11 11:02:03,422] INFO: 	 lr: 0.00030000000000000073 	 Training loss: 0.08509778074920177
[2025-01-11 11:02:35,223] INFO: Iter 10300 Summary: 
[2025-01-11 11:02:35,223] INFO: 	 lr: 0.00030000000000000073 	 Training loss: 0.08511567823588848
[2025-01-11 11:03:19,519] INFO: Iter 10400 Summary: 
[2025-01-11 11:03:19,519] INFO: 	 lr: 0.00030000000000000073 	 Training loss: 0.08407512366771698
[2025-01-11 11:04:01,283] INFO: Iter 10500 Summary: 
[2025-01-11 11:04:01,284] INFO: 	 lr: 0.00030000000000000073 	 Training loss: 0.08426852829754353
[2025-01-11 11:04:43,619] INFO: Iter 10600 Summary: 
[2025-01-11 11:04:43,620] INFO: 	 lr: 0.00030000000000000073 	 Training loss: 0.0843231938034296
[2025-01-11 11:05:23,072] INFO: Iter 10700 Summary: 
[2025-01-11 11:05:23,073] INFO: 	 lr: 0.00030000000000000073 	 Training loss: 0.08454274907708167
[2025-01-11 11:06:01,226] INFO: Iter 10800 Summary: 
[2025-01-11 11:06:01,226] INFO: 	 lr: 0.00030000000000000073 	 Training loss: 0.08465824112296104
[2025-01-11 11:06:43,454] INFO: Iter 10900 Summary: 
[2025-01-11 11:06:43,455] INFO: 	 lr: 0.00030000000000000073 	 Training loss: 0.08488732323050499
[2025-01-11 11:07:28,999] INFO: Iter 11000 Summary: 
[2025-01-11 11:07:29,000] INFO: 	 lr: 0.00030000000000000073 	 Training loss: 0.08387829430401325
[2025-01-11 11:08:15,386] INFO: Iter 11100 Summary: 
[2025-01-11 11:08:15,386] INFO: 	 lr: 0.00030000000000000073 	 Training loss: 0.0839460165053606
[2025-01-11 11:09:00,952] INFO: Iter 11200 Summary: 
[2025-01-11 11:09:00,952] INFO: 	 lr: 0.00030000000000000073 	 Training loss: 0.08357439510524273
[2025-01-11 11:09:40,421] INFO: Iter 11300 Summary: 
[2025-01-11 11:09:40,422] INFO: 	 lr: 0.00030000000000000073 	 Training loss: 0.0841138157993555
[2025-01-11 11:10:21,625] INFO: Iter 11400 Summary: 
[2025-01-11 11:10:21,626] INFO: 	 lr: 0.00030000000000000073 	 Training loss: 0.08428178787231445
[2025-01-11 11:11:03,226] INFO: Iter 11500 Summary: 
[2025-01-11 11:11:03,226] INFO: 	 lr: 0.00030000000000000073 	 Training loss: 0.08369782119989395
[2025-01-11 11:11:54,179] INFO: Iter 11600 Summary: 
[2025-01-11 11:11:54,180] INFO: 	 lr: 0.00030000000000000073 	 Training loss: 0.0832493032515049
[2025-01-11 11:12:38,887] INFO: Iter 11700 Summary: 
[2025-01-11 11:12:38,888] INFO: 	 lr: 0.00030000000000000073 	 Training loss: 0.08354438461363316
[2025-01-11 11:13:22,881] INFO: Iter 11800 Summary: 
[2025-01-11 11:13:22,882] INFO: 	 lr: 0.00030000000000000073 	 Training loss: 0.08355275250971317
[2025-01-11 11:14:06,378] INFO: Iter 11900 Summary: 
[2025-01-11 11:14:06,378] INFO: 	 lr: 0.00030000000000000073 	 Training loss: 0.08326279647648334
[2025-01-11 11:14:50,495] INFO: Iter 12000 Summary: 
[2025-01-11 11:14:50,495] INFO: 	 lr: 0.00030000000000000073 	 Training loss: 0.08412956058979035
[2025-01-11 11:15:46,980] INFO: Iter 12100 Summary: 
[2025-01-11 11:15:46,980] INFO: 	 lr: 0.00030000000000000073 	 Training loss: 0.08360990554094315
[2025-01-11 11:16:30,021] INFO: Iter 12200 Summary: 
[2025-01-11 11:16:30,021] INFO: 	 lr: 0.00030000000000000073 	 Training loss: 0.08379333920776844
[2025-01-11 11:17:19,438] INFO: Iter 12300 Summary: 
[2025-01-11 11:17:19,438] INFO: 	 lr: 0.00030000000000000073 	 Training loss: 0.08285068079829216
[2025-01-11 11:18:05,668] INFO: Iter 12400 Summary: 
[2025-01-11 11:18:05,668] INFO: 	 lr: 0.00030000000000000073 	 Training loss: 0.08330941118299962
[2025-01-11 11:18:49,556] INFO: Iter 12500 Summary: 
[2025-01-11 11:18:49,556] INFO: 	 lr: 0.00030000000000000073 	 Training loss: 0.08292813822627068
[2025-01-11 11:19:35,059] INFO: Iter 12600 Summary: 
[2025-01-11 11:19:35,060] INFO: 	 lr: 0.00030000000000000073 	 Training loss: 0.08298260539770126
[2025-01-11 11:20:19,996] INFO: Iter 12700 Summary: 
[2025-01-11 11:20:19,996] INFO: 	 lr: 0.00030000000000000073 	 Training loss: 0.08342071920633316
[2025-01-11 11:20:58,163] INFO: Iter 12800 Summary: 
[2025-01-11 11:20:58,163] INFO: 	 lr: 0.00030000000000000073 	 Training loss: 0.0827574123442173
[2025-01-11 11:21:34,047] INFO: Iter 12900 Summary: 
[2025-01-11 11:21:34,048] INFO: 	 lr: 0.00030000000000000073 	 Training loss: 0.08330163806676864
[2025-01-11 11:22:22,909] INFO: Iter 13000 Summary: 
[2025-01-11 11:22:22,909] INFO: 	 lr: 0.00030000000000000073 	 Training loss: 0.08339558184146881
[2025-01-11 11:23:07,288] INFO: Iter 13100 Summary: 
[2025-01-11 11:23:07,288] INFO: 	 lr: 0.00030000000000000073 	 Training loss: 0.08302342422306537
[2025-01-11 11:23:49,668] INFO: Iter 13200 Summary: 
[2025-01-11 11:23:49,668] INFO: 	 lr: 0.00030000000000000073 	 Training loss: 0.08261115320026874
[2025-01-11 11:24:30,898] INFO: Iter 13300 Summary: 
[2025-01-11 11:24:30,899] INFO: 	 lr: 0.00030000000000000073 	 Training loss: 0.08244410119950771
[2025-01-11 11:25:14,125] INFO: Iter 13400 Summary: 
[2025-01-11 11:25:14,125] INFO: 	 lr: 0.00030000000000000073 	 Training loss: 0.08275176286697387
[2025-01-11 11:25:58,092] INFO: Iter 13500 Summary: 
[2025-01-11 11:25:58,092] INFO: 	 lr: 0.00030000000000000073 	 Training loss: 0.08241776995360851
[2025-01-11 11:26:39,714] INFO: Iter 13600 Summary: 
[2025-01-11 11:26:39,714] INFO: 	 lr: 0.00030000000000000073 	 Training loss: 0.08239327877759933
[2025-01-11 11:27:28,176] INFO: Iter 13700 Summary: 
[2025-01-11 11:27:28,177] INFO: 	 lr: 0.00030000000000000073 	 Training loss: 0.08222322478890419
[2025-01-11 11:28:13,905] INFO: Iter 13800 Summary: 
[2025-01-11 11:28:13,905] INFO: 	 lr: 0.00030000000000000073 	 Training loss: 0.08266638971865177
[2025-01-11 11:28:55,446] INFO: Iter 13900 Summary: 
[2025-01-11 11:28:55,446] INFO: 	 lr: 0.00030000000000000073 	 Training loss: 0.08228560738265514
[2025-01-11 11:29:37,493] INFO: Iter 14000 Summary: 
[2025-01-11 11:29:37,493] INFO: 	 lr: 0.00030000000000000073 	 Training loss: 0.08250410906970501
[2025-01-11 11:30:32,060] INFO: Iter 14100 Summary: 
[2025-01-11 11:30:32,060] INFO: 	 lr: 0.00030000000000000073 	 Training loss: 0.08283878855407238
[2025-01-11 11:31:15,765] INFO: Iter 14200 Summary: 
[2025-01-11 11:31:15,765] INFO: 	 lr: 0.00030000000000000073 	 Training loss: 0.08233525946736336
[2025-01-11 11:31:58,804] INFO: Iter 14300 Summary: 
[2025-01-11 11:31:58,805] INFO: 	 lr: 0.00030000000000000073 	 Training loss: 0.08273079656064511
[2025-01-11 11:32:38,519] INFO: Iter 14400 Summary: 
[2025-01-11 11:32:38,519] INFO: 	 lr: 0.00030000000000000073 	 Training loss: 0.0821250779926777
[2025-01-11 11:33:22,647] INFO: Iter 14500 Summary: 
[2025-01-11 11:33:22,647] INFO: 	 lr: 0.00030000000000000073 	 Training loss: 0.08205705255270004
[2025-01-11 11:34:08,525] INFO: Iter 14600 Summary: 
[2025-01-11 11:34:08,525] INFO: 	 lr: 0.00030000000000000073 	 Training loss: 0.08250336140394211
[2025-01-11 11:34:55,973] INFO: Iter 14700 Summary: 
[2025-01-11 11:34:55,974] INFO: 	 lr: 0.00030000000000000073 	 Training loss: 0.08184555970132351
[2025-01-11 11:35:41,140] INFO: Iter 14800 Summary: 
[2025-01-11 11:35:41,141] INFO: 	 lr: 0.00030000000000000073 	 Training loss: 0.08234999671578408
[2025-01-11 11:36:27,779] INFO: Iter 14900 Summary: 
[2025-01-11 11:36:27,779] INFO: 	 lr: 0.00030000000000000073 	 Training loss: 0.08239838138222694
[2025-01-11 11:37:15,232] INFO: Iter 15000 Summary: 
[2025-01-11 11:37:15,233] INFO: 	 lr: 0.00030000000000000073 	 Training loss: 0.08223241545259953
[2025-01-11 11:38:00,108] INFO: Iter 15100 Summary: 
[2025-01-11 11:38:00,109] INFO: 	 lr: 0.00030000000000000073 	 Training loss: 0.08220506072044373
[2025-01-11 11:38:44,430] INFO: Iter 15200 Summary: 
[2025-01-11 11:38:44,430] INFO: 	 lr: 0.00030000000000000073 	 Training loss: 0.08221585117280483
[2025-01-11 11:39:22,477] INFO: Iter 15300 Summary: 
[2025-01-11 11:39:22,477] INFO: 	 lr: 0.00030000000000000073 	 Training loss: 0.08130996398627759
[2025-01-11 11:39:59,680] INFO: Iter 15400 Summary: 
[2025-01-11 11:39:59,681] INFO: 	 lr: 0.00030000000000000073 	 Training loss: 0.08179176732897758
[2025-01-11 11:40:32,927] INFO: Iter 15500 Summary: 
[2025-01-11 11:40:32,927] INFO: 	 lr: 0.00030000000000000073 	 Training loss: 0.08159887172281742
[2025-01-11 11:41:13,323] INFO: Iter 15600 Summary: 
[2025-01-11 11:41:13,324] INFO: 	 lr: 0.00030000000000000073 	 Training loss: 0.08155902780592442
[2025-01-11 11:42:01,126] INFO: Iter 15700 Summary: 
[2025-01-11 11:42:01,126] INFO: 	 lr: 0.00030000000000000073 	 Training loss: 0.08164960093796253
[2025-01-11 11:42:46,854] INFO: Iter 15800 Summary: 
[2025-01-11 11:42:46,854] INFO: 	 lr: 0.00030000000000000073 	 Training loss: 0.08136616431176663
[2025-01-11 11:43:28,190] INFO: Iter 15900 Summary: 
[2025-01-11 11:43:28,190] INFO: 	 lr: 0.00030000000000000073 	 Training loss: 0.08175262950360775
[2025-01-11 11:44:13,751] INFO: Iter 16000 Summary: 
[2025-01-11 11:44:13,751] INFO: 	 lr: 0.00030000000000000073 	 Training loss: 0.0819179131835699
[2025-01-11 11:45:04,247] INFO: Iter 16100 Summary: 
[2025-01-11 11:45:04,247] INFO: 	 lr: 0.00030000000000000073 	 Training loss: 0.08191364012658596
[2025-01-11 11:45:48,025] INFO: Iter 16200 Summary: 
[2025-01-11 11:45:48,025] INFO: 	 lr: 0.00030000000000000073 	 Training loss: 0.0812394517660141
[2025-01-11 11:46:36,900] INFO: Iter 16300 Summary: 
[2025-01-11 11:46:36,901] INFO: 	 lr: 0.00030000000000000073 	 Training loss: 0.08154006130993366
[2025-01-11 11:47:21,165] INFO: Iter 16400 Summary: 
[2025-01-11 11:47:21,166] INFO: 	 lr: 0.00030000000000000073 	 Training loss: 0.08122812494635583
[2025-01-11 11:48:07,749] INFO: Iter 16500 Summary: 
[2025-01-11 11:48:07,749] INFO: 	 lr: 0.00030000000000000073 	 Training loss: 0.08108514733612537
[2025-01-11 11:48:48,755] INFO: Iter 16600 Summary: 
[2025-01-11 11:48:48,755] INFO: 	 lr: 0.00030000000000000073 	 Training loss: 0.08140458315610885
[2025-01-11 11:49:26,197] INFO: Iter 16700 Summary: 
[2025-01-11 11:49:26,197] INFO: 	 lr: 0.00030000000000000073 	 Training loss: 0.0813921058923006
[2025-01-11 11:50:06,996] INFO: Iter 16800 Summary: 
[2025-01-11 11:50:06,996] INFO: 	 lr: 0.00030000000000000073 	 Training loss: 0.08144794158637524
[2025-01-11 11:50:49,977] INFO: Iter 16900 Summary: 
[2025-01-11 11:50:49,977] INFO: 	 lr: 0.00030000000000000073 	 Training loss: 0.08159288711845875
[2025-01-11 11:51:39,600] INFO: Iter 17000 Summary: 
[2025-01-11 11:51:39,601] INFO: 	 lr: 0.00030000000000000073 	 Training loss: 0.08095347359776497
[2025-01-11 11:52:23,601] INFO: Iter 17100 Summary: 
[2025-01-11 11:52:23,601] INFO: 	 lr: 0.00030000000000000073 	 Training loss: 0.08082558371126652
[2025-01-11 11:53:05,469] INFO: Iter 17200 Summary: 
[2025-01-11 11:53:05,469] INFO: 	 lr: 0.00030000000000000073 	 Training loss: 0.08111302144825458
[2025-01-11 11:53:43,658] INFO: Iter 17300 Summary: 
[2025-01-11 11:53:43,658] INFO: 	 lr: 0.00030000000000000073 	 Training loss: 0.08121983237564563
[2025-01-11 11:54:25,951] INFO: Iter 17400 Summary: 
[2025-01-11 11:54:25,952] INFO: 	 lr: 0.00030000000000000073 	 Training loss: 0.08116938367486
[2025-01-11 11:55:08,718] INFO: Iter 17500 Summary: 
[2025-01-11 11:55:08,718] INFO: 	 lr: 0.00030000000000000073 	 Training loss: 0.08111980617046356
[2025-01-11 11:55:46,361] INFO: Iter 17600 Summary: 
[2025-01-11 11:55:46,370] INFO: 	 lr: 0.00030000000000000073 	 Training loss: 0.08098102621734142
[2025-01-11 11:56:35,649] INFO: Iter 17700 Summary: 
[2025-01-11 11:56:35,650] INFO: 	 lr: 0.00030000000000000073 	 Training loss: 0.08063050433993339
[2025-01-11 11:57:20,065] INFO: Iter 17800 Summary: 
[2025-01-11 11:57:20,066] INFO: 	 lr: 0.00030000000000000073 	 Training loss: 0.08055462017655372
[2025-01-11 11:58:05,886] INFO: Iter 17900 Summary: 
[2025-01-11 11:58:05,887] INFO: 	 lr: 0.00030000000000000073 	 Training loss: 0.08089021660387516
[2025-01-11 11:58:47,086] INFO: Iter 18000 Summary: 
[2025-01-11 11:58:47,086] INFO: 	 lr: 0.00030000000000000073 	 Training loss: 0.08050336934626103
[2025-01-11 11:59:36,521] INFO: Iter 18100 Summary: 
[2025-01-11 11:59:36,522] INFO: 	 lr: 0.00030000000000000073 	 Training loss: 0.08158547565340996
[2025-01-11 12:00:18,249] INFO: Iter 18200 Summary: 
[2025-01-11 12:00:18,250] INFO: 	 lr: 0.00030000000000000073 	 Training loss: 0.08112498328089714
[2025-01-11 12:01:01,896] INFO: Iter 18300 Summary: 
[2025-01-11 12:01:01,897] INFO: 	 lr: 0.00030000000000000073 	 Training loss: 0.08086394421756267
[2025-01-11 12:01:50,721] INFO: Iter 18400 Summary: 
[2025-01-11 12:01:50,721] INFO: 	 lr: 0.00030000000000000073 	 Training loss: 0.08036285139620304
[2025-01-11 12:02:33,836] INFO: Iter 18500 Summary: 
[2025-01-11 12:02:33,837] INFO: 	 lr: 0.00030000000000000073 	 Training loss: 0.08078449256718159
[2025-01-11 12:03:16,448] INFO: Iter 18600 Summary: 
[2025-01-11 12:03:16,449] INFO: 	 lr: 0.00030000000000000073 	 Training loss: 0.08091402612626553
[2025-01-11 12:04:01,183] INFO: Iter 18700 Summary: 
[2025-01-11 12:04:01,184] INFO: 	 lr: 0.00030000000000000073 	 Training loss: 0.08068812482059001
[2025-01-11 12:04:46,252] INFO: Iter 18800 Summary: 
[2025-01-11 12:04:46,252] INFO: 	 lr: 0.00030000000000000073 	 Training loss: 0.08036022588610649
[2025-01-11 12:05:28,409] INFO: Iter 18900 Summary: 
[2025-01-11 12:05:28,409] INFO: 	 lr: 0.00030000000000000073 	 Training loss: 0.08033739499747754
[2025-01-11 12:06:09,412] INFO: Iter 19000 Summary: 
[2025-01-11 12:06:09,412] INFO: 	 lr: 0.00030000000000000073 	 Training loss: 0.08062572829425335
[2025-01-11 12:06:59,253] INFO: Iter 19100 Summary: 
[2025-01-11 12:06:59,253] INFO: 	 lr: 0.00030000000000000073 	 Training loss: 0.0798509818315506
[2025-01-11 12:07:46,412] INFO: Iter 19200 Summary: 
[2025-01-11 12:07:46,413] INFO: 	 lr: 0.00030000000000000073 	 Training loss: 0.08048669293522835
[2025-01-11 12:08:32,191] INFO: Iter 19300 Summary: 
[2025-01-11 12:08:32,191] INFO: 	 lr: 0.00030000000000000073 	 Training loss: 0.0808961983025074
[2025-01-11 12:09:19,521] INFO: Iter 19400 Summary: 
[2025-01-11 12:09:19,521] INFO: 	 lr: 0.00030000000000000073 	 Training loss: 0.08039771109819412
[2025-01-11 12:10:02,417] INFO: Iter 19500 Summary: 
[2025-01-11 12:10:02,417] INFO: 	 lr: 0.00030000000000000073 	 Training loss: 0.08031264595687389
[2025-01-11 12:10:45,741] INFO: Iter 19600 Summary: 
[2025-01-11 12:10:45,741] INFO: 	 lr: 0.00030000000000000073 	 Training loss: 0.08043432332575322
[2025-01-11 12:11:31,813] INFO: Iter 19700 Summary: 
[2025-01-11 12:11:31,814] INFO: 	 lr: 0.00030000000000000073 	 Training loss: 0.08102788135409356
[2025-01-11 12:12:15,767] INFO: Iter 19800 Summary: 
[2025-01-11 12:12:15,767] INFO: 	 lr: 0.00030000000000000073 	 Training loss: 0.08062868930399418
[2025-01-11 12:12:57,863] INFO: Iter 19900 Summary: 
[2025-01-11 12:12:57,864] INFO: 	 lr: 0.00030000000000000073 	 Training loss: 0.08003335706889629
[2025-01-11 12:13:43,529] INFO: Iter 20000 Summary: 
[2025-01-11 12:13:43,529] INFO: 	 lr: 0.00030000000000000073 	 Training loss: 0.08014499627053738
[2025-01-11 12:14:36,109] INFO: Iter 20100 Summary: 
[2025-01-11 12:14:36,110] INFO: 	 lr: 0.00030000000000000073 	 Training loss: 0.08045922756195069
[2025-01-11 12:15:21,678] INFO: Iter 20200 Summary: 
[2025-01-11 12:15:21,678] INFO: 	 lr: 0.00030000000000000073 	 Training loss: 0.08014371730387211
[2025-01-11 12:16:07,693] INFO: Iter 20300 Summary: 
[2025-01-11 12:16:07,693] INFO: 	 lr: 0.00030000000000000073 	 Training loss: 0.08050770632922649
[2025-01-11 12:17:02,735] INFO: Iter 20400 Summary: 
[2025-01-11 12:17:02,735] INFO: 	 lr: 0.00030000000000000073 	 Training loss: 0.08024058632552623
[2025-01-11 12:17:49,722] INFO: Iter 20500 Summary: 
[2025-01-11 12:17:49,723] INFO: 	 lr: 0.00030000000000000073 	 Training loss: 0.08002606153488159
[2025-01-11 12:18:33,294] INFO: Iter 20600 Summary: 
[2025-01-11 12:18:33,294] INFO: 	 lr: 0.00030000000000000073 	 Training loss: 0.07991085685789585
[2025-01-11 12:19:19,075] INFO: Iter 20700 Summary: 
[2025-01-11 12:19:19,075] INFO: 	 lr: 0.00030000000000000073 	 Training loss: 0.08014457859098911
[2025-01-11 12:20:07,562] INFO: Iter 20800 Summary: 
[2025-01-11 12:20:07,563] INFO: 	 lr: 0.00030000000000000073 	 Training loss: 0.07996515542268753
[2025-01-11 12:20:49,255] INFO: Iter 20900 Summary: 
[2025-01-11 12:20:49,255] INFO: 	 lr: 0.00030000000000000073 	 Training loss: 0.07980816759169101
[2025-01-11 12:21:31,593] INFO: Iter 21000 Summary: 
[2025-01-11 12:21:31,594] INFO: 	 lr: 0.00030000000000000073 	 Training loss: 0.08006114646792412
[2025-01-11 12:22:20,254] INFO: Iter 21100 Summary: 
[2025-01-11 12:22:20,255] INFO: 	 lr: 0.00030000000000000073 	 Training loss: 0.079910404458642
[2025-01-11 12:23:02,197] INFO: Iter 21200 Summary: 
[2025-01-11 12:23:02,197] INFO: 	 lr: 0.00030000000000000073 	 Training loss: 0.07945065587759018
[2025-01-11 12:23:41,770] INFO: Iter 21300 Summary: 
[2025-01-11 12:23:41,771] INFO: 	 lr: 0.00030000000000000073 	 Training loss: 0.08026345789432526
[2025-01-11 12:24:30,440] INFO: Iter 21400 Summary: 
[2025-01-11 12:24:30,441] INFO: 	 lr: 0.00030000000000000073 	 Training loss: 0.07969971522688865
[2025-01-11 12:25:17,798] INFO: Iter 21500 Summary: 
[2025-01-11 12:25:17,798] INFO: 	 lr: 0.00030000000000000073 	 Training loss: 0.07954196095466613
[2025-01-11 12:26:06,192] INFO: Iter 21600 Summary: 
[2025-01-11 12:26:06,192] INFO: 	 lr: 0.00030000000000000073 	 Training loss: 0.07985405497252941
[2025-01-11 12:26:51,640] INFO: Iter 21700 Summary: 
[2025-01-11 12:26:51,640] INFO: 	 lr: 0.00030000000000000073 	 Training loss: 0.07960752196609974
[2025-01-11 12:27:42,156] INFO: Iter 21800 Summary: 
[2025-01-11 12:27:42,156] INFO: 	 lr: 0.00030000000000000073 	 Training loss: 0.07986519068479538
[2025-01-11 12:28:28,906] INFO: Iter 21900 Summary: 
[2025-01-11 12:28:28,907] INFO: 	 lr: 0.00030000000000000073 	 Training loss: 0.07914880104362965
[2025-01-11 12:29:10,484] INFO: Iter 22000 Summary: 
[2025-01-11 12:29:10,485] INFO: 	 lr: 0.00030000000000000073 	 Training loss: 0.07951119668781757
[2025-01-11 12:30:07,183] INFO: Iter 22100 Summary: 
[2025-01-11 12:30:07,183] INFO: 	 lr: 0.00030000000000000073 	 Training loss: 0.07980396531522274
[2025-01-11 12:30:49,950] INFO: Iter 22200 Summary: 
[2025-01-11 12:30:49,950] INFO: 	 lr: 0.00030000000000000073 	 Training loss: 0.07943100862205028
[2025-01-11 12:31:34,303] INFO: Iter 22300 Summary: 
[2025-01-11 12:31:34,303] INFO: 	 lr: 0.00030000000000000073 	 Training loss: 0.07959274150431156
[2025-01-11 12:32:16,647] INFO: Iter 22400 Summary: 
[2025-01-11 12:32:16,648] INFO: 	 lr: 0.00030000000000000073 	 Training loss: 0.07959431186318397
[2025-01-11 12:32:59,778] INFO: Iter 22500 Summary: 
[2025-01-11 12:32:59,778] INFO: 	 lr: 0.00030000000000000073 	 Training loss: 0.07987316392362118
[2025-01-11 12:33:43,419] INFO: Iter 22600 Summary: 
[2025-01-11 12:33:43,419] INFO: 	 lr: 0.00030000000000000073 	 Training loss: 0.07940196089446544
[2025-01-11 12:34:26,129] INFO: Iter 22700 Summary: 
[2025-01-11 12:34:26,130] INFO: 	 lr: 0.00030000000000000073 	 Training loss: 0.07924555897712708
[2025-01-11 12:35:07,738] INFO: Iter 22800 Summary: 
[2025-01-11 12:35:07,739] INFO: 	 lr: 0.00030000000000000073 	 Training loss: 0.07928285419940949
[2025-01-11 12:35:52,355] INFO: Iter 22900 Summary: 
[2025-01-11 12:35:52,355] INFO: 	 lr: 0.00030000000000000073 	 Training loss: 0.07950775697827339
[2025-01-11 12:36:39,113] INFO: Iter 23000 Summary: 
[2025-01-11 12:36:39,114] INFO: 	 lr: 0.00030000000000000073 	 Training loss: 0.07957015626132488
[2025-01-11 12:37:26,504] INFO: Iter 23100 Summary: 
[2025-01-11 12:37:26,505] INFO: 	 lr: 0.00030000000000000073 	 Training loss: 0.0797462248057127
[2025-01-11 12:38:10,145] INFO: Iter 23200 Summary: 
[2025-01-11 12:38:10,145] INFO: 	 lr: 0.00030000000000000073 	 Training loss: 0.07958096951246262
[2025-01-11 12:38:52,295] INFO: Iter 23300 Summary: 
[2025-01-11 12:38:52,295] INFO: 	 lr: 0.00030000000000000073 	 Training loss: 0.07961010053753853
[2025-01-11 12:39:34,816] INFO: Iter 23400 Summary: 
[2025-01-11 12:39:34,816] INFO: 	 lr: 0.00030000000000000073 	 Training loss: 0.07905225940048695
[2025-01-11 12:40:17,008] INFO: Iter 23500 Summary: 
[2025-01-11 12:40:17,008] INFO: 	 lr: 0.00030000000000000073 	 Training loss: 0.07907558806240558
[2025-01-11 12:41:00,404] INFO: Iter 23600 Summary: 
[2025-01-11 12:41:00,404] INFO: 	 lr: 0.00030000000000000073 	 Training loss: 0.07969272024929523
[2025-01-11 12:41:43,604] INFO: Iter 23700 Summary: 
[2025-01-11 12:41:43,604] INFO: 	 lr: 0.00030000000000000073 	 Training loss: 0.07858797408640385
[2025-01-11 12:42:29,865] INFO: Iter 23800 Summary: 
[2025-01-11 12:42:29,865] INFO: 	 lr: 0.00030000000000000073 	 Training loss: 0.07965445622801781
[2025-01-11 12:43:10,829] INFO: Iter 23900 Summary: 
[2025-01-11 12:43:10,830] INFO: 	 lr: 0.00030000000000000073 	 Training loss: 0.07923488333821296
[2025-01-11 12:43:53,344] INFO: Iter 24000 Summary: 
[2025-01-11 12:43:53,345] INFO: 	 lr: 0.00030000000000000073 	 Training loss: 0.07921677365899087
[2025-01-11 12:44:39,357] INFO: Iter 24100 Summary: 
[2025-01-11 12:44:39,357] INFO: 	 lr: 0.00030000000000000073 	 Training loss: 0.0791005165874958
[2025-01-11 12:45:21,899] INFO: Iter 24200 Summary: 
[2025-01-11 12:45:21,899] INFO: 	 lr: 0.00030000000000000073 	 Training loss: 0.07893846116960049
[2025-01-11 12:46:05,226] INFO: Iter 24300 Summary: 
[2025-01-11 12:46:05,227] INFO: 	 lr: 0.00030000000000000073 	 Training loss: 0.0796329590678215
[2025-01-11 12:46:41,776] INFO: Iter 24400 Summary: 
[2025-01-11 12:46:41,776] INFO: 	 lr: 0.00030000000000000073 	 Training loss: 0.07911054223775864
[2025-01-11 12:47:27,637] INFO: Iter 24500 Summary: 
[2025-01-11 12:47:27,637] INFO: 	 lr: 0.00030000000000000073 	 Training loss: 0.07946882016956806
[2025-01-11 12:48:11,224] INFO: Iter 24600 Summary: 
[2025-01-11 12:48:11,224] INFO: 	 lr: 0.00030000000000000073 	 Training loss: 0.07968750901520252
[2025-01-11 12:48:43,116] INFO: Iter 24700 Summary: 
[2025-01-11 12:48:43,117] INFO: 	 lr: 0.00030000000000000073 	 Training loss: 0.07909855291247368
[2025-01-11 12:49:29,075] INFO: Iter 24800 Summary: 
[2025-01-11 12:49:29,076] INFO: 	 lr: 0.00030000000000000073 	 Training loss: 0.07887905240058898
[2025-01-11 12:50:08,170] INFO: Iter 24900 Summary: 
[2025-01-11 12:50:08,170] INFO: 	 lr: 0.00030000000000000073 	 Training loss: 0.07907434105873108
[2025-01-11 12:50:44,646] INFO: Iter 25000 Summary: 
[2025-01-11 12:50:44,646] INFO: 	 lr: 0.00030000000000000073 	 Training loss: 0.07921110711991787
[2025-01-11 12:51:28,344] INFO: Iter 25100 Summary: 
[2025-01-11 12:51:28,344] INFO: 	 lr: 0.00030000000000000073 	 Training loss: 0.0794235222786665
[2025-01-11 12:52:15,243] INFO: Iter 25200 Summary: 
[2025-01-11 12:52:15,244] INFO: 	 lr: 0.00030000000000000073 	 Training loss: 0.07853054910898209
[2025-01-11 12:53:00,203] INFO: Iter 25300 Summary: 
[2025-01-11 12:53:00,204] INFO: 	 lr: 0.00030000000000000073 	 Training loss: 0.07909801557660102
[2025-01-11 12:53:39,420] INFO: Iter 25400 Summary: 
[2025-01-11 12:53:39,420] INFO: 	 lr: 0.00030000000000000073 	 Training loss: 0.079142704308033
[2025-01-11 12:54:24,266] INFO: Iter 25500 Summary: 
[2025-01-11 12:54:24,267] INFO: 	 lr: 0.00030000000000000073 	 Training loss: 0.07899859502911567
[2025-01-11 12:55:08,986] INFO: Iter 25600 Summary: 
[2025-01-11 12:55:08,986] INFO: 	 lr: 0.00030000000000000073 	 Training loss: 0.07903680145740509
[2025-01-11 12:55:56,833] INFO: Iter 25700 Summary: 
[2025-01-11 12:55:56,835] INFO: 	 lr: 0.00030000000000000073 	 Training loss: 0.07902151800692081
[2025-01-11 12:56:43,935] INFO: Iter 25800 Summary: 
[2025-01-11 12:56:43,935] INFO: 	 lr: 0.00030000000000000073 	 Training loss: 0.07907554380595684
[2025-01-11 12:57:32,883] INFO: Iter 25900 Summary: 
[2025-01-11 12:57:32,883] INFO: 	 lr: 0.00030000000000000073 	 Training loss: 0.07921104855835438
[2025-01-11 12:58:13,565] INFO: Iter 26000 Summary: 
[2025-01-11 12:58:13,566] INFO: 	 lr: 0.00030000000000000073 	 Training loss: 0.07882838107645512
[2025-01-11 12:59:03,777] INFO: Iter 26100 Summary: 
[2025-01-11 12:59:03,778] INFO: 	 lr: 0.00030000000000000073 	 Training loss: 0.07946276761591435
[2025-01-11 12:59:48,439] INFO: Iter 26200 Summary: 
[2025-01-11 12:59:48,439] INFO: 	 lr: 0.00030000000000000073 	 Training loss: 0.07843334391713143
[2025-01-11 13:00:27,306] INFO: Iter 26300 Summary: 
[2025-01-11 13:00:27,306] INFO: 	 lr: 0.00030000000000000073 	 Training loss: 0.07913370750844478
[2025-01-11 13:01:06,347] INFO: Iter 26400 Summary: 
[2025-01-11 13:01:06,347] INFO: 	 lr: 0.00030000000000000073 	 Training loss: 0.07840246520936489
[2025-01-11 13:01:58,792] INFO: Iter 26500 Summary: 
[2025-01-11 13:01:58,793] INFO: 	 lr: 0.00030000000000000073 	 Training loss: 0.07840718790888786
[2025-01-11 13:02:45,903] INFO: Iter 26600 Summary: 
[2025-01-11 13:02:45,904] INFO: 	 lr: 0.00030000000000000073 	 Training loss: 0.07868641205132007
[2025-01-11 13:03:30,441] INFO: Iter 26700 Summary: 
[2025-01-11 13:03:30,442] INFO: 	 lr: 0.00030000000000000073 	 Training loss: 0.07869556143879891
[2025-01-11 13:04:15,701] INFO: Iter 26800 Summary: 
[2025-01-11 13:04:15,701] INFO: 	 lr: 0.00030000000000000073 	 Training loss: 0.0788158856332302
[2025-01-11 13:04:59,295] INFO: Iter 26900 Summary: 
[2025-01-11 13:04:59,296] INFO: 	 lr: 0.00030000000000000073 	 Training loss: 0.07855978585779667
[2025-01-11 13:05:28,040] INFO: Iter 27000 Summary: 
[2025-01-11 13:05:28,041] INFO: 	 lr: 0.00030000000000000073 	 Training loss: 0.07849594466388225
[2025-01-11 13:05:54,825] INFO: Iter 27100 Summary: 
[2025-01-11 13:05:54,825] INFO: 	 lr: 0.00030000000000000073 	 Training loss: 0.07844554141163826
[2025-01-11 13:06:23,429] INFO: Iter 27200 Summary: 
[2025-01-11 13:06:23,430] INFO: 	 lr: 0.00030000000000000073 	 Training loss: 0.079167949706316
[2025-01-11 13:07:23,863] INFO: Iter 27300 Summary: 
[2025-01-11 13:07:23,863] INFO: 	 lr: 0.00030000000000000073 	 Training loss: 0.07864368200302124
[2025-01-11 13:08:12,432] INFO: Iter 27400 Summary: 
[2025-01-11 13:08:12,432] INFO: 	 lr: 0.00030000000000000073 	 Training loss: 0.07891830489039421
[2025-01-11 13:08:56,254] INFO: Iter 27500 Summary: 
[2025-01-11 13:08:56,254] INFO: 	 lr: 0.00030000000000000073 	 Training loss: 0.07862616501748562
[2025-01-11 13:09:41,098] INFO: Iter 27600 Summary: 
[2025-01-11 13:09:41,098] INFO: 	 lr: 0.00030000000000000073 	 Training loss: 0.07799645125865937
[2025-01-11 13:10:26,505] INFO: Iter 27700 Summary: 
[2025-01-11 13:10:26,505] INFO: 	 lr: 0.00030000000000000073 	 Training loss: 0.07866857714951038
[2025-01-11 13:11:08,887] INFO: Iter 27800 Summary: 
[2025-01-11 13:11:08,887] INFO: 	 lr: 0.00030000000000000073 	 Training loss: 0.07819599986076355
[2025-01-11 13:11:54,938] INFO: Iter 27900 Summary: 
[2025-01-11 13:11:54,939] INFO: 	 lr: 0.00030000000000000073 	 Training loss: 0.07860954225063324
[2025-01-11 13:12:46,103] INFO: Iter 28000 Summary: 
[2025-01-11 13:12:46,103] INFO: 	 lr: 0.00030000000000000073 	 Training loss: 0.0787555468082428
[2025-01-11 13:13:31,852] INFO: Iter 28100 Summary: 
[2025-01-11 13:13:31,852] INFO: 	 lr: 0.00030000000000000073 	 Training loss: 0.07869514137506485
[2025-01-11 13:14:19,453] INFO: Iter 28200 Summary: 
[2025-01-11 13:14:19,453] INFO: 	 lr: 0.00030000000000000073 	 Training loss: 0.07843108050525188
[2025-01-11 13:15:04,675] INFO: Iter 28300 Summary: 
[2025-01-11 13:15:04,675] INFO: 	 lr: 0.00030000000000000073 	 Training loss: 0.07845202453434467
[2025-01-11 13:15:47,837] INFO: Iter 28400 Summary: 
[2025-01-11 13:15:47,837] INFO: 	 lr: 0.00030000000000000073 	 Training loss: 0.07840351052582265
[2025-01-11 13:16:31,289] INFO: Iter 28500 Summary: 
[2025-01-11 13:16:31,290] INFO: 	 lr: 0.00030000000000000073 	 Training loss: 0.07809626147150993
[2025-01-11 13:17:20,330] INFO: Iter 28600 Summary: 
[2025-01-11 13:17:20,330] INFO: 	 lr: 0.00030000000000000073 	 Training loss: 0.07791203528642654
[2025-01-11 13:18:05,623] INFO: Iter 28700 Summary: 
[2025-01-11 13:18:05,624] INFO: 	 lr: 0.00030000000000000073 	 Training loss: 0.07852848380804062
[2025-01-11 13:18:49,265] INFO: Iter 28800 Summary: 
[2025-01-11 13:18:49,265] INFO: 	 lr: 0.00030000000000000073 	 Training loss: 0.078522332534194
[2025-01-11 13:19:32,516] INFO: Iter 28900 Summary: 
[2025-01-11 13:19:32,517] INFO: 	 lr: 0.00030000000000000073 	 Training loss: 0.07813802592456341
[2025-01-11 13:20:11,806] INFO: Iter 29000 Summary: 
[2025-01-11 13:20:11,807] INFO: 	 lr: 0.00030000000000000073 	 Training loss: 0.07881947860121727
[2025-01-11 13:20:53,135] INFO: Iter 29100 Summary: 
[2025-01-11 13:20:53,135] INFO: 	 lr: 0.00030000000000000073 	 Training loss: 0.07854751706123352
[2025-01-11 13:21:40,977] INFO: Iter 29200 Summary: 
[2025-01-11 13:21:40,977] INFO: 	 lr: 0.00030000000000000073 	 Training loss: 0.07846460677683353
[2025-01-11 13:22:24,056] INFO: Iter 29300 Summary: 
[2025-01-11 13:22:24,056] INFO: 	 lr: 0.00030000000000000073 	 Training loss: 0.07828589759767056
[2025-01-11 13:23:01,168] INFO: Iter 29400 Summary: 
[2025-01-11 13:23:01,169] INFO: 	 lr: 0.00030000000000000073 	 Training loss: 0.07815028116106987
[2025-01-11 13:23:45,497] INFO: Iter 29500 Summary: 
[2025-01-11 13:23:45,497] INFO: 	 lr: 0.00030000000000000073 	 Training loss: 0.07848533518612384
[2025-01-11 13:24:28,248] INFO: Iter 29600 Summary: 
[2025-01-11 13:24:28,248] INFO: 	 lr: 0.00030000000000000073 	 Training loss: 0.07848985314369201
[2025-01-11 13:25:10,905] INFO: Iter 29700 Summary: 
[2025-01-11 13:25:10,906] INFO: 	 lr: 0.00030000000000000073 	 Training loss: 0.07822443775832653
[2025-01-11 13:25:57,008] INFO: Iter 29800 Summary: 
[2025-01-11 13:25:57,008] INFO: 	 lr: 0.00030000000000000073 	 Training loss: 0.0784660406410694
[2025-01-11 13:26:46,581] INFO: Iter 29900 Summary: 
[2025-01-11 13:26:46,581] INFO: 	 lr: 0.00030000000000000073 	 Training loss: 0.07900889843702316
[2025-01-11 13:27:32,537] INFO: Iter 30000 Summary: 
[2025-01-11 13:27:32,537] INFO: 	 lr: 0.00030000000000000073 	 Training loss: 0.07843345388770104
[2025-01-11 13:28:23,696] INFO: Iter 30100 Summary: 
[2025-01-11 13:28:23,696] INFO: 	 lr: 1.2900000000000026e-05 	 Training loss: 0.07641608893871307
[2025-01-11 13:29:05,155] INFO: Iter 30200 Summary: 
[2025-01-11 13:29:05,156] INFO: 	 lr: 1.000000000000002e-05 	 Training loss: 0.07578293949365617
[2025-01-11 13:29:49,655] INFO: Iter 30300 Summary: 
[2025-01-11 13:29:49,656] INFO: 	 lr: 1.000000000000002e-05 	 Training loss: 0.0750669839978218
[2025-01-11 13:30:30,056] INFO: Iter 30400 Summary: 
[2025-01-11 13:30:30,057] INFO: 	 lr: 1.000000000000002e-05 	 Training loss: 0.07542719043791295
[2025-01-11 13:31:18,398] INFO: Iter 30500 Summary: 
[2025-01-11 13:31:18,398] INFO: 	 lr: 1.000000000000002e-05 	 Training loss: 0.07460952796041966
[2025-01-11 13:32:08,821] INFO: Iter 30600 Summary: 
[2025-01-11 13:32:08,826] INFO: 	 lr: 1.000000000000002e-05 	 Training loss: 0.07520542286336422
[2025-01-11 13:32:54,952] INFO: Iter 30700 Summary: 
[2025-01-11 13:32:54,953] INFO: 	 lr: 1.000000000000002e-05 	 Training loss: 0.0740774567425251
[2025-01-11 13:33:36,638] INFO: Iter 30800 Summary: 
[2025-01-11 13:33:36,640] INFO: 	 lr: 1.000000000000002e-05 	 Training loss: 0.0741947915405035
[2025-01-11 13:34:16,680] INFO: Iter 30900 Summary: 
[2025-01-11 13:34:16,680] INFO: 	 lr: 1.000000000000002e-05 	 Training loss: 0.07408090107142926
[2025-01-11 13:35:01,081] INFO: Iter 31000 Summary: 
[2025-01-11 13:35:01,081] INFO: 	 lr: 1.000000000000002e-05 	 Training loss: 0.0740431421995163
[2025-01-11 13:35:38,813] INFO: Iter 31100 Summary: 
[2025-01-11 13:35:38,813] INFO: 	 lr: 1.000000000000002e-05 	 Training loss: 0.07436264909803868
[2025-01-11 13:36:20,354] INFO: Iter 31200 Summary: 
[2025-01-11 13:36:20,354] INFO: 	 lr: 1.000000000000002e-05 	 Training loss: 0.07422256119549274
[2025-01-11 13:37:13,450] INFO: Iter 31300 Summary: 
[2025-01-11 13:37:13,450] INFO: 	 lr: 1.000000000000002e-05 	 Training loss: 0.07353959307074547
[2025-01-11 13:37:59,097] INFO: Iter 31400 Summary: 
[2025-01-11 13:37:59,098] INFO: 	 lr: 1.000000000000002e-05 	 Training loss: 0.07424097433686257
[2025-01-11 13:38:38,336] INFO: Iter 31500 Summary: 
[2025-01-11 13:38:38,337] INFO: 	 lr: 1.000000000000002e-05 	 Training loss: 0.07371739946305751
[2025-01-11 13:39:18,244] INFO: Iter 31600 Summary: 
[2025-01-11 13:39:18,244] INFO: 	 lr: 1.000000000000002e-05 	 Training loss: 0.07369527019560337
[2025-01-11 13:40:01,403] INFO: Iter 31700 Summary: 
[2025-01-11 13:40:01,404] INFO: 	 lr: 1.000000000000002e-05 	 Training loss: 0.07372432738542557
[2025-01-11 13:40:43,791] INFO: Iter 31800 Summary: 
[2025-01-11 13:40:43,791] INFO: 	 lr: 1.000000000000002e-05 	 Training loss: 0.07410625912249089
[2025-01-11 13:41:20,528] INFO: Iter 31900 Summary: 
[2025-01-11 13:41:20,530] INFO: 	 lr: 1.000000000000002e-05 	 Training loss: 0.07401676684617996
[2025-01-11 13:41:58,647] INFO: Iter 32000 Summary: 
[2025-01-11 13:41:58,647] INFO: 	 lr: 1.000000000000002e-05 	 Training loss: 0.07359259501099587
[2025-01-11 13:42:31,853] INFO: Iter 32100 Summary: 
[2025-01-11 13:42:31,853] INFO: 	 lr: 1.000000000000002e-05 	 Training loss: 0.07380329698324203
[2025-01-11 13:43:20,653] INFO: Iter 32200 Summary: 
[2025-01-11 13:43:20,654] INFO: 	 lr: 1.000000000000002e-05 	 Training loss: 0.07382985629141331
[2025-01-11 13:44:22,055] INFO: Iter 32300 Summary: 
[2025-01-11 13:44:22,055] INFO: 	 lr: 1.000000000000002e-05 	 Training loss: 0.0737306009978056
[2025-01-11 13:45:06,036] INFO: Iter 32400 Summary: 
[2025-01-11 13:45:06,036] INFO: 	 lr: 1.000000000000002e-05 	 Training loss: 0.07350161477923393
[2025-01-11 13:45:50,205] INFO: Iter 32500 Summary: 
[2025-01-11 13:45:50,206] INFO: 	 lr: 1.000000000000002e-05 	 Training loss: 0.07317565619945526
[2025-01-11 13:46:38,514] INFO: Iter 32600 Summary: 
[2025-01-11 13:46:38,515] INFO: 	 lr: 1.000000000000002e-05 	 Training loss: 0.07341731034219265
[2025-01-11 13:47:06,730] INFO: Iter 32700 Summary: 
[2025-01-11 13:47:06,731] INFO: 	 lr: 1.000000000000002e-05 	 Training loss: 0.07367037020623685
[2025-01-11 13:47:35,758] INFO: Iter 32800 Summary: 
[2025-01-11 13:47:35,758] INFO: 	 lr: 1.000000000000002e-05 	 Training loss: 0.07320165261626244
[2025-01-11 13:48:06,212] INFO: Iter 32900 Summary: 
[2025-01-11 13:48:06,213] INFO: 	 lr: 1.000000000000002e-05 	 Training loss: 0.07333449348807335
[2025-01-11 13:48:32,962] INFO: Iter 33000 Summary: 
[2025-01-11 13:48:32,962] INFO: 	 lr: 1.000000000000002e-05 	 Training loss: 0.07298610799014568
[2025-01-11 13:48:59,235] INFO: Iter 33100 Summary: 
[2025-01-11 13:48:59,236] INFO: 	 lr: 1.000000000000002e-05 	 Training loss: 0.07369171470403671
[2025-01-11 13:49:28,322] INFO: Iter 33200 Summary: 
[2025-01-11 13:49:28,323] INFO: 	 lr: 1.000000000000002e-05 	 Training loss: 0.0735474681854248
[2025-01-11 13:50:01,608] INFO: Iter 33300 Summary: 
[2025-01-11 13:50:01,608] INFO: 	 lr: 1.000000000000002e-05 	 Training loss: 0.07319746062159538
[2025-01-11 13:50:31,621] INFO: Iter 33400 Summary: 
[2025-01-11 13:50:31,625] INFO: 	 lr: 1.000000000000002e-05 	 Training loss: 0.07288734331727027
[2025-01-11 13:50:58,902] INFO: Iter 33500 Summary: 
[2025-01-11 13:50:58,903] INFO: 	 lr: 1.000000000000002e-05 	 Training loss: 0.07338968999683856
[2025-01-11 13:51:28,853] INFO: Iter 33600 Summary: 
[2025-01-11 13:51:28,853] INFO: 	 lr: 1.000000000000002e-05 	 Training loss: 0.07295203797519206
[2025-01-11 13:51:57,794] INFO: Iter 33700 Summary: 
[2025-01-11 13:51:57,794] INFO: 	 lr: 1.000000000000002e-05 	 Training loss: 0.07336522810161114
[2025-01-11 13:52:13,461] INFO: Iter 33800 Summary: 
[2025-01-11 13:52:13,461] INFO: 	 lr: 1.000000000000002e-05 	 Training loss: 0.07333761058747769
[2025-01-11 13:52:25,913] INFO: Iter 33900 Summary: 
[2025-01-11 13:52:25,913] INFO: 	 lr: 1.000000000000002e-05 	 Training loss: 0.07360159367322922
[2025-01-11 13:52:41,958] INFO: Iter 34000 Summary: 
[2025-01-11 13:52:41,959] INFO: 	 lr: 1.000000000000002e-05 	 Training loss: 0.07344459168612957
[2025-01-11 13:52:58,079] INFO: Iter 34100 Summary: 
[2025-01-11 13:52:58,079] INFO: 	 lr: 1.000000000000002e-05 	 Training loss: 0.0730468775331974
[2025-01-11 13:53:08,771] INFO: Iter 34200 Summary: 
[2025-01-11 13:53:08,772] INFO: 	 lr: 1.000000000000002e-05 	 Training loss: 0.07302149243652821
[2025-01-11 13:53:19,837] INFO: Iter 34300 Summary: 
[2025-01-11 13:53:19,838] INFO: 	 lr: 1.000000000000002e-05 	 Training loss: 0.07300096929073334
[2025-01-11 13:53:30,262] INFO: Iter 34400 Summary: 
[2025-01-11 13:53:30,262] INFO: 	 lr: 1.000000000000002e-05 	 Training loss: 0.0733037031441927
[2025-01-11 13:53:42,303] INFO: Iter 34500 Summary: 
[2025-01-11 13:53:42,304] INFO: 	 lr: 1.000000000000002e-05 	 Training loss: 0.073293097615242
[2025-01-11 13:53:53,868] INFO: Iter 34600 Summary: 
[2025-01-11 13:53:53,869] INFO: 	 lr: 1.000000000000002e-05 	 Training loss: 0.07271334022283554
[2025-01-11 13:54:07,609] INFO: Iter 34700 Summary: 
[2025-01-11 13:54:07,610] INFO: 	 lr: 1.000000000000002e-05 	 Training loss: 0.0723386487364769
[2025-01-11 13:54:18,554] INFO: Iter 34800 Summary: 
[2025-01-11 13:54:18,554] INFO: 	 lr: 1.000000000000002e-05 	 Training loss: 0.0726858251541853
[2025-01-11 13:54:28,985] INFO: Iter 34900 Summary: 
[2025-01-11 13:54:28,985] INFO: 	 lr: 1.000000000000002e-05 	 Training loss: 0.0729504957050085
[2025-01-11 13:54:40,107] INFO: Iter 35000 Summary: 
[2025-01-11 13:54:40,107] INFO: 	 lr: 1.000000000000002e-05 	 Training loss: 0.07287542417645454
[2025-01-11 13:54:51,335] INFO: Iter 35100 Summary: 
[2025-01-11 13:54:51,335] INFO: 	 lr: 1.000000000000002e-05 	 Training loss: 0.07296021610498428
[2025-01-11 13:55:02,236] INFO: Iter 35200 Summary: 
[2025-01-11 13:55:02,237] INFO: 	 lr: 1.000000000000002e-05 	 Training loss: 0.07317718103528023
[2025-01-11 13:55:13,420] INFO: Iter 35300 Summary: 
[2025-01-11 13:55:13,420] INFO: 	 lr: 1.000000000000002e-05 	 Training loss: 0.07310357622802258
[2025-01-11 13:55:26,813] INFO: Iter 35400 Summary: 
[2025-01-11 13:55:26,814] INFO: 	 lr: 1.000000000000002e-05 	 Training loss: 0.07341050155460835
[2025-01-11 13:55:37,345] INFO: Iter 35500 Summary: 
[2025-01-11 13:55:37,345] INFO: 	 lr: 1.000000000000002e-05 	 Training loss: 0.07245780386030674
[2025-01-11 13:55:48,313] INFO: Iter 35600 Summary: 
[2025-01-11 13:55:48,313] INFO: 	 lr: 1.000000000000002e-05 	 Training loss: 0.07270275071263313
[2025-01-11 13:55:59,194] INFO: Iter 35700 Summary: 
[2025-01-11 13:55:59,194] INFO: 	 lr: 1.000000000000002e-05 	 Training loss: 0.07279579736292362
[2025-01-11 13:56:10,096] INFO: Iter 35800 Summary: 
[2025-01-11 13:56:10,096] INFO: 	 lr: 1.000000000000002e-05 	 Training loss: 0.07268071845173836
[2025-01-11 13:56:20,579] INFO: Iter 35900 Summary: 
[2025-01-11 13:56:20,579] INFO: 	 lr: 1.000000000000002e-05 	 Training loss: 0.07275080367922783
[2025-01-11 13:56:33,553] INFO: Iter 36000 Summary: 
[2025-01-11 13:56:33,554] INFO: 	 lr: 1.000000000000002e-05 	 Training loss: 0.072559709623456
[2025-01-11 13:56:46,985] INFO: Iter 36100 Summary: 
[2025-01-11 13:56:46,985] INFO: 	 lr: 1.000000000000002e-05 	 Training loss: 0.07233718946576119
[2025-01-11 13:56:57,929] INFO: Iter 36200 Summary: 
[2025-01-11 13:56:57,930] INFO: 	 lr: 1.000000000000002e-05 	 Training loss: 0.07312883101403714
[2025-01-11 13:57:08,926] INFO: Iter 36300 Summary: 
[2025-01-11 13:57:08,926] INFO: 	 lr: 1.000000000000002e-05 	 Training loss: 0.07287788100540638
[2025-01-11 13:57:22,141] INFO: Iter 36400 Summary: 
[2025-01-11 13:57:22,141] INFO: 	 lr: 1.000000000000002e-05 	 Training loss: 0.07281640820205211
[2025-01-11 13:57:33,183] INFO: Iter 36500 Summary: 
[2025-01-11 13:57:33,183] INFO: 	 lr: 1.000000000000002e-05 	 Training loss: 0.07284216910600662
[2025-01-11 13:57:44,579] INFO: Iter 36600 Summary: 
[2025-01-11 13:57:44,579] INFO: 	 lr: 1.000000000000002e-05 	 Training loss: 0.07223837859928608
[2025-01-11 13:57:57,900] INFO: Iter 36700 Summary: 
[2025-01-11 13:57:57,900] INFO: 	 lr: 1.000000000000002e-05 	 Training loss: 0.0724463041126728
[2025-01-11 13:58:08,796] INFO: Iter 36800 Summary: 
[2025-01-11 13:58:08,797] INFO: 	 lr: 1.000000000000002e-05 	 Training loss: 0.07262438431382179
[2025-01-11 13:58:19,280] INFO: Iter 36900 Summary: 
[2025-01-11 13:58:19,280] INFO: 	 lr: 1.000000000000002e-05 	 Training loss: 0.07268250644207001
[2025-01-11 13:58:31,326] INFO: Iter 37000 Summary: 
[2025-01-11 13:58:31,326] INFO: 	 lr: 1.000000000000002e-05 	 Training loss: 0.07266855597496033
[2025-01-11 13:58:42,918] INFO: Iter 37100 Summary: 
[2025-01-11 13:58:42,918] INFO: 	 lr: 1.000000000000002e-05 	 Training loss: 0.07257120162248612
[2025-01-11 13:58:53,314] INFO: Iter 37200 Summary: 
[2025-01-11 13:58:53,314] INFO: 	 lr: 1.000000000000002e-05 	 Training loss: 0.07270764142274856
[2025-01-11 13:59:04,116] INFO: Iter 37300 Summary: 
[2025-01-11 13:59:04,116] INFO: 	 lr: 1.000000000000002e-05 	 Training loss: 0.07249605596065521
[2025-01-11 13:59:15,579] INFO: Iter 37400 Summary: 
[2025-01-11 13:59:15,580] INFO: 	 lr: 1.000000000000002e-05 	 Training loss: 0.07207173183560371
[2025-01-11 13:59:25,518] INFO: Iter 37500 Summary: 
[2025-01-11 13:59:25,518] INFO: 	 lr: 1.000000000000002e-05 	 Training loss: 0.07330984488129616
[2025-01-11 13:59:35,283] INFO: Iter 37600 Summary: 
[2025-01-11 13:59:35,283] INFO: 	 lr: 1.000000000000002e-05 	 Training loss: 0.07211462907493114
[2025-01-11 13:59:46,635] INFO: Iter 37700 Summary: 
[2025-01-11 13:59:46,635] INFO: 	 lr: 1.000000000000002e-05 	 Training loss: 0.07247015833854675
[2025-01-11 13:59:56,875] INFO: Iter 37800 Summary: 
[2025-01-11 13:59:56,876] INFO: 	 lr: 1.000000000000002e-05 	 Training loss: 0.07256159000098705
[2025-01-11 14:00:07,736] INFO: Iter 37900 Summary: 
[2025-01-11 14:00:07,737] INFO: 	 lr: 1.000000000000002e-05 	 Training loss: 0.07210249610245228
[2025-01-11 14:00:18,694] INFO: Iter 38000 Summary: 
[2025-01-11 14:00:18,695] INFO: 	 lr: 1.000000000000002e-05 	 Training loss: 0.07217870227992534
[2025-01-11 14:00:33,963] INFO: Iter 38100 Summary: 
[2025-01-11 14:00:33,963] INFO: 	 lr: 1.000000000000002e-05 	 Training loss: 0.07219156242907047
[2025-01-11 14:00:45,285] INFO: Iter 38200 Summary: 
[2025-01-11 14:00:45,285] INFO: 	 lr: 1.000000000000002e-05 	 Training loss: 0.07232116401195526
[2025-01-11 14:00:55,576] INFO: Iter 38300 Summary: 
[2025-01-11 14:00:55,576] INFO: 	 lr: 1.000000000000002e-05 	 Training loss: 0.07234206162393093
[2025-01-11 14:01:05,334] INFO: Iter 38400 Summary: 
[2025-01-11 14:01:05,334] INFO: 	 lr: 1.000000000000002e-05 	 Training loss: 0.07220776349306107
[2025-01-11 14:01:15,903] INFO: Iter 38500 Summary: 
[2025-01-11 14:01:15,903] INFO: 	 lr: 1.000000000000002e-05 	 Training loss: 0.07243967555463314
[2025-01-11 14:01:24,792] INFO: Iter 38600 Summary: 
[2025-01-11 14:01:24,792] INFO: 	 lr: 1.000000000000002e-05 	 Training loss: 0.07237938411533833
[2025-01-11 14:01:35,382] INFO: Iter 38700 Summary: 
[2025-01-11 14:01:35,382] INFO: 	 lr: 1.000000000000002e-05 	 Training loss: 0.07294881455600262
[2025-01-11 14:01:47,943] INFO: Iter 38800 Summary: 
[2025-01-11 14:01:47,943] INFO: 	 lr: 1.000000000000002e-05 	 Training loss: 0.07203094258904458
[2025-01-11 14:01:58,339] INFO: Iter 38900 Summary: 
[2025-01-11 14:01:58,339] INFO: 	 lr: 1.000000000000002e-05 	 Training loss: 0.07240269735455512
[2025-01-11 14:02:09,949] INFO: Iter 39000 Summary: 
[2025-01-11 14:02:09,949] INFO: 	 lr: 1.000000000000002e-05 	 Training loss: 0.07289464712142944
[2025-01-11 14:02:20,698] INFO: Iter 39100 Summary: 
[2025-01-11 14:02:20,698] INFO: 	 lr: 1.000000000000002e-05 	 Training loss: 0.0723895949870348
[2025-01-11 14:02:32,356] INFO: Iter 39200 Summary: 
[2025-01-11 14:02:32,356] INFO: 	 lr: 1.000000000000002e-05 	 Training loss: 0.07237874917685985
[2025-01-11 14:02:43,516] INFO: Iter 39300 Summary: 
[2025-01-11 14:02:43,516] INFO: 	 lr: 1.000000000000002e-05 	 Training loss: 0.07235349953174591
[2025-01-11 14:02:56,252] INFO: Iter 39400 Summary: 
[2025-01-11 14:02:56,252] INFO: 	 lr: 1.000000000000002e-05 	 Training loss: 0.07185407392680646
[2025-01-11 14:03:06,610] INFO: Iter 39500 Summary: 
[2025-01-11 14:03:06,611] INFO: 	 lr: 1.000000000000002e-05 	 Training loss: 0.07200163573026658
[2025-01-11 14:03:18,106] INFO: Iter 39600 Summary: 
[2025-01-11 14:03:18,106] INFO: 	 lr: 1.000000000000002e-05 	 Training loss: 0.07238802574574947
[2025-01-11 14:03:29,635] INFO: Iter 39700 Summary: 
[2025-01-11 14:03:29,636] INFO: 	 lr: 1.000000000000002e-05 	 Training loss: 0.07239132955670356
[2025-01-11 14:03:40,445] INFO: Iter 39800 Summary: 
[2025-01-11 14:03:40,445] INFO: 	 lr: 1.000000000000002e-05 	 Training loss: 0.07244318597018719
[2025-01-11 14:03:51,958] INFO: Iter 39900 Summary: 
[2025-01-11 14:03:51,959] INFO: 	 lr: 1.000000000000002e-05 	 Training loss: 0.07182431757450104
[2025-01-11 14:04:02,802] INFO: Iter 40000 Summary: 
[2025-01-11 14:04:02,802] INFO: 	 lr: 1.000000000000002e-05 	 Training loss: 0.07243957430124283
