[2025-01-10 10:13:34,991] INFO: {
    "abs_dir": "/home/diwang/siMLPe/exps/baseline_h36m",
    "batch_size": 256,
    "cos_lr_max": 1e-05,
    "cos_lr_min": 5e-08,
    "cos_lr_total_iters": 40000,
    "data_aug": true,
    "deriv_input": true,
    "deriv_output": true,
    "device": "cuda:1",
    "h36m_anno_dir": "/home/diwang/siMLPe/data/h36m/",
    "link_log_file": "/home/diwang/siMLPe/exps/baseline_h36m/log/log_last.log",
    "link_val_log_file": "/home/diwang/siMLPe/exps/baseline_h36m/log/val_last.log",
    "log_dir": "/home/diwang/siMLPe/exps/baseline_h36m/log",
    "log_file": "/home/diwang/siMLPe/exps/baseline_h36m/log/log_2025_01_10_10_13_08.log",
    "model_pth": null,
    "motion": {
        "dim": 66,
        "h36m_input_length": 50,
        "h36m_input_length_dct": 50,
        "h36m_target_length": 10,
        "h36m_target_length_eval": 25,
        "h36m_target_length_train": 10
    },
    "motion_fc_in": {
        "activation": "relu",
        "in_features": 66,
        "init_w_trunc_normal": false,
        "out_features": 66,
        "temporal_fc": false,
        "with_norm": false
    },
    "motion_fc_out": {
        "activation": "relu",
        "in_features": 66,
        "init_w_trunc_normal": true,
        "out_features": 66,
        "temporal_fc": false,
        "with_norm": false
    },
    "motion_mlp": {
        "hidden_dim": 66,
        "norm_axis": "spatial",
        "num_layers": 48,
        "seq_len": 50,
        "spatial_fc_only": false,
        "with_normalization": true
    },
    "num_workers": 8,
    "post_dct": false,
    "pre_dct": false,
    "print_every": 100,
    "repo_name": "siMLPe",
    "root_dir": "/home/diwang/siMLPe",
    "save_every": 2000,
    "seed": 304,
    "shift_step": 1,
    "snapshot_dir": "/home/diwang/siMLPe/exps/baseline_h36m/log/snapshot",
    "this_dir": "baseline_h36m",
    "use_relative_loss": true,
    "val_log_file": "/home/diwang/siMLPe/exps/baseline_h36m/log/val_2025_01_10_10_13_08.log",
    "weight_decay": 0.0001
}
[2025-01-10 10:13:51,108] INFO: Iter 100 Summary: 
[2025-01-10 10:13:51,108] INFO: 	 lr: 0.00030000000000000073 	 Training loss: 0.08213918052613735
[2025-01-10 10:14:00,826] INFO: Iter 200 Summary: 
[2025-01-10 10:14:00,826] INFO: 	 lr: 0.00030000000000000073 	 Training loss: 0.07495683237910271
[2025-01-10 10:14:12,815] INFO: Iter 300 Summary: 
[2025-01-10 10:14:12,816] INFO: 	 lr: 0.00030000000000000073 	 Training loss: 0.07494142353534698
[2025-01-10 10:14:26,009] INFO: Iter 400 Summary: 
[2025-01-10 10:14:26,009] INFO: 	 lr: 0.00030000000000000073 	 Training loss: 0.07490758545696735
[2025-01-10 10:14:38,359] INFO: Iter 500 Summary: 
[2025-01-10 10:14:38,359] INFO: 	 lr: 0.00030000000000000073 	 Training loss: 0.07465944297611714
[2025-01-10 10:14:50,027] INFO: Iter 600 Summary: 
[2025-01-10 10:14:50,027] INFO: 	 lr: 0.00030000000000000073 	 Training loss: 0.0715074197947979
[2025-01-10 10:15:03,609] INFO: Iter 700 Summary: 
[2025-01-10 10:15:03,610] INFO: 	 lr: 0.00030000000000000073 	 Training loss: 0.0705330240726471
[2025-01-10 10:15:16,907] INFO: Iter 800 Summary: 
[2025-01-10 10:15:16,907] INFO: 	 lr: 0.00030000000000000073 	 Training loss: 0.06993988268077374
[2025-01-10 10:15:29,739] INFO: Iter 900 Summary: 
[2025-01-10 10:15:29,740] INFO: 	 lr: 0.00030000000000000073 	 Training loss: 0.06964387759566307
[2025-01-10 10:15:41,898] INFO: Iter 1000 Summary: 
[2025-01-10 10:15:41,898] INFO: 	 lr: 0.00030000000000000073 	 Training loss: 0.06915693562477827
[2025-01-10 10:15:54,421] INFO: Iter 1100 Summary: 
[2025-01-10 10:15:54,421] INFO: 	 lr: 0.00030000000000000073 	 Training loss: 0.06826053246855736
[2025-01-10 10:16:06,396] INFO: Iter 1200 Summary: 
[2025-01-10 10:16:06,397] INFO: 	 lr: 0.00030000000000000073 	 Training loss: 0.06645928438752889
[2025-01-10 10:16:18,306] INFO: Iter 1300 Summary: 
[2025-01-10 10:16:18,306] INFO: 	 lr: 0.00030000000000000073 	 Training loss: 0.06603312704712153
[2025-01-10 10:16:32,297] INFO: Iter 1400 Summary: 
[2025-01-10 10:16:32,298] INFO: 	 lr: 0.00030000000000000073 	 Training loss: 0.06508428644388914
[2025-01-10 10:16:45,536] INFO: Iter 1500 Summary: 
[2025-01-10 10:16:45,536] INFO: 	 lr: 0.00030000000000000073 	 Training loss: 0.06430144969373941
[2025-01-10 10:17:00,375] INFO: Iter 1600 Summary: 
[2025-01-10 10:17:00,376] INFO: 	 lr: 0.00030000000000000073 	 Training loss: 0.06316436666995287
[2025-01-10 10:17:11,227] INFO: Iter 1700 Summary: 
[2025-01-10 10:17:11,228] INFO: 	 lr: 0.00030000000000000073 	 Training loss: 0.0628609936311841
[2025-01-10 10:17:23,099] INFO: Iter 1800 Summary: 
[2025-01-10 10:17:23,099] INFO: 	 lr: 0.00030000000000000073 	 Training loss: 0.06190644923597574
[2025-01-10 10:17:35,506] INFO: Iter 1900 Summary: 
[2025-01-10 10:17:35,507] INFO: 	 lr: 0.00030000000000000073 	 Training loss: 0.061879504173994064
[2025-01-10 10:17:48,730] INFO: Iter 2000 Summary: 
[2025-01-10 10:17:48,731] INFO: 	 lr: 0.00030000000000000073 	 Training loss: 0.060785957239568235
[2025-01-10 10:18:05,311] INFO: Iter 2100 Summary: 
[2025-01-10 10:18:05,312] INFO: 	 lr: 0.00030000000000000073 	 Training loss: 0.06060673199594021
[2025-01-10 10:18:18,429] INFO: Iter 2200 Summary: 
[2025-01-10 10:18:18,430] INFO: 	 lr: 0.00030000000000000073 	 Training loss: 0.06005466092377901
[2025-01-10 10:18:30,288] INFO: Iter 2300 Summary: 
[2025-01-10 10:18:30,288] INFO: 	 lr: 0.00030000000000000073 	 Training loss: 0.06002197578549385
[2025-01-10 10:18:42,499] INFO: Iter 2400 Summary: 
[2025-01-10 10:18:42,499] INFO: 	 lr: 0.00030000000000000073 	 Training loss: 0.05947531677782535
[2025-01-10 10:18:54,592] INFO: Iter 2500 Summary: 
[2025-01-10 10:18:54,592] INFO: 	 lr: 0.00030000000000000073 	 Training loss: 0.05923213347792625
[2025-01-10 10:19:06,492] INFO: Iter 2600 Summary: 
[2025-01-10 10:19:06,492] INFO: 	 lr: 0.00030000000000000073 	 Training loss: 0.059373686760663985
[2025-01-10 10:19:17,524] INFO: Iter 2700 Summary: 
[2025-01-10 10:19:17,525] INFO: 	 lr: 0.00030000000000000073 	 Training loss: 0.05887058764696121
[2025-01-10 10:19:31,193] INFO: Iter 2800 Summary: 
[2025-01-10 10:19:31,194] INFO: 	 lr: 0.00030000000000000073 	 Training loss: 0.057887271158397195
[2025-01-10 10:19:42,770] INFO: Iter 2900 Summary: 
[2025-01-10 10:19:42,771] INFO: 	 lr: 0.00030000000000000073 	 Training loss: 0.0579816921800375
[2025-01-10 10:19:52,852] INFO: Iter 3000 Summary: 
[2025-01-10 10:19:52,852] INFO: 	 lr: 0.00030000000000000073 	 Training loss: 0.057958433590829375
[2025-01-10 10:20:04,118] INFO: Iter 3100 Summary: 
[2025-01-10 10:20:04,118] INFO: 	 lr: 0.00030000000000000073 	 Training loss: 0.05765709389001131
[2025-01-10 10:20:15,050] INFO: Iter 3200 Summary: 
[2025-01-10 10:20:15,050] INFO: 	 lr: 0.00030000000000000073 	 Training loss: 0.057091267667710784
[2025-01-10 10:20:27,611] INFO: Iter 3300 Summary: 
[2025-01-10 10:20:27,612] INFO: 	 lr: 0.00030000000000000073 	 Training loss: 0.05744387734681368
[2025-01-10 10:20:42,193] INFO: Iter 3400 Summary: 
[2025-01-10 10:20:42,194] INFO: 	 lr: 0.00030000000000000073 	 Training loss: 0.0572687317058444
[2025-01-10 10:20:57,023] INFO: Iter 3500 Summary: 
[2025-01-10 10:20:57,024] INFO: 	 lr: 0.00030000000000000073 	 Training loss: 0.05699384264647961
[2025-01-10 10:21:08,478] INFO: Iter 3600 Summary: 
[2025-01-10 10:21:08,479] INFO: 	 lr: 0.00030000000000000073 	 Training loss: 0.05695999186486006
[2025-01-10 10:21:20,841] INFO: Iter 3700 Summary: 
[2025-01-10 10:21:20,841] INFO: 	 lr: 0.00030000000000000073 	 Training loss: 0.05615381680428982
[2025-01-10 10:21:30,436] INFO: Iter 3800 Summary: 
[2025-01-10 10:21:30,436] INFO: 	 lr: 0.00030000000000000073 	 Training loss: 0.05628784783184528
[2025-01-10 10:21:41,080] INFO: Iter 3900 Summary: 
[2025-01-10 10:21:41,081] INFO: 	 lr: 0.00030000000000000073 	 Training loss: 0.05581950709223747
[2025-01-10 10:21:53,680] INFO: Iter 4000 Summary: 
[2025-01-10 10:21:53,680] INFO: 	 lr: 0.00030000000000000073 	 Training loss: 0.056561057642102244
[2025-01-10 10:22:10,419] INFO: Iter 4100 Summary: 
[2025-01-10 10:22:10,419] INFO: 	 lr: 0.00030000000000000073 	 Training loss: 0.05636140745133161
[2025-01-10 10:22:23,418] INFO: Iter 4200 Summary: 
[2025-01-10 10:22:23,418] INFO: 	 lr: 0.00030000000000000073 	 Training loss: 0.05562040824443102
[2025-01-10 10:22:34,385] INFO: Iter 4300 Summary: 
[2025-01-10 10:22:34,386] INFO: 	 lr: 0.00030000000000000073 	 Training loss: 0.05574341513216496
[2025-01-10 10:22:46,652] INFO: Iter 4400 Summary: 
[2025-01-10 10:22:46,652] INFO: 	 lr: 0.00030000000000000073 	 Training loss: 0.05527444656938314
[2025-01-10 10:22:58,523] INFO: Iter 4500 Summary: 
[2025-01-10 10:22:58,523] INFO: 	 lr: 0.00030000000000000073 	 Training loss: 0.05516698993742466
[2025-01-10 10:23:09,950] INFO: Iter 4600 Summary: 
[2025-01-10 10:23:09,951] INFO: 	 lr: 0.00030000000000000073 	 Training loss: 0.055382783487439156
[2025-01-10 10:23:22,432] INFO: Iter 4700 Summary: 
[2025-01-10 10:23:22,433] INFO: 	 lr: 0.00030000000000000073 	 Training loss: 0.05503356862813234
[2025-01-10 10:23:34,160] INFO: Iter 4800 Summary: 
[2025-01-10 10:23:34,160] INFO: 	 lr: 0.00030000000000000073 	 Training loss: 0.055059881955385206
[2025-01-10 10:23:48,188] INFO: Iter 4900 Summary: 
[2025-01-10 10:23:48,188] INFO: 	 lr: 0.00030000000000000073 	 Training loss: 0.05476104997098446
[2025-01-10 10:24:02,195] INFO: Iter 5000 Summary: 
[2025-01-10 10:24:02,195] INFO: 	 lr: 0.00030000000000000073 	 Training loss: 0.05545208692550659
[2025-01-10 10:24:15,025] INFO: Iter 5100 Summary: 
[2025-01-10 10:24:15,025] INFO: 	 lr: 0.00030000000000000073 	 Training loss: 0.05478237196803093
[2025-01-10 10:24:27,039] INFO: Iter 5200 Summary: 
[2025-01-10 10:24:27,040] INFO: 	 lr: 0.00030000000000000073 	 Training loss: 0.05463393732905388
[2025-01-10 10:24:38,574] INFO: Iter 5300 Summary: 
[2025-01-10 10:24:38,574] INFO: 	 lr: 0.00030000000000000073 	 Training loss: 0.05466773010790348
[2025-01-10 10:24:50,944] INFO: Iter 5400 Summary: 
[2025-01-10 10:24:50,944] INFO: 	 lr: 0.00030000000000000073 	 Training loss: 0.054178400188684465
[2025-01-10 10:25:03,532] INFO: Iter 5500 Summary: 
[2025-01-10 10:25:03,532] INFO: 	 lr: 0.00030000000000000073 	 Training loss: 0.054343241080641744
[2025-01-10 10:25:17,768] INFO: Iter 5600 Summary: 
[2025-01-10 10:25:17,769] INFO: 	 lr: 0.00030000000000000073 	 Training loss: 0.05433868702501059
[2025-01-10 10:25:30,172] INFO: Iter 5700 Summary: 
[2025-01-10 10:25:30,172] INFO: 	 lr: 0.00030000000000000073 	 Training loss: 0.05369959030300379
[2025-01-10 10:25:42,154] INFO: Iter 5800 Summary: 
[2025-01-10 10:25:42,154] INFO: 	 lr: 0.00030000000000000073 	 Training loss: 0.054053683616220954
[2025-01-10 10:25:56,492] INFO: Iter 5900 Summary: 
[2025-01-10 10:25:56,493] INFO: 	 lr: 0.00030000000000000073 	 Training loss: 0.05390277247875929
[2025-01-10 10:26:10,231] INFO: Iter 6000 Summary: 
[2025-01-10 10:26:10,231] INFO: 	 lr: 0.00030000000000000073 	 Training loss: 0.053813617639243604
[2025-01-10 10:26:31,715] INFO: Iter 6100 Summary: 
[2025-01-10 10:26:31,715] INFO: 	 lr: 0.00030000000000000073 	 Training loss: 0.0537810380011797
[2025-01-10 10:26:48,220] INFO: Iter 6200 Summary: 
[2025-01-10 10:26:48,220] INFO: 	 lr: 0.00030000000000000073 	 Training loss: 0.0535174298286438
[2025-01-10 10:27:02,807] INFO: Iter 6300 Summary: 
[2025-01-10 10:27:02,808] INFO: 	 lr: 0.00030000000000000073 	 Training loss: 0.053220239281654355
[2025-01-10 10:27:16,149] INFO: Iter 6400 Summary: 
[2025-01-10 10:27:16,149] INFO: 	 lr: 0.00030000000000000073 	 Training loss: 0.05340100731700659
[2025-01-10 10:27:30,820] INFO: Iter 6500 Summary: 
[2025-01-10 10:27:30,821] INFO: 	 lr: 0.00030000000000000073 	 Training loss: 0.052979638390243056
[2025-01-10 10:27:46,322] INFO: Iter 6600 Summary: 
[2025-01-10 10:27:46,322] INFO: 	 lr: 0.00030000000000000073 	 Training loss: 0.053118521496653553
[2025-01-10 10:28:02,153] INFO: Iter 6700 Summary: 
[2025-01-10 10:28:02,154] INFO: 	 lr: 0.00030000000000000073 	 Training loss: 0.052875432409346106
[2025-01-10 10:28:17,222] INFO: Iter 6800 Summary: 
[2025-01-10 10:28:17,222] INFO: 	 lr: 0.00030000000000000073 	 Training loss: 0.05268820699304342
[2025-01-10 10:28:30,076] INFO: Iter 6900 Summary: 
[2025-01-10 10:28:30,077] INFO: 	 lr: 0.00030000000000000073 	 Training loss: 0.05293418001383543
[2025-01-10 10:28:42,664] INFO: Iter 7000 Summary: 
[2025-01-10 10:28:42,664] INFO: 	 lr: 0.00030000000000000073 	 Training loss: 0.05311132099479437
[2025-01-10 10:28:56,394] INFO: Iter 7100 Summary: 
[2025-01-10 10:28:56,394] INFO: 	 lr: 0.00030000000000000073 	 Training loss: 0.05253924775868654
[2025-01-10 10:29:09,007] INFO: Iter 7200 Summary: 
[2025-01-10 10:29:09,007] INFO: 	 lr: 0.00030000000000000073 	 Training loss: 0.05256016824394465
[2025-01-10 10:29:22,232] INFO: Iter 7300 Summary: 
[2025-01-10 10:29:22,232] INFO: 	 lr: 0.00030000000000000073 	 Training loss: 0.052108882516622546
[2025-01-10 10:29:35,348] INFO: Iter 7400 Summary: 
[2025-01-10 10:29:35,348] INFO: 	 lr: 0.00030000000000000073 	 Training loss: 0.05211723819375038
[2025-01-10 10:29:48,394] INFO: Iter 7500 Summary: 
[2025-01-10 10:29:48,394] INFO: 	 lr: 0.00030000000000000073 	 Training loss: 0.05221778940409422
[2025-01-10 10:30:02,590] INFO: Iter 7600 Summary: 
[2025-01-10 10:30:02,590] INFO: 	 lr: 0.00030000000000000073 	 Training loss: 0.052239433228969574
[2025-01-10 10:30:15,455] INFO: Iter 7700 Summary: 
[2025-01-10 10:30:15,455] INFO: 	 lr: 0.00030000000000000073 	 Training loss: 0.05206529345363378
[2025-01-10 10:30:28,707] INFO: Iter 7800 Summary: 
[2025-01-10 10:30:28,707] INFO: 	 lr: 0.00030000000000000073 	 Training loss: 0.051357165165245536
[2025-01-10 10:30:40,977] INFO: Iter 7900 Summary: 
[2025-01-10 10:30:40,977] INFO: 	 lr: 0.00030000000000000073 	 Training loss: 0.05161793611943722
[2025-01-10 10:30:53,056] INFO: Iter 8000 Summary: 
[2025-01-10 10:30:53,056] INFO: 	 lr: 0.00030000000000000073 	 Training loss: 0.05182834934443235
[2025-01-10 10:31:09,654] INFO: Iter 8100 Summary: 
[2025-01-10 10:31:09,654] INFO: 	 lr: 0.00030000000000000073 	 Training loss: 0.05180608779191971
[2025-01-10 10:31:21,583] INFO: Iter 8200 Summary: 
[2025-01-10 10:31:21,584] INFO: 	 lr: 0.00030000000000000073 	 Training loss: 0.05151411734521389
[2025-01-10 10:31:34,306] INFO: Iter 8300 Summary: 
[2025-01-10 10:31:34,306] INFO: 	 lr: 0.00030000000000000073 	 Training loss: 0.051836409009993076
[2025-01-10 10:31:47,101] INFO: Iter 8400 Summary: 
[2025-01-10 10:31:47,101] INFO: 	 lr: 0.00030000000000000073 	 Training loss: 0.0512435369938612
[2025-01-10 10:31:59,780] INFO: Iter 8500 Summary: 
[2025-01-10 10:31:59,780] INFO: 	 lr: 0.00030000000000000073 	 Training loss: 0.05145238809287548
[2025-01-10 10:32:14,664] INFO: Iter 8600 Summary: 
[2025-01-10 10:32:14,665] INFO: 	 lr: 0.00030000000000000073 	 Training loss: 0.05094801899045706
[2025-01-10 10:32:27,766] INFO: Iter 8700 Summary: 
[2025-01-10 10:32:27,766] INFO: 	 lr: 0.00030000000000000073 	 Training loss: 0.05114687416702509
[2025-01-10 10:32:40,600] INFO: Iter 8800 Summary: 
[2025-01-10 10:32:40,600] INFO: 	 lr: 0.00030000000000000073 	 Training loss: 0.051354925297200676
[2025-01-10 10:32:54,320] INFO: Iter 8900 Summary: 
[2025-01-10 10:32:54,320] INFO: 	 lr: 0.00030000000000000073 	 Training loss: 0.05069796673953533
[2025-01-10 10:33:09,831] INFO: Iter 9000 Summary: 
[2025-01-10 10:33:09,831] INFO: 	 lr: 0.00030000000000000073 	 Training loss: 0.050646473728120325
[2025-01-10 10:33:24,044] INFO: Iter 9100 Summary: 
[2025-01-10 10:33:24,044] INFO: 	 lr: 0.00030000000000000073 	 Training loss: 0.05087538409978151
[2025-01-10 10:33:38,221] INFO: Iter 9200 Summary: 
[2025-01-10 10:33:38,221] INFO: 	 lr: 0.00030000000000000073 	 Training loss: 0.05081880055367947
[2025-01-10 10:33:52,364] INFO: Iter 9300 Summary: 
[2025-01-10 10:33:52,364] INFO: 	 lr: 0.00030000000000000073 	 Training loss: 0.050970952734351156
[2025-01-10 10:34:07,951] INFO: Iter 9400 Summary: 
[2025-01-10 10:34:07,952] INFO: 	 lr: 0.00030000000000000073 	 Training loss: 0.050359529294073585
[2025-01-10 10:34:22,233] INFO: Iter 9500 Summary: 
[2025-01-10 10:34:22,233] INFO: 	 lr: 0.00030000000000000073 	 Training loss: 0.050488585866987706
[2025-01-10 10:34:37,329] INFO: Iter 9600 Summary: 
[2025-01-10 10:34:37,330] INFO: 	 lr: 0.00030000000000000073 	 Training loss: 0.05046937108039856
[2025-01-10 10:34:55,615] INFO: Iter 9700 Summary: 
[2025-01-10 10:34:55,615] INFO: 	 lr: 0.00030000000000000073 	 Training loss: 0.05035611175000668
[2025-01-10 10:35:12,124] INFO: Iter 9800 Summary: 
[2025-01-10 10:35:12,124] INFO: 	 lr: 0.00030000000000000073 	 Training loss: 0.05021701257675886
[2025-01-10 10:35:27,320] INFO: Iter 9900 Summary: 
[2025-01-10 10:35:27,321] INFO: 	 lr: 0.00030000000000000073 	 Training loss: 0.05010122273117304
[2025-01-10 10:35:42,044] INFO: Iter 10000 Summary: 
[2025-01-10 10:35:42,044] INFO: 	 lr: 0.00030000000000000073 	 Training loss: 0.050175639986991885
[2025-01-10 10:36:01,095] INFO: Iter 10100 Summary: 
[2025-01-10 10:36:01,096] INFO: 	 lr: 0.00030000000000000073 	 Training loss: 0.050357456654310226
[2025-01-10 10:36:14,140] INFO: Iter 10200 Summary: 
[2025-01-10 10:36:14,140] INFO: 	 lr: 0.00030000000000000073 	 Training loss: 0.04956539660692215
[2025-01-10 10:36:26,552] INFO: Iter 10300 Summary: 
[2025-01-10 10:36:26,553] INFO: 	 lr: 0.00030000000000000073 	 Training loss: 0.05016273610293865
[2025-01-10 10:36:41,374] INFO: Iter 10400 Summary: 
[2025-01-10 10:36:41,375] INFO: 	 lr: 0.00030000000000000073 	 Training loss: 0.04950972098857164
[2025-01-10 10:36:55,202] INFO: Iter 10500 Summary: 
[2025-01-10 10:36:55,202] INFO: 	 lr: 0.00030000000000000073 	 Training loss: 0.04993586219847202
[2025-01-10 10:37:08,229] INFO: Iter 10600 Summary: 
[2025-01-10 10:37:08,230] INFO: 	 lr: 0.00030000000000000073 	 Training loss: 0.04972418967634439
[2025-01-10 10:37:22,187] INFO: Iter 10700 Summary: 
[2025-01-10 10:37:22,187] INFO: 	 lr: 0.00030000000000000073 	 Training loss: 0.04961313284933567
[2025-01-10 10:37:33,547] INFO: Iter 10800 Summary: 
[2025-01-10 10:37:33,547] INFO: 	 lr: 0.00030000000000000073 	 Training loss: 0.049445749111473564
[2025-01-10 10:37:45,752] INFO: Iter 10900 Summary: 
[2025-01-10 10:37:45,753] INFO: 	 lr: 0.00030000000000000073 	 Training loss: 0.04949547827243805
[2025-01-10 10:37:58,487] INFO: Iter 11000 Summary: 
[2025-01-10 10:37:58,487] INFO: 	 lr: 0.00030000000000000073 	 Training loss: 0.04922479007393122
[2025-01-10 10:38:11,192] INFO: Iter 11100 Summary: 
[2025-01-10 10:38:11,192] INFO: 	 lr: 0.00030000000000000073 	 Training loss: 0.049287711717188355
[2025-01-10 10:38:22,265] INFO: Iter 11200 Summary: 
[2025-01-10 10:38:22,265] INFO: 	 lr: 0.00030000000000000073 	 Training loss: 0.049392991103231906
[2025-01-10 10:38:36,087] INFO: Iter 11300 Summary: 
[2025-01-10 10:38:36,087] INFO: 	 lr: 0.00030000000000000073 	 Training loss: 0.04933808211237192
[2025-01-10 10:38:46,862] INFO: Iter 11400 Summary: 
[2025-01-10 10:38:46,863] INFO: 	 lr: 0.00030000000000000073 	 Training loss: 0.04898891221731901
[2025-01-10 10:38:59,910] INFO: Iter 11500 Summary: 
[2025-01-10 10:38:59,911] INFO: 	 lr: 0.00030000000000000073 	 Training loss: 0.04947915576398373
[2025-01-10 10:39:11,618] INFO: Iter 11600 Summary: 
[2025-01-10 10:39:11,619] INFO: 	 lr: 0.00030000000000000073 	 Training loss: 0.04874817464500666
[2025-01-10 10:39:25,663] INFO: Iter 11700 Summary: 
[2025-01-10 10:39:25,663] INFO: 	 lr: 0.00030000000000000073 	 Training loss: 0.04867446083575487
[2025-01-10 10:39:39,227] INFO: Iter 11800 Summary: 
[2025-01-10 10:39:39,227] INFO: 	 lr: 0.00030000000000000073 	 Training loss: 0.04854238983243704
[2025-01-10 10:39:52,243] INFO: Iter 11900 Summary: 
[2025-01-10 10:39:52,243] INFO: 	 lr: 0.00030000000000000073 	 Training loss: 0.048912724778056145
[2025-01-10 10:40:05,609] INFO: Iter 12000 Summary: 
[2025-01-10 10:40:05,610] INFO: 	 lr: 0.00030000000000000073 	 Training loss: 0.048801359720528126
[2025-01-10 10:40:23,156] INFO: Iter 12100 Summary: 
[2025-01-10 10:40:23,157] INFO: 	 lr: 0.00030000000000000073 	 Training loss: 0.04918275818228721
[2025-01-10 10:40:35,841] INFO: Iter 12200 Summary: 
[2025-01-10 10:40:35,841] INFO: 	 lr: 0.00030000000000000073 	 Training loss: 0.048760313913226126
[2025-01-10 10:40:48,752] INFO: Iter 12300 Summary: 
[2025-01-10 10:40:48,753] INFO: 	 lr: 0.00030000000000000073 	 Training loss: 0.04837862566113472
[2025-01-10 10:41:03,053] INFO: Iter 12400 Summary: 
[2025-01-10 10:41:03,053] INFO: 	 lr: 0.00030000000000000073 	 Training loss: 0.04891458868980408
[2025-01-10 10:41:16,734] INFO: Iter 12500 Summary: 
[2025-01-10 10:41:16,734] INFO: 	 lr: 0.00030000000000000073 	 Training loss: 0.0482819651812315
[2025-01-10 10:41:29,994] INFO: Iter 12600 Summary: 
[2025-01-10 10:41:29,994] INFO: 	 lr: 0.00030000000000000073 	 Training loss: 0.04841363009065389
[2025-01-10 10:41:42,794] INFO: Iter 12700 Summary: 
[2025-01-10 10:41:42,794] INFO: 	 lr: 0.00030000000000000073 	 Training loss: 0.04863874789327383
[2025-01-10 10:41:54,863] INFO: Iter 12800 Summary: 
[2025-01-10 10:41:54,863] INFO: 	 lr: 0.00030000000000000073 	 Training loss: 0.04851085193455219
[2025-01-10 10:42:08,351] INFO: Iter 12900 Summary: 
[2025-01-10 10:42:08,352] INFO: 	 lr: 0.00030000000000000073 	 Training loss: 0.04819532506167889
[2025-01-10 10:42:21,326] INFO: Iter 13000 Summary: 
[2025-01-10 10:42:21,326] INFO: 	 lr: 0.00030000000000000073 	 Training loss: 0.048475989550352094
[2025-01-10 10:42:35,155] INFO: Iter 13100 Summary: 
[2025-01-10 10:42:35,155] INFO: 	 lr: 0.00030000000000000073 	 Training loss: 0.048649249859154226
[2025-01-10 10:42:47,492] INFO: Iter 13200 Summary: 
[2025-01-10 10:42:47,492] INFO: 	 lr: 0.00030000000000000073 	 Training loss: 0.04795656930655241
[2025-01-10 10:43:00,414] INFO: Iter 13300 Summary: 
[2025-01-10 10:43:00,414] INFO: 	 lr: 0.00030000000000000073 	 Training loss: 0.04836535055190325
[2025-01-10 10:43:13,339] INFO: Iter 13400 Summary: 
[2025-01-10 10:43:13,340] INFO: 	 lr: 0.00030000000000000073 	 Training loss: 0.04822665985673666
[2025-01-10 10:43:26,101] INFO: Iter 13500 Summary: 
[2025-01-10 10:43:26,101] INFO: 	 lr: 0.00030000000000000073 	 Training loss: 0.048158057183027264
[2025-01-10 10:43:37,535] INFO: Iter 13600 Summary: 
[2025-01-10 10:43:37,536] INFO: 	 lr: 0.00030000000000000073 	 Training loss: 0.048205431774258616
[2025-01-10 10:43:49,894] INFO: Iter 13700 Summary: 
[2025-01-10 10:43:49,894] INFO: 	 lr: 0.00030000000000000073 	 Training loss: 0.04799635250121355
[2025-01-10 10:44:04,372] INFO: Iter 13800 Summary: 
[2025-01-10 10:44:04,372] INFO: 	 lr: 0.00030000000000000073 	 Training loss: 0.04788902185857296
[2025-01-10 10:44:17,151] INFO: Iter 13900 Summary: 
[2025-01-10 10:44:17,152] INFO: 	 lr: 0.00030000000000000073 	 Training loss: 0.04793676320463419
[2025-01-10 10:44:29,531] INFO: Iter 14000 Summary: 
[2025-01-10 10:44:29,531] INFO: 	 lr: 0.00030000000000000073 	 Training loss: 0.04789804458618164
[2025-01-10 10:44:45,769] INFO: Iter 14100 Summary: 
[2025-01-10 10:44:45,770] INFO: 	 lr: 0.00030000000000000073 	 Training loss: 0.04751071196049452
[2025-01-10 10:44:58,037] INFO: Iter 14200 Summary: 
[2025-01-10 10:44:58,037] INFO: 	 lr: 0.00030000000000000073 	 Training loss: 0.04771014589816332
[2025-01-10 10:45:09,072] INFO: Iter 14300 Summary: 
[2025-01-10 10:45:09,086] INFO: 	 lr: 0.00030000000000000073 	 Training loss: 0.047766325026750565
[2025-01-10 10:45:21,911] INFO: Iter 14400 Summary: 
[2025-01-10 10:45:21,911] INFO: 	 lr: 0.00030000000000000073 	 Training loss: 0.04786303553730249
[2025-01-10 10:45:36,510] INFO: Iter 14500 Summary: 
[2025-01-10 10:45:36,511] INFO: 	 lr: 0.00030000000000000073 	 Training loss: 0.04748794253915548
[2025-01-10 10:45:48,656] INFO: Iter 14600 Summary: 
[2025-01-10 10:45:48,656] INFO: 	 lr: 0.00030000000000000073 	 Training loss: 0.04757108513265848
[2025-01-10 10:46:01,391] INFO: Iter 14700 Summary: 
[2025-01-10 10:46:01,391] INFO: 	 lr: 0.00030000000000000073 	 Training loss: 0.04754240732640028
[2025-01-10 10:46:13,247] INFO: Iter 14800 Summary: 
[2025-01-10 10:46:13,247] INFO: 	 lr: 0.00030000000000000073 	 Training loss: 0.04745233245193958
[2025-01-10 10:46:25,173] INFO: Iter 14900 Summary: 
[2025-01-10 10:46:25,173] INFO: 	 lr: 0.00030000000000000073 	 Training loss: 0.047238705269992354
[2025-01-10 10:46:38,197] INFO: Iter 15000 Summary: 
[2025-01-10 10:46:38,197] INFO: 	 lr: 0.00030000000000000073 	 Training loss: 0.04756396170705557
[2025-01-10 10:46:51,094] INFO: Iter 15100 Summary: 
[2025-01-10 10:46:51,094] INFO: 	 lr: 0.00030000000000000073 	 Training loss: 0.04776186112314463
[2025-01-10 10:47:05,756] INFO: Iter 15200 Summary: 
[2025-01-10 10:47:05,757] INFO: 	 lr: 0.00030000000000000073 	 Training loss: 0.047394179925322535
[2025-01-10 10:47:18,971] INFO: Iter 15300 Summary: 
[2025-01-10 10:47:18,971] INFO: 	 lr: 0.00030000000000000073 	 Training loss: 0.047632914185523983
[2025-01-10 10:47:30,526] INFO: Iter 15400 Summary: 
[2025-01-10 10:47:30,526] INFO: 	 lr: 0.00030000000000000073 	 Training loss: 0.04750416874885559
[2025-01-10 10:47:42,799] INFO: Iter 15500 Summary: 
[2025-01-10 10:47:42,800] INFO: 	 lr: 0.00030000000000000073 	 Training loss: 0.047490784861147405
[2025-01-10 10:47:57,084] INFO: Iter 15600 Summary: 
[2025-01-10 10:47:57,084] INFO: 	 lr: 0.00030000000000000073 	 Training loss: 0.0474017321318388
[2025-01-10 10:48:08,414] INFO: Iter 15700 Summary: 
[2025-01-10 10:48:08,414] INFO: 	 lr: 0.00030000000000000073 	 Training loss: 0.047372775487601756
[2025-01-10 10:48:20,893] INFO: Iter 15800 Summary: 
[2025-01-10 10:48:20,893] INFO: 	 lr: 0.00030000000000000073 	 Training loss: 0.0472631549090147
[2025-01-10 10:48:35,670] INFO: Iter 15900 Summary: 
[2025-01-10 10:48:35,670] INFO: 	 lr: 0.00030000000000000073 	 Training loss: 0.0470708867162466
[2025-01-10 10:48:47,308] INFO: Iter 16000 Summary: 
[2025-01-10 10:48:47,309] INFO: 	 lr: 0.00030000000000000073 	 Training loss: 0.047264125272631644
[2025-01-10 10:49:06,389] INFO: Iter 16100 Summary: 
[2025-01-10 10:49:06,390] INFO: 	 lr: 0.00030000000000000073 	 Training loss: 0.04742769259959459
[2025-01-10 10:49:19,728] INFO: Iter 16200 Summary: 
[2025-01-10 10:49:19,728] INFO: 	 lr: 0.00030000000000000073 	 Training loss: 0.04702819250524044
[2025-01-10 10:49:32,472] INFO: Iter 16300 Summary: 
[2025-01-10 10:49:32,472] INFO: 	 lr: 0.00030000000000000073 	 Training loss: 0.04711968209594488
[2025-01-10 10:49:44,927] INFO: Iter 16400 Summary: 
[2025-01-10 10:49:44,927] INFO: 	 lr: 0.00030000000000000073 	 Training loss: 0.04665474008768797
[2025-01-10 10:49:58,557] INFO: Iter 16500 Summary: 
[2025-01-10 10:49:58,557] INFO: 	 lr: 0.00030000000000000073 	 Training loss: 0.04708144728094339
[2025-01-10 10:50:12,698] INFO: Iter 16600 Summary: 
[2025-01-10 10:50:12,698] INFO: 	 lr: 0.00030000000000000073 	 Training loss: 0.04662797454744577
[2025-01-10 10:50:25,196] INFO: Iter 16700 Summary: 
[2025-01-10 10:50:25,197] INFO: 	 lr: 0.00030000000000000073 	 Training loss: 0.047001041360199454
[2025-01-10 10:50:38,872] INFO: Iter 16800 Summary: 
[2025-01-10 10:50:38,873] INFO: 	 lr: 0.00030000000000000073 	 Training loss: 0.04716411001980305
[2025-01-10 10:50:51,498] INFO: Iter 16900 Summary: 
[2025-01-10 10:50:51,499] INFO: 	 lr: 0.00030000000000000073 	 Training loss: 0.04699098292738199
[2025-01-10 10:51:03,419] INFO: Iter 17000 Summary: 
[2025-01-10 10:51:03,419] INFO: 	 lr: 0.00030000000000000073 	 Training loss: 0.04746633805334568
[2025-01-10 10:51:15,976] INFO: Iter 17100 Summary: 
[2025-01-10 10:51:15,976] INFO: 	 lr: 0.00030000000000000073 	 Training loss: 0.047011736780405045
[2025-01-10 10:51:28,403] INFO: Iter 17200 Summary: 
[2025-01-10 10:51:28,403] INFO: 	 lr: 0.00030000000000000073 	 Training loss: 0.04695643618702888
[2025-01-10 10:51:43,751] INFO: Iter 17300 Summary: 
[2025-01-10 10:51:43,751] INFO: 	 lr: 0.00030000000000000073 	 Training loss: 0.04707221239805222
[2025-01-10 10:51:56,279] INFO: Iter 17400 Summary: 
[2025-01-10 10:51:56,279] INFO: 	 lr: 0.00030000000000000073 	 Training loss: 0.04702714655548334
[2025-01-10 10:52:08,904] INFO: Iter 17500 Summary: 
[2025-01-10 10:52:08,904] INFO: 	 lr: 0.00030000000000000073 	 Training loss: 0.046779060810804365
[2025-01-10 10:52:22,049] INFO: Iter 17600 Summary: 
[2025-01-10 10:52:22,049] INFO: 	 lr: 0.00030000000000000073 	 Training loss: 0.046690626554191116
[2025-01-10 10:52:35,801] INFO: Iter 17700 Summary: 
[2025-01-10 10:52:35,801] INFO: 	 lr: 0.00030000000000000073 	 Training loss: 0.04718355678021908
[2025-01-10 10:52:48,207] INFO: Iter 17800 Summary: 
[2025-01-10 10:52:48,207] INFO: 	 lr: 0.00030000000000000073 	 Training loss: 0.046719702929258346
[2025-01-10 10:53:03,953] INFO: Iter 17900 Summary: 
[2025-01-10 10:53:03,963] INFO: 	 lr: 0.00030000000000000073 	 Training loss: 0.04691797748208046
[2025-01-10 10:53:16,441] INFO: Iter 18000 Summary: 
[2025-01-10 10:53:16,441] INFO: 	 lr: 0.00030000000000000073 	 Training loss: 0.04687439650297165
[2025-01-10 10:53:33,530] INFO: Iter 18100 Summary: 
[2025-01-10 10:53:33,530] INFO: 	 lr: 0.00030000000000000073 	 Training loss: 0.04651094261556864
[2025-01-10 10:53:46,983] INFO: Iter 18200 Summary: 
[2025-01-10 10:53:46,984] INFO: 	 lr: 0.00030000000000000073 	 Training loss: 0.04656894560903311
[2025-01-10 10:54:00,225] INFO: Iter 18300 Summary: 
[2025-01-10 10:54:00,225] INFO: 	 lr: 0.00030000000000000073 	 Training loss: 0.04649955790489912
[2025-01-10 10:54:12,804] INFO: Iter 18400 Summary: 
[2025-01-10 10:54:12,805] INFO: 	 lr: 0.00030000000000000073 	 Training loss: 0.04675286058336496
[2025-01-10 10:54:24,041] INFO: Iter 18500 Summary: 
[2025-01-10 10:54:24,041] INFO: 	 lr: 0.00030000000000000073 	 Training loss: 0.04669091075658798
[2025-01-10 10:54:39,319] INFO: Iter 18600 Summary: 
[2025-01-10 10:54:39,319] INFO: 	 lr: 0.00030000000000000073 	 Training loss: 0.047044815644621846
[2025-01-10 10:54:50,801] INFO: Iter 18700 Summary: 
[2025-01-10 10:54:50,801] INFO: 	 lr: 0.00030000000000000073 	 Training loss: 0.0463502636179328
[2025-01-10 10:55:02,863] INFO: Iter 18800 Summary: 
[2025-01-10 10:55:02,863] INFO: 	 lr: 0.00030000000000000073 	 Training loss: 0.046818205006420616
[2025-01-10 10:55:14,241] INFO: Iter 18900 Summary: 
[2025-01-10 10:55:14,242] INFO: 	 lr: 0.00030000000000000073 	 Training loss: 0.046574116721749305
[2025-01-10 10:55:26,196] INFO: Iter 19000 Summary: 
[2025-01-10 10:55:26,196] INFO: 	 lr: 0.00030000000000000073 	 Training loss: 0.04667530287057162
[2025-01-10 10:55:37,712] INFO: Iter 19100 Summary: 
[2025-01-10 10:55:37,712] INFO: 	 lr: 0.00030000000000000073 	 Training loss: 0.0469361126050353
[2025-01-10 10:55:50,085] INFO: Iter 19200 Summary: 
[2025-01-10 10:55:50,085] INFO: 	 lr: 0.00030000000000000073 	 Training loss: 0.04653857082128525
[2025-01-10 10:56:04,034] INFO: Iter 19300 Summary: 
[2025-01-10 10:56:04,035] INFO: 	 lr: 0.00030000000000000073 	 Training loss: 0.0463447156175971
[2025-01-10 10:56:15,668] INFO: Iter 19400 Summary: 
[2025-01-10 10:56:15,669] INFO: 	 lr: 0.00030000000000000073 	 Training loss: 0.0464124646037817
[2025-01-10 10:56:28,133] INFO: Iter 19500 Summary: 
[2025-01-10 10:56:28,133] INFO: 	 lr: 0.00030000000000000073 	 Training loss: 0.0466117200255394
[2025-01-10 10:56:40,023] INFO: Iter 19600 Summary: 
[2025-01-10 10:56:40,024] INFO: 	 lr: 0.00030000000000000073 	 Training loss: 0.04650957472622395
[2025-01-10 10:56:52,508] INFO: Iter 19700 Summary: 
[2025-01-10 10:56:52,509] INFO: 	 lr: 0.00030000000000000073 	 Training loss: 0.04627468667924404
[2025-01-10 10:57:03,977] INFO: Iter 19800 Summary: 
[2025-01-10 10:57:03,978] INFO: 	 lr: 0.00030000000000000073 	 Training loss: 0.046212536990642546
[2025-01-10 10:57:17,389] INFO: Iter 19900 Summary: 
[2025-01-10 10:57:17,389] INFO: 	 lr: 0.00030000000000000073 	 Training loss: 0.046208482943475244
[2025-01-10 10:57:29,830] INFO: Iter 20000 Summary: 
[2025-01-10 10:57:29,830] INFO: 	 lr: 0.00030000000000000073 	 Training loss: 0.0463504920899868
[2025-01-10 10:57:47,252] INFO: Iter 20100 Summary: 
[2025-01-10 10:57:47,252] INFO: 	 lr: 0.00030000000000000073 	 Training loss: 0.04631423447281122
[2025-01-10 10:57:59,565] INFO: Iter 20200 Summary: 
[2025-01-10 10:57:59,565] INFO: 	 lr: 0.00030000000000000073 	 Training loss: 0.04609278775751591
[2025-01-10 10:58:11,472] INFO: Iter 20300 Summary: 
[2025-01-10 10:58:11,472] INFO: 	 lr: 0.00030000000000000073 	 Training loss: 0.04608614511787892
[2025-01-10 10:58:23,275] INFO: Iter 20400 Summary: 
[2025-01-10 10:58:23,275] INFO: 	 lr: 0.00030000000000000073 	 Training loss: 0.046520361937582494
[2025-01-10 10:58:36,732] INFO: Iter 20500 Summary: 
[2025-01-10 10:58:36,733] INFO: 	 lr: 0.00030000000000000073 	 Training loss: 0.046484119184315206
[2025-01-10 10:58:48,171] INFO: Iter 20600 Summary: 
[2025-01-10 10:58:48,171] INFO: 	 lr: 0.00030000000000000073 	 Training loss: 0.04648013059049845
[2025-01-10 10:59:01,169] INFO: Iter 20700 Summary: 
[2025-01-10 10:59:01,170] INFO: 	 lr: 0.00030000000000000073 	 Training loss: 0.04636585097759962
[2025-01-10 10:59:13,861] INFO: Iter 20800 Summary: 
[2025-01-10 10:59:13,862] INFO: 	 lr: 0.00030000000000000073 	 Training loss: 0.04611917454749346
[2025-01-10 10:59:27,615] INFO: Iter 20900 Summary: 
[2025-01-10 10:59:27,615] INFO: 	 lr: 0.00030000000000000073 	 Training loss: 0.04651160497218371
[2025-01-10 10:59:40,044] INFO: Iter 21000 Summary: 
[2025-01-10 10:59:40,044] INFO: 	 lr: 0.00030000000000000073 	 Training loss: 0.04635869815945625
[2025-01-10 10:59:52,303] INFO: Iter 21100 Summary: 
[2025-01-10 10:59:52,303] INFO: 	 lr: 0.00030000000000000073 	 Training loss: 0.04628927581012249
[2025-01-10 11:00:05,499] INFO: Iter 21200 Summary: 
[2025-01-10 11:00:05,499] INFO: 	 lr: 0.00030000000000000073 	 Training loss: 0.04636909294873476
[2025-01-10 11:00:17,434] INFO: Iter 21300 Summary: 
[2025-01-10 11:00:17,435] INFO: 	 lr: 0.00030000000000000073 	 Training loss: 0.04604760129004717
[2025-01-10 11:00:32,449] INFO: Iter 21400 Summary: 
[2025-01-10 11:00:32,449] INFO: 	 lr: 0.00030000000000000073 	 Training loss: 0.04614838093519211
[2025-01-10 11:00:43,580] INFO: Iter 21500 Summary: 
[2025-01-10 11:00:43,581] INFO: 	 lr: 0.00030000000000000073 	 Training loss: 0.04615756910294294
[2025-01-10 11:00:56,374] INFO: Iter 21600 Summary: 
[2025-01-10 11:00:56,374] INFO: 	 lr: 0.00030000000000000073 	 Training loss: 0.046107799336314204
[2025-01-10 11:01:08,459] INFO: Iter 21700 Summary: 
[2025-01-10 11:01:08,459] INFO: 	 lr: 0.00030000000000000073 	 Training loss: 0.046307665780186656
[2025-01-10 11:01:20,959] INFO: Iter 21800 Summary: 
[2025-01-10 11:01:20,960] INFO: 	 lr: 0.00030000000000000073 	 Training loss: 0.046358933560550215
[2025-01-10 11:01:34,203] INFO: Iter 21900 Summary: 
[2025-01-10 11:01:34,204] INFO: 	 lr: 0.00030000000000000073 	 Training loss: 0.045984166972339154
[2025-01-10 11:01:47,719] INFO: Iter 22000 Summary: 
[2025-01-10 11:01:47,719] INFO: 	 lr: 0.00030000000000000073 	 Training loss: 0.046204956471920015
[2025-01-10 11:02:07,195] INFO: Iter 22100 Summary: 
[2025-01-10 11:02:07,196] INFO: 	 lr: 0.00030000000000000073 	 Training loss: 0.04561928205192089
[2025-01-10 11:02:20,461] INFO: Iter 22200 Summary: 
[2025-01-10 11:02:20,462] INFO: 	 lr: 0.00030000000000000073 	 Training loss: 0.04609540719538927
[2025-01-10 11:02:34,060] INFO: Iter 22300 Summary: 
[2025-01-10 11:02:34,061] INFO: 	 lr: 0.00030000000000000073 	 Training loss: 0.04613092701882124
[2025-01-10 11:02:46,027] INFO: Iter 22400 Summary: 
[2025-01-10 11:02:46,028] INFO: 	 lr: 0.00030000000000000073 	 Training loss: 0.04611667737364769
[2025-01-10 11:02:58,224] INFO: Iter 22500 Summary: 
[2025-01-10 11:02:58,224] INFO: 	 lr: 0.00030000000000000073 	 Training loss: 0.04608440145850182
[2025-01-10 11:03:10,966] INFO: Iter 22600 Summary: 
[2025-01-10 11:03:10,966] INFO: 	 lr: 0.00030000000000000073 	 Training loss: 0.04604302383959293
[2025-01-10 11:03:22,782] INFO: Iter 22700 Summary: 
[2025-01-10 11:03:22,782] INFO: 	 lr: 0.00030000000000000073 	 Training loss: 0.04614553838968277
[2025-01-10 11:03:37,535] INFO: Iter 22800 Summary: 
[2025-01-10 11:03:37,536] INFO: 	 lr: 0.00030000000000000073 	 Training loss: 0.045779796577990056
[2025-01-10 11:03:50,065] INFO: Iter 22900 Summary: 
[2025-01-10 11:03:50,065] INFO: 	 lr: 0.00030000000000000073 	 Training loss: 0.04579327695071697
[2025-01-10 11:04:00,181] INFO: Iter 23000 Summary: 
[2025-01-10 11:04:00,181] INFO: 	 lr: 0.00030000000000000073 	 Training loss: 0.04599735867232084
[2025-01-10 11:04:12,670] INFO: Iter 23100 Summary: 
[2025-01-10 11:04:12,671] INFO: 	 lr: 0.00030000000000000073 	 Training loss: 0.045979973934590815
[2025-01-10 11:04:24,621] INFO: Iter 23200 Summary: 
[2025-01-10 11:04:24,621] INFO: 	 lr: 0.00030000000000000073 	 Training loss: 0.04601773858070374
[2025-01-10 11:04:38,838] INFO: Iter 23300 Summary: 
[2025-01-10 11:04:38,838] INFO: 	 lr: 0.00030000000000000073 	 Training loss: 0.04611185345798731
[2025-01-10 11:04:52,784] INFO: Iter 23400 Summary: 
[2025-01-10 11:04:52,785] INFO: 	 lr: 0.00030000000000000073 	 Training loss: 0.0463547009602189
[2025-01-10 11:05:04,993] INFO: Iter 23500 Summary: 
[2025-01-10 11:05:04,993] INFO: 	 lr: 0.00030000000000000073 	 Training loss: 0.04561502438038587
[2025-01-10 11:05:18,936] INFO: Iter 23600 Summary: 
[2025-01-10 11:05:18,936] INFO: 	 lr: 0.00030000000000000073 	 Training loss: 0.045826536417007444
[2025-01-10 11:05:30,965] INFO: Iter 23700 Summary: 
[2025-01-10 11:05:30,965] INFO: 	 lr: 0.00030000000000000073 	 Training loss: 0.04590304762125015
[2025-01-10 11:05:43,010] INFO: Iter 23800 Summary: 
[2025-01-10 11:05:43,010] INFO: 	 lr: 0.00030000000000000073 	 Training loss: 0.045846281982958315
[2025-01-10 11:05:56,183] INFO: Iter 23900 Summary: 
[2025-01-10 11:05:56,183] INFO: 	 lr: 0.00030000000000000073 	 Training loss: 0.04552153557538986
[2025-01-10 11:06:09,021] INFO: Iter 24000 Summary: 
[2025-01-10 11:06:09,021] INFO: 	 lr: 0.00030000000000000073 	 Training loss: 0.046038500405848025
[2025-01-10 11:06:26,510] INFO: Iter 24100 Summary: 
[2025-01-10 11:06:26,510] INFO: 	 lr: 0.00030000000000000073 	 Training loss: 0.04629127025604248
[2025-01-10 11:06:40,163] INFO: Iter 24200 Summary: 
[2025-01-10 11:06:40,163] INFO: 	 lr: 0.00030000000000000073 	 Training loss: 0.04576356329023838
[2025-01-10 11:06:52,303] INFO: Iter 24300 Summary: 
[2025-01-10 11:06:52,303] INFO: 	 lr: 0.00030000000000000073 	 Training loss: 0.04615533471107483
[2025-01-10 11:07:04,701] INFO: Iter 24400 Summary: 
[2025-01-10 11:07:04,702] INFO: 	 lr: 0.00030000000000000073 	 Training loss: 0.04590045545250177
[2025-01-10 11:07:16,424] INFO: Iter 24500 Summary: 
[2025-01-10 11:07:16,425] INFO: 	 lr: 0.00030000000000000073 	 Training loss: 0.04571455966681242
[2025-01-10 11:07:30,083] INFO: Iter 24600 Summary: 
[2025-01-10 11:07:30,083] INFO: 	 lr: 0.00030000000000000073 	 Training loss: 0.045738603807985785
[2025-01-10 11:07:42,357] INFO: Iter 24700 Summary: 
[2025-01-10 11:07:42,357] INFO: 	 lr: 0.00030000000000000073 	 Training loss: 0.045901472344994546
[2025-01-10 11:08:00,084] INFO: Iter 24800 Summary: 
[2025-01-10 11:08:00,085] INFO: 	 lr: 0.00030000000000000073 	 Training loss: 0.045833441987633707
[2025-01-10 11:08:15,125] INFO: Iter 24900 Summary: 
[2025-01-10 11:08:15,125] INFO: 	 lr: 0.00030000000000000073 	 Training loss: 0.04586392305791378
[2025-01-10 11:08:30,143] INFO: Iter 25000 Summary: 
[2025-01-10 11:08:30,143] INFO: 	 lr: 0.00030000000000000073 	 Training loss: 0.045810067541897294
[2025-01-10 11:08:44,678] INFO: Iter 25100 Summary: 
[2025-01-10 11:08:44,679] INFO: 	 lr: 0.00030000000000000073 	 Training loss: 0.04550951175391674
[2025-01-10 11:08:59,052] INFO: Iter 25200 Summary: 
[2025-01-10 11:08:59,052] INFO: 	 lr: 0.00030000000000000073 	 Training loss: 0.04544438194483519
[2025-01-10 11:09:11,749] INFO: Iter 25300 Summary: 
[2025-01-10 11:09:11,749] INFO: 	 lr: 0.00030000000000000073 	 Training loss: 0.0458785942569375
[2025-01-10 11:09:25,937] INFO: Iter 25400 Summary: 
[2025-01-10 11:09:25,937] INFO: 	 lr: 0.00030000000000000073 	 Training loss: 0.045930502377450465
[2025-01-10 11:09:43,715] INFO: Iter 25500 Summary: 
[2025-01-10 11:09:43,715] INFO: 	 lr: 0.00030000000000000073 	 Training loss: 0.045440276078879835
[2025-01-10 11:09:59,272] INFO: Iter 25600 Summary: 
[2025-01-10 11:09:59,273] INFO: 	 lr: 0.00030000000000000073 	 Training loss: 0.04563406217843294
[2025-01-10 11:10:12,913] INFO: Iter 25700 Summary: 
[2025-01-10 11:10:12,914] INFO: 	 lr: 0.00030000000000000073 	 Training loss: 0.04578547805547714
[2025-01-10 11:10:23,989] INFO: Iter 25800 Summary: 
[2025-01-10 11:10:23,990] INFO: 	 lr: 0.00030000000000000073 	 Training loss: 0.04565194472670555
[2025-01-10 11:10:37,609] INFO: Iter 25900 Summary: 
[2025-01-10 11:10:37,609] INFO: 	 lr: 0.00030000000000000073 	 Training loss: 0.04554817564785481
[2025-01-10 11:10:49,728] INFO: Iter 26000 Summary: 
[2025-01-10 11:10:49,728] INFO: 	 lr: 0.00030000000000000073 	 Training loss: 0.04573939193040132
[2025-01-10 11:11:05,606] INFO: Iter 26100 Summary: 
[2025-01-10 11:11:05,606] INFO: 	 lr: 0.00030000000000000073 	 Training loss: 0.04601332738995552
[2025-01-10 11:11:18,594] INFO: Iter 26200 Summary: 
[2025-01-10 11:11:18,595] INFO: 	 lr: 0.00030000000000000073 	 Training loss: 0.04548598069697619
[2025-01-10 11:11:30,145] INFO: Iter 26300 Summary: 
[2025-01-10 11:11:30,146] INFO: 	 lr: 0.00030000000000000073 	 Training loss: 0.04547561720013618
[2025-01-10 11:11:43,791] INFO: Iter 26400 Summary: 
[2025-01-10 11:11:43,791] INFO: 	 lr: 0.00030000000000000073 	 Training loss: 0.04567589275538921
[2025-01-10 11:11:58,465] INFO: Iter 26500 Summary: 
[2025-01-10 11:11:58,465] INFO: 	 lr: 0.00030000000000000073 	 Training loss: 0.04557530097663402
[2025-01-10 11:12:12,304] INFO: Iter 26600 Summary: 
[2025-01-10 11:12:12,304] INFO: 	 lr: 0.00030000000000000073 	 Training loss: 0.045745600424706934
[2025-01-10 11:12:26,018] INFO: Iter 26700 Summary: 
[2025-01-10 11:12:26,018] INFO: 	 lr: 0.00030000000000000073 	 Training loss: 0.04575868170708418
[2025-01-10 11:12:39,609] INFO: Iter 26800 Summary: 
[2025-01-10 11:12:39,609] INFO: 	 lr: 0.00030000000000000073 	 Training loss: 0.045660965517163275
[2025-01-10 11:12:53,780] INFO: Iter 26900 Summary: 
[2025-01-10 11:12:53,780] INFO: 	 lr: 0.00030000000000000073 	 Training loss: 0.045232578590512273
[2025-01-10 11:13:07,659] INFO: Iter 27000 Summary: 
[2025-01-10 11:13:07,660] INFO: 	 lr: 0.00030000000000000073 	 Training loss: 0.04543390516191721
[2025-01-10 11:13:20,356] INFO: Iter 27100 Summary: 
[2025-01-10 11:13:20,356] INFO: 	 lr: 0.00030000000000000073 	 Training loss: 0.045468530394136904
[2025-01-10 11:13:32,098] INFO: Iter 27200 Summary: 
[2025-01-10 11:13:32,098] INFO: 	 lr: 0.00030000000000000073 	 Training loss: 0.04558873988687992
[2025-01-10 11:13:44,359] INFO: Iter 27300 Summary: 
[2025-01-10 11:13:44,360] INFO: 	 lr: 0.00030000000000000073 	 Training loss: 0.04582542147487402
[2025-01-10 11:13:56,234] INFO: Iter 27400 Summary: 
[2025-01-10 11:13:56,234] INFO: 	 lr: 0.00030000000000000073 	 Training loss: 0.04536040186882019
[2025-01-10 11:14:08,721] INFO: Iter 27500 Summary: 
[2025-01-10 11:14:08,721] INFO: 	 lr: 0.00030000000000000073 	 Training loss: 0.04568742997944355
[2025-01-10 11:14:23,146] INFO: Iter 27600 Summary: 
[2025-01-10 11:14:23,147] INFO: 	 lr: 0.00030000000000000073 	 Training loss: 0.04547239664942026
[2025-01-10 11:14:35,608] INFO: Iter 27700 Summary: 
[2025-01-10 11:14:35,608] INFO: 	 lr: 0.00030000000000000073 	 Training loss: 0.04540168009698391
[2025-01-10 11:14:49,421] INFO: Iter 27800 Summary: 
[2025-01-10 11:14:49,422] INFO: 	 lr: 0.00030000000000000073 	 Training loss: 0.045927149765193465
[2025-01-10 11:15:03,524] INFO: Iter 27900 Summary: 
[2025-01-10 11:15:03,524] INFO: 	 lr: 0.00030000000000000073 	 Training loss: 0.04538585353642702
[2025-01-10 11:15:17,908] INFO: Iter 28000 Summary: 
[2025-01-10 11:15:17,908] INFO: 	 lr: 0.00030000000000000073 	 Training loss: 0.045473337434232236
[2025-01-10 11:15:34,830] INFO: Iter 28100 Summary: 
[2025-01-10 11:15:34,831] INFO: 	 lr: 0.00030000000000000073 	 Training loss: 0.045772329121828076
[2025-01-10 11:15:46,775] INFO: Iter 28200 Summary: 
[2025-01-10 11:15:46,776] INFO: 	 lr: 0.00030000000000000073 	 Training loss: 0.04559545896947384
[2025-01-10 11:16:00,785] INFO: Iter 28300 Summary: 
[2025-01-10 11:16:00,786] INFO: 	 lr: 0.00030000000000000073 	 Training loss: 0.04546896684914827
[2025-01-10 11:16:12,322] INFO: Iter 28400 Summary: 
[2025-01-10 11:16:12,323] INFO: 	 lr: 0.00030000000000000073 	 Training loss: 0.04566106725484133
[2025-01-10 11:16:25,637] INFO: Iter 28500 Summary: 
[2025-01-10 11:16:25,638] INFO: 	 lr: 0.00030000000000000073 	 Training loss: 0.04549460619688034
[2025-01-10 11:16:40,247] INFO: Iter 28600 Summary: 
[2025-01-10 11:16:40,247] INFO: 	 lr: 0.00030000000000000073 	 Training loss: 0.044975004084408285
[2025-01-10 11:16:52,600] INFO: Iter 28700 Summary: 
[2025-01-10 11:16:52,601] INFO: 	 lr: 0.00030000000000000073 	 Training loss: 0.045367984622716906
[2025-01-10 11:17:07,254] INFO: Iter 28800 Summary: 
[2025-01-10 11:17:07,255] INFO: 	 lr: 0.00030000000000000073 	 Training loss: 0.04546267293393612
[2025-01-10 11:17:24,569] INFO: Iter 28900 Summary: 
[2025-01-10 11:17:24,570] INFO: 	 lr: 0.00030000000000000073 	 Training loss: 0.04543767601251602
[2025-01-10 11:17:36,942] INFO: Iter 29000 Summary: 
[2025-01-10 11:17:36,943] INFO: 	 lr: 0.00030000000000000073 	 Training loss: 0.04561464630067349
[2025-01-10 11:17:49,767] INFO: Iter 29100 Summary: 
[2025-01-10 11:17:49,767] INFO: 	 lr: 0.00030000000000000073 	 Training loss: 0.04525936711579561
[2025-01-10 11:18:03,444] INFO: Iter 29200 Summary: 
[2025-01-10 11:18:03,445] INFO: 	 lr: 0.00030000000000000073 	 Training loss: 0.04542020730674267
[2025-01-10 11:18:16,603] INFO: Iter 29300 Summary: 
[2025-01-10 11:18:16,604] INFO: 	 lr: 0.00030000000000000073 	 Training loss: 0.045521891564130786
[2025-01-10 11:18:28,718] INFO: Iter 29400 Summary: 
[2025-01-10 11:18:28,718] INFO: 	 lr: 0.00030000000000000073 	 Training loss: 0.045550908409059045
[2025-01-10 11:18:41,610] INFO: Iter 29500 Summary: 
[2025-01-10 11:18:41,610] INFO: 	 lr: 0.00030000000000000073 	 Training loss: 0.04545715782791376
[2025-01-10 11:18:55,503] INFO: Iter 29600 Summary: 
[2025-01-10 11:18:55,503] INFO: 	 lr: 0.00030000000000000073 	 Training loss: 0.04537121120840311
[2025-01-10 11:19:11,608] INFO: Iter 29700 Summary: 
[2025-01-10 11:19:11,609] INFO: 	 lr: 0.00030000000000000073 	 Training loss: 0.04555340465158224
[2025-01-10 11:19:25,887] INFO: Iter 29800 Summary: 
[2025-01-10 11:19:25,887] INFO: 	 lr: 0.00030000000000000073 	 Training loss: 0.045302972830832004
[2025-01-10 11:19:39,938] INFO: Iter 29900 Summary: 
[2025-01-10 11:19:39,939] INFO: 	 lr: 0.00030000000000000073 	 Training loss: 0.04571311723440886
[2025-01-10 11:19:54,602] INFO: Iter 30000 Summary: 
[2025-01-10 11:19:54,602] INFO: 	 lr: 0.00030000000000000073 	 Training loss: 0.045432601533830164
[2025-01-10 11:20:14,630] INFO: Iter 30100 Summary: 
[2025-01-10 11:20:14,630] INFO: 	 lr: 1.2900000000000026e-05 	 Training loss: 0.04394644819200039
[2025-01-10 11:20:26,702] INFO: Iter 30200 Summary: 
[2025-01-10 11:20:26,702] INFO: 	 lr: 1.000000000000002e-05 	 Training loss: 0.04268213778734207
[2025-01-10 11:20:42,807] INFO: Iter 30300 Summary: 
[2025-01-10 11:20:42,807] INFO: 	 lr: 1.000000000000002e-05 	 Training loss: 0.04260487534105778
[2025-01-10 11:20:55,342] INFO: Iter 30400 Summary: 
[2025-01-10 11:20:55,342] INFO: 	 lr: 1.000000000000002e-05 	 Training loss: 0.04260525602847338
[2025-01-10 11:21:07,932] INFO: Iter 30500 Summary: 
[2025-01-10 11:21:07,932] INFO: 	 lr: 1.000000000000002e-05 	 Training loss: 0.041994069851934906
[2025-01-10 11:21:20,345] INFO: Iter 30600 Summary: 
[2025-01-10 11:21:20,345] INFO: 	 lr: 1.000000000000002e-05 	 Training loss: 0.04233184259384871
[2025-01-10 11:21:31,802] INFO: Iter 30700 Summary: 
[2025-01-10 11:21:31,803] INFO: 	 lr: 1.000000000000002e-05 	 Training loss: 0.0424016135558486
[2025-01-10 11:21:45,829] INFO: Iter 30800 Summary: 
[2025-01-10 11:21:45,829] INFO: 	 lr: 1.000000000000002e-05 	 Training loss: 0.042167371213436125
[2025-01-10 11:22:00,353] INFO: Iter 30900 Summary: 
[2025-01-10 11:22:00,354] INFO: 	 lr: 1.000000000000002e-05 	 Training loss: 0.04222711898386478
[2025-01-10 11:22:14,018] INFO: Iter 31000 Summary: 
[2025-01-10 11:22:14,019] INFO: 	 lr: 1.000000000000002e-05 	 Training loss: 0.042099608853459355
[2025-01-10 11:22:25,532] INFO: Iter 31100 Summary: 
[2025-01-10 11:22:25,533] INFO: 	 lr: 1.000000000000002e-05 	 Training loss: 0.042245028726756575
[2025-01-10 11:22:39,004] INFO: Iter 31200 Summary: 
[2025-01-10 11:22:39,005] INFO: 	 lr: 1.000000000000002e-05 	 Training loss: 0.041681870706379416
[2025-01-10 11:22:51,546] INFO: Iter 31300 Summary: 
[2025-01-10 11:22:51,546] INFO: 	 lr: 1.000000000000002e-05 	 Training loss: 0.04191081769764424
[2025-01-10 11:23:04,485] INFO: Iter 31400 Summary: 
[2025-01-10 11:23:04,485] INFO: 	 lr: 1.000000000000002e-05 	 Training loss: 0.04174060318619013
[2025-01-10 11:23:16,392] INFO: Iter 31500 Summary: 
[2025-01-10 11:23:16,392] INFO: 	 lr: 1.000000000000002e-05 	 Training loss: 0.04191334128379822
[2025-01-10 11:23:29,508] INFO: Iter 31600 Summary: 
[2025-01-10 11:23:29,508] INFO: 	 lr: 1.000000000000002e-05 	 Training loss: 0.04152130011469126
[2025-01-10 11:23:41,501] INFO: Iter 31700 Summary: 
[2025-01-10 11:23:41,501] INFO: 	 lr: 1.000000000000002e-05 	 Training loss: 0.041451914198696614
[2025-01-10 11:23:51,704] INFO: Iter 31800 Summary: 
[2025-01-10 11:23:51,705] INFO: 	 lr: 1.000000000000002e-05 	 Training loss: 0.04153736270964146
[2025-01-10 11:24:02,686] INFO: Iter 31900 Summary: 
[2025-01-10 11:24:02,686] INFO: 	 lr: 1.000000000000002e-05 	 Training loss: 0.041742027625441554
[2025-01-10 11:24:14,762] INFO: Iter 32000 Summary: 
[2025-01-10 11:24:14,763] INFO: 	 lr: 1.000000000000002e-05 	 Training loss: 0.04158657629042864
[2025-01-10 11:24:30,236] INFO: Iter 32100 Summary: 
[2025-01-10 11:24:30,237] INFO: 	 lr: 1.000000000000002e-05 	 Training loss: 0.0417407712712884
[2025-01-10 11:24:42,861] INFO: Iter 32200 Summary: 
[2025-01-10 11:24:42,861] INFO: 	 lr: 1.000000000000002e-05 	 Training loss: 0.04141811165958643
[2025-01-10 11:24:55,523] INFO: Iter 32300 Summary: 
[2025-01-10 11:24:55,523] INFO: 	 lr: 1.000000000000002e-05 	 Training loss: 0.041462100520730016
[2025-01-10 11:25:10,003] INFO: Iter 32400 Summary: 
[2025-01-10 11:25:10,004] INFO: 	 lr: 1.000000000000002e-05 	 Training loss: 0.04127588782459497
[2025-01-10 11:25:23,179] INFO: Iter 32500 Summary: 
[2025-01-10 11:25:23,180] INFO: 	 lr: 1.000000000000002e-05 	 Training loss: 0.04132845725864172
[2025-01-10 11:25:36,920] INFO: Iter 32600 Summary: 
[2025-01-10 11:25:36,921] INFO: 	 lr: 1.000000000000002e-05 	 Training loss: 0.04182309292256832
[2025-01-10 11:25:50,549] INFO: Iter 32700 Summary: 
[2025-01-10 11:25:50,549] INFO: 	 lr: 1.000000000000002e-05 	 Training loss: 0.041532842852175234
[2025-01-10 11:26:02,943] INFO: Iter 32800 Summary: 
[2025-01-10 11:26:02,943] INFO: 	 lr: 1.000000000000002e-05 	 Training loss: 0.041222172938287255
[2025-01-10 11:26:13,954] INFO: Iter 32900 Summary: 
[2025-01-10 11:26:13,954] INFO: 	 lr: 1.000000000000002e-05 	 Training loss: 0.041454307064414025
[2025-01-10 11:26:24,288] INFO: Iter 33000 Summary: 
[2025-01-10 11:26:24,289] INFO: 	 lr: 1.000000000000002e-05 	 Training loss: 0.04135755628347397
[2025-01-10 11:26:35,519] INFO: Iter 33100 Summary: 
[2025-01-10 11:26:35,520] INFO: 	 lr: 1.000000000000002e-05 	 Training loss: 0.04124072026461363
[2025-01-10 11:26:46,143] INFO: Iter 33200 Summary: 
[2025-01-10 11:26:46,144] INFO: 	 lr: 1.000000000000002e-05 	 Training loss: 0.04140572208911181
[2025-01-10 11:26:57,766] INFO: Iter 33300 Summary: 
[2025-01-10 11:26:57,766] INFO: 	 lr: 1.000000000000002e-05 	 Training loss: 0.041095271483063696
[2025-01-10 11:27:09,301] INFO: Iter 33400 Summary: 
[2025-01-10 11:27:09,302] INFO: 	 lr: 1.000000000000002e-05 	 Training loss: 0.04135590389370918
[2025-01-10 11:27:21,697] INFO: Iter 33500 Summary: 
[2025-01-10 11:27:21,697] INFO: 	 lr: 1.000000000000002e-05 	 Training loss: 0.041093690283596516
[2025-01-10 11:27:32,070] INFO: Iter 33600 Summary: 
[2025-01-10 11:27:32,070] INFO: 	 lr: 1.000000000000002e-05 	 Training loss: 0.041390183717012405
[2025-01-10 11:27:43,726] INFO: Iter 33700 Summary: 
[2025-01-10 11:27:43,726] INFO: 	 lr: 1.000000000000002e-05 	 Training loss: 0.04146630510687828
[2025-01-10 11:27:56,217] INFO: Iter 33800 Summary: 
[2025-01-10 11:27:56,218] INFO: 	 lr: 1.000000000000002e-05 	 Training loss: 0.04107502926141024
[2025-01-10 11:28:06,339] INFO: Iter 33900 Summary: 
[2025-01-10 11:28:06,339] INFO: 	 lr: 1.000000000000002e-05 	 Training loss: 0.04116746179759503
[2025-01-10 11:28:18,210] INFO: Iter 34000 Summary: 
[2025-01-10 11:28:18,211] INFO: 	 lr: 1.000000000000002e-05 	 Training loss: 0.04106658797711134
[2025-01-10 11:28:35,402] INFO: Iter 34100 Summary: 
[2025-01-10 11:28:35,402] INFO: 	 lr: 1.000000000000002e-05 	 Training loss: 0.04117329180240631
[2025-01-10 11:28:47,577] INFO: Iter 34200 Summary: 
[2025-01-10 11:28:47,578] INFO: 	 lr: 1.000000000000002e-05 	 Training loss: 0.04143901739269495
[2025-01-10 11:29:00,536] INFO: Iter 34300 Summary: 
[2025-01-10 11:29:00,537] INFO: 	 lr: 1.000000000000002e-05 	 Training loss: 0.041279652565717695
[2025-01-10 11:29:13,141] INFO: Iter 34400 Summary: 
[2025-01-10 11:29:13,146] INFO: 	 lr: 1.000000000000002e-05 	 Training loss: 0.04101238135248422
[2025-01-10 11:29:26,160] INFO: Iter 34500 Summary: 
[2025-01-10 11:29:26,160] INFO: 	 lr: 1.000000000000002e-05 	 Training loss: 0.040947498716413976
[2025-01-10 11:29:37,796] INFO: Iter 34600 Summary: 
[2025-01-10 11:29:37,796] INFO: 	 lr: 1.000000000000002e-05 	 Training loss: 0.040938962511718274
[2025-01-10 11:29:48,827] INFO: Iter 34700 Summary: 
[2025-01-10 11:29:48,827] INFO: 	 lr: 1.000000000000002e-05 	 Training loss: 0.04077352214604616
[2025-01-10 11:29:58,699] INFO: Iter 34800 Summary: 
[2025-01-10 11:29:58,700] INFO: 	 lr: 1.000000000000002e-05 	 Training loss: 0.04090462520718575
[2025-01-10 11:30:09,074] INFO: Iter 34900 Summary: 
[2025-01-10 11:30:09,074] INFO: 	 lr: 1.000000000000002e-05 	 Training loss: 0.04097038742154837
[2025-01-10 11:30:20,264] INFO: Iter 35000 Summary: 
[2025-01-10 11:30:20,265] INFO: 	 lr: 1.000000000000002e-05 	 Training loss: 0.04117224235087633
[2025-01-10 11:30:32,328] INFO: Iter 35100 Summary: 
[2025-01-10 11:30:32,329] INFO: 	 lr: 1.000000000000002e-05 	 Training loss: 0.041188603565096855
[2025-01-10 11:30:44,019] INFO: Iter 35200 Summary: 
[2025-01-10 11:30:44,019] INFO: 	 lr: 1.000000000000002e-05 	 Training loss: 0.040857365876436236
[2025-01-10 11:30:55,170] INFO: Iter 35300 Summary: 
[2025-01-10 11:30:55,170] INFO: 	 lr: 1.000000000000002e-05 	 Training loss: 0.04091229472309351
[2025-01-10 11:31:04,318] INFO: Iter 35400 Summary: 
[2025-01-10 11:31:04,318] INFO: 	 lr: 1.000000000000002e-05 	 Training loss: 0.04103125348687172
[2025-01-10 11:31:15,288] INFO: Iter 35500 Summary: 
[2025-01-10 11:31:15,288] INFO: 	 lr: 1.000000000000002e-05 	 Training loss: 0.04085208632051945
[2025-01-10 11:31:26,607] INFO: Iter 35600 Summary: 
[2025-01-10 11:31:26,608] INFO: 	 lr: 1.000000000000002e-05 	 Training loss: 0.040724479630589484
[2025-01-10 11:31:37,147] INFO: Iter 35700 Summary: 
[2025-01-10 11:31:37,148] INFO: 	 lr: 1.000000000000002e-05 	 Training loss: 0.040851193480193615
[2025-01-10 11:31:48,605] INFO: Iter 35800 Summary: 
[2025-01-10 11:31:48,605] INFO: 	 lr: 1.000000000000002e-05 	 Training loss: 0.04087857559323311
[2025-01-10 11:31:59,800] INFO: Iter 35900 Summary: 
[2025-01-10 11:31:59,800] INFO: 	 lr: 1.000000000000002e-05 	 Training loss: 0.041075049825012686
[2025-01-10 11:32:08,915] INFO: Iter 36000 Summary: 
[2025-01-10 11:32:08,916] INFO: 	 lr: 1.000000000000002e-05 	 Training loss: 0.040949733294546604
[2025-01-10 11:32:22,056] INFO: Iter 36100 Summary: 
[2025-01-10 11:32:22,056] INFO: 	 lr: 1.000000000000002e-05 	 Training loss: 0.04080644238740206
[2025-01-10 11:32:33,843] INFO: Iter 36200 Summary: 
[2025-01-10 11:32:33,843] INFO: 	 lr: 1.000000000000002e-05 	 Training loss: 0.04086930282413959
[2025-01-10 11:32:45,887] INFO: Iter 36300 Summary: 
[2025-01-10 11:32:45,887] INFO: 	 lr: 1.000000000000002e-05 	 Training loss: 0.04093690231442451
[2025-01-10 11:32:56,958] INFO: Iter 36400 Summary: 
[2025-01-10 11:32:56,959] INFO: 	 lr: 1.000000000000002e-05 	 Training loss: 0.04115087021142244
[2025-01-10 11:33:08,539] INFO: Iter 36500 Summary: 
[2025-01-10 11:33:08,540] INFO: 	 lr: 1.000000000000002e-05 	 Training loss: 0.041010947562754155
[2025-01-10 11:33:18,870] INFO: Iter 36600 Summary: 
[2025-01-10 11:33:18,870] INFO: 	 lr: 1.000000000000002e-05 	 Training loss: 0.04080417599529028
[2025-01-10 11:33:30,298] INFO: Iter 36700 Summary: 
[2025-01-10 11:33:30,298] INFO: 	 lr: 1.000000000000002e-05 	 Training loss: 0.040954770930111406
[2025-01-10 11:33:42,081] INFO: Iter 36800 Summary: 
[2025-01-10 11:33:42,081] INFO: 	 lr: 1.000000000000002e-05 	 Training loss: 0.040839783065021035
[2025-01-10 11:33:53,256] INFO: Iter 36900 Summary: 
[2025-01-10 11:33:53,256] INFO: 	 lr: 1.000000000000002e-05 	 Training loss: 0.0405798526853323
[2025-01-10 11:34:04,024] INFO: Iter 37000 Summary: 
[2025-01-10 11:34:04,024] INFO: 	 lr: 1.000000000000002e-05 	 Training loss: 0.04082295138388872
[2025-01-10 11:34:13,969] INFO: Iter 37100 Summary: 
[2025-01-10 11:34:13,970] INFO: 	 lr: 1.000000000000002e-05 	 Training loss: 0.04063238244503736
[2025-01-10 11:34:25,605] INFO: Iter 37200 Summary: 
[2025-01-10 11:34:25,606] INFO: 	 lr: 1.000000000000002e-05 	 Training loss: 0.040637219175696376
[2025-01-10 11:34:36,703] INFO: Iter 37300 Summary: 
[2025-01-10 11:34:36,703] INFO: 	 lr: 1.000000000000002e-05 	 Training loss: 0.040600668787956234
[2025-01-10 11:34:47,545] INFO: Iter 37400 Summary: 
[2025-01-10 11:34:47,545] INFO: 	 lr: 1.000000000000002e-05 	 Training loss: 0.04043381609022617
[2025-01-10 11:34:58,777] INFO: Iter 37500 Summary: 
[2025-01-10 11:34:58,777] INFO: 	 lr: 1.000000000000002e-05 	 Training loss: 0.0408821178227663
[2025-01-10 11:35:10,030] INFO: Iter 37600 Summary: 
[2025-01-10 11:35:10,031] INFO: 	 lr: 1.000000000000002e-05 	 Training loss: 0.04072665397077799
[2025-01-10 11:35:20,507] INFO: Iter 37700 Summary: 
[2025-01-10 11:35:20,507] INFO: 	 lr: 1.000000000000002e-05 	 Training loss: 0.04069105688482523
[2025-01-10 11:35:31,330] INFO: Iter 37800 Summary: 
[2025-01-10 11:35:31,330] INFO: 	 lr: 1.000000000000002e-05 	 Training loss: 0.04085694037377834
[2025-01-10 11:35:42,094] INFO: Iter 37900 Summary: 
[2025-01-10 11:35:42,094] INFO: 	 lr: 1.000000000000002e-05 	 Training loss: 0.04088827755302191
[2025-01-10 11:35:52,363] INFO: Iter 38000 Summary: 
[2025-01-10 11:35:52,364] INFO: 	 lr: 1.000000000000002e-05 	 Training loss: 0.04029875487089157
[2025-01-10 11:36:05,748] INFO: Iter 38100 Summary: 
[2025-01-10 11:36:05,748] INFO: 	 lr: 1.000000000000002e-05 	 Training loss: 0.04056125234812498
[2025-01-10 11:36:15,207] INFO: Iter 38200 Summary: 
[2025-01-10 11:36:15,207] INFO: 	 lr: 1.000000000000002e-05 	 Training loss: 0.040731898210942745
[2025-01-10 11:36:26,503] INFO: Iter 38300 Summary: 
[2025-01-10 11:36:26,503] INFO: 	 lr: 1.000000000000002e-05 	 Training loss: 0.04088635720312595
[2025-01-10 11:36:37,259] INFO: Iter 38400 Summary: 
[2025-01-10 11:36:37,259] INFO: 	 lr: 1.000000000000002e-05 	 Training loss: 0.04057121463119984
[2025-01-10 11:36:48,471] INFO: Iter 38500 Summary: 
[2025-01-10 11:36:48,471] INFO: 	 lr: 1.000000000000002e-05 	 Training loss: 0.04068170703947544
[2025-01-10 11:37:01,188] INFO: Iter 38600 Summary: 
[2025-01-10 11:37:01,189] INFO: 	 lr: 1.000000000000002e-05 	 Training loss: 0.04062907740473747
[2025-01-10 11:37:10,527] INFO: Iter 38700 Summary: 
[2025-01-10 11:37:10,527] INFO: 	 lr: 1.000000000000002e-05 	 Training loss: 0.04071953497827053
[2025-01-10 11:37:19,943] INFO: Iter 38800 Summary: 
[2025-01-10 11:37:19,943] INFO: 	 lr: 1.000000000000002e-05 	 Training loss: 0.04057909682393074
[2025-01-10 11:37:26,884] INFO: Iter 38900 Summary: 
[2025-01-10 11:37:26,884] INFO: 	 lr: 1.000000000000002e-05 	 Training loss: 0.04088446855545044
[2025-01-10 11:37:33,771] INFO: Iter 39000 Summary: 
[2025-01-10 11:37:33,772] INFO: 	 lr: 1.000000000000002e-05 	 Training loss: 0.0405996460840106
[2025-01-10 11:37:40,371] INFO: Iter 39100 Summary: 
[2025-01-10 11:37:40,371] INFO: 	 lr: 1.000000000000002e-05 	 Training loss: 0.040258661322295664
[2025-01-10 11:37:46,934] INFO: Iter 39200 Summary: 
[2025-01-10 11:37:46,934] INFO: 	 lr: 1.000000000000002e-05 	 Training loss: 0.040460900776088236
[2025-01-10 11:37:55,043] INFO: Iter 39300 Summary: 
[2025-01-10 11:37:55,043] INFO: 	 lr: 1.000000000000002e-05 	 Training loss: 0.04050894942134619
[2025-01-10 11:38:01,912] INFO: Iter 39400 Summary: 
[2025-01-10 11:38:01,913] INFO: 	 lr: 1.000000000000002e-05 	 Training loss: 0.0404405166208744
[2025-01-10 11:38:08,927] INFO: Iter 39500 Summary: 
[2025-01-10 11:38:08,927] INFO: 	 lr: 1.000000000000002e-05 	 Training loss: 0.04081685639917851
[2025-01-10 11:38:15,839] INFO: Iter 39600 Summary: 
[2025-01-10 11:38:15,839] INFO: 	 lr: 1.000000000000002e-05 	 Training loss: 0.040464382618665695
[2025-01-10 11:38:22,610] INFO: Iter 39700 Summary: 
[2025-01-10 11:38:22,610] INFO: 	 lr: 1.000000000000002e-05 	 Training loss: 0.04076173670589924
[2025-01-10 11:38:29,247] INFO: Iter 39800 Summary: 
[2025-01-10 11:38:29,247] INFO: 	 lr: 1.000000000000002e-05 	 Training loss: 0.04060313612222671
[2025-01-10 11:38:35,900] INFO: Iter 39900 Summary: 
[2025-01-10 11:38:35,900] INFO: 	 lr: 1.000000000000002e-05 	 Training loss: 0.040345164351165294
[2025-01-10 11:38:43,834] INFO: Iter 40000 Summary: 
[2025-01-10 11:38:43,835] INFO: 	 lr: 1.000000000000002e-05 	 Training loss: 0.04095536630600691
