[2024-12-25 05:16:59,710] INFO: {
    "abs_dir": "/home/diwang/siMLPe/exps/baseline_h36m",
    "batch_size": 1024,
    "cos_lr_max": 1e-05,
    "cos_lr_min": 5e-08,
    "cos_lr_total_iters": 40000,
    "data_aug": true,
    "deriv_input": true,
    "deriv_output": true,
    "h36m_anno_dir": "/home/diwang/siMLPe/data/h36m/",
    "link_log_file": "/home/diwang/siMLPe/exps/baseline_h36m/log/log_last.log",
    "link_val_log_file": "/home/diwang/siMLPe/exps/baseline_h36m/log/val_last.log",
    "log_dir": "/home/diwang/siMLPe/exps/baseline_h36m/log",
    "log_file": "/home/diwang/siMLPe/exps/baseline_h36m/log/log_2024_12_25_05_16_40.log",
    "model_pth": null,
    "motion": {
        "dim": 66,
        "h36m_input_length": 50,
        "h36m_input_length_dct": 50,
        "h36m_target_length": 50,
        "h36m_target_length_eval": 50,
        "h36m_target_length_train": 50
    },
    "motion_fc_in": {
        "activation": "relu",
        "in_features": 66,
        "init_w_trunc_normal": false,
        "out_features": 66,
        "temporal_fc": false,
        "with_norm": false
    },
    "motion_fc_out": {
        "activation": "relu",
        "in_features": 66,
        "init_w_trunc_normal": true,
        "out_features": 66,
        "temporal_fc": false,
        "with_norm": false
    },
    "motion_mlp": {
        "hidden_dim": 66,
        "norm_axis": "spatial",
        "num_layers": 48,
        "seq_len": 50,
        "spatial_fc_only": false,
        "with_normalization": true
    },
    "num_workers": 8,
    "post_dct": false,
    "pre_dct": false,
    "print_every": 100,
    "repo_name": "siMLPe",
    "root_dir": "/home/diwang/siMLPe",
    "save_every": 2000,
    "seed": 304,
    "shift_step": 1,
    "snapshot_dir": "/home/diwang/siMLPe/exps/baseline_h36m/log/snapshot",
    "this_dir": "baseline_h36m",
    "use_relative_loss": true,
    "val_log_file": "/home/diwang/siMLPe/exps/baseline_h36m/log/val_2024_12_25_05_16_40.log",
    "weight_decay": 0.0001
}
[2024-12-25 05:17:10,121] INFO: Iter 100 Summary: 
[2024-12-25 05:17:10,121] INFO: 	 lr: 0.00030000000000000073 	 Training loss: 0.1574967846274376
[2024-12-25 05:17:19,787] INFO: Iter 200 Summary: 
[2024-12-25 05:17:19,787] INFO: 	 lr: 0.00030000000000000073 	 Training loss: 0.14446625530719756
[2024-12-25 05:17:27,167] INFO: Iter 300 Summary: 
[2024-12-25 05:17:27,167] INFO: 	 lr: 0.00030000000000000073 	 Training loss: 0.14025615379214287
[2024-12-25 05:17:36,414] INFO: Iter 400 Summary: 
[2024-12-25 05:17:36,414] INFO: 	 lr: 0.00030000000000000073 	 Training loss: 0.13453019186854362
[2024-12-25 05:17:44,998] INFO: Iter 500 Summary: 
[2024-12-25 05:17:44,999] INFO: 	 lr: 0.00030000000000000073 	 Training loss: 0.1312222510576248
[2024-12-25 05:17:52,959] INFO: Iter 600 Summary: 
[2024-12-25 05:17:52,960] INFO: 	 lr: 0.00030000000000000073 	 Training loss: 0.1287158014625311
[2024-12-25 05:18:02,542] INFO: Iter 700 Summary: 
[2024-12-25 05:18:02,543] INFO: 	 lr: 0.00030000000000000073 	 Training loss: 0.12692518644034861
[2024-12-25 05:18:09,876] INFO: Iter 800 Summary: 
[2024-12-25 05:18:09,876] INFO: 	 lr: 0.00030000000000000073 	 Training loss: 0.12644607841968536
[2024-12-25 05:18:19,002] INFO: Iter 900 Summary: 
[2024-12-25 05:18:19,003] INFO: 	 lr: 0.00030000000000000073 	 Training loss: 0.12505220226943492
[2024-12-25 05:18:28,218] INFO: Iter 1000 Summary: 
[2024-12-25 05:18:28,219] INFO: 	 lr: 0.00030000000000000073 	 Training loss: 0.1244273080676794
[2024-12-25 05:18:35,754] INFO: Iter 1100 Summary: 
[2024-12-25 05:18:35,754] INFO: 	 lr: 0.00030000000000000073 	 Training loss: 0.12356739193201065
[2024-12-25 05:18:44,969] INFO: Iter 1200 Summary: 
[2024-12-25 05:18:44,970] INFO: 	 lr: 0.00030000000000000073 	 Training loss: 0.12323568545281888
[2024-12-25 05:18:52,452] INFO: Iter 1300 Summary: 
[2024-12-25 05:18:52,453] INFO: 	 lr: 0.00030000000000000073 	 Training loss: 0.12247915215790271
[2024-12-25 05:19:01,683] INFO: Iter 1400 Summary: 
[2024-12-25 05:19:01,683] INFO: 	 lr: 0.00030000000000000073 	 Training loss: 0.12205402493476868
[2024-12-25 05:19:10,785] INFO: Iter 1500 Summary: 
[2024-12-25 05:19:10,785] INFO: 	 lr: 0.00030000000000000073 	 Training loss: 0.12161529913544655
[2024-12-25 05:19:18,284] INFO: Iter 1600 Summary: 
[2024-12-25 05:19:18,284] INFO: 	 lr: 0.00030000000000000073 	 Training loss: 0.12120523139834403
[2024-12-25 05:19:27,597] INFO: Iter 1700 Summary: 
[2024-12-25 05:19:27,598] INFO: 	 lr: 0.00030000000000000073 	 Training loss: 0.1212673119455576
[2024-12-25 05:19:34,936] INFO: Iter 1800 Summary: 
[2024-12-25 05:19:34,936] INFO: 	 lr: 0.00030000000000000073 	 Training loss: 0.12028429672122001
[2024-12-25 05:19:44,215] INFO: Iter 1900 Summary: 
[2024-12-25 05:19:44,215] INFO: 	 lr: 0.00030000000000000073 	 Training loss: 0.1210604566335678
[2024-12-25 05:19:53,538] INFO: Iter 2000 Summary: 
[2024-12-25 05:19:53,538] INFO: 	 lr: 0.00030000000000000073 	 Training loss: 0.11948874898254871
[2024-12-25 05:20:02,960] INFO: Iter 2100 Summary: 
[2024-12-25 05:20:02,960] INFO: 	 lr: 0.00030000000000000073 	 Training loss: 0.11952132016420364
[2024-12-25 05:20:12,248] INFO: Iter 2200 Summary: 
[2024-12-25 05:20:12,248] INFO: 	 lr: 0.00030000000000000073 	 Training loss: 0.11921181164681911
[2024-12-25 05:20:19,674] INFO: Iter 2300 Summary: 
[2024-12-25 05:20:19,674] INFO: 	 lr: 0.00030000000000000073 	 Training loss: 0.11900621302425861
[2024-12-25 05:20:29,559] INFO: Iter 2400 Summary: 
[2024-12-25 05:20:29,559] INFO: 	 lr: 0.00030000000000000073 	 Training loss: 0.11894170649349689
[2024-12-25 05:20:40,815] INFO: Iter 2500 Summary: 
[2024-12-25 05:20:40,815] INFO: 	 lr: 0.00030000000000000073 	 Training loss: 0.11842559061944485
[2024-12-25 05:20:50,304] INFO: Iter 2600 Summary: 
[2024-12-25 05:20:50,305] INFO: 	 lr: 0.00030000000000000073 	 Training loss: 0.11823947310447692
[2024-12-25 05:21:01,625] INFO: Iter 2700 Summary: 
[2024-12-25 05:21:01,626] INFO: 	 lr: 0.00030000000000000073 	 Training loss: 0.11813562117516994
[2024-12-25 05:21:10,717] INFO: Iter 2800 Summary: 
[2024-12-25 05:21:10,718] INFO: 	 lr: 0.00030000000000000073 	 Training loss: 0.11783910028636456
[2024-12-25 05:21:22,188] INFO: Iter 2900 Summary: 
[2024-12-25 05:21:22,188] INFO: 	 lr: 0.00030000000000000073 	 Training loss: 0.11788613468408585
[2024-12-25 05:21:32,757] INFO: Iter 3000 Summary: 
[2024-12-25 05:21:32,757] INFO: 	 lr: 0.00030000000000000073 	 Training loss: 0.11741424597799778
[2024-12-25 05:21:40,194] INFO: Iter 3100 Summary: 
[2024-12-25 05:21:40,195] INFO: 	 lr: 0.00030000000000000073 	 Training loss: 0.11685189627110958
[2024-12-25 05:21:49,680] INFO: Iter 3200 Summary: 
[2024-12-25 05:21:49,681] INFO: 	 lr: 0.00030000000000000073 	 Training loss: 0.11783506445586682
[2024-12-25 05:21:57,148] INFO: Iter 3300 Summary: 
[2024-12-25 05:21:57,148] INFO: 	 lr: 0.00030000000000000073 	 Training loss: 0.11769440695643425
[2024-12-25 05:22:07,926] INFO: Iter 3400 Summary: 
[2024-12-25 05:22:07,926] INFO: 	 lr: 0.00030000000000000073 	 Training loss: 0.11676545836031436
[2024-12-25 05:22:19,902] INFO: Iter 3500 Summary: 
[2024-12-25 05:22:19,903] INFO: 	 lr: 0.00030000000000000073 	 Training loss: 0.11692401804029942
[2024-12-25 05:22:27,309] INFO: Iter 3600 Summary: 
[2024-12-25 05:22:27,309] INFO: 	 lr: 0.00030000000000000073 	 Training loss: 0.11633838623762131
[2024-12-25 05:22:36,872] INFO: Iter 3700 Summary: 
[2024-12-25 05:22:36,873] INFO: 	 lr: 0.00030000000000000073 	 Training loss: 0.11631120100617409
[2024-12-25 05:22:44,481] INFO: Iter 3800 Summary: 
[2024-12-25 05:22:44,481] INFO: 	 lr: 0.00030000000000000073 	 Training loss: 0.11637601725757123
[2024-12-25 05:22:55,965] INFO: Iter 3900 Summary: 
[2024-12-25 05:22:55,966] INFO: 	 lr: 0.00030000000000000073 	 Training loss: 0.11616051904857158
[2024-12-25 05:23:06,388] INFO: Iter 4000 Summary: 
[2024-12-25 05:23:06,388] INFO: 	 lr: 0.00030000000000000073 	 Training loss: 0.1159501015394926
[2024-12-25 05:23:16,838] INFO: Iter 4100 Summary: 
[2024-12-25 05:23:16,838] INFO: 	 lr: 0.00030000000000000073 	 Training loss: 0.11566238634288312
[2024-12-25 05:23:27,358] INFO: Iter 4200 Summary: 
[2024-12-25 05:23:27,359] INFO: 	 lr: 0.00030000000000000073 	 Training loss: 0.11601458743214607
[2024-12-25 05:23:36,466] INFO: Iter 4300 Summary: 
[2024-12-25 05:23:36,466] INFO: 	 lr: 0.00030000000000000073 	 Training loss: 0.11559813104569912
[2024-12-25 05:23:47,724] INFO: Iter 4400 Summary: 
[2024-12-25 05:23:47,725] INFO: 	 lr: 0.00030000000000000073 	 Training loss: 0.11474951542913914
[2024-12-25 05:23:58,904] INFO: Iter 4500 Summary: 
[2024-12-25 05:23:58,905] INFO: 	 lr: 0.00030000000000000073 	 Training loss: 0.11529290437698364
[2024-12-25 05:24:08,224] INFO: Iter 4600 Summary: 
[2024-12-25 05:24:08,224] INFO: 	 lr: 0.00030000000000000073 	 Training loss: 0.11516753651201725
[2024-12-25 05:24:18,336] INFO: Iter 4700 Summary: 
[2024-12-25 05:24:18,337] INFO: 	 lr: 0.00030000000000000073 	 Training loss: 0.11505298182368279
[2024-12-25 05:24:26,523] INFO: Iter 4800 Summary: 
[2024-12-25 05:24:26,524] INFO: 	 lr: 0.00030000000000000073 	 Training loss: 0.11473248608410358
[2024-12-25 05:24:35,645] INFO: Iter 4900 Summary: 
[2024-12-25 05:24:35,646] INFO: 	 lr: 0.00030000000000000073 	 Training loss: 0.1146229539066553
[2024-12-25 05:24:45,018] INFO: Iter 5000 Summary: 
[2024-12-25 05:24:45,018] INFO: 	 lr: 0.00030000000000000073 	 Training loss: 0.1145756983011961
[2024-12-25 05:24:52,852] INFO: Iter 5100 Summary: 
[2024-12-25 05:24:52,852] INFO: 	 lr: 0.00030000000000000073 	 Training loss: 0.11464055530726909
[2024-12-25 05:25:02,273] INFO: Iter 5200 Summary: 
[2024-12-25 05:25:02,273] INFO: 	 lr: 0.00030000000000000073 	 Training loss: 0.1147620402276516
[2024-12-25 05:25:09,695] INFO: Iter 5300 Summary: 
[2024-12-25 05:25:09,695] INFO: 	 lr: 0.00030000000000000073 	 Training loss: 0.11400552660226822
[2024-12-25 05:25:18,976] INFO: Iter 5400 Summary: 
[2024-12-25 05:25:18,976] INFO: 	 lr: 0.00030000000000000073 	 Training loss: 0.11405828379094601
[2024-12-25 05:25:28,216] INFO: Iter 5500 Summary: 
[2024-12-25 05:25:28,216] INFO: 	 lr: 0.00030000000000000073 	 Training loss: 0.11365427054464818
[2024-12-25 05:25:35,615] INFO: Iter 5600 Summary: 
[2024-12-25 05:25:35,615] INFO: 	 lr: 0.00030000000000000073 	 Training loss: 0.1135504300147295
[2024-12-25 05:25:44,848] INFO: Iter 5700 Summary: 
[2024-12-25 05:25:44,849] INFO: 	 lr: 0.00030000000000000073 	 Training loss: 0.11344635106623173
[2024-12-25 05:25:53,102] INFO: Iter 5800 Summary: 
[2024-12-25 05:25:53,102] INFO: 	 lr: 0.00030000000000000073 	 Training loss: 0.11334652237594128
[2024-12-25 05:26:02,670] INFO: Iter 5900 Summary: 
[2024-12-25 05:26:02,671] INFO: 	 lr: 0.00030000000000000073 	 Training loss: 0.11291616827249527
[2024-12-25 05:26:11,972] INFO: Iter 6000 Summary: 
[2024-12-25 05:26:11,972] INFO: 	 lr: 0.00030000000000000073 	 Training loss: 0.11328759044408798
[2024-12-25 05:26:21,395] INFO: Iter 6100 Summary: 
[2024-12-25 05:26:21,396] INFO: 	 lr: 0.00030000000000000073 	 Training loss: 0.11303843952715396
[2024-12-25 05:26:30,779] INFO: Iter 6200 Summary: 
[2024-12-25 05:26:30,779] INFO: 	 lr: 0.00030000000000000073 	 Training loss: 0.11278214916586876
[2024-12-25 05:26:37,950] INFO: Iter 6300 Summary: 
[2024-12-25 05:26:37,950] INFO: 	 lr: 0.00030000000000000073 	 Training loss: 0.11249042622745037
[2024-12-25 05:26:47,198] INFO: Iter 6400 Summary: 
[2024-12-25 05:26:47,199] INFO: 	 lr: 0.00030000000000000073 	 Training loss: 0.11228960163891316
[2024-12-25 05:26:56,434] INFO: Iter 6500 Summary: 
[2024-12-25 05:26:56,435] INFO: 	 lr: 0.00030000000000000073 	 Training loss: 0.11254696607589722
[2024-12-25 05:27:04,587] INFO: Iter 6600 Summary: 
[2024-12-25 05:27:04,587] INFO: 	 lr: 0.00030000000000000073 	 Training loss: 0.11223376952111722
[2024-12-25 05:27:13,780] INFO: Iter 6700 Summary: 
[2024-12-25 05:27:13,780] INFO: 	 lr: 0.00030000000000000073 	 Training loss: 0.11165635764598847
[2024-12-25 05:27:21,187] INFO: Iter 6800 Summary: 
[2024-12-25 05:27:21,187] INFO: 	 lr: 0.00030000000000000073 	 Training loss: 0.11141647912561893
[2024-12-25 05:27:30,161] INFO: Iter 6900 Summary: 
[2024-12-25 05:27:30,162] INFO: 	 lr: 0.00030000000000000073 	 Training loss: 0.11146541900932788
[2024-12-25 05:27:39,563] INFO: Iter 7000 Summary: 
[2024-12-25 05:27:39,563] INFO: 	 lr: 0.00030000000000000073 	 Training loss: 0.11129600651562215
[2024-12-25 05:27:46,943] INFO: Iter 7100 Summary: 
[2024-12-25 05:27:46,943] INFO: 	 lr: 0.00030000000000000073 	 Training loss: 0.11130505539476872
[2024-12-25 05:27:56,909] INFO: Iter 7200 Summary: 
[2024-12-25 05:27:56,909] INFO: 	 lr: 0.00030000000000000073 	 Training loss: 0.11101789809763432
[2024-12-25 05:28:04,271] INFO: Iter 7300 Summary: 
[2024-12-25 05:28:04,271] INFO: 	 lr: 0.00030000000000000073 	 Training loss: 0.11077610865235328
[2024-12-25 05:28:13,585] INFO: Iter 7400 Summary: 
[2024-12-25 05:28:13,586] INFO: 	 lr: 0.00030000000000000073 	 Training loss: 0.11090524293482304
[2024-12-25 05:28:22,930] INFO: Iter 7500 Summary: 
[2024-12-25 05:28:22,930] INFO: 	 lr: 0.00030000000000000073 	 Training loss: 0.11033121049404145
[2024-12-25 05:28:30,726] INFO: Iter 7600 Summary: 
[2024-12-25 05:28:30,726] INFO: 	 lr: 0.00030000000000000073 	 Training loss: 0.1103308555483818
[2024-12-25 05:28:40,096] INFO: Iter 7700 Summary: 
[2024-12-25 05:28:40,096] INFO: 	 lr: 0.00030000000000000073 	 Training loss: 0.11027748100459575
[2024-12-25 05:28:47,454] INFO: Iter 7800 Summary: 
[2024-12-25 05:28:47,455] INFO: 	 lr: 0.00030000000000000073 	 Training loss: 0.10991389147937297
[2024-12-25 05:28:56,712] INFO: Iter 7900 Summary: 
[2024-12-25 05:28:56,712] INFO: 	 lr: 0.00030000000000000073 	 Training loss: 0.1098711197078228
[2024-12-25 05:29:06,214] INFO: Iter 8000 Summary: 
[2024-12-25 05:29:06,214] INFO: 	 lr: 0.00030000000000000073 	 Training loss: 0.11000683180987834
[2024-12-25 05:29:15,372] INFO: Iter 8100 Summary: 
[2024-12-25 05:29:15,372] INFO: 	 lr: 0.00030000000000000073 	 Training loss: 0.10977505296468734
[2024-12-25 05:29:24,785] INFO: Iter 8200 Summary: 
[2024-12-25 05:29:24,785] INFO: 	 lr: 0.00030000000000000073 	 Training loss: 0.10916715778410435
[2024-12-25 05:29:32,043] INFO: Iter 8300 Summary: 
[2024-12-25 05:29:32,043] INFO: 	 lr: 0.00030000000000000073 	 Training loss: 0.10922136127948762
[2024-12-25 05:29:41,953] INFO: Iter 8400 Summary: 
[2024-12-25 05:29:41,954] INFO: 	 lr: 0.00030000000000000073 	 Training loss: 0.10920304924249649
[2024-12-25 05:29:51,356] INFO: Iter 8500 Summary: 
[2024-12-25 05:29:51,356] INFO: 	 lr: 0.00030000000000000073 	 Training loss: 0.10846487231552601
[2024-12-25 05:29:58,767] INFO: Iter 8600 Summary: 
[2024-12-25 05:29:58,768] INFO: 	 lr: 0.00030000000000000073 	 Training loss: 0.1084878158569336
[2024-12-25 05:30:08,029] INFO: Iter 8700 Summary: 
[2024-12-25 05:30:08,029] INFO: 	 lr: 0.00030000000000000073 	 Training loss: 0.10855152264237404
[2024-12-25 05:30:16,936] INFO: Iter 8800 Summary: 
[2024-12-25 05:30:16,936] INFO: 	 lr: 0.00030000000000000073 	 Training loss: 0.10818752810359002
[2024-12-25 05:30:24,728] INFO: Iter 8900 Summary: 
[2024-12-25 05:30:24,728] INFO: 	 lr: 0.00030000000000000073 	 Training loss: 0.10809286564588547
[2024-12-25 05:30:34,987] INFO: Iter 9000 Summary: 
[2024-12-25 05:30:34,987] INFO: 	 lr: 0.00030000000000000073 	 Training loss: 0.10782271228730679
[2024-12-25 05:30:43,170] INFO: Iter 9100 Summary: 
[2024-12-25 05:30:43,170] INFO: 	 lr: 0.00030000000000000073 	 Training loss: 0.10769727811217308
[2024-12-25 05:30:52,356] INFO: Iter 9200 Summary: 
[2024-12-25 05:30:52,356] INFO: 	 lr: 0.00030000000000000073 	 Training loss: 0.10737489223480225
[2024-12-25 05:31:01,576] INFO: Iter 9300 Summary: 
[2024-12-25 05:31:01,577] INFO: 	 lr: 0.00030000000000000073 	 Training loss: 0.10748927548527717
[2024-12-25 05:31:10,048] INFO: Iter 9400 Summary: 
[2024-12-25 05:31:10,048] INFO: 	 lr: 0.00030000000000000073 	 Training loss: 0.10729565851390362
[2024-12-25 05:31:19,264] INFO: Iter 9500 Summary: 
[2024-12-25 05:31:19,264] INFO: 	 lr: 0.00030000000000000073 	 Training loss: 0.10691712036728859
[2024-12-25 05:31:26,562] INFO: Iter 9600 Summary: 
[2024-12-25 05:31:26,562] INFO: 	 lr: 0.00030000000000000073 	 Training loss: 0.10647681713104248
[2024-12-25 05:31:36,648] INFO: Iter 9700 Summary: 
[2024-12-25 05:31:36,648] INFO: 	 lr: 0.00030000000000000073 	 Training loss: 0.10664198152720929
[2024-12-25 05:31:45,811] INFO: Iter 9800 Summary: 
[2024-12-25 05:31:45,812] INFO: 	 lr: 0.00030000000000000073 	 Training loss: 0.10609852574765682
[2024-12-25 05:31:54,092] INFO: Iter 9900 Summary: 
[2024-12-25 05:31:54,093] INFO: 	 lr: 0.00030000000000000073 	 Training loss: 0.10593528799712658
[2024-12-25 05:32:03,512] INFO: Iter 10000 Summary: 
[2024-12-25 05:32:03,512] INFO: 	 lr: 0.00030000000000000073 	 Training loss: 0.10622379839420319
[2024-12-25 05:32:12,717] INFO: Iter 10100 Summary: 
[2024-12-25 05:32:12,717] INFO: 	 lr: 0.00030000000000000073 	 Training loss: 0.10551294036209584
[2024-12-25 05:32:22,214] INFO: Iter 10200 Summary: 
[2024-12-25 05:32:22,214] INFO: 	 lr: 0.00030000000000000073 	 Training loss: 0.10538179211318494
[2024-12-25 05:32:32,266] INFO: Iter 10300 Summary: 
[2024-12-25 05:32:32,267] INFO: 	 lr: 0.00030000000000000073 	 Training loss: 0.10542111814022065
[2024-12-25 05:32:39,891] INFO: Iter 10400 Summary: 
[2024-12-25 05:32:39,891] INFO: 	 lr: 0.00030000000000000073 	 Training loss: 0.10509919211268424
[2024-12-25 05:32:49,949] INFO: Iter 10500 Summary: 
[2024-12-25 05:32:49,949] INFO: 	 lr: 0.00030000000000000073 	 Training loss: 0.10493732742965221
[2024-12-25 05:32:57,301] INFO: Iter 10600 Summary: 
[2024-12-25 05:32:57,301] INFO: 	 lr: 0.00030000000000000073 	 Training loss: 0.1047172249853611
[2024-12-25 05:33:07,094] INFO: Iter 10700 Summary: 
[2024-12-25 05:33:07,094] INFO: 	 lr: 0.00030000000000000073 	 Training loss: 0.10455850675702096
[2024-12-25 05:33:16,742] INFO: Iter 10800 Summary: 
[2024-12-25 05:33:16,743] INFO: 	 lr: 0.00030000000000000073 	 Training loss: 0.10465246200561523
[2024-12-25 05:33:24,850] INFO: Iter 10900 Summary: 
[2024-12-25 05:33:24,851] INFO: 	 lr: 0.00030000000000000073 	 Training loss: 0.10398852594196796
[2024-12-25 05:33:34,114] INFO: Iter 11000 Summary: 
[2024-12-25 05:33:34,115] INFO: 	 lr: 0.00030000000000000073 	 Training loss: 0.10383642330765724
[2024-12-25 05:33:41,472] INFO: Iter 11100 Summary: 
[2024-12-25 05:33:41,472] INFO: 	 lr: 0.00030000000000000073 	 Training loss: 0.10374472469091416
[2024-12-25 05:33:51,550] INFO: Iter 11200 Summary: 
[2024-12-25 05:33:51,550] INFO: 	 lr: 0.00030000000000000073 	 Training loss: 0.10353023789823056
[2024-12-25 05:34:00,817] INFO: Iter 11300 Summary: 
[2024-12-25 05:34:00,818] INFO: 	 lr: 0.00030000000000000073 	 Training loss: 0.10348513968288899
[2024-12-25 05:34:08,251] INFO: Iter 11400 Summary: 
[2024-12-25 05:34:08,252] INFO: 	 lr: 0.00030000000000000073 	 Training loss: 0.10312754981219768
[2024-12-25 05:34:18,393] INFO: Iter 11500 Summary: 
[2024-12-25 05:34:18,393] INFO: 	 lr: 0.00030000000000000073 	 Training loss: 0.10332087635993957
[2024-12-25 05:34:25,917] INFO: Iter 11600 Summary: 
[2024-12-25 05:34:25,918] INFO: 	 lr: 0.00030000000000000073 	 Training loss: 0.10301136925816536
[2024-12-25 05:34:36,003] INFO: Iter 11700 Summary: 
[2024-12-25 05:34:36,004] INFO: 	 lr: 0.00030000000000000073 	 Training loss: 0.10260646358132362
[2024-12-25 05:34:45,345] INFO: Iter 11800 Summary: 
[2024-12-25 05:34:45,345] INFO: 	 lr: 0.00030000000000000073 	 Training loss: 0.10252363286912441
[2024-12-25 05:34:53,799] INFO: Iter 11900 Summary: 
[2024-12-25 05:34:53,800] INFO: 	 lr: 0.00030000000000000073 	 Training loss: 0.10222857870161534
[2024-12-25 05:35:03,202] INFO: Iter 12000 Summary: 
[2024-12-25 05:35:03,202] INFO: 	 lr: 0.00030000000000000073 	 Training loss: 0.10210309036076069
[2024-12-25 05:35:12,002] INFO: Iter 12100 Summary: 
[2024-12-25 05:35:12,002] INFO: 	 lr: 0.00030000000000000073 	 Training loss: 0.10173101529479027
[2024-12-25 05:35:22,463] INFO: Iter 12200 Summary: 
[2024-12-25 05:35:22,463] INFO: 	 lr: 0.00030000000000000073 	 Training loss: 0.10216894291341305
[2024-12-25 05:35:31,655] INFO: Iter 12300 Summary: 
[2024-12-25 05:35:31,656] INFO: 	 lr: 0.00030000000000000073 	 Training loss: 0.10163788013160228
[2024-12-25 05:35:39,039] INFO: Iter 12400 Summary: 
[2024-12-25 05:35:39,039] INFO: 	 lr: 0.00030000000000000073 	 Training loss: 0.1013930931687355
[2024-12-25 05:35:49,004] INFO: Iter 12500 Summary: 
[2024-12-25 05:35:49,004] INFO: 	 lr: 0.00030000000000000073 	 Training loss: 0.10099706530570984
[2024-12-25 05:35:57,237] INFO: Iter 12600 Summary: 
[2024-12-25 05:35:57,237] INFO: 	 lr: 0.00030000000000000073 	 Training loss: 0.10128415279090404
[2024-12-25 05:36:07,451] INFO: Iter 12700 Summary: 
[2024-12-25 05:36:07,451] INFO: 	 lr: 0.00030000000000000073 	 Training loss: 0.10080963119864464
[2024-12-25 05:36:16,693] INFO: Iter 12800 Summary: 
[2024-12-25 05:36:16,693] INFO: 	 lr: 0.00030000000000000073 	 Training loss: 0.10073914662003518
[2024-12-25 05:36:24,883] INFO: Iter 12900 Summary: 
[2024-12-25 05:36:24,883] INFO: 	 lr: 0.00030000000000000073 	 Training loss: 0.10074779637157917
[2024-12-25 05:36:34,744] INFO: Iter 13000 Summary: 
[2024-12-25 05:36:34,745] INFO: 	 lr: 0.00030000000000000073 	 Training loss: 0.10077513977885247
[2024-12-25 05:36:42,168] INFO: Iter 13100 Summary: 
[2024-12-25 05:36:42,168] INFO: 	 lr: 0.00030000000000000073 	 Training loss: 0.10034827284514904
[2024-12-25 05:36:52,264] INFO: Iter 13200 Summary: 
[2024-12-25 05:36:52,264] INFO: 	 lr: 0.00030000000000000073 	 Training loss: 0.10030216224491596
[2024-12-25 05:37:01,688] INFO: Iter 13300 Summary: 
[2024-12-25 05:37:01,688] INFO: 	 lr: 0.00030000000000000073 	 Training loss: 0.09988989934325218
[2024-12-25 05:37:08,929] INFO: Iter 13400 Summary: 
[2024-12-25 05:37:08,929] INFO: 	 lr: 0.00030000000000000073 	 Training loss: 0.09987613908946515
[2024-12-25 05:37:19,881] INFO: Iter 13500 Summary: 
[2024-12-25 05:37:19,881] INFO: 	 lr: 0.00030000000000000073 	 Training loss: 0.09970575593411922
[2024-12-25 05:37:27,407] INFO: Iter 13600 Summary: 
[2024-12-25 05:37:27,407] INFO: 	 lr: 0.00030000000000000073 	 Training loss: 0.09977893233299255
[2024-12-25 05:37:37,646] INFO: Iter 13700 Summary: 
[2024-12-25 05:37:37,646] INFO: 	 lr: 0.00030000000000000073 	 Training loss: 0.09966724663972855
[2024-12-25 05:37:46,835] INFO: Iter 13800 Summary: 
[2024-12-25 05:37:46,836] INFO: 	 lr: 0.00030000000000000073 	 Training loss: 0.09960890874266624
[2024-12-25 05:37:55,166] INFO: Iter 13900 Summary: 
[2024-12-25 05:37:55,166] INFO: 	 lr: 0.00030000000000000073 	 Training loss: 0.09898179769515991
[2024-12-25 05:38:05,455] INFO: Iter 14000 Summary: 
[2024-12-25 05:38:05,455] INFO: 	 lr: 0.00030000000000000073 	 Training loss: 0.0989880109578371
[2024-12-25 05:38:14,018] INFO: Iter 14100 Summary: 
[2024-12-25 05:38:14,018] INFO: 	 lr: 0.00030000000000000073 	 Training loss: 0.09875096052885056
[2024-12-25 05:38:24,274] INFO: Iter 14200 Summary: 
[2024-12-25 05:38:24,275] INFO: 	 lr: 0.00030000000000000073 	 Training loss: 0.0986893729120493
[2024-12-25 05:38:33,596] INFO: Iter 14300 Summary: 
[2024-12-25 05:38:33,596] INFO: 	 lr: 0.00030000000000000073 	 Training loss: 0.09880097828805447
[2024-12-25 05:38:41,734] INFO: Iter 14400 Summary: 
[2024-12-25 05:38:41,734] INFO: 	 lr: 0.00030000000000000073 	 Training loss: 0.09866402104496956
[2024-12-25 05:38:52,042] INFO: Iter 14500 Summary: 
[2024-12-25 05:38:52,042] INFO: 	 lr: 0.00030000000000000073 	 Training loss: 0.0984943425655365
[2024-12-25 05:38:59,336] INFO: Iter 14600 Summary: 
[2024-12-25 05:38:59,336] INFO: 	 lr: 0.00030000000000000073 	 Training loss: 0.09848319634795188
[2024-12-25 05:39:09,446] INFO: Iter 14700 Summary: 
[2024-12-25 05:39:09,446] INFO: 	 lr: 0.00030000000000000073 	 Training loss: 0.0981227307766676
[2024-12-25 05:39:19,298] INFO: Iter 14800 Summary: 
[2024-12-25 05:39:19,298] INFO: 	 lr: 0.00030000000000000073 	 Training loss: 0.0980681911110878
[2024-12-25 05:39:26,893] INFO: Iter 14900 Summary: 
[2024-12-25 05:39:26,893] INFO: 	 lr: 0.00030000000000000073 	 Training loss: 0.0982607202231884
[2024-12-25 05:39:37,305] INFO: Iter 15000 Summary: 
[2024-12-25 05:39:37,306] INFO: 	 lr: 0.00030000000000000073 	 Training loss: 0.0979375933855772
[2024-12-25 05:39:44,525] INFO: Iter 15100 Summary: 
[2024-12-25 05:39:44,525] INFO: 	 lr: 0.00030000000000000073 	 Training loss: 0.09798234596848487
[2024-12-25 05:39:54,632] INFO: Iter 15200 Summary: 
[2024-12-25 05:39:54,633] INFO: 	 lr: 0.00030000000000000073 	 Training loss: 0.0973665964603424
[2024-12-25 05:40:04,615] INFO: Iter 15300 Summary: 
[2024-12-25 05:40:04,616] INFO: 	 lr: 0.00030000000000000073 	 Training loss: 0.09777653858065605
[2024-12-25 05:40:12,133] INFO: Iter 15400 Summary: 
[2024-12-25 05:40:12,133] INFO: 	 lr: 0.00030000000000000073 	 Training loss: 0.0971786217391491
[2024-12-25 05:40:22,241] INFO: Iter 15500 Summary: 
[2024-12-25 05:40:22,242] INFO: 	 lr: 0.00030000000000000073 	 Training loss: 0.09740605160593986
[2024-12-25 05:40:29,549] INFO: Iter 15600 Summary: 
[2024-12-25 05:40:29,549] INFO: 	 lr: 0.00030000000000000073 	 Training loss: 0.09746874652802945
[2024-12-25 05:40:39,813] INFO: Iter 15700 Summary: 
[2024-12-25 05:40:39,813] INFO: 	 lr: 0.00030000000000000073 	 Training loss: 0.09729209743440151
[2024-12-25 05:40:49,835] INFO: Iter 15800 Summary: 
[2024-12-25 05:40:49,835] INFO: 	 lr: 0.00030000000000000073 	 Training loss: 0.09693779841065407
[2024-12-25 05:40:57,231] INFO: Iter 15900 Summary: 
[2024-12-25 05:40:57,231] INFO: 	 lr: 0.00030000000000000073 	 Training loss: 0.09698918275535107
[2024-12-25 05:41:07,526] INFO: Iter 16000 Summary: 
[2024-12-25 05:41:07,526] INFO: 	 lr: 0.00030000000000000073 	 Training loss: 0.09679891087114811
[2024-12-25 05:41:16,237] INFO: Iter 16100 Summary: 
[2024-12-25 05:41:16,237] INFO: 	 lr: 0.00030000000000000073 	 Training loss: 0.09671440362930298
[2024-12-25 05:41:26,489] INFO: Iter 16200 Summary: 
[2024-12-25 05:41:26,489] INFO: 	 lr: 0.00030000000000000073 	 Training loss: 0.0966348733752966
[2024-12-25 05:41:36,609] INFO: Iter 16300 Summary: 
[2024-12-25 05:41:36,610] INFO: 	 lr: 0.00030000000000000073 	 Training loss: 0.09640037879347801
[2024-12-25 05:41:43,923] INFO: Iter 16400 Summary: 
[2024-12-25 05:41:43,923] INFO: 	 lr: 0.00030000000000000073 	 Training loss: 0.09657937556505203
[2024-12-25 05:41:53,993] INFO: Iter 16500 Summary: 
[2024-12-25 05:41:53,994] INFO: 	 lr: 0.00030000000000000073 	 Training loss: 0.09647197544574737
[2024-12-25 05:42:01,296] INFO: Iter 16600 Summary: 
[2024-12-25 05:42:01,296] INFO: 	 lr: 0.00030000000000000073 	 Training loss: 0.09639995656907559
[2024-12-25 05:42:11,576] INFO: Iter 16700 Summary: 
[2024-12-25 05:42:11,577] INFO: 	 lr: 0.00030000000000000073 	 Training loss: 0.09608758144080638
[2024-12-25 05:42:21,646] INFO: Iter 16800 Summary: 
[2024-12-25 05:42:21,646] INFO: 	 lr: 0.00030000000000000073 	 Training loss: 0.09646670259535313
[2024-12-25 05:42:28,969] INFO: Iter 16900 Summary: 
[2024-12-25 05:42:28,969] INFO: 	 lr: 0.00030000000000000073 	 Training loss: 0.0961515211313963
[2024-12-25 05:42:39,177] INFO: Iter 17000 Summary: 
[2024-12-25 05:42:39,178] INFO: 	 lr: 0.00030000000000000073 	 Training loss: 0.09593128331005574
[2024-12-25 05:42:48,275] INFO: Iter 17100 Summary: 
[2024-12-25 05:42:48,276] INFO: 	 lr: 0.00030000000000000073 	 Training loss: 0.09577450849115848
[2024-12-25 05:42:56,639] INFO: Iter 17200 Summary: 
[2024-12-25 05:42:56,640] INFO: 	 lr: 0.00030000000000000073 	 Training loss: 0.09615051262080669
[2024-12-25 05:43:06,204] INFO: Iter 17300 Summary: 
[2024-12-25 05:43:06,204] INFO: 	 lr: 0.00030000000000000073 	 Training loss: 0.09571607068181037
[2024-12-25 05:43:13,532] INFO: Iter 17400 Summary: 
[2024-12-25 05:43:13,532] INFO: 	 lr: 0.00030000000000000073 	 Training loss: 0.09563585244119167
[2024-12-25 05:43:22,707] INFO: Iter 17500 Summary: 
[2024-12-25 05:43:22,707] INFO: 	 lr: 0.00030000000000000073 	 Training loss: 0.09548882819712162
[2024-12-25 05:43:31,824] INFO: Iter 17600 Summary: 
[2024-12-25 05:43:31,824] INFO: 	 lr: 0.00030000000000000073 	 Training loss: 0.09572029739618301
[2024-12-25 05:43:39,457] INFO: Iter 17700 Summary: 
[2024-12-25 05:43:39,457] INFO: 	 lr: 0.00030000000000000073 	 Training loss: 0.09520369075238705
[2024-12-25 05:43:48,791] INFO: Iter 17800 Summary: 
[2024-12-25 05:43:48,791] INFO: 	 lr: 0.00030000000000000073 	 Training loss: 0.09545662142336368
[2024-12-25 05:43:56,226] INFO: Iter 17900 Summary: 
[2024-12-25 05:43:56,226] INFO: 	 lr: 0.00030000000000000073 	 Training loss: 0.09548886388540268
[2024-12-25 05:44:05,600] INFO: Iter 18000 Summary: 
[2024-12-25 05:44:05,601] INFO: 	 lr: 0.00030000000000000073 	 Training loss: 0.09544466726481915
[2024-12-25 05:44:16,171] INFO: Iter 18100 Summary: 
[2024-12-25 05:44:16,171] INFO: 	 lr: 0.00030000000000000073 	 Training loss: 0.09527637712657451
[2024-12-25 05:44:23,629] INFO: Iter 18200 Summary: 
[2024-12-25 05:44:23,630] INFO: 	 lr: 0.00030000000000000073 	 Training loss: 0.09504125520586967
[2024-12-25 05:44:33,015] INFO: Iter 18300 Summary: 
[2024-12-25 05:44:33,015] INFO: 	 lr: 0.00030000000000000073 	 Training loss: 0.09544899240136147
[2024-12-25 05:44:40,411] INFO: Iter 18400 Summary: 
[2024-12-25 05:44:40,411] INFO: 	 lr: 0.00030000000000000073 	 Training loss: 0.09483701713383198
[2024-12-25 05:44:49,732] INFO: Iter 18500 Summary: 
[2024-12-25 05:44:49,732] INFO: 	 lr: 0.00030000000000000073 	 Training loss: 0.09498921938240529
[2024-12-25 05:44:59,449] INFO: Iter 18600 Summary: 
[2024-12-25 05:44:59,450] INFO: 	 lr: 0.00030000000000000073 	 Training loss: 0.09461702175438404
[2024-12-25 05:45:06,780] INFO: Iter 18700 Summary: 
[2024-12-25 05:45:06,780] INFO: 	 lr: 0.00030000000000000073 	 Training loss: 0.09497755490243436
[2024-12-25 05:45:16,265] INFO: Iter 18800 Summary: 
[2024-12-25 05:45:16,265] INFO: 	 lr: 0.00030000000000000073 	 Training loss: 0.09470086313784122
[2024-12-25 05:45:23,601] INFO: Iter 18900 Summary: 
[2024-12-25 05:45:23,601] INFO: 	 lr: 0.00030000000000000073 	 Training loss: 0.09480654068291187
[2024-12-25 05:45:32,719] INFO: Iter 19000 Summary: 
[2024-12-25 05:45:32,719] INFO: 	 lr: 0.00030000000000000073 	 Training loss: 0.0947707510739565
[2024-12-25 05:45:42,227] INFO: Iter 19100 Summary: 
[2024-12-25 05:45:42,227] INFO: 	 lr: 0.00030000000000000073 	 Training loss: 0.09489724926650524
[2024-12-25 05:45:49,586] INFO: Iter 19200 Summary: 
[2024-12-25 05:45:49,587] INFO: 	 lr: 0.00030000000000000073 	 Training loss: 0.09453688934445381
[2024-12-25 05:45:58,981] INFO: Iter 19300 Summary: 
[2024-12-25 05:45:58,982] INFO: 	 lr: 0.00030000000000000073 	 Training loss: 0.09448064140975475
[2024-12-25 05:46:06,389] INFO: Iter 19400 Summary: 
[2024-12-25 05:46:06,390] INFO: 	 lr: 0.00030000000000000073 	 Training loss: 0.09450138419866562
[2024-12-25 05:46:15,823] INFO: Iter 19500 Summary: 
[2024-12-25 05:46:15,823] INFO: 	 lr: 0.00030000000000000073 	 Training loss: 0.09435978405177593
[2024-12-25 05:46:25,464] INFO: Iter 19600 Summary: 
[2024-12-25 05:46:25,464] INFO: 	 lr: 0.00030000000000000073 	 Training loss: 0.09429159998893738
[2024-12-25 05:46:33,070] INFO: Iter 19700 Summary: 
[2024-12-25 05:46:33,070] INFO: 	 lr: 0.00030000000000000073 	 Training loss: 0.09413279868662357
[2024-12-25 05:46:42,410] INFO: Iter 19800 Summary: 
[2024-12-25 05:46:42,411] INFO: 	 lr: 0.00030000000000000073 	 Training loss: 0.0943225284665823
[2024-12-25 05:46:49,903] INFO: Iter 19900 Summary: 
[2024-12-25 05:46:49,903] INFO: 	 lr: 0.00030000000000000073 	 Training loss: 0.09405244328081608
[2024-12-25 05:46:59,085] INFO: Iter 20000 Summary: 
[2024-12-25 05:46:59,085] INFO: 	 lr: 0.00030000000000000073 	 Training loss: 0.09443695276975632
[2024-12-25 05:47:09,781] INFO: Iter 20100 Summary: 
[2024-12-25 05:47:09,781] INFO: 	 lr: 0.00030000000000000073 	 Training loss: 0.09405497901141643
[2024-12-25 05:47:17,291] INFO: Iter 20200 Summary: 
[2024-12-25 05:47:17,291] INFO: 	 lr: 0.00030000000000000073 	 Training loss: 0.09381093509495259
[2024-12-25 05:47:26,866] INFO: Iter 20300 Summary: 
[2024-12-25 05:47:26,866] INFO: 	 lr: 0.00030000000000000073 	 Training loss: 0.09391591012477875
[2024-12-25 05:47:34,192] INFO: Iter 20400 Summary: 
[2024-12-25 05:47:34,192] INFO: 	 lr: 0.00030000000000000073 	 Training loss: 0.09365742407739162
[2024-12-25 05:47:43,465] INFO: Iter 20500 Summary: 
[2024-12-25 05:47:43,465] INFO: 	 lr: 0.00030000000000000073 	 Training loss: 0.09369471564888954
[2024-12-25 05:47:52,545] INFO: Iter 20600 Summary: 
[2024-12-25 05:47:52,545] INFO: 	 lr: 0.00030000000000000073 	 Training loss: 0.09388919711112977
[2024-12-25 05:48:00,007] INFO: Iter 20700 Summary: 
[2024-12-25 05:48:00,007] INFO: 	 lr: 0.00030000000000000073 	 Training loss: 0.09385664716362953
[2024-12-25 05:48:09,397] INFO: Iter 20800 Summary: 
[2024-12-25 05:48:09,398] INFO: 	 lr: 0.00030000000000000073 	 Training loss: 0.09355762846767902
[2024-12-25 05:48:16,807] INFO: Iter 20900 Summary: 
[2024-12-25 05:48:16,808] INFO: 	 lr: 0.00030000000000000073 	 Training loss: 0.0936366155743599
[2024-12-25 05:48:26,329] INFO: Iter 21000 Summary: 
[2024-12-25 05:48:26,330] INFO: 	 lr: 0.00030000000000000073 	 Training loss: 0.09389855727553367
[2024-12-25 05:48:35,600] INFO: Iter 21100 Summary: 
[2024-12-25 05:48:35,600] INFO: 	 lr: 0.00030000000000000073 	 Training loss: 0.09385039530694485
[2024-12-25 05:48:43,073] INFO: Iter 21200 Summary: 
[2024-12-25 05:48:43,073] INFO: 	 lr: 0.00030000000000000073 	 Training loss: 0.09370443135499955
[2024-12-25 05:48:52,305] INFO: Iter 21300 Summary: 
[2024-12-25 05:48:52,305] INFO: 	 lr: 0.00030000000000000073 	 Training loss: 0.09327365435659886
[2024-12-25 05:48:59,754] INFO: Iter 21400 Summary: 
[2024-12-25 05:48:59,754] INFO: 	 lr: 0.00030000000000000073 	 Training loss: 0.0935509218275547
[2024-12-25 05:49:08,976] INFO: Iter 21500 Summary: 
[2024-12-25 05:49:08,977] INFO: 	 lr: 0.00030000000000000073 	 Training loss: 0.09335709393024444
[2024-12-25 05:49:18,333] INFO: Iter 21600 Summary: 
[2024-12-25 05:49:18,333] INFO: 	 lr: 0.00030000000000000073 	 Training loss: 0.09337177723646164
[2024-12-25 05:49:25,762] INFO: Iter 21700 Summary: 
[2024-12-25 05:49:25,763] INFO: 	 lr: 0.00030000000000000073 	 Training loss: 0.09361745782196522
[2024-12-25 05:49:35,077] INFO: Iter 21800 Summary: 
[2024-12-25 05:49:35,077] INFO: 	 lr: 0.00030000000000000073 	 Training loss: 0.09299592927098274
[2024-12-25 05:49:42,496] INFO: Iter 21900 Summary: 
[2024-12-25 05:49:42,496] INFO: 	 lr: 0.00030000000000000073 	 Training loss: 0.09334824070334434
[2024-12-25 05:49:51,856] INFO: Iter 22000 Summary: 
[2024-12-25 05:49:51,856] INFO: 	 lr: 0.00030000000000000073 	 Training loss: 0.09304130993783474
[2024-12-25 05:50:02,731] INFO: Iter 22100 Summary: 
[2024-12-25 05:50:02,732] INFO: 	 lr: 0.00030000000000000073 	 Training loss: 0.09323197871446609
[2024-12-25 05:50:10,164] INFO: Iter 22200 Summary: 
[2024-12-25 05:50:10,164] INFO: 	 lr: 0.00030000000000000073 	 Training loss: 0.09293167099356651
[2024-12-25 05:50:19,522] INFO: Iter 22300 Summary: 
[2024-12-25 05:50:19,522] INFO: 	 lr: 0.00030000000000000073 	 Training loss: 0.09323158994317055
[2024-12-25 05:50:26,867] INFO: Iter 22400 Summary: 
[2024-12-25 05:50:26,867] INFO: 	 lr: 0.00030000000000000073 	 Training loss: 0.09268385678529739
[2024-12-25 05:50:36,236] INFO: Iter 22500 Summary: 
[2024-12-25 05:50:36,237] INFO: 	 lr: 0.00030000000000000073 	 Training loss: 0.09289875641465187
[2024-12-25 05:50:45,504] INFO: Iter 22600 Summary: 
[2024-12-25 05:50:45,504] INFO: 	 lr: 0.00030000000000000073 	 Training loss: 0.09309177115559578
[2024-12-25 05:50:52,865] INFO: Iter 22700 Summary: 
[2024-12-25 05:50:52,865] INFO: 	 lr: 0.00030000000000000073 	 Training loss: 0.09296340435743332
[2024-12-25 05:51:02,310] INFO: Iter 22800 Summary: 
[2024-12-25 05:51:02,310] INFO: 	 lr: 0.00030000000000000073 	 Training loss: 0.09260643936693669
[2024-12-25 05:51:09,635] INFO: Iter 22900 Summary: 
[2024-12-25 05:51:09,635] INFO: 	 lr: 0.00030000000000000073 	 Training loss: 0.09301523260772228
[2024-12-25 05:51:18,978] INFO: Iter 23000 Summary: 
[2024-12-25 05:51:18,978] INFO: 	 lr: 0.00030000000000000073 	 Training loss: 0.09270264998078347
[2024-12-25 05:51:28,233] INFO: Iter 23100 Summary: 
[2024-12-25 05:51:28,233] INFO: 	 lr: 0.00030000000000000073 	 Training loss: 0.09275450564920902
[2024-12-25 05:51:35,562] INFO: Iter 23200 Summary: 
[2024-12-25 05:51:35,563] INFO: 	 lr: 0.00030000000000000073 	 Training loss: 0.09278460413217544
[2024-12-25 05:51:44,994] INFO: Iter 23300 Summary: 
[2024-12-25 05:51:44,995] INFO: 	 lr: 0.00030000000000000073 	 Training loss: 0.09269326947629451
[2024-12-25 05:51:52,311] INFO: Iter 23400 Summary: 
[2024-12-25 05:51:52,311] INFO: 	 lr: 0.00030000000000000073 	 Training loss: 0.09269357249140739
[2024-12-25 05:52:01,864] INFO: Iter 23500 Summary: 
[2024-12-25 05:52:01,864] INFO: 	 lr: 0.00030000000000000073 	 Training loss: 0.0922323939204216
[2024-12-25 05:52:11,192] INFO: Iter 23600 Summary: 
[2024-12-25 05:52:11,192] INFO: 	 lr: 0.00030000000000000073 	 Training loss: 0.09256477683782577
[2024-12-25 05:52:18,725] INFO: Iter 23700 Summary: 
[2024-12-25 05:52:18,725] INFO: 	 lr: 0.00030000000000000073 	 Training loss: 0.09237070098519325
[2024-12-25 05:52:28,057] INFO: Iter 23800 Summary: 
[2024-12-25 05:52:28,058] INFO: 	 lr: 0.00030000000000000073 	 Training loss: 0.09250408478081226
[2024-12-25 05:52:35,489] INFO: Iter 23900 Summary: 
[2024-12-25 05:52:35,489] INFO: 	 lr: 0.00030000000000000073 	 Training loss: 0.09243431068956852
[2024-12-25 05:52:44,684] INFO: Iter 24000 Summary: 
[2024-12-25 05:52:44,684] INFO: 	 lr: 0.00030000000000000073 	 Training loss: 0.0921952722221613
[2024-12-25 05:52:55,706] INFO: Iter 24100 Summary: 
[2024-12-25 05:52:55,706] INFO: 	 lr: 0.00030000000000000073 	 Training loss: 0.09269422702491284
[2024-12-25 05:53:02,959] INFO: Iter 24200 Summary: 
[2024-12-25 05:53:02,960] INFO: 	 lr: 0.00030000000000000073 	 Training loss: 0.09221828788518906
[2024-12-25 05:53:12,241] INFO: Iter 24300 Summary: 
[2024-12-25 05:53:12,242] INFO: 	 lr: 0.00030000000000000073 	 Training loss: 0.09228532798588276
[2024-12-25 05:53:19,557] INFO: Iter 24400 Summary: 
[2024-12-25 05:53:19,557] INFO: 	 lr: 0.00030000000000000073 	 Training loss: 0.09254672482609749
[2024-12-25 05:53:29,009] INFO: Iter 24500 Summary: 
[2024-12-25 05:53:29,010] INFO: 	 lr: 0.00030000000000000073 	 Training loss: 0.09213453069329262
[2024-12-25 05:53:38,505] INFO: Iter 24600 Summary: 
[2024-12-25 05:53:38,505] INFO: 	 lr: 0.00030000000000000073 	 Training loss: 0.09232332482933998
[2024-12-25 05:53:45,845] INFO: Iter 24700 Summary: 
[2024-12-25 05:53:45,846] INFO: 	 lr: 0.00030000000000000073 	 Training loss: 0.09216625608503819
[2024-12-25 05:53:55,151] INFO: Iter 24800 Summary: 
[2024-12-25 05:53:55,152] INFO: 	 lr: 0.00030000000000000073 	 Training loss: 0.09219914667308331
[2024-12-25 05:54:02,549] INFO: Iter 24900 Summary: 
[2024-12-25 05:54:02,550] INFO: 	 lr: 0.00030000000000000073 	 Training loss: 0.09240158461034298
[2024-12-25 05:54:11,896] INFO: Iter 25000 Summary: 
[2024-12-25 05:54:11,896] INFO: 	 lr: 0.00030000000000000073 	 Training loss: 0.0918280068039894
[2024-12-25 05:54:21,183] INFO: Iter 25100 Summary: 
[2024-12-25 05:54:21,183] INFO: 	 lr: 0.00030000000000000073 	 Training loss: 0.0921858535706997
[2024-12-25 05:54:28,516] INFO: Iter 25200 Summary: 
[2024-12-25 05:54:28,516] INFO: 	 lr: 0.00030000000000000073 	 Training loss: 0.09202813170850277
[2024-12-25 05:54:37,862] INFO: Iter 25300 Summary: 
[2024-12-25 05:54:37,862] INFO: 	 lr: 0.00030000000000000073 	 Training loss: 0.09199535988271236
[2024-12-25 05:54:46,487] INFO: Iter 25400 Summary: 
[2024-12-25 05:54:46,487] INFO: 	 lr: 0.00030000000000000073 	 Training loss: 0.09201931893825531
[2024-12-25 05:54:54,582] INFO: Iter 25500 Summary: 
[2024-12-25 05:54:54,582] INFO: 	 lr: 0.00030000000000000073 	 Training loss: 0.09195332825183869
[2024-12-25 05:55:03,855] INFO: Iter 25600 Summary: 
[2024-12-25 05:55:03,856] INFO: 	 lr: 0.00030000000000000073 	 Training loss: 0.09199261248111724
[2024-12-25 05:55:11,276] INFO: Iter 25700 Summary: 
[2024-12-25 05:55:11,276] INFO: 	 lr: 0.00030000000000000073 	 Training loss: 0.09185351133346557
[2024-12-25 05:55:20,634] INFO: Iter 25800 Summary: 
[2024-12-25 05:55:20,634] INFO: 	 lr: 0.00030000000000000073 	 Training loss: 0.09216227605938912
[2024-12-25 05:55:29,913] INFO: Iter 25900 Summary: 
[2024-12-25 05:55:29,914] INFO: 	 lr: 0.00030000000000000073 	 Training loss: 0.09193475432693958
[2024-12-25 05:55:37,384] INFO: Iter 26000 Summary: 
[2024-12-25 05:55:37,384] INFO: 	 lr: 0.00030000000000000073 	 Training loss: 0.09187140233814717
[2024-12-25 05:55:48,572] INFO: Iter 26100 Summary: 
[2024-12-25 05:55:48,572] INFO: 	 lr: 0.00030000000000000073 	 Training loss: 0.09177170097827911
[2024-12-25 05:55:55,981] INFO: Iter 26200 Summary: 
[2024-12-25 05:55:55,982] INFO: 	 lr: 0.00030000000000000073 	 Training loss: 0.0918877936899662
[2024-12-25 05:56:05,381] INFO: Iter 26300 Summary: 
[2024-12-25 05:56:05,382] INFO: 	 lr: 0.00030000000000000073 	 Training loss: 0.09172373794019223
[2024-12-25 05:56:14,482] INFO: Iter 26400 Summary: 
[2024-12-25 05:56:14,483] INFO: 	 lr: 0.00030000000000000073 	 Training loss: 0.09169213704764843
[2024-12-25 05:56:21,973] INFO: Iter 26500 Summary: 
[2024-12-25 05:56:21,973] INFO: 	 lr: 0.00030000000000000073 	 Training loss: 0.09170758791267872
[2024-12-25 05:56:31,445] INFO: Iter 26600 Summary: 
[2024-12-25 05:56:31,445] INFO: 	 lr: 0.00030000000000000073 	 Training loss: 0.09147697754204273
[2024-12-25 05:56:38,918] INFO: Iter 26700 Summary: 
[2024-12-25 05:56:38,918] INFO: 	 lr: 0.00030000000000000073 	 Training loss: 0.09163192369043827
[2024-12-25 05:56:48,159] INFO: Iter 26800 Summary: 
[2024-12-25 05:56:48,159] INFO: 	 lr: 0.00030000000000000073 	 Training loss: 0.0919092458486557
[2024-12-25 05:56:57,669] INFO: Iter 26900 Summary: 
[2024-12-25 05:56:57,669] INFO: 	 lr: 0.00030000000000000073 	 Training loss: 0.09176243618130683
[2024-12-25 05:57:05,055] INFO: Iter 27000 Summary: 
[2024-12-25 05:57:05,055] INFO: 	 lr: 0.00030000000000000073 	 Training loss: 0.09129706107079982
[2024-12-25 05:57:14,235] INFO: Iter 27100 Summary: 
[2024-12-25 05:57:14,235] INFO: 	 lr: 0.00030000000000000073 	 Training loss: 0.09151157513260841
[2024-12-25 05:57:21,642] INFO: Iter 27200 Summary: 
[2024-12-25 05:57:21,642] INFO: 	 lr: 0.00030000000000000073 	 Training loss: 0.09146814405918122
[2024-12-25 05:57:30,747] INFO: Iter 27300 Summary: 
[2024-12-25 05:57:30,747] INFO: 	 lr: 0.00030000000000000073 	 Training loss: 0.09156265698373317
[2024-12-25 05:57:40,271] INFO: Iter 27400 Summary: 
[2024-12-25 05:57:40,272] INFO: 	 lr: 0.00030000000000000073 	 Training loss: 0.09144276775419712
[2024-12-25 05:57:47,657] INFO: Iter 27500 Summary: 
[2024-12-25 05:57:47,657] INFO: 	 lr: 0.00030000000000000073 	 Training loss: 0.09141108222305774
[2024-12-25 05:57:57,013] INFO: Iter 27600 Summary: 
[2024-12-25 05:57:57,014] INFO: 	 lr: 0.00030000000000000073 	 Training loss: 0.09140716083347797
[2024-12-25 05:58:04,400] INFO: Iter 27700 Summary: 
[2024-12-25 05:58:04,400] INFO: 	 lr: 0.00030000000000000073 	 Training loss: 0.09134497165679932
[2024-12-25 05:58:13,854] INFO: Iter 27800 Summary: 
[2024-12-25 05:58:13,855] INFO: 	 lr: 0.00030000000000000073 	 Training loss: 0.09131265282630921
[2024-12-25 05:58:23,171] INFO: Iter 27900 Summary: 
[2024-12-25 05:58:23,172] INFO: 	 lr: 0.00030000000000000073 	 Training loss: 0.09132296152412891
[2024-12-25 05:58:30,819] INFO: Iter 28000 Summary: 
[2024-12-25 05:58:30,820] INFO: 	 lr: 0.00030000000000000073 	 Training loss: 0.09147371791303158
[2024-12-25 05:58:42,375] INFO: Iter 28100 Summary: 
[2024-12-25 05:58:42,376] INFO: 	 lr: 0.00030000000000000073 	 Training loss: 0.0911857820302248
[2024-12-25 05:58:50,026] INFO: Iter 28200 Summary: 
[2024-12-25 05:58:50,026] INFO: 	 lr: 0.00030000000000000073 	 Training loss: 0.09144665494561195
[2024-12-25 05:58:59,330] INFO: Iter 28300 Summary: 
[2024-12-25 05:58:59,331] INFO: 	 lr: 0.00030000000000000073 	 Training loss: 0.0910769272595644
[2024-12-25 05:59:08,636] INFO: Iter 28400 Summary: 
[2024-12-25 05:59:08,637] INFO: 	 lr: 0.00030000000000000073 	 Training loss: 0.09113471999764443
[2024-12-25 05:59:16,025] INFO: Iter 28500 Summary: 
[2024-12-25 05:59:16,025] INFO: 	 lr: 0.00030000000000000073 	 Training loss: 0.09087170034646988
[2024-12-25 05:59:25,554] INFO: Iter 28600 Summary: 
[2024-12-25 05:59:25,555] INFO: 	 lr: 0.00030000000000000073 	 Training loss: 0.09124260172247886
[2024-12-25 05:59:32,821] INFO: Iter 28700 Summary: 
[2024-12-25 05:59:32,821] INFO: 	 lr: 0.00030000000000000073 	 Training loss: 0.09104689694941044
[2024-12-25 05:59:42,236] INFO: Iter 28800 Summary: 
[2024-12-25 05:59:42,237] INFO: 	 lr: 0.00030000000000000073 	 Training loss: 0.09118340611457824
[2024-12-25 05:59:51,543] INFO: Iter 28900 Summary: 
[2024-12-25 05:59:51,543] INFO: 	 lr: 0.00030000000000000073 	 Training loss: 0.09113948792219162
[2024-12-25 05:59:58,998] INFO: Iter 29000 Summary: 
[2024-12-25 05:59:58,999] INFO: 	 lr: 0.00030000000000000073 	 Training loss: 0.09079557590186596
[2024-12-25 06:00:08,382] INFO: Iter 29100 Summary: 
[2024-12-25 06:00:08,382] INFO: 	 lr: 0.00030000000000000073 	 Training loss: 0.09125270672142506
[2024-12-25 06:00:15,786] INFO: Iter 29200 Summary: 
[2024-12-25 06:00:15,786] INFO: 	 lr: 0.00030000000000000073 	 Training loss: 0.09105624184012413
[2024-12-25 06:00:25,125] INFO: Iter 29300 Summary: 
[2024-12-25 06:00:25,126] INFO: 	 lr: 0.00030000000000000073 	 Training loss: 0.09089258037507535
[2024-12-25 06:00:34,401] INFO: Iter 29400 Summary: 
[2024-12-25 06:00:34,402] INFO: 	 lr: 0.00030000000000000073 	 Training loss: 0.09062559224665165
[2024-12-25 06:00:41,765] INFO: Iter 29500 Summary: 
[2024-12-25 06:00:41,765] INFO: 	 lr: 0.00030000000000000073 	 Training loss: 0.0910623648017645
[2024-12-25 06:00:51,045] INFO: Iter 29600 Summary: 
[2024-12-25 06:00:51,045] INFO: 	 lr: 0.00030000000000000073 	 Training loss: 0.09096209779381752
[2024-12-25 06:00:58,445] INFO: Iter 29700 Summary: 
[2024-12-25 06:00:58,445] INFO: 	 lr: 0.00030000000000000073 	 Training loss: 0.09090388119220734
[2024-12-25 06:01:07,844] INFO: Iter 29800 Summary: 
[2024-12-25 06:01:07,845] INFO: 	 lr: 0.00030000000000000073 	 Training loss: 0.0907136471569538
[2024-12-25 06:01:17,254] INFO: Iter 29900 Summary: 
[2024-12-25 06:01:17,254] INFO: 	 lr: 0.00030000000000000073 	 Training loss: 0.09089730352163315
[2024-12-25 06:01:24,690] INFO: Iter 30000 Summary: 
[2024-12-25 06:01:24,690] INFO: 	 lr: 0.00030000000000000073 	 Training loss: 0.09057454779744148
[2024-12-25 06:01:35,981] INFO: Iter 30100 Summary: 
[2024-12-25 06:01:35,981] INFO: 	 lr: 1.2900000000000026e-05 	 Training loss: 0.08862703271210194
[2024-12-25 06:01:43,358] INFO: Iter 30200 Summary: 
[2024-12-25 06:01:43,359] INFO: 	 lr: 1.000000000000002e-05 	 Training loss: 0.08798398897051811
[2024-12-25 06:01:52,588] INFO: Iter 30300 Summary: 
[2024-12-25 06:01:52,588] INFO: 	 lr: 1.000000000000002e-05 	 Training loss: 0.08762630872428417
[2024-12-25 06:02:01,794] INFO: Iter 30400 Summary: 
[2024-12-25 06:02:01,794] INFO: 	 lr: 1.000000000000002e-05 	 Training loss: 0.08752804093062877
[2024-12-25 06:02:09,287] INFO: Iter 30500 Summary: 
[2024-12-25 06:02:09,287] INFO: 	 lr: 1.000000000000002e-05 	 Training loss: 0.0874399234354496
[2024-12-25 06:02:18,672] INFO: Iter 30600 Summary: 
[2024-12-25 06:02:18,672] INFO: 	 lr: 1.000000000000002e-05 	 Training loss: 0.08730094656348228
[2024-12-25 06:02:26,008] INFO: Iter 30700 Summary: 
[2024-12-25 06:02:26,009] INFO: 	 lr: 1.000000000000002e-05 	 Training loss: 0.08731933578848838
[2024-12-25 06:02:35,477] INFO: Iter 30800 Summary: 
[2024-12-25 06:02:35,478] INFO: 	 lr: 1.000000000000002e-05 	 Training loss: 0.08739729858934879
[2024-12-25 06:02:44,691] INFO: Iter 30900 Summary: 
[2024-12-25 06:02:44,691] INFO: 	 lr: 1.000000000000002e-05 	 Training loss: 0.08719869092106819
[2024-12-25 06:02:52,062] INFO: Iter 31000 Summary: 
[2024-12-25 06:02:52,062] INFO: 	 lr: 1.000000000000002e-05 	 Training loss: 0.08722950123250485
[2024-12-25 06:03:01,539] INFO: Iter 31100 Summary: 
[2024-12-25 06:03:01,540] INFO: 	 lr: 1.000000000000002e-05 	 Training loss: 0.0870386739820242
[2024-12-25 06:03:08,999] INFO: Iter 31200 Summary: 
[2024-12-25 06:03:08,999] INFO: 	 lr: 1.000000000000002e-05 	 Training loss: 0.08716106593608856
[2024-12-25 06:03:18,363] INFO: Iter 31300 Summary: 
[2024-12-25 06:03:18,364] INFO: 	 lr: 1.000000000000002e-05 	 Training loss: 0.08711406007409096
[2024-12-25 06:03:27,454] INFO: Iter 31400 Summary: 
[2024-12-25 06:03:27,455] INFO: 	 lr: 1.000000000000002e-05 	 Training loss: 0.08708297610282897
[2024-12-25 06:03:34,910] INFO: Iter 31500 Summary: 
[2024-12-25 06:03:34,910] INFO: 	 lr: 1.000000000000002e-05 	 Training loss: 0.08702761732041836
[2024-12-25 06:03:44,257] INFO: Iter 31600 Summary: 
[2024-12-25 06:03:44,257] INFO: 	 lr: 1.000000000000002e-05 	 Training loss: 0.08717960514128208
[2024-12-25 06:03:51,567] INFO: Iter 31700 Summary: 
[2024-12-25 06:03:51,567] INFO: 	 lr: 1.000000000000002e-05 	 Training loss: 0.08703487567603588
[2024-12-25 06:04:00,704] INFO: Iter 31800 Summary: 
[2024-12-25 06:04:00,704] INFO: 	 lr: 1.000000000000002e-05 	 Training loss: 0.08706300400197506
[2024-12-25 06:04:10,181] INFO: Iter 31900 Summary: 
[2024-12-25 06:04:10,182] INFO: 	 lr: 1.000000000000002e-05 	 Training loss: 0.08690366983413696
[2024-12-25 06:04:17,611] INFO: Iter 32000 Summary: 
[2024-12-25 06:04:17,611] INFO: 	 lr: 1.000000000000002e-05 	 Training loss: 0.08701558999717235
[2024-12-25 06:04:28,854] INFO: Iter 32100 Summary: 
[2024-12-25 06:04:28,854] INFO: 	 lr: 1.000000000000002e-05 	 Training loss: 0.08691063225269317
[2024-12-25 06:04:36,282] INFO: Iter 32200 Summary: 
[2024-12-25 06:04:36,282] INFO: 	 lr: 1.000000000000002e-05 	 Training loss: 0.0868382416665554
[2024-12-25 06:04:45,810] INFO: Iter 32300 Summary: 
[2024-12-25 06:04:45,810] INFO: 	 lr: 1.000000000000002e-05 	 Training loss: 0.0868616508692503
[2024-12-25 06:04:55,047] INFO: Iter 32400 Summary: 
[2024-12-25 06:04:55,047] INFO: 	 lr: 1.000000000000002e-05 	 Training loss: 0.08717907965183258
[2024-12-25 06:05:02,465] INFO: Iter 32500 Summary: 
[2024-12-25 06:05:02,465] INFO: 	 lr: 1.000000000000002e-05 	 Training loss: 0.08679798156023026
[2024-12-25 06:05:11,813] INFO: Iter 32600 Summary: 
[2024-12-25 06:05:11,813] INFO: 	 lr: 1.000000000000002e-05 	 Training loss: 0.08680539421737193
[2024-12-25 06:05:19,030] INFO: Iter 32700 Summary: 
[2024-12-25 06:05:19,030] INFO: 	 lr: 1.000000000000002e-05 	 Training loss: 0.08693153344094753
[2024-12-25 06:05:28,654] INFO: Iter 32800 Summary: 
[2024-12-25 06:05:28,655] INFO: 	 lr: 1.000000000000002e-05 	 Training loss: 0.08681073643267155
[2024-12-25 06:05:37,687] INFO: Iter 32900 Summary: 
[2024-12-25 06:05:37,688] INFO: 	 lr: 1.000000000000002e-05 	 Training loss: 0.08705366462469101
[2024-12-25 06:05:45,174] INFO: Iter 33000 Summary: 
[2024-12-25 06:05:45,174] INFO: 	 lr: 1.000000000000002e-05 	 Training loss: 0.08682931147515774
[2024-12-25 06:05:54,339] INFO: Iter 33100 Summary: 
[2024-12-25 06:05:54,339] INFO: 	 lr: 1.000000000000002e-05 	 Training loss: 0.08675102159380912
[2024-12-25 06:06:01,792] INFO: Iter 33200 Summary: 
[2024-12-25 06:06:01,792] INFO: 	 lr: 1.000000000000002e-05 	 Training loss: 0.08674048401415348
[2024-12-25 06:06:11,279] INFO: Iter 33300 Summary: 
[2024-12-25 06:06:11,279] INFO: 	 lr: 1.000000000000002e-05 	 Training loss: 0.08682608634233474
[2024-12-25 06:06:20,383] INFO: Iter 33400 Summary: 
[2024-12-25 06:06:20,384] INFO: 	 lr: 1.000000000000002e-05 	 Training loss: 0.08674961350858211
[2024-12-25 06:06:27,797] INFO: Iter 33500 Summary: 
[2024-12-25 06:06:27,797] INFO: 	 lr: 1.000000000000002e-05 	 Training loss: 0.08663880720734596
[2024-12-25 06:06:37,192] INFO: Iter 33600 Summary: 
[2024-12-25 06:06:37,193] INFO: 	 lr: 1.000000000000002e-05 	 Training loss: 0.08662474907934666
[2024-12-25 06:06:46,067] INFO: Iter 33700 Summary: 
[2024-12-25 06:06:46,068] INFO: 	 lr: 1.000000000000002e-05 	 Training loss: 0.08677868790924549
[2024-12-25 06:06:54,118] INFO: Iter 33800 Summary: 
[2024-12-25 06:06:54,118] INFO: 	 lr: 1.000000000000002e-05 	 Training loss: 0.08670688346028328
[2024-12-25 06:07:03,514] INFO: Iter 33900 Summary: 
[2024-12-25 06:07:03,514] INFO: 	 lr: 1.000000000000002e-05 	 Training loss: 0.08659576833248138
[2024-12-25 06:07:10,943] INFO: Iter 34000 Summary: 
[2024-12-25 06:07:10,943] INFO: 	 lr: 1.000000000000002e-05 	 Training loss: 0.08655681148171425
[2024-12-25 06:07:21,903] INFO: Iter 34100 Summary: 
[2024-12-25 06:07:21,904] INFO: 	 lr: 1.000000000000002e-05 	 Training loss: 0.08644197434186936
[2024-12-25 06:07:30,832] INFO: Iter 34200 Summary: 
[2024-12-25 06:07:30,833] INFO: 	 lr: 1.000000000000002e-05 	 Training loss: 0.08678341008722783
[2024-12-25 06:07:38,655] INFO: Iter 34300 Summary: 
[2024-12-25 06:07:38,655] INFO: 	 lr: 1.000000000000002e-05 	 Training loss: 0.08662209883332253
[2024-12-25 06:07:47,949] INFO: Iter 34400 Summary: 
[2024-12-25 06:07:47,950] INFO: 	 lr: 1.000000000000002e-05 	 Training loss: 0.08664712883532047
[2024-12-25 06:07:55,414] INFO: Iter 34500 Summary: 
[2024-12-25 06:07:55,414] INFO: 	 lr: 1.000000000000002e-05 	 Training loss: 0.08683584786951543
[2024-12-25 06:08:04,677] INFO: Iter 34600 Summary: 
[2024-12-25 06:08:04,677] INFO: 	 lr: 1.000000000000002e-05 	 Training loss: 0.08652355954051018
[2024-12-25 06:08:14,011] INFO: Iter 34700 Summary: 
[2024-12-25 06:08:14,011] INFO: 	 lr: 1.000000000000002e-05 	 Training loss: 0.08675649672746659
[2024-12-25 06:08:21,671] INFO: Iter 34800 Summary: 
[2024-12-25 06:08:21,671] INFO: 	 lr: 1.000000000000002e-05 	 Training loss: 0.0865904525667429
[2024-12-25 06:08:31,106] INFO: Iter 34900 Summary: 
[2024-12-25 06:08:31,107] INFO: 	 lr: 1.000000000000002e-05 	 Training loss: 0.08650818884372712
[2024-12-25 06:08:38,464] INFO: Iter 35000 Summary: 
[2024-12-25 06:08:38,464] INFO: 	 lr: 1.000000000000002e-05 	 Training loss: 0.08649962216615677
[2024-12-25 06:08:47,845] INFO: Iter 35100 Summary: 
[2024-12-25 06:08:47,845] INFO: 	 lr: 1.000000000000002e-05 	 Training loss: 0.08653367191553116
[2024-12-25 06:08:57,064] INFO: Iter 35200 Summary: 
[2024-12-25 06:08:57,064] INFO: 	 lr: 1.000000000000002e-05 	 Training loss: 0.08651020400226116
[2024-12-25 06:09:04,414] INFO: Iter 35300 Summary: 
[2024-12-25 06:09:04,414] INFO: 	 lr: 1.000000000000002e-05 	 Training loss: 0.0863913956284523
[2024-12-25 06:09:13,733] INFO: Iter 35400 Summary: 
[2024-12-25 06:09:13,733] INFO: 	 lr: 1.000000000000002e-05 	 Training loss: 0.08647852398455143
[2024-12-25 06:09:21,076] INFO: Iter 35500 Summary: 
[2024-12-25 06:09:21,076] INFO: 	 lr: 1.000000000000002e-05 	 Training loss: 0.08666141860187054
[2024-12-25 06:09:30,107] INFO: Iter 35600 Summary: 
[2024-12-25 06:09:30,108] INFO: 	 lr: 1.000000000000002e-05 	 Training loss: 0.08669618405401706
[2024-12-25 06:09:39,418] INFO: Iter 35700 Summary: 
[2024-12-25 06:09:39,419] INFO: 	 lr: 1.000000000000002e-05 	 Training loss: 0.08642003662884236
[2024-12-25 06:09:46,922] INFO: Iter 35800 Summary: 
[2024-12-25 06:09:46,922] INFO: 	 lr: 1.000000000000002e-05 	 Training loss: 0.08658651828765869
[2024-12-25 06:09:56,234] INFO: Iter 35900 Summary: 
[2024-12-25 06:09:56,234] INFO: 	 lr: 1.000000000000002e-05 	 Training loss: 0.08639316312968731
[2024-12-25 06:10:03,694] INFO: Iter 36000 Summary: 
[2024-12-25 06:10:03,694] INFO: 	 lr: 1.000000000000002e-05 	 Training loss: 0.08638013146817684
[2024-12-25 06:10:14,791] INFO: Iter 36100 Summary: 
[2024-12-25 06:10:14,792] INFO: 	 lr: 1.000000000000002e-05 	 Training loss: 0.08643558613955975
[2024-12-25 06:10:24,182] INFO: Iter 36200 Summary: 
[2024-12-25 06:10:24,182] INFO: 	 lr: 1.000000000000002e-05 	 Training loss: 0.08642644956707954
[2024-12-25 06:10:31,593] INFO: Iter 36300 Summary: 
[2024-12-25 06:10:31,593] INFO: 	 lr: 1.000000000000002e-05 	 Training loss: 0.0865402626991272
[2024-12-25 06:10:41,127] INFO: Iter 36400 Summary: 
[2024-12-25 06:10:41,127] INFO: 	 lr: 1.000000000000002e-05 	 Training loss: 0.08646436765789986
[2024-12-25 06:10:48,513] INFO: Iter 36500 Summary: 
[2024-12-25 06:10:48,513] INFO: 	 lr: 1.000000000000002e-05 	 Training loss: 0.08652486138045788
[2024-12-25 06:10:57,808] INFO: Iter 36600 Summary: 
[2024-12-25 06:10:57,808] INFO: 	 lr: 1.000000000000002e-05 	 Training loss: 0.08637382104992866
[2024-12-25 06:11:07,083] INFO: Iter 36700 Summary: 
[2024-12-25 06:11:07,084] INFO: 	 lr: 1.000000000000002e-05 	 Training loss: 0.08646646104753017
[2024-12-25 06:11:14,524] INFO: Iter 36800 Summary: 
[2024-12-25 06:11:14,524] INFO: 	 lr: 1.000000000000002e-05 	 Training loss: 0.08648820914328098
[2024-12-25 06:11:23,842] INFO: Iter 36900 Summary: 
[2024-12-25 06:11:23,842] INFO: 	 lr: 1.000000000000002e-05 	 Training loss: 0.08631538189947605
[2024-12-25 06:11:31,181] INFO: Iter 37000 Summary: 
[2024-12-25 06:11:31,182] INFO: 	 lr: 1.000000000000002e-05 	 Training loss: 0.08638971954584122
[2024-12-25 06:11:40,550] INFO: Iter 37100 Summary: 
[2024-12-25 06:11:40,551] INFO: 	 lr: 1.000000000000002e-05 	 Training loss: 0.08647797293961049
[2024-12-25 06:11:49,935] INFO: Iter 37200 Summary: 
[2024-12-25 06:11:49,935] INFO: 	 lr: 1.000000000000002e-05 	 Training loss: 0.08647178068757057
[2024-12-25 06:11:57,487] INFO: Iter 37300 Summary: 
[2024-12-25 06:11:57,488] INFO: 	 lr: 1.000000000000002e-05 	 Training loss: 0.0862173842638731
[2024-12-25 06:12:06,964] INFO: Iter 37400 Summary: 
[2024-12-25 06:12:06,964] INFO: 	 lr: 1.000000000000002e-05 	 Training loss: 0.0864607448130846
[2024-12-25 06:12:14,357] INFO: Iter 37500 Summary: 
[2024-12-25 06:12:14,357] INFO: 	 lr: 1.000000000000002e-05 	 Training loss: 0.08633991107344627
[2024-12-25 06:12:23,691] INFO: Iter 37600 Summary: 
[2024-12-25 06:12:23,692] INFO: 	 lr: 1.000000000000002e-05 	 Training loss: 0.08642212688922882
[2024-12-25 06:12:32,968] INFO: Iter 37700 Summary: 
[2024-12-25 06:12:32,968] INFO: 	 lr: 1.000000000000002e-05 	 Training loss: 0.08627034120261669
[2024-12-25 06:12:40,402] INFO: Iter 37800 Summary: 
[2024-12-25 06:12:40,402] INFO: 	 lr: 1.000000000000002e-05 	 Training loss: 0.08621480517089367
[2024-12-25 06:12:49,819] INFO: Iter 37900 Summary: 
[2024-12-25 06:12:49,820] INFO: 	 lr: 1.000000000000002e-05 	 Training loss: 0.08651600159704685
[2024-12-25 06:12:57,250] INFO: Iter 38000 Summary: 
[2024-12-25 06:12:57,251] INFO: 	 lr: 1.000000000000002e-05 	 Training loss: 0.0863647148013115
[2024-12-25 06:13:08,194] INFO: Iter 38100 Summary: 
[2024-12-25 06:13:08,194] INFO: 	 lr: 1.000000000000002e-05 	 Training loss: 0.08644938834011555
[2024-12-25 06:13:17,382] INFO: Iter 38200 Summary: 
[2024-12-25 06:13:17,383] INFO: 	 lr: 1.000000000000002e-05 	 Training loss: 0.0862013566493988
[2024-12-25 06:13:24,914] INFO: Iter 38300 Summary: 
[2024-12-25 06:13:24,914] INFO: 	 lr: 1.000000000000002e-05 	 Training loss: 0.08641318768262864
[2024-12-25 06:13:34,331] INFO: Iter 38400 Summary: 
[2024-12-25 06:13:34,331] INFO: 	 lr: 1.000000000000002e-05 	 Training loss: 0.0861622303724289
