[2025-01-12 10:15:07,111] INFO: {
    "abs_dir": "/home/diwang/siMLPe/exps/baseline_h36m",
    "batch_size": 256,
    "cos_lr_max": 1e-05,
    "cos_lr_min": 5e-08,
    "cos_lr_total_iters": 40000,
    "data_aug": true,
    "deriv_input": true,
    "deriv_output": true,
    "device": "cuda:4",
    "h36m_anno_dir": "/home/diwang/siMLPe/data/h36m/",
    "link_log_file": "/home/diwang/siMLPe/exps/baseline_h36m/log/log_last.log",
    "link_val_log_file": "/home/diwang/siMLPe/exps/baseline_h36m/log/val_last.log",
    "log_dir": "/home/diwang/siMLPe/exps/baseline_h36m/log",
    "log_file": "/home/diwang/siMLPe/exps/baseline_h36m/log/log_2025_01_12_10_14_30.log",
    "model_pth": null,
    "motion": {
        "dim": 66,
        "h36m_input_length": 50,
        "h36m_input_length_dct": 50,
        "h36m_target_length": 10,
        "h36m_target_length_eval": 25,
        "h36m_target_length_train": 10
    },
    "motion_fc_in": {
        "activation": "relu",
        "in_features": 66,
        "init_w_trunc_normal": false,
        "out_features": 66,
        "temporal_fc": false,
        "with_norm": false
    },
    "motion_fc_out": {
        "activation": "relu",
        "in_features": 66,
        "init_w_trunc_normal": true,
        "out_features": 66,
        "temporal_fc": false,
        "with_norm": false
    },
    "motion_mlp": {
        "hidden_dim": 66,
        "norm_axis": "spatial",
        "num_layers": 48,
        "seq_len": 50,
        "spatial_fc_only": false,
        "with_normalization": true
    },
    "num_workers": 8,
    "post_dct": false,
    "pre_dct": false,
    "print_every": 100,
    "repo_name": "siMLPe",
    "root_dir": "/home/diwang/siMLPe",
    "save_every": 2000,
    "seed": 304,
    "shift_step": 1,
    "snapshot_dir": "/home/diwang/siMLPe/exps/baseline_h36m/log/snapshot",
    "this_dir": "baseline_h36m",
    "use_relative_loss": true,
    "val_log_file": "/home/diwang/siMLPe/exps/baseline_h36m/log/val_2025_01_12_10_14_30.log",
    "weight_decay": 0.0001
}
[2025-01-12 10:15:22,526] INFO: Iter 100 Summary: 
[2025-01-12 10:15:22,527] INFO: 	 lr: 0.00030000000000000073 	 Training loss: 0.08667803511023521
[2025-01-12 10:15:34,504] INFO: Iter 200 Summary: 
[2025-01-12 10:15:34,504] INFO: 	 lr: 0.00030000000000000073 	 Training loss: 0.07423107109963895
[2025-01-12 10:15:46,595] INFO: Iter 300 Summary: 
[2025-01-12 10:15:46,595] INFO: 	 lr: 0.00030000000000000073 	 Training loss: 0.07049135982990265
[2025-01-12 10:15:58,553] INFO: Iter 400 Summary: 
[2025-01-12 10:15:58,553] INFO: 	 lr: 0.00030000000000000073 	 Training loss: 0.06580790858715772
[2025-01-12 10:16:10,681] INFO: Iter 500 Summary: 
[2025-01-12 10:16:10,684] INFO: 	 lr: 0.00030000000000000073 	 Training loss: 0.06173109751194716
[2025-01-12 10:16:22,311] INFO: Iter 600 Summary: 
[2025-01-12 10:16:22,311] INFO: 	 lr: 0.00030000000000000073 	 Training loss: 0.059917920045554636
[2025-01-12 10:16:33,365] INFO: Iter 700 Summary: 
[2025-01-12 10:16:33,366] INFO: 	 lr: 0.00030000000000000073 	 Training loss: 0.05959991306066513
[2025-01-12 10:16:45,087] INFO: Iter 800 Summary: 
[2025-01-12 10:16:45,088] INFO: 	 lr: 0.00030000000000000073 	 Training loss: 0.05858581099659205
[2025-01-12 10:16:56,330] INFO: Iter 900 Summary: 
[2025-01-12 10:16:56,330] INFO: 	 lr: 0.00030000000000000073 	 Training loss: 0.05771843995898962
[2025-01-12 10:17:08,077] INFO: Iter 1000 Summary: 
[2025-01-12 10:17:08,077] INFO: 	 lr: 0.00030000000000000073 	 Training loss: 0.05690946780145168
[2025-01-12 10:17:20,504] INFO: Iter 1100 Summary: 
[2025-01-12 10:17:20,505] INFO: 	 lr: 0.00030000000000000073 	 Training loss: 0.056364026218652725
[2025-01-12 10:17:32,292] INFO: Iter 1200 Summary: 
[2025-01-12 10:17:32,292] INFO: 	 lr: 0.00030000000000000073 	 Training loss: 0.05562923774123192
[2025-01-12 10:17:44,447] INFO: Iter 1300 Summary: 
[2025-01-12 10:17:44,447] INFO: 	 lr: 0.00030000000000000073 	 Training loss: 0.055189049318432805
[2025-01-12 10:17:56,564] INFO: Iter 1400 Summary: 
[2025-01-12 10:17:56,565] INFO: 	 lr: 0.00030000000000000073 	 Training loss: 0.05482727929949761
[2025-01-12 10:18:07,611] INFO: Iter 1500 Summary: 
[2025-01-12 10:18:07,612] INFO: 	 lr: 0.00030000000000000073 	 Training loss: 0.054660268612205985
[2025-01-12 10:18:19,035] INFO: Iter 1600 Summary: 
[2025-01-12 10:18:19,035] INFO: 	 lr: 0.00030000000000000073 	 Training loss: 0.05431570813059807
[2025-01-12 10:18:31,279] INFO: Iter 1700 Summary: 
[2025-01-12 10:18:31,279] INFO: 	 lr: 0.00030000000000000073 	 Training loss: 0.05385373819619417
[2025-01-12 10:18:44,580] INFO: Iter 1800 Summary: 
[2025-01-12 10:18:44,580] INFO: 	 lr: 0.00030000000000000073 	 Training loss: 0.05342167891561985
[2025-01-12 10:18:58,192] INFO: Iter 1900 Summary: 
[2025-01-12 10:18:58,193] INFO: 	 lr: 0.00030000000000000073 	 Training loss: 0.05361989051103592
[2025-01-12 10:19:11,893] INFO: Iter 2000 Summary: 
[2025-01-12 10:19:11,893] INFO: 	 lr: 0.00030000000000000073 	 Training loss: 0.0524601362273097
[2025-01-12 10:19:29,593] INFO: Iter 2100 Summary: 
[2025-01-12 10:19:29,593] INFO: 	 lr: 0.00030000000000000073 	 Training loss: 0.05324501302093267
[2025-01-12 10:19:42,152] INFO: Iter 2200 Summary: 
[2025-01-12 10:19:42,152] INFO: 	 lr: 0.00030000000000000073 	 Training loss: 0.05247118186205626
[2025-01-12 10:19:55,737] INFO: Iter 2300 Summary: 
[2025-01-12 10:19:55,737] INFO: 	 lr: 0.00030000000000000073 	 Training loss: 0.05170487567782402
[2025-01-12 10:20:08,803] INFO: Iter 2400 Summary: 
[2025-01-12 10:20:08,804] INFO: 	 lr: 0.00030000000000000073 	 Training loss: 0.05184138175100088
[2025-01-12 10:20:20,691] INFO: Iter 2500 Summary: 
[2025-01-12 10:20:20,692] INFO: 	 lr: 0.00030000000000000073 	 Training loss: 0.051277613900601864
[2025-01-12 10:20:33,539] INFO: Iter 2600 Summary: 
[2025-01-12 10:20:33,539] INFO: 	 lr: 0.00030000000000000073 	 Training loss: 0.05127957180142403
[2025-01-12 10:20:45,331] INFO: Iter 2700 Summary: 
[2025-01-12 10:20:45,331] INFO: 	 lr: 0.00030000000000000073 	 Training loss: 0.050958804674446585
[2025-01-12 10:20:57,550] INFO: Iter 2800 Summary: 
[2025-01-12 10:20:57,551] INFO: 	 lr: 0.00030000000000000073 	 Training loss: 0.05128778513520956
[2025-01-12 10:21:10,263] INFO: Iter 2900 Summary: 
[2025-01-12 10:21:10,263] INFO: 	 lr: 0.00030000000000000073 	 Training loss: 0.05067362241446972
[2025-01-12 10:21:21,817] INFO: Iter 3000 Summary: 
[2025-01-12 10:21:21,817] INFO: 	 lr: 0.00030000000000000073 	 Training loss: 0.05100943621248007
[2025-01-12 10:21:33,489] INFO: Iter 3100 Summary: 
[2025-01-12 10:21:33,489] INFO: 	 lr: 0.00030000000000000073 	 Training loss: 0.05034226436167955
[2025-01-12 10:21:45,353] INFO: Iter 3200 Summary: 
[2025-01-12 10:21:45,353] INFO: 	 lr: 0.00030000000000000073 	 Training loss: 0.050259466469287875
[2025-01-12 10:21:57,768] INFO: Iter 3300 Summary: 
[2025-01-12 10:21:57,768] INFO: 	 lr: 0.00030000000000000073 	 Training loss: 0.050314901880919936
[2025-01-12 10:22:08,363] INFO: Iter 3400 Summary: 
[2025-01-12 10:22:08,363] INFO: 	 lr: 0.00030000000000000073 	 Training loss: 0.04994362495839596
[2025-01-12 10:22:20,193] INFO: Iter 3500 Summary: 
[2025-01-12 10:22:20,194] INFO: 	 lr: 0.00030000000000000073 	 Training loss: 0.04995838638395071
[2025-01-12 10:22:32,364] INFO: Iter 3600 Summary: 
[2025-01-12 10:22:32,364] INFO: 	 lr: 0.00030000000000000073 	 Training loss: 0.049361612871289255
[2025-01-12 10:22:45,004] INFO: Iter 3700 Summary: 
[2025-01-12 10:22:45,004] INFO: 	 lr: 0.00030000000000000073 	 Training loss: 0.04971355326473713
[2025-01-12 10:22:57,519] INFO: Iter 3800 Summary: 
[2025-01-12 10:22:57,519] INFO: 	 lr: 0.00030000000000000073 	 Training loss: 0.049776116162538526
[2025-01-12 10:23:09,413] INFO: Iter 3900 Summary: 
[2025-01-12 10:23:09,414] INFO: 	 lr: 0.00030000000000000073 	 Training loss: 0.04943334136158228
[2025-01-12 10:23:21,185] INFO: Iter 4000 Summary: 
[2025-01-12 10:23:21,186] INFO: 	 lr: 0.00030000000000000073 	 Training loss: 0.04918594531714916
[2025-01-12 10:23:36,366] INFO: Iter 4100 Summary: 
[2025-01-12 10:23:36,366] INFO: 	 lr: 0.00030000000000000073 	 Training loss: 0.04912866048514843
[2025-01-12 10:23:49,441] INFO: Iter 4200 Summary: 
[2025-01-12 10:23:49,442] INFO: 	 lr: 0.00030000000000000073 	 Training loss: 0.0491672858223319
[2025-01-12 10:24:00,939] INFO: Iter 4300 Summary: 
[2025-01-12 10:24:00,940] INFO: 	 lr: 0.00030000000000000073 	 Training loss: 0.04878336653113365
[2025-01-12 10:24:12,639] INFO: Iter 4400 Summary: 
[2025-01-12 10:24:12,640] INFO: 	 lr: 0.00030000000000000073 	 Training loss: 0.04874410904943943
[2025-01-12 10:24:24,670] INFO: Iter 4500 Summary: 
[2025-01-12 10:24:24,671] INFO: 	 lr: 0.00030000000000000073 	 Training loss: 0.048365495800971985
[2025-01-12 10:24:35,723] INFO: Iter 4600 Summary: 
[2025-01-12 10:24:35,724] INFO: 	 lr: 0.00030000000000000073 	 Training loss: 0.0490801365301013
[2025-01-12 10:24:47,252] INFO: Iter 4700 Summary: 
[2025-01-12 10:24:47,252] INFO: 	 lr: 0.00030000000000000073 	 Training loss: 0.048269306011497974
[2025-01-12 10:24:58,472] INFO: Iter 4800 Summary: 
[2025-01-12 10:24:58,473] INFO: 	 lr: 0.00030000000000000073 	 Training loss: 0.048391034230589866
[2025-01-12 10:25:10,093] INFO: Iter 4900 Summary: 
[2025-01-12 10:25:10,093] INFO: 	 lr: 0.00030000000000000073 	 Training loss: 0.04838810756802559
[2025-01-12 10:25:21,332] INFO: Iter 5000 Summary: 
[2025-01-12 10:25:21,332] INFO: 	 lr: 0.00030000000000000073 	 Training loss: 0.04834951296448708
[2025-01-12 10:25:32,883] INFO: Iter 5100 Summary: 
[2025-01-12 10:25:32,884] INFO: 	 lr: 0.00030000000000000073 	 Training loss: 0.04847248714417219
[2025-01-12 10:25:45,015] INFO: Iter 5200 Summary: 
[2025-01-12 10:25:45,015] INFO: 	 lr: 0.00030000000000000073 	 Training loss: 0.047933731228113174
[2025-01-12 10:25:56,482] INFO: Iter 5300 Summary: 
[2025-01-12 10:25:56,482] INFO: 	 lr: 0.00030000000000000073 	 Training loss: 0.04835743337869644
[2025-01-12 10:26:08,568] INFO: Iter 5400 Summary: 
[2025-01-12 10:26:08,568] INFO: 	 lr: 0.00030000000000000073 	 Training loss: 0.04819334875792265
[2025-01-12 10:26:19,894] INFO: Iter 5500 Summary: 
[2025-01-12 10:26:19,894] INFO: 	 lr: 0.00030000000000000073 	 Training loss: 0.047602620013058185
[2025-01-12 10:26:32,081] INFO: Iter 5600 Summary: 
[2025-01-12 10:26:32,082] INFO: 	 lr: 0.00030000000000000073 	 Training loss: 0.0479561485350132
[2025-01-12 10:26:44,966] INFO: Iter 5700 Summary: 
[2025-01-12 10:26:44,967] INFO: 	 lr: 0.00030000000000000073 	 Training loss: 0.04783061970025301
[2025-01-12 10:26:56,653] INFO: Iter 5800 Summary: 
[2025-01-12 10:26:56,653] INFO: 	 lr: 0.00030000000000000073 	 Training loss: 0.04774227816611529
[2025-01-12 10:27:08,704] INFO: Iter 5900 Summary: 
[2025-01-12 10:27:08,705] INFO: 	 lr: 0.00030000000000000073 	 Training loss: 0.04748366076499224
[2025-01-12 10:27:20,033] INFO: Iter 6000 Summary: 
[2025-01-12 10:27:20,034] INFO: 	 lr: 0.00030000000000000073 	 Training loss: 0.04693028848618269
[2025-01-12 10:27:35,722] INFO: Iter 6100 Summary: 
[2025-01-12 10:27:35,722] INFO: 	 lr: 0.00030000000000000073 	 Training loss: 0.047306300215423105
[2025-01-12 10:27:48,514] INFO: Iter 6200 Summary: 
[2025-01-12 10:27:48,514] INFO: 	 lr: 0.00030000000000000073 	 Training loss: 0.04783655624836683
[2025-01-12 10:28:01,530] INFO: Iter 6300 Summary: 
[2025-01-12 10:28:01,531] INFO: 	 lr: 0.00030000000000000073 	 Training loss: 0.04699866741895676
[2025-01-12 10:28:13,880] INFO: Iter 6400 Summary: 
[2025-01-12 10:28:13,880] INFO: 	 lr: 0.00030000000000000073 	 Training loss: 0.04680874641984701
[2025-01-12 10:28:25,768] INFO: Iter 6500 Summary: 
[2025-01-12 10:28:25,769] INFO: 	 lr: 0.00030000000000000073 	 Training loss: 0.04734843220561743
[2025-01-12 10:28:38,048] INFO: Iter 6600 Summary: 
[2025-01-12 10:28:38,048] INFO: 	 lr: 0.00030000000000000073 	 Training loss: 0.04713831190019846
[2025-01-12 10:28:51,482] INFO: Iter 6700 Summary: 
[2025-01-12 10:28:51,483] INFO: 	 lr: 0.00030000000000000073 	 Training loss: 0.046715123914182186
[2025-01-12 10:29:04,789] INFO: Iter 6800 Summary: 
[2025-01-12 10:29:04,789] INFO: 	 lr: 0.00030000000000000073 	 Training loss: 0.046426149010658266
[2025-01-12 10:29:17,564] INFO: Iter 6900 Summary: 
[2025-01-12 10:29:17,564] INFO: 	 lr: 0.00030000000000000073 	 Training loss: 0.04665994226932526
[2025-01-12 10:29:30,475] INFO: Iter 7000 Summary: 
[2025-01-12 10:29:30,475] INFO: 	 lr: 0.00030000000000000073 	 Training loss: 0.04666302278637886
[2025-01-12 10:29:43,272] INFO: Iter 7100 Summary: 
[2025-01-12 10:29:43,273] INFO: 	 lr: 0.00030000000000000073 	 Training loss: 0.04651838902384043
[2025-01-12 10:29:54,210] INFO: Iter 7200 Summary: 
[2025-01-12 10:29:54,210] INFO: 	 lr: 0.00030000000000000073 	 Training loss: 0.046214435324072836
[2025-01-12 10:30:05,621] INFO: Iter 7300 Summary: 
[2025-01-12 10:30:05,621] INFO: 	 lr: 0.00030000000000000073 	 Training loss: 0.04639112446457148
[2025-01-12 10:30:18,846] INFO: Iter 7400 Summary: 
[2025-01-12 10:30:18,846] INFO: 	 lr: 0.00030000000000000073 	 Training loss: 0.04657574981451035
[2025-01-12 10:30:31,114] INFO: Iter 7500 Summary: 
[2025-01-12 10:30:31,114] INFO: 	 lr: 0.00030000000000000073 	 Training loss: 0.04607406184077263
[2025-01-12 10:30:46,265] INFO: Iter 7600 Summary: 
[2025-01-12 10:30:46,265] INFO: 	 lr: 0.00030000000000000073 	 Training loss: 0.04595580793917179
[2025-01-12 10:30:59,447] INFO: Iter 7700 Summary: 
[2025-01-12 10:30:59,448] INFO: 	 lr: 0.00030000000000000073 	 Training loss: 0.04571328174322844
[2025-01-12 10:31:13,136] INFO: Iter 7800 Summary: 
[2025-01-12 10:31:13,136] INFO: 	 lr: 0.00030000000000000073 	 Training loss: 0.045767941549420356
[2025-01-12 10:31:25,788] INFO: Iter 7900 Summary: 
[2025-01-12 10:31:25,789] INFO: 	 lr: 0.00030000000000000073 	 Training loss: 0.045855366997420786
[2025-01-12 10:31:38,008] INFO: Iter 8000 Summary: 
[2025-01-12 10:31:38,009] INFO: 	 lr: 0.00030000000000000073 	 Training loss: 0.04584501937031746
[2025-01-12 10:31:55,732] INFO: Iter 8100 Summary: 
[2025-01-12 10:31:55,733] INFO: 	 lr: 0.00030000000000000073 	 Training loss: 0.045522176399827
[2025-01-12 10:32:07,607] INFO: Iter 8200 Summary: 
[2025-01-12 10:32:07,607] INFO: 	 lr: 0.00030000000000000073 	 Training loss: 0.045758745521306994
[2025-01-12 10:32:19,387] INFO: Iter 8300 Summary: 
[2025-01-12 10:32:19,388] INFO: 	 lr: 0.00030000000000000073 	 Training loss: 0.04563399851322174
[2025-01-12 10:32:31,606] INFO: Iter 8400 Summary: 
[2025-01-12 10:32:31,606] INFO: 	 lr: 0.00030000000000000073 	 Training loss: 0.0452027340978384
[2025-01-12 10:32:43,530] INFO: Iter 8500 Summary: 
[2025-01-12 10:32:43,530] INFO: 	 lr: 0.00030000000000000073 	 Training loss: 0.04544676274061203
[2025-01-12 10:32:56,067] INFO: Iter 8600 Summary: 
[2025-01-12 10:32:56,067] INFO: 	 lr: 0.00030000000000000073 	 Training loss: 0.04485070127993822
[2025-01-12 10:33:08,846] INFO: Iter 8700 Summary: 
[2025-01-12 10:33:08,846] INFO: 	 lr: 0.00030000000000000073 	 Training loss: 0.044631227292120455
[2025-01-12 10:33:22,124] INFO: Iter 8800 Summary: 
[2025-01-12 10:33:22,134] INFO: 	 lr: 0.00030000000000000073 	 Training loss: 0.045250448808073995
[2025-01-12 10:33:35,238] INFO: Iter 8900 Summary: 
[2025-01-12 10:33:35,239] INFO: 	 lr: 0.00030000000000000073 	 Training loss: 0.044744413793087
[2025-01-12 10:33:48,935] INFO: Iter 9000 Summary: 
[2025-01-12 10:33:48,936] INFO: 	 lr: 0.00030000000000000073 	 Training loss: 0.04463245835155249
[2025-01-12 10:34:00,109] INFO: Iter 9100 Summary: 
[2025-01-12 10:34:00,109] INFO: 	 lr: 0.00030000000000000073 	 Training loss: 0.044850532151758674
[2025-01-12 10:34:11,582] INFO: Iter 9200 Summary: 
[2025-01-12 10:34:11,582] INFO: 	 lr: 0.00030000000000000073 	 Training loss: 0.04440978899598122
[2025-01-12 10:34:24,317] INFO: Iter 9300 Summary: 
[2025-01-12 10:34:24,317] INFO: 	 lr: 0.00030000000000000073 	 Training loss: 0.04499015048146248
[2025-01-12 10:34:35,544] INFO: Iter 9400 Summary: 
[2025-01-12 10:34:35,544] INFO: 	 lr: 0.00030000000000000073 	 Training loss: 0.044929918237030506
[2025-01-12 10:34:47,008] INFO: Iter 9500 Summary: 
[2025-01-12 10:34:47,008] INFO: 	 lr: 0.00030000000000000073 	 Training loss: 0.04446590088307858
[2025-01-12 10:34:58,452] INFO: Iter 9600 Summary: 
[2025-01-12 10:34:58,452] INFO: 	 lr: 0.00030000000000000073 	 Training loss: 0.044563087932765484
[2025-01-12 10:35:10,385] INFO: Iter 9700 Summary: 
[2025-01-12 10:35:10,386] INFO: 	 lr: 0.00030000000000000073 	 Training loss: 0.04423440668731928
[2025-01-12 10:35:22,092] INFO: Iter 9800 Summary: 
[2025-01-12 10:35:22,093] INFO: 	 lr: 0.00030000000000000073 	 Training loss: 0.04423714153468609
[2025-01-12 10:35:34,431] INFO: Iter 9900 Summary: 
[2025-01-12 10:35:34,431] INFO: 	 lr: 0.00030000000000000073 	 Training loss: 0.04433559317141771
[2025-01-12 10:35:47,568] INFO: Iter 10000 Summary: 
[2025-01-12 10:35:47,568] INFO: 	 lr: 0.00030000000000000073 	 Training loss: 0.04412232279777527
[2025-01-12 10:36:03,250] INFO: Iter 10100 Summary: 
[2025-01-12 10:36:03,251] INFO: 	 lr: 0.00030000000000000073 	 Training loss: 0.04407310802489519
[2025-01-12 10:36:14,536] INFO: Iter 10200 Summary: 
[2025-01-12 10:36:14,537] INFO: 	 lr: 0.00030000000000000073 	 Training loss: 0.04403054166585207
[2025-01-12 10:36:28,473] INFO: Iter 10300 Summary: 
[2025-01-12 10:36:28,473] INFO: 	 lr: 0.00030000000000000073 	 Training loss: 0.0440770822763443
[2025-01-12 10:36:42,273] INFO: Iter 10400 Summary: 
[2025-01-12 10:36:42,274] INFO: 	 lr: 0.00030000000000000073 	 Training loss: 0.044125942960381505
[2025-01-12 10:36:54,038] INFO: Iter 10500 Summary: 
[2025-01-12 10:36:54,038] INFO: 	 lr: 0.00030000000000000073 	 Training loss: 0.04409990139305592
[2025-01-12 10:37:06,270] INFO: Iter 10600 Summary: 
[2025-01-12 10:37:06,270] INFO: 	 lr: 0.00030000000000000073 	 Training loss: 0.0435673726350069
[2025-01-12 10:37:18,311] INFO: Iter 10700 Summary: 
[2025-01-12 10:37:18,312] INFO: 	 lr: 0.00030000000000000073 	 Training loss: 0.043586713522672654
[2025-01-12 10:37:30,625] INFO: Iter 10800 Summary: 
[2025-01-12 10:37:30,625] INFO: 	 lr: 0.00030000000000000073 	 Training loss: 0.0438422417268157
[2025-01-12 10:37:41,643] INFO: Iter 10900 Summary: 
[2025-01-12 10:37:41,644] INFO: 	 lr: 0.00030000000000000073 	 Training loss: 0.04383246373385191
[2025-01-12 10:37:54,864] INFO: Iter 11000 Summary: 
[2025-01-12 10:37:54,864] INFO: 	 lr: 0.00030000000000000073 	 Training loss: 0.04366107154637575
[2025-01-12 10:38:07,925] INFO: Iter 11100 Summary: 
[2025-01-12 10:38:07,926] INFO: 	 lr: 0.00030000000000000073 	 Training loss: 0.04367279801517725
[2025-01-12 10:38:19,704] INFO: Iter 11200 Summary: 
[2025-01-12 10:38:19,704] INFO: 	 lr: 0.00030000000000000073 	 Training loss: 0.043619929552078246
[2025-01-12 10:38:32,139] INFO: Iter 11300 Summary: 
[2025-01-12 10:38:32,139] INFO: 	 lr: 0.00030000000000000073 	 Training loss: 0.04346437219530344
[2025-01-12 10:38:45,073] INFO: Iter 11400 Summary: 
[2025-01-12 10:38:45,074] INFO: 	 lr: 0.00030000000000000073 	 Training loss: 0.04364858273416758
[2025-01-12 10:38:58,132] INFO: Iter 11500 Summary: 
[2025-01-12 10:38:58,133] INFO: 	 lr: 0.00030000000000000073 	 Training loss: 0.04307124573737383
[2025-01-12 10:39:09,826] INFO: Iter 11600 Summary: 
[2025-01-12 10:39:09,826] INFO: 	 lr: 0.00030000000000000073 	 Training loss: 0.04333827167749405
[2025-01-12 10:39:23,091] INFO: Iter 11700 Summary: 
[2025-01-12 10:39:23,091] INFO: 	 lr: 0.00030000000000000073 	 Training loss: 0.04332918792963028
[2025-01-12 10:39:35,224] INFO: Iter 11800 Summary: 
[2025-01-12 10:39:35,224] INFO: 	 lr: 0.00030000000000000073 	 Training loss: 0.04313036635518074
[2025-01-12 10:39:47,429] INFO: Iter 11900 Summary: 
[2025-01-12 10:39:47,430] INFO: 	 lr: 0.00030000000000000073 	 Training loss: 0.04349443152546883
[2025-01-12 10:39:59,360] INFO: Iter 12000 Summary: 
[2025-01-12 10:39:59,360] INFO: 	 lr: 0.00030000000000000073 	 Training loss: 0.043112126961350444
[2025-01-12 10:40:14,907] INFO: Iter 12100 Summary: 
[2025-01-12 10:40:14,908] INFO: 	 lr: 0.00030000000000000073 	 Training loss: 0.04318471040576696
[2025-01-12 10:40:26,230] INFO: Iter 12200 Summary: 
[2025-01-12 10:40:26,231] INFO: 	 lr: 0.00030000000000000073 	 Training loss: 0.04333693526685238
[2025-01-12 10:40:38,351] INFO: Iter 12300 Summary: 
[2025-01-12 10:40:38,352] INFO: 	 lr: 0.00030000000000000073 	 Training loss: 0.043336851447820665
[2025-01-12 10:40:50,734] INFO: Iter 12400 Summary: 
[2025-01-12 10:40:50,735] INFO: 	 lr: 0.00030000000000000073 	 Training loss: 0.04295185983181
[2025-01-12 10:41:01,576] INFO: Iter 12500 Summary: 
[2025-01-12 10:41:01,576] INFO: 	 lr: 0.00030000000000000073 	 Training loss: 0.042927378602325914
[2025-01-12 10:41:12,431] INFO: Iter 12600 Summary: 
[2025-01-12 10:41:12,431] INFO: 	 lr: 0.00030000000000000073 	 Training loss: 0.04272888023406267
[2025-01-12 10:41:23,760] INFO: Iter 12700 Summary: 
[2025-01-12 10:41:23,761] INFO: 	 lr: 0.00030000000000000073 	 Training loss: 0.04278134800493717
[2025-01-12 10:41:35,516] INFO: Iter 12800 Summary: 
[2025-01-12 10:41:35,516] INFO: 	 lr: 0.00030000000000000073 	 Training loss: 0.042539790235459805
[2025-01-12 10:41:46,847] INFO: Iter 12900 Summary: 
[2025-01-12 10:41:46,848] INFO: 	 lr: 0.00030000000000000073 	 Training loss: 0.042685351334512234
[2025-01-12 10:41:59,048] INFO: Iter 13000 Summary: 
[2025-01-12 10:41:59,049] INFO: 	 lr: 0.00030000000000000073 	 Training loss: 0.04282763607800007
[2025-01-12 10:42:11,764] INFO: Iter 13100 Summary: 
[2025-01-12 10:42:11,764] INFO: 	 lr: 0.00030000000000000073 	 Training loss: 0.04274688571691513
[2025-01-12 10:42:23,959] INFO: Iter 13200 Summary: 
[2025-01-12 10:42:23,959] INFO: 	 lr: 0.00030000000000000073 	 Training loss: 0.04300535708665848
[2025-01-12 10:42:38,467] INFO: Iter 13300 Summary: 
[2025-01-12 10:42:38,467] INFO: 	 lr: 0.00030000000000000073 	 Training loss: 0.042231771349906924
[2025-01-12 10:42:51,128] INFO: Iter 13400 Summary: 
[2025-01-12 10:42:51,129] INFO: 	 lr: 0.00030000000000000073 	 Training loss: 0.042525114677846435
[2025-01-12 10:43:03,005] INFO: Iter 13500 Summary: 
[2025-01-12 10:43:03,005] INFO: 	 lr: 0.00030000000000000073 	 Training loss: 0.04277084670960903
[2025-01-12 10:43:16,094] INFO: Iter 13600 Summary: 
[2025-01-12 10:43:16,095] INFO: 	 lr: 0.00030000000000000073 	 Training loss: 0.04273569919168949
[2025-01-12 10:43:30,139] INFO: Iter 13700 Summary: 
[2025-01-12 10:43:30,139] INFO: 	 lr: 0.00030000000000000073 	 Training loss: 0.04254426471889019
[2025-01-12 10:43:42,696] INFO: Iter 13800 Summary: 
[2025-01-12 10:43:42,697] INFO: 	 lr: 0.00030000000000000073 	 Training loss: 0.042491079717874525
[2025-01-12 10:43:53,172] INFO: Iter 13900 Summary: 
[2025-01-12 10:43:53,172] INFO: 	 lr: 0.00030000000000000073 	 Training loss: 0.04215066090226174
[2025-01-12 10:44:05,773] INFO: Iter 14000 Summary: 
[2025-01-12 10:44:05,773] INFO: 	 lr: 0.00030000000000000073 	 Training loss: 0.042050858549773695
[2025-01-12 10:44:24,653] INFO: Iter 14100 Summary: 
[2025-01-12 10:44:24,653] INFO: 	 lr: 0.00030000000000000073 	 Training loss: 0.04235835693776607
[2025-01-12 10:44:37,139] INFO: Iter 14200 Summary: 
[2025-01-12 10:44:37,139] INFO: 	 lr: 0.00030000000000000073 	 Training loss: 0.042128702849149706
[2025-01-12 10:44:50,402] INFO: Iter 14300 Summary: 
[2025-01-12 10:44:50,403] INFO: 	 lr: 0.00030000000000000073 	 Training loss: 0.042688679359853265
[2025-01-12 10:45:04,260] INFO: Iter 14400 Summary: 
[2025-01-12 10:45:04,260] INFO: 	 lr: 0.00030000000000000073 	 Training loss: 0.04217380605638027
[2025-01-12 10:45:16,160] INFO: Iter 14500 Summary: 
[2025-01-12 10:45:16,160] INFO: 	 lr: 0.00030000000000000073 	 Training loss: 0.042463825680315495
[2025-01-12 10:45:27,876] INFO: Iter 14600 Summary: 
[2025-01-12 10:45:27,877] INFO: 	 lr: 0.00030000000000000073 	 Training loss: 0.042183303646743296
[2025-01-12 10:45:37,710] INFO: Iter 14700 Summary: 
[2025-01-12 10:45:37,710] INFO: 	 lr: 0.00030000000000000073 	 Training loss: 0.0422613275423646
[2025-01-12 10:45:46,422] INFO: Iter 14800 Summary: 
[2025-01-12 10:45:46,422] INFO: 	 lr: 0.00030000000000000073 	 Training loss: 0.042140302322804926
[2025-01-12 10:45:54,659] INFO: Iter 14900 Summary: 
[2025-01-12 10:45:54,659] INFO: 	 lr: 0.00030000000000000073 	 Training loss: 0.04216648180037737
[2025-01-12 10:46:02,861] INFO: Iter 15000 Summary: 
[2025-01-12 10:46:02,861] INFO: 	 lr: 0.00030000000000000073 	 Training loss: 0.04243874661624432
[2025-01-12 10:46:11,629] INFO: Iter 15100 Summary: 
[2025-01-12 10:46:11,629] INFO: 	 lr: 0.00030000000000000073 	 Training loss: 0.04201135266572237
[2025-01-12 10:46:20,832] INFO: Iter 15200 Summary: 
[2025-01-12 10:46:20,832] INFO: 	 lr: 0.00030000000000000073 	 Training loss: 0.041887191347777845
[2025-01-12 10:46:29,941] INFO: Iter 15300 Summary: 
[2025-01-12 10:46:29,941] INFO: 	 lr: 0.00030000000000000073 	 Training loss: 0.042287956550717355
[2025-01-12 10:46:36,640] INFO: Iter 15400 Summary: 
[2025-01-12 10:46:36,640] INFO: 	 lr: 0.00030000000000000073 	 Training loss: 0.0417490166425705
[2025-01-12 10:46:42,989] INFO: Iter 15500 Summary: 
[2025-01-12 10:46:42,989] INFO: 	 lr: 0.00030000000000000073 	 Training loss: 0.04210861872881651
[2025-01-12 10:46:50,314] INFO: Iter 15600 Summary: 
[2025-01-12 10:46:50,314] INFO: 	 lr: 0.00030000000000000073 	 Training loss: 0.042162081636488435
[2025-01-12 10:46:58,036] INFO: Iter 15700 Summary: 
[2025-01-12 10:46:58,037] INFO: 	 lr: 0.00030000000000000073 	 Training loss: 0.042012224122881886
[2025-01-12 10:47:05,407] INFO: Iter 15800 Summary: 
[2025-01-12 10:47:05,407] INFO: 	 lr: 0.00030000000000000073 	 Training loss: 0.04202289421111345
[2025-01-12 10:47:13,415] INFO: Iter 15900 Summary: 
[2025-01-12 10:47:13,416] INFO: 	 lr: 0.00030000000000000073 	 Training loss: 0.04189066667109728
[2025-01-12 10:47:20,943] INFO: Iter 16000 Summary: 
[2025-01-12 10:47:20,943] INFO: 	 lr: 0.00030000000000000073 	 Training loss: 0.04165151510387659
[2025-01-12 10:47:30,927] INFO: Iter 16100 Summary: 
[2025-01-12 10:47:30,928] INFO: 	 lr: 0.00030000000000000073 	 Training loss: 0.041771757826209066
[2025-01-12 10:47:39,734] INFO: Iter 16200 Summary: 
[2025-01-12 10:47:39,734] INFO: 	 lr: 0.00030000000000000073 	 Training loss: 0.041792411170899865
[2025-01-12 10:47:46,979] INFO: Iter 16300 Summary: 
[2025-01-12 10:47:46,979] INFO: 	 lr: 0.00030000000000000073 	 Training loss: 0.04158381920307875
[2025-01-12 10:47:54,283] INFO: Iter 16400 Summary: 
[2025-01-12 10:47:54,283] INFO: 	 lr: 0.00030000000000000073 	 Training loss: 0.0420076697319746
[2025-01-12 10:48:01,364] INFO: Iter 16500 Summary: 
[2025-01-12 10:48:01,364] INFO: 	 lr: 0.00030000000000000073 	 Training loss: 0.04185917250812054
[2025-01-12 10:48:09,638] INFO: Iter 16600 Summary: 
[2025-01-12 10:48:09,638] INFO: 	 lr: 0.00030000000000000073 	 Training loss: 0.04204321458935738
[2025-01-12 10:48:18,002] INFO: Iter 16700 Summary: 
[2025-01-12 10:48:18,002] INFO: 	 lr: 0.00030000000000000073 	 Training loss: 0.04181496325880289
[2025-01-12 10:48:27,436] INFO: Iter 16800 Summary: 
[2025-01-12 10:48:27,436] INFO: 	 lr: 0.00030000000000000073 	 Training loss: 0.04182525739073753
[2025-01-12 10:48:36,410] INFO: Iter 16900 Summary: 
[2025-01-12 10:48:36,410] INFO: 	 lr: 0.00030000000000000073 	 Training loss: 0.041500884778797625
[2025-01-12 10:48:46,056] INFO: Iter 17000 Summary: 
[2025-01-12 10:48:46,056] INFO: 	 lr: 0.00030000000000000073 	 Training loss: 0.04159407183527947
[2025-01-12 10:48:54,214] INFO: Iter 17100 Summary: 
[2025-01-12 10:48:54,214] INFO: 	 lr: 0.00030000000000000073 	 Training loss: 0.04175164680927992
[2025-01-12 10:49:02,427] INFO: Iter 17200 Summary: 
[2025-01-12 10:49:02,427] INFO: 	 lr: 0.00030000000000000073 	 Training loss: 0.041710114367306234
[2025-01-12 10:49:11,218] INFO: Iter 17300 Summary: 
[2025-01-12 10:49:11,218] INFO: 	 lr: 0.00030000000000000073 	 Training loss: 0.041700844429433344
[2025-01-12 10:49:19,691] INFO: Iter 17400 Summary: 
[2025-01-12 10:49:19,692] INFO: 	 lr: 0.00030000000000000073 	 Training loss: 0.04173077408224344
[2025-01-12 10:49:27,398] INFO: Iter 17500 Summary: 
[2025-01-12 10:49:27,398] INFO: 	 lr: 0.00030000000000000073 	 Training loss: 0.041596400924026965
[2025-01-12 10:49:36,054] INFO: Iter 17600 Summary: 
[2025-01-12 10:49:36,054] INFO: 	 lr: 0.00030000000000000073 	 Training loss: 0.0416151063144207
[2025-01-12 10:49:43,816] INFO: Iter 17700 Summary: 
[2025-01-12 10:49:43,816] INFO: 	 lr: 0.00030000000000000073 	 Training loss: 0.04149976767599583
[2025-01-12 10:49:51,249] INFO: Iter 17800 Summary: 
[2025-01-12 10:49:51,250] INFO: 	 lr: 0.00030000000000000073 	 Training loss: 0.041327018328011035
[2025-01-12 10:49:58,945] INFO: Iter 17900 Summary: 
[2025-01-12 10:49:58,945] INFO: 	 lr: 0.00030000000000000073 	 Training loss: 0.04165978904813528
[2025-01-12 10:50:06,351] INFO: Iter 18000 Summary: 
[2025-01-12 10:50:06,351] INFO: 	 lr: 0.00030000000000000073 	 Training loss: 0.04127954307943583
[2025-01-12 10:50:15,191] INFO: Iter 18100 Summary: 
[2025-01-12 10:50:15,191] INFO: 	 lr: 0.00030000000000000073 	 Training loss: 0.04133963096886873
[2025-01-12 10:50:22,228] INFO: Iter 18200 Summary: 
[2025-01-12 10:50:22,229] INFO: 	 lr: 0.00030000000000000073 	 Training loss: 0.04161226503551006
[2025-01-12 10:50:29,251] INFO: Iter 18300 Summary: 
[2025-01-12 10:50:29,251] INFO: 	 lr: 0.00030000000000000073 	 Training loss: 0.041451372988522056
[2025-01-12 10:50:37,096] INFO: Iter 18400 Summary: 
[2025-01-12 10:50:37,097] INFO: 	 lr: 0.00030000000000000073 	 Training loss: 0.041788846664130685
[2025-01-12 10:50:45,787] INFO: Iter 18500 Summary: 
[2025-01-12 10:50:45,787] INFO: 	 lr: 0.00030000000000000073 	 Training loss: 0.041355162486433984
[2025-01-12 10:50:55,555] INFO: Iter 18600 Summary: 
[2025-01-12 10:50:55,555] INFO: 	 lr: 0.00030000000000000073 	 Training loss: 0.04152826935052872
[2025-01-12 10:51:04,492] INFO: Iter 18700 Summary: 
[2025-01-12 10:51:04,492] INFO: 	 lr: 0.00030000000000000073 	 Training loss: 0.04159187506884336
[2025-01-12 10:51:13,048] INFO: Iter 18800 Summary: 
[2025-01-12 10:51:13,048] INFO: 	 lr: 0.00030000000000000073 	 Training loss: 0.041596753112971785
[2025-01-12 10:51:20,946] INFO: Iter 18900 Summary: 
[2025-01-12 10:51:20,946] INFO: 	 lr: 0.00030000000000000073 	 Training loss: 0.04147560235112906
[2025-01-12 10:51:29,718] INFO: Iter 19000 Summary: 
[2025-01-12 10:51:29,718] INFO: 	 lr: 0.00030000000000000073 	 Training loss: 0.04128891732543707
[2025-01-12 10:51:36,761] INFO: Iter 19100 Summary: 
[2025-01-12 10:51:36,761] INFO: 	 lr: 0.00030000000000000073 	 Training loss: 0.04171748604625464
[2025-01-12 10:51:43,772] INFO: Iter 19200 Summary: 
[2025-01-12 10:51:43,772] INFO: 	 lr: 0.00030000000000000073 	 Training loss: 0.04127287294715643
[2025-01-12 10:51:51,297] INFO: Iter 19300 Summary: 
[2025-01-12 10:51:51,297] INFO: 	 lr: 0.00030000000000000073 	 Training loss: 0.041538887694478034
[2025-01-12 10:51:58,590] INFO: Iter 19400 Summary: 
[2025-01-12 10:51:58,590] INFO: 	 lr: 0.00030000000000000073 	 Training loss: 0.041200217083096506
[2025-01-12 10:52:05,600] INFO: Iter 19500 Summary: 
[2025-01-12 10:52:05,601] INFO: 	 lr: 0.00030000000000000073 	 Training loss: 0.041389088444411755
[2025-01-12 10:52:12,896] INFO: Iter 19600 Summary: 
[2025-01-12 10:52:12,896] INFO: 	 lr: 0.00030000000000000073 	 Training loss: 0.0415076956525445
[2025-01-12 10:52:19,931] INFO: Iter 19700 Summary: 
[2025-01-12 10:52:19,932] INFO: 	 lr: 0.00030000000000000073 	 Training loss: 0.041243218965828415
[2025-01-12 10:52:28,717] INFO: Iter 19800 Summary: 
[2025-01-12 10:52:28,717] INFO: 	 lr: 0.00030000000000000073 	 Training loss: 0.0410468016192317
[2025-01-12 10:52:37,663] INFO: Iter 19900 Summary: 
[2025-01-12 10:52:37,664] INFO: 	 lr: 0.00030000000000000073 	 Training loss: 0.0414164736494422
[2025-01-12 10:52:45,678] INFO: Iter 20000 Summary: 
[2025-01-12 10:52:45,679] INFO: 	 lr: 0.00030000000000000073 	 Training loss: 0.040885013341903684
[2025-01-12 10:52:54,556] INFO: Iter 20100 Summary: 
[2025-01-12 10:52:54,556] INFO: 	 lr: 0.00030000000000000073 	 Training loss: 0.04113103311508894
[2025-01-12 10:53:03,508] INFO: Iter 20200 Summary: 
[2025-01-12 10:53:03,508] INFO: 	 lr: 0.00030000000000000073 	 Training loss: 0.041464070193469524
[2025-01-12 10:53:10,599] INFO: Iter 20300 Summary: 
[2025-01-12 10:53:10,599] INFO: 	 lr: 0.00030000000000000073 	 Training loss: 0.041464085914194586
[2025-01-12 10:53:17,732] INFO: Iter 20400 Summary: 
[2025-01-12 10:53:17,732] INFO: 	 lr: 0.00030000000000000073 	 Training loss: 0.04093543481081724
[2025-01-12 10:53:24,738] INFO: Iter 20500 Summary: 
[2025-01-12 10:53:24,738] INFO: 	 lr: 0.00030000000000000073 	 Training loss: 0.04133008647710085
[2025-01-12 10:53:31,873] INFO: Iter 20600 Summary: 
[2025-01-12 10:53:31,873] INFO: 	 lr: 0.00030000000000000073 	 Training loss: 0.04125320069491863
[2025-01-12 10:53:39,480] INFO: Iter 20700 Summary: 
[2025-01-12 10:53:39,481] INFO: 	 lr: 0.00030000000000000073 	 Training loss: 0.04115596793591976
[2025-01-12 10:53:47,165] INFO: Iter 20800 Summary: 
[2025-01-12 10:53:47,166] INFO: 	 lr: 0.00030000000000000073 	 Training loss: 0.04096221625804901
[2025-01-12 10:53:55,183] INFO: Iter 20900 Summary: 
[2025-01-12 10:53:55,183] INFO: 	 lr: 0.00030000000000000073 	 Training loss: 0.04118394240736961
[2025-01-12 10:54:03,247] INFO: Iter 21000 Summary: 
[2025-01-12 10:54:03,247] INFO: 	 lr: 0.00030000000000000073 	 Training loss: 0.04172102726995945
[2025-01-12 10:54:12,502] INFO: Iter 21100 Summary: 
[2025-01-12 10:54:12,503] INFO: 	 lr: 0.00030000000000000073 	 Training loss: 0.04104808665812015
[2025-01-12 10:54:20,752] INFO: Iter 21200 Summary: 
[2025-01-12 10:54:20,753] INFO: 	 lr: 0.00030000000000000073 	 Training loss: 0.041121954806149004
[2025-01-12 10:54:29,473] INFO: Iter 21300 Summary: 
[2025-01-12 10:54:29,473] INFO: 	 lr: 0.00030000000000000073 	 Training loss: 0.04090572159737348
[2025-01-12 10:54:39,035] INFO: Iter 21400 Summary: 
[2025-01-12 10:54:39,037] INFO: 	 lr: 0.00030000000000000073 	 Training loss: 0.04119588568806648
[2025-01-12 10:54:47,713] INFO: Iter 21500 Summary: 
[2025-01-12 10:54:47,713] INFO: 	 lr: 0.00030000000000000073 	 Training loss: 0.041049843914806844
[2025-01-12 10:54:54,753] INFO: Iter 21600 Summary: 
[2025-01-12 10:54:54,753] INFO: 	 lr: 0.00030000000000000073 	 Training loss: 0.041052246801555156
[2025-01-12 10:55:01,734] INFO: Iter 21700 Summary: 
[2025-01-12 10:55:01,735] INFO: 	 lr: 0.00030000000000000073 	 Training loss: 0.04086005203425884
[2025-01-12 10:55:08,814] INFO: Iter 21800 Summary: 
[2025-01-12 10:55:08,814] INFO: 	 lr: 0.00030000000000000073 	 Training loss: 0.04103583440184593
[2025-01-12 10:55:15,805] INFO: Iter 21900 Summary: 
[2025-01-12 10:55:15,805] INFO: 	 lr: 0.00030000000000000073 	 Training loss: 0.041171565242111685
[2025-01-12 10:55:22,854] INFO: Iter 22000 Summary: 
[2025-01-12 10:55:22,854] INFO: 	 lr: 0.00030000000000000073 	 Training loss: 0.0408890238404274
[2025-01-12 10:55:32,890] INFO: Iter 22100 Summary: 
[2025-01-12 10:55:32,890] INFO: 	 lr: 0.00030000000000000073 	 Training loss: 0.04071672845631838
[2025-01-12 10:55:40,248] INFO: Iter 22200 Summary: 
[2025-01-12 10:55:40,248] INFO: 	 lr: 0.00030000000000000073 	 Training loss: 0.041027701571583745
[2025-01-12 10:55:47,679] INFO: Iter 22300 Summary: 
[2025-01-12 10:55:47,679] INFO: 	 lr: 0.00030000000000000073 	 Training loss: 0.040737347677350044
[2025-01-12 10:55:55,242] INFO: Iter 22400 Summary: 
[2025-01-12 10:55:55,242] INFO: 	 lr: 0.00030000000000000073 	 Training loss: 0.041004579588770865
[2025-01-12 10:56:02,520] INFO: Iter 22500 Summary: 
[2025-01-12 10:56:02,520] INFO: 	 lr: 0.00030000000000000073 	 Training loss: 0.04127170670777559
[2025-01-12 10:56:09,755] INFO: Iter 22600 Summary: 
[2025-01-12 10:56:09,755] INFO: 	 lr: 0.00030000000000000073 	 Training loss: 0.041216533333063125
[2025-01-12 10:56:17,323] INFO: Iter 22700 Summary: 
[2025-01-12 10:56:17,323] INFO: 	 lr: 0.00030000000000000073 	 Training loss: 0.041035621985793115
[2025-01-12 10:56:25,243] INFO: Iter 22800 Summary: 
[2025-01-12 10:56:25,244] INFO: 	 lr: 0.00030000000000000073 	 Training loss: 0.04095283512026072
[2025-01-12 10:56:32,314] INFO: Iter 22900 Summary: 
[2025-01-12 10:56:32,314] INFO: 	 lr: 0.00030000000000000073 	 Training loss: 0.04085579786449671
[2025-01-12 10:56:39,785] INFO: Iter 23000 Summary: 
[2025-01-12 10:56:39,786] INFO: 	 lr: 0.00030000000000000073 	 Training loss: 0.04084264568984509
[2025-01-12 10:56:46,723] INFO: Iter 23100 Summary: 
[2025-01-12 10:56:46,723] INFO: 	 lr: 0.00030000000000000073 	 Training loss: 0.0408439189940691
[2025-01-12 10:56:53,861] INFO: Iter 23200 Summary: 
[2025-01-12 10:56:53,862] INFO: 	 lr: 0.00030000000000000073 	 Training loss: 0.04082281265407801
[2025-01-12 10:57:01,168] INFO: Iter 23300 Summary: 
[2025-01-12 10:57:01,169] INFO: 	 lr: 0.00030000000000000073 	 Training loss: 0.04099437963217497
[2025-01-12 10:57:09,449] INFO: Iter 23400 Summary: 
[2025-01-12 10:57:09,450] INFO: 	 lr: 0.00030000000000000073 	 Training loss: 0.04080096159130335
[2025-01-12 10:57:17,141] INFO: Iter 23500 Summary: 
[2025-01-12 10:57:17,141] INFO: 	 lr: 0.00030000000000000073 	 Training loss: 0.04087203446775675
[2025-01-12 10:57:24,641] INFO: Iter 23600 Summary: 
[2025-01-12 10:57:24,641] INFO: 	 lr: 0.00030000000000000073 	 Training loss: 0.04099465940147638
[2025-01-12 10:57:32,147] INFO: Iter 23700 Summary: 
[2025-01-12 10:57:32,148] INFO: 	 lr: 0.00030000000000000073 	 Training loss: 0.04064328700304031
[2025-01-12 10:57:39,132] INFO: Iter 23800 Summary: 
[2025-01-12 10:57:39,132] INFO: 	 lr: 0.00030000000000000073 	 Training loss: 0.04089891202747822
[2025-01-12 10:57:46,288] INFO: Iter 23900 Summary: 
[2025-01-12 10:57:46,289] INFO: 	 lr: 0.00030000000000000073 	 Training loss: 0.040814544819295404
[2025-01-12 10:57:53,242] INFO: Iter 24000 Summary: 
[2025-01-12 10:57:53,242] INFO: 	 lr: 0.00030000000000000073 	 Training loss: 0.04084015931934118
[2025-01-12 10:58:02,831] INFO: Iter 24100 Summary: 
[2025-01-12 10:58:02,831] INFO: 	 lr: 0.00030000000000000073 	 Training loss: 0.040828906521201136
[2025-01-12 10:58:09,886] INFO: Iter 24200 Summary: 
[2025-01-12 10:58:09,887] INFO: 	 lr: 0.00030000000000000073 	 Training loss: 0.040914280600845815
[2025-01-12 10:58:17,066] INFO: Iter 24300 Summary: 
[2025-01-12 10:58:17,067] INFO: 	 lr: 0.00030000000000000073 	 Training loss: 0.040923675931990144
[2025-01-12 10:58:24,140] INFO: Iter 24400 Summary: 
[2025-01-12 10:58:24,141] INFO: 	 lr: 0.00030000000000000073 	 Training loss: 0.04079229243099689
[2025-01-12 10:58:31,413] INFO: Iter 24500 Summary: 
[2025-01-12 10:58:31,413] INFO: 	 lr: 0.00030000000000000073 	 Training loss: 0.04093325946480036
[2025-01-12 10:58:38,902] INFO: Iter 24600 Summary: 
[2025-01-12 10:58:38,902] INFO: 	 lr: 0.00030000000000000073 	 Training loss: 0.04065001517534256
[2025-01-12 10:58:47,748] INFO: Iter 24700 Summary: 
[2025-01-12 10:58:47,748] INFO: 	 lr: 0.00030000000000000073 	 Training loss: 0.040760719738900664
[2025-01-12 10:58:55,482] INFO: Iter 24800 Summary: 
[2025-01-12 10:58:55,482] INFO: 	 lr: 0.00030000000000000073 	 Training loss: 0.04061209708452225
[2025-01-12 10:59:02,797] INFO: Iter 24900 Summary: 
[2025-01-12 10:59:02,797] INFO: 	 lr: 0.00030000000000000073 	 Training loss: 0.04062575597316027
[2025-01-12 10:59:10,050] INFO: Iter 25000 Summary: 
[2025-01-12 10:59:10,050] INFO: 	 lr: 0.00030000000000000073 	 Training loss: 0.04071385256946087
[2025-01-12 10:59:17,223] INFO: Iter 25100 Summary: 
[2025-01-12 10:59:17,223] INFO: 	 lr: 0.00030000000000000073 	 Training loss: 0.040679566003382205
[2025-01-12 10:59:24,068] INFO: Iter 25200 Summary: 
[2025-01-12 10:59:24,068] INFO: 	 lr: 0.00030000000000000073 	 Training loss: 0.04106263414025307
[2025-01-12 10:59:31,452] INFO: Iter 25300 Summary: 
[2025-01-12 10:59:31,453] INFO: 	 lr: 0.00030000000000000073 	 Training loss: 0.04064377006143331
[2025-01-12 10:59:38,654] INFO: Iter 25400 Summary: 
[2025-01-12 10:59:38,654] INFO: 	 lr: 0.00030000000000000073 	 Training loss: 0.04080976527184248
[2025-01-12 10:59:46,242] INFO: Iter 25500 Summary: 
[2025-01-12 10:59:46,243] INFO: 	 lr: 0.00030000000000000073 	 Training loss: 0.04058884650468826
[2025-01-12 10:59:53,707] INFO: Iter 25600 Summary: 
[2025-01-12 10:59:53,707] INFO: 	 lr: 0.00030000000000000073 	 Training loss: 0.0407447698712349
[2025-01-12 11:00:00,704] INFO: Iter 25700 Summary: 
[2025-01-12 11:00:00,704] INFO: 	 lr: 0.00030000000000000073 	 Training loss: 0.04063376434147358
[2025-01-12 11:00:07,646] INFO: Iter 25800 Summary: 
[2025-01-12 11:00:07,647] INFO: 	 lr: 0.00030000000000000073 	 Training loss: 0.04081985030323267
[2025-01-12 11:00:14,663] INFO: Iter 25900 Summary: 
[2025-01-12 11:00:14,663] INFO: 	 lr: 0.00030000000000000073 	 Training loss: 0.040686836391687395
[2025-01-12 11:00:22,283] INFO: Iter 26000 Summary: 
[2025-01-12 11:00:22,283] INFO: 	 lr: 0.00030000000000000073 	 Training loss: 0.04072163835167885
[2025-01-12 11:00:31,658] INFO: Iter 26100 Summary: 
[2025-01-12 11:00:31,658] INFO: 	 lr: 0.00030000000000000073 	 Training loss: 0.04078332606703043
[2025-01-12 11:00:39,747] INFO: Iter 26200 Summary: 
[2025-01-12 11:00:39,747] INFO: 	 lr: 0.00030000000000000073 	 Training loss: 0.040688682720065115
[2025-01-12 11:00:46,950] INFO: Iter 26300 Summary: 
[2025-01-12 11:00:46,950] INFO: 	 lr: 0.00030000000000000073 	 Training loss: 0.0407116749882698
[2025-01-12 11:00:54,159] INFO: Iter 26400 Summary: 
[2025-01-12 11:00:54,159] INFO: 	 lr: 0.00030000000000000073 	 Training loss: 0.04053113076835871
[2025-01-12 11:01:01,313] INFO: Iter 26500 Summary: 
[2025-01-12 11:01:01,314] INFO: 	 lr: 0.00030000000000000073 	 Training loss: 0.04054313320666551
[2025-01-12 11:01:08,610] INFO: Iter 26600 Summary: 
[2025-01-12 11:01:08,610] INFO: 	 lr: 0.00030000000000000073 	 Training loss: 0.04062776006758213
[2025-01-12 11:01:15,720] INFO: Iter 26700 Summary: 
[2025-01-12 11:01:15,720] INFO: 	 lr: 0.00030000000000000073 	 Training loss: 0.04089108880609274
[2025-01-12 11:01:22,679] INFO: Iter 26800 Summary: 
[2025-01-12 11:01:22,680] INFO: 	 lr: 0.00030000000000000073 	 Training loss: 0.04058340977877378
[2025-01-12 11:01:30,178] INFO: Iter 26900 Summary: 
[2025-01-12 11:01:30,179] INFO: 	 lr: 0.00030000000000000073 	 Training loss: 0.040548975802958014
[2025-01-12 11:01:37,476] INFO: Iter 27000 Summary: 
[2025-01-12 11:01:37,476] INFO: 	 lr: 0.00030000000000000073 	 Training loss: 0.04050929635763168
[2025-01-12 11:01:44,933] INFO: Iter 27100 Summary: 
[2025-01-12 11:01:44,933] INFO: 	 lr: 0.00030000000000000073 	 Training loss: 0.04061337471008301
[2025-01-12 11:01:51,955] INFO: Iter 27200 Summary: 
[2025-01-12 11:01:51,955] INFO: 	 lr: 0.00030000000000000073 	 Training loss: 0.04078399758785963
[2025-01-12 11:01:59,064] INFO: Iter 27300 Summary: 
[2025-01-12 11:01:59,064] INFO: 	 lr: 0.00030000000000000073 	 Training loss: 0.0408100363612175
[2025-01-12 11:02:06,064] INFO: Iter 27400 Summary: 
[2025-01-12 11:02:06,064] INFO: 	 lr: 0.00030000000000000073 	 Training loss: 0.040632644928991796
[2025-01-12 11:02:13,069] INFO: Iter 27500 Summary: 
[2025-01-12 11:02:13,070] INFO: 	 lr: 0.00030000000000000073 	 Training loss: 0.04057134497910738
[2025-01-12 11:02:20,611] INFO: Iter 27600 Summary: 
[2025-01-12 11:02:20,612] INFO: 	 lr: 0.00030000000000000073 	 Training loss: 0.04054389607161284
[2025-01-12 11:02:27,903] INFO: Iter 27700 Summary: 
[2025-01-12 11:02:27,903] INFO: 	 lr: 0.00030000000000000073 	 Training loss: 0.04035794023424387
[2025-01-12 11:02:34,935] INFO: Iter 27800 Summary: 
[2025-01-12 11:02:34,935] INFO: 	 lr: 0.00030000000000000073 	 Training loss: 0.04049909703433514
[2025-01-12 11:02:42,475] INFO: Iter 27900 Summary: 
[2025-01-12 11:02:42,475] INFO: 	 lr: 0.00030000000000000073 	 Training loss: 0.04056486889719963
[2025-01-12 11:02:51,521] INFO: Iter 28000 Summary: 
[2025-01-12 11:02:51,522] INFO: 	 lr: 0.00030000000000000073 	 Training loss: 0.04060143195092678
[2025-01-12 11:03:00,567] INFO: Iter 28100 Summary: 
[2025-01-12 11:03:00,567] INFO: 	 lr: 0.00030000000000000073 	 Training loss: 0.04020084474235773
[2025-01-12 11:03:07,691] INFO: Iter 28200 Summary: 
[2025-01-12 11:03:07,691] INFO: 	 lr: 0.00030000000000000073 	 Training loss: 0.04049246869981289
[2025-01-12 11:03:15,728] INFO: Iter 28300 Summary: 
[2025-01-12 11:03:15,728] INFO: 	 lr: 0.00030000000000000073 	 Training loss: 0.040367970913648604
[2025-01-12 11:03:23,124] INFO: Iter 28400 Summary: 
[2025-01-12 11:03:23,124] INFO: 	 lr: 0.00030000000000000073 	 Training loss: 0.0404962271079421
[2025-01-12 11:03:30,278] INFO: Iter 28500 Summary: 
[2025-01-12 11:03:30,278] INFO: 	 lr: 0.00030000000000000073 	 Training loss: 0.04033951796591282
[2025-01-12 11:03:37,310] INFO: Iter 28600 Summary: 
[2025-01-12 11:03:37,310] INFO: 	 lr: 0.00030000000000000073 	 Training loss: 0.040492336191236974
[2025-01-12 11:03:44,233] INFO: Iter 28700 Summary: 
[2025-01-12 11:03:44,233] INFO: 	 lr: 0.00030000000000000073 	 Training loss: 0.040821426920592783
[2025-01-12 11:03:51,284] INFO: Iter 28800 Summary: 
[2025-01-12 11:03:51,284] INFO: 	 lr: 0.00030000000000000073 	 Training loss: 0.04067259579896927
[2025-01-12 11:03:58,827] INFO: Iter 28900 Summary: 
[2025-01-12 11:03:58,827] INFO: 	 lr: 0.00030000000000000073 	 Training loss: 0.04048936400562525
[2025-01-12 11:04:05,818] INFO: Iter 29000 Summary: 
[2025-01-12 11:04:05,818] INFO: 	 lr: 0.00030000000000000073 	 Training loss: 0.040532121770083904
[2025-01-12 11:04:12,884] INFO: Iter 29100 Summary: 
[2025-01-12 11:04:12,885] INFO: 	 lr: 0.00030000000000000073 	 Training loss: 0.04053845163434744
[2025-01-12 11:04:19,885] INFO: Iter 29200 Summary: 
[2025-01-12 11:04:19,885] INFO: 	 lr: 0.00030000000000000073 	 Training loss: 0.04039350531995296
[2025-01-12 11:04:26,904] INFO: Iter 29300 Summary: 
[2025-01-12 11:04:26,904] INFO: 	 lr: 0.00030000000000000073 	 Training loss: 0.04041414085775614
[2025-01-12 11:04:34,068] INFO: Iter 29400 Summary: 
[2025-01-12 11:04:34,068] INFO: 	 lr: 0.00030000000000000073 	 Training loss: 0.04051639024168253
[2025-01-12 11:04:41,144] INFO: Iter 29500 Summary: 
[2025-01-12 11:04:41,144] INFO: 	 lr: 0.00030000000000000073 	 Training loss: 0.04026750076562166
[2025-01-12 11:04:48,664] INFO: Iter 29600 Summary: 
[2025-01-12 11:04:48,664] INFO: 	 lr: 0.00030000000000000073 	 Training loss: 0.04076335232704878
[2025-01-12 11:04:56,060] INFO: Iter 29700 Summary: 
[2025-01-12 11:04:56,060] INFO: 	 lr: 0.00030000000000000073 	 Training loss: 0.03995912846177816
[2025-01-12 11:05:03,115] INFO: Iter 29800 Summary: 
[2025-01-12 11:05:03,115] INFO: 	 lr: 0.00030000000000000073 	 Training loss: 0.04048915356397629
[2025-01-12 11:05:10,093] INFO: Iter 29900 Summary: 
[2025-01-12 11:05:10,093] INFO: 	 lr: 0.00030000000000000073 	 Training loss: 0.040551211275160315
[2025-01-12 11:05:17,140] INFO: Iter 30000 Summary: 
[2025-01-12 11:05:17,141] INFO: 	 lr: 0.00030000000000000073 	 Training loss: 0.04006114613264799
[2025-01-12 11:05:26,131] INFO: Iter 30100 Summary: 
[2025-01-12 11:05:26,131] INFO: 	 lr: 1.2900000000000026e-05 	 Training loss: 0.039896429143846036
[2025-01-12 11:05:33,325] INFO: Iter 30200 Summary: 
[2025-01-12 11:05:33,326] INFO: 	 lr: 1.000000000000002e-05 	 Training loss: 0.03907614000141621
[2025-01-12 11:05:42,344] INFO: Iter 30300 Summary: 
[2025-01-12 11:05:42,344] INFO: 	 lr: 1.000000000000002e-05 	 Training loss: 0.038887022770941256
[2025-01-12 11:05:52,491] INFO: Iter 30400 Summary: 
[2025-01-12 11:05:52,491] INFO: 	 lr: 1.000000000000002e-05 	 Training loss: 0.039105014614760875
[2025-01-12 11:05:59,778] INFO: Iter 30500 Summary: 
[2025-01-12 11:05:59,778] INFO: 	 lr: 1.000000000000002e-05 	 Training loss: 0.03877425421029329
[2025-01-12 11:06:06,937] INFO: Iter 30600 Summary: 
[2025-01-12 11:06:06,937] INFO: 	 lr: 1.000000000000002e-05 	 Training loss: 0.038796077109873296
[2025-01-12 11:06:14,152] INFO: Iter 30700 Summary: 
[2025-01-12 11:06:14,152] INFO: 	 lr: 1.000000000000002e-05 	 Training loss: 0.03868586640805006
[2025-01-12 11:06:21,252] INFO: Iter 30800 Summary: 
[2025-01-12 11:06:21,253] INFO: 	 lr: 1.000000000000002e-05 	 Training loss: 0.03867394365370273
[2025-01-12 11:06:28,350] INFO: Iter 30900 Summary: 
[2025-01-12 11:06:28,350] INFO: 	 lr: 1.000000000000002e-05 	 Training loss: 0.03858792435377836
[2025-01-12 11:06:35,990] INFO: Iter 31000 Summary: 
[2025-01-12 11:06:35,990] INFO: 	 lr: 1.000000000000002e-05 	 Training loss: 0.03877129834145308
[2025-01-12 11:06:43,282] INFO: Iter 31100 Summary: 
[2025-01-12 11:06:43,282] INFO: 	 lr: 1.000000000000002e-05 	 Training loss: 0.038466656245291234
[2025-01-12 11:06:53,046] INFO: Iter 31200 Summary: 
[2025-01-12 11:06:53,047] INFO: 	 lr: 1.000000000000002e-05 	 Training loss: 0.03851048577576876
[2025-01-12 11:07:02,626] INFO: Iter 31300 Summary: 
[2025-01-12 11:07:02,627] INFO: 	 lr: 1.000000000000002e-05 	 Training loss: 0.03835403610020876
[2025-01-12 11:07:09,894] INFO: Iter 31400 Summary: 
[2025-01-12 11:07:09,894] INFO: 	 lr: 1.000000000000002e-05 	 Training loss: 0.03863867249339819
[2025-01-12 11:07:16,860] INFO: Iter 31500 Summary: 
[2025-01-12 11:07:16,860] INFO: 	 lr: 1.000000000000002e-05 	 Training loss: 0.038810972459614276
[2025-01-12 11:07:23,857] INFO: Iter 31600 Summary: 
[2025-01-12 11:07:23,857] INFO: 	 lr: 1.000000000000002e-05 	 Training loss: 0.03850770533084869
[2025-01-12 11:07:31,575] INFO: Iter 31700 Summary: 
[2025-01-12 11:07:31,575] INFO: 	 lr: 1.000000000000002e-05 	 Training loss: 0.03834125552326441
[2025-01-12 11:07:38,697] INFO: Iter 31800 Summary: 
[2025-01-12 11:07:38,698] INFO: 	 lr: 1.000000000000002e-05 	 Training loss: 0.038640688844025134
[2025-01-12 11:07:45,889] INFO: Iter 31900 Summary: 
[2025-01-12 11:07:45,890] INFO: 	 lr: 1.000000000000002e-05 	 Training loss: 0.0383955404907465
[2025-01-12 11:07:52,796] INFO: Iter 32000 Summary: 
[2025-01-12 11:07:52,796] INFO: 	 lr: 1.000000000000002e-05 	 Training loss: 0.03877758853137493
[2025-01-12 11:08:02,011] INFO: Iter 32100 Summary: 
[2025-01-12 11:08:02,012] INFO: 	 lr: 1.000000000000002e-05 	 Training loss: 0.03833512280136347
[2025-01-12 11:08:10,506] INFO: Iter 32200 Summary: 
[2025-01-12 11:08:10,506] INFO: 	 lr: 1.000000000000002e-05 	 Training loss: 0.0383749845251441
[2025-01-12 11:08:17,991] INFO: Iter 32300 Summary: 
[2025-01-12 11:08:17,991] INFO: 	 lr: 1.000000000000002e-05 	 Training loss: 0.038342962898314
[2025-01-12 11:08:27,884] INFO: Iter 32400 Summary: 
[2025-01-12 11:08:27,885] INFO: 	 lr: 1.000000000000002e-05 	 Training loss: 0.03834170825779438
[2025-01-12 11:08:35,143] INFO: Iter 32500 Summary: 
[2025-01-12 11:08:35,144] INFO: 	 lr: 1.000000000000002e-05 	 Training loss: 0.03839788366109133
[2025-01-12 11:08:42,374] INFO: Iter 32600 Summary: 
[2025-01-12 11:08:42,375] INFO: 	 lr: 1.000000000000002e-05 	 Training loss: 0.038056421764194964
[2025-01-12 11:08:49,659] INFO: Iter 32700 Summary: 
[2025-01-12 11:08:49,659] INFO: 	 lr: 1.000000000000002e-05 	 Training loss: 0.03827712122350931
[2025-01-12 11:08:57,036] INFO: Iter 32800 Summary: 
[2025-01-12 11:08:57,036] INFO: 	 lr: 1.000000000000002e-05 	 Training loss: 0.03831726185977459
[2025-01-12 11:09:04,923] INFO: Iter 32900 Summary: 
[2025-01-12 11:09:04,923] INFO: 	 lr: 1.000000000000002e-05 	 Training loss: 0.03851900920271874
[2025-01-12 11:09:13,788] INFO: Iter 33000 Summary: 
[2025-01-12 11:09:13,788] INFO: 	 lr: 1.000000000000002e-05 	 Training loss: 0.03878306925296784
[2025-01-12 11:09:22,837] INFO: Iter 33100 Summary: 
[2025-01-12 11:09:22,837] INFO: 	 lr: 1.000000000000002e-05 	 Training loss: 0.03813595324754715
[2025-01-12 11:09:33,559] INFO: Iter 33200 Summary: 
[2025-01-12 11:09:33,559] INFO: 	 lr: 1.000000000000002e-05 	 Training loss: 0.038580431528389456
[2025-01-12 11:09:41,495] INFO: Iter 33300 Summary: 
[2025-01-12 11:09:41,496] INFO: 	 lr: 1.000000000000002e-05 	 Training loss: 0.038169029951095584
[2025-01-12 11:09:49,459] INFO: Iter 33400 Summary: 
[2025-01-12 11:09:49,459] INFO: 	 lr: 1.000000000000002e-05 	 Training loss: 0.03840597186237574
[2025-01-12 11:09:57,425] INFO: Iter 33500 Summary: 
[2025-01-12 11:09:57,425] INFO: 	 lr: 1.000000000000002e-05 	 Training loss: 0.03830000538378954
[2025-01-12 11:10:05,335] INFO: Iter 33600 Summary: 
[2025-01-12 11:10:05,336] INFO: 	 lr: 1.000000000000002e-05 	 Training loss: 0.038332137688994405
[2025-01-12 11:10:13,469] INFO: Iter 33700 Summary: 
[2025-01-12 11:10:13,469] INFO: 	 lr: 1.000000000000002e-05 	 Training loss: 0.038204762004315856
[2025-01-12 11:10:23,615] INFO: Iter 33800 Summary: 
[2025-01-12 11:10:23,616] INFO: 	 lr: 1.000000000000002e-05 	 Training loss: 0.03825310036540031
[2025-01-12 11:10:31,059] INFO: Iter 33900 Summary: 
[2025-01-12 11:10:31,059] INFO: 	 lr: 1.000000000000002e-05 	 Training loss: 0.038339289873838424
[2025-01-12 11:10:38,453] INFO: Iter 34000 Summary: 
[2025-01-12 11:10:38,453] INFO: 	 lr: 1.000000000000002e-05 	 Training loss: 0.037933967597782614
[2025-01-12 11:10:47,354] INFO: Iter 34100 Summary: 
[2025-01-12 11:10:47,354] INFO: 	 lr: 1.000000000000002e-05 	 Training loss: 0.03819854885339737
[2025-01-12 11:10:54,364] INFO: Iter 34200 Summary: 
[2025-01-12 11:10:54,364] INFO: 	 lr: 1.000000000000002e-05 	 Training loss: 0.03834783274680376
[2025-01-12 11:11:01,390] INFO: Iter 34300 Summary: 
[2025-01-12 11:11:01,390] INFO: 	 lr: 1.000000000000002e-05 	 Training loss: 0.03845811627805233
[2025-01-12 11:11:08,838] INFO: Iter 34400 Summary: 
[2025-01-12 11:11:08,838] INFO: 	 lr: 1.000000000000002e-05 	 Training loss: 0.03824924692511558
[2025-01-12 11:11:16,693] INFO: Iter 34500 Summary: 
[2025-01-12 11:11:16,693] INFO: 	 lr: 1.000000000000002e-05 	 Training loss: 0.038312536813318726
[2025-01-12 11:11:24,001] INFO: Iter 34600 Summary: 
[2025-01-12 11:11:24,002] INFO: 	 lr: 1.000000000000002e-05 	 Training loss: 0.03805339425802231
[2025-01-12 11:11:31,335] INFO: Iter 34700 Summary: 
[2025-01-12 11:11:31,335] INFO: 	 lr: 1.000000000000002e-05 	 Training loss: 0.03865000795572996
[2025-01-12 11:11:38,735] INFO: Iter 34800 Summary: 
[2025-01-12 11:11:38,735] INFO: 	 lr: 1.000000000000002e-05 	 Training loss: 0.03818119991570711
[2025-01-12 11:11:49,171] INFO: Iter 34900 Summary: 
[2025-01-12 11:11:49,172] INFO: 	 lr: 1.000000000000002e-05 	 Training loss: 0.0383519234508276
[2025-01-12 11:11:56,861] INFO: Iter 35000 Summary: 
[2025-01-12 11:11:56,862] INFO: 	 lr: 1.000000000000002e-05 	 Training loss: 0.0382757031917572
[2025-01-12 11:12:04,300] INFO: Iter 35100 Summary: 
[2025-01-12 11:12:04,301] INFO: 	 lr: 1.000000000000002e-05 	 Training loss: 0.03820954877883196
[2025-01-12 11:12:11,346] INFO: Iter 35200 Summary: 
[2025-01-12 11:12:11,347] INFO: 	 lr: 1.000000000000002e-05 	 Training loss: 0.038356496505439285
[2025-01-12 11:12:18,410] INFO: Iter 35300 Summary: 
[2025-01-12 11:12:18,411] INFO: 	 lr: 1.000000000000002e-05 	 Training loss: 0.038087616302073
[2025-01-12 11:12:25,519] INFO: Iter 35400 Summary: 
[2025-01-12 11:12:25,520] INFO: 	 lr: 1.000000000000002e-05 	 Training loss: 0.03851487211883068
[2025-01-12 11:12:32,816] INFO: Iter 35500 Summary: 
[2025-01-12 11:12:32,816] INFO: 	 lr: 1.000000000000002e-05 	 Training loss: 0.03806362822651863
[2025-01-12 11:12:40,224] INFO: Iter 35600 Summary: 
[2025-01-12 11:12:40,224] INFO: 	 lr: 1.000000000000002e-05 	 Training loss: 0.03814438324421644
[2025-01-12 11:12:47,324] INFO: Iter 35700 Summary: 
[2025-01-12 11:12:47,325] INFO: 	 lr: 1.000000000000002e-05 	 Training loss: 0.03820321049541235
[2025-01-12 11:12:55,119] INFO: Iter 35800 Summary: 
[2025-01-12 11:12:55,120] INFO: 	 lr: 1.000000000000002e-05 	 Training loss: 0.03789825238287449
[2025-01-12 11:13:04,742] INFO: Iter 35900 Summary: 
[2025-01-12 11:13:04,742] INFO: 	 lr: 1.000000000000002e-05 	 Training loss: 0.03792123723775148
[2025-01-12 11:13:13,266] INFO: Iter 36000 Summary: 
[2025-01-12 11:13:13,266] INFO: 	 lr: 1.000000000000002e-05 	 Training loss: 0.038214443698525426
[2025-01-12 11:13:25,418] INFO: Iter 36100 Summary: 
[2025-01-12 11:13:25,419] INFO: 	 lr: 1.000000000000002e-05 	 Training loss: 0.037864362411201
[2025-01-12 11:13:34,390] INFO: Iter 36200 Summary: 
[2025-01-12 11:13:34,390] INFO: 	 lr: 1.000000000000002e-05 	 Training loss: 0.038310492597520354
[2025-01-12 11:13:44,518] INFO: Iter 36300 Summary: 
[2025-01-12 11:13:44,519] INFO: 	 lr: 1.000000000000002e-05 	 Training loss: 0.03836107350885868
[2025-01-12 11:13:51,881] INFO: Iter 36400 Summary: 
[2025-01-12 11:13:51,882] INFO: 	 lr: 1.000000000000002e-05 	 Training loss: 0.038304861076176165
[2025-01-12 11:13:59,499] INFO: Iter 36500 Summary: 
[2025-01-12 11:13:59,499] INFO: 	 lr: 1.000000000000002e-05 	 Training loss: 0.038198162280023096
[2025-01-12 11:14:06,460] INFO: Iter 36600 Summary: 
[2025-01-12 11:14:06,460] INFO: 	 lr: 1.000000000000002e-05 	 Training loss: 0.037789948880672455
[2025-01-12 11:14:13,588] INFO: Iter 36700 Summary: 
[2025-01-12 11:14:13,588] INFO: 	 lr: 1.000000000000002e-05 	 Training loss: 0.037972943894565105
[2025-01-12 11:14:20,697] INFO: Iter 36800 Summary: 
[2025-01-12 11:14:20,698] INFO: 	 lr: 1.000000000000002e-05 	 Training loss: 0.038292082846164706
[2025-01-12 11:14:27,799] INFO: Iter 36900 Summary: 
[2025-01-12 11:14:27,799] INFO: 	 lr: 1.000000000000002e-05 	 Training loss: 0.03842310268431902
[2025-01-12 11:14:35,727] INFO: Iter 37000 Summary: 
[2025-01-12 11:14:35,727] INFO: 	 lr: 1.000000000000002e-05 	 Training loss: 0.03821693994104862
[2025-01-12 11:14:44,242] INFO: Iter 37100 Summary: 
[2025-01-12 11:14:44,242] INFO: 	 lr: 1.000000000000002e-05 	 Training loss: 0.038153117150068284
[2025-01-12 11:14:54,615] INFO: Iter 37200 Summary: 
[2025-01-12 11:14:54,615] INFO: 	 lr: 1.000000000000002e-05 	 Training loss: 0.038035336546599866
[2025-01-12 11:15:01,866] INFO: Iter 37300 Summary: 
[2025-01-12 11:15:01,866] INFO: 	 lr: 1.000000000000002e-05 	 Training loss: 0.03806558139622211
[2025-01-12 11:15:10,733] INFO: Iter 37400 Summary: 
[2025-01-12 11:15:10,733] INFO: 	 lr: 1.000000000000002e-05 	 Training loss: 0.03839675098657608
[2025-01-12 11:15:20,196] INFO: Iter 37500 Summary: 
[2025-01-12 11:15:20,196] INFO: 	 lr: 1.000000000000002e-05 	 Training loss: 0.03812004614621401
[2025-01-12 11:15:27,203] INFO: Iter 37600 Summary: 
[2025-01-12 11:15:27,204] INFO: 	 lr: 1.000000000000002e-05 	 Training loss: 0.03779782522469759
[2025-01-12 11:15:34,164] INFO: Iter 37700 Summary: 
[2025-01-12 11:15:34,164] INFO: 	 lr: 1.000000000000002e-05 	 Training loss: 0.03805544827133417
[2025-01-12 11:15:42,816] INFO: Iter 37800 Summary: 
[2025-01-12 11:15:42,816] INFO: 	 lr: 1.000000000000002e-05 	 Training loss: 0.03799424935132265
[2025-01-12 11:15:54,425] INFO: Iter 37900 Summary: 
[2025-01-12 11:15:54,426] INFO: 	 lr: 1.000000000000002e-05 	 Training loss: 0.03804412912577391
[2025-01-12 11:16:02,960] INFO: Iter 38000 Summary: 
[2025-01-12 11:16:02,961] INFO: 	 lr: 1.000000000000002e-05 	 Training loss: 0.03807759445160627
[2025-01-12 11:16:12,699] INFO: Iter 38100 Summary: 
[2025-01-12 11:16:12,700] INFO: 	 lr: 1.000000000000002e-05 	 Training loss: 0.038019702807068824
[2025-01-12 11:16:21,708] INFO: Iter 38200 Summary: 
[2025-01-12 11:16:21,709] INFO: 	 lr: 1.000000000000002e-05 	 Training loss: 0.03818568516522646
[2025-01-12 11:16:32,381] INFO: Iter 38300 Summary: 
[2025-01-12 11:16:32,381] INFO: 	 lr: 1.000000000000002e-05 	 Training loss: 0.03783412728458643
[2025-01-12 11:16:40,133] INFO: Iter 38400 Summary: 
[2025-01-12 11:16:40,133] INFO: 	 lr: 1.000000000000002e-05 	 Training loss: 0.038061147555708885
[2025-01-12 11:16:47,493] INFO: Iter 38500 Summary: 
[2025-01-12 11:16:47,493] INFO: 	 lr: 1.000000000000002e-05 	 Training loss: 0.0377753021940589
[2025-01-12 11:16:55,237] INFO: Iter 38600 Summary: 
[2025-01-12 11:16:55,237] INFO: 	 lr: 1.000000000000002e-05 	 Training loss: 0.03781397499144077
[2025-01-12 11:17:02,638] INFO: Iter 38700 Summary: 
[2025-01-12 11:17:02,638] INFO: 	 lr: 1.000000000000002e-05 	 Training loss: 0.037844839431345464
[2025-01-12 11:17:12,814] INFO: Iter 38800 Summary: 
[2025-01-12 11:17:12,814] INFO: 	 lr: 1.000000000000002e-05 	 Training loss: 0.03803315591067076
[2025-01-12 11:17:20,091] INFO: Iter 38900 Summary: 
[2025-01-12 11:17:20,091] INFO: 	 lr: 1.000000000000002e-05 	 Training loss: 0.038126979172229764
[2025-01-12 11:17:28,035] INFO: Iter 39000 Summary: 
[2025-01-12 11:17:28,036] INFO: 	 lr: 1.000000000000002e-05 	 Training loss: 0.037969507575035095
[2025-01-12 11:17:37,275] INFO: Iter 39100 Summary: 
[2025-01-12 11:17:37,275] INFO: 	 lr: 1.000000000000002e-05 	 Training loss: 0.03801375601440668
[2025-01-12 11:17:44,678] INFO: Iter 39200 Summary: 
[2025-01-12 11:17:44,678] INFO: 	 lr: 1.000000000000002e-05 	 Training loss: 0.03808085460215807
[2025-01-12 11:17:52,332] INFO: Iter 39300 Summary: 
[2025-01-12 11:17:52,332] INFO: 	 lr: 1.000000000000002e-05 	 Training loss: 0.0379308208078146
[2025-01-12 11:17:59,438] INFO: Iter 39400 Summary: 
[2025-01-12 11:17:59,438] INFO: 	 lr: 1.000000000000002e-05 	 Training loss: 0.037920420542359355
[2025-01-12 11:18:06,637] INFO: Iter 39500 Summary: 
[2025-01-12 11:18:06,637] INFO: 	 lr: 1.000000000000002e-05 	 Training loss: 0.037864008843898775
[2025-01-12 11:18:13,717] INFO: Iter 39600 Summary: 
[2025-01-12 11:18:13,717] INFO: 	 lr: 1.000000000000002e-05 	 Training loss: 0.03812931846827269
[2025-01-12 11:18:20,709] INFO: Iter 39700 Summary: 
[2025-01-12 11:18:20,709] INFO: 	 lr: 1.000000000000002e-05 	 Training loss: 0.03790025401860476
[2025-01-12 11:18:27,764] INFO: Iter 39800 Summary: 
[2025-01-12 11:18:27,764] INFO: 	 lr: 1.000000000000002e-05 	 Training loss: 0.03795565709471702
[2025-01-12 11:18:34,975] INFO: Iter 39900 Summary: 
[2025-01-12 11:18:34,976] INFO: 	 lr: 1.000000000000002e-05 	 Training loss: 0.03774420280009508
[2025-01-12 11:18:43,107] INFO: Iter 40000 Summary: 
[2025-01-12 11:18:43,110] INFO: 	 lr: 1.000000000000002e-05 	 Training loss: 0.03794174078851938
