[2024-12-25 02:56:05,490] INFO: {
    "abs_dir": "/home/diwang/siMLPe/exps/baseline_h36m",
    "batch_size": 256,
    "cos_lr_max": 1e-05,
    "cos_lr_min": 5e-08,
    "cos_lr_total_iters": 40000,
    "data_aug": true,
    "deriv_input": true,
    "deriv_output": true,
    "h36m_anno_dir": "/home/diwang/siMLPe/data/h36m/",
    "link_log_file": "/home/diwang/siMLPe/exps/baseline_h36m/log/log_last.log",
    "link_val_log_file": "/home/diwang/siMLPe/exps/baseline_h36m/log/val_last.log",
    "log_dir": "/home/diwang/siMLPe/exps/baseline_h36m/log",
    "log_file": "/home/diwang/siMLPe/exps/baseline_h36m/log/log_2024_12_25_02_55_48.log",
    "model_pth": null,
    "motion": {
        "dim": 66,
        "h36m_input_length": 50,
        "h36m_input_length_dct": 50,
        "h36m_target_length": 50,
        "h36m_target_length_eval": 50,
        "h36m_target_length_train": 50
    },
    "motion_fc_in": {
        "activation": "relu",
        "in_features": 66,
        "init_w_trunc_normal": false,
        "out_features": 66,
        "temporal_fc": false,
        "with_norm": false
    },
    "motion_fc_out": {
        "activation": "relu",
        "in_features": 66,
        "init_w_trunc_normal": true,
        "out_features": 66,
        "temporal_fc": false,
        "with_norm": false
    },
    "motion_mlp": {
        "hidden_dim": 66,
        "norm_axis": "spatial",
        "num_layers": 48,
        "seq_len": 50,
        "spatial_fc_only": false,
        "with_normalization": true
    },
    "num_workers": 8,
    "post_dct": false,
    "pre_dct": false,
    "print_every": 100,
    "repo_name": "siMLPe",
    "root_dir": "/home/diwang/siMLPe",
    "save_every": 2000,
    "seed": 304,
    "shift_step": 1,
    "snapshot_dir": "/home/diwang/siMLPe/exps/baseline_h36m/log/snapshot",
    "this_dir": "baseline_h36m",
    "use_relative_loss": true,
    "val_log_file": "/home/diwang/siMLPe/exps/baseline_h36m/log/val_2024_12_25_02_55_48.log",
    "weight_decay": 0.0001
}
[2024-12-25 02:56:14,188] INFO: Iter 100 Summary: 
[2024-12-25 02:56:14,188] INFO: 	 lr: 0.00030000000000000073 	 Training loss: 0.17318398609757424
[2024-12-25 02:56:20,872] INFO: Iter 200 Summary: 
[2024-12-25 02:56:20,872] INFO: 	 lr: 0.00030000000000000073 	 Training loss: 0.14411350831389427
[2024-12-25 02:56:27,539] INFO: Iter 300 Summary: 
[2024-12-25 02:56:27,539] INFO: 	 lr: 0.00030000000000000073 	 Training loss: 0.1377420976758003
[2024-12-25 02:56:34,256] INFO: Iter 400 Summary: 
[2024-12-25 02:56:34,256] INFO: 	 lr: 0.00030000000000000073 	 Training loss: 0.11358241252601146
[2024-12-25 02:56:40,893] INFO: Iter 500 Summary: 
[2024-12-25 02:56:40,893] INFO: 	 lr: 0.00030000000000000073 	 Training loss: 0.10769949369132518
[2024-12-25 02:56:47,537] INFO: Iter 600 Summary: 
[2024-12-25 02:56:47,537] INFO: 	 lr: 0.00030000000000000073 	 Training loss: 0.10340792089700698
[2024-12-25 02:56:55,595] INFO: Iter 700 Summary: 
[2024-12-25 02:56:55,596] INFO: 	 lr: 0.00030000000000000073 	 Training loss: 0.09964829243719578
[2024-12-25 02:57:02,116] INFO: Iter 800 Summary: 
[2024-12-25 02:57:02,116] INFO: 	 lr: 0.00030000000000000073 	 Training loss: 0.09674382142722607
[2024-12-25 02:57:08,782] INFO: Iter 900 Summary: 
[2024-12-25 02:57:08,782] INFO: 	 lr: 0.00030000000000000073 	 Training loss: 0.09498339205980301
[2024-12-25 02:57:15,419] INFO: Iter 1000 Summary: 
[2024-12-25 02:57:15,419] INFO: 	 lr: 0.00030000000000000073 	 Training loss: 0.09426309108734131
[2024-12-25 02:57:22,065] INFO: Iter 1100 Summary: 
[2024-12-25 02:57:22,065] INFO: 	 lr: 0.00030000000000000073 	 Training loss: 0.09322723060846329
[2024-12-25 02:57:28,684] INFO: Iter 1200 Summary: 
[2024-12-25 02:57:28,684] INFO: 	 lr: 0.00030000000000000073 	 Training loss: 0.09181581966578961
[2024-12-25 02:57:35,319] INFO: Iter 1300 Summary: 
[2024-12-25 02:57:35,320] INFO: 	 lr: 0.00030000000000000073 	 Training loss: 0.09147425174713135
[2024-12-25 02:57:43,192] INFO: Iter 1400 Summary: 
[2024-12-25 02:57:43,193] INFO: 	 lr: 0.00030000000000000073 	 Training loss: 0.09009822405874729
[2024-12-25 02:57:49,864] INFO: Iter 1500 Summary: 
[2024-12-25 02:57:49,864] INFO: 	 lr: 0.00030000000000000073 	 Training loss: 0.09022901974618434
[2024-12-25 02:57:56,473] INFO: Iter 1600 Summary: 
[2024-12-25 02:57:56,474] INFO: 	 lr: 0.00030000000000000073 	 Training loss: 0.08982459649443626
[2024-12-25 02:58:03,065] INFO: Iter 1700 Summary: 
[2024-12-25 02:58:03,065] INFO: 	 lr: 0.00030000000000000073 	 Training loss: 0.0888978910446167
[2024-12-25 02:58:09,720] INFO: Iter 1800 Summary: 
[2024-12-25 02:58:09,720] INFO: 	 lr: 0.00030000000000000073 	 Training loss: 0.08870886385440827
[2024-12-25 02:58:16,376] INFO: Iter 1900 Summary: 
[2024-12-25 02:58:16,376] INFO: 	 lr: 0.00030000000000000073 	 Training loss: 0.08854337692260743
[2024-12-25 02:58:23,986] INFO: Iter 2000 Summary: 
[2024-12-25 02:58:23,986] INFO: 	 lr: 0.00030000000000000073 	 Training loss: 0.08761256992816925
[2024-12-25 02:58:32,211] INFO: Iter 2100 Summary: 
[2024-12-25 02:58:32,211] INFO: 	 lr: 0.00030000000000000073 	 Training loss: 0.08747509188950062
[2024-12-25 02:58:38,849] INFO: Iter 2200 Summary: 
[2024-12-25 02:58:38,849] INFO: 	 lr: 0.00030000000000000073 	 Training loss: 0.08735870309174061
[2024-12-25 02:58:45,486] INFO: Iter 2300 Summary: 
[2024-12-25 02:58:45,486] INFO: 	 lr: 0.00030000000000000073 	 Training loss: 0.08711433030664921
[2024-12-25 02:58:52,134] INFO: Iter 2400 Summary: 
[2024-12-25 02:58:52,134] INFO: 	 lr: 0.00030000000000000073 	 Training loss: 0.08658275969326495
[2024-12-25 02:58:58,776] INFO: Iter 2500 Summary: 
[2024-12-25 02:58:58,776] INFO: 	 lr: 0.00030000000000000073 	 Training loss: 0.08625747628509998
[2024-12-25 02:59:05,047] INFO: Iter 2600 Summary: 
[2024-12-25 02:59:05,047] INFO: 	 lr: 0.00030000000000000073 	 Training loss: 0.08610630594193935
[2024-12-25 02:59:12,862] INFO: Iter 2700 Summary: 
[2024-12-25 02:59:12,863] INFO: 	 lr: 0.00030000000000000073 	 Training loss: 0.08613430388271809
[2024-12-25 02:59:19,522] INFO: Iter 2800 Summary: 
[2024-12-25 02:59:19,522] INFO: 	 lr: 0.00030000000000000073 	 Training loss: 0.08556369222700595
[2024-12-25 02:59:26,238] INFO: Iter 2900 Summary: 
[2024-12-25 02:59:26,238] INFO: 	 lr: 0.00030000000000000073 	 Training loss: 0.08524280682206153
[2024-12-25 02:59:32,900] INFO: Iter 3000 Summary: 
[2024-12-25 02:59:32,900] INFO: 	 lr: 0.00030000000000000073 	 Training loss: 0.08534815400838852
[2024-12-25 02:59:39,505] INFO: Iter 3100 Summary: 
[2024-12-25 02:59:39,505] INFO: 	 lr: 0.00030000000000000073 	 Training loss: 0.0857667937874794
[2024-12-25 02:59:46,132] INFO: Iter 3200 Summary: 
[2024-12-25 02:59:46,133] INFO: 	 lr: 0.00030000000000000073 	 Training loss: 0.08521082058548927
[2024-12-25 02:59:52,704] INFO: Iter 3300 Summary: 
[2024-12-25 02:59:52,704] INFO: 	 lr: 0.00030000000000000073 	 Training loss: 0.08441392622888089
[2024-12-25 03:00:00,514] INFO: Iter 3400 Summary: 
[2024-12-25 03:00:00,515] INFO: 	 lr: 0.00030000000000000073 	 Training loss: 0.08501364640891552
[2024-12-25 03:00:07,162] INFO: Iter 3500 Summary: 
[2024-12-25 03:00:07,162] INFO: 	 lr: 0.00030000000000000073 	 Training loss: 0.08423692293465138
[2024-12-25 03:00:13,796] INFO: Iter 3600 Summary: 
[2024-12-25 03:00:13,796] INFO: 	 lr: 0.00030000000000000073 	 Training loss: 0.08443555168807507
[2024-12-25 03:00:20,459] INFO: Iter 3700 Summary: 
[2024-12-25 03:00:20,459] INFO: 	 lr: 0.00030000000000000073 	 Training loss: 0.08389826402068139
[2024-12-25 03:00:27,107] INFO: Iter 3800 Summary: 
[2024-12-25 03:00:27,107] INFO: 	 lr: 0.00030000000000000073 	 Training loss: 0.08355378247797489
[2024-12-25 03:00:33,771] INFO: Iter 3900 Summary: 
[2024-12-25 03:00:33,771] INFO: 	 lr: 0.00030000000000000073 	 Training loss: 0.08374207064509392
[2024-12-25 03:00:41,651] INFO: Iter 4000 Summary: 
[2024-12-25 03:00:41,651] INFO: 	 lr: 0.00030000000000000073 	 Training loss: 0.08369746409356595
[2024-12-25 03:00:50,158] INFO: Iter 4100 Summary: 
[2024-12-25 03:00:50,158] INFO: 	 lr: 0.00030000000000000073 	 Training loss: 0.08335068859159947
[2024-12-25 03:00:56,864] INFO: Iter 4200 Summary: 
[2024-12-25 03:00:56,864] INFO: 	 lr: 0.00030000000000000073 	 Training loss: 0.08330982483923435
[2024-12-25 03:01:03,522] INFO: Iter 4300 Summary: 
[2024-12-25 03:01:03,522] INFO: 	 lr: 0.00030000000000000073 	 Training loss: 0.08342050559818745
[2024-12-25 03:01:10,182] INFO: Iter 4400 Summary: 
[2024-12-25 03:01:10,182] INFO: 	 lr: 0.00030000000000000073 	 Training loss: 0.08314163565635681
[2024-12-25 03:01:16,811] INFO: Iter 4500 Summary: 
[2024-12-25 03:01:16,812] INFO: 	 lr: 0.00030000000000000073 	 Training loss: 0.08356300003826618
[2024-12-25 03:01:23,229] INFO: Iter 4600 Summary: 
[2024-12-25 03:01:23,229] INFO: 	 lr: 0.00030000000000000073 	 Training loss: 0.0833498265594244
[2024-12-25 03:01:31,242] INFO: Iter 4700 Summary: 
[2024-12-25 03:01:31,243] INFO: 	 lr: 0.00030000000000000073 	 Training loss: 0.0828287473320961
[2024-12-25 03:01:37,877] INFO: Iter 4800 Summary: 
[2024-12-25 03:01:37,877] INFO: 	 lr: 0.00030000000000000073 	 Training loss: 0.08309658505022526
[2024-12-25 03:01:44,534] INFO: Iter 4900 Summary: 
[2024-12-25 03:01:44,534] INFO: 	 lr: 0.00030000000000000073 	 Training loss: 0.08320203714072705
[2024-12-25 03:01:51,216] INFO: Iter 5000 Summary: 
[2024-12-25 03:01:51,216] INFO: 	 lr: 0.00030000000000000073 	 Training loss: 0.08273165412247181
[2024-12-25 03:01:57,881] INFO: Iter 5100 Summary: 
[2024-12-25 03:01:57,881] INFO: 	 lr: 0.00030000000000000073 	 Training loss: 0.08207754001021385
[2024-12-25 03:02:04,524] INFO: Iter 5200 Summary: 
[2024-12-25 03:02:04,524] INFO: 	 lr: 0.00030000000000000073 	 Training loss: 0.0824241728335619
[2024-12-25 03:02:11,204] INFO: Iter 5300 Summary: 
[2024-12-25 03:02:11,205] INFO: 	 lr: 0.00030000000000000073 	 Training loss: 0.08169032834470272
[2024-12-25 03:02:19,210] INFO: Iter 5400 Summary: 
[2024-12-25 03:02:19,210] INFO: 	 lr: 0.00030000000000000073 	 Training loss: 0.08245177544653416
[2024-12-25 03:02:25,718] INFO: Iter 5500 Summary: 
[2024-12-25 03:02:25,718] INFO: 	 lr: 0.00030000000000000073 	 Training loss: 0.08200758911669254
[2024-12-25 03:02:32,212] INFO: Iter 5600 Summary: 
[2024-12-25 03:02:32,212] INFO: 	 lr: 0.00030000000000000073 	 Training loss: 0.08194518484175205
[2024-12-25 03:02:38,867] INFO: Iter 5700 Summary: 
[2024-12-25 03:02:38,867] INFO: 	 lr: 0.00030000000000000073 	 Training loss: 0.0818982444703579
[2024-12-25 03:02:45,522] INFO: Iter 5800 Summary: 
[2024-12-25 03:02:45,522] INFO: 	 lr: 0.00030000000000000073 	 Training loss: 0.08155394107103348
[2024-12-25 03:02:52,200] INFO: Iter 5900 Summary: 
[2024-12-25 03:02:52,200] INFO: 	 lr: 0.00030000000000000073 	 Training loss: 0.08174294948577882
[2024-12-25 03:03:00,211] INFO: Iter 6000 Summary: 
[2024-12-25 03:03:00,212] INFO: 	 lr: 0.00030000000000000073 	 Training loss: 0.08180315069854259
[2024-12-25 03:03:08,947] INFO: Iter 6100 Summary: 
[2024-12-25 03:03:08,947] INFO: 	 lr: 0.00030000000000000073 	 Training loss: 0.08115398243069649
[2024-12-25 03:03:15,601] INFO: Iter 6200 Summary: 
[2024-12-25 03:03:15,601] INFO: 	 lr: 0.00030000000000000073 	 Training loss: 0.08141459003090859
[2024-12-25 03:03:22,237] INFO: Iter 6300 Summary: 
[2024-12-25 03:03:22,237] INFO: 	 lr: 0.00030000000000000073 	 Training loss: 0.08123527631163598
[2024-12-25 03:03:28,871] INFO: Iter 6400 Summary: 
[2024-12-25 03:03:28,871] INFO: 	 lr: 0.00030000000000000073 	 Training loss: 0.08138515442609787
[2024-12-25 03:03:35,487] INFO: Iter 6500 Summary: 
[2024-12-25 03:03:35,487] INFO: 	 lr: 0.00030000000000000073 	 Training loss: 0.08076478719711304
[2024-12-25 03:03:41,757] INFO: Iter 6600 Summary: 
[2024-12-25 03:03:41,758] INFO: 	 lr: 0.00030000000000000073 	 Training loss: 0.08104256965219975
[2024-12-25 03:03:50,046] INFO: Iter 6700 Summary: 
[2024-12-25 03:03:50,047] INFO: 	 lr: 0.00030000000000000073 	 Training loss: 0.08130166918039322
[2024-12-25 03:03:56,945] INFO: Iter 6800 Summary: 
[2024-12-25 03:03:56,946] INFO: 	 lr: 0.00030000000000000073 	 Training loss: 0.08100048191845417
[2024-12-25 03:04:03,808] INFO: Iter 6900 Summary: 
[2024-12-25 03:04:03,809] INFO: 	 lr: 0.00030000000000000073 	 Training loss: 0.0809686254709959
[2024-12-25 03:04:10,563] INFO: Iter 7000 Summary: 
[2024-12-25 03:04:10,563] INFO: 	 lr: 0.00030000000000000073 	 Training loss: 0.0805017276853323
[2024-12-25 03:04:17,417] INFO: Iter 7100 Summary: 
[2024-12-25 03:04:17,417] INFO: 	 lr: 0.00030000000000000073 	 Training loss: 0.08037354573607444
[2024-12-25 03:04:24,584] INFO: Iter 7200 Summary: 
[2024-12-25 03:04:24,584] INFO: 	 lr: 0.00030000000000000073 	 Training loss: 0.08044980630278588
[2024-12-25 03:04:31,756] INFO: Iter 7300 Summary: 
[2024-12-25 03:04:31,756] INFO: 	 lr: 0.00030000000000000073 	 Training loss: 0.07997189618647099
[2024-12-25 03:04:39,743] INFO: Iter 7400 Summary: 
[2024-12-25 03:04:39,743] INFO: 	 lr: 0.00030000000000000073 	 Training loss: 0.08044806085526943
[2024-12-25 03:04:46,378] INFO: Iter 7500 Summary: 
[2024-12-25 03:04:46,378] INFO: 	 lr: 0.00030000000000000073 	 Training loss: 0.08014225281774998
[2024-12-25 03:04:53,041] INFO: Iter 7600 Summary: 
[2024-12-25 03:04:53,041] INFO: 	 lr: 0.00030000000000000073 	 Training loss: 0.080462883785367
[2024-12-25 03:04:59,712] INFO: Iter 7700 Summary: 
[2024-12-25 03:04:59,712] INFO: 	 lr: 0.00030000000000000073 	 Training loss: 0.07972111448645591
[2024-12-25 03:05:06,380] INFO: Iter 7800 Summary: 
[2024-12-25 03:05:06,380] INFO: 	 lr: 0.00030000000000000073 	 Training loss: 0.07941989421844482
[2024-12-25 03:05:13,041] INFO: Iter 7900 Summary: 
[2024-12-25 03:05:13,042] INFO: 	 lr: 0.00030000000000000073 	 Training loss: 0.07987060651183128
[2024-12-25 03:05:21,069] INFO: Iter 8000 Summary: 
[2024-12-25 03:05:21,070] INFO: 	 lr: 0.00030000000000000073 	 Training loss: 0.08019635133445263
[2024-12-25 03:05:29,491] INFO: Iter 8100 Summary: 
[2024-12-25 03:05:29,491] INFO: 	 lr: 0.00030000000000000073 	 Training loss: 0.07902180135250092
[2024-12-25 03:05:36,156] INFO: Iter 8200 Summary: 
[2024-12-25 03:05:36,157] INFO: 	 lr: 0.00030000000000000073 	 Training loss: 0.07999496415257454
[2024-12-25 03:05:42,911] INFO: Iter 8300 Summary: 
[2024-12-25 03:05:42,911] INFO: 	 lr: 0.00030000000000000073 	 Training loss: 0.07948195591568946
[2024-12-25 03:05:49,677] INFO: Iter 8400 Summary: 
[2024-12-25 03:05:49,677] INFO: 	 lr: 0.00030000000000000073 	 Training loss: 0.07960619613528251
[2024-12-25 03:05:56,295] INFO: Iter 8500 Summary: 
[2024-12-25 03:05:56,295] INFO: 	 lr: 0.00030000000000000073 	 Training loss: 0.08023788399994373
[2024-12-25 03:06:02,964] INFO: Iter 8600 Summary: 
[2024-12-25 03:06:02,964] INFO: 	 lr: 0.00030000000000000073 	 Training loss: 0.07960768677294254
[2024-12-25 03:06:10,792] INFO: Iter 8700 Summary: 
[2024-12-25 03:06:10,793] INFO: 	 lr: 0.00030000000000000073 	 Training loss: 0.07987374283373355
[2024-12-25 03:06:17,470] INFO: Iter 8800 Summary: 
[2024-12-25 03:06:17,470] INFO: 	 lr: 0.00030000000000000073 	 Training loss: 0.07879402399063111
[2024-12-25 03:06:24,130] INFO: Iter 8900 Summary: 
[2024-12-25 03:06:24,130] INFO: 	 lr: 0.00030000000000000073 	 Training loss: 0.07904177896678448
[2024-12-25 03:06:30,778] INFO: Iter 9000 Summary: 
[2024-12-25 03:06:30,778] INFO: 	 lr: 0.00030000000000000073 	 Training loss: 0.07938612081110477
[2024-12-25 03:06:37,439] INFO: Iter 9100 Summary: 
[2024-12-25 03:06:37,439] INFO: 	 lr: 0.00030000000000000073 	 Training loss: 0.07836810663342476
[2024-12-25 03:06:43,979] INFO: Iter 9200 Summary: 
[2024-12-25 03:06:43,979] INFO: 	 lr: 0.00030000000000000073 	 Training loss: 0.07884648889303207
[2024-12-25 03:06:50,644] INFO: Iter 9300 Summary: 
[2024-12-25 03:06:50,645] INFO: 	 lr: 0.00030000000000000073 	 Training loss: 0.07910762906074524
[2024-12-25 03:06:58,420] INFO: Iter 9400 Summary: 
[2024-12-25 03:06:58,420] INFO: 	 lr: 0.00030000000000000073 	 Training loss: 0.07938572563230992
[2024-12-25 03:07:04,793] INFO: Iter 9500 Summary: 
[2024-12-25 03:07:04,793] INFO: 	 lr: 0.00030000000000000073 	 Training loss: 0.07862639769911767
[2024-12-25 03:07:11,447] INFO: Iter 9600 Summary: 
[2024-12-25 03:07:11,447] INFO: 	 lr: 0.00030000000000000073 	 Training loss: 0.07869773484766483
[2024-12-25 03:07:18,113] INFO: Iter 9700 Summary: 
[2024-12-25 03:07:18,113] INFO: 	 lr: 0.00030000000000000073 	 Training loss: 0.078315574452281
[2024-12-25 03:07:24,769] INFO: Iter 9800 Summary: 
[2024-12-25 03:07:24,769] INFO: 	 lr: 0.00030000000000000073 	 Training loss: 0.07795752562582493
[2024-12-25 03:07:31,429] INFO: Iter 9900 Summary: 
[2024-12-25 03:07:31,430] INFO: 	 lr: 0.00030000000000000073 	 Training loss: 0.07819099463522435
[2024-12-25 03:07:39,211] INFO: Iter 10000 Summary: 
[2024-12-25 03:07:39,211] INFO: 	 lr: 0.00030000000000000073 	 Training loss: 0.07856524482369423
[2024-12-25 03:07:47,909] INFO: Iter 10100 Summary: 
[2024-12-25 03:07:47,909] INFO: 	 lr: 0.00030000000000000073 	 Training loss: 0.07875238448381423
[2024-12-25 03:07:54,569] INFO: Iter 10200 Summary: 
[2024-12-25 03:07:54,569] INFO: 	 lr: 0.00030000000000000073 	 Training loss: 0.07848300762474537
[2024-12-25 03:08:01,211] INFO: Iter 10300 Summary: 
[2024-12-25 03:08:01,211] INFO: 	 lr: 0.00030000000000000073 	 Training loss: 0.07815917387604714
[2024-12-25 03:08:07,882] INFO: Iter 10400 Summary: 
[2024-12-25 03:08:07,882] INFO: 	 lr: 0.00030000000000000073 	 Training loss: 0.07825805850327015
[2024-12-25 03:08:14,536] INFO: Iter 10500 Summary: 
[2024-12-25 03:08:14,536] INFO: 	 lr: 0.00030000000000000073 	 Training loss: 0.07804288625717164
[2024-12-25 03:08:21,334] INFO: Iter 10600 Summary: 
[2024-12-25 03:08:21,334] INFO: 	 lr: 0.00030000000000000073 	 Training loss: 0.07814927697181702
[2024-12-25 03:08:29,255] INFO: Iter 10700 Summary: 
[2024-12-25 03:08:29,256] INFO: 	 lr: 0.00030000000000000073 	 Training loss: 0.07781102135777473
[2024-12-25 03:08:35,802] INFO: Iter 10800 Summary: 
[2024-12-25 03:08:35,803] INFO: 	 lr: 0.00030000000000000073 	 Training loss: 0.07805792897939683
[2024-12-25 03:08:42,404] INFO: Iter 10900 Summary: 
[2024-12-25 03:08:42,404] INFO: 	 lr: 0.00030000000000000073 	 Training loss: 0.07755524680018425
[2024-12-25 03:08:49,024] INFO: Iter 11000 Summary: 
[2024-12-25 03:08:49,024] INFO: 	 lr: 0.00030000000000000073 	 Training loss: 0.0783561073243618
[2024-12-25 03:08:55,645] INFO: Iter 11100 Summary: 
[2024-12-25 03:08:55,645] INFO: 	 lr: 0.00030000000000000073 	 Training loss: 0.07750650189816952
[2024-12-25 03:09:02,271] INFO: Iter 11200 Summary: 
[2024-12-25 03:09:02,272] INFO: 	 lr: 0.00030000000000000073 	 Training loss: 0.07790485508739949
[2024-12-25 03:09:08,909] INFO: Iter 11300 Summary: 
[2024-12-25 03:09:08,909] INFO: 	 lr: 0.00030000000000000073 	 Training loss: 0.07839360907673835
[2024-12-25 03:09:16,722] INFO: Iter 11400 Summary: 
[2024-12-25 03:09:16,722] INFO: 	 lr: 0.00030000000000000073 	 Training loss: 0.07770231194794178
[2024-12-25 03:09:23,324] INFO: Iter 11500 Summary: 
[2024-12-25 03:09:23,324] INFO: 	 lr: 0.00030000000000000073 	 Training loss: 0.07709065593779087
[2024-12-25 03:09:29,943] INFO: Iter 11600 Summary: 
[2024-12-25 03:09:29,943] INFO: 	 lr: 0.00030000000000000073 	 Training loss: 0.07719898179173469
[2024-12-25 03:09:36,294] INFO: Iter 11700 Summary: 
[2024-12-25 03:09:36,294] INFO: 	 lr: 0.00030000000000000073 	 Training loss: 0.07750916458666325
[2024-12-25 03:09:42,910] INFO: Iter 11800 Summary: 
[2024-12-25 03:09:42,910] INFO: 	 lr: 0.00030000000000000073 	 Training loss: 0.07748626999557018
[2024-12-25 03:09:49,746] INFO: Iter 11900 Summary: 
[2024-12-25 03:09:49,746] INFO: 	 lr: 0.00030000000000000073 	 Training loss: 0.07780204981565475
[2024-12-25 03:09:57,492] INFO: Iter 12000 Summary: 
[2024-12-25 03:09:57,492] INFO: 	 lr: 0.00030000000000000073 	 Training loss: 0.07779518306255341
[2024-12-25 03:10:06,004] INFO: Iter 12100 Summary: 
[2024-12-25 03:10:06,004] INFO: 	 lr: 0.00030000000000000073 	 Training loss: 0.07709846265614033
[2024-12-25 03:10:12,482] INFO: Iter 12200 Summary: 
[2024-12-25 03:10:12,483] INFO: 	 lr: 0.00030000000000000073 	 Training loss: 0.07733699843287468
[2024-12-25 03:10:19,131] INFO: Iter 12300 Summary: 
[2024-12-25 03:10:19,131] INFO: 	 lr: 0.00030000000000000073 	 Training loss: 0.07737077832221985
[2024-12-25 03:10:25,783] INFO: Iter 12400 Summary: 
[2024-12-25 03:10:25,783] INFO: 	 lr: 0.00030000000000000073 	 Training loss: 0.07693057782948017
[2024-12-25 03:10:32,428] INFO: Iter 12500 Summary: 
[2024-12-25 03:10:32,428] INFO: 	 lr: 0.00030000000000000073 	 Training loss: 0.07722172319889069
[2024-12-25 03:10:39,068] INFO: Iter 12600 Summary: 
[2024-12-25 03:10:39,068] INFO: 	 lr: 0.00030000000000000073 	 Training loss: 0.07728493750095368
[2024-12-25 03:10:46,919] INFO: Iter 12700 Summary: 
[2024-12-25 03:10:46,920] INFO: 	 lr: 0.00030000000000000073 	 Training loss: 0.07736205726861954
[2024-12-25 03:10:53,806] INFO: Iter 12800 Summary: 
[2024-12-25 03:10:53,806] INFO: 	 lr: 0.00030000000000000073 	 Training loss: 0.07682192787528037
[2024-12-25 03:11:00,464] INFO: Iter 12900 Summary: 
[2024-12-25 03:11:00,465] INFO: 	 lr: 0.00030000000000000073 	 Training loss: 0.07706448800861836
[2024-12-25 03:11:07,108] INFO: Iter 13000 Summary: 
[2024-12-25 03:11:07,108] INFO: 	 lr: 0.00030000000000000073 	 Training loss: 0.07727164290845394
[2024-12-25 03:11:13,756] INFO: Iter 13100 Summary: 
[2024-12-25 03:11:13,756] INFO: 	 lr: 0.00030000000000000073 	 Training loss: 0.07654530391097068
[2024-12-25 03:11:20,399] INFO: Iter 13200 Summary: 
[2024-12-25 03:11:20,399] INFO: 	 lr: 0.00030000000000000073 	 Training loss: 0.07676011942327023
[2024-12-25 03:11:27,039] INFO: Iter 13300 Summary: 
[2024-12-25 03:11:27,040] INFO: 	 lr: 0.00030000000000000073 	 Training loss: 0.07680749498307705
[2024-12-25 03:11:35,103] INFO: Iter 13400 Summary: 
[2024-12-25 03:11:35,103] INFO: 	 lr: 0.00030000000000000073 	 Training loss: 0.07657975241541863
[2024-12-25 03:11:41,565] INFO: Iter 13500 Summary: 
[2024-12-25 03:11:41,565] INFO: 	 lr: 0.00030000000000000073 	 Training loss: 0.07679994478821754
[2024-12-25 03:11:48,235] INFO: Iter 13600 Summary: 
[2024-12-25 03:11:48,235] INFO: 	 lr: 0.00030000000000000073 	 Training loss: 0.07657478287816048
[2024-12-25 03:11:54,949] INFO: Iter 13700 Summary: 
[2024-12-25 03:11:54,950] INFO: 	 lr: 0.00030000000000000073 	 Training loss: 0.0768043839931488
[2024-12-25 03:12:01,641] INFO: Iter 13800 Summary: 
[2024-12-25 03:12:01,641] INFO: 	 lr: 0.00030000000000000073 	 Training loss: 0.07655968189239502
[2024-12-25 03:12:08,390] INFO: Iter 13900 Summary: 
[2024-12-25 03:12:08,390] INFO: 	 lr: 0.00030000000000000073 	 Training loss: 0.07655227690935135
[2024-12-25 03:12:16,250] INFO: Iter 14000 Summary: 
[2024-12-25 03:12:16,250] INFO: 	 lr: 0.00030000000000000073 	 Training loss: 0.07616184577345848
[2024-12-25 03:12:25,308] INFO: Iter 14100 Summary: 
[2024-12-25 03:12:25,309] INFO: 	 lr: 0.00030000000000000073 	 Training loss: 0.07648982472717762
[2024-12-25 03:12:32,346] INFO: Iter 14200 Summary: 
[2024-12-25 03:12:32,347] INFO: 	 lr: 0.00030000000000000073 	 Training loss: 0.07596185460686683
[2024-12-25 03:12:39,584] INFO: Iter 14300 Summary: 
[2024-12-25 03:12:39,584] INFO: 	 lr: 0.00030000000000000073 	 Training loss: 0.07629757039248944
[2024-12-25 03:12:46,695] INFO: Iter 14400 Summary: 
[2024-12-25 03:12:46,695] INFO: 	 lr: 0.00030000000000000073 	 Training loss: 0.07643539726734161
[2024-12-25 03:12:53,984] INFO: Iter 14500 Summary: 
[2024-12-25 03:12:53,985] INFO: 	 lr: 0.00030000000000000073 	 Training loss: 0.07639138206839562
[2024-12-25 03:13:00,784] INFO: Iter 14600 Summary: 
[2024-12-25 03:13:00,784] INFO: 	 lr: 0.00030000000000000073 	 Training loss: 0.07652200385928154
[2024-12-25 03:13:08,595] INFO: Iter 14700 Summary: 
[2024-12-25 03:13:08,596] INFO: 	 lr: 0.00030000000000000073 	 Training loss: 0.0764193045347929
[2024-12-25 03:13:15,254] INFO: Iter 14800 Summary: 
[2024-12-25 03:13:15,254] INFO: 	 lr: 0.00030000000000000073 	 Training loss: 0.07663500547409058
[2024-12-25 03:13:22,007] INFO: Iter 14900 Summary: 
[2024-12-25 03:13:22,007] INFO: 	 lr: 0.00030000000000000073 	 Training loss: 0.07596920743584633
[2024-12-25 03:13:28,617] INFO: Iter 15000 Summary: 
[2024-12-25 03:13:28,617] INFO: 	 lr: 0.00030000000000000073 	 Training loss: 0.07619615599513054
[2024-12-25 03:13:35,418] INFO: Iter 15100 Summary: 
[2024-12-25 03:13:35,418] INFO: 	 lr: 0.00030000000000000073 	 Training loss: 0.07611272700130939
[2024-12-25 03:13:42,101] INFO: Iter 15200 Summary: 
[2024-12-25 03:13:42,101] INFO: 	 lr: 0.00030000000000000073 	 Training loss: 0.07548239067196846
[2024-12-25 03:13:49,954] INFO: Iter 15300 Summary: 
[2024-12-25 03:13:49,954] INFO: 	 lr: 0.00030000000000000073 	 Training loss: 0.07554275013506412
[2024-12-25 03:13:56,592] INFO: Iter 15400 Summary: 
[2024-12-25 03:13:56,592] INFO: 	 lr: 0.00030000000000000073 	 Training loss: 0.0758584613353014
[2024-12-25 03:14:03,242] INFO: Iter 15500 Summary: 
[2024-12-25 03:14:03,242] INFO: 	 lr: 0.00030000000000000073 	 Training loss: 0.07571233853697777
[2024-12-25 03:14:09,821] INFO: Iter 15600 Summary: 
[2024-12-25 03:14:09,821] INFO: 	 lr: 0.00030000000000000073 	 Training loss: 0.07563268192112446
[2024-12-25 03:14:16,460] INFO: Iter 15700 Summary: 
[2024-12-25 03:14:16,460] INFO: 	 lr: 0.00030000000000000073 	 Training loss: 0.07575473576784134
[2024-12-25 03:14:23,076] INFO: Iter 15800 Summary: 
[2024-12-25 03:14:23,077] INFO: 	 lr: 0.00030000000000000073 	 Training loss: 0.07566281378269196
[2024-12-25 03:14:29,743] INFO: Iter 15900 Summary: 
[2024-12-25 03:14:29,743] INFO: 	 lr: 0.00030000000000000073 	 Training loss: 0.07593239143490792
[2024-12-25 03:14:37,435] INFO: Iter 16000 Summary: 
[2024-12-25 03:14:37,435] INFO: 	 lr: 0.00030000000000000073 	 Training loss: 0.0759007328748703
[2024-12-25 03:14:45,620] INFO: Iter 16100 Summary: 
[2024-12-25 03:14:45,620] INFO: 	 lr: 0.00030000000000000073 	 Training loss: 0.07572952546179294
[2024-12-25 03:14:52,223] INFO: Iter 16200 Summary: 
[2024-12-25 03:14:52,223] INFO: 	 lr: 0.00030000000000000073 	 Training loss: 0.07567472003400326
[2024-12-25 03:14:58,870] INFO: Iter 16300 Summary: 
[2024-12-25 03:14:58,870] INFO: 	 lr: 0.00030000000000000073 	 Training loss: 0.07531039737164974
[2024-12-25 03:15:05,446] INFO: Iter 16400 Summary: 
[2024-12-25 03:15:05,447] INFO: 	 lr: 0.00030000000000000073 	 Training loss: 0.0750659018009901
[2024-12-25 03:15:12,084] INFO: Iter 16500 Summary: 
[2024-12-25 03:15:12,084] INFO: 	 lr: 0.00030000000000000073 	 Training loss: 0.07557338505983352
[2024-12-25 03:15:18,706] INFO: Iter 16600 Summary: 
[2024-12-25 03:15:18,706] INFO: 	 lr: 0.00030000000000000073 	 Training loss: 0.07525623016059399
[2024-12-25 03:15:26,722] INFO: Iter 16700 Summary: 
[2024-12-25 03:15:26,722] INFO: 	 lr: 0.00030000000000000073 	 Training loss: 0.07535789161920547
[2024-12-25 03:15:33,498] INFO: Iter 16800 Summary: 
[2024-12-25 03:15:33,498] INFO: 	 lr: 0.00030000000000000073 	 Training loss: 0.07549793519079685
[2024-12-25 03:15:40,248] INFO: Iter 16900 Summary: 
[2024-12-25 03:15:40,248] INFO: 	 lr: 0.00030000000000000073 	 Training loss: 0.07566330432891846
[2024-12-25 03:15:47,323] INFO: Iter 17000 Summary: 
[2024-12-25 03:15:47,323] INFO: 	 lr: 0.00030000000000000073 	 Training loss: 0.0748121927678585
[2024-12-25 03:15:54,767] INFO: Iter 17100 Summary: 
[2024-12-25 03:15:54,767] INFO: 	 lr: 0.00030000000000000073 	 Training loss: 0.07491110876202584
[2024-12-25 03:16:01,962] INFO: Iter 17200 Summary: 
[2024-12-25 03:16:01,963] INFO: 	 lr: 0.00030000000000000073 	 Training loss: 0.07497120372951031
[2024-12-25 03:16:09,922] INFO: Iter 17300 Summary: 
[2024-12-25 03:16:09,922] INFO: 	 lr: 0.00030000000000000073 	 Training loss: 0.07545465514063836
[2024-12-25 03:16:17,139] INFO: Iter 17400 Summary: 
[2024-12-25 03:16:17,139] INFO: 	 lr: 0.00030000000000000073 	 Training loss: 0.0750856352597475
[2024-12-25 03:16:24,083] INFO: Iter 17500 Summary: 
[2024-12-25 03:16:24,083] INFO: 	 lr: 0.00030000000000000073 	 Training loss: 0.07475226886570453
[2024-12-25 03:16:30,729] INFO: Iter 17600 Summary: 
[2024-12-25 03:16:30,729] INFO: 	 lr: 0.00030000000000000073 	 Training loss: 0.07512958727777004
[2024-12-25 03:16:37,378] INFO: Iter 17700 Summary: 
[2024-12-25 03:16:37,378] INFO: 	 lr: 0.00030000000000000073 	 Training loss: 0.07508120581507682
[2024-12-25 03:16:44,265] INFO: Iter 17800 Summary: 
[2024-12-25 03:16:44,265] INFO: 	 lr: 0.00030000000000000073 	 Training loss: 0.07496266938745975
[2024-12-25 03:16:51,078] INFO: Iter 17900 Summary: 
[2024-12-25 03:16:51,078] INFO: 	 lr: 0.00030000000000000073 	 Training loss: 0.07473671078681945
[2024-12-25 03:16:58,869] INFO: Iter 18000 Summary: 
[2024-12-25 03:16:58,870] INFO: 	 lr: 0.00030000000000000073 	 Training loss: 0.07508822806179523
[2024-12-25 03:17:07,206] INFO: Iter 18100 Summary: 
[2024-12-25 03:17:07,206] INFO: 	 lr: 0.00030000000000000073 	 Training loss: 0.07487079344689845
[2024-12-25 03:17:13,858] INFO: Iter 18200 Summary: 
[2024-12-25 03:17:13,858] INFO: 	 lr: 0.00030000000000000073 	 Training loss: 0.07409846723079681
[2024-12-25 03:17:20,517] INFO: Iter 18300 Summary: 
[2024-12-25 03:17:20,517] INFO: 	 lr: 0.00030000000000000073 	 Training loss: 0.07486884221434593
[2024-12-25 03:17:27,150] INFO: Iter 18400 Summary: 
[2024-12-25 03:17:27,150] INFO: 	 lr: 0.00030000000000000073 	 Training loss: 0.0746277180314064
[2024-12-25 03:17:33,822] INFO: Iter 18500 Summary: 
[2024-12-25 03:17:33,823] INFO: 	 lr: 0.00030000000000000073 	 Training loss: 0.07441183522343636
[2024-12-25 03:17:40,547] INFO: Iter 18600 Summary: 
[2024-12-25 03:17:40,547] INFO: 	 lr: 0.00030000000000000073 	 Training loss: 0.07462665259838104
[2024-12-25 03:17:48,531] INFO: Iter 18700 Summary: 
[2024-12-25 03:17:48,532] INFO: 	 lr: 0.00030000000000000073 	 Training loss: 0.07486921712756157
[2024-12-25 03:17:55,091] INFO: Iter 18800 Summary: 
[2024-12-25 03:17:55,091] INFO: 	 lr: 0.00030000000000000073 	 Training loss: 0.07439290568232536
[2024-12-25 03:18:01,750] INFO: Iter 18900 Summary: 
[2024-12-25 03:18:01,750] INFO: 	 lr: 0.00030000000000000073 	 Training loss: 0.07496951960027218
[2024-12-25 03:18:08,398] INFO: Iter 19000 Summary: 
[2024-12-25 03:18:08,398] INFO: 	 lr: 0.00030000000000000073 	 Training loss: 0.07435499161481857
[2024-12-25 03:18:15,038] INFO: Iter 19100 Summary: 
[2024-12-25 03:18:15,038] INFO: 	 lr: 0.00030000000000000073 	 Training loss: 0.07426549509167671
[2024-12-25 03:18:21,757] INFO: Iter 19200 Summary: 
[2024-12-25 03:18:21,757] INFO: 	 lr: 0.00030000000000000073 	 Training loss: 0.0744241314381361
[2024-12-25 03:18:29,753] INFO: Iter 19300 Summary: 
[2024-12-25 03:18:29,753] INFO: 	 lr: 0.00030000000000000073 	 Training loss: 0.07432935245335102
[2024-12-25 03:18:36,335] INFO: Iter 19400 Summary: 
[2024-12-25 03:18:36,335] INFO: 	 lr: 0.00030000000000000073 	 Training loss: 0.07467329964041709
[2024-12-25 03:18:43,096] INFO: Iter 19500 Summary: 
[2024-12-25 03:18:43,096] INFO: 	 lr: 0.00030000000000000073 	 Training loss: 0.07445808596909047
[2024-12-25 03:18:49,776] INFO: Iter 19600 Summary: 
[2024-12-25 03:18:49,776] INFO: 	 lr: 0.00030000000000000073 	 Training loss: 0.074148800522089
[2024-12-25 03:18:56,416] INFO: Iter 19700 Summary: 
[2024-12-25 03:18:56,416] INFO: 	 lr: 0.00030000000000000073 	 Training loss: 0.07415645845234393
[2024-12-25 03:19:02,935] INFO: Iter 19800 Summary: 
[2024-12-25 03:19:02,935] INFO: 	 lr: 0.00030000000000000073 	 Training loss: 0.0743484203517437
[2024-12-25 03:19:09,565] INFO: Iter 19900 Summary: 
[2024-12-25 03:19:09,566] INFO: 	 lr: 0.00030000000000000073 	 Training loss: 0.07441309094429016
[2024-12-25 03:19:17,581] INFO: Iter 20000 Summary: 
[2024-12-25 03:19:17,581] INFO: 	 lr: 0.00030000000000000073 	 Training loss: 0.0737127448618412
[2024-12-25 03:19:25,929] INFO: Iter 20100 Summary: 
[2024-12-25 03:19:25,930] INFO: 	 lr: 0.00030000000000000073 	 Training loss: 0.07409233182668686
[2024-12-25 03:19:32,551] INFO: Iter 20200 Summary: 
[2024-12-25 03:19:32,551] INFO: 	 lr: 0.00030000000000000073 	 Training loss: 0.07393499903380871
[2024-12-25 03:19:39,195] INFO: Iter 20300 Summary: 
[2024-12-25 03:19:39,195] INFO: 	 lr: 0.00030000000000000073 	 Training loss: 0.07382166139781475
[2024-12-25 03:19:45,837] INFO: Iter 20400 Summary: 
[2024-12-25 03:19:45,837] INFO: 	 lr: 0.00030000000000000073 	 Training loss: 0.07419103518128395
[2024-12-25 03:19:52,520] INFO: Iter 20500 Summary: 
[2024-12-25 03:19:52,520] INFO: 	 lr: 0.00030000000000000073 	 Training loss: 0.07381940759718418
[2024-12-25 03:19:59,187] INFO: Iter 20600 Summary: 
[2024-12-25 03:19:59,187] INFO: 	 lr: 0.00030000000000000073 	 Training loss: 0.07399328216910363
[2024-12-25 03:20:07,017] INFO: Iter 20700 Summary: 
[2024-12-25 03:20:07,017] INFO: 	 lr: 0.00030000000000000073 	 Training loss: 0.07404867485165596
[2024-12-25 03:20:13,684] INFO: Iter 20800 Summary: 
[2024-12-25 03:20:13,684] INFO: 	 lr: 0.00030000000000000073 	 Training loss: 0.07389463789761067
[2024-12-25 03:20:20,358] INFO: Iter 20900 Summary: 
[2024-12-25 03:20:20,358] INFO: 	 lr: 0.00030000000000000073 	 Training loss: 0.07375957742333412
[2024-12-25 03:20:27,019] INFO: Iter 21000 Summary: 
[2024-12-25 03:20:27,020] INFO: 	 lr: 0.00030000000000000073 	 Training loss: 0.07346871227025986
[2024-12-25 03:20:33,680] INFO: Iter 21100 Summary: 
[2024-12-25 03:20:33,680] INFO: 	 lr: 0.00030000000000000073 	 Training loss: 0.07443362183868885
[2024-12-25 03:20:40,342] INFO: Iter 21200 Summary: 
[2024-12-25 03:20:40,342] INFO: 	 lr: 0.00030000000000000073 	 Training loss: 0.073815883025527
[2024-12-25 03:20:48,023] INFO: Iter 21300 Summary: 
[2024-12-25 03:20:48,023] INFO: 	 lr: 0.00030000000000000073 	 Training loss: 0.07360568270087242
[2024-12-25 03:20:54,591] INFO: Iter 21400 Summary: 
[2024-12-25 03:20:54,591] INFO: 	 lr: 0.00030000000000000073 	 Training loss: 0.07347342625260353
[2024-12-25 03:21:01,360] INFO: Iter 21500 Summary: 
[2024-12-25 03:21:01,361] INFO: 	 lr: 0.00030000000000000073 	 Training loss: 0.07356592923402787
[2024-12-25 03:21:08,031] INFO: Iter 21600 Summary: 
[2024-12-25 03:21:08,032] INFO: 	 lr: 0.00030000000000000073 	 Training loss: 0.07349148824810982
[2024-12-25 03:21:14,717] INFO: Iter 21700 Summary: 
[2024-12-25 03:21:14,717] INFO: 	 lr: 0.00030000000000000073 	 Training loss: 0.07362102039158344
[2024-12-25 03:21:21,427] INFO: Iter 21800 Summary: 
[2024-12-25 03:21:21,428] INFO: 	 lr: 0.00030000000000000073 	 Training loss: 0.07371059402823449
[2024-12-25 03:21:28,040] INFO: Iter 21900 Summary: 
[2024-12-25 03:21:28,040] INFO: 	 lr: 0.00030000000000000073 	 Training loss: 0.07354610644280911
[2024-12-25 03:21:35,924] INFO: Iter 22000 Summary: 
[2024-12-25 03:21:35,925] INFO: 	 lr: 0.00030000000000000073 	 Training loss: 0.07363775722682477
[2024-12-25 03:21:44,518] INFO: Iter 22100 Summary: 
[2024-12-25 03:21:44,518] INFO: 	 lr: 0.00030000000000000073 	 Training loss: 0.07354574754834176
[2024-12-25 03:21:51,175] INFO: Iter 22200 Summary: 
[2024-12-25 03:21:51,175] INFO: 	 lr: 0.00030000000000000073 	 Training loss: 0.0734481754899025
[2024-12-25 03:21:57,804] INFO: Iter 22300 Summary: 
[2024-12-25 03:21:57,804] INFO: 	 lr: 0.00030000000000000073 	 Training loss: 0.07351115807890891
[2024-12-25 03:22:04,703] INFO: Iter 22400 Summary: 
[2024-12-25 03:22:04,703] INFO: 	 lr: 0.00030000000000000073 	 Training loss: 0.07334482081234456
[2024-12-25 03:22:11,361] INFO: Iter 22500 Summary: 
[2024-12-25 03:22:11,361] INFO: 	 lr: 0.00030000000000000073 	 Training loss: 0.07318996138870716
[2024-12-25 03:22:18,026] INFO: Iter 22600 Summary: 
[2024-12-25 03:22:18,026] INFO: 	 lr: 0.00030000000000000073 	 Training loss: 0.0735214451700449
[2024-12-25 03:22:25,985] INFO: Iter 22700 Summary: 
[2024-12-25 03:22:25,985] INFO: 	 lr: 0.00030000000000000073 	 Training loss: 0.07288999542593956
[2024-12-25 03:22:32,634] INFO: Iter 22800 Summary: 
[2024-12-25 03:22:32,634] INFO: 	 lr: 0.00030000000000000073 	 Training loss: 0.07323336020112038
[2024-12-25 03:22:39,278] INFO: Iter 22900 Summary: 
[2024-12-25 03:22:39,278] INFO: 	 lr: 0.00030000000000000073 	 Training loss: 0.07341428138315678
[2024-12-25 03:22:45,937] INFO: Iter 23000 Summary: 
[2024-12-25 03:22:45,937] INFO: 	 lr: 0.00030000000000000073 	 Training loss: 0.07321816250681877
[2024-12-25 03:22:52,559] INFO: Iter 23100 Summary: 
[2024-12-25 03:22:52,559] INFO: 	 lr: 0.00030000000000000073 	 Training loss: 0.0735496710985899
[2024-12-25 03:22:59,007] INFO: Iter 23200 Summary: 
[2024-12-25 03:22:59,008] INFO: 	 lr: 0.00030000000000000073 	 Training loss: 0.07339748963713646
[2024-12-25 03:23:06,758] INFO: Iter 23300 Summary: 
[2024-12-25 03:23:06,758] INFO: 	 lr: 0.00030000000000000073 	 Training loss: 0.07321268945932388
[2024-12-25 03:23:13,472] INFO: Iter 23400 Summary: 
[2024-12-25 03:23:13,473] INFO: 	 lr: 0.00030000000000000073 	 Training loss: 0.07295681469142437
[2024-12-25 03:23:20,142] INFO: Iter 23500 Summary: 
[2024-12-25 03:23:20,142] INFO: 	 lr: 0.00030000000000000073 	 Training loss: 0.07277084656059742
[2024-12-25 03:23:26,795] INFO: Iter 23600 Summary: 
[2024-12-25 03:23:26,795] INFO: 	 lr: 0.00030000000000000073 	 Training loss: 0.0732012602686882
[2024-12-25 03:23:33,442] INFO: Iter 23700 Summary: 
[2024-12-25 03:23:33,442] INFO: 	 lr: 0.00030000000000000073 	 Training loss: 0.07325237326323986
[2024-12-25 03:23:40,047] INFO: Iter 23800 Summary: 
[2024-12-25 03:23:40,047] INFO: 	 lr: 0.00030000000000000073 	 Training loss: 0.07249787598848342
[2024-12-25 03:23:46,717] INFO: Iter 23900 Summary: 
[2024-12-25 03:23:46,717] INFO: 	 lr: 0.00030000000000000073 	 Training loss: 0.07353356704115868
[2024-12-25 03:23:54,671] INFO: Iter 24000 Summary: 
[2024-12-25 03:23:54,672] INFO: 	 lr: 0.00030000000000000073 	 Training loss: 0.07326584570109844
[2024-12-25 03:24:03,230] INFO: Iter 24100 Summary: 
[2024-12-25 03:24:03,230] INFO: 	 lr: 0.00030000000000000073 	 Training loss: 0.07280456662178039
[2024-12-25 03:24:09,915] INFO: Iter 24200 Summary: 
[2024-12-25 03:24:09,916] INFO: 	 lr: 0.00030000000000000073 	 Training loss: 0.07302600726485252
[2024-12-25 03:24:16,493] INFO: Iter 24300 Summary: 
[2024-12-25 03:24:16,493] INFO: 	 lr: 0.00030000000000000073 	 Training loss: 0.07275780834257603
[2024-12-25 03:24:23,177] INFO: Iter 24400 Summary: 
[2024-12-25 03:24:23,177] INFO: 	 lr: 0.00030000000000000073 	 Training loss: 0.07319239757955075
[2024-12-25 03:24:29,852] INFO: Iter 24500 Summary: 
[2024-12-25 03:24:29,853] INFO: 	 lr: 0.00030000000000000073 	 Training loss: 0.07239560589194298
[2024-12-25 03:24:36,545] INFO: Iter 24600 Summary: 
[2024-12-25 03:24:36,545] INFO: 	 lr: 0.00030000000000000073 	 Training loss: 0.07288597889244557
[2024-12-25 03:24:44,592] INFO: Iter 24700 Summary: 
[2024-12-25 03:24:44,592] INFO: 	 lr: 0.00030000000000000073 	 Training loss: 0.07288746148347855
[2024-12-25 03:24:51,266] INFO: Iter 24800 Summary: 
[2024-12-25 03:24:51,266] INFO: 	 lr: 0.00030000000000000073 	 Training loss: 0.07308733589947224
[2024-12-25 03:24:57,916] INFO: Iter 24900 Summary: 
[2024-12-25 03:24:57,916] INFO: 	 lr: 0.00030000000000000073 	 Training loss: 0.07243302769958973
[2024-12-25 03:25:04,543] INFO: Iter 25000 Summary: 
[2024-12-25 03:25:04,543] INFO: 	 lr: 0.00030000000000000073 	 Training loss: 0.07311666280031204
[2024-12-25 03:25:11,239] INFO: Iter 25100 Summary: 
[2024-12-25 03:25:11,239] INFO: 	 lr: 0.00030000000000000073 	 Training loss: 0.07288830615580082
[2024-12-25 03:25:17,902] INFO: Iter 25200 Summary: 
[2024-12-25 03:25:17,902] INFO: 	 lr: 0.00030000000000000073 	 Training loss: 0.07277586631476879
[2024-12-25 03:25:25,816] INFO: Iter 25300 Summary: 
[2024-12-25 03:25:25,817] INFO: 	 lr: 0.00030000000000000073 	 Training loss: 0.07265636049211026
[2024-12-25 03:25:32,477] INFO: Iter 25400 Summary: 
[2024-12-25 03:25:32,477] INFO: 	 lr: 0.00030000000000000073 	 Training loss: 0.07290430717170239
[2024-12-25 03:25:39,122] INFO: Iter 25500 Summary: 
[2024-12-25 03:25:39,122] INFO: 	 lr: 0.00030000000000000073 	 Training loss: 0.07254219494760036
[2024-12-25 03:25:45,775] INFO: Iter 25600 Summary: 
[2024-12-25 03:25:45,775] INFO: 	 lr: 0.00030000000000000073 	 Training loss: 0.07268154606223107
[2024-12-25 03:25:52,554] INFO: Iter 25700 Summary: 
[2024-12-25 03:25:52,554] INFO: 	 lr: 0.00030000000000000073 	 Training loss: 0.07286872930824756
[2024-12-25 03:25:59,401] INFO: Iter 25800 Summary: 
[2024-12-25 03:25:59,401] INFO: 	 lr: 0.00030000000000000073 	 Training loss: 0.07287904150784015
[2024-12-25 03:26:06,008] INFO: Iter 25900 Summary: 
[2024-12-25 03:26:06,008] INFO: 	 lr: 0.00030000000000000073 	 Training loss: 0.07274689517915249
[2024-12-25 03:26:14,014] INFO: Iter 26000 Summary: 
[2024-12-25 03:26:14,015] INFO: 	 lr: 0.00030000000000000073 	 Training loss: 0.07208470709621906
[2024-12-25 03:26:22,328] INFO: Iter 26100 Summary: 
[2024-12-25 03:26:22,328] INFO: 	 lr: 0.00030000000000000073 	 Training loss: 0.07289541468024253
[2024-12-25 03:26:29,064] INFO: Iter 26200 Summary: 
[2024-12-25 03:26:29,064] INFO: 	 lr: 0.00030000000000000073 	 Training loss: 0.0721837443113327
[2024-12-25 03:26:35,723] INFO: Iter 26300 Summary: 
[2024-12-25 03:26:35,723] INFO: 	 lr: 0.00030000000000000073 	 Training loss: 0.07240084521472454
[2024-12-25 03:26:42,305] INFO: Iter 26400 Summary: 
[2024-12-25 03:26:42,305] INFO: 	 lr: 0.00030000000000000073 	 Training loss: 0.07238628663122654
[2024-12-25 03:26:48,999] INFO: Iter 26500 Summary: 
[2024-12-25 03:26:48,999] INFO: 	 lr: 0.00030000000000000073 	 Training loss: 0.07238442666828632
[2024-12-25 03:26:55,658] INFO: Iter 26600 Summary: 
[2024-12-25 03:26:55,658] INFO: 	 lr: 0.00030000000000000073 	 Training loss: 0.07247206337749958
[2024-12-25 03:27:03,480] INFO: Iter 26700 Summary: 
[2024-12-25 03:27:03,481] INFO: 	 lr: 0.00030000000000000073 	 Training loss: 0.0722778431326151
[2024-12-25 03:27:10,139] INFO: Iter 26800 Summary: 
[2024-12-25 03:27:10,139] INFO: 	 lr: 0.00030000000000000073 	 Training loss: 0.07220134295523167
[2024-12-25 03:27:16,830] INFO: Iter 26900 Summary: 
[2024-12-25 03:27:16,830] INFO: 	 lr: 0.00030000000000000073 	 Training loss: 0.07235333174467087
[2024-12-25 03:27:23,829] INFO: Iter 27000 Summary: 
[2024-12-25 03:27:23,829] INFO: 	 lr: 0.00030000000000000073 	 Training loss: 0.0726347366720438
[2024-12-25 03:27:30,728] INFO: Iter 27100 Summary: 
[2024-12-25 03:27:30,728] INFO: 	 lr: 0.00030000000000000073 	 Training loss: 0.07213945351541043
[2024-12-25 03:27:37,668] INFO: Iter 27200 Summary: 
[2024-12-25 03:27:37,668] INFO: 	 lr: 0.00030000000000000073 	 Training loss: 0.07264764621853828
[2024-12-25 03:27:45,944] INFO: Iter 27300 Summary: 
[2024-12-25 03:27:45,944] INFO: 	 lr: 0.00030000000000000073 	 Training loss: 0.07234629705548286
[2024-12-25 03:27:52,883] INFO: Iter 27400 Summary: 
[2024-12-25 03:27:52,884] INFO: 	 lr: 0.00030000000000000073 	 Training loss: 0.07190445959568023
[2024-12-25 03:27:59,765] INFO: Iter 27500 Summary: 
[2024-12-25 03:27:59,765] INFO: 	 lr: 0.00030000000000000073 	 Training loss: 0.07271785020828248
[2024-12-25 03:28:06,584] INFO: Iter 27600 Summary: 
[2024-12-25 03:28:06,584] INFO: 	 lr: 0.00030000000000000073 	 Training loss: 0.07193647719919681
[2024-12-25 03:28:13,261] INFO: Iter 27700 Summary: 
[2024-12-25 03:28:13,262] INFO: 	 lr: 0.00030000000000000073 	 Training loss: 0.07252145908772946
[2024-12-25 03:28:19,918] INFO: Iter 27800 Summary: 
[2024-12-25 03:28:19,919] INFO: 	 lr: 0.00030000000000000073 	 Training loss: 0.07186800621449947
[2024-12-25 03:28:26,574] INFO: Iter 27900 Summary: 
[2024-12-25 03:28:26,575] INFO: 	 lr: 0.00030000000000000073 	 Training loss: 0.0720223142951727
[2024-12-25 03:28:34,581] INFO: Iter 28000 Summary: 
[2024-12-25 03:28:34,582] INFO: 	 lr: 0.00030000000000000073 	 Training loss: 0.07190252125263213
[2024-12-25 03:28:43,131] INFO: Iter 28100 Summary: 
[2024-12-25 03:28:43,132] INFO: 	 lr: 0.00030000000000000073 	 Training loss: 0.07212938606739044
[2024-12-25 03:28:49,840] INFO: Iter 28200 Summary: 
[2024-12-25 03:28:49,840] INFO: 	 lr: 0.00030000000000000073 	 Training loss: 0.07242706693708896
[2024-12-25 03:28:56,510] INFO: Iter 28300 Summary: 
[2024-12-25 03:28:56,510] INFO: 	 lr: 0.00030000000000000073 	 Training loss: 0.07202277332544327
[2024-12-25 03:29:03,179] INFO: Iter 28400 Summary: 
[2024-12-25 03:29:03,179] INFO: 	 lr: 0.00030000000000000073 	 Training loss: 0.0720051347464323
[2024-12-25 03:29:09,851] INFO: Iter 28500 Summary: 
[2024-12-25 03:29:09,851] INFO: 	 lr: 0.00030000000000000073 	 Training loss: 0.07230303816497326
[2024-12-25 03:29:17,569] INFO: Iter 28600 Summary: 
[2024-12-25 03:29:17,569] INFO: 	 lr: 0.00030000000000000073 	 Training loss: 0.0721901422739029
[2024-12-25 03:29:24,379] INFO: Iter 28700 Summary: 
[2024-12-25 03:29:24,379] INFO: 	 lr: 0.00030000000000000073 	 Training loss: 0.07110434345901012
[2024-12-25 03:29:31,067] INFO: Iter 28800 Summary: 
[2024-12-25 03:29:31,067] INFO: 	 lr: 0.00030000000000000073 	 Training loss: 0.07147350527346134
[2024-12-25 03:29:37,754] INFO: Iter 28900 Summary: 
[2024-12-25 03:29:37,754] INFO: 	 lr: 0.00030000000000000073 	 Training loss: 0.0719305632263422
[2024-12-25 03:29:44,426] INFO: Iter 29000 Summary: 
[2024-12-25 03:29:44,427] INFO: 	 lr: 0.00030000000000000073 	 Training loss: 0.07182394206523895
[2024-12-25 03:29:50,995] INFO: Iter 29100 Summary: 
[2024-12-25 03:29:50,995] INFO: 	 lr: 0.00030000000000000073 	 Training loss: 0.07208947993814946
[2024-12-25 03:29:57,174] INFO: Iter 29200 Summary: 
[2024-12-25 03:29:57,174] INFO: 	 lr: 0.00030000000000000073 	 Training loss: 0.07227726273238659
[2024-12-25 03:30:05,049] INFO: Iter 29300 Summary: 
[2024-12-25 03:30:05,050] INFO: 	 lr: 0.00030000000000000073 	 Training loss: 0.07228300996124744
[2024-12-25 03:30:10,748] INFO: Iter 29400 Summary: 
[2024-12-25 03:30:10,749] INFO: 	 lr: 0.00030000000000000073 	 Training loss: 0.07154752895236015
[2024-12-25 03:30:17,426] INFO: Iter 29500 Summary: 
[2024-12-25 03:30:17,427] INFO: 	 lr: 0.00030000000000000073 	 Training loss: 0.07203022561967373
[2024-12-25 03:30:24,083] INFO: Iter 29600 Summary: 
[2024-12-25 03:30:24,084] INFO: 	 lr: 0.00030000000000000073 	 Training loss: 0.07221708938479424
[2024-12-25 03:30:30,834] INFO: Iter 29700 Summary: 
[2024-12-25 03:30:30,834] INFO: 	 lr: 0.00030000000000000073 	 Training loss: 0.07192640103399754
[2024-12-25 03:30:37,583] INFO: Iter 29800 Summary: 
[2024-12-25 03:30:37,583] INFO: 	 lr: 0.00030000000000000073 	 Training loss: 0.07214599646627903
[2024-12-25 03:30:44,283] INFO: Iter 29900 Summary: 
[2024-12-25 03:30:44,283] INFO: 	 lr: 0.00030000000000000073 	 Training loss: 0.07150981768965721
[2024-12-25 03:30:52,298] INFO: Iter 30000 Summary: 
[2024-12-25 03:30:52,298] INFO: 	 lr: 0.00030000000000000073 	 Training loss: 0.07187611170113087
[2024-12-25 03:31:00,738] INFO: Iter 30100 Summary: 
[2024-12-25 03:31:00,738] INFO: 	 lr: 1.2900000000000026e-05 	 Training loss: 0.07016170553863049
[2024-12-25 03:31:07,517] INFO: Iter 30200 Summary: 
[2024-12-25 03:31:07,517] INFO: 	 lr: 1.000000000000002e-05 	 Training loss: 0.06980678483843804
[2024-12-25 03:31:14,238] INFO: Iter 30300 Summary: 
[2024-12-25 03:31:14,238] INFO: 	 lr: 1.000000000000002e-05 	 Training loss: 0.06993542768061162
[2024-12-25 03:31:20,928] INFO: Iter 30400 Summary: 
[2024-12-25 03:31:20,928] INFO: 	 lr: 1.000000000000002e-05 	 Training loss: 0.06873368367552757
[2024-12-25 03:31:27,586] INFO: Iter 30500 Summary: 
[2024-12-25 03:31:27,586] INFO: 	 lr: 1.000000000000002e-05 	 Training loss: 0.06899774394929409
[2024-12-25 03:31:35,458] INFO: Iter 30600 Summary: 
[2024-12-25 03:31:35,458] INFO: 	 lr: 1.000000000000002e-05 	 Training loss: 0.0688196287304163
[2024-12-25 03:31:42,139] INFO: Iter 30700 Summary: 
[2024-12-25 03:31:42,139] INFO: 	 lr: 1.000000000000002e-05 	 Training loss: 0.06874923653900623
[2024-12-25 03:31:48,766] INFO: Iter 30800 Summary: 
[2024-12-25 03:31:48,766] INFO: 	 lr: 1.000000000000002e-05 	 Training loss: 0.06849933125078678
[2024-12-25 03:31:55,420] INFO: Iter 30900 Summary: 
[2024-12-25 03:31:55,420] INFO: 	 lr: 1.000000000000002e-05 	 Training loss: 0.06889813296496868
[2024-12-25 03:32:02,077] INFO: Iter 31000 Summary: 
[2024-12-25 03:32:02,077] INFO: 	 lr: 1.000000000000002e-05 	 Training loss: 0.06877189502120018
[2024-12-25 03:32:08,332] INFO: Iter 31100 Summary: 
[2024-12-25 03:32:08,332] INFO: 	 lr: 1.000000000000002e-05 	 Training loss: 0.06870552223175765
[2024-12-25 03:32:14,975] INFO: Iter 31200 Summary: 
[2024-12-25 03:32:14,975] INFO: 	 lr: 1.000000000000002e-05 	 Training loss: 0.06822866432368756
[2024-12-25 03:32:22,826] INFO: Iter 31300 Summary: 
[2024-12-25 03:32:22,826] INFO: 	 lr: 1.000000000000002e-05 	 Training loss: 0.06854722365736961
[2024-12-25 03:32:29,369] INFO: Iter 31400 Summary: 
[2024-12-25 03:32:29,369] INFO: 	 lr: 1.000000000000002e-05 	 Training loss: 0.06893937893211842
[2024-12-25 03:32:36,032] INFO: Iter 31500 Summary: 
[2024-12-25 03:32:36,032] INFO: 	 lr: 1.000000000000002e-05 	 Training loss: 0.06868583180010318
[2024-12-25 03:32:42,661] INFO: Iter 31600 Summary: 
[2024-12-25 03:32:42,661] INFO: 	 lr: 1.000000000000002e-05 	 Training loss: 0.06817166417837144
[2024-12-25 03:32:49,342] INFO: Iter 31700 Summary: 
[2024-12-25 03:32:49,342] INFO: 	 lr: 1.000000000000002e-05 	 Training loss: 0.0687397250533104
[2024-12-25 03:32:56,014] INFO: Iter 31800 Summary: 
[2024-12-25 03:32:56,014] INFO: 	 lr: 1.000000000000002e-05 	 Training loss: 0.06824520625174045
[2024-12-25 03:33:02,704] INFO: Iter 31900 Summary: 
[2024-12-25 03:33:02,704] INFO: 	 lr: 1.000000000000002e-05 	 Training loss: 0.06804741509258747
[2024-12-25 03:33:10,639] INFO: Iter 32000 Summary: 
[2024-12-25 03:33:10,640] INFO: 	 lr: 1.000000000000002e-05 	 Training loss: 0.06873080022633075
[2024-12-25 03:33:18,946] INFO: Iter 32100 Summary: 
[2024-12-25 03:33:18,947] INFO: 	 lr: 1.000000000000002e-05 	 Training loss: 0.06853069037199021
[2024-12-25 03:33:25,604] INFO: Iter 32200 Summary: 
[2024-12-25 03:33:25,605] INFO: 	 lr: 1.000000000000002e-05 	 Training loss: 0.0682356435060501
[2024-12-25 03:33:32,261] INFO: Iter 32300 Summary: 
[2024-12-25 03:33:32,262] INFO: 	 lr: 1.000000000000002e-05 	 Training loss: 0.06818177737295628
[2024-12-25 03:33:38,920] INFO: Iter 32400 Summary: 
[2024-12-25 03:33:38,920] INFO: 	 lr: 1.000000000000002e-05 	 Training loss: 0.06836228236556054
[2024-12-25 03:33:45,575] INFO: Iter 32500 Summary: 
[2024-12-25 03:33:45,575] INFO: 	 lr: 1.000000000000002e-05 	 Training loss: 0.06796616926789284
[2024-12-25 03:33:53,330] INFO: Iter 32600 Summary: 
[2024-12-25 03:33:53,330] INFO: 	 lr: 1.000000000000002e-05 	 Training loss: 0.06813720688223839
[2024-12-25 03:34:00,050] INFO: Iter 32700 Summary: 
[2024-12-25 03:34:00,050] INFO: 	 lr: 1.000000000000002e-05 	 Training loss: 0.06818161636590958
[2024-12-25 03:34:06,704] INFO: Iter 32800 Summary: 
[2024-12-25 03:34:06,704] INFO: 	 lr: 1.000000000000002e-05 	 Training loss: 0.06796480089426041
[2024-12-25 03:34:13,356] INFO: Iter 32900 Summary: 
[2024-12-25 03:34:13,356] INFO: 	 lr: 1.000000000000002e-05 	 Training loss: 0.06827353693544864
[2024-12-25 03:34:19,999] INFO: Iter 33000 Summary: 
[2024-12-25 03:34:19,999] INFO: 	 lr: 1.000000000000002e-05 	 Training loss: 0.06825188796967269
[2024-12-25 03:34:26,641] INFO: Iter 33100 Summary: 
[2024-12-25 03:34:26,641] INFO: 	 lr: 1.000000000000002e-05 	 Training loss: 0.0681663617491722
[2024-12-25 03:34:33,306] INFO: Iter 33200 Summary: 
[2024-12-25 03:34:33,307] INFO: 	 lr: 1.000000000000002e-05 	 Training loss: 0.0678487790375948
[2024-12-25 03:34:41,137] INFO: Iter 33300 Summary: 
[2024-12-25 03:34:41,138] INFO: 	 lr: 1.000000000000002e-05 	 Training loss: 0.06819807257503271
[2024-12-25 03:34:47,860] INFO: Iter 33400 Summary: 
[2024-12-25 03:34:47,861] INFO: 	 lr: 1.000000000000002e-05 	 Training loss: 0.06807978883385658
[2024-12-25 03:34:54,401] INFO: Iter 33500 Summary: 
[2024-12-25 03:34:54,402] INFO: 	 lr: 1.000000000000002e-05 	 Training loss: 0.06806271098554134
[2024-12-25 03:35:01,025] INFO: Iter 33600 Summary: 
[2024-12-25 03:35:01,025] INFO: 	 lr: 1.000000000000002e-05 	 Training loss: 0.06823631510138511
[2024-12-25 03:35:07,689] INFO: Iter 33700 Summary: 
[2024-12-25 03:35:07,689] INFO: 	 lr: 1.000000000000002e-05 	 Training loss: 0.06787743240594864
[2024-12-25 03:35:14,312] INFO: Iter 33800 Summary: 
[2024-12-25 03:35:14,312] INFO: 	 lr: 1.000000000000002e-05 	 Training loss: 0.0683275520056486
[2024-12-25 03:35:20,936] INFO: Iter 33900 Summary: 
[2024-12-25 03:35:20,936] INFO: 	 lr: 1.000000000000002e-05 	 Training loss: 0.06802486002445221
[2024-12-25 03:35:28,891] INFO: Iter 34000 Summary: 
[2024-12-25 03:35:28,891] INFO: 	 lr: 1.000000000000002e-05 	 Training loss: 0.06812369611114263
[2024-12-25 03:35:37,227] INFO: Iter 34100 Summary: 
[2024-12-25 03:35:37,227] INFO: 	 lr: 1.000000000000002e-05 	 Training loss: 0.06787377938628197
[2024-12-25 03:35:43,863] INFO: Iter 34200 Summary: 
[2024-12-25 03:35:43,863] INFO: 	 lr: 1.000000000000002e-05 	 Training loss: 0.06819367811083793
[2024-12-25 03:35:50,485] INFO: Iter 34300 Summary: 
[2024-12-25 03:35:50,485] INFO: 	 lr: 1.000000000000002e-05 	 Training loss: 0.06778581604361535
[2024-12-25 03:35:57,095] INFO: Iter 34400 Summary: 
[2024-12-25 03:35:57,095] INFO: 	 lr: 1.000000000000002e-05 	 Training loss: 0.0677948834002018
[2024-12-25 03:36:03,559] INFO: Iter 34500 Summary: 
[2024-12-25 03:36:03,559] INFO: 	 lr: 1.000000000000002e-05 	 Training loss: 0.06806350566446781
[2024-12-25 03:36:11,401] INFO: Iter 34600 Summary: 
[2024-12-25 03:36:11,401] INFO: 	 lr: 1.000000000000002e-05 	 Training loss: 0.06806428052484989
[2024-12-25 03:36:18,204] INFO: Iter 34700 Summary: 
[2024-12-25 03:36:18,204] INFO: 	 lr: 1.000000000000002e-05 	 Training loss: 0.06785973355174064
[2024-12-25 03:36:24,894] INFO: Iter 34800 Summary: 
[2024-12-25 03:36:24,894] INFO: 	 lr: 1.000000000000002e-05 	 Training loss: 0.06809746373444796
[2024-12-25 03:36:31,505] INFO: Iter 34900 Summary: 
[2024-12-25 03:36:31,505] INFO: 	 lr: 1.000000000000002e-05 	 Training loss: 0.06787774197757244
[2024-12-25 03:36:38,079] INFO: Iter 35000 Summary: 
[2024-12-25 03:36:38,079] INFO: 	 lr: 1.000000000000002e-05 	 Training loss: 0.06801721245050431
[2024-12-25 03:36:44,753] INFO: Iter 35100 Summary: 
[2024-12-25 03:36:44,754] INFO: 	 lr: 1.000000000000002e-05 	 Training loss: 0.06766420006752014
[2024-12-25 03:36:51,389] INFO: Iter 35200 Summary: 
[2024-12-25 03:36:51,389] INFO: 	 lr: 1.000000000000002e-05 	 Training loss: 0.06779033869504929
[2024-12-25 03:36:59,292] INFO: Iter 35300 Summary: 
[2024-12-25 03:36:59,292] INFO: 	 lr: 1.000000000000002e-05 	 Training loss: 0.0678031862154603
[2024-12-25 03:37:05,946] INFO: Iter 35400 Summary: 
[2024-12-25 03:37:05,946] INFO: 	 lr: 1.000000000000002e-05 	 Training loss: 0.06790278319269419
[2024-12-25 03:37:12,544] INFO: Iter 35500 Summary: 
[2024-12-25 03:37:12,544] INFO: 	 lr: 1.000000000000002e-05 	 Training loss: 0.06772471494972705
[2024-12-25 03:37:19,198] INFO: Iter 35600 Summary: 
[2024-12-25 03:37:19,198] INFO: 	 lr: 1.000000000000002e-05 	 Training loss: 0.06814195949584245
[2024-12-25 03:37:25,838] INFO: Iter 35700 Summary: 
[2024-12-25 03:37:25,839] INFO: 	 lr: 1.000000000000002e-05 	 Training loss: 0.06759703449904919
[2024-12-25 03:37:32,490] INFO: Iter 35800 Summary: 
[2024-12-25 03:37:32,490] INFO: 	 lr: 1.000000000000002e-05 	 Training loss: 0.06788596998900175
[2024-12-25 03:37:39,148] INFO: Iter 35900 Summary: 
[2024-12-25 03:37:39,148] INFO: 	 lr: 1.000000000000002e-05 	 Training loss: 0.06780216187238693
[2024-12-25 03:37:47,059] INFO: Iter 36000 Summary: 
[2024-12-25 03:37:47,060] INFO: 	 lr: 1.000000000000002e-05 	 Training loss: 0.06757970836013555
[2024-12-25 03:37:55,557] INFO: Iter 36100 Summary: 
[2024-12-25 03:37:55,557] INFO: 	 lr: 1.000000000000002e-05 	 Training loss: 0.06797771193087102
[2024-12-25 03:38:02,247] INFO: Iter 36200 Summary: 
[2024-12-25 03:38:02,247] INFO: 	 lr: 1.000000000000002e-05 	 Training loss: 0.06773489754647016
[2024-12-25 03:38:08,911] INFO: Iter 36300 Summary: 
[2024-12-25 03:38:08,911] INFO: 	 lr: 1.000000000000002e-05 	 Training loss: 0.06787942908704281
[2024-12-25 03:38:15,580] INFO: Iter 36400 Summary: 
[2024-12-25 03:38:15,580] INFO: 	 lr: 1.000000000000002e-05 	 Training loss: 0.06780913390219212
[2024-12-25 03:38:22,253] INFO: Iter 36500 Summary: 
[2024-12-25 03:38:22,253] INFO: 	 lr: 1.000000000000002e-05 	 Training loss: 0.06782188400626182
[2024-12-25 03:38:30,289] INFO: Iter 36600 Summary: 
[2024-12-25 03:38:30,290] INFO: 	 lr: 1.000000000000002e-05 	 Training loss: 0.06756160903722047
[2024-12-25 03:38:36,863] INFO: Iter 36700 Summary: 
[2024-12-25 03:38:36,863] INFO: 	 lr: 1.000000000000002e-05 	 Training loss: 0.06780109822750091
[2024-12-25 03:38:43,515] INFO: Iter 36800 Summary: 
[2024-12-25 03:38:43,515] INFO: 	 lr: 1.000000000000002e-05 	 Training loss: 0.06780028447508812
[2024-12-25 03:38:50,117] INFO: Iter 36900 Summary: 
[2024-12-25 03:38:50,118] INFO: 	 lr: 1.000000000000002e-05 	 Training loss: 0.06790948070585728
[2024-12-25 03:38:56,769] INFO: Iter 37000 Summary: 
[2024-12-25 03:38:56,769] INFO: 	 lr: 1.000000000000002e-05 	 Training loss: 0.06758794531226159
[2024-12-25 03:39:03,440] INFO: Iter 37100 Summary: 
[2024-12-25 03:39:03,440] INFO: 	 lr: 1.000000000000002e-05 	 Training loss: 0.06750888120383024
[2024-12-25 03:39:10,031] INFO: Iter 37200 Summary: 
[2024-12-25 03:39:10,031] INFO: 	 lr: 1.000000000000002e-05 	 Training loss: 0.06761654373258352
[2024-12-25 03:39:18,148] INFO: Iter 37300 Summary: 
[2024-12-25 03:39:18,148] INFO: 	 lr: 1.000000000000002e-05 	 Training loss: 0.06787753202021123
[2024-12-25 03:39:25,011] INFO: Iter 37400 Summary: 
[2024-12-25 03:39:25,011] INFO: 	 lr: 1.000000000000002e-05 	 Training loss: 0.06756330993026495
[2024-12-25 03:39:31,841] INFO: Iter 37500 Summary: 
[2024-12-25 03:39:31,841] INFO: 	 lr: 1.000000000000002e-05 	 Training loss: 0.06762809794396162
[2024-12-25 03:39:38,695] INFO: Iter 37600 Summary: 
[2024-12-25 03:39:38,695] INFO: 	 lr: 1.000000000000002e-05 	 Training loss: 0.06784451201558113
[2024-12-25 03:39:45,613] INFO: Iter 37700 Summary: 
[2024-12-25 03:39:45,613] INFO: 	 lr: 1.000000000000002e-05 	 Training loss: 0.0673110381513834
[2024-12-25 03:39:52,487] INFO: Iter 37800 Summary: 
[2024-12-25 03:39:52,487] INFO: 	 lr: 1.000000000000002e-05 	 Training loss: 0.06796831224113703
[2024-12-25 03:39:59,251] INFO: Iter 37900 Summary: 
[2024-12-25 03:39:59,251] INFO: 	 lr: 1.000000000000002e-05 	 Training loss: 0.06763119541108609
[2024-12-25 03:40:07,248] INFO: Iter 38000 Summary: 
[2024-12-25 03:40:07,248] INFO: 	 lr: 1.000000000000002e-05 	 Training loss: 0.06702633496373891
[2024-12-25 03:40:15,827] INFO: Iter 38100 Summary: 
[2024-12-25 03:40:15,828] INFO: 	 lr: 1.000000000000002e-05 	 Training loss: 0.06778620176017285
[2024-12-25 03:40:22,481] INFO: Iter 38200 Summary: 
[2024-12-25 03:40:22,482] INFO: 	 lr: 1.000000000000002e-05 	 Training loss: 0.06799140758812428
[2024-12-25 03:40:29,153] INFO: Iter 38300 Summary: 
[2024-12-25 03:40:29,153] INFO: 	 lr: 1.000000000000002e-05 	 Training loss: 0.06780803605914115
[2024-12-25 03:40:35,711] INFO: Iter 38400 Summary: 
[2024-12-25 03:40:35,711] INFO: 	 lr: 1.000000000000002e-05 	 Training loss: 0.06734107185155153
[2024-12-25 03:40:42,367] INFO: Iter 38500 Summary: 
[2024-12-25 03:40:42,367] INFO: 	 lr: 1.000000000000002e-05 	 Training loss: 0.06749236956238747
[2024-12-25 03:40:50,147] INFO: Iter 38600 Summary: 
[2024-12-25 03:40:50,147] INFO: 	 lr: 1.000000000000002e-05 	 Training loss: 0.06752534773200751
[2024-12-25 03:40:56,798] INFO: Iter 38700 Summary: 
[2024-12-25 03:40:56,798] INFO: 	 lr: 1.000000000000002e-05 	 Training loss: 0.06745147626847028
[2024-12-25 03:41:03,341] INFO: Iter 38800 Summary: 
[2024-12-25 03:41:03,341] INFO: 	 lr: 1.000000000000002e-05 	 Training loss: 0.06746946521103382
[2024-12-25 03:41:09,997] INFO: Iter 38900 Summary: 
[2024-12-25 03:41:09,997] INFO: 	 lr: 1.000000000000002e-05 	 Training loss: 0.06761119231581687
[2024-12-25 03:41:16,607] INFO: Iter 39000 Summary: 
[2024-12-25 03:41:16,607] INFO: 	 lr: 1.000000000000002e-05 	 Training loss: 0.06749664474278688
[2024-12-25 03:41:23,277] INFO: Iter 39100 Summary: 
[2024-12-25 03:41:23,277] INFO: 	 lr: 1.000000000000002e-05 	 Training loss: 0.06732059825211763
[2024-12-25 03:41:29,932] INFO: Iter 39200 Summary: 
[2024-12-25 03:41:29,932] INFO: 	 lr: 1.000000000000002e-05 	 Training loss: 0.0674225527048111
[2024-12-25 03:41:37,754] INFO: Iter 39300 Summary: 
[2024-12-25 03:41:37,754] INFO: 	 lr: 1.000000000000002e-05 	 Training loss: 0.0674737698584795
[2024-12-25 03:41:44,381] INFO: Iter 39400 Summary: 
[2024-12-25 03:41:44,381] INFO: 	 lr: 1.000000000000002e-05 	 Training loss: 0.0671785057708621
[2024-12-25 03:41:51,047] INFO: Iter 39500 Summary: 
[2024-12-25 03:41:51,047] INFO: 	 lr: 1.000000000000002e-05 	 Training loss: 0.06752280082553624
[2024-12-25 03:41:57,677] INFO: Iter 39600 Summary: 
[2024-12-25 03:41:57,677] INFO: 	 lr: 1.000000000000002e-05 	 Training loss: 0.06726230759173632
[2024-12-25 03:42:04,361] INFO: Iter 39700 Summary: 
[2024-12-25 03:42:04,361] INFO: 	 lr: 1.000000000000002e-05 	 Training loss: 0.0675784768909216
[2024-12-25 03:42:11,034] INFO: Iter 39800 Summary: 
[2024-12-25 03:42:11,034] INFO: 	 lr: 1.000000000000002e-05 	 Training loss: 0.06766356389969587
[2024-12-25 03:42:17,724] INFO: Iter 39900 Summary: 
[2024-12-25 03:42:17,724] INFO: 	 lr: 1.000000000000002e-05 	 Training loss: 0.06805118441581726
[2024-12-25 03:42:25,533] INFO: Iter 40000 Summary: 
[2024-12-25 03:42:25,534] INFO: 	 lr: 1.000000000000002e-05 	 Training loss: 0.06715871207416058
