[2025-01-10 10:13:30,602] INFO: {
    "abs_dir": "/home/diwang/siMLPe/exps/baseline_h36m",
    "batch_size": 256,
    "cos_lr_max": 1e-05,
    "cos_lr_min": 5e-08,
    "cos_lr_total_iters": 40000,
    "data_aug": true,
    "deriv_input": true,
    "deriv_output": true,
    "device": "cuda:1",
    "h36m_anno_dir": "/home/diwang/siMLPe/data/h36m/",
    "link_log_file": "/home/diwang/siMLPe/exps/baseline_h36m/log/log_last.log",
    "link_val_log_file": "/home/diwang/siMLPe/exps/baseline_h36m/log/val_last.log",
    "log_dir": "/home/diwang/siMLPe/exps/baseline_h36m/log",
    "log_file": "/home/diwang/siMLPe/exps/baseline_h36m/log/log_2025_01_10_10_13_00.log",
    "model_pth": null,
    "motion": {
        "dim": 66,
        "h36m_input_length": 50,
        "h36m_input_length_dct": 50,
        "h36m_target_length": 10,
        "h36m_target_length_eval": 25,
        "h36m_target_length_train": 10
    },
    "motion_fc_in": {
        "activation": "relu",
        "in_features": 66,
        "init_w_trunc_normal": false,
        "out_features": 66,
        "temporal_fc": false,
        "with_norm": false
    },
    "motion_fc_out": {
        "activation": "relu",
        "in_features": 66,
        "init_w_trunc_normal": true,
        "out_features": 66,
        "temporal_fc": false,
        "with_norm": false
    },
    "motion_mlp": {
        "hidden_dim": 66,
        "norm_axis": "spatial",
        "num_layers": 48,
        "seq_len": 50,
        "spatial_fc_only": false,
        "with_normalization": true
    },
    "num_workers": 8,
    "post_dct": false,
    "pre_dct": false,
    "print_every": 100,
    "repo_name": "siMLPe",
    "root_dir": "/home/diwang/siMLPe",
    "save_every": 2000,
    "seed": 304,
    "shift_step": 1,
    "snapshot_dir": "/home/diwang/siMLPe/exps/baseline_h36m/log/snapshot",
    "this_dir": "baseline_h36m",
    "use_relative_loss": true,
    "val_log_file": "/home/diwang/siMLPe/exps/baseline_h36m/log/val_2025_01_10_10_13_00.log",
    "weight_decay": 0.0001
}
[2025-01-10 10:13:44,862] INFO: Iter 100 Summary: 
[2025-01-10 10:13:44,862] INFO: 	 lr: 0.00030000000000000073 	 Training loss: 0.09323366478085518
[2025-01-10 10:13:53,972] INFO: Iter 200 Summary: 
[2025-01-10 10:13:53,972] INFO: 	 lr: 0.00030000000000000073 	 Training loss: 0.07495819501578808
[2025-01-10 10:14:03,879] INFO: Iter 300 Summary: 
[2025-01-10 10:14:03,879] INFO: 	 lr: 0.00030000000000000073 	 Training loss: 0.07472302697598934
[2025-01-10 10:14:13,880] INFO: Iter 400 Summary: 
[2025-01-10 10:14:13,881] INFO: 	 lr: 0.00030000000000000073 	 Training loss: 0.07081885859370232
[2025-01-10 10:14:23,751] INFO: Iter 500 Summary: 
[2025-01-10 10:14:23,751] INFO: 	 lr: 0.00030000000000000073 	 Training loss: 0.06820853967219591
[2025-01-10 10:14:32,893] INFO: Iter 600 Summary: 
[2025-01-10 10:14:32,894] INFO: 	 lr: 0.00030000000000000073 	 Training loss: 0.06604010909795761
[2025-01-10 10:14:44,363] INFO: Iter 700 Summary: 
[2025-01-10 10:14:44,364] INFO: 	 lr: 0.00030000000000000073 	 Training loss: 0.06464995678514242
[2025-01-10 10:14:54,008] INFO: Iter 800 Summary: 
[2025-01-10 10:14:54,008] INFO: 	 lr: 0.00030000000000000073 	 Training loss: 0.06339653138071298
[2025-01-10 10:15:03,481] INFO: Iter 900 Summary: 
[2025-01-10 10:15:03,481] INFO: 	 lr: 0.00030000000000000073 	 Training loss: 0.06245448775589466
[2025-01-10 10:15:13,147] INFO: Iter 1000 Summary: 
[2025-01-10 10:15:13,147] INFO: 	 lr: 0.00030000000000000073 	 Training loss: 0.061248615570366385
[2025-01-10 10:15:23,002] INFO: Iter 1100 Summary: 
[2025-01-10 10:15:23,002] INFO: 	 lr: 0.00030000000000000073 	 Training loss: 0.06034250143915415
[2025-01-10 10:15:31,854] INFO: Iter 1200 Summary: 
[2025-01-10 10:15:31,855] INFO: 	 lr: 0.00030000000000000073 	 Training loss: 0.05887253947556019
[2025-01-10 10:15:41,155] INFO: Iter 1300 Summary: 
[2025-01-10 10:15:41,155] INFO: 	 lr: 0.00030000000000000073 	 Training loss: 0.058658871054649356
[2025-01-10 10:15:53,439] INFO: Iter 1400 Summary: 
[2025-01-10 10:15:53,439] INFO: 	 lr: 0.00030000000000000073 	 Training loss: 0.05845969524234533
[2025-01-10 10:16:03,307] INFO: Iter 1500 Summary: 
[2025-01-10 10:16:03,308] INFO: 	 lr: 0.00030000000000000073 	 Training loss: 0.057958102710545065
[2025-01-10 10:16:13,519] INFO: Iter 1600 Summary: 
[2025-01-10 10:16:13,520] INFO: 	 lr: 0.00030000000000000073 	 Training loss: 0.05704542707651854
[2025-01-10 10:16:22,980] INFO: Iter 1700 Summary: 
[2025-01-10 10:16:22,981] INFO: 	 lr: 0.00030000000000000073 	 Training loss: 0.05682532984763384
[2025-01-10 10:16:33,443] INFO: Iter 1800 Summary: 
[2025-01-10 10:16:33,443] INFO: 	 lr: 0.00030000000000000073 	 Training loss: 0.05621596813201904
[2025-01-10 10:16:44,604] INFO: Iter 1900 Summary: 
[2025-01-10 10:16:44,605] INFO: 	 lr: 0.00030000000000000073 	 Training loss: 0.05636971585452557
[2025-01-10 10:16:56,463] INFO: Iter 2000 Summary: 
[2025-01-10 10:16:56,464] INFO: 	 lr: 0.00030000000000000073 	 Training loss: 0.05520862840116024
[2025-01-10 10:17:15,281] INFO: Iter 2100 Summary: 
[2025-01-10 10:17:15,282] INFO: 	 lr: 0.00030000000000000073 	 Training loss: 0.05530710350722075
[2025-01-10 10:17:26,319] INFO: Iter 2200 Summary: 
[2025-01-10 10:17:26,319] INFO: 	 lr: 0.00030000000000000073 	 Training loss: 0.054744467660784724
[2025-01-10 10:17:37,494] INFO: Iter 2300 Summary: 
[2025-01-10 10:17:37,495] INFO: 	 lr: 0.00030000000000000073 	 Training loss: 0.05505533505231142
[2025-01-10 10:17:47,866] INFO: Iter 2400 Summary: 
[2025-01-10 10:17:47,866] INFO: 	 lr: 0.00030000000000000073 	 Training loss: 0.05452223818749189
[2025-01-10 10:17:57,505] INFO: Iter 2500 Summary: 
[2025-01-10 10:17:57,505] INFO: 	 lr: 0.00030000000000000073 	 Training loss: 0.054418633468449114
[2025-01-10 10:18:07,069] INFO: Iter 2600 Summary: 
[2025-01-10 10:18:07,069] INFO: 	 lr: 0.00030000000000000073 	 Training loss: 0.05452315837144852
[2025-01-10 10:18:17,968] INFO: Iter 2700 Summary: 
[2025-01-10 10:18:17,968] INFO: 	 lr: 0.00030000000000000073 	 Training loss: 0.05403587128967047
[2025-01-10 10:18:30,108] INFO: Iter 2800 Summary: 
[2025-01-10 10:18:30,108] INFO: 	 lr: 0.00030000000000000073 	 Training loss: 0.053363775983452794
[2025-01-10 10:18:40,596] INFO: Iter 2900 Summary: 
[2025-01-10 10:18:40,596] INFO: 	 lr: 0.00030000000000000073 	 Training loss: 0.05325174223631621
[2025-01-10 10:18:51,191] INFO: Iter 3000 Summary: 
[2025-01-10 10:18:51,191] INFO: 	 lr: 0.00030000000000000073 	 Training loss: 0.053509979918599127
[2025-01-10 10:19:02,056] INFO: Iter 3100 Summary: 
[2025-01-10 10:19:02,057] INFO: 	 lr: 0.00030000000000000073 	 Training loss: 0.05315593674778938
[2025-01-10 10:19:12,735] INFO: Iter 3200 Summary: 
[2025-01-10 10:19:12,735] INFO: 	 lr: 0.00030000000000000073 	 Training loss: 0.052753132209181784
[2025-01-10 10:19:24,526] INFO: Iter 3300 Summary: 
[2025-01-10 10:19:24,526] INFO: 	 lr: 0.00030000000000000073 	 Training loss: 0.05298673752695322
[2025-01-10 10:19:35,892] INFO: Iter 3400 Summary: 
[2025-01-10 10:19:35,892] INFO: 	 lr: 0.00030000000000000073 	 Training loss: 0.05288079608231783
[2025-01-10 10:19:49,333] INFO: Iter 3500 Summary: 
[2025-01-10 10:19:49,334] INFO: 	 lr: 0.00030000000000000073 	 Training loss: 0.05274288944900036
[2025-01-10 10:19:58,766] INFO: Iter 3600 Summary: 
[2025-01-10 10:19:58,767] INFO: 	 lr: 0.00030000000000000073 	 Training loss: 0.05253449153155088
[2025-01-10 10:20:09,807] INFO: Iter 3700 Summary: 
[2025-01-10 10:20:09,808] INFO: 	 lr: 0.00030000000000000073 	 Training loss: 0.051768831834197046
[2025-01-10 10:20:19,954] INFO: Iter 3800 Summary: 
[2025-01-10 10:20:19,955] INFO: 	 lr: 0.00030000000000000073 	 Training loss: 0.051796337850391866
[2025-01-10 10:20:30,218] INFO: Iter 3900 Summary: 
[2025-01-10 10:20:30,218] INFO: 	 lr: 0.00030000000000000073 	 Training loss: 0.051704120673239234
[2025-01-10 10:20:42,835] INFO: Iter 4000 Summary: 
[2025-01-10 10:20:42,836] INFO: 	 lr: 0.00030000000000000073 	 Training loss: 0.05230901531875134
[2025-01-10 10:20:57,588] INFO: Iter 4100 Summary: 
[2025-01-10 10:20:57,588] INFO: 	 lr: 0.00030000000000000073 	 Training loss: 0.05204952359199524
[2025-01-10 10:21:10,154] INFO: Iter 4200 Summary: 
[2025-01-10 10:21:10,154] INFO: 	 lr: 0.00030000000000000073 	 Training loss: 0.0514041143655777
[2025-01-10 10:21:21,080] INFO: Iter 4300 Summary: 
[2025-01-10 10:21:21,080] INFO: 	 lr: 0.00030000000000000073 	 Training loss: 0.051494169160723684
[2025-01-10 10:21:31,453] INFO: Iter 4400 Summary: 
[2025-01-10 10:21:31,454] INFO: 	 lr: 0.00030000000000000073 	 Training loss: 0.05124386299401522
[2025-01-10 10:21:41,029] INFO: Iter 4500 Summary: 
[2025-01-10 10:21:41,030] INFO: 	 lr: 0.00030000000000000073 	 Training loss: 0.051171217374503614
[2025-01-10 10:21:51,064] INFO: Iter 4600 Summary: 
[2025-01-10 10:21:51,064] INFO: 	 lr: 0.00030000000000000073 	 Training loss: 0.051052816435694696
[2025-01-10 10:22:01,807] INFO: Iter 4700 Summary: 
[2025-01-10 10:22:01,808] INFO: 	 lr: 0.00030000000000000073 	 Training loss: 0.05075488906353712
[2025-01-10 10:22:12,369] INFO: Iter 4800 Summary: 
[2025-01-10 10:22:12,370] INFO: 	 lr: 0.00030000000000000073 	 Training loss: 0.05091139357537031
[2025-01-10 10:22:25,346] INFO: Iter 4900 Summary: 
[2025-01-10 10:22:25,346] INFO: 	 lr: 0.00030000000000000073 	 Training loss: 0.05066441766917706
[2025-01-10 10:22:34,933] INFO: Iter 5000 Summary: 
[2025-01-10 10:22:34,933] INFO: 	 lr: 0.00030000000000000073 	 Training loss: 0.051287757232785225
[2025-01-10 10:22:46,152] INFO: Iter 5100 Summary: 
[2025-01-10 10:22:46,153] INFO: 	 lr: 0.00030000000000000073 	 Training loss: 0.05050448048859835
[2025-01-10 10:22:57,341] INFO: Iter 5200 Summary: 
[2025-01-10 10:22:57,341] INFO: 	 lr: 0.00030000000000000073 	 Training loss: 0.050442919917404655
[2025-01-10 10:23:06,979] INFO: Iter 5300 Summary: 
[2025-01-10 10:23:06,979] INFO: 	 lr: 0.00030000000000000073 	 Training loss: 0.050543870888650415
[2025-01-10 10:23:18,291] INFO: Iter 5400 Summary: 
[2025-01-10 10:23:18,292] INFO: 	 lr: 0.00030000000000000073 	 Training loss: 0.05002787958830595
[2025-01-10 10:23:30,109] INFO: Iter 5500 Summary: 
[2025-01-10 10:23:30,110] INFO: 	 lr: 0.00030000000000000073 	 Training loss: 0.05011134892702103
[2025-01-10 10:23:42,757] INFO: Iter 5600 Summary: 
[2025-01-10 10:23:42,757] INFO: 	 lr: 0.00030000000000000073 	 Training loss: 0.05016971923410893
[2025-01-10 10:23:53,269] INFO: Iter 5700 Summary: 
[2025-01-10 10:23:53,270] INFO: 	 lr: 0.00030000000000000073 	 Training loss: 0.049490901567041876
[2025-01-10 10:24:02,630] INFO: Iter 5800 Summary: 
[2025-01-10 10:24:02,631] INFO: 	 lr: 0.00030000000000000073 	 Training loss: 0.05009438294917345
[2025-01-10 10:24:12,375] INFO: Iter 5900 Summary: 
[2025-01-10 10:24:12,375] INFO: 	 lr: 0.00030000000000000073 	 Training loss: 0.04970956545323133
[2025-01-10 10:24:23,058] INFO: Iter 6000 Summary: 
[2025-01-10 10:24:23,058] INFO: 	 lr: 0.00030000000000000073 	 Training loss: 0.04975844882428646
[2025-01-10 10:24:37,984] INFO: Iter 6100 Summary: 
[2025-01-10 10:24:37,984] INFO: 	 lr: 0.00030000000000000073 	 Training loss: 0.04971014071255922
[2025-01-10 10:24:49,223] INFO: Iter 6200 Summary: 
[2025-01-10 10:24:49,223] INFO: 	 lr: 0.00030000000000000073 	 Training loss: 0.04963449589908123
[2025-01-10 10:24:58,734] INFO: Iter 6300 Summary: 
[2025-01-10 10:24:58,734] INFO: 	 lr: 0.00030000000000000073 	 Training loss: 0.0490836838260293
[2025-01-10 10:25:09,140] INFO: Iter 6400 Summary: 
[2025-01-10 10:25:09,141] INFO: 	 lr: 0.00030000000000000073 	 Training loss: 0.049462505653500556
[2025-01-10 10:25:18,614] INFO: Iter 6500 Summary: 
[2025-01-10 10:25:18,614] INFO: 	 lr: 0.00030000000000000073 	 Training loss: 0.04905697070062161
[2025-01-10 10:25:27,411] INFO: Iter 6600 Summary: 
[2025-01-10 10:25:27,412] INFO: 	 lr: 0.00030000000000000073 	 Training loss: 0.04931903619319201
[2025-01-10 10:25:36,947] INFO: Iter 6700 Summary: 
[2025-01-10 10:25:36,947] INFO: 	 lr: 0.00030000000000000073 	 Training loss: 0.04882360696792602
[2025-01-10 10:25:47,539] INFO: Iter 6800 Summary: 
[2025-01-10 10:25:47,539] INFO: 	 lr: 0.00030000000000000073 	 Training loss: 0.04886434108018875
[2025-01-10 10:25:59,483] INFO: Iter 6900 Summary: 
[2025-01-10 10:25:59,483] INFO: 	 lr: 0.00030000000000000073 	 Training loss: 0.049057683274149895
[2025-01-10 10:26:10,847] INFO: Iter 7000 Summary: 
[2025-01-10 10:26:10,847] INFO: 	 lr: 0.00030000000000000073 	 Training loss: 0.04902150213718414
[2025-01-10 10:26:21,155] INFO: Iter 7100 Summary: 
[2025-01-10 10:26:21,155] INFO: 	 lr: 0.00030000000000000073 	 Training loss: 0.048530165553092953
[2025-01-10 10:26:32,339] INFO: Iter 7200 Summary: 
[2025-01-10 10:26:32,339] INFO: 	 lr: 0.00030000000000000073 	 Training loss: 0.04864722598344087
[2025-01-10 10:26:43,330] INFO: Iter 7300 Summary: 
[2025-01-10 10:26:43,331] INFO: 	 lr: 0.00030000000000000073 	 Training loss: 0.04825667314231396
[2025-01-10 10:26:52,615] INFO: Iter 7400 Summary: 
[2025-01-10 10:26:52,615] INFO: 	 lr: 0.00030000000000000073 	 Training loss: 0.04824883334338665
[2025-01-10 10:27:03,685] INFO: Iter 7500 Summary: 
[2025-01-10 10:27:03,685] INFO: 	 lr: 0.00030000000000000073 	 Training loss: 0.0482662196829915
[2025-01-10 10:27:16,869] INFO: Iter 7600 Summary: 
[2025-01-10 10:27:16,869] INFO: 	 lr: 0.00030000000000000073 	 Training loss: 0.04827778957784176
[2025-01-10 10:27:28,064] INFO: Iter 7700 Summary: 
[2025-01-10 10:27:28,064] INFO: 	 lr: 0.00030000000000000073 	 Training loss: 0.04826698403805494
[2025-01-10 10:27:39,027] INFO: Iter 7800 Summary: 
[2025-01-10 10:27:39,027] INFO: 	 lr: 0.00030000000000000073 	 Training loss: 0.047588526867330075
[2025-01-10 10:27:50,286] INFO: Iter 7900 Summary: 
[2025-01-10 10:27:50,286] INFO: 	 lr: 0.00030000000000000073 	 Training loss: 0.04768813371658325
[2025-01-10 10:28:00,848] INFO: Iter 8000 Summary: 
[2025-01-10 10:28:00,849] INFO: 	 lr: 0.00030000000000000073 	 Training loss: 0.04787202589213848
[2025-01-10 10:28:17,723] INFO: Iter 8100 Summary: 
[2025-01-10 10:28:17,723] INFO: 	 lr: 0.00030000000000000073 	 Training loss: 0.0479271787032485
[2025-01-10 10:28:27,507] INFO: Iter 8200 Summary: 
[2025-01-10 10:28:27,508] INFO: 	 lr: 0.00030000000000000073 	 Training loss: 0.047632793970406054
[2025-01-10 10:28:40,435] INFO: Iter 8300 Summary: 
[2025-01-10 10:28:40,435] INFO: 	 lr: 0.00030000000000000073 	 Training loss: 0.0479411655291915
[2025-01-10 10:28:50,735] INFO: Iter 8400 Summary: 
[2025-01-10 10:28:50,736] INFO: 	 lr: 0.00030000000000000073 	 Training loss: 0.04738780174404383
[2025-01-10 10:28:59,950] INFO: Iter 8500 Summary: 
[2025-01-10 10:28:59,950] INFO: 	 lr: 0.00030000000000000073 	 Training loss: 0.047625555992126464
[2025-01-10 10:29:09,455] INFO: Iter 8600 Summary: 
[2025-01-10 10:29:09,456] INFO: 	 lr: 0.00030000000000000073 	 Training loss: 0.047217494770884515
[2025-01-10 10:29:17,893] INFO: Iter 8700 Summary: 
[2025-01-10 10:29:17,893] INFO: 	 lr: 0.00030000000000000073 	 Training loss: 0.04734789352864027
[2025-01-10 10:29:27,171] INFO: Iter 8800 Summary: 
[2025-01-10 10:29:27,171] INFO: 	 lr: 0.00030000000000000073 	 Training loss: 0.04739195894449949
[2025-01-10 10:29:35,354] INFO: Iter 8900 Summary: 
[2025-01-10 10:29:35,355] INFO: 	 lr: 0.00030000000000000073 	 Training loss: 0.046836504936218264
[2025-01-10 10:29:46,827] INFO: Iter 9000 Summary: 
[2025-01-10 10:29:46,828] INFO: 	 lr: 0.00030000000000000073 	 Training loss: 0.046903742104768754
[2025-01-10 10:29:56,483] INFO: Iter 9100 Summary: 
[2025-01-10 10:29:56,483] INFO: 	 lr: 0.00030000000000000073 	 Training loss: 0.047159687429666516
[2025-01-10 10:30:06,067] INFO: Iter 9200 Summary: 
[2025-01-10 10:30:06,067] INFO: 	 lr: 0.00030000000000000073 	 Training loss: 0.04697789546102285
[2025-01-10 10:30:15,152] INFO: Iter 9300 Summary: 
[2025-01-10 10:30:15,152] INFO: 	 lr: 0.00030000000000000073 	 Training loss: 0.047139544859528544
[2025-01-10 10:30:24,744] INFO: Iter 9400 Summary: 
[2025-01-10 10:30:24,744] INFO: 	 lr: 0.00030000000000000073 	 Training loss: 0.04653772916644812
[2025-01-10 10:30:34,144] INFO: Iter 9500 Summary: 
[2025-01-10 10:30:34,145] INFO: 	 lr: 0.00030000000000000073 	 Training loss: 0.04678333576768637
[2025-01-10 10:30:44,176] INFO: Iter 9600 Summary: 
[2025-01-10 10:30:44,176] INFO: 	 lr: 0.00030000000000000073 	 Training loss: 0.046694238819181916
[2025-01-10 10:30:57,627] INFO: Iter 9700 Summary: 
[2025-01-10 10:30:57,627] INFO: 	 lr: 0.00030000000000000073 	 Training loss: 0.046531711630523206
[2025-01-10 10:31:07,711] INFO: Iter 9800 Summary: 
[2025-01-10 10:31:07,711] INFO: 	 lr: 0.00030000000000000073 	 Training loss: 0.04648344434797764
[2025-01-10 10:31:17,439] INFO: Iter 9900 Summary: 
[2025-01-10 10:31:17,439] INFO: 	 lr: 0.00030000000000000073 	 Training loss: 0.04629500366747379
[2025-01-10 10:31:27,243] INFO: Iter 10000 Summary: 
[2025-01-10 10:31:27,243] INFO: 	 lr: 0.00030000000000000073 	 Training loss: 0.04638545848429203
[2025-01-10 10:31:40,083] INFO: Iter 10100 Summary: 
[2025-01-10 10:31:40,084] INFO: 	 lr: 0.00030000000000000073 	 Training loss: 0.046649587824940685
[2025-01-10 10:31:50,149] INFO: Iter 10200 Summary: 
[2025-01-10 10:31:50,149] INFO: 	 lr: 0.00030000000000000073 	 Training loss: 0.045786657370626926
[2025-01-10 10:32:00,156] INFO: Iter 10300 Summary: 
[2025-01-10 10:32:00,156] INFO: 	 lr: 0.00030000000000000073 	 Training loss: 0.046386676020920274
[2025-01-10 10:32:14,549] INFO: Iter 10400 Summary: 
[2025-01-10 10:32:14,549] INFO: 	 lr: 0.00030000000000000073 	 Training loss: 0.045870982743799686
[2025-01-10 10:32:24,209] INFO: Iter 10500 Summary: 
[2025-01-10 10:32:24,209] INFO: 	 lr: 0.00030000000000000073 	 Training loss: 0.0463220003247261
[2025-01-10 10:32:33,792] INFO: Iter 10600 Summary: 
[2025-01-10 10:32:33,792] INFO: 	 lr: 0.00030000000000000073 	 Training loss: 0.04596383012831211
[2025-01-10 10:32:42,416] INFO: Iter 10700 Summary: 
[2025-01-10 10:32:42,416] INFO: 	 lr: 0.00030000000000000073 	 Training loss: 0.04588304553180933
[2025-01-10 10:32:52,927] INFO: Iter 10800 Summary: 
[2025-01-10 10:32:52,927] INFO: 	 lr: 0.00030000000000000073 	 Training loss: 0.04589823879301548
[2025-01-10 10:33:02,416] INFO: Iter 10900 Summary: 
[2025-01-10 10:33:02,416] INFO: 	 lr: 0.00030000000000000073 	 Training loss: 0.0458478669077158
[2025-01-10 10:33:12,551] INFO: Iter 11000 Summary: 
[2025-01-10 10:33:12,551] INFO: 	 lr: 0.00030000000000000073 	 Training loss: 0.0457055813446641
[2025-01-10 10:33:25,014] INFO: Iter 11100 Summary: 
[2025-01-10 10:33:25,015] INFO: 	 lr: 0.00030000000000000073 	 Training loss: 0.045744706839323045
[2025-01-10 10:33:34,811] INFO: Iter 11200 Summary: 
[2025-01-10 10:33:34,812] INFO: 	 lr: 0.00030000000000000073 	 Training loss: 0.04573988888412714
[2025-01-10 10:33:45,580] INFO: Iter 11300 Summary: 
[2025-01-10 10:33:45,580] INFO: 	 lr: 0.00030000000000000073 	 Training loss: 0.04581182312220335
[2025-01-10 10:33:57,334] INFO: Iter 11400 Summary: 
[2025-01-10 10:33:57,335] INFO: 	 lr: 0.00030000000000000073 	 Training loss: 0.045355883464217185
[2025-01-10 10:34:08,911] INFO: Iter 11500 Summary: 
[2025-01-10 10:34:08,911] INFO: 	 lr: 0.00030000000000000073 	 Training loss: 0.04584304440766573
[2025-01-10 10:34:19,102] INFO: Iter 11600 Summary: 
[2025-01-10 10:34:19,103] INFO: 	 lr: 0.00030000000000000073 	 Training loss: 0.04511434622108936
[2025-01-10 10:34:33,073] INFO: Iter 11700 Summary: 
[2025-01-10 10:34:33,073] INFO: 	 lr: 0.00030000000000000073 	 Training loss: 0.045063741467893124
[2025-01-10 10:34:44,124] INFO: Iter 11800 Summary: 
[2025-01-10 10:34:44,124] INFO: 	 lr: 0.00030000000000000073 	 Training loss: 0.04510886747390032
[2025-01-10 10:34:55,461] INFO: Iter 11900 Summary: 
[2025-01-10 10:34:55,462] INFO: 	 lr: 0.00030000000000000073 	 Training loss: 0.04522850006818771
[2025-01-10 10:35:07,474] INFO: Iter 12000 Summary: 
[2025-01-10 10:35:07,474] INFO: 	 lr: 0.00030000000000000073 	 Training loss: 0.045269074216485024
[2025-01-10 10:35:24,857] INFO: Iter 12100 Summary: 
[2025-01-10 10:35:24,858] INFO: 	 lr: 0.00030000000000000073 	 Training loss: 0.0455676956102252
[2025-01-10 10:35:36,145] INFO: Iter 12200 Summary: 
[2025-01-10 10:35:36,145] INFO: 	 lr: 0.00030000000000000073 	 Training loss: 0.04524516496807337
[2025-01-10 10:35:44,273] INFO: Iter 12300 Summary: 
[2025-01-10 10:35:44,274] INFO: 	 lr: 0.00030000000000000073 	 Training loss: 0.044941210262477396
[2025-01-10 10:35:56,096] INFO: Iter 12400 Summary: 
[2025-01-10 10:35:56,096] INFO: 	 lr: 0.00030000000000000073 	 Training loss: 0.04537814170122147
[2025-01-10 10:36:05,064] INFO: Iter 12500 Summary: 
[2025-01-10 10:36:05,064] INFO: 	 lr: 0.00030000000000000073 	 Training loss: 0.04468389678746462
[2025-01-10 10:36:14,577] INFO: Iter 12600 Summary: 
[2025-01-10 10:36:14,577] INFO: 	 lr: 0.00030000000000000073 	 Training loss: 0.04492227658629418
[2025-01-10 10:36:24,434] INFO: Iter 12700 Summary: 
[2025-01-10 10:36:24,435] INFO: 	 lr: 0.00030000000000000073 	 Training loss: 0.045199375189840796
[2025-01-10 10:36:33,222] INFO: Iter 12800 Summary: 
[2025-01-10 10:36:33,222] INFO: 	 lr: 0.00030000000000000073 	 Training loss: 0.04501268275082111
[2025-01-10 10:36:43,226] INFO: Iter 12900 Summary: 
[2025-01-10 10:36:43,226] INFO: 	 lr: 0.00030000000000000073 	 Training loss: 0.04472578622400761
[2025-01-10 10:36:52,083] INFO: Iter 13000 Summary: 
[2025-01-10 10:36:52,083] INFO: 	 lr: 0.00030000000000000073 	 Training loss: 0.04494657132774591
[2025-01-10 10:37:03,536] INFO: Iter 13100 Summary: 
[2025-01-10 10:37:03,536] INFO: 	 lr: 0.00030000000000000073 	 Training loss: 0.0451221789047122
[2025-01-10 10:37:13,977] INFO: Iter 13200 Summary: 
[2025-01-10 10:37:13,977] INFO: 	 lr: 0.00030000000000000073 	 Training loss: 0.04446461737155914
[2025-01-10 10:37:22,612] INFO: Iter 13300 Summary: 
[2025-01-10 10:37:22,612] INFO: 	 lr: 0.00030000000000000073 	 Training loss: 0.04481124561280012
[2025-01-10 10:37:32,103] INFO: Iter 13400 Summary: 
[2025-01-10 10:37:32,104] INFO: 	 lr: 0.00030000000000000073 	 Training loss: 0.044685726426541804
[2025-01-10 10:37:41,579] INFO: Iter 13500 Summary: 
[2025-01-10 10:37:41,579] INFO: 	 lr: 0.00030000000000000073 	 Training loss: 0.04463451825082302
[2025-01-10 10:37:51,762] INFO: Iter 13600 Summary: 
[2025-01-10 10:37:51,762] INFO: 	 lr: 0.00030000000000000073 	 Training loss: 0.044732297733426095
[2025-01-10 10:38:01,925] INFO: Iter 13700 Summary: 
[2025-01-10 10:38:01,925] INFO: 	 lr: 0.00030000000000000073 	 Training loss: 0.04452636118978262
[2025-01-10 10:38:13,476] INFO: Iter 13800 Summary: 
[2025-01-10 10:38:13,476] INFO: 	 lr: 0.00030000000000000073 	 Training loss: 0.044464420787990094
[2025-01-10 10:38:22,356] INFO: Iter 13900 Summary: 
[2025-01-10 10:38:22,357] INFO: 	 lr: 0.00030000000000000073 	 Training loss: 0.04449854742735624
[2025-01-10 10:38:31,514] INFO: Iter 14000 Summary: 
[2025-01-10 10:38:31,514] INFO: 	 lr: 0.00030000000000000073 	 Training loss: 0.04445589039474726
[2025-01-10 10:38:44,962] INFO: Iter 14100 Summary: 
[2025-01-10 10:38:44,962] INFO: 	 lr: 0.00030000000000000073 	 Training loss: 0.04414345480501652
[2025-01-10 10:38:53,011] INFO: Iter 14200 Summary: 
[2025-01-10 10:38:53,011] INFO: 	 lr: 0.00030000000000000073 	 Training loss: 0.044236975535750386
[2025-01-10 10:39:02,111] INFO: Iter 14300 Summary: 
[2025-01-10 10:39:02,111] INFO: 	 lr: 0.00030000000000000073 	 Training loss: 0.044389412924647334
[2025-01-10 10:39:12,515] INFO: Iter 14400 Summary: 
[2025-01-10 10:39:12,515] INFO: 	 lr: 0.00030000000000000073 	 Training loss: 0.04445400543510914
[2025-01-10 10:39:24,243] INFO: Iter 14500 Summary: 
[2025-01-10 10:39:24,243] INFO: 	 lr: 0.00030000000000000073 	 Training loss: 0.04405905786901712
[2025-01-10 10:39:33,824] INFO: Iter 14600 Summary: 
[2025-01-10 10:39:33,824] INFO: 	 lr: 0.00030000000000000073 	 Training loss: 0.04426889277994633
[2025-01-10 10:39:44,086] INFO: Iter 14700 Summary: 
[2025-01-10 10:39:44,086] INFO: 	 lr: 0.00030000000000000073 	 Training loss: 0.043972631618380546
[2025-01-10 10:39:54,246] INFO: Iter 14800 Summary: 
[2025-01-10 10:39:54,247] INFO: 	 lr: 0.00030000000000000073 	 Training loss: 0.044041404016315934
[2025-01-10 10:40:03,767] INFO: Iter 14900 Summary: 
[2025-01-10 10:40:03,767] INFO: 	 lr: 0.00030000000000000073 	 Training loss: 0.04396420534700155
[2025-01-10 10:40:15,784] INFO: Iter 15000 Summary: 
[2025-01-10 10:40:15,784] INFO: 	 lr: 0.00030000000000000073 	 Training loss: 0.044226638339459896
[2025-01-10 10:40:24,719] INFO: Iter 15100 Summary: 
[2025-01-10 10:40:24,719] INFO: 	 lr: 0.00030000000000000073 	 Training loss: 0.044343341551721094
[2025-01-10 10:40:35,495] INFO: Iter 15200 Summary: 
[2025-01-10 10:40:35,495] INFO: 	 lr: 0.00030000000000000073 	 Training loss: 0.04390120476484299
[2025-01-10 10:40:44,837] INFO: Iter 15300 Summary: 
[2025-01-10 10:40:44,837] INFO: 	 lr: 0.00030000000000000073 	 Training loss: 0.04424430437386036
[2025-01-10 10:40:54,380] INFO: Iter 15400 Summary: 
[2025-01-10 10:40:54,380] INFO: 	 lr: 0.00030000000000000073 	 Training loss: 0.04406564705073834
[2025-01-10 10:41:03,619] INFO: Iter 15500 Summary: 
[2025-01-10 10:41:03,620] INFO: 	 lr: 0.00030000000000000073 	 Training loss: 0.04410195104777813
[2025-01-10 10:41:12,289] INFO: Iter 15600 Summary: 
[2025-01-10 10:41:12,289] INFO: 	 lr: 0.00030000000000000073 	 Training loss: 0.04392798379063606
[2025-01-10 10:41:21,960] INFO: Iter 15700 Summary: 
[2025-01-10 10:41:21,960] INFO: 	 lr: 0.00030000000000000073 	 Training loss: 0.044041720293462275
[2025-01-10 10:41:32,188] INFO: Iter 15800 Summary: 
[2025-01-10 10:41:32,188] INFO: 	 lr: 0.00030000000000000073 	 Training loss: 0.04386077877134085
[2025-01-10 10:41:45,154] INFO: Iter 15900 Summary: 
[2025-01-10 10:41:45,157] INFO: 	 lr: 0.00030000000000000073 	 Training loss: 0.043701438792049886
[2025-01-10 10:41:54,551] INFO: Iter 16000 Summary: 
[2025-01-10 10:41:54,552] INFO: 	 lr: 0.00030000000000000073 	 Training loss: 0.04376906644552946
[2025-01-10 10:42:09,102] INFO: Iter 16100 Summary: 
[2025-01-10 10:42:09,103] INFO: 	 lr: 0.00030000000000000073 	 Training loss: 0.04395343534648419
[2025-01-10 10:42:18,726] INFO: Iter 16200 Summary: 
[2025-01-10 10:42:18,726] INFO: 	 lr: 0.00030000000000000073 	 Training loss: 0.043621414192020896
[2025-01-10 10:42:28,155] INFO: Iter 16300 Summary: 
[2025-01-10 10:42:28,156] INFO: 	 lr: 0.00030000000000000073 	 Training loss: 0.043797612711787226
[2025-01-10 10:42:38,155] INFO: Iter 16400 Summary: 
[2025-01-10 10:42:38,155] INFO: 	 lr: 0.00030000000000000073 	 Training loss: 0.04325400773435831
[2025-01-10 10:42:48,337] INFO: Iter 16500 Summary: 
[2025-01-10 10:42:48,337] INFO: 	 lr: 0.00030000000000000073 	 Training loss: 0.04367843341082334
[2025-01-10 10:43:00,277] INFO: Iter 16600 Summary: 
[2025-01-10 10:43:00,278] INFO: 	 lr: 0.00030000000000000073 	 Training loss: 0.0432921452075243
[2025-01-10 10:43:10,093] INFO: Iter 16700 Summary: 
[2025-01-10 10:43:10,093] INFO: 	 lr: 0.00030000000000000073 	 Training loss: 0.04359954036772251
[2025-01-10 10:43:19,293] INFO: Iter 16800 Summary: 
[2025-01-10 10:43:19,293] INFO: 	 lr: 0.00030000000000000073 	 Training loss: 0.04384815022349357
[2025-01-10 10:43:29,996] INFO: Iter 16900 Summary: 
[2025-01-10 10:43:29,997] INFO: 	 lr: 0.00030000000000000073 	 Training loss: 0.04361600000411272
[2025-01-10 10:43:39,283] INFO: Iter 17000 Summary: 
[2025-01-10 10:43:39,283] INFO: 	 lr: 0.00030000000000000073 	 Training loss: 0.0440908307954669
[2025-01-10 10:43:49,053] INFO: Iter 17100 Summary: 
[2025-01-10 10:43:49,054] INFO: 	 lr: 0.00030000000000000073 	 Training loss: 0.0436361001804471
[2025-01-10 10:43:58,355] INFO: Iter 17200 Summary: 
[2025-01-10 10:43:58,355] INFO: 	 lr: 0.00030000000000000073 	 Training loss: 0.043612486124038695
[2025-01-10 10:44:10,351] INFO: Iter 17300 Summary: 
[2025-01-10 10:44:10,352] INFO: 	 lr: 0.00030000000000000073 	 Training loss: 0.043498042523860934
[2025-01-10 10:44:19,515] INFO: Iter 17400 Summary: 
[2025-01-10 10:44:19,515] INFO: 	 lr: 0.00030000000000000073 	 Training loss: 0.04356436818838119
[2025-01-10 10:44:29,455] INFO: Iter 17500 Summary: 
[2025-01-10 10:44:29,456] INFO: 	 lr: 0.00030000000000000073 	 Training loss: 0.043349091187119486
[2025-01-10 10:44:37,889] INFO: Iter 17600 Summary: 
[2025-01-10 10:44:37,890] INFO: 	 lr: 0.00030000000000000073 	 Training loss: 0.04320308096706867
[2025-01-10 10:44:46,191] INFO: Iter 17700 Summary: 
[2025-01-10 10:44:46,192] INFO: 	 lr: 0.00030000000000000073 	 Training loss: 0.04369266390800476
[2025-01-10 10:44:54,200] INFO: Iter 17800 Summary: 
[2025-01-10 10:44:54,200] INFO: 	 lr: 0.00030000000000000073 	 Training loss: 0.04341290231794119
[2025-01-10 10:45:05,399] INFO: Iter 17900 Summary: 
[2025-01-10 10:45:05,400] INFO: 	 lr: 0.00030000000000000073 	 Training loss: 0.04357221994549036
[2025-01-10 10:45:14,052] INFO: Iter 18000 Summary: 
[2025-01-10 10:45:14,053] INFO: 	 lr: 0.00030000000000000073 	 Training loss: 0.04333997584879398
[2025-01-10 10:45:27,474] INFO: Iter 18100 Summary: 
[2025-01-10 10:45:27,474] INFO: 	 lr: 0.00030000000000000073 	 Training loss: 0.04311296280473471
[2025-01-10 10:45:36,643] INFO: Iter 18200 Summary: 
[2025-01-10 10:45:36,643] INFO: 	 lr: 0.00030000000000000073 	 Training loss: 0.043058439567685125
[2025-01-10 10:45:45,711] INFO: Iter 18300 Summary: 
[2025-01-10 10:45:45,712] INFO: 	 lr: 0.00030000000000000073 	 Training loss: 0.04301200054585934
[2025-01-10 10:45:55,360] INFO: Iter 18400 Summary: 
[2025-01-10 10:45:55,360] INFO: 	 lr: 0.00030000000000000073 	 Training loss: 0.04332515705376863
[2025-01-10 10:46:05,161] INFO: Iter 18500 Summary: 
[2025-01-10 10:46:05,162] INFO: 	 lr: 0.00030000000000000073 	 Training loss: 0.0432208101823926
[2025-01-10 10:46:17,353] INFO: Iter 18600 Summary: 
[2025-01-10 10:46:17,353] INFO: 	 lr: 0.00030000000000000073 	 Training loss: 0.04359081249684096
[2025-01-10 10:46:27,634] INFO: Iter 18700 Summary: 
[2025-01-10 10:46:27,634] INFO: 	 lr: 0.00030000000000000073 	 Training loss: 0.043047164045274255
[2025-01-10 10:46:36,964] INFO: Iter 18800 Summary: 
[2025-01-10 10:46:36,964] INFO: 	 lr: 0.00030000000000000073 	 Training loss: 0.043283531256020066
[2025-01-10 10:46:46,927] INFO: Iter 18900 Summary: 
[2025-01-10 10:46:46,928] INFO: 	 lr: 0.00030000000000000073 	 Training loss: 0.043181132599711416
[2025-01-10 10:46:56,561] INFO: Iter 19000 Summary: 
[2025-01-10 10:46:56,561] INFO: 	 lr: 0.00030000000000000073 	 Training loss: 0.043207804448902605
[2025-01-10 10:47:05,908] INFO: Iter 19100 Summary: 
[2025-01-10 10:47:05,908] INFO: 	 lr: 0.00030000000000000073 	 Training loss: 0.04355812344700098
[2025-01-10 10:47:15,612] INFO: Iter 19200 Summary: 
[2025-01-10 10:47:15,612] INFO: 	 lr: 0.00030000000000000073 	 Training loss: 0.043083353005349635
[2025-01-10 10:47:28,379] INFO: Iter 19300 Summary: 
[2025-01-10 10:47:28,380] INFO: 	 lr: 0.00030000000000000073 	 Training loss: 0.04300271727144718
[2025-01-10 10:47:38,283] INFO: Iter 19400 Summary: 
[2025-01-10 10:47:38,283] INFO: 	 lr: 0.00030000000000000073 	 Training loss: 0.04292056653648615
[2025-01-10 10:47:49,200] INFO: Iter 19500 Summary: 
[2025-01-10 10:47:49,200] INFO: 	 lr: 0.00030000000000000073 	 Training loss: 0.04317141100764275
[2025-01-10 10:47:57,624] INFO: Iter 19600 Summary: 
[2025-01-10 10:47:57,625] INFO: 	 lr: 0.00030000000000000073 	 Training loss: 0.04315136842429638
[2025-01-10 10:48:06,668] INFO: Iter 19700 Summary: 
[2025-01-10 10:48:06,669] INFO: 	 lr: 0.00030000000000000073 	 Training loss: 0.0429201328754425
[2025-01-10 10:48:17,911] INFO: Iter 19800 Summary: 
[2025-01-10 10:48:17,911] INFO: 	 lr: 0.00030000000000000073 	 Training loss: 0.042745715826749804
[2025-01-10 10:48:27,747] INFO: Iter 19900 Summary: 
[2025-01-10 10:48:27,747] INFO: 	 lr: 0.00030000000000000073 	 Training loss: 0.04283715780824423
[2025-01-10 10:48:40,388] INFO: Iter 20000 Summary: 
[2025-01-10 10:48:40,389] INFO: 	 lr: 0.00030000000000000073 	 Training loss: 0.04309439230710268
[2025-01-10 10:48:53,626] INFO: Iter 20100 Summary: 
[2025-01-10 10:48:53,626] INFO: 	 lr: 0.00030000000000000073 	 Training loss: 0.042892140969634056
[2025-01-10 10:49:02,453] INFO: Iter 20200 Summary: 
[2025-01-10 10:49:02,453] INFO: 	 lr: 0.00030000000000000073 	 Training loss: 0.042752918936312195
[2025-01-10 10:49:12,514] INFO: Iter 20300 Summary: 
[2025-01-10 10:49:12,514] INFO: 	 lr: 0.00030000000000000073 	 Training loss: 0.04263166904449463
[2025-01-10 10:49:21,839] INFO: Iter 20400 Summary: 
[2025-01-10 10:49:21,840] INFO: 	 lr: 0.00030000000000000073 	 Training loss: 0.043176660425961015
[2025-01-10 10:49:32,624] INFO: Iter 20500 Summary: 
[2025-01-10 10:49:32,625] INFO: 	 lr: 0.00030000000000000073 	 Training loss: 0.043127524554729464
[2025-01-10 10:49:42,227] INFO: Iter 20600 Summary: 
[2025-01-10 10:49:42,227] INFO: 	 lr: 0.00030000000000000073 	 Training loss: 0.0430481331050396
[2025-01-10 10:49:53,225] INFO: Iter 20700 Summary: 
[2025-01-10 10:49:53,226] INFO: 	 lr: 0.00030000000000000073 	 Training loss: 0.04288746189326048
[2025-01-10 10:50:01,413] INFO: Iter 20800 Summary: 
[2025-01-10 10:50:01,413] INFO: 	 lr: 0.00030000000000000073 	 Training loss: 0.04271471809595823
[2025-01-10 10:50:10,915] INFO: Iter 20900 Summary: 
[2025-01-10 10:50:10,915] INFO: 	 lr: 0.00030000000000000073 	 Training loss: 0.04293720744550228
[2025-01-10 10:50:20,827] INFO: Iter 21000 Summary: 
[2025-01-10 10:50:20,827] INFO: 	 lr: 0.00030000000000000073 	 Training loss: 0.042948999777436256
[2025-01-10 10:50:30,713] INFO: Iter 21100 Summary: 
[2025-01-10 10:50:30,713] INFO: 	 lr: 0.00030000000000000073 	 Training loss: 0.04291060484945774
[2025-01-10 10:50:39,821] INFO: Iter 21200 Summary: 
[2025-01-10 10:50:39,821] INFO: 	 lr: 0.00030000000000000073 	 Training loss: 0.04290341556072235
[2025-01-10 10:50:49,209] INFO: Iter 21300 Summary: 
[2025-01-10 10:50:49,209] INFO: 	 lr: 0.00030000000000000073 	 Training loss: 0.04272212363779545
[2025-01-10 10:51:00,147] INFO: Iter 21400 Summary: 
[2025-01-10 10:51:00,148] INFO: 	 lr: 0.00030000000000000073 	 Training loss: 0.042651152163743974
[2025-01-10 10:51:08,534] INFO: Iter 21500 Summary: 
[2025-01-10 10:51:08,535] INFO: 	 lr: 0.00030000000000000073 	 Training loss: 0.04268745169043541
[2025-01-10 10:51:18,648] INFO: Iter 21600 Summary: 
[2025-01-10 10:51:18,648] INFO: 	 lr: 0.00030000000000000073 	 Training loss: 0.042762509137392046
[2025-01-10 10:51:28,280] INFO: Iter 21700 Summary: 
[2025-01-10 10:51:28,280] INFO: 	 lr: 0.00030000000000000073 	 Training loss: 0.042939202785491945
[2025-01-10 10:51:38,431] INFO: Iter 21800 Summary: 
[2025-01-10 10:51:38,431] INFO: 	 lr: 0.00030000000000000073 	 Training loss: 0.04295161698013544
[2025-01-10 10:51:48,006] INFO: Iter 21900 Summary: 
[2025-01-10 10:51:48,006] INFO: 	 lr: 0.00030000000000000073 	 Training loss: 0.042547125071287155
[2025-01-10 10:51:57,842] INFO: Iter 22000 Summary: 
[2025-01-10 10:51:57,842] INFO: 	 lr: 0.00030000000000000073 	 Training loss: 0.042742418274283406
[2025-01-10 10:52:13,435] INFO: Iter 22100 Summary: 
[2025-01-10 10:52:13,435] INFO: 	 lr: 0.00030000000000000073 	 Training loss: 0.04227977033704519
[2025-01-10 10:52:23,668] INFO: Iter 22200 Summary: 
[2025-01-10 10:52:23,668] INFO: 	 lr: 0.00030000000000000073 	 Training loss: 0.0426658084243536
[2025-01-10 10:52:33,331] INFO: Iter 22300 Summary: 
[2025-01-10 10:52:33,332] INFO: 	 lr: 0.00030000000000000073 	 Training loss: 0.04265738409012556
[2025-01-10 10:52:43,360] INFO: Iter 22400 Summary: 
[2025-01-10 10:52:43,360] INFO: 	 lr: 0.00030000000000000073 	 Training loss: 0.04273499947041273
[2025-01-10 10:52:52,985] INFO: Iter 22500 Summary: 
[2025-01-10 10:52:52,985] INFO: 	 lr: 0.00030000000000000073 	 Training loss: 0.04267109576612711
[2025-01-10 10:53:01,940] INFO: Iter 22600 Summary: 
[2025-01-10 10:53:01,940] INFO: 	 lr: 0.00030000000000000073 	 Training loss: 0.04262843858450651
[2025-01-10 10:53:12,009] INFO: Iter 22700 Summary: 
[2025-01-10 10:53:12,010] INFO: 	 lr: 0.00030000000000000073 	 Training loss: 0.042713234350085255
[2025-01-10 10:53:23,740] INFO: Iter 22800 Summary: 
[2025-01-10 10:53:23,741] INFO: 	 lr: 0.00030000000000000073 	 Training loss: 0.04250056598335505
[2025-01-10 10:53:33,606] INFO: Iter 22900 Summary: 
[2025-01-10 10:53:33,606] INFO: 	 lr: 0.00030000000000000073 	 Training loss: 0.04238267000764608
[2025-01-10 10:53:42,856] INFO: Iter 23000 Summary: 
[2025-01-10 10:53:42,857] INFO: 	 lr: 0.00030000000000000073 	 Training loss: 0.04243947483599186
[2025-01-10 10:53:51,185] INFO: Iter 23100 Summary: 
[2025-01-10 10:53:51,185] INFO: 	 lr: 0.00030000000000000073 	 Training loss: 0.04255349546670914
[2025-01-10 10:53:59,976] INFO: Iter 23200 Summary: 
[2025-01-10 10:53:59,976] INFO: 	 lr: 0.00030000000000000073 	 Training loss: 0.04260576229542494
[2025-01-10 10:54:10,000] INFO: Iter 23300 Summary: 
[2025-01-10 10:54:10,001] INFO: 	 lr: 0.00030000000000000073 	 Training loss: 0.0426894136145711
[2025-01-10 10:54:22,123] INFO: Iter 23400 Summary: 
[2025-01-10 10:54:22,124] INFO: 	 lr: 0.00030000000000000073 	 Training loss: 0.04293284010142088
[2025-01-10 10:54:31,339] INFO: Iter 23500 Summary: 
[2025-01-10 10:54:31,340] INFO: 	 lr: 0.00030000000000000073 	 Training loss: 0.04229090623557567
[2025-01-10 10:54:40,084] INFO: Iter 23600 Summary: 
[2025-01-10 10:54:40,085] INFO: 	 lr: 0.00030000000000000073 	 Training loss: 0.042495125383138654
[2025-01-10 10:54:49,452] INFO: Iter 23700 Summary: 
[2025-01-10 10:54:49,452] INFO: 	 lr: 0.00030000000000000073 	 Training loss: 0.04245703436434269
[2025-01-10 10:54:59,182] INFO: Iter 23800 Summary: 
[2025-01-10 10:54:59,183] INFO: 	 lr: 0.00030000000000000073 	 Training loss: 0.04255708854645491
[2025-01-10 10:55:09,781] INFO: Iter 23900 Summary: 
[2025-01-10 10:55:09,782] INFO: 	 lr: 0.00030000000000000073 	 Training loss: 0.04218317870050669
[2025-01-10 10:55:19,667] INFO: Iter 24000 Summary: 
[2025-01-10 10:55:19,667] INFO: 	 lr: 0.00030000000000000073 	 Training loss: 0.04261046890169382
[2025-01-10 10:55:34,763] INFO: Iter 24100 Summary: 
[2025-01-10 10:55:34,764] INFO: 	 lr: 0.00030000000000000073 	 Training loss: 0.04294345986098051
[2025-01-10 10:55:44,884] INFO: Iter 24200 Summary: 
[2025-01-10 10:55:44,885] INFO: 	 lr: 0.00030000000000000073 	 Training loss: 0.04229027207940817
[2025-01-10 10:55:54,494] INFO: Iter 24300 Summary: 
[2025-01-10 10:55:54,494] INFO: 	 lr: 0.00030000000000000073 	 Training loss: 0.04268336094915867
[2025-01-10 10:56:04,077] INFO: Iter 24400 Summary: 
[2025-01-10 10:56:04,077] INFO: 	 lr: 0.00030000000000000073 	 Training loss: 0.04242582492530346
[2025-01-10 10:56:14,362] INFO: Iter 24500 Summary: 
[2025-01-10 10:56:14,362] INFO: 	 lr: 0.00030000000000000073 	 Training loss: 0.04229204803705215
[2025-01-10 10:56:24,039] INFO: Iter 24600 Summary: 
[2025-01-10 10:56:24,039] INFO: 	 lr: 0.00030000000000000073 	 Training loss: 0.04242950212210417
[2025-01-10 10:56:33,844] INFO: Iter 24700 Summary: 
[2025-01-10 10:56:33,844] INFO: 	 lr: 0.00030000000000000073 	 Training loss: 0.042448271214962
[2025-01-10 10:56:45,684] INFO: Iter 24800 Summary: 
[2025-01-10 10:56:45,685] INFO: 	 lr: 0.00030000000000000073 	 Training loss: 0.04256212972104549
[2025-01-10 10:56:56,014] INFO: Iter 24900 Summary: 
[2025-01-10 10:56:56,014] INFO: 	 lr: 0.00030000000000000073 	 Training loss: 0.04251084242016077
[2025-01-10 10:57:05,188] INFO: Iter 25000 Summary: 
[2025-01-10 10:57:05,188] INFO: 	 lr: 0.00030000000000000073 	 Training loss: 0.042381592318415644
[2025-01-10 10:57:14,811] INFO: Iter 25100 Summary: 
[2025-01-10 10:57:14,812] INFO: 	 lr: 0.00030000000000000073 	 Training loss: 0.04218549393117428
[2025-01-10 10:57:23,546] INFO: Iter 25200 Summary: 
[2025-01-10 10:57:23,546] INFO: 	 lr: 0.00030000000000000073 	 Training loss: 0.04209881529211998
[2025-01-10 10:57:33,028] INFO: Iter 25300 Summary: 
[2025-01-10 10:57:33,029] INFO: 	 lr: 0.00030000000000000073 	 Training loss: 0.04240233037620783
[2025-01-10 10:57:42,000] INFO: Iter 25400 Summary: 
[2025-01-10 10:57:42,000] INFO: 	 lr: 0.00030000000000000073 	 Training loss: 0.04250995703041553
[2025-01-10 10:57:53,185] INFO: Iter 25500 Summary: 
[2025-01-10 10:57:53,185] INFO: 	 lr: 0.00030000000000000073 	 Training loss: 0.042080266028642656
[2025-01-10 10:58:02,668] INFO: Iter 25600 Summary: 
[2025-01-10 10:58:02,668] INFO: 	 lr: 0.00030000000000000073 	 Training loss: 0.0422441291064024
[2025-01-10 10:58:11,862] INFO: Iter 25700 Summary: 
[2025-01-10 10:58:11,862] INFO: 	 lr: 0.00030000000000000073 	 Training loss: 0.04240684796124697
[2025-01-10 10:58:22,091] INFO: Iter 25800 Summary: 
[2025-01-10 10:58:22,092] INFO: 	 lr: 0.00030000000000000073 	 Training loss: 0.04221583172678947
[2025-01-10 10:58:32,307] INFO: Iter 25900 Summary: 
[2025-01-10 10:58:32,307] INFO: 	 lr: 0.00030000000000000073 	 Training loss: 0.042266912385821344
[2025-01-10 10:58:41,525] INFO: Iter 26000 Summary: 
[2025-01-10 10:58:41,525] INFO: 	 lr: 0.00030000000000000073 	 Training loss: 0.04219806544482708
[2025-01-10 10:58:55,165] INFO: Iter 26100 Summary: 
[2025-01-10 10:58:55,166] INFO: 	 lr: 0.00030000000000000073 	 Training loss: 0.042729617655277254
[2025-01-10 10:59:06,385] INFO: Iter 26200 Summary: 
[2025-01-10 10:59:06,385] INFO: 	 lr: 0.00030000000000000073 	 Training loss: 0.042131200283765796
[2025-01-10 10:59:16,225] INFO: Iter 26300 Summary: 
[2025-01-10 10:59:16,225] INFO: 	 lr: 0.00030000000000000073 	 Training loss: 0.04218679670244455
[2025-01-10 10:59:25,944] INFO: Iter 26400 Summary: 
[2025-01-10 10:59:25,944] INFO: 	 lr: 0.00030000000000000073 	 Training loss: 0.04230329513549805
[2025-01-10 10:59:36,948] INFO: Iter 26500 Summary: 
[2025-01-10 10:59:36,948] INFO: 	 lr: 0.00030000000000000073 	 Training loss: 0.04216127537190914
[2025-01-10 10:59:46,312] INFO: Iter 26600 Summary: 
[2025-01-10 10:59:46,312] INFO: 	 lr: 0.00030000000000000073 	 Training loss: 0.04239707514643669
[2025-01-10 10:59:55,320] INFO: Iter 26700 Summary: 
[2025-01-10 10:59:55,320] INFO: 	 lr: 0.00030000000000000073 	 Training loss: 0.04231075689196587
[2025-01-10 11:00:04,159] INFO: Iter 26800 Summary: 
[2025-01-10 11:00:04,159] INFO: 	 lr: 0.00030000000000000073 	 Training loss: 0.042271087057888505
[2025-01-10 11:00:16,469] INFO: Iter 26900 Summary: 
[2025-01-10 11:00:16,469] INFO: 	 lr: 0.00030000000000000073 	 Training loss: 0.04183998059481382
[2025-01-10 11:00:26,457] INFO: Iter 27000 Summary: 
[2025-01-10 11:00:26,457] INFO: 	 lr: 0.00030000000000000073 	 Training loss: 0.04204672303050756
[2025-01-10 11:00:36,316] INFO: Iter 27100 Summary: 
[2025-01-10 11:00:36,316] INFO: 	 lr: 0.00030000000000000073 	 Training loss: 0.04206508431583643
[2025-01-10 11:00:46,354] INFO: Iter 27200 Summary: 
[2025-01-10 11:00:46,354] INFO: 	 lr: 0.00030000000000000073 	 Training loss: 0.042159603461623195
[2025-01-10 11:00:56,752] INFO: Iter 27300 Summary: 
[2025-01-10 11:00:56,752] INFO: 	 lr: 0.00030000000000000073 	 Training loss: 0.04236407086253166
[2025-01-10 11:01:06,190] INFO: Iter 27400 Summary: 
[2025-01-10 11:01:06,190] INFO: 	 lr: 0.00030000000000000073 	 Training loss: 0.04205123711377382
[2025-01-10 11:01:16,265] INFO: Iter 27500 Summary: 
[2025-01-10 11:01:16,265] INFO: 	 lr: 0.00030000000000000073 	 Training loss: 0.042470715083181856
[2025-01-10 11:01:28,397] INFO: Iter 27600 Summary: 
[2025-01-10 11:01:28,397] INFO: 	 lr: 0.00030000000000000073 	 Training loss: 0.04199533611536026
[2025-01-10 11:01:38,012] INFO: Iter 27700 Summary: 
[2025-01-10 11:01:38,012] INFO: 	 lr: 0.00030000000000000073 	 Training loss: 0.041948264688253405
[2025-01-10 11:01:47,511] INFO: Iter 27800 Summary: 
[2025-01-10 11:01:47,512] INFO: 	 lr: 0.00030000000000000073 	 Training loss: 0.04241615232080221
[2025-01-10 11:01:56,085] INFO: Iter 27900 Summary: 
[2025-01-10 11:01:56,085] INFO: 	 lr: 0.00030000000000000073 	 Training loss: 0.041932418905198575
[2025-01-10 11:02:06,214] INFO: Iter 28000 Summary: 
[2025-01-10 11:02:06,215] INFO: 	 lr: 0.00030000000000000073 	 Training loss: 0.04199287321418524
[2025-01-10 11:02:18,859] INFO: Iter 28100 Summary: 
[2025-01-10 11:02:18,859] INFO: 	 lr: 0.00030000000000000073 	 Training loss: 0.04234164651483297
[2025-01-10 11:02:29,110] INFO: Iter 28200 Summary: 
[2025-01-10 11:02:29,110] INFO: 	 lr: 0.00030000000000000073 	 Training loss: 0.04207882683724165
[2025-01-10 11:02:41,081] INFO: Iter 28300 Summary: 
[2025-01-10 11:02:41,082] INFO: 	 lr: 0.00030000000000000073 	 Training loss: 0.04205212477594614
[2025-01-10 11:02:50,860] INFO: Iter 28400 Summary: 
[2025-01-10 11:02:50,861] INFO: 	 lr: 0.00030000000000000073 	 Training loss: 0.042029090002179144
[2025-01-10 11:03:01,738] INFO: Iter 28500 Summary: 
[2025-01-10 11:03:01,738] INFO: 	 lr: 0.00030000000000000073 	 Training loss: 0.0420471727848053
[2025-01-10 11:03:11,768] INFO: Iter 28600 Summary: 
[2025-01-10 11:03:11,768] INFO: 	 lr: 0.00030000000000000073 	 Training loss: 0.04172831445932388
[2025-01-10 11:03:21,613] INFO: Iter 28700 Summary: 
[2025-01-10 11:03:21,613] INFO: 	 lr: 0.00030000000000000073 	 Training loss: 0.04192274823784828
[2025-01-10 11:03:31,735] INFO: Iter 28800 Summary: 
[2025-01-10 11:03:31,736] INFO: 	 lr: 0.00030000000000000073 	 Training loss: 0.0420945955067873
[2025-01-10 11:03:45,019] INFO: Iter 28900 Summary: 
[2025-01-10 11:03:45,019] INFO: 	 lr: 0.00030000000000000073 	 Training loss: 0.04198676969856024
[2025-01-10 11:03:54,978] INFO: Iter 29000 Summary: 
[2025-01-10 11:03:54,978] INFO: 	 lr: 0.00030000000000000073 	 Training loss: 0.042192832194268705
[2025-01-10 11:04:04,980] INFO: Iter 29100 Summary: 
[2025-01-10 11:04:04,980] INFO: 	 lr: 0.00030000000000000073 	 Training loss: 0.04177517231553793
[2025-01-10 11:04:14,661] INFO: Iter 29200 Summary: 
[2025-01-10 11:04:14,661] INFO: 	 lr: 0.00030000000000000073 	 Training loss: 0.04206041850149631
[2025-01-10 11:04:25,005] INFO: Iter 29300 Summary: 
[2025-01-10 11:04:25,005] INFO: 	 lr: 0.00030000000000000073 	 Training loss: 0.042058353684842585
[2025-01-10 11:04:34,596] INFO: Iter 29400 Summary: 
[2025-01-10 11:04:34,597] INFO: 	 lr: 0.00030000000000000073 	 Training loss: 0.042134516574442386
[2025-01-10 11:04:44,552] INFO: Iter 29500 Summary: 
[2025-01-10 11:04:44,552] INFO: 	 lr: 0.00030000000000000073 	 Training loss: 0.04199035204946995
[2025-01-10 11:04:56,033] INFO: Iter 29600 Summary: 
[2025-01-10 11:04:56,033] INFO: 	 lr: 0.00030000000000000073 	 Training loss: 0.04193154647946358
[2025-01-10 11:05:05,442] INFO: Iter 29700 Summary: 
[2025-01-10 11:05:05,442] INFO: 	 lr: 0.00030000000000000073 	 Training loss: 0.04217343933880329
[2025-01-10 11:05:15,082] INFO: Iter 29800 Summary: 
[2025-01-10 11:05:15,082] INFO: 	 lr: 0.00030000000000000073 	 Training loss: 0.041902085207402705
[2025-01-10 11:05:24,890] INFO: Iter 29900 Summary: 
[2025-01-10 11:05:24,890] INFO: 	 lr: 0.00030000000000000073 	 Training loss: 0.042283146642148495
[2025-01-10 11:05:33,988] INFO: Iter 30000 Summary: 
[2025-01-10 11:05:33,988] INFO: 	 lr: 0.00030000000000000073 	 Training loss: 0.04212148513644934
[2025-01-10 11:05:47,605] INFO: Iter 30100 Summary: 
[2025-01-10 11:05:47,605] INFO: 	 lr: 1.2900000000000026e-05 	 Training loss: 0.040966431125998494
[2025-01-10 11:05:57,587] INFO: Iter 30200 Summary: 
[2025-01-10 11:05:57,587] INFO: 	 lr: 1.000000000000002e-05 	 Training loss: 0.03996969930827618
[2025-01-10 11:06:09,801] INFO: Iter 30300 Summary: 
[2025-01-10 11:06:09,802] INFO: 	 lr: 1.000000000000002e-05 	 Training loss: 0.03994790654629469
[2025-01-10 11:06:19,212] INFO: Iter 30400 Summary: 
[2025-01-10 11:06:19,212] INFO: 	 lr: 1.000000000000002e-05 	 Training loss: 0.03994731858372688
[2025-01-10 11:06:27,448] INFO: Iter 30500 Summary: 
[2025-01-10 11:06:27,448] INFO: 	 lr: 1.000000000000002e-05 	 Training loss: 0.03942579995840788
[2025-01-10 11:06:35,960] INFO: Iter 30600 Summary: 
[2025-01-10 11:06:35,960] INFO: 	 lr: 1.000000000000002e-05 	 Training loss: 0.039779848605394366
[2025-01-10 11:06:45,619] INFO: Iter 30700 Summary: 
[2025-01-10 11:06:45,620] INFO: 	 lr: 1.000000000000002e-05 	 Training loss: 0.03982298377901316
[2025-01-10 11:06:56,175] INFO: Iter 30800 Summary: 
[2025-01-10 11:06:56,176] INFO: 	 lr: 1.000000000000002e-05 	 Training loss: 0.03965349651873112
[2025-01-10 11:07:05,530] INFO: Iter 30900 Summary: 
[2025-01-10 11:07:05,530] INFO: 	 lr: 1.000000000000002e-05 	 Training loss: 0.03970339458435774
[2025-01-10 11:07:16,514] INFO: Iter 31000 Summary: 
[2025-01-10 11:07:16,514] INFO: 	 lr: 1.000000000000002e-05 	 Training loss: 0.03958084035664797
[2025-01-10 11:07:26,614] INFO: Iter 31100 Summary: 
[2025-01-10 11:07:26,614] INFO: 	 lr: 1.000000000000002e-05 	 Training loss: 0.03975928120315075
[2025-01-10 11:07:37,006] INFO: Iter 31200 Summary: 
[2025-01-10 11:07:37,006] INFO: 	 lr: 1.000000000000002e-05 	 Training loss: 0.03924147207289934
[2025-01-10 11:07:47,620] INFO: Iter 31300 Summary: 
[2025-01-10 11:07:47,620] INFO: 	 lr: 1.000000000000002e-05 	 Training loss: 0.039476789608597754
[2025-01-10 11:07:58,020] INFO: Iter 31400 Summary: 
[2025-01-10 11:07:58,020] INFO: 	 lr: 1.000000000000002e-05 	 Training loss: 0.03937461894005537
[2025-01-10 11:08:11,047] INFO: Iter 31500 Summary: 
[2025-01-10 11:08:11,047] INFO: 	 lr: 1.000000000000002e-05 	 Training loss: 0.039504952989518644
[2025-01-10 11:08:22,712] INFO: Iter 31600 Summary: 
[2025-01-10 11:08:22,712] INFO: 	 lr: 1.000000000000002e-05 	 Training loss: 0.03916089575737715
[2025-01-10 11:08:35,428] INFO: Iter 31700 Summary: 
[2025-01-10 11:08:35,429] INFO: 	 lr: 1.000000000000002e-05 	 Training loss: 0.03912267997860908
[2025-01-10 11:08:47,163] INFO: Iter 31800 Summary: 
[2025-01-10 11:08:47,163] INFO: 	 lr: 1.000000000000002e-05 	 Training loss: 0.03917471192777157
[2025-01-10 11:08:56,020] INFO: Iter 31900 Summary: 
[2025-01-10 11:08:56,020] INFO: 	 lr: 1.000000000000002e-05 	 Training loss: 0.03938352301716805
[2025-01-10 11:09:07,077] INFO: Iter 32000 Summary: 
[2025-01-10 11:09:07,077] INFO: 	 lr: 1.000000000000002e-05 	 Training loss: 0.03926370188593865
[2025-01-10 11:09:24,223] INFO: Iter 32100 Summary: 
[2025-01-10 11:09:24,223] INFO: 	 lr: 1.000000000000002e-05 	 Training loss: 0.03940674412995577
[2025-01-10 11:09:36,739] INFO: Iter 32200 Summary: 
[2025-01-10 11:09:36,739] INFO: 	 lr: 1.000000000000002e-05 	 Training loss: 0.03915675219148398
[2025-01-10 11:09:48,070] INFO: Iter 32300 Summary: 
[2025-01-10 11:09:48,070] INFO: 	 lr: 1.000000000000002e-05 	 Training loss: 0.039176073037087915
[2025-01-10 11:10:03,537] INFO: Iter 32400 Summary: 
[2025-01-10 11:10:03,537] INFO: 	 lr: 1.000000000000002e-05 	 Training loss: 0.03898575093597174
[2025-01-10 11:10:14,656] INFO: Iter 32500 Summary: 
[2025-01-10 11:10:14,657] INFO: 	 lr: 1.000000000000002e-05 	 Training loss: 0.039003322981297966
[2025-01-10 11:10:23,807] INFO: Iter 32600 Summary: 
[2025-01-10 11:10:23,808] INFO: 	 lr: 1.000000000000002e-05 	 Training loss: 0.03948502130806446
[2025-01-10 11:10:33,427] INFO: Iter 32700 Summary: 
[2025-01-10 11:10:33,427] INFO: 	 lr: 1.000000000000002e-05 	 Training loss: 0.03925843022763729
[2025-01-10 11:10:44,059] INFO: Iter 32800 Summary: 
[2025-01-10 11:10:44,059] INFO: 	 lr: 1.000000000000002e-05 	 Training loss: 0.03906109381467104
[2025-01-10 11:10:53,403] INFO: Iter 32900 Summary: 
[2025-01-10 11:10:53,403] INFO: 	 lr: 1.000000000000002e-05 	 Training loss: 0.039232205450534824
[2025-01-10 11:11:02,804] INFO: Iter 33000 Summary: 
[2025-01-10 11:11:02,804] INFO: 	 lr: 1.000000000000002e-05 	 Training loss: 0.0391391459479928
[2025-01-10 11:11:14,794] INFO: Iter 33100 Summary: 
[2025-01-10 11:11:14,795] INFO: 	 lr: 1.000000000000002e-05 	 Training loss: 0.03903194837272167
[2025-01-10 11:11:23,853] INFO: Iter 33200 Summary: 
[2025-01-10 11:11:23,854] INFO: 	 lr: 1.000000000000002e-05 	 Training loss: 0.03922295957803726
[2025-01-10 11:11:33,274] INFO: Iter 33300 Summary: 
[2025-01-10 11:11:33,274] INFO: 	 lr: 1.000000000000002e-05 	 Training loss: 0.03888661053031683
[2025-01-10 11:11:43,368] INFO: Iter 33400 Summary: 
[2025-01-10 11:11:43,368] INFO: 	 lr: 1.000000000000002e-05 	 Training loss: 0.03914376888424158
[2025-01-10 11:11:54,784] INFO: Iter 33500 Summary: 
[2025-01-10 11:11:54,784] INFO: 	 lr: 1.000000000000002e-05 	 Training loss: 0.038908692970871926
[2025-01-10 11:12:07,669] INFO: Iter 33600 Summary: 
[2025-01-10 11:12:07,669] INFO: 	 lr: 1.000000000000002e-05 	 Training loss: 0.039181304201483726
[2025-01-10 11:12:19,393] INFO: Iter 33700 Summary: 
[2025-01-10 11:12:19,393] INFO: 	 lr: 1.000000000000002e-05 	 Training loss: 0.039308792874217034
[2025-01-10 11:12:31,528] INFO: Iter 33800 Summary: 
[2025-01-10 11:12:31,528] INFO: 	 lr: 1.000000000000002e-05 	 Training loss: 0.03894071709364653
[2025-01-10 11:12:42,120] INFO: Iter 33900 Summary: 
[2025-01-10 11:12:42,121] INFO: 	 lr: 1.000000000000002e-05 	 Training loss: 0.03900568600744009
[2025-01-10 11:12:51,984] INFO: Iter 34000 Summary: 
[2025-01-10 11:12:51,985] INFO: 	 lr: 1.000000000000002e-05 	 Training loss: 0.038964795470237734
[2025-01-10 11:13:07,432] INFO: Iter 34100 Summary: 
[2025-01-10 11:13:07,432] INFO: 	 lr: 1.000000000000002e-05 	 Training loss: 0.039035510532557965
[2025-01-10 11:13:17,768] INFO: Iter 34200 Summary: 
[2025-01-10 11:13:17,769] INFO: 	 lr: 1.000000000000002e-05 	 Training loss: 0.03928037166595459
[2025-01-10 11:13:27,592] INFO: Iter 34300 Summary: 
[2025-01-10 11:13:27,592] INFO: 	 lr: 1.000000000000002e-05 	 Training loss: 0.039172426126897336
[2025-01-10 11:13:36,844] INFO: Iter 34400 Summary: 
[2025-01-10 11:13:36,845] INFO: 	 lr: 1.000000000000002e-05 	 Training loss: 0.038920636661350726
[2025-01-10 11:13:49,118] INFO: Iter 34500 Summary: 
[2025-01-10 11:13:49,119] INFO: 	 lr: 1.000000000000002e-05 	 Training loss: 0.038831347934901714
[2025-01-10 11:13:59,080] INFO: Iter 34600 Summary: 
[2025-01-10 11:13:59,080] INFO: 	 lr: 1.000000000000002e-05 	 Training loss: 0.03885270684957504
[2025-01-10 11:14:09,696] INFO: Iter 34700 Summary: 
[2025-01-10 11:14:09,696] INFO: 	 lr: 1.000000000000002e-05 	 Training loss: 0.038675910122692586
[2025-01-10 11:14:19,233] INFO: Iter 34800 Summary: 
[2025-01-10 11:14:19,233] INFO: 	 lr: 1.000000000000002e-05 	 Training loss: 0.03882436938583851
[2025-01-10 11:14:29,274] INFO: Iter 34900 Summary: 
[2025-01-10 11:14:29,274] INFO: 	 lr: 1.000000000000002e-05 	 Training loss: 0.038866516798734665
[2025-01-10 11:14:40,220] INFO: Iter 35000 Summary: 
[2025-01-10 11:14:40,220] INFO: 	 lr: 1.000000000000002e-05 	 Training loss: 0.0390835976973176
[2025-01-10 11:14:52,584] INFO: Iter 35100 Summary: 
[2025-01-10 11:14:52,584] INFO: 	 lr: 1.000000000000002e-05 	 Training loss: 0.03913583036512137
[2025-01-10 11:15:04,558] INFO: Iter 35200 Summary: 
[2025-01-10 11:15:04,559] INFO: 	 lr: 1.000000000000002e-05 	 Training loss: 0.03877848736941814
[2025-01-10 11:15:15,305] INFO: Iter 35300 Summary: 
[2025-01-10 11:15:15,305] INFO: 	 lr: 1.000000000000002e-05 	 Training loss: 0.03883805997669697
[2025-01-10 11:15:24,796] INFO: Iter 35400 Summary: 
[2025-01-10 11:15:24,796] INFO: 	 lr: 1.000000000000002e-05 	 Training loss: 0.03894726857542992
[2025-01-10 11:15:34,033] INFO: Iter 35500 Summary: 
[2025-01-10 11:15:34,033] INFO: 	 lr: 1.000000000000002e-05 	 Training loss: 0.03879835288971663
[2025-01-10 11:15:43,579] INFO: Iter 35600 Summary: 
[2025-01-10 11:15:43,579] INFO: 	 lr: 1.000000000000002e-05 	 Training loss: 0.03867637880146504
[2025-01-10 11:15:53,155] INFO: Iter 35700 Summary: 
[2025-01-10 11:15:53,155] INFO: 	 lr: 1.000000000000002e-05 	 Training loss: 0.03880831625312567
[2025-01-10 11:16:04,910] INFO: Iter 35800 Summary: 
[2025-01-10 11:16:04,911] INFO: 	 lr: 1.000000000000002e-05 	 Training loss: 0.03886137641966343
[2025-01-10 11:16:14,714] INFO: Iter 35900 Summary: 
[2025-01-10 11:16:14,714] INFO: 	 lr: 1.000000000000002e-05 	 Training loss: 0.038968102671206
[2025-01-10 11:16:24,115] INFO: Iter 36000 Summary: 
[2025-01-10 11:16:24,115] INFO: 	 lr: 1.000000000000002e-05 	 Training loss: 0.03889427945017815
[2025-01-10 11:16:36,945] INFO: Iter 36100 Summary: 
[2025-01-10 11:16:36,945] INFO: 	 lr: 1.000000000000002e-05 	 Training loss: 0.038742930740118024
[2025-01-10 11:16:45,462] INFO: Iter 36200 Summary: 
[2025-01-10 11:16:45,462] INFO: 	 lr: 1.000000000000002e-05 	 Training loss: 0.038843730092048646
[2025-01-10 11:16:54,386] INFO: Iter 36300 Summary: 
[2025-01-10 11:16:54,386] INFO: 	 lr: 1.000000000000002e-05 	 Training loss: 0.03891690026968717
[2025-01-10 11:17:05,018] INFO: Iter 36400 Summary: 
[2025-01-10 11:17:05,019] INFO: 	 lr: 1.000000000000002e-05 	 Training loss: 0.0391581603884697
[2025-01-10 11:17:18,076] INFO: Iter 36500 Summary: 
[2025-01-10 11:17:18,077] INFO: 	 lr: 1.000000000000002e-05 	 Training loss: 0.038957518227398395
[2025-01-10 11:17:28,089] INFO: Iter 36600 Summary: 
[2025-01-10 11:17:28,089] INFO: 	 lr: 1.000000000000002e-05 	 Training loss: 0.03878774054348469
[2025-01-10 11:17:37,494] INFO: Iter 36700 Summary: 
[2025-01-10 11:17:37,495] INFO: 	 lr: 1.000000000000002e-05 	 Training loss: 0.03898603945970535
[2025-01-10 11:17:47,034] INFO: Iter 36800 Summary: 
[2025-01-10 11:17:47,034] INFO: 	 lr: 1.000000000000002e-05 	 Training loss: 0.03884828139096499
[2025-01-10 11:17:55,913] INFO: Iter 36900 Summary: 
[2025-01-10 11:17:55,913] INFO: 	 lr: 1.000000000000002e-05 	 Training loss: 0.0385613951086998
[2025-01-10 11:18:06,416] INFO: Iter 37000 Summary: 
[2025-01-10 11:18:06,416] INFO: 	 lr: 1.000000000000002e-05 	 Training loss: 0.03882146507501602
[2025-01-10 11:18:17,552] INFO: Iter 37100 Summary: 
[2025-01-10 11:18:17,552] INFO: 	 lr: 1.000000000000002e-05 	 Training loss: 0.038645121566951275
[2025-01-10 11:18:28,722] INFO: Iter 37200 Summary: 
[2025-01-10 11:18:28,723] INFO: 	 lr: 1.000000000000002e-05 	 Training loss: 0.038643649704754354
[2025-01-10 11:18:38,714] INFO: Iter 37300 Summary: 
[2025-01-10 11:18:38,714] INFO: 	 lr: 1.000000000000002e-05 	 Training loss: 0.03865429133176804
[2025-01-10 11:18:48,017] INFO: Iter 37400 Summary: 
[2025-01-10 11:18:48,017] INFO: 	 lr: 1.000000000000002e-05 	 Training loss: 0.03848968923091888
[2025-01-10 11:18:57,981] INFO: Iter 37500 Summary: 
[2025-01-10 11:18:57,981] INFO: 	 lr: 1.000000000000002e-05 	 Training loss: 0.03885786794126034
[2025-01-10 11:19:09,059] INFO: Iter 37600 Summary: 
[2025-01-10 11:19:09,059] INFO: 	 lr: 1.000000000000002e-05 	 Training loss: 0.038722888194024564
[2025-01-10 11:19:21,250] INFO: Iter 37700 Summary: 
[2025-01-10 11:19:21,251] INFO: 	 lr: 1.000000000000002e-05 	 Training loss: 0.038719546198844906
[2025-01-10 11:19:31,687] INFO: Iter 37800 Summary: 
[2025-01-10 11:19:31,688] INFO: 	 lr: 1.000000000000002e-05 	 Training loss: 0.03888981688767672
[2025-01-10 11:19:43,505] INFO: Iter 37900 Summary: 
[2025-01-10 11:19:43,505] INFO: 	 lr: 1.000000000000002e-05 	 Training loss: 0.0388776844739914
[2025-01-10 11:19:53,007] INFO: Iter 38000 Summary: 
[2025-01-10 11:19:53,007] INFO: 	 lr: 1.000000000000002e-05 	 Training loss: 0.038318282701075075
[2025-01-10 11:20:07,596] INFO: Iter 38100 Summary: 
[2025-01-10 11:20:07,596] INFO: 	 lr: 1.000000000000002e-05 	 Training loss: 0.03857802413403988
[2025-01-10 11:20:17,033] INFO: Iter 38200 Summary: 
[2025-01-10 11:20:17,034] INFO: 	 lr: 1.000000000000002e-05 	 Training loss: 0.03873256720602512
[2025-01-10 11:20:27,756] INFO: Iter 38300 Summary: 
[2025-01-10 11:20:27,756] INFO: 	 lr: 1.000000000000002e-05 	 Training loss: 0.03889336805790663
[2025-01-10 11:20:38,650] INFO: Iter 38400 Summary: 
[2025-01-10 11:20:38,651] INFO: 	 lr: 1.000000000000002e-05 	 Training loss: 0.03863036889582872
[2025-01-10 11:20:48,722] INFO: Iter 38500 Summary: 
[2025-01-10 11:20:48,722] INFO: 	 lr: 1.000000000000002e-05 	 Training loss: 0.03871338903903961
[2025-01-10 11:20:59,572] INFO: Iter 38600 Summary: 
[2025-01-10 11:20:59,572] INFO: 	 lr: 1.000000000000002e-05 	 Training loss: 0.038686060309410096
[2025-01-10 11:21:08,849] INFO: Iter 38700 Summary: 
[2025-01-10 11:21:08,850] INFO: 	 lr: 1.000000000000002e-05 	 Training loss: 0.03881923887878656
[2025-01-10 11:21:18,268] INFO: Iter 38800 Summary: 
[2025-01-10 11:21:18,268] INFO: 	 lr: 1.000000000000002e-05 	 Training loss: 0.03860218409448862
[2025-01-10 11:21:27,858] INFO: Iter 38900 Summary: 
[2025-01-10 11:21:27,858] INFO: 	 lr: 1.000000000000002e-05 	 Training loss: 0.03887461114674807
[2025-01-10 11:21:39,092] INFO: Iter 39000 Summary: 
[2025-01-10 11:21:39,093] INFO: 	 lr: 1.000000000000002e-05 	 Training loss: 0.03863089799880982
[2025-01-10 11:21:50,534] INFO: Iter 39100 Summary: 
[2025-01-10 11:21:50,534] INFO: 	 lr: 1.000000000000002e-05 	 Training loss: 0.03825665082782507
[2025-01-10 11:22:03,385] INFO: Iter 39200 Summary: 
[2025-01-10 11:22:03,385] INFO: 	 lr: 1.000000000000002e-05 	 Training loss: 0.038558527156710626
[2025-01-10 11:22:15,182] INFO: Iter 39300 Summary: 
[2025-01-10 11:22:15,183] INFO: 	 lr: 1.000000000000002e-05 	 Training loss: 0.038576219230890274
[2025-01-10 11:22:25,293] INFO: Iter 39400 Summary: 
[2025-01-10 11:22:25,293] INFO: 	 lr: 1.000000000000002e-05 	 Training loss: 0.038521330542862414
[2025-01-10 11:22:35,446] INFO: Iter 39500 Summary: 
[2025-01-10 11:22:35,447] INFO: 	 lr: 1.000000000000002e-05 	 Training loss: 0.03885653100907802
[2025-01-10 11:22:45,779] INFO: Iter 39600 Summary: 
[2025-01-10 11:22:45,779] INFO: 	 lr: 1.000000000000002e-05 	 Training loss: 0.038575272150337694
[2025-01-10 11:22:53,921] INFO: Iter 39700 Summary: 
[2025-01-10 11:22:53,921] INFO: 	 lr: 1.000000000000002e-05 	 Training loss: 0.0387608478590846
[2025-01-10 11:23:04,260] INFO: Iter 39800 Summary: 
[2025-01-10 11:23:04,261] INFO: 	 lr: 1.000000000000002e-05 	 Training loss: 0.03866711553186178
[2025-01-10 11:23:15,241] INFO: Iter 39900 Summary: 
[2025-01-10 11:23:15,242] INFO: 	 lr: 1.000000000000002e-05 	 Training loss: 0.03848032396286726
[2025-01-10 11:23:27,661] INFO: Iter 40000 Summary: 
[2025-01-10 11:23:27,662] INFO: 	 lr: 1.000000000000002e-05 	 Training loss: 0.038982248790562155
