[2024-12-25 06:25:58,345] INFO: {
    "abs_dir": "/home/diwang/siMLPe/exps/baseline_h36m",
    "batch_size": 256,
    "cos_lr_max": 1e-05,
    "cos_lr_min": 5e-08,
    "cos_lr_total_iters": 40000,
    "data_aug": true,
    "deriv_input": true,
    "deriv_output": true,
    "h36m_anno_dir": "/home/diwang/siMLPe/data/h36m/",
    "link_log_file": "/home/diwang/siMLPe/exps/baseline_h36m/log/log_last.log",
    "link_val_log_file": "/home/diwang/siMLPe/exps/baseline_h36m/log/val_last.log",
    "log_dir": "/home/diwang/siMLPe/exps/baseline_h36m/log",
    "log_file": "/home/diwang/siMLPe/exps/baseline_h36m/log/log_2024_12_25_06_25_38.log",
    "model_pth": null,
    "motion": {
        "dim": 66,
        "h36m_input_length": 100,
        "h36m_input_length_dct": 100,
        "h36m_target_length": 100,
        "h36m_target_length_eval": 100,
        "h36m_target_length_train": 100
    },
    "motion_fc_in": {
        "activation": "relu",
        "in_features": 66,
        "init_w_trunc_normal": false,
        "out_features": 66,
        "temporal_fc": false,
        "with_norm": false
    },
    "motion_fc_out": {
        "activation": "relu",
        "in_features": 66,
        "init_w_trunc_normal": true,
        "out_features": 66,
        "temporal_fc": false,
        "with_norm": false
    },
    "motion_mlp": {
        "hidden_dim": 66,
        "norm_axis": "spatial",
        "num_layers": 48,
        "seq_len": 100,
        "spatial_fc_only": false,
        "with_normalization": true
    },
    "num_workers": 8,
    "post_dct": false,
    "pre_dct": false,
    "print_every": 100,
    "repo_name": "siMLPe",
    "root_dir": "/home/diwang/siMLPe",
    "save_every": 2000,
    "seed": 304,
    "shift_step": 1,
    "snapshot_dir": "/home/diwang/siMLPe/exps/baseline_h36m/log/snapshot",
    "this_dir": "baseline_h36m",
    "use_relative_loss": true,
    "val_log_file": "/home/diwang/siMLPe/exps/baseline_h36m/log/val_2024_12_25_06_25_38.log",
    "weight_decay": 0.0001
}
[2024-12-25 06:26:08,024] INFO: Iter 100 Summary: 
[2024-12-25 06:26:08,024] INFO: 	 lr: 0.00030000000000000073 	 Training loss: 0.1980104425549507
[2024-12-25 06:26:14,779] INFO: Iter 200 Summary: 
[2024-12-25 06:26:14,779] INFO: 	 lr: 0.00030000000000000073 	 Training loss: 0.1782531651854515
[2024-12-25 06:26:21,613] INFO: Iter 300 Summary: 
[2024-12-25 06:26:21,614] INFO: 	 lr: 0.00030000000000000073 	 Training loss: 0.16839890360832213
[2024-12-25 06:26:28,193] INFO: Iter 400 Summary: 
[2024-12-25 06:26:28,193] INFO: 	 lr: 0.00030000000000000073 	 Training loss: 0.16325579404830934
[2024-12-25 06:26:34,880] INFO: Iter 500 Summary: 
[2024-12-25 06:26:34,880] INFO: 	 lr: 0.00030000000000000073 	 Training loss: 0.1612711477279663
[2024-12-25 06:26:41,565] INFO: Iter 600 Summary: 
[2024-12-25 06:26:41,565] INFO: 	 lr: 0.00030000000000000073 	 Training loss: 0.15983296692371368
[2024-12-25 06:26:50,064] INFO: Iter 700 Summary: 
[2024-12-25 06:26:50,065] INFO: 	 lr: 0.00030000000000000073 	 Training loss: 0.15945081740617753
[2024-12-25 06:26:56,718] INFO: Iter 800 Summary: 
[2024-12-25 06:26:56,718] INFO: 	 lr: 0.00030000000000000073 	 Training loss: 0.1573382519185543
[2024-12-25 06:27:03,474] INFO: Iter 900 Summary: 
[2024-12-25 06:27:03,474] INFO: 	 lr: 0.00030000000000000073 	 Training loss: 0.15702702850103378
[2024-12-25 06:27:10,045] INFO: Iter 1000 Summary: 
[2024-12-25 06:27:10,046] INFO: 	 lr: 0.00030000000000000073 	 Training loss: 0.15708385169506073
[2024-12-25 06:27:16,806] INFO: Iter 1100 Summary: 
[2024-12-25 06:27:16,806] INFO: 	 lr: 0.00030000000000000073 	 Training loss: 0.15477062076330184
[2024-12-25 06:27:24,061] INFO: Iter 1200 Summary: 
[2024-12-25 06:27:24,061] INFO: 	 lr: 0.00030000000000000073 	 Training loss: 0.1555399551987648
[2024-12-25 06:27:32,054] INFO: Iter 1300 Summary: 
[2024-12-25 06:27:32,054] INFO: 	 lr: 0.00030000000000000073 	 Training loss: 0.15502823695540427
[2024-12-25 06:27:38,854] INFO: Iter 1400 Summary: 
[2024-12-25 06:27:38,854] INFO: 	 lr: 0.00030000000000000073 	 Training loss: 0.15448714911937714
[2024-12-25 06:27:45,614] INFO: Iter 1500 Summary: 
[2024-12-25 06:27:45,614] INFO: 	 lr: 0.00030000000000000073 	 Training loss: 0.15439678609371185
[2024-12-25 06:27:52,404] INFO: Iter 1600 Summary: 
[2024-12-25 06:27:52,404] INFO: 	 lr: 0.00030000000000000073 	 Training loss: 0.15449007734656334
[2024-12-25 06:27:59,129] INFO: Iter 1700 Summary: 
[2024-12-25 06:27:59,129] INFO: 	 lr: 0.00030000000000000073 	 Training loss: 0.1536475394666195
[2024-12-25 06:28:05,901] INFO: Iter 1800 Summary: 
[2024-12-25 06:28:05,901] INFO: 	 lr: 0.00030000000000000073 	 Training loss: 0.1535215276479721
[2024-12-25 06:28:14,242] INFO: Iter 1900 Summary: 
[2024-12-25 06:28:14,242] INFO: 	 lr: 0.00030000000000000073 	 Training loss: 0.1535102319717407
[2024-12-25 06:28:21,209] INFO: Iter 2000 Summary: 
[2024-12-25 06:28:21,209] INFO: 	 lr: 0.00030000000000000073 	 Training loss: 0.15368699967861177
[2024-12-25 06:28:29,856] INFO: Iter 2100 Summary: 
[2024-12-25 06:28:29,856] INFO: 	 lr: 0.00030000000000000073 	 Training loss: 0.15231526508927345
[2024-12-25 06:28:36,865] INFO: Iter 2200 Summary: 
[2024-12-25 06:28:36,865] INFO: 	 lr: 0.00030000000000000073 	 Training loss: 0.1536749191582203
[2024-12-25 06:28:43,646] INFO: Iter 2300 Summary: 
[2024-12-25 06:28:43,646] INFO: 	 lr: 0.00030000000000000073 	 Training loss: 0.15329135999083518
[2024-12-25 06:28:50,378] INFO: Iter 2400 Summary: 
[2024-12-25 06:28:50,378] INFO: 	 lr: 0.00030000000000000073 	 Training loss: 0.15224699959158897
[2024-12-25 06:28:58,338] INFO: Iter 2500 Summary: 
[2024-12-25 06:28:58,338] INFO: 	 lr: 0.00030000000000000073 	 Training loss: 0.15277797043323516
[2024-12-25 06:29:05,058] INFO: Iter 2600 Summary: 
[2024-12-25 06:29:05,058] INFO: 	 lr: 0.00030000000000000073 	 Training loss: 0.15186549216508866
[2024-12-25 06:29:11,780] INFO: Iter 2700 Summary: 
[2024-12-25 06:29:11,780] INFO: 	 lr: 0.00030000000000000073 	 Training loss: 0.151804668456316
[2024-12-25 06:29:18,538] INFO: Iter 2800 Summary: 
[2024-12-25 06:29:18,538] INFO: 	 lr: 0.00030000000000000073 	 Training loss: 0.15183935701847076
[2024-12-25 06:29:25,278] INFO: Iter 2900 Summary: 
[2024-12-25 06:29:25,278] INFO: 	 lr: 0.00030000000000000073 	 Training loss: 0.15211923703551292
[2024-12-25 06:29:32,307] INFO: Iter 3000 Summary: 
[2024-12-25 06:29:32,307] INFO: 	 lr: 0.00030000000000000073 	 Training loss: 0.15202095985412598
[2024-12-25 06:29:40,485] INFO: Iter 3100 Summary: 
[2024-12-25 06:29:40,486] INFO: 	 lr: 0.00030000000000000073 	 Training loss: 0.15209445461630822
[2024-12-25 06:29:47,210] INFO: Iter 3200 Summary: 
[2024-12-25 06:29:47,210] INFO: 	 lr: 0.00030000000000000073 	 Training loss: 0.15091394007205963
[2024-12-25 06:29:54,101] INFO: Iter 3300 Summary: 
[2024-12-25 06:29:54,101] INFO: 	 lr: 0.00030000000000000073 	 Training loss: 0.1510295067727566
[2024-12-25 06:30:00,872] INFO: Iter 3400 Summary: 
[2024-12-25 06:30:00,872] INFO: 	 lr: 0.00030000000000000073 	 Training loss: 0.151600721180439
[2024-12-25 06:30:07,720] INFO: Iter 3500 Summary: 
[2024-12-25 06:30:07,721] INFO: 	 lr: 0.00030000000000000073 	 Training loss: 0.15100583106279372
[2024-12-25 06:30:14,504] INFO: Iter 3600 Summary: 
[2024-12-25 06:30:14,505] INFO: 	 lr: 0.00030000000000000073 	 Training loss: 0.15153419211506844
[2024-12-25 06:30:22,737] INFO: Iter 3700 Summary: 
[2024-12-25 06:30:22,737] INFO: 	 lr: 0.00030000000000000073 	 Training loss: 0.1510078278183937
[2024-12-25 06:30:29,432] INFO: Iter 3800 Summary: 
[2024-12-25 06:30:29,432] INFO: 	 lr: 0.00030000000000000073 	 Training loss: 0.15091391816735267
[2024-12-25 06:30:35,849] INFO: Iter 3900 Summary: 
[2024-12-25 06:30:35,849] INFO: 	 lr: 0.00030000000000000073 	 Training loss: 0.15036192879080773
[2024-12-25 06:30:42,741] INFO: Iter 4000 Summary: 
[2024-12-25 06:30:42,742] INFO: 	 lr: 0.00030000000000000073 	 Training loss: 0.15055668950080872
[2024-12-25 06:30:51,328] INFO: Iter 4100 Summary: 
[2024-12-25 06:30:51,328] INFO: 	 lr: 0.00030000000000000073 	 Training loss: 0.15039221599698066
[2024-12-25 06:30:58,064] INFO: Iter 4200 Summary: 
[2024-12-25 06:30:58,064] INFO: 	 lr: 0.00030000000000000073 	 Training loss: 0.1501159678399563
[2024-12-25 06:31:06,281] INFO: Iter 4300 Summary: 
[2024-12-25 06:31:06,282] INFO: 	 lr: 0.00030000000000000073 	 Training loss: 0.1502538341283798
[2024-12-25 06:31:13,036] INFO: Iter 4400 Summary: 
[2024-12-25 06:31:13,036] INFO: 	 lr: 0.00030000000000000073 	 Training loss: 0.1496175368130207
[2024-12-25 06:31:19,797] INFO: Iter 4500 Summary: 
[2024-12-25 06:31:19,797] INFO: 	 lr: 0.00030000000000000073 	 Training loss: 0.15049047008156777
[2024-12-25 06:31:26,544] INFO: Iter 4600 Summary: 
[2024-12-25 06:31:26,544] INFO: 	 lr: 0.00030000000000000073 	 Training loss: 0.1499174004793167
[2024-12-25 06:31:33,440] INFO: Iter 4700 Summary: 
[2024-12-25 06:31:33,441] INFO: 	 lr: 0.00030000000000000073 	 Training loss: 0.1498134185373783
[2024-12-25 06:31:40,210] INFO: Iter 4800 Summary: 
[2024-12-25 06:31:40,210] INFO: 	 lr: 0.00030000000000000073 	 Training loss: 0.15022339522838593
[2024-12-25 06:31:48,207] INFO: Iter 4900 Summary: 
[2024-12-25 06:31:48,207] INFO: 	 lr: 0.00030000000000000073 	 Training loss: 0.14924879267811775
[2024-12-25 06:31:54,801] INFO: Iter 5000 Summary: 
[2024-12-25 06:31:54,801] INFO: 	 lr: 0.00030000000000000073 	 Training loss: 0.1488584567606449
[2024-12-25 06:32:01,484] INFO: Iter 5100 Summary: 
[2024-12-25 06:32:01,485] INFO: 	 lr: 0.00030000000000000073 	 Training loss: 0.15020221412181856
[2024-12-25 06:32:08,262] INFO: Iter 5200 Summary: 
[2024-12-25 06:32:08,262] INFO: 	 lr: 0.00030000000000000073 	 Training loss: 0.14905374690890313
[2024-12-25 06:32:14,861] INFO: Iter 5300 Summary: 
[2024-12-25 06:32:14,861] INFO: 	 lr: 0.00030000000000000073 	 Training loss: 0.14928248301148414
[2024-12-25 06:32:21,492] INFO: Iter 5400 Summary: 
[2024-12-25 06:32:21,492] INFO: 	 lr: 0.00030000000000000073 	 Training loss: 0.14965408638119698
[2024-12-25 06:32:29,429] INFO: Iter 5500 Summary: 
[2024-12-25 06:32:29,429] INFO: 	 lr: 0.00030000000000000073 	 Training loss: 0.14780578941106795
[2024-12-25 06:32:36,099] INFO: Iter 5600 Summary: 
[2024-12-25 06:32:36,100] INFO: 	 lr: 0.00030000000000000073 	 Training loss: 0.14874791994690895
[2024-12-25 06:32:42,734] INFO: Iter 5700 Summary: 
[2024-12-25 06:32:42,735] INFO: 	 lr: 0.00030000000000000073 	 Training loss: 0.14878400027751923
[2024-12-25 06:32:49,370] INFO: Iter 5800 Summary: 
[2024-12-25 06:32:49,370] INFO: 	 lr: 0.00030000000000000073 	 Training loss: 0.14840384617447852
[2024-12-25 06:32:56,003] INFO: Iter 5900 Summary: 
[2024-12-25 06:32:56,003] INFO: 	 lr: 0.00030000000000000073 	 Training loss: 0.14866120144724845
[2024-12-25 06:33:02,720] INFO: Iter 6000 Summary: 
[2024-12-25 06:33:02,720] INFO: 	 lr: 0.00030000000000000073 	 Training loss: 0.148544804751873
[2024-12-25 06:33:12,454] INFO: Iter 6100 Summary: 
[2024-12-25 06:33:12,455] INFO: 	 lr: 0.00030000000000000073 	 Training loss: 0.14739422246813774
[2024-12-25 06:33:19,162] INFO: Iter 6200 Summary: 
[2024-12-25 06:33:19,162] INFO: 	 lr: 0.00030000000000000073 	 Training loss: 0.14788410305976868
[2024-12-25 06:33:26,416] INFO: Iter 6300 Summary: 
[2024-12-25 06:33:26,417] INFO: 	 lr: 0.00030000000000000073 	 Training loss: 0.14825394198298456
[2024-12-25 06:33:33,038] INFO: Iter 6400 Summary: 
[2024-12-25 06:33:33,038] INFO: 	 lr: 0.00030000000000000073 	 Training loss: 0.1474615541100502
[2024-12-25 06:33:39,970] INFO: Iter 6500 Summary: 
[2024-12-25 06:33:39,970] INFO: 	 lr: 0.00030000000000000073 	 Training loss: 0.14734517961740493
[2024-12-25 06:33:46,699] INFO: Iter 6600 Summary: 
[2024-12-25 06:33:46,699] INFO: 	 lr: 0.00030000000000000073 	 Training loss: 0.14657238140702247
[2024-12-25 06:33:55,025] INFO: Iter 6700 Summary: 
[2024-12-25 06:33:55,025] INFO: 	 lr: 0.00030000000000000073 	 Training loss: 0.1476328693330288
[2024-12-25 06:34:01,652] INFO: Iter 6800 Summary: 
[2024-12-25 06:34:01,652] INFO: 	 lr: 0.00030000000000000073 	 Training loss: 0.14673979759216307
[2024-12-25 06:34:08,254] INFO: Iter 6900 Summary: 
[2024-12-25 06:34:08,254] INFO: 	 lr: 0.00030000000000000073 	 Training loss: 0.14705802127718925
[2024-12-25 06:34:14,876] INFO: Iter 7000 Summary: 
[2024-12-25 06:34:14,876] INFO: 	 lr: 0.00030000000000000073 	 Training loss: 0.1466721872985363
[2024-12-25 06:34:21,530] INFO: Iter 7100 Summary: 
[2024-12-25 06:34:21,530] INFO: 	 lr: 0.00030000000000000073 	 Training loss: 0.14669009178876877
[2024-12-25 06:34:28,186] INFO: Iter 7200 Summary: 
[2024-12-25 06:34:28,186] INFO: 	 lr: 0.00030000000000000073 	 Training loss: 0.14660280272364618
[2024-12-25 06:34:36,252] INFO: Iter 7300 Summary: 
[2024-12-25 06:34:36,252] INFO: 	 lr: 0.00030000000000000073 	 Training loss: 0.14599039375782014
[2024-12-25 06:34:42,871] INFO: Iter 7400 Summary: 
[2024-12-25 06:34:42,871] INFO: 	 lr: 0.00030000000000000073 	 Training loss: 0.14625341445207596
[2024-12-25 06:34:49,562] INFO: Iter 7500 Summary: 
[2024-12-25 06:34:49,563] INFO: 	 lr: 0.00030000000000000073 	 Training loss: 0.1459291921555996
[2024-12-25 06:34:56,183] INFO: Iter 7600 Summary: 
[2024-12-25 06:34:56,184] INFO: 	 lr: 0.00030000000000000073 	 Training loss: 0.14688305974006652
[2024-12-25 06:35:02,898] INFO: Iter 7700 Summary: 
[2024-12-25 06:35:02,898] INFO: 	 lr: 0.00030000000000000073 	 Training loss: 0.14672104611992837
[2024-12-25 06:35:09,616] INFO: Iter 7800 Summary: 
[2024-12-25 06:35:09,616] INFO: 	 lr: 0.00030000000000000073 	 Training loss: 0.14570405572652817
[2024-12-25 06:35:17,628] INFO: Iter 7900 Summary: 
[2024-12-25 06:35:17,629] INFO: 	 lr: 0.00030000000000000073 	 Training loss: 0.14480337768793106
[2024-12-25 06:35:24,242] INFO: Iter 8000 Summary: 
[2024-12-25 06:35:24,243] INFO: 	 lr: 0.00030000000000000073 	 Training loss: 0.14578036084771157
[2024-12-25 06:35:32,794] INFO: Iter 8100 Summary: 
[2024-12-25 06:35:32,795] INFO: 	 lr: 0.00030000000000000073 	 Training loss: 0.14513626754283904
[2024-12-25 06:35:39,456] INFO: Iter 8200 Summary: 
[2024-12-25 06:35:39,456] INFO: 	 lr: 0.00030000000000000073 	 Training loss: 0.1449953231215477
[2024-12-25 06:35:46,150] INFO: Iter 8300 Summary: 
[2024-12-25 06:35:46,150] INFO: 	 lr: 0.00030000000000000073 	 Training loss: 0.1450187186896801
[2024-12-25 06:35:52,915] INFO: Iter 8400 Summary: 
[2024-12-25 06:35:52,915] INFO: 	 lr: 0.00030000000000000073 	 Training loss: 0.14411240488290786
[2024-12-25 06:36:01,021] INFO: Iter 8500 Summary: 
[2024-12-25 06:36:01,021] INFO: 	 lr: 0.00030000000000000073 	 Training loss: 0.1451035286486149
[2024-12-25 06:36:07,737] INFO: Iter 8600 Summary: 
[2024-12-25 06:36:07,737] INFO: 	 lr: 0.00030000000000000073 	 Training loss: 0.1452515196800232
[2024-12-25 06:36:14,331] INFO: Iter 8700 Summary: 
[2024-12-25 06:36:14,332] INFO: 	 lr: 0.00030000000000000073 	 Training loss: 0.14427895426750184
[2024-12-25 06:36:20,945] INFO: Iter 8800 Summary: 
[2024-12-25 06:36:20,945] INFO: 	 lr: 0.00030000000000000073 	 Training loss: 0.14463040575385094
[2024-12-25 06:36:27,608] INFO: Iter 8900 Summary: 
[2024-12-25 06:36:27,608] INFO: 	 lr: 0.00030000000000000073 	 Training loss: 0.14322588250041007
[2024-12-25 06:36:34,422] INFO: Iter 9000 Summary: 
[2024-12-25 06:36:34,422] INFO: 	 lr: 0.00030000000000000073 	 Training loss: 0.14393271252512932
[2024-12-25 06:36:42,643] INFO: Iter 9100 Summary: 
[2024-12-25 06:36:42,643] INFO: 	 lr: 0.00030000000000000073 	 Training loss: 0.14425694286823273
[2024-12-25 06:36:49,269] INFO: Iter 9200 Summary: 
[2024-12-25 06:36:49,269] INFO: 	 lr: 0.00030000000000000073 	 Training loss: 0.14341108426451682
[2024-12-25 06:36:56,161] INFO: Iter 9300 Summary: 
[2024-12-25 06:36:56,161] INFO: 	 lr: 0.00030000000000000073 	 Training loss: 0.14343045383691788
[2024-12-25 06:37:03,245] INFO: Iter 9400 Summary: 
[2024-12-25 06:37:03,245] INFO: 	 lr: 0.00030000000000000073 	 Training loss: 0.143089479804039
[2024-12-25 06:37:09,974] INFO: Iter 9500 Summary: 
[2024-12-25 06:37:09,974] INFO: 	 lr: 0.00030000000000000073 	 Training loss: 0.14339271008968354
[2024-12-25 06:37:16,627] INFO: Iter 9600 Summary: 
[2024-12-25 06:37:16,627] INFO: 	 lr: 0.00030000000000000073 	 Training loss: 0.1425793007016182
[2024-12-25 06:37:24,389] INFO: Iter 9700 Summary: 
[2024-12-25 06:37:24,389] INFO: 	 lr: 0.00030000000000000073 	 Training loss: 0.14342996299266816
[2024-12-25 06:37:31,159] INFO: Iter 9800 Summary: 
[2024-12-25 06:37:31,159] INFO: 	 lr: 0.00030000000000000073 	 Training loss: 0.14338139727711677
[2024-12-25 06:37:37,853] INFO: Iter 9900 Summary: 
[2024-12-25 06:37:37,853] INFO: 	 lr: 0.00030000000000000073 	 Training loss: 0.1421896855533123
[2024-12-25 06:37:44,503] INFO: Iter 10000 Summary: 
[2024-12-25 06:37:44,503] INFO: 	 lr: 0.00030000000000000073 	 Training loss: 0.1429065692424774
[2024-12-25 06:37:52,972] INFO: Iter 10100 Summary: 
[2024-12-25 06:37:52,972] INFO: 	 lr: 0.00030000000000000073 	 Training loss: 0.14205229729413987
[2024-12-25 06:37:59,654] INFO: Iter 10200 Summary: 
[2024-12-25 06:37:59,655] INFO: 	 lr: 0.00030000000000000073 	 Training loss: 0.14176687464118004
[2024-12-25 06:38:06,493] INFO: Iter 10300 Summary: 
[2024-12-25 06:38:06,493] INFO: 	 lr: 0.00030000000000000073 	 Training loss: 0.14210074231028558
[2024-12-25 06:38:14,571] INFO: Iter 10400 Summary: 
[2024-12-25 06:38:14,571] INFO: 	 lr: 0.00030000000000000073 	 Training loss: 0.14145365104079247
[2024-12-25 06:38:21,260] INFO: Iter 10500 Summary: 
[2024-12-25 06:38:21,261] INFO: 	 lr: 0.00030000000000000073 	 Training loss: 0.1418654714524746
[2024-12-25 06:38:27,857] INFO: Iter 10600 Summary: 
[2024-12-25 06:38:27,857] INFO: 	 lr: 0.00030000000000000073 	 Training loss: 0.14139750227332115
[2024-12-25 06:38:34,570] INFO: Iter 10700 Summary: 
[2024-12-25 06:38:34,570] INFO: 	 lr: 0.00030000000000000073 	 Training loss: 0.14157008439302443
[2024-12-25 06:38:41,325] INFO: Iter 10800 Summary: 
[2024-12-25 06:38:41,326] INFO: 	 lr: 0.00030000000000000073 	 Training loss: 0.14115998908877372
[2024-12-25 06:38:47,688] INFO: Iter 10900 Summary: 
[2024-12-25 06:38:47,688] INFO: 	 lr: 0.00030000000000000073 	 Training loss: 0.14063435703516006
[2024-12-25 06:38:55,667] INFO: Iter 11000 Summary: 
[2024-12-25 06:38:55,667] INFO: 	 lr: 0.00030000000000000073 	 Training loss: 0.14050065219402313
[2024-12-25 06:39:02,404] INFO: Iter 11100 Summary: 
[2024-12-25 06:39:02,404] INFO: 	 lr: 0.00030000000000000073 	 Training loss: 0.1403426118195057
[2024-12-25 06:39:09,042] INFO: Iter 11200 Summary: 
[2024-12-25 06:39:09,042] INFO: 	 lr: 0.00030000000000000073 	 Training loss: 0.14085718512535095
[2024-12-25 06:39:15,788] INFO: Iter 11300 Summary: 
[2024-12-25 06:39:15,788] INFO: 	 lr: 0.00030000000000000073 	 Training loss: 0.14096487760543824
[2024-12-25 06:39:22,363] INFO: Iter 11400 Summary: 
[2024-12-25 06:39:22,363] INFO: 	 lr: 0.00030000000000000073 	 Training loss: 0.14006226792931556
[2024-12-25 06:39:29,172] INFO: Iter 11500 Summary: 
[2024-12-25 06:39:29,172] INFO: 	 lr: 0.00030000000000000073 	 Training loss: 0.13932343170046807
[2024-12-25 06:39:37,217] INFO: Iter 11600 Summary: 
[2024-12-25 06:39:37,218] INFO: 	 lr: 0.00030000000000000073 	 Training loss: 0.13920899614691734
[2024-12-25 06:39:43,928] INFO: Iter 11700 Summary: 
[2024-12-25 06:39:43,928] INFO: 	 lr: 0.00030000000000000073 	 Training loss: 0.1395873571932316
[2024-12-25 06:39:50,737] INFO: Iter 11800 Summary: 
[2024-12-25 06:39:50,737] INFO: 	 lr: 0.00030000000000000073 	 Training loss: 0.13914294555783271
[2024-12-25 06:39:57,393] INFO: Iter 11900 Summary: 
[2024-12-25 06:39:57,393] INFO: 	 lr: 0.00030000000000000073 	 Training loss: 0.13965021803975106
[2024-12-25 06:40:04,112] INFO: Iter 12000 Summary: 
[2024-12-25 06:40:04,113] INFO: 	 lr: 0.00030000000000000073 	 Training loss: 0.13864109329879284
[2024-12-25 06:40:13,065] INFO: Iter 12100 Summary: 
[2024-12-25 06:40:13,065] INFO: 	 lr: 0.00030000000000000073 	 Training loss: 0.13822565212845803
[2024-12-25 06:40:21,206] INFO: Iter 12200 Summary: 
[2024-12-25 06:40:21,206] INFO: 	 lr: 0.00030000000000000073 	 Training loss: 0.13835778713226318
[2024-12-25 06:40:27,895] INFO: Iter 12300 Summary: 
[2024-12-25 06:40:27,895] INFO: 	 lr: 0.00030000000000000073 	 Training loss: 0.13818486541509628
[2024-12-25 06:40:34,676] INFO: Iter 12400 Summary: 
[2024-12-25 06:40:34,676] INFO: 	 lr: 0.00030000000000000073 	 Training loss: 0.1383418220281601
[2024-12-25 06:40:41,460] INFO: Iter 12500 Summary: 
[2024-12-25 06:40:41,460] INFO: 	 lr: 0.00030000000000000073 	 Training loss: 0.1370469531416893
[2024-12-25 06:40:48,133] INFO: Iter 12600 Summary: 
[2024-12-25 06:40:48,133] INFO: 	 lr: 0.00030000000000000073 	 Training loss: 0.13775164723396302
[2024-12-25 06:40:54,781] INFO: Iter 12700 Summary: 
[2024-12-25 06:40:54,782] INFO: 	 lr: 0.00030000000000000073 	 Training loss: 0.13691796720027924
[2024-12-25 06:41:02,771] INFO: Iter 12800 Summary: 
[2024-12-25 06:41:02,771] INFO: 	 lr: 0.00030000000000000073 	 Training loss: 0.13667153030633927
[2024-12-25 06:41:09,416] INFO: Iter 12900 Summary: 
[2024-12-25 06:41:09,416] INFO: 	 lr: 0.00030000000000000073 	 Training loss: 0.1371593204140663
[2024-12-25 06:41:16,130] INFO: Iter 13000 Summary: 
[2024-12-25 06:41:16,131] INFO: 	 lr: 0.00030000000000000073 	 Training loss: 0.1361757807433605
[2024-12-25 06:41:22,989] INFO: Iter 13100 Summary: 
[2024-12-25 06:41:22,989] INFO: 	 lr: 0.00030000000000000073 	 Training loss: 0.13628871217370034
[2024-12-25 06:41:29,546] INFO: Iter 13200 Summary: 
[2024-12-25 06:41:29,546] INFO: 	 lr: 0.00030000000000000073 	 Training loss: 0.1361694811284542
[2024-12-25 06:41:36,182] INFO: Iter 13300 Summary: 
[2024-12-25 06:41:36,182] INFO: 	 lr: 0.00030000000000000073 	 Training loss: 0.136264950633049
[2024-12-25 06:41:44,211] INFO: Iter 13400 Summary: 
[2024-12-25 06:41:44,212] INFO: 	 lr: 0.00030000000000000073 	 Training loss: 0.13542000949382782
[2024-12-25 06:41:50,962] INFO: Iter 13500 Summary: 
[2024-12-25 06:41:50,962] INFO: 	 lr: 0.00030000000000000073 	 Training loss: 0.13533614441752434
[2024-12-25 06:41:57,408] INFO: Iter 13600 Summary: 
[2024-12-25 06:41:57,408] INFO: 	 lr: 0.00030000000000000073 	 Training loss: 0.13444862857460976
[2024-12-25 06:42:04,179] INFO: Iter 13700 Summary: 
[2024-12-25 06:42:04,179] INFO: 	 lr: 0.00030000000000000073 	 Training loss: 0.1342801831662655
[2024-12-25 06:42:10,862] INFO: Iter 13800 Summary: 
[2024-12-25 06:42:10,862] INFO: 	 lr: 0.00030000000000000073 	 Training loss: 0.13497388765215873
[2024-12-25 06:42:17,491] INFO: Iter 13900 Summary: 
[2024-12-25 06:42:17,491] INFO: 	 lr: 0.00030000000000000073 	 Training loss: 0.1340980491787195
[2024-12-25 06:42:25,432] INFO: Iter 14000 Summary: 
[2024-12-25 06:42:25,433] INFO: 	 lr: 0.00030000000000000073 	 Training loss: 0.1333176375180483
[2024-12-25 06:42:34,119] INFO: Iter 14100 Summary: 
[2024-12-25 06:42:34,119] INFO: 	 lr: 0.00030000000000000073 	 Training loss: 0.1330483577400446
[2024-12-25 06:42:40,644] INFO: Iter 14200 Summary: 
[2024-12-25 06:42:40,644] INFO: 	 lr: 0.00030000000000000073 	 Training loss: 0.1328878892958164
[2024-12-25 06:42:47,277] INFO: Iter 14300 Summary: 
[2024-12-25 06:42:47,277] INFO: 	 lr: 0.00030000000000000073 	 Training loss: 0.13372794672846794
[2024-12-25 06:42:53,712] INFO: Iter 14400 Summary: 
[2024-12-25 06:42:53,712] INFO: 	 lr: 0.00030000000000000073 	 Training loss: 0.1326692470163107
[2024-12-25 06:43:00,353] INFO: Iter 14500 Summary: 
[2024-12-25 06:43:00,353] INFO: 	 lr: 0.00030000000000000073 	 Training loss: 0.13231547117233278
[2024-12-25 06:43:08,443] INFO: Iter 14600 Summary: 
[2024-12-25 06:43:08,443] INFO: 	 lr: 0.00030000000000000073 	 Training loss: 0.13279186882078647
[2024-12-25 06:43:15,071] INFO: Iter 14700 Summary: 
[2024-12-25 06:43:15,071] INFO: 	 lr: 0.00030000000000000073 	 Training loss: 0.1318667195737362
[2024-12-25 06:43:21,689] INFO: Iter 14800 Summary: 
[2024-12-25 06:43:21,689] INFO: 	 lr: 0.00030000000000000073 	 Training loss: 0.13169554010033607
[2024-12-25 06:43:28,306] INFO: Iter 14900 Summary: 
[2024-12-25 06:43:28,306] INFO: 	 lr: 0.00030000000000000073 	 Training loss: 0.13106864407658578
[2024-12-25 06:43:35,127] INFO: Iter 15000 Summary: 
[2024-12-25 06:43:35,128] INFO: 	 lr: 0.00030000000000000073 	 Training loss: 0.13068646036088466
[2024-12-25 06:43:41,774] INFO: Iter 15100 Summary: 
[2024-12-25 06:43:41,774] INFO: 	 lr: 0.00030000000000000073 	 Training loss: 0.13066194765269756
[2024-12-25 06:43:49,824] INFO: Iter 15200 Summary: 
[2024-12-25 06:43:49,824] INFO: 	 lr: 0.00030000000000000073 	 Training loss: 0.13001774981617928
[2024-12-25 06:43:56,424] INFO: Iter 15300 Summary: 
[2024-12-25 06:43:56,424] INFO: 	 lr: 0.00030000000000000073 	 Training loss: 0.13009942196309565
[2024-12-25 06:44:03,050] INFO: Iter 15400 Summary: 
[2024-12-25 06:44:03,050] INFO: 	 lr: 0.00030000000000000073 	 Training loss: 0.1292816488444805
[2024-12-25 06:44:09,761] INFO: Iter 15500 Summary: 
[2024-12-25 06:44:09,761] INFO: 	 lr: 0.00030000000000000073 	 Training loss: 0.12980343416333198
[2024-12-25 06:44:16,230] INFO: Iter 15600 Summary: 
[2024-12-25 06:44:16,230] INFO: 	 lr: 0.00030000000000000073 	 Training loss: 0.12919845700263977
[2024-12-25 06:44:22,852] INFO: Iter 15700 Summary: 
[2024-12-25 06:44:22,852] INFO: 	 lr: 0.00030000000000000073 	 Training loss: 0.12881903424859048
[2024-12-25 06:44:31,133] INFO: Iter 15800 Summary: 
[2024-12-25 06:44:31,133] INFO: 	 lr: 0.00030000000000000073 	 Training loss: 0.12814829185605048
[2024-12-25 06:44:37,790] INFO: Iter 15900 Summary: 
[2024-12-25 06:44:37,790] INFO: 	 lr: 0.00030000000000000073 	 Training loss: 0.12800613135099412
[2024-12-25 06:44:44,432] INFO: Iter 16000 Summary: 
[2024-12-25 06:44:44,433] INFO: 	 lr: 0.00030000000000000073 	 Training loss: 0.12864733867347242
[2024-12-25 06:44:52,978] INFO: Iter 16100 Summary: 
[2024-12-25 06:44:52,978] INFO: 	 lr: 0.00030000000000000073 	 Training loss: 0.12748004093766213
[2024-12-25 06:44:59,466] INFO: Iter 16200 Summary: 
[2024-12-25 06:44:59,466] INFO: 	 lr: 0.00030000000000000073 	 Training loss: 0.12787285089492798
[2024-12-25 06:45:05,977] INFO: Iter 16300 Summary: 
[2024-12-25 06:45:05,977] INFO: 	 lr: 0.00030000000000000073 	 Training loss: 0.1274527157843113
[2024-12-25 06:45:14,046] INFO: Iter 16400 Summary: 
[2024-12-25 06:45:14,046] INFO: 	 lr: 0.00030000000000000073 	 Training loss: 0.12675113536417484
[2024-12-25 06:45:20,738] INFO: Iter 16500 Summary: 
[2024-12-25 06:45:20,738] INFO: 	 lr: 0.00030000000000000073 	 Training loss: 0.12590407140552998
[2024-12-25 06:45:27,431] INFO: Iter 16600 Summary: 
[2024-12-25 06:45:27,431] INFO: 	 lr: 0.00030000000000000073 	 Training loss: 0.12632499650120735
[2024-12-25 06:45:34,215] INFO: Iter 16700 Summary: 
[2024-12-25 06:45:34,215] INFO: 	 lr: 0.00030000000000000073 	 Training loss: 0.12566904604434967
[2024-12-25 06:45:40,844] INFO: Iter 16800 Summary: 
[2024-12-25 06:45:40,844] INFO: 	 lr: 0.00030000000000000073 	 Training loss: 0.12564113460481166
[2024-12-25 06:45:47,463] INFO: Iter 16900 Summary: 
[2024-12-25 06:45:47,463] INFO: 	 lr: 0.00030000000000000073 	 Training loss: 0.12538061201572417
[2024-12-25 06:45:55,657] INFO: Iter 17000 Summary: 
[2024-12-25 06:45:55,658] INFO: 	 lr: 0.00030000000000000073 	 Training loss: 0.12589662469923496
[2024-12-25 06:46:02,410] INFO: Iter 17100 Summary: 
[2024-12-25 06:46:02,410] INFO: 	 lr: 0.00030000000000000073 	 Training loss: 0.1248016132414341
[2024-12-25 06:46:09,109] INFO: Iter 17200 Summary: 
[2024-12-25 06:46:09,109] INFO: 	 lr: 0.00030000000000000073 	 Training loss: 0.12414637796580791
[2024-12-25 06:46:15,751] INFO: Iter 17300 Summary: 
[2024-12-25 06:46:15,751] INFO: 	 lr: 0.00030000000000000073 	 Training loss: 0.12456350579857826
[2024-12-25 06:46:22,053] INFO: Iter 17400 Summary: 
[2024-12-25 06:46:22,053] INFO: 	 lr: 0.00030000000000000073 	 Training loss: 0.12429928153753281
[2024-12-25 06:46:28,709] INFO: Iter 17500 Summary: 
[2024-12-25 06:46:28,709] INFO: 	 lr: 0.00030000000000000073 	 Training loss: 0.12410409547388554
[2024-12-25 06:46:36,499] INFO: Iter 17600 Summary: 
[2024-12-25 06:46:36,499] INFO: 	 lr: 0.00030000000000000073 	 Training loss: 0.12342016145586968
[2024-12-25 06:46:43,077] INFO: Iter 17700 Summary: 
[2024-12-25 06:46:43,077] INFO: 	 lr: 0.00030000000000000073 	 Training loss: 0.12333040736615658
[2024-12-25 06:46:49,711] INFO: Iter 17800 Summary: 
[2024-12-25 06:46:49,711] INFO: 	 lr: 0.00030000000000000073 	 Training loss: 0.12332327738404274
[2024-12-25 06:46:56,369] INFO: Iter 17900 Summary: 
[2024-12-25 06:46:56,369] INFO: 	 lr: 0.00030000000000000073 	 Training loss: 0.12256739750504493
[2024-12-25 06:47:03,104] INFO: Iter 18000 Summary: 
[2024-12-25 06:47:03,104] INFO: 	 lr: 0.00030000000000000073 	 Training loss: 0.12270313426852227
[2024-12-25 06:47:12,161] INFO: Iter 18100 Summary: 
[2024-12-25 06:47:12,161] INFO: 	 lr: 0.00030000000000000073 	 Training loss: 0.12179042980074882
[2024-12-25 06:47:20,349] INFO: Iter 18200 Summary: 
[2024-12-25 06:47:20,349] INFO: 	 lr: 0.00030000000000000073 	 Training loss: 0.12209190644323825
[2024-12-25 06:47:26,995] INFO: Iter 18300 Summary: 
[2024-12-25 06:47:26,995] INFO: 	 lr: 0.00030000000000000073 	 Training loss: 0.12140677466988564
[2024-12-25 06:47:33,591] INFO: Iter 18400 Summary: 
[2024-12-25 06:47:33,591] INFO: 	 lr: 0.00030000000000000073 	 Training loss: 0.12207110896706581
[2024-12-25 06:47:40,196] INFO: Iter 18500 Summary: 
[2024-12-25 06:47:40,197] INFO: 	 lr: 0.00030000000000000073 	 Training loss: 0.12141727656126022
[2024-12-25 06:47:46,876] INFO: Iter 18600 Summary: 
[2024-12-25 06:47:46,876] INFO: 	 lr: 0.00030000000000000073 	 Training loss: 0.12110422551631927
[2024-12-25 06:47:53,511] INFO: Iter 18700 Summary: 
[2024-12-25 06:47:53,511] INFO: 	 lr: 0.00030000000000000073 	 Training loss: 0.1203917395323515
[2024-12-25 06:48:01,473] INFO: Iter 18800 Summary: 
[2024-12-25 06:48:01,474] INFO: 	 lr: 0.00030000000000000073 	 Training loss: 0.12038612850010395
[2024-12-25 06:48:08,117] INFO: Iter 18900 Summary: 
[2024-12-25 06:48:08,117] INFO: 	 lr: 0.00030000000000000073 	 Training loss: 0.11994130671024322
[2024-12-25 06:48:14,795] INFO: Iter 19000 Summary: 
[2024-12-25 06:48:14,795] INFO: 	 lr: 0.00030000000000000073 	 Training loss: 0.11984741881489754
[2024-12-25 06:48:21,470] INFO: Iter 19100 Summary: 
[2024-12-25 06:48:21,470] INFO: 	 lr: 0.00030000000000000073 	 Training loss: 0.12046836279332637
[2024-12-25 06:48:28,203] INFO: Iter 19200 Summary: 
[2024-12-25 06:48:28,203] INFO: 	 lr: 0.00030000000000000073 	 Training loss: 0.1196590156108141
[2024-12-25 06:48:35,046] INFO: Iter 19300 Summary: 
[2024-12-25 06:48:35,046] INFO: 	 lr: 0.00030000000000000073 	 Training loss: 0.11906008698046207
[2024-12-25 06:48:43,173] INFO: Iter 19400 Summary: 
[2024-12-25 06:48:43,173] INFO: 	 lr: 0.00030000000000000073 	 Training loss: 0.11935179345309735
[2024-12-25 06:48:49,840] INFO: Iter 19500 Summary: 
[2024-12-25 06:48:49,840] INFO: 	 lr: 0.00030000000000000073 	 Training loss: 0.11844813413918018
[2024-12-25 06:48:56,219] INFO: Iter 19600 Summary: 
[2024-12-25 06:48:56,219] INFO: 	 lr: 0.00030000000000000073 	 Training loss: 0.11920835092663765
[2024-12-25 06:49:02,844] INFO: Iter 19700 Summary: 
[2024-12-25 06:49:02,844] INFO: 	 lr: 0.00030000000000000073 	 Training loss: 0.11856182977557182
[2024-12-25 06:49:09,542] INFO: Iter 19800 Summary: 
[2024-12-25 06:49:09,543] INFO: 	 lr: 0.00030000000000000073 	 Training loss: 0.1185247927904129
[2024-12-25 06:49:16,249] INFO: Iter 19900 Summary: 
[2024-12-25 06:49:16,249] INFO: 	 lr: 0.00030000000000000073 	 Training loss: 0.11839718014001846
[2024-12-25 06:49:23,456] INFO: Iter 20000 Summary: 
[2024-12-25 06:49:23,456] INFO: 	 lr: 0.00030000000000000073 	 Training loss: 0.11749346360564232
[2024-12-25 06:49:32,452] INFO: Iter 20100 Summary: 
[2024-12-25 06:49:32,452] INFO: 	 lr: 0.00030000000000000073 	 Training loss: 0.11719923831522465
[2024-12-25 06:49:39,115] INFO: Iter 20200 Summary: 
[2024-12-25 06:49:39,116] INFO: 	 lr: 0.00030000000000000073 	 Training loss: 0.11736591316759587
[2024-12-25 06:49:45,877] INFO: Iter 20300 Summary: 
[2024-12-25 06:49:45,877] INFO: 	 lr: 0.00030000000000000073 	 Training loss: 0.11752731785178185
[2024-12-25 06:49:52,593] INFO: Iter 20400 Summary: 
[2024-12-25 06:49:52,593] INFO: 	 lr: 0.00030000000000000073 	 Training loss: 0.11732271403074264
[2024-12-25 06:49:59,254] INFO: Iter 20500 Summary: 
[2024-12-25 06:49:59,254] INFO: 	 lr: 0.00030000000000000073 	 Training loss: 0.11665000669658183
[2024-12-25 06:50:05,939] INFO: Iter 20600 Summary: 
[2024-12-25 06:50:05,940] INFO: 	 lr: 0.00030000000000000073 	 Training loss: 0.11641051732003689
[2024-12-25 06:50:13,942] INFO: Iter 20700 Summary: 
[2024-12-25 06:50:13,943] INFO: 	 lr: 0.00030000000000000073 	 Training loss: 0.11557858496904373
[2024-12-25 06:50:20,562] INFO: Iter 20800 Summary: 
[2024-12-25 06:50:20,563] INFO: 	 lr: 0.00030000000000000073 	 Training loss: 0.11615131497383117
[2024-12-25 06:50:27,207] INFO: Iter 20900 Summary: 
[2024-12-25 06:50:27,207] INFO: 	 lr: 0.00030000000000000073 	 Training loss: 0.11620551988482475
[2024-12-25 06:50:33,914] INFO: Iter 21000 Summary: 
[2024-12-25 06:50:33,915] INFO: 	 lr: 0.00030000000000000073 	 Training loss: 0.11595902264118195
[2024-12-25 06:50:40,605] INFO: Iter 21100 Summary: 
[2024-12-25 06:50:40,605] INFO: 	 lr: 0.00030000000000000073 	 Training loss: 0.11568909838795662
[2024-12-25 06:50:47,553] INFO: Iter 21200 Summary: 
[2024-12-25 06:50:47,554] INFO: 	 lr: 0.00030000000000000073 	 Training loss: 0.11620935715734959
[2024-12-25 06:50:56,121] INFO: Iter 21300 Summary: 
[2024-12-25 06:50:56,121] INFO: 	 lr: 0.00030000000000000073 	 Training loss: 0.11511359557509422
[2024-12-25 06:51:02,895] INFO: Iter 21400 Summary: 
[2024-12-25 06:51:02,895] INFO: 	 lr: 0.00030000000000000073 	 Training loss: 0.11492839641869068
[2024-12-25 06:51:09,538] INFO: Iter 21500 Summary: 
[2024-12-25 06:51:09,538] INFO: 	 lr: 0.00030000000000000073 	 Training loss: 0.11473757110536098
[2024-12-25 06:51:16,195] INFO: Iter 21600 Summary: 
[2024-12-25 06:51:16,195] INFO: 	 lr: 0.00030000000000000073 	 Training loss: 0.11484813362360001
[2024-12-25 06:51:22,833] INFO: Iter 21700 Summary: 
[2024-12-25 06:51:22,833] INFO: 	 lr: 0.00030000000000000073 	 Training loss: 0.11480786502361298
[2024-12-25 06:51:29,466] INFO: Iter 21800 Summary: 
[2024-12-25 06:51:29,466] INFO: 	 lr: 0.00030000000000000073 	 Training loss: 0.11459261566400528
[2024-12-25 06:51:37,573] INFO: Iter 21900 Summary: 
[2024-12-25 06:51:37,573] INFO: 	 lr: 0.00030000000000000073 	 Training loss: 0.11384670823812484
[2024-12-25 06:51:44,388] INFO: Iter 22000 Summary: 
[2024-12-25 06:51:44,388] INFO: 	 lr: 0.00030000000000000073 	 Training loss: 0.11422395333647728
[2024-12-25 06:51:52,940] INFO: Iter 22100 Summary: 
[2024-12-25 06:51:52,940] INFO: 	 lr: 0.00030000000000000073 	 Training loss: 0.11408042535185814
[2024-12-25 06:51:59,589] INFO: Iter 22200 Summary: 
[2024-12-25 06:51:59,589] INFO: 	 lr: 0.00030000000000000073 	 Training loss: 0.11367126293480397
[2024-12-25 06:52:06,229] INFO: Iter 22300 Summary: 
[2024-12-25 06:52:06,229] INFO: 	 lr: 0.00030000000000000073 	 Training loss: 0.11375304855406285
[2024-12-25 06:52:12,906] INFO: Iter 22400 Summary: 
[2024-12-25 06:52:12,906] INFO: 	 lr: 0.00030000000000000073 	 Training loss: 0.1133416672050953
[2024-12-25 06:52:20,790] INFO: Iter 22500 Summary: 
[2024-12-25 06:52:20,790] INFO: 	 lr: 0.00030000000000000073 	 Training loss: 0.1125196474045515
[2024-12-25 06:52:27,596] INFO: Iter 22600 Summary: 
[2024-12-25 06:52:27,597] INFO: 	 lr: 0.00030000000000000073 	 Training loss: 0.11360632508993149
[2024-12-25 06:52:34,243] INFO: Iter 22700 Summary: 
[2024-12-25 06:52:34,244] INFO: 	 lr: 0.00030000000000000073 	 Training loss: 0.11275711692869664
[2024-12-25 06:52:40,896] INFO: Iter 22800 Summary: 
[2024-12-25 06:52:40,896] INFO: 	 lr: 0.00030000000000000073 	 Training loss: 0.1129202125966549
[2024-12-25 06:52:47,529] INFO: Iter 22900 Summary: 
[2024-12-25 06:52:47,529] INFO: 	 lr: 0.00030000000000000073 	 Training loss: 0.11261893883347511
[2024-12-25 06:52:54,167] INFO: Iter 23000 Summary: 
[2024-12-25 06:52:54,167] INFO: 	 lr: 0.00030000000000000073 	 Training loss: 0.11241107977926731
[2024-12-25 06:53:02,157] INFO: Iter 23100 Summary: 
[2024-12-25 06:53:02,158] INFO: 	 lr: 0.00030000000000000073 	 Training loss: 0.11222935438156129
[2024-12-25 06:53:08,795] INFO: Iter 23200 Summary: 
[2024-12-25 06:53:08,795] INFO: 	 lr: 0.00030000000000000073 	 Training loss: 0.11142479054629803
[2024-12-25 06:53:15,445] INFO: Iter 23300 Summary: 
[2024-12-25 06:53:15,445] INFO: 	 lr: 0.00030000000000000073 	 Training loss: 0.11157245121896267
[2024-12-25 06:53:22,214] INFO: Iter 23400 Summary: 
[2024-12-25 06:53:22,214] INFO: 	 lr: 0.00030000000000000073 	 Training loss: 0.11200303219258785
[2024-12-25 06:53:28,947] INFO: Iter 23500 Summary: 
[2024-12-25 06:53:28,948] INFO: 	 lr: 0.00030000000000000073 	 Training loss: 0.11197016894817352
[2024-12-25 06:53:35,654] INFO: Iter 23600 Summary: 
[2024-12-25 06:53:35,654] INFO: 	 lr: 0.00030000000000000073 	 Training loss: 0.11136101014912128
[2024-12-25 06:53:43,908] INFO: Iter 23700 Summary: 
[2024-12-25 06:53:43,909] INFO: 	 lr: 0.00030000000000000073 	 Training loss: 0.11115131996572018
[2024-12-25 06:53:50,561] INFO: Iter 23800 Summary: 
[2024-12-25 06:53:50,561] INFO: 	 lr: 0.00030000000000000073 	 Training loss: 0.11107193574309349
[2024-12-25 06:53:57,194] INFO: Iter 23900 Summary: 
[2024-12-25 06:53:57,194] INFO: 	 lr: 0.00030000000000000073 	 Training loss: 0.11049553722143174
[2024-12-25 06:54:03,825] INFO: Iter 24000 Summary: 
[2024-12-25 06:54:03,825] INFO: 	 lr: 0.00030000000000000073 	 Training loss: 0.11095891691744328
[2024-12-25 06:54:12,493] INFO: Iter 24100 Summary: 
[2024-12-25 06:54:12,493] INFO: 	 lr: 0.00030000000000000073 	 Training loss: 0.11109433293342591
[2024-12-25 06:54:19,307] INFO: Iter 24200 Summary: 
[2024-12-25 06:54:19,307] INFO: 	 lr: 0.00030000000000000073 	 Training loss: 0.1109025600552559
[2024-12-25 06:54:27,475] INFO: Iter 24300 Summary: 
[2024-12-25 06:54:27,475] INFO: 	 lr: 0.00030000000000000073 	 Training loss: 0.11031249172985554
[2024-12-25 06:54:34,091] INFO: Iter 24400 Summary: 
[2024-12-25 06:54:34,091] INFO: 	 lr: 0.00030000000000000073 	 Training loss: 0.11037304028868675
[2024-12-25 06:54:40,868] INFO: Iter 24500 Summary: 
[2024-12-25 06:54:40,868] INFO: 	 lr: 0.00030000000000000073 	 Training loss: 0.1099945317953825
[2024-12-25 06:54:47,585] INFO: Iter 24600 Summary: 
[2024-12-25 06:54:47,585] INFO: 	 lr: 0.00030000000000000073 	 Training loss: 0.11003358013927937
[2024-12-25 06:54:54,353] INFO: Iter 24700 Summary: 
[2024-12-25 06:54:54,354] INFO: 	 lr: 0.00030000000000000073 	 Training loss: 0.10968288742005824
[2024-12-25 06:55:01,169] INFO: Iter 24800 Summary: 
[2024-12-25 06:55:01,169] INFO: 	 lr: 0.00030000000000000073 	 Training loss: 0.10932376556098461
[2024-12-25 06:55:09,270] INFO: Iter 24900 Summary: 
[2024-12-25 06:55:09,270] INFO: 	 lr: 0.00030000000000000073 	 Training loss: 0.10927431643009186
[2024-12-25 06:55:15,927] INFO: Iter 25000 Summary: 
[2024-12-25 06:55:15,927] INFO: 	 lr: 0.00030000000000000073 	 Training loss: 0.10957884237170219
[2024-12-25 06:55:22,678] INFO: Iter 25100 Summary: 
[2024-12-25 06:55:22,678] INFO: 	 lr: 0.00030000000000000073 	 Training loss: 0.10923029705882073
[2024-12-25 06:55:29,403] INFO: Iter 25200 Summary: 
[2024-12-25 06:55:29,403] INFO: 	 lr: 0.00030000000000000073 	 Training loss: 0.10915570117533208
[2024-12-25 06:55:36,066] INFO: Iter 25300 Summary: 
[2024-12-25 06:55:36,066] INFO: 	 lr: 0.00030000000000000073 	 Training loss: 0.10924399100244045
[2024-12-25 06:55:42,735] INFO: Iter 25400 Summary: 
[2024-12-25 06:55:42,735] INFO: 	 lr: 0.00030000000000000073 	 Training loss: 0.10871717371046544
[2024-12-25 06:55:50,745] INFO: Iter 25500 Summary: 
[2024-12-25 06:55:50,746] INFO: 	 lr: 0.00030000000000000073 	 Training loss: 0.10912682227790356
[2024-12-25 06:55:57,419] INFO: Iter 25600 Summary: 
[2024-12-25 06:55:57,419] INFO: 	 lr: 0.00030000000000000073 	 Training loss: 0.10857637286186218
[2024-12-25 06:56:04,287] INFO: Iter 25700 Summary: 
[2024-12-25 06:56:04,287] INFO: 	 lr: 0.00030000000000000073 	 Training loss: 0.10850221402943135
[2024-12-25 06:56:10,888] INFO: Iter 25800 Summary: 
[2024-12-25 06:56:10,888] INFO: 	 lr: 0.00030000000000000073 	 Training loss: 0.10858580857515335
[2024-12-25 06:56:17,554] INFO: Iter 25900 Summary: 
[2024-12-25 06:56:17,554] INFO: 	 lr: 0.00030000000000000073 	 Training loss: 0.1082910294830799
[2024-12-25 06:56:24,240] INFO: Iter 26000 Summary: 
[2024-12-25 06:56:24,241] INFO: 	 lr: 0.00030000000000000073 	 Training loss: 0.10837073192000389
[2024-12-25 06:56:34,471] INFO: Iter 26100 Summary: 
[2024-12-25 06:56:34,472] INFO: 	 lr: 0.00030000000000000073 	 Training loss: 0.10771289482712745
[2024-12-25 06:56:41,243] INFO: Iter 26200 Summary: 
[2024-12-25 06:56:41,243] INFO: 	 lr: 0.00030000000000000073 	 Training loss: 0.10764550291001797
[2024-12-25 06:56:47,881] INFO: Iter 26300 Summary: 
[2024-12-25 06:56:47,881] INFO: 	 lr: 0.00030000000000000073 	 Training loss: 0.10737264692783356
[2024-12-25 06:56:54,532] INFO: Iter 26400 Summary: 
[2024-12-25 06:56:54,533] INFO: 	 lr: 0.00030000000000000073 	 Training loss: 0.10799934290349483
[2024-12-25 06:57:01,166] INFO: Iter 26500 Summary: 
[2024-12-25 06:57:01,166] INFO: 	 lr: 0.00030000000000000073 	 Training loss: 0.1077354097366333
[2024-12-25 06:57:07,779] INFO: Iter 26600 Summary: 
[2024-12-25 06:57:07,779] INFO: 	 lr: 0.00030000000000000073 	 Training loss: 0.10705587111413478
[2024-12-25 06:57:15,913] INFO: Iter 26700 Summary: 
[2024-12-25 06:57:15,914] INFO: 	 lr: 0.00030000000000000073 	 Training loss: 0.1072019337117672
[2024-12-25 06:57:22,560] INFO: Iter 26800 Summary: 
[2024-12-25 06:57:22,561] INFO: 	 lr: 0.00030000000000000073 	 Training loss: 0.10646873258054257
[2024-12-25 06:57:29,567] INFO: Iter 26900 Summary: 
[2024-12-25 06:57:29,567] INFO: 	 lr: 0.00030000000000000073 	 Training loss: 0.10686048880219459
[2024-12-25 06:57:36,500] INFO: Iter 27000 Summary: 
[2024-12-25 06:57:36,500] INFO: 	 lr: 0.00030000000000000073 	 Training loss: 0.10722922816872597
[2024-12-25 06:57:43,129] INFO: Iter 27100 Summary: 
[2024-12-25 06:57:43,129] INFO: 	 lr: 0.00030000000000000073 	 Training loss: 0.10721765272319317
[2024-12-25 06:57:49,794] INFO: Iter 27200 Summary: 
[2024-12-25 06:57:49,794] INFO: 	 lr: 0.00030000000000000073 	 Training loss: 0.10701188683509827
[2024-12-25 06:57:58,114] INFO: Iter 27300 Summary: 
[2024-12-25 06:57:58,114] INFO: 	 lr: 0.00030000000000000073 	 Training loss: 0.10699520714581012
[2024-12-25 06:58:04,762] INFO: Iter 27400 Summary: 
[2024-12-25 06:58:04,762] INFO: 	 lr: 0.00030000000000000073 	 Training loss: 0.10636178851127624
[2024-12-25 06:58:11,376] INFO: Iter 27500 Summary: 
[2024-12-25 06:58:11,377] INFO: 	 lr: 0.00030000000000000073 	 Training loss: 0.10658029079437256
[2024-12-25 06:58:18,069] INFO: Iter 27600 Summary: 
[2024-12-25 06:58:18,069] INFO: 	 lr: 0.00030000000000000073 	 Training loss: 0.10607039041817189
[2024-12-25 06:58:25,033] INFO: Iter 27700 Summary: 
[2024-12-25 06:58:25,034] INFO: 	 lr: 0.00030000000000000073 	 Training loss: 0.10598514325916768
[2024-12-25 06:58:32,324] INFO: Iter 27800 Summary: 
[2024-12-25 06:58:32,324] INFO: 	 lr: 0.00030000000000000073 	 Training loss: 0.10560538925230503
[2024-12-25 06:58:41,203] INFO: Iter 27900 Summary: 
[2024-12-25 06:58:41,204] INFO: 	 lr: 0.00030000000000000073 	 Training loss: 0.10613344669342041
[2024-12-25 06:58:48,541] INFO: Iter 28000 Summary: 
[2024-12-25 06:58:48,541] INFO: 	 lr: 0.00030000000000000073 	 Training loss: 0.10592306710779667
[2024-12-25 06:58:57,540] INFO: Iter 28100 Summary: 
[2024-12-25 06:58:57,540] INFO: 	 lr: 0.00030000000000000073 	 Training loss: 0.1060129675269127
[2024-12-25 06:59:04,783] INFO: Iter 28200 Summary: 
[2024-12-25 06:59:04,784] INFO: 	 lr: 0.00030000000000000073 	 Training loss: 0.10566273547708988
[2024-12-25 06:59:11,953] INFO: Iter 28300 Summary: 
[2024-12-25 06:59:11,953] INFO: 	 lr: 0.00030000000000000073 	 Training loss: 0.10553507812321186
[2024-12-25 06:59:19,001] INFO: Iter 28400 Summary: 
[2024-12-25 06:59:19,001] INFO: 	 lr: 0.00030000000000000073 	 Training loss: 0.10555697724223137
[2024-12-25 06:59:27,563] INFO: Iter 28500 Summary: 
[2024-12-25 06:59:27,563] INFO: 	 lr: 0.00030000000000000073 	 Training loss: 0.10502596959471702
[2024-12-25 06:59:34,769] INFO: Iter 28600 Summary: 
[2024-12-25 06:59:34,769] INFO: 	 lr: 0.00030000000000000073 	 Training loss: 0.10528838776051998
[2024-12-25 06:59:41,816] INFO: Iter 28700 Summary: 
[2024-12-25 06:59:41,816] INFO: 	 lr: 0.00030000000000000073 	 Training loss: 0.10495835468173027
[2024-12-25 06:59:48,825] INFO: Iter 28800 Summary: 
[2024-12-25 06:59:48,825] INFO: 	 lr: 0.00030000000000000073 	 Training loss: 0.10472280234098434
[2024-12-25 06:59:56,000] INFO: Iter 28900 Summary: 
[2024-12-25 06:59:56,000] INFO: 	 lr: 0.00030000000000000073 	 Training loss: 0.10479614689946175
[2024-12-25 07:00:03,103] INFO: Iter 29000 Summary: 
[2024-12-25 07:00:03,103] INFO: 	 lr: 0.00030000000000000073 	 Training loss: 0.10510552763938903
[2024-12-25 07:00:11,440] INFO: Iter 29100 Summary: 
[2024-12-25 07:00:11,440] INFO: 	 lr: 0.00030000000000000073 	 Training loss: 0.10497150525450706
[2024-12-25 07:00:18,584] INFO: Iter 29200 Summary: 
[2024-12-25 07:00:18,585] INFO: 	 lr: 0.00030000000000000073 	 Training loss: 0.10431042611598969
[2024-12-25 07:00:25,709] INFO: Iter 29300 Summary: 
[2024-12-25 07:00:25,709] INFO: 	 lr: 0.00030000000000000073 	 Training loss: 0.1047819709032774
[2024-12-25 07:00:32,830] INFO: Iter 29400 Summary: 
[2024-12-25 07:00:32,830] INFO: 	 lr: 0.00030000000000000073 	 Training loss: 0.10456954911351204
[2024-12-25 07:00:39,978] INFO: Iter 29500 Summary: 
[2024-12-25 07:00:39,979] INFO: 	 lr: 0.00030000000000000073 	 Training loss: 0.1050049415230751
[2024-12-25 07:00:47,031] INFO: Iter 29600 Summary: 
[2024-12-25 07:00:47,032] INFO: 	 lr: 0.00030000000000000073 	 Training loss: 0.10394716717302799
[2024-12-25 07:00:55,453] INFO: Iter 29700 Summary: 
[2024-12-25 07:00:55,454] INFO: 	 lr: 0.00030000000000000073 	 Training loss: 0.10399921305477619
[2024-12-25 07:01:02,566] INFO: Iter 29800 Summary: 
[2024-12-25 07:01:02,566] INFO: 	 lr: 0.00030000000000000073 	 Training loss: 0.10369305372238159
[2024-12-25 07:01:09,617] INFO: Iter 29900 Summary: 
[2024-12-25 07:01:09,618] INFO: 	 lr: 0.00030000000000000073 	 Training loss: 0.10353017844259739
[2024-12-25 07:01:16,880] INFO: Iter 30000 Summary: 
[2024-12-25 07:01:16,880] INFO: 	 lr: 0.00030000000000000073 	 Training loss: 0.10425197146832943
[2024-12-25 07:01:25,772] INFO: Iter 30100 Summary: 
[2024-12-25 07:01:25,773] INFO: 	 lr: 1.2900000000000026e-05 	 Training loss: 0.10025055237114429
[2024-12-25 07:01:32,840] INFO: Iter 30200 Summary: 
[2024-12-25 07:01:32,840] INFO: 	 lr: 1.000000000000002e-05 	 Training loss: 0.09876414053142071
[2024-12-25 07:01:39,928] INFO: Iter 30300 Summary: 
[2024-12-25 07:01:39,928] INFO: 	 lr: 1.000000000000002e-05 	 Training loss: 0.09776841960847378
[2024-12-25 07:01:48,587] INFO: Iter 30400 Summary: 
[2024-12-25 07:01:48,588] INFO: 	 lr: 1.000000000000002e-05 	 Training loss: 0.09682696186006069
[2024-12-25 07:01:55,738] INFO: Iter 30500 Summary: 
[2024-12-25 07:01:55,738] INFO: 	 lr: 1.000000000000002e-05 	 Training loss: 0.09635325826704502
[2024-12-25 07:02:02,833] INFO: Iter 30600 Summary: 
[2024-12-25 07:02:02,834] INFO: 	 lr: 1.000000000000002e-05 	 Training loss: 0.09642349667847157
[2024-12-25 07:02:10,136] INFO: Iter 30700 Summary: 
[2024-12-25 07:02:10,137] INFO: 	 lr: 1.000000000000002e-05 	 Training loss: 0.09606875725090504
[2024-12-25 07:02:17,172] INFO: Iter 30800 Summary: 
[2024-12-25 07:02:17,172] INFO: 	 lr: 1.000000000000002e-05 	 Training loss: 0.09586637169122696
[2024-12-25 07:02:24,304] INFO: Iter 30900 Summary: 
[2024-12-25 07:02:24,304] INFO: 	 lr: 1.000000000000002e-05 	 Training loss: 0.09605716727674007
[2024-12-25 07:02:32,730] INFO: Iter 31000 Summary: 
[2024-12-25 07:02:32,730] INFO: 	 lr: 1.000000000000002e-05 	 Training loss: 0.09545147083699704
[2024-12-25 07:02:39,841] INFO: Iter 31100 Summary: 
[2024-12-25 07:02:39,841] INFO: 	 lr: 1.000000000000002e-05 	 Training loss: 0.09545682340860367
[2024-12-25 07:02:46,875] INFO: Iter 31200 Summary: 
[2024-12-25 07:02:46,875] INFO: 	 lr: 1.000000000000002e-05 	 Training loss: 0.09504667550325394
[2024-12-25 07:02:53,989] INFO: Iter 31300 Summary: 
[2024-12-25 07:02:53,989] INFO: 	 lr: 1.000000000000002e-05 	 Training loss: 0.09523784570395946
[2024-12-25 07:03:01,182] INFO: Iter 31400 Summary: 
[2024-12-25 07:03:01,183] INFO: 	 lr: 1.000000000000002e-05 	 Training loss: 0.09561169981956481
[2024-12-25 07:03:08,192] INFO: Iter 31500 Summary: 
[2024-12-25 07:03:08,192] INFO: 	 lr: 1.000000000000002e-05 	 Training loss: 0.09515585318207741
[2024-12-25 07:03:16,584] INFO: Iter 31600 Summary: 
[2024-12-25 07:03:16,584] INFO: 	 lr: 1.000000000000002e-05 	 Training loss: 0.0945052433013916
[2024-12-25 07:03:23,940] INFO: Iter 31700 Summary: 
[2024-12-25 07:03:23,940] INFO: 	 lr: 1.000000000000002e-05 	 Training loss: 0.09466496683657169
[2024-12-25 07:03:31,420] INFO: Iter 31800 Summary: 
[2024-12-25 07:03:31,420] INFO: 	 lr: 1.000000000000002e-05 	 Training loss: 0.09501688174903393
[2024-12-25 07:03:38,491] INFO: Iter 31900 Summary: 
[2024-12-25 07:03:38,491] INFO: 	 lr: 1.000000000000002e-05 	 Training loss: 0.09445146195590497
[2024-12-25 07:03:45,636] INFO: Iter 32000 Summary: 
[2024-12-25 07:03:45,636] INFO: 	 lr: 1.000000000000002e-05 	 Training loss: 0.09466806635260581
[2024-12-25 07:03:54,879] INFO: Iter 32100 Summary: 
[2024-12-25 07:03:54,880] INFO: 	 lr: 1.000000000000002e-05 	 Training loss: 0.09460170328617096
[2024-12-25 07:04:03,340] INFO: Iter 32200 Summary: 
[2024-12-25 07:04:03,340] INFO: 	 lr: 1.000000000000002e-05 	 Training loss: 0.09457612402737141
[2024-12-25 07:04:10,472] INFO: Iter 32300 Summary: 
[2024-12-25 07:04:10,472] INFO: 	 lr: 1.000000000000002e-05 	 Training loss: 0.09416453696787358
[2024-12-25 07:04:17,700] INFO: Iter 32400 Summary: 
[2024-12-25 07:04:17,701] INFO: 	 lr: 1.000000000000002e-05 	 Training loss: 0.09427409067749977
[2024-12-25 07:04:24,774] INFO: Iter 32500 Summary: 
[2024-12-25 07:04:24,774] INFO: 	 lr: 1.000000000000002e-05 	 Training loss: 0.09466570876538753
[2024-12-25 07:04:32,132] INFO: Iter 32600 Summary: 
[2024-12-25 07:04:32,132] INFO: 	 lr: 1.000000000000002e-05 	 Training loss: 0.09411752581596375
[2024-12-25 07:04:39,260] INFO: Iter 32700 Summary: 
[2024-12-25 07:04:39,261] INFO: 	 lr: 1.000000000000002e-05 	 Training loss: 0.09398151598870755
[2024-12-25 07:04:47,695] INFO: Iter 32800 Summary: 
[2024-12-25 07:04:47,696] INFO: 	 lr: 1.000000000000002e-05 	 Training loss: 0.09407856062054634
[2024-12-25 07:04:54,806] INFO: Iter 32900 Summary: 
[2024-12-25 07:04:54,806] INFO: 	 lr: 1.000000000000002e-05 	 Training loss: 0.09412048630416393
[2024-12-25 07:05:01,840] INFO: Iter 33000 Summary: 
[2024-12-25 07:05:01,840] INFO: 	 lr: 1.000000000000002e-05 	 Training loss: 0.09382264621555805
[2024-12-25 07:05:08,946] INFO: Iter 33100 Summary: 
[2024-12-25 07:05:08,946] INFO: 	 lr: 1.000000000000002e-05 	 Training loss: 0.09386508539319038
[2024-12-25 07:05:16,178] INFO: Iter 33200 Summary: 
[2024-12-25 07:05:16,178] INFO: 	 lr: 1.000000000000002e-05 	 Training loss: 0.09383450105786323
[2024-12-25 07:05:23,580] INFO: Iter 33300 Summary: 
[2024-12-25 07:05:23,580] INFO: 	 lr: 1.000000000000002e-05 	 Training loss: 0.09392049133777619
[2024-12-25 07:05:32,219] INFO: Iter 33400 Summary: 
[2024-12-25 07:05:32,219] INFO: 	 lr: 1.000000000000002e-05 	 Training loss: 0.09395012751221657
[2024-12-25 07:05:39,506] INFO: Iter 33500 Summary: 
[2024-12-25 07:05:39,506] INFO: 	 lr: 1.000000000000002e-05 	 Training loss: 0.09358869552612305
[2024-12-25 07:05:47,069] INFO: Iter 33600 Summary: 
[2024-12-25 07:05:47,069] INFO: 	 lr: 1.000000000000002e-05 	 Training loss: 0.09365175053477287
[2024-12-25 07:05:53,972] INFO: Iter 33700 Summary: 
[2024-12-25 07:05:53,972] INFO: 	 lr: 1.000000000000002e-05 	 Training loss: 0.09346643783152103
[2024-12-25 07:06:01,116] INFO: Iter 33800 Summary: 
[2024-12-25 07:06:01,116] INFO: 	 lr: 1.000000000000002e-05 	 Training loss: 0.09373168952763081
[2024-12-25 07:06:08,270] INFO: Iter 33900 Summary: 
[2024-12-25 07:06:08,270] INFO: 	 lr: 1.000000000000002e-05 	 Training loss: 0.09359031766653061
[2024-12-25 07:06:16,837] INFO: Iter 34000 Summary: 
[2024-12-25 07:06:16,837] INFO: 	 lr: 1.000000000000002e-05 	 Training loss: 0.09364616863429547
[2024-12-25 07:06:26,218] INFO: Iter 34100 Summary: 
[2024-12-25 07:06:26,219] INFO: 	 lr: 1.000000000000002e-05 	 Training loss: 0.09312983229756355
[2024-12-25 07:06:33,248] INFO: Iter 34200 Summary: 
[2024-12-25 07:06:33,248] INFO: 	 lr: 1.000000000000002e-05 	 Training loss: 0.09351472400128841
[2024-12-25 07:06:40,266] INFO: Iter 34300 Summary: 
[2024-12-25 07:06:40,266] INFO: 	 lr: 1.000000000000002e-05 	 Training loss: 0.09354167871177196
[2024-12-25 07:06:47,240] INFO: Iter 34400 Summary: 
[2024-12-25 07:06:47,241] INFO: 	 lr: 1.000000000000002e-05 	 Training loss: 0.09339619167149067
[2024-12-25 07:06:54,236] INFO: Iter 34500 Summary: 
[2024-12-25 07:06:54,236] INFO: 	 lr: 1.000000000000002e-05 	 Training loss: 0.09318672716617585
[2024-12-25 07:07:02,878] INFO: Iter 34600 Summary: 
[2024-12-25 07:07:02,879] INFO: 	 lr: 1.000000000000002e-05 	 Training loss: 0.093125334456563
[2024-12-25 07:07:09,922] INFO: Iter 34700 Summary: 
[2024-12-25 07:07:09,922] INFO: 	 lr: 1.000000000000002e-05 	 Training loss: 0.09320601470768451
[2024-12-25 07:07:16,923] INFO: Iter 34800 Summary: 
[2024-12-25 07:07:16,923] INFO: 	 lr: 1.000000000000002e-05 	 Training loss: 0.09295363008975982
[2024-12-25 07:07:23,784] INFO: Iter 34900 Summary: 
[2024-12-25 07:07:23,784] INFO: 	 lr: 1.000000000000002e-05 	 Training loss: 0.09319141715764999
[2024-12-25 07:07:30,867] INFO: Iter 35000 Summary: 
[2024-12-25 07:07:30,867] INFO: 	 lr: 1.000000000000002e-05 	 Training loss: 0.09339300990104675
[2024-12-25 07:07:37,958] INFO: Iter 35100 Summary: 
[2024-12-25 07:07:37,959] INFO: 	 lr: 1.000000000000002e-05 	 Training loss: 0.09332441180944442
[2024-12-25 07:07:46,291] INFO: Iter 35200 Summary: 
[2024-12-25 07:07:46,291] INFO: 	 lr: 1.000000000000002e-05 	 Training loss: 0.09287545345723629
[2024-12-25 07:07:53,345] INFO: Iter 35300 Summary: 
[2024-12-25 07:07:53,345] INFO: 	 lr: 1.000000000000002e-05 	 Training loss: 0.09308847293257713
[2024-12-25 07:08:00,412] INFO: Iter 35400 Summary: 
[2024-12-25 07:08:00,412] INFO: 	 lr: 1.000000000000002e-05 	 Training loss: 0.09282133318483829
[2024-12-25 07:08:07,460] INFO: Iter 35500 Summary: 
[2024-12-25 07:08:07,460] INFO: 	 lr: 1.000000000000002e-05 	 Training loss: 0.09289112754166126
[2024-12-25 07:08:14,552] INFO: Iter 35600 Summary: 
[2024-12-25 07:08:14,553] INFO: 	 lr: 1.000000000000002e-05 	 Training loss: 0.09292845405638218
[2024-12-25 07:08:21,866] INFO: Iter 35700 Summary: 
[2024-12-25 07:08:21,867] INFO: 	 lr: 1.000000000000002e-05 	 Training loss: 0.09316279478371144
[2024-12-25 07:08:30,276] INFO: Iter 35800 Summary: 
[2024-12-25 07:08:30,277] INFO: 	 lr: 1.000000000000002e-05 	 Training loss: 0.09280216194689274
[2024-12-25 07:08:37,381] INFO: Iter 35900 Summary: 
[2024-12-25 07:08:37,381] INFO: 	 lr: 1.000000000000002e-05 	 Training loss: 0.0927981237322092
[2024-12-25 07:08:44,447] INFO: Iter 36000 Summary: 
[2024-12-25 07:08:44,447] INFO: 	 lr: 1.000000000000002e-05 	 Training loss: 0.09270651631057263
[2024-12-25 07:08:53,641] INFO: Iter 36100 Summary: 
[2024-12-25 07:08:53,641] INFO: 	 lr: 1.000000000000002e-05 	 Training loss: 0.09257912166416644
[2024-12-25 07:09:00,708] INFO: Iter 36200 Summary: 
[2024-12-25 07:09:00,708] INFO: 	 lr: 1.000000000000002e-05 	 Training loss: 0.09290387570858001
[2024-12-25 07:09:07,967] INFO: Iter 36300 Summary: 
[2024-12-25 07:09:07,967] INFO: 	 lr: 1.000000000000002e-05 	 Training loss: 0.09249328024685383
[2024-12-25 07:09:16,515] INFO: Iter 36400 Summary: 
[2024-12-25 07:09:16,516] INFO: 	 lr: 1.000000000000002e-05 	 Training loss: 0.09285133481025695
[2024-12-25 07:09:23,792] INFO: Iter 36500 Summary: 
[2024-12-25 07:09:23,792] INFO: 	 lr: 1.000000000000002e-05 	 Training loss: 0.09285160556435584
[2024-12-25 07:09:31,050] INFO: Iter 36600 Summary: 
[2024-12-25 07:09:31,050] INFO: 	 lr: 1.000000000000002e-05 	 Training loss: 0.09220181338489056
[2024-12-25 07:09:38,268] INFO: Iter 36700 Summary: 
[2024-12-25 07:09:38,268] INFO: 	 lr: 1.000000000000002e-05 	 Training loss: 0.0926580660790205
[2024-12-25 07:09:45,547] INFO: Iter 36800 Summary: 
[2024-12-25 07:09:45,547] INFO: 	 lr: 1.000000000000002e-05 	 Training loss: 0.09238330252468586
[2024-12-25 07:09:52,654] INFO: Iter 36900 Summary: 
[2024-12-25 07:09:52,654] INFO: 	 lr: 1.000000000000002e-05 	 Training loss: 0.09201540216803551
[2024-12-25 07:10:01,479] INFO: Iter 37000 Summary: 
[2024-12-25 07:10:01,480] INFO: 	 lr: 1.000000000000002e-05 	 Training loss: 0.09254278592765332
[2024-12-25 07:10:08,579] INFO: Iter 37100 Summary: 
[2024-12-25 07:10:08,579] INFO: 	 lr: 1.000000000000002e-05 	 Training loss: 0.09238353200256824
[2024-12-25 07:10:15,639] INFO: Iter 37200 Summary: 
[2024-12-25 07:10:15,640] INFO: 	 lr: 1.000000000000002e-05 	 Training loss: 0.09212975561618805
[2024-12-25 07:10:22,633] INFO: Iter 37300 Summary: 
[2024-12-25 07:10:22,633] INFO: 	 lr: 1.000000000000002e-05 	 Training loss: 0.09203029200434684
[2024-12-25 07:10:29,613] INFO: Iter 37400 Summary: 
[2024-12-25 07:10:29,614] INFO: 	 lr: 1.000000000000002e-05 	 Training loss: 0.09247917048633099
[2024-12-25 07:10:36,598] INFO: Iter 37500 Summary: 
[2024-12-25 07:10:36,598] INFO: 	 lr: 1.000000000000002e-05 	 Training loss: 0.09239608563482761
[2024-12-25 07:10:45,014] INFO: Iter 37600 Summary: 
[2024-12-25 07:10:45,015] INFO: 	 lr: 1.000000000000002e-05 	 Training loss: 0.09217337660491466
[2024-12-25 07:10:52,113] INFO: Iter 37700 Summary: 
[2024-12-25 07:10:52,113] INFO: 	 lr: 1.000000000000002e-05 	 Training loss: 0.09198182962834835
[2024-12-25 07:10:59,119] INFO: Iter 37800 Summary: 
[2024-12-25 07:10:59,119] INFO: 	 lr: 1.000000000000002e-05 	 Training loss: 0.09225380226969719
[2024-12-25 07:11:06,171] INFO: Iter 37900 Summary: 
[2024-12-25 07:11:06,171] INFO: 	 lr: 1.000000000000002e-05 	 Training loss: 0.09182333864271641
[2024-12-25 07:11:13,184] INFO: Iter 38000 Summary: 
[2024-12-25 07:11:13,184] INFO: 	 lr: 1.000000000000002e-05 	 Training loss: 0.09228188455104828
[2024-12-25 07:11:22,265] INFO: Iter 38100 Summary: 
[2024-12-25 07:11:22,265] INFO: 	 lr: 1.000000000000002e-05 	 Training loss: 0.09154282130300999
[2024-12-25 07:11:30,855] INFO: Iter 38200 Summary: 
[2024-12-25 07:11:30,856] INFO: 	 lr: 1.000000000000002e-05 	 Training loss: 0.09220076493918895
[2024-12-25 07:11:38,302] INFO: Iter 38300 Summary: 
[2024-12-25 07:11:38,302] INFO: 	 lr: 1.000000000000002e-05 	 Training loss: 0.09200014933943748
[2024-12-25 07:11:45,303] INFO: Iter 38400 Summary: 
[2024-12-25 07:11:45,303] INFO: 	 lr: 1.000000000000002e-05 	 Training loss: 0.09193438299000263
[2024-12-25 07:11:52,672] INFO: Iter 38500 Summary: 
[2024-12-25 07:11:52,672] INFO: 	 lr: 1.000000000000002e-05 	 Training loss: 0.09212660543620586
[2024-12-25 07:11:59,600] INFO: Iter 38600 Summary: 
[2024-12-25 07:11:59,600] INFO: 	 lr: 1.000000000000002e-05 	 Training loss: 0.0918349026888609
[2024-12-25 07:12:06,713] INFO: Iter 38700 Summary: 
[2024-12-25 07:12:06,713] INFO: 	 lr: 1.000000000000002e-05 	 Training loss: 0.0920248818397522
[2024-12-25 07:12:15,008] INFO: Iter 38800 Summary: 
[2024-12-25 07:12:15,008] INFO: 	 lr: 1.000000000000002e-05 	 Training loss: 0.09211835466325283
[2024-12-25 07:12:22,029] INFO: Iter 38900 Summary: 
[2024-12-25 07:12:22,029] INFO: 	 lr: 1.000000000000002e-05 	 Training loss: 0.09179626807570457
[2024-12-25 07:12:29,100] INFO: Iter 39000 Summary: 
[2024-12-25 07:12:29,100] INFO: 	 lr: 1.000000000000002e-05 	 Training loss: 0.09152858458459377
[2024-12-25 07:12:36,137] INFO: Iter 39100 Summary: 
[2024-12-25 07:12:36,137] INFO: 	 lr: 1.000000000000002e-05 	 Training loss: 0.09181837655603886
[2024-12-25 07:12:43,172] INFO: Iter 39200 Summary: 
[2024-12-25 07:12:43,172] INFO: 	 lr: 1.000000000000002e-05 	 Training loss: 0.09178831055760384
