[2025-01-15 06:24:40,426] INFO: {
    "abs_dir": "/home/diwang/siMLPe/exps/baseline_h36m",
    "batch_size": 256,
    "cos_lr_max": 1e-05,
    "cos_lr_min": 5e-08,
    "cos_lr_total_iters": 40000,
    "data_aug": true,
    "deriv_input": true,
    "deriv_output": true,
    "device": "cuda:4",
    "h36m_anno_dir": "/home/diwang/siMLPe/data/h36m/",
    "link_log_file": "/home/diwang/siMLPe/exps/baseline_h36m/log/log_last.log",
    "link_val_log_file": "/home/diwang/siMLPe/exps/baseline_h36m/log/val_last.log",
    "log_dir": "/home/diwang/siMLPe/exps/baseline_h36m/log",
    "log_file": "/home/diwang/siMLPe/exps/baseline_h36m/log/log_2025_01_15_06_24_11.log",
    "model_pth": null,
    "motion": {
        "dim": 66,
        "h36m_input_length": 50,
        "h36m_input_length_dct": 50,
        "h36m_target_length": 5,
        "h36m_target_length_eval": 30,
        "h36m_target_length_train": 5
    },
    "motion_fc_in": {
        "activation": "relu",
        "in_features": 66,
        "init_w_trunc_normal": false,
        "out_features": 66,
        "temporal_fc": false,
        "with_norm": false
    },
    "motion_fc_out": {
        "activation": "relu",
        "in_features": 66,
        "init_w_trunc_normal": true,
        "out_features": 66,
        "temporal_fc": false,
        "with_norm": false
    },
    "motion_mlp": {
        "hidden_dim": 66,
        "norm_axis": "spatial",
        "num_layers": 48,
        "seq_len": 50,
        "spatial_fc_only": false,
        "with_normalization": true
    },
    "num_workers": 8,
    "post_dct": false,
    "pre_dct": false,
    "print_every": 100,
    "repo_name": "siMLPe",
    "root_dir": "/home/diwang/siMLPe",
    "save_every": 2000,
    "seed": 304,
    "shift_step": 1,
    "snapshot_dir": "/home/diwang/siMLPe/exps/baseline_h36m/log/snapshot",
    "this_dir": "baseline_h36m",
    "use_relative_loss": true,
    "val_log_file": "/home/diwang/siMLPe/exps/baseline_h36m/log/val_2025_01_15_06_24_11.log",
    "weight_decay": 0.0001
}
[2025-01-15 06:24:53,826] INFO: Iter 100 Summary: 
[2025-01-15 06:24:53,826] INFO: 	 lr: 0.00030000000000000073 	 Training loss: 0.06088880706578493
[2025-01-15 06:25:06,032] INFO: Iter 200 Summary: 
[2025-01-15 06:25:06,033] INFO: 	 lr: 0.00030000000000000073 	 Training loss: 0.050968952737748624
[2025-01-15 06:25:16,554] INFO: Iter 300 Summary: 
[2025-01-15 06:25:16,555] INFO: 	 lr: 0.00030000000000000073 	 Training loss: 0.040931910946965216
[2025-01-15 06:25:28,458] INFO: Iter 400 Summary: 
[2025-01-15 06:25:28,459] INFO: 	 lr: 0.00030000000000000073 	 Training loss: 0.03598757069557905
[2025-01-15 06:25:40,224] INFO: Iter 500 Summary: 
[2025-01-15 06:25:40,225] INFO: 	 lr: 0.00030000000000000073 	 Training loss: 0.03481716681271792
[2025-01-15 06:25:52,225] INFO: Iter 600 Summary: 
[2025-01-15 06:25:52,226] INFO: 	 lr: 0.00030000000000000073 	 Training loss: 0.03447955459356308
[2025-01-15 06:26:04,170] INFO: Iter 700 Summary: 
[2025-01-15 06:26:04,171] INFO: 	 lr: 0.00030000000000000073 	 Training loss: 0.03369934903457761
[2025-01-15 06:26:15,041] INFO: Iter 800 Summary: 
[2025-01-15 06:26:15,041] INFO: 	 lr: 0.00030000000000000073 	 Training loss: 0.03367501178756356
[2025-01-15 06:26:26,877] INFO: Iter 900 Summary: 
[2025-01-15 06:26:26,878] INFO: 	 lr: 0.00030000000000000073 	 Training loss: 0.03322038037702441
[2025-01-15 06:26:37,637] INFO: Iter 1000 Summary: 
[2025-01-15 06:26:37,638] INFO: 	 lr: 0.00030000000000000073 	 Training loss: 0.03324169253930449
[2025-01-15 06:26:49,906] INFO: Iter 1100 Summary: 
[2025-01-15 06:26:49,906] INFO: 	 lr: 0.00030000000000000073 	 Training loss: 0.03280396038666367
[2025-01-15 06:27:02,304] INFO: Iter 1200 Summary: 
[2025-01-15 06:27:02,304] INFO: 	 lr: 0.00030000000000000073 	 Training loss: 0.03212321884930134
[2025-01-15 06:27:14,108] INFO: Iter 1300 Summary: 
[2025-01-15 06:27:14,108] INFO: 	 lr: 0.00030000000000000073 	 Training loss: 0.032557323127985004
[2025-01-15 06:27:26,564] INFO: Iter 1400 Summary: 
[2025-01-15 06:27:26,564] INFO: 	 lr: 0.00030000000000000073 	 Training loss: 0.032529611885547635
[2025-01-15 06:27:37,833] INFO: Iter 1500 Summary: 
[2025-01-15 06:27:37,834] INFO: 	 lr: 0.00030000000000000073 	 Training loss: 0.03216395223513246
[2025-01-15 06:27:48,300] INFO: Iter 1600 Summary: 
[2025-01-15 06:27:48,300] INFO: 	 lr: 0.00030000000000000073 	 Training loss: 0.03206858400255442
[2025-01-15 06:27:59,626] INFO: Iter 1700 Summary: 
[2025-01-15 06:27:59,626] INFO: 	 lr: 0.00030000000000000073 	 Training loss: 0.031678144726902245
[2025-01-15 06:28:10,772] INFO: Iter 1800 Summary: 
[2025-01-15 06:28:10,772] INFO: 	 lr: 0.00030000000000000073 	 Training loss: 0.031161509398370982
[2025-01-15 06:28:22,067] INFO: Iter 1900 Summary: 
[2025-01-15 06:28:22,068] INFO: 	 lr: 0.00030000000000000073 	 Training loss: 0.030942828841507435
[2025-01-15 06:28:33,579] INFO: Iter 2000 Summary: 
[2025-01-15 06:28:33,579] INFO: 	 lr: 0.00030000000000000073 	 Training loss: 0.03106591498479247
[2025-01-15 06:28:50,688] INFO: Iter 2100 Summary: 
[2025-01-15 06:28:50,689] INFO: 	 lr: 0.00030000000000000073 	 Training loss: 0.030608037505298853
[2025-01-15 06:29:02,332] INFO: Iter 2200 Summary: 
[2025-01-15 06:29:02,332] INFO: 	 lr: 0.00030000000000000073 	 Training loss: 0.030479541812092066
[2025-01-15 06:29:12,494] INFO: Iter 2300 Summary: 
[2025-01-15 06:29:12,494] INFO: 	 lr: 0.00030000000000000073 	 Training loss: 0.030250283274799585
[2025-01-15 06:29:23,634] INFO: Iter 2400 Summary: 
[2025-01-15 06:29:23,635] INFO: 	 lr: 0.00030000000000000073 	 Training loss: 0.030272031519562006
[2025-01-15 06:29:35,919] INFO: Iter 2500 Summary: 
[2025-01-15 06:29:35,919] INFO: 	 lr: 0.00030000000000000073 	 Training loss: 0.0302312683314085
[2025-01-15 06:29:47,760] INFO: Iter 2600 Summary: 
[2025-01-15 06:29:47,760] INFO: 	 lr: 0.00030000000000000073 	 Training loss: 0.03034159416332841
[2025-01-15 06:29:58,659] INFO: Iter 2700 Summary: 
[2025-01-15 06:29:58,659] INFO: 	 lr: 0.00030000000000000073 	 Training loss: 0.030245636720210314
[2025-01-15 06:30:10,077] INFO: Iter 2800 Summary: 
[2025-01-15 06:30:10,077] INFO: 	 lr: 0.00030000000000000073 	 Training loss: 0.02990637544542551
[2025-01-15 06:30:22,790] INFO: Iter 2900 Summary: 
[2025-01-15 06:30:22,790] INFO: 	 lr: 0.00030000000000000073 	 Training loss: 0.029881715923547745
[2025-01-15 06:30:33,341] INFO: Iter 3000 Summary: 
[2025-01-15 06:30:33,341] INFO: 	 lr: 0.00030000000000000073 	 Training loss: 0.02956500731408596
[2025-01-15 06:30:45,723] INFO: Iter 3100 Summary: 
[2025-01-15 06:30:45,724] INFO: 	 lr: 0.00030000000000000073 	 Training loss: 0.029663190618157385
[2025-01-15 06:30:57,324] INFO: Iter 3200 Summary: 
[2025-01-15 06:30:57,324] INFO: 	 lr: 0.00030000000000000073 	 Training loss: 0.029524955004453658
[2025-01-15 06:31:09,029] INFO: Iter 3300 Summary: 
[2025-01-15 06:31:09,030] INFO: 	 lr: 0.00030000000000000073 	 Training loss: 0.029408419467508794
[2025-01-15 06:31:20,492] INFO: Iter 3400 Summary: 
[2025-01-15 06:31:20,492] INFO: 	 lr: 0.00030000000000000073 	 Training loss: 0.029555804654955865
[2025-01-15 06:31:32,469] INFO: Iter 3500 Summary: 
[2025-01-15 06:31:32,470] INFO: 	 lr: 0.00030000000000000073 	 Training loss: 0.02913902932778001
[2025-01-15 06:31:43,418] INFO: Iter 3600 Summary: 
[2025-01-15 06:31:43,418] INFO: 	 lr: 0.00030000000000000073 	 Training loss: 0.029271268602460623
[2025-01-15 06:31:55,376] INFO: Iter 3700 Summary: 
[2025-01-15 06:31:55,376] INFO: 	 lr: 0.00030000000000000073 	 Training loss: 0.029056499488651754
[2025-01-15 06:32:07,775] INFO: Iter 3800 Summary: 
[2025-01-15 06:32:07,776] INFO: 	 lr: 0.00030000000000000073 	 Training loss: 0.028873178586363794
[2025-01-15 06:32:19,564] INFO: Iter 3900 Summary: 
[2025-01-15 06:32:19,564] INFO: 	 lr: 0.00030000000000000073 	 Training loss: 0.029045480359345673
[2025-01-15 06:32:31,088] INFO: Iter 4000 Summary: 
[2025-01-15 06:32:31,089] INFO: 	 lr: 0.00030000000000000073 	 Training loss: 0.02869035016745329
[2025-01-15 06:32:47,666] INFO: Iter 4100 Summary: 
[2025-01-15 06:32:47,666] INFO: 	 lr: 0.00030000000000000073 	 Training loss: 0.02856862308457494
[2025-01-15 06:32:58,870] INFO: Iter 4200 Summary: 
[2025-01-15 06:32:58,871] INFO: 	 lr: 0.00030000000000000073 	 Training loss: 0.028864618055522442
[2025-01-15 06:33:10,097] INFO: Iter 4300 Summary: 
[2025-01-15 06:33:10,097] INFO: 	 lr: 0.00030000000000000073 	 Training loss: 0.02856422770768404
[2025-01-15 06:33:21,336] INFO: Iter 4400 Summary: 
[2025-01-15 06:33:21,336] INFO: 	 lr: 0.00030000000000000073 	 Training loss: 0.028786988649517297
[2025-01-15 06:33:30,908] INFO: Iter 4500 Summary: 
[2025-01-15 06:33:30,908] INFO: 	 lr: 0.00030000000000000073 	 Training loss: 0.028287672009319066
[2025-01-15 06:33:42,159] INFO: Iter 4600 Summary: 
[2025-01-15 06:33:42,159] INFO: 	 lr: 0.00030000000000000073 	 Training loss: 0.028540174234658478
[2025-01-15 06:33:53,935] INFO: Iter 4700 Summary: 
[2025-01-15 06:33:53,936] INFO: 	 lr: 0.00030000000000000073 	 Training loss: 0.02835663368925452
[2025-01-15 06:34:04,963] INFO: Iter 4800 Summary: 
[2025-01-15 06:34:04,963] INFO: 	 lr: 0.00030000000000000073 	 Training loss: 0.028379554599523543
[2025-01-15 06:34:17,244] INFO: Iter 4900 Summary: 
[2025-01-15 06:34:17,245] INFO: 	 lr: 0.00030000000000000073 	 Training loss: 0.02835172217339277
[2025-01-15 06:34:27,824] INFO: Iter 5000 Summary: 
[2025-01-15 06:34:27,824] INFO: 	 lr: 0.00030000000000000073 	 Training loss: 0.028147172015160322
[2025-01-15 06:34:39,367] INFO: Iter 5100 Summary: 
[2025-01-15 06:34:39,368] INFO: 	 lr: 0.00030000000000000073 	 Training loss: 0.028285106215626
[2025-01-15 06:34:51,304] INFO: Iter 5200 Summary: 
[2025-01-15 06:34:51,305] INFO: 	 lr: 0.00030000000000000073 	 Training loss: 0.027759259399026633
[2025-01-15 06:35:02,508] INFO: Iter 5300 Summary: 
[2025-01-15 06:35:02,509] INFO: 	 lr: 0.00030000000000000073 	 Training loss: 0.027871526777744293
[2025-01-15 06:35:13,869] INFO: Iter 5400 Summary: 
[2025-01-15 06:35:13,869] INFO: 	 lr: 0.00030000000000000073 	 Training loss: 0.027996440380811692
[2025-01-15 06:35:25,339] INFO: Iter 5500 Summary: 
[2025-01-15 06:35:25,340] INFO: 	 lr: 0.00030000000000000073 	 Training loss: 0.028019741978496313
[2025-01-15 06:35:36,980] INFO: Iter 5600 Summary: 
[2025-01-15 06:35:36,980] INFO: 	 lr: 0.00030000000000000073 	 Training loss: 0.02758514093235135
[2025-01-15 06:35:46,861] INFO: Iter 5700 Summary: 
[2025-01-15 06:35:46,862] INFO: 	 lr: 0.00030000000000000073 	 Training loss: 0.02766530206426978
[2025-01-15 06:35:58,767] INFO: Iter 5800 Summary: 
[2025-01-15 06:35:58,767] INFO: 	 lr: 0.00030000000000000073 	 Training loss: 0.0275451229698956
[2025-01-15 06:36:10,574] INFO: Iter 5900 Summary: 
[2025-01-15 06:36:10,575] INFO: 	 lr: 0.00030000000000000073 	 Training loss: 0.02712137481197715
[2025-01-15 06:36:21,118] INFO: Iter 6000 Summary: 
[2025-01-15 06:36:21,119] INFO: 	 lr: 0.00030000000000000073 	 Training loss: 0.027606694903224708
[2025-01-15 06:36:37,527] INFO: Iter 6100 Summary: 
[2025-01-15 06:36:37,527] INFO: 	 lr: 0.00030000000000000073 	 Training loss: 0.027466956209391356
[2025-01-15 06:36:48,606] INFO: Iter 6200 Summary: 
[2025-01-15 06:36:48,606] INFO: 	 lr: 0.00030000000000000073 	 Training loss: 0.02738592591136694
[2025-01-15 06:36:58,456] INFO: Iter 6300 Summary: 
[2025-01-15 06:36:58,456] INFO: 	 lr: 0.00030000000000000073 	 Training loss: 0.027313107829540967
[2025-01-15 06:37:10,194] INFO: Iter 6400 Summary: 
[2025-01-15 06:37:10,194] INFO: 	 lr: 0.00030000000000000073 	 Training loss: 0.027487560398876665
[2025-01-15 06:37:22,026] INFO: Iter 6500 Summary: 
[2025-01-15 06:37:22,026] INFO: 	 lr: 0.00030000000000000073 	 Training loss: 0.02718837883323431
[2025-01-15 06:37:32,712] INFO: Iter 6600 Summary: 
[2025-01-15 06:37:32,712] INFO: 	 lr: 0.00030000000000000073 	 Training loss: 0.0270649404078722
[2025-01-15 06:37:44,207] INFO: Iter 6700 Summary: 
[2025-01-15 06:37:44,207] INFO: 	 lr: 0.00030000000000000073 	 Training loss: 0.026809779424220324
[2025-01-15 06:37:55,702] INFO: Iter 6800 Summary: 
[2025-01-15 06:37:55,702] INFO: 	 lr: 0.00030000000000000073 	 Training loss: 0.027018279395997526
[2025-01-15 06:38:07,154] INFO: Iter 6900 Summary: 
[2025-01-15 06:38:07,154] INFO: 	 lr: 0.00030000000000000073 	 Training loss: 0.027227038312703372
[2025-01-15 06:38:17,868] INFO: Iter 7000 Summary: 
[2025-01-15 06:38:17,869] INFO: 	 lr: 0.00030000000000000073 	 Training loss: 0.026912968214601277
[2025-01-15 06:38:29,534] INFO: Iter 7100 Summary: 
[2025-01-15 06:38:29,534] INFO: 	 lr: 0.00030000000000000073 	 Training loss: 0.02695774069055915
[2025-01-15 06:38:40,916] INFO: Iter 7200 Summary: 
[2025-01-15 06:38:40,916] INFO: 	 lr: 0.00030000000000000073 	 Training loss: 0.026642935499548912
[2025-01-15 06:38:52,366] INFO: Iter 7300 Summary: 
[2025-01-15 06:38:52,367] INFO: 	 lr: 0.00030000000000000073 	 Training loss: 0.02676830943673849
[2025-01-15 06:39:03,585] INFO: Iter 7400 Summary: 
[2025-01-15 06:39:03,585] INFO: 	 lr: 0.00030000000000000073 	 Training loss: 0.026817985344678164
[2025-01-15 06:39:14,653] INFO: Iter 7500 Summary: 
[2025-01-15 06:39:14,653] INFO: 	 lr: 0.00030000000000000073 	 Training loss: 0.02669802287593484
[2025-01-15 06:39:26,618] INFO: Iter 7600 Summary: 
[2025-01-15 06:39:26,619] INFO: 	 lr: 0.00030000000000000073 	 Training loss: 0.026744706109166145
[2025-01-15 06:39:39,564] INFO: Iter 7700 Summary: 
[2025-01-15 06:39:39,565] INFO: 	 lr: 0.00030000000000000073 	 Training loss: 0.026469420697540044
[2025-01-15 06:39:53,400] INFO: Iter 7800 Summary: 
[2025-01-15 06:39:53,400] INFO: 	 lr: 0.00030000000000000073 	 Training loss: 0.026007623951882122
[2025-01-15 06:40:04,581] INFO: Iter 7900 Summary: 
[2025-01-15 06:40:04,581] INFO: 	 lr: 0.00030000000000000073 	 Training loss: 0.026511275861412286
[2025-01-15 06:40:15,834] INFO: Iter 8000 Summary: 
[2025-01-15 06:40:15,835] INFO: 	 lr: 0.00030000000000000073 	 Training loss: 0.026240577790886163
[2025-01-15 06:40:33,300] INFO: Iter 8100 Summary: 
[2025-01-15 06:40:33,300] INFO: 	 lr: 0.00030000000000000073 	 Training loss: 0.02648092629387975
[2025-01-15 06:40:47,220] INFO: Iter 8200 Summary: 
[2025-01-15 06:40:47,220] INFO: 	 lr: 0.00030000000000000073 	 Training loss: 0.0265154723264277
[2025-01-15 06:41:00,266] INFO: Iter 8300 Summary: 
[2025-01-15 06:41:00,267] INFO: 	 lr: 0.00030000000000000073 	 Training loss: 0.026324736941605805
[2025-01-15 06:41:13,895] INFO: Iter 8400 Summary: 
[2025-01-15 06:41:13,895] INFO: 	 lr: 0.00030000000000000073 	 Training loss: 0.02628426318988204
[2025-01-15 06:41:25,941] INFO: Iter 8500 Summary: 
[2025-01-15 06:41:25,941] INFO: 	 lr: 0.00030000000000000073 	 Training loss: 0.026361719761043786
[2025-01-15 06:41:36,759] INFO: Iter 8600 Summary: 
[2025-01-15 06:41:36,760] INFO: 	 lr: 0.00030000000000000073 	 Training loss: 0.026103894952684642
[2025-01-15 06:41:48,678] INFO: Iter 8700 Summary: 
[2025-01-15 06:41:48,678] INFO: 	 lr: 0.00030000000000000073 	 Training loss: 0.02624838823452592
[2025-01-15 06:42:01,075] INFO: Iter 8800 Summary: 
[2025-01-15 06:42:01,075] INFO: 	 lr: 0.00030000000000000073 	 Training loss: 0.02616558488458395
[2025-01-15 06:42:12,467] INFO: Iter 8900 Summary: 
[2025-01-15 06:42:12,467] INFO: 	 lr: 0.00030000000000000073 	 Training loss: 0.026048575602471827
[2025-01-15 06:42:24,153] INFO: Iter 9000 Summary: 
[2025-01-15 06:42:24,153] INFO: 	 lr: 0.00030000000000000073 	 Training loss: 0.025823635086417197
[2025-01-15 06:42:35,654] INFO: Iter 9100 Summary: 
[2025-01-15 06:42:35,655] INFO: 	 lr: 0.00030000000000000073 	 Training loss: 0.025964236371219158
[2025-01-15 06:42:48,078] INFO: Iter 9200 Summary: 
[2025-01-15 06:42:48,079] INFO: 	 lr: 0.00030000000000000073 	 Training loss: 0.0261305389739573
[2025-01-15 06:43:01,485] INFO: Iter 9300 Summary: 
[2025-01-15 06:43:01,485] INFO: 	 lr: 0.00030000000000000073 	 Training loss: 0.02617495657876134
[2025-01-15 06:43:13,173] INFO: Iter 9400 Summary: 
[2025-01-15 06:43:13,174] INFO: 	 lr: 0.00030000000000000073 	 Training loss: 0.02560589198023081
[2025-01-15 06:43:25,922] INFO: Iter 9500 Summary: 
[2025-01-15 06:43:25,922] INFO: 	 lr: 0.00030000000000000073 	 Training loss: 0.02585999671369791
[2025-01-15 06:43:39,007] INFO: Iter 9600 Summary: 
[2025-01-15 06:43:39,007] INFO: 	 lr: 0.00030000000000000073 	 Training loss: 0.02599115040153265
[2025-01-15 06:43:53,031] INFO: Iter 9700 Summary: 
[2025-01-15 06:43:53,032] INFO: 	 lr: 0.00030000000000000073 	 Training loss: 0.025938376672565936
[2025-01-15 06:44:05,188] INFO: Iter 9800 Summary: 
[2025-01-15 06:44:05,188] INFO: 	 lr: 0.00030000000000000073 	 Training loss: 0.02563012819737196
[2025-01-15 06:44:16,625] INFO: Iter 9900 Summary: 
[2025-01-15 06:44:16,625] INFO: 	 lr: 0.00030000000000000073 	 Training loss: 0.0258358564786613
[2025-01-15 06:44:29,031] INFO: Iter 10000 Summary: 
[2025-01-15 06:44:29,031] INFO: 	 lr: 0.00030000000000000073 	 Training loss: 0.02571970922872424
[2025-01-15 06:44:47,318] INFO: Iter 10100 Summary: 
[2025-01-15 06:44:47,318] INFO: 	 lr: 0.00030000000000000073 	 Training loss: 0.025733326207846404
[2025-01-15 06:45:00,851] INFO: Iter 10200 Summary: 
[2025-01-15 06:45:00,851] INFO: 	 lr: 0.00030000000000000073 	 Training loss: 0.025793540105223656
[2025-01-15 06:45:14,810] INFO: Iter 10300 Summary: 
[2025-01-15 06:45:14,811] INFO: 	 lr: 0.00030000000000000073 	 Training loss: 0.025561609100550414
[2025-01-15 06:45:29,811] INFO: Iter 10400 Summary: 
[2025-01-15 06:45:29,811] INFO: 	 lr: 0.00030000000000000073 	 Training loss: 0.025977668650448323
[2025-01-15 06:45:43,028] INFO: Iter 10500 Summary: 
[2025-01-15 06:45:43,028] INFO: 	 lr: 0.00030000000000000073 	 Training loss: 0.025432928819209336
[2025-01-15 06:45:53,965] INFO: Iter 10600 Summary: 
[2025-01-15 06:45:53,965] INFO: 	 lr: 0.00030000000000000073 	 Training loss: 0.02544787721708417
[2025-01-15 06:46:05,157] INFO: Iter 10700 Summary: 
[2025-01-15 06:46:05,158] INFO: 	 lr: 0.00030000000000000073 	 Training loss: 0.025494658630341293
[2025-01-15 06:46:16,754] INFO: Iter 10800 Summary: 
[2025-01-15 06:46:16,755] INFO: 	 lr: 0.00030000000000000073 	 Training loss: 0.025746584832668305
[2025-01-15 06:46:29,519] INFO: Iter 10900 Summary: 
[2025-01-15 06:46:29,519] INFO: 	 lr: 0.00030000000000000073 	 Training loss: 0.025688092838972807
[2025-01-15 06:46:41,004] INFO: Iter 11000 Summary: 
[2025-01-15 06:46:41,005] INFO: 	 lr: 0.00030000000000000073 	 Training loss: 0.02552656291052699
[2025-01-15 06:46:54,070] INFO: Iter 11100 Summary: 
[2025-01-15 06:46:54,070] INFO: 	 lr: 0.00030000000000000073 	 Training loss: 0.02557907586917281
[2025-01-15 06:47:07,038] INFO: Iter 11200 Summary: 
[2025-01-15 06:47:07,039] INFO: 	 lr: 0.00030000000000000073 	 Training loss: 0.02546179736033082
[2025-01-15 06:47:18,981] INFO: Iter 11300 Summary: 
[2025-01-15 06:47:18,981] INFO: 	 lr: 0.00030000000000000073 	 Training loss: 0.02535606309771538
[2025-01-15 06:47:31,130] INFO: Iter 11400 Summary: 
[2025-01-15 06:47:31,131] INFO: 	 lr: 0.00030000000000000073 	 Training loss: 0.02533337228000164
[2025-01-15 06:47:43,882] INFO: Iter 11500 Summary: 
[2025-01-15 06:47:43,882] INFO: 	 lr: 0.00030000000000000073 	 Training loss: 0.02542349386960268
[2025-01-15 06:47:57,460] INFO: Iter 11600 Summary: 
[2025-01-15 06:47:57,460] INFO: 	 lr: 0.00030000000000000073 	 Training loss: 0.025229322891682386
[2025-01-15 06:48:10,525] INFO: Iter 11700 Summary: 
[2025-01-15 06:48:10,526] INFO: 	 lr: 0.00030000000000000073 	 Training loss: 0.025321733336895705
[2025-01-15 06:48:24,115] INFO: Iter 11800 Summary: 
[2025-01-15 06:48:24,115] INFO: 	 lr: 0.00030000000000000073 	 Training loss: 0.02521634116768837
[2025-01-15 06:48:36,499] INFO: Iter 11900 Summary: 
[2025-01-15 06:48:36,499] INFO: 	 lr: 0.00030000000000000073 	 Training loss: 0.025394218526780605
[2025-01-15 06:48:48,741] INFO: Iter 12000 Summary: 
[2025-01-15 06:48:48,741] INFO: 	 lr: 0.00030000000000000073 	 Training loss: 0.025181785598397254
[2025-01-15 06:49:08,423] INFO: Iter 12100 Summary: 
[2025-01-15 06:49:08,423] INFO: 	 lr: 0.00030000000000000073 	 Training loss: 0.025459641013294457
[2025-01-15 06:49:21,028] INFO: Iter 12200 Summary: 
[2025-01-15 06:49:21,028] INFO: 	 lr: 0.00030000000000000073 	 Training loss: 0.025189391802996397
[2025-01-15 06:49:35,215] INFO: Iter 12300 Summary: 
[2025-01-15 06:49:35,215] INFO: 	 lr: 0.00030000000000000073 	 Training loss: 0.02526198511943221
[2025-01-15 06:49:47,349] INFO: Iter 12400 Summary: 
[2025-01-15 06:49:47,350] INFO: 	 lr: 0.00030000000000000073 	 Training loss: 0.025267927329987287
[2025-01-15 06:50:01,007] INFO: Iter 12500 Summary: 
[2025-01-15 06:50:01,007] INFO: 	 lr: 0.00030000000000000073 	 Training loss: 0.02510709086433053
[2025-01-15 06:50:14,173] INFO: Iter 12600 Summary: 
[2025-01-15 06:50:14,174] INFO: 	 lr: 0.00030000000000000073 	 Training loss: 0.025009650085121394
[2025-01-15 06:50:27,604] INFO: Iter 12700 Summary: 
[2025-01-15 06:50:27,604] INFO: 	 lr: 0.00030000000000000073 	 Training loss: 0.025084331799298525
[2025-01-15 06:50:41,158] INFO: Iter 12800 Summary: 
[2025-01-15 06:50:41,158] INFO: 	 lr: 0.00030000000000000073 	 Training loss: 0.025042271222919226
[2025-01-15 06:50:55,460] INFO: Iter 12900 Summary: 
[2025-01-15 06:50:55,461] INFO: 	 lr: 0.00030000000000000073 	 Training loss: 0.024968611281365155
[2025-01-15 06:51:09,525] INFO: Iter 13000 Summary: 
[2025-01-15 06:51:09,526] INFO: 	 lr: 0.00030000000000000073 	 Training loss: 0.025161061249673367
[2025-01-15 06:51:22,830] INFO: Iter 13100 Summary: 
[2025-01-15 06:51:22,830] INFO: 	 lr: 0.00030000000000000073 	 Training loss: 0.025106289237737656
[2025-01-15 06:51:36,592] INFO: Iter 13200 Summary: 
[2025-01-15 06:51:36,593] INFO: 	 lr: 0.00030000000000000073 	 Training loss: 0.025082077383995056
[2025-01-15 06:51:49,326] INFO: Iter 13300 Summary: 
[2025-01-15 06:51:49,326] INFO: 	 lr: 0.00030000000000000073 	 Training loss: 0.02516281245276332
[2025-01-15 06:52:02,860] INFO: Iter 13400 Summary: 
[2025-01-15 06:52:02,861] INFO: 	 lr: 0.00030000000000000073 	 Training loss: 0.024713054895401
[2025-01-15 06:52:16,512] INFO: Iter 13500 Summary: 
[2025-01-15 06:52:16,512] INFO: 	 lr: 0.00030000000000000073 	 Training loss: 0.025164483543485404
[2025-01-15 06:52:30,401] INFO: Iter 13600 Summary: 
[2025-01-15 06:52:30,401] INFO: 	 lr: 0.00030000000000000073 	 Training loss: 0.025022666323930024
[2025-01-15 06:52:42,888] INFO: Iter 13700 Summary: 
[2025-01-15 06:52:42,888] INFO: 	 lr: 0.00030000000000000073 	 Training loss: 0.024941938184201717
[2025-01-15 06:52:56,187] INFO: Iter 13800 Summary: 
[2025-01-15 06:52:56,188] INFO: 	 lr: 0.00030000000000000073 	 Training loss: 0.02471547881141305
[2025-01-15 06:53:10,249] INFO: Iter 13900 Summary: 
[2025-01-15 06:53:10,249] INFO: 	 lr: 0.00030000000000000073 	 Training loss: 0.02502763018012047
[2025-01-15 06:53:23,491] INFO: Iter 14000 Summary: 
[2025-01-15 06:53:23,491] INFO: 	 lr: 0.00030000000000000073 	 Training loss: 0.02485450280830264
[2025-01-15 06:53:43,638] INFO: Iter 14100 Summary: 
[2025-01-15 06:53:43,638] INFO: 	 lr: 0.00030000000000000073 	 Training loss: 0.024883519504219295
[2025-01-15 06:53:56,869] INFO: Iter 14200 Summary: 
[2025-01-15 06:53:56,869] INFO: 	 lr: 0.00030000000000000073 	 Training loss: 0.024783349074423314
[2025-01-15 06:54:09,164] INFO: Iter 14300 Summary: 
[2025-01-15 06:54:09,164] INFO: 	 lr: 0.00030000000000000073 	 Training loss: 0.02481874795630574
[2025-01-15 06:54:21,191] INFO: Iter 14400 Summary: 
[2025-01-15 06:54:21,192] INFO: 	 lr: 0.00030000000000000073 	 Training loss: 0.02472541468217969
[2025-01-15 06:54:32,378] INFO: Iter 14500 Summary: 
[2025-01-15 06:54:32,379] INFO: 	 lr: 0.00030000000000000073 	 Training loss: 0.024777557719498872
[2025-01-15 06:54:45,784] INFO: Iter 14600 Summary: 
[2025-01-15 06:54:45,785] INFO: 	 lr: 0.00030000000000000073 	 Training loss: 0.02489216484129429
[2025-01-15 06:54:58,345] INFO: Iter 14700 Summary: 
[2025-01-15 06:54:58,345] INFO: 	 lr: 0.00030000000000000073 	 Training loss: 0.024700613245368003
[2025-01-15 06:55:13,428] INFO: Iter 14800 Summary: 
[2025-01-15 06:55:13,429] INFO: 	 lr: 0.00030000000000000073 	 Training loss: 0.024899934213608504
[2025-01-15 06:55:26,812] INFO: Iter 14900 Summary: 
[2025-01-15 06:55:26,813] INFO: 	 lr: 0.00030000000000000073 	 Training loss: 0.024684853926301
[2025-01-15 06:55:39,514] INFO: Iter 15000 Summary: 
[2025-01-15 06:55:39,514] INFO: 	 lr: 0.00030000000000000073 	 Training loss: 0.024902897085994483
[2025-01-15 06:55:51,964] INFO: Iter 15100 Summary: 
[2025-01-15 06:55:51,964] INFO: 	 lr: 0.00030000000000000073 	 Training loss: 0.02469235684722662
[2025-01-15 06:56:04,316] INFO: Iter 15200 Summary: 
[2025-01-15 06:56:04,317] INFO: 	 lr: 0.00030000000000000073 	 Training loss: 0.024730044305324553
[2025-01-15 06:56:18,864] INFO: Iter 15300 Summary: 
[2025-01-15 06:56:18,864] INFO: 	 lr: 0.00030000000000000073 	 Training loss: 0.02455060003325343
[2025-01-15 06:56:32,171] INFO: Iter 15400 Summary: 
[2025-01-15 06:56:32,171] INFO: 	 lr: 0.00030000000000000073 	 Training loss: 0.024562142845243214
[2025-01-15 06:56:45,578] INFO: Iter 15500 Summary: 
[2025-01-15 06:56:45,579] INFO: 	 lr: 0.00030000000000000073 	 Training loss: 0.02474351169541478
[2025-01-15 06:56:58,764] INFO: Iter 15600 Summary: 
[2025-01-15 06:56:58,764] INFO: 	 lr: 0.00030000000000000073 	 Training loss: 0.02474154781550169
[2025-01-15 06:57:11,281] INFO: Iter 15700 Summary: 
[2025-01-15 06:57:11,281] INFO: 	 lr: 0.00030000000000000073 	 Training loss: 0.024807982631027698
[2025-01-15 06:57:25,073] INFO: Iter 15800 Summary: 
[2025-01-15 06:57:25,073] INFO: 	 lr: 0.00030000000000000073 	 Training loss: 0.024749824292957783
[2025-01-15 06:57:39,767] INFO: Iter 15900 Summary: 
[2025-01-15 06:57:39,768] INFO: 	 lr: 0.00030000000000000073 	 Training loss: 0.02472275633364916
[2025-01-15 06:57:51,286] INFO: Iter 16000 Summary: 
[2025-01-15 06:57:51,286] INFO: 	 lr: 0.00030000000000000073 	 Training loss: 0.024651401750743387
[2025-01-15 06:58:12,000] INFO: Iter 16100 Summary: 
[2025-01-15 06:58:12,000] INFO: 	 lr: 0.00030000000000000073 	 Training loss: 0.024728207662701607
[2025-01-15 06:58:23,336] INFO: Iter 16200 Summary: 
[2025-01-15 06:58:23,336] INFO: 	 lr: 0.00030000000000000073 	 Training loss: 0.02458371765911579
[2025-01-15 06:58:37,030] INFO: Iter 16300 Summary: 
[2025-01-15 06:58:37,030] INFO: 	 lr: 0.00030000000000000073 	 Training loss: 0.024530393462628128
[2025-01-15 06:58:49,104] INFO: Iter 16400 Summary: 
[2025-01-15 06:58:49,104] INFO: 	 lr: 0.00030000000000000073 	 Training loss: 0.02465256903320551
[2025-01-15 06:59:02,377] INFO: Iter 16500 Summary: 
[2025-01-15 06:59:02,377] INFO: 	 lr: 0.00030000000000000073 	 Training loss: 0.024505742229521274
[2025-01-15 06:59:15,112] INFO: Iter 16600 Summary: 
[2025-01-15 06:59:15,112] INFO: 	 lr: 0.00030000000000000073 	 Training loss: 0.024543941542506217
[2025-01-15 06:59:26,890] INFO: Iter 16700 Summary: 
[2025-01-15 06:59:26,891] INFO: 	 lr: 0.00030000000000000073 	 Training loss: 0.024568853620439767
[2025-01-15 06:59:38,174] INFO: Iter 16800 Summary: 
[2025-01-15 06:59:38,174] INFO: 	 lr: 0.00030000000000000073 	 Training loss: 0.02451896347105503
[2025-01-15 06:59:51,309] INFO: Iter 16900 Summary: 
[2025-01-15 06:59:51,310] INFO: 	 lr: 0.00030000000000000073 	 Training loss: 0.024547699093818664
[2025-01-15 07:00:03,081] INFO: Iter 17000 Summary: 
[2025-01-15 07:00:03,081] INFO: 	 lr: 0.00030000000000000073 	 Training loss: 0.024551073610782622
[2025-01-15 07:00:16,163] INFO: Iter 17100 Summary: 
[2025-01-15 07:00:16,163] INFO: 	 lr: 0.00030000000000000073 	 Training loss: 0.02450625628232956
[2025-01-15 07:00:28,368] INFO: Iter 17200 Summary: 
[2025-01-15 07:00:28,368] INFO: 	 lr: 0.00030000000000000073 	 Training loss: 0.02457221956923604
[2025-01-15 07:00:42,113] INFO: Iter 17300 Summary: 
[2025-01-15 07:00:42,113] INFO: 	 lr: 0.00030000000000000073 	 Training loss: 0.024573357962071895
[2025-01-15 07:00:55,830] INFO: Iter 17400 Summary: 
[2025-01-15 07:00:55,831] INFO: 	 lr: 0.00030000000000000073 	 Training loss: 0.02461524376645684
[2025-01-15 07:01:08,969] INFO: Iter 17500 Summary: 
[2025-01-15 07:01:08,970] INFO: 	 lr: 0.00030000000000000073 	 Training loss: 0.02451917665079236
[2025-01-15 07:01:21,646] INFO: Iter 17600 Summary: 
[2025-01-15 07:01:21,646] INFO: 	 lr: 0.00030000000000000073 	 Training loss: 0.024473215974867343
[2025-01-15 07:01:34,081] INFO: Iter 17700 Summary: 
[2025-01-15 07:01:34,081] INFO: 	 lr: 0.00030000000000000073 	 Training loss: 0.024430414512753486
[2025-01-15 07:01:47,357] INFO: Iter 17800 Summary: 
[2025-01-15 07:01:47,357] INFO: 	 lr: 0.00030000000000000073 	 Training loss: 0.024613705668598412
[2025-01-15 07:01:59,213] INFO: Iter 17900 Summary: 
[2025-01-15 07:01:59,213] INFO: 	 lr: 0.00030000000000000073 	 Training loss: 0.02436983013525605
[2025-01-15 07:02:11,884] INFO: Iter 18000 Summary: 
[2025-01-15 07:02:11,885] INFO: 	 lr: 0.00030000000000000073 	 Training loss: 0.024578640609979628
[2025-01-15 07:02:33,305] INFO: Iter 18100 Summary: 
[2025-01-15 07:02:33,306] INFO: 	 lr: 0.00030000000000000073 	 Training loss: 0.024426891300827265
[2025-01-15 07:02:46,952] INFO: Iter 18200 Summary: 
[2025-01-15 07:02:46,952] INFO: 	 lr: 0.00030000000000000073 	 Training loss: 0.024427493587136268
[2025-01-15 07:02:59,046] INFO: Iter 18300 Summary: 
[2025-01-15 07:02:59,046] INFO: 	 lr: 0.00030000000000000073 	 Training loss: 0.02437864452600479
[2025-01-15 07:03:11,727] INFO: Iter 18400 Summary: 
[2025-01-15 07:03:11,728] INFO: 	 lr: 0.00030000000000000073 	 Training loss: 0.024181606601923703
[2025-01-15 07:03:24,227] INFO: Iter 18500 Summary: 
[2025-01-15 07:03:24,227] INFO: 	 lr: 0.00030000000000000073 	 Training loss: 0.024399803131818772
[2025-01-15 07:03:36,798] INFO: Iter 18600 Summary: 
[2025-01-15 07:03:36,798] INFO: 	 lr: 0.00030000000000000073 	 Training loss: 0.024419199898838995
[2025-01-15 07:03:51,210] INFO: Iter 18700 Summary: 
[2025-01-15 07:03:51,211] INFO: 	 lr: 0.00030000000000000073 	 Training loss: 0.02444192986935377
[2025-01-15 07:04:04,704] INFO: Iter 18800 Summary: 
[2025-01-15 07:04:04,705] INFO: 	 lr: 0.00030000000000000073 	 Training loss: 0.024165682885795833
[2025-01-15 07:04:18,392] INFO: Iter 18900 Summary: 
[2025-01-15 07:04:18,392] INFO: 	 lr: 0.00030000000000000073 	 Training loss: 0.024465571362525224
[2025-01-15 07:04:30,510] INFO: Iter 19000 Summary: 
[2025-01-15 07:04:30,510] INFO: 	 lr: 0.00030000000000000073 	 Training loss: 0.02445769986137748
[2025-01-15 07:04:41,943] INFO: Iter 19100 Summary: 
[2025-01-15 07:04:41,943] INFO: 	 lr: 0.00030000000000000073 	 Training loss: 0.02428569193929434
[2025-01-15 07:04:54,826] INFO: Iter 19200 Summary: 
[2025-01-15 07:04:54,826] INFO: 	 lr: 0.00030000000000000073 	 Training loss: 0.02405362457036972
[2025-01-15 07:05:08,425] INFO: Iter 19300 Summary: 
[2025-01-15 07:05:08,425] INFO: 	 lr: 0.00030000000000000073 	 Training loss: 0.024255099389702082
[2025-01-15 07:05:21,095] INFO: Iter 19400 Summary: 
[2025-01-15 07:05:21,096] INFO: 	 lr: 0.00030000000000000073 	 Training loss: 0.024347458835691213
[2025-01-15 07:05:35,511] INFO: Iter 19500 Summary: 
[2025-01-15 07:05:35,511] INFO: 	 lr: 0.00030000000000000073 	 Training loss: 0.024463496878743173
[2025-01-15 07:05:47,207] INFO: Iter 19600 Summary: 
[2025-01-15 07:05:47,207] INFO: 	 lr: 0.00030000000000000073 	 Training loss: 0.024039421398192644
[2025-01-15 07:06:00,184] INFO: Iter 19700 Summary: 
[2025-01-15 07:06:00,184] INFO: 	 lr: 0.00030000000000000073 	 Training loss: 0.02419556153938174
[2025-01-15 07:06:12,145] INFO: Iter 19800 Summary: 
[2025-01-15 07:06:12,146] INFO: 	 lr: 0.00030000000000000073 	 Training loss: 0.024207516126334667
[2025-01-15 07:06:25,850] INFO: Iter 19900 Summary: 
[2025-01-15 07:06:25,850] INFO: 	 lr: 0.00030000000000000073 	 Training loss: 0.024369331635534765
[2025-01-15 07:06:40,319] INFO: Iter 20000 Summary: 
[2025-01-15 07:06:40,320] INFO: 	 lr: 0.00030000000000000073 	 Training loss: 0.02414126105606556
[2025-01-15 07:07:01,852] INFO: Iter 20100 Summary: 
[2025-01-15 07:07:01,853] INFO: 	 lr: 0.00030000000000000073 	 Training loss: 0.024033049959689377
[2025-01-15 07:07:14,229] INFO: Iter 20200 Summary: 
[2025-01-15 07:07:14,229] INFO: 	 lr: 0.00030000000000000073 	 Training loss: 0.02413952151313424
[2025-01-15 07:07:25,724] INFO: Iter 20300 Summary: 
[2025-01-15 07:07:25,725] INFO: 	 lr: 0.00030000000000000073 	 Training loss: 0.024208190236240625
[2025-01-15 07:07:38,326] INFO: Iter 20400 Summary: 
[2025-01-15 07:07:38,326] INFO: 	 lr: 0.00030000000000000073 	 Training loss: 0.024268191829323767
[2025-01-15 07:07:51,541] INFO: Iter 20500 Summary: 
[2025-01-15 07:07:51,541] INFO: 	 lr: 0.00030000000000000073 	 Training loss: 0.02412402367219329
[2025-01-15 07:08:05,432] INFO: Iter 20600 Summary: 
[2025-01-15 07:08:05,432] INFO: 	 lr: 0.00030000000000000073 	 Training loss: 0.024388459753245117
[2025-01-15 07:08:17,452] INFO: Iter 20700 Summary: 
[2025-01-15 07:08:17,453] INFO: 	 lr: 0.00030000000000000073 	 Training loss: 0.0241560585424304
[2025-01-15 07:08:30,072] INFO: Iter 20800 Summary: 
[2025-01-15 07:08:30,072] INFO: 	 lr: 0.00030000000000000073 	 Training loss: 0.024358300250023602
[2025-01-15 07:08:41,382] INFO: Iter 20900 Summary: 
[2025-01-15 07:08:41,383] INFO: 	 lr: 0.00030000000000000073 	 Training loss: 0.024163213670253755
[2025-01-15 07:08:53,707] INFO: Iter 21000 Summary: 
[2025-01-15 07:08:53,707] INFO: 	 lr: 0.00030000000000000073 	 Training loss: 0.024202299434691668
[2025-01-15 07:09:06,665] INFO: Iter 21100 Summary: 
[2025-01-15 07:09:06,665] INFO: 	 lr: 0.00030000000000000073 	 Training loss: 0.024146368000656365
[2025-01-15 07:09:19,498] INFO: Iter 21200 Summary: 
[2025-01-15 07:09:19,499] INFO: 	 lr: 0.00030000000000000073 	 Training loss: 0.02398200986906886
[2025-01-15 07:09:31,480] INFO: Iter 21300 Summary: 
[2025-01-15 07:09:31,480] INFO: 	 lr: 0.00030000000000000073 	 Training loss: 0.024055362083017826
[2025-01-15 07:09:42,942] INFO: Iter 21400 Summary: 
[2025-01-15 07:09:42,943] INFO: 	 lr: 0.00030000000000000073 	 Training loss: 0.024405170977115632
[2025-01-15 07:09:56,161] INFO: Iter 21500 Summary: 
[2025-01-15 07:09:56,161] INFO: 	 lr: 0.00030000000000000073 	 Training loss: 0.024202194157987834
[2025-01-15 07:10:09,196] INFO: Iter 21600 Summary: 
[2025-01-15 07:10:09,196] INFO: 	 lr: 0.00030000000000000073 	 Training loss: 0.02410109721124172
[2025-01-15 07:10:21,901] INFO: Iter 21700 Summary: 
[2025-01-15 07:10:21,901] INFO: 	 lr: 0.00030000000000000073 	 Training loss: 0.024011849742382765
[2025-01-15 07:10:34,290] INFO: Iter 21800 Summary: 
[2025-01-15 07:10:34,290] INFO: 	 lr: 0.00030000000000000073 	 Training loss: 0.02405519559979439
[2025-01-15 07:10:47,922] INFO: Iter 21900 Summary: 
[2025-01-15 07:10:47,922] INFO: 	 lr: 0.00030000000000000073 	 Training loss: 0.0240534146130085
[2025-01-15 07:11:01,365] INFO: Iter 22000 Summary: 
[2025-01-15 07:11:01,365] INFO: 	 lr: 0.00030000000000000073 	 Training loss: 0.024189961198717354
[2025-01-15 07:11:22,123] INFO: Iter 22100 Summary: 
[2025-01-15 07:11:22,124] INFO: 	 lr: 0.00030000000000000073 	 Training loss: 0.02406261594966054
[2025-01-15 07:11:35,776] INFO: Iter 22200 Summary: 
[2025-01-15 07:11:35,777] INFO: 	 lr: 0.00030000000000000073 	 Training loss: 0.0241062586940825
[2025-01-15 07:11:48,861] INFO: Iter 22300 Summary: 
[2025-01-15 07:11:48,861] INFO: 	 lr: 0.00030000000000000073 	 Training loss: 0.023936432003974915
[2025-01-15 07:12:02,002] INFO: Iter 22400 Summary: 
[2025-01-15 07:12:02,003] INFO: 	 lr: 0.00030000000000000073 	 Training loss: 0.02414572125300765
[2025-01-15 07:12:14,216] INFO: Iter 22500 Summary: 
[2025-01-15 07:12:14,216] INFO: 	 lr: 0.00030000000000000073 	 Training loss: 0.023985005803406238
[2025-01-15 07:12:28,200] INFO: Iter 22600 Summary: 
[2025-01-15 07:12:28,200] INFO: 	 lr: 0.00030000000000000073 	 Training loss: 0.024060882925987244
[2025-01-15 07:12:43,015] INFO: Iter 22700 Summary: 
[2025-01-15 07:12:43,030] INFO: 	 lr: 0.00030000000000000073 	 Training loss: 0.02407108698040247
[2025-01-15 07:12:55,357] INFO: Iter 22800 Summary: 
[2025-01-15 07:12:55,358] INFO: 	 lr: 0.00030000000000000073 	 Training loss: 0.024008571915328503
[2025-01-15 07:13:09,156] INFO: Iter 22900 Summary: 
[2025-01-15 07:13:09,157] INFO: 	 lr: 0.00030000000000000073 	 Training loss: 0.02402941757813096
[2025-01-15 07:13:22,396] INFO: Iter 23000 Summary: 
[2025-01-15 07:13:22,396] INFO: 	 lr: 0.00030000000000000073 	 Training loss: 0.023814216051250697
[2025-01-15 07:13:36,370] INFO: Iter 23100 Summary: 
[2025-01-15 07:13:36,370] INFO: 	 lr: 0.00030000000000000073 	 Training loss: 0.024040822200477124
[2025-01-15 07:13:48,127] INFO: Iter 23200 Summary: 
[2025-01-15 07:13:48,127] INFO: 	 lr: 0.00030000000000000073 	 Training loss: 0.024130962304770947
[2025-01-15 07:14:00,130] INFO: Iter 23300 Summary: 
[2025-01-15 07:14:00,130] INFO: 	 lr: 0.00030000000000000073 	 Training loss: 0.023892020750790836
[2025-01-15 07:14:11,219] INFO: Iter 23400 Summary: 
[2025-01-15 07:14:11,219] INFO: 	 lr: 0.00030000000000000073 	 Training loss: 0.024145716335624456
[2025-01-15 07:14:24,457] INFO: Iter 23500 Summary: 
[2025-01-15 07:14:24,457] INFO: 	 lr: 0.00030000000000000073 	 Training loss: 0.024160532187670468
[2025-01-15 07:14:36,888] INFO: Iter 23600 Summary: 
[2025-01-15 07:14:36,888] INFO: 	 lr: 0.00030000000000000073 	 Training loss: 0.024230545815080405
[2025-01-15 07:14:49,502] INFO: Iter 23700 Summary: 
[2025-01-15 07:14:49,503] INFO: 	 lr: 0.00030000000000000073 	 Training loss: 0.023983062840998173
[2025-01-15 07:15:01,493] INFO: Iter 23800 Summary: 
[2025-01-15 07:15:01,493] INFO: 	 lr: 0.00030000000000000073 	 Training loss: 0.023989930246025325
[2025-01-15 07:15:13,901] INFO: Iter 23900 Summary: 
[2025-01-15 07:15:13,901] INFO: 	 lr: 0.00030000000000000073 	 Training loss: 0.02404012195765972
[2025-01-15 07:15:25,628] INFO: Iter 24000 Summary: 
[2025-01-15 07:15:25,629] INFO: 	 lr: 0.00030000000000000073 	 Training loss: 0.02407178271561861
[2025-01-15 07:15:45,083] INFO: Iter 24100 Summary: 
[2025-01-15 07:15:45,083] INFO: 	 lr: 0.00030000000000000073 	 Training loss: 0.024128959104418753
[2025-01-15 07:15:59,470] INFO: Iter 24200 Summary: 
[2025-01-15 07:15:59,471] INFO: 	 lr: 0.00030000000000000073 	 Training loss: 0.02385697765275836
[2025-01-15 07:16:12,141] INFO: Iter 24300 Summary: 
[2025-01-15 07:16:12,141] INFO: 	 lr: 0.00030000000000000073 	 Training loss: 0.024003412257879973
[2025-01-15 07:16:24,971] INFO: Iter 24400 Summary: 
[2025-01-15 07:16:24,971] INFO: 	 lr: 0.00030000000000000073 	 Training loss: 0.02394074108451605
[2025-01-15 07:16:37,342] INFO: Iter 24500 Summary: 
[2025-01-15 07:16:37,343] INFO: 	 lr: 0.00030000000000000073 	 Training loss: 0.024225867055356502
[2025-01-15 07:16:49,491] INFO: Iter 24600 Summary: 
[2025-01-15 07:16:49,491] INFO: 	 lr: 0.00030000000000000073 	 Training loss: 0.023880662377923727
[2025-01-15 07:17:01,960] INFO: Iter 24700 Summary: 
[2025-01-15 07:17:01,961] INFO: 	 lr: 0.00030000000000000073 	 Training loss: 0.023831704314798117
[2025-01-15 07:17:14,966] INFO: Iter 24800 Summary: 
[2025-01-15 07:17:14,966] INFO: 	 lr: 0.00030000000000000073 	 Training loss: 0.02391423746943474
[2025-01-15 07:17:29,079] INFO: Iter 24900 Summary: 
[2025-01-15 07:17:29,080] INFO: 	 lr: 0.00030000000000000073 	 Training loss: 0.024074903316795827
[2025-01-15 07:17:42,301] INFO: Iter 25000 Summary: 
[2025-01-15 07:17:42,302] INFO: 	 lr: 0.00030000000000000073 	 Training loss: 0.023788703009486198
[2025-01-15 07:17:54,150] INFO: Iter 25100 Summary: 
[2025-01-15 07:17:54,150] INFO: 	 lr: 0.00030000000000000073 	 Training loss: 0.02387530146166682
[2025-01-15 07:18:07,561] INFO: Iter 25200 Summary: 
[2025-01-15 07:18:07,562] INFO: 	 lr: 0.00030000000000000073 	 Training loss: 0.024049940817058087
[2025-01-15 07:18:19,426] INFO: Iter 25300 Summary: 
[2025-01-15 07:18:19,426] INFO: 	 lr: 0.00030000000000000073 	 Training loss: 0.02391924325376749
[2025-01-15 07:18:30,669] INFO: Iter 25400 Summary: 
[2025-01-15 07:18:30,669] INFO: 	 lr: 0.00030000000000000073 	 Training loss: 0.023919172789901494
[2025-01-15 07:18:41,222] INFO: Iter 25500 Summary: 
[2025-01-15 07:18:41,222] INFO: 	 lr: 0.00030000000000000073 	 Training loss: 0.024058699421584607
[2025-01-15 07:18:53,601] INFO: Iter 25600 Summary: 
[2025-01-15 07:18:53,601] INFO: 	 lr: 0.00030000000000000073 	 Training loss: 0.02386206738650799
[2025-01-15 07:19:05,794] INFO: Iter 25700 Summary: 
[2025-01-15 07:19:05,795] INFO: 	 lr: 0.00030000000000000073 	 Training loss: 0.023866062685847282
[2025-01-15 07:19:17,941] INFO: Iter 25800 Summary: 
[2025-01-15 07:19:17,941] INFO: 	 lr: 0.00030000000000000073 	 Training loss: 0.02388006130233407
[2025-01-15 07:19:30,398] INFO: Iter 25900 Summary: 
[2025-01-15 07:19:30,399] INFO: 	 lr: 0.00030000000000000073 	 Training loss: 0.023606709465384484
[2025-01-15 07:19:43,386] INFO: Iter 26000 Summary: 
[2025-01-15 07:19:43,386] INFO: 	 lr: 0.00030000000000000073 	 Training loss: 0.02404183052480221
[2025-01-15 07:20:03,228] INFO: Iter 26100 Summary: 
[2025-01-15 07:20:03,228] INFO: 	 lr: 0.00030000000000000073 	 Training loss: 0.02385096304118633
[2025-01-15 07:20:14,149] INFO: Iter 26200 Summary: 
[2025-01-15 07:20:14,149] INFO: 	 lr: 0.00030000000000000073 	 Training loss: 0.024073867108672858
[2025-01-15 07:20:25,996] INFO: Iter 26300 Summary: 
[2025-01-15 07:20:25,996] INFO: 	 lr: 0.00030000000000000073 	 Training loss: 0.0238660379499197
[2025-01-15 07:20:39,102] INFO: Iter 26400 Summary: 
[2025-01-15 07:20:39,102] INFO: 	 lr: 0.00030000000000000073 	 Training loss: 0.024225011989474295
[2025-01-15 07:20:53,700] INFO: Iter 26500 Summary: 
[2025-01-15 07:20:53,700] INFO: 	 lr: 0.00030000000000000073 	 Training loss: 0.02368250036612153
[2025-01-15 07:21:07,429] INFO: Iter 26600 Summary: 
[2025-01-15 07:21:07,429] INFO: 	 lr: 0.00030000000000000073 	 Training loss: 0.02369899520650506
[2025-01-15 07:21:18,716] INFO: Iter 26700 Summary: 
[2025-01-15 07:21:18,716] INFO: 	 lr: 0.00030000000000000073 	 Training loss: 0.02407363001257181
[2025-01-15 07:21:32,239] INFO: Iter 26800 Summary: 
[2025-01-15 07:21:32,240] INFO: 	 lr: 0.00030000000000000073 	 Training loss: 0.023766489680856467
[2025-01-15 07:21:45,373] INFO: Iter 26900 Summary: 
[2025-01-15 07:21:45,373] INFO: 	 lr: 0.00030000000000000073 	 Training loss: 0.023873344473540784
[2025-01-15 07:22:00,334] INFO: Iter 27000 Summary: 
[2025-01-15 07:22:00,335] INFO: 	 lr: 0.00030000000000000073 	 Training loss: 0.024005529843270777
[2025-01-15 07:22:13,052] INFO: Iter 27100 Summary: 
[2025-01-15 07:22:13,053] INFO: 	 lr: 0.00030000000000000073 	 Training loss: 0.023786063734441996
[2025-01-15 07:22:25,266] INFO: Iter 27200 Summary: 
[2025-01-15 07:22:25,267] INFO: 	 lr: 0.00030000000000000073 	 Training loss: 0.023722447901964188
[2025-01-15 07:22:38,573] INFO: Iter 27300 Summary: 
[2025-01-15 07:22:38,573] INFO: 	 lr: 0.00030000000000000073 	 Training loss: 0.02376799862831831
[2025-01-15 07:22:51,675] INFO: Iter 27400 Summary: 
[2025-01-15 07:22:51,676] INFO: 	 lr: 0.00030000000000000073 	 Training loss: 0.023935112059116363
[2025-01-15 07:23:05,704] INFO: Iter 27500 Summary: 
[2025-01-15 07:23:05,704] INFO: 	 lr: 0.00030000000000000073 	 Training loss: 0.023830761145800353
[2025-01-15 07:23:19,800] INFO: Iter 27600 Summary: 
[2025-01-15 07:23:19,800] INFO: 	 lr: 0.00030000000000000073 	 Training loss: 0.023662918899208307
[2025-01-15 07:23:33,495] INFO: Iter 27700 Summary: 
[2025-01-15 07:23:33,495] INFO: 	 lr: 0.00030000000000000073 	 Training loss: 0.02380605159327388
[2025-01-15 07:23:46,713] INFO: Iter 27800 Summary: 
[2025-01-15 07:23:46,713] INFO: 	 lr: 0.00030000000000000073 	 Training loss: 0.02390066897496581
[2025-01-15 07:24:00,055] INFO: Iter 27900 Summary: 
[2025-01-15 07:24:00,055] INFO: 	 lr: 0.00030000000000000073 	 Training loss: 0.023901379816234112
[2025-01-15 07:24:13,349] INFO: Iter 28000 Summary: 
[2025-01-15 07:24:13,350] INFO: 	 lr: 0.00030000000000000073 	 Training loss: 0.023727913126349448
[2025-01-15 07:24:31,482] INFO: Iter 28100 Summary: 
[2025-01-15 07:24:31,483] INFO: 	 lr: 0.00030000000000000073 	 Training loss: 0.023797742910683154
[2025-01-15 07:24:44,128] INFO: Iter 28200 Summary: 
[2025-01-15 07:24:44,129] INFO: 	 lr: 0.00030000000000000073 	 Training loss: 0.02389107722789049
[2025-01-15 07:24:57,414] INFO: Iter 28300 Summary: 
[2025-01-15 07:24:57,414] INFO: 	 lr: 0.00030000000000000073 	 Training loss: 0.023788652569055557
[2025-01-15 07:25:11,382] INFO: Iter 28400 Summary: 
[2025-01-15 07:25:11,382] INFO: 	 lr: 0.00030000000000000073 	 Training loss: 0.023717597033828496
[2025-01-15 07:25:23,982] INFO: Iter 28500 Summary: 
[2025-01-15 07:25:23,982] INFO: 	 lr: 0.00030000000000000073 	 Training loss: 0.023721129223704337
[2025-01-15 07:25:37,463] INFO: Iter 28600 Summary: 
[2025-01-15 07:25:37,463] INFO: 	 lr: 0.00030000000000000073 	 Training loss: 0.023820075690746307
[2025-01-15 07:25:51,450] INFO: Iter 28700 Summary: 
[2025-01-15 07:25:51,450] INFO: 	 lr: 0.00030000000000000073 	 Training loss: 0.0239264153316617
[2025-01-15 07:26:04,305] INFO: Iter 28800 Summary: 
[2025-01-15 07:26:04,305] INFO: 	 lr: 0.00030000000000000073 	 Training loss: 0.023682134449481963
[2025-01-15 07:26:15,450] INFO: Iter 28900 Summary: 
[2025-01-15 07:26:15,451] INFO: 	 lr: 0.00030000000000000073 	 Training loss: 0.023739745579659938
[2025-01-15 07:26:28,373] INFO: Iter 29000 Summary: 
[2025-01-15 07:26:28,373] INFO: 	 lr: 0.00030000000000000073 	 Training loss: 0.02365349130704999
[2025-01-15 07:26:41,504] INFO: Iter 29100 Summary: 
[2025-01-15 07:26:41,505] INFO: 	 lr: 0.00030000000000000073 	 Training loss: 0.023629769496619702
[2025-01-15 07:26:55,505] INFO: Iter 29200 Summary: 
[2025-01-15 07:26:55,505] INFO: 	 lr: 0.00030000000000000073 	 Training loss: 0.023764888923615217
[2025-01-15 07:27:07,284] INFO: Iter 29300 Summary: 
[2025-01-15 07:27:07,284] INFO: 	 lr: 0.00030000000000000073 	 Training loss: 0.023710226323455572
[2025-01-15 07:27:20,263] INFO: Iter 29400 Summary: 
[2025-01-15 07:27:20,263] INFO: 	 lr: 0.00030000000000000073 	 Training loss: 0.023793571926653385
[2025-01-15 07:27:33,004] INFO: Iter 29500 Summary: 
[2025-01-15 07:27:33,004] INFO: 	 lr: 0.00030000000000000073 	 Training loss: 0.023746332824230193
[2025-01-15 07:27:45,452] INFO: Iter 29600 Summary: 
[2025-01-15 07:27:45,452] INFO: 	 lr: 0.00030000000000000073 	 Training loss: 0.023896840251982212
[2025-01-15 07:27:58,054] INFO: Iter 29700 Summary: 
[2025-01-15 07:27:58,054] INFO: 	 lr: 0.00030000000000000073 	 Training loss: 0.02359981244429946
[2025-01-15 07:28:12,475] INFO: Iter 29800 Summary: 
[2025-01-15 07:28:12,475] INFO: 	 lr: 0.00030000000000000073 	 Training loss: 0.023652564063668252
[2025-01-15 07:28:25,037] INFO: Iter 29900 Summary: 
[2025-01-15 07:28:25,038] INFO: 	 lr: 0.00030000000000000073 	 Training loss: 0.02356183709576726
[2025-01-15 07:28:36,557] INFO: Iter 30000 Summary: 
[2025-01-15 07:28:36,558] INFO: 	 lr: 0.00030000000000000073 	 Training loss: 0.023795346952974795
[2025-01-15 07:28:55,780] INFO: Iter 30100 Summary: 
[2025-01-15 07:28:55,780] INFO: 	 lr: 1.2900000000000026e-05 	 Training loss: 0.023147835172712804
[2025-01-15 07:29:08,017] INFO: Iter 30200 Summary: 
[2025-01-15 07:29:08,017] INFO: 	 lr: 1.000000000000002e-05 	 Training loss: 0.022705699615180493
[2025-01-15 07:29:19,036] INFO: Iter 30300 Summary: 
[2025-01-15 07:29:19,036] INFO: 	 lr: 1.000000000000002e-05 	 Training loss: 0.022767798472195865
[2025-01-15 07:29:31,205] INFO: Iter 30400 Summary: 
[2025-01-15 07:29:31,205] INFO: 	 lr: 1.000000000000002e-05 	 Training loss: 0.022855244949460028
[2025-01-15 07:29:43,153] INFO: Iter 30500 Summary: 
[2025-01-15 07:29:43,154] INFO: 	 lr: 1.000000000000002e-05 	 Training loss: 0.022514324318617582
[2025-01-15 07:29:55,319] INFO: Iter 30600 Summary: 
[2025-01-15 07:29:55,319] INFO: 	 lr: 1.000000000000002e-05 	 Training loss: 0.022635578848421573
[2025-01-15 07:30:05,839] INFO: Iter 30700 Summary: 
[2025-01-15 07:30:05,839] INFO: 	 lr: 1.000000000000002e-05 	 Training loss: 0.022738605868071318
[2025-01-15 07:30:17,950] INFO: Iter 30800 Summary: 
[2025-01-15 07:30:17,951] INFO: 	 lr: 1.000000000000002e-05 	 Training loss: 0.022595582008361818
[2025-01-15 07:30:29,901] INFO: Iter 30900 Summary: 
[2025-01-15 07:30:29,901] INFO: 	 lr: 1.000000000000002e-05 	 Training loss: 0.02252387419342995
[2025-01-15 07:30:42,126] INFO: Iter 31000 Summary: 
[2025-01-15 07:30:42,126] INFO: 	 lr: 1.000000000000002e-05 	 Training loss: 0.02271508440375328
[2025-01-15 07:30:54,186] INFO: Iter 31100 Summary: 
[2025-01-15 07:30:54,187] INFO: 	 lr: 1.000000000000002e-05 	 Training loss: 0.022571394108235835
[2025-01-15 07:31:06,726] INFO: Iter 31200 Summary: 
[2025-01-15 07:31:06,726] INFO: 	 lr: 1.000000000000002e-05 	 Training loss: 0.02256688881665468
[2025-01-15 07:31:17,978] INFO: Iter 31300 Summary: 
[2025-01-15 07:31:17,978] INFO: 	 lr: 1.000000000000002e-05 	 Training loss: 0.022262087445706128
[2025-01-15 07:31:28,475] INFO: Iter 31400 Summary: 
[2025-01-15 07:31:28,475] INFO: 	 lr: 1.000000000000002e-05 	 Training loss: 0.022789815533906223
[2025-01-15 07:31:39,408] INFO: Iter 31500 Summary: 
[2025-01-15 07:31:39,409] INFO: 	 lr: 1.000000000000002e-05 	 Training loss: 0.022216484956443308
[2025-01-15 07:31:52,000] INFO: Iter 31600 Summary: 
[2025-01-15 07:31:52,000] INFO: 	 lr: 1.000000000000002e-05 	 Training loss: 0.02250781763345003
[2025-01-15 07:32:03,713] INFO: Iter 31700 Summary: 
[2025-01-15 07:32:03,713] INFO: 	 lr: 1.000000000000002e-05 	 Training loss: 0.022389688603579996
[2025-01-15 07:32:15,850] INFO: Iter 31800 Summary: 
[2025-01-15 07:32:15,851] INFO: 	 lr: 1.000000000000002e-05 	 Training loss: 0.022583704721182585
