[2025-01-07 02:01:21,538] INFO: {
    "abs_dir": "/home/diwang/siMLPe/exps/baseline_h36m",
    "batch_size": 256,
    "cos_lr_max": 1e-05,
    "cos_lr_min": 5e-08,
    "cos_lr_total_iters": 40000,
    "data_aug": true,
    "deriv_input": true,
    "deriv_output": true,
    "device": "cuda:2",
    "h36m_anno_dir": "/home/diwang/siMLPe/data/h36m/",
    "link_log_file": "/home/diwang/siMLPe/exps/baseline_h36m/log/log_last.log",
    "link_val_log_file": "/home/diwang/siMLPe/exps/baseline_h36m/log/val_last.log",
    "log_dir": "/home/diwang/siMLPe/exps/baseline_h36m/log",
    "log_file": "/home/diwang/siMLPe/exps/baseline_h36m/log/log_2025_01_07_02_01_01.log",
    "model_pth": null,
    "motion": {
        "dim": 66,
        "h36m_input_length": 50,
        "h36m_input_length_dct": 50,
        "h36m_target_length": 10,
        "h36m_target_length_eval": 25,
        "h36m_target_length_train": 10
    },
    "motion_fc_in": {
        "activation": "relu",
        "in_features": 66,
        "init_w_trunc_normal": false,
        "out_features": 66,
        "temporal_fc": false,
        "with_norm": false
    },
    "motion_fc_out": {
        "activation": "relu",
        "in_features": 66,
        "init_w_trunc_normal": true,
        "out_features": 66,
        "temporal_fc": false,
        "with_norm": false
    },
    "motion_mlp": {
        "hidden_dim": 66,
        "norm_axis": "spatial",
        "num_layers": 48,
        "seq_len": 50,
        "spatial_fc_only": false,
        "with_normalization": true
    },
    "num_workers": 8,
    "post_dct": false,
    "pre_dct": false,
    "print_every": 100,
    "repo_name": "siMLPe",
    "root_dir": "/home/diwang/siMLPe",
    "save_every": 100,
    "seed": 304,
    "shift_step": 1,
    "snapshot_dir": "/home/diwang/siMLPe/exps/baseline_h36m/log/snapshot",
    "this_dir": "baseline_h36m",
    "use_relative_loss": true,
    "val_log_file": "/home/diwang/siMLPe/exps/baseline_h36m/log/val_2025_01_07_02_01_01.log",
    "weight_decay": 0.0001
}
[2025-01-07 02:01:30,344] INFO: Iter 100 Summary: 
[2025-01-07 02:01:30,344] INFO: 	 lr: 0.00030000000000000073 	 Training loss: 0.09109303593635559
[2025-01-07 02:01:39,397] INFO: Iter 200 Summary: 
[2025-01-07 02:01:39,397] INFO: 	 lr: 0.00030000000000000073 	 Training loss: 0.07475001901388169
[2025-01-07 02:01:48,694] INFO: Iter 300 Summary: 
[2025-01-07 02:01:48,694] INFO: 	 lr: 0.00030000000000000073 	 Training loss: 0.07297014631330967
[2025-01-07 02:01:57,951] INFO: Iter 400 Summary: 
[2025-01-07 02:01:57,951] INFO: 	 lr: 0.00030000000000000073 	 Training loss: 0.05607551634311676
[2025-01-07 02:02:07,217] INFO: Iter 500 Summary: 
[2025-01-07 02:02:07,217] INFO: 	 lr: 0.00030000000000000073 	 Training loss: 0.04112641390413046
[2025-01-07 02:02:17,344] INFO: Iter 600 Summary: 
[2025-01-07 02:02:17,345] INFO: 	 lr: 0.00030000000000000073 	 Training loss: 0.03767028924077749
[2025-01-07 02:02:32,038] INFO: Iter 700 Summary: 
[2025-01-07 02:02:32,039] INFO: 	 lr: 0.00030000000000000073 	 Training loss: 0.036264483071863654
[2025-01-07 02:02:44,932] INFO: Iter 800 Summary: 
[2025-01-07 02:02:44,933] INFO: 	 lr: 0.00030000000000000073 	 Training loss: 0.03522180937230587
[2025-01-07 02:03:00,789] INFO: Iter 900 Summary: 
[2025-01-07 02:03:00,789] INFO: 	 lr: 0.00030000000000000073 	 Training loss: 0.034271689355373385
[2025-01-07 02:03:18,012] INFO: Iter 1000 Summary: 
[2025-01-07 02:03:18,012] INFO: 	 lr: 0.00030000000000000073 	 Training loss: 0.03376701122149825
[2025-01-07 02:03:30,654] INFO: Iter 1100 Summary: 
[2025-01-07 02:03:30,654] INFO: 	 lr: 0.00030000000000000073 	 Training loss: 0.03289690125733614
[2025-01-07 02:03:39,779] INFO: Iter 1200 Summary: 
[2025-01-07 02:03:39,779] INFO: 	 lr: 0.00030000000000000073 	 Training loss: 0.03271590096876025
[2025-01-07 02:03:48,837] INFO: Iter 1300 Summary: 
[2025-01-07 02:03:48,838] INFO: 	 lr: 0.00030000000000000073 	 Training loss: 0.0324013932235539
[2025-01-07 02:03:59,508] INFO: Iter 1400 Summary: 
[2025-01-07 02:03:59,509] INFO: 	 lr: 0.00030000000000000073 	 Training loss: 0.03176523990929127
[2025-01-07 02:04:08,711] INFO: Iter 1500 Summary: 
[2025-01-07 02:04:08,711] INFO: 	 lr: 0.00030000000000000073 	 Training loss: 0.033567048236727716
