[2025-01-13 13:16:13,805] INFO: {
    "abs_dir": "/home/diwang/siMLPe/exps/baseline_h36m",
    "batch_size": 256,
    "cos_lr_max": 1e-05,
    "cos_lr_min": 5e-08,
    "cos_lr_total_iters": 40000,
    "data_aug": true,
    "deriv_input": true,
    "deriv_output": true,
    "device": "cuda:4",
    "h36m_anno_dir": "/home/diwang/siMLPe/data/h36m/",
    "link_log_file": "/home/diwang/siMLPe/exps/baseline_h36m/log/log_last.log",
    "link_val_log_file": "/home/diwang/siMLPe/exps/baseline_h36m/log/val_last.log",
    "log_dir": "/home/diwang/siMLPe/exps/baseline_h36m/log",
    "log_file": "/home/diwang/siMLPe/exps/baseline_h36m/log/log_2025_01_13_13_15_55.log",
    "model_pth": null,
    "motion": {
        "dim": 66,
        "h36m_input_length": 50,
        "h36m_input_length_dct": 50,
        "h36m_target_length": 10,
        "h36m_target_length_eval": 10,
        "h36m_target_length_train": 10
    },
    "motion_fc_in": {
        "activation": "relu",
        "in_features": 66,
        "init_w_trunc_normal": false,
        "out_features": 66,
        "temporal_fc": false,
        "with_norm": false
    },
    "motion_fc_out": {
        "activation": "relu",
        "in_features": 66,
        "init_w_trunc_normal": true,
        "out_features": 66,
        "temporal_fc": false,
        "with_norm": false
    },
    "motion_mlp": {
        "hidden_dim": 66,
        "norm_axis": "spatial",
        "num_layers": 48,
        "seq_len": 50,
        "spatial_fc_only": false,
        "with_normalization": true
    },
    "num_workers": 8,
    "post_dct": false,
    "pre_dct": false,
    "print_every": 100,
    "repo_name": "siMLPe",
    "root_dir": "/home/diwang/siMLPe",
    "save_every": 2000,
    "seed": 304,
    "shift_step": 1,
    "snapshot_dir": "/home/diwang/siMLPe/exps/baseline_h36m/log/snapshot",
    "this_dir": "baseline_h36m",
    "use_relative_loss": true,
    "val_log_file": "/home/diwang/siMLPe/exps/baseline_h36m/log/val_2025_01_13_13_15_55.log",
    "weight_decay": 0.0001
}
[2025-01-13 13:16:23,005] INFO: Iter 100 Summary: 
[2025-01-13 13:16:23,005] INFO: 	 lr: 0.00030000000000000073 	 Training loss: 0.08713441543281078
[2025-01-13 13:16:29,984] INFO: Iter 200 Summary: 
[2025-01-13 13:16:29,984] INFO: 	 lr: 0.00030000000000000073 	 Training loss: 0.07465265937149525
[2025-01-13 13:16:37,011] INFO: Iter 300 Summary: 
[2025-01-13 13:16:37,012] INFO: 	 lr: 0.00030000000000000073 	 Training loss: 0.07039082750678062
[2025-01-13 13:16:43,901] INFO: Iter 400 Summary: 
[2025-01-13 13:16:43,902] INFO: 	 lr: 0.00030000000000000073 	 Training loss: 0.06520674720406533
[2025-01-13 13:16:50,820] INFO: Iter 500 Summary: 
[2025-01-13 13:16:50,821] INFO: 	 lr: 0.00030000000000000073 	 Training loss: 0.06056007467210293
[2025-01-13 13:16:57,830] INFO: Iter 600 Summary: 
[2025-01-13 13:16:57,830] INFO: 	 lr: 0.00030000000000000073 	 Training loss: 0.05835030093789101
[2025-01-13 13:17:05,969] INFO: Iter 700 Summary: 
[2025-01-13 13:17:05,969] INFO: 	 lr: 0.00030000000000000073 	 Training loss: 0.057194854095578194
[2025-01-13 13:17:13,160] INFO: Iter 800 Summary: 
[2025-01-13 13:17:13,161] INFO: 	 lr: 0.00030000000000000073 	 Training loss: 0.056492888815701005
[2025-01-13 13:17:20,238] INFO: Iter 900 Summary: 
[2025-01-13 13:17:20,238] INFO: 	 lr: 0.00030000000000000073 	 Training loss: 0.0558500611782074
[2025-01-13 13:17:27,180] INFO: Iter 1000 Summary: 
[2025-01-13 13:17:27,180] INFO: 	 lr: 0.00030000000000000073 	 Training loss: 0.05572965428233147
[2025-01-13 13:17:34,059] INFO: Iter 1100 Summary: 
[2025-01-13 13:17:34,059] INFO: 	 lr: 0.00030000000000000073 	 Training loss: 0.05560596443712711
[2025-01-13 13:17:40,929] INFO: Iter 1200 Summary: 
[2025-01-13 13:17:40,930] INFO: 	 lr: 0.00030000000000000073 	 Training loss: 0.053845150135457515
[2025-01-13 13:17:47,744] INFO: Iter 1300 Summary: 
[2025-01-13 13:17:47,744] INFO: 	 lr: 0.00030000000000000073 	 Training loss: 0.05376107428222895
[2025-01-13 13:17:56,166] INFO: Iter 1400 Summary: 
[2025-01-13 13:17:56,166] INFO: 	 lr: 0.00030000000000000073 	 Training loss: 0.053796212300658224
[2025-01-13 13:18:03,130] INFO: Iter 1500 Summary: 
[2025-01-13 13:18:03,130] INFO: 	 lr: 0.00030000000000000073 	 Training loss: 0.053521576449275014
[2025-01-13 13:18:09,984] INFO: Iter 1600 Summary: 
[2025-01-13 13:18:09,984] INFO: 	 lr: 0.00030000000000000073 	 Training loss: 0.0528569421172142
[2025-01-13 13:18:16,913] INFO: Iter 1700 Summary: 
[2025-01-13 13:18:16,913] INFO: 	 lr: 0.00030000000000000073 	 Training loss: 0.05280514195561409
[2025-01-13 13:18:23,799] INFO: Iter 1800 Summary: 
[2025-01-13 13:18:23,799] INFO: 	 lr: 0.00030000000000000073 	 Training loss: 0.0520035371184349
[2025-01-13 13:18:30,822] INFO: Iter 1900 Summary: 
[2025-01-13 13:18:30,822] INFO: 	 lr: 0.00030000000000000073 	 Training loss: 0.05249262884259224
[2025-01-13 13:18:38,026] INFO: Iter 2000 Summary: 
[2025-01-13 13:18:38,026] INFO: 	 lr: 0.00030000000000000073 	 Training loss: 0.05153701808303594
[2025-01-13 13:18:48,060] INFO: Iter 2100 Summary: 
[2025-01-13 13:18:48,061] INFO: 	 lr: 0.00030000000000000073 	 Training loss: 0.051574781462550165
[2025-01-13 13:18:55,072] INFO: Iter 2200 Summary: 
[2025-01-13 13:18:55,073] INFO: 	 lr: 0.00030000000000000073 	 Training loss: 0.05120854839682579
[2025-01-13 13:19:02,005] INFO: Iter 2300 Summary: 
[2025-01-13 13:19:02,006] INFO: 	 lr: 0.00030000000000000073 	 Training loss: 0.05130393695086241
[2025-01-13 13:19:08,945] INFO: Iter 2400 Summary: 
[2025-01-13 13:19:08,946] INFO: 	 lr: 0.00030000000000000073 	 Training loss: 0.05106268398463726
[2025-01-13 13:19:15,861] INFO: Iter 2500 Summary: 
[2025-01-13 13:19:15,861] INFO: 	 lr: 0.00030000000000000073 	 Training loss: 0.05075976807624102
[2025-01-13 13:19:22,764] INFO: Iter 2600 Summary: 
[2025-01-13 13:19:22,764] INFO: 	 lr: 0.00030000000000000073 	 Training loss: 0.05111330348998308
[2025-01-13 13:19:29,614] INFO: Iter 2700 Summary: 
[2025-01-13 13:19:29,614] INFO: 	 lr: 0.00030000000000000073 	 Training loss: 0.050695504210889336
[2025-01-13 13:19:38,211] INFO: Iter 2800 Summary: 
[2025-01-13 13:19:38,211] INFO: 	 lr: 0.00030000000000000073 	 Training loss: 0.05012615829706192
[2025-01-13 13:19:45,216] INFO: Iter 2900 Summary: 
[2025-01-13 13:19:45,216] INFO: 	 lr: 0.00030000000000000073 	 Training loss: 0.04996498413383961
[2025-01-13 13:19:51,901] INFO: Iter 3000 Summary: 
[2025-01-13 13:19:51,901] INFO: 	 lr: 0.00030000000000000073 	 Training loss: 0.0504981653764844
[2025-01-13 13:19:58,984] INFO: Iter 3100 Summary: 
[2025-01-13 13:19:58,984] INFO: 	 lr: 0.00030000000000000073 	 Training loss: 0.04997357729822397
[2025-01-13 13:20:05,804] INFO: Iter 3200 Summary: 
[2025-01-13 13:20:05,804] INFO: 	 lr: 0.00030000000000000073 	 Training loss: 0.04998678430914879
[2025-01-13 13:20:12,620] INFO: Iter 3300 Summary: 
[2025-01-13 13:20:12,620] INFO: 	 lr: 0.00030000000000000073 	 Training loss: 0.04980281211435795
[2025-01-13 13:20:19,516] INFO: Iter 3400 Summary: 
[2025-01-13 13:20:19,516] INFO: 	 lr: 0.00030000000000000073 	 Training loss: 0.049986099377274516
[2025-01-13 13:20:27,897] INFO: Iter 3500 Summary: 
[2025-01-13 13:20:27,897] INFO: 	 lr: 0.00030000000000000073 	 Training loss: 0.049844023585319516
[2025-01-13 13:20:34,827] INFO: Iter 3600 Summary: 
[2025-01-13 13:20:34,827] INFO: 	 lr: 0.00030000000000000073 	 Training loss: 0.049786487855017186
[2025-01-13 13:20:41,492] INFO: Iter 3700 Summary: 
[2025-01-13 13:20:41,492] INFO: 	 lr: 0.00030000000000000073 	 Training loss: 0.04896692767739296
[2025-01-13 13:20:48,560] INFO: Iter 3800 Summary: 
[2025-01-13 13:20:48,560] INFO: 	 lr: 0.00030000000000000073 	 Training loss: 0.048942401707172394
[2025-01-13 13:20:55,738] INFO: Iter 3900 Summary: 
[2025-01-13 13:20:55,738] INFO: 	 lr: 0.00030000000000000073 	 Training loss: 0.04885578088462353
[2025-01-13 13:21:02,841] INFO: Iter 4000 Summary: 
[2025-01-13 13:21:02,841] INFO: 	 lr: 0.00030000000000000073 	 Training loss: 0.04950512886047363
[2025-01-13 13:21:11,749] INFO: Iter 4100 Summary: 
[2025-01-13 13:21:11,749] INFO: 	 lr: 0.00030000000000000073 	 Training loss: 0.04947197809815407
[2025-01-13 13:21:20,156] INFO: Iter 4200 Summary: 
[2025-01-13 13:21:20,156] INFO: 	 lr: 0.00030000000000000073 	 Training loss: 0.04874685913324356
[2025-01-13 13:21:27,032] INFO: Iter 4300 Summary: 
[2025-01-13 13:21:27,032] INFO: 	 lr: 0.00030000000000000073 	 Training loss: 0.0489947671815753
[2025-01-13 13:21:33,837] INFO: Iter 4400 Summary: 
[2025-01-13 13:21:33,837] INFO: 	 lr: 0.00030000000000000073 	 Training loss: 0.048771480247378346
[2025-01-13 13:21:40,600] INFO: Iter 4500 Summary: 
[2025-01-13 13:21:40,601] INFO: 	 lr: 0.00030000000000000073 	 Training loss: 0.04852089587599039
[2025-01-13 13:21:47,458] INFO: Iter 4600 Summary: 
[2025-01-13 13:21:47,458] INFO: 	 lr: 0.00030000000000000073 	 Training loss: 0.048569814711809156
[2025-01-13 13:21:54,335] INFO: Iter 4700 Summary: 
[2025-01-13 13:21:54,335] INFO: 	 lr: 0.00030000000000000073 	 Training loss: 0.04811035331338644
[2025-01-13 13:22:01,192] INFO: Iter 4800 Summary: 
[2025-01-13 13:22:01,192] INFO: 	 lr: 0.00030000000000000073 	 Training loss: 0.048257830291986464
[2025-01-13 13:22:09,625] INFO: Iter 4900 Summary: 
[2025-01-13 13:22:09,625] INFO: 	 lr: 0.00030000000000000073 	 Training loss: 0.04823100741952658
[2025-01-13 13:22:16,494] INFO: Iter 5000 Summary: 
[2025-01-13 13:22:16,494] INFO: 	 lr: 0.00030000000000000073 	 Training loss: 0.048762828670442106
[2025-01-13 13:22:23,266] INFO: Iter 5100 Summary: 
[2025-01-13 13:22:23,266] INFO: 	 lr: 0.00030000000000000073 	 Training loss: 0.048060133419930935
[2025-01-13 13:22:30,216] INFO: Iter 5200 Summary: 
[2025-01-13 13:22:30,217] INFO: 	 lr: 0.00030000000000000073 	 Training loss: 0.04784172233194113
[2025-01-13 13:22:37,001] INFO: Iter 5300 Summary: 
[2025-01-13 13:22:37,001] INFO: 	 lr: 0.00030000000000000073 	 Training loss: 0.04791609726846218
[2025-01-13 13:22:43,882] INFO: Iter 5400 Summary: 
[2025-01-13 13:22:43,882] INFO: 	 lr: 0.00030000000000000073 	 Training loss: 0.04737825326621532
[2025-01-13 13:22:50,670] INFO: Iter 5500 Summary: 
[2025-01-13 13:22:50,671] INFO: 	 lr: 0.00030000000000000073 	 Training loss: 0.04770405124872923
[2025-01-13 13:22:59,190] INFO: Iter 5600 Summary: 
[2025-01-13 13:22:59,191] INFO: 	 lr: 0.00030000000000000073 	 Training loss: 0.04750795938074589
[2025-01-13 13:23:06,107] INFO: Iter 5700 Summary: 
[2025-01-13 13:23:06,107] INFO: 	 lr: 0.00030000000000000073 	 Training loss: 0.0470867008715868
[2025-01-13 13:23:12,959] INFO: Iter 5800 Summary: 
[2025-01-13 13:23:12,959] INFO: 	 lr: 0.00030000000000000073 	 Training loss: 0.047346521094441416
[2025-01-13 13:23:19,742] INFO: Iter 5900 Summary: 
[2025-01-13 13:23:19,742] INFO: 	 lr: 0.00030000000000000073 	 Training loss: 0.046948316134512426
[2025-01-13 13:23:26,611] INFO: Iter 6000 Summary: 
[2025-01-13 13:23:26,611] INFO: 	 lr: 0.00030000000000000073 	 Training loss: 0.04700473707169294
[2025-01-13 13:23:34,965] INFO: Iter 6100 Summary: 
[2025-01-13 13:23:34,965] INFO: 	 lr: 0.00030000000000000073 	 Training loss: 0.046784941554069516
[2025-01-13 13:23:43,263] INFO: Iter 6200 Summary: 
[2025-01-13 13:23:43,263] INFO: 	 lr: 0.00030000000000000073 	 Training loss: 0.046652512699365614
[2025-01-13 13:23:50,321] INFO: Iter 6300 Summary: 
[2025-01-13 13:23:50,321] INFO: 	 lr: 0.00030000000000000073 	 Training loss: 0.04644642986357212
[2025-01-13 13:23:57,340] INFO: Iter 6400 Summary: 
[2025-01-13 13:23:57,340] INFO: 	 lr: 0.00030000000000000073 	 Training loss: 0.046506319902837275
[2025-01-13 13:24:04,210] INFO: Iter 6500 Summary: 
[2025-01-13 13:24:04,210] INFO: 	 lr: 0.00030000000000000073 	 Training loss: 0.04618743471801281
[2025-01-13 13:24:10,981] INFO: Iter 6600 Summary: 
[2025-01-13 13:24:10,981] INFO: 	 lr: 0.00030000000000000073 	 Training loss: 0.04623363096266985
[2025-01-13 13:24:17,767] INFO: Iter 6700 Summary: 
[2025-01-13 13:24:17,767] INFO: 	 lr: 0.00030000000000000073 	 Training loss: 0.04601345431059599
[2025-01-13 13:24:24,559] INFO: Iter 6800 Summary: 
[2025-01-13 13:24:24,559] INFO: 	 lr: 0.00030000000000000073 	 Training loss: 0.04568120781332254
[2025-01-13 13:24:32,787] INFO: Iter 6900 Summary: 
[2025-01-13 13:24:32,787] INFO: 	 lr: 0.00030000000000000073 	 Training loss: 0.04595132727175951
[2025-01-13 13:24:39,601] INFO: Iter 7000 Summary: 
[2025-01-13 13:24:39,601] INFO: 	 lr: 0.00030000000000000073 	 Training loss: 0.04602955527603626
[2025-01-13 13:24:46,408] INFO: Iter 7100 Summary: 
[2025-01-13 13:24:46,408] INFO: 	 lr: 0.00030000000000000073 	 Training loss: 0.04556172482669354
[2025-01-13 13:24:53,204] INFO: Iter 7200 Summary: 
[2025-01-13 13:24:53,205] INFO: 	 lr: 0.00030000000000000073 	 Training loss: 0.04536982081830501
[2025-01-13 13:25:00,118] INFO: Iter 7300 Summary: 
[2025-01-13 13:25:00,119] INFO: 	 lr: 0.00030000000000000073 	 Training loss: 0.04520168207585812
[2025-01-13 13:25:07,245] INFO: Iter 7400 Summary: 
[2025-01-13 13:25:07,245] INFO: 	 lr: 0.00030000000000000073 	 Training loss: 0.04516506765037775
[2025-01-13 13:25:14,360] INFO: Iter 7500 Summary: 
[2025-01-13 13:25:14,360] INFO: 	 lr: 0.00030000000000000073 	 Training loss: 0.04518701184540987
[2025-01-13 13:25:22,767] INFO: Iter 7600 Summary: 
[2025-01-13 13:25:22,767] INFO: 	 lr: 0.00030000000000000073 	 Training loss: 0.04520420327782631
[2025-01-13 13:25:29,691] INFO: Iter 7700 Summary: 
[2025-01-13 13:25:29,692] INFO: 	 lr: 0.00030000000000000073 	 Training loss: 0.04494573947042227
[2025-01-13 13:25:36,499] INFO: Iter 7800 Summary: 
[2025-01-13 13:25:36,499] INFO: 	 lr: 0.00030000000000000073 	 Training loss: 0.04434569101780653
[2025-01-13 13:25:43,361] INFO: Iter 7900 Summary: 
[2025-01-13 13:25:43,362] INFO: 	 lr: 0.00030000000000000073 	 Training loss: 0.04454519808292389
[2025-01-13 13:25:50,130] INFO: Iter 8000 Summary: 
[2025-01-13 13:25:50,130] INFO: 	 lr: 0.00030000000000000073 	 Training loss: 0.04460116993635893
[2025-01-13 13:25:58,548] INFO: Iter 8100 Summary: 
[2025-01-13 13:25:58,548] INFO: 	 lr: 0.00030000000000000073 	 Training loss: 0.044585944600403306
[2025-01-13 13:26:05,312] INFO: Iter 8200 Summary: 
[2025-01-13 13:26:05,313] INFO: 	 lr: 0.00030000000000000073 	 Training loss: 0.04447371955960989
[2025-01-13 13:26:13,653] INFO: Iter 8300 Summary: 
[2025-01-13 13:26:13,654] INFO: 	 lr: 0.00030000000000000073 	 Training loss: 0.044700459614396094
[2025-01-13 13:26:20,588] INFO: Iter 8400 Summary: 
[2025-01-13 13:26:20,589] INFO: 	 lr: 0.00030000000000000073 	 Training loss: 0.04418327074497938
[2025-01-13 13:26:27,481] INFO: Iter 8500 Summary: 
[2025-01-13 13:26:27,482] INFO: 	 lr: 0.00030000000000000073 	 Training loss: 0.04434201050549746
[2025-01-13 13:26:34,533] INFO: Iter 8600 Summary: 
[2025-01-13 13:26:34,533] INFO: 	 lr: 0.00030000000000000073 	 Training loss: 0.043780361376702784
[2025-01-13 13:26:41,581] INFO: Iter 8700 Summary: 
[2025-01-13 13:26:41,581] INFO: 	 lr: 0.00030000000000000073 	 Training loss: 0.044004570730030536
[2025-01-13 13:26:48,800] INFO: Iter 8800 Summary: 
[2025-01-13 13:26:48,800] INFO: 	 lr: 0.00030000000000000073 	 Training loss: 0.04419297743588686
[2025-01-13 13:26:55,880] INFO: Iter 8900 Summary: 
[2025-01-13 13:26:55,880] INFO: 	 lr: 0.00030000000000000073 	 Training loss: 0.04348462998867035
[2025-01-13 13:27:04,230] INFO: Iter 9000 Summary: 
[2025-01-13 13:27:04,230] INFO: 	 lr: 0.00030000000000000073 	 Training loss: 0.043512687794864176
[2025-01-13 13:27:11,282] INFO: Iter 9100 Summary: 
[2025-01-13 13:27:11,282] INFO: 	 lr: 0.00030000000000000073 	 Training loss: 0.043764249086380005
[2025-01-13 13:27:18,205] INFO: Iter 9200 Summary: 
[2025-01-13 13:27:18,205] INFO: 	 lr: 0.00030000000000000073 	 Training loss: 0.043722090497612956
[2025-01-13 13:27:25,218] INFO: Iter 9300 Summary: 
[2025-01-13 13:27:25,219] INFO: 	 lr: 0.00030000000000000073 	 Training loss: 0.043615618348121644
[2025-01-13 13:27:32,202] INFO: Iter 9400 Summary: 
[2025-01-13 13:27:32,203] INFO: 	 lr: 0.00030000000000000073 	 Training loss: 0.043069281950592994
[2025-01-13 13:27:39,285] INFO: Iter 9500 Summary: 
[2025-01-13 13:27:39,285] INFO: 	 lr: 0.00030000000000000073 	 Training loss: 0.04327459707856178
[2025-01-13 13:27:46,266] INFO: Iter 9600 Summary: 
[2025-01-13 13:27:46,266] INFO: 	 lr: 0.00030000000000000073 	 Training loss: 0.04331291150301695
[2025-01-13 13:27:55,955] INFO: Iter 9700 Summary: 
[2025-01-13 13:27:55,956] INFO: 	 lr: 0.00030000000000000073 	 Training loss: 0.043193360045552256
[2025-01-13 13:28:02,986] INFO: Iter 9800 Summary: 
[2025-01-13 13:28:02,986] INFO: 	 lr: 0.00030000000000000073 	 Training loss: 0.043023174330592155
[2025-01-13 13:28:10,154] INFO: Iter 9900 Summary: 
[2025-01-13 13:28:10,155] INFO: 	 lr: 0.00030000000000000073 	 Training loss: 0.04291443474590778
[2025-01-13 13:28:17,242] INFO: Iter 10000 Summary: 
[2025-01-13 13:28:17,242] INFO: 	 lr: 0.00030000000000000073 	 Training loss: 0.04292451109737158
[2025-01-13 13:28:26,027] INFO: Iter 10100 Summary: 
[2025-01-13 13:28:26,027] INFO: 	 lr: 0.00030000000000000073 	 Training loss: 0.04322488527745008
[2025-01-13 13:28:32,928] INFO: Iter 10200 Summary: 
[2025-01-13 13:28:32,928] INFO: 	 lr: 0.00030000000000000073 	 Training loss: 0.04244921684265137
[2025-01-13 13:28:39,922] INFO: Iter 10300 Summary: 
[2025-01-13 13:28:39,922] INFO: 	 lr: 0.00030000000000000073 	 Training loss: 0.04283345468342304
[2025-01-13 13:28:48,454] INFO: Iter 10400 Summary: 
[2025-01-13 13:28:48,455] INFO: 	 lr: 0.00030000000000000073 	 Training loss: 0.04253769431263208
[2025-01-13 13:28:55,422] INFO: Iter 10500 Summary: 
[2025-01-13 13:28:55,422] INFO: 	 lr: 0.00030000000000000073 	 Training loss: 0.04290525253862142
[2025-01-13 13:29:02,360] INFO: Iter 10600 Summary: 
[2025-01-13 13:29:02,361] INFO: 	 lr: 0.00030000000000000073 	 Training loss: 0.04243043940514326
[2025-01-13 13:29:09,393] INFO: Iter 10700 Summary: 
[2025-01-13 13:29:09,393] INFO: 	 lr: 0.00030000000000000073 	 Training loss: 0.042439894378185274
[2025-01-13 13:29:16,305] INFO: Iter 10800 Summary: 
[2025-01-13 13:29:16,305] INFO: 	 lr: 0.00030000000000000073 	 Training loss: 0.04238349869847298
[2025-01-13 13:29:23,536] INFO: Iter 10900 Summary: 
[2025-01-13 13:29:23,536] INFO: 	 lr: 0.00030000000000000073 	 Training loss: 0.04236964784562588
[2025-01-13 13:29:30,513] INFO: Iter 11000 Summary: 
[2025-01-13 13:29:30,514] INFO: 	 lr: 0.00030000000000000073 	 Training loss: 0.04234189845621586
[2025-01-13 13:29:39,032] INFO: Iter 11100 Summary: 
[2025-01-13 13:29:39,032] INFO: 	 lr: 0.00030000000000000073 	 Training loss: 0.04230184521526098
[2025-01-13 13:29:45,952] INFO: Iter 11200 Summary: 
[2025-01-13 13:29:45,952] INFO: 	 lr: 0.00030000000000000073 	 Training loss: 0.042262847051024434
[2025-01-13 13:29:52,810] INFO: Iter 11300 Summary: 
[2025-01-13 13:29:52,810] INFO: 	 lr: 0.00030000000000000073 	 Training loss: 0.042245815694332126
[2025-01-13 13:29:59,760] INFO: Iter 11400 Summary: 
[2025-01-13 13:29:59,760] INFO: 	 lr: 0.00030000000000000073 	 Training loss: 0.041899132952094076
[2025-01-13 13:30:06,864] INFO: Iter 11500 Summary: 
[2025-01-13 13:30:06,865] INFO: 	 lr: 0.00030000000000000073 	 Training loss: 0.04241024680435657
[2025-01-13 13:30:13,824] INFO: Iter 11600 Summary: 
[2025-01-13 13:30:13,824] INFO: 	 lr: 0.00030000000000000073 	 Training loss: 0.0417292270436883
[2025-01-13 13:30:21,783] INFO: Iter 11700 Summary: 
[2025-01-13 13:30:21,783] INFO: 	 lr: 0.00030000000000000073 	 Training loss: 0.04170209288597107
[2025-01-13 13:30:29,011] INFO: Iter 11800 Summary: 
[2025-01-13 13:30:29,011] INFO: 	 lr: 0.00030000000000000073 	 Training loss: 0.04142823684960604
[2025-01-13 13:30:36,205] INFO: Iter 11900 Summary: 
[2025-01-13 13:30:36,205] INFO: 	 lr: 0.00030000000000000073 	 Training loss: 0.0417948492616415
[2025-01-13 13:30:43,426] INFO: Iter 12000 Summary: 
[2025-01-13 13:30:43,426] INFO: 	 lr: 0.00030000000000000073 	 Training loss: 0.04175304114818573
[2025-01-13 13:30:52,179] INFO: Iter 12100 Summary: 
[2025-01-13 13:30:52,179] INFO: 	 lr: 0.00030000000000000073 	 Training loss: 0.04197311766445637
[2025-01-13 13:30:58,882] INFO: Iter 12200 Summary: 
[2025-01-13 13:30:58,882] INFO: 	 lr: 0.00030000000000000073 	 Training loss: 0.04180588111281395
[2025-01-13 13:31:05,834] INFO: Iter 12300 Summary: 
[2025-01-13 13:31:05,834] INFO: 	 lr: 0.00030000000000000073 	 Training loss: 0.04171131268143654
[2025-01-13 13:31:14,249] INFO: Iter 12400 Summary: 
[2025-01-13 13:31:14,250] INFO: 	 lr: 0.00030000000000000073 	 Training loss: 0.04186767738312483
[2025-01-13 13:31:21,524] INFO: Iter 12500 Summary: 
[2025-01-13 13:31:21,524] INFO: 	 lr: 0.00030000000000000073 	 Training loss: 0.04135211084038019
[2025-01-13 13:31:28,965] INFO: Iter 12600 Summary: 
[2025-01-13 13:31:28,965] INFO: 	 lr: 0.00030000000000000073 	 Training loss: 0.04155595220625401
[2025-01-13 13:31:36,025] INFO: Iter 12700 Summary: 
[2025-01-13 13:31:36,025] INFO: 	 lr: 0.00030000000000000073 	 Training loss: 0.04169535357505083
[2025-01-13 13:31:43,095] INFO: Iter 12800 Summary: 
[2025-01-13 13:31:43,095] INFO: 	 lr: 0.00030000000000000073 	 Training loss: 0.04163368534296751
[2025-01-13 13:31:50,332] INFO: Iter 12900 Summary: 
[2025-01-13 13:31:50,332] INFO: 	 lr: 0.00030000000000000073 	 Training loss: 0.041289150454103946
[2025-01-13 13:31:57,556] INFO: Iter 13000 Summary: 
[2025-01-13 13:31:57,557] INFO: 	 lr: 0.00030000000000000073 	 Training loss: 0.04154212944209576
[2025-01-13 13:32:05,915] INFO: Iter 13100 Summary: 
[2025-01-13 13:32:05,916] INFO: 	 lr: 0.00030000000000000073 	 Training loss: 0.0417697835713625
[2025-01-13 13:32:12,853] INFO: Iter 13200 Summary: 
[2025-01-13 13:32:12,853] INFO: 	 lr: 0.00030000000000000073 	 Training loss: 0.04106343910098076
[2025-01-13 13:32:19,943] INFO: Iter 13300 Summary: 
[2025-01-13 13:32:19,944] INFO: 	 lr: 0.00030000000000000073 	 Training loss: 0.04124647159129381
[2025-01-13 13:32:27,037] INFO: Iter 13400 Summary: 
[2025-01-13 13:32:27,037] INFO: 	 lr: 0.00030000000000000073 	 Training loss: 0.041372916996479034
[2025-01-13 13:32:33,915] INFO: Iter 13500 Summary: 
[2025-01-13 13:32:33,916] INFO: 	 lr: 0.00030000000000000073 	 Training loss: 0.041279665529727935
[2025-01-13 13:32:40,908] INFO: Iter 13600 Summary: 
[2025-01-13 13:32:40,908] INFO: 	 lr: 0.00030000000000000073 	 Training loss: 0.04135957717895508
[2025-01-13 13:32:48,848] INFO: Iter 13700 Summary: 
[2025-01-13 13:32:48,848] INFO: 	 lr: 0.00030000000000000073 	 Training loss: 0.0410404397547245
[2025-01-13 13:32:57,864] INFO: Iter 13800 Summary: 
[2025-01-13 13:32:57,865] INFO: 	 lr: 0.00030000000000000073 	 Training loss: 0.04116179894655943
[2025-01-13 13:33:05,074] INFO: Iter 13900 Summary: 
[2025-01-13 13:33:05,074] INFO: 	 lr: 0.00030000000000000073 	 Training loss: 0.041091999858617785
[2025-01-13 13:33:12,840] INFO: Iter 14000 Summary: 
[2025-01-13 13:33:12,840] INFO: 	 lr: 0.00030000000000000073 	 Training loss: 0.041093160919845106
[2025-01-13 13:33:21,925] INFO: Iter 14100 Summary: 
[2025-01-13 13:33:21,926] INFO: 	 lr: 0.00030000000000000073 	 Training loss: 0.040723674073815344
[2025-01-13 13:33:29,598] INFO: Iter 14200 Summary: 
[2025-01-13 13:33:29,598] INFO: 	 lr: 0.00030000000000000073 	 Training loss: 0.04088923245668411
[2025-01-13 13:33:37,236] INFO: Iter 14300 Summary: 
[2025-01-13 13:33:37,236] INFO: 	 lr: 0.00030000000000000073 	 Training loss: 0.04088273551315069
[2025-01-13 13:33:44,739] INFO: Iter 14400 Summary: 
[2025-01-13 13:33:44,739] INFO: 	 lr: 0.00030000000000000073 	 Training loss: 0.041138126067817214
[2025-01-13 13:33:53,595] INFO: Iter 14500 Summary: 
[2025-01-13 13:33:53,596] INFO: 	 lr: 0.00030000000000000073 	 Training loss: 0.040672175846993924
[2025-01-13 13:34:01,038] INFO: Iter 14600 Summary: 
[2025-01-13 13:34:01,039] INFO: 	 lr: 0.00030000000000000073 	 Training loss: 0.040932776182889936
[2025-01-13 13:34:08,682] INFO: Iter 14700 Summary: 
[2025-01-13 13:34:08,682] INFO: 	 lr: 0.00030000000000000073 	 Training loss: 0.04072574660181999
[2025-01-13 13:34:16,123] INFO: Iter 14800 Summary: 
[2025-01-13 13:34:16,123] INFO: 	 lr: 0.00030000000000000073 	 Training loss: 0.04063288982957602
[2025-01-13 13:34:23,930] INFO: Iter 14900 Summary: 
[2025-01-13 13:34:23,931] INFO: 	 lr: 0.00030000000000000073 	 Training loss: 0.04052762385457754
[2025-01-13 13:34:31,505] INFO: Iter 15000 Summary: 
[2025-01-13 13:34:31,505] INFO: 	 lr: 0.00030000000000000073 	 Training loss: 0.040678134039044384
[2025-01-13 13:34:39,155] INFO: Iter 15100 Summary: 
[2025-01-13 13:34:39,155] INFO: 	 lr: 0.00030000000000000073 	 Training loss: 0.04095082677900791
[2025-01-13 13:34:48,224] INFO: Iter 15200 Summary: 
[2025-01-13 13:34:48,225] INFO: 	 lr: 0.00030000000000000073 	 Training loss: 0.040525333248078825
[2025-01-13 13:34:55,821] INFO: Iter 15300 Summary: 
[2025-01-13 13:34:55,821] INFO: 	 lr: 0.00030000000000000073 	 Training loss: 0.040795374438166616
[2025-01-13 13:35:03,394] INFO: Iter 15400 Summary: 
[2025-01-13 13:35:03,395] INFO: 	 lr: 0.00030000000000000073 	 Training loss: 0.040651652961969376
[2025-01-13 13:35:11,113] INFO: Iter 15500 Summary: 
[2025-01-13 13:35:11,113] INFO: 	 lr: 0.00030000000000000073 	 Training loss: 0.04067305274307728
[2025-01-13 13:35:18,543] INFO: Iter 15600 Summary: 
[2025-01-13 13:35:18,543] INFO: 	 lr: 0.00030000000000000073 	 Training loss: 0.04060823649168015
[2025-01-13 13:35:26,032] INFO: Iter 15700 Summary: 
[2025-01-13 13:35:26,032] INFO: 	 lr: 0.00030000000000000073 	 Training loss: 0.04053601078689098
[2025-01-13 13:35:33,493] INFO: Iter 15800 Summary: 
[2025-01-13 13:35:33,493] INFO: 	 lr: 0.00030000000000000073 	 Training loss: 0.04041840933263302
[2025-01-13 13:35:42,558] INFO: Iter 15900 Summary: 
[2025-01-13 13:35:42,558] INFO: 	 lr: 0.00030000000000000073 	 Training loss: 0.04034668318927288
[2025-01-13 13:35:50,282] INFO: Iter 16000 Summary: 
[2025-01-13 13:35:50,282] INFO: 	 lr: 0.00030000000000000073 	 Training loss: 0.040417775064706805
[2025-01-13 13:35:59,624] INFO: Iter 16100 Summary: 
[2025-01-13 13:35:59,624] INFO: 	 lr: 0.00030000000000000073 	 Training loss: 0.04073191124945879
[2025-01-13 13:36:07,377] INFO: Iter 16200 Summary: 
[2025-01-13 13:36:07,377] INFO: 	 lr: 0.00030000000000000073 	 Training loss: 0.04021300904452801
[2025-01-13 13:36:15,077] INFO: Iter 16300 Summary: 
[2025-01-13 13:36:15,077] INFO: 	 lr: 0.00030000000000000073 	 Training loss: 0.04033446192741394
[2025-01-13 13:36:22,937] INFO: Iter 16400 Summary: 
[2025-01-13 13:36:22,938] INFO: 	 lr: 0.00030000000000000073 	 Training loss: 0.03997152511030436
[2025-01-13 13:36:30,746] INFO: Iter 16500 Summary: 
[2025-01-13 13:36:30,746] INFO: 	 lr: 0.00030000000000000073 	 Training loss: 0.04034025736153126
[2025-01-13 13:36:39,491] INFO: Iter 16600 Summary: 
[2025-01-13 13:36:39,491] INFO: 	 lr: 0.00030000000000000073 	 Training loss: 0.03990745075047016
[2025-01-13 13:36:47,098] INFO: Iter 16700 Summary: 
[2025-01-13 13:36:47,098] INFO: 	 lr: 0.00030000000000000073 	 Training loss: 0.040217937417328355
[2025-01-13 13:36:54,815] INFO: Iter 16800 Summary: 
[2025-01-13 13:36:54,815] INFO: 	 lr: 0.00030000000000000073 	 Training loss: 0.04024341929703951
[2025-01-13 13:37:02,444] INFO: Iter 16900 Summary: 
[2025-01-13 13:37:02,444] INFO: 	 lr: 0.00030000000000000073 	 Training loss: 0.040261743292212486
[2025-01-13 13:37:09,960] INFO: Iter 17000 Summary: 
[2025-01-13 13:37:09,960] INFO: 	 lr: 0.00030000000000000073 	 Training loss: 0.04067595522850752
[2025-01-13 13:37:17,253] INFO: Iter 17100 Summary: 
[2025-01-13 13:37:17,253] INFO: 	 lr: 0.00030000000000000073 	 Training loss: 0.04026239555329084
[2025-01-13 13:37:24,593] INFO: Iter 17200 Summary: 
[2025-01-13 13:37:24,593] INFO: 	 lr: 0.00030000000000000073 	 Training loss: 0.040234966389834884
[2025-01-13 13:37:33,818] INFO: Iter 17300 Summary: 
[2025-01-13 13:37:33,819] INFO: 	 lr: 0.00030000000000000073 	 Training loss: 0.040087975487113
[2025-01-13 13:37:41,340] INFO: Iter 17400 Summary: 
[2025-01-13 13:37:41,340] INFO: 	 lr: 0.00030000000000000073 	 Training loss: 0.04010018955916166
[2025-01-13 13:37:48,853] INFO: Iter 17500 Summary: 
[2025-01-13 13:37:48,854] INFO: 	 lr: 0.00030000000000000073 	 Training loss: 0.040028223618865016
[2025-01-13 13:37:56,283] INFO: Iter 17600 Summary: 
[2025-01-13 13:37:56,283] INFO: 	 lr: 0.00030000000000000073 	 Training loss: 0.039911400862038135
[2025-01-13 13:38:03,996] INFO: Iter 17700 Summary: 
[2025-01-13 13:38:03,996] INFO: 	 lr: 0.00030000000000000073 	 Training loss: 0.04046213291585445
[2025-01-13 13:38:11,696] INFO: Iter 17800 Summary: 
[2025-01-13 13:38:11,696] INFO: 	 lr: 0.00030000000000000073 	 Training loss: 0.03995084550231695
[2025-01-13 13:38:20,804] INFO: Iter 17900 Summary: 
[2025-01-13 13:38:20,805] INFO: 	 lr: 0.00030000000000000073 	 Training loss: 0.04012622371315956
[2025-01-13 13:38:28,716] INFO: Iter 18000 Summary: 
[2025-01-13 13:38:28,716] INFO: 	 lr: 0.00030000000000000073 	 Training loss: 0.04005354598164559
[2025-01-13 13:38:38,100] INFO: Iter 18100 Summary: 
[2025-01-13 13:38:38,101] INFO: 	 lr: 0.00030000000000000073 	 Training loss: 0.039751490838825704
[2025-01-13 13:38:45,844] INFO: Iter 18200 Summary: 
[2025-01-13 13:38:45,844] INFO: 	 lr: 0.00030000000000000073 	 Training loss: 0.039829826727509496
[2025-01-13 13:38:53,523] INFO: Iter 18300 Summary: 
[2025-01-13 13:38:53,524] INFO: 	 lr: 0.00030000000000000073 	 Training loss: 0.03974631760269404
[2025-01-13 13:39:01,012] INFO: Iter 18400 Summary: 
[2025-01-13 13:39:01,012] INFO: 	 lr: 0.00030000000000000073 	 Training loss: 0.04001909628510475
[2025-01-13 13:39:08,668] INFO: Iter 18500 Summary: 
[2025-01-13 13:39:08,669] INFO: 	 lr: 0.00030000000000000073 	 Training loss: 0.039874727427959444
[2025-01-13 13:39:17,559] INFO: Iter 18600 Summary: 
[2025-01-13 13:39:17,560] INFO: 	 lr: 0.00030000000000000073 	 Training loss: 0.04009461477398872
[2025-01-13 13:39:25,205] INFO: Iter 18700 Summary: 
[2025-01-13 13:39:25,205] INFO: 	 lr: 0.00030000000000000073 	 Training loss: 0.03977624032646418
[2025-01-13 13:39:32,658] INFO: Iter 18800 Summary: 
[2025-01-13 13:39:32,658] INFO: 	 lr: 0.00030000000000000073 	 Training loss: 0.03992320999503136
[2025-01-13 13:39:40,228] INFO: Iter 18900 Summary: 
[2025-01-13 13:39:40,228] INFO: 	 lr: 0.00030000000000000073 	 Training loss: 0.039772277399897575
[2025-01-13 13:39:47,772] INFO: Iter 19000 Summary: 
[2025-01-13 13:39:47,772] INFO: 	 lr: 0.00030000000000000073 	 Training loss: 0.03969545420259237
[2025-01-13 13:39:55,232] INFO: Iter 19100 Summary: 
[2025-01-13 13:39:55,232] INFO: 	 lr: 0.00030000000000000073 	 Training loss: 0.04016331542283297
[2025-01-13 13:40:02,766] INFO: Iter 19200 Summary: 
[2025-01-13 13:40:02,766] INFO: 	 lr: 0.00030000000000000073 	 Training loss: 0.03974014140665531
[2025-01-13 13:40:11,608] INFO: Iter 19300 Summary: 
[2025-01-13 13:40:11,609] INFO: 	 lr: 0.00030000000000000073 	 Training loss: 0.03971665777266026
[2025-01-13 13:40:19,122] INFO: Iter 19400 Summary: 
[2025-01-13 13:40:19,122] INFO: 	 lr: 0.00030000000000000073 	 Training loss: 0.03970914091914892
[2025-01-13 13:40:26,620] INFO: Iter 19500 Summary: 
[2025-01-13 13:40:26,620] INFO: 	 lr: 0.00030000000000000073 	 Training loss: 0.039789013639092444
[2025-01-13 13:40:34,131] INFO: Iter 19600 Summary: 
[2025-01-13 13:40:34,131] INFO: 	 lr: 0.00030000000000000073 	 Training loss: 0.0396954233571887
[2025-01-13 13:40:41,638] INFO: Iter 19700 Summary: 
[2025-01-13 13:40:41,638] INFO: 	 lr: 0.00030000000000000073 	 Training loss: 0.039645306579768655
[2025-01-13 13:40:49,222] INFO: Iter 19800 Summary: 
[2025-01-13 13:40:49,222] INFO: 	 lr: 0.00030000000000000073 	 Training loss: 0.03949377864599228
[2025-01-13 13:40:56,808] INFO: Iter 19900 Summary: 
[2025-01-13 13:40:56,809] INFO: 	 lr: 0.00030000000000000073 	 Training loss: 0.03952168691903353
[2025-01-13 13:41:05,625] INFO: Iter 20000 Summary: 
[2025-01-13 13:41:05,626] INFO: 	 lr: 0.00030000000000000073 	 Training loss: 0.03976560451090336
[2025-01-13 13:41:14,673] INFO: Iter 20100 Summary: 
[2025-01-13 13:41:14,673] INFO: 	 lr: 0.00030000000000000073 	 Training loss: 0.03964918740093708
[2025-01-13 13:41:22,196] INFO: Iter 20200 Summary: 
[2025-01-13 13:41:22,197] INFO: 	 lr: 0.00030000000000000073 	 Training loss: 0.039364797696471214
[2025-01-13 13:41:29,583] INFO: Iter 20300 Summary: 
[2025-01-13 13:41:29,583] INFO: 	 lr: 0.00030000000000000073 	 Training loss: 0.03938052631914615
[2025-01-13 13:41:37,030] INFO: Iter 20400 Summary: 
[2025-01-13 13:41:37,030] INFO: 	 lr: 0.00030000000000000073 	 Training loss: 0.03985960554331541
[2025-01-13 13:41:44,380] INFO: Iter 20500 Summary: 
[2025-01-13 13:41:44,380] INFO: 	 lr: 0.00030000000000000073 	 Training loss: 0.03975666031241417
[2025-01-13 13:41:51,697] INFO: Iter 20600 Summary: 
[2025-01-13 13:41:51,697] INFO: 	 lr: 0.00030000000000000073 	 Training loss: 0.03959222476929426
[2025-01-13 13:42:00,373] INFO: Iter 20700 Summary: 
[2025-01-13 13:42:00,374] INFO: 	 lr: 0.00030000000000000073 	 Training loss: 0.03953310705721378
[2025-01-13 13:42:07,761] INFO: Iter 20800 Summary: 
[2025-01-13 13:42:07,761] INFO: 	 lr: 0.00030000000000000073 	 Training loss: 0.039459492042660714
[2025-01-13 13:42:15,155] INFO: Iter 20900 Summary: 
[2025-01-13 13:42:15,156] INFO: 	 lr: 0.00030000000000000073 	 Training loss: 0.039662900865077975
[2025-01-13 13:42:22,577] INFO: Iter 21000 Summary: 
[2025-01-13 13:42:22,578] INFO: 	 lr: 0.00030000000000000073 	 Training loss: 0.03959338206797838
[2025-01-13 13:42:30,037] INFO: Iter 21100 Summary: 
[2025-01-13 13:42:30,038] INFO: 	 lr: 0.00030000000000000073 	 Training loss: 0.039669427871704105
[2025-01-13 13:42:37,755] INFO: Iter 21200 Summary: 
[2025-01-13 13:42:37,755] INFO: 	 lr: 0.00030000000000000073 	 Training loss: 0.039730810970067976
[2025-01-13 13:42:45,199] INFO: Iter 21300 Summary: 
[2025-01-13 13:42:45,200] INFO: 	 lr: 0.00030000000000000073 	 Training loss: 0.0393523183837533
[2025-01-13 13:42:53,758] INFO: Iter 21400 Summary: 
[2025-01-13 13:42:53,759] INFO: 	 lr: 0.00030000000000000073 	 Training loss: 0.039325869642198086
[2025-01-13 13:43:01,081] INFO: Iter 21500 Summary: 
[2025-01-13 13:43:01,081] INFO: 	 lr: 0.00030000000000000073 	 Training loss: 0.039468625001609324
[2025-01-13 13:43:08,556] INFO: Iter 21600 Summary: 
[2025-01-13 13:43:08,556] INFO: 	 lr: 0.00030000000000000073 	 Training loss: 0.039324644319713116
[2025-01-13 13:43:16,214] INFO: Iter 21700 Summary: 
[2025-01-13 13:43:16,214] INFO: 	 lr: 0.00030000000000000073 	 Training loss: 0.039534990526735786
[2025-01-13 13:43:23,579] INFO: Iter 21800 Summary: 
[2025-01-13 13:43:23,579] INFO: 	 lr: 0.00030000000000000073 	 Training loss: 0.03969420991837978
[2025-01-13 13:43:31,247] INFO: Iter 21900 Summary: 
[2025-01-13 13:43:31,248] INFO: 	 lr: 0.00030000000000000073 	 Training loss: 0.03912306062877178
[2025-01-13 13:43:38,739] INFO: Iter 22000 Summary: 
[2025-01-13 13:43:38,739] INFO: 	 lr: 0.00030000000000000073 	 Training loss: 0.039432223290205
[2025-01-13 13:43:49,011] INFO: Iter 22100 Summary: 
[2025-01-13 13:43:49,012] INFO: 	 lr: 0.00030000000000000073 	 Training loss: 0.039110237434506416
[2025-01-13 13:43:56,897] INFO: Iter 22200 Summary: 
[2025-01-13 13:43:56,898] INFO: 	 lr: 0.00030000000000000073 	 Training loss: 0.03937969148159027
[2025-01-13 13:44:04,701] INFO: Iter 22300 Summary: 
[2025-01-13 13:44:04,701] INFO: 	 lr: 0.00030000000000000073 	 Training loss: 0.039257711321115496
[2025-01-13 13:44:12,455] INFO: Iter 22400 Summary: 
[2025-01-13 13:44:12,456] INFO: 	 lr: 0.00030000000000000073 	 Training loss: 0.039428119473159315
[2025-01-13 13:44:19,870] INFO: Iter 22500 Summary: 
[2025-01-13 13:44:19,870] INFO: 	 lr: 0.00030000000000000073 	 Training loss: 0.03942322939634323
[2025-01-13 13:44:27,248] INFO: Iter 22600 Summary: 
[2025-01-13 13:44:27,248] INFO: 	 lr: 0.00030000000000000073 	 Training loss: 0.03928000506013632
[2025-01-13 13:44:34,753] INFO: Iter 22700 Summary: 
[2025-01-13 13:44:34,754] INFO: 	 lr: 0.00030000000000000073 	 Training loss: 0.03938516013324261
[2025-01-13 13:44:43,490] INFO: Iter 22800 Summary: 
[2025-01-13 13:44:43,491] INFO: 	 lr: 0.00030000000000000073 	 Training loss: 0.03918366651982069
[2025-01-13 13:44:50,891] INFO: Iter 22900 Summary: 
[2025-01-13 13:44:50,891] INFO: 	 lr: 0.00030000000000000073 	 Training loss: 0.03898650746792555
[2025-01-13 13:44:58,407] INFO: Iter 23000 Summary: 
[2025-01-13 13:44:58,407] INFO: 	 lr: 0.00030000000000000073 	 Training loss: 0.03918036080896854
[2025-01-13 13:45:05,924] INFO: Iter 23100 Summary: 
[2025-01-13 13:45:05,924] INFO: 	 lr: 0.00030000000000000073 	 Training loss: 0.03924273759126663
[2025-01-13 13:45:13,379] INFO: Iter 23200 Summary: 
[2025-01-13 13:45:13,379] INFO: 	 lr: 0.00030000000000000073 	 Training loss: 0.039283976145088675
[2025-01-13 13:45:20,714] INFO: Iter 23300 Summary: 
[2025-01-13 13:45:20,714] INFO: 	 lr: 0.00030000000000000073 	 Training loss: 0.039515385888516906
[2025-01-13 13:45:29,295] INFO: Iter 23400 Summary: 
[2025-01-13 13:45:29,295] INFO: 	 lr: 0.00030000000000000073 	 Training loss: 0.03968818359076977
[2025-01-13 13:45:36,888] INFO: Iter 23500 Summary: 
[2025-01-13 13:45:36,888] INFO: 	 lr: 0.00030000000000000073 	 Training loss: 0.03897624619305134
[2025-01-13 13:45:44,186] INFO: Iter 23600 Summary: 
[2025-01-13 13:45:44,186] INFO: 	 lr: 0.00030000000000000073 	 Training loss: 0.039151441007852554
[2025-01-13 13:45:51,601] INFO: Iter 23700 Summary: 
[2025-01-13 13:45:51,602] INFO: 	 lr: 0.00030000000000000073 	 Training loss: 0.039195558726787566
[2025-01-13 13:45:59,092] INFO: Iter 23800 Summary: 
[2025-01-13 13:45:59,093] INFO: 	 lr: 0.00030000000000000073 	 Training loss: 0.03918246429413557
[2025-01-13 13:46:06,551] INFO: Iter 23900 Summary: 
[2025-01-13 13:46:06,551] INFO: 	 lr: 0.00030000000000000073 	 Training loss: 0.03907544992864132
[2025-01-13 13:46:14,180] INFO: Iter 24000 Summary: 
[2025-01-13 13:46:14,180] INFO: 	 lr: 0.00030000000000000073 	 Training loss: 0.03929125800728798
[2025-01-13 13:46:24,531] INFO: Iter 24100 Summary: 
[2025-01-13 13:46:24,531] INFO: 	 lr: 0.00030000000000000073 	 Training loss: 0.039524276927113536
[2025-01-13 13:46:31,993] INFO: Iter 24200 Summary: 
[2025-01-13 13:46:31,994] INFO: 	 lr: 0.00030000000000000073 	 Training loss: 0.0391332296282053
[2025-01-13 13:46:39,350] INFO: Iter 24300 Summary: 
[2025-01-13 13:46:39,350] INFO: 	 lr: 0.00030000000000000073 	 Training loss: 0.0392479145899415
[2025-01-13 13:46:46,773] INFO: Iter 24400 Summary: 
[2025-01-13 13:46:46,773] INFO: 	 lr: 0.00030000000000000073 	 Training loss: 0.039214172884821895
[2025-01-13 13:46:54,251] INFO: Iter 24500 Summary: 
[2025-01-13 13:46:54,251] INFO: 	 lr: 0.00030000000000000073 	 Training loss: 0.03898222345858812
[2025-01-13 13:47:01,788] INFO: Iter 24600 Summary: 
[2025-01-13 13:47:01,788] INFO: 	 lr: 0.00030000000000000073 	 Training loss: 0.039125716872513296
[2025-01-13 13:47:09,298] INFO: Iter 24700 Summary: 
[2025-01-13 13:47:09,298] INFO: 	 lr: 0.00030000000000000073 	 Training loss: 0.03904779210686684
[2025-01-13 13:47:18,254] INFO: Iter 24800 Summary: 
[2025-01-13 13:47:18,254] INFO: 	 lr: 0.00030000000000000073 	 Training loss: 0.039065600596368315
[2025-01-13 13:47:25,554] INFO: Iter 24900 Summary: 
[2025-01-13 13:47:25,554] INFO: 	 lr: 0.00030000000000000073 	 Training loss: 0.03918300490826368
[2025-01-13 13:47:32,907] INFO: Iter 25000 Summary: 
[2025-01-13 13:47:32,907] INFO: 	 lr: 0.00030000000000000073 	 Training loss: 0.03912094000726938
[2025-01-13 13:47:40,251] INFO: Iter 25100 Summary: 
[2025-01-13 13:47:40,251] INFO: 	 lr: 0.00030000000000000073 	 Training loss: 0.03895008742809296
[2025-01-13 13:47:47,482] INFO: Iter 25200 Summary: 
[2025-01-13 13:47:47,482] INFO: 	 lr: 0.00030000000000000073 	 Training loss: 0.03882130604237318
[2025-01-13 13:47:54,682] INFO: Iter 25300 Summary: 
[2025-01-13 13:47:54,682] INFO: 	 lr: 0.00030000000000000073 	 Training loss: 0.03908135004341602
[2025-01-13 13:48:02,026] INFO: Iter 25400 Summary: 
[2025-01-13 13:48:02,026] INFO: 	 lr: 0.00030000000000000073 	 Training loss: 0.03927439294755459
[2025-01-13 13:48:11,297] INFO: Iter 25500 Summary: 
[2025-01-13 13:48:11,298] INFO: 	 lr: 0.00030000000000000073 	 Training loss: 0.038728982284665106
[2025-01-13 13:48:18,518] INFO: Iter 25600 Summary: 
[2025-01-13 13:48:18,518] INFO: 	 lr: 0.00030000000000000073 	 Training loss: 0.038925934992730615
[2025-01-13 13:48:25,913] INFO: Iter 25700 Summary: 
[2025-01-13 13:48:25,914] INFO: 	 lr: 0.00030000000000000073 	 Training loss: 0.039015137664973734
[2025-01-13 13:48:33,043] INFO: Iter 25800 Summary: 
[2025-01-13 13:48:33,043] INFO: 	 lr: 0.00030000000000000073 	 Training loss: 0.03889260921627283
[2025-01-13 13:48:40,570] INFO: Iter 25900 Summary: 
[2025-01-13 13:48:40,570] INFO: 	 lr: 0.00030000000000000073 	 Training loss: 0.03903656169772148
[2025-01-13 13:48:47,725] INFO: Iter 26000 Summary: 
[2025-01-13 13:48:47,725] INFO: 	 lr: 0.00030000000000000073 	 Training loss: 0.03896337442100048
[2025-01-13 13:48:56,789] INFO: Iter 26100 Summary: 
[2025-01-13 13:48:56,790] INFO: 	 lr: 0.00030000000000000073 	 Training loss: 0.03937925793230534
[2025-01-13 13:49:05,170] INFO: Iter 26200 Summary: 
[2025-01-13 13:49:05,170] INFO: 	 lr: 0.00030000000000000073 	 Training loss: 0.038871737085282805
[2025-01-13 13:49:12,405] INFO: Iter 26300 Summary: 
[2025-01-13 13:49:12,405] INFO: 	 lr: 0.00030000000000000073 	 Training loss: 0.0387348522618413
[2025-01-13 13:49:19,839] INFO: Iter 26400 Summary: 
[2025-01-13 13:49:19,839] INFO: 	 lr: 0.00030000000000000073 	 Training loss: 0.03890354305505753
[2025-01-13 13:49:26,970] INFO: Iter 26500 Summary: 
[2025-01-13 13:49:26,970] INFO: 	 lr: 0.00030000000000000073 	 Training loss: 0.03892375681549311
[2025-01-13 13:49:34,208] INFO: Iter 26600 Summary: 
[2025-01-13 13:49:34,209] INFO: 	 lr: 0.00030000000000000073 	 Training loss: 0.03894823636859655
[2025-01-13 13:49:41,452] INFO: Iter 26700 Summary: 
[2025-01-13 13:49:41,453] INFO: 	 lr: 0.00030000000000000073 	 Training loss: 0.03913592658936978
[2025-01-13 13:49:48,785] INFO: Iter 26800 Summary: 
[2025-01-13 13:49:48,785] INFO: 	 lr: 0.00030000000000000073 	 Training loss: 0.039101085849106314
[2025-01-13 13:49:57,592] INFO: Iter 26900 Summary: 
[2025-01-13 13:49:57,592] INFO: 	 lr: 0.00030000000000000073 	 Training loss: 0.038588767275214195
[2025-01-13 13:50:05,190] INFO: Iter 27000 Summary: 
[2025-01-13 13:50:05,190] INFO: 	 lr: 0.00030000000000000073 	 Training loss: 0.038728325329720974
[2025-01-13 13:50:12,510] INFO: Iter 27100 Summary: 
[2025-01-13 13:50:12,510] INFO: 	 lr: 0.00030000000000000073 	 Training loss: 0.03879662483930588
[2025-01-13 13:50:20,035] INFO: Iter 27200 Summary: 
[2025-01-13 13:50:20,035] INFO: 	 lr: 0.00030000000000000073 	 Training loss: 0.0388481904566288
[2025-01-13 13:50:27,570] INFO: Iter 27300 Summary: 
[2025-01-13 13:50:27,570] INFO: 	 lr: 0.00030000000000000073 	 Training loss: 0.03904586166143417
[2025-01-13 13:50:35,092] INFO: Iter 27400 Summary: 
[2025-01-13 13:50:35,092] INFO: 	 lr: 0.00030000000000000073 	 Training loss: 0.03872955538332462
[2025-01-13 13:50:42,498] INFO: Iter 27500 Summary: 
[2025-01-13 13:50:42,498] INFO: 	 lr: 0.00030000000000000073 	 Training loss: 0.03898198988288641
[2025-01-13 13:50:51,479] INFO: Iter 27600 Summary: 
[2025-01-13 13:50:51,480] INFO: 	 lr: 0.00030000000000000073 	 Training loss: 0.038803238868713376
[2025-01-13 13:50:58,918] INFO: Iter 27700 Summary: 
[2025-01-13 13:50:58,918] INFO: 	 lr: 0.00030000000000000073 	 Training loss: 0.03871291950345039
[2025-01-13 13:51:06,126] INFO: Iter 27800 Summary: 
[2025-01-13 13:51:06,127] INFO: 	 lr: 0.00030000000000000073 	 Training loss: 0.03922584716230631
[2025-01-13 13:51:13,432] INFO: Iter 27900 Summary: 
[2025-01-13 13:51:13,432] INFO: 	 lr: 0.00030000000000000073 	 Training loss: 0.038732686676084996
[2025-01-13 13:51:20,849] INFO: Iter 28000 Summary: 
[2025-01-13 13:51:20,849] INFO: 	 lr: 0.00030000000000000073 	 Training loss: 0.03863463032990694
[2025-01-13 13:51:30,256] INFO: Iter 28100 Summary: 
[2025-01-13 13:51:30,256] INFO: 	 lr: 0.00030000000000000073 	 Training loss: 0.038945215307176116
[2025-01-13 13:51:37,747] INFO: Iter 28200 Summary: 
[2025-01-13 13:51:37,747] INFO: 	 lr: 0.00030000000000000073 	 Training loss: 0.03898139864206314
[2025-01-13 13:51:46,812] INFO: Iter 28300 Summary: 
[2025-01-13 13:51:46,813] INFO: 	 lr: 0.00030000000000000073 	 Training loss: 0.038745413199067116
[2025-01-13 13:51:54,375] INFO: Iter 28400 Summary: 
[2025-01-13 13:51:54,376] INFO: 	 lr: 0.00030000000000000073 	 Training loss: 0.03887634597718716
[2025-01-13 13:52:01,795] INFO: Iter 28500 Summary: 
[2025-01-13 13:52:01,795] INFO: 	 lr: 0.00030000000000000073 	 Training loss: 0.03879709955304861
[2025-01-13 13:52:09,127] INFO: Iter 28600 Summary: 
[2025-01-13 13:52:09,127] INFO: 	 lr: 0.00030000000000000073 	 Training loss: 0.03845685683190823
[2025-01-13 13:52:16,286] INFO: Iter 28700 Summary: 
[2025-01-13 13:52:16,286] INFO: 	 lr: 0.00030000000000000073 	 Training loss: 0.038633223585784436
[2025-01-13 13:52:23,555] INFO: Iter 28800 Summary: 
[2025-01-13 13:52:23,555] INFO: 	 lr: 0.00030000000000000073 	 Training loss: 0.03897148210555315
[2025-01-13 13:52:31,828] INFO: Iter 28900 Summary: 
[2025-01-13 13:52:31,829] INFO: 	 lr: 0.00030000000000000073 	 Training loss: 0.03875310570001602
[2025-01-13 13:52:39,285] INFO: Iter 29000 Summary: 
[2025-01-13 13:52:39,285] INFO: 	 lr: 0.00030000000000000073 	 Training loss: 0.03886204492300749
[2025-01-13 13:52:46,600] INFO: Iter 29100 Summary: 
[2025-01-13 13:52:46,600] INFO: 	 lr: 0.00030000000000000073 	 Training loss: 0.038539798185229304
[2025-01-13 13:52:53,983] INFO: Iter 29200 Summary: 
[2025-01-13 13:52:53,983] INFO: 	 lr: 0.00030000000000000073 	 Training loss: 0.03880736883729696
[2025-01-13 13:53:01,255] INFO: Iter 29300 Summary: 
[2025-01-13 13:53:01,255] INFO: 	 lr: 0.00030000000000000073 	 Training loss: 0.03887541957199574
[2025-01-13 13:53:08,822] INFO: Iter 29400 Summary: 
[2025-01-13 13:53:08,822] INFO: 	 lr: 0.00030000000000000073 	 Training loss: 0.038917353972792626
[2025-01-13 13:53:16,147] INFO: Iter 29500 Summary: 
[2025-01-13 13:53:16,147] INFO: 	 lr: 0.00030000000000000073 	 Training loss: 0.03881211251020431
[2025-01-13 13:53:24,670] INFO: Iter 29600 Summary: 
[2025-01-13 13:53:24,671] INFO: 	 lr: 0.00030000000000000073 	 Training loss: 0.038617475666105745
[2025-01-13 13:53:32,029] INFO: Iter 29700 Summary: 
[2025-01-13 13:53:32,029] INFO: 	 lr: 0.00030000000000000073 	 Training loss: 0.038853689879179004
[2025-01-13 13:53:39,263] INFO: Iter 29800 Summary: 
[2025-01-13 13:53:39,263] INFO: 	 lr: 0.00030000000000000073 	 Training loss: 0.03862764116376639
[2025-01-13 13:53:46,736] INFO: Iter 29900 Summary: 
[2025-01-13 13:53:46,736] INFO: 	 lr: 0.00030000000000000073 	 Training loss: 0.03888140123337507
[2025-01-13 13:53:53,996] INFO: Iter 30000 Summary: 
[2025-01-13 13:53:53,997] INFO: 	 lr: 0.00030000000000000073 	 Training loss: 0.03892017919570208
[2025-01-13 13:54:03,193] INFO: Iter 30100 Summary: 
[2025-01-13 13:54:03,193] INFO: 	 lr: 1.2900000000000026e-05 	 Training loss: 0.037807992063462734
[2025-01-13 13:54:10,549] INFO: Iter 30200 Summary: 
[2025-01-13 13:54:10,549] INFO: 	 lr: 1.000000000000002e-05 	 Training loss: 0.03715316832065582
[2025-01-13 13:54:18,939] INFO: Iter 30300 Summary: 
[2025-01-13 13:54:18,939] INFO: 	 lr: 1.000000000000002e-05 	 Training loss: 0.037210426777601245
[2025-01-13 13:54:26,475] INFO: Iter 30400 Summary: 
[2025-01-13 13:54:26,475] INFO: 	 lr: 1.000000000000002e-05 	 Training loss: 0.03714071985334158
[2025-01-13 13:54:33,731] INFO: Iter 30500 Summary: 
[2025-01-13 13:54:33,732] INFO: 	 lr: 1.000000000000002e-05 	 Training loss: 0.036747732311487195
[2025-01-13 13:54:41,071] INFO: Iter 30600 Summary: 
[2025-01-13 13:54:41,071] INFO: 	 lr: 1.000000000000002e-05 	 Training loss: 0.03702818658202887
[2025-01-13 13:54:48,287] INFO: Iter 30700 Summary: 
[2025-01-13 13:54:48,287] INFO: 	 lr: 1.000000000000002e-05 	 Training loss: 0.037057584635913375
[2025-01-13 13:54:55,705] INFO: Iter 30800 Summary: 
[2025-01-13 13:54:55,706] INFO: 	 lr: 1.000000000000002e-05 	 Training loss: 0.03702228266745806
[2025-01-13 13:55:03,096] INFO: Iter 30900 Summary: 
[2025-01-13 13:55:03,096] INFO: 	 lr: 1.000000000000002e-05 	 Training loss: 0.03694519195705652
[2025-01-13 13:55:11,743] INFO: Iter 31000 Summary: 
[2025-01-13 13:55:11,743] INFO: 	 lr: 1.000000000000002e-05 	 Training loss: 0.03697179026901722
[2025-01-13 13:55:19,127] INFO: Iter 31100 Summary: 
[2025-01-13 13:55:19,127] INFO: 	 lr: 1.000000000000002e-05 	 Training loss: 0.03701143052428961
[2025-01-13 13:55:26,318] INFO: Iter 31200 Summary: 
[2025-01-13 13:55:26,318] INFO: 	 lr: 1.000000000000002e-05 	 Training loss: 0.03659223053604364
[2025-01-13 13:55:33,629] INFO: Iter 31300 Summary: 
[2025-01-13 13:55:33,630] INFO: 	 lr: 1.000000000000002e-05 	 Training loss: 0.03677223458886147
[2025-01-13 13:55:40,974] INFO: Iter 31400 Summary: 
[2025-01-13 13:55:40,974] INFO: 	 lr: 1.000000000000002e-05 	 Training loss: 0.03671907261013985
[2025-01-13 13:55:48,392] INFO: Iter 31500 Summary: 
[2025-01-13 13:55:48,392] INFO: 	 lr: 1.000000000000002e-05 	 Training loss: 0.03683122638612986
[2025-01-13 13:55:55,842] INFO: Iter 31600 Summary: 
[2025-01-13 13:55:55,842] INFO: 	 lr: 1.000000000000002e-05 	 Training loss: 0.03649512402713299
[2025-01-13 13:56:04,553] INFO: Iter 31700 Summary: 
[2025-01-13 13:56:04,554] INFO: 	 lr: 1.000000000000002e-05 	 Training loss: 0.036479171328246594
[2025-01-13 13:56:12,009] INFO: Iter 31800 Summary: 
[2025-01-13 13:56:12,009] INFO: 	 lr: 1.000000000000002e-05 	 Training loss: 0.036621447280049325
[2025-01-13 13:56:19,513] INFO: Iter 31900 Summary: 
[2025-01-13 13:56:19,513] INFO: 	 lr: 1.000000000000002e-05 	 Training loss: 0.03667957808822393
[2025-01-13 13:56:26,644] INFO: Iter 32000 Summary: 
[2025-01-13 13:56:26,644] INFO: 	 lr: 1.000000000000002e-05 	 Training loss: 0.03663904178887606
[2025-01-13 13:56:35,431] INFO: Iter 32100 Summary: 
[2025-01-13 13:56:35,431] INFO: 	 lr: 1.000000000000002e-05 	 Training loss: 0.03676087811589241
[2025-01-13 13:56:42,764] INFO: Iter 32200 Summary: 
[2025-01-13 13:56:42,764] INFO: 	 lr: 1.000000000000002e-05 	 Training loss: 0.0365176198258996
[2025-01-13 13:56:50,012] INFO: Iter 32300 Summary: 
[2025-01-13 13:56:50,012] INFO: 	 lr: 1.000000000000002e-05 	 Training loss: 0.03659145869314671
[2025-01-13 13:56:58,533] INFO: Iter 32400 Summary: 
[2025-01-13 13:56:58,533] INFO: 	 lr: 1.000000000000002e-05 	 Training loss: 0.03636845242232084
[2025-01-13 13:57:05,783] INFO: Iter 32500 Summary: 
[2025-01-13 13:57:05,783] INFO: 	 lr: 1.000000000000002e-05 	 Training loss: 0.03640492904931307
[2025-01-13 13:57:13,316] INFO: Iter 32600 Summary: 
[2025-01-13 13:57:13,316] INFO: 	 lr: 1.000000000000002e-05 	 Training loss: 0.03687294762581587
[2025-01-13 13:57:20,622] INFO: Iter 32700 Summary: 
[2025-01-13 13:57:20,622] INFO: 	 lr: 1.000000000000002e-05 	 Training loss: 0.03666799668222666
[2025-01-13 13:57:27,905] INFO: Iter 32800 Summary: 
[2025-01-13 13:57:27,905] INFO: 	 lr: 1.000000000000002e-05 	 Training loss: 0.03644020911306143
[2025-01-13 13:57:35,177] INFO: Iter 32900 Summary: 
[2025-01-13 13:57:35,177] INFO: 	 lr: 1.000000000000002e-05 	 Training loss: 0.03662341743707657
[2025-01-13 13:57:42,213] INFO: Iter 33000 Summary: 
[2025-01-13 13:57:42,213] INFO: 	 lr: 1.000000000000002e-05 	 Training loss: 0.0365029638633132
[2025-01-13 13:57:50,885] INFO: Iter 33100 Summary: 
[2025-01-13 13:57:50,885] INFO: 	 lr: 1.000000000000002e-05 	 Training loss: 0.0364507794752717
[2025-01-13 13:57:58,271] INFO: Iter 33200 Summary: 
[2025-01-13 13:57:58,272] INFO: 	 lr: 1.000000000000002e-05 	 Training loss: 0.036689501032233236
[2025-01-13 13:58:05,581] INFO: Iter 33300 Summary: 
[2025-01-13 13:58:05,581] INFO: 	 lr: 1.000000000000002e-05 	 Training loss: 0.03630751833319664
[2025-01-13 13:58:13,163] INFO: Iter 33400 Summary: 
[2025-01-13 13:58:13,163] INFO: 	 lr: 1.000000000000002e-05 	 Training loss: 0.03662308916449547
[2025-01-13 13:58:20,243] INFO: Iter 33500 Summary: 
[2025-01-13 13:58:20,244] INFO: 	 lr: 1.000000000000002e-05 	 Training loss: 0.03640940304845572
[2025-01-13 13:58:27,510] INFO: Iter 33600 Summary: 
[2025-01-13 13:58:27,510] INFO: 	 lr: 1.000000000000002e-05 	 Training loss: 0.03656914494931698
[2025-01-13 13:58:34,819] INFO: Iter 33700 Summary: 
[2025-01-13 13:58:34,819] INFO: 	 lr: 1.000000000000002e-05 	 Training loss: 0.036698293760418894
[2025-01-13 13:58:43,354] INFO: Iter 33800 Summary: 
[2025-01-13 13:58:43,355] INFO: 	 lr: 1.000000000000002e-05 	 Training loss: 0.036430736817419526
[2025-01-13 13:58:50,605] INFO: Iter 33900 Summary: 
[2025-01-13 13:58:50,606] INFO: 	 lr: 1.000000000000002e-05 	 Training loss: 0.036437900327146056
[2025-01-13 13:58:57,962] INFO: Iter 34000 Summary: 
[2025-01-13 13:58:57,962] INFO: 	 lr: 1.000000000000002e-05 	 Training loss: 0.036419459842145445
[2025-01-13 13:59:06,720] INFO: Iter 34100 Summary: 
[2025-01-13 13:59:06,720] INFO: 	 lr: 1.000000000000002e-05 	 Training loss: 0.03648834455758333
[2025-01-13 13:59:14,018] INFO: Iter 34200 Summary: 
[2025-01-13 13:59:14,018] INFO: 	 lr: 1.000000000000002e-05 	 Training loss: 0.03667559497058392
[2025-01-13 13:59:21,179] INFO: Iter 34300 Summary: 
[2025-01-13 13:59:21,179] INFO: 	 lr: 1.000000000000002e-05 	 Training loss: 0.036648954711854455
[2025-01-13 13:59:28,493] INFO: Iter 34400 Summary: 
[2025-01-13 13:59:28,493] INFO: 	 lr: 1.000000000000002e-05 	 Training loss: 0.03635648228228092
[2025-01-13 13:59:37,349] INFO: Iter 34500 Summary: 
[2025-01-13 13:59:37,350] INFO: 	 lr: 1.000000000000002e-05 	 Training loss: 0.0363025464490056
[2025-01-13 13:59:44,659] INFO: Iter 34600 Summary: 
[2025-01-13 13:59:44,659] INFO: 	 lr: 1.000000000000002e-05 	 Training loss: 0.036252159886062146
[2025-01-13 13:59:51,909] INFO: Iter 34700 Summary: 
[2025-01-13 13:59:51,909] INFO: 	 lr: 1.000000000000002e-05 	 Training loss: 0.036248016953468326
[2025-01-13 13:59:59,324] INFO: Iter 34800 Summary: 
[2025-01-13 13:59:59,324] INFO: 	 lr: 1.000000000000002e-05 	 Training loss: 0.036283854581415656
[2025-01-13 14:00:06,845] INFO: Iter 34900 Summary: 
[2025-01-13 14:00:06,845] INFO: 	 lr: 1.000000000000002e-05 	 Training loss: 0.03639709126204252
[2025-01-13 14:00:14,063] INFO: Iter 35000 Summary: 
[2025-01-13 14:00:14,063] INFO: 	 lr: 1.000000000000002e-05 	 Training loss: 0.036529071889817716
[2025-01-13 14:00:22,861] INFO: Iter 35100 Summary: 
[2025-01-13 14:00:22,862] INFO: 	 lr: 1.000000000000002e-05 	 Training loss: 0.036561541445553306
[2025-01-13 14:00:30,316] INFO: Iter 35200 Summary: 
[2025-01-13 14:00:30,317] INFO: 	 lr: 1.000000000000002e-05 	 Training loss: 0.03623939000070095
[2025-01-13 14:00:37,814] INFO: Iter 35300 Summary: 
[2025-01-13 14:00:37,814] INFO: 	 lr: 1.000000000000002e-05 	 Training loss: 0.03629445448517799
[2025-01-13 14:00:45,252] INFO: Iter 35400 Summary: 
[2025-01-13 14:00:45,252] INFO: 	 lr: 1.000000000000002e-05 	 Training loss: 0.036353922858834264
[2025-01-13 14:00:52,589] INFO: Iter 35500 Summary: 
[2025-01-13 14:00:52,589] INFO: 	 lr: 1.000000000000002e-05 	 Training loss: 0.03620999708771706
[2025-01-13 14:01:00,168] INFO: Iter 35600 Summary: 
[2025-01-13 14:01:00,168] INFO: 	 lr: 1.000000000000002e-05 	 Training loss: 0.036222143657505514
[2025-01-13 14:01:07,760] INFO: Iter 35700 Summary: 
[2025-01-13 14:01:07,760] INFO: 	 lr: 1.000000000000002e-05 	 Training loss: 0.03633620359003544
[2025-01-13 14:01:17,060] INFO: Iter 35800 Summary: 
[2025-01-13 14:01:17,061] INFO: 	 lr: 1.000000000000002e-05 	 Training loss: 0.03628931449726224
[2025-01-13 14:01:24,902] INFO: Iter 35900 Summary: 
[2025-01-13 14:01:24,902] INFO: 	 lr: 1.000000000000002e-05 	 Training loss: 0.03640811614692211
[2025-01-13 14:01:32,200] INFO: Iter 36000 Summary: 
[2025-01-13 14:01:32,200] INFO: 	 lr: 1.000000000000002e-05 	 Training loss: 0.036393854655325415
[2025-01-13 14:01:41,324] INFO: Iter 36100 Summary: 
[2025-01-13 14:01:41,324] INFO: 	 lr: 1.000000000000002e-05 	 Training loss: 0.036265640333294866
[2025-01-13 14:01:48,799] INFO: Iter 36200 Summary: 
[2025-01-13 14:01:48,799] INFO: 	 lr: 1.000000000000002e-05 	 Training loss: 0.03628933135420084
[2025-01-13 14:01:56,159] INFO: Iter 36300 Summary: 
[2025-01-13 14:01:56,159] INFO: 	 lr: 1.000000000000002e-05 	 Training loss: 0.03638619866222143
[2025-01-13 14:02:03,524] INFO: Iter 36400 Summary: 
[2025-01-13 14:02:03,524] INFO: 	 lr: 1.000000000000002e-05 	 Training loss: 0.03661943983286619
[2025-01-13 14:02:12,437] INFO: Iter 36500 Summary: 
[2025-01-13 14:02:12,438] INFO: 	 lr: 1.000000000000002e-05 	 Training loss: 0.036341805905103684
[2025-01-13 14:02:20,073] INFO: Iter 36600 Summary: 
[2025-01-13 14:02:20,073] INFO: 	 lr: 1.000000000000002e-05 	 Training loss: 0.03630309335887432
[2025-01-13 14:02:27,517] INFO: Iter 36700 Summary: 
[2025-01-13 14:02:27,517] INFO: 	 lr: 1.000000000000002e-05 	 Training loss: 0.03643559522926807
[2025-01-13 14:02:35,061] INFO: Iter 36800 Summary: 
[2025-01-13 14:02:35,062] INFO: 	 lr: 1.000000000000002e-05 	 Training loss: 0.0363097981736064
[2025-01-13 14:02:42,406] INFO: Iter 36900 Summary: 
[2025-01-13 14:02:42,407] INFO: 	 lr: 1.000000000000002e-05 	 Training loss: 0.036073426753282546
[2025-01-13 14:02:49,820] INFO: Iter 37000 Summary: 
[2025-01-13 14:02:49,820] INFO: 	 lr: 1.000000000000002e-05 	 Training loss: 0.036326300762593744
[2025-01-13 14:02:57,333] INFO: Iter 37100 Summary: 
[2025-01-13 14:02:57,333] INFO: 	 lr: 1.000000000000002e-05 	 Training loss: 0.03613798577338457
[2025-01-13 14:03:06,267] INFO: Iter 37200 Summary: 
[2025-01-13 14:03:06,268] INFO: 	 lr: 1.000000000000002e-05 	 Training loss: 0.03615786764770746
[2025-01-13 14:03:13,750] INFO: Iter 37300 Summary: 
[2025-01-13 14:03:13,750] INFO: 	 lr: 1.000000000000002e-05 	 Training loss: 0.03614900778979063
[2025-01-13 14:03:21,132] INFO: Iter 37400 Summary: 
[2025-01-13 14:03:21,132] INFO: 	 lr: 1.000000000000002e-05 	 Training loss: 0.036021403446793554
[2025-01-13 14:03:28,592] INFO: Iter 37500 Summary: 
[2025-01-13 14:03:28,592] INFO: 	 lr: 1.000000000000002e-05 	 Training loss: 0.036383542455732824
[2025-01-13 14:03:36,131] INFO: Iter 37600 Summary: 
[2025-01-13 14:03:36,131] INFO: 	 lr: 1.000000000000002e-05 	 Training loss: 0.03627308510243893
[2025-01-13 14:03:43,463] INFO: Iter 37700 Summary: 
[2025-01-13 14:03:43,463] INFO: 	 lr: 1.000000000000002e-05 	 Training loss: 0.036225145384669304
[2025-01-13 14:03:50,855] INFO: Iter 37800 Summary: 
[2025-01-13 14:03:50,856] INFO: 	 lr: 1.000000000000002e-05 	 Training loss: 0.03637957196682692
[2025-01-13 14:03:59,470] INFO: Iter 37900 Summary: 
[2025-01-13 14:03:59,471] INFO: 	 lr: 1.000000000000002e-05 	 Training loss: 0.03638049572706223
[2025-01-13 14:04:07,169] INFO: Iter 38000 Summary: 
[2025-01-13 14:04:07,169] INFO: 	 lr: 1.000000000000002e-05 	 Training loss: 0.03591591887176037
[2025-01-13 14:04:16,395] INFO: Iter 38100 Summary: 
[2025-01-13 14:04:16,395] INFO: 	 lr: 1.000000000000002e-05 	 Training loss: 0.03605510015040636
[2025-01-13 14:04:24,050] INFO: Iter 38200 Summary: 
[2025-01-13 14:04:24,051] INFO: 	 lr: 1.000000000000002e-05 	 Training loss: 0.036239315383136274
[2025-01-13 14:04:31,316] INFO: Iter 38300 Summary: 
[2025-01-13 14:04:31,316] INFO: 	 lr: 1.000000000000002e-05 	 Training loss: 0.0364346144720912
[2025-01-13 14:04:38,467] INFO: Iter 38400 Summary: 
[2025-01-13 14:04:38,467] INFO: 	 lr: 1.000000000000002e-05 	 Training loss: 0.036117909476161
[2025-01-13 14:04:45,701] INFO: Iter 38500 Summary: 
[2025-01-13 14:04:45,701] INFO: 	 lr: 1.000000000000002e-05 	 Training loss: 0.036272309496998785
[2025-01-13 14:04:54,655] INFO: Iter 38600 Summary: 
[2025-01-13 14:04:54,655] INFO: 	 lr: 1.000000000000002e-05 	 Training loss: 0.03624017674475908
[2025-01-13 14:05:02,213] INFO: Iter 38700 Summary: 
[2025-01-13 14:05:02,213] INFO: 	 lr: 1.000000000000002e-05 	 Training loss: 0.03627510406076908
[2025-01-13 14:05:09,882] INFO: Iter 38800 Summary: 
[2025-01-13 14:05:09,882] INFO: 	 lr: 1.000000000000002e-05 	 Training loss: 0.03608935486525297
[2025-01-13 14:05:17,152] INFO: Iter 38900 Summary: 
[2025-01-13 14:05:17,152] INFO: 	 lr: 1.000000000000002e-05 	 Training loss: 0.03640576958656311
[2025-01-13 14:05:24,686] INFO: Iter 39000 Summary: 
[2025-01-13 14:05:24,687] INFO: 	 lr: 1.000000000000002e-05 	 Training loss: 0.036184639856219294
[2025-01-13 14:05:32,289] INFO: Iter 39100 Summary: 
[2025-01-13 14:05:32,289] INFO: 	 lr: 1.000000000000002e-05 	 Training loss: 0.03581106211990118
[2025-01-13 14:05:39,815] INFO: Iter 39200 Summary: 
[2025-01-13 14:05:39,815] INFO: 	 lr: 1.000000000000002e-05 	 Training loss: 0.03613775376230478
[2025-01-13 14:05:48,532] INFO: Iter 39300 Summary: 
[2025-01-13 14:05:48,533] INFO: 	 lr: 1.000000000000002e-05 	 Training loss: 0.03611349925398827
[2025-01-13 14:05:56,011] INFO: Iter 39400 Summary: 
[2025-01-13 14:05:56,011] INFO: 	 lr: 1.000000000000002e-05 	 Training loss: 0.03604548458009958
[2025-01-13 14:06:03,476] INFO: Iter 39500 Summary: 
[2025-01-13 14:06:03,476] INFO: 	 lr: 1.000000000000002e-05 	 Training loss: 0.03635933633893728
[2025-01-13 14:06:11,115] INFO: Iter 39600 Summary: 
[2025-01-13 14:06:11,115] INFO: 	 lr: 1.000000000000002e-05 	 Training loss: 0.03611501757055521
[2025-01-13 14:06:18,770] INFO: Iter 39700 Summary: 
[2025-01-13 14:06:18,770] INFO: 	 lr: 1.000000000000002e-05 	 Training loss: 0.03634321503341198
[2025-01-13 14:06:26,412] INFO: Iter 39800 Summary: 
[2025-01-13 14:06:26,412] INFO: 	 lr: 1.000000000000002e-05 	 Training loss: 0.036300000064074994
[2025-01-13 14:06:33,813] INFO: Iter 39900 Summary: 
[2025-01-13 14:06:33,814] INFO: 	 lr: 1.000000000000002e-05 	 Training loss: 0.03602133676409722
[2025-01-13 14:06:42,852] INFO: Iter 40000 Summary: 
[2025-01-13 14:06:42,852] INFO: 	 lr: 1.000000000000002e-05 	 Training loss: 0.036547540463507174
