[2025-01-15 09:04:33,205] INFO: {
    "abs_dir": "/home/diwang/siMLPe/exps/baseline_h36m",
    "batch_size": 256,
    "cos_lr_max": 1e-05,
    "cos_lr_min": 5e-08,
    "cos_lr_total_iters": 40000,
    "data_aug": true,
    "deriv_input": true,
    "deriv_output": true,
    "device": "cuda:4",
    "h36m_anno_dir": "/home/diwang/siMLPe/data/h36m/",
    "link_log_file": "/home/diwang/siMLPe/exps/baseline_h36m/log/log_last.log",
    "link_val_log_file": "/home/diwang/siMLPe/exps/baseline_h36m/log/val_last.log",
    "log_dir": "/home/diwang/siMLPe/exps/baseline_h36m/log",
    "log_file": "/home/diwang/siMLPe/exps/baseline_h36m/log/log_2025_01_15_09_04_15.log",
    "model_pth": null,
    "motion": {
        "dim": 66,
        "h36m_input_length": 50,
        "h36m_input_length_dct": 50,
        "h36m_target_length": 5,
        "h36m_target_length_eval": 25,
        "h36m_target_length_train": 5
    },
    "motion_fc_in": {
        "activation": "relu",
        "in_features": 66,
        "init_w_trunc_normal": false,
        "out_features": 66,
        "temporal_fc": false,
        "with_norm": false
    },
    "motion_fc_out": {
        "activation": "relu",
        "in_features": 66,
        "init_w_trunc_normal": true,
        "out_features": 66,
        "temporal_fc": false,
        "with_norm": false
    },
    "motion_mlp": {
        "hidden_dim": 66,
        "norm_axis": "spatial",
        "num_layers": 48,
        "seq_len": 50,
        "spatial_fc_only": false,
        "with_normalization": true
    },
    "num_workers": 8,
    "post_dct": false,
    "pre_dct": false,
    "print_every": 100,
    "repo_name": "siMLPe",
    "root_dir": "/home/diwang/siMLPe",
    "save_every": 2000,
    "seed": 304,
    "shift_step": 1,
    "snapshot_dir": "/home/diwang/siMLPe/exps/baseline_h36m/log/snapshot",
    "this_dir": "baseline_h36m",
    "use_relative_loss": true,
    "val_log_file": "/home/diwang/siMLPe/exps/baseline_h36m/log/val_2025_01_15_09_04_15.log",
    "weight_decay": 0.0001
}
[2025-01-15 09:04:42,682] INFO: Iter 100 Summary: 
[2025-01-15 09:04:42,683] INFO: 	 lr: 0.00030000000000000073 	 Training loss: 0.06088880706578493
[2025-01-15 09:04:49,783] INFO: Iter 200 Summary: 
[2025-01-15 09:04:49,784] INFO: 	 lr: 0.00030000000000000073 	 Training loss: 0.050968952737748624
[2025-01-15 09:04:57,308] INFO: Iter 300 Summary: 
[2025-01-15 09:04:57,308] INFO: 	 lr: 0.00030000000000000073 	 Training loss: 0.040931910946965216
[2025-01-15 09:05:04,594] INFO: Iter 400 Summary: 
[2025-01-15 09:05:04,594] INFO: 	 lr: 0.00030000000000000073 	 Training loss: 0.03598757069557905
[2025-01-15 09:05:12,075] INFO: Iter 500 Summary: 
[2025-01-15 09:05:12,075] INFO: 	 lr: 0.00030000000000000073 	 Training loss: 0.03481716681271792
[2025-01-15 09:05:19,525] INFO: Iter 600 Summary: 
[2025-01-15 09:05:19,525] INFO: 	 lr: 0.00030000000000000073 	 Training loss: 0.03447955459356308
[2025-01-15 09:05:27,114] INFO: Iter 700 Summary: 
[2025-01-15 09:05:27,114] INFO: 	 lr: 0.00030000000000000073 	 Training loss: 0.03369934903457761
[2025-01-15 09:05:34,211] INFO: Iter 800 Summary: 
[2025-01-15 09:05:34,211] INFO: 	 lr: 0.00030000000000000073 	 Training loss: 0.03367501178756356
[2025-01-15 09:05:41,269] INFO: Iter 900 Summary: 
[2025-01-15 09:05:41,270] INFO: 	 lr: 0.00030000000000000073 	 Training loss: 0.03322038037702441
[2025-01-15 09:05:48,487] INFO: Iter 1000 Summary: 
[2025-01-15 09:05:48,487] INFO: 	 lr: 0.00030000000000000073 	 Training loss: 0.03324169253930449
[2025-01-15 09:05:55,773] INFO: Iter 1100 Summary: 
[2025-01-15 09:05:55,774] INFO: 	 lr: 0.00030000000000000073 	 Training loss: 0.03280396038666367
[2025-01-15 09:06:03,165] INFO: Iter 1200 Summary: 
[2025-01-15 09:06:03,165] INFO: 	 lr: 0.00030000000000000073 	 Training loss: 0.03212321884930134
[2025-01-15 09:06:10,446] INFO: Iter 1300 Summary: 
[2025-01-15 09:06:10,446] INFO: 	 lr: 0.00030000000000000073 	 Training loss: 0.032557323127985004
[2025-01-15 09:06:18,097] INFO: Iter 1400 Summary: 
[2025-01-15 09:06:18,098] INFO: 	 lr: 0.00030000000000000073 	 Training loss: 0.032529611885547635
[2025-01-15 09:06:25,344] INFO: Iter 1500 Summary: 
[2025-01-15 09:06:25,344] INFO: 	 lr: 0.00030000000000000073 	 Training loss: 0.03216395223513246
[2025-01-15 09:06:32,363] INFO: Iter 1600 Summary: 
[2025-01-15 09:06:32,363] INFO: 	 lr: 0.00030000000000000073 	 Training loss: 0.03206858400255442
[2025-01-15 09:06:39,575] INFO: Iter 1700 Summary: 
[2025-01-15 09:06:39,575] INFO: 	 lr: 0.00030000000000000073 	 Training loss: 0.031678144726902245
[2025-01-15 09:06:46,655] INFO: Iter 1800 Summary: 
[2025-01-15 09:06:46,656] INFO: 	 lr: 0.00030000000000000073 	 Training loss: 0.031161509398370982
[2025-01-15 09:06:54,111] INFO: Iter 1900 Summary: 
[2025-01-15 09:06:54,111] INFO: 	 lr: 0.00030000000000000073 	 Training loss: 0.030942828841507435
[2025-01-15 09:07:01,348] INFO: Iter 2000 Summary: 
[2025-01-15 09:07:01,349] INFO: 	 lr: 0.00030000000000000073 	 Training loss: 0.03106591498479247
[2025-01-15 09:07:13,356] INFO: Iter 2100 Summary: 
[2025-01-15 09:07:13,357] INFO: 	 lr: 0.00030000000000000073 	 Training loss: 0.030608037505298853
[2025-01-15 09:07:20,978] INFO: Iter 2200 Summary: 
[2025-01-15 09:07:20,978] INFO: 	 lr: 0.00030000000000000073 	 Training loss: 0.030479541812092066
[2025-01-15 09:07:28,416] INFO: Iter 2300 Summary: 
[2025-01-15 09:07:28,416] INFO: 	 lr: 0.00030000000000000073 	 Training loss: 0.030250283274799585
[2025-01-15 09:07:35,786] INFO: Iter 2400 Summary: 
[2025-01-15 09:07:35,786] INFO: 	 lr: 0.00030000000000000073 	 Training loss: 0.030272031519562006
[2025-01-15 09:07:42,970] INFO: Iter 2500 Summary: 
[2025-01-15 09:07:42,971] INFO: 	 lr: 0.00030000000000000073 	 Training loss: 0.0302312683314085
[2025-01-15 09:07:50,314] INFO: Iter 2600 Summary: 
[2025-01-15 09:07:50,315] INFO: 	 lr: 0.00030000000000000073 	 Training loss: 0.03034159416332841
[2025-01-15 09:07:57,531] INFO: Iter 2700 Summary: 
[2025-01-15 09:07:57,531] INFO: 	 lr: 0.00030000000000000073 	 Training loss: 0.030245636720210314
[2025-01-15 09:08:05,518] INFO: Iter 2800 Summary: 
[2025-01-15 09:08:05,519] INFO: 	 lr: 0.00030000000000000073 	 Training loss: 0.02990637544542551
[2025-01-15 09:08:12,847] INFO: Iter 2900 Summary: 
[2025-01-15 09:08:12,847] INFO: 	 lr: 0.00030000000000000073 	 Training loss: 0.029881715923547745
[2025-01-15 09:08:20,225] INFO: Iter 3000 Summary: 
[2025-01-15 09:08:20,225] INFO: 	 lr: 0.00030000000000000073 	 Training loss: 0.02956500731408596
[2025-01-15 09:08:27,349] INFO: Iter 3100 Summary: 
[2025-01-15 09:08:27,349] INFO: 	 lr: 0.00030000000000000073 	 Training loss: 0.029663190618157385
[2025-01-15 09:08:34,742] INFO: Iter 3200 Summary: 
[2025-01-15 09:08:34,742] INFO: 	 lr: 0.00030000000000000073 	 Training loss: 0.029524955004453658
[2025-01-15 09:08:41,756] INFO: Iter 3300 Summary: 
[2025-01-15 09:08:41,757] INFO: 	 lr: 0.00030000000000000073 	 Training loss: 0.029408419467508794
[2025-01-15 09:08:48,850] INFO: Iter 3400 Summary: 
[2025-01-15 09:08:48,850] INFO: 	 lr: 0.00030000000000000073 	 Training loss: 0.029555804654955865
[2025-01-15 09:08:56,464] INFO: Iter 3500 Summary: 
[2025-01-15 09:08:56,465] INFO: 	 lr: 0.00030000000000000073 	 Training loss: 0.02913902932778001
[2025-01-15 09:09:03,760] INFO: Iter 3600 Summary: 
[2025-01-15 09:09:03,760] INFO: 	 lr: 0.00030000000000000073 	 Training loss: 0.029271268602460623
[2025-01-15 09:09:10,907] INFO: Iter 3700 Summary: 
[2025-01-15 09:09:10,907] INFO: 	 lr: 0.00030000000000000073 	 Training loss: 0.029056499488651754
[2025-01-15 09:09:18,360] INFO: Iter 3800 Summary: 
[2025-01-15 09:09:18,360] INFO: 	 lr: 0.00030000000000000073 	 Training loss: 0.028873178586363794
[2025-01-15 09:09:25,651] INFO: Iter 3900 Summary: 
[2025-01-15 09:09:25,651] INFO: 	 lr: 0.00030000000000000073 	 Training loss: 0.029045480359345673
[2025-01-15 09:09:32,851] INFO: Iter 4000 Summary: 
[2025-01-15 09:09:32,851] INFO: 	 lr: 0.00030000000000000073 	 Training loss: 0.02869035016745329
[2025-01-15 09:09:43,681] INFO: Iter 4100 Summary: 
[2025-01-15 09:09:43,681] INFO: 	 lr: 0.00030000000000000073 	 Training loss: 0.02856862308457494
[2025-01-15 09:09:51,429] INFO: Iter 4200 Summary: 
[2025-01-15 09:09:51,430] INFO: 	 lr: 0.00030000000000000073 	 Training loss: 0.028864618055522442
[2025-01-15 09:09:58,692] INFO: Iter 4300 Summary: 
[2025-01-15 09:09:58,692] INFO: 	 lr: 0.00030000000000000073 	 Training loss: 0.02856422770768404
[2025-01-15 09:10:05,855] INFO: Iter 4400 Summary: 
[2025-01-15 09:10:05,855] INFO: 	 lr: 0.00030000000000000073 	 Training loss: 0.028786988649517297
[2025-01-15 09:10:12,939] INFO: Iter 4500 Summary: 
[2025-01-15 09:10:12,939] INFO: 	 lr: 0.00030000000000000073 	 Training loss: 0.028287672009319066
[2025-01-15 09:10:20,082] INFO: Iter 4600 Summary: 
[2025-01-15 09:10:20,082] INFO: 	 lr: 0.00030000000000000073 	 Training loss: 0.028540174234658478
[2025-01-15 09:10:27,289] INFO: Iter 4700 Summary: 
[2025-01-15 09:10:27,289] INFO: 	 lr: 0.00030000000000000073 	 Training loss: 0.02835663368925452
[2025-01-15 09:10:34,255] INFO: Iter 4800 Summary: 
[2025-01-15 09:10:34,255] INFO: 	 lr: 0.00030000000000000073 	 Training loss: 0.028379554599523543
[2025-01-15 09:10:42,220] INFO: Iter 4900 Summary: 
[2025-01-15 09:10:42,220] INFO: 	 lr: 0.00030000000000000073 	 Training loss: 0.02835172217339277
[2025-01-15 09:10:49,385] INFO: Iter 5000 Summary: 
[2025-01-15 09:10:49,385] INFO: 	 lr: 0.00030000000000000073 	 Training loss: 0.028147172015160322
[2025-01-15 09:10:56,673] INFO: Iter 5100 Summary: 
[2025-01-15 09:10:56,673] INFO: 	 lr: 0.00030000000000000073 	 Training loss: 0.028285106215626
[2025-01-15 09:11:03,812] INFO: Iter 5200 Summary: 
[2025-01-15 09:11:03,812] INFO: 	 lr: 0.00030000000000000073 	 Training loss: 0.027759259399026633
[2025-01-15 09:11:11,102] INFO: Iter 5300 Summary: 
[2025-01-15 09:11:11,103] INFO: 	 lr: 0.00030000000000000073 	 Training loss: 0.027871526777744293
[2025-01-15 09:11:18,403] INFO: Iter 5400 Summary: 
[2025-01-15 09:11:18,403] INFO: 	 lr: 0.00030000000000000073 	 Training loss: 0.027996440380811692
[2025-01-15 09:11:25,720] INFO: Iter 5500 Summary: 
[2025-01-15 09:11:25,720] INFO: 	 lr: 0.00030000000000000073 	 Training loss: 0.028019741978496313
[2025-01-15 09:11:33,399] INFO: Iter 5600 Summary: 
[2025-01-15 09:11:33,400] INFO: 	 lr: 0.00030000000000000073 	 Training loss: 0.02758514093235135
[2025-01-15 09:11:40,724] INFO: Iter 5700 Summary: 
[2025-01-15 09:11:40,724] INFO: 	 lr: 0.00030000000000000073 	 Training loss: 0.02766530206426978
[2025-01-15 09:11:47,791] INFO: Iter 5800 Summary: 
[2025-01-15 09:11:47,791] INFO: 	 lr: 0.00030000000000000073 	 Training loss: 0.0275451229698956
[2025-01-15 09:11:54,901] INFO: Iter 5900 Summary: 
[2025-01-15 09:11:54,901] INFO: 	 lr: 0.00030000000000000073 	 Training loss: 0.02712137481197715
[2025-01-15 09:12:02,053] INFO: Iter 6000 Summary: 
[2025-01-15 09:12:02,053] INFO: 	 lr: 0.00030000000000000073 	 Training loss: 0.027606694903224708
[2025-01-15 09:12:12,269] INFO: Iter 6100 Summary: 
[2025-01-15 09:12:12,269] INFO: 	 lr: 0.00030000000000000073 	 Training loss: 0.027466956209391356
[2025-01-15 09:12:19,598] INFO: Iter 6200 Summary: 
[2025-01-15 09:12:19,599] INFO: 	 lr: 0.00030000000000000073 	 Training loss: 0.02738592591136694
[2025-01-15 09:12:27,285] INFO: Iter 6300 Summary: 
[2025-01-15 09:12:27,285] INFO: 	 lr: 0.00030000000000000073 	 Training loss: 0.027313107829540967
[2025-01-15 09:12:34,599] INFO: Iter 6400 Summary: 
[2025-01-15 09:12:34,599] INFO: 	 lr: 0.00030000000000000073 	 Training loss: 0.027487560398876665
[2025-01-15 09:12:41,863] INFO: Iter 6500 Summary: 
[2025-01-15 09:12:41,864] INFO: 	 lr: 0.00030000000000000073 	 Training loss: 0.02718837883323431
[2025-01-15 09:12:49,230] INFO: Iter 6600 Summary: 
[2025-01-15 09:12:49,230] INFO: 	 lr: 0.00030000000000000073 	 Training loss: 0.0270649404078722
[2025-01-15 09:12:56,447] INFO: Iter 6700 Summary: 
[2025-01-15 09:12:56,447] INFO: 	 lr: 0.00030000000000000073 	 Training loss: 0.026809779424220324
[2025-01-15 09:13:03,786] INFO: Iter 6800 Summary: 
[2025-01-15 09:13:03,787] INFO: 	 lr: 0.00030000000000000073 	 Training loss: 0.027018279395997526
[2025-01-15 09:13:11,130] INFO: Iter 6900 Summary: 
[2025-01-15 09:13:11,130] INFO: 	 lr: 0.00030000000000000073 	 Training loss: 0.027227038312703372
[2025-01-15 09:13:19,080] INFO: Iter 7000 Summary: 
[2025-01-15 09:13:19,081] INFO: 	 lr: 0.00030000000000000073 	 Training loss: 0.026912968214601277
[2025-01-15 09:13:26,195] INFO: Iter 7100 Summary: 
[2025-01-15 09:13:26,195] INFO: 	 lr: 0.00030000000000000073 	 Training loss: 0.02695774069055915
[2025-01-15 09:13:33,445] INFO: Iter 7200 Summary: 
[2025-01-15 09:13:33,446] INFO: 	 lr: 0.00030000000000000073 	 Training loss: 0.026642935499548912
[2025-01-15 09:13:40,820] INFO: Iter 7300 Summary: 
[2025-01-15 09:13:40,820] INFO: 	 lr: 0.00030000000000000073 	 Training loss: 0.02676830943673849
[2025-01-15 09:13:48,070] INFO: Iter 7400 Summary: 
[2025-01-15 09:13:48,070] INFO: 	 lr: 0.00030000000000000073 	 Training loss: 0.026817985344678164
[2025-01-15 09:13:55,174] INFO: Iter 7500 Summary: 
[2025-01-15 09:13:55,174] INFO: 	 lr: 0.00030000000000000073 	 Training loss: 0.02669802287593484
[2025-01-15 09:14:02,344] INFO: Iter 7600 Summary: 
[2025-01-15 09:14:02,344] INFO: 	 lr: 0.00030000000000000073 	 Training loss: 0.026744706109166145
[2025-01-15 09:14:10,248] INFO: Iter 7700 Summary: 
[2025-01-15 09:14:10,248] INFO: 	 lr: 0.00030000000000000073 	 Training loss: 0.026469420697540044
[2025-01-15 09:14:17,695] INFO: Iter 7800 Summary: 
[2025-01-15 09:14:17,695] INFO: 	 lr: 0.00030000000000000073 	 Training loss: 0.026007623951882122
[2025-01-15 09:14:24,886] INFO: Iter 7900 Summary: 
[2025-01-15 09:14:24,886] INFO: 	 lr: 0.00030000000000000073 	 Training loss: 0.026511275861412286
[2025-01-15 09:14:32,152] INFO: Iter 8000 Summary: 
[2025-01-15 09:14:32,153] INFO: 	 lr: 0.00030000000000000073 	 Training loss: 0.026240577790886163
[2025-01-15 09:14:43,133] INFO: Iter 8100 Summary: 
[2025-01-15 09:14:43,133] INFO: 	 lr: 0.00030000000000000073 	 Training loss: 0.02648092629387975
[2025-01-15 09:14:50,610] INFO: Iter 8200 Summary: 
[2025-01-15 09:14:50,611] INFO: 	 lr: 0.00030000000000000073 	 Training loss: 0.0265154723264277
[2025-01-15 09:14:58,532] INFO: Iter 8300 Summary: 
[2025-01-15 09:14:58,532] INFO: 	 lr: 0.00030000000000000073 	 Training loss: 0.026324736941605805
[2025-01-15 09:15:05,715] INFO: Iter 8400 Summary: 
[2025-01-15 09:15:05,715] INFO: 	 lr: 0.00030000000000000073 	 Training loss: 0.02628426318988204
[2025-01-15 09:15:13,150] INFO: Iter 8500 Summary: 
[2025-01-15 09:15:13,150] INFO: 	 lr: 0.00030000000000000073 	 Training loss: 0.026361719761043786
[2025-01-15 09:15:20,295] INFO: Iter 8600 Summary: 
[2025-01-15 09:15:20,295] INFO: 	 lr: 0.00030000000000000073 	 Training loss: 0.026103894952684642
[2025-01-15 09:15:27,264] INFO: Iter 8700 Summary: 
[2025-01-15 09:15:27,264] INFO: 	 lr: 0.00030000000000000073 	 Training loss: 0.02624838823452592
[2025-01-15 09:15:34,450] INFO: Iter 8800 Summary: 
[2025-01-15 09:15:34,450] INFO: 	 lr: 0.00030000000000000073 	 Training loss: 0.02616558488458395
[2025-01-15 09:15:41,770] INFO: Iter 8900 Summary: 
[2025-01-15 09:15:41,771] INFO: 	 lr: 0.00030000000000000073 	 Training loss: 0.026048575602471827
[2025-01-15 09:15:49,629] INFO: Iter 9000 Summary: 
[2025-01-15 09:15:49,629] INFO: 	 lr: 0.00030000000000000073 	 Training loss: 0.025823635086417197
[2025-01-15 09:15:56,916] INFO: Iter 9100 Summary: 
[2025-01-15 09:15:56,916] INFO: 	 lr: 0.00030000000000000073 	 Training loss: 0.025964236371219158
[2025-01-15 09:16:04,447] INFO: Iter 9200 Summary: 
[2025-01-15 09:16:04,447] INFO: 	 lr: 0.00030000000000000073 	 Training loss: 0.0261305389739573
[2025-01-15 09:16:11,610] INFO: Iter 9300 Summary: 
[2025-01-15 09:16:11,610] INFO: 	 lr: 0.00030000000000000073 	 Training loss: 0.02617495657876134
[2025-01-15 09:16:18,858] INFO: Iter 9400 Summary: 
[2025-01-15 09:16:18,858] INFO: 	 lr: 0.00030000000000000073 	 Training loss: 0.02560589198023081
[2025-01-15 09:16:26,237] INFO: Iter 9500 Summary: 
[2025-01-15 09:16:26,238] INFO: 	 lr: 0.00030000000000000073 	 Training loss: 0.02585999671369791
[2025-01-15 09:16:33,553] INFO: Iter 9600 Summary: 
[2025-01-15 09:16:33,553] INFO: 	 lr: 0.00030000000000000073 	 Training loss: 0.02599115040153265
[2025-01-15 09:16:41,209] INFO: Iter 9700 Summary: 
[2025-01-15 09:16:41,210] INFO: 	 lr: 0.00030000000000000073 	 Training loss: 0.025938376672565936
[2025-01-15 09:16:48,598] INFO: Iter 9800 Summary: 
[2025-01-15 09:16:48,598] INFO: 	 lr: 0.00030000000000000073 	 Training loss: 0.02563012819737196
[2025-01-15 09:16:56,022] INFO: Iter 9900 Summary: 
[2025-01-15 09:16:56,022] INFO: 	 lr: 0.00030000000000000073 	 Training loss: 0.0258358564786613
[2025-01-15 09:17:03,596] INFO: Iter 10000 Summary: 
[2025-01-15 09:17:03,596] INFO: 	 lr: 0.00030000000000000073 	 Training loss: 0.02571970922872424
[2025-01-15 09:17:14,452] INFO: Iter 10100 Summary: 
[2025-01-15 09:17:14,452] INFO: 	 lr: 0.00030000000000000073 	 Training loss: 0.025733326207846404
[2025-01-15 09:17:21,890] INFO: Iter 10200 Summary: 
[2025-01-15 09:17:21,890] INFO: 	 lr: 0.00030000000000000073 	 Training loss: 0.025793540105223656
[2025-01-15 09:17:28,975] INFO: Iter 10300 Summary: 
[2025-01-15 09:17:28,975] INFO: 	 lr: 0.00030000000000000073 	 Training loss: 0.025561609100550414
[2025-01-15 09:17:36,981] INFO: Iter 10400 Summary: 
[2025-01-15 09:17:36,981] INFO: 	 lr: 0.00030000000000000073 	 Training loss: 0.025977668650448323
[2025-01-15 09:17:44,391] INFO: Iter 10500 Summary: 
[2025-01-15 09:17:44,391] INFO: 	 lr: 0.00030000000000000073 	 Training loss: 0.025432928819209336
[2025-01-15 09:17:51,765] INFO: Iter 10600 Summary: 
[2025-01-15 09:17:51,765] INFO: 	 lr: 0.00030000000000000073 	 Training loss: 0.02544787721708417
[2025-01-15 09:17:59,090] INFO: Iter 10700 Summary: 
[2025-01-15 09:17:59,090] INFO: 	 lr: 0.00030000000000000073 	 Training loss: 0.025494658630341293
[2025-01-15 09:18:06,240] INFO: Iter 10800 Summary: 
[2025-01-15 09:18:06,240] INFO: 	 lr: 0.00030000000000000073 	 Training loss: 0.025746584832668305
[2025-01-15 09:18:13,541] INFO: Iter 10900 Summary: 
[2025-01-15 09:18:13,541] INFO: 	 lr: 0.00030000000000000073 	 Training loss: 0.025688092838972807
[2025-01-15 09:18:20,568] INFO: Iter 11000 Summary: 
[2025-01-15 09:18:20,568] INFO: 	 lr: 0.00030000000000000073 	 Training loss: 0.02552656291052699
[2025-01-15 09:18:28,609] INFO: Iter 11100 Summary: 
[2025-01-15 09:18:28,610] INFO: 	 lr: 0.00030000000000000073 	 Training loss: 0.02557907586917281
[2025-01-15 09:18:35,942] INFO: Iter 11200 Summary: 
[2025-01-15 09:18:35,942] INFO: 	 lr: 0.00030000000000000073 	 Training loss: 0.02546179736033082
[2025-01-15 09:18:43,097] INFO: Iter 11300 Summary: 
[2025-01-15 09:18:43,097] INFO: 	 lr: 0.00030000000000000073 	 Training loss: 0.02535606309771538
[2025-01-15 09:18:50,348] INFO: Iter 11400 Summary: 
[2025-01-15 09:18:50,348] INFO: 	 lr: 0.00030000000000000073 	 Training loss: 0.02533337228000164
[2025-01-15 09:18:57,686] INFO: Iter 11500 Summary: 
[2025-01-15 09:18:57,686] INFO: 	 lr: 0.00030000000000000073 	 Training loss: 0.02542349386960268
[2025-01-15 09:19:04,679] INFO: Iter 11600 Summary: 
[2025-01-15 09:19:04,679] INFO: 	 lr: 0.00030000000000000073 	 Training loss: 0.025229322891682386
[2025-01-15 09:19:12,083] INFO: Iter 11700 Summary: 
[2025-01-15 09:19:12,084] INFO: 	 lr: 0.00030000000000000073 	 Training loss: 0.025321733336895705
[2025-01-15 09:19:19,767] INFO: Iter 11800 Summary: 
[2025-01-15 09:19:19,768] INFO: 	 lr: 0.00030000000000000073 	 Training loss: 0.02521634116768837
[2025-01-15 09:19:26,910] INFO: Iter 11900 Summary: 
[2025-01-15 09:19:26,910] INFO: 	 lr: 0.00030000000000000073 	 Training loss: 0.025394218526780605
[2025-01-15 09:19:34,024] INFO: Iter 12000 Summary: 
[2025-01-15 09:19:34,024] INFO: 	 lr: 0.00030000000000000073 	 Training loss: 0.025181785598397254
[2025-01-15 09:19:44,957] INFO: Iter 12100 Summary: 
[2025-01-15 09:19:44,957] INFO: 	 lr: 0.00030000000000000073 	 Training loss: 0.025459641013294457
[2025-01-15 09:19:52,135] INFO: Iter 12200 Summary: 
[2025-01-15 09:19:52,136] INFO: 	 lr: 0.00030000000000000073 	 Training loss: 0.025189391802996397
[2025-01-15 09:19:59,228] INFO: Iter 12300 Summary: 
[2025-01-15 09:19:59,228] INFO: 	 lr: 0.00030000000000000073 	 Training loss: 0.02526198511943221
[2025-01-15 09:20:06,559] INFO: Iter 12400 Summary: 
[2025-01-15 09:20:06,559] INFO: 	 lr: 0.00030000000000000073 	 Training loss: 0.025267927329987287
[2025-01-15 09:20:14,358] INFO: Iter 12500 Summary: 
[2025-01-15 09:20:14,359] INFO: 	 lr: 0.00030000000000000073 	 Training loss: 0.02510709086433053
[2025-01-15 09:20:21,650] INFO: Iter 12600 Summary: 
[2025-01-15 09:20:21,651] INFO: 	 lr: 0.00030000000000000073 	 Training loss: 0.025009650085121394
[2025-01-15 09:20:28,828] INFO: Iter 12700 Summary: 
[2025-01-15 09:20:28,828] INFO: 	 lr: 0.00030000000000000073 	 Training loss: 0.025084331799298525
[2025-01-15 09:20:36,154] INFO: Iter 12800 Summary: 
[2025-01-15 09:20:36,155] INFO: 	 lr: 0.00030000000000000073 	 Training loss: 0.025042271222919226
[2025-01-15 09:20:43,483] INFO: Iter 12900 Summary: 
[2025-01-15 09:20:43,484] INFO: 	 lr: 0.00030000000000000073 	 Training loss: 0.024968611281365155
[2025-01-15 09:20:50,813] INFO: Iter 13000 Summary: 
[2025-01-15 09:20:50,813] INFO: 	 lr: 0.00030000000000000073 	 Training loss: 0.025161061249673367
[2025-01-15 09:20:58,032] INFO: Iter 13100 Summary: 
[2025-01-15 09:20:58,033] INFO: 	 lr: 0.00030000000000000073 	 Training loss: 0.025106289237737656
[2025-01-15 09:21:05,694] INFO: Iter 13200 Summary: 
[2025-01-15 09:21:05,695] INFO: 	 lr: 0.00030000000000000073 	 Training loss: 0.025082077383995056
[2025-01-15 09:21:12,796] INFO: Iter 13300 Summary: 
[2025-01-15 09:21:12,796] INFO: 	 lr: 0.00030000000000000073 	 Training loss: 0.02516281245276332
[2025-01-15 09:21:19,779] INFO: Iter 13400 Summary: 
[2025-01-15 09:21:19,780] INFO: 	 lr: 0.00030000000000000073 	 Training loss: 0.024713054895401
[2025-01-15 09:21:27,001] INFO: Iter 13500 Summary: 
[2025-01-15 09:21:27,002] INFO: 	 lr: 0.00030000000000000073 	 Training loss: 0.025164483543485404
[2025-01-15 09:21:34,027] INFO: Iter 13600 Summary: 
[2025-01-15 09:21:34,027] INFO: 	 lr: 0.00030000000000000073 	 Training loss: 0.025022666323930024
[2025-01-15 09:21:41,188] INFO: Iter 13700 Summary: 
[2025-01-15 09:21:41,188] INFO: 	 lr: 0.00030000000000000073 	 Training loss: 0.024941938184201717
[2025-01-15 09:21:48,404] INFO: Iter 13800 Summary: 
[2025-01-15 09:21:48,404] INFO: 	 lr: 0.00030000000000000073 	 Training loss: 0.02471547881141305
[2025-01-15 09:21:56,107] INFO: Iter 13900 Summary: 
[2025-01-15 09:21:56,108] INFO: 	 lr: 0.00030000000000000073 	 Training loss: 0.02502763018012047
[2025-01-15 09:22:03,326] INFO: Iter 14000 Summary: 
[2025-01-15 09:22:03,327] INFO: 	 lr: 0.00030000000000000073 	 Training loss: 0.02485450280830264
[2025-01-15 09:22:13,418] INFO: Iter 14100 Summary: 
[2025-01-15 09:22:13,418] INFO: 	 lr: 0.00030000000000000073 	 Training loss: 0.024883519504219295
[2025-01-15 09:22:20,849] INFO: Iter 14200 Summary: 
[2025-01-15 09:22:20,849] INFO: 	 lr: 0.00030000000000000073 	 Training loss: 0.024783349074423314
[2025-01-15 09:22:28,050] INFO: Iter 14300 Summary: 
[2025-01-15 09:22:28,050] INFO: 	 lr: 0.00030000000000000073 	 Training loss: 0.02481874795630574
[2025-01-15 09:22:35,234] INFO: Iter 14400 Summary: 
[2025-01-15 09:22:35,235] INFO: 	 lr: 0.00030000000000000073 	 Training loss: 0.02472541468217969
[2025-01-15 09:22:42,482] INFO: Iter 14500 Summary: 
[2025-01-15 09:22:42,482] INFO: 	 lr: 0.00030000000000000073 	 Training loss: 0.024777557719498872
[2025-01-15 09:22:49,991] INFO: Iter 14600 Summary: 
[2025-01-15 09:22:49,992] INFO: 	 lr: 0.00030000000000000073 	 Training loss: 0.02489216484129429
[2025-01-15 09:22:57,165] INFO: Iter 14700 Summary: 
[2025-01-15 09:22:57,165] INFO: 	 lr: 0.00030000000000000073 	 Training loss: 0.024700613245368003
[2025-01-15 09:23:04,320] INFO: Iter 14800 Summary: 
[2025-01-15 09:23:04,321] INFO: 	 lr: 0.00030000000000000073 	 Training loss: 0.024899934213608504
[2025-01-15 09:23:11,619] INFO: Iter 14900 Summary: 
[2025-01-15 09:23:11,620] INFO: 	 lr: 0.00030000000000000073 	 Training loss: 0.024684853926301
[2025-01-15 09:23:18,892] INFO: Iter 15000 Summary: 
[2025-01-15 09:23:18,892] INFO: 	 lr: 0.00030000000000000073 	 Training loss: 0.024902897085994483
[2025-01-15 09:23:26,339] INFO: Iter 15100 Summary: 
[2025-01-15 09:23:26,339] INFO: 	 lr: 0.00030000000000000073 	 Training loss: 0.02469235684722662
[2025-01-15 09:23:33,542] INFO: Iter 15200 Summary: 
[2025-01-15 09:23:33,542] INFO: 	 lr: 0.00030000000000000073 	 Training loss: 0.024730044305324553
[2025-01-15 09:23:41,161] INFO: Iter 15300 Summary: 
[2025-01-15 09:23:41,162] INFO: 	 lr: 0.00030000000000000073 	 Training loss: 0.02455060003325343
[2025-01-15 09:23:48,531] INFO: Iter 15400 Summary: 
[2025-01-15 09:23:48,531] INFO: 	 lr: 0.00030000000000000073 	 Training loss: 0.024562142845243214
[2025-01-15 09:23:55,804] INFO: Iter 15500 Summary: 
[2025-01-15 09:23:55,804] INFO: 	 lr: 0.00030000000000000073 	 Training loss: 0.02474351169541478
[2025-01-15 09:24:02,886] INFO: Iter 15600 Summary: 
[2025-01-15 09:24:02,886] INFO: 	 lr: 0.00030000000000000073 	 Training loss: 0.02474154781550169
[2025-01-15 09:24:10,249] INFO: Iter 15700 Summary: 
[2025-01-15 09:24:10,250] INFO: 	 lr: 0.00030000000000000073 	 Training loss: 0.024807982631027698
[2025-01-15 09:24:17,613] INFO: Iter 15800 Summary: 
[2025-01-15 09:24:17,613] INFO: 	 lr: 0.00030000000000000073 	 Training loss: 0.024749824292957783
[2025-01-15 09:24:25,565] INFO: Iter 15900 Summary: 
[2025-01-15 09:24:25,565] INFO: 	 lr: 0.00030000000000000073 	 Training loss: 0.02472275633364916
[2025-01-15 09:24:32,800] INFO: Iter 16000 Summary: 
[2025-01-15 09:24:32,801] INFO: 	 lr: 0.00030000000000000073 	 Training loss: 0.024651401750743387
[2025-01-15 09:24:43,074] INFO: Iter 16100 Summary: 
[2025-01-15 09:24:43,074] INFO: 	 lr: 0.00030000000000000073 	 Training loss: 0.024728207662701607
[2025-01-15 09:24:50,313] INFO: Iter 16200 Summary: 
[2025-01-15 09:24:50,313] INFO: 	 lr: 0.00030000000000000073 	 Training loss: 0.02458371765911579
[2025-01-15 09:24:57,494] INFO: Iter 16300 Summary: 
[2025-01-15 09:24:57,494] INFO: 	 lr: 0.00030000000000000073 	 Training loss: 0.024530393462628128
[2025-01-15 09:25:04,638] INFO: Iter 16400 Summary: 
[2025-01-15 09:25:04,639] INFO: 	 lr: 0.00030000000000000073 	 Training loss: 0.02465256903320551
[2025-01-15 09:25:12,207] INFO: Iter 16500 Summary: 
[2025-01-15 09:25:12,207] INFO: 	 lr: 0.00030000000000000073 	 Training loss: 0.024505742229521274
[2025-01-15 09:25:19,914] INFO: Iter 16600 Summary: 
[2025-01-15 09:25:19,915] INFO: 	 lr: 0.00030000000000000073 	 Training loss: 0.024543941542506217
[2025-01-15 09:25:27,219] INFO: Iter 16700 Summary: 
[2025-01-15 09:25:27,220] INFO: 	 lr: 0.00030000000000000073 	 Training loss: 0.024568853620439767
[2025-01-15 09:25:34,544] INFO: Iter 16800 Summary: 
[2025-01-15 09:25:34,544] INFO: 	 lr: 0.00030000000000000073 	 Training loss: 0.02451896347105503
[2025-01-15 09:25:42,221] INFO: Iter 16900 Summary: 
[2025-01-15 09:25:42,221] INFO: 	 lr: 0.00030000000000000073 	 Training loss: 0.024547699093818664
[2025-01-15 09:25:49,471] INFO: Iter 17000 Summary: 
[2025-01-15 09:25:49,472] INFO: 	 lr: 0.00030000000000000073 	 Training loss: 0.024551073610782622
[2025-01-15 09:25:56,642] INFO: Iter 17100 Summary: 
[2025-01-15 09:25:56,642] INFO: 	 lr: 0.00030000000000000073 	 Training loss: 0.02450625628232956
[2025-01-15 09:26:03,790] INFO: Iter 17200 Summary: 
[2025-01-15 09:26:03,790] INFO: 	 lr: 0.00030000000000000073 	 Training loss: 0.02457221956923604
[2025-01-15 09:26:11,449] INFO: Iter 17300 Summary: 
[2025-01-15 09:26:11,450] INFO: 	 lr: 0.00030000000000000073 	 Training loss: 0.024573357962071895
[2025-01-15 09:26:18,707] INFO: Iter 17400 Summary: 
[2025-01-15 09:26:18,708] INFO: 	 lr: 0.00030000000000000073 	 Training loss: 0.02461524376645684
[2025-01-15 09:26:26,068] INFO: Iter 17500 Summary: 
[2025-01-15 09:26:26,068] INFO: 	 lr: 0.00030000000000000073 	 Training loss: 0.02451917665079236
[2025-01-15 09:26:33,235] INFO: Iter 17600 Summary: 
[2025-01-15 09:26:33,235] INFO: 	 lr: 0.00030000000000000073 	 Training loss: 0.024473215974867343
[2025-01-15 09:26:40,365] INFO: Iter 17700 Summary: 
[2025-01-15 09:26:40,365] INFO: 	 lr: 0.00030000000000000073 	 Training loss: 0.024430414512753486
[2025-01-15 09:26:47,367] INFO: Iter 17800 Summary: 
[2025-01-15 09:26:47,367] INFO: 	 lr: 0.00030000000000000073 	 Training loss: 0.024613705668598412
[2025-01-15 09:26:54,499] INFO: Iter 17900 Summary: 
[2025-01-15 09:26:54,499] INFO: 	 lr: 0.00030000000000000073 	 Training loss: 0.02436983013525605
[2025-01-15 09:27:02,222] INFO: Iter 18000 Summary: 
[2025-01-15 09:27:02,223] INFO: 	 lr: 0.00030000000000000073 	 Training loss: 0.024578640609979628
[2025-01-15 09:27:13,089] INFO: Iter 18100 Summary: 
[2025-01-15 09:27:13,089] INFO: 	 lr: 0.00030000000000000073 	 Training loss: 0.024426891300827265
[2025-01-15 09:27:20,120] INFO: Iter 18200 Summary: 
[2025-01-15 09:27:20,121] INFO: 	 lr: 0.00030000000000000073 	 Training loss: 0.024427493587136268
[2025-01-15 09:27:27,408] INFO: Iter 18300 Summary: 
[2025-01-15 09:27:27,408] INFO: 	 lr: 0.00030000000000000073 	 Training loss: 0.02437864452600479
[2025-01-15 09:27:34,455] INFO: Iter 18400 Summary: 
[2025-01-15 09:27:34,456] INFO: 	 lr: 0.00030000000000000073 	 Training loss: 0.024181606601923703
[2025-01-15 09:27:41,599] INFO: Iter 18500 Summary: 
[2025-01-15 09:27:41,599] INFO: 	 lr: 0.00030000000000000073 	 Training loss: 0.024399803131818772
[2025-01-15 09:27:48,878] INFO: Iter 18600 Summary: 
[2025-01-15 09:27:48,879] INFO: 	 lr: 0.00030000000000000073 	 Training loss: 0.024419199898838995
[2025-01-15 09:27:56,566] INFO: Iter 18700 Summary: 
[2025-01-15 09:27:56,567] INFO: 	 lr: 0.00030000000000000073 	 Training loss: 0.02444192986935377
[2025-01-15 09:28:03,839] INFO: Iter 18800 Summary: 
[2025-01-15 09:28:03,840] INFO: 	 lr: 0.00030000000000000073 	 Training loss: 0.024165682885795833
[2025-01-15 09:28:11,225] INFO: Iter 18900 Summary: 
[2025-01-15 09:28:11,225] INFO: 	 lr: 0.00030000000000000073 	 Training loss: 0.024465571362525224
[2025-01-15 09:28:18,481] INFO: Iter 19000 Summary: 
[2025-01-15 09:28:18,481] INFO: 	 lr: 0.00030000000000000073 	 Training loss: 0.02445769986137748
[2025-01-15 09:28:25,885] INFO: Iter 19100 Summary: 
[2025-01-15 09:28:25,885] INFO: 	 lr: 0.00030000000000000073 	 Training loss: 0.02428569193929434
[2025-01-15 09:28:33,114] INFO: Iter 19200 Summary: 
[2025-01-15 09:28:33,114] INFO: 	 lr: 0.00030000000000000073 	 Training loss: 0.02405362457036972
[2025-01-15 09:28:40,303] INFO: Iter 19300 Summary: 
[2025-01-15 09:28:40,303] INFO: 	 lr: 0.00030000000000000073 	 Training loss: 0.024255099389702082
[2025-01-15 09:28:47,865] INFO: Iter 19400 Summary: 
[2025-01-15 09:28:47,866] INFO: 	 lr: 0.00030000000000000073 	 Training loss: 0.024347458835691213
[2025-01-15 09:28:55,019] INFO: Iter 19500 Summary: 
[2025-01-15 09:28:55,020] INFO: 	 lr: 0.00030000000000000073 	 Training loss: 0.024463496878743173
[2025-01-15 09:29:02,166] INFO: Iter 19600 Summary: 
[2025-01-15 09:29:02,166] INFO: 	 lr: 0.00030000000000000073 	 Training loss: 0.024039421398192644
[2025-01-15 09:29:09,292] INFO: Iter 19700 Summary: 
[2025-01-15 09:29:09,293] INFO: 	 lr: 0.00030000000000000073 	 Training loss: 0.02419556153938174
[2025-01-15 09:29:16,400] INFO: Iter 19800 Summary: 
[2025-01-15 09:29:16,400] INFO: 	 lr: 0.00030000000000000073 	 Training loss: 0.024207516126334667
[2025-01-15 09:29:23,551] INFO: Iter 19900 Summary: 
[2025-01-15 09:29:23,551] INFO: 	 lr: 0.00030000000000000073 	 Training loss: 0.024369331635534765
[2025-01-15 09:29:30,926] INFO: Iter 20000 Summary: 
[2025-01-15 09:29:30,926] INFO: 	 lr: 0.00030000000000000073 	 Training loss: 0.02414126105606556
[2025-01-15 09:29:41,643] INFO: Iter 20100 Summary: 
[2025-01-15 09:29:41,643] INFO: 	 lr: 0.00030000000000000073 	 Training loss: 0.024033049959689377
[2025-01-15 09:29:48,910] INFO: Iter 20200 Summary: 
[2025-01-15 09:29:48,911] INFO: 	 lr: 0.00030000000000000073 	 Training loss: 0.02413952151313424
[2025-01-15 09:29:56,171] INFO: Iter 20300 Summary: 
[2025-01-15 09:29:56,171] INFO: 	 lr: 0.00030000000000000073 	 Training loss: 0.024208190236240625
[2025-01-15 09:30:03,499] INFO: Iter 20400 Summary: 
[2025-01-15 09:30:03,499] INFO: 	 lr: 0.00030000000000000073 	 Training loss: 0.024268191829323767
[2025-01-15 09:30:10,763] INFO: Iter 20500 Summary: 
[2025-01-15 09:30:10,763] INFO: 	 lr: 0.00030000000000000073 	 Training loss: 0.02412402367219329
[2025-01-15 09:30:17,923] INFO: Iter 20600 Summary: 
[2025-01-15 09:30:17,924] INFO: 	 lr: 0.00030000000000000073 	 Training loss: 0.024388459753245117
[2025-01-15 09:30:25,214] INFO: Iter 20700 Summary: 
[2025-01-15 09:30:25,214] INFO: 	 lr: 0.00030000000000000073 	 Training loss: 0.0241560585424304
[2025-01-15 09:30:33,107] INFO: Iter 20800 Summary: 
[2025-01-15 09:30:33,107] INFO: 	 lr: 0.00030000000000000073 	 Training loss: 0.024358300250023602
[2025-01-15 09:30:40,324] INFO: Iter 20900 Summary: 
[2025-01-15 09:30:40,324] INFO: 	 lr: 0.00030000000000000073 	 Training loss: 0.024163213670253755
[2025-01-15 09:30:47,496] INFO: Iter 21000 Summary: 
[2025-01-15 09:30:47,496] INFO: 	 lr: 0.00030000000000000073 	 Training loss: 0.024202299434691668
[2025-01-15 09:30:54,673] INFO: Iter 21100 Summary: 
[2025-01-15 09:30:54,673] INFO: 	 lr: 0.00030000000000000073 	 Training loss: 0.024146368000656365
[2025-01-15 09:31:01,759] INFO: Iter 21200 Summary: 
[2025-01-15 09:31:01,759] INFO: 	 lr: 0.00030000000000000073 	 Training loss: 0.02398200986906886
[2025-01-15 09:31:08,810] INFO: Iter 21300 Summary: 
[2025-01-15 09:31:08,810] INFO: 	 lr: 0.00030000000000000073 	 Training loss: 0.024055362083017826
[2025-01-15 09:31:15,986] INFO: Iter 21400 Summary: 
[2025-01-15 09:31:15,986] INFO: 	 lr: 0.00030000000000000073 	 Training loss: 0.024405170977115632
[2025-01-15 09:31:23,737] INFO: Iter 21500 Summary: 
[2025-01-15 09:31:23,737] INFO: 	 lr: 0.00030000000000000073 	 Training loss: 0.024202194157987834
[2025-01-15 09:31:31,007] INFO: Iter 21600 Summary: 
[2025-01-15 09:31:31,008] INFO: 	 lr: 0.00030000000000000073 	 Training loss: 0.02410109721124172
[2025-01-15 09:31:38,108] INFO: Iter 21700 Summary: 
[2025-01-15 09:31:38,108] INFO: 	 lr: 0.00030000000000000073 	 Training loss: 0.024011849742382765
[2025-01-15 09:31:45,366] INFO: Iter 21800 Summary: 
[2025-01-15 09:31:45,366] INFO: 	 lr: 0.00030000000000000073 	 Training loss: 0.02405519559979439
[2025-01-15 09:31:52,703] INFO: Iter 21900 Summary: 
[2025-01-15 09:31:52,703] INFO: 	 lr: 0.00030000000000000073 	 Training loss: 0.0240534146130085
[2025-01-15 09:31:59,904] INFO: Iter 22000 Summary: 
[2025-01-15 09:31:59,904] INFO: 	 lr: 0.00030000000000000073 	 Training loss: 0.024189961198717354
[2025-01-15 09:32:09,885] INFO: Iter 22100 Summary: 
[2025-01-15 09:32:09,885] INFO: 	 lr: 0.00030000000000000073 	 Training loss: 0.02406261594966054
[2025-01-15 09:32:17,710] INFO: Iter 22200 Summary: 
[2025-01-15 09:32:17,711] INFO: 	 lr: 0.00030000000000000073 	 Training loss: 0.0241062586940825
[2025-01-15 09:32:25,005] INFO: Iter 22300 Summary: 
[2025-01-15 09:32:25,005] INFO: 	 lr: 0.00030000000000000073 	 Training loss: 0.023936432003974915
[2025-01-15 09:32:32,187] INFO: Iter 22400 Summary: 
[2025-01-15 09:32:32,187] INFO: 	 lr: 0.00030000000000000073 	 Training loss: 0.02414572125300765
[2025-01-15 09:32:39,546] INFO: Iter 22500 Summary: 
[2025-01-15 09:32:39,547] INFO: 	 lr: 0.00030000000000000073 	 Training loss: 0.023985005803406238
[2025-01-15 09:32:46,814] INFO: Iter 22600 Summary: 
[2025-01-15 09:32:46,814] INFO: 	 lr: 0.00030000000000000073 	 Training loss: 0.024060882925987244
[2025-01-15 09:32:53,903] INFO: Iter 22700 Summary: 
[2025-01-15 09:32:53,903] INFO: 	 lr: 0.00030000000000000073 	 Training loss: 0.02407108698040247
[2025-01-15 09:33:00,961] INFO: Iter 22800 Summary: 
[2025-01-15 09:33:00,961] INFO: 	 lr: 0.00030000000000000073 	 Training loss: 0.024008571915328503
[2025-01-15 09:33:08,675] INFO: Iter 22900 Summary: 
[2025-01-15 09:33:08,675] INFO: 	 lr: 0.00030000000000000073 	 Training loss: 0.02402941757813096
[2025-01-15 09:33:15,817] INFO: Iter 23000 Summary: 
[2025-01-15 09:33:15,818] INFO: 	 lr: 0.00030000000000000073 	 Training loss: 0.023814216051250697
[2025-01-15 09:33:23,064] INFO: Iter 23100 Summary: 
[2025-01-15 09:33:23,064] INFO: 	 lr: 0.00030000000000000073 	 Training loss: 0.024040822200477124
[2025-01-15 09:33:30,297] INFO: Iter 23200 Summary: 
[2025-01-15 09:33:30,297] INFO: 	 lr: 0.00030000000000000073 	 Training loss: 0.024130962304770947
[2025-01-15 09:33:37,720] INFO: Iter 23300 Summary: 
[2025-01-15 09:33:37,720] INFO: 	 lr: 0.00030000000000000073 	 Training loss: 0.023892020750790836
[2025-01-15 09:33:45,035] INFO: Iter 23400 Summary: 
[2025-01-15 09:33:45,036] INFO: 	 lr: 0.00030000000000000073 	 Training loss: 0.024145716335624456
[2025-01-15 09:33:52,625] INFO: Iter 23500 Summary: 
[2025-01-15 09:33:52,625] INFO: 	 lr: 0.00030000000000000073 	 Training loss: 0.024160532187670468
[2025-01-15 09:33:59,940] INFO: Iter 23600 Summary: 
[2025-01-15 09:33:59,940] INFO: 	 lr: 0.00030000000000000073 	 Training loss: 0.024230545815080405
[2025-01-15 09:34:07,347] INFO: Iter 23700 Summary: 
[2025-01-15 09:34:07,347] INFO: 	 lr: 0.00030000000000000073 	 Training loss: 0.023983062840998173
[2025-01-15 09:34:14,529] INFO: Iter 23800 Summary: 
[2025-01-15 09:34:14,529] INFO: 	 lr: 0.00030000000000000073 	 Training loss: 0.023989930246025325
[2025-01-15 09:34:22,032] INFO: Iter 23900 Summary: 
[2025-01-15 09:34:22,032] INFO: 	 lr: 0.00030000000000000073 	 Training loss: 0.02404012195765972
[2025-01-15 09:34:29,179] INFO: Iter 24000 Summary: 
[2025-01-15 09:34:29,180] INFO: 	 lr: 0.00030000000000000073 	 Training loss: 0.02407178271561861
[2025-01-15 09:34:39,798] INFO: Iter 24100 Summary: 
[2025-01-15 09:34:39,798] INFO: 	 lr: 0.00030000000000000073 	 Training loss: 0.024128959104418753
[2025-01-15 09:34:47,502] INFO: Iter 24200 Summary: 
[2025-01-15 09:34:47,502] INFO: 	 lr: 0.00030000000000000073 	 Training loss: 0.02385697765275836
[2025-01-15 09:34:54,705] INFO: Iter 24300 Summary: 
[2025-01-15 09:34:54,705] INFO: 	 lr: 0.00030000000000000073 	 Training loss: 0.024003412257879973
[2025-01-15 09:35:01,858] INFO: Iter 24400 Summary: 
[2025-01-15 09:35:01,858] INFO: 	 lr: 0.00030000000000000073 	 Training loss: 0.02394074108451605
[2025-01-15 09:35:09,160] INFO: Iter 24500 Summary: 
[2025-01-15 09:35:09,160] INFO: 	 lr: 0.00030000000000000073 	 Training loss: 0.024225867055356502
[2025-01-15 09:35:16,524] INFO: Iter 24600 Summary: 
[2025-01-15 09:35:16,524] INFO: 	 lr: 0.00030000000000000073 	 Training loss: 0.023880662377923727
[2025-01-15 09:35:23,692] INFO: Iter 24700 Summary: 
[2025-01-15 09:35:23,693] INFO: 	 lr: 0.00030000000000000073 	 Training loss: 0.023831704314798117
[2025-01-15 09:35:31,016] INFO: Iter 24800 Summary: 
[2025-01-15 09:35:31,016] INFO: 	 lr: 0.00030000000000000073 	 Training loss: 0.02391423746943474
[2025-01-15 09:35:38,788] INFO: Iter 24900 Summary: 
[2025-01-15 09:35:38,788] INFO: 	 lr: 0.00030000000000000073 	 Training loss: 0.024074903316795827
[2025-01-15 09:35:46,015] INFO: Iter 25000 Summary: 
[2025-01-15 09:35:46,015] INFO: 	 lr: 0.00030000000000000073 	 Training loss: 0.023788703009486198
[2025-01-15 09:35:53,293] INFO: Iter 25100 Summary: 
[2025-01-15 09:35:53,293] INFO: 	 lr: 0.00030000000000000073 	 Training loss: 0.02387530146166682
[2025-01-15 09:36:00,712] INFO: Iter 25200 Summary: 
[2025-01-15 09:36:00,713] INFO: 	 lr: 0.00030000000000000073 	 Training loss: 0.024049940817058087
[2025-01-15 09:36:07,750] INFO: Iter 25300 Summary: 
[2025-01-15 09:36:07,750] INFO: 	 lr: 0.00030000000000000073 	 Training loss: 0.02391924325376749
[2025-01-15 09:36:15,124] INFO: Iter 25400 Summary: 
[2025-01-15 09:36:15,125] INFO: 	 lr: 0.00030000000000000073 	 Training loss: 0.023919172789901494
[2025-01-15 09:36:22,454] INFO: Iter 25500 Summary: 
[2025-01-15 09:36:22,454] INFO: 	 lr: 0.00030000000000000073 	 Training loss: 0.024058699421584607
[2025-01-15 09:36:30,252] INFO: Iter 25600 Summary: 
[2025-01-15 09:36:30,252] INFO: 	 lr: 0.00030000000000000073 	 Training loss: 0.02386206738650799
[2025-01-15 09:36:37,744] INFO: Iter 25700 Summary: 
[2025-01-15 09:36:37,745] INFO: 	 lr: 0.00030000000000000073 	 Training loss: 0.023866062685847282
[2025-01-15 09:36:45,053] INFO: Iter 25800 Summary: 
[2025-01-15 09:36:45,053] INFO: 	 lr: 0.00030000000000000073 	 Training loss: 0.02388006130233407
[2025-01-15 09:36:52,670] INFO: Iter 25900 Summary: 
[2025-01-15 09:36:52,670] INFO: 	 lr: 0.00030000000000000073 	 Training loss: 0.023606709465384484
[2025-01-15 09:36:59,918] INFO: Iter 26000 Summary: 
[2025-01-15 09:36:59,918] INFO: 	 lr: 0.00030000000000000073 	 Training loss: 0.02404183052480221
[2025-01-15 09:37:10,825] INFO: Iter 26100 Summary: 
[2025-01-15 09:37:10,825] INFO: 	 lr: 0.00030000000000000073 	 Training loss: 0.02385096304118633
[2025-01-15 09:37:18,121] INFO: Iter 26200 Summary: 
[2025-01-15 09:37:18,121] INFO: 	 lr: 0.00030000000000000073 	 Training loss: 0.024073867108672858
[2025-01-15 09:37:26,046] INFO: Iter 26300 Summary: 
[2025-01-15 09:37:26,047] INFO: 	 lr: 0.00030000000000000073 	 Training loss: 0.0238660379499197
[2025-01-15 09:37:33,388] INFO: Iter 26400 Summary: 
[2025-01-15 09:37:33,388] INFO: 	 lr: 0.00030000000000000073 	 Training loss: 0.024225011989474295
[2025-01-15 09:37:40,884] INFO: Iter 26500 Summary: 
[2025-01-15 09:37:40,885] INFO: 	 lr: 0.00030000000000000073 	 Training loss: 0.02368250036612153
[2025-01-15 09:37:48,301] INFO: Iter 26600 Summary: 
[2025-01-15 09:37:48,301] INFO: 	 lr: 0.00030000000000000073 	 Training loss: 0.02369899520650506
[2025-01-15 09:37:55,669] INFO: Iter 26700 Summary: 
[2025-01-15 09:37:55,669] INFO: 	 lr: 0.00030000000000000073 	 Training loss: 0.02407363001257181
[2025-01-15 09:38:02,951] INFO: Iter 26800 Summary: 
[2025-01-15 09:38:02,951] INFO: 	 lr: 0.00030000000000000073 	 Training loss: 0.023766489680856467
[2025-01-15 09:38:10,200] INFO: Iter 26900 Summary: 
[2025-01-15 09:38:10,200] INFO: 	 lr: 0.00030000000000000073 	 Training loss: 0.023873344473540784
[2025-01-15 09:38:18,249] INFO: Iter 27000 Summary: 
[2025-01-15 09:38:18,249] INFO: 	 lr: 0.00030000000000000073 	 Training loss: 0.024005529843270777
[2025-01-15 09:38:25,458] INFO: Iter 27100 Summary: 
[2025-01-15 09:38:25,458] INFO: 	 lr: 0.00030000000000000073 	 Training loss: 0.023786063734441996
[2025-01-15 09:38:32,726] INFO: Iter 27200 Summary: 
[2025-01-15 09:38:32,726] INFO: 	 lr: 0.00030000000000000073 	 Training loss: 0.023722447901964188
[2025-01-15 09:38:40,198] INFO: Iter 27300 Summary: 
[2025-01-15 09:38:40,198] INFO: 	 lr: 0.00030000000000000073 	 Training loss: 0.02376799862831831
[2025-01-15 09:38:47,610] INFO: Iter 27400 Summary: 
[2025-01-15 09:38:47,610] INFO: 	 lr: 0.00030000000000000073 	 Training loss: 0.023935112059116363
[2025-01-15 09:38:55,022] INFO: Iter 27500 Summary: 
[2025-01-15 09:38:55,022] INFO: 	 lr: 0.00030000000000000073 	 Training loss: 0.023830761145800353
[2025-01-15 09:39:02,190] INFO: Iter 27600 Summary: 
[2025-01-15 09:39:02,190] INFO: 	 lr: 0.00030000000000000073 	 Training loss: 0.023662918899208307
[2025-01-15 09:39:09,955] INFO: Iter 27700 Summary: 
[2025-01-15 09:39:09,956] INFO: 	 lr: 0.00030000000000000073 	 Training loss: 0.02380605159327388
[2025-01-15 09:39:17,242] INFO: Iter 27800 Summary: 
[2025-01-15 09:39:17,242] INFO: 	 lr: 0.00030000000000000073 	 Training loss: 0.02390066897496581
[2025-01-15 09:39:24,589] INFO: Iter 27900 Summary: 
[2025-01-15 09:39:24,589] INFO: 	 lr: 0.00030000000000000073 	 Training loss: 0.023901379816234112
[2025-01-15 09:39:31,702] INFO: Iter 28000 Summary: 
[2025-01-15 09:39:31,702] INFO: 	 lr: 0.00030000000000000073 	 Training loss: 0.023727913126349448
[2025-01-15 09:39:41,770] INFO: Iter 28100 Summary: 
[2025-01-15 09:39:41,770] INFO: 	 lr: 0.00030000000000000073 	 Training loss: 0.023797742910683154
[2025-01-15 09:39:49,046] INFO: Iter 28200 Summary: 
[2025-01-15 09:39:49,046] INFO: 	 lr: 0.00030000000000000073 	 Training loss: 0.02389107722789049
[2025-01-15 09:39:56,092] INFO: Iter 28300 Summary: 
[2025-01-15 09:39:56,092] INFO: 	 lr: 0.00030000000000000073 	 Training loss: 0.023788652569055557
[2025-01-15 09:40:03,837] INFO: Iter 28400 Summary: 
[2025-01-15 09:40:03,838] INFO: 	 lr: 0.00030000000000000073 	 Training loss: 0.023717597033828496
[2025-01-15 09:40:11,244] INFO: Iter 28500 Summary: 
[2025-01-15 09:40:11,244] INFO: 	 lr: 0.00030000000000000073 	 Training loss: 0.023721129223704337
[2025-01-15 09:40:18,572] INFO: Iter 28600 Summary: 
[2025-01-15 09:40:18,573] INFO: 	 lr: 0.00030000000000000073 	 Training loss: 0.023820075690746307
[2025-01-15 09:40:25,906] INFO: Iter 28700 Summary: 
[2025-01-15 09:40:25,907] INFO: 	 lr: 0.00030000000000000073 	 Training loss: 0.0239264153316617
[2025-01-15 09:40:33,130] INFO: Iter 28800 Summary: 
[2025-01-15 09:40:33,130] INFO: 	 lr: 0.00030000000000000073 	 Training loss: 0.023682134449481963
[2025-01-15 09:40:40,372] INFO: Iter 28900 Summary: 
[2025-01-15 09:40:40,372] INFO: 	 lr: 0.00030000000000000073 	 Training loss: 0.023739745579659938
[2025-01-15 09:40:47,522] INFO: Iter 29000 Summary: 
[2025-01-15 09:40:47,522] INFO: 	 lr: 0.00030000000000000073 	 Training loss: 0.02365349130704999
[2025-01-15 09:40:55,226] INFO: Iter 29100 Summary: 
[2025-01-15 09:40:55,226] INFO: 	 lr: 0.00030000000000000073 	 Training loss: 0.023629769496619702
[2025-01-15 09:41:02,394] INFO: Iter 29200 Summary: 
[2025-01-15 09:41:02,394] INFO: 	 lr: 0.00030000000000000073 	 Training loss: 0.023764888923615217
[2025-01-15 09:41:09,614] INFO: Iter 29300 Summary: 
[2025-01-15 09:41:09,614] INFO: 	 lr: 0.00030000000000000073 	 Training loss: 0.023710226323455572
[2025-01-15 09:41:16,897] INFO: Iter 29400 Summary: 
[2025-01-15 09:41:16,898] INFO: 	 lr: 0.00030000000000000073 	 Training loss: 0.023793571926653385
[2025-01-15 09:41:23,965] INFO: Iter 29500 Summary: 
[2025-01-15 09:41:23,965] INFO: 	 lr: 0.00030000000000000073 	 Training loss: 0.023746332824230193
[2025-01-15 09:41:31,333] INFO: Iter 29600 Summary: 
[2025-01-15 09:41:31,333] INFO: 	 lr: 0.00030000000000000073 	 Training loss: 0.023896840251982212
[2025-01-15 09:41:38,443] INFO: Iter 29700 Summary: 
[2025-01-15 09:41:38,443] INFO: 	 lr: 0.00030000000000000073 	 Training loss: 0.02359981244429946
[2025-01-15 09:41:46,350] INFO: Iter 29800 Summary: 
[2025-01-15 09:41:46,350] INFO: 	 lr: 0.00030000000000000073 	 Training loss: 0.023652564063668252
[2025-01-15 09:41:53,352] INFO: Iter 29900 Summary: 
[2025-01-15 09:41:53,352] INFO: 	 lr: 0.00030000000000000073 	 Training loss: 0.02356183709576726
[2025-01-15 09:42:00,546] INFO: Iter 30000 Summary: 
[2025-01-15 09:42:00,546] INFO: 	 lr: 0.00030000000000000073 	 Training loss: 0.023795346952974795
[2025-01-15 09:42:10,414] INFO: Iter 30100 Summary: 
[2025-01-15 09:42:10,415] INFO: 	 lr: 1.2900000000000026e-05 	 Training loss: 0.023147835172712804
[2025-01-15 09:42:17,587] INFO: Iter 30200 Summary: 
[2025-01-15 09:42:17,587] INFO: 	 lr: 1.000000000000002e-05 	 Training loss: 0.022705699615180493
[2025-01-15 09:42:24,843] INFO: Iter 30300 Summary: 
[2025-01-15 09:42:24,844] INFO: 	 lr: 1.000000000000002e-05 	 Training loss: 0.022767798472195865
[2025-01-15 09:42:32,176] INFO: Iter 30400 Summary: 
[2025-01-15 09:42:32,177] INFO: 	 lr: 1.000000000000002e-05 	 Training loss: 0.022855244949460028
[2025-01-15 09:42:39,943] INFO: Iter 30500 Summary: 
[2025-01-15 09:42:39,944] INFO: 	 lr: 1.000000000000002e-05 	 Training loss: 0.022514324318617582
[2025-01-15 09:42:47,202] INFO: Iter 30600 Summary: 
[2025-01-15 09:42:47,203] INFO: 	 lr: 1.000000000000002e-05 	 Training loss: 0.022635578848421573
[2025-01-15 09:42:54,535] INFO: Iter 30700 Summary: 
[2025-01-15 09:42:54,535] INFO: 	 lr: 1.000000000000002e-05 	 Training loss: 0.022738605868071318
[2025-01-15 09:43:01,767] INFO: Iter 30800 Summary: 
[2025-01-15 09:43:01,767] INFO: 	 lr: 1.000000000000002e-05 	 Training loss: 0.022595582008361818
[2025-01-15 09:43:08,974] INFO: Iter 30900 Summary: 
[2025-01-15 09:43:08,975] INFO: 	 lr: 1.000000000000002e-05 	 Training loss: 0.02252387419342995
[2025-01-15 09:43:15,888] INFO: Iter 31000 Summary: 
[2025-01-15 09:43:15,888] INFO: 	 lr: 1.000000000000002e-05 	 Training loss: 0.02271508440375328
[2025-01-15 09:43:23,707] INFO: Iter 31100 Summary: 
[2025-01-15 09:43:23,708] INFO: 	 lr: 1.000000000000002e-05 	 Training loss: 0.022571394108235835
[2025-01-15 09:43:30,782] INFO: Iter 31200 Summary: 
[2025-01-15 09:43:30,782] INFO: 	 lr: 1.000000000000002e-05 	 Training loss: 0.02256688881665468
[2025-01-15 09:43:38,003] INFO: Iter 31300 Summary: 
[2025-01-15 09:43:38,004] INFO: 	 lr: 1.000000000000002e-05 	 Training loss: 0.022262087445706128
[2025-01-15 09:43:45,179] INFO: Iter 31400 Summary: 
[2025-01-15 09:43:45,180] INFO: 	 lr: 1.000000000000002e-05 	 Training loss: 0.022789815533906223
[2025-01-15 09:43:52,284] INFO: Iter 31500 Summary: 
[2025-01-15 09:43:52,284] INFO: 	 lr: 1.000000000000002e-05 	 Training loss: 0.022216484956443308
[2025-01-15 09:43:59,484] INFO: Iter 31600 Summary: 
[2025-01-15 09:43:59,484] INFO: 	 lr: 1.000000000000002e-05 	 Training loss: 0.02250781763345003
[2025-01-15 09:44:06,512] INFO: Iter 31700 Summary: 
[2025-01-15 09:44:06,512] INFO: 	 lr: 1.000000000000002e-05 	 Training loss: 0.022389688603579996
[2025-01-15 09:44:14,242] INFO: Iter 31800 Summary: 
[2025-01-15 09:44:14,243] INFO: 	 lr: 1.000000000000002e-05 	 Training loss: 0.022583704721182585
[2025-01-15 09:44:21,670] INFO: Iter 31900 Summary: 
[2025-01-15 09:44:21,670] INFO: 	 lr: 1.000000000000002e-05 	 Training loss: 0.022371921874582767
[2025-01-15 09:44:29,040] INFO: Iter 32000 Summary: 
[2025-01-15 09:44:29,040] INFO: 	 lr: 1.000000000000002e-05 	 Training loss: 0.022457413617521526
[2025-01-15 09:44:39,266] INFO: Iter 32100 Summary: 
[2025-01-15 09:44:39,267] INFO: 	 lr: 1.000000000000002e-05 	 Training loss: 0.022411080114543437
[2025-01-15 09:44:46,320] INFO: Iter 32200 Summary: 
[2025-01-15 09:44:46,321] INFO: 	 lr: 1.000000000000002e-05 	 Training loss: 0.022437027636915446
[2025-01-15 09:44:53,516] INFO: Iter 32300 Summary: 
[2025-01-15 09:44:53,516] INFO: 	 lr: 1.000000000000002e-05 	 Training loss: 0.022355081345885992
[2025-01-15 09:45:01,105] INFO: Iter 32400 Summary: 
[2025-01-15 09:45:01,106] INFO: 	 lr: 1.000000000000002e-05 	 Training loss: 0.022379166539758445
[2025-01-15 09:45:09,040] INFO: Iter 32500 Summary: 
[2025-01-15 09:45:09,041] INFO: 	 lr: 1.000000000000002e-05 	 Training loss: 0.02246160216629505
[2025-01-15 09:45:16,397] INFO: Iter 32600 Summary: 
[2025-01-15 09:45:16,397] INFO: 	 lr: 1.000000000000002e-05 	 Training loss: 0.022442732248455288
[2025-01-15 09:45:24,073] INFO: Iter 32700 Summary: 
[2025-01-15 09:45:24,073] INFO: 	 lr: 1.000000000000002e-05 	 Training loss: 0.02245043346658349
[2025-01-15 09:45:31,355] INFO: Iter 32800 Summary: 
[2025-01-15 09:45:31,355] INFO: 	 lr: 1.000000000000002e-05 	 Training loss: 0.02234207319095731
[2025-01-15 09:45:38,689] INFO: Iter 32900 Summary: 
[2025-01-15 09:45:38,689] INFO: 	 lr: 1.000000000000002e-05 	 Training loss: 0.022447809912264347
[2025-01-15 09:45:46,352] INFO: Iter 33000 Summary: 
[2025-01-15 09:45:46,352] INFO: 	 lr: 1.000000000000002e-05 	 Training loss: 0.0223110787011683
[2025-01-15 09:45:53,893] INFO: Iter 33100 Summary: 
[2025-01-15 09:45:53,893] INFO: 	 lr: 1.000000000000002e-05 	 Training loss: 0.02226619014516473
[2025-01-15 09:46:02,085] INFO: Iter 33200 Summary: 
[2025-01-15 09:46:02,085] INFO: 	 lr: 1.000000000000002e-05 	 Training loss: 0.02240870887413621
[2025-01-15 09:46:09,444] INFO: Iter 33300 Summary: 
[2025-01-15 09:46:09,445] INFO: 	 lr: 1.000000000000002e-05 	 Training loss: 0.022181653045117856
[2025-01-15 09:46:16,674] INFO: Iter 33400 Summary: 
[2025-01-15 09:46:16,675] INFO: 	 lr: 1.000000000000002e-05 	 Training loss: 0.02230363890528679
[2025-01-15 09:46:23,836] INFO: Iter 33500 Summary: 
[2025-01-15 09:46:23,836] INFO: 	 lr: 1.000000000000002e-05 	 Training loss: 0.022329491935670374
[2025-01-15 09:46:30,831] INFO: Iter 33600 Summary: 
[2025-01-15 09:46:30,831] INFO: 	 lr: 1.000000000000002e-05 	 Training loss: 0.022385280579328537
[2025-01-15 09:46:37,784] INFO: Iter 33700 Summary: 
[2025-01-15 09:46:37,784] INFO: 	 lr: 1.000000000000002e-05 	 Training loss: 0.022416116278618572
[2025-01-15 09:46:44,763] INFO: Iter 33800 Summary: 
[2025-01-15 09:46:44,763] INFO: 	 lr: 1.000000000000002e-05 	 Training loss: 0.022374409064650536
[2025-01-15 09:46:52,283] INFO: Iter 33900 Summary: 
[2025-01-15 09:46:52,284] INFO: 	 lr: 1.000000000000002e-05 	 Training loss: 0.022354990392923355
[2025-01-15 09:46:59,412] INFO: Iter 34000 Summary: 
[2025-01-15 09:46:59,412] INFO: 	 lr: 1.000000000000002e-05 	 Training loss: 0.022431258168071507
[2025-01-15 09:47:09,409] INFO: Iter 34100 Summary: 
[2025-01-15 09:47:09,409] INFO: 	 lr: 1.000000000000002e-05 	 Training loss: 0.022214258033782245
[2025-01-15 09:47:16,534] INFO: Iter 34200 Summary: 
[2025-01-15 09:47:16,534] INFO: 	 lr: 1.000000000000002e-05 	 Training loss: 0.02224459605291486
[2025-01-15 09:47:24,291] INFO: Iter 34300 Summary: 
[2025-01-15 09:47:24,291] INFO: 	 lr: 1.000000000000002e-05 	 Training loss: 0.022137374561280013
[2025-01-15 09:47:31,325] INFO: Iter 34400 Summary: 
[2025-01-15 09:47:31,326] INFO: 	 lr: 1.000000000000002e-05 	 Training loss: 0.02232039177790284
[2025-01-15 09:47:38,449] INFO: Iter 34500 Summary: 
[2025-01-15 09:47:38,450] INFO: 	 lr: 1.000000000000002e-05 	 Training loss: 0.022198591306805612
[2025-01-15 09:47:46,234] INFO: Iter 34600 Summary: 
[2025-01-15 09:47:46,235] INFO: 	 lr: 1.000000000000002e-05 	 Training loss: 0.022283749114722015
[2025-01-15 09:47:53,316] INFO: Iter 34700 Summary: 
[2025-01-15 09:47:53,316] INFO: 	 lr: 1.000000000000002e-05 	 Training loss: 0.022448223866522312
[2025-01-15 09:48:00,292] INFO: Iter 34800 Summary: 
[2025-01-15 09:48:00,292] INFO: 	 lr: 1.000000000000002e-05 	 Training loss: 0.022417395990341902
[2025-01-15 09:48:07,216] INFO: Iter 34900 Summary: 
[2025-01-15 09:48:07,216] INFO: 	 lr: 1.000000000000002e-05 	 Training loss: 0.02224620757624507
[2025-01-15 09:48:14,187] INFO: Iter 35000 Summary: 
[2025-01-15 09:48:14,187] INFO: 	 lr: 1.000000000000002e-05 	 Training loss: 0.022263853047043085
[2025-01-15 09:48:21,425] INFO: Iter 35100 Summary: 
[2025-01-15 09:48:21,425] INFO: 	 lr: 1.000000000000002e-05 	 Training loss: 0.022202112581580877
[2025-01-15 09:48:28,492] INFO: Iter 35200 Summary: 
[2025-01-15 09:48:28,492] INFO: 	 lr: 1.000000000000002e-05 	 Training loss: 0.022145578786730766
[2025-01-15 09:48:36,020] INFO: Iter 35300 Summary: 
[2025-01-15 09:48:36,021] INFO: 	 lr: 1.000000000000002e-05 	 Training loss: 0.022222268730401992
[2025-01-15 09:48:43,122] INFO: Iter 35400 Summary: 
[2025-01-15 09:48:43,122] INFO: 	 lr: 1.000000000000002e-05 	 Training loss: 0.022154467143118382
[2025-01-15 09:48:50,161] INFO: Iter 35500 Summary: 
[2025-01-15 09:48:50,161] INFO: 	 lr: 1.000000000000002e-05 	 Training loss: 0.022214930579066275
[2025-01-15 09:48:57,327] INFO: Iter 35600 Summary: 
[2025-01-15 09:48:57,327] INFO: 	 lr: 1.000000000000002e-05 	 Training loss: 0.0222993834502995
[2025-01-15 09:49:04,222] INFO: Iter 35700 Summary: 
[2025-01-15 09:49:04,223] INFO: 	 lr: 1.000000000000002e-05 	 Training loss: 0.022337890565395355
[2025-01-15 09:49:11,389] INFO: Iter 35800 Summary: 
[2025-01-15 09:49:11,389] INFO: 	 lr: 1.000000000000002e-05 	 Training loss: 0.02220582865178585
[2025-01-15 09:49:18,667] INFO: Iter 35900 Summary: 
[2025-01-15 09:49:18,667] INFO: 	 lr: 1.000000000000002e-05 	 Training loss: 0.022294186651706696
[2025-01-15 09:49:26,124] INFO: Iter 36000 Summary: 
[2025-01-15 09:49:26,124] INFO: 	 lr: 1.000000000000002e-05 	 Training loss: 0.022139142714440823
[2025-01-15 09:49:36,492] INFO: Iter 36100 Summary: 
[2025-01-15 09:49:36,493] INFO: 	 lr: 1.000000000000002e-05 	 Training loss: 0.022277985885739326
[2025-01-15 09:49:43,725] INFO: Iter 36200 Summary: 
[2025-01-15 09:49:43,725] INFO: 	 lr: 1.000000000000002e-05 	 Training loss: 0.022223810534924268
[2025-01-15 09:49:50,906] INFO: Iter 36300 Summary: 
[2025-01-15 09:49:50,906] INFO: 	 lr: 1.000000000000002e-05 	 Training loss: 0.022325584404170512
[2025-01-15 09:49:57,838] INFO: Iter 36400 Summary: 
[2025-01-15 09:49:57,838] INFO: 	 lr: 1.000000000000002e-05 	 Training loss: 0.0221397140622139
[2025-01-15 09:50:05,012] INFO: Iter 36500 Summary: 
[2025-01-15 09:50:05,012] INFO: 	 lr: 1.000000000000002e-05 	 Training loss: 0.02211553467437625
[2025-01-15 09:50:12,208] INFO: Iter 36600 Summary: 
[2025-01-15 09:50:12,208] INFO: 	 lr: 1.000000000000002e-05 	 Training loss: 0.022206243630498647
[2025-01-15 09:50:19,965] INFO: Iter 36700 Summary: 
[2025-01-15 09:50:19,966] INFO: 	 lr: 1.000000000000002e-05 	 Training loss: 0.02222095025703311
[2025-01-15 09:50:27,472] INFO: Iter 36800 Summary: 
[2025-01-15 09:50:27,472] INFO: 	 lr: 1.000000000000002e-05 	 Training loss: 0.02234097579494119
[2025-01-15 09:50:34,549] INFO: Iter 36900 Summary: 
[2025-01-15 09:50:34,550] INFO: 	 lr: 1.000000000000002e-05 	 Training loss: 0.0221426972001791
[2025-01-15 09:50:41,635] INFO: Iter 37000 Summary: 
[2025-01-15 09:50:41,636] INFO: 	 lr: 1.000000000000002e-05 	 Training loss: 0.022255645077675582
[2025-01-15 09:50:48,762] INFO: Iter 37100 Summary: 
[2025-01-15 09:50:48,762] INFO: 	 lr: 1.000000000000002e-05 	 Training loss: 0.022279492989182473
[2025-01-15 09:50:55,843] INFO: Iter 37200 Summary: 
[2025-01-15 09:50:55,844] INFO: 	 lr: 1.000000000000002e-05 	 Training loss: 0.02223217936232686
[2025-01-15 09:51:03,150] INFO: Iter 37300 Summary: 
[2025-01-15 09:51:03,150] INFO: 	 lr: 1.000000000000002e-05 	 Training loss: 0.022209093924611806
[2025-01-15 09:51:10,947] INFO: Iter 37400 Summary: 
[2025-01-15 09:51:10,947] INFO: 	 lr: 1.000000000000002e-05 	 Training loss: 0.022139326948672534
[2025-01-15 09:51:18,103] INFO: Iter 37500 Summary: 
[2025-01-15 09:51:18,103] INFO: 	 lr: 1.000000000000002e-05 	 Training loss: 0.022051235120743515
[2025-01-15 09:51:25,173] INFO: Iter 37600 Summary: 
[2025-01-15 09:51:25,174] INFO: 	 lr: 1.000000000000002e-05 	 Training loss: 0.022339995224028825
[2025-01-15 09:51:32,052] INFO: Iter 37700 Summary: 
[2025-01-15 09:51:32,052] INFO: 	 lr: 1.000000000000002e-05 	 Training loss: 0.022147878482937814
[2025-01-15 09:51:39,262] INFO: Iter 37800 Summary: 
[2025-01-15 09:51:39,262] INFO: 	 lr: 1.000000000000002e-05 	 Training loss: 0.02234533730894327
[2025-01-15 09:51:46,497] INFO: Iter 37900 Summary: 
[2025-01-15 09:51:46,498] INFO: 	 lr: 1.000000000000002e-05 	 Training loss: 0.022212301921099423
[2025-01-15 09:51:53,741] INFO: Iter 38000 Summary: 
[2025-01-15 09:51:53,742] INFO: 	 lr: 1.000000000000002e-05 	 Training loss: 0.022022979538887738
[2025-01-15 09:52:05,074] INFO: Iter 38100 Summary: 
[2025-01-15 09:52:05,074] INFO: 	 lr: 1.000000000000002e-05 	 Training loss: 0.022383423298597337
[2025-01-15 09:52:12,377] INFO: Iter 38200 Summary: 
[2025-01-15 09:52:12,377] INFO: 	 lr: 1.000000000000002e-05 	 Training loss: 0.022190045733004808
[2025-01-15 09:52:19,504] INFO: Iter 38300 Summary: 
[2025-01-15 09:52:19,505] INFO: 	 lr: 1.000000000000002e-05 	 Training loss: 0.022006693352013825
[2025-01-15 09:52:26,541] INFO: Iter 38400 Summary: 
[2025-01-15 09:52:26,541] INFO: 	 lr: 1.000000000000002e-05 	 Training loss: 0.022172073777765037
[2025-01-15 09:52:33,611] INFO: Iter 38500 Summary: 
[2025-01-15 09:52:33,612] INFO: 	 lr: 1.000000000000002e-05 	 Training loss: 0.0222832496650517
[2025-01-15 09:52:40,733] INFO: Iter 38600 Summary: 
[2025-01-15 09:52:40,733] INFO: 	 lr: 1.000000000000002e-05 	 Training loss: 0.02210228385403752
[2025-01-15 09:52:48,392] INFO: Iter 38700 Summary: 
[2025-01-15 09:52:48,392] INFO: 	 lr: 1.000000000000002e-05 	 Training loss: 0.02216966209933162
[2025-01-15 09:52:55,550] INFO: Iter 38800 Summary: 
[2025-01-15 09:52:55,550] INFO: 	 lr: 1.000000000000002e-05 	 Training loss: 0.02207235949113965
[2025-01-15 09:53:02,515] INFO: Iter 38900 Summary: 
[2025-01-15 09:53:02,515] INFO: 	 lr: 1.000000000000002e-05 	 Training loss: 0.02222678601741791
[2025-01-15 09:53:09,401] INFO: Iter 39000 Summary: 
[2025-01-15 09:53:09,401] INFO: 	 lr: 1.000000000000002e-05 	 Training loss: 0.022111686039716007
[2025-01-15 09:53:16,360] INFO: Iter 39100 Summary: 
[2025-01-15 09:53:16,360] INFO: 	 lr: 1.000000000000002e-05 	 Training loss: 0.022128299362957477
[2025-01-15 09:53:23,435] INFO: Iter 39200 Summary: 
[2025-01-15 09:53:23,435] INFO: 	 lr: 1.000000000000002e-05 	 Training loss: 0.022031135968863965
[2025-01-15 09:53:30,567] INFO: Iter 39300 Summary: 
[2025-01-15 09:53:30,567] INFO: 	 lr: 1.000000000000002e-05 	 Training loss: 0.022128431517630817
[2025-01-15 09:53:38,311] INFO: Iter 39400 Summary: 
[2025-01-15 09:53:38,311] INFO: 	 lr: 1.000000000000002e-05 	 Training loss: 0.022241794466972352
[2025-01-15 09:53:45,325] INFO: Iter 39500 Summary: 
[2025-01-15 09:53:45,325] INFO: 	 lr: 1.000000000000002e-05 	 Training loss: 0.022271414417773486
[2025-01-15 09:53:52,650] INFO: Iter 39600 Summary: 
[2025-01-15 09:53:52,650] INFO: 	 lr: 1.000000000000002e-05 	 Training loss: 0.022132245041429997
[2025-01-15 09:53:59,562] INFO: Iter 39700 Summary: 
[2025-01-15 09:53:59,562] INFO: 	 lr: 1.000000000000002e-05 	 Training loss: 0.02215791594237089
[2025-01-15 09:54:06,741] INFO: Iter 39800 Summary: 
[2025-01-15 09:54:06,742] INFO: 	 lr: 1.000000000000002e-05 	 Training loss: 0.022206234075129033
[2025-01-15 09:54:13,672] INFO: Iter 39900 Summary: 
[2025-01-15 09:54:13,672] INFO: 	 lr: 1.000000000000002e-05 	 Training loss: 0.022300656791776417
[2025-01-15 09:54:21,013] INFO: Iter 40000 Summary: 
[2025-01-15 09:54:21,013] INFO: 	 lr: 1.000000000000002e-05 	 Training loss: 0.022038998454809187
