[2025-01-06 12:50:23,416] INFO: {
    "abs_dir": "/home/diwang/siMLPe/exps/baseline_h36m",
    "batch_size": 256,
    "cos_lr_max": 1e-05,
    "cos_lr_min": 5e-08,
    "cos_lr_total_iters": 40000,
    "data_aug": true,
    "deriv_input": true,
    "deriv_output": true,
    "device": "cuda:2",
    "h36m_anno_dir": "/home/diwang/siMLPe/data/h36m/",
    "link_log_file": "/home/diwang/siMLPe/exps/baseline_h36m/log/log_last.log",
    "link_val_log_file": "/home/diwang/siMLPe/exps/baseline_h36m/log/val_last.log",
    "log_dir": "/home/diwang/siMLPe/exps/baseline_h36m/log",
    "log_file": "/home/diwang/siMLPe/exps/baseline_h36m/log/log_2025_01_06_12_49_44.log",
    "model_pth": null,
    "motion": {
        "dim": 66,
        "h36m_input_length": 50,
        "h36m_input_length_dct": 50,
        "h36m_target_length": 50,
        "h36m_target_length_eval": 50,
        "h36m_target_length_train": 50
    },
    "motion_fc_in": {
        "activation": "relu",
        "in_features": 66,
        "init_w_trunc_normal": false,
        "out_features": 66,
        "temporal_fc": false,
        "with_norm": false
    },
    "motion_fc_out": {
        "activation": "relu",
        "in_features": 66,
        "init_w_trunc_normal": true,
        "out_features": 66,
        "temporal_fc": false,
        "with_norm": false
    },
    "motion_mlp": {
        "hidden_dim": 66,
        "norm_axis": "spatial",
        "num_layers": 48,
        "seq_len": 50,
        "spatial_fc_only": false,
        "with_normalization": true
    },
    "num_workers": 8,
    "post_dct": false,
    "pre_dct": false,
    "print_every": 100,
    "repo_name": "siMLPe",
    "root_dir": "/home/diwang/siMLPe",
    "save_every": 2000,
    "seed": 304,
    "shift_step": 1,
    "snapshot_dir": "/home/diwang/siMLPe/exps/baseline_h36m/log/snapshot",
    "this_dir": "baseline_h36m",
    "use_relative_loss": true,
    "val_log_file": "/home/diwang/siMLPe/exps/baseline_h36m/log/val_2025_01_06_12_49_44.log",
    "weight_decay": 0.0001
}
[2025-01-06 12:50:38,083] INFO: Iter 100 Summary: 
[2025-01-06 12:50:38,083] INFO: 	 lr: 0.00030000000000000073 	 Training loss: 0.212566137611866
[2025-01-06 12:50:50,682] INFO: Iter 200 Summary: 
[2025-01-06 12:50:50,682] INFO: 	 lr: 0.00030000000000000073 	 Training loss: 0.1574719536304474
[2025-01-06 12:51:01,637] INFO: Iter 300 Summary: 
[2025-01-06 12:51:01,637] INFO: 	 lr: 0.00030000000000000073 	 Training loss: 0.15277087584137916
[2025-01-06 12:51:12,066] INFO: Iter 400 Summary: 
[2025-01-06 12:51:12,066] INFO: 	 lr: 0.00030000000000000073 	 Training loss: 0.1489865778386593
[2025-01-06 12:51:23,588] INFO: Iter 500 Summary: 
[2025-01-06 12:51:23,589] INFO: 	 lr: 0.00030000000000000073 	 Training loss: 0.1474084375798702
[2025-01-06 12:51:35,486] INFO: Iter 600 Summary: 
[2025-01-06 12:51:35,486] INFO: 	 lr: 0.00030000000000000073 	 Training loss: 0.1468685631453991
[2025-01-06 12:51:48,000] INFO: Iter 700 Summary: 
[2025-01-06 12:51:48,001] INFO: 	 lr: 0.00030000000000000073 	 Training loss: 0.14677361220121385
[2025-01-06 12:52:00,323] INFO: Iter 800 Summary: 
[2025-01-06 12:52:00,323] INFO: 	 lr: 0.00030000000000000073 	 Training loss: 0.1452485790848732
[2025-01-06 12:52:11,387] INFO: Iter 900 Summary: 
[2025-01-06 12:52:11,388] INFO: 	 lr: 0.00030000000000000073 	 Training loss: 0.14565906912088394
[2025-01-06 12:52:21,180] INFO: Iter 1000 Summary: 
[2025-01-06 12:52:21,180] INFO: 	 lr: 0.00030000000000000073 	 Training loss: 0.1405046996474266
[2025-01-06 12:52:30,662] INFO: Iter 1100 Summary: 
[2025-01-06 12:52:30,663] INFO: 	 lr: 0.00030000000000000073 	 Training loss: 0.1350728814303875
[2025-01-06 12:52:41,802] INFO: Iter 1200 Summary: 
[2025-01-06 12:52:41,802] INFO: 	 lr: 0.00030000000000000073 	 Training loss: 0.13171454273164274
[2025-01-06 12:52:53,432] INFO: Iter 1300 Summary: 
[2025-01-06 12:52:53,432] INFO: 	 lr: 0.00030000000000000073 	 Training loss: 0.13170140109956263
[2025-01-06 12:53:05,171] INFO: Iter 1400 Summary: 
[2025-01-06 12:53:05,172] INFO: 	 lr: 0.00030000000000000073 	 Training loss: 0.13073148749768734
[2025-01-06 12:53:14,982] INFO: Iter 1500 Summary: 
[2025-01-06 12:53:14,982] INFO: 	 lr: 0.00030000000000000073 	 Training loss: 0.13026566281914712
[2025-01-06 12:53:27,781] INFO: Iter 1600 Summary: 
[2025-01-06 12:53:27,782] INFO: 	 lr: 0.00030000000000000073 	 Training loss: 0.1291917659342289
[2025-01-06 12:53:39,333] INFO: Iter 1700 Summary: 
[2025-01-06 12:53:39,333] INFO: 	 lr: 0.00030000000000000073 	 Training loss: 0.12784943290054798
[2025-01-06 12:53:51,842] INFO: Iter 1800 Summary: 
[2025-01-06 12:53:51,842] INFO: 	 lr: 0.00030000000000000073 	 Training loss: 0.12764684811234475
[2025-01-06 12:54:04,551] INFO: Iter 1900 Summary: 
[2025-01-06 12:54:04,551] INFO: 	 lr: 0.00030000000000000073 	 Training loss: 0.1267509850859642
[2025-01-06 12:54:17,603] INFO: Iter 2000 Summary: 
[2025-01-06 12:54:17,604] INFO: 	 lr: 0.00030000000000000073 	 Training loss: 0.12596433393657208
[2025-01-06 12:54:33,129] INFO: Iter 2100 Summary: 
[2025-01-06 12:54:33,130] INFO: 	 lr: 0.00030000000000000073 	 Training loss: 0.12511942610144616
[2025-01-06 12:54:46,829] INFO: Iter 2200 Summary: 
[2025-01-06 12:54:46,830] INFO: 	 lr: 0.00030000000000000073 	 Training loss: 0.12553724803030492
[2025-01-06 12:55:00,746] INFO: Iter 2300 Summary: 
[2025-01-06 12:55:00,746] INFO: 	 lr: 0.00030000000000000073 	 Training loss: 0.12539355978369712
[2025-01-06 12:55:14,715] INFO: Iter 2400 Summary: 
[2025-01-06 12:55:14,716] INFO: 	 lr: 0.00030000000000000073 	 Training loss: 0.1241039488464594
[2025-01-06 12:55:27,228] INFO: Iter 2500 Summary: 
[2025-01-06 12:55:27,228] INFO: 	 lr: 0.00030000000000000073 	 Training loss: 0.12387611165642738
[2025-01-06 12:55:39,361] INFO: Iter 2600 Summary: 
[2025-01-06 12:55:39,362] INFO: 	 lr: 0.00030000000000000073 	 Training loss: 0.12381864584982395
[2025-01-06 12:55:53,828] INFO: Iter 2700 Summary: 
[2025-01-06 12:55:53,829] INFO: 	 lr: 0.00030000000000000073 	 Training loss: 0.12357121996581555
[2025-01-06 12:56:06,378] INFO: Iter 2800 Summary: 
[2025-01-06 12:56:06,379] INFO: 	 lr: 0.00030000000000000073 	 Training loss: 0.12289191797375679
[2025-01-06 12:56:19,077] INFO: Iter 2900 Summary: 
[2025-01-06 12:56:19,078] INFO: 	 lr: 0.00030000000000000073 	 Training loss: 0.12320544004440308
[2025-01-06 12:56:31,302] INFO: Iter 3000 Summary: 
[2025-01-06 12:56:31,303] INFO: 	 lr: 0.00030000000000000073 	 Training loss: 0.1222199946641922
[2025-01-06 12:56:43,304] INFO: Iter 3100 Summary: 
[2025-01-06 12:56:43,304] INFO: 	 lr: 0.00030000000000000073 	 Training loss: 0.12234347723424435
[2025-01-06 12:56:56,276] INFO: Iter 3200 Summary: 
[2025-01-06 12:56:56,277] INFO: 	 lr: 0.00030000000000000073 	 Training loss: 0.12248078651726246
[2025-01-06 12:57:10,062] INFO: Iter 3300 Summary: 
[2025-01-06 12:57:10,062] INFO: 	 lr: 0.00030000000000000073 	 Training loss: 0.12086805462837219
[2025-01-06 12:57:23,151] INFO: Iter 3400 Summary: 
[2025-01-06 12:57:23,151] INFO: 	 lr: 0.00030000000000000073 	 Training loss: 0.12192499496042729
[2025-01-06 12:57:35,660] INFO: Iter 3500 Summary: 
[2025-01-06 12:57:35,660] INFO: 	 lr: 0.00030000000000000073 	 Training loss: 0.12119353525340557
[2025-01-06 12:57:47,937] INFO: Iter 3600 Summary: 
[2025-01-06 12:57:47,937] INFO: 	 lr: 0.00030000000000000073 	 Training loss: 0.12126959972083569
[2025-01-06 12:57:59,425] INFO: Iter 3700 Summary: 
[2025-01-06 12:57:59,425] INFO: 	 lr: 0.00030000000000000073 	 Training loss: 0.12114838168025016
[2025-01-06 12:58:11,564] INFO: Iter 3800 Summary: 
[2025-01-06 12:58:11,565] INFO: 	 lr: 0.00030000000000000073 	 Training loss: 0.12071472063660621
[2025-01-06 12:58:23,594] INFO: Iter 3900 Summary: 
[2025-01-06 12:58:23,594] INFO: 	 lr: 0.00030000000000000073 	 Training loss: 0.12064947105944157
[2025-01-06 12:58:35,994] INFO: Iter 4000 Summary: 
[2025-01-06 12:58:35,995] INFO: 	 lr: 0.00030000000000000073 	 Training loss: 0.1206690388172865
[2025-01-06 12:58:50,327] INFO: Iter 4100 Summary: 
[2025-01-06 12:58:50,327] INFO: 	 lr: 0.00030000000000000073 	 Training loss: 0.12111206725239754
[2025-01-06 12:59:03,354] INFO: Iter 4200 Summary: 
[2025-01-06 12:59:03,354] INFO: 	 lr: 0.00030000000000000073 	 Training loss: 0.12011655859649181
[2025-01-06 12:59:16,055] INFO: Iter 4300 Summary: 
[2025-01-06 12:59:16,055] INFO: 	 lr: 0.00030000000000000073 	 Training loss: 0.12010253585875034
[2025-01-06 12:59:26,122] INFO: Iter 4400 Summary: 
[2025-01-06 12:59:26,122] INFO: 	 lr: 0.00030000000000000073 	 Training loss: 0.1195862665772438
[2025-01-06 12:59:37,616] INFO: Iter 4500 Summary: 
[2025-01-06 12:59:37,616] INFO: 	 lr: 0.00030000000000000073 	 Training loss: 0.11945592120289802
[2025-01-06 12:59:49,690] INFO: Iter 4600 Summary: 
[2025-01-06 12:59:49,690] INFO: 	 lr: 0.00030000000000000073 	 Training loss: 0.1193316937983036
[2025-01-06 13:00:02,961] INFO: Iter 4700 Summary: 
[2025-01-06 13:00:02,961] INFO: 	 lr: 0.00030000000000000073 	 Training loss: 0.11922645576298237
[2025-01-06 13:00:14,667] INFO: Iter 4800 Summary: 
[2025-01-06 13:00:14,667] INFO: 	 lr: 0.00030000000000000073 	 Training loss: 0.11943554230034352
[2025-01-06 13:00:25,508] INFO: Iter 4900 Summary: 
[2025-01-06 13:00:25,508] INFO: 	 lr: 0.00030000000000000073 	 Training loss: 0.11961854755878448
[2025-01-06 13:00:36,005] INFO: Iter 5000 Summary: 
[2025-01-06 13:00:36,005] INFO: 	 lr: 0.00030000000000000073 	 Training loss: 0.11850527830421925
[2025-01-06 13:00:48,669] INFO: Iter 5100 Summary: 
[2025-01-06 13:00:48,669] INFO: 	 lr: 0.00030000000000000073 	 Training loss: 0.11796130985021591
[2025-01-06 13:01:01,266] INFO: Iter 5200 Summary: 
[2025-01-06 13:01:01,266] INFO: 	 lr: 0.00030000000000000073 	 Training loss: 0.11856150195002556
[2025-01-06 13:01:12,309] INFO: Iter 5300 Summary: 
[2025-01-06 13:01:12,309] INFO: 	 lr: 0.00030000000000000073 	 Training loss: 0.11879888959228993
[2025-01-06 13:01:24,298] INFO: Iter 5400 Summary: 
[2025-01-06 13:01:24,298] INFO: 	 lr: 0.00030000000000000073 	 Training loss: 0.11785334572196007
[2025-01-06 13:01:36,991] INFO: Iter 5500 Summary: 
[2025-01-06 13:01:36,991] INFO: 	 lr: 0.00030000000000000073 	 Training loss: 0.11785264007747173
[2025-01-06 13:01:49,239] INFO: Iter 5600 Summary: 
[2025-01-06 13:01:49,239] INFO: 	 lr: 0.00030000000000000073 	 Training loss: 0.11879316970705986
[2025-01-06 13:02:00,985] INFO: Iter 5700 Summary: 
[2025-01-06 13:02:00,985] INFO: 	 lr: 0.00030000000000000073 	 Training loss: 0.11779972851276398
[2025-01-06 13:02:12,826] INFO: Iter 5800 Summary: 
[2025-01-06 13:02:12,826] INFO: 	 lr: 0.00030000000000000073 	 Training loss: 0.1180320492386818
[2025-01-06 13:02:22,974] INFO: Iter 5900 Summary: 
[2025-01-06 13:02:22,975] INFO: 	 lr: 0.00030000000000000073 	 Training loss: 0.11844459660351277
[2025-01-06 13:02:33,734] INFO: Iter 6000 Summary: 
[2025-01-06 13:02:33,735] INFO: 	 lr: 0.00030000000000000073 	 Training loss: 0.11767826028168202
[2025-01-06 13:02:47,932] INFO: Iter 6100 Summary: 
[2025-01-06 13:02:47,933] INFO: 	 lr: 0.00030000000000000073 	 Training loss: 0.11747456394135952
[2025-01-06 13:02:59,481] INFO: Iter 6200 Summary: 
[2025-01-06 13:02:59,481] INFO: 	 lr: 0.00030000000000000073 	 Training loss: 0.11701447248458863
[2025-01-06 13:03:10,745] INFO: Iter 6300 Summary: 
[2025-01-06 13:03:10,745] INFO: 	 lr: 0.00030000000000000073 	 Training loss: 0.11713143184781075
[2025-01-06 13:03:21,818] INFO: Iter 6400 Summary: 
[2025-01-06 13:03:21,818] INFO: 	 lr: 0.00030000000000000073 	 Training loss: 0.11667151793837548
[2025-01-06 13:03:33,995] INFO: Iter 6500 Summary: 
[2025-01-06 13:03:33,995] INFO: 	 lr: 0.00030000000000000073 	 Training loss: 0.11692380718886852
[2025-01-06 13:03:44,144] INFO: Iter 6600 Summary: 
[2025-01-06 13:03:44,144] INFO: 	 lr: 0.00030000000000000073 	 Training loss: 0.11620245523750782
[2025-01-06 13:03:55,767] INFO: Iter 6700 Summary: 
[2025-01-06 13:03:55,768] INFO: 	 lr: 0.00030000000000000073 	 Training loss: 0.11614670448005199
[2025-01-06 13:04:07,908] INFO: Iter 6800 Summary: 
[2025-01-06 13:04:07,908] INFO: 	 lr: 0.00030000000000000073 	 Training loss: 0.11603488869965077
[2025-01-06 13:04:19,140] INFO: Iter 6900 Summary: 
[2025-01-06 13:04:19,141] INFO: 	 lr: 0.00030000000000000073 	 Training loss: 0.11604056932032109
[2025-01-06 13:04:30,322] INFO: Iter 7000 Summary: 
[2025-01-06 13:04:30,322] INFO: 	 lr: 0.00030000000000000073 	 Training loss: 0.11657156892120839
[2025-01-06 13:04:41,875] INFO: Iter 7100 Summary: 
[2025-01-06 13:04:41,875] INFO: 	 lr: 0.00030000000000000073 	 Training loss: 0.11604230262339116
[2025-01-06 13:04:54,104] INFO: Iter 7200 Summary: 
[2025-01-06 13:04:54,105] INFO: 	 lr: 0.00030000000000000073 	 Training loss: 0.1157573052495718
[2025-01-06 13:05:07,651] INFO: Iter 7300 Summary: 
[2025-01-06 13:05:07,651] INFO: 	 lr: 0.00030000000000000073 	 Training loss: 0.1152198300510645
[2025-01-06 13:05:21,251] INFO: Iter 7400 Summary: 
[2025-01-06 13:05:21,252] INFO: 	 lr: 0.00030000000000000073 	 Training loss: 0.1147655599564314
[2025-01-06 13:05:31,075] INFO: Iter 7500 Summary: 
[2025-01-06 13:05:31,075] INFO: 	 lr: 0.00030000000000000073 	 Training loss: 0.1153970017284155
[2025-01-06 13:05:43,697] INFO: Iter 7600 Summary: 
[2025-01-06 13:05:43,697] INFO: 	 lr: 0.00030000000000000073 	 Training loss: 0.11550411283969879
[2025-01-06 13:05:56,267] INFO: Iter 7700 Summary: 
[2025-01-06 13:05:56,267] INFO: 	 lr: 0.00030000000000000073 	 Training loss: 0.11448821000754833
[2025-01-06 13:06:08,337] INFO: Iter 7800 Summary: 
[2025-01-06 13:06:08,337] INFO: 	 lr: 0.00030000000000000073 	 Training loss: 0.11544446483254432
[2025-01-06 13:06:19,061] INFO: Iter 7900 Summary: 
[2025-01-06 13:06:19,061] INFO: 	 lr: 0.00030000000000000073 	 Training loss: 0.11430068895220756
[2025-01-06 13:06:31,924] INFO: Iter 8000 Summary: 
[2025-01-06 13:06:31,924] INFO: 	 lr: 0.00030000000000000073 	 Training loss: 0.11518955118954181
[2025-01-06 13:06:46,162] INFO: Iter 8100 Summary: 
[2025-01-06 13:06:46,162] INFO: 	 lr: 0.00030000000000000073 	 Training loss: 0.11372704856097698
[2025-01-06 13:06:58,832] INFO: Iter 8200 Summary: 
[2025-01-06 13:06:58,832] INFO: 	 lr: 0.00030000000000000073 	 Training loss: 0.1141252052038908
[2025-01-06 13:07:11,235] INFO: Iter 8300 Summary: 
[2025-01-06 13:07:11,235] INFO: 	 lr: 0.00030000000000000073 	 Training loss: 0.1141682979464531
[2025-01-06 13:07:25,527] INFO: Iter 8400 Summary: 
[2025-01-06 13:07:25,528] INFO: 	 lr: 0.00030000000000000073 	 Training loss: 0.1136409417539835
[2025-01-06 13:07:36,960] INFO: Iter 8500 Summary: 
[2025-01-06 13:07:36,960] INFO: 	 lr: 0.00030000000000000073 	 Training loss: 0.11357982665300369
[2025-01-06 13:07:49,923] INFO: Iter 8600 Summary: 
[2025-01-06 13:07:49,924] INFO: 	 lr: 0.00030000000000000073 	 Training loss: 0.11420249305665493
[2025-01-06 13:08:01,938] INFO: Iter 8700 Summary: 
[2025-01-06 13:08:01,938] INFO: 	 lr: 0.00030000000000000073 	 Training loss: 0.1133613882213831
[2025-01-06 13:08:15,166] INFO: Iter 8800 Summary: 
[2025-01-06 13:08:15,166] INFO: 	 lr: 0.00030000000000000073 	 Training loss: 0.11364993050694466
[2025-01-06 13:08:26,423] INFO: Iter 8900 Summary: 
[2025-01-06 13:08:26,423] INFO: 	 lr: 0.00030000000000000073 	 Training loss: 0.11341259621083737
[2025-01-06 13:08:36,385] INFO: Iter 9000 Summary: 
[2025-01-06 13:08:36,385] INFO: 	 lr: 0.00030000000000000073 	 Training loss: 0.11295008428394794
[2025-01-06 13:08:46,560] INFO: Iter 9100 Summary: 
[2025-01-06 13:08:46,560] INFO: 	 lr: 0.00030000000000000073 	 Training loss: 0.11293383210897445
[2025-01-06 13:08:59,316] INFO: Iter 9200 Summary: 
[2025-01-06 13:08:59,317] INFO: 	 lr: 0.00030000000000000073 	 Training loss: 0.11263796910643578
[2025-01-06 13:09:12,372] INFO: Iter 9300 Summary: 
[2025-01-06 13:09:12,372] INFO: 	 lr: 0.00030000000000000073 	 Training loss: 0.11231530614197255
[2025-01-06 13:09:24,270] INFO: Iter 9400 Summary: 
[2025-01-06 13:09:24,270] INFO: 	 lr: 0.00030000000000000073 	 Training loss: 0.11281198672950268
[2025-01-06 13:09:36,160] INFO: Iter 9500 Summary: 
[2025-01-06 13:09:36,161] INFO: 	 lr: 0.00030000000000000073 	 Training loss: 0.1123141648620367
[2025-01-06 13:09:48,930] INFO: Iter 9600 Summary: 
[2025-01-06 13:09:48,930] INFO: 	 lr: 0.00030000000000000073 	 Training loss: 0.11207125216722488
[2025-01-06 13:10:02,333] INFO: Iter 9700 Summary: 
[2025-01-06 13:10:02,334] INFO: 	 lr: 0.00030000000000000073 	 Training loss: 0.11237693376839161
[2025-01-06 13:10:12,814] INFO: Iter 9800 Summary: 
[2025-01-06 13:10:12,814] INFO: 	 lr: 0.00030000000000000073 	 Training loss: 0.11211114078760147
[2025-01-06 13:10:24,350] INFO: Iter 9900 Summary: 
[2025-01-06 13:10:24,350] INFO: 	 lr: 0.00030000000000000073 	 Training loss: 0.11282095745205879
[2025-01-06 13:10:37,356] INFO: Iter 10000 Summary: 
[2025-01-06 13:10:37,357] INFO: 	 lr: 0.00030000000000000073 	 Training loss: 0.1121880616247654
[2025-01-06 13:10:51,603] INFO: Iter 10100 Summary: 
[2025-01-06 13:10:51,604] INFO: 	 lr: 0.00030000000000000073 	 Training loss: 0.11210836924612522
[2025-01-06 13:11:03,367] INFO: Iter 10200 Summary: 
[2025-01-06 13:11:03,367] INFO: 	 lr: 0.00030000000000000073 	 Training loss: 0.11148630686104298
[2025-01-06 13:11:15,903] INFO: Iter 10300 Summary: 
[2025-01-06 13:11:15,903] INFO: 	 lr: 0.00030000000000000073 	 Training loss: 0.11254616238176823
[2025-01-06 13:11:27,973] INFO: Iter 10400 Summary: 
[2025-01-06 13:11:27,973] INFO: 	 lr: 0.00030000000000000073 	 Training loss: 0.11127522446215153
[2025-01-06 13:11:40,412] INFO: Iter 10500 Summary: 
[2025-01-06 13:11:40,412] INFO: 	 lr: 0.00030000000000000073 	 Training loss: 0.11139068566262722
[2025-01-06 13:11:53,110] INFO: Iter 10600 Summary: 
[2025-01-06 13:11:53,111] INFO: 	 lr: 0.00030000000000000073 	 Training loss: 0.11174610503017902
[2025-01-06 13:12:05,951] INFO: Iter 10700 Summary: 
[2025-01-06 13:12:05,951] INFO: 	 lr: 0.00030000000000000073 	 Training loss: 0.11106651723384857
[2025-01-06 13:12:17,622] INFO: Iter 10800 Summary: 
[2025-01-06 13:12:17,622] INFO: 	 lr: 0.00030000000000000073 	 Training loss: 0.11133336469531059
[2025-01-06 13:12:29,184] INFO: Iter 10900 Summary: 
[2025-01-06 13:12:29,184] INFO: 	 lr: 0.00030000000000000073 	 Training loss: 0.11068582355976105
[2025-01-06 13:12:39,291] INFO: Iter 11000 Summary: 
[2025-01-06 13:12:39,291] INFO: 	 lr: 0.00030000000000000073 	 Training loss: 0.11089618749916554
[2025-01-06 13:12:51,822] INFO: Iter 11100 Summary: 
[2025-01-06 13:12:51,822] INFO: 	 lr: 0.00030000000000000073 	 Training loss: 0.11122582510113715
[2025-01-06 13:13:04,799] INFO: Iter 11200 Summary: 
[2025-01-06 13:13:04,799] INFO: 	 lr: 0.00030000000000000073 	 Training loss: 0.1105915042757988
[2025-01-06 13:13:14,557] INFO: Iter 11300 Summary: 
[2025-01-06 13:13:14,557] INFO: 	 lr: 0.00030000000000000073 	 Training loss: 0.11149415627121925
[2025-01-06 13:13:26,410] INFO: Iter 11400 Summary: 
[2025-01-06 13:13:26,410] INFO: 	 lr: 0.00030000000000000073 	 Training loss: 0.11074534587562085
[2025-01-06 13:13:38,141] INFO: Iter 11500 Summary: 
[2025-01-06 13:13:38,141] INFO: 	 lr: 0.00030000000000000073 	 Training loss: 0.11074527710676194
[2025-01-06 13:13:49,580] INFO: Iter 11600 Summary: 
[2025-01-06 13:13:49,581] INFO: 	 lr: 0.00030000000000000073 	 Training loss: 0.11044640481472015
[2025-01-06 13:14:01,606] INFO: Iter 11700 Summary: 
[2025-01-06 13:14:01,607] INFO: 	 lr: 0.00030000000000000073 	 Training loss: 0.10969754353165627
[2025-01-06 13:14:14,580] INFO: Iter 11800 Summary: 
[2025-01-06 13:14:14,580] INFO: 	 lr: 0.00030000000000000073 	 Training loss: 0.11000563658773899
[2025-01-06 13:14:25,193] INFO: Iter 11900 Summary: 
[2025-01-06 13:14:25,193] INFO: 	 lr: 0.00030000000000000073 	 Training loss: 0.10989442251622678
[2025-01-06 13:14:36,292] INFO: Iter 12000 Summary: 
[2025-01-06 13:14:36,292] INFO: 	 lr: 0.00030000000000000073 	 Training loss: 0.11070119626820088
[2025-01-06 13:14:51,520] INFO: Iter 12100 Summary: 
[2025-01-06 13:14:51,520] INFO: 	 lr: 0.00030000000000000073 	 Training loss: 0.10917015917599202
[2025-01-06 13:15:02,682] INFO: Iter 12200 Summary: 
[2025-01-06 13:15:02,683] INFO: 	 lr: 0.00030000000000000073 	 Training loss: 0.11029057994484902
[2025-01-06 13:15:13,540] INFO: Iter 12300 Summary: 
[2025-01-06 13:15:13,541] INFO: 	 lr: 0.00030000000000000073 	 Training loss: 0.10973989807069301
[2025-01-06 13:15:26,631] INFO: Iter 12400 Summary: 
[2025-01-06 13:15:26,632] INFO: 	 lr: 0.00030000000000000073 	 Training loss: 0.10990009367465974
[2025-01-06 13:15:38,729] INFO: Iter 12500 Summary: 
[2025-01-06 13:15:38,729] INFO: 	 lr: 0.00030000000000000073 	 Training loss: 0.10964719384908676
[2025-01-06 13:15:49,971] INFO: Iter 12600 Summary: 
[2025-01-06 13:15:49,971] INFO: 	 lr: 0.00030000000000000073 	 Training loss: 0.10906020045280457
[2025-01-06 13:16:02,764] INFO: Iter 12700 Summary: 
[2025-01-06 13:16:02,764] INFO: 	 lr: 0.00030000000000000073 	 Training loss: 0.10971072293817997
[2025-01-06 13:16:14,683] INFO: Iter 12800 Summary: 
[2025-01-06 13:16:14,684] INFO: 	 lr: 0.00030000000000000073 	 Training loss: 0.10942571014165878
[2025-01-06 13:16:26,060] INFO: Iter 12900 Summary: 
[2025-01-06 13:16:26,060] INFO: 	 lr: 0.00030000000000000073 	 Training loss: 0.10923213131725788
[2025-01-06 13:16:37,394] INFO: Iter 13000 Summary: 
[2025-01-06 13:16:37,394] INFO: 	 lr: 0.00030000000000000073 	 Training loss: 0.10929147720336914
[2025-01-06 13:16:47,912] INFO: Iter 13100 Summary: 
[2025-01-06 13:16:47,912] INFO: 	 lr: 0.00030000000000000073 	 Training loss: 0.10908547960221768
[2025-01-06 13:16:59,004] INFO: Iter 13200 Summary: 
[2025-01-06 13:16:59,005] INFO: 	 lr: 0.00030000000000000073 	 Training loss: 0.1088146398961544
[2025-01-06 13:17:08,011] INFO: Iter 13300 Summary: 
[2025-01-06 13:17:08,011] INFO: 	 lr: 0.00030000000000000073 	 Training loss: 0.10938742302358151
[2025-01-06 13:17:18,979] INFO: Iter 13400 Summary: 
[2025-01-06 13:17:18,980] INFO: 	 lr: 0.00030000000000000073 	 Training loss: 0.10829184949398041
[2025-01-06 13:17:31,202] INFO: Iter 13500 Summary: 
[2025-01-06 13:17:31,202] INFO: 	 lr: 0.00030000000000000073 	 Training loss: 0.10904757179319859
[2025-01-06 13:17:42,005] INFO: Iter 13600 Summary: 
[2025-01-06 13:17:42,006] INFO: 	 lr: 0.00030000000000000073 	 Training loss: 0.10855159670114517
[2025-01-06 13:17:52,352] INFO: Iter 13700 Summary: 
[2025-01-06 13:17:52,352] INFO: 	 lr: 0.00030000000000000073 	 Training loss: 0.10850171335041522
[2025-01-06 13:18:02,600] INFO: Iter 13800 Summary: 
[2025-01-06 13:18:02,600] INFO: 	 lr: 0.00030000000000000073 	 Training loss: 0.10828976318240166
[2025-01-06 13:18:14,939] INFO: Iter 13900 Summary: 
[2025-01-06 13:18:14,940] INFO: 	 lr: 0.00030000000000000073 	 Training loss: 0.10900450929999352
[2025-01-06 13:18:28,151] INFO: Iter 14000 Summary: 
[2025-01-06 13:18:28,151] INFO: 	 lr: 0.00030000000000000073 	 Training loss: 0.10836337298154831
[2025-01-06 13:18:43,279] INFO: Iter 14100 Summary: 
[2025-01-06 13:18:43,279] INFO: 	 lr: 0.00030000000000000073 	 Training loss: 0.10889269441366195
[2025-01-06 13:18:54,647] INFO: Iter 14200 Summary: 
[2025-01-06 13:18:54,647] INFO: 	 lr: 0.00030000000000000073 	 Training loss: 0.10794435605406762
[2025-01-06 13:19:08,856] INFO: Iter 14300 Summary: 
[2025-01-06 13:19:08,856] INFO: 	 lr: 0.00030000000000000073 	 Training loss: 0.1085973770171404
[2025-01-06 13:19:21,831] INFO: Iter 14400 Summary: 
[2025-01-06 13:19:21,832] INFO: 	 lr: 0.00030000000000000073 	 Training loss: 0.10778744712471962
[2025-01-06 13:19:34,571] INFO: Iter 14500 Summary: 
[2025-01-06 13:19:34,571] INFO: 	 lr: 0.00030000000000000073 	 Training loss: 0.10774879209697247
[2025-01-06 13:19:46,044] INFO: Iter 14600 Summary: 
[2025-01-06 13:19:46,044] INFO: 	 lr: 0.00030000000000000073 	 Training loss: 0.10778558112680912
[2025-01-06 13:19:57,396] INFO: Iter 14700 Summary: 
[2025-01-06 13:19:57,396] INFO: 	 lr: 0.00030000000000000073 	 Training loss: 0.10776986889541149
[2025-01-06 13:20:08,523] INFO: Iter 14800 Summary: 
[2025-01-06 13:20:08,523] INFO: 	 lr: 0.00030000000000000073 	 Training loss: 0.107714359536767
[2025-01-06 13:20:21,260] INFO: Iter 14900 Summary: 
[2025-01-06 13:20:21,261] INFO: 	 lr: 0.00030000000000000073 	 Training loss: 0.1077729231864214
[2025-01-06 13:20:33,264] INFO: Iter 15000 Summary: 
[2025-01-06 13:20:33,264] INFO: 	 lr: 0.00030000000000000073 	 Training loss: 0.10773065268993377
[2025-01-06 13:20:45,662] INFO: Iter 15100 Summary: 
[2025-01-06 13:20:45,663] INFO: 	 lr: 0.00030000000000000073 	 Training loss: 0.1077183897793293
[2025-01-06 13:20:57,468] INFO: Iter 15200 Summary: 
[2025-01-06 13:20:57,469] INFO: 	 lr: 0.00030000000000000073 	 Training loss: 0.10772168338298797
[2025-01-06 13:21:10,644] INFO: Iter 15300 Summary: 
[2025-01-06 13:21:10,644] INFO: 	 lr: 0.00030000000000000073 	 Training loss: 0.10742698781192303
[2025-01-06 13:21:22,238] INFO: Iter 15400 Summary: 
[2025-01-06 13:21:22,238] INFO: 	 lr: 0.00030000000000000073 	 Training loss: 0.10703706733882427
[2025-01-06 13:21:34,821] INFO: Iter 15500 Summary: 
[2025-01-06 13:21:34,822] INFO: 	 lr: 0.00030000000000000073 	 Training loss: 0.1065513028204441
[2025-01-06 13:21:46,795] INFO: Iter 15600 Summary: 
[2025-01-06 13:21:46,795] INFO: 	 lr: 0.00030000000000000073 	 Training loss: 0.10714871667325497
[2025-01-06 13:21:58,261] INFO: Iter 15700 Summary: 
[2025-01-06 13:21:58,261] INFO: 	 lr: 0.00030000000000000073 	 Training loss: 0.10762852489948273
[2025-01-06 13:22:10,355] INFO: Iter 15800 Summary: 
[2025-01-06 13:22:10,356] INFO: 	 lr: 0.00030000000000000073 	 Training loss: 0.10760731071233749
[2025-01-06 13:22:22,086] INFO: Iter 15900 Summary: 
[2025-01-06 13:22:22,086] INFO: 	 lr: 0.00030000000000000073 	 Training loss: 0.10734419010579586
[2025-01-06 13:22:35,413] INFO: Iter 16000 Summary: 
[2025-01-06 13:22:35,414] INFO: 	 lr: 0.00030000000000000073 	 Training loss: 0.10746724277734757
[2025-01-06 13:22:49,643] INFO: Iter 16100 Summary: 
[2025-01-06 13:22:49,644] INFO: 	 lr: 0.00030000000000000073 	 Training loss: 0.1070140890032053
[2025-01-06 13:23:02,341] INFO: Iter 16200 Summary: 
[2025-01-06 13:23:02,341] INFO: 	 lr: 0.00030000000000000073 	 Training loss: 0.10639728359878063
[2025-01-06 13:23:15,944] INFO: Iter 16300 Summary: 
[2025-01-06 13:23:15,945] INFO: 	 lr: 0.00030000000000000073 	 Training loss: 0.1069858018308878
[2025-01-06 13:23:28,571] INFO: Iter 16400 Summary: 
[2025-01-06 13:23:28,571] INFO: 	 lr: 0.00030000000000000073 	 Training loss: 0.10620200239121914
[2025-01-06 13:23:40,867] INFO: Iter 16500 Summary: 
[2025-01-06 13:23:40,867] INFO: 	 lr: 0.00030000000000000073 	 Training loss: 0.10705242983996868
[2025-01-06 13:23:54,072] INFO: Iter 16600 Summary: 
[2025-01-06 13:23:54,072] INFO: 	 lr: 0.00030000000000000073 	 Training loss: 0.10655668832361698
[2025-01-06 13:24:08,292] INFO: Iter 16700 Summary: 
[2025-01-06 13:24:08,293] INFO: 	 lr: 0.00030000000000000073 	 Training loss: 0.1058656345307827
[2025-01-06 13:24:19,349] INFO: Iter 16800 Summary: 
[2025-01-06 13:24:19,349] INFO: 	 lr: 0.00030000000000000073 	 Training loss: 0.10650303632020951
[2025-01-06 13:24:31,543] INFO: Iter 16900 Summary: 
[2025-01-06 13:24:31,543] INFO: 	 lr: 0.00030000000000000073 	 Training loss: 0.10676063425838947
[2025-01-06 13:24:41,073] INFO: Iter 17000 Summary: 
[2025-01-06 13:24:41,073] INFO: 	 lr: 0.00030000000000000073 	 Training loss: 0.106210962459445
[2025-01-06 13:24:54,029] INFO: Iter 17100 Summary: 
[2025-01-06 13:24:54,029] INFO: 	 lr: 0.00030000000000000073 	 Training loss: 0.10635075621306896
[2025-01-06 13:25:07,070] INFO: Iter 17200 Summary: 
[2025-01-06 13:25:07,071] INFO: 	 lr: 0.00030000000000000073 	 Training loss: 0.10551318526268005
[2025-01-06 13:25:20,952] INFO: Iter 17300 Summary: 
[2025-01-06 13:25:20,953] INFO: 	 lr: 0.00030000000000000073 	 Training loss: 0.10631492100656033
[2025-01-06 13:25:34,860] INFO: Iter 17400 Summary: 
[2025-01-06 13:25:34,860] INFO: 	 lr: 0.00030000000000000073 	 Training loss: 0.1056511578708887
[2025-01-06 13:25:45,163] INFO: Iter 17500 Summary: 
[2025-01-06 13:25:45,163] INFO: 	 lr: 0.00030000000000000073 	 Training loss: 0.10567568555474281
[2025-01-06 13:25:56,107] INFO: Iter 17600 Summary: 
[2025-01-06 13:25:56,107] INFO: 	 lr: 0.00030000000000000073 	 Training loss: 0.10575851500034332
[2025-01-06 13:26:08,654] INFO: Iter 17700 Summary: 
[2025-01-06 13:26:08,654] INFO: 	 lr: 0.00030000000000000073 	 Training loss: 0.10548014290630818
[2025-01-06 13:26:18,228] INFO: Iter 17800 Summary: 
[2025-01-06 13:26:18,229] INFO: 	 lr: 0.00030000000000000073 	 Training loss: 0.10540696918964386
[2025-01-06 13:26:29,297] INFO: Iter 17900 Summary: 
[2025-01-06 13:26:29,297] INFO: 	 lr: 0.00030000000000000073 	 Training loss: 0.10586230300366878
[2025-01-06 13:26:42,455] INFO: Iter 18000 Summary: 
[2025-01-06 13:26:42,456] INFO: 	 lr: 0.00030000000000000073 	 Training loss: 0.1059559840708971
[2025-01-06 13:26:58,198] INFO: Iter 18100 Summary: 
[2025-01-06 13:26:58,198] INFO: 	 lr: 0.00030000000000000073 	 Training loss: 0.10523125022649765
[2025-01-06 13:27:10,832] INFO: Iter 18200 Summary: 
[2025-01-06 13:27:10,833] INFO: 	 lr: 0.00030000000000000073 	 Training loss: 0.10604408651590347
[2025-01-06 13:27:22,853] INFO: Iter 18300 Summary: 
[2025-01-06 13:27:22,853] INFO: 	 lr: 0.00030000000000000073 	 Training loss: 0.1049577198922634
[2025-01-06 13:27:33,881] INFO: Iter 18400 Summary: 
[2025-01-06 13:27:33,881] INFO: 	 lr: 0.00030000000000000073 	 Training loss: 0.10531857304275036
[2025-01-06 13:27:45,355] INFO: Iter 18500 Summary: 
[2025-01-06 13:27:45,355] INFO: 	 lr: 0.00030000000000000073 	 Training loss: 0.10509105660021305
[2025-01-06 13:27:57,399] INFO: Iter 18600 Summary: 
[2025-01-06 13:27:57,399] INFO: 	 lr: 0.00030000000000000073 	 Training loss: 0.1055007416009903
[2025-01-06 13:28:10,847] INFO: Iter 18700 Summary: 
[2025-01-06 13:28:10,847] INFO: 	 lr: 0.00030000000000000073 	 Training loss: 0.1049354363232851
[2025-01-06 13:28:22,976] INFO: Iter 18800 Summary: 
[2025-01-06 13:28:22,977] INFO: 	 lr: 0.00030000000000000073 	 Training loss: 0.10487248204648494
[2025-01-06 13:28:36,430] INFO: Iter 18900 Summary: 
[2025-01-06 13:28:36,430] INFO: 	 lr: 0.00030000000000000073 	 Training loss: 0.1050344467908144
[2025-01-06 13:28:50,023] INFO: Iter 19000 Summary: 
[2025-01-06 13:28:50,023] INFO: 	 lr: 0.00030000000000000073 	 Training loss: 0.10460706047713757
[2025-01-06 13:29:01,521] INFO: Iter 19100 Summary: 
[2025-01-06 13:29:01,522] INFO: 	 lr: 0.00030000000000000073 	 Training loss: 0.10488133214414119
[2025-01-06 13:29:13,023] INFO: Iter 19200 Summary: 
[2025-01-06 13:29:13,023] INFO: 	 lr: 0.00030000000000000073 	 Training loss: 0.10508989252150058
[2025-01-06 13:29:25,342] INFO: Iter 19300 Summary: 
[2025-01-06 13:29:25,342] INFO: 	 lr: 0.00030000000000000073 	 Training loss: 0.10398989371955394
[2025-01-06 13:29:35,908] INFO: Iter 19400 Summary: 
[2025-01-06 13:29:35,909] INFO: 	 lr: 0.00030000000000000073 	 Training loss: 0.10476448491215706
[2025-01-06 13:29:47,436] INFO: Iter 19500 Summary: 
[2025-01-06 13:29:47,436] INFO: 	 lr: 0.00030000000000000073 	 Training loss: 0.10389206685125828
[2025-01-06 13:30:01,758] INFO: Iter 19600 Summary: 
[2025-01-06 13:30:01,758] INFO: 	 lr: 0.00030000000000000073 	 Training loss: 0.10460326492786408
[2025-01-06 13:30:12,964] INFO: Iter 19700 Summary: 
[2025-01-06 13:30:12,965] INFO: 	 lr: 0.00030000000000000073 	 Training loss: 0.10525451235473156
[2025-01-06 13:30:24,654] INFO: Iter 19800 Summary: 
[2025-01-06 13:30:24,654] INFO: 	 lr: 0.00030000000000000073 	 Training loss: 0.10454504169523716
[2025-01-06 13:30:36,232] INFO: Iter 19900 Summary: 
[2025-01-06 13:30:36,232] INFO: 	 lr: 0.00030000000000000073 	 Training loss: 0.1048235010355711
[2025-01-06 13:30:49,460] INFO: Iter 20000 Summary: 
[2025-01-06 13:30:49,462] INFO: 	 lr: 0.00030000000000000073 	 Training loss: 0.1042864840477705
[2025-01-06 13:31:03,583] INFO: Iter 20100 Summary: 
[2025-01-06 13:31:03,583] INFO: 	 lr: 0.00030000000000000073 	 Training loss: 0.10468229740858077
[2025-01-06 13:31:16,057] INFO: Iter 20200 Summary: 
[2025-01-06 13:31:16,058] INFO: 	 lr: 0.00030000000000000073 	 Training loss: 0.10423992022871971
[2025-01-06 13:31:26,743] INFO: Iter 20300 Summary: 
[2025-01-06 13:31:26,744] INFO: 	 lr: 0.00030000000000000073 	 Training loss: 0.10419572800397874
[2025-01-06 13:31:38,386] INFO: Iter 20400 Summary: 
[2025-01-06 13:31:38,387] INFO: 	 lr: 0.00030000000000000073 	 Training loss: 0.10352065391838551
[2025-01-06 13:31:49,143] INFO: Iter 20500 Summary: 
[2025-01-06 13:31:49,144] INFO: 	 lr: 0.00030000000000000073 	 Training loss: 0.10429175898432731
[2025-01-06 13:32:00,079] INFO: Iter 20600 Summary: 
[2025-01-06 13:32:00,080] INFO: 	 lr: 0.00030000000000000073 	 Training loss: 0.10396503083407879
[2025-01-06 13:32:11,219] INFO: Iter 20700 Summary: 
[2025-01-06 13:32:11,222] INFO: 	 lr: 0.00030000000000000073 	 Training loss: 0.10351200938224793
[2025-01-06 13:32:24,139] INFO: Iter 20800 Summary: 
[2025-01-06 13:32:24,140] INFO: 	 lr: 0.00030000000000000073 	 Training loss: 0.10450601294636726
[2025-01-06 13:32:36,629] INFO: Iter 20900 Summary: 
[2025-01-06 13:32:36,629] INFO: 	 lr: 0.00030000000000000073 	 Training loss: 0.10367061167955399
[2025-01-06 13:32:49,102] INFO: Iter 21000 Summary: 
[2025-01-06 13:32:49,102] INFO: 	 lr: 0.00030000000000000073 	 Training loss: 0.10381827779114246
[2025-01-06 13:32:59,279] INFO: Iter 21100 Summary: 
[2025-01-06 13:32:59,279] INFO: 	 lr: 0.00030000000000000073 	 Training loss: 0.10357907883822919
[2025-01-06 13:33:11,111] INFO: Iter 21200 Summary: 
[2025-01-06 13:33:11,112] INFO: 	 lr: 0.00030000000000000073 	 Training loss: 0.10403021819889545
[2025-01-06 13:33:23,876] INFO: Iter 21300 Summary: 
[2025-01-06 13:33:23,877] INFO: 	 lr: 0.00030000000000000073 	 Training loss: 0.10331112518906593
[2025-01-06 13:33:33,759] INFO: Iter 21400 Summary: 
[2025-01-06 13:33:33,759] INFO: 	 lr: 0.00030000000000000073 	 Training loss: 0.10369075834751129
[2025-01-06 13:33:44,780] INFO: Iter 21500 Summary: 
[2025-01-06 13:33:44,780] INFO: 	 lr: 0.00030000000000000073 	 Training loss: 0.10397211953997612
[2025-01-06 13:33:56,683] INFO: Iter 21600 Summary: 
[2025-01-06 13:33:56,684] INFO: 	 lr: 0.00030000000000000073 	 Training loss: 0.10367733187973499
[2025-01-06 13:34:08,781] INFO: Iter 21700 Summary: 
[2025-01-06 13:34:08,782] INFO: 	 lr: 0.00030000000000000073 	 Training loss: 0.10328509695827962
[2025-01-06 13:34:19,591] INFO: Iter 21800 Summary: 
[2025-01-06 13:34:19,591] INFO: 	 lr: 0.00030000000000000073 	 Training loss: 0.10319825552403927
[2025-01-06 13:34:31,864] INFO: Iter 21900 Summary: 
[2025-01-06 13:34:31,864] INFO: 	 lr: 0.00030000000000000073 	 Training loss: 0.10315863728523254
[2025-01-06 13:34:44,083] INFO: Iter 22000 Summary: 
[2025-01-06 13:34:44,084] INFO: 	 lr: 0.00030000000000000073 	 Training loss: 0.10304777517914772
[2025-01-06 13:35:00,055] INFO: Iter 22100 Summary: 
[2025-01-06 13:35:00,055] INFO: 	 lr: 0.00030000000000000073 	 Training loss: 0.10312998406589031
[2025-01-06 13:35:13,591] INFO: Iter 22200 Summary: 
[2025-01-06 13:35:13,591] INFO: 	 lr: 0.00030000000000000073 	 Training loss: 0.10286878690123558
[2025-01-06 13:35:25,487] INFO: Iter 22300 Summary: 
[2025-01-06 13:35:25,487] INFO: 	 lr: 0.00030000000000000073 	 Training loss: 0.10311669640243054
[2025-01-06 13:35:38,487] INFO: Iter 22400 Summary: 
[2025-01-06 13:35:38,487] INFO: 	 lr: 0.00030000000000000073 	 Training loss: 0.10273197241127491
[2025-01-06 13:35:47,991] INFO: Iter 22500 Summary: 
[2025-01-06 13:35:47,991] INFO: 	 lr: 0.00030000000000000073 	 Training loss: 0.10261780709028244
[2025-01-06 13:35:58,435] INFO: Iter 22600 Summary: 
[2025-01-06 13:35:58,436] INFO: 	 lr: 0.00030000000000000073 	 Training loss: 0.10309843614697456
[2025-01-06 13:36:12,640] INFO: Iter 22700 Summary: 
[2025-01-06 13:36:12,641] INFO: 	 lr: 0.00030000000000000073 	 Training loss: 0.10250662550330163
[2025-01-06 13:36:23,949] INFO: Iter 22800 Summary: 
[2025-01-06 13:36:23,949] INFO: 	 lr: 0.00030000000000000073 	 Training loss: 0.1030465991795063
[2025-01-06 13:36:36,958] INFO: Iter 22900 Summary: 
[2025-01-06 13:36:36,959] INFO: 	 lr: 0.00030000000000000073 	 Training loss: 0.1032438575476408
[2025-01-06 13:36:47,854] INFO: Iter 23000 Summary: 
[2025-01-06 13:36:47,854] INFO: 	 lr: 0.00030000000000000073 	 Training loss: 0.1028562442958355
[2025-01-06 13:36:58,343] INFO: Iter 23100 Summary: 
[2025-01-06 13:36:58,343] INFO: 	 lr: 0.00030000000000000073 	 Training loss: 0.10204006232321262
[2025-01-06 13:37:09,976] INFO: Iter 23200 Summary: 
[2025-01-06 13:37:09,976] INFO: 	 lr: 0.00030000000000000073 	 Training loss: 0.10219041034579276
[2025-01-06 13:37:22,273] INFO: Iter 23300 Summary: 
[2025-01-06 13:37:22,273] INFO: 	 lr: 0.00030000000000000073 	 Training loss: 0.10229437902569771
[2025-01-06 13:37:34,882] INFO: Iter 23400 Summary: 
[2025-01-06 13:37:34,882] INFO: 	 lr: 0.00030000000000000073 	 Training loss: 0.10261776141822337
[2025-01-06 13:37:46,683] INFO: Iter 23500 Summary: 
[2025-01-06 13:37:46,683] INFO: 	 lr: 0.00030000000000000073 	 Training loss: 0.10280722752213478
[2025-01-06 13:37:58,830] INFO: Iter 23600 Summary: 
[2025-01-06 13:37:58,831] INFO: 	 lr: 0.00030000000000000073 	 Training loss: 0.10254242472350597
[2025-01-06 13:38:09,946] INFO: Iter 23700 Summary: 
[2025-01-06 13:38:09,946] INFO: 	 lr: 0.00030000000000000073 	 Training loss: 0.10243616603314877
[2025-01-06 13:38:23,001] INFO: Iter 23800 Summary: 
[2025-01-06 13:38:23,001] INFO: 	 lr: 0.00030000000000000073 	 Training loss: 0.10266409382224083
[2025-01-06 13:38:34,636] INFO: Iter 23900 Summary: 
[2025-01-06 13:38:34,636] INFO: 	 lr: 0.00030000000000000073 	 Training loss: 0.10221881613135338
[2025-01-06 13:38:47,437] INFO: Iter 24000 Summary: 
[2025-01-06 13:38:47,438] INFO: 	 lr: 0.00030000000000000073 	 Training loss: 0.10205667033791542
[2025-01-06 13:39:02,865] INFO: Iter 24100 Summary: 
[2025-01-06 13:39:02,865] INFO: 	 lr: 0.00030000000000000073 	 Training loss: 0.1021713911741972
[2025-01-06 13:39:14,617] INFO: Iter 24200 Summary: 
[2025-01-06 13:39:14,618] INFO: 	 lr: 0.00030000000000000073 	 Training loss: 0.10276227183640003
[2025-01-06 13:39:25,972] INFO: Iter 24300 Summary: 
[2025-01-06 13:39:25,972] INFO: 	 lr: 0.00030000000000000073 	 Training loss: 0.10196443133056164
[2025-01-06 13:39:38,639] INFO: Iter 24400 Summary: 
[2025-01-06 13:39:38,639] INFO: 	 lr: 0.00030000000000000073 	 Training loss: 0.10268819905817508
[2025-01-06 13:39:48,945] INFO: Iter 24500 Summary: 
[2025-01-06 13:39:48,946] INFO: 	 lr: 0.00030000000000000073 	 Training loss: 0.10224940001964569
[2025-01-06 13:40:00,874] INFO: Iter 24600 Summary: 
[2025-01-06 13:40:00,874] INFO: 	 lr: 0.00030000000000000073 	 Training loss: 0.1018154114484787
[2025-01-06 13:40:13,228] INFO: Iter 24700 Summary: 
[2025-01-06 13:40:13,228] INFO: 	 lr: 0.00030000000000000073 	 Training loss: 0.10168385088443756
[2025-01-06 13:40:25,895] INFO: Iter 24800 Summary: 
[2025-01-06 13:40:25,896] INFO: 	 lr: 0.00030000000000000073 	 Training loss: 0.10242553792893887
[2025-01-06 13:40:38,619] INFO: Iter 24900 Summary: 
[2025-01-06 13:40:38,619] INFO: 	 lr: 0.00030000000000000073 	 Training loss: 0.10197542749345302
[2025-01-06 13:40:50,326] INFO: Iter 25000 Summary: 
[2025-01-06 13:40:50,326] INFO: 	 lr: 0.00030000000000000073 	 Training loss: 0.10160065785050393
[2025-01-06 13:41:02,333] INFO: Iter 25100 Summary: 
[2025-01-06 13:41:02,333] INFO: 	 lr: 0.00030000000000000073 	 Training loss: 0.1011397735029459
[2025-01-06 13:41:13,980] INFO: Iter 25200 Summary: 
[2025-01-06 13:41:13,980] INFO: 	 lr: 0.00030000000000000073 	 Training loss: 0.10229062356054783
[2025-01-06 13:41:25,809] INFO: Iter 25300 Summary: 
[2025-01-06 13:41:25,809] INFO: 	 lr: 0.00030000000000000073 	 Training loss: 0.1018926452100277
[2025-01-06 13:41:36,127] INFO: Iter 25400 Summary: 
[2025-01-06 13:41:36,127] INFO: 	 lr: 0.00030000000000000073 	 Training loss: 0.10129768267273903
[2025-01-06 13:41:48,301] INFO: Iter 25500 Summary: 
[2025-01-06 13:41:48,301] INFO: 	 lr: 0.00030000000000000073 	 Training loss: 0.1012445081025362
[2025-01-06 13:41:59,911] INFO: Iter 25600 Summary: 
[2025-01-06 13:41:59,911] INFO: 	 lr: 0.00030000000000000073 	 Training loss: 0.10144088953733445
[2025-01-06 13:42:11,273] INFO: Iter 25700 Summary: 
[2025-01-06 13:42:11,274] INFO: 	 lr: 0.00030000000000000073 	 Training loss: 0.10156884327530862
[2025-01-06 13:42:23,281] INFO: Iter 25800 Summary: 
[2025-01-06 13:42:23,282] INFO: 	 lr: 0.00030000000000000073 	 Training loss: 0.10160542204976082
[2025-01-06 13:42:34,486] INFO: Iter 25900 Summary: 
[2025-01-06 13:42:34,486] INFO: 	 lr: 0.00030000000000000073 	 Training loss: 0.10157913312315942
[2025-01-06 13:42:47,341] INFO: Iter 26000 Summary: 
[2025-01-06 13:42:47,342] INFO: 	 lr: 0.00030000000000000073 	 Training loss: 0.10154465027153492
[2025-01-06 13:43:04,437] INFO: Iter 26100 Summary: 
[2025-01-06 13:43:04,437] INFO: 	 lr: 0.00030000000000000073 	 Training loss: 0.10099301777780056
[2025-01-06 13:43:15,208] INFO: Iter 26200 Summary: 
[2025-01-06 13:43:15,208] INFO: 	 lr: 0.00030000000000000073 	 Training loss: 0.10081221252679824
[2025-01-06 13:43:27,325] INFO: Iter 26300 Summary: 
[2025-01-06 13:43:27,326] INFO: 	 lr: 0.00030000000000000073 	 Training loss: 0.1018869162350893
[2025-01-06 13:43:38,870] INFO: Iter 26400 Summary: 
[2025-01-06 13:43:38,870] INFO: 	 lr: 0.00030000000000000073 	 Training loss: 0.10030589446425438
[2025-01-06 13:43:52,303] INFO: Iter 26500 Summary: 
[2025-01-06 13:43:52,304] INFO: 	 lr: 0.00030000000000000073 	 Training loss: 0.10118637181818485
[2025-01-06 13:44:03,584] INFO: Iter 26600 Summary: 
[2025-01-06 13:44:03,584] INFO: 	 lr: 0.00030000000000000073 	 Training loss: 0.1019254544377327
[2025-01-06 13:44:18,543] INFO: Iter 26700 Summary: 
[2025-01-06 13:44:18,543] INFO: 	 lr: 0.00030000000000000073 	 Training loss: 0.10102116331458091
[2025-01-06 13:44:30,247] INFO: Iter 26800 Summary: 
[2025-01-06 13:44:30,247] INFO: 	 lr: 0.00030000000000000073 	 Training loss: 0.10063507340848446
[2025-01-06 13:44:43,041] INFO: Iter 26900 Summary: 
[2025-01-06 13:44:43,042] INFO: 	 lr: 0.00030000000000000073 	 Training loss: 0.10131970211863518
[2025-01-06 13:44:53,623] INFO: Iter 27000 Summary: 
[2025-01-06 13:44:53,624] INFO: 	 lr: 0.00030000000000000073 	 Training loss: 0.10085859969258308
[2025-01-06 13:45:06,344] INFO: Iter 27100 Summary: 
[2025-01-06 13:45:06,344] INFO: 	 lr: 0.00030000000000000073 	 Training loss: 0.10081696160137653
[2025-01-06 13:45:18,415] INFO: Iter 27200 Summary: 
[2025-01-06 13:45:18,416] INFO: 	 lr: 0.00030000000000000073 	 Training loss: 0.10074232868850232
[2025-01-06 13:45:31,777] INFO: Iter 27300 Summary: 
[2025-01-06 13:45:31,778] INFO: 	 lr: 0.00030000000000000073 	 Training loss: 0.10070916920900345
[2025-01-06 13:45:42,746] INFO: Iter 27400 Summary: 
[2025-01-06 13:45:42,747] INFO: 	 lr: 0.00030000000000000073 	 Training loss: 0.10039345435798168
[2025-01-06 13:45:53,971] INFO: Iter 27500 Summary: 
[2025-01-06 13:45:53,972] INFO: 	 lr: 0.00030000000000000073 	 Training loss: 0.10033265247941017
[2025-01-06 13:46:07,023] INFO: Iter 27600 Summary: 
[2025-01-06 13:46:07,023] INFO: 	 lr: 0.00030000000000000073 	 Training loss: 0.10036996081471443
[2025-01-06 13:46:19,757] INFO: Iter 27700 Summary: 
[2025-01-06 13:46:19,757] INFO: 	 lr: 0.00030000000000000073 	 Training loss: 0.10065045155584812
[2025-01-06 13:46:30,859] INFO: Iter 27800 Summary: 
[2025-01-06 13:46:30,860] INFO: 	 lr: 0.00030000000000000073 	 Training loss: 0.1006733575463295
[2025-01-06 13:46:42,520] INFO: Iter 27900 Summary: 
[2025-01-06 13:46:42,520] INFO: 	 lr: 0.00030000000000000073 	 Training loss: 0.10067890524864197
[2025-01-06 13:46:54,866] INFO: Iter 28000 Summary: 
[2025-01-06 13:46:54,867] INFO: 	 lr: 0.00030000000000000073 	 Training loss: 0.10083062075078487
[2025-01-06 13:47:09,124] INFO: Iter 28100 Summary: 
[2025-01-06 13:47:09,124] INFO: 	 lr: 0.00030000000000000073 	 Training loss: 0.1004933112859726
[2025-01-06 13:47:21,299] INFO: Iter 28200 Summary: 
[2025-01-06 13:47:21,300] INFO: 	 lr: 0.00030000000000000073 	 Training loss: 0.10051468931138516
[2025-01-06 13:47:34,261] INFO: Iter 28300 Summary: 
[2025-01-06 13:47:34,261] INFO: 	 lr: 0.00030000000000000073 	 Training loss: 0.10029644563794136
[2025-01-06 13:47:46,038] INFO: Iter 28400 Summary: 
[2025-01-06 13:47:46,039] INFO: 	 lr: 0.00030000000000000073 	 Training loss: 0.10104366779327392
[2025-01-06 13:47:57,798] INFO: Iter 28500 Summary: 
[2025-01-06 13:47:57,798] INFO: 	 lr: 0.00030000000000000073 	 Training loss: 0.10045252315700054
[2025-01-06 13:48:08,663] INFO: Iter 28600 Summary: 
[2025-01-06 13:48:08,664] INFO: 	 lr: 0.00030000000000000073 	 Training loss: 0.09992328390479088
[2025-01-06 13:48:22,230] INFO: Iter 28700 Summary: 
[2025-01-06 13:48:22,230] INFO: 	 lr: 0.00030000000000000073 	 Training loss: 0.10030083619058132
[2025-01-06 13:48:34,975] INFO: Iter 28800 Summary: 
[2025-01-06 13:48:34,976] INFO: 	 lr: 0.00030000000000000073 	 Training loss: 0.1000541777908802
[2025-01-06 13:48:47,565] INFO: Iter 28900 Summary: 
[2025-01-06 13:48:47,566] INFO: 	 lr: 0.00030000000000000073 	 Training loss: 0.10023418910801411
[2025-01-06 13:48:59,766] INFO: Iter 29000 Summary: 
[2025-01-06 13:48:59,766] INFO: 	 lr: 0.00030000000000000073 	 Training loss: 0.10005727313458919
[2025-01-06 13:49:12,163] INFO: Iter 29100 Summary: 
[2025-01-06 13:49:12,163] INFO: 	 lr: 0.00030000000000000073 	 Training loss: 0.09984523341059685
[2025-01-06 13:49:22,512] INFO: Iter 29200 Summary: 
[2025-01-06 13:49:22,513] INFO: 	 lr: 0.00030000000000000073 	 Training loss: 0.10033704049885273
[2025-01-06 13:49:34,181] INFO: Iter 29300 Summary: 
[2025-01-06 13:49:34,182] INFO: 	 lr: 0.00030000000000000073 	 Training loss: 0.10002202361822128
[2025-01-06 13:49:45,546] INFO: Iter 29400 Summary: 
[2025-01-06 13:49:45,547] INFO: 	 lr: 0.00030000000000000073 	 Training loss: 0.09973022118210792
[2025-01-06 13:49:56,312] INFO: Iter 29500 Summary: 
[2025-01-06 13:49:56,312] INFO: 	 lr: 0.00030000000000000073 	 Training loss: 0.10042505167424678
[2025-01-06 13:50:09,110] INFO: Iter 29600 Summary: 
[2025-01-06 13:50:09,111] INFO: 	 lr: 0.00030000000000000073 	 Training loss: 0.09949043050408363
[2025-01-06 13:50:21,553] INFO: Iter 29700 Summary: 
[2025-01-06 13:50:21,553] INFO: 	 lr: 0.00030000000000000073 	 Training loss: 0.09991224303841591
[2025-01-06 13:50:33,692] INFO: Iter 29800 Summary: 
[2025-01-06 13:50:33,692] INFO: 	 lr: 0.00030000000000000073 	 Training loss: 0.09959967330098152
[2025-01-06 13:50:44,495] INFO: Iter 29900 Summary: 
[2025-01-06 13:50:44,495] INFO: 	 lr: 0.00030000000000000073 	 Training loss: 0.09987053260207177
[2025-01-06 13:50:57,308] INFO: Iter 30000 Summary: 
[2025-01-06 13:50:57,309] INFO: 	 lr: 0.00030000000000000073 	 Training loss: 0.10008637621998787
[2025-01-06 13:51:10,150] INFO: Iter 30100 Summary: 
[2025-01-06 13:51:10,151] INFO: 	 lr: 1.2900000000000026e-05 	 Training loss: 0.0976264388859272
[2025-01-06 13:51:20,505] INFO: Iter 30200 Summary: 
[2025-01-06 13:51:20,505] INFO: 	 lr: 1.000000000000002e-05 	 Training loss: 0.09787633933126927
[2025-01-06 13:51:33,269] INFO: Iter 30300 Summary: 
[2025-01-06 13:51:33,269] INFO: 	 lr: 1.000000000000002e-05 	 Training loss: 0.09653347276151181
[2025-01-06 13:51:46,964] INFO: Iter 30400 Summary: 
[2025-01-06 13:51:46,964] INFO: 	 lr: 1.000000000000002e-05 	 Training loss: 0.09624771781265735
[2025-01-06 13:51:58,732] INFO: Iter 30500 Summary: 
[2025-01-06 13:51:58,732] INFO: 	 lr: 1.000000000000002e-05 	 Training loss: 0.0960687393695116
[2025-01-06 13:52:10,576] INFO: Iter 30600 Summary: 
[2025-01-06 13:52:10,576] INFO: 	 lr: 1.000000000000002e-05 	 Training loss: 0.09635869234800339
[2025-01-06 13:52:21,411] INFO: Iter 30700 Summary: 
[2025-01-06 13:52:21,412] INFO: 	 lr: 1.000000000000002e-05 	 Training loss: 0.09621450543403626
[2025-01-06 13:52:32,341] INFO: Iter 30800 Summary: 
[2025-01-06 13:52:32,341] INFO: 	 lr: 1.000000000000002e-05 	 Training loss: 0.09555121541023254
[2025-01-06 13:52:44,585] INFO: Iter 30900 Summary: 
[2025-01-06 13:52:44,585] INFO: 	 lr: 1.000000000000002e-05 	 Training loss: 0.09587377801537514
[2025-01-06 13:52:58,719] INFO: Iter 31000 Summary: 
[2025-01-06 13:52:58,720] INFO: 	 lr: 1.000000000000002e-05 	 Training loss: 0.0956885700672865
[2025-01-06 13:53:10,268] INFO: Iter 31100 Summary: 
[2025-01-06 13:53:10,268] INFO: 	 lr: 1.000000000000002e-05 	 Training loss: 0.09528333149850368
[2025-01-06 13:53:24,938] INFO: Iter 31200 Summary: 
[2025-01-06 13:53:24,938] INFO: 	 lr: 1.000000000000002e-05 	 Training loss: 0.09544662296772004
[2025-01-06 13:53:39,964] INFO: Iter 31300 Summary: 
[2025-01-06 13:53:39,965] INFO: 	 lr: 1.000000000000002e-05 	 Training loss: 0.09528812654316425
[2025-01-06 13:53:51,693] INFO: Iter 31400 Summary: 
[2025-01-06 13:53:51,693] INFO: 	 lr: 1.000000000000002e-05 	 Training loss: 0.09557916387915612
[2025-01-06 13:54:02,815] INFO: Iter 31500 Summary: 
[2025-01-06 13:54:02,815] INFO: 	 lr: 1.000000000000002e-05 	 Training loss: 0.09587489403784274
[2025-01-06 13:54:15,045] INFO: Iter 31600 Summary: 
[2025-01-06 13:54:15,046] INFO: 	 lr: 1.000000000000002e-05 	 Training loss: 0.09508508749306202
[2025-01-06 13:54:26,795] INFO: Iter 31700 Summary: 
[2025-01-06 13:54:26,795] INFO: 	 lr: 1.000000000000002e-05 	 Training loss: 0.09542403660714627
[2025-01-06 13:54:39,112] INFO: Iter 31800 Summary: 
[2025-01-06 13:54:39,112] INFO: 	 lr: 1.000000000000002e-05 	 Training loss: 0.09522919990122318
[2025-01-06 13:54:51,756] INFO: Iter 31900 Summary: 
[2025-01-06 13:54:51,756] INFO: 	 lr: 1.000000000000002e-05 	 Training loss: 0.09515068605542183
[2025-01-06 13:55:05,696] INFO: Iter 32000 Summary: 
[2025-01-06 13:55:05,696] INFO: 	 lr: 1.000000000000002e-05 	 Training loss: 0.0950286840647459
[2025-01-06 13:55:22,825] INFO: Iter 32100 Summary: 
[2025-01-06 13:55:22,825] INFO: 	 lr: 1.000000000000002e-05 	 Training loss: 0.09529280409216881
[2025-01-06 13:55:34,636] INFO: Iter 32200 Summary: 
[2025-01-06 13:55:34,636] INFO: 	 lr: 1.000000000000002e-05 	 Training loss: 0.09541143961250782
[2025-01-06 13:55:47,471] INFO: Iter 32300 Summary: 
[2025-01-06 13:55:47,472] INFO: 	 lr: 1.000000000000002e-05 	 Training loss: 0.09490139566361905
[2025-01-06 13:55:59,828] INFO: Iter 32400 Summary: 
[2025-01-06 13:55:59,828] INFO: 	 lr: 1.000000000000002e-05 	 Training loss: 0.09495769888162613
[2025-01-06 13:56:13,607] INFO: Iter 32500 Summary: 
[2025-01-06 13:56:13,608] INFO: 	 lr: 1.000000000000002e-05 	 Training loss: 0.09479573212563991
[2025-01-06 13:56:27,454] INFO: Iter 32600 Summary: 
[2025-01-06 13:56:27,455] INFO: 	 lr: 1.000000000000002e-05 	 Training loss: 0.09500601425766945
[2025-01-06 13:56:39,843] INFO: Iter 32700 Summary: 
[2025-01-06 13:56:39,843] INFO: 	 lr: 1.000000000000002e-05 	 Training loss: 0.09505681961774826
[2025-01-06 13:56:55,145] INFO: Iter 32800 Summary: 
[2025-01-06 13:56:55,145] INFO: 	 lr: 1.000000000000002e-05 	 Training loss: 0.09453927278518677
[2025-01-06 13:57:05,930] INFO: Iter 32900 Summary: 
[2025-01-06 13:57:05,931] INFO: 	 lr: 1.000000000000002e-05 	 Training loss: 0.09507269442081451
[2025-01-06 13:57:19,339] INFO: Iter 33000 Summary: 
[2025-01-06 13:57:19,340] INFO: 	 lr: 1.000000000000002e-05 	 Training loss: 0.09487757831811905
[2025-01-06 13:57:30,873] INFO: Iter 33100 Summary: 
[2025-01-06 13:57:30,873] INFO: 	 lr: 1.000000000000002e-05 	 Training loss: 0.0946915353089571
[2025-01-06 13:57:43,892] INFO: Iter 33200 Summary: 
[2025-01-06 13:57:43,892] INFO: 	 lr: 1.000000000000002e-05 	 Training loss: 0.0950748736411333
[2025-01-06 13:57:57,577] INFO: Iter 33300 Summary: 
[2025-01-06 13:57:57,577] INFO: 	 lr: 1.000000000000002e-05 	 Training loss: 0.09503083661198616
[2025-01-06 13:58:09,734] INFO: Iter 33400 Summary: 
[2025-01-06 13:58:09,735] INFO: 	 lr: 1.000000000000002e-05 	 Training loss: 0.0949804450571537
[2025-01-06 13:58:21,384] INFO: Iter 33500 Summary: 
[2025-01-06 13:58:21,384] INFO: 	 lr: 1.000000000000002e-05 	 Training loss: 0.09498807281255722
[2025-01-06 13:58:34,124] INFO: Iter 33600 Summary: 
[2025-01-06 13:58:34,124] INFO: 	 lr: 1.000000000000002e-05 	 Training loss: 0.0942212400585413
[2025-01-06 13:58:46,078] INFO: Iter 33700 Summary: 
[2025-01-06 13:58:46,079] INFO: 	 lr: 1.000000000000002e-05 	 Training loss: 0.09463341221213341
[2025-01-06 13:58:56,775] INFO: Iter 33800 Summary: 
[2025-01-06 13:58:56,775] INFO: 	 lr: 1.000000000000002e-05 	 Training loss: 0.09471091195940971
[2025-01-06 13:59:10,439] INFO: Iter 33900 Summary: 
[2025-01-06 13:59:10,439] INFO: 	 lr: 1.000000000000002e-05 	 Training loss: 0.09457802765071392
[2025-01-06 13:59:22,413] INFO: Iter 34000 Summary: 
[2025-01-06 13:59:22,414] INFO: 	 lr: 1.000000000000002e-05 	 Training loss: 0.09443430870771408
[2025-01-06 13:59:36,691] INFO: Iter 34100 Summary: 
[2025-01-06 13:59:36,691] INFO: 	 lr: 1.000000000000002e-05 	 Training loss: 0.0944069980084896
[2025-01-06 13:59:48,778] INFO: Iter 34200 Summary: 
[2025-01-06 13:59:48,778] INFO: 	 lr: 1.000000000000002e-05 	 Training loss: 0.09481624089181423
[2025-01-06 14:00:00,835] INFO: Iter 34300 Summary: 
[2025-01-06 14:00:00,836] INFO: 	 lr: 1.000000000000002e-05 	 Training loss: 0.09475318409502506
[2025-01-06 14:00:13,138] INFO: Iter 34400 Summary: 
[2025-01-06 14:00:13,138] INFO: 	 lr: 1.000000000000002e-05 	 Training loss: 0.09447069853544235
[2025-01-06 14:00:25,583] INFO: Iter 34500 Summary: 
[2025-01-06 14:00:25,583] INFO: 	 lr: 1.000000000000002e-05 	 Training loss: 0.0944758751988411
[2025-01-06 14:00:40,789] INFO: Iter 34600 Summary: 
[2025-01-06 14:00:40,790] INFO: 	 lr: 1.000000000000002e-05 	 Training loss: 0.09502464592456818
[2025-01-06 14:00:52,011] INFO: Iter 34700 Summary: 
[2025-01-06 14:00:52,012] INFO: 	 lr: 1.000000000000002e-05 	 Training loss: 0.09457966960966586
[2025-01-06 14:01:03,884] INFO: Iter 34800 Summary: 
[2025-01-06 14:01:03,885] INFO: 	 lr: 1.000000000000002e-05 	 Training loss: 0.09446523435413838
[2025-01-06 14:01:16,251] INFO: Iter 34900 Summary: 
[2025-01-06 14:01:16,252] INFO: 	 lr: 1.000000000000002e-05 	 Training loss: 0.09429328739643097
[2025-01-06 14:01:29,842] INFO: Iter 35000 Summary: 
[2025-01-06 14:01:29,842] INFO: 	 lr: 1.000000000000002e-05 	 Training loss: 0.09417624793946743
[2025-01-06 14:01:41,801] INFO: Iter 35100 Summary: 
[2025-01-06 14:01:41,801] INFO: 	 lr: 1.000000000000002e-05 	 Training loss: 0.09513300716876984
[2025-01-06 14:01:54,968] INFO: Iter 35200 Summary: 
[2025-01-06 14:01:54,968] INFO: 	 lr: 1.000000000000002e-05 	 Training loss: 0.09438111945986748
[2025-01-06 14:02:08,913] INFO: Iter 35300 Summary: 
[2025-01-06 14:02:08,913] INFO: 	 lr: 1.000000000000002e-05 	 Training loss: 0.09409432172775269
[2025-01-06 14:02:20,608] INFO: Iter 35400 Summary: 
[2025-01-06 14:02:20,609] INFO: 	 lr: 1.000000000000002e-05 	 Training loss: 0.09387904763221741
[2025-01-06 14:02:30,949] INFO: Iter 35500 Summary: 
[2025-01-06 14:02:30,949] INFO: 	 lr: 1.000000000000002e-05 	 Training loss: 0.09419205583631993
[2025-01-06 14:02:44,310] INFO: Iter 35600 Summary: 
[2025-01-06 14:02:44,310] INFO: 	 lr: 1.000000000000002e-05 	 Training loss: 0.09443797804415226
[2025-01-06 14:02:56,961] INFO: Iter 35700 Summary: 
[2025-01-06 14:02:56,961] INFO: 	 lr: 1.000000000000002e-05 	 Training loss: 0.09455367535352707
[2025-01-06 14:03:10,507] INFO: Iter 35800 Summary: 
[2025-01-06 14:03:10,507] INFO: 	 lr: 1.000000000000002e-05 	 Training loss: 0.09428751081228257
[2025-01-06 14:03:24,140] INFO: Iter 35900 Summary: 
[2025-01-06 14:03:24,141] INFO: 	 lr: 1.000000000000002e-05 	 Training loss: 0.09466106735169888
[2025-01-06 14:03:36,362] INFO: Iter 36000 Summary: 
[2025-01-06 14:03:36,363] INFO: 	 lr: 1.000000000000002e-05 	 Training loss: 0.09376086793839931
[2025-01-06 14:03:50,728] INFO: Iter 36100 Summary: 
[2025-01-06 14:03:50,729] INFO: 	 lr: 1.000000000000002e-05 	 Training loss: 0.09420054621994495
[2025-01-06 14:04:03,475] INFO: Iter 36200 Summary: 
[2025-01-06 14:04:03,475] INFO: 	 lr: 1.000000000000002e-05 	 Training loss: 0.09405642621219158
[2025-01-06 14:04:13,919] INFO: Iter 36300 Summary: 
[2025-01-06 14:04:13,919] INFO: 	 lr: 1.000000000000002e-05 	 Training loss: 0.09427073739469051
[2025-01-06 14:04:24,486] INFO: Iter 36400 Summary: 
[2025-01-06 14:04:24,486] INFO: 	 lr: 1.000000000000002e-05 	 Training loss: 0.09465238921344281
[2025-01-06 14:04:36,204] INFO: Iter 36500 Summary: 
[2025-01-06 14:04:36,204] INFO: 	 lr: 1.000000000000002e-05 	 Training loss: 0.09369009420275688
[2025-01-06 14:04:47,236] INFO: Iter 36600 Summary: 
[2025-01-06 14:04:47,236] INFO: 	 lr: 1.000000000000002e-05 	 Training loss: 0.09417959213256837
[2025-01-06 14:04:57,874] INFO: Iter 36700 Summary: 
[2025-01-06 14:04:57,874] INFO: 	 lr: 1.000000000000002e-05 	 Training loss: 0.09442012004554272
[2025-01-06 14:05:08,789] INFO: Iter 36800 Summary: 
[2025-01-06 14:05:08,789] INFO: 	 lr: 1.000000000000002e-05 	 Training loss: 0.09413658984005452
[2025-01-06 14:05:18,294] INFO: Iter 36900 Summary: 
[2025-01-06 14:05:18,294] INFO: 	 lr: 1.000000000000002e-05 	 Training loss: 0.09421451330184936
[2025-01-06 14:05:28,712] INFO: Iter 37000 Summary: 
[2025-01-06 14:05:28,712] INFO: 	 lr: 1.000000000000002e-05 	 Training loss: 0.0935508044809103
[2025-01-06 14:05:39,848] INFO: Iter 37100 Summary: 
[2025-01-06 14:05:39,849] INFO: 	 lr: 1.000000000000002e-05 	 Training loss: 0.09397050119936466
[2025-01-06 14:05:50,743] INFO: Iter 37200 Summary: 
[2025-01-06 14:05:50,743] INFO: 	 lr: 1.000000000000002e-05 	 Training loss: 0.09401918426156045
[2025-01-06 14:06:02,428] INFO: Iter 37300 Summary: 
[2025-01-06 14:06:02,429] INFO: 	 lr: 1.000000000000002e-05 	 Training loss: 0.09344445697963238
[2025-01-06 14:06:13,395] INFO: Iter 37400 Summary: 
[2025-01-06 14:06:13,396] INFO: 	 lr: 1.000000000000002e-05 	 Training loss: 0.09415616981685161
[2025-01-06 14:06:23,447] INFO: Iter 37500 Summary: 
[2025-01-06 14:06:23,447] INFO: 	 lr: 1.000000000000002e-05 	 Training loss: 0.09403266452252865
[2025-01-06 14:06:33,535] INFO: Iter 37600 Summary: 
[2025-01-06 14:06:33,535] INFO: 	 lr: 1.000000000000002e-05 	 Training loss: 0.09394793562591076
[2025-01-06 14:06:43,745] INFO: Iter 37700 Summary: 
[2025-01-06 14:06:43,745] INFO: 	 lr: 1.000000000000002e-05 	 Training loss: 0.09416408464312553
[2025-01-06 14:06:54,431] INFO: Iter 37800 Summary: 
[2025-01-06 14:06:54,432] INFO: 	 lr: 1.000000000000002e-05 	 Training loss: 0.09390151619911194
[2025-01-06 14:07:05,774] INFO: Iter 37900 Summary: 
[2025-01-06 14:07:05,774] INFO: 	 lr: 1.000000000000002e-05 	 Training loss: 0.09418278552591801
