[2025-01-09 04:16:26,224] INFO: {
    "abs_dir": "/home/diwang/siMLPe/exps/baseline_h36m",
    "batch_size": 256,
    "cos_lr_max": 1e-05,
    "cos_lr_min": 5e-08,
    "cos_lr_total_iters": 40000,
    "data_aug": true,
    "deriv_input": true,
    "deriv_output": true,
    "device": "cuda:1",
    "h36m_anno_dir": "/home/diwang/siMLPe/data/h36m/",
    "link_log_file": "/home/diwang/siMLPe/exps/baseline_h36m/log/log_last.log",
    "link_val_log_file": "/home/diwang/siMLPe/exps/baseline_h36m/log/val_last.log",
    "log_dir": "/home/diwang/siMLPe/exps/baseline_h36m/log",
    "log_file": "/home/diwang/siMLPe/exps/baseline_h36m/log/log_2025_01_09_04_16_11.log",
    "model_pth": null,
    "motion": {
        "dim": 66,
        "h36m_input_length": 50,
        "h36m_input_length_dct": 50,
        "h36m_target_length": 10,
        "h36m_target_length_eval": 25,
        "h36m_target_length_train": 10
    },
    "motion_fc_in": {
        "activation": "relu",
        "in_features": 66,
        "init_w_trunc_normal": false,
        "out_features": 66,
        "temporal_fc": false,
        "with_norm": false
    },
    "motion_fc_out": {
        "activation": "relu",
        "in_features": 66,
        "init_w_trunc_normal": true,
        "out_features": 66,
        "temporal_fc": false,
        "with_norm": false
    },
    "motion_mlp": {
        "hidden_dim": 66,
        "norm_axis": "spatial",
        "num_layers": 48,
        "seq_len": 50,
        "spatial_fc_only": false,
        "with_normalization": true
    },
    "num_workers": 8,
    "post_dct": false,
    "pre_dct": false,
    "print_every": 100,
    "repo_name": "siMLPe",
    "root_dir": "/home/diwang/siMLPe",
    "save_every": 2000,
    "seed": 304,
    "shift_step": 1,
    "snapshot_dir": "/home/diwang/siMLPe/exps/baseline_h36m/log/snapshot",
    "this_dir": "baseline_h36m",
    "use_relative_loss": true,
    "val_log_file": "/home/diwang/siMLPe/exps/baseline_h36m/log/val_2025_01_09_04_16_11.log",
    "weight_decay": 0.0001
}
[2025-01-09 04:16:35,370] INFO: Iter 100 Summary: 
[2025-01-09 04:16:35,370] INFO: 	 lr: 0.00030000000000000073 	 Training loss: 0.08823938690125942
[2025-01-09 04:16:42,809] INFO: Iter 200 Summary: 
[2025-01-09 04:16:42,809] INFO: 	 lr: 0.00030000000000000073 	 Training loss: 0.07465349078178406
[2025-01-09 04:16:50,013] INFO: Iter 300 Summary: 
[2025-01-09 04:16:50,013] INFO: 	 lr: 0.00030000000000000073 	 Training loss: 0.07476015783846378
[2025-01-09 04:16:56,936] INFO: Iter 400 Summary: 
[2025-01-09 04:16:56,936] INFO: 	 lr: 0.00030000000000000073 	 Training loss: 0.0723542894050479
[2025-01-09 04:17:03,967] INFO: Iter 500 Summary: 
[2025-01-09 04:17:03,967] INFO: 	 lr: 0.00030000000000000073 	 Training loss: 0.06430948153138161
[2025-01-09 04:17:11,062] INFO: Iter 600 Summary: 
[2025-01-09 04:17:11,062] INFO: 	 lr: 0.00030000000000000073 	 Training loss: 0.06099021166563034
[2025-01-09 04:17:18,621] INFO: Iter 700 Summary: 
[2025-01-09 04:17:18,621] INFO: 	 lr: 0.00030000000000000073 	 Training loss: 0.059068210572004315
[2025-01-09 04:17:25,917] INFO: Iter 800 Summary: 
[2025-01-09 04:17:25,917] INFO: 	 lr: 0.00030000000000000073 	 Training loss: 0.057471431083977224
[2025-01-09 04:17:32,880] INFO: Iter 900 Summary: 
[2025-01-09 04:17:32,880] INFO: 	 lr: 0.00030000000000000073 	 Training loss: 0.05666363924741745
[2025-01-09 04:17:39,755] INFO: Iter 1000 Summary: 
[2025-01-09 04:17:39,755] INFO: 	 lr: 0.00030000000000000073 	 Training loss: 0.05646378438919783
[2025-01-09 04:17:47,366] INFO: Iter 1100 Summary: 
[2025-01-09 04:17:47,366] INFO: 	 lr: 0.00030000000000000073 	 Training loss: 0.05545192927122116
[2025-01-09 04:17:54,311] INFO: Iter 1200 Summary: 
[2025-01-09 04:17:54,311] INFO: 	 lr: 0.00030000000000000073 	 Training loss: 0.055021126456558704
[2025-01-09 04:18:01,217] INFO: Iter 1300 Summary: 
[2025-01-09 04:18:01,217] INFO: 	 lr: 0.00030000000000000073 	 Training loss: 0.054986288957297805
[2025-01-09 04:18:08,954] INFO: Iter 1400 Summary: 
[2025-01-09 04:18:08,955] INFO: 	 lr: 0.00030000000000000073 	 Training loss: 0.05441102907061577
[2025-01-09 04:18:16,047] INFO: Iter 1500 Summary: 
[2025-01-09 04:18:16,048] INFO: 	 lr: 0.00030000000000000073 	 Training loss: 0.0538392997905612
[2025-01-09 04:18:22,755] INFO: Iter 1600 Summary: 
[2025-01-09 04:18:22,755] INFO: 	 lr: 0.00030000000000000073 	 Training loss: 0.05307626906782389
[2025-01-09 04:18:29,627] INFO: Iter 1700 Summary: 
[2025-01-09 04:18:29,628] INFO: 	 lr: 0.00030000000000000073 	 Training loss: 0.05340500310063362
[2025-01-09 04:18:36,436] INFO: Iter 1800 Summary: 
[2025-01-09 04:18:36,437] INFO: 	 lr: 0.00030000000000000073 	 Training loss: 0.053136716336011885
[2025-01-09 04:18:43,286] INFO: Iter 1900 Summary: 
[2025-01-09 04:18:43,286] INFO: 	 lr: 0.00030000000000000073 	 Training loss: 0.05258367117494345
[2025-01-09 04:18:50,113] INFO: Iter 2000 Summary: 
[2025-01-09 04:18:50,113] INFO: 	 lr: 0.00030000000000000073 	 Training loss: 0.05255681611597538
[2025-01-09 04:18:59,859] INFO: Iter 2100 Summary: 
[2025-01-09 04:18:59,859] INFO: 	 lr: 0.00030000000000000073 	 Training loss: 0.05256752405315637
[2025-01-09 04:19:07,265] INFO: Iter 2200 Summary: 
[2025-01-09 04:19:07,265] INFO: 	 lr: 0.00030000000000000073 	 Training loss: 0.052274716682732106
[2025-01-09 04:19:14,078] INFO: Iter 2300 Summary: 
[2025-01-09 04:19:14,078] INFO: 	 lr: 0.00030000000000000073 	 Training loss: 0.052042348608374596
[2025-01-09 04:19:20,974] INFO: Iter 2400 Summary: 
[2025-01-09 04:19:20,974] INFO: 	 lr: 0.00030000000000000073 	 Training loss: 0.0542506243661046
[2025-01-09 04:19:28,583] INFO: Iter 2500 Summary: 
[2025-01-09 04:19:28,583] INFO: 	 lr: 0.00030000000000000073 	 Training loss: 0.052658669389784335
[2025-01-09 04:19:35,436] INFO: Iter 2600 Summary: 
[2025-01-09 04:19:35,436] INFO: 	 lr: 0.00030000000000000073 	 Training loss: 0.05209574300795793
[2025-01-09 04:19:42,311] INFO: Iter 2700 Summary: 
[2025-01-09 04:19:42,311] INFO: 	 lr: 0.00030000000000000073 	 Training loss: 0.052017378769814965
[2025-01-09 04:19:49,713] INFO: Iter 2800 Summary: 
[2025-01-09 04:19:49,713] INFO: 	 lr: 0.00030000000000000073 	 Training loss: 0.051822939142584803
[2025-01-09 04:19:56,862] INFO: Iter 2900 Summary: 
[2025-01-09 04:19:56,862] INFO: 	 lr: 0.00030000000000000073 	 Training loss: 0.05092093724757433
[2025-01-09 04:20:04,066] INFO: Iter 3000 Summary: 
[2025-01-09 04:20:04,067] INFO: 	 lr: 0.00030000000000000073 	 Training loss: 0.05139704879373312
[2025-01-09 04:20:10,951] INFO: Iter 3100 Summary: 
[2025-01-09 04:20:10,951] INFO: 	 lr: 0.00030000000000000073 	 Training loss: 0.051487409621477125
[2025-01-09 04:20:17,873] INFO: Iter 3200 Summary: 
[2025-01-09 04:20:17,873] INFO: 	 lr: 0.00030000000000000073 	 Training loss: 0.050962860099971294
[2025-01-09 04:20:24,956] INFO: Iter 3300 Summary: 
[2025-01-09 04:20:24,956] INFO: 	 lr: 0.00030000000000000073 	 Training loss: 0.05093266140669584
[2025-01-09 04:20:31,912] INFO: Iter 3400 Summary: 
[2025-01-09 04:20:31,913] INFO: 	 lr: 0.00030000000000000073 	 Training loss: 0.05103108037263155
[2025-01-09 04:20:39,821] INFO: Iter 3500 Summary: 
[2025-01-09 04:20:39,822] INFO: 	 lr: 0.00030000000000000073 	 Training loss: 0.05128761369735003
[2025-01-09 04:20:47,364] INFO: Iter 3600 Summary: 
[2025-01-09 04:20:47,365] INFO: 	 lr: 0.00030000000000000073 	 Training loss: 0.05014921516180038
[2025-01-09 04:20:54,163] INFO: Iter 3700 Summary: 
[2025-01-09 04:20:54,163] INFO: 	 lr: 0.00030000000000000073 	 Training loss: 0.05119337487965822
[2025-01-09 04:21:01,115] INFO: Iter 3800 Summary: 
[2025-01-09 04:21:01,115] INFO: 	 lr: 0.00030000000000000073 	 Training loss: 0.05050345879048109
[2025-01-09 04:21:08,196] INFO: Iter 3900 Summary: 
[2025-01-09 04:21:08,196] INFO: 	 lr: 0.00030000000000000073 	 Training loss: 0.05021551880985498
[2025-01-09 04:21:14,917] INFO: Iter 4000 Summary: 
[2025-01-09 04:21:14,917] INFO: 	 lr: 0.00030000000000000073 	 Training loss: 0.049973896332085134
[2025-01-09 04:21:23,678] INFO: Iter 4100 Summary: 
[2025-01-09 04:21:23,678] INFO: 	 lr: 0.00030000000000000073 	 Training loss: 0.05004374526441097
[2025-01-09 04:21:30,650] INFO: Iter 4200 Summary: 
[2025-01-09 04:21:30,650] INFO: 	 lr: 0.00030000000000000073 	 Training loss: 0.050590105280280115
[2025-01-09 04:21:37,779] INFO: Iter 4300 Summary: 
[2025-01-09 04:21:37,779] INFO: 	 lr: 0.00030000000000000073 	 Training loss: 0.05013055540621281
[2025-01-09 04:21:44,730] INFO: Iter 4400 Summary: 
[2025-01-09 04:21:44,730] INFO: 	 lr: 0.00030000000000000073 	 Training loss: 0.0501847218722105
[2025-01-09 04:21:52,471] INFO: Iter 4500 Summary: 
[2025-01-09 04:21:52,471] INFO: 	 lr: 0.00030000000000000073 	 Training loss: 0.04955591008067131
[2025-01-09 04:21:59,894] INFO: Iter 4600 Summary: 
[2025-01-09 04:21:59,894] INFO: 	 lr: 0.00030000000000000073 	 Training loss: 0.04989499814808369
[2025-01-09 04:22:07,291] INFO: Iter 4700 Summary: 
[2025-01-09 04:22:07,291] INFO: 	 lr: 0.00030000000000000073 	 Training loss: 0.04974801260977983
[2025-01-09 04:22:14,567] INFO: Iter 4800 Summary: 
[2025-01-09 04:22:14,567] INFO: 	 lr: 0.00030000000000000073 	 Training loss: 0.0494604978710413
[2025-01-09 04:22:22,035] INFO: Iter 4900 Summary: 
[2025-01-09 04:22:22,035] INFO: 	 lr: 0.00030000000000000073 	 Training loss: 0.04949208419770002
[2025-01-09 04:22:28,863] INFO: Iter 5000 Summary: 
[2025-01-09 04:22:28,863] INFO: 	 lr: 0.00030000000000000073 	 Training loss: 0.049657284766435626
[2025-01-09 04:22:35,763] INFO: Iter 5100 Summary: 
[2025-01-09 04:22:35,763] INFO: 	 lr: 0.00030000000000000073 	 Training loss: 0.04917760465294123
[2025-01-09 04:22:42,668] INFO: Iter 5200 Summary: 
[2025-01-09 04:22:42,668] INFO: 	 lr: 0.00030000000000000073 	 Training loss: 0.049360829889774326
[2025-01-09 04:22:49,581] INFO: Iter 5300 Summary: 
[2025-01-09 04:22:49,581] INFO: 	 lr: 0.00030000000000000073 	 Training loss: 0.04896180666983128
[2025-01-09 04:22:56,725] INFO: Iter 5400 Summary: 
[2025-01-09 04:22:56,726] INFO: 	 lr: 0.00030000000000000073 	 Training loss: 0.048866232596337794
[2025-01-09 04:23:04,513] INFO: Iter 5500 Summary: 
[2025-01-09 04:23:04,513] INFO: 	 lr: 0.00030000000000000073 	 Training loss: 0.0487095170840621
[2025-01-09 04:23:12,414] INFO: Iter 5600 Summary: 
[2025-01-09 04:23:12,415] INFO: 	 lr: 0.00030000000000000073 	 Training loss: 0.04883512482047081
[2025-01-09 04:23:19,555] INFO: Iter 5700 Summary: 
[2025-01-09 04:23:19,555] INFO: 	 lr: 0.00030000000000000073 	 Training loss: 0.04901174947619438
[2025-01-09 04:23:26,723] INFO: Iter 5800 Summary: 
[2025-01-09 04:23:26,724] INFO: 	 lr: 0.00030000000000000073 	 Training loss: 0.04866946391761303
[2025-01-09 04:23:33,557] INFO: Iter 5900 Summary: 
[2025-01-09 04:23:33,557] INFO: 	 lr: 0.00030000000000000073 	 Training loss: 0.048604503609240055
[2025-01-09 04:23:40,410] INFO: Iter 6000 Summary: 
[2025-01-09 04:23:40,410] INFO: 	 lr: 0.00030000000000000073 	 Training loss: 0.04844704002141952
[2025-01-09 04:23:49,677] INFO: Iter 6100 Summary: 
[2025-01-09 04:23:49,677] INFO: 	 lr: 0.00030000000000000073 	 Training loss: 0.04857487041503191
[2025-01-09 04:23:57,321] INFO: Iter 6200 Summary: 
[2025-01-09 04:23:57,321] INFO: 	 lr: 0.00030000000000000073 	 Training loss: 0.048109286017715934
[2025-01-09 04:24:05,079] INFO: Iter 6300 Summary: 
[2025-01-09 04:24:05,079] INFO: 	 lr: 0.00030000000000000073 	 Training loss: 0.048075793199241164
[2025-01-09 04:24:12,113] INFO: Iter 6400 Summary: 
[2025-01-09 04:24:12,113] INFO: 	 lr: 0.00030000000000000073 	 Training loss: 0.047811330482363704
[2025-01-09 04:24:18,965] INFO: Iter 6500 Summary: 
[2025-01-09 04:24:18,965] INFO: 	 lr: 0.00030000000000000073 	 Training loss: 0.04815688777714968
[2025-01-09 04:24:26,106] INFO: Iter 6600 Summary: 
[2025-01-09 04:24:26,107] INFO: 	 lr: 0.00030000000000000073 	 Training loss: 0.04804769545793533
[2025-01-09 04:24:33,172] INFO: Iter 6700 Summary: 
[2025-01-09 04:24:33,172] INFO: 	 lr: 0.00030000000000000073 	 Training loss: 0.04767825841903686
[2025-01-09 04:24:39,735] INFO: Iter 6800 Summary: 
[2025-01-09 04:24:39,735] INFO: 	 lr: 0.00030000000000000073 	 Training loss: 0.04754439763724804
[2025-01-09 04:24:47,414] INFO: Iter 6900 Summary: 
[2025-01-09 04:24:47,414] INFO: 	 lr: 0.00030000000000000073 	 Training loss: 0.0473931685090065
[2025-01-09 04:24:54,481] INFO: Iter 7000 Summary: 
[2025-01-09 04:24:54,481] INFO: 	 lr: 0.00030000000000000073 	 Training loss: 0.047295859232544896
[2025-01-09 04:25:01,346] INFO: Iter 7100 Summary: 
[2025-01-09 04:25:01,346] INFO: 	 lr: 0.00030000000000000073 	 Training loss: 0.04717919550836086
[2025-01-09 04:25:08,343] INFO: Iter 7200 Summary: 
[2025-01-09 04:25:08,343] INFO: 	 lr: 0.00030000000000000073 	 Training loss: 0.047084670551121234
[2025-01-09 04:25:15,324] INFO: Iter 7300 Summary: 
[2025-01-09 04:25:15,324] INFO: 	 lr: 0.00030000000000000073 	 Training loss: 0.04735744133591652
[2025-01-09 04:25:22,241] INFO: Iter 7400 Summary: 
[2025-01-09 04:25:22,241] INFO: 	 lr: 0.00030000000000000073 	 Training loss: 0.04680796034634113
[2025-01-09 04:25:28,937] INFO: Iter 7500 Summary: 
[2025-01-09 04:25:28,937] INFO: 	 lr: 0.00030000000000000073 	 Training loss: 0.04662121117115021
[2025-01-09 04:25:36,243] INFO: Iter 7600 Summary: 
[2025-01-09 04:25:36,244] INFO: 	 lr: 0.00030000000000000073 	 Training loss: 0.04669293038547039
[2025-01-09 04:25:43,559] INFO: Iter 7700 Summary: 
[2025-01-09 04:25:43,560] INFO: 	 lr: 0.00030000000000000073 	 Training loss: 0.04649094477295876
[2025-01-09 04:25:51,028] INFO: Iter 7800 Summary: 
[2025-01-09 04:25:51,028] INFO: 	 lr: 0.00030000000000000073 	 Training loss: 0.06179620780050755
[2025-01-09 04:25:57,858] INFO: Iter 7900 Summary: 
[2025-01-09 04:25:57,858] INFO: 	 lr: 0.00030000000000000073 	 Training loss: 0.05244048994034529
[2025-01-09 04:26:04,732] INFO: Iter 8000 Summary: 
[2025-01-09 04:26:04,732] INFO: 	 lr: 0.00030000000000000073 	 Training loss: 0.04982761096209288
[2025-01-09 04:26:13,532] INFO: Iter 8100 Summary: 
[2025-01-09 04:26:13,532] INFO: 	 lr: 0.00030000000000000073 	 Training loss: 0.04838091962039471
[2025-01-09 04:26:20,397] INFO: Iter 8200 Summary: 
[2025-01-09 04:26:20,397] INFO: 	 lr: 0.00030000000000000073 	 Training loss: 0.048045813515782354
[2025-01-09 04:26:28,054] INFO: Iter 8300 Summary: 
[2025-01-09 04:26:28,054] INFO: 	 lr: 0.00030000000000000073 	 Training loss: 0.04799508422613144
[2025-01-09 04:26:35,785] INFO: Iter 8400 Summary: 
[2025-01-09 04:26:35,785] INFO: 	 lr: 0.00030000000000000073 	 Training loss: 0.047019045986235145
[2025-01-09 04:26:43,130] INFO: Iter 8500 Summary: 
[2025-01-09 04:26:43,130] INFO: 	 lr: 0.00030000000000000073 	 Training loss: 0.04683033548295498
[2025-01-09 04:26:49,984] INFO: Iter 8600 Summary: 
[2025-01-09 04:26:49,984] INFO: 	 lr: 0.00030000000000000073 	 Training loss: 0.046497764587402346
[2025-01-09 04:26:56,931] INFO: Iter 8700 Summary: 
[2025-01-09 04:26:56,931] INFO: 	 lr: 0.00030000000000000073 	 Training loss: 0.046639742180705074
[2025-01-09 04:27:03,841] INFO: Iter 8800 Summary: 
[2025-01-09 04:27:03,841] INFO: 	 lr: 0.00030000000000000073 	 Training loss: 0.046304660215973854
[2025-01-09 04:27:10,709] INFO: Iter 8900 Summary: 
[2025-01-09 04:27:10,709] INFO: 	 lr: 0.00030000000000000073 	 Training loss: 0.046021172776818275
[2025-01-09 04:27:18,181] INFO: Iter 9000 Summary: 
[2025-01-09 04:27:18,182] INFO: 	 lr: 0.00030000000000000073 	 Training loss: 0.045820300467312336
[2025-01-09 04:27:24,580] INFO: Iter 9100 Summary: 
[2025-01-09 04:27:24,580] INFO: 	 lr: 0.00030000000000000073 	 Training loss: 0.0460857368260622
[2025-01-09 04:27:31,463] INFO: Iter 9200 Summary: 
[2025-01-09 04:27:31,463] INFO: 	 lr: 0.00030000000000000073 	 Training loss: 0.045368761941790584
[2025-01-09 04:27:38,327] INFO: Iter 9300 Summary: 
[2025-01-09 04:27:38,328] INFO: 	 lr: 0.00030000000000000073 	 Training loss: 0.04666697401553392
[2025-01-09 04:27:45,213] INFO: Iter 9400 Summary: 
[2025-01-09 04:27:45,214] INFO: 	 lr: 0.00030000000000000073 	 Training loss: 0.04547664698213339
[2025-01-09 04:27:52,174] INFO: Iter 9500 Summary: 
[2025-01-09 04:27:52,175] INFO: 	 lr: 0.00030000000000000073 	 Training loss: 0.04551081165671349
[2025-01-09 04:27:59,120] INFO: Iter 9600 Summary: 
[2025-01-09 04:27:59,120] INFO: 	 lr: 0.00030000000000000073 	 Training loss: 0.04560315493494272
[2025-01-09 04:28:06,680] INFO: Iter 9700 Summary: 
[2025-01-09 04:28:06,680] INFO: 	 lr: 0.00030000000000000073 	 Training loss: 0.04501570157706738
[2025-01-09 04:28:13,858] INFO: Iter 9800 Summary: 
[2025-01-09 04:28:13,859] INFO: 	 lr: 0.00030000000000000073 	 Training loss: 0.04508497420698404
[2025-01-09 04:28:20,587] INFO: Iter 9900 Summary: 
[2025-01-09 04:28:20,588] INFO: 	 lr: 0.00030000000000000073 	 Training loss: 0.04500264674425125
[2025-01-09 04:28:27,582] INFO: Iter 10000 Summary: 
[2025-01-09 04:28:27,582] INFO: 	 lr: 0.00030000000000000073 	 Training loss: 0.04489954505115747
[2025-01-09 04:28:36,536] INFO: Iter 10100 Summary: 
[2025-01-09 04:28:36,536] INFO: 	 lr: 0.00030000000000000073 	 Training loss: 0.044750029109418395
[2025-01-09 04:28:43,495] INFO: Iter 10200 Summary: 
[2025-01-09 04:28:43,495] INFO: 	 lr: 0.00030000000000000073 	 Training loss: 0.04477607313543558
[2025-01-09 04:28:50,528] INFO: Iter 10300 Summary: 
[2025-01-09 04:28:50,528] INFO: 	 lr: 0.00030000000000000073 	 Training loss: 0.0445826268941164
[2025-01-09 04:28:58,097] INFO: Iter 10400 Summary: 
[2025-01-09 04:28:58,097] INFO: 	 lr: 0.00030000000000000073 	 Training loss: 0.04459425959736109
[2025-01-09 04:29:05,011] INFO: Iter 10500 Summary: 
[2025-01-09 04:29:05,011] INFO: 	 lr: 0.00030000000000000073 	 Training loss: 0.04446815587580204
[2025-01-09 04:29:11,943] INFO: Iter 10600 Summary: 
[2025-01-09 04:29:11,943] INFO: 	 lr: 0.00030000000000000073 	 Training loss: 0.04436461064964533
[2025-01-09 04:29:18,849] INFO: Iter 10700 Summary: 
[2025-01-09 04:29:18,850] INFO: 	 lr: 0.00030000000000000073 	 Training loss: 0.04445478819310665
[2025-01-09 04:29:25,606] INFO: Iter 10800 Summary: 
[2025-01-09 04:29:25,606] INFO: 	 lr: 0.00030000000000000073 	 Training loss: 0.04442342337220907
[2025-01-09 04:29:32,453] INFO: Iter 10900 Summary: 
[2025-01-09 04:29:32,454] INFO: 	 lr: 0.00030000000000000073 	 Training loss: 0.044297497011721136
[2025-01-09 04:29:39,379] INFO: Iter 11000 Summary: 
[2025-01-09 04:29:39,379] INFO: 	 lr: 0.00030000000000000073 	 Training loss: 0.04451908629387617
[2025-01-09 04:29:47,060] INFO: Iter 11100 Summary: 
[2025-01-09 04:29:47,061] INFO: 	 lr: 0.00030000000000000073 	 Training loss: 0.043854224905371664
[2025-01-09 04:29:54,200] INFO: Iter 11200 Summary: 
[2025-01-09 04:29:54,201] INFO: 	 lr: 0.00030000000000000073 	 Training loss: 0.043837351985275747
[2025-01-09 04:30:01,446] INFO: Iter 11300 Summary: 
[2025-01-09 04:30:01,446] INFO: 	 lr: 0.00030000000000000073 	 Training loss: 0.044187874719500544
[2025-01-09 04:30:08,340] INFO: Iter 11400 Summary: 
[2025-01-09 04:30:08,340] INFO: 	 lr: 0.00030000000000000073 	 Training loss: 0.044013108126819134
[2025-01-09 04:30:15,088] INFO: Iter 11500 Summary: 
[2025-01-09 04:30:15,088] INFO: 	 lr: 0.00030000000000000073 	 Training loss: 0.04402465969324112
[2025-01-09 04:30:21,989] INFO: Iter 11600 Summary: 
[2025-01-09 04:30:21,990] INFO: 	 lr: 0.00030000000000000073 	 Training loss: 0.04398171558976174
[2025-01-09 04:30:29,989] INFO: Iter 11700 Summary: 
[2025-01-09 04:30:29,989] INFO: 	 lr: 0.00030000000000000073 	 Training loss: 0.04436311274766922
[2025-01-09 04:30:37,057] INFO: Iter 11800 Summary: 
[2025-01-09 04:30:37,057] INFO: 	 lr: 0.00030000000000000073 	 Training loss: 0.04413016363978386
[2025-01-09 04:30:44,006] INFO: Iter 11900 Summary: 
[2025-01-09 04:30:44,006] INFO: 	 lr: 0.00030000000000000073 	 Training loss: 0.04373151574283838
[2025-01-09 04:30:51,132] INFO: Iter 12000 Summary: 
[2025-01-09 04:30:51,132] INFO: 	 lr: 0.00030000000000000073 	 Training loss: 0.04373602025210857
[2025-01-09 04:31:00,027] INFO: Iter 12100 Summary: 
[2025-01-09 04:31:00,027] INFO: 	 lr: 0.00030000000000000073 	 Training loss: 0.043332865051925185
[2025-01-09 04:31:06,895] INFO: Iter 12200 Summary: 
[2025-01-09 04:31:06,896] INFO: 	 lr: 0.00030000000000000073 	 Training loss: 0.04341860163956881
[2025-01-09 04:31:13,767] INFO: Iter 12300 Summary: 
[2025-01-09 04:31:13,767] INFO: 	 lr: 0.00030000000000000073 	 Training loss: 0.043449357897043225
[2025-01-09 04:31:21,294] INFO: Iter 12400 Summary: 
[2025-01-09 04:31:21,295] INFO: 	 lr: 0.00030000000000000073 	 Training loss: 0.044069404639303686
[2025-01-09 04:31:27,695] INFO: Iter 12500 Summary: 
[2025-01-09 04:31:27,695] INFO: 	 lr: 0.00030000000000000073 	 Training loss: 0.0435089460760355
[2025-01-09 04:31:34,575] INFO: Iter 12600 Summary: 
[2025-01-09 04:31:34,576] INFO: 	 lr: 0.00030000000000000073 	 Training loss: 0.043647527433931826
[2025-01-09 04:31:41,420] INFO: Iter 12700 Summary: 
[2025-01-09 04:31:41,421] INFO: 	 lr: 0.00030000000000000073 	 Training loss: 0.04358598783612251
[2025-01-09 04:31:48,317] INFO: Iter 12800 Summary: 
[2025-01-09 04:31:48,317] INFO: 	 lr: 0.00030000000000000073 	 Training loss: 0.04326813329011202
[2025-01-09 04:31:55,237] INFO: Iter 12900 Summary: 
[2025-01-09 04:31:55,237] INFO: 	 lr: 0.00030000000000000073 	 Training loss: 0.043485606610774996
[2025-01-09 04:32:02,673] INFO: Iter 13000 Summary: 
[2025-01-09 04:32:02,673] INFO: 	 lr: 0.00030000000000000073 	 Training loss: 0.043653079196810725
[2025-01-09 04:32:10,553] INFO: Iter 13100 Summary: 
[2025-01-09 04:32:10,553] INFO: 	 lr: 0.00030000000000000073 	 Training loss: 0.04316037286072969
[2025-01-09 04:32:17,608] INFO: Iter 13200 Summary: 
[2025-01-09 04:32:17,608] INFO: 	 lr: 0.00030000000000000073 	 Training loss: 0.04304769601672888
[2025-01-09 04:32:24,266] INFO: Iter 13300 Summary: 
[2025-01-09 04:32:24,267] INFO: 	 lr: 0.00030000000000000073 	 Training loss: 0.0433562308549881
[2025-01-09 04:32:30,827] INFO: Iter 13400 Summary: 
[2025-01-09 04:32:30,828] INFO: 	 lr: 0.00030000000000000073 	 Training loss: 0.04317780587822199
[2025-01-09 04:32:37,635] INFO: Iter 13500 Summary: 
[2025-01-09 04:32:37,635] INFO: 	 lr: 0.00030000000000000073 	 Training loss: 0.04325066056102514
[2025-01-09 04:32:44,537] INFO: Iter 13600 Summary: 
[2025-01-09 04:32:44,538] INFO: 	 lr: 0.00030000000000000073 	 Training loss: 0.043225293457508085
[2025-01-09 04:32:51,230] INFO: Iter 13700 Summary: 
[2025-01-09 04:32:51,231] INFO: 	 lr: 0.00030000000000000073 	 Training loss: 0.04339284632354975
[2025-01-09 04:32:58,411] INFO: Iter 13800 Summary: 
[2025-01-09 04:32:58,412] INFO: 	 lr: 0.00030000000000000073 	 Training loss: 0.042785433642566206
[2025-01-09 04:33:05,395] INFO: Iter 13900 Summary: 
[2025-01-09 04:33:05,396] INFO: 	 lr: 0.00030000000000000073 	 Training loss: 0.0432771085947752
[2025-01-09 04:33:12,692] INFO: Iter 14000 Summary: 
[2025-01-09 04:33:12,692] INFO: 	 lr: 0.00030000000000000073 	 Training loss: 0.04311737347394228
[2025-01-09 04:33:21,633] INFO: Iter 14100 Summary: 
[2025-01-09 04:33:21,633] INFO: 	 lr: 0.00030000000000000073 	 Training loss: 0.043109135404229164
[2025-01-09 04:33:28,635] INFO: Iter 14200 Summary: 
[2025-01-09 04:33:28,635] INFO: 	 lr: 0.00030000000000000073 	 Training loss: 0.04280187901109457
[2025-01-09 04:33:35,462] INFO: Iter 14300 Summary: 
[2025-01-09 04:33:35,463] INFO: 	 lr: 0.00030000000000000073 	 Training loss: 0.04325875364243984
[2025-01-09 04:33:42,585] INFO: Iter 14400 Summary: 
[2025-01-09 04:33:42,585] INFO: 	 lr: 0.00030000000000000073 	 Training loss: 0.043146627359092235
[2025-01-09 04:33:50,225] INFO: Iter 14500 Summary: 
[2025-01-09 04:33:50,226] INFO: 	 lr: 0.00030000000000000073 	 Training loss: 0.042813446447253226
[2025-01-09 04:33:57,361] INFO: Iter 14600 Summary: 
[2025-01-09 04:33:57,362] INFO: 	 lr: 0.00030000000000000073 	 Training loss: 0.043118950836360456
[2025-01-09 04:34:04,556] INFO: Iter 14700 Summary: 
[2025-01-09 04:34:04,556] INFO: 	 lr: 0.00030000000000000073 	 Training loss: 0.042786476276814936
[2025-01-09 04:34:11,326] INFO: Iter 14800 Summary: 
[2025-01-09 04:34:11,327] INFO: 	 lr: 0.00030000000000000073 	 Training loss: 0.04334258809685707
[2025-01-09 04:34:18,166] INFO: Iter 14900 Summary: 
[2025-01-09 04:34:18,166] INFO: 	 lr: 0.00030000000000000073 	 Training loss: 0.04299365822225809
[2025-01-09 04:34:25,097] INFO: Iter 15000 Summary: 
[2025-01-09 04:34:25,097] INFO: 	 lr: 0.00030000000000000073 	 Training loss: 0.042954438142478464
[2025-01-09 04:34:32,137] INFO: Iter 15100 Summary: 
[2025-01-09 04:34:32,137] INFO: 	 lr: 0.00030000000000000073 	 Training loss: 0.042879997231066225
[2025-01-09 04:34:39,712] INFO: Iter 15200 Summary: 
[2025-01-09 04:34:39,712] INFO: 	 lr: 0.00030000000000000073 	 Training loss: 0.042593059241771696
[2025-01-09 04:34:46,655] INFO: Iter 15300 Summary: 
[2025-01-09 04:34:46,655] INFO: 	 lr: 0.00030000000000000073 	 Training loss: 0.04283849205821753
[2025-01-09 04:34:53,216] INFO: Iter 15400 Summary: 
[2025-01-09 04:34:53,216] INFO: 	 lr: 0.00030000000000000073 	 Training loss: 0.04281802173703909
[2025-01-09 04:35:00,043] INFO: Iter 15500 Summary: 
[2025-01-09 04:35:00,043] INFO: 	 lr: 0.00030000000000000073 	 Training loss: 0.04253369357436895
[2025-01-09 04:35:06,838] INFO: Iter 15600 Summary: 
[2025-01-09 04:35:06,839] INFO: 	 lr: 0.00030000000000000073 	 Training loss: 0.042617467306554316
[2025-01-09 04:35:13,114] INFO: Iter 15700 Summary: 
[2025-01-09 04:35:13,115] INFO: 	 lr: 0.00030000000000000073 	 Training loss: 0.042800775915384295
[2025-01-09 04:35:19,943] INFO: Iter 15800 Summary: 
[2025-01-09 04:35:19,943] INFO: 	 lr: 0.00030000000000000073 	 Training loss: 0.04262618497014046
[2025-01-09 04:35:27,415] INFO: Iter 15900 Summary: 
[2025-01-09 04:35:27,415] INFO: 	 lr: 0.00030000000000000073 	 Training loss: 0.04250937204807997
[2025-01-09 04:35:34,009] INFO: Iter 16000 Summary: 
[2025-01-09 04:35:34,009] INFO: 	 lr: 0.00030000000000000073 	 Training loss: 0.04247977882623673
[2025-01-09 04:35:42,505] INFO: Iter 16100 Summary: 
[2025-01-09 04:35:42,505] INFO: 	 lr: 0.00030000000000000073 	 Training loss: 0.04241763357073069
[2025-01-09 04:35:49,459] INFO: Iter 16200 Summary: 
[2025-01-09 04:35:49,459] INFO: 	 lr: 0.00030000000000000073 	 Training loss: 0.04248219598084688
[2025-01-09 04:35:56,098] INFO: Iter 16300 Summary: 
[2025-01-09 04:35:56,098] INFO: 	 lr: 0.00030000000000000073 	 Training loss: 0.0426001938059926
[2025-01-09 04:36:02,955] INFO: Iter 16400 Summary: 
[2025-01-09 04:36:02,956] INFO: 	 lr: 0.00030000000000000073 	 Training loss: 0.042619154378771784
[2025-01-09 04:36:09,833] INFO: Iter 16500 Summary: 
[2025-01-09 04:36:09,833] INFO: 	 lr: 0.00030000000000000073 	 Training loss: 0.042531684897840025
[2025-01-09 04:36:17,312] INFO: Iter 16600 Summary: 
[2025-01-09 04:36:17,312] INFO: 	 lr: 0.00030000000000000073 	 Training loss: 0.04254778288304806
[2025-01-09 04:36:24,281] INFO: Iter 16700 Summary: 
[2025-01-09 04:36:24,282] INFO: 	 lr: 0.00030000000000000073 	 Training loss: 0.04229746453464031
[2025-01-09 04:36:31,753] INFO: Iter 16800 Summary: 
[2025-01-09 04:36:31,753] INFO: 	 lr: 0.00030000000000000073 	 Training loss: 0.042373754419386386
[2025-01-09 04:36:38,964] INFO: Iter 16900 Summary: 
[2025-01-09 04:36:38,964] INFO: 	 lr: 0.00030000000000000073 	 Training loss: 0.0425868584215641
[2025-01-09 04:36:46,222] INFO: Iter 17000 Summary: 
[2025-01-09 04:36:46,222] INFO: 	 lr: 0.00030000000000000073 	 Training loss: 0.0425087945535779
[2025-01-09 04:36:53,779] INFO: Iter 17100 Summary: 
[2025-01-09 04:36:53,779] INFO: 	 lr: 0.00030000000000000073 	 Training loss: 0.04241515729576349
[2025-01-09 04:37:00,590] INFO: Iter 17200 Summary: 
[2025-01-09 04:37:00,590] INFO: 	 lr: 0.00030000000000000073 	 Training loss: 0.04241232357919216
[2025-01-09 04:37:08,298] INFO: Iter 17300 Summary: 
[2025-01-09 04:37:08,298] INFO: 	 lr: 0.00030000000000000073 	 Training loss: 0.04247159779071808
[2025-01-09 04:37:14,905] INFO: Iter 17400 Summary: 
[2025-01-09 04:37:14,905] INFO: 	 lr: 0.00030000000000000073 	 Training loss: 0.04230178516358137
[2025-01-09 04:37:22,593] INFO: Iter 17500 Summary: 
[2025-01-09 04:37:22,593] INFO: 	 lr: 0.00030000000000000073 	 Training loss: 0.04197490826249123
[2025-01-09 04:37:29,527] INFO: Iter 17600 Summary: 
[2025-01-09 04:37:29,527] INFO: 	 lr: 0.00030000000000000073 	 Training loss: 0.042425141632556916
[2025-01-09 04:37:36,374] INFO: Iter 17700 Summary: 
[2025-01-09 04:37:36,375] INFO: 	 lr: 0.00030000000000000073 	 Training loss: 0.042377127669751644
[2025-01-09 04:37:43,239] INFO: Iter 17800 Summary: 
[2025-01-09 04:37:43,239] INFO: 	 lr: 0.00030000000000000073 	 Training loss: 0.04226899206638336
[2025-01-09 04:37:50,255] INFO: Iter 17900 Summary: 
[2025-01-09 04:37:50,256] INFO: 	 lr: 0.00030000000000000073 	 Training loss: 0.042503860965371135
[2025-01-09 04:37:57,318] INFO: Iter 18000 Summary: 
[2025-01-09 04:37:57,318] INFO: 	 lr: 0.00030000000000000073 	 Training loss: 0.04231423944234848
[2025-01-09 04:38:05,668] INFO: Iter 18100 Summary: 
[2025-01-09 04:38:05,669] INFO: 	 lr: 0.00030000000000000073 	 Training loss: 0.042142211087048055
[2025-01-09 04:38:12,147] INFO: Iter 18200 Summary: 
[2025-01-09 04:38:12,148] INFO: 	 lr: 0.00030000000000000073 	 Training loss: 0.04247481308877468
[2025-01-09 04:38:18,933] INFO: Iter 18300 Summary: 
[2025-01-09 04:38:18,933] INFO: 	 lr: 0.00030000000000000073 	 Training loss: 0.04238089330494404
[2025-01-09 04:38:25,724] INFO: Iter 18400 Summary: 
[2025-01-09 04:38:25,724] INFO: 	 lr: 0.00030000000000000073 	 Training loss: 0.0418925166502595
[2025-01-09 04:38:32,776] INFO: Iter 18500 Summary: 
[2025-01-09 04:38:32,776] INFO: 	 lr: 0.00030000000000000073 	 Training loss: 0.042520710155367854
[2025-01-09 04:38:40,259] INFO: Iter 18600 Summary: 
[2025-01-09 04:38:40,260] INFO: 	 lr: 0.00030000000000000073 	 Training loss: 0.04228605441749096
[2025-01-09 04:38:47,302] INFO: Iter 18700 Summary: 
[2025-01-09 04:38:47,302] INFO: 	 lr: 0.00030000000000000073 	 Training loss: 0.04203540116548538
[2025-01-09 04:38:53,729] INFO: Iter 18800 Summary: 
[2025-01-09 04:38:53,729] INFO: 	 lr: 0.00030000000000000073 	 Training loss: 0.04204496014863253
[2025-01-09 04:39:00,531] INFO: Iter 18900 Summary: 
[2025-01-09 04:39:00,531] INFO: 	 lr: 0.00030000000000000073 	 Training loss: 0.041961300931870935
[2025-01-09 04:39:07,993] INFO: Iter 19000 Summary: 
[2025-01-09 04:39:07,993] INFO: 	 lr: 0.00030000000000000073 	 Training loss: 0.04183861430734396
[2025-01-09 04:39:15,309] INFO: Iter 19100 Summary: 
[2025-01-09 04:39:15,309] INFO: 	 lr: 0.00030000000000000073 	 Training loss: 0.04236366759985685
[2025-01-09 04:39:22,139] INFO: Iter 19200 Summary: 
[2025-01-09 04:39:22,139] INFO: 	 lr: 0.00030000000000000073 	 Training loss: 0.04202518306672573
[2025-01-09 04:39:29,487] INFO: Iter 19300 Summary: 
[2025-01-09 04:39:29,487] INFO: 	 lr: 0.00030000000000000073 	 Training loss: 0.042102002389729026
[2025-01-09 04:39:36,601] INFO: Iter 19400 Summary: 
[2025-01-09 04:39:36,601] INFO: 	 lr: 0.00030000000000000073 	 Training loss: 0.04220765579491854
[2025-01-09 04:39:43,500] INFO: Iter 19500 Summary: 
[2025-01-09 04:39:43,500] INFO: 	 lr: 0.00030000000000000073 	 Training loss: 0.0421932639926672
[2025-01-09 04:39:50,433] INFO: Iter 19600 Summary: 
[2025-01-09 04:39:50,433] INFO: 	 lr: 0.00030000000000000073 	 Training loss: 0.04241395320743322
[2025-01-09 04:39:57,572] INFO: Iter 19700 Summary: 
[2025-01-09 04:39:57,572] INFO: 	 lr: 0.00030000000000000073 	 Training loss: 0.04192759927362204
[2025-01-09 04:40:04,504] INFO: Iter 19800 Summary: 
[2025-01-09 04:40:04,504] INFO: 	 lr: 0.00030000000000000073 	 Training loss: 0.0418135155364871
[2025-01-09 04:40:11,151] INFO: Iter 19900 Summary: 
[2025-01-09 04:40:11,151] INFO: 	 lr: 0.00030000000000000073 	 Training loss: 0.04207855474203825
[2025-01-09 04:40:19,039] INFO: Iter 20000 Summary: 
[2025-01-09 04:40:19,039] INFO: 	 lr: 0.00030000000000000073 	 Training loss: 0.04180455569177866
[2025-01-09 04:40:28,268] INFO: Iter 20100 Summary: 
[2025-01-09 04:40:28,268] INFO: 	 lr: 0.00030000000000000073 	 Training loss: 0.041950732208788394
[2025-01-09 04:40:35,331] INFO: Iter 20200 Summary: 
[2025-01-09 04:40:35,332] INFO: 	 lr: 0.00030000000000000073 	 Training loss: 0.04174952629953623
[2025-01-09 04:40:42,229] INFO: Iter 20300 Summary: 
[2025-01-09 04:40:42,229] INFO: 	 lr: 0.00030000000000000073 	 Training loss: 0.04203352577984333
[2025-01-09 04:40:49,024] INFO: Iter 20400 Summary: 
[2025-01-09 04:40:49,024] INFO: 	 lr: 0.00030000000000000073 	 Training loss: 0.04160986233502626
[2025-01-09 04:40:55,888] INFO: Iter 20500 Summary: 
[2025-01-09 04:40:55,888] INFO: 	 lr: 0.00030000000000000073 	 Training loss: 0.042220066003501415
[2025-01-09 04:41:02,701] INFO: Iter 20600 Summary: 
[2025-01-09 04:41:02,701] INFO: 	 lr: 0.00030000000000000073 	 Training loss: 0.04183808892965317
[2025-01-09 04:41:10,170] INFO: Iter 20700 Summary: 
[2025-01-09 04:41:10,170] INFO: 	 lr: 0.00030000000000000073 	 Training loss: 0.04140073351562023
[2025-01-09 04:41:16,650] INFO: Iter 20800 Summary: 
[2025-01-09 04:41:16,650] INFO: 	 lr: 0.00030000000000000073 	 Training loss: 0.04199585013091564
[2025-01-09 04:41:23,423] INFO: Iter 20900 Summary: 
[2025-01-09 04:41:23,423] INFO: 	 lr: 0.00030000000000000073 	 Training loss: 0.041933966912329194
[2025-01-09 04:41:30,270] INFO: Iter 21000 Summary: 
[2025-01-09 04:41:30,270] INFO: 	 lr: 0.00030000000000000073 	 Training loss: 0.04211738158017397
[2025-01-09 04:41:37,312] INFO: Iter 21100 Summary: 
[2025-01-09 04:41:37,312] INFO: 	 lr: 0.00030000000000000073 	 Training loss: 0.041950056552886965
[2025-01-09 04:41:44,294] INFO: Iter 21200 Summary: 
[2025-01-09 04:41:44,294] INFO: 	 lr: 0.00030000000000000073 	 Training loss: 0.04183053575456142
[2025-01-09 04:41:51,273] INFO: Iter 21300 Summary: 
[2025-01-09 04:41:51,273] INFO: 	 lr: 0.00030000000000000073 	 Training loss: 0.0418188064545393
[2025-01-09 04:41:58,812] INFO: Iter 21400 Summary: 
[2025-01-09 04:41:58,813] INFO: 	 lr: 0.00030000000000000073 	 Training loss: 0.04181598573923111
[2025-01-09 04:42:05,760] INFO: Iter 21500 Summary: 
[2025-01-09 04:42:05,760] INFO: 	 lr: 0.00030000000000000073 	 Training loss: 0.04156777009367943
[2025-01-09 04:42:12,609] INFO: Iter 21600 Summary: 
[2025-01-09 04:42:12,609] INFO: 	 lr: 0.00030000000000000073 	 Training loss: 0.04150436110794544
[2025-01-09 04:42:19,483] INFO: Iter 21700 Summary: 
[2025-01-09 04:42:19,483] INFO: 	 lr: 0.00030000000000000073 	 Training loss: 0.04185174625366926
[2025-01-09 04:42:26,230] INFO: Iter 21800 Summary: 
[2025-01-09 04:42:26,230] INFO: 	 lr: 0.00030000000000000073 	 Training loss: 0.041660152450203894
[2025-01-09 04:42:33,385] INFO: Iter 21900 Summary: 
[2025-01-09 04:42:33,385] INFO: 	 lr: 0.00030000000000000073 	 Training loss: 0.041651119738817216
[2025-01-09 04:42:41,024] INFO: Iter 22000 Summary: 
[2025-01-09 04:42:41,025] INFO: 	 lr: 0.00030000000000000073 	 Training loss: 0.041920773908495905
[2025-01-09 04:42:49,887] INFO: Iter 22100 Summary: 
[2025-01-09 04:42:49,887] INFO: 	 lr: 0.00030000000000000073 	 Training loss: 0.04159181218594313
[2025-01-09 04:42:56,792] INFO: Iter 22200 Summary: 
[2025-01-09 04:42:56,792] INFO: 	 lr: 0.00030000000000000073 	 Training loss: 0.04163655765354633
[2025-01-09 04:43:03,688] INFO: Iter 22300 Summary: 
[2025-01-09 04:43:03,688] INFO: 	 lr: 0.00030000000000000073 	 Training loss: 0.04179156608879566
[2025-01-09 04:43:10,564] INFO: Iter 22400 Summary: 
[2025-01-09 04:43:10,564] INFO: 	 lr: 0.00030000000000000073 	 Training loss: 0.04206504255533219
[2025-01-09 04:43:17,696] INFO: Iter 22500 Summary: 
[2025-01-09 04:43:17,696] INFO: 	 lr: 0.00030000000000000073 	 Training loss: 0.04174437049776316
[2025-01-09 04:43:24,874] INFO: Iter 22600 Summary: 
[2025-01-09 04:43:24,874] INFO: 	 lr: 0.00030000000000000073 	 Training loss: 0.04171303499490023
[2025-01-09 04:43:31,758] INFO: Iter 22700 Summary: 
[2025-01-09 04:43:31,758] INFO: 	 lr: 0.00030000000000000073 	 Training loss: 0.04134569808840752
[2025-01-09 04:43:39,761] INFO: Iter 22800 Summary: 
[2025-01-09 04:43:39,761] INFO: 	 lr: 0.00030000000000000073 	 Training loss: 0.04134531926363707
[2025-01-09 04:43:46,877] INFO: Iter 22900 Summary: 
[2025-01-09 04:43:46,878] INFO: 	 lr: 0.00030000000000000073 	 Training loss: 0.04176664371043444
[2025-01-09 04:43:53,999] INFO: Iter 23000 Summary: 
[2025-01-09 04:43:53,999] INFO: 	 lr: 0.00030000000000000073 	 Training loss: 0.04189579837024212
[2025-01-09 04:44:00,886] INFO: Iter 23100 Summary: 
[2025-01-09 04:44:00,886] INFO: 	 lr: 0.00030000000000000073 	 Training loss: 0.04136927079409361
[2025-01-09 04:44:07,761] INFO: Iter 23200 Summary: 
[2025-01-09 04:44:07,761] INFO: 	 lr: 0.00030000000000000073 	 Training loss: 0.04131065826863051
[2025-01-09 04:44:14,614] INFO: Iter 23300 Summary: 
[2025-01-09 04:44:14,615] INFO: 	 lr: 0.00030000000000000073 	 Training loss: 0.041723319962620735
[2025-01-09 04:44:22,055] INFO: Iter 23400 Summary: 
[2025-01-09 04:44:22,055] INFO: 	 lr: 0.00030000000000000073 	 Training loss: 0.04200728666037321
[2025-01-09 04:44:29,465] INFO: Iter 23500 Summary: 
[2025-01-09 04:44:29,465] INFO: 	 lr: 0.00030000000000000073 	 Training loss: 0.041342295482754705
[2025-01-09 04:44:36,500] INFO: Iter 23600 Summary: 
[2025-01-09 04:44:36,500] INFO: 	 lr: 0.00030000000000000073 	 Training loss: 0.04142594128847122
[2025-01-09 04:44:43,913] INFO: Iter 23700 Summary: 
[2025-01-09 04:44:43,914] INFO: 	 lr: 0.00030000000000000073 	 Training loss: 0.041519528813660146
[2025-01-09 04:44:50,797] INFO: Iter 23800 Summary: 
[2025-01-09 04:44:50,797] INFO: 	 lr: 0.00030000000000000073 	 Training loss: 0.04142141032963991
[2025-01-09 04:44:58,005] INFO: Iter 23900 Summary: 
[2025-01-09 04:44:58,006] INFO: 	 lr: 0.00030000000000000073 	 Training loss: 0.041463612876832485
[2025-01-09 04:45:04,996] INFO: Iter 24000 Summary: 
[2025-01-09 04:45:04,997] INFO: 	 lr: 0.00030000000000000073 	 Training loss: 0.04191184479743242
[2025-01-09 04:45:14,507] INFO: Iter 24100 Summary: 
[2025-01-09 04:45:14,507] INFO: 	 lr: 0.00030000000000000073 	 Training loss: 0.04167732995003462
[2025-01-09 04:45:21,330] INFO: Iter 24200 Summary: 
[2025-01-09 04:45:21,330] INFO: 	 lr: 0.00030000000000000073 	 Training loss: 0.04174601312726736
[2025-01-09 04:45:28,228] INFO: Iter 24300 Summary: 
[2025-01-09 04:45:28,229] INFO: 	 lr: 0.00030000000000000073 	 Training loss: 0.04143795859068632
[2025-01-09 04:45:34,845] INFO: Iter 24400 Summary: 
[2025-01-09 04:45:34,845] INFO: 	 lr: 0.00030000000000000073 	 Training loss: 0.04160327017307282
[2025-01-09 04:45:41,742] INFO: Iter 24500 Summary: 
[2025-01-09 04:45:41,742] INFO: 	 lr: 0.00030000000000000073 	 Training loss: 0.04156211707741022
[2025-01-09 04:45:48,591] INFO: Iter 24600 Summary: 
[2025-01-09 04:45:48,592] INFO: 	 lr: 0.00030000000000000073 	 Training loss: 0.04184700790792704
[2025-01-09 04:45:55,472] INFO: Iter 24700 Summary: 
[2025-01-09 04:45:55,473] INFO: 	 lr: 0.00030000000000000073 	 Training loss: 0.041454604119062426
[2025-01-09 04:46:02,863] INFO: Iter 24800 Summary: 
[2025-01-09 04:46:02,863] INFO: 	 lr: 0.00030000000000000073 	 Training loss: 0.0412273271381855
[2025-01-09 04:46:09,654] INFO: Iter 24900 Summary: 
[2025-01-09 04:46:09,655] INFO: 	 lr: 0.00030000000000000073 	 Training loss: 0.04170975562185049
[2025-01-09 04:46:16,489] INFO: Iter 25000 Summary: 
[2025-01-09 04:46:16,490] INFO: 	 lr: 0.00030000000000000073 	 Training loss: 0.04131879977881908
[2025-01-09 04:46:23,468] INFO: Iter 25100 Summary: 
[2025-01-09 04:46:23,468] INFO: 	 lr: 0.00030000000000000073 	 Training loss: 0.04156878296285868
[2025-01-09 04:46:30,258] INFO: Iter 25200 Summary: 
[2025-01-09 04:46:30,258] INFO: 	 lr: 0.00030000000000000073 	 Training loss: 0.04137931030243635
[2025-01-09 04:46:37,089] INFO: Iter 25300 Summary: 
[2025-01-09 04:46:37,089] INFO: 	 lr: 0.00030000000000000073 	 Training loss: 0.04135653968900442
[2025-01-09 04:46:43,976] INFO: Iter 25400 Summary: 
[2025-01-09 04:46:43,976] INFO: 	 lr: 0.00030000000000000073 	 Training loss: 0.041474837474524975
[2025-01-09 04:46:51,336] INFO: Iter 25500 Summary: 
[2025-01-09 04:46:51,337] INFO: 	 lr: 0.00030000000000000073 	 Training loss: 0.041438809633255004
[2025-01-09 04:46:58,553] INFO: Iter 25600 Summary: 
[2025-01-09 04:46:58,554] INFO: 	 lr: 0.00030000000000000073 	 Training loss: 0.04111381724476814
[2025-01-09 04:47:05,386] INFO: Iter 25700 Summary: 
[2025-01-09 04:47:05,386] INFO: 	 lr: 0.00030000000000000073 	 Training loss: 0.041450322344899176
[2025-01-09 04:47:12,302] INFO: Iter 25800 Summary: 
[2025-01-09 04:47:12,302] INFO: 	 lr: 0.00030000000000000073 	 Training loss: 0.041358953304588796
[2025-01-09 04:47:19,161] INFO: Iter 25900 Summary: 
[2025-01-09 04:47:19,161] INFO: 	 lr: 0.00030000000000000073 	 Training loss: 0.04136874187737703
[2025-01-09 04:47:26,297] INFO: Iter 26000 Summary: 
[2025-01-09 04:47:26,297] INFO: 	 lr: 0.00030000000000000073 	 Training loss: 0.041539253443479536
[2025-01-09 04:47:34,753] INFO: Iter 26100 Summary: 
[2025-01-09 04:47:34,753] INFO: 	 lr: 0.00030000000000000073 	 Training loss: 0.041533944644033906
[2025-01-09 04:47:42,198] INFO: Iter 26200 Summary: 
[2025-01-09 04:47:42,199] INFO: 	 lr: 0.00030000000000000073 	 Training loss: 0.041302147470414635
[2025-01-09 04:47:49,026] INFO: Iter 26300 Summary: 
[2025-01-09 04:47:49,026] INFO: 	 lr: 0.00030000000000000073 	 Training loss: 0.041376994028687476
[2025-01-09 04:47:56,241] INFO: Iter 26400 Summary: 
[2025-01-09 04:47:56,241] INFO: 	 lr: 0.00030000000000000073 	 Training loss: 0.041371837370097635
[2025-01-09 04:48:02,985] INFO: Iter 26500 Summary: 
[2025-01-09 04:48:02,986] INFO: 	 lr: 0.00030000000000000073 	 Training loss: 0.04133200976997614
[2025-01-09 04:48:09,485] INFO: Iter 26600 Summary: 
[2025-01-09 04:48:09,486] INFO: 	 lr: 0.00030000000000000073 	 Training loss: 0.04144334565848112
[2025-01-09 04:48:16,435] INFO: Iter 26700 Summary: 
[2025-01-09 04:48:16,436] INFO: 	 lr: 0.00030000000000000073 	 Training loss: 0.041547135412693025
[2025-01-09 04:48:22,967] INFO: Iter 26800 Summary: 
[2025-01-09 04:48:22,967] INFO: 	 lr: 0.00030000000000000073 	 Training loss: 0.041609006747603414
[2025-01-09 04:48:30,430] INFO: Iter 26900 Summary: 
[2025-01-09 04:48:30,431] INFO: 	 lr: 0.00030000000000000073 	 Training loss: 0.04156258188188076
[2025-01-09 04:48:37,435] INFO: Iter 27000 Summary: 
[2025-01-09 04:48:37,436] INFO: 	 lr: 0.00030000000000000073 	 Training loss: 0.041244441829621795
[2025-01-09 04:48:44,271] INFO: Iter 27100 Summary: 
[2025-01-09 04:48:44,271] INFO: 	 lr: 0.00030000000000000073 	 Training loss: 0.041339895352721215
[2025-01-09 04:48:51,113] INFO: Iter 27200 Summary: 
[2025-01-09 04:48:51,113] INFO: 	 lr: 0.00030000000000000073 	 Training loss: 0.041075407192111016
[2025-01-09 04:48:57,983] INFO: Iter 27300 Summary: 
[2025-01-09 04:48:57,984] INFO: 	 lr: 0.00030000000000000073 	 Training loss: 0.04136074505746365
[2025-01-09 04:49:04,854] INFO: Iter 27400 Summary: 
[2025-01-09 04:49:04,855] INFO: 	 lr: 0.00030000000000000073 	 Training loss: 0.0412472278252244
[2025-01-09 04:49:11,704] INFO: Iter 27500 Summary: 
[2025-01-09 04:49:11,704] INFO: 	 lr: 0.00030000000000000073 	 Training loss: 0.041518477499485014
[2025-01-09 04:49:19,042] INFO: Iter 27600 Summary: 
[2025-01-09 04:49:19,043] INFO: 	 lr: 0.00030000000000000073 	 Training loss: 0.04139201287180185
[2025-01-09 04:49:25,898] INFO: Iter 27700 Summary: 
[2025-01-09 04:49:25,899] INFO: 	 lr: 0.00030000000000000073 	 Training loss: 0.04147487055510282
[2025-01-09 04:49:32,758] INFO: Iter 27800 Summary: 
[2025-01-09 04:49:32,758] INFO: 	 lr: 0.00030000000000000073 	 Training loss: 0.04118164408951998
[2025-01-09 04:49:39,817] INFO: Iter 27900 Summary: 
[2025-01-09 04:49:39,817] INFO: 	 lr: 0.00030000000000000073 	 Training loss: 0.041426035538315774
[2025-01-09 04:49:46,712] INFO: Iter 28000 Summary: 
[2025-01-09 04:49:46,712] INFO: 	 lr: 0.00030000000000000073 	 Training loss: 0.0411539912968874
[2025-01-09 04:49:56,020] INFO: Iter 28100 Summary: 
[2025-01-09 04:49:56,020] INFO: 	 lr: 0.00030000000000000073 	 Training loss: 0.04090689826756716
[2025-01-09 04:50:03,294] INFO: Iter 28200 Summary: 
[2025-01-09 04:50:03,294] INFO: 	 lr: 0.00030000000000000073 	 Training loss: 0.041461065597832206
[2025-01-09 04:50:10,790] INFO: Iter 28300 Summary: 
[2025-01-09 04:50:10,790] INFO: 	 lr: 0.00030000000000000073 	 Training loss: 0.04087682131677866
[2025-01-09 04:50:17,694] INFO: Iter 28400 Summary: 
[2025-01-09 04:50:17,694] INFO: 	 lr: 0.00030000000000000073 	 Training loss: 0.04108211398124695
[2025-01-09 04:50:24,624] INFO: Iter 28500 Summary: 
[2025-01-09 04:50:24,624] INFO: 	 lr: 0.00030000000000000073 	 Training loss: 0.04144236005842686
[2025-01-09 04:50:31,556] INFO: Iter 28600 Summary: 
[2025-01-09 04:50:31,556] INFO: 	 lr: 0.00030000000000000073 	 Training loss: 0.04126422919332981
[2025-01-09 04:50:38,496] INFO: Iter 28700 Summary: 
[2025-01-09 04:50:38,496] INFO: 	 lr: 0.00030000000000000073 	 Training loss: 0.04127976566553116
[2025-01-09 04:50:45,461] INFO: Iter 28800 Summary: 
[2025-01-09 04:50:45,461] INFO: 	 lr: 0.00030000000000000073 	 Training loss: 0.041408249922096727
[2025-01-09 04:50:53,022] INFO: Iter 28900 Summary: 
[2025-01-09 04:50:53,022] INFO: 	 lr: 0.00030000000000000073 	 Training loss: 0.041176800318062305
[2025-01-09 04:50:59,993] INFO: Iter 29000 Summary: 
[2025-01-09 04:50:59,993] INFO: 	 lr: 0.00030000000000000073 	 Training loss: 0.04093691069632768
[2025-01-09 04:51:06,959] INFO: Iter 29100 Summary: 
[2025-01-09 04:51:06,959] INFO: 	 lr: 0.00030000000000000073 	 Training loss: 0.040971061773598196
[2025-01-09 04:51:13,841] INFO: Iter 29200 Summary: 
[2025-01-09 04:51:13,841] INFO: 	 lr: 0.00030000000000000073 	 Training loss: 0.041133519299328326
[2025-01-09 04:51:20,717] INFO: Iter 29300 Summary: 
[2025-01-09 04:51:20,717] INFO: 	 lr: 0.00030000000000000073 	 Training loss: 0.04133538719266653
[2025-01-09 04:51:27,205] INFO: Iter 29400 Summary: 
[2025-01-09 04:51:27,205] INFO: 	 lr: 0.00030000000000000073 	 Training loss: 0.041024703793227674
[2025-01-09 04:51:34,189] INFO: Iter 29500 Summary: 
[2025-01-09 04:51:34,190] INFO: 	 lr: 0.00030000000000000073 	 Training loss: 0.041454276368021965
[2025-01-09 04:51:42,209] INFO: Iter 29600 Summary: 
[2025-01-09 04:51:42,210] INFO: 	 lr: 0.00030000000000000073 	 Training loss: 0.04110795427113771
[2025-01-09 04:51:49,072] INFO: Iter 29700 Summary: 
[2025-01-09 04:51:49,072] INFO: 	 lr: 0.00030000000000000073 	 Training loss: 0.04109578926116228
[2025-01-09 04:51:56,446] INFO: Iter 29800 Summary: 
[2025-01-09 04:51:56,446] INFO: 	 lr: 0.00030000000000000073 	 Training loss: 0.04081528682261706
[2025-01-09 04:52:03,326] INFO: Iter 29900 Summary: 
[2025-01-09 04:52:03,326] INFO: 	 lr: 0.00030000000000000073 	 Training loss: 0.04121673673391342
[2025-01-09 04:52:10,223] INFO: Iter 30000 Summary: 
[2025-01-09 04:52:10,223] INFO: 	 lr: 0.00030000000000000073 	 Training loss: 0.04151646539568901
[2025-01-09 04:52:18,562] INFO: Iter 30100 Summary: 
[2025-01-09 04:52:18,562] INFO: 	 lr: 1.2900000000000026e-05 	 Training loss: 0.03998438645154238
[2025-01-09 04:52:25,415] INFO: Iter 30200 Summary: 
[2025-01-09 04:52:25,415] INFO: 	 lr: 1.000000000000002e-05 	 Training loss: 0.040154307559132574
[2025-01-09 04:52:32,893] INFO: Iter 30300 Summary: 
[2025-01-09 04:52:32,893] INFO: 	 lr: 1.000000000000002e-05 	 Training loss: 0.04017527643591166
[2025-01-09 04:52:40,606] INFO: Iter 30400 Summary: 
[2025-01-09 04:52:40,606] INFO: 	 lr: 1.000000000000002e-05 	 Training loss: 0.03941587839275598
[2025-01-09 04:52:47,617] INFO: Iter 30500 Summary: 
[2025-01-09 04:52:47,618] INFO: 	 lr: 1.000000000000002e-05 	 Training loss: 0.03952516704797745
[2025-01-09 04:52:54,507] INFO: Iter 30600 Summary: 
[2025-01-09 04:52:54,507] INFO: 	 lr: 1.000000000000002e-05 	 Training loss: 0.0397613388299942
[2025-01-09 04:53:01,374] INFO: Iter 30700 Summary: 
[2025-01-09 04:53:01,375] INFO: 	 lr: 1.000000000000002e-05 	 Training loss: 0.03967699680477381
[2025-01-09 04:53:08,115] INFO: Iter 30800 Summary: 
[2025-01-09 04:53:08,115] INFO: 	 lr: 1.000000000000002e-05 	 Training loss: 0.03959956891834736
[2025-01-09 04:53:14,980] INFO: Iter 30900 Summary: 
[2025-01-09 04:53:14,980] INFO: 	 lr: 1.000000000000002e-05 	 Training loss: 0.03952376041561365
[2025-01-09 04:53:22,355] INFO: Iter 31000 Summary: 
[2025-01-09 04:53:22,355] INFO: 	 lr: 1.000000000000002e-05 	 Training loss: 0.039541999027132985
[2025-01-09 04:53:29,609] INFO: Iter 31100 Summary: 
[2025-01-09 04:53:29,609] INFO: 	 lr: 1.000000000000002e-05 	 Training loss: 0.03939901251345873
[2025-01-09 04:53:36,807] INFO: Iter 31200 Summary: 
[2025-01-09 04:53:36,807] INFO: 	 lr: 1.000000000000002e-05 	 Training loss: 0.03934540670365095
[2025-01-09 04:53:43,961] INFO: Iter 31300 Summary: 
[2025-01-09 04:53:43,961] INFO: 	 lr: 1.000000000000002e-05 	 Training loss: 0.03948727637529373
[2025-01-09 04:53:50,946] INFO: Iter 31400 Summary: 
[2025-01-09 04:53:50,946] INFO: 	 lr: 1.000000000000002e-05 	 Training loss: 0.03955749608576298
[2025-01-09 04:53:57,880] INFO: Iter 31500 Summary: 
[2025-01-09 04:53:57,881] INFO: 	 lr: 1.000000000000002e-05 	 Training loss: 0.03961647927761078
[2025-01-09 04:54:04,929] INFO: Iter 31600 Summary: 
[2025-01-09 04:54:04,929] INFO: 	 lr: 1.000000000000002e-05 	 Training loss: 0.03946517985314131
[2025-01-09 04:54:12,337] INFO: Iter 31700 Summary: 
[2025-01-09 04:54:12,337] INFO: 	 lr: 1.000000000000002e-05 	 Training loss: 0.039315238520503046
[2025-01-09 04:54:18,985] INFO: Iter 31800 Summary: 
[2025-01-09 04:54:18,986] INFO: 	 lr: 1.000000000000002e-05 	 Training loss: 0.039384044520556924
[2025-01-09 04:54:25,865] INFO: Iter 31900 Summary: 
[2025-01-09 04:54:25,865] INFO: 	 lr: 1.000000000000002e-05 	 Training loss: 0.039117875173687935
[2025-01-09 04:54:32,760] INFO: Iter 32000 Summary: 
[2025-01-09 04:54:32,761] INFO: 	 lr: 1.000000000000002e-05 	 Training loss: 0.03929102756083012
[2025-01-09 04:54:41,606] INFO: Iter 32100 Summary: 
[2025-01-09 04:54:41,607] INFO: 	 lr: 1.000000000000002e-05 	 Training loss: 0.03934421896934509
[2025-01-09 04:54:48,455] INFO: Iter 32200 Summary: 
[2025-01-09 04:54:48,456] INFO: 	 lr: 1.000000000000002e-05 	 Training loss: 0.039510649032890796
[2025-01-09 04:54:55,315] INFO: Iter 32300 Summary: 
[2025-01-09 04:54:55,316] INFO: 	 lr: 1.000000000000002e-05 	 Training loss: 0.039389656037092206
[2025-01-09 04:55:02,783] INFO: Iter 32400 Summary: 
[2025-01-09 04:55:02,783] INFO: 	 lr: 1.000000000000002e-05 	 Training loss: 0.039494002908468245
[2025-01-09 04:55:10,204] INFO: Iter 32500 Summary: 
[2025-01-09 04:55:10,204] INFO: 	 lr: 1.000000000000002e-05 	 Training loss: 0.039249020852148535
[2025-01-09 04:55:17,078] INFO: Iter 32600 Summary: 
[2025-01-09 04:55:17,078] INFO: 	 lr: 1.000000000000002e-05 	 Training loss: 0.03906986411660909
[2025-01-09 04:55:24,022] INFO: Iter 32700 Summary: 
[2025-01-09 04:55:24,022] INFO: 	 lr: 1.000000000000002e-05 	 Training loss: 0.03929371520876884
[2025-01-09 04:55:31,003] INFO: Iter 32800 Summary: 
[2025-01-09 04:55:31,003] INFO: 	 lr: 1.000000000000002e-05 	 Training loss: 0.03910268343985081
[2025-01-09 04:55:37,957] INFO: Iter 32900 Summary: 
[2025-01-09 04:55:37,957] INFO: 	 lr: 1.000000000000002e-05 	 Training loss: 0.039703099504113194
[2025-01-09 04:55:44,867] INFO: Iter 33000 Summary: 
[2025-01-09 04:55:44,868] INFO: 	 lr: 1.000000000000002e-05 	 Training loss: 0.03925025183707476
[2025-01-09 04:55:52,413] INFO: Iter 33100 Summary: 
[2025-01-09 04:55:52,414] INFO: 	 lr: 1.000000000000002e-05 	 Training loss: 0.03956714529544115
[2025-01-09 04:55:59,239] INFO: Iter 33200 Summary: 
[2025-01-09 04:55:59,239] INFO: 	 lr: 1.000000000000002e-05 	 Training loss: 0.03915322933346033
[2025-01-09 04:56:06,084] INFO: Iter 33300 Summary: 
[2025-01-09 04:56:06,085] INFO: 	 lr: 1.000000000000002e-05 	 Training loss: 0.03935862623155117
[2025-01-09 04:56:12,950] INFO: Iter 33400 Summary: 
[2025-01-09 04:56:12,951] INFO: 	 lr: 1.000000000000002e-05 	 Training loss: 0.03956597156822681
[2025-01-09 04:56:19,799] INFO: Iter 33500 Summary: 
[2025-01-09 04:56:19,800] INFO: 	 lr: 1.000000000000002e-05 	 Training loss: 0.039288058057427404
[2025-01-09 04:56:26,612] INFO: Iter 33600 Summary: 
[2025-01-09 04:56:26,613] INFO: 	 lr: 1.000000000000002e-05 	 Training loss: 0.0389119840413332
[2025-01-09 04:56:33,556] INFO: Iter 33700 Summary: 
[2025-01-09 04:56:33,556] INFO: 	 lr: 1.000000000000002e-05 	 Training loss: 0.03908662796020508
[2025-01-09 04:56:41,529] INFO: Iter 33800 Summary: 
[2025-01-09 04:56:41,530] INFO: 	 lr: 1.000000000000002e-05 	 Training loss: 0.03932400811463595
[2025-01-09 04:56:48,447] INFO: Iter 33900 Summary: 
[2025-01-09 04:56:48,447] INFO: 	 lr: 1.000000000000002e-05 	 Training loss: 0.039065412692725655
[2025-01-09 04:56:55,257] INFO: Iter 34000 Summary: 
[2025-01-09 04:56:55,257] INFO: 	 lr: 1.000000000000002e-05 	 Training loss: 0.03958109252154827
[2025-01-09 04:57:04,073] INFO: Iter 34100 Summary: 
[2025-01-09 04:57:04,073] INFO: 	 lr: 1.000000000000002e-05 	 Training loss: 0.039177821725606916
[2025-01-09 04:57:10,811] INFO: Iter 34200 Summary: 
[2025-01-09 04:57:10,811] INFO: 	 lr: 1.000000000000002e-05 	 Training loss: 0.0392154461145401
[2025-01-09 04:57:17,642] INFO: Iter 34300 Summary: 
[2025-01-09 04:57:17,643] INFO: 	 lr: 1.000000000000002e-05 	 Training loss: 0.03906893517822027
[2025-01-09 04:57:24,534] INFO: Iter 34400 Summary: 
[2025-01-09 04:57:24,534] INFO: 	 lr: 1.000000000000002e-05 	 Training loss: 0.039121561385691166
[2025-01-09 04:57:32,181] INFO: Iter 34500 Summary: 
[2025-01-09 04:57:32,181] INFO: 	 lr: 1.000000000000002e-05 	 Training loss: 0.03927125744521618
[2025-01-09 04:57:38,996] INFO: Iter 34600 Summary: 
[2025-01-09 04:57:38,996] INFO: 	 lr: 1.000000000000002e-05 	 Training loss: 0.03941223785281181
[2025-01-09 04:57:45,885] INFO: Iter 34700 Summary: 
[2025-01-09 04:57:45,885] INFO: 	 lr: 1.000000000000002e-05 	 Training loss: 0.03904442295432091
[2025-01-09 04:57:52,754] INFO: Iter 34800 Summary: 
[2025-01-09 04:57:52,755] INFO: 	 lr: 1.000000000000002e-05 	 Training loss: 0.039055977500975135
[2025-01-09 04:57:59,379] INFO: Iter 34900 Summary: 
[2025-01-09 04:57:59,379] INFO: 	 lr: 1.000000000000002e-05 	 Training loss: 0.03903384801000356
[2025-01-09 04:58:06,370] INFO: Iter 35000 Summary: 
[2025-01-09 04:58:06,370] INFO: 	 lr: 1.000000000000002e-05 	 Training loss: 0.03915863797068596
[2025-01-09 04:58:13,694] INFO: Iter 35100 Summary: 
[2025-01-09 04:58:13,694] INFO: 	 lr: 1.000000000000002e-05 	 Training loss: 0.03930160533636808
[2025-01-09 04:58:20,707] INFO: Iter 35200 Summary: 
[2025-01-09 04:58:20,707] INFO: 	 lr: 1.000000000000002e-05 	 Training loss: 0.03952237118035555
[2025-01-09 04:58:27,809] INFO: Iter 35300 Summary: 
[2025-01-09 04:58:27,809] INFO: 	 lr: 1.000000000000002e-05 	 Training loss: 0.03898180767893791
[2025-01-09 04:58:35,056] INFO: Iter 35400 Summary: 
[2025-01-09 04:58:35,056] INFO: 	 lr: 1.000000000000002e-05 	 Training loss: 0.03916352082043886
[2025-01-09 04:58:42,220] INFO: Iter 35500 Summary: 
[2025-01-09 04:58:42,220] INFO: 	 lr: 1.000000000000002e-05 	 Training loss: 0.038748319931328296
[2025-01-09 04:58:49,722] INFO: Iter 35600 Summary: 
[2025-01-09 04:58:49,722] INFO: 	 lr: 1.000000000000002e-05 	 Training loss: 0.03943062204867601
[2025-01-09 04:58:57,159] INFO: Iter 35700 Summary: 
[2025-01-09 04:58:57,159] INFO: 	 lr: 1.000000000000002e-05 	 Training loss: 0.03922828573733568
[2025-01-09 04:59:04,836] INFO: Iter 35800 Summary: 
[2025-01-09 04:59:04,837] INFO: 	 lr: 1.000000000000002e-05 	 Training loss: 0.03907933693379164
[2025-01-09 04:59:12,512] INFO: Iter 35900 Summary: 
[2025-01-09 04:59:12,512] INFO: 	 lr: 1.000000000000002e-05 	 Training loss: 0.03916203610599041
[2025-01-09 04:59:19,656] INFO: Iter 36000 Summary: 
[2025-01-09 04:59:19,656] INFO: 	 lr: 1.000000000000002e-05 	 Training loss: 0.039033624492585656
[2025-01-09 04:59:27,787] INFO: Iter 36100 Summary: 
[2025-01-09 04:59:27,787] INFO: 	 lr: 1.000000000000002e-05 	 Training loss: 0.039168400429189204
[2025-01-09 04:59:34,611] INFO: Iter 36200 Summary: 
[2025-01-09 04:59:34,612] INFO: 	 lr: 1.000000000000002e-05 	 Training loss: 0.03905038222670555
[2025-01-09 04:59:41,423] INFO: Iter 36300 Summary: 
[2025-01-09 04:59:41,423] INFO: 	 lr: 1.000000000000002e-05 	 Training loss: 0.03886633440852165
[2025-01-09 04:59:48,393] INFO: Iter 36400 Summary: 
[2025-01-09 04:59:48,393] INFO: 	 lr: 1.000000000000002e-05 	 Training loss: 0.03946109801530838
[2025-01-09 04:59:56,003] INFO: Iter 36500 Summary: 
[2025-01-09 04:59:56,004] INFO: 	 lr: 1.000000000000002e-05 	 Training loss: 0.03913327563554048
[2025-01-09 05:00:02,943] INFO: Iter 36600 Summary: 
[2025-01-09 05:00:02,943] INFO: 	 lr: 1.000000000000002e-05 	 Training loss: 0.039179593734443185
[2025-01-09 05:00:09,801] INFO: Iter 36700 Summary: 
[2025-01-09 05:00:09,802] INFO: 	 lr: 1.000000000000002e-05 	 Training loss: 0.03922306913882494
[2025-01-09 05:00:16,662] INFO: Iter 36800 Summary: 
[2025-01-09 05:00:16,663] INFO: 	 lr: 1.000000000000002e-05 	 Training loss: 0.03889061260968447
[2025-01-09 05:00:23,876] INFO: Iter 36900 Summary: 
[2025-01-09 05:00:23,876] INFO: 	 lr: 1.000000000000002e-05 	 Training loss: 0.03909481275826693
[2025-01-09 05:00:30,615] INFO: Iter 37000 Summary: 
[2025-01-09 05:00:30,615] INFO: 	 lr: 1.000000000000002e-05 	 Training loss: 0.039101621098816396
[2025-01-09 05:00:37,608] INFO: Iter 37100 Summary: 
[2025-01-09 05:00:37,608] INFO: 	 lr: 1.000000000000002e-05 	 Training loss: 0.03963261589407921
[2025-01-09 05:00:45,501] INFO: Iter 37200 Summary: 
[2025-01-09 05:00:45,501] INFO: 	 lr: 1.000000000000002e-05 	 Training loss: 0.038792313821613786
[2025-01-09 05:00:53,011] INFO: Iter 37300 Summary: 
[2025-01-09 05:00:53,011] INFO: 	 lr: 1.000000000000002e-05 	 Training loss: 0.038961468487977984
[2025-01-09 05:00:59,866] INFO: Iter 37400 Summary: 
[2025-01-09 05:00:59,867] INFO: 	 lr: 1.000000000000002e-05 	 Training loss: 0.03927207127213478
[2025-01-09 05:01:06,893] INFO: Iter 37500 Summary: 
[2025-01-09 05:01:06,893] INFO: 	 lr: 1.000000000000002e-05 	 Training loss: 0.038986430317163465
[2025-01-09 05:01:13,780] INFO: Iter 37600 Summary: 
[2025-01-09 05:01:13,780] INFO: 	 lr: 1.000000000000002e-05 	 Training loss: 0.03907832529395819
[2025-01-09 05:01:20,295] INFO: Iter 37700 Summary: 
[2025-01-09 05:01:20,295] INFO: 	 lr: 1.000000000000002e-05 	 Training loss: 0.039156154282391074
[2025-01-09 05:01:27,233] INFO: Iter 37800 Summary: 
[2025-01-09 05:01:27,233] INFO: 	 lr: 1.000000000000002e-05 	 Training loss: 0.03901187252253294
[2025-01-09 05:01:34,787] INFO: Iter 37900 Summary: 
[2025-01-09 05:01:34,787] INFO: 	 lr: 1.000000000000002e-05 	 Training loss: 0.03917845007032156
[2025-01-09 05:01:42,086] INFO: Iter 38000 Summary: 
[2025-01-09 05:01:42,086] INFO: 	 lr: 1.000000000000002e-05 	 Training loss: 0.03929753340780735
[2025-01-09 05:01:50,983] INFO: Iter 38100 Summary: 
[2025-01-09 05:01:50,984] INFO: 	 lr: 1.000000000000002e-05 	 Training loss: 0.039068154990673065
[2025-01-09 05:01:59,058] INFO: Iter 38200 Summary: 
[2025-01-09 05:01:59,058] INFO: 	 lr: 1.000000000000002e-05 	 Training loss: 0.038925928734242915
[2025-01-09 05:02:06,090] INFO: Iter 38300 Summary: 
[2025-01-09 05:02:06,090] INFO: 	 lr: 1.000000000000002e-05 	 Training loss: 0.039078821204602716
[2025-01-09 05:02:12,974] INFO: Iter 38400 Summary: 
[2025-01-09 05:02:12,975] INFO: 	 lr: 1.000000000000002e-05 	 Training loss: 0.03905968569219112
[2025-01-09 05:02:19,821] INFO: Iter 38500 Summary: 
[2025-01-09 05:02:19,821] INFO: 	 lr: 1.000000000000002e-05 	 Training loss: 0.039015810675919055
[2025-01-09 05:02:27,352] INFO: Iter 38600 Summary: 
[2025-01-09 05:02:27,352] INFO: 	 lr: 1.000000000000002e-05 	 Training loss: 0.03907314021140337
[2025-01-09 05:02:34,272] INFO: Iter 38700 Summary: 
[2025-01-09 05:02:34,272] INFO: 	 lr: 1.000000000000002e-05 	 Training loss: 0.0390936841443181
[2025-01-09 05:02:41,142] INFO: Iter 38800 Summary: 
[2025-01-09 05:02:41,142] INFO: 	 lr: 1.000000000000002e-05 	 Training loss: 0.03904036022722721
[2025-01-09 05:02:47,846] INFO: Iter 38900 Summary: 
[2025-01-09 05:02:47,846] INFO: 	 lr: 1.000000000000002e-05 	 Training loss: 0.03885563861578703
[2025-01-09 05:02:54,742] INFO: Iter 39000 Summary: 
[2025-01-09 05:02:54,742] INFO: 	 lr: 1.000000000000002e-05 	 Training loss: 0.03893705058842897
[2025-01-09 05:03:01,618] INFO: Iter 39100 Summary: 
[2025-01-09 05:03:01,619] INFO: 	 lr: 1.000000000000002e-05 	 Training loss: 0.038972137421369554
[2025-01-09 05:03:08,942] INFO: Iter 39200 Summary: 
[2025-01-09 05:03:08,942] INFO: 	 lr: 1.000000000000002e-05 	 Training loss: 0.03919825728982687
[2025-01-09 05:03:16,236] INFO: Iter 39300 Summary: 
[2025-01-09 05:03:16,237] INFO: 	 lr: 1.000000000000002e-05 	 Training loss: 0.03907497018575668
[2025-01-09 05:03:23,351] INFO: Iter 39400 Summary: 
[2025-01-09 05:03:23,352] INFO: 	 lr: 1.000000000000002e-05 	 Training loss: 0.038880486786365506
[2025-01-09 05:03:30,658] INFO: Iter 39500 Summary: 
[2025-01-09 05:03:30,659] INFO: 	 lr: 1.000000000000002e-05 	 Training loss: 0.03855128359049559
[2025-01-09 05:03:37,607] INFO: Iter 39600 Summary: 
[2025-01-09 05:03:37,607] INFO: 	 lr: 1.000000000000002e-05 	 Training loss: 0.03909888345748186
[2025-01-09 05:03:44,680] INFO: Iter 39700 Summary: 
[2025-01-09 05:03:44,681] INFO: 	 lr: 1.000000000000002e-05 	 Training loss: 0.03930000875145197
[2025-01-09 05:03:52,428] INFO: Iter 39800 Summary: 
[2025-01-09 05:03:52,428] INFO: 	 lr: 1.000000000000002e-05 	 Training loss: 0.0388217680901289
[2025-01-09 05:03:59,728] INFO: Iter 39900 Summary: 
[2025-01-09 05:03:59,728] INFO: 	 lr: 1.000000000000002e-05 	 Training loss: 0.038829642310738564
[2025-01-09 05:04:07,451] INFO: Iter 40000 Summary: 
[2025-01-09 05:04:07,451] INFO: 	 lr: 1.000000000000002e-05 	 Training loss: 0.038802690878510473
