[2025-01-24 06:59:28,172] INFO: {
    "abs_dir": "/home/diwang/siMLPe/exps/baseline_h36m",
    "batch_size": 256,
    "cos_lr_max": 1e-05,
    "cos_lr_min": 5e-08,
    "cos_lr_total_iters": 80000,
    "data_aug": true,
    "deriv_input": true,
    "deriv_output": true,
    "device": "cuda:1",
    "h36m_anno_dir": "/home/diwang/siMLPe/data/h36m/",
    "link_log_file": "/home/diwang/siMLPe/exps/baseline_h36m/log/log_last.log",
    "link_val_log_file": "/home/diwang/siMLPe/exps/baseline_h36m/log/val_last.log",
    "log_dir": "/home/diwang/siMLPe/exps/baseline_h36m/log",
    "log_file": "/home/diwang/siMLPe/exps/baseline_h36m/log/log_2025_01_24_06_58_56.log",
    "model_pth": null,
    "motion": {
        "dim": 66,
        "h36m_input_length": 50,
        "h36m_input_length_dct": 50,
        "h36m_target_length": 10,
        "h36m_target_length_eval": 25,
        "h36m_target_length_train": 10
    },
    "motion_fc_in": {
        "activation": "relu",
        "in_features": 66,
        "init_w_trunc_normal": false,
        "out_features": 66,
        "temporal_fc": false,
        "with_norm": false
    },
    "motion_fc_out": {
        "activation": "relu",
        "in_features": 66,
        "init_w_trunc_normal": true,
        "out_features": 66,
        "temporal_fc": false,
        "with_norm": false
    },
    "motion_mlp": {
        "hidden_dim": 66,
        "norm_axis": "spatial",
        "num_layers": 48,
        "seq_len": 50,
        "spatial_fc_only": false,
        "with_normalization": true
    },
    "num_workers": 8,
    "post_dct": false,
    "pre_dct": false,
    "print_every": 100,
    "repo_name": "siMLPe",
    "root_dir": "/home/diwang/siMLPe",
    "save_every": 2000,
    "seed": 5096,
    "shift_step": 1,
    "snapshot_dir": "/home/diwang/siMLPe/exps/baseline_h36m/log/snapshot",
    "this_dir": "baseline_h36m",
    "use_relative_loss": true,
    "val_log_file": "/home/diwang/siMLPe/exps/baseline_h36m/log/val_2025_01_24_06_58_56.log",
    "weight_decay": 0.0001
}
[2025-01-24 06:59:43,903] INFO: Iter 100 Summarn  y: 
[2025-01-24 06:59:43,904] INFO: 	 lr: 0.00030000000000000073 	 Training loss: 0.0524488353356719
[2025-01-24 06:59:54,645] INFO: Iter 200 Summarn  y: 
[2025-01-24 06:59:54,645] INFO: 	 lr: 0.00030000000000000073 	 Training loss: 0.03962040435522795
[2025-01-24 07:00:06,067] INFO: Iter 300 Summarn  y: 
[2025-01-24 07:00:06,068] INFO: 	 lr: 0.00030000000000000073 	 Training loss: 0.03960573174059391
[2025-01-24 07:00:18,533] INFO: Iter 400 Summarn  y: 
[2025-01-24 07:00:18,533] INFO: 	 lr: 0.00030000000000000073 	 Training loss: 0.039590289331972596
[2025-01-24 07:00:30,282] INFO: Iter 500 Summarn  y: 
[2025-01-24 07:00:30,282] INFO: 	 lr: 0.00030000000000000073 	 Training loss: 0.03880524016916752
[2025-01-24 07:00:40,656] INFO: Iter 600 Summarn  y: 
[2025-01-24 07:00:40,657] INFO: 	 lr: 0.00030000000000000073 	 Training loss: 0.03707329478114843
[2025-01-24 07:00:51,469] INFO: Iter 700 Summarn  y: 
[2025-01-24 07:00:51,469] INFO: 	 lr: 0.00030000000000000073 	 Training loss: 0.03415519217029214
[2025-01-24 07:01:02,879] INFO: Iter 800 Summarn  y: 
[2025-01-24 07:01:02,880] INFO: 	 lr: 0.00030000000000000073 	 Training loss: 0.03164981439709663
[2025-01-24 07:01:12,356] INFO: Iter 900 Summarn  y: 
[2025-01-24 07:01:12,356] INFO: 	 lr: 0.00030000000000000073 	 Training loss: 0.030764147490262985
[2025-01-24 07:01:21,903] INFO: Iter 1000 Summarn  y: 
[2025-01-24 07:01:21,903] INFO: 	 lr: 0.00030000000000000073 	 Training loss: 0.03007799994200468
[2025-01-24 07:01:30,239] INFO: Iter 1100 Summarn  y: 
[2025-01-24 07:01:30,239] INFO: 	 lr: 0.00030000000000000073 	 Training loss: 0.029464748818427325
[2025-01-24 07:01:40,369] INFO: Iter 1200 Summarn  y: 
[2025-01-24 07:01:40,369] INFO: 	 lr: 0.00030000000000000073 	 Training loss: 0.028771927431225777
[2025-01-24 07:01:50,270] INFO: Iter 1300 Summarn  y: 
[2025-01-24 07:01:50,270] INFO: 	 lr: 0.00030000000000000073 	 Training loss: 0.02863253740593791
[2025-01-24 07:02:02,845] INFO: Iter 1400 Summarn  y: 
[2025-01-24 07:02:02,846] INFO: 	 lr: 0.00030000000000000073 	 Training loss: 0.02853931812569499
[2025-01-24 07:02:15,817] INFO: Iter 1500 Summarn  y: 
[2025-01-24 07:02:15,817] INFO: 	 lr: 0.00030000000000000073 	 Training loss: 0.028180278707295656
[2025-01-24 07:02:24,318] INFO: Iter 1600 Summarn  y: 
[2025-01-24 07:02:24,318] INFO: 	 lr: 0.00030000000000000073 	 Training loss: 0.02789073158055544
[2025-01-24 07:02:34,191] INFO: Iter 1700 Summarn  y: 
[2025-01-24 07:02:34,191] INFO: 	 lr: 0.00030000000000000073 	 Training loss: 0.027869680430740118
[2025-01-24 07:02:46,373] INFO: Iter 1800 Summarn  y: 
[2025-01-24 07:02:46,373] INFO: 	 lr: 0.00030000000000000073 	 Training loss: 0.02720329785719514
[2025-01-24 07:02:56,527] INFO: Iter 1900 Summarn  y: 
[2025-01-24 07:02:56,527] INFO: 	 lr: 0.00030000000000000073 	 Training loss: 0.027366648241877557
[2025-01-24 07:03:06,340] INFO: Iter 2000 Summarn  y: 
[2025-01-24 07:03:06,341] INFO: 	 lr: 0.00030000000000000073 	 Training loss: 0.026871246863156558
[2025-01-24 07:03:23,548] INFO: Iter 2100 Summarn  y: 
[2025-01-24 07:03:23,548] INFO: 	 lr: 0.00030000000000000073 	 Training loss: 0.026830593384802343
[2025-01-24 07:03:35,450] INFO: Iter 2200 Summarn  y: 
[2025-01-24 07:03:35,450] INFO: 	 lr: 0.00030000000000000073 	 Training loss: 0.026367223560810088
[2025-01-24 07:03:46,413] INFO: Iter 2300 Summarn  y: 
[2025-01-24 07:03:46,414] INFO: 	 lr: 0.00030000000000000073 	 Training loss: 0.026532408520579337
[2025-01-24 07:03:56,605] INFO: Iter 2400 Summarn  y: 
[2025-01-24 07:03:56,605] INFO: 	 lr: 0.00030000000000000073 	 Training loss: 0.026280204840004442
[2025-01-24 07:04:07,847] INFO: Iter 2500 Summarn  y: 
[2025-01-24 07:04:07,847] INFO: 	 lr: 0.00030000000000000073 	 Training loss: 0.026109782084822654
[2025-01-24 07:04:18,546] INFO: Iter 2600 Summarn  y: 
[2025-01-24 07:04:18,547] INFO: 	 lr: 0.00030000000000000073 	 Training loss: 0.02631144966930151
[2025-01-24 07:04:32,112] INFO: Iter 2700 Summarn  y: 
[2025-01-24 07:04:32,112] INFO: 	 lr: 0.00030000000000000073 	 Training loss: 0.026139932777732612
[2025-01-24 07:04:44,734] INFO: Iter 2800 Summarn  y: 
[2025-01-24 07:04:44,735] INFO: 	 lr: 0.00030000000000000073 	 Training loss: 0.02572139399126172
[2025-01-24 07:04:54,640] INFO: Iter 2900 Summarn  y: 
[2025-01-24 07:04:54,641] INFO: 	 lr: 0.00030000000000000073 	 Training loss: 0.02559434251859784
[2025-01-24 07:05:06,871] INFO: Iter 3000 Summarn  y: 
[2025-01-24 07:05:06,872] INFO: 	 lr: 0.00030000000000000073 	 Training loss: 0.025747166872024538
[2025-01-24 07:05:19,408] INFO: Iter 3100 Summarn  y: 
[2025-01-24 07:05:19,408] INFO: 	 lr: 0.00030000000000000073 	 Training loss: 0.02555851325392723
[2025-01-24 07:05:30,901] INFO: Iter 3200 Summarn  y: 
[2025-01-24 07:05:30,902] INFO: 	 lr: 0.00030000000000000073 	 Training loss: 0.025410402733832597
[2025-01-24 07:05:42,812] INFO: Iter 3300 Summarn  y: 
[2025-01-24 07:05:42,812] INFO: 	 lr: 0.00030000000000000073 	 Training loss: 0.02529042910784483
[2025-01-24 07:05:53,881] INFO: Iter 3400 Summarn  y: 
[2025-01-24 07:05:53,882] INFO: 	 lr: 0.00030000000000000073 	 Training loss: 0.02534467451274395
[2025-01-24 07:06:06,544] INFO: Iter 3500 Summarn  y: 
[2025-01-24 07:06:06,544] INFO: 	 lr: 0.00030000000000000073 	 Training loss: 0.025376054625958204
[2025-01-24 07:06:15,990] INFO: Iter 3600 Summarn  y: 
[2025-01-24 07:06:15,990] INFO: 	 lr: 0.00030000000000000073 	 Training loss: 0.02518075805157423
[2025-01-24 07:06:27,570] INFO: Iter 3700 Summarn  y: 
[2025-01-24 07:06:27,570] INFO: 	 lr: 0.00030000000000000073 	 Training loss: 0.024770019985735418
[2025-01-24 07:06:38,308] INFO: Iter 3800 Summarn  y: 
[2025-01-24 07:06:38,308] INFO: 	 lr: 0.00030000000000000073 	 Training loss: 0.024826104938983917
[2025-01-24 07:06:50,825] INFO: Iter 3900 Summarn  y: 
[2025-01-24 07:06:50,825] INFO: 	 lr: 0.00030000000000000073 	 Training loss: 0.02467082904651761
[2025-01-24 07:07:01,871] INFO: Iter 4000 Summarn  y: 
[2025-01-24 07:07:01,872] INFO: 	 lr: 0.00030000000000000073 	 Training loss: 0.025036201253533362
[2025-01-24 07:07:18,682] INFO: Iter 4100 Summarn  y: 
[2025-01-24 07:07:18,683] INFO: 	 lr: 0.00030000000000000073 	 Training loss: 0.025011852979660035
[2025-01-24 07:07:32,657] INFO: Iter 4200 Summarn  y: 
[2025-01-24 07:07:32,657] INFO: 	 lr: 0.00030000000000000073 	 Training loss: 0.024661691188812257
[2025-01-24 07:07:44,081] INFO: Iter 4300 Summarn  y: 
[2025-01-24 07:07:44,081] INFO: 	 lr: 0.00030000000000000073 	 Training loss: 0.02474678261205554
[2025-01-24 07:07:54,059] INFO: Iter 4400 Summarn  y: 
[2025-01-24 07:07:54,060] INFO: 	 lr: 0.00030000000000000073 	 Training loss: 0.024521471187472343
[2025-01-24 07:08:05,979] INFO: Iter 4500 Summarn  y: 
[2025-01-24 07:08:05,979] INFO: 	 lr: 0.00030000000000000073 	 Training loss: 0.024515173062682152
[2025-01-24 07:08:17,955] INFO: Iter 4600 Summarn  y: 
[2025-01-24 07:08:17,955] INFO: 	 lr: 0.00030000000000000073 	 Training loss: 0.024541708398610352
[2025-01-24 07:08:28,257] INFO: Iter 4700 Summarn  y: 
[2025-01-24 07:08:28,258] INFO: 	 lr: 0.00030000000000000073 	 Training loss: 0.024252002071589233
[2025-01-24 07:08:37,442] INFO: Iter 4800 Summarn  y: 
[2025-01-24 07:08:37,442] INFO: 	 lr: 0.00030000000000000073 	 Training loss: 0.024386653564870357
[2025-01-24 07:08:49,875] INFO: Iter 4900 Summarn  y: 
[2025-01-24 07:08:49,875] INFO: 	 lr: 0.00030000000000000073 	 Training loss: 0.02423369953408837
[2025-01-24 07:09:00,842] INFO: Iter 5000 Summarn  y: 
[2025-01-24 07:09:00,842] INFO: 	 lr: 0.00030000000000000073 	 Training loss: 0.024486288502812384
[2025-01-24 07:09:13,254] INFO: Iter 5100 Summarn  y: 
[2025-01-24 07:09:13,254] INFO: 	 lr: 0.00030000000000000073 	 Training loss: 0.0241957463696599
[2025-01-24 07:09:26,726] INFO: Iter 5200 Summarn  y: 
[2025-01-24 07:09:26,726] INFO: 	 lr: 0.00030000000000000073 	 Training loss: 0.024096410647034647
[2025-01-24 07:09:37,732] INFO: Iter 5300 Summarn  y: 
[2025-01-24 07:09:37,733] INFO: 	 lr: 0.00030000000000000073 	 Training loss: 0.02413129236549139
[2025-01-24 07:09:49,429] INFO: Iter 5400 Summarn  y: 
[2025-01-24 07:09:49,429] INFO: 	 lr: 0.00030000000000000073 	 Training loss: 0.024087375290691854
[2025-01-24 07:10:01,612] INFO: Iter 5500 Summarn  y: 
[2025-01-24 07:10:01,612] INFO: 	 lr: 0.00030000000000000073 	 Training loss: 0.02405416615307331
[2025-01-24 07:10:13,922] INFO: Iter 5600 Summarn  y: 
[2025-01-24 07:10:13,922] INFO: 	 lr: 0.00030000000000000073 	 Training loss: 0.02401580573990941
[2025-01-24 07:10:23,862] INFO: Iter 5700 Summarn  y: 
[2025-01-24 07:10:23,863] INFO: 	 lr: 0.00030000000000000073 	 Training loss: 0.02378862287849188
[2025-01-24 07:10:35,947] INFO: Iter 5800 Summarn  y: 
[2025-01-24 07:10:35,948] INFO: 	 lr: 0.00030000000000000073 	 Training loss: 0.02397793537005782
[2025-01-24 07:10:47,299] INFO: Iter 5900 Summarn  y: 
[2025-01-24 07:10:47,299] INFO: 	 lr: 0.00030000000000000073 	 Training loss: 0.023720083571970463
[2025-01-24 07:10:56,151] INFO: Iter 6000 Summarn  y: 
[2025-01-24 07:10:56,152] INFO: 	 lr: 0.00030000000000000073 	 Training loss: 0.02391755498945713
[2025-01-24 07:11:12,230] INFO: Iter 6100 Summarn  y: 
[2025-01-24 07:11:12,231] INFO: 	 lr: 0.00030000000000000073 	 Training loss: 0.023805843889713286
[2025-01-24 07:11:21,086] INFO: Iter 6200 Summarn  y: 
[2025-01-24 07:11:21,086] INFO: 	 lr: 0.00030000000000000073 	 Training loss: 0.023742428086698054
[2025-01-24 07:11:29,012] INFO: Iter 6300 Summarn  y: 
[2025-01-24 07:11:29,012] INFO: 	 lr: 0.00030000000000000073 	 Training loss: 0.023539246898144482
[2025-01-24 07:11:38,079] INFO: Iter 6400 Summarn  y: 
[2025-01-24 07:11:38,079] INFO: 	 lr: 0.00030000000000000073 	 Training loss: 0.02365918915718794
[2025-01-24 07:11:49,226] INFO: Iter 6500 Summarn  y: 
[2025-01-24 07:11:49,226] INFO: 	 lr: 0.00030000000000000073 	 Training loss: 0.023481450472027064
[2025-01-24 07:12:00,974] INFO: Iter 6600 Summarn  y: 
[2025-01-24 07:12:00,975] INFO: 	 lr: 0.00030000000000000073 	 Training loss: 0.023546252883970737
[2025-01-24 07:12:12,298] INFO: Iter 6700 Summarn  y: 
[2025-01-24 07:12:12,298] INFO: 	 lr: 0.00030000000000000073 	 Training loss: 0.023517464101314545
[2025-01-24 07:12:22,169] INFO: Iter 6800 Summarn  y: 
[2025-01-24 07:12:22,169] INFO: 	 lr: 0.00030000000000000073 	 Training loss: 0.023360814321786164
[2025-01-24 07:12:34,464] INFO: Iter 6900 Summarn  y: 
[2025-01-24 07:12:34,464] INFO: 	 lr: 0.00030000000000000073 	 Training loss: 0.023481190446764232
[2025-01-24 07:12:47,061] INFO: Iter 7000 Summarn  y: 
[2025-01-24 07:12:47,062] INFO: 	 lr: 0.00030000000000000073 	 Training loss: 0.023573519363999366
[2025-01-24 07:12:58,643] INFO: Iter 7100 Summarn  y: 
[2025-01-24 07:12:58,644] INFO: 	 lr: 0.00030000000000000073 	 Training loss: 0.023297188729047777
[2025-01-24 07:13:08,681] INFO: Iter 7200 Summarn  y: 
[2025-01-24 07:13:08,681] INFO: 	 lr: 0.00030000000000000073 	 Training loss: 0.023254123870283364
[2025-01-24 07:13:20,190] INFO: Iter 7300 Summarn  y: 
[2025-01-24 07:13:20,190] INFO: 	 lr: 0.00030000000000000073 	 Training loss: 0.02310761347413063
[2025-01-24 07:13:32,186] INFO: Iter 7400 Summarn  y: 
[2025-01-24 07:13:32,186] INFO: 	 lr: 0.00030000000000000073 	 Training loss: 0.023254103753715755
[2025-01-24 07:13:43,287] INFO: Iter 7500 Summarn  y: 
[2025-01-24 07:13:43,287] INFO: 	 lr: 0.00030000000000000073 	 Training loss: 0.023178488854318856
[2025-01-24 07:13:55,851] INFO: Iter 7600 Summarn  y: 
[2025-01-24 07:13:55,852] INFO: 	 lr: 0.00030000000000000073 	 Training loss: 0.02319780768826604
[2025-01-24 07:14:08,427] INFO: Iter 7700 Summarn  y: 
[2025-01-24 07:14:08,427] INFO: 	 lr: 0.00030000000000000073 	 Training loss: 0.02314028037711978
[2025-01-24 07:14:18,119] INFO: Iter 7800 Summarn  y: 
[2025-01-24 07:14:18,119] INFO: 	 lr: 0.00030000000000000073 	 Training loss: 0.022816119883209467
[2025-01-24 07:14:29,470] INFO: Iter 7900 Summarn  y: 
[2025-01-24 07:14:29,470] INFO: 	 lr: 0.00030000000000000073 	 Training loss: 0.022976946514099837
[2025-01-24 07:14:41,535] INFO: Iter 8000 Summarn  y: 
[2025-01-24 07:14:41,535] INFO: 	 lr: 0.00030000000000000073 	 Training loss: 0.023059706315398217
[2025-01-24 07:14:58,636] INFO: Iter 8100 Summarn  y: 
[2025-01-24 07:14:58,637] INFO: 	 lr: 0.00030000000000000073 	 Training loss: 0.023029236122965813
[2025-01-24 07:15:09,996] INFO: Iter 8200 Summarn  y: 
[2025-01-24 07:15:09,996] INFO: 	 lr: 0.00030000000000000073 	 Training loss: 0.02303967509418726
[2025-01-24 07:15:22,254] INFO: Iter 8300 Summarn  y: 
[2025-01-24 07:15:22,254] INFO: 	 lr: 0.00030000000000000073 	 Training loss: 0.023151428997516633
[2025-01-24 07:15:35,027] INFO: Iter 8400 Summarn  y: 
[2025-01-24 07:15:35,028] INFO: 	 lr: 0.00030000000000000073 	 Training loss: 0.022870681509375573
[2025-01-24 07:15:48,898] INFO: Iter 8500 Summarn  y: 
[2025-01-24 07:15:48,899] INFO: 	 lr: 0.00030000000000000073 	 Training loss: 0.022989232372492552
[2025-01-24 07:16:02,419] INFO: Iter 8600 Summarn  y: 
[2025-01-24 07:16:02,419] INFO: 	 lr: 0.00030000000000000073 	 Training loss: 0.022721614260226487
[2025-01-24 07:16:13,219] INFO: Iter 8700 Summarn  y: 
[2025-01-24 07:16:13,219] INFO: 	 lr: 0.00030000000000000073 	 Training loss: 0.022823163121938706
[2025-01-24 07:16:23,278] INFO: Iter 8800 Summarn  y: 
[2025-01-24 07:16:23,279] INFO: 	 lr: 0.00030000000000000073 	 Training loss: 0.022986355777829884
[2025-01-24 07:16:33,967] INFO: Iter 8900 Summarn  y: 
[2025-01-24 07:16:33,967] INFO: 	 lr: 0.00030000000000000073 	 Training loss: 0.022612249962985515
[2025-01-24 07:16:45,636] INFO: Iter 9000 Summarn  y: 
[2025-01-24 07:16:45,637] INFO: 	 lr: 0.00030000000000000073 	 Training loss: 0.02268421560525894
[2025-01-24 07:16:56,943] INFO: Iter 9100 Summarn  y: 
[2025-01-24 07:16:56,944] INFO: 	 lr: 0.00030000000000000073 	 Training loss: 0.02276861499994993
[2025-01-24 07:17:07,714] INFO: Iter 9200 Summarn  y: 
[2025-01-24 07:17:07,714] INFO: 	 lr: 0.00030000000000000073 	 Training loss: 0.022748288251459598
[2025-01-24 07:17:19,043] INFO: Iter 9300 Summarn  y: 
[2025-01-24 07:17:19,043] INFO: 	 lr: 0.00030000000000000073 	 Training loss: 0.02282650541514158
[2025-01-24 07:17:30,228] INFO: Iter 9400 Summarn  y: 
[2025-01-24 07:17:30,228] INFO: 	 lr: 0.00030000000000000073 	 Training loss: 0.022525457832962274
[2025-01-24 07:17:41,274] INFO: Iter 9500 Summarn  y: 
[2025-01-24 07:17:41,274] INFO: 	 lr: 0.00030000000000000073 	 Training loss: 0.0226850388944149
[2025-01-24 07:17:51,012] INFO: Iter 9600 Summarn  y: 
[2025-01-24 07:17:51,013] INFO: 	 lr: 0.00030000000000000073 	 Training loss: 0.02264366278424859
[2025-01-24 07:18:04,143] INFO: Iter 9700 Summarn  y: 
[2025-01-24 07:18:04,144] INFO: 	 lr: 0.00030000000000000073 	 Training loss: 0.022625960968434812
[2025-01-24 07:18:12,276] INFO: Iter 9800 Summarn  y: 
[2025-01-24 07:18:12,276] INFO: 	 lr: 0.00030000000000000073 	 Training loss: 0.022594552859663962
[2025-01-24 07:18:22,956] INFO: Iter 9900 Summarn  y: 
[2025-01-24 07:18:22,957] INFO: 	 lr: 0.00030000000000000073 	 Training loss: 0.02256185408681631
[2025-01-24 07:18:35,811] INFO: Iter 10000 Summarn  y: 
[2025-01-24 07:18:35,811] INFO: 	 lr: 0.00030000000000000073 	 Training loss: 0.022502681370824576
[2025-01-24 07:18:51,207] INFO: Iter 10100 Summarn  y: 
[2025-01-24 07:18:51,207] INFO: 	 lr: 0.00030000000000000073 	 Training loss: 0.022691416554152966
[2025-01-24 07:19:01,084] INFO: Iter 10200 Summarn  y: 
[2025-01-24 07:19:01,085] INFO: 	 lr: 0.00030000000000000073 	 Training loss: 0.022244981974363327
[2025-01-24 07:19:11,968] INFO: Iter 10300 Summarn  y: 
[2025-01-24 07:19:11,968] INFO: 	 lr: 0.00030000000000000073 	 Training loss: 0.022548735197633504
[2025-01-24 07:19:25,576] INFO: Iter 10400 Summarn  y: 
[2025-01-24 07:19:25,576] INFO: 	 lr: 0.00030000000000000073 	 Training loss: 0.02238207560032606
[2025-01-24 07:19:37,427] INFO: Iter 10500 Summarn  y: 
[2025-01-24 07:19:37,427] INFO: 	 lr: 0.00030000000000000073 	 Training loss: 0.022578782346099616
[2025-01-24 07:19:48,601] INFO: Iter 10600 Summarn  y: 
[2025-01-24 07:19:48,602] INFO: 	 lr: 0.00030000000000000073 	 Training loss: 0.022338226288557052
[2025-01-24 07:20:02,266] INFO: Iter 10700 Summarn  y: 
[2025-01-24 07:20:02,266] INFO: 	 lr: 0.00030000000000000073 	 Training loss: 0.022376892026513814
[2025-01-24 07:20:11,879] INFO: Iter 10800 Summarn  y: 
[2025-01-24 07:20:11,879] INFO: 	 lr: 0.00030000000000000073 	 Training loss: 0.02232863735407591
[2025-01-24 07:20:22,849] INFO: Iter 10900 Summarn  y: 
[2025-01-24 07:20:22,850] INFO: 	 lr: 0.00030000000000000073 	 Training loss: 0.022337928339838983
[2025-01-24 07:20:34,335] INFO: Iter 11000 Summarn  y: 
[2025-01-24 07:20:34,335] INFO: 	 lr: 0.00030000000000000073 	 Training loss: 0.02231928303837776
[2025-01-24 07:20:47,795] INFO: Iter 11100 Summarn  y: 
[2025-01-24 07:20:47,796] INFO: 	 lr: 0.00030000000000000073 	 Training loss: 0.02223266376182437
[2025-01-24 07:20:59,207] INFO: Iter 11200 Summarn  y: 
[2025-01-24 07:20:59,208] INFO: 	 lr: 0.00030000000000000073 	 Training loss: 0.02234772389754653
[2025-01-24 07:21:09,790] INFO: Iter 11300 Summarn  y: 
[2025-01-24 07:21:09,790] INFO: 	 lr: 0.00030000000000000073 	 Training loss: 0.02233957886695862
[2025-01-24 07:21:21,007] INFO: Iter 11400 Summarn  y: 
[2025-01-24 07:21:21,008] INFO: 	 lr: 0.00030000000000000073 	 Training loss: 0.022174726333469154
[2025-01-24 07:21:30,412] INFO: Iter 11500 Summarn  y: 
[2025-01-24 07:21:30,412] INFO: 	 lr: 0.00030000000000000073 	 Training loss: 0.022428406700491905
[2025-01-24 07:21:40,978] INFO: Iter 11600 Summarn  y: 
[2025-01-24 07:21:40,978] INFO: 	 lr: 0.00030000000000000073 	 Training loss: 0.02209429321810603
[2025-01-24 07:21:53,178] INFO: Iter 11700 Summarn  y: 
[2025-01-24 07:21:53,178] INFO: 	 lr: 0.00030000000000000073 	 Training loss: 0.02206673990935087
[2025-01-24 07:22:03,436] INFO: Iter 11800 Summarn  y: 
[2025-01-24 07:22:03,436] INFO: 	 lr: 0.00030000000000000073 	 Training loss: 0.02198434913530946
[2025-01-24 07:22:12,719] INFO: Iter 11900 Summarn  y: 
[2025-01-24 07:22:12,720] INFO: 	 lr: 0.00030000000000000073 	 Training loss: 0.022135770600289106
[2025-01-24 07:22:24,061] INFO: Iter 12000 Summarn  y: 
[2025-01-24 07:22:24,062] INFO: 	 lr: 0.00030000000000000073 	 Training loss: 0.022157669588923453
[2025-01-24 07:22:37,971] INFO: Iter 12100 Summarn  y: 
[2025-01-24 07:22:37,971] INFO: 	 lr: 0.00030000000000000073 	 Training loss: 0.0222703723795712
[2025-01-24 07:22:49,251] INFO: Iter 12200 Summarn  y: 
[2025-01-24 07:22:49,251] INFO: 	 lr: 0.00030000000000000073 	 Training loss: 0.022163511216640473
[2025-01-24 07:22:59,962] INFO: Iter 12300 Summarn  y: 
[2025-01-24 07:22:59,963] INFO: 	 lr: 0.00030000000000000073 	 Training loss: 0.022053298316895963
[2025-01-24 07:23:10,578] INFO: Iter 12400 Summarn  y: 
[2025-01-24 07:23:10,578] INFO: 	 lr: 0.00030000000000000073 	 Training loss: 0.022173950765281916
[2025-01-24 07:23:19,362] INFO: Iter 12500 Summarn  y: 
[2025-01-24 07:23:19,363] INFO: 	 lr: 0.00030000000000000073 	 Training loss: 0.021967200040817262
[2025-01-24 07:23:30,941] INFO: Iter 12600 Summarn  y: 
[2025-01-24 07:23:30,941] INFO: 	 lr: 0.00030000000000000073 	 Training loss: 0.022088459897786378
[2025-01-24 07:23:42,682] INFO: Iter 12700 Summarn  y: 
[2025-01-24 07:23:42,682] INFO: 	 lr: 0.00030000000000000073 	 Training loss: 0.02217926613986492
[2025-01-24 07:23:54,627] INFO: Iter 12800 Summarn  y: 
[2025-01-24 07:23:54,627] INFO: 	 lr: 0.00030000000000000073 	 Training loss: 0.02217224007472396
[2025-01-24 07:24:05,535] INFO: Iter 12900 Summarn  y: 
[2025-01-24 07:24:05,535] INFO: 	 lr: 0.00030000000000000073 	 Training loss: 0.021945154331624507
[2025-01-24 07:24:15,688] INFO: Iter 13000 Summarn  y: 
[2025-01-24 07:24:15,688] INFO: 	 lr: 0.00030000000000000073 	 Training loss: 0.022092506922781467
[2025-01-24 07:24:27,416] INFO: Iter 13100 Summarn  y: 
[2025-01-24 07:24:27,416] INFO: 	 lr: 0.00030000000000000073 	 Training loss: 0.0222173129953444
[2025-01-24 07:24:39,263] INFO: Iter 13200 Summarn  y: 
[2025-01-24 07:24:39,264] INFO: 	 lr: 0.00030000000000000073 	 Training loss: 0.021869607213884593
[2025-01-24 07:24:50,374] INFO: Iter 13300 Summarn  y: 
[2025-01-24 07:24:50,375] INFO: 	 lr: 0.00030000000000000073 	 Training loss: 0.022022023666650056
[2025-01-24 07:25:00,795] INFO: Iter 13400 Summarn  y: 
[2025-01-24 07:25:00,795] INFO: 	 lr: 0.00030000000000000073 	 Training loss: 0.021977022290229797
[2025-01-24 07:25:11,095] INFO: Iter 13500 Summarn  y: 
[2025-01-24 07:25:11,096] INFO: 	 lr: 0.00030000000000000073 	 Training loss: 0.022041334342211484
[2025-01-24 07:25:22,211] INFO: Iter 13600 Summarn  y: 
[2025-01-24 07:25:22,211] INFO: 	 lr: 0.00030000000000000073 	 Training loss: 0.022067206408828498
[2025-01-24 07:25:32,760] INFO: Iter 13700 Summarn  y: 
[2025-01-24 07:25:32,760] INFO: 	 lr: 0.00030000000000000073 	 Training loss: 0.021842806097120047
[2025-01-24 07:25:43,736] INFO: Iter 13800 Summarn  y: 
[2025-01-24 07:25:43,737] INFO: 	 lr: 0.00030000000000000073 	 Training loss: 0.021903910394757985
[2025-01-24 07:25:53,628] INFO: Iter 13900 Summarn  y: 
[2025-01-24 07:25:53,628] INFO: 	 lr: 0.00030000000000000073 	 Training loss: 0.021939031202346086
[2025-01-24 07:26:05,375] INFO: Iter 14000 Summarn  y: 
[2025-01-24 07:26:05,375] INFO: 	 lr: 0.00030000000000000073 	 Training loss: 0.021873701494187117
[2025-01-24 07:26:21,127] INFO: Iter 14100 Summarn  y: 
[2025-01-24 07:26:21,127] INFO: 	 lr: 0.00030000000000000073 	 Training loss: 0.021720719411969184
[2025-01-24 07:26:32,127] INFO: Iter 14200 Summarn  y: 
[2025-01-24 07:26:32,128] INFO: 	 lr: 0.00030000000000000073 	 Training loss: 0.021812365483492614
[2025-01-24 07:26:40,883] INFO: Iter 14300 Summarn  y: 
[2025-01-24 07:26:40,883] INFO: 	 lr: 0.00030000000000000073 	 Training loss: 0.02187838137149811
[2025-01-24 07:26:50,236] INFO: Iter 14400 Summarn  y: 
[2025-01-24 07:26:50,237] INFO: 	 lr: 0.00030000000000000073 	 Training loss: 0.02188600430265069
[2025-01-24 07:27:02,447] INFO: Iter 14500 Summarn  y: 
[2025-01-24 07:27:02,447] INFO: 	 lr: 0.00030000000000000073 	 Training loss: 0.021793954111635684
[2025-01-24 07:27:12,971] INFO: Iter 14600 Summarn  y: 
[2025-01-24 07:27:12,971] INFO: 	 lr: 0.00030000000000000073 	 Training loss: 0.021798331551253797
[2025-01-24 07:27:23,609] INFO: Iter 14700 Summarn  y: 
[2025-01-24 07:27:23,609] INFO: 	 lr: 0.00030000000000000073 	 Training loss: 0.021761358119547367
[2025-01-24 07:27:33,425] INFO: Iter 14800 Summarn  y: 
[2025-01-24 07:27:33,425] INFO: 	 lr: 0.00030000000000000073 	 Training loss: 0.021741417553275823
[2025-01-24 07:27:41,351] INFO: Iter 14900 Summarn  y: 
[2025-01-24 07:27:41,351] INFO: 	 lr: 0.00030000000000000073 	 Training loss: 0.021694545187056064
[2025-01-24 07:27:51,326] INFO: Iter 15000 Summarn  y: 
[2025-01-24 07:27:51,326] INFO: 	 lr: 0.00030000000000000073 	 Training loss: 0.021785485967993738
[2025-01-24 07:28:00,412] INFO: Iter 15100 Summarn  y: 
[2025-01-24 07:28:00,413] INFO: 	 lr: 0.00030000000000000073 	 Training loss: 0.021868836898356676
[2025-01-24 07:28:11,764] INFO: Iter 15200 Summarn  y: 
[2025-01-24 07:28:11,764] INFO: 	 lr: 0.00030000000000000073 	 Training loss: 0.021665946505963804
[2025-01-24 07:28:20,552] INFO: Iter 15300 Summarn  y: 
[2025-01-24 07:28:20,552] INFO: 	 lr: 0.00030000000000000073 	 Training loss: 0.021820573583245278
[2025-01-24 07:28:29,593] INFO: Iter 15400 Summarn  y: 
[2025-01-24 07:28:29,593] INFO: 	 lr: 0.00030000000000000073 	 Training loss: 0.02174182442948222
[2025-01-24 07:28:39,175] INFO: Iter 15500 Summarn  y: 
[2025-01-24 07:28:39,175] INFO: 	 lr: 0.00030000000000000073 	 Training loss: 0.02180177316069603
[2025-01-24 07:28:50,300] INFO: Iter 15600 Summarn  y: 
[2025-01-24 07:28:50,300] INFO: 	 lr: 0.00030000000000000073 	 Training loss: 0.02172794735059142
[2025-01-24 07:29:01,770] INFO: Iter 15700 Summarn  y: 
[2025-01-24 07:29:01,771] INFO: 	 lr: 0.00030000000000000073 	 Training loss: 0.021782739292830228
[2025-01-24 07:29:12,751] INFO: Iter 15800 Summarn  y: 
[2025-01-24 07:29:12,751] INFO: 	 lr: 0.00030000000000000073 	 Training loss: 0.021622823122888803
[2025-01-24 07:29:25,303] INFO: Iter 15900 Summarn  y: 
[2025-01-24 07:29:25,303] INFO: 	 lr: 0.00030000000000000073 	 Training loss: 0.021598126515746118
[2025-01-24 07:29:36,311] INFO: Iter 16000 Summarn  y: 
[2025-01-24 07:29:36,311] INFO: 	 lr: 0.00030000000000000073 	 Training loss: 0.02165514323860407
[2025-01-24 07:29:52,172] INFO: Iter 16100 Summarn  y: 
[2025-01-24 07:29:52,172] INFO: 	 lr: 0.00030000000000000073 	 Training loss: 0.021787555944174527
[2025-01-24 07:30:03,194] INFO: Iter 16200 Summarn  y: 
[2025-01-24 07:30:03,195] INFO: 	 lr: 0.00030000000000000073 	 Training loss: 0.021628565359860658
[2025-01-24 07:30:12,170] INFO: Iter 16300 Summarn  y: 
[2025-01-24 07:30:12,171] INFO: 	 lr: 0.00030000000000000073 	 Training loss: 0.02163870422169566
[2025-01-24 07:30:19,892] INFO: Iter 16400 Summarn  y: 
[2025-01-24 07:30:19,892] INFO: 	 lr: 0.00030000000000000073 	 Training loss: 0.021487073954194785
[2025-01-24 07:30:28,649] INFO: Iter 16500 Summarn  y: 
[2025-01-24 07:30:28,649] INFO: 	 lr: 0.00030000000000000073 	 Training loss: 0.021678904686123133
[2025-01-24 07:30:41,625] INFO: Iter 16600 Summarn  y: 
[2025-01-24 07:30:41,626] INFO: 	 lr: 0.00030000000000000073 	 Training loss: 0.021399374566972256
[2025-01-24 07:30:52,938] INFO: Iter 16700 Summarn  y: 
[2025-01-24 07:30:52,938] INFO: 	 lr: 0.00030000000000000073 	 Training loss: 0.021574999652802945
[2025-01-24 07:31:03,727] INFO: Iter 16800 Summarn  y: 
[2025-01-24 07:31:03,727] INFO: 	 lr: 0.00030000000000000073 	 Training loss: 0.0216286713257432
[2025-01-24 07:31:14,131] INFO: Iter 16900 Summarn  y: 
[2025-01-24 07:31:14,132] INFO: 	 lr: 0.00030000000000000073 	 Training loss: 0.021671046819537878
[2025-01-24 07:31:24,377] INFO: Iter 17000 Summarn  y: 
[2025-01-24 07:31:24,377] INFO: 	 lr: 0.00030000000000000073 	 Training loss: 0.021827979907393456
[2025-01-24 07:31:34,625] INFO: Iter 17100 Summarn  y: 
[2025-01-24 07:31:34,626] INFO: 	 lr: 0.00030000000000000073 	 Training loss: 0.02171270526945591
[2025-01-24 07:31:46,511] INFO: Iter 17200 Summarn  y: 
[2025-01-24 07:31:46,512] INFO: 	 lr: 0.00030000000000000073 	 Training loss: 0.021594432964920997
[2025-01-24 07:31:58,937] INFO: Iter 17300 Summarn  y: 
[2025-01-24 07:31:58,937] INFO: 	 lr: 0.00030000000000000073 	 Training loss: 0.0215713925473392
[2025-01-24 07:32:09,952] INFO: Iter 17400 Summarn  y: 
[2025-01-24 07:32:09,952] INFO: 	 lr: 0.00030000000000000073 	 Training loss: 0.021591327488422393
[2025-01-24 07:32:19,823] INFO: Iter 17500 Summarn  y: 
[2025-01-24 07:32:19,824] INFO: 	 lr: 0.00030000000000000073 	 Training loss: 0.02159138724207878
[2025-01-24 07:32:30,177] INFO: Iter 17600 Summarn  y: 
[2025-01-24 07:32:30,177] INFO: 	 lr: 0.00030000000000000073 	 Training loss: 0.021417199280112983
[2025-01-24 07:32:38,623] INFO: Iter 17700 Summarn  y: 
[2025-01-24 07:32:38,623] INFO: 	 lr: 0.00030000000000000073 	 Training loss: 0.021749963834881782
[2025-01-24 07:32:48,431] INFO: Iter 17800 Summarn  y: 
[2025-01-24 07:32:48,431] INFO: 	 lr: 0.00030000000000000073 	 Training loss: 0.021540511399507523
[2025-01-24 07:33:00,352] INFO: Iter 17900 Summarn  y: 
[2025-01-24 07:33:00,352] INFO: 	 lr: 0.00030000000000000073 	 Training loss: 0.021605828423053027
[2025-01-24 07:33:10,782] INFO: Iter 18000 Summarn  y: 
[2025-01-24 07:33:10,782] INFO: 	 lr: 0.00030000000000000073 	 Training loss: 0.02158858463168144
[2025-01-24 07:33:26,163] INFO: Iter 18100 Summarn  y: 
[2025-01-24 07:33:26,164] INFO: 	 lr: 0.00030000000000000073 	 Training loss: 0.02142542853951454
[2025-01-24 07:33:35,137] INFO: Iter 18200 Summarn  y: 
[2025-01-24 07:33:35,138] INFO: 	 lr: 0.00030000000000000073 	 Training loss: 0.021404509916901588
[2025-01-24 07:33:42,994] INFO: Iter 18300 Summarn  y: 
[2025-01-24 07:33:42,994] INFO: 	 lr: 0.00030000000000000073 	 Training loss: 0.021412387564778326
[2025-01-24 07:33:51,644] INFO: Iter 18400 Summarn  y: 
[2025-01-24 07:33:51,644] INFO: 	 lr: 0.00030000000000000073 	 Training loss: 0.02152851512655616
[2025-01-24 07:34:00,724] INFO: Iter 18500 Summarn  y: 
[2025-01-24 07:34:00,725] INFO: 	 lr: 0.00030000000000000073 	 Training loss: 0.021508073378354312
[2025-01-24 07:34:11,625] INFO: Iter 18600 Summarn  y: 
[2025-01-24 07:34:11,625] INFO: 	 lr: 0.00030000000000000073 	 Training loss: 0.021678886599838732
[2025-01-24 07:34:23,566] INFO: Iter 18700 Summarn  y: 
[2025-01-24 07:34:23,566] INFO: 	 lr: 0.00030000000000000073 	 Training loss: 0.021409364379942418
[2025-01-24 07:34:36,749] INFO: Iter 18800 Summarn  y: 
[2025-01-24 07:34:36,749] INFO: 	 lr: 0.00030000000000000073 	 Training loss: 0.021574309524148703
[2025-01-24 07:34:48,349] INFO: Iter 18900 Summarn  y: 
[2025-01-24 07:34:48,350] INFO: 	 lr: 0.00030000000000000073 	 Training loss: 0.021432631518691778
[2025-01-24 07:35:00,592] INFO: Iter 19000 Summarn  y: 
[2025-01-24 07:35:00,593] INFO: 	 lr: 0.00030000000000000073 	 Training loss: 0.02143445013090968
[2025-01-24 07:35:11,666] INFO: Iter 19100 Summarn  y: 
[2025-01-24 07:35:11,666] INFO: 	 lr: 0.00030000000000000073 	 Training loss: 0.021636196058243514
[2025-01-24 07:35:21,622] INFO: Iter 19200 Summarn  y: 
[2025-01-24 07:35:21,622] INFO: 	 lr: 0.00030000000000000073 	 Training loss: 0.021396531779319047
[2025-01-24 07:35:35,379] INFO: Iter 19300 Summarn  y: 
[2025-01-24 07:35:35,379] INFO: 	 lr: 0.00030000000000000073 	 Training loss: 0.021392997819930315
[2025-01-24 07:35:44,940] INFO: Iter 19400 Summarn  y: 
[2025-01-24 07:35:44,940] INFO: 	 lr: 0.00030000000000000073 	 Training loss: 0.021452088262885808
[2025-01-24 07:35:54,264] INFO: Iter 19500 Summarn  y: 
[2025-01-24 07:35:54,264] INFO: 	 lr: 0.00030000000000000073 	 Training loss: 0.021463323924690483
[2025-01-24 07:36:03,694] INFO: Iter 19600 Summarn  y: 
[2025-01-24 07:36:03,695] INFO: 	 lr: 0.00030000000000000073 	 Training loss: 0.021496546305716038
[2025-01-24 07:36:14,423] INFO: Iter 19700 Summarn  y: 
[2025-01-24 07:36:14,423] INFO: 	 lr: 0.00030000000000000073 	 Training loss: 0.02139795670285821
[2025-01-24 07:36:24,531] INFO: Iter 19800 Summarn  y: 
[2025-01-24 07:36:24,531] INFO: 	 lr: 0.00030000000000000073 	 Training loss: 0.02130795644596219
[2025-01-24 07:36:35,138] INFO: Iter 19900 Summarn  y: 
[2025-01-24 07:36:35,139] INFO: 	 lr: 0.00030000000000000073 	 Training loss: 0.021306529995054006
[2025-01-24 07:36:46,047] INFO: Iter 20000 Summarn  y: 
[2025-01-24 07:36:46,048] INFO: 	 lr: 0.00030000000000000073 	 Training loss: 0.02147836083546281
[2025-01-24 07:37:00,846] INFO: Iter 20100 Summarn  y: 
[2025-01-24 07:37:00,846] INFO: 	 lr: 0.00030000000000000073 	 Training loss: 0.02138471269980073
[2025-01-24 07:37:12,595] INFO: Iter 20200 Summarn  y: 
[2025-01-24 07:37:12,595] INFO: 	 lr: 0.00030000000000000073 	 Training loss: 0.021265121232718228
[2025-01-24 07:37:22,924] INFO: Iter 20300 Summarn  y: 
[2025-01-24 07:37:22,925] INFO: 	 lr: 0.00030000000000000073 	 Training loss: 0.021274038273841143
[2025-01-24 07:37:32,596] INFO: Iter 20400 Summarn  y: 
[2025-01-24 07:37:32,596] INFO: 	 lr: 0.00030000000000000073 	 Training loss: 0.021474556457251312
[2025-01-24 07:37:43,052] INFO: Iter 20500 Summarn  y: 
[2025-01-24 07:37:43,052] INFO: 	 lr: 0.00030000000000000073 	 Training loss: 0.021474952455610038
[2025-01-24 07:37:54,255] INFO: Iter 20600 Summarn  y: 
[2025-01-24 07:37:54,255] INFO: 	 lr: 0.00030000000000000073 	 Training loss: 0.0213714755512774
[2025-01-24 07:38:06,902] INFO: Iter 20700 Summarn  y: 
[2025-01-24 07:38:06,902] INFO: 	 lr: 0.00030000000000000073 	 Training loss: 0.02138216868042946
[2025-01-24 07:38:19,078] INFO: Iter 20800 Summarn  y: 
[2025-01-24 07:38:19,078] INFO: 	 lr: 0.00030000000000000073 	 Training loss: 0.02128490960225463
[2025-01-24 07:38:30,178] INFO: Iter 20900 Summarn  y: 
[2025-01-24 07:38:30,179] INFO: 	 lr: 0.00030000000000000073 	 Training loss: 0.021427016202360392
[2025-01-24 07:38:38,473] INFO: Iter 21000 Summarn  y: 
[2025-01-24 07:38:38,473] INFO: 	 lr: 0.00030000000000000073 	 Training loss: 0.021398924980312584
[2025-01-24 07:38:48,057] INFO: Iter 21100 Summarn  y: 
[2025-01-24 07:38:48,058] INFO: 	 lr: 0.00030000000000000073 	 Training loss: 0.021405918523669243
[2025-01-24 07:38:56,769] INFO: Iter 21200 Summarn  y: 
[2025-01-24 07:38:56,769] INFO: 	 lr: 0.00030000000000000073 	 Training loss: 0.021511193588376044
[2025-01-24 07:39:08,169] INFO: Iter 21300 Summarn  y: 
[2025-01-24 07:39:08,170] INFO: 	 lr: 0.00030000000000000073 	 Training loss: 0.021318209376186132
[2025-01-24 07:39:20,720] INFO: Iter 21400 Summarn  y: 
[2025-01-24 07:39:20,721] INFO: 	 lr: 0.00030000000000000073 	 Training loss: 0.02124251265078783
[2025-01-24 07:39:30,373] INFO: Iter 21500 Summarn  y: 
[2025-01-24 07:39:30,374] INFO: 	 lr: 0.00030000000000000073 	 Training loss: 0.021368345692753792
[2025-01-24 07:39:39,973] INFO: Iter 21600 Summarn  y: 
[2025-01-24 07:39:39,973] INFO: 	 lr: 0.00030000000000000073 	 Training loss: 0.021316156275570392
[2025-01-24 07:39:51,483] INFO: Iter 21700 Summarn  y: 
[2025-01-24 07:39:51,483] INFO: 	 lr: 0.00030000000000000073 	 Training loss: 0.021435336470603944
[2025-01-24 07:40:01,827] INFO: Iter 21800 Summarn  y: 
[2025-01-24 07:40:01,828] INFO: 	 lr: 0.00030000000000000073 	 Training loss: 0.02147954298183322
[2025-01-24 07:40:10,005] INFO: Iter 21900 Summarn  y: 
[2025-01-24 07:40:10,005] INFO: 	 lr: 0.00030000000000000073 	 Training loss: 0.021223131101578474
[2025-01-24 07:40:19,530] INFO: Iter 22000 Summarn  y: 
[2025-01-24 07:40:19,531] INFO: 	 lr: 0.00030000000000000073 	 Training loss: 0.02133339807391167
[2025-01-24 07:40:33,456] INFO: Iter 22100 Summarn  y: 
[2025-01-24 07:40:33,457] INFO: 	 lr: 0.00030000000000000073 	 Training loss: 0.021104814149439335
[2025-01-24 07:40:42,756] INFO: Iter 22200 Summarn  y: 
[2025-01-24 07:40:42,756] INFO: 	 lr: 0.00030000000000000073 	 Training loss: 0.02132527355104685
[2025-01-24 07:40:52,328] INFO: Iter 22300 Summarn  y: 
[2025-01-24 07:40:52,329] INFO: 	 lr: 0.00030000000000000073 	 Training loss: 0.021275181975215673
[2025-01-24 07:41:04,867] INFO: Iter 22400 Summarn  y: 
[2025-01-24 07:41:04,867] INFO: 	 lr: 0.00030000000000000073 	 Training loss: 0.021375456042587757
[2025-01-24 07:41:16,197] INFO: Iter 22500 Summarn  y: 
[2025-01-24 07:41:16,197] INFO: 	 lr: 0.00030000000000000073 	 Training loss: 0.021330758146941662
[2025-01-24 07:41:26,345] INFO: Iter 22600 Summarn  y: 
[2025-01-24 07:41:26,348] INFO: 	 lr: 0.00030000000000000073 	 Training loss: 0.02127670405432582
[2025-01-24 07:41:36,564] INFO: Iter 22700 Summarn  y: 
[2025-01-24 07:41:36,565] INFO: 	 lr: 0.00030000000000000073 	 Training loss: 0.02131456112489104
[2025-01-24 07:41:46,575] INFO: Iter 22800 Summarn  y: 
[2025-01-24 07:41:46,575] INFO: 	 lr: 0.00030000000000000073 	 Training loss: 0.021272409092634916
[2025-01-24 07:41:57,154] INFO: Iter 22900 Summarn  y: 
[2025-01-24 07:41:57,154] INFO: 	 lr: 0.00030000000000000073 	 Training loss: 0.021153226289898158
[2025-01-24 07:42:06,431] INFO: Iter 23000 Summarn  y: 
[2025-01-24 07:42:06,432] INFO: 	 lr: 0.00030000000000000073 	 Training loss: 0.02126175072044134
[2025-01-24 07:42:16,437] INFO: Iter 23100 Summarn  y: 
[2025-01-24 07:42:16,437] INFO: 	 lr: 0.00030000000000000073 	 Training loss: 0.02124551301822066
[2025-01-24 07:42:28,010] INFO: Iter 23200 Summarn  y: 
[2025-01-24 07:42:28,010] INFO: 	 lr: 0.00030000000000000073 	 Training loss: 0.0212429846636951
[2025-01-24 07:42:37,642] INFO: Iter 23300 Summarn  y: 
[2025-01-24 07:42:37,643] INFO: 	 lr: 0.00030000000000000073 	 Training loss: 0.021355747785419224
[2025-01-24 07:42:49,269] INFO: Iter 23400 Summarn  y: 
[2025-01-24 07:42:49,269] INFO: 	 lr: 0.00030000000000000073 	 Training loss: 0.021449167188256978
[2025-01-24 07:43:00,674] INFO: Iter 23500 Summarn  y: 
[2025-01-24 07:43:00,674] INFO: 	 lr: 0.00030000000000000073 	 Training loss: 0.021179461646825076
[2025-01-24 07:43:12,224] INFO: Iter 23600 Summarn  y: 
[2025-01-24 07:43:12,224] INFO: 	 lr: 0.00030000000000000073 	 Training loss: 0.021265571787953377
[2025-01-24 07:43:23,772] INFO: Iter 23700 Summarn  y: 
[2025-01-24 07:43:23,772] INFO: 	 lr: 0.00030000000000000073 	 Training loss: 0.021279433984309436
[2025-01-24 07:43:33,030] INFO: Iter 23800 Summarn  y: 
[2025-01-24 07:43:33,030] INFO: 	 lr: 0.00030000000000000073 	 Training loss: 0.02122354630380869
[2025-01-24 07:43:42,223] INFO: Iter 23900 Summarn  y: 
[2025-01-24 07:43:42,223] INFO: 	 lr: 0.00030000000000000073 	 Training loss: 0.021109665762633085
[2025-01-24 07:43:51,448] INFO: Iter 24000 Summarn  y: 
[2025-01-24 07:43:51,448] INFO: 	 lr: 0.00030000000000000073 	 Training loss: 0.02128051679581404
[2025-01-24 07:44:07,403] INFO: Iter 24100 Summarn  y: 
[2025-01-24 07:44:07,404] INFO: 	 lr: 0.00030000000000000073 	 Training loss: 0.021452439818531274
[2025-01-24 07:44:15,389] INFO: Iter 24200 Summarn  y: 
[2025-01-24 07:44:15,389] INFO: 	 lr: 0.00030000000000000073 	 Training loss: 0.02123214416205883
[2025-01-24 07:44:25,345] INFO: Iter 24300 Summarn  y: 
[2025-01-24 07:44:25,346] INFO: 	 lr: 0.00030000000000000073 	 Training loss: 0.021296525672078133
[2025-01-24 07:44:37,479] INFO: Iter 24400 Summarn  y: 
[2025-01-24 07:44:37,479] INFO: 	 lr: 0.00030000000000000073 	 Training loss: 0.021292362157255412
[2025-01-24 07:44:47,771] INFO: Iter 24500 Summarn  y: 
[2025-01-24 07:44:47,772] INFO: 	 lr: 0.00030000000000000073 	 Training loss: 0.021183703038841487
[2025-01-24 07:44:59,505] INFO: Iter 24600 Summarn  y: 
[2025-01-24 07:44:59,505] INFO: 	 lr: 0.00030000000000000073 	 Training loss: 0.021300159841775895
[2025-01-24 07:45:11,163] INFO: Iter 24700 Summarn  y: 
[2025-01-24 07:45:11,163] INFO: 	 lr: 0.00030000000000000073 	 Training loss: 0.02122082522138953
[2025-01-24 07:45:22,327] INFO: Iter 24800 Summarn  y: 
[2025-01-24 07:45:22,328] INFO: 	 lr: 0.00030000000000000073 	 Training loss: 0.02118828559294343
[2025-01-24 07:45:31,498] INFO: Iter 24900 Summarn  y: 
[2025-01-24 07:45:31,499] INFO: 	 lr: 0.00030000000000000073 	 Training loss: 0.021266649644821882
[2025-01-24 07:45:43,000] INFO: Iter 25000 Summarn  y: 
[2025-01-24 07:45:43,000] INFO: 	 lr: 0.00030000000000000073 	 Training loss: 0.02120217150077224
[2025-01-24 07:45:54,636] INFO: Iter 25100 Summarn  y: 
[2025-01-24 07:45:54,636] INFO: 	 lr: 0.00030000000000000073 	 Training loss: 0.02112006539478898
[2025-01-24 07:46:03,767] INFO: Iter 25200 Summarn  y: 
[2025-01-24 07:46:03,767] INFO: 	 lr: 0.00030000000000000073 	 Training loss: 0.021106230225414038
[2025-01-24 07:46:15,182] INFO: Iter 25300 Summarn  y: 
[2025-01-24 07:46:15,182] INFO: 	 lr: 0.00030000000000000073 	 Training loss: 0.02126492599025369
[2025-01-24 07:46:23,523] INFO: Iter 25400 Summarn  y: 
[2025-01-24 07:46:23,523] INFO: 	 lr: 0.00030000000000000073 	 Training loss: 0.02133756097406149
[2025-01-24 07:46:35,494] INFO: Iter 25500 Summarn  y: 
[2025-01-24 07:46:35,495] INFO: 	 lr: 0.00030000000000000073 	 Training loss: 0.02107279110699892
[2025-01-24 07:46:45,982] INFO: Iter 25600 Summarn  y: 
[2025-01-24 07:46:45,983] INFO: 	 lr: 0.00030000000000000073 	 Training loss: 0.021136885229498147
[2025-01-24 07:46:56,590] INFO: Iter 25700 Summarn  y: 
[2025-01-24 07:46:56,590] INFO: 	 lr: 0.00030000000000000073 	 Training loss: 0.0212431707046926
[2025-01-24 07:47:05,524] INFO: Iter 25800 Summarn  y: 
[2025-01-24 07:47:05,524] INFO: 	 lr: 0.00030000000000000073 	 Training loss: 0.021119969077408315
[2025-01-24 07:47:16,548] INFO: Iter 25900 Summarn  y: 
[2025-01-24 07:47:16,548] INFO: 	 lr: 0.00030000000000000073 	 Training loss: 0.021223254222422838
[2025-01-24 07:47:28,327] INFO: Iter 26000 Summarn  y: 
[2025-01-24 07:47:28,328] INFO: 	 lr: 0.00030000000000000073 	 Training loss: 0.021146363280713558
[2025-01-24 07:47:44,666] INFO: Iter 26100 Summarn  y: 
[2025-01-24 07:47:44,666] INFO: 	 lr: 0.00030000000000000073 	 Training loss: 0.02136249899864197
[2025-01-24 07:47:57,510] INFO: Iter 26200 Summarn  y: 
[2025-01-24 07:47:57,511] INFO: 	 lr: 0.00030000000000000073 	 Training loss: 0.021134961377829314
[2025-01-24 07:48:09,626] INFO: Iter 26300 Summarn  y: 
[2025-01-24 07:48:09,627] INFO: 	 lr: 0.00030000000000000073 	 Training loss: 0.02105860471725464
[2025-01-24 07:48:19,865] INFO: Iter 26400 Summarn  y: 
[2025-01-24 07:48:19,866] INFO: 	 lr: 0.00030000000000000073 	 Training loss: 0.02114533383399248
[2025-01-24 07:48:31,082] INFO: Iter 26500 Summarn  y: 
[2025-01-24 07:48:31,083] INFO: 	 lr: 0.00030000000000000073 	 Training loss: 0.021162799037992956
[2025-01-24 07:48:41,158] INFO: Iter 26600 Summarn  y: 
[2025-01-24 07:48:41,158] INFO: 	 lr: 0.00030000000000000073 	 Training loss: 0.021218840088695286
[2025-01-24 07:48:51,353] INFO: Iter 26700 Summarn  y: 
[2025-01-24 07:48:51,353] INFO: 	 lr: 0.00030000000000000073 	 Training loss: 0.021277831736952066
[2025-01-24 07:49:03,140] INFO: Iter 26800 Summarn  y: 
[2025-01-24 07:49:03,140] INFO: 	 lr: 0.00030000000000000073 	 Training loss: 0.021208376437425614
[2025-01-24 07:49:17,027] INFO: Iter 26900 Summarn  y: 
[2025-01-24 07:49:17,028] INFO: 	 lr: 0.00030000000000000073 	 Training loss: 0.020967516843229533
[2025-01-24 07:49:28,165] INFO: Iter 27000 Summarn  y: 
[2025-01-24 07:49:28,165] INFO: 	 lr: 0.00030000000000000073 	 Training loss: 0.021084226723760365
[2025-01-24 07:49:36,953] INFO: Iter 27100 Summarn  y: 
[2025-01-24 07:49:36,953] INFO: 	 lr: 0.00030000000000000073 	 Training loss: 0.0211314513720572
[2025-01-24 07:49:48,666] INFO: Iter 27200 Summarn  y: 
[2025-01-24 07:49:48,667] INFO: 	 lr: 0.00030000000000000073 	 Training loss: 0.02121112819761038
[2025-01-24 07:49:56,680] INFO: Iter 27300 Summarn  y: 
[2025-01-24 07:49:56,680] INFO: 	 lr: 0.00030000000000000073 	 Training loss: 0.021209369227290154
[2025-01-24 07:50:05,629] INFO: Iter 27400 Summarn  y: 
[2025-01-24 07:50:05,629] INFO: 	 lr: 0.00030000000000000073 	 Training loss: 0.02109085541218519
[2025-01-24 07:50:16,595] INFO: Iter 27500 Summarn  y: 
[2025-01-24 07:50:16,596] INFO: 	 lr: 0.00030000000000000073 	 Training loss: 0.021257443316280843
[2025-01-24 07:50:28,610] INFO: Iter 27600 Summarn  y: 
[2025-01-24 07:50:28,610] INFO: 	 lr: 0.00030000000000000073 	 Training loss: 0.02111313385888934
[2025-01-24 07:50:40,450] INFO: Iter 27700 Summarn  y: 
[2025-01-24 07:50:40,450] INFO: 	 lr: 0.00030000000000000073 	 Training loss: 0.021089962664991618
[2025-01-24 07:50:51,279] INFO: Iter 27800 Summarn  y: 
[2025-01-24 07:50:51,279] INFO: 	 lr: 0.00030000000000000073 	 Training loss: 0.021313144229352474
[2025-01-24 07:51:02,966] INFO: Iter 27900 Summarn  y: 
[2025-01-24 07:51:02,966] INFO: 	 lr: 0.00030000000000000073 	 Training loss: 0.0210151625238359
[2025-01-24 07:51:12,977] INFO: Iter 28000 Summarn  y: 
[2025-01-24 07:51:12,977] INFO: 	 lr: 0.00030000000000000073 	 Training loss: 0.021032849699258803
[2025-01-24 07:51:25,994] INFO: Iter 28100 Summarn  y: 
[2025-01-24 07:51:25,994] INFO: 	 lr: 0.00030000000000000073 	 Training loss: 0.021238535866141318
[2025-01-24 07:51:36,780] INFO: Iter 28200 Summarn  y: 
[2025-01-24 07:51:36,781] INFO: 	 lr: 0.00030000000000000073 	 Training loss: 0.021192661989480256
[2025-01-24 07:51:48,290] INFO: Iter 28300 Summarn  y: 
[2025-01-24 07:51:48,291] INFO: 	 lr: 0.00030000000000000073 	 Training loss: 0.02113534139469266
[2025-01-24 07:51:58,401] INFO: Iter 28400 Summarn  y: 
[2025-01-24 07:51:58,401] INFO: 	 lr: 0.00030000000000000073 	 Training loss: 0.021181319542229175
[2025-01-24 07:52:09,130] INFO: Iter 28500 Summarn  y: 
[2025-01-24 07:52:09,131] INFO: 	 lr: 0.00030000000000000073 	 Training loss: 0.021080947071313857
[2025-01-24 07:52:20,618] INFO: Iter 28600 Summarn  y: 
[2025-01-24 07:52:20,618] INFO: 	 lr: 0.00030000000000000073 	 Training loss: 0.021009115129709245
[2025-01-24 07:52:32,150] INFO: Iter 28700 Summarn  y: 
[2025-01-24 07:52:32,150] INFO: 	 lr: 0.00030000000000000073 	 Training loss: 0.021019932832568883
[2025-01-24 07:52:41,455] INFO: Iter 28800 Summarn  y: 
[2025-01-24 07:52:41,455] INFO: 	 lr: 0.00030000000000000073 	 Training loss: 0.0212111671641469
[2025-01-24 07:52:51,414] INFO: Iter 28900 Summarn  y: 
[2025-01-24 07:52:51,414] INFO: 	 lr: 0.00030000000000000073 	 Training loss: 0.021112108286470175
[2025-01-24 07:53:01,409] INFO: Iter 29000 Summarn  y: 
[2025-01-24 07:53:01,409] INFO: 	 lr: 0.00030000000000000073 	 Training loss: 0.021211297865957022
[2025-01-24 07:53:12,760] INFO: Iter 29100 Summarn  y: 
[2025-01-24 07:53:12,760] INFO: 	 lr: 0.00030000000000000073 	 Training loss: 0.021012185104191304
[2025-01-24 07:53:21,612] INFO: Iter 29200 Summarn  y: 
[2025-01-24 07:53:21,613] INFO: 	 lr: 0.00030000000000000073 	 Training loss: 0.021126230210065843
[2025-01-24 07:53:31,834] INFO: Iter 29300 Summarn  y: 
[2025-01-24 07:53:31,834] INFO: 	 lr: 0.00030000000000000073 	 Training loss: 0.02118060812354088
[2025-01-24 07:53:42,669] INFO: Iter 29400 Summarn  y: 
[2025-01-24 07:53:42,669] INFO: 	 lr: 0.00030000000000000073 	 Training loss: 0.021216355357319118
[2025-01-24 07:53:52,839] INFO: Iter 29500 Summarn  y: 
[2025-01-24 07:53:52,839] INFO: 	 lr: 0.00030000000000000073 	 Training loss: 0.021183150224387645
[2025-01-24 07:54:04,553] INFO: Iter 29600 Summarn  y: 
[2025-01-24 07:54:04,554] INFO: 	 lr: 0.00030000000000000073 	 Training loss: 0.02111149299889803
[2025-01-24 07:54:15,301] INFO: Iter 29700 Summarn  y: 
[2025-01-24 07:54:15,302] INFO: 	 lr: 0.00030000000000000073 	 Training loss: 0.02120483707636595
[2025-01-24 07:54:24,584] INFO: Iter 29800 Summarn  y: 
[2025-01-24 07:54:24,585] INFO: 	 lr: 0.00030000000000000073 	 Training loss: 0.021057032831013203
[2025-01-24 07:54:34,324] INFO: Iter 29900 Summarn  y: 
[2025-01-24 07:54:34,324] INFO: 	 lr: 0.00030000000000000073 	 Training loss: 0.0211335401982069
[2025-01-24 07:54:46,082] INFO: Iter 30000 Summarn  y: 
[2025-01-24 07:54:46,083] INFO: 	 lr: 0.00030000000000000073 	 Training loss: 0.02122392227873206
[2025-01-24 07:55:01,904] INFO: Iter 30100 Summarn  y: 
[2025-01-24 07:55:01,904] INFO: 	 lr: 1.2900000000000026e-05 	 Training loss: 0.020647437442094088
[2025-01-24 07:55:14,067] INFO: Iter 30200 Summarn  y: 
[2025-01-24 07:55:14,068] INFO: 	 lr: 1.000000000000002e-05 	 Training loss: 0.020303447097539902
[2025-01-24 07:55:24,864] INFO: Iter 30300 Summarn  y: 
[2025-01-24 07:55:24,865] INFO: 	 lr: 1.000000000000002e-05 	 Training loss: 0.02033458711579442
[2025-01-24 07:55:35,918] INFO: Iter 30400 Summarn  y: 
[2025-01-24 07:55:35,918] INFO: 	 lr: 1.000000000000002e-05 	 Training loss: 0.02034494047984481
[2025-01-24 07:55:45,979] INFO: Iter 30500 Summarn  y: 
[2025-01-24 07:55:45,979] INFO: 	 lr: 1.000000000000002e-05 	 Training loss: 0.02009899789467454
[2025-01-24 07:55:56,455] INFO: Iter 30600 Summarn  y: 
[2025-01-24 07:55:56,455] INFO: 	 lr: 1.000000000000002e-05 	 Training loss: 0.020247721951454876
[2025-01-24 07:56:07,426] INFO: Iter 30700 Summarn  y: 
[2025-01-24 07:56:07,426] INFO: 	 lr: 1.000000000000002e-05 	 Training loss: 0.020254496969282627
[2025-01-24 07:56:16,474] INFO: Iter 30800 Summarn  y: 
[2025-01-24 07:56:16,474] INFO: 	 lr: 1.000000000000002e-05 	 Training loss: 0.020249895509332417
[2025-01-24 07:56:27,388] INFO: Iter 30900 Summarn  y: 
[2025-01-24 07:56:27,389] INFO: 	 lr: 1.000000000000002e-05 	 Training loss: 0.02020409144461155
[2025-01-24 07:56:39,993] INFO: Iter 31000 Summarn  y: 
[2025-01-24 07:56:39,993] INFO: 	 lr: 1.000000000000002e-05 	 Training loss: 0.020223993975669145
[2025-01-24 07:56:51,682] INFO: Iter 31100 Summarn  y: 
[2025-01-24 07:56:51,683] INFO: 	 lr: 1.000000000000002e-05 	 Training loss: 0.020253455024212597
[2025-01-24 07:57:02,972] INFO: Iter 31200 Summarn  y: 
[2025-01-24 07:57:02,972] INFO: 	 lr: 1.000000000000002e-05 	 Training loss: 0.020037200972437857
[2025-01-24 07:57:13,875] INFO: Iter 31300 Summarn  y: 
[2025-01-24 07:57:13,875] INFO: 	 lr: 1.000000000000002e-05 	 Training loss: 0.020092026628553868
[2025-01-24 07:57:24,358] INFO: Iter 31400 Summarn  y: 
[2025-01-24 07:57:24,358] INFO: 	 lr: 1.000000000000002e-05 	 Training loss: 0.020105023570358753
[2025-01-24 07:57:37,244] INFO: Iter 31500 Summarn  y: 
[2025-01-24 07:57:37,244] INFO: 	 lr: 1.000000000000002e-05 	 Training loss: 0.020156246405094863
[2025-01-24 07:57:48,666] INFO: Iter 31600 Summarn  y: 
[2025-01-24 07:57:48,667] INFO: 	 lr: 1.000000000000002e-05 	 Training loss: 0.019963273108005525
[2025-01-24 07:58:02,539] INFO: Iter 31700 Summarn  y: 
[2025-01-24 07:58:02,539] INFO: 	 lr: 1.000000000000002e-05 	 Training loss: 0.019993312619626523
[2025-01-24 07:58:15,574] INFO: Iter 31800 Summarn  y: 
[2025-01-24 07:58:15,575] INFO: 	 lr: 1.000000000000002e-05 	 Training loss: 0.020055800061672926
[2025-01-24 07:58:28,012] INFO: Iter 31900 Summarn  y: 
[2025-01-24 07:58:28,012] INFO: 	 lr: 1.000000000000002e-05 	 Training loss: 0.020100962147116663
[2025-01-24 07:58:39,052] INFO: Iter 32000 Summarn  y: 
[2025-01-24 07:58:39,052] INFO: 	 lr: 1.000000000000002e-05 	 Training loss: 0.020058764964342116
[2025-01-24 07:58:54,575] INFO: Iter 32100 Summarn  y: 
[2025-01-24 07:58:54,575] INFO: 	 lr: 1.000000000000002e-05 	 Training loss: 0.020125575251877307
[2025-01-24 07:59:06,579] INFO: Iter 32200 Summarn  y: 
[2025-01-24 07:59:06,580] INFO: 	 lr: 1.000000000000002e-05 	 Training loss: 0.019983660262078047
[2025-01-24 07:59:19,013] INFO: Iter 32300 Summarn  y: 
[2025-01-24 07:59:19,013] INFO: 	 lr: 1.000000000000002e-05 	 Training loss: 0.020020522605627776
[2025-01-24 07:59:30,566] INFO: Iter 32400 Summarn  y: 
[2025-01-24 07:59:30,567] INFO: 	 lr: 1.000000000000002e-05 	 Training loss: 0.01992440115660429
[2025-01-24 07:59:40,080] INFO: Iter 32500 Summarn  y: 
[2025-01-24 07:59:40,081] INFO: 	 lr: 1.000000000000002e-05 	 Training loss: 0.01994053127244115
[2025-01-24 07:59:50,252] INFO: Iter 32600 Summarn  y: 
[2025-01-24 07:59:50,253] INFO: 	 lr: 1.000000000000002e-05 	 Training loss: 0.020181411355733873
[2025-01-24 08:00:00,598] INFO: Iter 32700 Summarn  y: 
[2025-01-24 08:00:00,599] INFO: 	 lr: 1.000000000000002e-05 	 Training loss: 0.02008153570815921
[2025-01-24 08:00:11,802] INFO: Iter 32800 Summarn  y: 
[2025-01-24 08:00:11,803] INFO: 	 lr: 1.000000000000002e-05 	 Training loss: 0.01995722873136401
[2025-01-24 08:00:22,907] INFO: Iter 32900 Summarn  y: 
[2025-01-24 08:00:22,908] INFO: 	 lr: 1.000000000000002e-05 	 Training loss: 0.020049338042736054
[2025-01-24 08:00:34,728] INFO: Iter 33000 Summarn  y: 
[2025-01-24 08:00:34,728] INFO: 	 lr: 1.000000000000002e-05 	 Training loss: 0.019983973670750856
[2025-01-24 08:00:44,883] INFO: Iter 33100 Summarn  y: 
[2025-01-24 08:00:44,883] INFO: 	 lr: 1.000000000000002e-05 	 Training loss: 0.01998153356835246
[2025-01-24 08:00:53,221] INFO: Iter 33200 Summarn  y: 
[2025-01-24 08:00:53,221] INFO: 	 lr: 1.000000000000002e-05 	 Training loss: 0.0200789544172585
[2025-01-24 08:01:01,891] INFO: Iter 33300 Summarn  y: 
[2025-01-24 08:01:01,891] INFO: 	 lr: 1.000000000000002e-05 	 Training loss: 0.0198883568495512
[2025-01-24 08:01:12,210] INFO: Iter 33400 Summarn  y: 
[2025-01-24 08:01:12,210] INFO: 	 lr: 1.000000000000002e-05 	 Training loss: 0.020032903254032133
[2025-01-24 08:01:23,302] INFO: Iter 33500 Summarn  y: 
[2025-01-24 08:01:23,302] INFO: 	 lr: 1.000000000000002e-05 	 Training loss: 0.01992638435214758
[2025-01-24 08:01:34,129] INFO: Iter 33600 Summarn  y: 
[2025-01-24 08:01:34,129] INFO: 	 lr: 1.000000000000002e-05 	 Training loss: 0.02003818431869149
[2025-01-24 08:01:42,901] INFO: Iter 33700 Summarn  y: 
[2025-01-24 08:01:42,901] INFO: 	 lr: 1.000000000000002e-05 	 Training loss: 0.020088539086282255
[2025-01-24 08:01:54,112] INFO: Iter 33800 Summarn  y: 
[2025-01-24 08:01:54,113] INFO: 	 lr: 1.000000000000002e-05 	 Training loss: 0.019950849134474993
[2025-01-24 08:02:05,351] INFO: Iter 33900 Summarn  y: 
[2025-01-24 08:02:05,352] INFO: 	 lr: 1.000000000000002e-05 	 Training loss: 0.019985396824777128
[2025-01-24 08:02:16,103] INFO: Iter 34000 Summarn  y: 
[2025-01-24 08:02:16,104] INFO: 	 lr: 1.000000000000002e-05 	 Training loss: 0.019930587094277145
[2025-01-24 08:02:33,532] INFO: Iter 34100 Summarn  y: 
[2025-01-24 08:02:33,533] INFO: 	 lr: 1.000000000000002e-05 	 Training loss: 0.019983069393783807
[2025-01-24 08:02:43,523] INFO: Iter 34200 Summarn  y: 
[2025-01-24 08:02:43,523] INFO: 	 lr: 1.000000000000002e-05 	 Training loss: 0.02010841613635421
[2025-01-24 08:02:52,412] INFO: Iter 34300 Summarn  y: 
[2025-01-24 08:02:52,412] INFO: 	 lr: 1.000000000000002e-05 	 Training loss: 0.02007068743929267
[2025-01-24 08:03:01,999] INFO: Iter 34400 Summarn  y: 
[2025-01-24 08:03:01,999] INFO: 	 lr: 1.000000000000002e-05 	 Training loss: 0.01991523403674364
[2025-01-24 08:03:14,017] INFO: Iter 34500 Summarn  y: 
[2025-01-24 08:03:14,017] INFO: 	 lr: 1.000000000000002e-05 	 Training loss: 0.019884623326361178
[2025-01-24 08:03:22,243] INFO: Iter 34600 Summarn  y: 
[2025-01-24 08:03:22,243] INFO: 	 lr: 1.000000000000002e-05 	 Training loss: 0.0198583491332829
[2025-01-24 08:03:33,224] INFO: Iter 34700 Summarn  y: 
[2025-01-24 08:03:33,224] INFO: 	 lr: 1.000000000000002e-05 	 Training loss: 0.019839947354048492
[2025-01-24 08:03:43,522] INFO: Iter 34800 Summarn  y: 
[2025-01-24 08:03:43,522] INFO: 	 lr: 1.000000000000002e-05 	 Training loss: 0.019910259302705527
[2025-01-24 08:03:55,765] INFO: Iter 34900 Summarn  y: 
[2025-01-24 08:03:55,766] INFO: 	 lr: 1.000000000000002e-05 	 Training loss: 0.019943198170512915
[2025-01-24 08:04:07,007] INFO: Iter 35000 Summarn  y: 
[2025-01-24 08:04:07,007] INFO: 	 lr: 1.000000000000002e-05 	 Training loss: 0.02003732893615961
[2025-01-24 08:04:19,990] INFO: Iter 35100 Summarn  y: 
[2025-01-24 08:04:19,990] INFO: 	 lr: 1.000000000000002e-05 	 Training loss: 0.02002674063667655
[2025-01-24 08:04:30,328] INFO: Iter 35200 Summarn  y: 
[2025-01-24 08:04:30,328] INFO: 	 lr: 1.000000000000002e-05 	 Training loss: 0.01988297311589122
[2025-01-24 08:04:41,589] INFO: Iter 35300 Summarn  y: 
[2025-01-24 08:04:41,589] INFO: 	 lr: 1.000000000000002e-05 	 Training loss: 0.019886655360460283
[2025-01-24 08:04:52,679] INFO: Iter 35400 Summarn  y: 
[2025-01-24 08:04:52,679] INFO: 	 lr: 1.000000000000002e-05 	 Training loss: 0.019921542461961508
[2025-01-24 08:05:04,567] INFO: Iter 35500 Summarn  y: 
[2025-01-24 08:05:04,567] INFO: 	 lr: 1.000000000000002e-05 	 Training loss: 0.019827620685100557
[2025-01-24 08:05:15,944] INFO: Iter 35600 Summarn  y: 
[2025-01-24 08:05:15,944] INFO: 	 lr: 1.000000000000002e-05 	 Training loss: 0.01985034517943859
[2025-01-24 08:05:27,482] INFO: Iter 35700 Summarn  y: 
[2025-01-24 08:05:27,483] INFO: 	 lr: 1.000000000000002e-05 	 Training loss: 0.019908799864351748
[2025-01-24 08:05:38,408] INFO: Iter 35800 Summarn  y: 
[2025-01-24 08:05:38,409] INFO: 	 lr: 1.000000000000002e-05 	 Training loss: 0.019910354036837816
[2025-01-24 08:05:50,728] INFO: Iter 35900 Summarn  y: 
[2025-01-24 08:05:50,728] INFO: 	 lr: 1.000000000000002e-05 	 Training loss: 0.01997262701392174
[2025-01-24 08:06:00,245] INFO: Iter 36000 Summarn  y: 
[2025-01-24 08:06:00,245] INFO: 	 lr: 1.000000000000002e-05 	 Training loss: 0.01992867773398757
[2025-01-24 08:06:16,189] INFO: Iter 36100 Summarn  y: 
[2025-01-24 08:06:16,190] INFO: 	 lr: 1.000000000000002e-05 	 Training loss: 0.01982928978279233
[2025-01-24 08:06:26,479] INFO: Iter 36200 Summarn  y: 
[2025-01-24 08:06:26,479] INFO: 	 lr: 1.000000000000002e-05 	 Training loss: 0.019898625276982784
[2025-01-24 08:06:35,966] INFO: Iter 36300 Summarn  y: 
[2025-01-24 08:06:35,967] INFO: 	 lr: 1.000000000000002e-05 	 Training loss: 0.019952407404780388
[2025-01-24 08:06:45,809] INFO: Iter 36400 Summarn  y: 
[2025-01-24 08:06:45,809] INFO: 	 lr: 1.000000000000002e-05 	 Training loss: 0.02005504773929715
[2025-01-24 08:06:57,223] INFO: Iter 36500 Summarn  y: 
[2025-01-24 08:06:57,223] INFO: 	 lr: 1.000000000000002e-05 	 Training loss: 0.019923376832157374
[2025-01-24 08:07:08,917] INFO: Iter 36600 Summarn  y: 
[2025-01-24 08:07:08,917] INFO: 	 lr: 1.000000000000002e-05 	 Training loss: 0.01990869527682662
[2025-01-24 08:07:19,987] INFO: Iter 36700 Summarn  y: 
[2025-01-24 08:07:19,987] INFO: 	 lr: 1.000000000000002e-05 	 Training loss: 0.019967664144933225
[2025-01-24 08:07:31,087] INFO: Iter 36800 Summarn  y: 
[2025-01-24 08:07:31,088] INFO: 	 lr: 1.000000000000002e-05 	 Training loss: 0.019915453176945448
[2025-01-24 08:07:40,937] INFO: Iter 36900 Summarn  y: 
[2025-01-24 08:07:40,937] INFO: 	 lr: 1.000000000000002e-05 	 Training loss: 0.019766489155590535
[2025-01-24 08:07:51,605] INFO: Iter 37000 Summarn  y: 
[2025-01-24 08:07:51,605] INFO: 	 lr: 1.000000000000002e-05 	 Training loss: 0.01990359840914607
[2025-01-24 08:08:00,304] INFO: Iter 37100 Summarn  y: 
[2025-01-24 08:08:00,304] INFO: 	 lr: 1.000000000000002e-05 	 Training loss: 0.019800133779644968
[2025-01-24 08:08:11,455] INFO: Iter 37200 Summarn  y: 
[2025-01-24 08:08:11,455] INFO: 	 lr: 1.000000000000002e-05 	 Training loss: 0.019845809005200863
[2025-01-24 08:08:22,256] INFO: Iter 37300 Summarn  y: 
[2025-01-24 08:08:22,256] INFO: 	 lr: 1.000000000000002e-05 	 Training loss: 0.01982461364939809
[2025-01-24 08:08:33,225] INFO: Iter 37400 Summarn  y: 
[2025-01-24 08:08:33,225] INFO: 	 lr: 1.000000000000002e-05 	 Training loss: 0.019755095168948175
[2025-01-24 08:08:42,966] INFO: Iter 37500 Summarn  y: 
[2025-01-24 08:08:42,966] INFO: 	 lr: 1.000000000000002e-05 	 Training loss: 0.01993902612477541
[2025-01-24 08:08:53,985] INFO: Iter 37600 Summarn  y: 
[2025-01-24 08:08:53,986] INFO: 	 lr: 1.000000000000002e-05 	 Training loss: 0.019903441052883865
[2025-01-24 08:09:04,382] INFO: Iter 37700 Summarn  y: 
[2025-01-24 08:09:04,383] INFO: 	 lr: 1.000000000000002e-05 	 Training loss: 0.01986903689801693
[2025-01-24 08:09:12,783] INFO: Iter 37800 Summarn  y: 
[2025-01-24 08:09:12,783] INFO: 	 lr: 1.000000000000002e-05 	 Training loss: 0.019946072828024627
[2025-01-24 08:09:24,780] INFO: Iter 37900 Summarn  y: 
[2025-01-24 08:09:24,781] INFO: 	 lr: 1.000000000000002e-05 	 Training loss: 0.01994788123294711
[2025-01-24 08:09:35,290] INFO: Iter 38000 Summarn  y: 
[2025-01-24 08:09:35,291] INFO: 	 lr: 1.000000000000002e-05 	 Training loss: 0.01970756959170103
[2025-01-24 08:09:51,813] INFO: Iter 38100 Summarn  y: 
[2025-01-24 08:09:51,814] INFO: 	 lr: 1.000000000000002e-05 	 Training loss: 0.019768600966781378
[2025-01-24 08:10:01,002] INFO: Iter 38200 Summarn  y: 
[2025-01-24 08:10:01,003] INFO: 	 lr: 1.000000000000002e-05 	 Training loss: 0.01986414849758148
[2025-01-24 08:10:10,259] INFO: Iter 38300 Summarn  y: 
[2025-01-24 08:10:10,259] INFO: 	 lr: 1.000000000000002e-05 	 Training loss: 0.020005356296896936
[2025-01-24 08:10:20,374] INFO: Iter 38400 Summarn  y: 
[2025-01-24 08:10:20,375] INFO: 	 lr: 1.000000000000002e-05 	 Training loss: 0.019783863853663205
[2025-01-24 08:10:30,884] INFO: Iter 38500 Summarn  y: 
[2025-01-24 08:10:30,885] INFO: 	 lr: 1.000000000000002e-05 	 Training loss: 0.01986887937411666
[2025-01-24 08:10:44,275] INFO: Iter 38600 Summarn  y: 
[2025-01-24 08:10:44,276] INFO: 	 lr: 1.000000000000002e-05 	 Training loss: 0.01986605951562524
[2025-01-24 08:10:53,474] INFO: Iter 38700 Summarn  y: 
[2025-01-24 08:10:53,475] INFO: 	 lr: 1.000000000000002e-05 	 Training loss: 0.01993127081543207
[2025-01-24 08:11:05,091] INFO: Iter 38800 Summarn  y: 
[2025-01-24 08:11:05,091] INFO: 	 lr: 1.000000000000002e-05 	 Training loss: 0.019797719810158015
[2025-01-24 08:11:14,357] INFO: Iter 38900 Summarn  y: 
[2025-01-24 08:11:14,357] INFO: 	 lr: 1.000000000000002e-05 	 Training loss: 0.01998499371111393
[2025-01-24 08:11:25,196] INFO: Iter 39000 Summarn  y: 
[2025-01-24 08:11:25,196] INFO: 	 lr: 1.000000000000002e-05 	 Training loss: 0.01985545851290226
[2025-01-24 08:11:33,899] INFO: Iter 39100 Summarn  y: 
[2025-01-24 08:11:33,899] INFO: 	 lr: 1.000000000000002e-05 	 Training loss: 0.019640537686645986
[2025-01-24 08:11:45,308] INFO: Iter 39200 Summarn  y: 
[2025-01-24 08:11:45,309] INFO: 	 lr: 1.000000000000002e-05 	 Training loss: 0.019806204698979854
[2025-01-24 08:11:56,944] INFO: Iter 39300 Summarn  y: 
[2025-01-24 08:11:56,944] INFO: 	 lr: 1.000000000000002e-05 	 Training loss: 0.019781525060534478
[2025-01-24 08:12:08,124] INFO: Iter 39400 Summarn  y: 
[2025-01-24 08:12:08,125] INFO: 	 lr: 1.000000000000002e-05 	 Training loss: 0.019755229856818914
[2025-01-24 08:12:20,065] INFO: Iter 39500 Summarn  y: 
[2025-01-24 08:12:20,065] INFO: 	 lr: 1.000000000000002e-05 	 Training loss: 0.019952311143279076
[2025-01-24 08:12:30,822] INFO: Iter 39600 Summarn  y: 
[2025-01-24 08:12:30,822] INFO: 	 lr: 1.000000000000002e-05 	 Training loss: 0.019800983779132367
[2025-01-24 08:12:42,271] INFO: Iter 39700 Summarn  y: 
[2025-01-24 08:12:42,272] INFO: 	 lr: 1.000000000000002e-05 	 Training loss: 0.01990047151222825
[2025-01-24 08:12:53,940] INFO: Iter 39800 Summarn  y: 
[2025-01-24 08:12:53,941] INFO: 	 lr: 1.000000000000002e-05 	 Training loss: 0.019895455949008465
[2025-01-24 08:13:04,815] INFO: Iter 39900 Summarn  y: 
[2025-01-24 08:13:04,815] INFO: 	 lr: 1.000000000000002e-05 	 Training loss: 0.019758745543658734
[2025-01-24 08:13:17,627] INFO: Iter 40000 Summarn  y: 
[2025-01-24 08:13:17,627] INFO: 	 lr: 1.000000000000002e-05 	 Training loss: 0.020023395773023367
[2025-01-24 08:13:32,687] INFO: Iter 40100 Summarn  y: 
[2025-01-24 08:13:32,687] INFO: 	 lr: 1.000000000000002e-05 	 Training loss: 0.01968380406498909
[2025-01-24 08:13:45,229] INFO: Iter 40200 Summarn  y: 
[2025-01-24 08:13:45,229] INFO: 	 lr: 1.000000000000002e-05 	 Training loss: 0.01975215062499046
[2025-01-24 08:13:56,662] INFO: Iter 40300 Summarn  y: 
[2025-01-24 08:13:56,663] INFO: 	 lr: 1.000000000000002e-05 	 Training loss: 0.019920610394328832
[2025-01-24 08:14:06,838] INFO: Iter 40400 Summarn  y: 
[2025-01-24 08:14:06,838] INFO: 	 lr: 1.000000000000002e-05 	 Training loss: 0.01997874420136213
[2025-01-24 08:14:19,507] INFO: Iter 40500 Summarn  y: 
[2025-01-24 08:14:19,508] INFO: 	 lr: 1.000000000000002e-05 	 Training loss: 0.01976000241935253
[2025-01-24 08:14:30,095] INFO: Iter 40600 Summarn  y: 
[2025-01-24 08:14:30,096] INFO: 	 lr: 1.000000000000002e-05 	 Training loss: 0.01980317981913686
[2025-01-24 08:14:40,214] INFO: Iter 40700 Summarn  y: 
[2025-01-24 08:14:40,214] INFO: 	 lr: 1.000000000000002e-05 	 Training loss: 0.01980896107852459
[2025-01-24 08:14:51,747] INFO: Iter 40800 Summarn  y: 
[2025-01-24 08:14:51,747] INFO: 	 lr: 1.000000000000002e-05 	 Training loss: 0.01991166889667511
[2025-01-24 08:15:02,623] INFO: Iter 40900 Summarn  y: 
[2025-01-24 08:15:02,624] INFO: 	 lr: 1.000000000000002e-05 	 Training loss: 0.019777411427348852
[2025-01-24 08:15:12,904] INFO: Iter 41000 Summarn  y: 
[2025-01-24 08:15:12,905] INFO: 	 lr: 1.000000000000002e-05 	 Training loss: 0.01986205905675888
[2025-01-24 08:15:24,435] INFO: Iter 41100 Summarn  y: 
[2025-01-24 08:15:24,435] INFO: 	 lr: 1.000000000000002e-05 	 Training loss: 0.019780429471284153
[2025-01-24 08:15:34,947] INFO: Iter 41200 Summarn  y: 
[2025-01-24 08:15:34,947] INFO: 	 lr: 1.000000000000002e-05 	 Training loss: 0.019848789274692535
[2025-01-24 08:15:48,476] INFO: Iter 41300 Summarn  y: 
[2025-01-24 08:15:48,476] INFO: 	 lr: 1.000000000000002e-05 	 Training loss: 0.019880176763981582
[2025-01-24 08:15:57,939] INFO: Iter 41400 Summarn  y: 
[2025-01-24 08:15:57,939] INFO: 	 lr: 1.000000000000002e-05 	 Training loss: 0.01993791377171874
[2025-01-24 08:16:09,082] INFO: Iter 41500 Summarn  y: 
[2025-01-24 08:16:09,083] INFO: 	 lr: 1.000000000000002e-05 	 Training loss: 0.01962105533108115
[2025-01-24 08:16:17,086] INFO: Iter 41600 Summarn  y: 
[2025-01-24 08:16:17,086] INFO: 	 lr: 1.000000000000002e-05 	 Training loss: 0.02001088414341211
[2025-01-24 08:16:28,378] INFO: Iter 41700 Summarn  y: 
[2025-01-24 08:16:28,378] INFO: 	 lr: 1.000000000000002e-05 	 Training loss: 0.01984781811013818
[2025-01-24 08:16:40,272] INFO: Iter 41800 Summarn  y: 
[2025-01-24 08:16:40,272] INFO: 	 lr: 1.000000000000002e-05 	 Training loss: 0.019778637606650593
[2025-01-24 08:16:51,121] INFO: Iter 41900 Summarn  y: 
[2025-01-24 08:16:51,121] INFO: 	 lr: 1.000000000000002e-05 	 Training loss: 0.01980074692517519
[2025-01-24 08:17:02,413] INFO: Iter 42000 Summarn  y: 
[2025-01-24 08:17:02,414] INFO: 	 lr: 1.000000000000002e-05 	 Training loss: 0.019739359505474566
[2025-01-24 08:17:20,664] INFO: Iter 42100 Summarn  y: 
[2025-01-24 08:17:20,664] INFO: 	 lr: 1.000000000000002e-05 	 Training loss: 0.019823781866580247
[2025-01-24 08:17:32,507] INFO: Iter 42200 Summarn  y: 
[2025-01-24 08:17:32,507] INFO: 	 lr: 1.000000000000002e-05 	 Training loss: 0.01966495582833886
[2025-01-24 08:17:45,132] INFO: Iter 42300 Summarn  y: 
[2025-01-24 08:17:45,132] INFO: 	 lr: 1.000000000000002e-05 	 Training loss: 0.01998531186953187
[2025-01-24 08:17:56,837] INFO: Iter 42400 Summarn  y: 
[2025-01-24 08:17:56,838] INFO: 	 lr: 1.000000000000002e-05 	 Training loss: 0.019808129481971262
[2025-01-24 08:18:09,175] INFO: Iter 42500 Summarn  y: 
[2025-01-24 08:18:09,175] INFO: 	 lr: 1.000000000000002e-05 	 Training loss: 0.019912725519388913
[2025-01-24 08:18:19,215] INFO: Iter 42600 Summarn  y: 
[2025-01-24 08:18:19,216] INFO: 	 lr: 1.000000000000002e-05 	 Training loss: 0.019734902232885362
[2025-01-24 08:18:31,032] INFO: Iter 42700 Summarn  y: 
[2025-01-24 08:18:31,033] INFO: 	 lr: 1.000000000000002e-05 	 Training loss: 0.0197400208003819
[2025-01-24 08:18:39,532] INFO: Iter 42800 Summarn  y: 
[2025-01-24 08:18:39,532] INFO: 	 lr: 1.000000000000002e-05 	 Training loss: 0.01963895209133625
[2025-01-24 08:18:50,481] INFO: Iter 42900 Summarn  y: 
[2025-01-24 08:18:50,482] INFO: 	 lr: 1.000000000000002e-05 	 Training loss: 0.019680970311164857
[2025-01-24 08:19:03,578] INFO: Iter 43000 Summarn  y: 
[2025-01-24 08:19:03,578] INFO: 	 lr: 1.000000000000002e-05 	 Training loss: 0.019879244603216648
[2025-01-24 08:19:15,500] INFO: Iter 43100 Summarn  y: 
[2025-01-24 08:19:15,500] INFO: 	 lr: 1.000000000000002e-05 	 Training loss: 0.019867450129240752
[2025-01-24 08:19:27,047] INFO: Iter 43200 Summarn  y: 
[2025-01-24 08:19:27,047] INFO: 	 lr: 1.000000000000002e-05 	 Training loss: 0.01962402284145355
[2025-01-24 08:19:39,135] INFO: Iter 43300 Summarn  y: 
[2025-01-24 08:19:39,135] INFO: 	 lr: 1.000000000000002e-05 	 Training loss: 0.019622377194464205
[2025-01-24 08:19:49,556] INFO: Iter 43400 Summarn  y: 
[2025-01-24 08:19:49,556] INFO: 	 lr: 1.000000000000002e-05 	 Training loss: 0.01978308392688632
[2025-01-24 08:19:59,060] INFO: Iter 43500 Summarn  y: 
[2025-01-24 08:19:59,061] INFO: 	 lr: 1.000000000000002e-05 	 Training loss: 0.019763340577483177
[2025-01-24 08:20:09,306] INFO: Iter 43600 Summarn  y: 
[2025-01-24 08:20:09,306] INFO: 	 lr: 1.000000000000002e-05 	 Training loss: 0.019877642393112183
[2025-01-24 08:20:19,611] INFO: Iter 43700 Summarn  y: 
[2025-01-24 08:20:19,611] INFO: 	 lr: 1.000000000000002e-05 	 Training loss: 0.019727421645075082
[2025-01-24 08:20:31,502] INFO: Iter 43800 Summarn  y: 
[2025-01-24 08:20:31,502] INFO: 	 lr: 1.000000000000002e-05 	 Training loss: 0.01979354064911604
[2025-01-24 08:20:43,768] INFO: Iter 43900 Summarn  y: 
[2025-01-24 08:20:43,768] INFO: 	 lr: 1.000000000000002e-05 	 Training loss: 0.019915748350322247
[2025-01-24 08:20:52,758] INFO: Iter 44000 Summarn  y: 
[2025-01-24 08:20:52,759] INFO: 	 lr: 1.000000000000002e-05 	 Training loss: 0.01964249163866043
[2025-01-24 08:21:09,349] INFO: Iter 44100 Summarn  y: 
[2025-01-24 08:21:09,350] INFO: 	 lr: 1.000000000000002e-05 	 Training loss: 0.01977256754413247
[2025-01-24 08:21:20,162] INFO: Iter 44200 Summarn  y: 
[2025-01-24 08:21:20,163] INFO: 	 lr: 1.000000000000002e-05 	 Training loss: 0.019821138959378003
[2025-01-24 08:21:31,373] INFO: Iter 44300 Summarn  y: 
[2025-01-24 08:21:31,373] INFO: 	 lr: 1.000000000000002e-05 	 Training loss: 0.019770565535873176
[2025-01-24 08:21:43,356] INFO: Iter 44400 Summarn  y: 
[2025-01-24 08:21:43,356] INFO: 	 lr: 1.000000000000002e-05 	 Training loss: 0.019777966011315585
[2025-01-24 08:21:55,352] INFO: Iter 44500 Summarn  y: 
[2025-01-24 08:21:55,352] INFO: 	 lr: 1.000000000000002e-05 	 Training loss: 0.019820077735930683
[2025-01-24 08:22:05,608] INFO: Iter 44600 Summarn  y: 
[2025-01-24 08:22:05,608] INFO: 	 lr: 1.000000000000002e-05 	 Training loss: 0.01973789809271693
[2025-01-24 08:22:17,368] INFO: Iter 44700 Summarn  y: 
[2025-01-24 08:22:17,368] INFO: 	 lr: 1.000000000000002e-05 	 Training loss: 0.01974058898165822
[2025-01-24 08:22:27,810] INFO: Iter 44800 Summarn  y: 
[2025-01-24 08:22:27,810] INFO: 	 lr: 1.000000000000002e-05 	 Training loss: 0.019644961506128312
[2025-01-24 08:22:35,571] INFO: Iter 44900 Summarn  y: 
[2025-01-24 08:22:35,572] INFO: 	 lr: 1.000000000000002e-05 	 Training loss: 0.019758942015469075
[2025-01-24 08:22:43,240] INFO: Iter 45000 Summarn  y: 
[2025-01-24 08:22:43,240] INFO: 	 lr: 1.000000000000002e-05 	 Training loss: 0.01978566577658057
[2025-01-24 08:22:51,957] INFO: Iter 45100 Summarn  y: 
[2025-01-24 08:22:51,958] INFO: 	 lr: 1.000000000000002e-05 	 Training loss: 0.019783627614378928
[2025-01-24 08:23:01,868] INFO: Iter 45200 Summarn  y: 
[2025-01-24 08:23:01,868] INFO: 	 lr: 1.000000000000002e-05 	 Training loss: 0.019831365346908568
[2025-01-24 08:23:12,305] INFO: Iter 45300 Summarn  y: 
[2025-01-24 08:23:12,306] INFO: 	 lr: 1.000000000000002e-05 	 Training loss: 0.019831891767680646
[2025-01-24 08:23:24,515] INFO: Iter 45400 Summarn  y: 
[2025-01-24 08:23:24,515] INFO: 	 lr: 1.000000000000002e-05 	 Training loss: 0.019675693958997726
[2025-01-24 08:23:36,140] INFO: Iter 45500 Summarn  y: 
[2025-01-24 08:23:36,141] INFO: 	 lr: 1.000000000000002e-05 	 Training loss: 0.019822473358362912
[2025-01-24 08:23:45,431] INFO: Iter 45600 Summarn  y: 
[2025-01-24 08:23:45,431] INFO: 	 lr: 1.000000000000002e-05 	 Training loss: 0.01965063637122512
[2025-01-24 08:23:53,752] INFO: Iter 45700 Summarn  y: 
[2025-01-24 08:23:53,753] INFO: 	 lr: 1.000000000000002e-05 	 Training loss: 0.019727273657917977
[2025-01-24 08:24:04,016] INFO: Iter 45800 Summarn  y: 
[2025-01-24 08:24:04,016] INFO: 	 lr: 1.000000000000002e-05 	 Training loss: 0.01973211770877242
[2025-01-24 08:24:15,323] INFO: Iter 45900 Summarn  y: 
[2025-01-24 08:24:15,323] INFO: 	 lr: 1.000000000000002e-05 	 Training loss: 0.019742511343210936
[2025-01-24 08:24:27,288] INFO: Iter 46000 Summarn  y: 
[2025-01-24 08:24:27,289] INFO: 	 lr: 1.000000000000002e-05 	 Training loss: 0.019692892488092185
[2025-01-24 08:24:42,481] INFO: Iter 46100 Summarn  y: 
[2025-01-24 08:24:42,482] INFO: 	 lr: 1.000000000000002e-05 	 Training loss: 0.019746383633464575
[2025-01-24 08:24:52,811] INFO: Iter 46200 Summarn  y: 
[2025-01-24 08:24:52,811] INFO: 	 lr: 1.000000000000002e-05 	 Training loss: 0.019805813133716585
[2025-01-24 08:25:01,194] INFO: Iter 46300 Summarn  y: 
[2025-01-24 08:25:01,194] INFO: 	 lr: 1.000000000000002e-05 	 Training loss: 0.019547002837061882
[2025-01-24 08:25:12,709] INFO: Iter 46400 Summarn  y: 
[2025-01-24 08:25:12,709] INFO: 	 lr: 1.000000000000002e-05 	 Training loss: 0.01963965568691492
[2025-01-24 08:25:20,438] INFO: Iter 46500 Summarn  y: 
[2025-01-24 08:25:20,439] INFO: 	 lr: 1.000000000000002e-05 	 Training loss: 0.019770234897732733
[2025-01-24 08:25:27,944] INFO: Iter 46600 Summarn  y: 
[2025-01-24 08:25:27,944] INFO: 	 lr: 1.000000000000002e-05 	 Training loss: 0.019756701178848743
[2025-01-24 08:25:38,918] INFO: Iter 46700 Summarn  y: 
[2025-01-24 08:25:38,918] INFO: 	 lr: 1.000000000000002e-05 	 Training loss: 0.019730881210416554
[2025-01-24 08:25:50,726] INFO: Iter 46800 Summarn  y: 
[2025-01-24 08:25:50,727] INFO: 	 lr: 1.000000000000002e-05 	 Training loss: 0.019910311978310346
[2025-01-24 08:25:59,931] INFO: Iter 46900 Summarn  y: 
[2025-01-24 08:25:59,931] INFO: 	 lr: 1.000000000000002e-05 	 Training loss: 0.019832156393676997
[2025-01-24 08:26:09,919] INFO: Iter 47000 Summarn  y: 
[2025-01-24 08:26:09,920] INFO: 	 lr: 1.000000000000002e-05 	 Training loss: 0.01975157894194126
[2025-01-24 08:26:19,649] INFO: Iter 47100 Summarn  y: 
[2025-01-24 08:26:19,649] INFO: 	 lr: 1.000000000000002e-05 	 Training loss: 0.019709142576903104
[2025-01-24 08:26:30,577] INFO: Iter 47200 Summarn  y: 
[2025-01-24 08:26:30,578] INFO: 	 lr: 1.000000000000002e-05 	 Training loss: 0.01983972728252411
[2025-01-24 08:26:40,339] INFO: Iter 47300 Summarn  y: 
[2025-01-24 08:26:40,339] INFO: 	 lr: 1.000000000000002e-05 	 Training loss: 0.01988866662606597
[2025-01-24 08:26:53,054] INFO: Iter 47400 Summarn  y: 
[2025-01-24 08:26:53,055] INFO: 	 lr: 1.000000000000002e-05 	 Training loss: 0.019758343268185853
[2025-01-24 08:27:04,978] INFO: Iter 47500 Summarn  y: 
[2025-01-24 08:27:04,979] INFO: 	 lr: 1.000000000000002e-05 	 Training loss: 0.019573941268026827
[2025-01-24 08:27:15,775] INFO: Iter 47600 Summarn  y: 
[2025-01-24 08:27:15,775] INFO: 	 lr: 1.000000000000002e-05 	 Training loss: 0.019607324730604888
[2025-01-24 08:27:24,757] INFO: Iter 47700 Summarn  y: 
[2025-01-24 08:27:24,757] INFO: 	 lr: 1.000000000000002e-05 	 Training loss: 0.019628998935222627
[2025-01-24 08:27:32,519] INFO: Iter 47800 Summarn  y: 
[2025-01-24 08:27:32,519] INFO: 	 lr: 1.000000000000002e-05 	 Training loss: 0.01971643866971135
[2025-01-24 08:27:43,220] INFO: Iter 47900 Summarn  y: 
[2025-01-24 08:27:43,220] INFO: 	 lr: 1.000000000000002e-05 	 Training loss: 0.019677220806479455
[2025-01-24 08:27:54,381] INFO: Iter 48000 Summarn  y: 
[2025-01-24 08:27:54,381] INFO: 	 lr: 1.000000000000002e-05 	 Training loss: 0.019796131793409586
[2025-01-24 08:28:09,538] INFO: Iter 48100 Summarn  y: 
[2025-01-24 08:28:09,538] INFO: 	 lr: 1.000000000000002e-05 	 Training loss: 0.019694454260170458
[2025-01-24 08:28:22,316] INFO: Iter 48200 Summarn  y: 
[2025-01-24 08:28:22,316] INFO: 	 lr: 1.000000000000002e-05 	 Training loss: 0.019662860911339522
[2025-01-24 08:28:33,274] INFO: Iter 48300 Summarn  y: 
[2025-01-24 08:28:33,274] INFO: 	 lr: 1.000000000000002e-05 	 Training loss: 0.01973051846027374
[2025-01-24 08:28:43,507] INFO: Iter 48400 Summarn  y: 
[2025-01-24 08:28:43,507] INFO: 	 lr: 1.000000000000002e-05 	 Training loss: 0.019816814940422773
[2025-01-24 08:28:52,404] INFO: Iter 48500 Summarn  y: 
[2025-01-24 08:28:52,404] INFO: 	 lr: 1.000000000000002e-05 	 Training loss: 0.019774261135607957
[2025-01-24 08:29:04,193] INFO: Iter 48600 Summarn  y: 
[2025-01-24 08:29:04,194] INFO: 	 lr: 1.000000000000002e-05 	 Training loss: 0.01965141100808978
[2025-01-24 08:29:14,441] INFO: Iter 48700 Summarn  y: 
[2025-01-24 08:29:14,441] INFO: 	 lr: 1.000000000000002e-05 	 Training loss: 0.01953822184354067
[2025-01-24 08:29:24,951] INFO: Iter 48800 Summarn  y: 
[2025-01-24 08:29:24,951] INFO: 	 lr: 1.000000000000002e-05 	 Training loss: 0.019657090436667204
[2025-01-24 08:29:36,736] INFO: Iter 48900 Summarn  y: 
[2025-01-24 08:29:36,736] INFO: 	 lr: 1.000000000000002e-05 	 Training loss: 0.019690224174410104
[2025-01-24 08:29:47,310] INFO: Iter 49000 Summarn  y: 
[2025-01-24 08:29:47,311] INFO: 	 lr: 1.000000000000002e-05 	 Training loss: 0.019619880057871342
[2025-01-24 08:29:59,094] INFO: Iter 49100 Summarn  y: 
[2025-01-24 08:29:59,095] INFO: 	 lr: 1.000000000000002e-05 	 Training loss: 0.019736447669565678
[2025-01-24 08:30:09,310] INFO: Iter 49200 Summarn  y: 
[2025-01-24 08:30:09,311] INFO: 	 lr: 1.000000000000002e-05 	 Training loss: 0.019667437840253113
[2025-01-24 08:30:21,407] INFO: Iter 49300 Summarn  y: 
[2025-01-24 08:30:21,408] INFO: 	 lr: 1.000000000000002e-05 	 Training loss: 0.019691567830741406
[2025-01-24 08:30:29,751] INFO: Iter 49400 Summarn  y: 
[2025-01-24 08:30:29,752] INFO: 	 lr: 1.000000000000002e-05 	 Training loss: 0.01965529290959239
[2025-01-24 08:30:39,539] INFO: Iter 49500 Summarn  y: 
[2025-01-24 08:30:39,539] INFO: 	 lr: 1.000000000000002e-05 	 Training loss: 0.01980224881321192
[2025-01-24 08:30:51,277] INFO: Iter 49600 Summarn  y: 
[2025-01-24 08:30:51,277] INFO: 	 lr: 1.000000000000002e-05 	 Training loss: 0.01969734760001302
[2025-01-24 08:31:01,732] INFO: Iter 49700 Summarn  y: 
[2025-01-24 08:31:01,733] INFO: 	 lr: 1.000000000000002e-05 	 Training loss: 0.019710978772491217
[2025-01-24 08:31:10,793] INFO: Iter 49800 Summarn  y: 
[2025-01-24 08:31:10,793] INFO: 	 lr: 1.000000000000002e-05 	 Training loss: 0.019753292836248874
[2025-01-24 08:31:21,544] INFO: Iter 49900 Summarn  y: 
[2025-01-24 08:31:21,544] INFO: 	 lr: 1.000000000000002e-05 	 Training loss: 0.01967962285503745
[2025-01-24 08:31:33,414] INFO: Iter 50000 Summarn  y: 
[2025-01-24 08:31:33,414] INFO: 	 lr: 1.000000000000002e-05 	 Training loss: 0.01975068710744381
[2025-01-24 08:31:48,278] INFO: Iter 50100 Summarn  y: 
[2025-01-24 08:31:48,279] INFO: 	 lr: 1.000000000000002e-05 	 Training loss: 0.019660680387169123
[2025-01-24 08:32:00,391] INFO: Iter 50200 Summarn  y: 
[2025-01-24 08:32:00,392] INFO: 	 lr: 1.000000000000002e-05 	 Training loss: 0.01965948525816202
[2025-01-24 08:32:13,859] INFO: Iter 50300 Summarn  y: 
[2025-01-24 08:32:13,860] INFO: 	 lr: 1.000000000000002e-05 	 Training loss: 0.019598881136626004
[2025-01-24 08:32:24,908] INFO: Iter 50400 Summarn  y: 
[2025-01-24 08:32:24,909] INFO: 	 lr: 1.000000000000002e-05 	 Training loss: 0.019773645903915168
[2025-01-24 08:32:32,672] INFO: Iter 50500 Summarn  y: 
[2025-01-24 08:32:32,672] INFO: 	 lr: 1.000000000000002e-05 	 Training loss: 0.01971889540553093
[2025-01-24 08:32:42,684] INFO: Iter 50600 Summarn  y: 
[2025-01-24 08:32:42,684] INFO: 	 lr: 1.000000000000002e-05 	 Training loss: 0.01975719977170229
[2025-01-24 08:32:54,642] INFO: Iter 50700 Summarn  y: 
[2025-01-24 08:32:54,643] INFO: 	 lr: 1.000000000000002e-05 	 Training loss: 0.019693225510418414
[2025-01-24 08:33:04,343] INFO: Iter 50800 Summarn  y: 
[2025-01-24 08:33:04,343] INFO: 	 lr: 1.000000000000002e-05 	 Training loss: 0.019580189827829598
[2025-01-24 08:33:13,503] INFO: Iter 50900 Summarn  y: 
[2025-01-24 08:33:13,503] INFO: 	 lr: 1.000000000000002e-05 	 Training loss: 0.019713611751794816
[2025-01-24 08:33:25,396] INFO: Iter 51000 Summarn  y: 
[2025-01-24 08:33:25,396] INFO: 	 lr: 1.000000000000002e-05 	 Training loss: 0.0197545712813735
[2025-01-24 08:33:35,450] INFO: Iter 51100 Summarn  y: 
[2025-01-24 08:33:35,451] INFO: 	 lr: 1.000000000000002e-05 	 Training loss: 0.019667374547570945
[2025-01-24 08:33:45,777] INFO: Iter 51200 Summarn  y: 
[2025-01-24 08:33:45,778] INFO: 	 lr: 1.000000000000002e-05 	 Training loss: 0.019751162566244602
[2025-01-24 08:33:54,234] INFO: Iter 51300 Summarn  y: 
[2025-01-24 08:33:54,234] INFO: 	 lr: 1.000000000000002e-05 	 Training loss: 0.019548841919749975
[2025-01-24 08:34:04,377] INFO: Iter 51400 Summarn  y: 
[2025-01-24 08:34:04,377] INFO: 	 lr: 1.000000000000002e-05 	 Training loss: 0.019662137739360333
[2025-01-24 08:34:14,028] INFO: Iter 51500 Summarn  y: 
[2025-01-24 08:34:14,029] INFO: 	 lr: 1.000000000000002e-05 	 Training loss: 0.0196291328035295
[2025-01-24 08:34:23,282] INFO: Iter 51600 Summarn  y: 
[2025-01-24 08:34:23,282] INFO: 	 lr: 1.000000000000002e-05 	 Training loss: 0.01965003052726388
[2025-01-24 08:34:34,796] INFO: Iter 51700 Summarn  y: 
[2025-01-24 08:34:34,797] INFO: 	 lr: 1.000000000000002e-05 	 Training loss: 0.019697744119912385
