[2024-12-30 02:29:55,182] INFO: {
    "abs_dir": "/home/diwang/siMLPe/exps/baseline_h36m",
    "batch_size": 256,
    "cos_lr_max": 1e-05,
    "cos_lr_min": 5e-08,
    "cos_lr_total_iters": 40000,
    "data_aug": true,
    "deriv_input": true,
    "deriv_output": true,
    "h36m_anno_dir": "/home/diwang/siMLPe/data/h36m/",
    "link_log_file": "/home/diwang/siMLPe/exps/baseline_h36m/log/log_last.log",
    "link_val_log_file": "/home/diwang/siMLPe/exps/baseline_h36m/log/val_last.log",
    "log_dir": "/home/diwang/siMLPe/exps/baseline_h36m/log",
    "log_file": "/home/diwang/siMLPe/exps/baseline_h36m/log/log_2024_12_30_02_29_36.log",
    "model_pth": null,
    "motion": {
        "dim": 66,
        "h36m_input_length": 50,
        "h36m_input_length_dct": 50,
        "h36m_target_length": 10,
        "h36m_target_length_eval": 25,
        "h36m_target_length_train": 10
    },
    "motion_fc_in": {
        "activation": "relu",
        "in_features": 66,
        "init_w_trunc_normal": false,
        "out_features": 66,
        "temporal_fc": false,
        "with_norm": false
    },
    "motion_fc_out": {
        "activation": "relu",
        "in_features": 66,
        "init_w_trunc_normal": true,
        "out_features": 66,
        "temporal_fc": false,
        "with_norm": false
    },
    "motion_mlp": {
        "hidden_dim": 66,
        "norm_axis": "spatial",
        "num_layers": 48,
        "seq_len": 50,
        "spatial_fc_only": false,
        "with_normalization": true
    },
    "num_workers": 8,
    "post_dct": false,
    "pre_dct": false,
    "print_every": 100,
    "repo_name": "siMLPe",
    "root_dir": "/home/diwang/siMLPe",
    "save_every": 2000,
    "seed": 304,
    "shift_step": 10,
    "snapshot_dir": "/home/diwang/siMLPe/exps/baseline_h36m/log/snapshot",
    "this_dir": "baseline_h36m",
    "use_relative_loss": true,
    "val_log_file": "/home/diwang/siMLPe/exps/baseline_h36m/log/val_2024_12_30_02_29_36.log",
    "weight_decay": 0.0001
}
[2024-12-30 02:30:05,176] INFO: Iter 100 Summary: 
[2024-12-30 02:30:05,177] INFO: 	 lr: 0.00030000000000000073 	 Training loss: 0.10268414244055749
[2024-12-30 02:30:13,034] INFO: Iter 200 Summary: 
[2024-12-30 02:30:13,035] INFO: 	 lr: 0.00030000000000000073 	 Training loss: 0.07475372910499573
[2024-12-30 02:30:21,663] INFO: Iter 300 Summary: 
[2024-12-30 02:30:21,664] INFO: 	 lr: 0.00030000000000000073 	 Training loss: 0.07417303986847401
[2024-12-30 02:30:29,279] INFO: Iter 400 Summary: 
[2024-12-30 02:30:29,280] INFO: 	 lr: 0.00030000000000000073 	 Training loss: 0.07072803132236004
[2024-12-30 02:30:37,987] INFO: Iter 500 Summary: 
[2024-12-30 02:30:37,987] INFO: 	 lr: 0.00030000000000000073 	 Training loss: 0.06500843215733766
[2024-12-30 02:30:45,656] INFO: Iter 600 Summary: 
[2024-12-30 02:30:45,656] INFO: 	 lr: 0.00030000000000000073 	 Training loss: 0.05994651574641466
[2024-12-30 02:30:54,510] INFO: Iter 700 Summary: 
[2024-12-30 02:30:54,510] INFO: 	 lr: 0.00030000000000000073 	 Training loss: 0.05745313610881567
[2024-12-30 02:31:02,199] INFO: Iter 800 Summary: 
[2024-12-30 02:31:02,199] INFO: 	 lr: 0.00030000000000000073 	 Training loss: 0.05636872477829456
[2024-12-30 02:31:11,009] INFO: Iter 900 Summary: 
[2024-12-30 02:31:11,009] INFO: 	 lr: 0.00030000000000000073 	 Training loss: 0.055797373428940776
[2024-12-30 02:31:18,814] INFO: Iter 1000 Summary: 
[2024-12-30 02:31:18,815] INFO: 	 lr: 0.00030000000000000073 	 Training loss: 0.05477707087993622
[2024-12-30 02:31:26,436] INFO: Iter 1100 Summary: 
[2024-12-30 02:31:26,437] INFO: 	 lr: 0.00030000000000000073 	 Training loss: 0.05426794521510601
[2024-12-30 02:31:35,749] INFO: Iter 1200 Summary: 
[2024-12-30 02:31:35,749] INFO: 	 lr: 0.00030000000000000073 	 Training loss: 0.053705553710460666
[2024-12-30 02:31:43,432] INFO: Iter 1300 Summary: 
[2024-12-30 02:31:43,433] INFO: 	 lr: 0.00030000000000000073 	 Training loss: 0.05314198806881905
[2024-12-30 02:31:52,462] INFO: Iter 1400 Summary: 
[2024-12-30 02:31:52,462] INFO: 	 lr: 0.00030000000000000073 	 Training loss: 0.052710493095219135
[2024-12-30 02:32:00,262] INFO: Iter 1500 Summary: 
[2024-12-30 02:32:00,263] INFO: 	 lr: 0.00030000000000000073 	 Training loss: 0.05212837390601635
[2024-12-30 02:32:09,144] INFO: Iter 1600 Summary: 
[2024-12-30 02:32:09,144] INFO: 	 lr: 0.00030000000000000073 	 Training loss: 0.05202379208058119
[2024-12-30 02:32:17,223] INFO: Iter 1700 Summary: 
[2024-12-30 02:32:17,224] INFO: 	 lr: 0.00030000000000000073 	 Training loss: 0.05182391848415136
[2024-12-30 02:32:26,196] INFO: Iter 1800 Summary: 
[2024-12-30 02:32:26,196] INFO: 	 lr: 0.00030000000000000073 	 Training loss: 0.05116655871272087
[2024-12-30 02:32:33,515] INFO: Iter 1900 Summary: 
[2024-12-30 02:32:33,515] INFO: 	 lr: 0.00030000000000000073 	 Training loss: 0.05083276435732841
[2024-12-30 02:32:41,160] INFO: Iter 2000 Summary: 
[2024-12-30 02:32:41,161] INFO: 	 lr: 0.00030000000000000073 	 Training loss: 0.05076517935842276
[2024-12-30 02:32:52,531] INFO: Iter 2100 Summary: 
[2024-12-30 02:32:52,531] INFO: 	 lr: 0.00030000000000000073 	 Training loss: 0.0508185039460659
[2024-12-30 02:33:00,351] INFO: Iter 2200 Summary: 
[2024-12-30 02:33:00,351] INFO: 	 lr: 0.00030000000000000073 	 Training loss: 0.05055488429963589
[2024-12-30 02:33:09,330] INFO: Iter 2300 Summary: 
[2024-12-30 02:33:09,331] INFO: 	 lr: 0.00030000000000000073 	 Training loss: 0.050139849707484245
[2024-12-30 02:33:17,045] INFO: Iter 2400 Summary: 
[2024-12-30 02:33:17,045] INFO: 	 lr: 0.00030000000000000073 	 Training loss: 0.04993482444435358
[2024-12-30 02:33:26,016] INFO: Iter 2500 Summary: 
[2024-12-30 02:33:26,017] INFO: 	 lr: 0.00030000000000000073 	 Training loss: 0.04969180554151535
[2024-12-30 02:33:34,205] INFO: Iter 2600 Summary: 
[2024-12-30 02:33:34,205] INFO: 	 lr: 0.00030000000000000073 	 Training loss: 0.04944060027599335
[2024-12-30 02:33:42,989] INFO: Iter 2700 Summary: 
[2024-12-30 02:33:42,989] INFO: 	 lr: 0.00030000000000000073 	 Training loss: 0.049581179916858675
[2024-12-30 02:33:51,031] INFO: Iter 2800 Summary: 
[2024-12-30 02:33:51,032] INFO: 	 lr: 0.00030000000000000073 	 Training loss: 0.049409446194767954
[2024-12-30 02:33:59,868] INFO: Iter 2900 Summary: 
[2024-12-30 02:33:59,868] INFO: 	 lr: 0.00030000000000000073 	 Training loss: 0.04896051462739706
[2024-12-30 02:34:07,842] INFO: Iter 3000 Summary: 
[2024-12-30 02:34:07,842] INFO: 	 lr: 0.00030000000000000073 	 Training loss: 0.048763031102716924
[2024-12-30 02:34:16,628] INFO: Iter 3100 Summary: 
[2024-12-30 02:34:16,628] INFO: 	 lr: 0.00030000000000000073 	 Training loss: 0.048479442633688447
[2024-12-30 02:34:26,165] INFO: Iter 3200 Summary: 
[2024-12-30 02:34:26,166] INFO: 	 lr: 0.00030000000000000073 	 Training loss: 0.048992955014109614
[2024-12-30 02:34:34,075] INFO: Iter 3300 Summary: 
[2024-12-30 02:34:34,076] INFO: 	 lr: 0.00030000000000000073 	 Training loss: 0.04859013587236404
[2024-12-30 02:34:43,193] INFO: Iter 3400 Summary: 
[2024-12-30 02:34:43,193] INFO: 	 lr: 0.00030000000000000073 	 Training loss: 0.04854118824005127
[2024-12-30 02:34:50,949] INFO: Iter 3500 Summary: 
[2024-12-30 02:34:50,949] INFO: 	 lr: 0.00030000000000000073 	 Training loss: 0.04848843600600958
[2024-12-30 02:35:00,115] INFO: Iter 3600 Summary: 
[2024-12-30 02:35:00,116] INFO: 	 lr: 0.00030000000000000073 	 Training loss: 0.04806782051920891
[2024-12-30 02:35:08,003] INFO: Iter 3700 Summary: 
[2024-12-30 02:35:08,003] INFO: 	 lr: 0.00030000000000000073 	 Training loss: 0.048299075216054914
[2024-12-30 02:35:16,751] INFO: Iter 3800 Summary: 
[2024-12-30 02:35:16,751] INFO: 	 lr: 0.00030000000000000073 	 Training loss: 0.048222134411334994
[2024-12-30 02:35:24,888] INFO: Iter 3900 Summary: 
[2024-12-30 02:35:24,889] INFO: 	 lr: 0.00030000000000000073 	 Training loss: 0.04776582553982735
[2024-12-30 02:35:32,886] INFO: Iter 4000 Summary: 
[2024-12-30 02:35:32,886] INFO: 	 lr: 0.00030000000000000073 	 Training loss: 0.04792410973459482
[2024-12-30 02:35:44,876] INFO: Iter 4100 Summary: 
[2024-12-30 02:35:44,877] INFO: 	 lr: 0.00030000000000000073 	 Training loss: 0.04744105204939842
[2024-12-30 02:35:52,642] INFO: Iter 4200 Summary: 
[2024-12-30 02:35:52,642] INFO: 	 lr: 0.00030000000000000073 	 Training loss: 0.04791269928216934
[2024-12-30 02:36:01,443] INFO: Iter 4300 Summary: 
[2024-12-30 02:36:01,443] INFO: 	 lr: 0.00030000000000000073 	 Training loss: 0.047710460461676124
[2024-12-30 02:36:09,359] INFO: Iter 4400 Summary: 
[2024-12-30 02:36:09,359] INFO: 	 lr: 0.00030000000000000073 	 Training loss: 0.04753676377236843
[2024-12-30 02:36:18,137] INFO: Iter 4500 Summary: 
[2024-12-30 02:36:18,137] INFO: 	 lr: 0.00030000000000000073 	 Training loss: 0.04717065166682005
[2024-12-30 02:36:26,110] INFO: Iter 4600 Summary: 
[2024-12-30 02:36:26,111] INFO: 	 lr: 0.00030000000000000073 	 Training loss: 0.0473219221830368
[2024-12-30 02:36:34,901] INFO: Iter 4700 Summary: 
[2024-12-30 02:36:34,901] INFO: 	 lr: 0.00030000000000000073 	 Training loss: 0.04718551211059094
[2024-12-30 02:36:43,019] INFO: Iter 4800 Summary: 
[2024-12-30 02:36:43,019] INFO: 	 lr: 0.00030000000000000073 	 Training loss: 0.04713874530047178
[2024-12-30 02:36:51,711] INFO: Iter 4900 Summary: 
[2024-12-30 02:36:51,711] INFO: 	 lr: 0.00030000000000000073 	 Training loss: 0.04750818155705929
[2024-12-30 02:36:59,694] INFO: Iter 5000 Summary: 
[2024-12-30 02:36:59,695] INFO: 	 lr: 0.00030000000000000073 	 Training loss: 0.046932450085878374
[2024-12-30 02:37:07,408] INFO: Iter 5100 Summary: 
[2024-12-30 02:37:07,408] INFO: 	 lr: 0.00030000000000000073 	 Training loss: 0.046949461922049525
[2024-12-30 02:37:16,322] INFO: Iter 5200 Summary: 
[2024-12-30 02:37:16,322] INFO: 	 lr: 0.00030000000000000073 	 Training loss: 0.04672456957399845
[2024-12-30 02:37:24,395] INFO: Iter 5300 Summary: 
[2024-12-30 02:37:24,395] INFO: 	 lr: 0.00030000000000000073 	 Training loss: 0.04699542127549648
[2024-12-30 02:37:33,394] INFO: Iter 5400 Summary: 
[2024-12-30 02:37:33,394] INFO: 	 lr: 0.00030000000000000073 	 Training loss: 0.046925361156463626
[2024-12-30 02:37:41,010] INFO: Iter 5500 Summary: 
[2024-12-30 02:37:41,011] INFO: 	 lr: 0.00030000000000000073 	 Training loss: 0.04657961562275886
[2024-12-30 02:37:50,407] INFO: Iter 5600 Summary: 
[2024-12-30 02:37:50,407] INFO: 	 lr: 0.00030000000000000073 	 Training loss: 0.04662185605615377
[2024-12-30 02:37:58,515] INFO: Iter 5700 Summary: 
[2024-12-30 02:37:58,515] INFO: 	 lr: 0.00030000000000000073 	 Training loss: 0.046358870454132554
[2024-12-30 02:38:07,339] INFO: Iter 5800 Summary: 
[2024-12-30 02:38:07,340] INFO: 	 lr: 0.00030000000000000073 	 Training loss: 0.04666925311088562
[2024-12-30 02:38:15,087] INFO: Iter 5900 Summary: 
[2024-12-30 02:38:15,087] INFO: 	 lr: 0.00030000000000000073 	 Training loss: 0.046146095171570777
[2024-12-30 02:38:22,948] INFO: Iter 6000 Summary: 
[2024-12-30 02:38:22,948] INFO: 	 lr: 0.00030000000000000073 	 Training loss: 0.046572728790342806
[2024-12-30 02:38:34,720] INFO: Iter 6100 Summary: 
[2024-12-30 02:38:34,721] INFO: 	 lr: 0.00030000000000000073 	 Training loss: 0.04632871001958847
[2024-12-30 02:38:42,494] INFO: Iter 6200 Summary: 
[2024-12-30 02:38:42,494] INFO: 	 lr: 0.00030000000000000073 	 Training loss: 0.04639993075281382
[2024-12-30 02:38:51,980] INFO: Iter 6300 Summary: 
[2024-12-30 02:38:51,981] INFO: 	 lr: 0.00030000000000000073 	 Training loss: 0.0461318164691329
[2024-12-30 02:38:59,548] INFO: Iter 6400 Summary: 
[2024-12-30 02:38:59,549] INFO: 	 lr: 0.00030000000000000073 	 Training loss: 0.04641365304589271
[2024-12-30 02:39:08,431] INFO: Iter 6500 Summary: 
[2024-12-30 02:39:08,431] INFO: 	 lr: 0.00030000000000000073 	 Training loss: 0.045617121271789074
[2024-12-30 02:39:16,196] INFO: Iter 6600 Summary: 
[2024-12-30 02:39:16,196] INFO: 	 lr: 0.00030000000000000073 	 Training loss: 0.046275388039648535
[2024-12-30 02:39:25,110] INFO: Iter 6700 Summary: 
[2024-12-30 02:39:25,110] INFO: 	 lr: 0.00030000000000000073 	 Training loss: 0.045843497179448606
[2024-12-30 02:39:33,292] INFO: Iter 6800 Summary: 
[2024-12-30 02:39:33,292] INFO: 	 lr: 0.00030000000000000073 	 Training loss: 0.0459270903468132
[2024-12-30 02:39:41,267] INFO: Iter 6900 Summary: 
[2024-12-30 02:39:41,267] INFO: 	 lr: 0.00030000000000000073 	 Training loss: 0.04568760484457016
[2024-12-30 02:39:50,346] INFO: Iter 7000 Summary: 
[2024-12-30 02:39:50,346] INFO: 	 lr: 0.00030000000000000073 	 Training loss: 0.045730303078889846
[2024-12-30 02:39:58,097] INFO: Iter 7100 Summary: 
[2024-12-30 02:39:58,098] INFO: 	 lr: 0.00030000000000000073 	 Training loss: 0.045661462731659413
[2024-12-30 02:40:07,030] INFO: Iter 7200 Summary: 
[2024-12-30 02:40:07,031] INFO: 	 lr: 0.00030000000000000073 	 Training loss: 0.04524879865348339
[2024-12-30 02:40:14,864] INFO: Iter 7300 Summary: 
[2024-12-30 02:40:14,865] INFO: 	 lr: 0.00030000000000000073 	 Training loss: 0.04556005764752626
[2024-12-30 02:40:23,756] INFO: Iter 7400 Summary: 
[2024-12-30 02:40:23,757] INFO: 	 lr: 0.00030000000000000073 	 Training loss: 0.04549643777310848
[2024-12-30 02:40:31,449] INFO: Iter 7500 Summary: 
[2024-12-30 02:40:31,449] INFO: 	 lr: 0.00030000000000000073 	 Training loss: 0.04560826439410448
[2024-12-30 02:40:40,207] INFO: Iter 7600 Summary: 
[2024-12-30 02:40:40,207] INFO: 	 lr: 0.00030000000000000073 	 Training loss: 0.045219920091331
[2024-12-30 02:40:48,490] INFO: Iter 7700 Summary: 
[2024-12-30 02:40:48,490] INFO: 	 lr: 0.00030000000000000073 	 Training loss: 0.045212598703801635
[2024-12-30 02:40:58,561] INFO: Iter 7800 Summary: 
[2024-12-30 02:40:58,561] INFO: 	 lr: 0.00030000000000000073 	 Training loss: 0.04532331682741642
[2024-12-30 02:41:06,918] INFO: Iter 7900 Summary: 
[2024-12-30 02:41:06,918] INFO: 	 lr: 0.00030000000000000073 	 Training loss: 0.045306642577052116
[2024-12-30 02:41:14,700] INFO: Iter 8000 Summary: 
[2024-12-30 02:41:14,700] INFO: 	 lr: 0.00030000000000000073 	 Training loss: 0.044995784386992456
[2024-12-30 02:41:26,257] INFO: Iter 8100 Summary: 
[2024-12-30 02:41:26,257] INFO: 	 lr: 0.00030000000000000073 	 Training loss: 0.04481479480862618
[2024-12-30 02:41:34,379] INFO: Iter 8200 Summary: 
[2024-12-30 02:41:34,379] INFO: 	 lr: 0.00030000000000000073 	 Training loss: 0.044871154204010964
[2024-12-30 02:41:43,571] INFO: Iter 8300 Summary: 
[2024-12-30 02:41:43,572] INFO: 	 lr: 0.00030000000000000073 	 Training loss: 0.04472930584102869
[2024-12-30 02:41:51,460] INFO: Iter 8400 Summary: 
[2024-12-30 02:41:51,460] INFO: 	 lr: 0.00030000000000000073 	 Training loss: 0.0446811717376113
[2024-12-30 02:42:00,783] INFO: Iter 8500 Summary: 
[2024-12-30 02:42:00,784] INFO: 	 lr: 0.00030000000000000073 	 Training loss: 0.044885885268449784
[2024-12-30 02:42:08,809] INFO: Iter 8600 Summary: 
[2024-12-30 02:42:08,810] INFO: 	 lr: 0.00030000000000000073 	 Training loss: 0.044681811444461345
[2024-12-30 02:42:18,305] INFO: Iter 8700 Summary: 
[2024-12-30 02:42:18,305] INFO: 	 lr: 0.00030000000000000073 	 Training loss: 0.044539051912724975
[2024-12-30 02:42:27,039] INFO: Iter 8800 Summary: 
[2024-12-30 02:42:27,040] INFO: 	 lr: 0.00030000000000000073 	 Training loss: 0.04440787669271231
[2024-12-30 02:42:35,019] INFO: Iter 8900 Summary: 
[2024-12-30 02:42:35,020] INFO: 	 lr: 0.00030000000000000073 	 Training loss: 0.04434955984354019
[2024-12-30 02:42:44,257] INFO: Iter 9000 Summary: 
[2024-12-30 02:42:44,257] INFO: 	 lr: 0.00030000000000000073 	 Training loss: 0.04416816107928753
[2024-12-30 02:42:52,316] INFO: Iter 9100 Summary: 
[2024-12-30 02:42:52,317] INFO: 	 lr: 0.00030000000000000073 	 Training loss: 0.04429241076111794
[2024-12-30 02:43:02,143] INFO: Iter 9200 Summary: 
[2024-12-30 02:43:02,143] INFO: 	 lr: 0.00030000000000000073 	 Training loss: 0.04410189025104046
[2024-12-30 02:43:10,007] INFO: Iter 9300 Summary: 
[2024-12-30 02:43:10,008] INFO: 	 lr: 0.00030000000000000073 	 Training loss: 0.04430690918117761
[2024-12-30 02:43:19,021] INFO: Iter 9400 Summary: 
[2024-12-30 02:43:19,022] INFO: 	 lr: 0.00030000000000000073 	 Training loss: 0.0440657976642251
[2024-12-30 02:43:27,106] INFO: Iter 9500 Summary: 
[2024-12-30 02:43:27,106] INFO: 	 lr: 0.00030000000000000073 	 Training loss: 0.04385044552385807
[2024-12-30 02:43:36,106] INFO: Iter 9600 Summary: 
[2024-12-30 02:43:36,106] INFO: 	 lr: 0.00030000000000000073 	 Training loss: 0.04378548979759216
[2024-12-30 02:43:43,892] INFO: Iter 9700 Summary: 
[2024-12-30 02:43:43,892] INFO: 	 lr: 0.00030000000000000073 	 Training loss: 0.043462945334613326
[2024-12-30 02:43:52,910] INFO: Iter 9800 Summary: 
[2024-12-30 02:43:52,911] INFO: 	 lr: 0.00030000000000000073 	 Training loss: 0.043950978107750414
[2024-12-30 02:44:02,499] INFO: Iter 9900 Summary: 
[2024-12-30 02:44:02,499] INFO: 	 lr: 0.00030000000000000073 	 Training loss: 0.043483703844249245
[2024-12-30 02:44:10,663] INFO: Iter 10000 Summary: 
[2024-12-30 02:44:10,663] INFO: 	 lr: 0.00030000000000000073 	 Training loss: 0.04346385154873133
[2024-12-30 02:44:22,460] INFO: Iter 10100 Summary: 
[2024-12-30 02:44:22,460] INFO: 	 lr: 0.00030000000000000073 	 Training loss: 0.04343608431518078
[2024-12-30 02:44:30,723] INFO: Iter 10200 Summary: 
[2024-12-30 02:44:30,724] INFO: 	 lr: 0.00030000000000000073 	 Training loss: 0.043520799987018105
[2024-12-30 02:44:40,885] INFO: Iter 10300 Summary: 
[2024-12-30 02:44:40,885] INFO: 	 lr: 0.00030000000000000073 	 Training loss: 0.043380151018500325
[2024-12-30 02:44:49,531] INFO: Iter 10400 Summary: 
[2024-12-30 02:44:49,532] INFO: 	 lr: 0.00030000000000000073 	 Training loss: 0.04364260349422693
[2024-12-30 02:44:59,157] INFO: Iter 10500 Summary: 
[2024-12-30 02:44:59,157] INFO: 	 lr: 0.00030000000000000073 	 Training loss: 0.043145721219480036
[2024-12-30 02:45:07,032] INFO: Iter 10600 Summary: 
[2024-12-30 02:45:07,032] INFO: 	 lr: 0.00030000000000000073 	 Training loss: 0.04327127140015364
[2024-12-30 02:45:16,707] INFO: Iter 10700 Summary: 
[2024-12-30 02:45:16,708] INFO: 	 lr: 0.00030000000000000073 	 Training loss: 0.0429868296161294
[2024-12-30 02:45:25,169] INFO: Iter 10800 Summary: 
[2024-12-30 02:45:25,169] INFO: 	 lr: 0.00030000000000000073 	 Training loss: 0.0429250830039382
[2024-12-30 02:45:33,793] INFO: Iter 10900 Summary: 
[2024-12-30 02:45:33,793] INFO: 	 lr: 0.00030000000000000073 	 Training loss: 0.04320142365992069
[2024-12-30 02:45:43,159] INFO: Iter 11000 Summary: 
[2024-12-30 02:45:43,159] INFO: 	 lr: 0.00030000000000000073 	 Training loss: 0.04318088937550783
[2024-12-30 02:45:51,126] INFO: Iter 11100 Summary: 
[2024-12-30 02:45:51,127] INFO: 	 lr: 0.00030000000000000073 	 Training loss: 0.04301373559981585
[2024-12-30 02:46:00,507] INFO: Iter 11200 Summary: 
[2024-12-30 02:46:00,508] INFO: 	 lr: 0.00030000000000000073 	 Training loss: 0.042840799875557424
[2024-12-30 02:46:09,517] INFO: Iter 11300 Summary: 
[2024-12-30 02:46:09,518] INFO: 	 lr: 0.00030000000000000073 	 Training loss: 0.04290295720100403
[2024-12-30 02:46:18,582] INFO: Iter 11400 Summary: 
[2024-12-30 02:46:18,583] INFO: 	 lr: 0.00030000000000000073 	 Training loss: 0.042683144472539424
[2024-12-30 02:46:26,443] INFO: Iter 11500 Summary: 
[2024-12-30 02:46:26,444] INFO: 	 lr: 0.00030000000000000073 	 Training loss: 0.042445205487310886
[2024-12-30 02:46:35,979] INFO: Iter 11600 Summary: 
[2024-12-30 02:46:35,980] INFO: 	 lr: 0.00030000000000000073 	 Training loss: 0.04262186150997877
[2024-12-30 02:46:44,549] INFO: Iter 11700 Summary: 
[2024-12-30 02:46:44,549] INFO: 	 lr: 0.00030000000000000073 	 Training loss: 0.04229244463145733
[2024-12-30 02:46:53,280] INFO: Iter 11800 Summary: 
[2024-12-30 02:46:53,280] INFO: 	 lr: 0.00030000000000000073 	 Training loss: 0.04235399056226015
[2024-12-30 02:47:01,368] INFO: Iter 11900 Summary: 
[2024-12-30 02:47:01,369] INFO: 	 lr: 0.00030000000000000073 	 Training loss: 0.042429596818983555
[2024-12-30 02:47:09,519] INFO: Iter 12000 Summary: 
[2024-12-30 02:47:09,520] INFO: 	 lr: 0.00030000000000000073 	 Training loss: 0.04247805617749691
[2024-12-30 02:47:21,593] INFO: Iter 12100 Summary: 
[2024-12-30 02:47:21,593] INFO: 	 lr: 0.00030000000000000073 	 Training loss: 0.04221988216042519
[2024-12-30 02:47:29,963] INFO: Iter 12200 Summary: 
[2024-12-30 02:47:29,963] INFO: 	 lr: 0.00030000000000000073 	 Training loss: 0.042120363265275955
[2024-12-30 02:47:39,679] INFO: Iter 12300 Summary: 
[2024-12-30 02:47:39,680] INFO: 	 lr: 0.00030000000000000073 	 Training loss: 0.04221936289221048
[2024-12-30 02:47:47,970] INFO: Iter 12400 Summary: 
[2024-12-30 02:47:47,971] INFO: 	 lr: 0.00030000000000000073 	 Training loss: 0.04190313886851072
[2024-12-30 02:47:57,604] INFO: Iter 12500 Summary: 
[2024-12-30 02:47:57,605] INFO: 	 lr: 0.00030000000000000073 	 Training loss: 0.041871098279953
[2024-12-30 02:48:05,774] INFO: Iter 12600 Summary: 
[2024-12-30 02:48:05,774] INFO: 	 lr: 0.00030000000000000073 	 Training loss: 0.041855625845491885
[2024-12-30 02:48:14,785] INFO: Iter 12700 Summary: 
[2024-12-30 02:48:14,786] INFO: 	 lr: 0.00030000000000000073 	 Training loss: 0.04206589780747891
[2024-12-30 02:48:23,096] INFO: Iter 12800 Summary: 
[2024-12-30 02:48:23,097] INFO: 	 lr: 0.00030000000000000073 	 Training loss: 0.04170962553471327
[2024-12-30 02:48:31,016] INFO: Iter 12900 Summary: 
[2024-12-30 02:48:31,016] INFO: 	 lr: 0.00030000000000000073 	 Training loss: 0.041566828154027465
[2024-12-30 02:48:39,977] INFO: Iter 13000 Summary: 
[2024-12-30 02:48:39,978] INFO: 	 lr: 0.00030000000000000073 	 Training loss: 0.04154119107872248
[2024-12-30 02:48:48,126] INFO: Iter 13100 Summary: 
[2024-12-30 02:48:48,126] INFO: 	 lr: 0.00030000000000000073 	 Training loss: 0.0416814386844635
[2024-12-30 02:48:57,725] INFO: Iter 13200 Summary: 
[2024-12-30 02:48:57,725] INFO: 	 lr: 0.00030000000000000073 	 Training loss: 0.04151066865772009
[2024-12-30 02:49:06,176] INFO: Iter 13300 Summary: 
[2024-12-30 02:49:06,177] INFO: 	 lr: 0.00030000000000000073 	 Training loss: 0.0413820905610919
[2024-12-30 02:49:15,148] INFO: Iter 13400 Summary: 
[2024-12-30 02:49:15,149] INFO: 	 lr: 0.00030000000000000073 	 Training loss: 0.04158539991825819
[2024-12-30 02:49:23,523] INFO: Iter 13500 Summary: 
[2024-12-30 02:49:23,523] INFO: 	 lr: 0.00030000000000000073 	 Training loss: 0.04152481734752655
[2024-12-30 02:49:32,841] INFO: Iter 13600 Summary: 
[2024-12-30 02:49:32,842] INFO: 	 lr: 0.00030000000000000073 	 Training loss: 0.04140901528298855
[2024-12-30 02:49:40,613] INFO: Iter 13700 Summary: 
[2024-12-30 02:49:40,613] INFO: 	 lr: 0.00030000000000000073 	 Training loss: 0.04113737072795629
[2024-12-30 02:49:48,717] INFO: Iter 13800 Summary: 
[2024-12-30 02:49:48,718] INFO: 	 lr: 0.00030000000000000073 	 Training loss: 0.0415098762139678
[2024-12-30 02:49:58,065] INFO: Iter 13900 Summary: 
[2024-12-30 02:49:58,065] INFO: 	 lr: 0.00030000000000000073 	 Training loss: 0.041378077156841754
[2024-12-30 02:50:06,696] INFO: Iter 14000 Summary: 
[2024-12-30 02:50:06,697] INFO: 	 lr: 0.00030000000000000073 	 Training loss: 0.04117191683501005
[2024-12-30 02:50:19,290] INFO: Iter 14100 Summary: 
[2024-12-30 02:50:19,291] INFO: 	 lr: 0.00030000000000000073 	 Training loss: 0.041020821630954746
[2024-12-30 02:50:27,340] INFO: Iter 14200 Summary: 
[2024-12-30 02:50:27,341] INFO: 	 lr: 0.00030000000000000073 	 Training loss: 0.04118646647781134
[2024-12-30 02:50:36,930] INFO: Iter 14300 Summary: 
[2024-12-30 02:50:36,931] INFO: 	 lr: 0.00030000000000000073 	 Training loss: 0.04096385020762682
[2024-12-30 02:50:45,312] INFO: Iter 14400 Summary: 
[2024-12-30 02:50:45,313] INFO: 	 lr: 0.00030000000000000073 	 Training loss: 0.041316546015441415
[2024-12-30 02:50:54,962] INFO: Iter 14500 Summary: 
[2024-12-30 02:50:54,962] INFO: 	 lr: 0.00030000000000000073 	 Training loss: 0.04096606831997633
[2024-12-30 02:51:02,996] INFO: Iter 14600 Summary: 
[2024-12-30 02:51:02,997] INFO: 	 lr: 0.00030000000000000073 	 Training loss: 0.040813245847821235
[2024-12-30 02:51:12,616] INFO: Iter 14700 Summary: 
[2024-12-30 02:51:12,616] INFO: 	 lr: 0.00030000000000000073 	 Training loss: 0.04085292927920818
[2024-12-30 02:51:20,952] INFO: Iter 14800 Summary: 
[2024-12-30 02:51:20,952] INFO: 	 lr: 0.00030000000000000073 	 Training loss: 0.040665399618446826
[2024-12-30 02:51:28,771] INFO: Iter 14900 Summary: 
[2024-12-30 02:51:28,771] INFO: 	 lr: 0.00030000000000000073 	 Training loss: 0.0407440061122179
[2024-12-30 02:51:38,166] INFO: Iter 15000 Summary: 
[2024-12-30 02:51:38,166] INFO: 	 lr: 0.00030000000000000073 	 Training loss: 0.04081692967563868
[2024-12-30 02:51:46,527] INFO: Iter 15100 Summary: 
[2024-12-30 02:51:46,528] INFO: 	 lr: 0.00030000000000000073 	 Training loss: 0.04039285894483328
[2024-12-30 02:51:55,618] INFO: Iter 15200 Summary: 
[2024-12-30 02:51:55,618] INFO: 	 lr: 0.00030000000000000073 	 Training loss: 0.040867534577846525
[2024-12-30 02:52:03,671] INFO: Iter 15300 Summary: 
[2024-12-30 02:52:03,671] INFO: 	 lr: 0.00030000000000000073 	 Training loss: 0.04056490790098906
[2024-12-30 02:52:13,220] INFO: Iter 15400 Summary: 
[2024-12-30 02:52:13,220] INFO: 	 lr: 0.00030000000000000073 	 Training loss: 0.04032545801252127
[2024-12-30 02:52:21,093] INFO: Iter 15500 Summary: 
[2024-12-30 02:52:21,093] INFO: 	 lr: 0.00030000000000000073 	 Training loss: 0.04038632236421108
[2024-12-30 02:52:30,156] INFO: Iter 15600 Summary: 
[2024-12-30 02:52:30,157] INFO: 	 lr: 0.00030000000000000073 	 Training loss: 0.040500678680837156
[2024-12-30 02:52:37,880] INFO: Iter 15700 Summary: 
[2024-12-30 02:52:37,880] INFO: 	 lr: 0.00030000000000000073 	 Training loss: 0.04013824064284563
[2024-12-30 02:52:45,773] INFO: Iter 15800 Summary: 
[2024-12-30 02:52:45,774] INFO: 	 lr: 0.00030000000000000073 	 Training loss: 0.040554416477680204
[2024-12-30 02:52:54,829] INFO: Iter 15900 Summary: 
[2024-12-30 02:52:54,829] INFO: 	 lr: 0.00030000000000000073 	 Training loss: 0.04012322138994932
[2024-12-30 02:53:02,820] INFO: Iter 16000 Summary: 
[2024-12-30 02:53:02,821] INFO: 	 lr: 0.00030000000000000073 	 Training loss: 0.04001013871282339
[2024-12-30 02:53:15,144] INFO: Iter 16100 Summary: 
[2024-12-30 02:53:15,145] INFO: 	 lr: 0.00030000000000000073 	 Training loss: 0.0400433736667037
[2024-12-30 02:53:23,773] INFO: Iter 16200 Summary: 
[2024-12-30 02:53:23,774] INFO: 	 lr: 0.00030000000000000073 	 Training loss: 0.04019734594970942
[2024-12-30 02:53:33,062] INFO: Iter 16300 Summary: 
[2024-12-30 02:53:33,063] INFO: 	 lr: 0.00030000000000000073 	 Training loss: 0.03999122314155102
[2024-12-30 02:53:41,396] INFO: Iter 16400 Summary: 
[2024-12-30 02:53:41,396] INFO: 	 lr: 0.00030000000000000073 	 Training loss: 0.0400038280710578
[2024-12-30 02:53:51,144] INFO: Iter 16500 Summary: 
[2024-12-30 02:53:51,144] INFO: 	 lr: 0.00030000000000000073 	 Training loss: 0.04021122846752405
[2024-12-30 02:53:59,637] INFO: Iter 16600 Summary: 
[2024-12-30 02:53:59,638] INFO: 	 lr: 0.00030000000000000073 	 Training loss: 0.039722850732505324
[2024-12-30 02:54:08,805] INFO: Iter 16700 Summary: 
[2024-12-30 02:54:08,806] INFO: 	 lr: 0.00030000000000000073 	 Training loss: 0.04000633992254734
[2024-12-30 02:54:17,052] INFO: Iter 16800 Summary: 
[2024-12-30 02:54:17,053] INFO: 	 lr: 0.00030000000000000073 	 Training loss: 0.03996325761079788
[2024-12-30 02:54:25,299] INFO: Iter 16900 Summary: 
[2024-12-30 02:54:25,299] INFO: 	 lr: 0.00030000000000000073 	 Training loss: 0.03964163590222597
[2024-12-30 02:54:34,732] INFO: Iter 17000 Summary: 
[2024-12-30 02:54:34,732] INFO: 	 lr: 0.00030000000000000073 	 Training loss: 0.03977229375392199
[2024-12-30 02:54:42,962] INFO: Iter 17100 Summary: 
[2024-12-30 02:54:42,962] INFO: 	 lr: 0.00030000000000000073 	 Training loss: 0.03954369381070137
[2024-12-30 02:54:52,454] INFO: Iter 17200 Summary: 
[2024-12-30 02:54:52,455] INFO: 	 lr: 0.00030000000000000073 	 Training loss: 0.0396596309915185
[2024-12-30 02:55:00,694] INFO: Iter 17300 Summary: 
[2024-12-30 02:55:00,694] INFO: 	 lr: 0.00030000000000000073 	 Training loss: 0.039733844250440596
[2024-12-30 02:55:10,507] INFO: Iter 17400 Summary: 
[2024-12-30 02:55:10,507] INFO: 	 lr: 0.00030000000000000073 	 Training loss: 0.03979437436908483
[2024-12-30 02:55:19,094] INFO: Iter 17500 Summary: 
[2024-12-30 02:55:19,095] INFO: 	 lr: 0.00030000000000000073 	 Training loss: 0.039392828568816186
[2024-12-30 02:55:28,304] INFO: Iter 17600 Summary: 
[2024-12-30 02:55:28,305] INFO: 	 lr: 0.00030000000000000073 	 Training loss: 0.03960689965635538
[2024-12-30 02:55:36,507] INFO: Iter 17700 Summary: 
[2024-12-30 02:55:36,508] INFO: 	 lr: 0.00030000000000000073 	 Training loss: 0.0394102281332016
[2024-12-30 02:55:45,019] INFO: Iter 17800 Summary: 
[2024-12-30 02:55:45,020] INFO: 	 lr: 0.00030000000000000073 	 Training loss: 0.039718586504459384
[2024-12-30 02:55:54,719] INFO: Iter 17900 Summary: 
[2024-12-30 02:55:54,720] INFO: 	 lr: 0.00030000000000000073 	 Training loss: 0.039353149347007274
[2024-12-30 02:56:03,340] INFO: Iter 18000 Summary: 
[2024-12-30 02:56:03,340] INFO: 	 lr: 0.00030000000000000073 	 Training loss: 0.039227539375424385
[2024-12-30 02:56:15,469] INFO: Iter 18100 Summary: 
[2024-12-30 02:56:15,470] INFO: 	 lr: 0.00030000000000000073 	 Training loss: 0.03933717388659716
[2024-12-30 02:56:23,756] INFO: Iter 18200 Summary: 
[2024-12-30 02:56:23,756] INFO: 	 lr: 0.00030000000000000073 	 Training loss: 0.03931151960045099
[2024-12-30 02:56:33,130] INFO: Iter 18300 Summary: 
[2024-12-30 02:56:33,130] INFO: 	 lr: 0.00030000000000000073 	 Training loss: 0.03925494823604822
[2024-12-30 02:56:41,624] INFO: Iter 18400 Summary: 
[2024-12-30 02:56:41,624] INFO: 	 lr: 0.00030000000000000073 	 Training loss: 0.039173608869314196
[2024-12-30 02:56:50,866] INFO: Iter 18500 Summary: 
[2024-12-30 02:56:50,866] INFO: 	 lr: 0.00030000000000000073 	 Training loss: 0.03918899063020945
[2024-12-30 02:56:59,040] INFO: Iter 18600 Summary: 
[2024-12-30 02:56:59,040] INFO: 	 lr: 0.00030000000000000073 	 Training loss: 0.03955566648393869
[2024-12-30 02:57:08,630] INFO: Iter 18700 Summary: 
[2024-12-30 02:57:08,630] INFO: 	 lr: 0.00030000000000000073 	 Training loss: 0.03906537838280201
[2024-12-30 02:57:17,633] INFO: Iter 18800 Summary: 
[2024-12-30 02:57:17,634] INFO: 	 lr: 0.00030000000000000073 	 Training loss: 0.03893798198550939
[2024-12-30 02:57:25,977] INFO: Iter 18900 Summary: 
[2024-12-30 02:57:25,978] INFO: 	 lr: 0.00030000000000000073 	 Training loss: 0.03901813857257366
[2024-12-30 02:57:35,582] INFO: Iter 19000 Summary: 
[2024-12-30 02:57:35,583] INFO: 	 lr: 0.00030000000000000073 	 Training loss: 0.03903620880097151
[2024-12-30 02:57:43,802] INFO: Iter 19100 Summary: 
[2024-12-30 02:57:43,803] INFO: 	 lr: 0.00030000000000000073 	 Training loss: 0.038941858038306236
[2024-12-30 02:57:53,240] INFO: Iter 19200 Summary: 
[2024-12-30 02:57:53,240] INFO: 	 lr: 0.00030000000000000073 	 Training loss: 0.03896732430905104
[2024-12-30 02:58:01,739] INFO: Iter 19300 Summary: 
[2024-12-30 02:58:01,740] INFO: 	 lr: 0.00030000000000000073 	 Training loss: 0.038954808339476586
[2024-12-30 02:58:11,400] INFO: Iter 19400 Summary: 
[2024-12-30 02:58:11,401] INFO: 	 lr: 0.00030000000000000073 	 Training loss: 0.03875162668526173
[2024-12-30 02:58:19,902] INFO: Iter 19500 Summary: 
[2024-12-30 02:58:19,902] INFO: 	 lr: 0.00030000000000000073 	 Training loss: 0.03894284136593342
[2024-12-30 02:58:29,650] INFO: Iter 19600 Summary: 
[2024-12-30 02:58:29,651] INFO: 	 lr: 0.00030000000000000073 	 Training loss: 0.03894943863153458
[2024-12-30 02:58:38,572] INFO: Iter 19700 Summary: 
[2024-12-30 02:58:38,572] INFO: 	 lr: 0.00030000000000000073 	 Training loss: 0.038808767832815644
[2024-12-30 02:58:47,073] INFO: Iter 19800 Summary: 
[2024-12-30 02:58:47,074] INFO: 	 lr: 0.00030000000000000073 	 Training loss: 0.03891143538057804
[2024-12-30 02:58:56,734] INFO: Iter 19900 Summary: 
[2024-12-30 02:58:56,735] INFO: 	 lr: 0.00030000000000000073 	 Training loss: 0.03863766346126795
[2024-12-30 02:59:05,661] INFO: Iter 20000 Summary: 
[2024-12-30 02:59:05,661] INFO: 	 lr: 0.00030000000000000073 	 Training loss: 0.03883454706519842
[2024-12-30 02:59:18,011] INFO: Iter 20100 Summary: 
[2024-12-30 02:59:18,012] INFO: 	 lr: 0.00030000000000000073 	 Training loss: 0.03889780268073082
[2024-12-30 02:59:26,440] INFO: Iter 20200 Summary: 
[2024-12-30 02:59:26,441] INFO: 	 lr: 0.00030000000000000073 	 Training loss: 0.03881561029702425
[2024-12-30 02:59:36,083] INFO: Iter 20300 Summary: 
[2024-12-30 02:59:36,083] INFO: 	 lr: 0.00030000000000000073 	 Training loss: 0.038566412664949895
[2024-12-30 02:59:44,721] INFO: Iter 20400 Summary: 
[2024-12-30 02:59:44,722] INFO: 	 lr: 0.00030000000000000073 	 Training loss: 0.038585562482476236
[2024-12-30 02:59:54,433] INFO: Iter 20500 Summary: 
[2024-12-30 02:59:54,434] INFO: 	 lr: 0.00030000000000000073 	 Training loss: 0.03868893012404442
[2024-12-30 03:00:02,555] INFO: Iter 20600 Summary: 
[2024-12-30 03:00:02,556] INFO: 	 lr: 0.00030000000000000073 	 Training loss: 0.03869019981473684
[2024-12-30 03:00:11,013] INFO: Iter 20700 Summary: 
[2024-12-30 03:00:11,014] INFO: 	 lr: 0.00030000000000000073 	 Training loss: 0.03866121962666511
[2024-12-30 03:00:20,570] INFO: Iter 20800 Summary: 
[2024-12-30 03:00:20,571] INFO: 	 lr: 0.00030000000000000073 	 Training loss: 0.03844493251293898
[2024-12-30 03:00:29,356] INFO: Iter 20900 Summary: 
[2024-12-30 03:00:29,357] INFO: 	 lr: 0.00030000000000000073 	 Training loss: 0.038488690294325355
[2024-12-30 03:00:39,581] INFO: Iter 21000 Summary: 
[2024-12-30 03:00:39,582] INFO: 	 lr: 0.00030000000000000073 	 Training loss: 0.03848141398280859
[2024-12-30 03:00:47,834] INFO: Iter 21100 Summary: 
[2024-12-30 03:00:47,835] INFO: 	 lr: 0.00030000000000000073 	 Training loss: 0.038483521156013015
[2024-12-30 03:00:57,147] INFO: Iter 21200 Summary: 
[2024-12-30 03:00:57,148] INFO: 	 lr: 0.00030000000000000073 	 Training loss: 0.038566944301128385
[2024-12-30 03:01:05,445] INFO: Iter 21300 Summary: 
[2024-12-30 03:01:05,446] INFO: 	 lr: 0.00030000000000000073 	 Training loss: 0.03833968792110681
[2024-12-30 03:01:14,956] INFO: Iter 21400 Summary: 
[2024-12-30 03:01:14,956] INFO: 	 lr: 0.00030000000000000073 	 Training loss: 0.03841172464191914
[2024-12-30 03:01:23,303] INFO: Iter 21500 Summary: 
[2024-12-30 03:01:23,303] INFO: 	 lr: 0.00030000000000000073 	 Training loss: 0.03843277007341385
[2024-12-30 03:01:32,728] INFO: Iter 21600 Summary: 
[2024-12-30 03:01:32,729] INFO: 	 lr: 0.00030000000000000073 	 Training loss: 0.03824942734092474
[2024-12-30 03:01:40,882] INFO: Iter 21700 Summary: 
[2024-12-30 03:01:40,883] INFO: 	 lr: 0.00030000000000000073 	 Training loss: 0.03856029700487852
[2024-12-30 03:01:49,179] INFO: Iter 21800 Summary: 
[2024-12-30 03:01:49,179] INFO: 	 lr: 0.00030000000000000073 	 Training loss: 0.03833805661648512
[2024-12-30 03:01:58,933] INFO: Iter 21900 Summary: 
[2024-12-30 03:01:58,933] INFO: 	 lr: 0.00030000000000000073 	 Training loss: 0.03851856358349323
[2024-12-30 03:02:07,038] INFO: Iter 22000 Summary: 
[2024-12-30 03:02:07,039] INFO: 	 lr: 0.00030000000000000073 	 Training loss: 0.03831970151513815
[2024-12-30 03:02:18,728] INFO: Iter 22100 Summary: 
[2024-12-30 03:02:18,729] INFO: 	 lr: 0.00030000000000000073 	 Training loss: 0.03832487676292658
[2024-12-30 03:02:27,068] INFO: Iter 22200 Summary: 
[2024-12-30 03:02:27,068] INFO: 	 lr: 0.00030000000000000073 	 Training loss: 0.03812645584344864
[2024-12-30 03:02:36,486] INFO: Iter 22300 Summary: 
[2024-12-30 03:02:36,486] INFO: 	 lr: 0.00030000000000000073 	 Training loss: 0.03836225058883429
[2024-12-30 03:02:44,746] INFO: Iter 22400 Summary: 
[2024-12-30 03:02:44,747] INFO: 	 lr: 0.00030000000000000073 	 Training loss: 0.03808807134628296
[2024-12-30 03:02:54,588] INFO: Iter 22500 Summary: 
[2024-12-30 03:02:54,589] INFO: 	 lr: 0.00030000000000000073 	 Training loss: 0.0381307590007782
[2024-12-30 03:03:03,548] INFO: Iter 22600 Summary: 
[2024-12-30 03:03:03,548] INFO: 	 lr: 0.00030000000000000073 	 Training loss: 0.038130551017820834
[2024-12-30 03:03:11,772] INFO: Iter 22700 Summary: 
[2024-12-30 03:03:11,773] INFO: 	 lr: 0.00030000000000000073 	 Training loss: 0.03826783496886492
[2024-12-30 03:03:21,134] INFO: Iter 22800 Summary: 
[2024-12-30 03:03:21,135] INFO: 	 lr: 0.00030000000000000073 	 Training loss: 0.03802838895469904
[2024-12-30 03:03:29,793] INFO: Iter 22900 Summary: 
[2024-12-30 03:03:29,793] INFO: 	 lr: 0.00030000000000000073 	 Training loss: 0.03821650307625532
[2024-12-30 03:03:39,697] INFO: Iter 23000 Summary: 
[2024-12-30 03:03:39,698] INFO: 	 lr: 0.00030000000000000073 	 Training loss: 0.0382030513882637
[2024-12-30 03:03:48,081] INFO: Iter 23100 Summary: 
[2024-12-30 03:03:48,081] INFO: 	 lr: 0.00030000000000000073 	 Training loss: 0.03806483741849661
[2024-12-30 03:03:57,507] INFO: Iter 23200 Summary: 
[2024-12-30 03:03:57,507] INFO: 	 lr: 0.00030000000000000073 	 Training loss: 0.03810921914875507
[2024-12-30 03:04:05,898] INFO: Iter 23300 Summary: 
[2024-12-30 03:04:05,898] INFO: 	 lr: 0.00030000000000000073 	 Training loss: 0.03807467885315418
[2024-12-30 03:04:15,553] INFO: Iter 23400 Summary: 
[2024-12-30 03:04:15,554] INFO: 	 lr: 0.00030000000000000073 	 Training loss: 0.03791276179254055
[2024-12-30 03:04:24,243] INFO: Iter 23500 Summary: 
[2024-12-30 03:04:24,244] INFO: 	 lr: 0.00030000000000000073 	 Training loss: 0.03789878774434328
[2024-12-30 03:04:33,788] INFO: Iter 23600 Summary: 
[2024-12-30 03:04:33,788] INFO: 	 lr: 0.00030000000000000073 	 Training loss: 0.03812171123921871
[2024-12-30 03:04:42,329] INFO: Iter 23700 Summary: 
[2024-12-30 03:04:42,329] INFO: 	 lr: 0.00030000000000000073 	 Training loss: 0.03777122654020786
[2024-12-30 03:04:50,981] INFO: Iter 23800 Summary: 
[2024-12-30 03:04:50,982] INFO: 	 lr: 0.00030000000000000073 	 Training loss: 0.038013778291642666
[2024-12-30 03:05:00,890] INFO: Iter 23900 Summary: 
[2024-12-30 03:05:00,891] INFO: 	 lr: 0.00030000000000000073 	 Training loss: 0.037725706361234186
[2024-12-30 03:05:09,136] INFO: Iter 24000 Summary: 
[2024-12-30 03:05:09,136] INFO: 	 lr: 0.00030000000000000073 	 Training loss: 0.037988361567258835
[2024-12-30 03:05:21,277] INFO: Iter 24100 Summary: 
[2024-12-30 03:05:21,277] INFO: 	 lr: 0.00030000000000000073 	 Training loss: 0.03779728345572948
[2024-12-30 03:05:29,699] INFO: Iter 24200 Summary: 
[2024-12-30 03:05:29,699] INFO: 	 lr: 0.00030000000000000073 	 Training loss: 0.03785555325448513
[2024-12-30 03:05:39,022] INFO: Iter 24300 Summary: 
[2024-12-30 03:05:39,023] INFO: 	 lr: 0.00030000000000000073 	 Training loss: 0.0378675914555788
[2024-12-30 03:05:47,921] INFO: Iter 24400 Summary: 
[2024-12-30 03:05:47,921] INFO: 	 lr: 0.00030000000000000073 	 Training loss: 0.03775879178196192
[2024-12-30 03:05:57,378] INFO: Iter 24500 Summary: 
[2024-12-30 03:05:57,379] INFO: 	 lr: 0.00030000000000000073 	 Training loss: 0.03795616120100021
[2024-12-30 03:06:05,822] INFO: Iter 24600 Summary: 
[2024-12-30 03:06:05,822] INFO: 	 lr: 0.00030000000000000073 	 Training loss: 0.03764354571700096
[2024-12-30 03:06:14,019] INFO: Iter 24700 Summary: 
[2024-12-30 03:06:14,019] INFO: 	 lr: 0.00030000000000000073 	 Training loss: 0.03774338934570551
[2024-12-30 03:06:23,281] INFO: Iter 24800 Summary: 
[2024-12-30 03:06:23,282] INFO: 	 lr: 0.00030000000000000073 	 Training loss: 0.03768527328968048
[2024-12-30 03:06:31,701] INFO: Iter 24900 Summary: 
[2024-12-30 03:06:31,701] INFO: 	 lr: 0.00030000000000000073 	 Training loss: 0.037950580082833765
[2024-12-30 03:06:41,311] INFO: Iter 25000 Summary: 
[2024-12-30 03:06:41,311] INFO: 	 lr: 0.00030000000000000073 	 Training loss: 0.03793331824243069
[2024-12-30 03:06:49,615] INFO: Iter 25100 Summary: 
[2024-12-30 03:06:49,616] INFO: 	 lr: 0.00030000000000000073 	 Training loss: 0.037628104463219646
[2024-12-30 03:06:59,593] INFO: Iter 25200 Summary: 
[2024-12-30 03:06:59,593] INFO: 	 lr: 0.00030000000000000073 	 Training loss: 0.03766178268939257
[2024-12-30 03:07:08,124] INFO: Iter 25300 Summary: 
[2024-12-30 03:07:08,125] INFO: 	 lr: 0.00030000000000000073 	 Training loss: 0.037626408599317075
[2024-12-30 03:07:18,239] INFO: Iter 25400 Summary: 
[2024-12-30 03:07:18,239] INFO: 	 lr: 0.00030000000000000073 	 Training loss: 0.03751858908683062
[2024-12-30 03:07:27,021] INFO: Iter 25500 Summary: 
[2024-12-30 03:07:27,022] INFO: 	 lr: 0.00030000000000000073 	 Training loss: 0.03759979631751776
[2024-12-30 03:07:36,826] INFO: Iter 25600 Summary: 
[2024-12-30 03:07:36,827] INFO: 	 lr: 0.00030000000000000073 	 Training loss: 0.03757656089961529
[2024-12-30 03:07:45,896] INFO: Iter 25700 Summary: 
[2024-12-30 03:07:45,896] INFO: 	 lr: 0.00030000000000000073 	 Training loss: 0.03752016320824623
[2024-12-30 03:07:54,554] INFO: Iter 25800 Summary: 
[2024-12-30 03:07:54,555] INFO: 	 lr: 0.00030000000000000073 	 Training loss: 0.03771154161542654
[2024-12-30 03:08:05,050] INFO: Iter 25900 Summary: 
[2024-12-30 03:08:05,051] INFO: 	 lr: 0.00030000000000000073 	 Training loss: 0.03748791962862015
[2024-12-30 03:08:13,214] INFO: Iter 26000 Summary: 
[2024-12-30 03:08:13,214] INFO: 	 lr: 0.00030000000000000073 	 Training loss: 0.037697497457265854
[2024-12-30 03:08:25,618] INFO: Iter 26100 Summary: 
[2024-12-30 03:08:25,618] INFO: 	 lr: 0.00030000000000000073 	 Training loss: 0.03745995100587606
[2024-12-30 03:08:34,574] INFO: Iter 26200 Summary: 
[2024-12-30 03:08:34,574] INFO: 	 lr: 0.00030000000000000073 	 Training loss: 0.0374355985224247
[2024-12-30 03:08:44,154] INFO: Iter 26300 Summary: 
[2024-12-30 03:08:44,155] INFO: 	 lr: 0.00030000000000000073 	 Training loss: 0.037620899192988874
[2024-12-30 03:08:52,638] INFO: Iter 26400 Summary: 
[2024-12-30 03:08:52,639] INFO: 	 lr: 0.00030000000000000073 	 Training loss: 0.03752066746354103
[2024-12-30 03:09:02,255] INFO: Iter 26500 Summary: 
[2024-12-30 03:09:02,255] INFO: 	 lr: 0.00030000000000000073 	 Training loss: 0.03764491736888886
[2024-12-30 03:09:10,546] INFO: Iter 26600 Summary: 
[2024-12-30 03:09:10,547] INFO: 	 lr: 0.00030000000000000073 	 Training loss: 0.03745651070028543
[2024-12-30 03:09:18,961] INFO: Iter 26700 Summary: 
[2024-12-30 03:09:18,961] INFO: 	 lr: 0.00030000000000000073 	 Training loss: 0.037550251595675946
[2024-12-30 03:09:29,051] INFO: Iter 26800 Summary: 
[2024-12-30 03:09:29,052] INFO: 	 lr: 0.00030000000000000073 	 Training loss: 0.03737548142671585
[2024-12-30 03:09:37,617] INFO: Iter 26900 Summary: 
[2024-12-30 03:09:37,618] INFO: 	 lr: 0.00030000000000000073 	 Training loss: 0.03753892943263054
[2024-12-30 03:09:47,122] INFO: Iter 27000 Summary: 
[2024-12-30 03:09:47,123] INFO: 	 lr: 0.00030000000000000073 	 Training loss: 0.03754704225808382
[2024-12-30 03:09:55,629] INFO: Iter 27100 Summary: 
[2024-12-30 03:09:55,630] INFO: 	 lr: 0.00030000000000000073 	 Training loss: 0.03737415295094251
[2024-12-30 03:10:05,411] INFO: Iter 27200 Summary: 
[2024-12-30 03:10:05,412] INFO: 	 lr: 0.00030000000000000073 	 Training loss: 0.03723700426518917
[2024-12-30 03:10:13,721] INFO: Iter 27300 Summary: 
[2024-12-30 03:10:13,721] INFO: 	 lr: 0.00030000000000000073 	 Training loss: 0.03730233263224363
[2024-12-30 03:10:23,205] INFO: Iter 27400 Summary: 
[2024-12-30 03:10:23,205] INFO: 	 lr: 0.00030000000000000073 	 Training loss: 0.0374507699906826
[2024-12-30 03:10:32,462] INFO: Iter 27500 Summary: 
[2024-12-30 03:10:32,463] INFO: 	 lr: 0.00030000000000000073 	 Training loss: 0.03740794319659471
[2024-12-30 03:10:40,926] INFO: Iter 27600 Summary: 
[2024-12-30 03:10:40,927] INFO: 	 lr: 0.00030000000000000073 	 Training loss: 0.03722445338964462
[2024-12-30 03:10:51,465] INFO: Iter 27700 Summary: 
[2024-12-30 03:10:51,466] INFO: 	 lr: 0.00030000000000000073 	 Training loss: 0.03722706712782383
[2024-12-30 03:10:59,632] INFO: Iter 27800 Summary: 
[2024-12-30 03:10:59,633] INFO: 	 lr: 0.00030000000000000073 	 Training loss: 0.03737119790166617
[2024-12-30 03:11:08,941] INFO: Iter 27900 Summary: 
[2024-12-30 03:11:08,941] INFO: 	 lr: 0.00030000000000000073 	 Training loss: 0.03705615628510714
[2024-12-30 03:11:17,341] INFO: Iter 28000 Summary: 
[2024-12-30 03:11:17,342] INFO: 	 lr: 0.00030000000000000073 	 Training loss: 0.03736005563288927
[2024-12-30 03:11:30,167] INFO: Iter 28100 Summary: 
[2024-12-30 03:11:30,168] INFO: 	 lr: 0.00030000000000000073 	 Training loss: 0.03731849186122418
[2024-12-30 03:11:38,443] INFO: Iter 28200 Summary: 
[2024-12-30 03:11:38,443] INFO: 	 lr: 0.00030000000000000073 	 Training loss: 0.03711798589676619
[2024-12-30 03:11:48,010] INFO: Iter 28300 Summary: 
[2024-12-30 03:11:48,011] INFO: 	 lr: 0.00030000000000000073 	 Training loss: 0.0371391411870718
[2024-12-30 03:11:56,788] INFO: Iter 28400 Summary: 
[2024-12-30 03:11:56,788] INFO: 	 lr: 0.00030000000000000073 	 Training loss: 0.03722451828420162
[2024-12-30 03:12:06,283] INFO: Iter 28500 Summary: 
[2024-12-30 03:12:06,284] INFO: 	 lr: 0.00030000000000000073 	 Training loss: 0.03725913066416979
[2024-12-30 03:12:14,784] INFO: Iter 28600 Summary: 
[2024-12-30 03:12:14,785] INFO: 	 lr: 0.00030000000000000073 	 Training loss: 0.03698337238281965
[2024-12-30 03:12:22,931] INFO: Iter 28700 Summary: 
[2024-12-30 03:12:22,932] INFO: 	 lr: 0.00030000000000000073 	 Training loss: 0.037192487493157386
[2024-12-30 03:12:32,994] INFO: Iter 28800 Summary: 
[2024-12-30 03:12:32,994] INFO: 	 lr: 0.00030000000000000073 	 Training loss: 0.037108967043459416
[2024-12-30 03:12:41,331] INFO: Iter 28900 Summary: 
[2024-12-30 03:12:41,332] INFO: 	 lr: 0.00030000000000000073 	 Training loss: 0.037293493561446664
[2024-12-30 03:12:50,787] INFO: Iter 29000 Summary: 
[2024-12-30 03:12:50,787] INFO: 	 lr: 0.00030000000000000073 	 Training loss: 0.03704508949071169
[2024-12-30 03:12:59,281] INFO: Iter 29100 Summary: 
[2024-12-30 03:12:59,281] INFO: 	 lr: 0.00030000000000000073 	 Training loss: 0.03713658779859543
[2024-12-30 03:13:09,088] INFO: Iter 29200 Summary: 
[2024-12-30 03:13:09,088] INFO: 	 lr: 0.00030000000000000073 	 Training loss: 0.03699612852185965
[2024-12-30 03:13:17,209] INFO: Iter 29300 Summary: 
[2024-12-30 03:13:17,209] INFO: 	 lr: 0.00030000000000000073 	 Training loss: 0.036956957764923574
[2024-12-30 03:13:26,932] INFO: Iter 29400 Summary: 
[2024-12-30 03:13:26,933] INFO: 	 lr: 0.00030000000000000073 	 Training loss: 0.03725794807076454
[2024-12-30 03:13:35,427] INFO: Iter 29500 Summary: 
[2024-12-30 03:13:35,428] INFO: 	 lr: 0.00030000000000000073 	 Training loss: 0.03697082832455635
[2024-12-30 03:13:43,789] INFO: Iter 29600 Summary: 
[2024-12-30 03:13:43,789] INFO: 	 lr: 0.00030000000000000073 	 Training loss: 0.03716548923403025
[2024-12-30 03:13:53,854] INFO: Iter 29700 Summary: 
[2024-12-30 03:13:53,854] INFO: 	 lr: 0.00030000000000000073 	 Training loss: 0.037251477129757404
[2024-12-30 03:14:02,190] INFO: Iter 29800 Summary: 
[2024-12-30 03:14:02,190] INFO: 	 lr: 0.00030000000000000073 	 Training loss: 0.036874949000775814
[2024-12-30 03:14:11,652] INFO: Iter 29900 Summary: 
[2024-12-30 03:14:11,652] INFO: 	 lr: 0.00030000000000000073 	 Training loss: 0.03704843182116747
[2024-12-30 03:14:19,936] INFO: Iter 30000 Summary: 
[2024-12-30 03:14:19,937] INFO: 	 lr: 0.00030000000000000073 	 Training loss: 0.03686012662947178
[2024-12-30 03:14:32,516] INFO: Iter 30100 Summary: 
[2024-12-30 03:14:32,516] INFO: 	 lr: 1.2900000000000026e-05 	 Training loss: 0.03573095869272947
[2024-12-30 03:14:41,237] INFO: Iter 30200 Summary: 
[2024-12-30 03:14:41,238] INFO: 	 lr: 1.000000000000002e-05 	 Training loss: 0.03492215521633625
[2024-12-30 03:14:50,534] INFO: Iter 30300 Summary: 
[2024-12-30 03:14:50,534] INFO: 	 lr: 1.000000000000002e-05 	 Training loss: 0.03475237183272838
[2024-12-30 03:14:58,799] INFO: Iter 30400 Summary: 
[2024-12-30 03:14:58,799] INFO: 	 lr: 1.000000000000002e-05 	 Training loss: 0.034458497054874894
[2024-12-30 03:15:07,753] INFO: Iter 30500 Summary: 
[2024-12-30 03:15:07,753] INFO: 	 lr: 1.000000000000002e-05 	 Training loss: 0.034293311722576617
[2024-12-30 03:15:16,388] INFO: Iter 30600 Summary: 
[2024-12-30 03:15:16,389] INFO: 	 lr: 1.000000000000002e-05 	 Training loss: 0.03441138926893473
[2024-12-30 03:15:25,071] INFO: Iter 30700 Summary: 
[2024-12-30 03:15:25,071] INFO: 	 lr: 1.000000000000002e-05 	 Training loss: 0.03428370662033558
[2024-12-30 03:15:34,708] INFO: Iter 30800 Summary: 
[2024-12-30 03:15:34,709] INFO: 	 lr: 1.000000000000002e-05 	 Training loss: 0.03406307313591242
[2024-12-30 03:15:43,002] INFO: Iter 30900 Summary: 
[2024-12-30 03:15:43,003] INFO: 	 lr: 1.000000000000002e-05 	 Training loss: 0.034272338971495626
[2024-12-30 03:15:52,761] INFO: Iter 31000 Summary: 
[2024-12-30 03:15:52,761] INFO: 	 lr: 1.000000000000002e-05 	 Training loss: 0.03411038663238287
[2024-12-30 03:16:01,529] INFO: Iter 31100 Summary: 
[2024-12-30 03:16:01,529] INFO: 	 lr: 1.000000000000002e-05 	 Training loss: 0.03412097746506333
[2024-12-30 03:16:11,087] INFO: Iter 31200 Summary: 
[2024-12-30 03:16:11,088] INFO: 	 lr: 1.000000000000002e-05 	 Training loss: 0.03412490179762244
[2024-12-30 03:16:20,005] INFO: Iter 31300 Summary: 
[2024-12-30 03:16:20,006] INFO: 	 lr: 1.000000000000002e-05 	 Training loss: 0.03423988685011864
[2024-12-30 03:16:30,131] INFO: Iter 31400 Summary: 
[2024-12-30 03:16:30,132] INFO: 	 lr: 1.000000000000002e-05 	 Training loss: 0.03393429864197969
[2024-12-30 03:16:39,487] INFO: Iter 31500 Summary: 
[2024-12-30 03:16:39,487] INFO: 	 lr: 1.000000000000002e-05 	 Training loss: 0.0338796579092741
[2024-12-30 03:16:48,347] INFO: Iter 31600 Summary: 
[2024-12-30 03:16:48,347] INFO: 	 lr: 1.000000000000002e-05 	 Training loss: 0.034027816765010356
[2024-12-30 03:16:57,981] INFO: Iter 31700 Summary: 
[2024-12-30 03:16:57,982] INFO: 	 lr: 1.000000000000002e-05 	 Training loss: 0.03400138720870018
[2024-12-30 03:17:06,096] INFO: Iter 31800 Summary: 
[2024-12-30 03:17:06,097] INFO: 	 lr: 1.000000000000002e-05 	 Training loss: 0.03377058587968349
[2024-12-30 03:17:15,639] INFO: Iter 31900 Summary: 
[2024-12-30 03:17:15,640] INFO: 	 lr: 1.000000000000002e-05 	 Training loss: 0.03379962131381035
[2024-12-30 03:17:24,002] INFO: Iter 32000 Summary: 
[2024-12-30 03:17:24,002] INFO: 	 lr: 1.000000000000002e-05 	 Training loss: 0.03377382567152381
[2024-12-30 03:17:35,916] INFO: Iter 32100 Summary: 
[2024-12-30 03:17:35,916] INFO: 	 lr: 1.000000000000002e-05 	 Training loss: 0.03395591853186488
[2024-12-30 03:17:44,561] INFO: Iter 32200 Summary: 
[2024-12-30 03:17:44,562] INFO: 	 lr: 1.000000000000002e-05 	 Training loss: 0.03390858042985201
[2024-12-30 03:17:54,014] INFO: Iter 32300 Summary: 
[2024-12-30 03:17:54,014] INFO: 	 lr: 1.000000000000002e-05 	 Training loss: 0.03384990684688091
[2024-12-30 03:18:02,329] INFO: Iter 32400 Summary: 
[2024-12-30 03:18:02,329] INFO: 	 lr: 1.000000000000002e-05 	 Training loss: 0.0337990777567029
[2024-12-30 03:18:11,611] INFO: Iter 32500 Summary: 
[2024-12-30 03:18:11,612] INFO: 	 lr: 1.000000000000002e-05 	 Training loss: 0.033792325407266614
[2024-12-30 03:18:20,456] INFO: Iter 32600 Summary: 
[2024-12-30 03:18:20,457] INFO: 	 lr: 1.000000000000002e-05 	 Training loss: 0.03373508540913463
[2024-12-30 03:18:28,970] INFO: Iter 32700 Summary: 
[2024-12-30 03:18:28,970] INFO: 	 lr: 1.000000000000002e-05 	 Training loss: 0.033773939236998556
[2024-12-30 03:18:38,530] INFO: Iter 32800 Summary: 
[2024-12-30 03:18:38,530] INFO: 	 lr: 1.000000000000002e-05 	 Training loss: 0.03378465624526143
[2024-12-30 03:18:46,867] INFO: Iter 32900 Summary: 
[2024-12-30 03:18:46,868] INFO: 	 lr: 1.000000000000002e-05 	 Training loss: 0.03378762496635318
[2024-12-30 03:18:56,399] INFO: Iter 33000 Summary: 
[2024-12-30 03:18:56,400] INFO: 	 lr: 1.000000000000002e-05 	 Training loss: 0.03372286643832922
[2024-12-30 03:19:04,693] INFO: Iter 33100 Summary: 
[2024-12-30 03:19:04,694] INFO: 	 lr: 1.000000000000002e-05 	 Training loss: 0.03353352498263121
[2024-12-30 03:19:14,403] INFO: Iter 33200 Summary: 
[2024-12-30 03:19:14,404] INFO: 	 lr: 1.000000000000002e-05 	 Training loss: 0.03383599329739809
[2024-12-30 03:19:22,849] INFO: Iter 33300 Summary: 
[2024-12-30 03:19:22,849] INFO: 	 lr: 1.000000000000002e-05 	 Training loss: 0.033702491205185654
[2024-12-30 03:19:32,480] INFO: Iter 33400 Summary: 
[2024-12-30 03:19:32,481] INFO: 	 lr: 1.000000000000002e-05 	 Training loss: 0.03343848161399365
[2024-12-30 03:19:42,235] INFO: Iter 33500 Summary: 
[2024-12-30 03:19:42,236] INFO: 	 lr: 1.000000000000002e-05 	 Training loss: 0.033631446026265624
[2024-12-30 03:19:50,751] INFO: Iter 33600 Summary: 
[2024-12-30 03:19:50,752] INFO: 	 lr: 1.000000000000002e-05 	 Training loss: 0.03364910071715713
[2024-12-30 03:20:00,574] INFO: Iter 33700 Summary: 
[2024-12-30 03:20:00,574] INFO: 	 lr: 1.000000000000002e-05 	 Training loss: 0.033536004424095156
[2024-12-30 03:20:09,385] INFO: Iter 33800 Summary: 
[2024-12-30 03:20:09,385] INFO: 	 lr: 1.000000000000002e-05 	 Training loss: 0.033527284674346444
[2024-12-30 03:20:19,793] INFO: Iter 33900 Summary: 
[2024-12-30 03:20:19,793] INFO: 	 lr: 1.000000000000002e-05 	 Training loss: 0.03362282834947109
[2024-12-30 03:20:28,620] INFO: Iter 34000 Summary: 
[2024-12-30 03:20:28,621] INFO: 	 lr: 1.000000000000002e-05 	 Training loss: 0.03348787058144808
[2024-12-30 03:20:40,863] INFO: Iter 34100 Summary: 
[2024-12-30 03:20:40,864] INFO: 	 lr: 1.000000000000002e-05 	 Training loss: 0.03352441618219018
[2024-12-30 03:20:49,178] INFO: Iter 34200 Summary: 
[2024-12-30 03:20:49,179] INFO: 	 lr: 1.000000000000002e-05 	 Training loss: 0.03332050859928131
[2024-12-30 03:20:59,154] INFO: Iter 34300 Summary: 
[2024-12-30 03:20:59,154] INFO: 	 lr: 1.000000000000002e-05 	 Training loss: 0.033627759963274
[2024-12-30 03:21:08,117] INFO: Iter 34400 Summary: 
[2024-12-30 03:21:08,118] INFO: 	 lr: 1.000000000000002e-05 	 Training loss: 0.03353716431185603
[2024-12-30 03:21:16,769] INFO: Iter 34500 Summary: 
[2024-12-30 03:21:16,769] INFO: 	 lr: 1.000000000000002e-05 	 Training loss: 0.033661025129258636
[2024-12-30 03:21:26,559] INFO: Iter 34600 Summary: 
[2024-12-30 03:21:26,560] INFO: 	 lr: 1.000000000000002e-05 	 Training loss: 0.033377208095043895
[2024-12-30 03:21:34,784] INFO: Iter 34700 Summary: 
[2024-12-30 03:21:34,784] INFO: 	 lr: 1.000000000000002e-05 	 Training loss: 0.03360389415174723
[2024-12-30 03:21:44,483] INFO: Iter 34800 Summary: 
[2024-12-30 03:21:44,483] INFO: 	 lr: 1.000000000000002e-05 	 Training loss: 0.03338913494721055
[2024-12-30 03:21:52,750] INFO: Iter 34900 Summary: 
[2024-12-30 03:21:52,751] INFO: 	 lr: 1.000000000000002e-05 	 Training loss: 0.033406819477677346
[2024-12-30 03:22:03,001] INFO: Iter 35000 Summary: 
[2024-12-30 03:22:03,002] INFO: 	 lr: 1.000000000000002e-05 	 Training loss: 0.033398159854114054
[2024-12-30 03:22:11,336] INFO: Iter 35100 Summary: 
[2024-12-30 03:22:11,337] INFO: 	 lr: 1.000000000000002e-05 	 Training loss: 0.03341029617935419
[2024-12-30 03:22:21,092] INFO: Iter 35200 Summary: 
[2024-12-30 03:22:21,093] INFO: 	 lr: 1.000000000000002e-05 	 Training loss: 0.03345660716295242
[2024-12-30 03:22:29,832] INFO: Iter 35300 Summary: 
[2024-12-30 03:22:29,832] INFO: 	 lr: 1.000000000000002e-05 	 Training loss: 0.03358711713925004
[2024-12-30 03:22:39,184] INFO: Iter 35400 Summary: 
[2024-12-30 03:22:39,185] INFO: 	 lr: 1.000000000000002e-05 	 Training loss: 0.033573953062295915
[2024-12-30 03:22:47,497] INFO: Iter 35500 Summary: 
[2024-12-30 03:22:47,497] INFO: 	 lr: 1.000000000000002e-05 	 Training loss: 0.03360421923920512
[2024-12-30 03:22:55,925] INFO: Iter 35600 Summary: 
[2024-12-30 03:22:55,926] INFO: 	 lr: 1.000000000000002e-05 	 Training loss: 0.03334166685119271
[2024-12-30 03:23:05,389] INFO: Iter 35700 Summary: 
[2024-12-30 03:23:05,390] INFO: 	 lr: 1.000000000000002e-05 	 Training loss: 0.03336393907666206
[2024-12-30 03:23:13,968] INFO: Iter 35800 Summary: 
[2024-12-30 03:23:13,968] INFO: 	 lr: 1.000000000000002e-05 	 Training loss: 0.03338353341445327
[2024-12-30 03:23:23,483] INFO: Iter 35900 Summary: 
[2024-12-30 03:23:23,484] INFO: 	 lr: 1.000000000000002e-05 	 Training loss: 0.03331773234531284
[2024-12-30 03:23:32,650] INFO: Iter 36000 Summary: 
[2024-12-30 03:23:32,651] INFO: 	 lr: 1.000000000000002e-05 	 Training loss: 0.03346630172803998
[2024-12-30 03:23:45,049] INFO: Iter 36100 Summary: 
[2024-12-30 03:23:45,050] INFO: 	 lr: 1.000000000000002e-05 	 Training loss: 0.03345109576359391
[2024-12-30 03:23:53,198] INFO: Iter 36200 Summary: 
[2024-12-30 03:23:53,198] INFO: 	 lr: 1.000000000000002e-05 	 Training loss: 0.03343388935551048
[2024-12-30 03:24:02,646] INFO: Iter 36300 Summary: 
[2024-12-30 03:24:02,646] INFO: 	 lr: 1.000000000000002e-05 	 Training loss: 0.033384894765913484
[2024-12-30 03:24:11,173] INFO: Iter 36400 Summary: 
[2024-12-30 03:24:11,173] INFO: 	 lr: 1.000000000000002e-05 	 Training loss: 0.033414623364806176
[2024-12-30 03:24:19,736] INFO: Iter 36500 Summary: 
[2024-12-30 03:24:19,737] INFO: 	 lr: 1.000000000000002e-05 	 Training loss: 0.033386527318507435
[2024-12-30 03:24:30,002] INFO: Iter 36600 Summary: 
[2024-12-30 03:24:30,002] INFO: 	 lr: 1.000000000000002e-05 	 Training loss: 0.033327379394322634
[2024-12-30 03:24:38,297] INFO: Iter 36700 Summary: 
[2024-12-30 03:24:38,298] INFO: 	 lr: 1.000000000000002e-05 	 Training loss: 0.03335676979273558
[2024-12-30 03:24:47,969] INFO: Iter 36800 Summary: 
[2024-12-30 03:24:47,970] INFO: 	 lr: 1.000000000000002e-05 	 Training loss: 0.033115682117640974
[2024-12-30 03:24:56,259] INFO: Iter 36900 Summary: 
[2024-12-30 03:24:56,259] INFO: 	 lr: 1.000000000000002e-05 	 Training loss: 0.033378359768539666
[2024-12-30 03:25:06,253] INFO: Iter 37000 Summary: 
[2024-12-30 03:25:06,253] INFO: 	 lr: 1.000000000000002e-05 	 Training loss: 0.03328560350462794
[2024-12-30 03:25:14,434] INFO: Iter 37100 Summary: 
[2024-12-30 03:25:14,434] INFO: 	 lr: 1.000000000000002e-05 	 Training loss: 0.03328176638111472
[2024-12-30 03:25:24,351] INFO: Iter 37200 Summary: 
[2024-12-30 03:25:24,351] INFO: 	 lr: 1.000000000000002e-05 	 Training loss: 0.03332518627867102
[2024-12-30 03:25:32,974] INFO: Iter 37300 Summary: 
[2024-12-30 03:25:32,975] INFO: 	 lr: 1.000000000000002e-05 	 Training loss: 0.03327810039743781
[2024-12-30 03:25:42,381] INFO: Iter 37400 Summary: 
[2024-12-30 03:25:42,382] INFO: 	 lr: 1.000000000000002e-05 	 Training loss: 0.03331477703526616
[2024-12-30 03:25:51,229] INFO: Iter 37500 Summary: 
[2024-12-30 03:25:51,229] INFO: 	 lr: 1.000000000000002e-05 	 Training loss: 0.033312961477786306
[2024-12-30 03:25:59,885] INFO: Iter 37600 Summary: 
[2024-12-30 03:25:59,886] INFO: 	 lr: 1.000000000000002e-05 	 Training loss: 0.03335898164659738
[2024-12-30 03:26:10,400] INFO: Iter 37700 Summary: 
[2024-12-30 03:26:10,400] INFO: 	 lr: 1.000000000000002e-05 	 Training loss: 0.03332993751391768
[2024-12-30 03:26:18,984] INFO: Iter 37800 Summary: 
[2024-12-30 03:26:18,985] INFO: 	 lr: 1.000000000000002e-05 	 Training loss: 0.03304196897894144
[2024-12-30 03:26:29,898] INFO: Iter 37900 Summary: 
[2024-12-30 03:26:29,899] INFO: 	 lr: 1.000000000000002e-05 	 Training loss: 0.033192073237150906
[2024-12-30 03:26:38,625] INFO: Iter 38000 Summary: 
[2024-12-30 03:26:38,625] INFO: 	 lr: 1.000000000000002e-05 	 Training loss: 0.033356381338089706
[2024-12-30 03:26:51,574] INFO: Iter 38100 Summary: 
[2024-12-30 03:26:51,575] INFO: 	 lr: 1.000000000000002e-05 	 Training loss: 0.03315936191007495
[2024-12-30 03:26:59,909] INFO: Iter 38200 Summary: 
[2024-12-30 03:26:59,910] INFO: 	 lr: 1.000000000000002e-05 	 Training loss: 0.03319977125152945
[2024-12-30 03:27:09,355] INFO: Iter 38300 Summary: 
[2024-12-30 03:27:09,356] INFO: 	 lr: 1.000000000000002e-05 	 Training loss: 0.03318102959543467
[2024-12-30 03:27:17,855] INFO: Iter 38400 Summary: 
[2024-12-30 03:27:17,855] INFO: 	 lr: 1.000000000000002e-05 	 Training loss: 0.03329235542565584
[2024-12-30 03:27:26,232] INFO: Iter 38500 Summary: 
[2024-12-30 03:27:26,232] INFO: 	 lr: 1.000000000000002e-05 	 Training loss: 0.03327140171080828
[2024-12-30 03:27:36,028] INFO: Iter 38600 Summary: 
[2024-12-30 03:27:36,028] INFO: 	 lr: 1.000000000000002e-05 	 Training loss: 0.03327070599421859
[2024-12-30 03:27:44,520] INFO: Iter 38700 Summary: 
[2024-12-30 03:27:44,520] INFO: 	 lr: 1.000000000000002e-05 	 Training loss: 0.033122390229254964
[2024-12-30 03:27:54,685] INFO: Iter 38800 Summary: 
[2024-12-30 03:27:54,686] INFO: 	 lr: 1.000000000000002e-05 	 Training loss: 0.03307812361046672
[2024-12-30 03:28:03,179] INFO: Iter 38900 Summary: 
[2024-12-30 03:28:03,179] INFO: 	 lr: 1.000000000000002e-05 	 Training loss: 0.03315062012523413
[2024-12-30 03:28:13,610] INFO: Iter 39000 Summary: 
[2024-12-30 03:28:13,611] INFO: 	 lr: 1.000000000000002e-05 	 Training loss: 0.03312891809269786
[2024-12-30 03:28:22,258] INFO: Iter 39100 Summary: 
[2024-12-30 03:28:22,259] INFO: 	 lr: 1.000000000000002e-05 	 Training loss: 0.033153048921376466
[2024-12-30 03:28:32,445] INFO: Iter 39200 Summary: 
[2024-12-30 03:28:32,445] INFO: 	 lr: 1.000000000000002e-05 	 Training loss: 0.0332209862396121
[2024-12-30 03:28:41,134] INFO: Iter 39300 Summary: 
[2024-12-30 03:28:41,135] INFO: 	 lr: 1.000000000000002e-05 	 Training loss: 0.033204578794538975
[2024-12-30 03:28:51,279] INFO: Iter 39400 Summary: 
[2024-12-30 03:28:51,279] INFO: 	 lr: 1.000000000000002e-05 	 Training loss: 0.03307093992829323
[2024-12-30 03:29:00,562] INFO: Iter 39500 Summary: 
[2024-12-30 03:29:00,562] INFO: 	 lr: 1.000000000000002e-05 	 Training loss: 0.033047850728034976
[2024-12-30 03:29:08,720] INFO: Iter 39600 Summary: 
[2024-12-30 03:29:08,721] INFO: 	 lr: 1.000000000000002e-05 	 Training loss: 0.03306192213669419
[2024-12-30 03:29:18,358] INFO: Iter 39700 Summary: 
[2024-12-30 03:29:18,358] INFO: 	 lr: 1.000000000000002e-05 	 Training loss: 0.03304137673228979
[2024-12-30 03:29:26,612] INFO: Iter 39800 Summary: 
[2024-12-30 03:29:26,613] INFO: 	 lr: 1.000000000000002e-05 	 Training loss: 0.0330953068099916
[2024-12-30 03:29:35,965] INFO: Iter 39900 Summary: 
[2024-12-30 03:29:35,966] INFO: 	 lr: 1.000000000000002e-05 	 Training loss: 0.03297530835494399
[2024-12-30 03:29:44,393] INFO: Iter 40000 Summary: 
[2024-12-30 03:29:44,394] INFO: 	 lr: 1.000000000000002e-05 	 Training loss: 0.03293338734656572
