[2025-01-13 13:13:53,381] INFO: {
    "abs_dir": "/home/diwang/siMLPe/exps/baseline_h36m",
    "batch_size": 256,
    "cos_lr_max": 1e-05,
    "cos_lr_min": 5e-08,
    "cos_lr_total_iters": 40000,
    "data_aug": true,
    "deriv_input": true,
    "deriv_output": true,
    "device": "cuda:4",
    "h36m_anno_dir": "/home/diwang/siMLPe/data/h36m/",
    "link_log_file": "/home/diwang/siMLPe/exps/baseline_h36m/log/log_last.log",
    "link_val_log_file": "/home/diwang/siMLPe/exps/baseline_h36m/log/val_last.log",
    "log_dir": "/home/diwang/siMLPe/exps/baseline_h36m/log",
    "log_file": "/home/diwang/siMLPe/exps/baseline_h36m/log/log_2025_01_13_13_13_34.log",
    "model_pth": null,
    "motion": {
        "dim": 66,
        "h36m_input_length": 50,
        "h36m_input_length_dct": 50,
        "h36m_target_length": 10,
        "h36m_target_length_eval": 10,
        "h36m_target_length_train": 10
    },
    "motion_fc_in": {
        "activation": "relu",
        "in_features": 66,
        "init_w_trunc_normal": false,
        "out_features": 66,
        "temporal_fc": false,
        "with_norm": false
    },
    "motion_fc_out": {
        "activation": "relu",
        "in_features": 66,
        "init_w_trunc_normal": true,
        "out_features": 66,
        "temporal_fc": false,
        "with_norm": false
    },
    "motion_mlp": {
        "hidden_dim": 66,
        "norm_axis": "spatial",
        "num_layers": 48,
        "seq_len": 50,
        "spatial_fc_only": false,
        "with_normalization": true
    },
    "num_workers": 8,
    "post_dct": false,
    "pre_dct": false,
    "print_every": 100,
    "repo_name": "siMLPe",
    "root_dir": "/home/diwang/siMLPe",
    "save_every": 100,
    "seed": 304,
    "shift_step": 1,
    "snapshot_dir": "/home/diwang/siMLPe/exps/baseline_h36m/log/snapshot",
    "this_dir": "baseline_h36m",
    "use_relative_loss": true,
    "val_log_file": "/home/diwang/siMLPe/exps/baseline_h36m/log/val_2025_01_13_13_13_34.log",
    "weight_decay": 0.0001
}
[2025-01-13 13:14:03,211] INFO: Iter 100 Summary: 
[2025-01-13 13:14:03,211] INFO: 	 lr: 0.00030000000000000073 	 Training loss: 0.08713441543281078
[2025-01-13 13:14:12,385] INFO: Iter 200 Summary: 
[2025-01-13 13:14:12,386] INFO: 	 lr: 0.00030000000000000073 	 Training loss: 0.07465265937149525
[2025-01-13 13:14:21,025] INFO: Iter 300 Summary: 
[2025-01-13 13:14:21,025] INFO: 	 lr: 0.00030000000000000073 	 Training loss: 0.07039082750678062
[2025-01-13 13:14:29,833] INFO: Iter 400 Summary: 
[2025-01-13 13:14:29,834] INFO: 	 lr: 0.00030000000000000073 	 Training loss: 0.06520674720406533
[2025-01-13 13:14:38,829] INFO: Iter 500 Summary: 
[2025-01-13 13:14:38,830] INFO: 	 lr: 0.00030000000000000073 	 Training loss: 0.06056007467210293
[2025-01-13 13:14:47,862] INFO: Iter 600 Summary: 
[2025-01-13 13:14:47,862] INFO: 	 lr: 0.00030000000000000073 	 Training loss: 0.05835030093789101
[2025-01-13 13:14:57,764] INFO: Iter 700 Summary: 
[2025-01-13 13:14:57,765] INFO: 	 lr: 0.00030000000000000073 	 Training loss: 0.057081698440015316
[2025-01-13 13:15:07,319] INFO: Iter 800 Summary: 
[2025-01-13 13:15:07,319] INFO: 	 lr: 0.00030000000000000073 	 Training loss: 0.05667920380830765
[2025-01-13 13:15:16,305] INFO: Iter 900 Summary: 
[2025-01-13 13:15:16,306] INFO: 	 lr: 0.00030000000000000073 	 Training loss: 0.055798493511974814
[2025-01-13 13:15:25,423] INFO: Iter 1000 Summary: 
[2025-01-13 13:15:25,424] INFO: 	 lr: 0.00030000000000000073 	 Training loss: 0.05491437122225761
[2025-01-13 13:15:34,451] INFO: Iter 1100 Summary: 
[2025-01-13 13:15:34,451] INFO: 	 lr: 0.00030000000000000073 	 Training loss: 0.05444237034767866
