[2025-01-13 14:22:34,650] INFO: {
    "abs_dir": "/home/diwang/siMLPe/exps/baseline_h36m",
    "batch_size": 256,
    "cos_lr_max": 1e-05,
    "cos_lr_min": 5e-08,
    "cos_lr_total_iters": 40000,
    "data_aug": true,
    "deriv_input": true,
    "deriv_output": true,
    "device": "cuda:4",
    "h36m_anno_dir": "/home/diwang/siMLPe/data/h36m/",
    "link_log_file": "/home/diwang/siMLPe/exps/baseline_h36m/log/log_last.log",
    "link_val_log_file": "/home/diwang/siMLPe/exps/baseline_h36m/log/val_last.log",
    "log_dir": "/home/diwang/siMLPe/exps/baseline_h36m/log",
    "log_file": "/home/diwang/siMLPe/exps/baseline_h36m/log/log_2025_01_13_14_22_16.log",
    "model_pth": null,
    "motion": {
        "dim": 66,
        "h36m_input_length": 50,
        "h36m_input_length_dct": 50,
        "h36m_target_length": 10,
        "h36m_target_length_eval": 25,
        "h36m_target_length_train": 10
    },
    "motion_fc_in": {
        "activation": "relu",
        "in_features": 66,
        "init_w_trunc_normal": false,
        "out_features": 66,
        "temporal_fc": false,
        "with_norm": false
    },
    "motion_fc_out": {
        "activation": "relu",
        "in_features": 66,
        "init_w_trunc_normal": true,
        "out_features": 66,
        "temporal_fc": false,
        "with_norm": false
    },
    "motion_mlp": {
        "hidden_dim": 66,
        "norm_axis": "spatial",
        "num_layers": 48,
        "seq_len": 50,
        "spatial_fc_only": false,
        "with_normalization": true
    },
    "num_workers": 8,
    "post_dct": false,
    "pre_dct": false,
    "print_every": 100,
    "repo_name": "siMLPe",
    "root_dir": "/home/diwang/siMLPe",
    "save_every": 2000,
    "seed": 304,
    "shift_step": 1,
    "snapshot_dir": "/home/diwang/siMLPe/exps/baseline_h36m/log/snapshot",
    "this_dir": "baseline_h36m",
    "use_relative_loss": true,
    "val_log_file": "/home/diwang/siMLPe/exps/baseline_h36m/log/val_2025_01_13_14_22_16.log",
    "weight_decay": 0.0001
}
[2025-01-13 14:22:43,843] INFO: Iter 100 Summary: 
[2025-01-13 14:22:43,844] INFO: 	 lr: 0.00030000000000000073 	 Training loss: 0.08713441543281078
[2025-01-13 14:22:53,374] INFO: Iter 200 Summary: 
[2025-01-13 14:22:53,374] INFO: 	 lr: 0.00030000000000000073 	 Training loss: 0.07465265937149525
[2025-01-13 14:23:05,862] INFO: Iter 300 Summary: 
[2025-01-13 14:23:05,862] INFO: 	 lr: 0.00030000000000000073 	 Training loss: 0.07039082750678062
[2025-01-13 14:23:19,058] INFO: Iter 400 Summary: 
[2025-01-13 14:23:19,058] INFO: 	 lr: 0.00030000000000000073 	 Training loss: 0.06520674720406533
[2025-01-13 14:23:30,828] INFO: Iter 500 Summary: 
[2025-01-13 14:23:30,829] INFO: 	 lr: 0.00030000000000000073 	 Training loss: 0.06056007467210293
[2025-01-13 14:23:43,636] INFO: Iter 600 Summary: 
[2025-01-13 14:23:43,636] INFO: 	 lr: 0.00030000000000000073 	 Training loss: 0.05835030093789101
[2025-01-13 14:23:57,167] INFO: Iter 700 Summary: 
[2025-01-13 14:23:57,168] INFO: 	 lr: 0.00030000000000000073 	 Training loss: 0.057194854095578194
[2025-01-13 14:24:10,083] INFO: Iter 800 Summary: 
[2025-01-13 14:24:10,083] INFO: 	 lr: 0.00030000000000000073 	 Training loss: 0.056492888815701005
[2025-01-13 14:24:22,230] INFO: Iter 900 Summary: 
[2025-01-13 14:24:22,231] INFO: 	 lr: 0.00030000000000000073 	 Training loss: 0.0558500611782074
[2025-01-13 14:24:33,912] INFO: Iter 1000 Summary: 
[2025-01-13 14:24:33,912] INFO: 	 lr: 0.00030000000000000073 	 Training loss: 0.05572965428233147
[2025-01-13 14:24:46,848] INFO: Iter 1100 Summary: 
[2025-01-13 14:24:46,849] INFO: 	 lr: 0.00030000000000000073 	 Training loss: 0.05560596443712711
[2025-01-13 14:25:00,432] INFO: Iter 1200 Summary: 
[2025-01-13 14:25:00,433] INFO: 	 lr: 0.00030000000000000073 	 Training loss: 0.053845150135457515
[2025-01-13 14:25:14,246] INFO: Iter 1300 Summary: 
[2025-01-13 14:25:14,246] INFO: 	 lr: 0.00030000000000000073 	 Training loss: 0.05376107428222895
[2025-01-13 14:25:28,957] INFO: Iter 1400 Summary: 
[2025-01-13 14:25:28,958] INFO: 	 lr: 0.00030000000000000073 	 Training loss: 0.053796212300658224
[2025-01-13 14:25:43,177] INFO: Iter 1500 Summary: 
[2025-01-13 14:25:43,177] INFO: 	 lr: 0.00030000000000000073 	 Training loss: 0.053521576449275014
[2025-01-13 14:25:56,994] INFO: Iter 1600 Summary: 
[2025-01-13 14:25:56,994] INFO: 	 lr: 0.00030000000000000073 	 Training loss: 0.0528569421172142
[2025-01-13 14:26:10,545] INFO: Iter 1700 Summary: 
[2025-01-13 14:26:10,545] INFO: 	 lr: 0.00030000000000000073 	 Training loss: 0.05280514195561409
[2025-01-13 14:26:23,055] INFO: Iter 1800 Summary: 
[2025-01-13 14:26:23,056] INFO: 	 lr: 0.00030000000000000073 	 Training loss: 0.0520035371184349
[2025-01-13 14:26:35,084] INFO: Iter 1900 Summary: 
[2025-01-13 14:26:35,084] INFO: 	 lr: 0.00030000000000000073 	 Training loss: 0.05249262884259224
[2025-01-13 14:26:47,542] INFO: Iter 2000 Summary: 
[2025-01-13 14:26:47,543] INFO: 	 lr: 0.00030000000000000073 	 Training loss: 0.05153701808303594
[2025-01-13 14:27:05,409] INFO: Iter 2100 Summary: 
[2025-01-13 14:27:05,409] INFO: 	 lr: 0.00030000000000000073 	 Training loss: 0.051574781462550165
[2025-01-13 14:27:19,124] INFO: Iter 2200 Summary: 
[2025-01-13 14:27:19,124] INFO: 	 lr: 0.00030000000000000073 	 Training loss: 0.05120854839682579
[2025-01-13 14:27:32,583] INFO: Iter 2300 Summary: 
[2025-01-13 14:27:32,583] INFO: 	 lr: 0.00030000000000000073 	 Training loss: 0.05130393695086241
[2025-01-13 14:27:46,338] INFO: Iter 2400 Summary: 
[2025-01-13 14:27:46,338] INFO: 	 lr: 0.00030000000000000073 	 Training loss: 0.05106268398463726
[2025-01-13 14:28:00,204] INFO: Iter 2500 Summary: 
[2025-01-13 14:28:00,204] INFO: 	 lr: 0.00030000000000000073 	 Training loss: 0.05075976807624102
[2025-01-13 14:28:14,835] INFO: Iter 2600 Summary: 
[2025-01-13 14:28:14,835] INFO: 	 lr: 0.00030000000000000073 	 Training loss: 0.05111330348998308
[2025-01-13 14:28:28,219] INFO: Iter 2700 Summary: 
[2025-01-13 14:28:28,219] INFO: 	 lr: 0.00030000000000000073 	 Training loss: 0.050695504210889336
[2025-01-13 14:28:41,604] INFO: Iter 2800 Summary: 
[2025-01-13 14:28:41,605] INFO: 	 lr: 0.00030000000000000073 	 Training loss: 0.05012615829706192
[2025-01-13 14:28:54,837] INFO: Iter 2900 Summary: 
[2025-01-13 14:28:54,837] INFO: 	 lr: 0.00030000000000000073 	 Training loss: 0.04996498413383961
[2025-01-13 14:29:08,048] INFO: Iter 3000 Summary: 
[2025-01-13 14:29:08,049] INFO: 	 lr: 0.00030000000000000073 	 Training loss: 0.0504981653764844
[2025-01-13 14:29:21,965] INFO: Iter 3100 Summary: 
[2025-01-13 14:29:21,966] INFO: 	 lr: 0.00030000000000000073 	 Training loss: 0.04997357729822397
[2025-01-13 14:29:37,117] INFO: Iter 3200 Summary: 
[2025-01-13 14:29:37,117] INFO: 	 lr: 0.00030000000000000073 	 Training loss: 0.04998678430914879
[2025-01-13 14:29:52,183] INFO: Iter 3300 Summary: 
[2025-01-13 14:29:52,183] INFO: 	 lr: 0.00030000000000000073 	 Training loss: 0.04980281211435795
[2025-01-13 14:30:05,914] INFO: Iter 3400 Summary: 
[2025-01-13 14:30:05,914] INFO: 	 lr: 0.00030000000000000073 	 Training loss: 0.049986099377274516
[2025-01-13 14:30:20,151] INFO: Iter 3500 Summary: 
[2025-01-13 14:30:20,151] INFO: 	 lr: 0.00030000000000000073 	 Training loss: 0.049844023585319516
[2025-01-13 14:30:33,968] INFO: Iter 3600 Summary: 
[2025-01-13 14:30:33,968] INFO: 	 lr: 0.00030000000000000073 	 Training loss: 0.049786487855017186
[2025-01-13 14:30:47,969] INFO: Iter 3700 Summary: 
[2025-01-13 14:30:47,970] INFO: 	 lr: 0.00030000000000000073 	 Training loss: 0.04896692767739296
[2025-01-13 14:31:01,760] INFO: Iter 3800 Summary: 
[2025-01-13 14:31:01,760] INFO: 	 lr: 0.00030000000000000073 	 Training loss: 0.048942401707172394
[2025-01-13 14:31:15,523] INFO: Iter 3900 Summary: 
[2025-01-13 14:31:15,523] INFO: 	 lr: 0.00030000000000000073 	 Training loss: 0.04885578088462353
[2025-01-13 14:31:29,741] INFO: Iter 4000 Summary: 
[2025-01-13 14:31:29,741] INFO: 	 lr: 0.00030000000000000073 	 Training loss: 0.04950512886047363
[2025-01-13 14:31:48,384] INFO: Iter 4100 Summary: 
[2025-01-13 14:31:48,385] INFO: 	 lr: 0.00030000000000000073 	 Training loss: 0.04947197809815407
[2025-01-13 14:32:02,224] INFO: Iter 4200 Summary: 
[2025-01-13 14:32:02,225] INFO: 	 lr: 0.00030000000000000073 	 Training loss: 0.04874685913324356
[2025-01-13 14:32:17,226] INFO: Iter 4300 Summary: 
[2025-01-13 14:32:17,226] INFO: 	 lr: 0.00030000000000000073 	 Training loss: 0.0489947671815753
[2025-01-13 14:32:30,479] INFO: Iter 4400 Summary: 
[2025-01-13 14:32:30,479] INFO: 	 lr: 0.00030000000000000073 	 Training loss: 0.048771480247378346
[2025-01-13 14:32:43,180] INFO: Iter 4500 Summary: 
[2025-01-13 14:32:43,180] INFO: 	 lr: 0.00030000000000000073 	 Training loss: 0.04852089587599039
[2025-01-13 14:32:57,408] INFO: Iter 4600 Summary: 
[2025-01-13 14:32:57,408] INFO: 	 lr: 0.00030000000000000073 	 Training loss: 0.048569814711809156
[2025-01-13 14:33:10,345] INFO: Iter 4700 Summary: 
[2025-01-13 14:33:10,346] INFO: 	 lr: 0.00030000000000000073 	 Training loss: 0.04811035331338644
[2025-01-13 14:33:23,734] INFO: Iter 4800 Summary: 
[2025-01-13 14:33:23,734] INFO: 	 lr: 0.00030000000000000073 	 Training loss: 0.048257830291986464
[2025-01-13 14:33:38,440] INFO: Iter 4900 Summary: 
[2025-01-13 14:33:38,440] INFO: 	 lr: 0.00030000000000000073 	 Training loss: 0.04823100741952658
[2025-01-13 14:33:51,297] INFO: Iter 5000 Summary: 
[2025-01-13 14:33:51,297] INFO: 	 lr: 0.00030000000000000073 	 Training loss: 0.048762828670442106
[2025-01-13 14:34:04,485] INFO: Iter 5100 Summary: 
[2025-01-13 14:34:04,485] INFO: 	 lr: 0.00030000000000000073 	 Training loss: 0.048060133419930935
[2025-01-13 14:34:18,098] INFO: Iter 5200 Summary: 
[2025-01-13 14:34:18,099] INFO: 	 lr: 0.00030000000000000073 	 Training loss: 0.04784172233194113
[2025-01-13 14:34:31,130] INFO: Iter 5300 Summary: 
[2025-01-13 14:34:31,131] INFO: 	 lr: 0.00030000000000000073 	 Training loss: 0.04791609726846218
[2025-01-13 14:34:44,999] INFO: Iter 5400 Summary: 
[2025-01-13 14:34:45,000] INFO: 	 lr: 0.00030000000000000073 	 Training loss: 0.04737825326621532
[2025-01-13 14:34:58,523] INFO: Iter 5500 Summary: 
[2025-01-13 14:34:58,523] INFO: 	 lr: 0.00030000000000000073 	 Training loss: 0.04770405124872923
[2025-01-13 14:35:13,313] INFO: Iter 5600 Summary: 
[2025-01-13 14:35:13,314] INFO: 	 lr: 0.00030000000000000073 	 Training loss: 0.04750795938074589
[2025-01-13 14:35:29,047] INFO: Iter 5700 Summary: 
[2025-01-13 14:35:29,047] INFO: 	 lr: 0.00030000000000000073 	 Training loss: 0.0470867008715868
[2025-01-13 14:35:43,888] INFO: Iter 5800 Summary: 
[2025-01-13 14:35:43,888] INFO: 	 lr: 0.00030000000000000073 	 Training loss: 0.047346521094441416
[2025-01-13 14:35:56,876] INFO: Iter 5900 Summary: 
[2025-01-13 14:35:56,876] INFO: 	 lr: 0.00030000000000000073 	 Training loss: 0.046948316134512426
[2025-01-13 14:36:10,426] INFO: Iter 6000 Summary: 
[2025-01-13 14:36:10,427] INFO: 	 lr: 0.00030000000000000073 	 Training loss: 0.04700473707169294
[2025-01-13 14:36:28,044] INFO: Iter 6100 Summary: 
[2025-01-13 14:36:28,044] INFO: 	 lr: 0.00030000000000000073 	 Training loss: 0.046784941554069516
[2025-01-13 14:36:42,707] INFO: Iter 6200 Summary: 
[2025-01-13 14:36:42,707] INFO: 	 lr: 0.00030000000000000073 	 Training loss: 0.046652512699365614
[2025-01-13 14:36:56,133] INFO: Iter 6300 Summary: 
[2025-01-13 14:36:56,133] INFO: 	 lr: 0.00030000000000000073 	 Training loss: 0.04644642986357212
[2025-01-13 14:37:09,827] INFO: Iter 6400 Summary: 
[2025-01-13 14:37:09,827] INFO: 	 lr: 0.00030000000000000073 	 Training loss: 0.046506319902837275
[2025-01-13 14:37:23,872] INFO: Iter 6500 Summary: 
[2025-01-13 14:37:23,872] INFO: 	 lr: 0.00030000000000000073 	 Training loss: 0.04618743471801281
[2025-01-13 14:37:37,029] INFO: Iter 6600 Summary: 
[2025-01-13 14:37:37,029] INFO: 	 lr: 0.00030000000000000073 	 Training loss: 0.04623363096266985
[2025-01-13 14:37:51,623] INFO: Iter 6700 Summary: 
[2025-01-13 14:37:51,623] INFO: 	 lr: 0.00030000000000000073 	 Training loss: 0.04601345431059599
[2025-01-13 14:38:05,863] INFO: Iter 6800 Summary: 
[2025-01-13 14:38:05,863] INFO: 	 lr: 0.00030000000000000073 	 Training loss: 0.04568120781332254
[2025-01-13 14:38:20,721] INFO: Iter 6900 Summary: 
[2025-01-13 14:38:20,721] INFO: 	 lr: 0.00030000000000000073 	 Training loss: 0.04595132727175951
[2025-01-13 14:38:34,487] INFO: Iter 7000 Summary: 
[2025-01-13 14:38:34,488] INFO: 	 lr: 0.00030000000000000073 	 Training loss: 0.04602955527603626
[2025-01-13 14:38:48,799] INFO: Iter 7100 Summary: 
[2025-01-13 14:38:48,799] INFO: 	 lr: 0.00030000000000000073 	 Training loss: 0.04556172482669354
[2025-01-13 14:39:02,258] INFO: Iter 7200 Summary: 
[2025-01-13 14:39:02,258] INFO: 	 lr: 0.00030000000000000073 	 Training loss: 0.04536982081830501
[2025-01-13 14:39:15,522] INFO: Iter 7300 Summary: 
[2025-01-13 14:39:15,522] INFO: 	 lr: 0.00030000000000000073 	 Training loss: 0.04520168207585812
[2025-01-13 14:39:29,062] INFO: Iter 7400 Summary: 
[2025-01-13 14:39:29,063] INFO: 	 lr: 0.00030000000000000073 	 Training loss: 0.04516506765037775
[2025-01-13 14:39:42,804] INFO: Iter 7500 Summary: 
[2025-01-13 14:39:42,805] INFO: 	 lr: 0.00030000000000000073 	 Training loss: 0.04518701184540987
[2025-01-13 14:39:57,205] INFO: Iter 7600 Summary: 
[2025-01-13 14:39:57,206] INFO: 	 lr: 0.00030000000000000073 	 Training loss: 0.04520420327782631
[2025-01-13 14:40:11,662] INFO: Iter 7700 Summary: 
[2025-01-13 14:40:11,663] INFO: 	 lr: 0.00030000000000000073 	 Training loss: 0.04494573947042227
[2025-01-13 14:40:25,085] INFO: Iter 7800 Summary: 
[2025-01-13 14:40:25,086] INFO: 	 lr: 0.00030000000000000073 	 Training loss: 0.04434569101780653
[2025-01-13 14:40:39,231] INFO: Iter 7900 Summary: 
[2025-01-13 14:40:39,231] INFO: 	 lr: 0.00030000000000000073 	 Training loss: 0.04454519808292389
[2025-01-13 14:40:52,485] INFO: Iter 8000 Summary: 
[2025-01-13 14:40:52,485] INFO: 	 lr: 0.00030000000000000073 	 Training loss: 0.04460116993635893
[2025-01-13 14:41:12,748] INFO: Iter 8100 Summary: 
[2025-01-13 14:41:12,749] INFO: 	 lr: 0.00030000000000000073 	 Training loss: 0.044585944600403306
[2025-01-13 14:41:28,421] INFO: Iter 8200 Summary: 
[2025-01-13 14:41:28,421] INFO: 	 lr: 0.00030000000000000073 	 Training loss: 0.04447371955960989
[2025-01-13 14:41:43,818] INFO: Iter 8300 Summary: 
[2025-01-13 14:41:43,818] INFO: 	 lr: 0.00030000000000000073 	 Training loss: 0.044700459614396094
[2025-01-13 14:41:59,155] INFO: Iter 8400 Summary: 
[2025-01-13 14:41:59,155] INFO: 	 lr: 0.00030000000000000073 	 Training loss: 0.04418327074497938
[2025-01-13 14:42:14,074] INFO: Iter 8500 Summary: 
[2025-01-13 14:42:14,074] INFO: 	 lr: 0.00030000000000000073 	 Training loss: 0.04434201050549746
[2025-01-13 14:42:28,185] INFO: Iter 8600 Summary: 
[2025-01-13 14:42:28,185] INFO: 	 lr: 0.00030000000000000073 	 Training loss: 0.043780361376702784
[2025-01-13 14:42:42,508] INFO: Iter 8700 Summary: 
[2025-01-13 14:42:42,508] INFO: 	 lr: 0.00030000000000000073 	 Training loss: 0.044004570730030536
[2025-01-13 14:42:56,337] INFO: Iter 8800 Summary: 
[2025-01-13 14:42:56,338] INFO: 	 lr: 0.00030000000000000073 	 Training loss: 0.04419297743588686
[2025-01-13 14:43:10,133] INFO: Iter 8900 Summary: 
[2025-01-13 14:43:10,133] INFO: 	 lr: 0.00030000000000000073 	 Training loss: 0.04348462998867035
[2025-01-13 14:43:25,672] INFO: Iter 9000 Summary: 
[2025-01-13 14:43:25,673] INFO: 	 lr: 0.00030000000000000073 	 Training loss: 0.043512687794864176
[2025-01-13 14:43:39,840] INFO: Iter 9100 Summary: 
[2025-01-13 14:43:39,840] INFO: 	 lr: 0.00030000000000000073 	 Training loss: 0.043764249086380005
[2025-01-13 14:43:54,042] INFO: Iter 9200 Summary: 
[2025-01-13 14:43:54,043] INFO: 	 lr: 0.00030000000000000073 	 Training loss: 0.043722090497612956
[2025-01-13 14:44:08,676] INFO: Iter 9300 Summary: 
[2025-01-13 14:44:08,676] INFO: 	 lr: 0.00030000000000000073 	 Training loss: 0.043615618348121644
[2025-01-13 14:44:23,361] INFO: Iter 9400 Summary: 
[2025-01-13 14:44:23,361] INFO: 	 lr: 0.00030000000000000073 	 Training loss: 0.043069281950592994
[2025-01-13 14:44:36,902] INFO: Iter 9500 Summary: 
[2025-01-13 14:44:36,903] INFO: 	 lr: 0.00030000000000000073 	 Training loss: 0.04327459707856178
[2025-01-13 14:44:51,131] INFO: Iter 9600 Summary: 
[2025-01-13 14:44:51,131] INFO: 	 lr: 0.00030000000000000073 	 Training loss: 0.04331291150301695
[2025-01-13 14:45:06,940] INFO: Iter 9700 Summary: 
[2025-01-13 14:45:06,941] INFO: 	 lr: 0.00030000000000000073 	 Training loss: 0.043193360045552256
[2025-01-13 14:45:21,599] INFO: Iter 9800 Summary: 
[2025-01-13 14:45:21,600] INFO: 	 lr: 0.00030000000000000073 	 Training loss: 0.043023174330592155
[2025-01-13 14:45:35,192] INFO: Iter 9900 Summary: 
[2025-01-13 14:45:35,192] INFO: 	 lr: 0.00030000000000000073 	 Training loss: 0.04291443474590778
[2025-01-13 14:45:49,677] INFO: Iter 10000 Summary: 
[2025-01-13 14:45:49,677] INFO: 	 lr: 0.00030000000000000073 	 Training loss: 0.04292451109737158
[2025-01-13 14:46:09,319] INFO: Iter 10100 Summary: 
[2025-01-13 14:46:09,319] INFO: 	 lr: 0.00030000000000000073 	 Training loss: 0.04322488527745008
[2025-01-13 14:46:22,958] INFO: Iter 10200 Summary: 
[2025-01-13 14:46:22,959] INFO: 	 lr: 0.00030000000000000073 	 Training loss: 0.04244921684265137
[2025-01-13 14:46:37,371] INFO: Iter 10300 Summary: 
[2025-01-13 14:46:37,372] INFO: 	 lr: 0.00030000000000000073 	 Training loss: 0.04283345468342304
[2025-01-13 14:46:52,570] INFO: Iter 10400 Summary: 
[2025-01-13 14:46:52,571] INFO: 	 lr: 0.00030000000000000073 	 Training loss: 0.04253769431263208
[2025-01-13 14:47:07,493] INFO: Iter 10500 Summary: 
[2025-01-13 14:47:07,493] INFO: 	 lr: 0.00030000000000000073 	 Training loss: 0.04290525253862142
[2025-01-13 14:47:23,127] INFO: Iter 10600 Summary: 
[2025-01-13 14:47:23,127] INFO: 	 lr: 0.00030000000000000073 	 Training loss: 0.04243043940514326
[2025-01-13 14:47:37,595] INFO: Iter 10700 Summary: 
[2025-01-13 14:47:37,596] INFO: 	 lr: 0.00030000000000000073 	 Training loss: 0.042439894378185274
[2025-01-13 14:47:52,060] INFO: Iter 10800 Summary: 
[2025-01-13 14:47:52,061] INFO: 	 lr: 0.00030000000000000073 	 Training loss: 0.04238349869847298
[2025-01-13 14:48:06,297] INFO: Iter 10900 Summary: 
[2025-01-13 14:48:06,297] INFO: 	 lr: 0.00030000000000000073 	 Training loss: 0.04236964784562588
[2025-01-13 14:48:19,040] INFO: Iter 11000 Summary: 
[2025-01-13 14:48:19,040] INFO: 	 lr: 0.00030000000000000073 	 Training loss: 0.04234189845621586
[2025-01-13 14:48:31,900] INFO: Iter 11100 Summary: 
[2025-01-13 14:48:31,900] INFO: 	 lr: 0.00030000000000000073 	 Training loss: 0.04230184521526098
[2025-01-13 14:48:44,691] INFO: Iter 11200 Summary: 
[2025-01-13 14:48:44,692] INFO: 	 lr: 0.00030000000000000073 	 Training loss: 0.042262847051024434
[2025-01-13 14:48:58,538] INFO: Iter 11300 Summary: 
[2025-01-13 14:48:58,538] INFO: 	 lr: 0.00030000000000000073 	 Training loss: 0.042245815694332126
[2025-01-13 14:49:12,189] INFO: Iter 11400 Summary: 
[2025-01-13 14:49:12,189] INFO: 	 lr: 0.00030000000000000073 	 Training loss: 0.041899132952094076
[2025-01-13 14:49:24,805] INFO: Iter 11500 Summary: 
[2025-01-13 14:49:24,805] INFO: 	 lr: 0.00030000000000000073 	 Training loss: 0.04241024680435657
[2025-01-13 14:49:38,655] INFO: Iter 11600 Summary: 
[2025-01-13 14:49:38,655] INFO: 	 lr: 0.00030000000000000073 	 Training loss: 0.0417292270436883
[2025-01-13 14:49:52,955] INFO: Iter 11700 Summary: 
[2025-01-13 14:49:52,955] INFO: 	 lr: 0.00030000000000000073 	 Training loss: 0.04170209288597107
[2025-01-13 14:50:06,312] INFO: Iter 11800 Summary: 
[2025-01-13 14:50:06,312] INFO: 	 lr: 0.00030000000000000073 	 Training loss: 0.04142823684960604
[2025-01-13 14:50:20,623] INFO: Iter 11900 Summary: 
[2025-01-13 14:50:20,623] INFO: 	 lr: 0.00030000000000000073 	 Training loss: 0.0417948492616415
[2025-01-13 14:50:34,987] INFO: Iter 12000 Summary: 
[2025-01-13 14:50:34,988] INFO: 	 lr: 0.00030000000000000073 	 Training loss: 0.04175304114818573
[2025-01-13 14:50:53,569] INFO: Iter 12100 Summary: 
[2025-01-13 14:50:53,570] INFO: 	 lr: 0.00030000000000000073 	 Training loss: 0.04197311766445637
[2025-01-13 14:51:07,311] INFO: Iter 12200 Summary: 
[2025-01-13 14:51:07,311] INFO: 	 lr: 0.00030000000000000073 	 Training loss: 0.04180588111281395
[2025-01-13 14:51:20,965] INFO: Iter 12300 Summary: 
[2025-01-13 14:51:20,966] INFO: 	 lr: 0.00030000000000000073 	 Training loss: 0.04171131268143654
[2025-01-13 14:51:35,109] INFO: Iter 12400 Summary: 
[2025-01-13 14:51:35,109] INFO: 	 lr: 0.00030000000000000073 	 Training loss: 0.04186767738312483
[2025-01-13 14:51:49,406] INFO: Iter 12500 Summary: 
[2025-01-13 14:51:49,407] INFO: 	 lr: 0.00030000000000000073 	 Training loss: 0.04135211084038019
[2025-01-13 14:52:02,743] INFO: Iter 12600 Summary: 
[2025-01-13 14:52:02,744] INFO: 	 lr: 0.00030000000000000073 	 Training loss: 0.04155595220625401
[2025-01-13 14:52:16,577] INFO: Iter 12700 Summary: 
[2025-01-13 14:52:16,578] INFO: 	 lr: 0.00030000000000000073 	 Training loss: 0.04169535357505083
[2025-01-13 14:52:30,521] INFO: Iter 12800 Summary: 
[2025-01-13 14:52:30,522] INFO: 	 lr: 0.00030000000000000073 	 Training loss: 0.04163368534296751
[2025-01-13 14:52:44,531] INFO: Iter 12900 Summary: 
[2025-01-13 14:52:44,531] INFO: 	 lr: 0.00030000000000000073 	 Training loss: 0.041289150454103946
[2025-01-13 14:52:58,079] INFO: Iter 13000 Summary: 
[2025-01-13 14:52:58,080] INFO: 	 lr: 0.00030000000000000073 	 Training loss: 0.04154212944209576
[2025-01-13 14:53:14,490] INFO: Iter 13100 Summary: 
[2025-01-13 14:53:14,490] INFO: 	 lr: 0.00030000000000000073 	 Training loss: 0.0417697835713625
[2025-01-13 14:53:29,858] INFO: Iter 13200 Summary: 
[2025-01-13 14:53:29,858] INFO: 	 lr: 0.00030000000000000073 	 Training loss: 0.04106343910098076
[2025-01-13 14:53:42,511] INFO: Iter 13300 Summary: 
[2025-01-13 14:53:42,511] INFO: 	 lr: 0.00030000000000000073 	 Training loss: 0.04124647159129381
[2025-01-13 14:53:55,686] INFO: Iter 13400 Summary: 
[2025-01-13 14:53:55,687] INFO: 	 lr: 0.00030000000000000073 	 Training loss: 0.041372916996479034
[2025-01-13 14:54:09,633] INFO: Iter 13500 Summary: 
[2025-01-13 14:54:09,634] INFO: 	 lr: 0.00030000000000000073 	 Training loss: 0.041279665529727935
[2025-01-13 14:54:23,590] INFO: Iter 13600 Summary: 
[2025-01-13 14:54:23,590] INFO: 	 lr: 0.00030000000000000073 	 Training loss: 0.04135957717895508
[2025-01-13 14:54:37,410] INFO: Iter 13700 Summary: 
[2025-01-13 14:54:37,411] INFO: 	 lr: 0.00030000000000000073 	 Training loss: 0.0410404397547245
[2025-01-13 14:54:51,259] INFO: Iter 13800 Summary: 
[2025-01-13 14:54:51,259] INFO: 	 lr: 0.00030000000000000073 	 Training loss: 0.04116179894655943
[2025-01-13 14:55:04,997] INFO: Iter 13900 Summary: 
[2025-01-13 14:55:04,997] INFO: 	 lr: 0.00030000000000000073 	 Training loss: 0.041091999858617785
[2025-01-13 14:55:19,204] INFO: Iter 14000 Summary: 
[2025-01-13 14:55:19,204] INFO: 	 lr: 0.00030000000000000073 	 Training loss: 0.041093160919845106
[2025-01-13 14:55:37,384] INFO: Iter 14100 Summary: 
[2025-01-13 14:55:37,385] INFO: 	 lr: 0.00030000000000000073 	 Training loss: 0.040723674073815344
[2025-01-13 14:55:51,390] INFO: Iter 14200 Summary: 
[2025-01-13 14:55:51,391] INFO: 	 lr: 0.00030000000000000073 	 Training loss: 0.04088923245668411
[2025-01-13 14:56:04,958] INFO: Iter 14300 Summary: 
[2025-01-13 14:56:04,958] INFO: 	 lr: 0.00030000000000000073 	 Training loss: 0.04088273551315069
[2025-01-13 14:56:18,472] INFO: Iter 14400 Summary: 
[2025-01-13 14:56:18,473] INFO: 	 lr: 0.00030000000000000073 	 Training loss: 0.041138126067817214
[2025-01-13 14:56:32,274] INFO: Iter 14500 Summary: 
[2025-01-13 14:56:32,279] INFO: 	 lr: 0.00030000000000000073 	 Training loss: 0.040672175846993924
[2025-01-13 14:56:45,916] INFO: Iter 14600 Summary: 
[2025-01-13 14:56:45,916] INFO: 	 lr: 0.00030000000000000073 	 Training loss: 0.040932776182889936
[2025-01-13 14:56:59,289] INFO: Iter 14700 Summary: 
[2025-01-13 14:56:59,289] INFO: 	 lr: 0.00030000000000000073 	 Training loss: 0.04072574660181999
[2025-01-13 14:57:11,780] INFO: Iter 14800 Summary: 
[2025-01-13 14:57:11,781] INFO: 	 lr: 0.00030000000000000073 	 Training loss: 0.04063288982957602
[2025-01-13 14:57:25,338] INFO: Iter 14900 Summary: 
[2025-01-13 14:57:25,338] INFO: 	 lr: 0.00030000000000000073 	 Training loss: 0.04052762385457754
[2025-01-13 14:57:37,721] INFO: Iter 15000 Summary: 
[2025-01-13 14:57:37,721] INFO: 	 lr: 0.00030000000000000073 	 Training loss: 0.040678134039044384
[2025-01-13 14:57:52,665] INFO: Iter 15100 Summary: 
[2025-01-13 14:57:52,666] INFO: 	 lr: 0.00030000000000000073 	 Training loss: 0.04095082677900791
[2025-01-13 14:58:07,931] INFO: Iter 15200 Summary: 
[2025-01-13 14:58:07,932] INFO: 	 lr: 0.00030000000000000073 	 Training loss: 0.040525333248078825
[2025-01-13 14:58:22,841] INFO: Iter 15300 Summary: 
[2025-01-13 14:58:22,842] INFO: 	 lr: 0.00030000000000000073 	 Training loss: 0.040795374438166616
[2025-01-13 14:58:36,125] INFO: Iter 15400 Summary: 
[2025-01-13 14:58:36,126] INFO: 	 lr: 0.00030000000000000073 	 Training loss: 0.040651652961969376
[2025-01-13 14:58:49,356] INFO: Iter 15500 Summary: 
[2025-01-13 14:58:49,357] INFO: 	 lr: 0.00030000000000000073 	 Training loss: 0.04067305274307728
[2025-01-13 14:59:06,200] INFO: Iter 15600 Summary: 
[2025-01-13 14:59:06,201] INFO: 	 lr: 0.00030000000000000073 	 Training loss: 0.04060823649168015
[2025-01-13 14:59:22,132] INFO: Iter 15700 Summary: 
[2025-01-13 14:59:22,132] INFO: 	 lr: 0.00030000000000000073 	 Training loss: 0.04053601078689098
[2025-01-13 14:59:36,254] INFO: Iter 15800 Summary: 
[2025-01-13 14:59:36,254] INFO: 	 lr: 0.00030000000000000073 	 Training loss: 0.04041840933263302
[2025-01-13 14:59:50,755] INFO: Iter 15900 Summary: 
[2025-01-13 14:59:50,755] INFO: 	 lr: 0.00030000000000000073 	 Training loss: 0.04034668318927288
[2025-01-13 15:00:05,224] INFO: Iter 16000 Summary: 
[2025-01-13 15:00:05,225] INFO: 	 lr: 0.00030000000000000073 	 Training loss: 0.040417775064706805
[2025-01-13 15:00:23,946] INFO: Iter 16100 Summary: 
[2025-01-13 15:00:23,947] INFO: 	 lr: 0.00030000000000000073 	 Training loss: 0.04073191124945879
[2025-01-13 15:00:38,040] INFO: Iter 16200 Summary: 
[2025-01-13 15:00:38,040] INFO: 	 lr: 0.00030000000000000073 	 Training loss: 0.04021300904452801
[2025-01-13 15:00:52,608] INFO: Iter 16300 Summary: 
[2025-01-13 15:00:52,608] INFO: 	 lr: 0.00030000000000000073 	 Training loss: 0.04033446192741394
[2025-01-13 15:01:06,803] INFO: Iter 16400 Summary: 
[2025-01-13 15:01:06,803] INFO: 	 lr: 0.00030000000000000073 	 Training loss: 0.03997152511030436
[2025-01-13 15:01:21,638] INFO: Iter 16500 Summary: 
[2025-01-13 15:01:21,639] INFO: 	 lr: 0.00030000000000000073 	 Training loss: 0.04034025736153126
[2025-01-13 15:01:36,408] INFO: Iter 16600 Summary: 
[2025-01-13 15:01:36,408] INFO: 	 lr: 0.00030000000000000073 	 Training loss: 0.03990745075047016
[2025-01-13 15:01:51,790] INFO: Iter 16700 Summary: 
[2025-01-13 15:01:51,790] INFO: 	 lr: 0.00030000000000000073 	 Training loss: 0.040217937417328355
[2025-01-13 15:02:07,225] INFO: Iter 16800 Summary: 
[2025-01-13 15:02:07,225] INFO: 	 lr: 0.00030000000000000073 	 Training loss: 0.04024341929703951
[2025-01-13 15:02:21,830] INFO: Iter 16900 Summary: 
[2025-01-13 15:02:21,831] INFO: 	 lr: 0.00030000000000000073 	 Training loss: 0.040261743292212486
[2025-01-13 15:02:36,650] INFO: Iter 17000 Summary: 
[2025-01-13 15:02:36,651] INFO: 	 lr: 0.00030000000000000073 	 Training loss: 0.04067595522850752
[2025-01-13 15:02:51,903] INFO: Iter 17100 Summary: 
[2025-01-13 15:02:51,903] INFO: 	 lr: 0.00030000000000000073 	 Training loss: 0.04026239555329084
[2025-01-13 15:03:05,948] INFO: Iter 17200 Summary: 
[2025-01-13 15:03:05,948] INFO: 	 lr: 0.00030000000000000073 	 Training loss: 0.040234966389834884
[2025-01-13 15:03:21,016] INFO: Iter 17300 Summary: 
[2025-01-13 15:03:21,017] INFO: 	 lr: 0.00030000000000000073 	 Training loss: 0.040087975487113
[2025-01-13 15:03:34,399] INFO: Iter 17400 Summary: 
[2025-01-13 15:03:34,400] INFO: 	 lr: 0.00030000000000000073 	 Training loss: 0.04010018955916166
[2025-01-13 15:03:48,694] INFO: Iter 17500 Summary: 
[2025-01-13 15:03:48,695] INFO: 	 lr: 0.00030000000000000073 	 Training loss: 0.040028223618865016
[2025-01-13 15:04:04,074] INFO: Iter 17600 Summary: 
[2025-01-13 15:04:04,074] INFO: 	 lr: 0.00030000000000000073 	 Training loss: 0.039911400862038135
[2025-01-13 15:04:19,123] INFO: Iter 17700 Summary: 
[2025-01-13 15:04:19,123] INFO: 	 lr: 0.00030000000000000073 	 Training loss: 0.04046213291585445
[2025-01-13 15:04:34,242] INFO: Iter 17800 Summary: 
[2025-01-13 15:04:34,242] INFO: 	 lr: 0.00030000000000000073 	 Training loss: 0.03995084550231695
[2025-01-13 15:04:49,745] INFO: Iter 17900 Summary: 
[2025-01-13 15:04:49,745] INFO: 	 lr: 0.00030000000000000073 	 Training loss: 0.04012622371315956
[2025-01-13 15:05:07,014] INFO: Iter 18000 Summary: 
[2025-01-13 15:05:07,014] INFO: 	 lr: 0.00030000000000000073 	 Training loss: 0.04005354598164559
[2025-01-13 15:05:28,451] INFO: Iter 18100 Summary: 
[2025-01-13 15:05:28,451] INFO: 	 lr: 0.00030000000000000073 	 Training loss: 0.039751490838825704
[2025-01-13 15:05:42,125] INFO: Iter 18200 Summary: 
[2025-01-13 15:05:42,126] INFO: 	 lr: 0.00030000000000000073 	 Training loss: 0.039829826727509496
[2025-01-13 15:05:57,454] INFO: Iter 18300 Summary: 
[2025-01-13 15:05:57,454] INFO: 	 lr: 0.00030000000000000073 	 Training loss: 0.03974631760269404
[2025-01-13 15:06:12,029] INFO: Iter 18400 Summary: 
[2025-01-13 15:06:12,029] INFO: 	 lr: 0.00030000000000000073 	 Training loss: 0.04001909628510475
[2025-01-13 15:06:26,727] INFO: Iter 18500 Summary: 
[2025-01-13 15:06:26,727] INFO: 	 lr: 0.00030000000000000073 	 Training loss: 0.039874727427959444
[2025-01-13 15:06:40,732] INFO: Iter 18600 Summary: 
[2025-01-13 15:06:40,732] INFO: 	 lr: 0.00030000000000000073 	 Training loss: 0.04009461477398872
[2025-01-13 15:06:55,340] INFO: Iter 18700 Summary: 
[2025-01-13 15:06:55,341] INFO: 	 lr: 0.00030000000000000073 	 Training loss: 0.03977624032646418
[2025-01-13 15:07:09,713] INFO: Iter 18800 Summary: 
[2025-01-13 15:07:09,713] INFO: 	 lr: 0.00030000000000000073 	 Training loss: 0.03992320999503136
[2025-01-13 15:07:24,580] INFO: Iter 18900 Summary: 
[2025-01-13 15:07:24,580] INFO: 	 lr: 0.00030000000000000073 	 Training loss: 0.039772277399897575
[2025-01-13 15:07:38,902] INFO: Iter 19000 Summary: 
[2025-01-13 15:07:38,902] INFO: 	 lr: 0.00030000000000000073 	 Training loss: 0.03969545420259237
[2025-01-13 15:07:52,380] INFO: Iter 19100 Summary: 
[2025-01-13 15:07:52,380] INFO: 	 lr: 0.00030000000000000073 	 Training loss: 0.04016331542283297
[2025-01-13 15:08:06,112] INFO: Iter 19200 Summary: 
[2025-01-13 15:08:06,113] INFO: 	 lr: 0.00030000000000000073 	 Training loss: 0.03974014140665531
[2025-01-13 15:08:21,176] INFO: Iter 19300 Summary: 
[2025-01-13 15:08:21,177] INFO: 	 lr: 0.00030000000000000073 	 Training loss: 0.03971665777266026
[2025-01-13 15:08:34,455] INFO: Iter 19400 Summary: 
[2025-01-13 15:08:34,455] INFO: 	 lr: 0.00030000000000000073 	 Training loss: 0.03970914091914892
[2025-01-13 15:08:48,565] INFO: Iter 19500 Summary: 
[2025-01-13 15:08:48,576] INFO: 	 lr: 0.00030000000000000073 	 Training loss: 0.039789013639092444
[2025-01-13 15:09:01,937] INFO: Iter 19600 Summary: 
[2025-01-13 15:09:01,937] INFO: 	 lr: 0.00030000000000000073 	 Training loss: 0.0396954233571887
[2025-01-13 15:09:15,800] INFO: Iter 19700 Summary: 
[2025-01-13 15:09:15,801] INFO: 	 lr: 0.00030000000000000073 	 Training loss: 0.039645306579768655
[2025-01-13 15:09:29,971] INFO: Iter 19800 Summary: 
[2025-01-13 15:09:29,971] INFO: 	 lr: 0.00030000000000000073 	 Training loss: 0.03949377864599228
[2025-01-13 15:09:42,908] INFO: Iter 19900 Summary: 
[2025-01-13 15:09:42,908] INFO: 	 lr: 0.00030000000000000073 	 Training loss: 0.03952168691903353
[2025-01-13 15:09:57,635] INFO: Iter 20000 Summary: 
[2025-01-13 15:09:57,635] INFO: 	 lr: 0.00030000000000000073 	 Training loss: 0.03976560451090336
[2025-01-13 15:10:16,840] INFO: Iter 20100 Summary: 
[2025-01-13 15:10:16,840] INFO: 	 lr: 0.00030000000000000073 	 Training loss: 0.03964918740093708
[2025-01-13 15:10:31,457] INFO: Iter 20200 Summary: 
[2025-01-13 15:10:31,457] INFO: 	 lr: 0.00030000000000000073 	 Training loss: 0.039364797696471214
[2025-01-13 15:10:46,312] INFO: Iter 20300 Summary: 
[2025-01-13 15:10:46,313] INFO: 	 lr: 0.00030000000000000073 	 Training loss: 0.03938052631914615
[2025-01-13 15:11:02,622] INFO: Iter 20400 Summary: 
[2025-01-13 15:11:02,622] INFO: 	 lr: 0.00030000000000000073 	 Training loss: 0.03985960554331541
[2025-01-13 15:11:17,189] INFO: Iter 20500 Summary: 
[2025-01-13 15:11:17,189] INFO: 	 lr: 0.00030000000000000073 	 Training loss: 0.03975666031241417
[2025-01-13 15:11:30,629] INFO: Iter 20600 Summary: 
[2025-01-13 15:11:30,629] INFO: 	 lr: 0.00030000000000000073 	 Training loss: 0.03959222476929426
[2025-01-13 15:11:45,314] INFO: Iter 20700 Summary: 
[2025-01-13 15:11:45,314] INFO: 	 lr: 0.00030000000000000073 	 Training loss: 0.03953310705721378
[2025-01-13 15:11:59,811] INFO: Iter 20800 Summary: 
[2025-01-13 15:11:59,812] INFO: 	 lr: 0.00030000000000000073 	 Training loss: 0.039459492042660714
[2025-01-13 15:12:13,129] INFO: Iter 20900 Summary: 
[2025-01-13 15:12:13,129] INFO: 	 lr: 0.00030000000000000073 	 Training loss: 0.039662900865077975
[2025-01-13 15:12:26,864] INFO: Iter 21000 Summary: 
[2025-01-13 15:12:26,864] INFO: 	 lr: 0.00030000000000000073 	 Training loss: 0.03959338206797838
[2025-01-13 15:12:40,794] INFO: Iter 21100 Summary: 
[2025-01-13 15:12:40,795] INFO: 	 lr: 0.00030000000000000073 	 Training loss: 0.039669427871704105
[2025-01-13 15:12:54,280] INFO: Iter 21200 Summary: 
[2025-01-13 15:12:54,281] INFO: 	 lr: 0.00030000000000000073 	 Training loss: 0.039730810970067976
[2025-01-13 15:13:08,315] INFO: Iter 21300 Summary: 
[2025-01-13 15:13:08,315] INFO: 	 lr: 0.00030000000000000073 	 Training loss: 0.0393523183837533
[2025-01-13 15:13:23,207] INFO: Iter 21400 Summary: 
[2025-01-13 15:13:23,207] INFO: 	 lr: 0.00030000000000000073 	 Training loss: 0.039325869642198086
[2025-01-13 15:13:37,764] INFO: Iter 21500 Summary: 
[2025-01-13 15:13:37,765] INFO: 	 lr: 0.00030000000000000073 	 Training loss: 0.039468625001609324
[2025-01-13 15:13:52,056] INFO: Iter 21600 Summary: 
[2025-01-13 15:13:52,056] INFO: 	 lr: 0.00030000000000000073 	 Training loss: 0.039324644319713116
[2025-01-13 15:14:05,635] INFO: Iter 21700 Summary: 
[2025-01-13 15:14:05,636] INFO: 	 lr: 0.00030000000000000073 	 Training loss: 0.039534990526735786
[2025-01-13 15:14:19,233] INFO: Iter 21800 Summary: 
[2025-01-13 15:14:19,234] INFO: 	 lr: 0.00030000000000000073 	 Training loss: 0.03969420991837978
[2025-01-13 15:14:33,820] INFO: Iter 21900 Summary: 
[2025-01-13 15:14:33,821] INFO: 	 lr: 0.00030000000000000073 	 Training loss: 0.03912306062877178
[2025-01-13 15:14:47,725] INFO: Iter 22000 Summary: 
[2025-01-13 15:14:47,725] INFO: 	 lr: 0.00030000000000000073 	 Training loss: 0.039432223290205
[2025-01-13 15:15:07,857] INFO: Iter 22100 Summary: 
[2025-01-13 15:15:07,857] INFO: 	 lr: 0.00030000000000000073 	 Training loss: 0.039110237434506416
[2025-01-13 15:15:22,214] INFO: Iter 22200 Summary: 
[2025-01-13 15:15:22,214] INFO: 	 lr: 0.00030000000000000073 	 Training loss: 0.03937969148159027
[2025-01-13 15:15:36,397] INFO: Iter 22300 Summary: 
[2025-01-13 15:15:36,398] INFO: 	 lr: 0.00030000000000000073 	 Training loss: 0.039257711321115496
[2025-01-13 15:15:49,724] INFO: Iter 22400 Summary: 
[2025-01-13 15:15:49,724] INFO: 	 lr: 0.00030000000000000073 	 Training loss: 0.039428119473159315
[2025-01-13 15:16:04,337] INFO: Iter 22500 Summary: 
[2025-01-13 15:16:04,337] INFO: 	 lr: 0.00030000000000000073 	 Training loss: 0.03942322939634323
[2025-01-13 15:16:18,829] INFO: Iter 22600 Summary: 
[2025-01-13 15:16:18,829] INFO: 	 lr: 0.00030000000000000073 	 Training loss: 0.03928000506013632
[2025-01-13 15:16:31,999] INFO: Iter 22700 Summary: 
[2025-01-13 15:16:31,999] INFO: 	 lr: 0.00030000000000000073 	 Training loss: 0.03938516013324261
[2025-01-13 15:16:49,183] INFO: Iter 22800 Summary: 
[2025-01-13 15:16:49,183] INFO: 	 lr: 0.00030000000000000073 	 Training loss: 0.03918366651982069
[2025-01-13 15:17:04,382] INFO: Iter 22900 Summary: 
[2025-01-13 15:17:04,382] INFO: 	 lr: 0.00030000000000000073 	 Training loss: 0.03898650746792555
[2025-01-13 15:17:20,189] INFO: Iter 23000 Summary: 
[2025-01-13 15:17:20,189] INFO: 	 lr: 0.00030000000000000073 	 Training loss: 0.03918036080896854
[2025-01-13 15:17:34,717] INFO: Iter 23100 Summary: 
[2025-01-13 15:17:34,717] INFO: 	 lr: 0.00030000000000000073 	 Training loss: 0.03924273759126663
[2025-01-13 15:17:49,465] INFO: Iter 23200 Summary: 
[2025-01-13 15:17:49,465] INFO: 	 lr: 0.00030000000000000073 	 Training loss: 0.039283976145088675
[2025-01-13 15:18:03,812] INFO: Iter 23300 Summary: 
[2025-01-13 15:18:03,812] INFO: 	 lr: 0.00030000000000000073 	 Training loss: 0.039515385888516906
[2025-01-13 15:18:18,511] INFO: Iter 23400 Summary: 
[2025-01-13 15:18:18,512] INFO: 	 lr: 0.00030000000000000073 	 Training loss: 0.03968818359076977
[2025-01-13 15:18:32,613] INFO: Iter 23500 Summary: 
[2025-01-13 15:18:32,613] INFO: 	 lr: 0.00030000000000000073 	 Training loss: 0.03897624619305134
[2025-01-13 15:18:46,807] INFO: Iter 23600 Summary: 
[2025-01-13 15:18:46,807] INFO: 	 lr: 0.00030000000000000073 	 Training loss: 0.039151441007852554
[2025-01-13 15:18:59,452] INFO: Iter 23700 Summary: 
[2025-01-13 15:18:59,453] INFO: 	 lr: 0.00030000000000000073 	 Training loss: 0.039195558726787566
[2025-01-13 15:19:13,394] INFO: Iter 23800 Summary: 
[2025-01-13 15:19:13,394] INFO: 	 lr: 0.00030000000000000073 	 Training loss: 0.03918246429413557
[2025-01-13 15:19:27,436] INFO: Iter 23900 Summary: 
[2025-01-13 15:19:27,436] INFO: 	 lr: 0.00030000000000000073 	 Training loss: 0.03907544992864132
[2025-01-13 15:19:40,694] INFO: Iter 24000 Summary: 
[2025-01-13 15:19:40,695] INFO: 	 lr: 0.00030000000000000073 	 Training loss: 0.03929125800728798
[2025-01-13 15:19:58,573] INFO: Iter 24100 Summary: 
[2025-01-13 15:19:58,573] INFO: 	 lr: 0.00030000000000000073 	 Training loss: 0.039524276927113536
[2025-01-13 15:20:11,989] INFO: Iter 24200 Summary: 
[2025-01-13 15:20:11,989] INFO: 	 lr: 0.00030000000000000073 	 Training loss: 0.0391332296282053
[2025-01-13 15:20:25,223] INFO: Iter 24300 Summary: 
[2025-01-13 15:20:25,223] INFO: 	 lr: 0.00030000000000000073 	 Training loss: 0.0392479145899415
[2025-01-13 15:20:38,925] INFO: Iter 24400 Summary: 
[2025-01-13 15:20:38,926] INFO: 	 lr: 0.00030000000000000073 	 Training loss: 0.039214172884821895
[2025-01-13 15:20:52,696] INFO: Iter 24500 Summary: 
[2025-01-13 15:20:52,697] INFO: 	 lr: 0.00030000000000000073 	 Training loss: 0.03898222345858812
[2025-01-13 15:21:06,368] INFO: Iter 24600 Summary: 
[2025-01-13 15:21:06,368] INFO: 	 lr: 0.00030000000000000073 	 Training loss: 0.039125716872513296
[2025-01-13 15:21:19,978] INFO: Iter 24700 Summary: 
[2025-01-13 15:21:19,978] INFO: 	 lr: 0.00030000000000000073 	 Training loss: 0.03904779210686684
[2025-01-13 15:21:34,801] INFO: Iter 24800 Summary: 
[2025-01-13 15:21:34,801] INFO: 	 lr: 0.00030000000000000073 	 Training loss: 0.039065600596368315
[2025-01-13 15:21:48,817] INFO: Iter 24900 Summary: 
[2025-01-13 15:21:48,817] INFO: 	 lr: 0.00030000000000000073 	 Training loss: 0.03918300490826368
[2025-01-13 15:22:02,478] INFO: Iter 25000 Summary: 
[2025-01-13 15:22:02,479] INFO: 	 lr: 0.00030000000000000073 	 Training loss: 0.03912094000726938
[2025-01-13 15:22:16,032] INFO: Iter 25100 Summary: 
[2025-01-13 15:22:16,032] INFO: 	 lr: 0.00030000000000000073 	 Training loss: 0.03895008742809296
[2025-01-13 15:22:29,475] INFO: Iter 25200 Summary: 
[2025-01-13 15:22:29,476] INFO: 	 lr: 0.00030000000000000073 	 Training loss: 0.03882130604237318
[2025-01-13 15:22:44,801] INFO: Iter 25300 Summary: 
[2025-01-13 15:22:44,802] INFO: 	 lr: 0.00030000000000000073 	 Training loss: 0.03908135004341602
[2025-01-13 15:23:00,197] INFO: Iter 25400 Summary: 
[2025-01-13 15:23:00,198] INFO: 	 lr: 0.00030000000000000073 	 Training loss: 0.03927439294755459
[2025-01-13 15:23:14,973] INFO: Iter 25500 Summary: 
[2025-01-13 15:23:14,974] INFO: 	 lr: 0.00030000000000000073 	 Training loss: 0.038728982284665106
[2025-01-13 15:23:29,138] INFO: Iter 25600 Summary: 
[2025-01-13 15:23:29,138] INFO: 	 lr: 0.00030000000000000073 	 Training loss: 0.038925934992730615
[2025-01-13 15:23:42,622] INFO: Iter 25700 Summary: 
[2025-01-13 15:23:42,622] INFO: 	 lr: 0.00030000000000000073 	 Training loss: 0.039015137664973734
[2025-01-13 15:23:55,942] INFO: Iter 25800 Summary: 
[2025-01-13 15:23:55,942] INFO: 	 lr: 0.00030000000000000073 	 Training loss: 0.03889260921627283
[2025-01-13 15:24:09,365] INFO: Iter 25900 Summary: 
[2025-01-13 15:24:09,366] INFO: 	 lr: 0.00030000000000000073 	 Training loss: 0.03903656169772148
[2025-01-13 15:24:22,791] INFO: Iter 26000 Summary: 
[2025-01-13 15:24:22,791] INFO: 	 lr: 0.00030000000000000073 	 Training loss: 0.03896337442100048
[2025-01-13 15:24:40,450] INFO: Iter 26100 Summary: 
[2025-01-13 15:24:40,451] INFO: 	 lr: 0.00030000000000000073 	 Training loss: 0.03937925793230534
[2025-01-13 15:24:54,890] INFO: Iter 26200 Summary: 
[2025-01-13 15:24:54,890] INFO: 	 lr: 0.00030000000000000073 	 Training loss: 0.038871737085282805
[2025-01-13 15:25:08,747] INFO: Iter 26300 Summary: 
[2025-01-13 15:25:08,747] INFO: 	 lr: 0.00030000000000000073 	 Training loss: 0.0387348522618413
[2025-01-13 15:25:22,170] INFO: Iter 26400 Summary: 
[2025-01-13 15:25:22,171] INFO: 	 lr: 0.00030000000000000073 	 Training loss: 0.03890354305505753
[2025-01-13 15:25:35,463] INFO: Iter 26500 Summary: 
[2025-01-13 15:25:35,464] INFO: 	 lr: 0.00030000000000000073 	 Training loss: 0.03892375681549311
[2025-01-13 15:25:47,973] INFO: Iter 26600 Summary: 
[2025-01-13 15:25:47,973] INFO: 	 lr: 0.00030000000000000073 	 Training loss: 0.03894823636859655
[2025-01-13 15:26:00,911] INFO: Iter 26700 Summary: 
[2025-01-13 15:26:00,911] INFO: 	 lr: 0.00030000000000000073 	 Training loss: 0.03913592658936978
[2025-01-13 15:26:14,216] INFO: Iter 26800 Summary: 
[2025-01-13 15:26:14,216] INFO: 	 lr: 0.00030000000000000073 	 Training loss: 0.039101085849106314
[2025-01-13 15:26:27,137] INFO: Iter 26900 Summary: 
[2025-01-13 15:26:27,137] INFO: 	 lr: 0.00030000000000000073 	 Training loss: 0.038588767275214195
[2025-01-13 15:26:40,541] INFO: Iter 27000 Summary: 
[2025-01-13 15:26:40,541] INFO: 	 lr: 0.00030000000000000073 	 Training loss: 0.038728325329720974
[2025-01-13 15:26:53,380] INFO: Iter 27100 Summary: 
[2025-01-13 15:26:53,380] INFO: 	 lr: 0.00030000000000000073 	 Training loss: 0.03879662483930588
[2025-01-13 15:27:05,595] INFO: Iter 27200 Summary: 
[2025-01-13 15:27:05,596] INFO: 	 lr: 0.00030000000000000073 	 Training loss: 0.0388481904566288
[2025-01-13 15:27:18,857] INFO: Iter 27300 Summary: 
[2025-01-13 15:27:18,857] INFO: 	 lr: 0.00030000000000000073 	 Training loss: 0.03904586166143417
[2025-01-13 15:27:32,010] INFO: Iter 27400 Summary: 
[2025-01-13 15:27:32,011] INFO: 	 lr: 0.00030000000000000073 	 Training loss: 0.03872955538332462
[2025-01-13 15:27:45,371] INFO: Iter 27500 Summary: 
[2025-01-13 15:27:45,372] INFO: 	 lr: 0.00030000000000000073 	 Training loss: 0.03898198988288641
[2025-01-13 15:27:58,145] INFO: Iter 27600 Summary: 
[2025-01-13 15:27:58,145] INFO: 	 lr: 0.00030000000000000073 	 Training loss: 0.038803238868713376
[2025-01-13 15:28:11,528] INFO: Iter 27700 Summary: 
[2025-01-13 15:28:11,528] INFO: 	 lr: 0.00030000000000000073 	 Training loss: 0.03871291950345039
[2025-01-13 15:28:24,852] INFO: Iter 27800 Summary: 
[2025-01-13 15:28:24,852] INFO: 	 lr: 0.00030000000000000073 	 Training loss: 0.03922584716230631
[2025-01-13 15:28:37,997] INFO: Iter 27900 Summary: 
[2025-01-13 15:28:37,997] INFO: 	 lr: 0.00030000000000000073 	 Training loss: 0.038732686676084996
[2025-01-13 15:28:51,393] INFO: Iter 28000 Summary: 
[2025-01-13 15:28:51,393] INFO: 	 lr: 0.00030000000000000073 	 Training loss: 0.03863463032990694
[2025-01-13 15:29:07,845] INFO: Iter 28100 Summary: 
[2025-01-13 15:29:07,846] INFO: 	 lr: 0.00030000000000000073 	 Training loss: 0.038945215307176116
[2025-01-13 15:29:21,203] INFO: Iter 28200 Summary: 
[2025-01-13 15:29:21,203] INFO: 	 lr: 0.00030000000000000073 	 Training loss: 0.03898139864206314
[2025-01-13 15:29:34,916] INFO: Iter 28300 Summary: 
[2025-01-13 15:29:34,917] INFO: 	 lr: 0.00030000000000000073 	 Training loss: 0.038745413199067116
[2025-01-13 15:29:48,186] INFO: Iter 28400 Summary: 
[2025-01-13 15:29:48,186] INFO: 	 lr: 0.00030000000000000073 	 Training loss: 0.03887634597718716
[2025-01-13 15:30:01,348] INFO: Iter 28500 Summary: 
[2025-01-13 15:30:01,348] INFO: 	 lr: 0.00030000000000000073 	 Training loss: 0.03879709955304861
[2025-01-13 15:30:15,137] INFO: Iter 28600 Summary: 
[2025-01-13 15:30:15,137] INFO: 	 lr: 0.00030000000000000073 	 Training loss: 0.03845685683190823
[2025-01-13 15:30:28,108] INFO: Iter 28700 Summary: 
[2025-01-13 15:30:28,109] INFO: 	 lr: 0.00030000000000000073 	 Training loss: 0.038633223585784436
[2025-01-13 15:30:41,325] INFO: Iter 28800 Summary: 
[2025-01-13 15:30:41,325] INFO: 	 lr: 0.00030000000000000073 	 Training loss: 0.03897148210555315
[2025-01-13 15:30:55,344] INFO: Iter 28900 Summary: 
[2025-01-13 15:30:55,344] INFO: 	 lr: 0.00030000000000000073 	 Training loss: 0.03875310570001602
[2025-01-13 15:31:09,305] INFO: Iter 29000 Summary: 
[2025-01-13 15:31:09,305] INFO: 	 lr: 0.00030000000000000073 	 Training loss: 0.03886204492300749
[2025-01-13 15:31:23,072] INFO: Iter 29100 Summary: 
[2025-01-13 15:31:23,072] INFO: 	 lr: 0.00030000000000000073 	 Training loss: 0.038539798185229304
[2025-01-13 15:31:36,554] INFO: Iter 29200 Summary: 
[2025-01-13 15:31:36,554] INFO: 	 lr: 0.00030000000000000073 	 Training loss: 0.03880736883729696
[2025-01-13 15:31:50,887] INFO: Iter 29300 Summary: 
[2025-01-13 15:31:50,887] INFO: 	 lr: 0.00030000000000000073 	 Training loss: 0.03887541957199574
[2025-01-13 15:32:05,063] INFO: Iter 29400 Summary: 
[2025-01-13 15:32:05,063] INFO: 	 lr: 0.00030000000000000073 	 Training loss: 0.038917353972792626
[2025-01-13 15:32:19,054] INFO: Iter 29500 Summary: 
[2025-01-13 15:32:19,054] INFO: 	 lr: 0.00030000000000000073 	 Training loss: 0.03881211251020431
[2025-01-13 15:32:33,592] INFO: Iter 29600 Summary: 
[2025-01-13 15:32:33,592] INFO: 	 lr: 0.00030000000000000073 	 Training loss: 0.038617475666105745
[2025-01-13 15:32:47,221] INFO: Iter 29700 Summary: 
[2025-01-13 15:32:47,221] INFO: 	 lr: 0.00030000000000000073 	 Training loss: 0.038853689879179004
[2025-01-13 15:33:01,530] INFO: Iter 29800 Summary: 
[2025-01-13 15:33:01,531] INFO: 	 lr: 0.00030000000000000073 	 Training loss: 0.03862764116376639
[2025-01-13 15:33:15,266] INFO: Iter 29900 Summary: 
[2025-01-13 15:33:15,266] INFO: 	 lr: 0.00030000000000000073 	 Training loss: 0.03888140123337507
[2025-01-13 15:33:28,949] INFO: Iter 30000 Summary: 
[2025-01-13 15:33:28,949] INFO: 	 lr: 0.00030000000000000073 	 Training loss: 0.03892017919570208
[2025-01-13 15:33:47,192] INFO: Iter 30100 Summary: 
[2025-01-13 15:33:47,192] INFO: 	 lr: 1.2900000000000026e-05 	 Training loss: 0.037807992063462734
[2025-01-13 15:34:00,973] INFO: Iter 30200 Summary: 
[2025-01-13 15:34:00,973] INFO: 	 lr: 1.000000000000002e-05 	 Training loss: 0.03715316832065582
[2025-01-13 15:34:15,060] INFO: Iter 30300 Summary: 
[2025-01-13 15:34:15,060] INFO: 	 lr: 1.000000000000002e-05 	 Training loss: 0.037210426777601245
[2025-01-13 15:34:29,280] INFO: Iter 30400 Summary: 
[2025-01-13 15:34:29,280] INFO: 	 lr: 1.000000000000002e-05 	 Training loss: 0.03714071985334158
[2025-01-13 15:34:44,815] INFO: Iter 30500 Summary: 
[2025-01-13 15:34:44,815] INFO: 	 lr: 1.000000000000002e-05 	 Training loss: 0.036747732311487195
[2025-01-13 15:34:59,682] INFO: Iter 30600 Summary: 
[2025-01-13 15:34:59,682] INFO: 	 lr: 1.000000000000002e-05 	 Training loss: 0.03702818658202887
[2025-01-13 15:35:14,273] INFO: Iter 30700 Summary: 
[2025-01-13 15:35:14,273] INFO: 	 lr: 1.000000000000002e-05 	 Training loss: 0.037057584635913375
[2025-01-13 15:35:28,122] INFO: Iter 30800 Summary: 
[2025-01-13 15:35:28,122] INFO: 	 lr: 1.000000000000002e-05 	 Training loss: 0.03702228266745806
[2025-01-13 15:35:42,023] INFO: Iter 30900 Summary: 
[2025-01-13 15:35:42,023] INFO: 	 lr: 1.000000000000002e-05 	 Training loss: 0.03694519195705652
[2025-01-13 15:35:55,647] INFO: Iter 31000 Summary: 
[2025-01-13 15:35:55,647] INFO: 	 lr: 1.000000000000002e-05 	 Training loss: 0.03697179026901722
[2025-01-13 15:36:09,750] INFO: Iter 31100 Summary: 
[2025-01-13 15:36:09,751] INFO: 	 lr: 1.000000000000002e-05 	 Training loss: 0.03701143052428961
[2025-01-13 15:36:23,948] INFO: Iter 31200 Summary: 
[2025-01-13 15:36:23,949] INFO: 	 lr: 1.000000000000002e-05 	 Training loss: 0.03659223053604364
[2025-01-13 15:36:37,557] INFO: Iter 31300 Summary: 
[2025-01-13 15:36:37,557] INFO: 	 lr: 1.000000000000002e-05 	 Training loss: 0.03677223458886147
[2025-01-13 15:36:51,568] INFO: Iter 31400 Summary: 
[2025-01-13 15:36:51,568] INFO: 	 lr: 1.000000000000002e-05 	 Training loss: 0.03671907261013985
[2025-01-13 15:37:04,327] INFO: Iter 31500 Summary: 
[2025-01-13 15:37:04,327] INFO: 	 lr: 1.000000000000002e-05 	 Training loss: 0.03683122638612986
[2025-01-13 15:37:16,996] INFO: Iter 31600 Summary: 
[2025-01-13 15:37:16,997] INFO: 	 lr: 1.000000000000002e-05 	 Training loss: 0.03649512402713299
[2025-01-13 15:37:31,231] INFO: Iter 31700 Summary: 
[2025-01-13 15:37:31,231] INFO: 	 lr: 1.000000000000002e-05 	 Training loss: 0.036479171328246594
[2025-01-13 15:37:45,262] INFO: Iter 31800 Summary: 
[2025-01-13 15:37:45,263] INFO: 	 lr: 1.000000000000002e-05 	 Training loss: 0.036621447280049325
[2025-01-13 15:37:59,020] INFO: Iter 31900 Summary: 
[2025-01-13 15:37:59,020] INFO: 	 lr: 1.000000000000002e-05 	 Training loss: 0.03667957808822393
[2025-01-13 15:38:12,837] INFO: Iter 32000 Summary: 
[2025-01-13 15:38:12,838] INFO: 	 lr: 1.000000000000002e-05 	 Training loss: 0.03663904178887606
[2025-01-13 15:38:30,695] INFO: Iter 32100 Summary: 
[2025-01-13 15:38:30,695] INFO: 	 lr: 1.000000000000002e-05 	 Training loss: 0.03676087811589241
[2025-01-13 15:38:43,983] INFO: Iter 32200 Summary: 
[2025-01-13 15:38:43,983] INFO: 	 lr: 1.000000000000002e-05 	 Training loss: 0.0365176198258996
[2025-01-13 15:38:57,892] INFO: Iter 32300 Summary: 
[2025-01-13 15:38:57,892] INFO: 	 lr: 1.000000000000002e-05 	 Training loss: 0.03659145869314671
[2025-01-13 15:39:13,793] INFO: Iter 32400 Summary: 
[2025-01-13 15:39:13,794] INFO: 	 lr: 1.000000000000002e-05 	 Training loss: 0.03636845242232084
[2025-01-13 15:39:26,979] INFO: Iter 32500 Summary: 
[2025-01-13 15:39:26,979] INFO: 	 lr: 1.000000000000002e-05 	 Training loss: 0.03640492904931307
[2025-01-13 15:39:41,501] INFO: Iter 32600 Summary: 
[2025-01-13 15:39:41,501] INFO: 	 lr: 1.000000000000002e-05 	 Training loss: 0.03687294762581587
[2025-01-13 15:39:55,794] INFO: Iter 32700 Summary: 
[2025-01-13 15:39:55,794] INFO: 	 lr: 1.000000000000002e-05 	 Training loss: 0.03666799668222666
[2025-01-13 15:40:11,354] INFO: Iter 32800 Summary: 
[2025-01-13 15:40:11,354] INFO: 	 lr: 1.000000000000002e-05 	 Training loss: 0.03644020911306143
[2025-01-13 15:40:26,181] INFO: Iter 32900 Summary: 
[2025-01-13 15:40:26,182] INFO: 	 lr: 1.000000000000002e-05 	 Training loss: 0.03662341743707657
[2025-01-13 15:40:41,764] INFO: Iter 33000 Summary: 
[2025-01-13 15:40:41,765] INFO: 	 lr: 1.000000000000002e-05 	 Training loss: 0.0365029638633132
[2025-01-13 15:40:56,444] INFO: Iter 33100 Summary: 
[2025-01-13 15:40:56,444] INFO: 	 lr: 1.000000000000002e-05 	 Training loss: 0.0364507794752717
[2025-01-13 15:41:10,722] INFO: Iter 33200 Summary: 
[2025-01-13 15:41:10,722] INFO: 	 lr: 1.000000000000002e-05 	 Training loss: 0.036689501032233236
[2025-01-13 15:41:25,308] INFO: Iter 33300 Summary: 
[2025-01-13 15:41:25,309] INFO: 	 lr: 1.000000000000002e-05 	 Training loss: 0.03630751833319664
[2025-01-13 15:41:39,166] INFO: Iter 33400 Summary: 
[2025-01-13 15:41:39,166] INFO: 	 lr: 1.000000000000002e-05 	 Training loss: 0.03662308916449547
[2025-01-13 15:41:53,212] INFO: Iter 33500 Summary: 
[2025-01-13 15:41:53,212] INFO: 	 lr: 1.000000000000002e-05 	 Training loss: 0.03640940304845572
[2025-01-13 15:42:07,440] INFO: Iter 33600 Summary: 
[2025-01-13 15:42:07,440] INFO: 	 lr: 1.000000000000002e-05 	 Training loss: 0.03656914494931698
[2025-01-13 15:42:21,020] INFO: Iter 33700 Summary: 
[2025-01-13 15:42:21,020] INFO: 	 lr: 1.000000000000002e-05 	 Training loss: 0.036698293760418894
[2025-01-13 15:42:35,490] INFO: Iter 33800 Summary: 
[2025-01-13 15:42:35,491] INFO: 	 lr: 1.000000000000002e-05 	 Training loss: 0.036430736817419526
[2025-01-13 15:42:49,159] INFO: Iter 33900 Summary: 
[2025-01-13 15:42:49,159] INFO: 	 lr: 1.000000000000002e-05 	 Training loss: 0.036437900327146056
[2025-01-13 15:43:02,749] INFO: Iter 34000 Summary: 
[2025-01-13 15:43:02,749] INFO: 	 lr: 1.000000000000002e-05 	 Training loss: 0.036419459842145445
[2025-01-13 15:43:19,443] INFO: Iter 34100 Summary: 
[2025-01-13 15:43:19,444] INFO: 	 lr: 1.000000000000002e-05 	 Training loss: 0.03648834455758333
[2025-01-13 15:43:33,220] INFO: Iter 34200 Summary: 
[2025-01-13 15:43:33,220] INFO: 	 lr: 1.000000000000002e-05 	 Training loss: 0.03667559497058392
[2025-01-13 15:43:47,483] INFO: Iter 34300 Summary: 
[2025-01-13 15:43:47,483] INFO: 	 lr: 1.000000000000002e-05 	 Training loss: 0.036648954711854455
[2025-01-13 15:44:01,474] INFO: Iter 34400 Summary: 
[2025-01-13 15:44:01,475] INFO: 	 lr: 1.000000000000002e-05 	 Training loss: 0.03635648228228092
[2025-01-13 15:44:16,858] INFO: Iter 34500 Summary: 
[2025-01-13 15:44:16,859] INFO: 	 lr: 1.000000000000002e-05 	 Training loss: 0.0363025464490056
[2025-01-13 15:44:30,725] INFO: Iter 34600 Summary: 
[2025-01-13 15:44:30,725] INFO: 	 lr: 1.000000000000002e-05 	 Training loss: 0.036252159886062146
[2025-01-13 15:44:44,327] INFO: Iter 34700 Summary: 
[2025-01-13 15:44:44,327] INFO: 	 lr: 1.000000000000002e-05 	 Training loss: 0.036248016953468326
[2025-01-13 15:44:58,007] INFO: Iter 34800 Summary: 
[2025-01-13 15:44:58,008] INFO: 	 lr: 1.000000000000002e-05 	 Training loss: 0.036283854581415656
[2025-01-13 15:45:12,478] INFO: Iter 34900 Summary: 
[2025-01-13 15:45:12,479] INFO: 	 lr: 1.000000000000002e-05 	 Training loss: 0.03639709126204252
[2025-01-13 15:45:26,283] INFO: Iter 35000 Summary: 
[2025-01-13 15:45:26,283] INFO: 	 lr: 1.000000000000002e-05 	 Training loss: 0.036529071889817716
[2025-01-13 15:45:39,939] INFO: Iter 35100 Summary: 
[2025-01-13 15:45:39,940] INFO: 	 lr: 1.000000000000002e-05 	 Training loss: 0.036561541445553306
[2025-01-13 15:45:54,128] INFO: Iter 35200 Summary: 
[2025-01-13 15:45:54,128] INFO: 	 lr: 1.000000000000002e-05 	 Training loss: 0.03623939000070095
[2025-01-13 15:46:09,901] INFO: Iter 35300 Summary: 
[2025-01-13 15:46:09,902] INFO: 	 lr: 1.000000000000002e-05 	 Training loss: 0.03629445448517799
[2025-01-13 15:46:25,756] INFO: Iter 35400 Summary: 
[2025-01-13 15:46:25,757] INFO: 	 lr: 1.000000000000002e-05 	 Training loss: 0.036353922858834264
[2025-01-13 15:46:40,684] INFO: Iter 35500 Summary: 
[2025-01-13 15:46:40,684] INFO: 	 lr: 1.000000000000002e-05 	 Training loss: 0.03620999708771706
[2025-01-13 15:46:55,448] INFO: Iter 35600 Summary: 
[2025-01-13 15:46:55,448] INFO: 	 lr: 1.000000000000002e-05 	 Training loss: 0.036222143657505514
[2025-01-13 15:47:09,751] INFO: Iter 35700 Summary: 
[2025-01-13 15:47:09,751] INFO: 	 lr: 1.000000000000002e-05 	 Training loss: 0.03633620359003544
[2025-01-13 15:47:25,226] INFO: Iter 35800 Summary: 
[2025-01-13 15:47:25,227] INFO: 	 lr: 1.000000000000002e-05 	 Training loss: 0.03628931449726224
[2025-01-13 15:47:39,681] INFO: Iter 35900 Summary: 
[2025-01-13 15:47:39,682] INFO: 	 lr: 1.000000000000002e-05 	 Training loss: 0.03640811614692211
[2025-01-13 15:47:54,079] INFO: Iter 36000 Summary: 
[2025-01-13 15:47:54,079] INFO: 	 lr: 1.000000000000002e-05 	 Training loss: 0.036393854655325415
[2025-01-13 15:48:12,747] INFO: Iter 36100 Summary: 
[2025-01-13 15:48:12,747] INFO: 	 lr: 1.000000000000002e-05 	 Training loss: 0.036265640333294866
[2025-01-13 15:48:26,509] INFO: Iter 36200 Summary: 
[2025-01-13 15:48:26,509] INFO: 	 lr: 1.000000000000002e-05 	 Training loss: 0.03628933135420084
[2025-01-13 15:48:39,814] INFO: Iter 36300 Summary: 
[2025-01-13 15:48:39,814] INFO: 	 lr: 1.000000000000002e-05 	 Training loss: 0.03638619866222143
[2025-01-13 15:48:53,608] INFO: Iter 36400 Summary: 
[2025-01-13 15:48:53,609] INFO: 	 lr: 1.000000000000002e-05 	 Training loss: 0.03661943983286619
[2025-01-13 15:49:08,491] INFO: Iter 36500 Summary: 
[2025-01-13 15:49:08,491] INFO: 	 lr: 1.000000000000002e-05 	 Training loss: 0.036341805905103684
[2025-01-13 15:49:23,006] INFO: Iter 36600 Summary: 
[2025-01-13 15:49:23,007] INFO: 	 lr: 1.000000000000002e-05 	 Training loss: 0.03630309335887432
[2025-01-13 15:49:37,405] INFO: Iter 36700 Summary: 
[2025-01-13 15:49:37,405] INFO: 	 lr: 1.000000000000002e-05 	 Training loss: 0.03643559522926807
[2025-01-13 15:49:51,301] INFO: Iter 36800 Summary: 
[2025-01-13 15:49:51,301] INFO: 	 lr: 1.000000000000002e-05 	 Training loss: 0.0363097981736064
[2025-01-13 15:50:05,411] INFO: Iter 36900 Summary: 
[2025-01-13 15:50:05,411] INFO: 	 lr: 1.000000000000002e-05 	 Training loss: 0.036073426753282546
[2025-01-13 15:50:17,936] INFO: Iter 37000 Summary: 
[2025-01-13 15:50:17,936] INFO: 	 lr: 1.000000000000002e-05 	 Training loss: 0.036326300762593744
[2025-01-13 15:50:26,035] INFO: Iter 37100 Summary: 
[2025-01-13 15:50:26,035] INFO: 	 lr: 1.000000000000002e-05 	 Training loss: 0.03613798577338457
[2025-01-13 15:50:34,377] INFO: Iter 37200 Summary: 
[2025-01-13 15:50:34,378] INFO: 	 lr: 1.000000000000002e-05 	 Training loss: 0.03615786764770746
[2025-01-13 15:50:42,251] INFO: Iter 37300 Summary: 
[2025-01-13 15:50:42,252] INFO: 	 lr: 1.000000000000002e-05 	 Training loss: 0.03614900778979063
[2025-01-13 15:50:50,204] INFO: Iter 37400 Summary: 
[2025-01-13 15:50:50,204] INFO: 	 lr: 1.000000000000002e-05 	 Training loss: 0.036021403446793554
[2025-01-13 15:50:58,127] INFO: Iter 37500 Summary: 
[2025-01-13 15:50:58,128] INFO: 	 lr: 1.000000000000002e-05 	 Training loss: 0.036383542455732824
[2025-01-13 15:51:06,195] INFO: Iter 37600 Summary: 
[2025-01-13 15:51:06,195] INFO: 	 lr: 1.000000000000002e-05 	 Training loss: 0.03627308510243893
[2025-01-13 15:51:13,820] INFO: Iter 37700 Summary: 
[2025-01-13 15:51:13,820] INFO: 	 lr: 1.000000000000002e-05 	 Training loss: 0.036225145384669304
[2025-01-13 15:51:21,820] INFO: Iter 37800 Summary: 
[2025-01-13 15:51:21,820] INFO: 	 lr: 1.000000000000002e-05 	 Training loss: 0.03637957196682692
[2025-01-13 15:51:30,289] INFO: Iter 37900 Summary: 
[2025-01-13 15:51:30,290] INFO: 	 lr: 1.000000000000002e-05 	 Training loss: 0.03638049572706223
[2025-01-13 15:51:38,518] INFO: Iter 38000 Summary: 
[2025-01-13 15:51:38,518] INFO: 	 lr: 1.000000000000002e-05 	 Training loss: 0.03591591887176037
[2025-01-13 15:51:48,947] INFO: Iter 38100 Summary: 
[2025-01-13 15:51:48,948] INFO: 	 lr: 1.000000000000002e-05 	 Training loss: 0.03605510015040636
[2025-01-13 15:51:56,666] INFO: Iter 38200 Summary: 
[2025-01-13 15:51:56,666] INFO: 	 lr: 1.000000000000002e-05 	 Training loss: 0.036239315383136274
[2025-01-13 15:52:04,675] INFO: Iter 38300 Summary: 
[2025-01-13 15:52:04,675] INFO: 	 lr: 1.000000000000002e-05 	 Training loss: 0.0364346144720912
[2025-01-13 15:52:12,473] INFO: Iter 38400 Summary: 
[2025-01-13 15:52:12,473] INFO: 	 lr: 1.000000000000002e-05 	 Training loss: 0.036117909476161
[2025-01-13 15:52:20,383] INFO: Iter 38500 Summary: 
[2025-01-13 15:52:20,383] INFO: 	 lr: 1.000000000000002e-05 	 Training loss: 0.036272309496998785
[2025-01-13 15:52:28,680] INFO: Iter 38600 Summary: 
[2025-01-13 15:52:28,681] INFO: 	 lr: 1.000000000000002e-05 	 Training loss: 0.03624017674475908
[2025-01-13 15:52:36,446] INFO: Iter 38700 Summary: 
[2025-01-13 15:52:36,446] INFO: 	 lr: 1.000000000000002e-05 	 Training loss: 0.03627510406076908
[2025-01-13 15:52:44,374] INFO: Iter 38800 Summary: 
[2025-01-13 15:52:44,374] INFO: 	 lr: 1.000000000000002e-05 	 Training loss: 0.03608935486525297
[2025-01-13 15:52:52,011] INFO: Iter 38900 Summary: 
[2025-01-13 15:52:52,011] INFO: 	 lr: 1.000000000000002e-05 	 Training loss: 0.03640576958656311
[2025-01-13 15:52:59,707] INFO: Iter 39000 Summary: 
[2025-01-13 15:52:59,708] INFO: 	 lr: 1.000000000000002e-05 	 Training loss: 0.036184639856219294
[2025-01-13 15:53:07,318] INFO: Iter 39100 Summary: 
[2025-01-13 15:53:07,319] INFO: 	 lr: 1.000000000000002e-05 	 Training loss: 0.03581106211990118
[2025-01-13 15:53:14,914] INFO: Iter 39200 Summary: 
[2025-01-13 15:53:14,914] INFO: 	 lr: 1.000000000000002e-05 	 Training loss: 0.03613775376230478
[2025-01-13 15:53:23,012] INFO: Iter 39300 Summary: 
[2025-01-13 15:53:23,012] INFO: 	 lr: 1.000000000000002e-05 	 Training loss: 0.03611349925398827
[2025-01-13 15:53:30,630] INFO: Iter 39400 Summary: 
[2025-01-13 15:53:30,630] INFO: 	 lr: 1.000000000000002e-05 	 Training loss: 0.03604548458009958
[2025-01-13 15:53:38,312] INFO: Iter 39500 Summary: 
[2025-01-13 15:53:38,312] INFO: 	 lr: 1.000000000000002e-05 	 Training loss: 0.03635933633893728
[2025-01-13 15:53:45,851] INFO: Iter 39600 Summary: 
[2025-01-13 15:53:45,852] INFO: 	 lr: 1.000000000000002e-05 	 Training loss: 0.03611501757055521
[2025-01-13 15:53:53,349] INFO: Iter 39700 Summary: 
[2025-01-13 15:53:53,349] INFO: 	 lr: 1.000000000000002e-05 	 Training loss: 0.03634321503341198
[2025-01-13 15:54:00,931] INFO: Iter 39800 Summary: 
[2025-01-13 15:54:00,931] INFO: 	 lr: 1.000000000000002e-05 	 Training loss: 0.036300000064074994
[2025-01-13 15:54:08,781] INFO: Iter 39900 Summary: 
[2025-01-13 15:54:08,781] INFO: 	 lr: 1.000000000000002e-05 	 Training loss: 0.03602133676409722
[2025-01-13 15:54:17,035] INFO: Iter 40000 Summary: 
[2025-01-13 15:54:17,036] INFO: 	 lr: 1.000000000000002e-05 	 Training loss: 0.036547540463507174
