[2025-01-09 09:27:51,583] INFO: {
    "abs_dir": "/home/diwang/siMLPe/exps/baseline_h36m",
    "batch_size": 256,
    "cos_lr_max": 1e-05,
    "cos_lr_min": 5e-08,
    "cos_lr_total_iters": 40000,
    "data_aug": true,
    "deriv_input": true,
    "deriv_output": true,
    "device": "cuda:1",
    "h36m_anno_dir": "/home/diwang/siMLPe/data/h36m/",
    "link_log_file": "/home/diwang/siMLPe/exps/baseline_h36m/log/log_last.log",
    "link_val_log_file": "/home/diwang/siMLPe/exps/baseline_h36m/log/val_last.log",
    "log_dir": "/home/diwang/siMLPe/exps/baseline_h36m/log",
    "log_file": "/home/diwang/siMLPe/exps/baseline_h36m/log/log_2025_01_09_09_27_31.log",
    "model_pth": null,
    "motion": {
        "dim": 66,
        "h36m_input_length": 50,
        "h36m_input_length_dct": 50,
        "h36m_target_length": 10,
        "h36m_target_length_eval": 25,
        "h36m_target_length_train": 10
    },
    "motion_fc_in": {
        "activation": "relu",
        "in_features": 66,
        "init_w_trunc_normal": false,
        "out_features": 66,
        "temporal_fc": false,
        "with_norm": false
    },
    "motion_fc_out": {
        "activation": "relu",
        "in_features": 66,
        "init_w_trunc_normal": true,
        "out_features": 66,
        "temporal_fc": false,
        "with_norm": false
    },
    "motion_mlp": {
        "hidden_dim": 66,
        "norm_axis": "spatial",
        "num_layers": 48,
        "seq_len": 50,
        "spatial_fc_only": false,
        "with_normalization": true
    },
    "num_workers": 8,
    "post_dct": false,
    "pre_dct": false,
    "print_every": 100,
    "repo_name": "siMLPe",
    "root_dir": "/home/diwang/siMLPe",
    "save_every": 2000,
    "seed": 304,
    "shift_step": 1,
    "snapshot_dir": "/home/diwang/siMLPe/exps/baseline_h36m/log/snapshot",
    "this_dir": "baseline_h36m",
    "use_relative_loss": true,
    "val_log_file": "/home/diwang/siMLPe/exps/baseline_h36m/log/val_2025_01_09_09_27_31.log",
    "weight_decay": 0.0001
}
[2025-01-09 09:28:02,051] INFO: Iter 100 Summary: 
[2025-01-09 09:28:02,052] INFO: 	 lr: 0.00030000000000000073 	 Training loss: 0.0790527854859829
[2025-01-09 09:28:09,980] INFO: Iter 200 Summary: 
[2025-01-09 09:28:09,980] INFO: 	 lr: 0.00030000000000000073 	 Training loss: 0.07058961037546396
[2025-01-09 09:28:17,940] INFO: Iter 300 Summary: 
[2025-01-09 09:28:17,940] INFO: 	 lr: 0.00030000000000000073 	 Training loss: 0.06705797851085663
[2025-01-09 09:28:25,769] INFO: Iter 400 Summary: 
[2025-01-09 09:28:25,769] INFO: 	 lr: 0.00030000000000000073 	 Training loss: 0.06264076650142669
[2025-01-09 09:28:33,782] INFO: Iter 500 Summary: 
[2025-01-09 09:28:33,782] INFO: 	 lr: 0.00030000000000000073 	 Training loss: 0.061087568700313566
[2025-01-09 09:28:41,679] INFO: Iter 600 Summary: 
[2025-01-09 09:28:41,679] INFO: 	 lr: 0.00030000000000000073 	 Training loss: 0.059365348890423775
[2025-01-09 09:28:51,099] INFO: Iter 700 Summary: 
[2025-01-09 09:28:51,099] INFO: 	 lr: 0.00030000000000000073 	 Training loss: 0.059016836360096935
[2025-01-09 09:28:59,033] INFO: Iter 800 Summary: 
[2025-01-09 09:28:59,034] INFO: 	 lr: 0.00030000000000000073 	 Training loss: 0.058102335557341574
[2025-01-09 09:29:06,930] INFO: Iter 900 Summary: 
[2025-01-09 09:29:06,931] INFO: 	 lr: 0.00030000000000000073 	 Training loss: 0.05732338272035122
[2025-01-09 09:29:14,819] INFO: Iter 1000 Summary: 
[2025-01-09 09:29:14,819] INFO: 	 lr: 0.00030000000000000073 	 Training loss: 0.0569058807566762
[2025-01-09 09:29:22,781] INFO: Iter 1100 Summary: 
[2025-01-09 09:29:22,781] INFO: 	 lr: 0.00030000000000000073 	 Training loss: 0.05609620586037636
[2025-01-09 09:29:30,718] INFO: Iter 1200 Summary: 
[2025-01-09 09:29:30,718] INFO: 	 lr: 0.00030000000000000073 	 Training loss: 0.05584149871021509
[2025-01-09 09:29:38,791] INFO: Iter 1300 Summary: 
[2025-01-09 09:29:38,791] INFO: 	 lr: 0.00030000000000000073 	 Training loss: 0.05606193285435438
[2025-01-09 09:29:48,049] INFO: Iter 1400 Summary: 
[2025-01-09 09:29:48,050] INFO: 	 lr: 0.00030000000000000073 	 Training loss: 0.05553305026143789
[2025-01-09 09:29:55,778] INFO: Iter 1500 Summary: 
[2025-01-09 09:29:55,778] INFO: 	 lr: 0.00030000000000000073 	 Training loss: 0.05475917082279921
[2025-01-09 09:30:03,714] INFO: Iter 1600 Summary: 
[2025-01-09 09:30:03,714] INFO: 	 lr: 0.00030000000000000073 	 Training loss: 0.054240213520824906
[2025-01-09 09:30:11,577] INFO: Iter 1700 Summary: 
[2025-01-09 09:30:11,577] INFO: 	 lr: 0.00030000000000000073 	 Training loss: 0.054388061463832856
[2025-01-09 09:30:19,478] INFO: Iter 1800 Summary: 
[2025-01-09 09:30:19,478] INFO: 	 lr: 0.00030000000000000073 	 Training loss: 0.05415940809994936
[2025-01-09 09:30:27,536] INFO: Iter 1900 Summary: 
[2025-01-09 09:30:27,537] INFO: 	 lr: 0.00030000000000000073 	 Training loss: 0.054042613878846166
[2025-01-09 09:30:35,468] INFO: Iter 2000 Summary: 
[2025-01-09 09:30:35,468] INFO: 	 lr: 0.00030000000000000073 	 Training loss: 0.053801104910671714
[2025-01-09 09:30:47,235] INFO: Iter 2100 Summary: 
[2025-01-09 09:30:47,236] INFO: 	 lr: 0.00030000000000000073 	 Training loss: 0.053819729462265965
[2025-01-09 09:30:55,204] INFO: Iter 2200 Summary: 
[2025-01-09 09:30:55,204] INFO: 	 lr: 0.00030000000000000073 	 Training loss: 0.053697481267154214
[2025-01-09 09:31:03,262] INFO: Iter 2300 Summary: 
[2025-01-09 09:31:03,262] INFO: 	 lr: 0.00030000000000000073 	 Training loss: 0.05350839748978615
[2025-01-09 09:31:11,231] INFO: Iter 2400 Summary: 
[2025-01-09 09:31:11,231] INFO: 	 lr: 0.00030000000000000073 	 Training loss: 0.05320641439408064
[2025-01-09 09:31:19,252] INFO: Iter 2500 Summary: 
[2025-01-09 09:31:19,252] INFO: 	 lr: 0.00030000000000000073 	 Training loss: 0.053070314191281796
[2025-01-09 09:31:27,104] INFO: Iter 2600 Summary: 
[2025-01-09 09:31:27,104] INFO: 	 lr: 0.00030000000000000073 	 Training loss: 0.05299822937697172
[2025-01-09 09:31:35,081] INFO: Iter 2700 Summary: 
[2025-01-09 09:31:35,081] INFO: 	 lr: 0.00030000000000000073 	 Training loss: 0.0530259694904089
[2025-01-09 09:31:44,263] INFO: Iter 2800 Summary: 
[2025-01-09 09:31:44,263] INFO: 	 lr: 0.00030000000000000073 	 Training loss: 0.05297843314707279
[2025-01-09 09:31:52,226] INFO: Iter 2900 Summary: 
[2025-01-09 09:31:52,226] INFO: 	 lr: 0.00030000000000000073 	 Training loss: 0.05241224206984043
[2025-01-09 09:32:00,079] INFO: Iter 3000 Summary: 
[2025-01-09 09:32:00,079] INFO: 	 lr: 0.00030000000000000073 	 Training loss: 0.05272783193737268
[2025-01-09 09:32:07,939] INFO: Iter 3100 Summary: 
[2025-01-09 09:32:07,940] INFO: 	 lr: 0.00030000000000000073 	 Training loss: 0.05250640038400888
[2025-01-09 09:32:15,834] INFO: Iter 3200 Summary: 
[2025-01-09 09:32:15,834] INFO: 	 lr: 0.00030000000000000073 	 Training loss: 0.05197167314589023
[2025-01-09 09:32:23,842] INFO: Iter 3300 Summary: 
[2025-01-09 09:32:23,842] INFO: 	 lr: 0.00030000000000000073 	 Training loss: 0.0518403908610344
[2025-01-09 09:32:31,716] INFO: Iter 3400 Summary: 
[2025-01-09 09:32:31,716] INFO: 	 lr: 0.00030000000000000073 	 Training loss: 0.05197024490684271
[2025-01-09 09:32:40,872] INFO: Iter 3500 Summary: 
[2025-01-09 09:32:40,872] INFO: 	 lr: 0.00030000000000000073 	 Training loss: 0.05208174422383308
[2025-01-09 09:32:48,534] INFO: Iter 3600 Summary: 
[2025-01-09 09:32:48,535] INFO: 	 lr: 0.00030000000000000073 	 Training loss: 0.050946416296064855
[2025-01-09 09:32:55,883] INFO: Iter 3700 Summary: 
[2025-01-09 09:32:55,883] INFO: 	 lr: 0.00030000000000000073 	 Training loss: 0.05169701550155878
[2025-01-09 09:33:03,803] INFO: Iter 3800 Summary: 
[2025-01-09 09:33:03,803] INFO: 	 lr: 0.00030000000000000073 	 Training loss: 0.051062032468616965
[2025-01-09 09:33:11,700] INFO: Iter 3900 Summary: 
[2025-01-09 09:33:11,700] INFO: 	 lr: 0.00030000000000000073 	 Training loss: 0.05072456777095795
[2025-01-09 09:33:19,756] INFO: Iter 4000 Summary: 
[2025-01-09 09:33:19,756] INFO: 	 lr: 0.00030000000000000073 	 Training loss: 0.05074968382716179
[2025-01-09 09:33:30,591] INFO: Iter 4100 Summary: 
[2025-01-09 09:33:30,591] INFO: 	 lr: 0.00030000000000000073 	 Training loss: 0.05058226432651281
[2025-01-09 09:33:39,666] INFO: Iter 4200 Summary: 
[2025-01-09 09:33:39,666] INFO: 	 lr: 0.00030000000000000073 	 Training loss: 0.050819442756474015
[2025-01-09 09:33:47,621] INFO: Iter 4300 Summary: 
[2025-01-09 09:33:47,621] INFO: 	 lr: 0.00030000000000000073 	 Training loss: 0.05057096641510725
[2025-01-09 09:33:55,536] INFO: Iter 4400 Summary: 
[2025-01-09 09:33:55,537] INFO: 	 lr: 0.00030000000000000073 	 Training loss: 0.05055396806448698
[2025-01-09 09:34:03,464] INFO: Iter 4500 Summary: 
[2025-01-09 09:34:03,464] INFO: 	 lr: 0.00030000000000000073 	 Training loss: 0.04976628102362156
[2025-01-09 09:34:11,317] INFO: Iter 4600 Summary: 
[2025-01-09 09:34:11,317] INFO: 	 lr: 0.00030000000000000073 	 Training loss: 0.049628930166363716
[2025-01-09 09:34:19,229] INFO: Iter 4700 Summary: 
[2025-01-09 09:34:19,229] INFO: 	 lr: 0.00030000000000000073 	 Training loss: 0.04979614838957787
[2025-01-09 09:34:27,120] INFO: Iter 4800 Summary: 
[2025-01-09 09:34:27,120] INFO: 	 lr: 0.00030000000000000073 	 Training loss: 0.04958663195371628
[2025-01-09 09:34:36,643] INFO: Iter 4900 Summary: 
[2025-01-09 09:34:36,643] INFO: 	 lr: 0.00030000000000000073 	 Training loss: 0.04953493691980839
[2025-01-09 09:34:44,636] INFO: Iter 5000 Summary: 
[2025-01-09 09:34:44,636] INFO: 	 lr: 0.00030000000000000073 	 Training loss: 0.04975320141762495
[2025-01-09 09:34:52,632] INFO: Iter 5100 Summary: 
[2025-01-09 09:34:52,632] INFO: 	 lr: 0.00030000000000000073 	 Training loss: 0.04923288706690073
[2025-01-09 09:35:00,623] INFO: Iter 5200 Summary: 
[2025-01-09 09:35:00,623] INFO: 	 lr: 0.00030000000000000073 	 Training loss: 0.04923091433942318
[2025-01-09 09:35:08,584] INFO: Iter 5300 Summary: 
[2025-01-09 09:35:08,584] INFO: 	 lr: 0.00030000000000000073 	 Training loss: 0.04866671539843082
[2025-01-09 09:35:16,496] INFO: Iter 5400 Summary: 
[2025-01-09 09:35:16,496] INFO: 	 lr: 0.00030000000000000073 	 Training loss: 0.04885221410542726
[2025-01-09 09:35:24,490] INFO: Iter 5500 Summary: 
[2025-01-09 09:35:24,490] INFO: 	 lr: 0.00030000000000000073 	 Training loss: 0.04878870662301779
[2025-01-09 09:35:33,466] INFO: Iter 5600 Summary: 
[2025-01-09 09:35:33,466] INFO: 	 lr: 0.00030000000000000073 	 Training loss: 0.051310357972979545
[2025-01-09 09:35:41,448] INFO: Iter 5700 Summary: 
[2025-01-09 09:35:41,448] INFO: 	 lr: 0.00030000000000000073 	 Training loss: 0.07068381115794181
[2025-01-09 09:35:49,362] INFO: Iter 5800 Summary: 
[2025-01-09 09:35:49,363] INFO: 	 lr: 0.00030000000000000073 	 Training loss: 0.06588004659861327
[2025-01-09 09:35:57,348] INFO: Iter 5900 Summary: 
[2025-01-09 09:35:57,348] INFO: 	 lr: 0.00030000000000000073 	 Training loss: 0.06372085690498352
[2025-01-09 09:36:05,205] INFO: Iter 6000 Summary: 
[2025-01-09 09:36:05,205] INFO: 	 lr: 0.00030000000000000073 	 Training loss: 0.06127300087362528
[2025-01-09 09:36:15,700] INFO: Iter 6100 Summary: 
[2025-01-09 09:36:15,700] INFO: 	 lr: 0.00030000000000000073 	 Training loss: 0.059895583130419254
[2025-01-09 09:36:24,725] INFO: Iter 6200 Summary: 
[2025-01-09 09:36:24,725] INFO: 	 lr: 0.00030000000000000073 	 Training loss: 0.057204652950167655
[2025-01-09 09:36:32,760] INFO: Iter 6300 Summary: 
[2025-01-09 09:36:32,760] INFO: 	 lr: 0.00030000000000000073 	 Training loss: 0.055309775210917
[2025-01-09 09:36:40,633] INFO: Iter 6400 Summary: 
[2025-01-09 09:36:40,633] INFO: 	 lr: 0.00030000000000000073 	 Training loss: 0.05307246848940849
[2025-01-09 09:36:48,458] INFO: Iter 6500 Summary: 
[2025-01-09 09:36:48,458] INFO: 	 lr: 0.00030000000000000073 	 Training loss: 0.05264935165643692
[2025-01-09 09:36:56,389] INFO: Iter 6600 Summary: 
[2025-01-09 09:36:56,389] INFO: 	 lr: 0.00030000000000000073 	 Training loss: 0.05279425539076328
[2025-01-09 09:37:04,273] INFO: Iter 6700 Summary: 
[2025-01-09 09:37:04,273] INFO: 	 lr: 0.00030000000000000073 	 Training loss: 0.05179353941231966
[2025-01-09 09:37:12,229] INFO: Iter 6800 Summary: 
[2025-01-09 09:37:12,229] INFO: 	 lr: 0.00030000000000000073 	 Training loss: 0.051882067881524566
[2025-01-09 09:37:21,500] INFO: Iter 6900 Summary: 
[2025-01-09 09:37:21,501] INFO: 	 lr: 0.00030000000000000073 	 Training loss: 0.05119359988719225
[2025-01-09 09:37:29,389] INFO: Iter 7000 Summary: 
[2025-01-09 09:37:29,389] INFO: 	 lr: 0.00030000000000000073 	 Training loss: 0.0509883489459753
[2025-01-09 09:37:37,292] INFO: Iter 7100 Summary: 
[2025-01-09 09:37:37,292] INFO: 	 lr: 0.00030000000000000073 	 Training loss: 0.050325510837137696
[2025-01-09 09:37:45,217] INFO: Iter 7200 Summary: 
[2025-01-09 09:37:45,218] INFO: 	 lr: 0.00030000000000000073 	 Training loss: 0.049909302704036235
[2025-01-09 09:37:53,158] INFO: Iter 7300 Summary: 
[2025-01-09 09:37:53,158] INFO: 	 lr: 0.00030000000000000073 	 Training loss: 0.05024446338415146
[2025-01-09 09:38:01,085] INFO: Iter 7400 Summary: 
[2025-01-09 09:38:01,085] INFO: 	 lr: 0.00030000000000000073 	 Training loss: 0.04984562788158655
[2025-01-09 09:38:09,070] INFO: Iter 7500 Summary: 
[2025-01-09 09:38:09,070] INFO: 	 lr: 0.00030000000000000073 	 Training loss: 0.049124912321567536
[2025-01-09 09:38:18,091] INFO: Iter 7600 Summary: 
[2025-01-09 09:38:18,092] INFO: 	 lr: 0.00030000000000000073 	 Training loss: 0.049195034503936766
[2025-01-09 09:38:26,049] INFO: Iter 7700 Summary: 
[2025-01-09 09:38:26,049] INFO: 	 lr: 0.00030000000000000073 	 Training loss: 0.04888704869896174
[2025-01-09 09:38:33,965] INFO: Iter 7800 Summary: 
[2025-01-09 09:38:33,965] INFO: 	 lr: 0.00030000000000000073 	 Training loss: 0.048999970890581605
[2025-01-09 09:38:41,839] INFO: Iter 7900 Summary: 
[2025-01-09 09:38:41,840] INFO: 	 lr: 0.00030000000000000073 	 Training loss: 0.048893281519412995
[2025-01-09 09:38:49,711] INFO: Iter 8000 Summary: 
[2025-01-09 09:38:49,712] INFO: 	 lr: 0.00030000000000000073 	 Training loss: 0.048933226391673086
[2025-01-09 09:39:00,483] INFO: Iter 8100 Summary: 
[2025-01-09 09:39:00,483] INFO: 	 lr: 0.00030000000000000073 	 Training loss: 0.04826738283038139
[2025-01-09 09:39:08,340] INFO: Iter 8200 Summary: 
[2025-01-09 09:39:08,341] INFO: 	 lr: 0.00030000000000000073 	 Training loss: 0.048556911647319796
[2025-01-09 09:39:17,370] INFO: Iter 8300 Summary: 
[2025-01-09 09:39:17,370] INFO: 	 lr: 0.00030000000000000073 	 Training loss: 0.04873154025524855
[2025-01-09 09:39:25,262] INFO: Iter 8400 Summary: 
[2025-01-09 09:39:25,262] INFO: 	 lr: 0.00030000000000000073 	 Training loss: 0.04813958868384361
[2025-01-09 09:39:33,194] INFO: Iter 8500 Summary: 
[2025-01-09 09:39:33,194] INFO: 	 lr: 0.00030000000000000073 	 Training loss: 0.04794376090168953
[2025-01-09 09:39:40,955] INFO: Iter 8600 Summary: 
[2025-01-09 09:39:40,955] INFO: 	 lr: 0.00030000000000000073 	 Training loss: 0.04759357832372189
[2025-01-09 09:39:49,166] INFO: Iter 8700 Summary: 
[2025-01-09 09:39:49,166] INFO: 	 lr: 0.00030000000000000073 	 Training loss: 0.04821037244051695
[2025-01-09 09:39:57,094] INFO: Iter 8800 Summary: 
[2025-01-09 09:39:57,094] INFO: 	 lr: 0.00030000000000000073 	 Training loss: 0.04798799499869347
[2025-01-09 09:40:04,942] INFO: Iter 8900 Summary: 
[2025-01-09 09:40:04,942] INFO: 	 lr: 0.00030000000000000073 	 Training loss: 0.04778971135616303
[2025-01-09 09:40:13,078] INFO: Iter 9000 Summary: 
[2025-01-09 09:40:13,078] INFO: 	 lr: 0.00030000000000000073 	 Training loss: 0.047789125330746175
[2025-01-09 09:40:21,227] INFO: Iter 9100 Summary: 
[2025-01-09 09:40:21,227] INFO: 	 lr: 0.00030000000000000073 	 Training loss: 0.04765735574066639
[2025-01-09 09:40:29,332] INFO: Iter 9200 Summary: 
[2025-01-09 09:40:29,332] INFO: 	 lr: 0.00030000000000000073 	 Training loss: 0.04731164265424013
[2025-01-09 09:40:37,478] INFO: Iter 9300 Summary: 
[2025-01-09 09:40:37,478] INFO: 	 lr: 0.00030000000000000073 	 Training loss: 0.047410475313663485
[2025-01-09 09:40:45,472] INFO: Iter 9400 Summary: 
[2025-01-09 09:40:45,472] INFO: 	 lr: 0.00030000000000000073 	 Training loss: 0.04742647379636764
[2025-01-09 09:40:53,435] INFO: Iter 9500 Summary: 
[2025-01-09 09:40:53,436] INFO: 	 lr: 0.00030000000000000073 	 Training loss: 0.04773636117577553
[2025-01-09 09:41:01,261] INFO: Iter 9600 Summary: 
[2025-01-09 09:41:01,261] INFO: 	 lr: 0.00030000000000000073 	 Training loss: 0.047803240343928334
[2025-01-09 09:41:10,249] INFO: Iter 9700 Summary: 
[2025-01-09 09:41:10,249] INFO: 	 lr: 0.00030000000000000073 	 Training loss: 0.047116162776947024
[2025-01-09 09:41:18,063] INFO: Iter 9800 Summary: 
[2025-01-09 09:41:18,064] INFO: 	 lr: 0.00030000000000000073 	 Training loss: 0.047234991118311885
[2025-01-09 09:41:25,913] INFO: Iter 9900 Summary: 
[2025-01-09 09:41:25,913] INFO: 	 lr: 0.00030000000000000073 	 Training loss: 0.047057833783328534
[2025-01-09 09:41:33,831] INFO: Iter 10000 Summary: 
[2025-01-09 09:41:33,831] INFO: 	 lr: 0.00030000000000000073 	 Training loss: 0.04703845370560884
[2025-01-09 09:41:43,916] INFO: Iter 10100 Summary: 
[2025-01-09 09:41:43,917] INFO: 	 lr: 0.00030000000000000073 	 Training loss: 0.04692190986126661
[2025-01-09 09:41:52,094] INFO: Iter 10200 Summary: 
[2025-01-09 09:41:52,094] INFO: 	 lr: 0.00030000000000000073 	 Training loss: 0.04698102876543999
[2025-01-09 09:42:00,091] INFO: Iter 10300 Summary: 
[2025-01-09 09:42:00,091] INFO: 	 lr: 0.00030000000000000073 	 Training loss: 0.046819752156734465
[2025-01-09 09:42:09,301] INFO: Iter 10400 Summary: 
[2025-01-09 09:42:09,301] INFO: 	 lr: 0.00030000000000000073 	 Training loss: 0.046944367699325085
[2025-01-09 09:42:17,269] INFO: Iter 10500 Summary: 
[2025-01-09 09:42:17,269] INFO: 	 lr: 0.00030000000000000073 	 Training loss: 0.046896360479295254
[2025-01-09 09:42:25,243] INFO: Iter 10600 Summary: 
[2025-01-09 09:42:25,243] INFO: 	 lr: 0.00030000000000000073 	 Training loss: 0.046747848577797416
[2025-01-09 09:42:33,170] INFO: Iter 10700 Summary: 
[2025-01-09 09:42:33,171] INFO: 	 lr: 0.00030000000000000073 	 Training loss: 0.047175281681120396
[2025-01-09 09:42:41,034] INFO: Iter 10800 Summary: 
[2025-01-09 09:42:41,034] INFO: 	 lr: 0.00030000000000000073 	 Training loss: 0.05276666633784771
[2025-01-09 09:42:49,052] INFO: Iter 10900 Summary: 
[2025-01-09 09:42:49,052] INFO: 	 lr: 0.00030000000000000073 	 Training loss: 0.06422726135700942
[2025-01-09 09:42:56,965] INFO: Iter 11000 Summary: 
[2025-01-09 09:42:56,966] INFO: 	 lr: 0.00030000000000000073 	 Training loss: 0.05747389223426581
[2025-01-09 09:43:05,943] INFO: Iter 11100 Summary: 
[2025-01-09 09:43:05,943] INFO: 	 lr: 0.00030000000000000073 	 Training loss: 0.05384021453559398
[2025-01-09 09:43:13,953] INFO: Iter 11200 Summary: 
[2025-01-09 09:43:13,953] INFO: 	 lr: 0.00030000000000000073 	 Training loss: 0.05328639648854733
[2025-01-09 09:43:21,897] INFO: Iter 11300 Summary: 
[2025-01-09 09:43:21,897] INFO: 	 lr: 0.00030000000000000073 	 Training loss: 0.05177318461239338
[2025-01-09 09:43:29,903] INFO: Iter 11400 Summary: 
[2025-01-09 09:43:29,903] INFO: 	 lr: 0.00030000000000000073 	 Training loss: 0.05147494249045849
[2025-01-09 09:43:37,873] INFO: Iter 11500 Summary: 
[2025-01-09 09:43:37,873] INFO: 	 lr: 0.00030000000000000073 	 Training loss: 0.050084026642143724
[2025-01-09 09:43:46,019] INFO: Iter 11600 Summary: 
[2025-01-09 09:43:46,020] INFO: 	 lr: 0.00030000000000000073 	 Training loss: 0.049122956320643424
[2025-01-09 09:43:55,218] INFO: Iter 11700 Summary: 
[2025-01-09 09:43:55,218] INFO: 	 lr: 0.00030000000000000073 	 Training loss: 0.04864822145551443
[2025-01-09 09:44:03,256] INFO: Iter 11800 Summary: 
[2025-01-09 09:44:03,256] INFO: 	 lr: 0.00030000000000000073 	 Training loss: 0.04812579315155745
[2025-01-09 09:44:11,048] INFO: Iter 11900 Summary: 
[2025-01-09 09:44:11,048] INFO: 	 lr: 0.00030000000000000073 	 Training loss: 0.047595529593527315
[2025-01-09 09:44:19,011] INFO: Iter 12000 Summary: 
[2025-01-09 09:44:19,011] INFO: 	 lr: 0.00030000000000000073 	 Training loss: 0.04738050550222397
[2025-01-09 09:44:29,824] INFO: Iter 12100 Summary: 
[2025-01-09 09:44:29,824] INFO: 	 lr: 0.00030000000000000073 	 Training loss: 0.046874282248318196
[2025-01-09 09:44:37,762] INFO: Iter 12200 Summary: 
[2025-01-09 09:44:37,762] INFO: 	 lr: 0.00030000000000000073 	 Training loss: 0.046630808375775816
[2025-01-09 09:44:45,730] INFO: Iter 12300 Summary: 
[2025-01-09 09:44:45,731] INFO: 	 lr: 0.00030000000000000073 	 Training loss: 0.046618848517537115
[2025-01-09 09:44:54,785] INFO: Iter 12400 Summary: 
[2025-01-09 09:44:54,785] INFO: 	 lr: 0.00030000000000000073 	 Training loss: 0.0473058919981122
[2025-01-09 09:45:02,688] INFO: Iter 12500 Summary: 
[2025-01-09 09:45:02,688] INFO: 	 lr: 0.00030000000000000073 	 Training loss: 0.04652467645704746
[2025-01-09 09:45:10,679] INFO: Iter 12600 Summary: 
[2025-01-09 09:45:10,679] INFO: 	 lr: 0.00030000000000000073 	 Training loss: 0.04670443449169397
[2025-01-09 09:45:18,478] INFO: Iter 12700 Summary: 
[2025-01-09 09:45:18,479] INFO: 	 lr: 0.00030000000000000073 	 Training loss: 0.04683444790542126
[2025-01-09 09:45:26,160] INFO: Iter 12800 Summary: 
[2025-01-09 09:45:26,160] INFO: 	 lr: 0.00030000000000000073 	 Training loss: 0.046396506652235985
[2025-01-09 09:45:34,186] INFO: Iter 12900 Summary: 
[2025-01-09 09:45:34,186] INFO: 	 lr: 0.00030000000000000073 	 Training loss: 0.0461761150509119
[2025-01-09 09:45:42,181] INFO: Iter 13000 Summary: 
[2025-01-09 09:45:42,181] INFO: 	 lr: 0.00030000000000000073 	 Training loss: 0.046433235630393026
[2025-01-09 09:45:51,372] INFO: Iter 13100 Summary: 
[2025-01-09 09:45:51,372] INFO: 	 lr: 0.00030000000000000073 	 Training loss: 0.04602869875729084
[2025-01-09 09:45:59,222] INFO: Iter 13200 Summary: 
[2025-01-09 09:45:59,222] INFO: 	 lr: 0.00030000000000000073 	 Training loss: 0.04618638776242733
[2025-01-09 09:46:07,105] INFO: Iter 13300 Summary: 
[2025-01-09 09:46:07,105] INFO: 	 lr: 0.00030000000000000073 	 Training loss: 0.04612794846296311
[2025-01-09 09:46:14,989] INFO: Iter 13400 Summary: 
[2025-01-09 09:46:14,990] INFO: 	 lr: 0.00030000000000000073 	 Training loss: 0.046171370521187784
[2025-01-09 09:46:22,955] INFO: Iter 13500 Summary: 
[2025-01-09 09:46:22,955] INFO: 	 lr: 0.00030000000000000073 	 Training loss: 0.045929433591663835
[2025-01-09 09:46:30,914] INFO: Iter 13600 Summary: 
[2025-01-09 09:46:30,914] INFO: 	 lr: 0.00030000000000000073 	 Training loss: 0.045951005890965464
[2025-01-09 09:46:39,045] INFO: Iter 13700 Summary: 
[2025-01-09 09:46:39,045] INFO: 	 lr: 0.00030000000000000073 	 Training loss: 0.04619180969893932
[2025-01-09 09:46:48,181] INFO: Iter 13800 Summary: 
[2025-01-09 09:46:48,181] INFO: 	 lr: 0.00030000000000000073 	 Training loss: 0.04536415256559849
[2025-01-09 09:46:56,051] INFO: Iter 13900 Summary: 
[2025-01-09 09:46:56,051] INFO: 	 lr: 0.00030000000000000073 	 Training loss: 0.04606104888021946
[2025-01-09 09:47:04,026] INFO: Iter 14000 Summary: 
[2025-01-09 09:47:04,026] INFO: 	 lr: 0.00030000000000000073 	 Training loss: 0.04586150143295527
[2025-01-09 09:47:14,969] INFO: Iter 14100 Summary: 
[2025-01-09 09:47:14,969] INFO: 	 lr: 0.00030000000000000073 	 Training loss: 0.04560339227318764
[2025-01-09 09:47:23,272] INFO: Iter 14200 Summary: 
[2025-01-09 09:47:23,272] INFO: 	 lr: 0.00030000000000000073 	 Training loss: 0.04543599713593721
[2025-01-09 09:47:31,138] INFO: Iter 14300 Summary: 
[2025-01-09 09:47:31,138] INFO: 	 lr: 0.00030000000000000073 	 Training loss: 0.04573835365474224
[2025-01-09 09:47:38,197] INFO: Iter 14400 Summary: 
[2025-01-09 09:47:38,197] INFO: 	 lr: 0.00030000000000000073 	 Training loss: 0.04571588523685932
[2025-01-09 09:47:47,261] INFO: Iter 14500 Summary: 
[2025-01-09 09:47:47,261] INFO: 	 lr: 0.00030000000000000073 	 Training loss: 0.045368971340358256
[2025-01-09 09:47:55,255] INFO: Iter 14600 Summary: 
[2025-01-09 09:47:55,255] INFO: 	 lr: 0.00030000000000000073 	 Training loss: 0.045552748888731
[2025-01-09 09:48:03,284] INFO: Iter 14700 Summary: 
[2025-01-09 09:48:03,284] INFO: 	 lr: 0.00030000000000000073 	 Training loss: 0.04534628324210644
[2025-01-09 09:48:11,181] INFO: Iter 14800 Summary: 
[2025-01-09 09:48:11,181] INFO: 	 lr: 0.00030000000000000073 	 Training loss: 0.045851432569324974
[2025-01-09 09:48:19,113] INFO: Iter 14900 Summary: 
[2025-01-09 09:48:19,114] INFO: 	 lr: 0.00030000000000000073 	 Training loss: 0.04541341744363308
[2025-01-09 09:48:26,943] INFO: Iter 15000 Summary: 
[2025-01-09 09:48:26,943] INFO: 	 lr: 0.00030000000000000073 	 Training loss: 0.045615488700568675
[2025-01-09 09:48:34,868] INFO: Iter 15100 Summary: 
[2025-01-09 09:48:34,868] INFO: 	 lr: 0.00030000000000000073 	 Training loss: 0.04521363437175751
[2025-01-09 09:48:44,644] INFO: Iter 15200 Summary: 
[2025-01-09 09:48:44,645] INFO: 	 lr: 0.00030000000000000073 	 Training loss: 0.04514200173318386
[2025-01-09 09:48:52,587] INFO: Iter 15300 Summary: 
[2025-01-09 09:48:52,587] INFO: 	 lr: 0.00030000000000000073 	 Training loss: 0.04534559853374958
[2025-01-09 09:49:00,524] INFO: Iter 15400 Summary: 
[2025-01-09 09:49:00,524] INFO: 	 lr: 0.00030000000000000073 	 Training loss: 0.04529540780931711
[2025-01-09 09:49:08,503] INFO: Iter 15500 Summary: 
[2025-01-09 09:49:08,504] INFO: 	 lr: 0.00030000000000000073 	 Training loss: 0.045320512987673284
[2025-01-09 09:49:16,461] INFO: Iter 15600 Summary: 
[2025-01-09 09:49:16,461] INFO: 	 lr: 0.00030000000000000073 	 Training loss: 0.04511323478072882
[2025-01-09 09:49:24,219] INFO: Iter 15700 Summary: 
[2025-01-09 09:49:24,219] INFO: 	 lr: 0.00030000000000000073 	 Training loss: 0.045194884464144706
[2025-01-09 09:49:32,145] INFO: Iter 15800 Summary: 
[2025-01-09 09:49:32,145] INFO: 	 lr: 0.00030000000000000073 	 Training loss: 0.04526218969374895
[2025-01-09 09:49:41,379] INFO: Iter 15900 Summary: 
[2025-01-09 09:49:41,379] INFO: 	 lr: 0.00030000000000000073 	 Training loss: 0.04528445646166802
[2025-01-09 09:49:49,376] INFO: Iter 16000 Summary: 
[2025-01-09 09:49:49,376] INFO: 	 lr: 0.00030000000000000073 	 Training loss: 0.04483886197209358
[2025-01-09 09:50:00,293] INFO: Iter 16100 Summary: 
[2025-01-09 09:50:00,293] INFO: 	 lr: 0.00030000000000000073 	 Training loss: 0.04470509823411703
[2025-01-09 09:50:08,226] INFO: Iter 16200 Summary: 
[2025-01-09 09:50:08,226] INFO: 	 lr: 0.00030000000000000073 	 Training loss: 0.04481264989823103
[2025-01-09 09:50:16,174] INFO: Iter 16300 Summary: 
[2025-01-09 09:50:16,174] INFO: 	 lr: 0.00030000000000000073 	 Training loss: 0.04492200925946235
[2025-01-09 09:50:24,146] INFO: Iter 16400 Summary: 
[2025-01-09 09:50:24,146] INFO: 	 lr: 0.00030000000000000073 	 Training loss: 0.04490725852549076
[2025-01-09 09:50:32,110] INFO: Iter 16500 Summary: 
[2025-01-09 09:50:32,111] INFO: 	 lr: 0.00030000000000000073 	 Training loss: 0.04491528309881687
[2025-01-09 09:50:41,315] INFO: Iter 16600 Summary: 
[2025-01-09 09:50:41,315] INFO: 	 lr: 0.00030000000000000073 	 Training loss: 0.04496697273105383
[2025-01-09 09:50:49,147] INFO: Iter 16700 Summary: 
[2025-01-09 09:50:49,147] INFO: 	 lr: 0.00030000000000000073 	 Training loss: 0.04453167799860239
[2025-01-09 09:50:56,944] INFO: Iter 16800 Summary: 
[2025-01-09 09:50:56,944] INFO: 	 lr: 0.00030000000000000073 	 Training loss: 0.04457146808505058
[2025-01-09 09:51:04,973] INFO: Iter 16900 Summary: 
[2025-01-09 09:51:04,973] INFO: 	 lr: 0.00030000000000000073 	 Training loss: 0.044831644147634506
[2025-01-09 09:51:12,844] INFO: Iter 17000 Summary: 
[2025-01-09 09:51:12,844] INFO: 	 lr: 0.00030000000000000073 	 Training loss: 0.0447795382514596
[2025-01-09 09:51:20,821] INFO: Iter 17100 Summary: 
[2025-01-09 09:51:20,821] INFO: 	 lr: 0.00030000000000000073 	 Training loss: 0.044750412106513975
[2025-01-09 09:51:28,753] INFO: Iter 17200 Summary: 
[2025-01-09 09:51:28,753] INFO: 	 lr: 0.00030000000000000073 	 Training loss: 0.04448389176279306
[2025-01-09 09:51:38,971] INFO: Iter 17300 Summary: 
[2025-01-09 09:51:38,972] INFO: 	 lr: 0.00030000000000000073 	 Training loss: 0.044781796634197235
[2025-01-09 09:51:46,892] INFO: Iter 17400 Summary: 
[2025-01-09 09:51:46,892] INFO: 	 lr: 0.00030000000000000073 	 Training loss: 0.044728358276188374
[2025-01-09 09:51:54,774] INFO: Iter 17500 Summary: 
[2025-01-09 09:51:54,774] INFO: 	 lr: 0.00030000000000000073 	 Training loss: 0.044271098747849465
[2025-01-09 09:52:02,751] INFO: Iter 17600 Summary: 
[2025-01-09 09:52:02,751] INFO: 	 lr: 0.00030000000000000073 	 Training loss: 0.044818637892603874
[2025-01-09 09:52:10,708] INFO: Iter 17700 Summary: 
[2025-01-09 09:52:10,708] INFO: 	 lr: 0.00030000000000000073 	 Training loss: 0.04450291480869055
[2025-01-09 09:52:18,757] INFO: Iter 17800 Summary: 
[2025-01-09 09:52:18,758] INFO: 	 lr: 0.00030000000000000073 	 Training loss: 0.04446366485208273
[2025-01-09 09:52:27,723] INFO: Iter 17900 Summary: 
[2025-01-09 09:52:27,723] INFO: 	 lr: 0.00030000000000000073 	 Training loss: 0.04460329778492451
[2025-01-09 09:52:35,723] INFO: Iter 18000 Summary: 
[2025-01-09 09:52:35,723] INFO: 	 lr: 0.00030000000000000073 	 Training loss: 0.046311063468456266
[2025-01-09 09:52:46,401] INFO: Iter 18100 Summary: 
[2025-01-09 09:52:46,402] INFO: 	 lr: 0.00030000000000000073 	 Training loss: 0.06465343240648508
[2025-01-09 09:52:54,416] INFO: Iter 18200 Summary: 
[2025-01-09 09:52:54,416] INFO: 	 lr: 0.00030000000000000073 	 Training loss: 0.06205274660140276
[2025-01-09 09:53:02,381] INFO: Iter 18300 Summary: 
[2025-01-09 09:53:02,381] INFO: 	 lr: 0.00030000000000000073 	 Training loss: 0.05847840670496225
[2025-01-09 09:53:10,233] INFO: Iter 18400 Summary: 
[2025-01-09 09:53:10,233] INFO: 	 lr: 0.00030000000000000073 	 Training loss: 0.05579096630215645
[2025-01-09 09:53:18,157] INFO: Iter 18500 Summary: 
[2025-01-09 09:53:18,157] INFO: 	 lr: 0.00030000000000000073 	 Training loss: 0.05527229454368353
[2025-01-09 09:53:27,006] INFO: Iter 18600 Summary: 
[2025-01-09 09:53:27,006] INFO: 	 lr: 0.00030000000000000073 	 Training loss: 0.05288847256451845
[2025-01-09 09:53:34,982] INFO: Iter 18700 Summary: 
[2025-01-09 09:53:34,982] INFO: 	 lr: 0.00030000000000000073 	 Training loss: 0.054616897962987423
[2025-01-09 09:53:42,887] INFO: Iter 18800 Summary: 
[2025-01-09 09:53:42,888] INFO: 	 lr: 0.00030000000000000073 	 Training loss: 0.05228651355952024
[2025-01-09 09:53:50,908] INFO: Iter 18900 Summary: 
[2025-01-09 09:53:50,908] INFO: 	 lr: 0.00030000000000000073 	 Training loss: 0.05113895356655121
[2025-01-09 09:53:58,869] INFO: Iter 19000 Summary: 
[2025-01-09 09:53:58,869] INFO: 	 lr: 0.00030000000000000073 	 Training loss: 0.050297416523098944
[2025-01-09 09:54:06,937] INFO: Iter 19100 Summary: 
[2025-01-09 09:54:06,938] INFO: 	 lr: 0.00030000000000000073 	 Training loss: 0.05009763143956661
[2025-01-09 09:54:14,893] INFO: Iter 19200 Summary: 
[2025-01-09 09:54:14,893] INFO: 	 lr: 0.00030000000000000073 	 Training loss: 0.04896677274256945
[2025-01-09 09:54:23,901] INFO: Iter 19300 Summary: 
[2025-01-09 09:54:23,902] INFO: 	 lr: 0.00030000000000000073 	 Training loss: 0.049018562883138654
[2025-01-09 09:54:31,897] INFO: Iter 19400 Summary: 
[2025-01-09 09:54:31,897] INFO: 	 lr: 0.00030000000000000073 	 Training loss: 0.049227082803845405
[2025-01-09 09:54:39,852] INFO: Iter 19500 Summary: 
[2025-01-09 09:54:39,853] INFO: 	 lr: 0.00030000000000000073 	 Training loss: 0.04890601519495249
[2025-01-09 09:54:47,864] INFO: Iter 19600 Summary: 
[2025-01-09 09:54:47,864] INFO: 	 lr: 0.00030000000000000073 	 Training loss: 0.04855386216193438
[2025-01-09 09:54:55,221] INFO: Iter 19700 Summary: 
[2025-01-09 09:54:55,221] INFO: 	 lr: 0.00030000000000000073 	 Training loss: 0.04797854971140623
[2025-01-09 09:55:03,071] INFO: Iter 19800 Summary: 
[2025-01-09 09:55:03,071] INFO: 	 lr: 0.00030000000000000073 	 Training loss: 0.04748645711690187
[2025-01-09 09:55:11,040] INFO: Iter 19900 Summary: 
[2025-01-09 09:55:11,040] INFO: 	 lr: 0.00030000000000000073 	 Training loss: 0.04758302189409733
[2025-01-09 09:55:20,299] INFO: Iter 20000 Summary: 
[2025-01-09 09:55:20,300] INFO: 	 lr: 0.00030000000000000073 	 Training loss: 0.04729566626250744
[2025-01-09 09:55:30,786] INFO: Iter 20100 Summary: 
[2025-01-09 09:55:30,786] INFO: 	 lr: 0.00030000000000000073 	 Training loss: 0.04723665658384561
[2025-01-09 09:55:38,617] INFO: Iter 20200 Summary: 
[2025-01-09 09:55:38,618] INFO: 	 lr: 0.00030000000000000073 	 Training loss: 0.04678076576441526
[2025-01-09 09:55:46,347] INFO: Iter 20300 Summary: 
[2025-01-09 09:55:46,348] INFO: 	 lr: 0.00030000000000000073 	 Training loss: 0.04672925591468811
[2025-01-09 09:55:54,368] INFO: Iter 20400 Summary: 
[2025-01-09 09:55:54,369] INFO: 	 lr: 0.00030000000000000073 	 Training loss: 0.04613855965435505
[2025-01-09 09:56:02,310] INFO: Iter 20500 Summary: 
[2025-01-09 09:56:02,311] INFO: 	 lr: 0.00030000000000000073 	 Training loss: 0.046772592850029465
[2025-01-09 09:56:10,301] INFO: Iter 20600 Summary: 
[2025-01-09 09:56:10,301] INFO: 	 lr: 0.00030000000000000073 	 Training loss: 0.04609619878232479
[2025-01-09 09:56:19,323] INFO: Iter 20700 Summary: 
[2025-01-09 09:56:19,323] INFO: 	 lr: 0.00030000000000000073 	 Training loss: 0.04593139864504337
[2025-01-09 09:56:27,115] INFO: Iter 20800 Summary: 
[2025-01-09 09:56:27,115] INFO: 	 lr: 0.00030000000000000073 	 Training loss: 0.046150338090956214
[2025-01-09 09:56:34,971] INFO: Iter 20900 Summary: 
[2025-01-09 09:56:34,971] INFO: 	 lr: 0.00030000000000000073 	 Training loss: 0.04587254099547863
[2025-01-09 09:56:42,937] INFO: Iter 21000 Summary: 
[2025-01-09 09:56:42,937] INFO: 	 lr: 0.00030000000000000073 	 Training loss: 0.045939697995781896
[2025-01-09 09:56:51,014] INFO: Iter 21100 Summary: 
[2025-01-09 09:56:51,015] INFO: 	 lr: 0.00030000000000000073 	 Training loss: 0.04581654813140631
[2025-01-09 09:56:59,045] INFO: Iter 21200 Summary: 
[2025-01-09 09:56:59,045] INFO: 	 lr: 0.00030000000000000073 	 Training loss: 0.045530390776693824
[2025-01-09 09:57:06,998] INFO: Iter 21300 Summary: 
[2025-01-09 09:57:06,998] INFO: 	 lr: 0.00030000000000000073 	 Training loss: 0.045534324310719965
[2025-01-09 09:57:16,253] INFO: Iter 21400 Summary: 
[2025-01-09 09:57:16,253] INFO: 	 lr: 0.00030000000000000073 	 Training loss: 0.04562455765902996
[2025-01-09 09:57:24,234] INFO: Iter 21500 Summary: 
[2025-01-09 09:57:24,235] INFO: 	 lr: 0.00030000000000000073 	 Training loss: 0.04556950196623802
[2025-01-09 09:57:32,176] INFO: Iter 21600 Summary: 
[2025-01-09 09:57:32,176] INFO: 	 lr: 0.00030000000000000073 	 Training loss: 0.04608082115650177
[2025-01-09 09:57:40,077] INFO: Iter 21700 Summary: 
[2025-01-09 09:57:40,077] INFO: 	 lr: 0.00030000000000000073 	 Training loss: 0.04661333072930574
[2025-01-09 09:57:47,910] INFO: Iter 21800 Summary: 
[2025-01-09 09:57:47,910] INFO: 	 lr: 0.00030000000000000073 	 Training loss: 0.04666593607515097
[2025-01-09 09:57:55,898] INFO: Iter 21900 Summary: 
[2025-01-09 09:57:55,898] INFO: 	 lr: 0.00030000000000000073 	 Training loss: 0.04563361372798681
[2025-01-09 09:58:04,088] INFO: Iter 22000 Summary: 
[2025-01-09 09:58:04,088] INFO: 	 lr: 0.00030000000000000073 	 Training loss: 0.04592785861343145
[2025-01-09 09:58:16,177] INFO: Iter 22100 Summary: 
[2025-01-09 09:58:16,177] INFO: 	 lr: 0.00030000000000000073 	 Training loss: 0.045569395869970324
[2025-01-09 09:58:24,142] INFO: Iter 22200 Summary: 
[2025-01-09 09:58:24,142] INFO: 	 lr: 0.00030000000000000073 	 Training loss: 0.04550382949411869
[2025-01-09 09:58:32,001] INFO: Iter 22300 Summary: 
[2025-01-09 09:58:32,001] INFO: 	 lr: 0.00030000000000000073 	 Training loss: 0.04542515903711319
[2025-01-09 09:58:39,543] INFO: Iter 22400 Summary: 
[2025-01-09 09:58:39,543] INFO: 	 lr: 0.00030000000000000073 	 Training loss: 0.04551820185035467
[2025-01-09 09:58:47,354] INFO: Iter 22500 Summary: 
[2025-01-09 09:58:47,354] INFO: 	 lr: 0.00030000000000000073 	 Training loss: 0.04523339699953795
[2025-01-09 09:58:55,332] INFO: Iter 22600 Summary: 
[2025-01-09 09:58:55,333] INFO: 	 lr: 0.00030000000000000073 	 Training loss: 0.04514389123767614
[2025-01-09 09:59:03,278] INFO: Iter 22700 Summary: 
[2025-01-09 09:59:03,279] INFO: 	 lr: 0.00030000000000000073 	 Training loss: 0.044850077927112576
[2025-01-09 09:59:12,384] INFO: Iter 22800 Summary: 
[2025-01-09 09:59:12,385] INFO: 	 lr: 0.00030000000000000073 	 Training loss: 0.04469614401459694
[2025-01-09 09:59:20,324] INFO: Iter 22900 Summary: 
[2025-01-09 09:59:20,324] INFO: 	 lr: 0.00030000000000000073 	 Training loss: 0.0451181735470891
[2025-01-09 09:59:28,299] INFO: Iter 23000 Summary: 
[2025-01-09 09:59:28,299] INFO: 	 lr: 0.00030000000000000073 	 Training loss: 0.045159985162317756
[2025-01-09 09:59:36,201] INFO: Iter 23100 Summary: 
[2025-01-09 09:59:36,201] INFO: 	 lr: 0.00030000000000000073 	 Training loss: 0.04467600390315056
[2025-01-09 09:59:44,145] INFO: Iter 23200 Summary: 
[2025-01-09 09:59:44,145] INFO: 	 lr: 0.00030000000000000073 	 Training loss: 0.044705541133880616
[2025-01-09 09:59:52,098] INFO: Iter 23300 Summary: 
[2025-01-09 09:59:52,098] INFO: 	 lr: 0.00030000000000000073 	 Training loss: 0.044922635965049265
[2025-01-09 10:00:00,992] INFO: Iter 23400 Summary: 
[2025-01-09 10:00:00,992] INFO: 	 lr: 0.00030000000000000073 	 Training loss: 0.045198806151747706
[2025-01-09 10:00:08,885] INFO: Iter 23500 Summary: 
[2025-01-09 10:00:08,885] INFO: 	 lr: 0.00030000000000000073 	 Training loss: 0.04608481626957655
[2025-01-09 10:00:16,763] INFO: Iter 23600 Summary: 
[2025-01-09 10:00:16,763] INFO: 	 lr: 0.00030000000000000073 	 Training loss: 0.0475560175254941
[2025-01-09 10:00:24,645] INFO: Iter 23700 Summary: 
[2025-01-09 10:00:24,646] INFO: 	 lr: 0.00030000000000000073 	 Training loss: 0.050569059029221534
[2025-01-09 10:00:32,584] INFO: Iter 23800 Summary: 
[2025-01-09 10:00:32,584] INFO: 	 lr: 0.00030000000000000073 	 Training loss: 0.0490036641061306
[2025-01-09 10:00:40,379] INFO: Iter 23900 Summary: 
[2025-01-09 10:00:40,379] INFO: 	 lr: 0.00030000000000000073 	 Training loss: 0.046636172458529475
[2025-01-09 10:00:48,274] INFO: Iter 24000 Summary: 
[2025-01-09 10:00:48,274] INFO: 	 lr: 0.00030000000000000073 	 Training loss: 0.0462272435054183
[2025-01-09 10:01:00,559] INFO: Iter 24100 Summary: 
[2025-01-09 10:01:00,560] INFO: 	 lr: 0.00030000000000000073 	 Training loss: 0.045717010013759135
[2025-01-09 10:01:08,473] INFO: Iter 24200 Summary: 
[2025-01-09 10:01:08,473] INFO: 	 lr: 0.00030000000000000073 	 Training loss: 0.045798997282981875
[2025-01-09 10:01:16,373] INFO: Iter 24300 Summary: 
[2025-01-09 10:01:16,373] INFO: 	 lr: 0.00030000000000000073 	 Training loss: 0.04509627748280764
[2025-01-09 10:01:24,278] INFO: Iter 24400 Summary: 
[2025-01-09 10:01:24,278] INFO: 	 lr: 0.00030000000000000073 	 Training loss: 0.04528168808668852
[2025-01-09 10:01:32,140] INFO: Iter 24500 Summary: 
[2025-01-09 10:01:32,141] INFO: 	 lr: 0.00030000000000000073 	 Training loss: 0.04522673759609461
[2025-01-09 10:01:40,039] INFO: Iter 24600 Summary: 
[2025-01-09 10:01:40,040] INFO: 	 lr: 0.00030000000000000073 	 Training loss: 0.04534912966191769
[2025-01-09 10:01:48,048] INFO: Iter 24700 Summary: 
[2025-01-09 10:01:48,048] INFO: 	 lr: 0.00030000000000000073 	 Training loss: 0.04507066361606121
[2025-01-09 10:01:57,220] INFO: Iter 24800 Summary: 
[2025-01-09 10:01:57,221] INFO: 	 lr: 0.00030000000000000073 	 Training loss: 0.04467478021979332
[2025-01-09 10:02:05,176] INFO: Iter 24900 Summary: 
[2025-01-09 10:02:05,176] INFO: 	 lr: 0.00030000000000000073 	 Training loss: 0.04496769811958075
[2025-01-09 10:02:12,986] INFO: Iter 25000 Summary: 
[2025-01-09 10:02:12,986] INFO: 	 lr: 0.00030000000000000073 	 Training loss: 0.044582083709537985
[2025-01-09 10:02:20,396] INFO: Iter 25100 Summary: 
[2025-01-09 10:02:20,397] INFO: 	 lr: 0.00030000000000000073 	 Training loss: 0.044923476800322534
[2025-01-09 10:02:28,463] INFO: Iter 25200 Summary: 
[2025-01-09 10:02:28,463] INFO: 	 lr: 0.00030000000000000073 	 Training loss: 0.04467932395637035
[2025-01-09 10:02:36,717] INFO: Iter 25300 Summary: 
[2025-01-09 10:02:36,717] INFO: 	 lr: 0.00030000000000000073 	 Training loss: 0.044670272506773474
[2025-01-09 10:02:45,034] INFO: Iter 25400 Summary: 
[2025-01-09 10:02:45,034] INFO: 	 lr: 0.00030000000000000073 	 Training loss: 0.0448314443603158
[2025-01-09 10:02:57,081] INFO: Iter 25500 Summary: 
[2025-01-09 10:02:57,082] INFO: 	 lr: 0.00030000000000000073 	 Training loss: 0.044671765454113485
[2025-01-09 10:03:05,208] INFO: Iter 25600 Summary: 
[2025-01-09 10:03:05,208] INFO: 	 lr: 0.00030000000000000073 	 Training loss: 0.0442818545550108
[2025-01-09 10:03:13,052] INFO: Iter 25700 Summary: 
[2025-01-09 10:03:13,052] INFO: 	 lr: 0.00030000000000000073 	 Training loss: 0.044715514667332174
[2025-01-09 10:03:21,007] INFO: Iter 25800 Summary: 
[2025-01-09 10:03:21,007] INFO: 	 lr: 0.00030000000000000073 	 Training loss: 0.044519984312355515
[2025-01-09 10:03:29,080] INFO: Iter 25900 Summary: 
[2025-01-09 10:03:29,080] INFO: 	 lr: 0.00030000000000000073 	 Training loss: 0.04459163028746843
[2025-01-09 10:03:37,075] INFO: Iter 26000 Summary: 
[2025-01-09 10:03:37,075] INFO: 	 lr: 0.00030000000000000073 	 Training loss: 0.044662855826318265
[2025-01-09 10:03:47,818] INFO: Iter 26100 Summary: 
[2025-01-09 10:03:47,818] INFO: 	 lr: 0.00030000000000000073 	 Training loss: 0.04460957705974579
[2025-01-09 10:03:57,020] INFO: Iter 26200 Summary: 
[2025-01-09 10:03:57,020] INFO: 	 lr: 0.00030000000000000073 	 Training loss: 0.04443552028387785
[2025-01-09 10:04:05,052] INFO: Iter 26300 Summary: 
[2025-01-09 10:04:05,052] INFO: 	 lr: 0.00030000000000000073 	 Training loss: 0.044267329052090645
[2025-01-09 10:04:12,967] INFO: Iter 26400 Summary: 
[2025-01-09 10:04:12,968] INFO: 	 lr: 0.00030000000000000073 	 Training loss: 0.04444890595972538
[2025-01-09 10:04:21,008] INFO: Iter 26500 Summary: 
[2025-01-09 10:04:21,008] INFO: 	 lr: 0.00030000000000000073 	 Training loss: 0.044312843829393385
[2025-01-09 10:04:28,994] INFO: Iter 26600 Summary: 
[2025-01-09 10:04:28,994] INFO: 	 lr: 0.00030000000000000073 	 Training loss: 0.04447478357702494
[2025-01-09 10:04:36,779] INFO: Iter 26700 Summary: 
[2025-01-09 10:04:36,780] INFO: 	 lr: 0.00030000000000000073 	 Training loss: 0.044485544487833976
[2025-01-09 10:04:44,757] INFO: Iter 26800 Summary: 
[2025-01-09 10:04:44,757] INFO: 	 lr: 0.00030000000000000073 	 Training loss: 0.04479738011956215
[2025-01-09 10:04:53,785] INFO: Iter 26900 Summary: 
[2025-01-09 10:04:53,786] INFO: 	 lr: 0.00030000000000000073 	 Training loss: 0.04471949409693479
[2025-01-09 10:05:01,754] INFO: Iter 27000 Summary: 
[2025-01-09 10:05:01,754] INFO: 	 lr: 0.00030000000000000073 	 Training loss: 0.044261989407241346
[2025-01-09 10:05:09,580] INFO: Iter 27100 Summary: 
[2025-01-09 10:05:09,580] INFO: 	 lr: 0.00030000000000000073 	 Training loss: 0.044319932609796525
[2025-01-09 10:05:17,481] INFO: Iter 27200 Summary: 
[2025-01-09 10:05:17,481] INFO: 	 lr: 0.00030000000000000073 	 Training loss: 0.04420104347169399
[2025-01-09 10:05:25,419] INFO: Iter 27300 Summary: 
[2025-01-09 10:05:25,419] INFO: 	 lr: 0.00030000000000000073 	 Training loss: 0.04454089790582657
[2025-01-09 10:05:33,241] INFO: Iter 27400 Summary: 
[2025-01-09 10:05:33,241] INFO: 	 lr: 0.00030000000000000073 	 Training loss: 0.044236060976982114
[2025-01-09 10:05:41,195] INFO: Iter 27500 Summary: 
[2025-01-09 10:05:41,195] INFO: 	 lr: 0.00030000000000000073 	 Training loss: 0.04465850804001093
[2025-01-09 10:05:51,667] INFO: Iter 27600 Summary: 
[2025-01-09 10:05:51,668] INFO: 	 lr: 0.00030000000000000073 	 Training loss: 0.04450141206383705
[2025-01-09 10:06:02,383] INFO: Iter 27700 Summary: 
[2025-01-09 10:06:02,383] INFO: 	 lr: 0.00030000000000000073 	 Training loss: 0.04457454577088356
[2025-01-09 10:06:13,379] INFO: Iter 27800 Summary: 
[2025-01-09 10:06:13,379] INFO: 	 lr: 0.00030000000000000073 	 Training loss: 0.044350891448557375
[2025-01-09 10:06:23,193] INFO: Iter 27900 Summary: 
[2025-01-09 10:06:23,193] INFO: 	 lr: 0.00030000000000000073 	 Training loss: 0.04495429944247007
[2025-01-09 10:06:33,782] INFO: Iter 28000 Summary: 
[2025-01-09 10:06:33,782] INFO: 	 lr: 0.00030000000000000073 	 Training loss: 0.0442938244342804
[2025-01-09 10:06:48,642] INFO: Iter 28100 Summary: 
[2025-01-09 10:06:48,642] INFO: 	 lr: 0.00030000000000000073 	 Training loss: 0.044059009961783885
[2025-01-09 10:06:59,242] INFO: Iter 28200 Summary: 
[2025-01-09 10:06:59,242] INFO: 	 lr: 0.00030000000000000073 	 Training loss: 0.044508284628391265
[2025-01-09 10:07:10,799] INFO: Iter 28300 Summary: 
[2025-01-09 10:07:10,799] INFO: 	 lr: 0.00030000000000000073 	 Training loss: 0.04406825367361307
[2025-01-09 10:07:21,096] INFO: Iter 28400 Summary: 
[2025-01-09 10:07:21,096] INFO: 	 lr: 0.00030000000000000073 	 Training loss: 0.044114215560257436
[2025-01-09 10:07:31,965] INFO: Iter 28500 Summary: 
[2025-01-09 10:07:31,966] INFO: 	 lr: 0.00030000000000000073 	 Training loss: 0.04473985746502876
[2025-01-09 10:07:42,509] INFO: Iter 28600 Summary: 
[2025-01-09 10:07:42,509] INFO: 	 lr: 0.00030000000000000073 	 Training loss: 0.04933584496378898
[2025-01-09 10:07:52,804] INFO: Iter 28700 Summary: 
[2025-01-09 10:07:52,804] INFO: 	 lr: 0.00030000000000000073 	 Training loss: 0.05585764553397894
[2025-01-09 10:08:03,292] INFO: Iter 28800 Summary: 
[2025-01-09 10:08:03,292] INFO: 	 lr: 0.00030000000000000073 	 Training loss: 0.053191518150269984
[2025-01-09 10:08:15,456] INFO: Iter 28900 Summary: 
[2025-01-09 10:08:15,456] INFO: 	 lr: 0.00030000000000000073 	 Training loss: 0.05004087932407856
[2025-01-09 10:08:25,770] INFO: Iter 29000 Summary: 
[2025-01-09 10:08:25,770] INFO: 	 lr: 0.00030000000000000073 	 Training loss: 0.04953083883970976
[2025-01-09 10:08:36,900] INFO: Iter 29100 Summary: 
[2025-01-09 10:08:36,901] INFO: 	 lr: 0.00030000000000000073 	 Training loss: 0.04937321938574314
[2025-01-09 10:08:47,022] INFO: Iter 29200 Summary: 
[2025-01-09 10:08:47,023] INFO: 	 lr: 0.00030000000000000073 	 Training loss: 0.04755713168531656
[2025-01-09 10:08:57,584] INFO: Iter 29300 Summary: 
[2025-01-09 10:08:57,584] INFO: 	 lr: 0.00030000000000000073 	 Training loss: 0.04658530365675688
[2025-01-09 10:09:08,027] INFO: Iter 29400 Summary: 
[2025-01-09 10:09:08,027] INFO: 	 lr: 0.00030000000000000073 	 Training loss: 0.04515410218387842
[2025-01-09 10:09:18,119] INFO: Iter 29500 Summary: 
[2025-01-09 10:09:18,120] INFO: 	 lr: 0.00030000000000000073 	 Training loss: 0.04524191550910473
[2025-01-09 10:09:28,416] INFO: Iter 29600 Summary: 
[2025-01-09 10:09:28,416] INFO: 	 lr: 0.00030000000000000073 	 Training loss: 0.045267816819250586
[2025-01-09 10:09:38,425] INFO: Iter 29700 Summary: 
[2025-01-09 10:09:38,425] INFO: 	 lr: 0.00030000000000000073 	 Training loss: 0.04654573451727629
[2025-01-09 10:09:49,162] INFO: Iter 29800 Summary: 
[2025-01-09 10:09:49,163] INFO: 	 lr: 0.00030000000000000073 	 Training loss: 0.04619712423533201
[2025-01-09 10:09:59,914] INFO: Iter 29900 Summary: 
[2025-01-09 10:09:59,915] INFO: 	 lr: 0.00030000000000000073 	 Training loss: 0.04498142637312412
[2025-01-09 10:10:10,483] INFO: Iter 30000 Summary: 
[2025-01-09 10:10:10,483] INFO: 	 lr: 0.00030000000000000073 	 Training loss: 0.045012296251952646
[2025-01-09 10:10:24,783] INFO: Iter 30100 Summary: 
[2025-01-09 10:10:24,783] INFO: 	 lr: 1.2900000000000026e-05 	 Training loss: 0.043468020521104336
[2025-01-09 10:10:34,832] INFO: Iter 30200 Summary: 
[2025-01-09 10:10:34,832] INFO: 	 lr: 1.000000000000002e-05 	 Training loss: 0.04369543958455324
[2025-01-09 10:10:46,085] INFO: Iter 30300 Summary: 
[2025-01-09 10:10:46,085] INFO: 	 lr: 1.000000000000002e-05 	 Training loss: 0.04370799858123064
[2025-01-09 10:10:55,350] INFO: Iter 30400 Summary: 
[2025-01-09 10:10:55,350] INFO: 	 lr: 1.000000000000002e-05 	 Training loss: 0.0430354356020689
[2025-01-09 10:11:05,759] INFO: Iter 30500 Summary: 
[2025-01-09 10:11:05,759] INFO: 	 lr: 1.000000000000002e-05 	 Training loss: 0.04319270446896553
[2025-01-09 10:11:15,620] INFO: Iter 30600 Summary: 
[2025-01-09 10:11:15,620] INFO: 	 lr: 1.000000000000002e-05 	 Training loss: 0.04342855643481016
[2025-01-09 10:11:25,370] INFO: Iter 30700 Summary: 
[2025-01-09 10:11:25,370] INFO: 	 lr: 1.000000000000002e-05 	 Training loss: 0.04333558883517981
[2025-01-09 10:11:35,455] INFO: Iter 30800 Summary: 
[2025-01-09 10:11:35,455] INFO: 	 lr: 1.000000000000002e-05 	 Training loss: 0.043256947062909605
[2025-01-09 10:11:45,649] INFO: Iter 30900 Summary: 
[2025-01-09 10:11:45,649] INFO: 	 lr: 1.000000000000002e-05 	 Training loss: 0.0432051033526659
[2025-01-09 10:11:57,458] INFO: Iter 31000 Summary: 
[2025-01-09 10:11:57,458] INFO: 	 lr: 1.000000000000002e-05 	 Training loss: 0.04324542935937643
[2025-01-09 10:12:06,779] INFO: Iter 31100 Summary: 
[2025-01-09 10:12:06,779] INFO: 	 lr: 1.000000000000002e-05 	 Training loss: 0.043136743530631065
[2025-01-09 10:12:17,053] INFO: Iter 31200 Summary: 
[2025-01-09 10:12:17,053] INFO: 	 lr: 1.000000000000002e-05 	 Training loss: 0.04297165423631668
[2025-01-09 10:12:27,442] INFO: Iter 31300 Summary: 
[2025-01-09 10:12:27,442] INFO: 	 lr: 1.000000000000002e-05 	 Training loss: 0.04323418196290731
[2025-01-09 10:12:37,016] INFO: Iter 31400 Summary: 
[2025-01-09 10:12:37,016] INFO: 	 lr: 1.000000000000002e-05 	 Training loss: 0.04320020757615566
[2025-01-09 10:12:47,043] INFO: Iter 31500 Summary: 
[2025-01-09 10:12:47,044] INFO: 	 lr: 1.000000000000002e-05 	 Training loss: 0.043290346749126914
[2025-01-09 10:12:57,307] INFO: Iter 31600 Summary: 
[2025-01-09 10:12:57,307] INFO: 	 lr: 1.000000000000002e-05 	 Training loss: 0.043195708133280275
[2025-01-09 10:13:08,155] INFO: Iter 31700 Summary: 
[2025-01-09 10:13:08,155] INFO: 	 lr: 1.000000000000002e-05 	 Training loss: 0.04298880461603403
[2025-01-09 10:13:17,774] INFO: Iter 31800 Summary: 
[2025-01-09 10:13:17,774] INFO: 	 lr: 1.000000000000002e-05 	 Training loss: 0.043088045828044416
[2025-01-09 10:13:27,654] INFO: Iter 31900 Summary: 
[2025-01-09 10:13:27,654] INFO: 	 lr: 1.000000000000002e-05 	 Training loss: 0.04278718907386064
[2025-01-09 10:13:38,178] INFO: Iter 32000 Summary: 
[2025-01-09 10:13:38,178] INFO: 	 lr: 1.000000000000002e-05 	 Training loss: 0.042978580929338935
[2025-01-09 10:13:50,786] INFO: Iter 32100 Summary: 
[2025-01-09 10:13:50,786] INFO: 	 lr: 1.000000000000002e-05 	 Training loss: 0.043058196008205415
[2025-01-09 10:14:00,784] INFO: Iter 32200 Summary: 
[2025-01-09 10:14:00,784] INFO: 	 lr: 1.000000000000002e-05 	 Training loss: 0.04323310188949108
[2025-01-09 10:14:10,919] INFO: Iter 32300 Summary: 
[2025-01-09 10:14:10,919] INFO: 	 lr: 1.000000000000002e-05 	 Training loss: 0.04301868099719286
[2025-01-09 10:14:21,704] INFO: Iter 32400 Summary: 
[2025-01-09 10:14:21,705] INFO: 	 lr: 1.000000000000002e-05 	 Training loss: 0.043176929913461205
[2025-01-09 10:14:31,832] INFO: Iter 32500 Summary: 
[2025-01-09 10:14:31,832] INFO: 	 lr: 1.000000000000002e-05 	 Training loss: 0.042964104525744916
[2025-01-09 10:14:41,541] INFO: Iter 32600 Summary: 
[2025-01-09 10:14:41,541] INFO: 	 lr: 1.000000000000002e-05 	 Training loss: 0.04273854121565819
[2025-01-09 10:14:51,127] INFO: Iter 32700 Summary: 
[2025-01-09 10:14:51,127] INFO: 	 lr: 1.000000000000002e-05 	 Training loss: 0.04298228085041046
[2025-01-09 10:14:59,887] INFO: Iter 32800 Summary: 
[2025-01-09 10:14:59,888] INFO: 	 lr: 1.000000000000002e-05 	 Training loss: 0.042813824713230135
[2025-01-09 10:15:09,432] INFO: Iter 32900 Summary: 
[2025-01-09 10:15:09,432] INFO: 	 lr: 1.000000000000002e-05 	 Training loss: 0.04339885540306568
[2025-01-09 10:15:18,878] INFO: Iter 33000 Summary: 
[2025-01-09 10:15:18,878] INFO: 	 lr: 1.000000000000002e-05 	 Training loss: 0.04292834840714931
[2025-01-09 10:15:29,103] INFO: Iter 33100 Summary: 
[2025-01-09 10:15:29,103] INFO: 	 lr: 1.000000000000002e-05 	 Training loss: 0.04323971219360828
[2025-01-09 10:15:38,455] INFO: Iter 33200 Summary: 
[2025-01-09 10:15:38,456] INFO: 	 lr: 1.000000000000002e-05 	 Training loss: 0.04285097625106573
[2025-01-09 10:15:47,624] INFO: Iter 33300 Summary: 
[2025-01-09 10:15:47,625] INFO: 	 lr: 1.000000000000002e-05 	 Training loss: 0.04304653834551573
[2025-01-09 10:15:56,903] INFO: Iter 33400 Summary: 
[2025-01-09 10:15:56,903] INFO: 	 lr: 1.000000000000002e-05 	 Training loss: 0.04325234036892653
[2025-01-09 10:16:05,924] INFO: Iter 33500 Summary: 
[2025-01-09 10:16:05,924] INFO: 	 lr: 1.000000000000002e-05 	 Training loss: 0.04298039227724075
[2025-01-09 10:16:15,503] INFO: Iter 33600 Summary: 
[2025-01-09 10:16:15,503] INFO: 	 lr: 1.000000000000002e-05 	 Training loss: 0.0425434297695756
[2025-01-09 10:16:24,708] INFO: Iter 33700 Summary: 
[2025-01-09 10:16:24,708] INFO: 	 lr: 1.000000000000002e-05 	 Training loss: 0.042756803296506406
[2025-01-09 10:16:34,133] INFO: Iter 33800 Summary: 
[2025-01-09 10:16:34,133] INFO: 	 lr: 1.000000000000002e-05 	 Training loss: 0.04297421474009752
[2025-01-09 10:16:43,308] INFO: Iter 33900 Summary: 
[2025-01-09 10:16:43,308] INFO: 	 lr: 1.000000000000002e-05 	 Training loss: 0.04274365469813347
[2025-01-09 10:16:52,398] INFO: Iter 34000 Summary: 
[2025-01-09 10:16:52,398] INFO: 	 lr: 1.000000000000002e-05 	 Training loss: 0.04324040334671736
[2025-01-09 10:17:04,776] INFO: Iter 34100 Summary: 
[2025-01-09 10:17:04,776] INFO: 	 lr: 1.000000000000002e-05 	 Training loss: 0.042816233970224854
[2025-01-09 10:17:14,039] INFO: Iter 34200 Summary: 
[2025-01-09 10:17:14,039] INFO: 	 lr: 1.000000000000002e-05 	 Training loss: 0.04289390966296196
[2025-01-09 10:17:23,294] INFO: Iter 34300 Summary: 
[2025-01-09 10:17:23,294] INFO: 	 lr: 1.000000000000002e-05 	 Training loss: 0.04269733686000109
[2025-01-09 10:17:32,640] INFO: Iter 34400 Summary: 
[2025-01-09 10:17:32,640] INFO: 	 lr: 1.000000000000002e-05 	 Training loss: 0.042791101001203063
[2025-01-09 10:17:43,409] INFO: Iter 34500 Summary: 
[2025-01-09 10:17:43,409] INFO: 	 lr: 1.000000000000002e-05 	 Training loss: 0.042925723940134046
[2025-01-09 10:17:52,351] INFO: Iter 34600 Summary: 
[2025-01-09 10:17:52,351] INFO: 	 lr: 1.000000000000002e-05 	 Training loss: 0.0430622498318553
[2025-01-09 10:18:01,847] INFO: Iter 34700 Summary: 
[2025-01-09 10:18:01,847] INFO: 	 lr: 1.000000000000002e-05 	 Training loss: 0.04261195465922356
[2025-01-09 10:18:11,414] INFO: Iter 34800 Summary: 
[2025-01-09 10:18:11,414] INFO: 	 lr: 1.000000000000002e-05 	 Training loss: 0.04267648059874773
[2025-01-09 10:18:20,430] INFO: Iter 34900 Summary: 
[2025-01-09 10:18:20,430] INFO: 	 lr: 1.000000000000002e-05 	 Training loss: 0.04270000785589218
[2025-01-09 10:18:30,173] INFO: Iter 35000 Summary: 
[2025-01-09 10:18:30,173] INFO: 	 lr: 1.000000000000002e-05 	 Training loss: 0.0427896536141634
[2025-01-09 10:18:40,688] INFO: Iter 35100 Summary: 
[2025-01-09 10:18:40,688] INFO: 	 lr: 1.000000000000002e-05 	 Training loss: 0.04298125222325325
[2025-01-09 10:18:49,803] INFO: Iter 35200 Summary: 
[2025-01-09 10:18:49,804] INFO: 	 lr: 1.000000000000002e-05 	 Training loss: 0.043178745806217195
[2025-01-09 10:18:58,659] INFO: Iter 35300 Summary: 
[2025-01-09 10:18:58,659] INFO: 	 lr: 1.000000000000002e-05 	 Training loss: 0.04262478720396757
[2025-01-09 10:19:07,928] INFO: Iter 35400 Summary: 
[2025-01-09 10:19:07,928] INFO: 	 lr: 1.000000000000002e-05 	 Training loss: 0.04275686036795378
[2025-01-09 10:19:17,375] INFO: Iter 35500 Summary: 
[2025-01-09 10:19:17,376] INFO: 	 lr: 1.000000000000002e-05 	 Training loss: 0.042391217723488805
[2025-01-09 10:19:26,933] INFO: Iter 35600 Summary: 
[2025-01-09 10:19:26,933] INFO: 	 lr: 1.000000000000002e-05 	 Training loss: 0.04307677298784256
[2025-01-09 10:19:36,143] INFO: Iter 35700 Summary: 
[2025-01-09 10:19:36,143] INFO: 	 lr: 1.000000000000002e-05 	 Training loss: 0.0428656405583024
[2025-01-09 10:19:46,591] INFO: Iter 35800 Summary: 
[2025-01-09 10:19:46,592] INFO: 	 lr: 1.000000000000002e-05 	 Training loss: 0.04273192919790745
[2025-01-09 10:19:56,000] INFO: Iter 35900 Summary: 
[2025-01-09 10:19:56,000] INFO: 	 lr: 1.000000000000002e-05 	 Training loss: 0.04277511112391949
[2025-01-09 10:20:06,278] INFO: Iter 36000 Summary: 
[2025-01-09 10:20:06,278] INFO: 	 lr: 1.000000000000002e-05 	 Training loss: 0.042578642293810844
[2025-01-09 10:20:20,585] INFO: Iter 36100 Summary: 
[2025-01-09 10:20:20,586] INFO: 	 lr: 1.000000000000002e-05 	 Training loss: 0.04278932243585586
[2025-01-09 10:20:31,292] INFO: Iter 36200 Summary: 
[2025-01-09 10:20:31,292] INFO: 	 lr: 1.000000000000002e-05 	 Training loss: 0.04264373145997524
[2025-01-09 10:20:41,950] INFO: Iter 36300 Summary: 
[2025-01-09 10:20:41,950] INFO: 	 lr: 1.000000000000002e-05 	 Training loss: 0.04250386718660593
[2025-01-09 10:20:52,065] INFO: Iter 36400 Summary: 
[2025-01-09 10:20:52,065] INFO: 	 lr: 1.000000000000002e-05 	 Training loss: 0.043105666749179365
[2025-01-09 10:21:04,279] INFO: Iter 36500 Summary: 
[2025-01-09 10:21:04,280] INFO: 	 lr: 1.000000000000002e-05 	 Training loss: 0.042740599885582924
[2025-01-09 10:21:14,435] INFO: Iter 36600 Summary: 
[2025-01-09 10:21:14,435] INFO: 	 lr: 1.000000000000002e-05 	 Training loss: 0.04281533170491457
[2025-01-09 10:21:24,107] INFO: Iter 36700 Summary: 
[2025-01-09 10:21:24,107] INFO: 	 lr: 1.000000000000002e-05 	 Training loss: 0.04285550396889448
[2025-01-09 10:21:33,723] INFO: Iter 36800 Summary: 
[2025-01-09 10:21:33,723] INFO: 	 lr: 1.000000000000002e-05 	 Training loss: 0.04251709822565317
[2025-01-09 10:21:43,079] INFO: Iter 36900 Summary: 
[2025-01-09 10:21:43,079] INFO: 	 lr: 1.000000000000002e-05 	 Training loss: 0.04272203538566828
[2025-01-09 10:21:52,278] INFO: Iter 37000 Summary: 
[2025-01-09 10:21:52,278] INFO: 	 lr: 1.000000000000002e-05 	 Training loss: 0.04274729754775763
[2025-01-09 10:22:01,521] INFO: Iter 37100 Summary: 
[2025-01-09 10:22:01,521] INFO: 	 lr: 1.000000000000002e-05 	 Training loss: 0.043238729536533356
[2025-01-09 10:22:13,003] INFO: Iter 37200 Summary: 
[2025-01-09 10:22:13,004] INFO: 	 lr: 1.000000000000002e-05 	 Training loss: 0.0423992620408535
[2025-01-09 10:22:22,490] INFO: Iter 37300 Summary: 
[2025-01-09 10:22:22,490] INFO: 	 lr: 1.000000000000002e-05 	 Training loss: 0.04263722226023674
[2025-01-09 10:22:32,046] INFO: Iter 37400 Summary: 
[2025-01-09 10:22:32,046] INFO: 	 lr: 1.000000000000002e-05 	 Training loss: 0.04291521064937115
[2025-01-09 10:22:41,670] INFO: Iter 37500 Summary: 
[2025-01-09 10:22:41,671] INFO: 	 lr: 1.000000000000002e-05 	 Training loss: 0.04251692570745945
[2025-01-09 10:22:50,991] INFO: Iter 37600 Summary: 
[2025-01-09 10:22:50,991] INFO: 	 lr: 1.000000000000002e-05 	 Training loss: 0.04265996821224689
[2025-01-09 10:23:00,236] INFO: Iter 37700 Summary: 
[2025-01-09 10:23:00,236] INFO: 	 lr: 1.000000000000002e-05 	 Training loss: 0.04279020562767982
[2025-01-09 10:23:09,649] INFO: Iter 37800 Summary: 
[2025-01-09 10:23:09,649] INFO: 	 lr: 1.000000000000002e-05 	 Training loss: 0.04259823199361563
[2025-01-09 10:23:20,566] INFO: Iter 37900 Summary: 
[2025-01-09 10:23:20,566] INFO: 	 lr: 1.000000000000002e-05 	 Training loss: 0.04271289885044098
[2025-01-09 10:23:30,239] INFO: Iter 38000 Summary: 
[2025-01-09 10:23:30,239] INFO: 	 lr: 1.000000000000002e-05 	 Training loss: 0.042886080108582976
[2025-01-09 10:23:41,440] INFO: Iter 38100 Summary: 
[2025-01-09 10:23:41,440] INFO: 	 lr: 1.000000000000002e-05 	 Training loss: 0.04265122130513191
[2025-01-09 10:23:49,591] INFO: Iter 38200 Summary: 
[2025-01-09 10:23:49,591] INFO: 	 lr: 1.000000000000002e-05 	 Training loss: 0.04250427331775427
[2025-01-09 10:23:58,592] INFO: Iter 38300 Summary: 
[2025-01-09 10:23:58,592] INFO: 	 lr: 1.000000000000002e-05 	 Training loss: 0.042677898593246937
[2025-01-09 10:24:07,765] INFO: Iter 38400 Summary: 
[2025-01-09 10:24:07,766] INFO: 	 lr: 1.000000000000002e-05 	 Training loss: 0.04266254536807537
[2025-01-09 10:24:16,921] INFO: Iter 38500 Summary: 
[2025-01-09 10:24:16,921] INFO: 	 lr: 1.000000000000002e-05 	 Training loss: 0.04256549920886755
[2025-01-09 10:24:27,280] INFO: Iter 38600 Summary: 
[2025-01-09 10:24:27,280] INFO: 	 lr: 1.000000000000002e-05 	 Training loss: 0.04268315549939871
[2025-01-09 10:24:36,392] INFO: Iter 38700 Summary: 
[2025-01-09 10:24:36,393] INFO: 	 lr: 1.000000000000002e-05 	 Training loss: 0.04272862661629915
[2025-01-09 10:24:44,430] INFO: Iter 38800 Summary: 
[2025-01-09 10:24:44,430] INFO: 	 lr: 1.000000000000002e-05 	 Training loss: 0.04256845399737358
[2025-01-09 10:24:53,026] INFO: Iter 38900 Summary: 
[2025-01-09 10:24:53,026] INFO: 	 lr: 1.000000000000002e-05 	 Training loss: 0.04243581607937813
[2025-01-09 10:25:01,424] INFO: Iter 39000 Summary: 
[2025-01-09 10:25:01,424] INFO: 	 lr: 1.000000000000002e-05 	 Training loss: 0.04250876996666193
[2025-01-09 10:25:10,836] INFO: Iter 39100 Summary: 
[2025-01-09 10:25:10,836] INFO: 	 lr: 1.000000000000002e-05 	 Training loss: 0.04255106896162033
[2025-01-09 10:25:19,868] INFO: Iter 39200 Summary: 
[2025-01-09 10:25:19,868] INFO: 	 lr: 1.000000000000002e-05 	 Training loss: 0.042770699821412565
[2025-01-09 10:25:30,742] INFO: Iter 39300 Summary: 
[2025-01-09 10:25:30,743] INFO: 	 lr: 1.000000000000002e-05 	 Training loss: 0.042695322223007676
[2025-01-09 10:25:40,551] INFO: Iter 39400 Summary: 
[2025-01-09 10:25:40,551] INFO: 	 lr: 1.000000000000002e-05 	 Training loss: 0.04245680447667837
[2025-01-09 10:25:50,224] INFO: Iter 39500 Summary: 
[2025-01-09 10:25:50,224] INFO: 	 lr: 1.000000000000002e-05 	 Training loss: 0.04212506003677845
[2025-01-09 10:25:59,089] INFO: Iter 39600 Summary: 
[2025-01-09 10:25:59,089] INFO: 	 lr: 1.000000000000002e-05 	 Training loss: 0.04260626841336489
[2025-01-09 10:26:08,356] INFO: Iter 39700 Summary: 
[2025-01-09 10:26:08,356] INFO: 	 lr: 1.000000000000002e-05 	 Training loss: 0.042881398759782315
[2025-01-09 10:26:17,378] INFO: Iter 39800 Summary: 
[2025-01-09 10:26:17,378] INFO: 	 lr: 1.000000000000002e-05 	 Training loss: 0.042411537766456606
[2025-01-09 10:26:26,892] INFO: Iter 39900 Summary: 
[2025-01-09 10:26:26,892] INFO: 	 lr: 1.000000000000002e-05 	 Training loss: 0.042348670847713946
[2025-01-09 10:26:38,075] INFO: Iter 40000 Summary: 
[2025-01-09 10:26:38,076] INFO: 	 lr: 1.000000000000002e-05 	 Training loss: 0.04237445421516895
