[2024-12-16 01:49:22,952] INFO: {
    "abs_dir": "/home/diwang/siMLPe/exps/baseline_h36m",
    "batch_size": 256,
    "cos_lr_max": 1e-05,
    "cos_lr_min": 5e-08,
    "cos_lr_total_iters": 40000,
    "data_aug": true,
    "deriv_input": true,
    "deriv_output": true,
    "h36m_anno_dir": "/home/diwang/siMLPe/data/h36m/",
    "link_log_file": "/home/diwang/siMLPe/exps/baseline_h36m/log/log_last.log",
    "link_val_log_file": "/home/diwang/siMLPe/exps/baseline_h36m/log/val_last.log",
    "log_dir": "/home/diwang/siMLPe/exps/baseline_h36m/log",
    "log_file": "/home/diwang/siMLPe/exps/baseline_h36m/log/log_2024_12_16_01_49_03.log",
    "model_pth": null,
    "motion": {
        "dim": 66,
        "h36m_input_length": 50,
        "h36m_input_length_dct": 50,
        "h36m_target_length": 10,
        "h36m_target_length_eval": 25,
        "h36m_target_length_train": 10
    },
    "motion_fc_in": {
        "activation": "relu",
        "in_features": 66,
        "init_w_trunc_normal": false,
        "out_features": 66,
        "temporal_fc": false,
        "with_norm": false
    },
    "motion_fc_out": {
        "activation": "relu",
        "in_features": 66,
        "init_w_trunc_normal": true,
        "out_features": 66,
        "temporal_fc": false,
        "with_norm": false
    },
    "motion_mlp": {
        "hidden_dim": 66,
        "norm_axis": "spatial",
        "num_layers": 48,
        "seq_len": 50,
        "spatial_fc_only": false,
        "with_normalization": true
    },
    "num_workers": 8,
    "post_dct": false,
    "pre_dct": false,
    "print_every": 100,
    "repo_name": "siMLPe",
    "root_dir": "/home/diwang/siMLPe",
    "save_every": 5000,
    "seed": 304,
    "shift_step": 1,
    "snapshot_dir": "/home/diwang/siMLPe/exps/baseline_h36m/log/snapshot",
    "this_dir": "baseline_h36m",
    "use_relative_loss": true,
    "val_log_file": "/home/diwang/siMLPe/exps/baseline_h36m/log/val_2024_12_16_01_49_03.log",
    "weight_decay": 0.0001
}
[2024-12-16 01:49:31,880] INFO: Iter 100 Summary: 
[2024-12-16 01:49:31,880] INFO: 	 lr: 0.00030000000000000073 	 Training loss: 0.09880959816277027
[2024-12-16 01:49:38,026] INFO: Iter 200 Summary: 
[2024-12-16 01:49:38,027] INFO: 	 lr: 0.00030000000000000073 	 Training loss: 0.07526146709918975
[2024-12-16 01:49:44,883] INFO: Iter 300 Summary: 
[2024-12-16 01:49:44,884] INFO: 	 lr: 0.00030000000000000073 	 Training loss: 0.07434968195855618
[2024-12-16 01:49:51,566] INFO: Iter 400 Summary: 
[2024-12-16 01:49:51,566] INFO: 	 lr: 0.00030000000000000073 	 Training loss: 0.07023919731378556
[2024-12-16 01:49:58,210] INFO: Iter 500 Summary: 
[2024-12-16 01:49:58,210] INFO: 	 lr: 0.00030000000000000073 	 Training loss: 0.06818793103098869
[2024-12-16 01:50:04,754] INFO: Iter 600 Summary: 
[2024-12-16 01:50:04,754] INFO: 	 lr: 0.00030000000000000073 	 Training loss: 0.06507122348994017
[2024-12-16 01:50:12,575] INFO: Iter 700 Summary: 
[2024-12-16 01:50:12,575] INFO: 	 lr: 0.00030000000000000073 	 Training loss: 0.05939819343388081
[2024-12-16 01:50:19,141] INFO: Iter 800 Summary: 
[2024-12-16 01:50:19,141] INFO: 	 lr: 0.00030000000000000073 	 Training loss: 0.05757111944258213
[2024-12-16 01:50:25,936] INFO: Iter 900 Summary: 
[2024-12-16 01:50:25,936] INFO: 	 lr: 0.00030000000000000073 	 Training loss: 0.05636050283908844
[2024-12-16 01:50:32,731] INFO: Iter 1000 Summary: 
[2024-12-16 01:50:32,731] INFO: 	 lr: 0.00030000000000000073 	 Training loss: 0.05597427178174257
[2024-12-16 01:50:39,488] INFO: Iter 1100 Summary: 
[2024-12-16 01:50:39,488] INFO: 	 lr: 0.00030000000000000073 	 Training loss: 0.05534864760935307
[2024-12-16 01:50:46,307] INFO: Iter 1200 Summary: 
[2024-12-16 01:50:46,308] INFO: 	 lr: 0.00030000000000000073 	 Training loss: 0.05491629064083099
[2024-12-16 01:50:53,172] INFO: Iter 1300 Summary: 
[2024-12-16 01:50:53,172] INFO: 	 lr: 0.00030000000000000073 	 Training loss: 0.053764547146856786
[2024-12-16 01:51:01,278] INFO: Iter 1400 Summary: 
[2024-12-16 01:51:01,278] INFO: 	 lr: 0.00030000000000000073 	 Training loss: 0.05323580291122198
[2024-12-16 01:51:07,402] INFO: Iter 1500 Summary: 
[2024-12-16 01:51:07,402] INFO: 	 lr: 0.00030000000000000073 	 Training loss: 0.0529041562974453
[2024-12-16 01:51:13,601] INFO: Iter 1600 Summary: 
[2024-12-16 01:51:13,601] INFO: 	 lr: 0.00030000000000000073 	 Training loss: 0.0523440657928586
[2024-12-16 01:51:20,073] INFO: Iter 1700 Summary: 
[2024-12-16 01:51:20,074] INFO: 	 lr: 0.00030000000000000073 	 Training loss: 0.05202249687165022
[2024-12-16 01:51:26,205] INFO: Iter 1800 Summary: 
[2024-12-16 01:51:26,205] INFO: 	 lr: 0.00030000000000000073 	 Training loss: 0.051613997183740136
[2024-12-16 01:51:32,890] INFO: Iter 1900 Summary: 
[2024-12-16 01:51:32,890] INFO: 	 lr: 0.00030000000000000073 	 Training loss: 0.051023253351449964
[2024-12-16 01:51:39,730] INFO: Iter 2000 Summary: 
[2024-12-16 01:51:39,731] INFO: 	 lr: 0.00030000000000000073 	 Training loss: 0.05124103732407093
[2024-12-16 01:51:47,237] INFO: Iter 2100 Summary: 
[2024-12-16 01:51:47,238] INFO: 	 lr: 0.00030000000000000073 	 Training loss: 0.050833402983844284
[2024-12-16 01:51:54,035] INFO: Iter 2200 Summary: 
[2024-12-16 01:51:54,035] INFO: 	 lr: 0.00030000000000000073 	 Training loss: 0.050105428844690325
[2024-12-16 01:52:00,814] INFO: Iter 2300 Summary: 
[2024-12-16 01:52:00,814] INFO: 	 lr: 0.00030000000000000073 	 Training loss: 0.050507270097732544
[2024-12-16 01:52:07,711] INFO: Iter 2400 Summary: 
[2024-12-16 01:52:07,711] INFO: 	 lr: 0.00030000000000000073 	 Training loss: 0.05028122570365667
[2024-12-16 01:52:14,360] INFO: Iter 2500 Summary: 
[2024-12-16 01:52:14,360] INFO: 	 lr: 0.00030000000000000073 	 Training loss: 0.05004710279405117
[2024-12-16 01:52:21,241] INFO: Iter 2600 Summary: 
[2024-12-16 01:52:21,242] INFO: 	 lr: 0.00030000000000000073 	 Training loss: 0.05002260688692331
[2024-12-16 01:52:27,931] INFO: Iter 2700 Summary: 
[2024-12-16 01:52:27,931] INFO: 	 lr: 0.00030000000000000073 	 Training loss: 0.04995386265218258
[2024-12-16 01:52:35,836] INFO: Iter 2800 Summary: 
[2024-12-16 01:52:35,837] INFO: 	 lr: 0.00030000000000000073 	 Training loss: 0.04967644236981869
[2024-12-16 01:52:42,665] INFO: Iter 2900 Summary: 
[2024-12-16 01:52:42,665] INFO: 	 lr: 0.00030000000000000073 	 Training loss: 0.049187315106391905
[2024-12-16 01:52:49,354] INFO: Iter 3000 Summary: 
[2024-12-16 01:52:49,354] INFO: 	 lr: 0.00030000000000000073 	 Training loss: 0.04898068714886904
[2024-12-16 01:52:55,938] INFO: Iter 3100 Summary: 
[2024-12-16 01:52:55,938] INFO: 	 lr: 0.00030000000000000073 	 Training loss: 0.04937855526804924
[2024-12-16 01:53:02,752] INFO: Iter 3200 Summary: 
[2024-12-16 01:53:02,752] INFO: 	 lr: 0.00030000000000000073 	 Training loss: 0.049204868450760844
[2024-12-16 01:53:09,607] INFO: Iter 3300 Summary: 
[2024-12-16 01:53:09,607] INFO: 	 lr: 0.00030000000000000073 	 Training loss: 0.04884259730577469
[2024-12-16 01:53:16,465] INFO: Iter 3400 Summary: 
[2024-12-16 01:53:16,465] INFO: 	 lr: 0.00030000000000000073 	 Training loss: 0.048808680549263954
[2024-12-16 01:53:24,419] INFO: Iter 3500 Summary: 
[2024-12-16 01:53:24,420] INFO: 	 lr: 0.00030000000000000073 	 Training loss: 0.0485327934846282
[2024-12-16 01:53:31,262] INFO: Iter 3600 Summary: 
[2024-12-16 01:53:31,262] INFO: 	 lr: 0.00030000000000000073 	 Training loss: 0.04872274480760098
[2024-12-16 01:53:38,119] INFO: Iter 3700 Summary: 
[2024-12-16 01:53:38,119] INFO: 	 lr: 0.00030000000000000073 	 Training loss: 0.048124535381793974
[2024-12-16 01:53:44,966] INFO: Iter 3800 Summary: 
[2024-12-16 01:53:44,966] INFO: 	 lr: 0.00030000000000000073 	 Training loss: 0.048216847330331804
[2024-12-16 01:53:51,793] INFO: Iter 3900 Summary: 
[2024-12-16 01:53:51,793] INFO: 	 lr: 0.00030000000000000073 	 Training loss: 0.048192773051559924
[2024-12-16 01:53:58,631] INFO: Iter 4000 Summary: 
[2024-12-16 01:53:58,631] INFO: 	 lr: 0.00030000000000000073 	 Training loss: 0.04819534156471491
[2024-12-16 01:54:05,270] INFO: Iter 4100 Summary: 
[2024-12-16 01:54:05,271] INFO: 	 lr: 0.00030000000000000073 	 Training loss: 0.047963769771158696
[2024-12-16 01:54:12,993] INFO: Iter 4200 Summary: 
[2024-12-16 01:54:12,994] INFO: 	 lr: 0.00030000000000000073 	 Training loss: 0.04795369002968073
[2024-12-16 01:54:19,553] INFO: Iter 4300 Summary: 
[2024-12-16 01:54:19,553] INFO: 	 lr: 0.00030000000000000073 	 Training loss: 0.04790378842502832
[2024-12-16 01:54:25,809] INFO: Iter 4400 Summary: 
[2024-12-16 01:54:25,809] INFO: 	 lr: 0.00030000000000000073 	 Training loss: 0.0476559803634882
[2024-12-16 01:54:32,392] INFO: Iter 4500 Summary: 
[2024-12-16 01:54:32,392] INFO: 	 lr: 0.00030000000000000073 	 Training loss: 0.04721244093030691
[2024-12-16 01:54:38,959] INFO: Iter 4600 Summary: 
[2024-12-16 01:54:38,959] INFO: 	 lr: 0.00030000000000000073 	 Training loss: 0.04770101130008698
[2024-12-16 01:54:45,486] INFO: Iter 4700 Summary: 
[2024-12-16 01:54:45,486] INFO: 	 lr: 0.00030000000000000073 	 Training loss: 0.04766823496669531
[2024-12-16 01:54:52,029] INFO: Iter 4800 Summary: 
[2024-12-16 01:54:52,029] INFO: 	 lr: 0.00030000000000000073 	 Training loss: 0.0472989322245121
[2024-12-16 01:54:59,444] INFO: Iter 4900 Summary: 
[2024-12-16 01:54:59,445] INFO: 	 lr: 0.00030000000000000073 	 Training loss: 0.04733144897967577
[2024-12-16 01:55:05,920] INFO: Iter 5000 Summary: 
[2024-12-16 01:55:05,920] INFO: 	 lr: 0.00030000000000000073 	 Training loss: 0.04707205194979906
[2024-12-16 01:55:14,768] INFO: Iter 5100 Summary: 
[2024-12-16 01:55:14,769] INFO: 	 lr: 0.00030000000000000073 	 Training loss: 0.047391868010163304
[2024-12-16 01:55:21,315] INFO: Iter 5200 Summary: 
[2024-12-16 01:55:21,315] INFO: 	 lr: 0.00030000000000000073 	 Training loss: 0.04690793320536613
[2024-12-16 01:55:27,810] INFO: Iter 5300 Summary: 
[2024-12-16 01:55:27,810] INFO: 	 lr: 0.00030000000000000073 	 Training loss: 0.046887235417962074
[2024-12-16 01:55:34,374] INFO: Iter 5400 Summary: 
[2024-12-16 01:55:34,374] INFO: 	 lr: 0.00030000000000000073 	 Training loss: 0.046626279652118685
[2024-12-16 01:55:40,935] INFO: Iter 5500 Summary: 
[2024-12-16 01:55:40,937] INFO: 	 lr: 0.00030000000000000073 	 Training loss: 0.04636187322437763
[2024-12-16 01:55:48,690] INFO: Iter 5600 Summary: 
[2024-12-16 01:55:48,691] INFO: 	 lr: 0.00030000000000000073 	 Training loss: 0.04647874053567648
[2024-12-16 01:55:55,213] INFO: Iter 5700 Summary: 
[2024-12-16 01:55:55,213] INFO: 	 lr: 0.00030000000000000073 	 Training loss: 0.04628227949142456
[2024-12-16 01:56:01,742] INFO: Iter 5800 Summary: 
[2024-12-16 01:56:01,742] INFO: 	 lr: 0.00030000000000000073 	 Training loss: 0.04619780771434307
[2024-12-16 01:56:08,272] INFO: Iter 5900 Summary: 
[2024-12-16 01:56:08,272] INFO: 	 lr: 0.00030000000000000073 	 Training loss: 0.046557549349963666
[2024-12-16 01:56:14,533] INFO: Iter 6000 Summary: 
[2024-12-16 01:56:14,533] INFO: 	 lr: 0.00030000000000000073 	 Training loss: 0.04643905758857727
[2024-12-16 01:56:21,057] INFO: Iter 6100 Summary: 
[2024-12-16 01:56:21,057] INFO: 	 lr: 0.00030000000000000073 	 Training loss: 0.04613373700529337
[2024-12-16 01:56:28,812] INFO: Iter 6200 Summary: 
[2024-12-16 01:56:28,812] INFO: 	 lr: 0.00030000000000000073 	 Training loss: 0.04612582229077816
[2024-12-16 01:56:34,077] INFO: Iter 6300 Summary: 
[2024-12-16 01:56:34,077] INFO: 	 lr: 0.00030000000000000073 	 Training loss: 0.04588845826685429
[2024-12-16 01:56:40,054] INFO: Iter 6400 Summary: 
[2024-12-16 01:56:40,055] INFO: 	 lr: 0.00030000000000000073 	 Training loss: 0.046222483925521377
[2024-12-16 01:56:46,595] INFO: Iter 6500 Summary: 
[2024-12-16 01:56:46,595] INFO: 	 lr: 0.00030000000000000073 	 Training loss: 0.04550330623984337
[2024-12-16 01:56:53,137] INFO: Iter 6600 Summary: 
[2024-12-16 01:56:53,138] INFO: 	 lr: 0.00030000000000000073 	 Training loss: 0.04530746683478355
[2024-12-16 01:56:59,660] INFO: Iter 6700 Summary: 
[2024-12-16 01:56:59,660] INFO: 	 lr: 0.00030000000000000073 	 Training loss: 0.045805346593260764
[2024-12-16 01:57:06,192] INFO: Iter 6800 Summary: 
[2024-12-16 01:57:06,192] INFO: 	 lr: 0.00030000000000000073 	 Training loss: 0.046028078645467756
[2024-12-16 01:57:14,175] INFO: Iter 6900 Summary: 
[2024-12-16 01:57:14,176] INFO: 	 lr: 0.00030000000000000073 	 Training loss: 0.04546241875737905
[2024-12-16 01:57:20,741] INFO: Iter 7000 Summary: 
[2024-12-16 01:57:20,741] INFO: 	 lr: 0.00030000000000000073 	 Training loss: 0.04597103051841259
[2024-12-16 01:57:27,213] INFO: Iter 7100 Summary: 
[2024-12-16 01:57:27,213] INFO: 	 lr: 0.00030000000000000073 	 Training loss: 0.04544552776962519
[2024-12-16 01:57:33,962] INFO: Iter 7200 Summary: 
[2024-12-16 01:57:33,962] INFO: 	 lr: 0.00030000000000000073 	 Training loss: 0.04536741714924574
[2024-12-16 01:57:40,725] INFO: Iter 7300 Summary: 
[2024-12-16 01:57:40,725] INFO: 	 lr: 0.00030000000000000073 	 Training loss: 0.045355213433504106
[2024-12-16 01:57:47,263] INFO: Iter 7400 Summary: 
[2024-12-16 01:57:47,263] INFO: 	 lr: 0.00030000000000000073 	 Training loss: 0.045096921138465404
[2024-12-16 01:57:53,796] INFO: Iter 7500 Summary: 
[2024-12-16 01:57:53,796] INFO: 	 lr: 0.00030000000000000073 	 Training loss: 0.04507197044789791
[2024-12-16 01:58:01,325] INFO: Iter 7600 Summary: 
[2024-12-16 01:58:01,325] INFO: 	 lr: 0.00030000000000000073 	 Training loss: 0.045102250836789606
[2024-12-16 01:58:08,065] INFO: Iter 7700 Summary: 
[2024-12-16 01:58:08,065] INFO: 	 lr: 0.00030000000000000073 	 Training loss: 0.04523315235972405
[2024-12-16 01:58:14,605] INFO: Iter 7800 Summary: 
[2024-12-16 01:58:14,605] INFO: 	 lr: 0.00030000000000000073 	 Training loss: 0.04497723001986742
[2024-12-16 01:58:21,125] INFO: Iter 7900 Summary: 
[2024-12-16 01:58:21,125] INFO: 	 lr: 0.00030000000000000073 	 Training loss: 0.04504442136734724
[2024-12-16 01:58:27,659] INFO: Iter 8000 Summary: 
[2024-12-16 01:58:27,659] INFO: 	 lr: 0.00030000000000000073 	 Training loss: 0.044649968780577184
[2024-12-16 01:58:34,184] INFO: Iter 8100 Summary: 
[2024-12-16 01:58:34,184] INFO: 	 lr: 0.00030000000000000073 	 Training loss: 0.044675550572574135
[2024-12-16 01:58:40,721] INFO: Iter 8200 Summary: 
[2024-12-16 01:58:40,722] INFO: 	 lr: 0.00030000000000000073 	 Training loss: 0.0447146800532937
[2024-12-16 01:58:48,480] INFO: Iter 8300 Summary: 
[2024-12-16 01:58:48,481] INFO: 	 lr: 0.00030000000000000073 	 Training loss: 0.0447529324144125
[2024-12-16 01:58:55,012] INFO: Iter 8400 Summary: 
[2024-12-16 01:58:55,013] INFO: 	 lr: 0.00030000000000000073 	 Training loss: 0.044781377501785756
[2024-12-16 01:59:01,551] INFO: Iter 8500 Summary: 
[2024-12-16 01:59:01,551] INFO: 	 lr: 0.00030000000000000073 	 Training loss: 0.04463572163134813
[2024-12-16 01:59:08,031] INFO: Iter 8600 Summary: 
[2024-12-16 01:59:08,031] INFO: 	 lr: 0.00030000000000000073 	 Training loss: 0.044491934329271315
[2024-12-16 01:59:14,475] INFO: Iter 8700 Summary: 
[2024-12-16 01:59:14,476] INFO: 	 lr: 0.00030000000000000073 	 Training loss: 0.04462489292025566
[2024-12-16 01:59:20,889] INFO: Iter 8800 Summary: 
[2024-12-16 01:59:20,889] INFO: 	 lr: 0.00030000000000000073 	 Training loss: 0.04413027413189411
[2024-12-16 01:59:27,067] INFO: Iter 8900 Summary: 
[2024-12-16 01:59:27,067] INFO: 	 lr: 0.00030000000000000073 	 Training loss: 0.04422555167227984
[2024-12-16 01:59:34,905] INFO: Iter 9000 Summary: 
[2024-12-16 01:59:34,906] INFO: 	 lr: 0.00030000000000000073 	 Training loss: 0.04424592185765505
[2024-12-16 01:59:41,469] INFO: Iter 9100 Summary: 
[2024-12-16 01:59:41,469] INFO: 	 lr: 0.00030000000000000073 	 Training loss: 0.043993812017142774
[2024-12-16 01:59:48,022] INFO: Iter 9200 Summary: 
[2024-12-16 01:59:48,022] INFO: 	 lr: 0.00030000000000000073 	 Training loss: 0.04392686225473881
[2024-12-16 01:59:54,598] INFO: Iter 9300 Summary: 
[2024-12-16 01:59:54,598] INFO: 	 lr: 0.00030000000000000073 	 Training loss: 0.04388863503932953
[2024-12-16 02:00:01,141] INFO: Iter 9400 Summary: 
[2024-12-16 02:00:01,141] INFO: 	 lr: 0.00030000000000000073 	 Training loss: 0.044012261517345906
[2024-12-16 02:00:07,686] INFO: Iter 9500 Summary: 
[2024-12-16 02:00:07,686] INFO: 	 lr: 0.00030000000000000073 	 Training loss: 0.044009961299598215
[2024-12-16 02:00:14,226] INFO: Iter 9600 Summary: 
[2024-12-16 02:00:14,226] INFO: 	 lr: 0.00030000000000000073 	 Training loss: 0.0439936276525259
[2024-12-16 02:00:22,025] INFO: Iter 9700 Summary: 
[2024-12-16 02:00:22,025] INFO: 	 lr: 0.00030000000000000073 	 Training loss: 0.0438217981159687
[2024-12-16 02:00:28,575] INFO: Iter 9800 Summary: 
[2024-12-16 02:00:28,575] INFO: 	 lr: 0.00030000000000000073 	 Training loss: 0.04395146235823631
[2024-12-16 02:00:35,128] INFO: Iter 9900 Summary: 
[2024-12-16 02:00:35,128] INFO: 	 lr: 0.00030000000000000073 	 Training loss: 0.04397648949176073
[2024-12-16 02:00:41,685] INFO: Iter 10000 Summary: 
[2024-12-16 02:00:41,685] INFO: 	 lr: 0.00030000000000000073 	 Training loss: 0.044046764448285106
[2024-12-16 02:00:51,110] INFO: Iter 10100 Summary: 
[2024-12-16 02:00:51,110] INFO: 	 lr: 0.00030000000000000073 	 Training loss: 0.04377088204026222
[2024-12-16 02:00:57,646] INFO: Iter 10200 Summary: 
[2024-12-16 02:00:57,646] INFO: 	 lr: 0.00030000000000000073 	 Training loss: 0.04327093932777643
[2024-12-16 02:01:04,175] INFO: Iter 10300 Summary: 
[2024-12-16 02:01:04,175] INFO: 	 lr: 0.00030000000000000073 	 Training loss: 0.043652977272868154
[2024-12-16 02:01:11,807] INFO: Iter 10400 Summary: 
[2024-12-16 02:01:11,808] INFO: 	 lr: 0.00030000000000000073 	 Training loss: 0.043510721176862714
[2024-12-16 02:01:18,359] INFO: Iter 10500 Summary: 
[2024-12-16 02:01:18,359] INFO: 	 lr: 0.00030000000000000073 	 Training loss: 0.043642439730465415
[2024-12-16 02:01:24,914] INFO: Iter 10600 Summary: 
[2024-12-16 02:01:24,914] INFO: 	 lr: 0.00030000000000000073 	 Training loss: 0.04358342457562685
[2024-12-16 02:01:31,458] INFO: Iter 10700 Summary: 
[2024-12-16 02:01:31,458] INFO: 	 lr: 0.00030000000000000073 	 Training loss: 0.043305248580873014
[2024-12-16 02:01:37,996] INFO: Iter 10800 Summary: 
[2024-12-16 02:01:37,996] INFO: 	 lr: 0.00030000000000000073 	 Training loss: 0.04302590101957321
[2024-12-16 02:01:44,525] INFO: Iter 10900 Summary: 
[2024-12-16 02:01:44,526] INFO: 	 lr: 0.00030000000000000073 	 Training loss: 0.043574471548199656
[2024-12-16 02:01:51,086] INFO: Iter 11000 Summary: 
[2024-12-16 02:01:51,086] INFO: 	 lr: 0.00030000000000000073 	 Training loss: 0.04352032318711281
[2024-12-16 02:01:58,924] INFO: Iter 11100 Summary: 
[2024-12-16 02:01:58,924] INFO: 	 lr: 0.00030000000000000073 	 Training loss: 0.0432555978000164
[2024-12-16 02:02:05,473] INFO: Iter 11200 Summary: 
[2024-12-16 02:02:05,473] INFO: 	 lr: 0.00030000000000000073 	 Training loss: 0.04316746391355991
[2024-12-16 02:02:12,006] INFO: Iter 11300 Summary: 
[2024-12-16 02:02:12,006] INFO: 	 lr: 0.00030000000000000073 	 Training loss: 0.04316033355891705
[2024-12-16 02:02:18,535] INFO: Iter 11400 Summary: 
[2024-12-16 02:02:18,535] INFO: 	 lr: 0.00030000000000000073 	 Training loss: 0.043224496506154536
[2024-12-16 02:02:25,053] INFO: Iter 11500 Summary: 
[2024-12-16 02:02:25,054] INFO: 	 lr: 0.00030000000000000073 	 Training loss: 0.04323315192013979
[2024-12-16 02:02:31,591] INFO: Iter 11600 Summary: 
[2024-12-16 02:02:31,591] INFO: 	 lr: 0.00030000000000000073 	 Training loss: 0.04296461209654808
[2024-12-16 02:02:39,220] INFO: Iter 11700 Summary: 
[2024-12-16 02:02:39,221] INFO: 	 lr: 0.00030000000000000073 	 Training loss: 0.043114616535604
[2024-12-16 02:02:45,822] INFO: Iter 11800 Summary: 
[2024-12-16 02:02:45,823] INFO: 	 lr: 0.00030000000000000073 	 Training loss: 0.04315705105662346
[2024-12-16 02:02:52,360] INFO: Iter 11900 Summary: 
[2024-12-16 02:02:52,360] INFO: 	 lr: 0.00030000000000000073 	 Training loss: 0.04279701359570026
[2024-12-16 02:02:58,891] INFO: Iter 12000 Summary: 
[2024-12-16 02:02:58,891] INFO: 	 lr: 0.00030000000000000073 	 Training loss: 0.04329454381018877
[2024-12-16 02:03:05,415] INFO: Iter 12100 Summary: 
[2024-12-16 02:03:05,415] INFO: 	 lr: 0.00030000000000000073 	 Training loss: 0.04274421483278275
[2024-12-16 02:03:11,953] INFO: Iter 12200 Summary: 
[2024-12-16 02:03:11,953] INFO: 	 lr: 0.00030000000000000073 	 Training loss: 0.0427002726867795
[2024-12-16 02:03:18,491] INFO: Iter 12300 Summary: 
[2024-12-16 02:03:18,491] INFO: 	 lr: 0.00030000000000000073 	 Training loss: 0.04259387698024511
[2024-12-16 02:03:26,192] INFO: Iter 12400 Summary: 
[2024-12-16 02:03:26,192] INFO: 	 lr: 0.00030000000000000073 	 Training loss: 0.04292454320937395
[2024-12-16 02:03:32,753] INFO: Iter 12500 Summary: 
[2024-12-16 02:03:32,753] INFO: 	 lr: 0.00030000000000000073 	 Training loss: 0.04278629519045353
[2024-12-16 02:03:39,308] INFO: Iter 12600 Summary: 
[2024-12-16 02:03:39,308] INFO: 	 lr: 0.00030000000000000073 	 Training loss: 0.04270908508449793
[2024-12-16 02:03:45,835] INFO: Iter 12700 Summary: 
[2024-12-16 02:03:45,835] INFO: 	 lr: 0.00030000000000000073 	 Training loss: 0.04268145728856325
[2024-12-16 02:03:52,314] INFO: Iter 12800 Summary: 
[2024-12-16 02:03:52,314] INFO: 	 lr: 0.00030000000000000073 	 Training loss: 0.0430815589055419
[2024-12-16 02:03:58,839] INFO: Iter 12900 Summary: 
[2024-12-16 02:03:58,839] INFO: 	 lr: 0.00030000000000000073 	 Training loss: 0.042759518437087536
[2024-12-16 02:04:05,371] INFO: Iter 13000 Summary: 
[2024-12-16 02:04:05,371] INFO: 	 lr: 0.00030000000000000073 	 Training loss: 0.042875224500894545
[2024-12-16 02:04:13,056] INFO: Iter 13100 Summary: 
[2024-12-16 02:04:13,056] INFO: 	 lr: 0.00030000000000000073 	 Training loss: 0.042367140538990496
[2024-12-16 02:04:19,585] INFO: Iter 13200 Summary: 
[2024-12-16 02:04:19,586] INFO: 	 lr: 0.00030000000000000073 	 Training loss: 0.042547071799635884
[2024-12-16 02:04:26,104] INFO: Iter 13300 Summary: 
[2024-12-16 02:04:26,104] INFO: 	 lr: 0.00030000000000000073 	 Training loss: 0.0426478822529316
[2024-12-16 02:04:32,618] INFO: Iter 13400 Summary: 
[2024-12-16 02:04:32,618] INFO: 	 lr: 0.00030000000000000073 	 Training loss: 0.042633558958768844
[2024-12-16 02:04:39,142] INFO: Iter 13500 Summary: 
[2024-12-16 02:04:39,142] INFO: 	 lr: 0.00030000000000000073 	 Training loss: 0.042439746409654616
[2024-12-16 02:04:45,586] INFO: Iter 13600 Summary: 
[2024-12-16 02:04:45,586] INFO: 	 lr: 0.00030000000000000073 	 Training loss: 0.04231135442852974
[2024-12-16 02:04:51,892] INFO: Iter 13700 Summary: 
[2024-12-16 02:04:51,892] INFO: 	 lr: 0.00030000000000000073 	 Training loss: 0.042647721618413924
[2024-12-16 02:04:59,652] INFO: Iter 13800 Summary: 
[2024-12-16 02:04:59,652] INFO: 	 lr: 0.00030000000000000073 	 Training loss: 0.04240699619054794
[2024-12-16 02:05:06,198] INFO: Iter 13900 Summary: 
[2024-12-16 02:05:06,198] INFO: 	 lr: 0.00030000000000000073 	 Training loss: 0.04204685050994158
[2024-12-16 02:05:12,797] INFO: Iter 14000 Summary: 
[2024-12-16 02:05:12,797] INFO: 	 lr: 0.00030000000000000073 	 Training loss: 0.0424871439114213
[2024-12-16 02:05:19,319] INFO: Iter 14100 Summary: 
[2024-12-16 02:05:19,319] INFO: 	 lr: 0.00030000000000000073 	 Training loss: 0.042334811948239806
[2024-12-16 02:05:25,707] INFO: Iter 14200 Summary: 
[2024-12-16 02:05:25,707] INFO: 	 lr: 0.00030000000000000073 	 Training loss: 0.042392334938049316
[2024-12-16 02:05:32,206] INFO: Iter 14300 Summary: 
[2024-12-16 02:05:32,206] INFO: 	 lr: 0.00030000000000000073 	 Training loss: 0.042219590097665786
[2024-12-16 02:05:38,716] INFO: Iter 14400 Summary: 
[2024-12-16 02:05:38,717] INFO: 	 lr: 0.00030000000000000073 	 Training loss: 0.04239640701562166
[2024-12-16 02:05:46,482] INFO: Iter 14500 Summary: 
[2024-12-16 02:05:46,482] INFO: 	 lr: 0.00030000000000000073 	 Training loss: 0.04222153600305319
[2024-12-16 02:05:52,942] INFO: Iter 14600 Summary: 
[2024-12-16 02:05:52,942] INFO: 	 lr: 0.00030000000000000073 	 Training loss: 0.041922664046287535
[2024-12-16 02:05:59,453] INFO: Iter 14700 Summary: 
[2024-12-16 02:05:59,453] INFO: 	 lr: 0.00030000000000000073 	 Training loss: 0.04242333274334669
[2024-12-16 02:06:05,997] INFO: Iter 14800 Summary: 
[2024-12-16 02:06:05,997] INFO: 	 lr: 0.00030000000000000073 	 Training loss: 0.042055048868060114
[2024-12-16 02:06:13,095] INFO: Iter 14900 Summary: 
[2024-12-16 02:06:13,095] INFO: 	 lr: 0.00030000000000000073 	 Training loss: 0.041920094043016436
[2024-12-16 02:06:20,309] INFO: Iter 15000 Summary: 
[2024-12-16 02:06:20,309] INFO: 	 lr: 0.00030000000000000073 	 Training loss: 0.042041210792958736
[2024-12-16 02:06:28,984] INFO: Iter 15100 Summary: 
[2024-12-16 02:06:28,985] INFO: 	 lr: 0.00030000000000000073 	 Training loss: 0.04220600470900535
[2024-12-16 02:06:36,512] INFO: Iter 15200 Summary: 
[2024-12-16 02:06:36,513] INFO: 	 lr: 0.00030000000000000073 	 Training loss: 0.04217597704380751
[2024-12-16 02:06:43,072] INFO: Iter 15300 Summary: 
[2024-12-16 02:06:43,072] INFO: 	 lr: 0.00030000000000000073 	 Training loss: 0.04190936733037234
[2024-12-16 02:06:49,619] INFO: Iter 15400 Summary: 
[2024-12-16 02:06:49,619] INFO: 	 lr: 0.00030000000000000073 	 Training loss: 0.042304714322090146
[2024-12-16 02:06:56,179] INFO: Iter 15500 Summary: 
[2024-12-16 02:06:56,179] INFO: 	 lr: 0.00030000000000000073 	 Training loss: 0.041813654452562334
[2024-12-16 02:07:02,727] INFO: Iter 15600 Summary: 
[2024-12-16 02:07:02,727] INFO: 	 lr: 0.00030000000000000073 	 Training loss: 0.0419250850006938
[2024-12-16 02:07:09,260] INFO: Iter 15700 Summary: 
[2024-12-16 02:07:09,260] INFO: 	 lr: 0.00030000000000000073 	 Training loss: 0.04202057838439941
[2024-12-16 02:07:15,789] INFO: Iter 15800 Summary: 
[2024-12-16 02:07:15,789] INFO: 	 lr: 0.00030000000000000073 	 Training loss: 0.04187043555080891
[2024-12-16 02:07:23,505] INFO: Iter 15900 Summary: 
[2024-12-16 02:07:23,506] INFO: 	 lr: 0.00030000000000000073 	 Training loss: 0.04195055384188891
[2024-12-16 02:07:30,056] INFO: Iter 16000 Summary: 
[2024-12-16 02:07:30,056] INFO: 	 lr: 0.00030000000000000073 	 Training loss: 0.04204773373901844
[2024-12-16 02:07:36,575] INFO: Iter 16100 Summary: 
[2024-12-16 02:07:36,575] INFO: 	 lr: 0.00030000000000000073 	 Training loss: 0.04206478506326675
[2024-12-16 02:07:43,111] INFO: Iter 16200 Summary: 
[2024-12-16 02:07:43,111] INFO: 	 lr: 0.00030000000000000073 	 Training loss: 0.041711999736726284
[2024-12-16 02:07:49,655] INFO: Iter 16300 Summary: 
[2024-12-16 02:07:49,655] INFO: 	 lr: 0.00030000000000000073 	 Training loss: 0.0419543869048357
[2024-12-16 02:07:56,182] INFO: Iter 16400 Summary: 
[2024-12-16 02:07:56,182] INFO: 	 lr: 0.00030000000000000073 	 Training loss: 0.04178391125053167
[2024-12-16 02:08:02,713] INFO: Iter 16500 Summary: 
[2024-12-16 02:08:02,713] INFO: 	 lr: 0.00030000000000000073 	 Training loss: 0.04194423962384462
[2024-12-16 02:10:42,851] INFO: Iter 16600 Summary: 
[2024-12-16 02:10:42,852] INFO: 	 lr: 0.00030000000000000073 	 Training loss: 0.04169813297688961
[2024-12-16 02:10:49,249] INFO: Iter 16700 Summary: 
[2024-12-16 02:10:49,249] INFO: 	 lr: 0.00030000000000000073 	 Training loss: 0.041843775883316996
[2024-12-16 02:10:55,416] INFO: Iter 16800 Summary: 
[2024-12-16 02:10:55,416] INFO: 	 lr: 0.00030000000000000073 	 Training loss: 0.04188448019325733
[2024-12-16 02:11:01,731] INFO: Iter 16900 Summary: 
[2024-12-16 02:11:01,731] INFO: 	 lr: 0.00030000000000000073 	 Training loss: 0.04190063957124948
[2024-12-16 02:11:08,322] INFO: Iter 17000 Summary: 
[2024-12-16 02:11:08,323] INFO: 	 lr: 0.00030000000000000073 	 Training loss: 0.04158774353563786
[2024-12-16 02:11:14,775] INFO: Iter 17100 Summary: 
[2024-12-16 02:11:14,775] INFO: 	 lr: 0.00030000000000000073 	 Training loss: 0.04188436813652516
[2024-12-16 02:11:21,224] INFO: Iter 17200 Summary: 
[2024-12-16 02:11:21,224] INFO: 	 lr: 0.00030000000000000073 	 Training loss: 0.04174161590635776
[2024-12-16 02:11:28,970] INFO: Iter 17300 Summary: 
[2024-12-16 02:11:28,971] INFO: 	 lr: 0.00030000000000000073 	 Training loss: 0.041536008529365065
[2024-12-16 02:11:35,507] INFO: Iter 17400 Summary: 
[2024-12-16 02:11:35,507] INFO: 	 lr: 0.00030000000000000073 	 Training loss: 0.041612251959741116
[2024-12-16 02:11:41,762] INFO: Iter 17500 Summary: 
[2024-12-16 02:11:41,762] INFO: 	 lr: 0.00030000000000000073 	 Training loss: 0.041873560324311256
[2024-12-16 02:11:47,353] INFO: Iter 17600 Summary: 
[2024-12-16 02:11:47,353] INFO: 	 lr: 0.00030000000000000073 	 Training loss: 0.04143356315791607
[2024-12-16 02:11:53,904] INFO: Iter 17700 Summary: 
[2024-12-16 02:11:53,904] INFO: 	 lr: 0.00030000000000000073 	 Training loss: 0.04163730662316084
[2024-12-16 02:12:00,407] INFO: Iter 17800 Summary: 
[2024-12-16 02:12:00,407] INFO: 	 lr: 0.00030000000000000073 	 Training loss: 0.04176158264279366
[2024-12-16 02:26:50,803] INFO: Iter 17900 Summary: 
[2024-12-16 02:26:50,803] INFO: 	 lr: 0.00030000000000000073 	 Training loss: 0.04164968878030777
[2024-12-16 02:26:57,041] INFO: Iter 18000 Summary: 
[2024-12-16 02:26:57,041] INFO: 	 lr: 0.00030000000000000073 	 Training loss: 0.041794399283826354
[2024-12-16 02:27:03,594] INFO: Iter 18100 Summary: 
[2024-12-16 02:27:03,594] INFO: 	 lr: 0.00030000000000000073 	 Training loss: 0.04143620945513248
[2024-12-16 02:27:10,123] INFO: Iter 18200 Summary: 
[2024-12-16 02:27:10,123] INFO: 	 lr: 0.00030000000000000073 	 Training loss: 0.041431003659963606
[2024-12-16 02:27:16,610] INFO: Iter 18300 Summary: 
[2024-12-16 02:27:16,610] INFO: 	 lr: 0.00030000000000000073 	 Training loss: 0.04155537817627192
[2024-12-16 02:27:22,876] INFO: Iter 18400 Summary: 
[2024-12-16 02:27:22,876] INFO: 	 lr: 0.00030000000000000073 	 Training loss: 0.04152959804981947
[2024-12-16 02:27:29,341] INFO: Iter 18500 Summary: 
[2024-12-16 02:27:29,342] INFO: 	 lr: 0.00030000000000000073 	 Training loss: 0.041483165547251705
[2024-12-16 02:27:37,055] INFO: Iter 18600 Summary: 
[2024-12-16 02:27:37,055] INFO: 	 lr: 0.00030000000000000073 	 Training loss: 0.04157677613198757
[2024-12-16 02:27:43,459] INFO: Iter 18700 Summary: 
[2024-12-16 02:27:43,459] INFO: 	 lr: 0.00030000000000000073 	 Training loss: 0.04159131769090891
[2024-12-16 02:27:49,728] INFO: Iter 18800 Summary: 
[2024-12-16 02:27:49,728] INFO: 	 lr: 0.00030000000000000073 	 Training loss: 0.041185657754540445
[2024-12-16 02:27:56,215] INFO: Iter 18900 Summary: 
[2024-12-16 02:27:56,215] INFO: 	 lr: 0.00030000000000000073 	 Training loss: 0.041319522485136984
[2024-12-16 02:28:02,765] INFO: Iter 19000 Summary: 
[2024-12-16 02:28:02,765] INFO: 	 lr: 0.00030000000000000073 	 Training loss: 0.041421423591673376
[2024-12-16 02:28:09,298] INFO: Iter 19100 Summary: 
[2024-12-16 02:28:09,298] INFO: 	 lr: 0.00030000000000000073 	 Training loss: 0.04168716195970774
[2024-12-16 02:28:15,829] INFO: Iter 19200 Summary: 
[2024-12-16 02:28:15,829] INFO: 	 lr: 0.00030000000000000073 	 Training loss: 0.04117974687367678
[2024-12-16 02:28:23,719] INFO: Iter 19300 Summary: 
[2024-12-16 02:28:23,720] INFO: 	 lr: 0.00030000000000000073 	 Training loss: 0.041341362819075585
[2024-12-16 02:28:29,805] INFO: Iter 19400 Summary: 
[2024-12-16 02:28:29,805] INFO: 	 lr: 0.00030000000000000073 	 Training loss: 0.04136333763599396
[2024-12-16 02:28:36,240] INFO: Iter 19500 Summary: 
[2024-12-16 02:28:36,240] INFO: 	 lr: 0.00030000000000000073 	 Training loss: 0.04112694039940834
[2024-12-16 02:28:42,269] INFO: Iter 19600 Summary: 
[2024-12-16 02:28:42,269] INFO: 	 lr: 0.00030000000000000073 	 Training loss: 0.04185768414288759
[2024-12-16 02:28:48,791] INFO: Iter 19700 Summary: 
[2024-12-16 02:28:48,791] INFO: 	 lr: 0.00030000000000000073 	 Training loss: 0.040930344499647615
[2024-12-16 02:28:54,045] INFO: Iter 19800 Summary: 
[2024-12-16 02:28:54,045] INFO: 	 lr: 0.00030000000000000073 	 Training loss: 0.041464203596115114
[2024-12-16 02:28:59,718] INFO: Iter 19900 Summary: 
[2024-12-16 02:28:59,719] INFO: 	 lr: 0.00030000000000000073 	 Training loss: 0.04098724871873856
[2024-12-16 02:29:07,855] INFO: Iter 20000 Summary: 
[2024-12-16 02:29:07,855] INFO: 	 lr: 0.00030000000000000073 	 Training loss: 0.04125856213271618
[2024-12-16 02:29:16,924] INFO: Iter 20100 Summary: 
[2024-12-16 02:29:16,925] INFO: 	 lr: 0.00030000000000000073 	 Training loss: 0.040992539040744305
[2024-12-16 02:29:23,444] INFO: Iter 20200 Summary: 
[2024-12-16 02:29:23,444] INFO: 	 lr: 0.00030000000000000073 	 Training loss: 0.04106653168797493
[2024-12-16 02:29:29,969] INFO: Iter 20300 Summary: 
[2024-12-16 02:29:29,969] INFO: 	 lr: 0.00030000000000000073 	 Training loss: 0.040969431847333905
[2024-12-16 02:29:36,418] INFO: Iter 20400 Summary: 
[2024-12-16 02:29:36,418] INFO: 	 lr: 0.00030000000000000073 	 Training loss: 0.04119923539459705
[2024-12-16 02:29:42,546] INFO: Iter 20500 Summary: 
[2024-12-16 02:29:42,546] INFO: 	 lr: 0.00030000000000000073 	 Training loss: 0.04134252779185772
[2024-12-16 02:29:49,122] INFO: Iter 20600 Summary: 
[2024-12-16 02:29:49,122] INFO: 	 lr: 0.00030000000000000073 	 Training loss: 0.04157816872000694
[2024-12-16 02:29:57,159] INFO: Iter 20700 Summary: 
[2024-12-16 02:29:57,160] INFO: 	 lr: 0.00030000000000000073 	 Training loss: 0.04116525914520025
[2024-12-16 02:30:03,819] INFO: Iter 20800 Summary: 
[2024-12-16 02:30:03,819] INFO: 	 lr: 0.00030000000000000073 	 Training loss: 0.04107857577502728
[2024-12-16 02:30:10,136] INFO: Iter 20900 Summary: 
[2024-12-16 02:30:10,136] INFO: 	 lr: 0.00030000000000000073 	 Training loss: 0.04111930470913649
[2024-12-16 02:30:16,667] INFO: Iter 21000 Summary: 
[2024-12-16 02:30:16,667] INFO: 	 lr: 0.00030000000000000073 	 Training loss: 0.04131352685391903
[2024-12-16 02:30:23,192] INFO: Iter 21100 Summary: 
[2024-12-16 02:30:23,192] INFO: 	 lr: 0.00030000000000000073 	 Training loss: 0.041144986636936665
[2024-12-16 02:30:29,672] INFO: Iter 21200 Summary: 
[2024-12-16 02:30:29,672] INFO: 	 lr: 0.00030000000000000073 	 Training loss: 0.041321836672723294
[2024-12-16 02:30:36,208] INFO: Iter 21300 Summary: 
[2024-12-16 02:30:36,208] INFO: 	 lr: 0.00030000000000000073 	 Training loss: 0.041133708842098715
[2024-12-16 03:02:53,392] INFO: Iter 21400 Summary: 
[2024-12-16 03:02:53,393] INFO: 	 lr: 0.00030000000000000073 	 Training loss: 0.040956705585122107
[2024-12-16 03:03:00,015] INFO: Iter 21500 Summary: 
[2024-12-16 03:03:00,016] INFO: 	 lr: 0.00030000000000000073 	 Training loss: 0.04104645919054747
[2024-12-16 03:03:06,574] INFO: Iter 21600 Summary: 
[2024-12-16 03:03:06,574] INFO: 	 lr: 0.00030000000000000073 	 Training loss: 0.041147604063153265
[2024-12-16 03:03:13,100] INFO: Iter 21700 Summary: 
[2024-12-16 03:03:13,100] INFO: 	 lr: 0.00030000000000000073 	 Training loss: 0.04106856901198626
[2024-12-16 03:03:19,642] INFO: Iter 21800 Summary: 
[2024-12-16 03:03:19,642] INFO: 	 lr: 0.00030000000000000073 	 Training loss: 0.04095794852823019
[2024-12-16 03:03:26,197] INFO: Iter 21900 Summary: 
[2024-12-16 03:03:26,197] INFO: 	 lr: 0.00030000000000000073 	 Training loss: 0.0414785248413682
[2024-12-16 03:03:32,767] INFO: Iter 22000 Summary: 
[2024-12-16 03:03:32,767] INFO: 	 lr: 0.00030000000000000073 	 Training loss: 0.04118529733270407
[2024-12-16 03:03:40,454] INFO: Iter 22100 Summary: 
[2024-12-16 03:03:40,455] INFO: 	 lr: 0.00030000000000000073 	 Training loss: 0.04075674347579479
[2024-12-16 03:03:46,936] INFO: Iter 22200 Summary: 
[2024-12-16 03:03:46,936] INFO: 	 lr: 0.00030000000000000073 	 Training loss: 0.04081264764070511
[2024-12-16 03:03:53,516] INFO: Iter 22300 Summary: 
[2024-12-16 03:03:53,517] INFO: 	 lr: 0.00030000000000000073 	 Training loss: 0.041021959222853184
[2024-12-16 03:04:00,062] INFO: Iter 22400 Summary: 
[2024-12-16 03:04:00,062] INFO: 	 lr: 0.00030000000000000073 	 Training loss: 0.04109226442873478
[2024-12-16 03:04:05,683] INFO: Iter 22500 Summary: 
[2024-12-16 03:04:05,683] INFO: 	 lr: 0.00030000000000000073 	 Training loss: 0.040793095603585246
[2024-12-16 03:04:11,756] INFO: Iter 22600 Summary: 
[2024-12-16 03:04:11,756] INFO: 	 lr: 0.00030000000000000073 	 Training loss: 0.041095972657203675
[2024-12-16 03:04:18,461] INFO: Iter 22700 Summary: 
[2024-12-16 03:04:18,461] INFO: 	 lr: 0.00030000000000000073 	 Training loss: 0.04123844273388386
[2024-12-16 03:04:26,048] INFO: Iter 22800 Summary: 
[2024-12-16 03:04:26,048] INFO: 	 lr: 0.00030000000000000073 	 Training loss: 0.04107958171516657
[2024-12-16 03:04:32,471] INFO: Iter 22900 Summary: 
[2024-12-16 03:04:32,471] INFO: 	 lr: 0.00030000000000000073 	 Training loss: 0.041230704560875894
[2024-12-16 03:04:38,878] INFO: Iter 23000 Summary: 
[2024-12-16 03:04:38,878] INFO: 	 lr: 0.00030000000000000073 	 Training loss: 0.0408250929787755
[2024-12-16 03:04:45,414] INFO: Iter 23100 Summary: 
[2024-12-16 03:04:45,414] INFO: 	 lr: 0.00030000000000000073 	 Training loss: 0.04083973068743944
[2024-12-16 03:04:51,961] INFO: Iter 23200 Summary: 
[2024-12-16 03:04:51,961] INFO: 	 lr: 0.00030000000000000073 	 Training loss: 0.04065940923988819
[2024-12-16 03:04:58,518] INFO: Iter 23300 Summary: 
[2024-12-16 03:04:58,518] INFO: 	 lr: 0.00030000000000000073 	 Training loss: 0.04084231425076723
[2024-12-16 03:05:06,122] INFO: Iter 23400 Summary: 
[2024-12-16 03:05:06,122] INFO: 	 lr: 0.00030000000000000073 	 Training loss: 0.040687761567533016
[2024-12-16 03:05:12,693] INFO: Iter 23500 Summary: 
[2024-12-16 03:05:12,694] INFO: 	 lr: 0.00030000000000000073 	 Training loss: 0.04076204378157854
[2024-12-16 03:05:19,230] INFO: Iter 23600 Summary: 
[2024-12-16 03:05:19,230] INFO: 	 lr: 0.00030000000000000073 	 Training loss: 0.040845047198235986
[2024-12-16 03:05:25,824] INFO: Iter 23700 Summary: 
[2024-12-16 03:05:25,824] INFO: 	 lr: 0.00030000000000000073 	 Training loss: 0.04080152455717325
[2024-12-16 03:05:32,007] INFO: Iter 23800 Summary: 
[2024-12-16 03:05:32,007] INFO: 	 lr: 0.00030000000000000073 	 Training loss: 0.040850534923374655
[2024-12-16 03:05:38,591] INFO: Iter 23900 Summary: 
[2024-12-16 03:05:38,591] INFO: 	 lr: 0.00030000000000000073 	 Training loss: 0.040596565939486025
[2024-12-16 03:05:45,177] INFO: Iter 24000 Summary: 
[2024-12-16 03:05:45,177] INFO: 	 lr: 0.00030000000000000073 	 Training loss: 0.04098826188594103
[2024-12-16 03:05:52,914] INFO: Iter 24100 Summary: 
[2024-12-16 03:05:52,914] INFO: 	 lr: 0.00030000000000000073 	 Training loss: 0.04120779987424612
[2024-12-16 03:05:59,320] INFO: Iter 24200 Summary: 
[2024-12-16 03:05:59,321] INFO: 	 lr: 0.00030000000000000073 	 Training loss: 0.04072188634425402
[2024-12-16 03:06:05,506] INFO: Iter 24300 Summary: 
[2024-12-16 03:06:05,506] INFO: 	 lr: 0.00030000000000000073 	 Training loss: 0.04082872331142426
[2024-12-16 03:06:11,996] INFO: Iter 24400 Summary: 
[2024-12-16 03:06:11,996] INFO: 	 lr: 0.00030000000000000073 	 Training loss: 0.04075640447437763
[2024-12-16 03:06:18,342] INFO: Iter 24500 Summary: 
[2024-12-16 03:06:18,342] INFO: 	 lr: 0.00030000000000000073 	 Training loss: 0.040368536189198494
[2024-12-16 03:06:24,865] INFO: Iter 24600 Summary: 
[2024-12-16 03:06:24,865] INFO: 	 lr: 0.00030000000000000073 	 Training loss: 0.040894919149577616
[2024-12-16 03:06:31,412] INFO: Iter 24700 Summary: 
[2024-12-16 03:06:31,412] INFO: 	 lr: 0.00030000000000000073 	 Training loss: 0.040823430307209495
[2024-12-16 03:06:38,495] INFO: Iter 24800 Summary: 
[2024-12-16 03:06:38,496] INFO: 	 lr: 0.00030000000000000073 	 Training loss: 0.040512085482478144
[2024-12-16 03:06:45,079] INFO: Iter 24900 Summary: 
[2024-12-16 03:06:45,079] INFO: 	 lr: 0.00030000000000000073 	 Training loss: 0.04075880508869886
[2024-12-16 03:06:51,642] INFO: Iter 25000 Summary: 
[2024-12-16 03:06:51,642] INFO: 	 lr: 0.00030000000000000073 	 Training loss: 0.0406714428216219
[2024-12-16 03:07:00,896] INFO: Iter 25100 Summary: 
[2024-12-16 03:07:00,897] INFO: 	 lr: 0.00030000000000000073 	 Training loss: 0.04087566900998354
[2024-12-16 03:07:07,451] INFO: Iter 25200 Summary: 
[2024-12-16 03:07:07,451] INFO: 	 lr: 0.00030000000000000073 	 Training loss: 0.040667464695870875
[2024-12-16 03:07:13,976] INFO: Iter 25300 Summary: 
[2024-12-16 03:07:13,976] INFO: 	 lr: 0.00030000000000000073 	 Training loss: 0.040714597515761855
[2024-12-16 03:07:20,516] INFO: Iter 25400 Summary: 
[2024-12-16 03:07:20,517] INFO: 	 lr: 0.00030000000000000073 	 Training loss: 0.040914958380162715
[2024-12-16 03:07:28,399] INFO: Iter 25500 Summary: 
[2024-12-16 03:07:28,399] INFO: 	 lr: 0.00030000000000000073 	 Training loss: 0.04065983157604933
[2024-12-16 03:07:34,944] INFO: Iter 25600 Summary: 
[2024-12-16 03:07:34,944] INFO: 	 lr: 0.00030000000000000073 	 Training loss: 0.040634902864694594
[2024-12-16 03:07:41,495] INFO: Iter 25700 Summary: 
[2024-12-16 03:07:41,495] INFO: 	 lr: 0.00030000000000000073 	 Training loss: 0.04061427965760231
[2024-12-16 03:07:47,173] INFO: Iter 25800 Summary: 
[2024-12-16 03:07:47,173] INFO: 	 lr: 0.00030000000000000073 	 Training loss: 0.0408275256305933
[2024-12-16 03:07:53,531] INFO: Iter 25900 Summary: 
[2024-12-16 03:07:53,531] INFO: 	 lr: 0.00030000000000000073 	 Training loss: 0.04058181598782539
[2024-12-16 03:08:00,074] INFO: Iter 26000 Summary: 
[2024-12-16 03:08:00,074] INFO: 	 lr: 0.00030000000000000073 	 Training loss: 0.040599127411842344
[2024-12-16 03:08:06,617] INFO: Iter 26100 Summary: 
[2024-12-16 03:08:06,617] INFO: 	 lr: 0.00030000000000000073 	 Training loss: 0.04078398987650871
[2024-12-16 03:08:14,336] INFO: Iter 26200 Summary: 
[2024-12-16 03:08:14,337] INFO: 	 lr: 0.00030000000000000073 	 Training loss: 0.04063891801983118
[2024-12-16 03:08:20,867] INFO: Iter 26300 Summary: 
[2024-12-16 03:08:20,867] INFO: 	 lr: 0.00030000000000000073 	 Training loss: 0.04078732870519161
[2024-12-16 03:08:27,403] INFO: Iter 26400 Summary: 
[2024-12-16 03:08:27,403] INFO: 	 lr: 0.00030000000000000073 	 Training loss: 0.040967963337898254
[2024-12-16 03:08:33,947] INFO: Iter 26500 Summary: 
[2024-12-16 03:08:33,947] INFO: 	 lr: 0.00030000000000000073 	 Training loss: 0.04076273005455732
[2024-12-16 03:08:40,497] INFO: Iter 26600 Summary: 
[2024-12-16 03:08:40,498] INFO: 	 lr: 0.00030000000000000073 	 Training loss: 0.04103317830711603
[2024-12-16 03:08:47,048] INFO: Iter 26700 Summary: 
[2024-12-16 03:08:47,048] INFO: 	 lr: 0.00030000000000000073 	 Training loss: 0.04081007644534111
[2024-12-16 03:08:53,594] INFO: Iter 26800 Summary: 
[2024-12-16 03:08:53,594] INFO: 	 lr: 0.00030000000000000073 	 Training loss: 0.04044994488358498
[2024-12-16 03:09:01,264] INFO: Iter 26900 Summary: 
[2024-12-16 03:09:01,264] INFO: 	 lr: 0.00030000000000000073 	 Training loss: 0.040666561275720596
[2024-12-16 03:09:07,819] INFO: Iter 27000 Summary: 
[2024-12-16 03:09:07,819] INFO: 	 lr: 0.00030000000000000073 	 Training loss: 0.04088807556778193
[2024-12-16 03:09:14,646] INFO: Iter 27100 Summary: 
[2024-12-16 03:09:14,647] INFO: 	 lr: 0.00030000000000000073 	 Training loss: 0.04102383099496364
[2024-12-16 03:09:21,200] INFO: Iter 27200 Summary: 
[2024-12-16 03:09:21,201] INFO: 	 lr: 0.00030000000000000073 	 Training loss: 0.04022921070456505
[2024-12-16 03:09:27,741] INFO: Iter 27300 Summary: 
[2024-12-16 03:09:27,741] INFO: 	 lr: 0.00030000000000000073 	 Training loss: 0.0407122703269124
[2024-12-16 03:09:34,309] INFO: Iter 27400 Summary: 
[2024-12-16 03:09:34,309] INFO: 	 lr: 0.00030000000000000073 	 Training loss: 0.040485298372805116
[2024-12-16 03:09:40,870] INFO: Iter 27500 Summary: 
[2024-12-16 03:09:40,870] INFO: 	 lr: 0.00030000000000000073 	 Training loss: 0.04031087502837181
[2024-12-16 03:09:48,804] INFO: Iter 27600 Summary: 
[2024-12-16 03:09:48,804] INFO: 	 lr: 0.00030000000000000073 	 Training loss: 0.04035870857536793
[2024-12-16 03:09:55,386] INFO: Iter 27700 Summary: 
[2024-12-16 03:09:55,386] INFO: 	 lr: 0.00030000000000000073 	 Training loss: 0.040430497974157334
[2024-12-16 03:10:01,689] INFO: Iter 27800 Summary: 
[2024-12-16 03:10:01,689] INFO: 	 lr: 0.00030000000000000073 	 Training loss: 0.040311946719884875
[2024-12-16 03:10:07,585] INFO: Iter 27900 Summary: 
[2024-12-16 03:10:07,585] INFO: 	 lr: 0.00030000000000000073 	 Training loss: 0.04083776425570249
[2024-12-16 03:10:14,062] INFO: Iter 28000 Summary: 
[2024-12-16 03:10:14,063] INFO: 	 lr: 0.00030000000000000073 	 Training loss: 0.04048666849732399
[2024-12-16 03:10:20,415] INFO: Iter 28100 Summary: 
[2024-12-16 03:10:20,415] INFO: 	 lr: 0.00030000000000000073 	 Training loss: 0.0408188970759511
[2024-12-16 03:10:26,979] INFO: Iter 28200 Summary: 
[2024-12-16 03:10:26,979] INFO: 	 lr: 0.00030000000000000073 	 Training loss: 0.040503554567694666
[2024-12-16 03:10:34,755] INFO: Iter 28300 Summary: 
[2024-12-16 03:10:34,755] INFO: 	 lr: 0.00030000000000000073 	 Training loss: 0.04026931971311569
[2024-12-16 03:10:41,476] INFO: Iter 28400 Summary: 
[2024-12-16 03:10:41,476] INFO: 	 lr: 0.00030000000000000073 	 Training loss: 0.040597017668187615
[2024-12-16 03:10:48,021] INFO: Iter 28500 Summary: 
[2024-12-16 03:10:48,021] INFO: 	 lr: 0.00030000000000000073 	 Training loss: 0.04083069935441017
[2024-12-16 03:10:54,482] INFO: Iter 28600 Summary: 
[2024-12-16 03:10:54,482] INFO: 	 lr: 0.00030000000000000073 	 Training loss: 0.04055233664810658
[2024-12-16 03:11:01,044] INFO: Iter 28700 Summary: 
[2024-12-16 03:11:01,044] INFO: 	 lr: 0.00030000000000000073 	 Training loss: 0.04033575017005205
[2024-12-16 03:11:07,619] INFO: Iter 28800 Summary: 
[2024-12-16 03:11:07,620] INFO: 	 lr: 0.00030000000000000073 	 Training loss: 0.0406139350682497
[2024-12-16 03:11:15,004] INFO: Iter 28900 Summary: 
[2024-12-16 03:11:15,005] INFO: 	 lr: 0.00030000000000000073 	 Training loss: 0.04029412541538477
[2024-12-16 03:11:21,714] INFO: Iter 29000 Summary: 
[2024-12-16 03:11:21,714] INFO: 	 lr: 0.00030000000000000073 	 Training loss: 0.0405259621143341
[2024-12-16 03:11:28,390] INFO: Iter 29100 Summary: 
[2024-12-16 03:11:28,390] INFO: 	 lr: 0.00030000000000000073 	 Training loss: 0.04038388837128878
[2024-12-16 03:11:34,897] INFO: Iter 29200 Summary: 
[2024-12-16 03:11:34,897] INFO: 	 lr: 0.00030000000000000073 	 Training loss: 0.04030098140239716
[2024-12-16 03:11:40,325] INFO: Iter 29300 Summary: 
[2024-12-16 03:11:40,325] INFO: 	 lr: 0.00030000000000000073 	 Training loss: 0.040386409312486646
[2024-12-16 03:11:46,135] INFO: Iter 29400 Summary: 
[2024-12-16 03:11:46,135] INFO: 	 lr: 0.00030000000000000073 	 Training loss: 0.040839813202619556
[2024-12-16 03:11:52,729] INFO: Iter 29500 Summary: 
[2024-12-16 03:11:52,729] INFO: 	 lr: 0.00030000000000000073 	 Training loss: 0.040677601955831054
[2024-12-16 03:12:00,596] INFO: Iter 29600 Summary: 
[2024-12-16 03:12:00,596] INFO: 	 lr: 0.00030000000000000073 	 Training loss: 0.04078136041760445
[2024-12-16 03:12:06,630] INFO: Iter 29700 Summary: 
[2024-12-16 03:12:06,630] INFO: 	 lr: 0.00030000000000000073 	 Training loss: 0.04033117219805717
[2024-12-16 03:12:13,158] INFO: Iter 29800 Summary: 
[2024-12-16 03:12:13,158] INFO: 	 lr: 0.00030000000000000073 	 Training loss: 0.04068249620497227
[2024-12-16 03:12:19,694] INFO: Iter 29900 Summary: 
[2024-12-16 03:12:19,694] INFO: 	 lr: 0.00030000000000000073 	 Training loss: 0.04081502970308065
[2024-12-16 03:12:26,215] INFO: Iter 30000 Summary: 
[2024-12-16 03:12:26,215] INFO: 	 lr: 0.00030000000000000073 	 Training loss: 0.04030503988265991
[2024-12-16 03:12:35,241] INFO: Iter 30100 Summary: 
[2024-12-16 03:12:35,241] INFO: 	 lr: 1.2900000000000026e-05 	 Training loss: 0.03953479707241058
[2024-12-16 03:12:41,790] INFO: Iter 30200 Summary: 
[2024-12-16 03:12:41,790] INFO: 	 lr: 1.000000000000002e-05 	 Training loss: 0.039062052145600316
[2024-12-16 03:12:49,147] INFO: Iter 30300 Summary: 
[2024-12-16 03:12:49,148] INFO: 	 lr: 1.000000000000002e-05 	 Training loss: 0.03918018709868193
[2024-12-16 03:12:55,648] INFO: Iter 30400 Summary: 
[2024-12-16 03:12:55,648] INFO: 	 lr: 1.000000000000002e-05 	 Training loss: 0.03917534735053778
[2024-12-16 03:13:02,219] INFO: Iter 30500 Summary: 
[2024-12-16 03:13:02,219] INFO: 	 lr: 1.000000000000002e-05 	 Training loss: 0.03893778134137392
[2024-12-16 03:13:08,726] INFO: Iter 30600 Summary: 
[2024-12-16 03:13:08,727] INFO: 	 lr: 1.000000000000002e-05 	 Training loss: 0.03887259587645531
[2024-12-16 03:13:15,184] INFO: Iter 30700 Summary: 
[2024-12-16 03:13:15,184] INFO: 	 lr: 1.000000000000002e-05 	 Training loss: 0.03891509745270014
[2024-12-16 03:13:21,702] INFO: Iter 30800 Summary: 
[2024-12-16 03:13:21,702] INFO: 	 lr: 1.000000000000002e-05 	 Training loss: 0.03877190310508013
[2024-12-16 03:13:28,254] INFO: Iter 30900 Summary: 
[2024-12-16 03:13:28,254] INFO: 	 lr: 1.000000000000002e-05 	 Training loss: 0.03863528955727816
[2024-12-16 03:13:35,957] INFO: Iter 31000 Summary: 
[2024-12-16 03:13:35,958] INFO: 	 lr: 1.000000000000002e-05 	 Training loss: 0.038552103228867055
[2024-12-16 03:13:42,534] INFO: Iter 31100 Summary: 
[2024-12-16 03:13:42,534] INFO: 	 lr: 1.000000000000002e-05 	 Training loss: 0.03886983532458544
[2024-12-16 03:13:49,084] INFO: Iter 31200 Summary: 
[2024-12-16 03:13:49,084] INFO: 	 lr: 1.000000000000002e-05 	 Training loss: 0.03865015804767609
[2024-12-16 03:13:55,628] INFO: Iter 31300 Summary: 
[2024-12-16 03:13:55,628] INFO: 	 lr: 1.000000000000002e-05 	 Training loss: 0.03877648927271366
[2024-12-16 03:14:02,121] INFO: Iter 31400 Summary: 
[2024-12-16 03:14:02,121] INFO: 	 lr: 1.000000000000002e-05 	 Training loss: 0.03860533397644758
[2024-12-16 03:14:08,581] INFO: Iter 31500 Summary: 
[2024-12-16 03:14:08,581] INFO: 	 lr: 1.000000000000002e-05 	 Training loss: 0.03877874094992876
[2024-12-16 03:14:15,149] INFO: Iter 31600 Summary: 
[2024-12-16 03:14:15,149] INFO: 	 lr: 1.000000000000002e-05 	 Training loss: 0.038735305964946745
[2024-12-16 03:14:22,466] INFO: Iter 31700 Summary: 
[2024-12-16 03:14:22,467] INFO: 	 lr: 1.000000000000002e-05 	 Training loss: 0.038676452599465845
[2024-12-16 03:14:28,427] INFO: Iter 31800 Summary: 
[2024-12-16 03:14:28,427] INFO: 	 lr: 1.000000000000002e-05 	 Training loss: 0.03902889981865883
[2024-12-16 03:14:35,203] INFO: Iter 31900 Summary: 
[2024-12-16 03:14:35,203] INFO: 	 lr: 1.000000000000002e-05 	 Training loss: 0.03872954916208982
[2024-12-16 03:14:41,947] INFO: Iter 32000 Summary: 
[2024-12-16 03:14:41,947] INFO: 	 lr: 1.000000000000002e-05 	 Training loss: 0.038736941292881966
[2024-12-16 03:14:47,502] INFO: Iter 32100 Summary: 
[2024-12-16 03:14:47,502] INFO: 	 lr: 1.000000000000002e-05 	 Training loss: 0.038456499427556995
[2024-12-16 03:14:53,998] INFO: Iter 32200 Summary: 
[2024-12-16 03:14:53,998] INFO: 	 lr: 1.000000000000002e-05 	 Training loss: 0.038398109637200833
[2024-12-16 03:15:00,551] INFO: Iter 32300 Summary: 
[2024-12-16 03:15:00,551] INFO: 	 lr: 1.000000000000002e-05 	 Training loss: 0.03862027250230313
[2024-12-16 03:15:10,112] INFO: Iter 32400 Summary: 
[2024-12-16 03:15:10,112] INFO: 	 lr: 1.000000000000002e-05 	 Training loss: 0.038466934934258463
[2024-12-16 03:15:16,693] INFO: Iter 32500 Summary: 
[2024-12-16 03:15:16,693] INFO: 	 lr: 1.000000000000002e-05 	 Training loss: 0.03854928132146597
[2024-12-16 03:15:23,258] INFO: Iter 32600 Summary: 
[2024-12-16 03:15:23,259] INFO: 	 lr: 1.000000000000002e-05 	 Training loss: 0.03841104682534933
[2024-12-16 03:15:29,686] INFO: Iter 32700 Summary: 
[2024-12-16 03:15:29,686] INFO: 	 lr: 1.000000000000002e-05 	 Training loss: 0.03855846893042326
[2024-12-16 03:15:36,232] INFO: Iter 32800 Summary: 
[2024-12-16 03:15:36,232] INFO: 	 lr: 1.000000000000002e-05 	 Training loss: 0.03851941954344511
[2024-12-16 03:15:42,801] INFO: Iter 32900 Summary: 
[2024-12-16 03:15:42,801] INFO: 	 lr: 1.000000000000002e-05 	 Training loss: 0.03838792521506548
[2024-12-16 03:15:49,372] INFO: Iter 33000 Summary: 
[2024-12-16 03:15:49,372] INFO: 	 lr: 1.000000000000002e-05 	 Training loss: 0.03880990356206894
[2024-12-16 03:15:57,441] INFO: Iter 33100 Summary: 
[2024-12-16 03:15:57,441] INFO: 	 lr: 1.000000000000002e-05 	 Training loss: 0.03850232206285
[2024-12-16 03:16:04,011] INFO: Iter 33200 Summary: 
[2024-12-16 03:16:04,011] INFO: 	 lr: 1.000000000000002e-05 	 Training loss: 0.038392499051988126
[2024-12-16 03:16:10,577] INFO: Iter 33300 Summary: 
[2024-12-16 03:16:10,577] INFO: 	 lr: 1.000000000000002e-05 	 Training loss: 0.03813566248863935
[2024-12-16 03:16:16,349] INFO: Iter 33400 Summary: 
[2024-12-16 03:16:16,349] INFO: 	 lr: 1.000000000000002e-05 	 Training loss: 0.038716767206788065
[2024-12-16 03:16:22,405] INFO: Iter 33500 Summary: 
[2024-12-16 03:16:22,405] INFO: 	 lr: 1.000000000000002e-05 	 Training loss: 0.03849641550332308
[2024-12-16 03:16:28,991] INFO: Iter 33600 Summary: 
[2024-12-16 03:16:28,991] INFO: 	 lr: 1.000000000000002e-05 	 Training loss: 0.038253897428512575
[2024-12-16 03:16:34,702] INFO: Iter 33700 Summary: 
[2024-12-16 03:16:34,702] INFO: 	 lr: 1.000000000000002e-05 	 Training loss: 0.038558411225676534
[2024-12-16 03:20:34,628] INFO: Iter 33800 Summary: 
[2024-12-16 03:20:34,629] INFO: 	 lr: 1.000000000000002e-05 	 Training loss: 0.038438577875494956
[2024-12-16 03:20:41,207] INFO: Iter 33900 Summary: 
[2024-12-16 03:20:41,207] INFO: 	 lr: 1.000000000000002e-05 	 Training loss: 0.03809168845415115
[2024-12-16 03:20:47,763] INFO: Iter 34000 Summary: 
[2024-12-16 03:20:47,763] INFO: 	 lr: 1.000000000000002e-05 	 Training loss: 0.03834842585027218
[2024-12-16 03:20:54,343] INFO: Iter 34100 Summary: 
[2024-12-16 03:20:54,343] INFO: 	 lr: 1.000000000000002e-05 	 Training loss: 0.03858079027384519
[2024-12-16 03:21:00,895] INFO: Iter 34200 Summary: 
[2024-12-16 03:21:00,895] INFO: 	 lr: 1.000000000000002e-05 	 Training loss: 0.038210214599967006
[2024-12-16 03:21:07,424] INFO: Iter 34300 Summary: 
[2024-12-16 03:21:07,424] INFO: 	 lr: 1.000000000000002e-05 	 Training loss: 0.03835041329264641
[2024-12-16 03:21:13,994] INFO: Iter 34400 Summary: 
[2024-12-16 03:21:13,995] INFO: 	 lr: 1.000000000000002e-05 	 Training loss: 0.03848855573683977
[2024-12-16 03:21:21,822] INFO: Iter 34500 Summary: 
[2024-12-16 03:21:21,823] INFO: 	 lr: 1.000000000000002e-05 	 Training loss: 0.038385406956076625
[2024-12-16 03:21:28,368] INFO: Iter 34600 Summary: 
[2024-12-16 03:21:28,368] INFO: 	 lr: 1.000000000000002e-05 	 Training loss: 0.038337861262261866
[2024-12-16 03:21:34,910] INFO: Iter 34700 Summary: 
[2024-12-16 03:21:34,910] INFO: 	 lr: 1.000000000000002e-05 	 Training loss: 0.03857998222112655
[2024-12-16 03:21:41,464] INFO: Iter 34800 Summary: 
[2024-12-16 03:21:41,464] INFO: 	 lr: 1.000000000000002e-05 	 Training loss: 0.038574471585452554
[2024-12-16 03:21:47,949] INFO: Iter 34900 Summary: 
[2024-12-16 03:21:47,949] INFO: 	 lr: 1.000000000000002e-05 	 Training loss: 0.03818105433136225
[2024-12-16 03:21:53,857] INFO: Iter 35000 Summary: 
[2024-12-16 03:21:53,858] INFO: 	 lr: 1.000000000000002e-05 	 Training loss: 0.038257891349494456
[2024-12-16 03:22:05,258] INFO: Iter 35100 Summary: 
[2024-12-16 03:22:05,258] INFO: 	 lr: 1.000000000000002e-05 	 Training loss: 0.03838120687752962
[2024-12-16 03:22:11,841] INFO: Iter 35200 Summary: 
[2024-12-16 03:22:11,842] INFO: 	 lr: 1.000000000000002e-05 	 Training loss: 0.03821467284113169
[2024-12-16 03:22:18,444] INFO: Iter 35300 Summary: 
[2024-12-16 03:22:18,444] INFO: 	 lr: 1.000000000000002e-05 	 Training loss: 0.038188266716897484
[2024-12-16 03:22:24,982] INFO: Iter 35400 Summary: 
[2024-12-16 03:22:24,982] INFO: 	 lr: 1.000000000000002e-05 	 Training loss: 0.03817150298506022
[2024-12-16 03:22:31,539] INFO: Iter 35500 Summary: 
[2024-12-16 03:22:31,539] INFO: 	 lr: 1.000000000000002e-05 	 Training loss: 0.038403950929641724
[2024-12-16 03:22:38,053] INFO: Iter 35600 Summary: 
[2024-12-16 03:22:38,054] INFO: 	 lr: 1.000000000000002e-05 	 Training loss: 0.03854259196668863
[2024-12-16 03:22:44,770] INFO: Iter 35700 Summary: 
[2024-12-16 03:22:44,771] INFO: 	 lr: 1.000000000000002e-05 	 Training loss: 0.03840983282774687
[2024-12-16 03:22:52,556] INFO: Iter 35800 Summary: 
[2024-12-16 03:22:52,557] INFO: 	 lr: 1.000000000000002e-05 	 Training loss: 0.03831868637353182
[2024-12-16 03:22:59,138] INFO: Iter 35900 Summary: 
[2024-12-16 03:22:59,139] INFO: 	 lr: 1.000000000000002e-05 	 Training loss: 0.03836703293025494
[2024-12-16 03:23:05,715] INFO: Iter 36000 Summary: 
[2024-12-16 03:23:05,715] INFO: 	 lr: 1.000000000000002e-05 	 Training loss: 0.0384797140955925
[2024-12-16 03:23:12,279] INFO: Iter 36100 Summary: 
[2024-12-16 03:23:12,279] INFO: 	 lr: 1.000000000000002e-05 	 Training loss: 0.038263408020138744
[2024-12-16 03:23:18,835] INFO: Iter 36200 Summary: 
[2024-12-16 03:23:18,835] INFO: 	 lr: 1.000000000000002e-05 	 Training loss: 0.03825614240020513
[2024-12-16 03:23:25,397] INFO: Iter 36300 Summary: 
[2024-12-16 03:23:25,397] INFO: 	 lr: 1.000000000000002e-05 	 Training loss: 0.03825235988944769
[2024-12-16 03:23:31,954] INFO: Iter 36400 Summary: 
[2024-12-16 03:23:31,954] INFO: 	 lr: 1.000000000000002e-05 	 Training loss: 0.03813971985131502
[2024-12-16 03:23:39,622] INFO: Iter 36500 Summary: 
[2024-12-16 03:23:39,623] INFO: 	 lr: 1.000000000000002e-05 	 Training loss: 0.038524423725903034
[2024-12-16 03:23:46,182] INFO: Iter 36600 Summary: 
[2024-12-16 03:23:46,182] INFO: 	 lr: 1.000000000000002e-05 	 Training loss: 0.03838129919022322
[2024-12-16 03:23:52,738] INFO: Iter 36700 Summary: 
[2024-12-16 03:23:52,738] INFO: 	 lr: 1.000000000000002e-05 	 Training loss: 0.03815015822649002
[2024-12-16 03:23:59,308] INFO: Iter 36800 Summary: 
[2024-12-16 03:23:59,308] INFO: 	 lr: 1.000000000000002e-05 	 Training loss: 0.03830677710473537
[2024-12-16 03:24:05,863] INFO: Iter 36900 Summary: 
[2024-12-16 03:24:05,863] INFO: 	 lr: 1.000000000000002e-05 	 Training loss: 0.03834369443356991
[2024-12-16 03:24:12,409] INFO: Iter 37000 Summary: 
[2024-12-16 03:24:12,409] INFO: 	 lr: 1.000000000000002e-05 	 Training loss: 0.03825241539627314
[2024-12-16 03:24:18,463] INFO: Iter 37100 Summary: 
[2024-12-16 03:24:18,463] INFO: 	 lr: 1.000000000000002e-05 	 Training loss: 0.03820366304367781
[2024-12-16 03:31:49,489] INFO: Iter 37200 Summary: 
[2024-12-16 03:31:49,489] INFO: 	 lr: 1.000000000000002e-05 	 Training loss: 0.038123354353010654
[2024-12-16 03:31:55,000] INFO: Iter 37300 Summary: 
[2024-12-16 03:31:55,000] INFO: 	 lr: 1.000000000000002e-05 	 Training loss: 0.03819379940629006
[2024-12-16 03:32:01,244] INFO: Iter 37400 Summary: 
[2024-12-16 03:32:01,245] INFO: 	 lr: 1.000000000000002e-05 	 Training loss: 0.03833401016891003
[2024-12-16 03:32:07,853] INFO: Iter 37500 Summary: 
[2024-12-16 03:32:07,853] INFO: 	 lr: 1.000000000000002e-05 	 Training loss: 0.03832889519631863
[2024-12-16 03:32:14,392] INFO: Iter 37600 Summary: 
[2024-12-16 03:32:14,392] INFO: 	 lr: 1.000000000000002e-05 	 Training loss: 0.03798624418675899
[2024-12-16 03:32:20,783] INFO: Iter 37700 Summary: 
[2024-12-16 03:32:20,783] INFO: 	 lr: 1.000000000000002e-05 	 Training loss: 0.0383309729769826
[2024-12-16 03:32:27,462] INFO: Iter 37800 Summary: 
[2024-12-16 03:32:27,462] INFO: 	 lr: 1.000000000000002e-05 	 Training loss: 0.03833309963345528
[2024-12-16 03:32:35,540] INFO: Iter 37900 Summary: 
[2024-12-16 03:32:35,540] INFO: 	 lr: 1.000000000000002e-05 	 Training loss: 0.038093890137970446
[2024-12-16 03:32:41,904] INFO: Iter 38000 Summary: 
[2024-12-16 03:32:41,905] INFO: 	 lr: 1.000000000000002e-05 	 Training loss: 0.038041556254029274
[2024-12-16 03:32:47,342] INFO: Iter 38100 Summary: 
[2024-12-16 03:32:47,342] INFO: 	 lr: 1.000000000000002e-05 	 Training loss: 0.038285029344260695
[2024-12-16 03:32:53,178] INFO: Iter 38200 Summary: 
[2024-12-16 03:32:53,178] INFO: 	 lr: 1.000000000000002e-05 	 Training loss: 0.0382267989218235
[2024-12-16 03:32:59,681] INFO: Iter 38300 Summary: 
[2024-12-16 03:32:59,681] INFO: 	 lr: 1.000000000000002e-05 	 Training loss: 0.03813466303050518
[2024-12-16 03:33:06,156] INFO: Iter 38400 Summary: 
[2024-12-16 03:33:06,156] INFO: 	 lr: 1.000000000000002e-05 	 Training loss: 0.03829024851322174
[2024-12-16 03:33:12,733] INFO: Iter 38500 Summary: 
[2024-12-16 03:33:12,733] INFO: 	 lr: 1.000000000000002e-05 	 Training loss: 0.03826166424900293
[2024-12-16 03:33:20,943] INFO: Iter 38600 Summary: 
[2024-12-16 03:33:20,944] INFO: 	 lr: 1.000000000000002e-05 	 Training loss: 0.0383038142696023
[2024-12-16 03:33:27,513] INFO: Iter 38700 Summary: 
[2024-12-16 03:33:27,513] INFO: 	 lr: 1.000000000000002e-05 	 Training loss: 0.03832226324826479
[2024-12-16 03:33:34,060] INFO: Iter 38800 Summary: 
[2024-12-16 03:33:34,061] INFO: 	 lr: 1.000000000000002e-05 	 Training loss: 0.03828604876995087
[2024-12-16 03:33:40,478] INFO: Iter 38900 Summary: 
[2024-12-16 03:33:40,478] INFO: 	 lr: 1.000000000000002e-05 	 Training loss: 0.03801966771483421
[2024-12-16 03:33:47,132] INFO: Iter 39000 Summary: 
[2024-12-16 03:33:47,132] INFO: 	 lr: 1.000000000000002e-05 	 Training loss: 0.037983907349407674
[2024-12-16 03:34:06,784] INFO: Iter 39100 Summary: 
[2024-12-16 03:34:06,785] INFO: 	 lr: 1.000000000000002e-05 	 Training loss: 0.03816669147461653
[2024-12-16 03:34:34,336] INFO: Iter 39200 Summary: 
[2024-12-16 03:34:34,337] INFO: 	 lr: 1.000000000000002e-05 	 Training loss: 0.03819930087774992
[2024-12-16 03:35:29,659] INFO: Iter 39300 Summary: 
[2024-12-16 03:35:29,660] INFO: 	 lr: 1.000000000000002e-05 	 Training loss: 0.03829741440713406
[2024-12-16 03:35:58,276] INFO: Iter 39400 Summary: 
[2024-12-16 03:35:58,276] INFO: 	 lr: 1.000000000000002e-05 	 Training loss: 0.03837031442672014
[2024-12-16 03:36:29,838] INFO: Iter 39500 Summary: 
[2024-12-16 03:36:29,838] INFO: 	 lr: 1.000000000000002e-05 	 Training loss: 0.03817251920700073
[2024-12-16 03:36:57,809] INFO: Iter 39600 Summary: 
[2024-12-16 03:36:57,809] INFO: 	 lr: 1.000000000000002e-05 	 Training loss: 0.037873484343290326
[2024-12-16 03:37:23,350] INFO: Iter 39700 Summary: 
[2024-12-16 03:37:23,350] INFO: 	 lr: 1.000000000000002e-05 	 Training loss: 0.03800265152007341
[2024-12-16 03:37:50,711] INFO: Iter 39800 Summary: 
[2024-12-16 03:37:50,712] INFO: 	 lr: 1.000000000000002e-05 	 Training loss: 0.038410396315157413
[2024-12-16 03:38:17,363] INFO: Iter 39900 Summary: 
[2024-12-16 03:38:17,363] INFO: 	 lr: 1.000000000000002e-05 	 Training loss: 0.038138294480741027
[2024-12-16 03:43:18,775] INFO: Iter 40000 Summary: 
[2024-12-16 03:43:18,775] INFO: 	 lr: 1.000000000000002e-05 	 Training loss: 0.037944521494209765
