[2025-01-15 06:15:53,383] INFO: {
    "abs_dir": "/home/diwang/siMLPe/exps/baseline_h36m",
    "batch_size": 256,
    "cos_lr_max": 1e-05,
    "cos_lr_min": 5e-08,
    "cos_lr_total_iters": 40000,
    "data_aug": true,
    "deriv_input": true,
    "deriv_output": true,
    "device": "cuda:4",
    "h36m_anno_dir": "/home/diwang/siMLPe/data/h36m/",
    "link_log_file": "/home/diwang/siMLPe/exps/baseline_h36m/log/log_last.log",
    "link_val_log_file": "/home/diwang/siMLPe/exps/baseline_h36m/log/val_last.log",
    "log_dir": "/home/diwang/siMLPe/exps/baseline_h36m/log",
    "log_file": "/home/diwang/siMLPe/exps/baseline_h36m/log/log_2025_01_15_06_15_36.log",
    "model_pth": null,
    "motion": {
        "dim": 66,
        "h36m_input_length": 50,
        "h36m_input_length_dct": 50,
        "h36m_target_length": 15,
        "h36m_target_length_eval": 30,
        "h36m_target_length_train": 15
    },
    "motion_fc_in": {
        "activation": "relu",
        "in_features": 66,
        "init_w_trunc_normal": false,
        "out_features": 66,
        "temporal_fc": false,
        "with_norm": false
    },
    "motion_fc_out": {
        "activation": "relu",
        "in_features": 66,
        "init_w_trunc_normal": true,
        "out_features": 66,
        "temporal_fc": false,
        "with_norm": false
    },
    "motion_mlp": {
        "hidden_dim": 66,
        "norm_axis": "spatial",
        "num_layers": 48,
        "seq_len": 50,
        "spatial_fc_only": false,
        "with_normalization": true
    },
    "num_workers": 8,
    "post_dct": false,
    "pre_dct": false,
    "print_every": 100,
    "repo_name": "siMLPe",
    "root_dir": "/home/diwang/siMLPe",
    "save_every": 2000,
    "seed": 304,
    "shift_step": 1,
    "snapshot_dir": "/home/diwang/siMLPe/exps/baseline_h36m/log/snapshot",
    "this_dir": "baseline_h36m",
    "use_relative_loss": true,
    "val_log_file": "/home/diwang/siMLPe/exps/baseline_h36m/log/val_2025_01_15_06_15_36.log",
    "weight_decay": 0.0001
}
[2025-01-15 06:16:02,383] INFO: Iter 100 Summary: 
[2025-01-15 06:16:02,384] INFO: 	 lr: 0.00030000000000000073 	 Training loss: 0.11142300605773926
[2025-01-15 06:16:09,313] INFO: Iter 200 Summary: 
[2025-01-15 06:16:09,313] INFO: 	 lr: 0.00030000000000000073 	 Training loss: 0.09079769432544708
[2025-01-15 06:16:16,225] INFO: Iter 300 Summary: 
[2025-01-15 06:16:16,226] INFO: 	 lr: 0.00030000000000000073 	 Training loss: 0.08474691107869148
[2025-01-15 06:16:22,911] INFO: Iter 400 Summary: 
[2025-01-15 06:16:22,911] INFO: 	 lr: 0.00030000000000000073 	 Training loss: 0.08234743803739547
[2025-01-15 06:16:29,641] INFO: Iter 500 Summary: 
[2025-01-15 06:16:29,641] INFO: 	 lr: 0.00030000000000000073 	 Training loss: 0.0773460729420185
[2025-01-15 06:16:36,663] INFO: Iter 600 Summary: 
[2025-01-15 06:16:36,663] INFO: 	 lr: 0.00030000000000000073 	 Training loss: 0.07495298966765404
[2025-01-15 06:16:44,616] INFO: Iter 700 Summary: 
[2025-01-15 06:16:44,617] INFO: 	 lr: 0.00030000000000000073 	 Training loss: 0.07406583547592163
[2025-01-15 06:16:51,392] INFO: Iter 800 Summary: 
[2025-01-15 06:16:51,392] INFO: 	 lr: 0.00030000000000000073 	 Training loss: 0.0730615185201168
[2025-01-15 06:16:58,100] INFO: Iter 900 Summary: 
[2025-01-15 06:16:58,100] INFO: 	 lr: 0.00030000000000000073 	 Training loss: 0.07251390643417835
[2025-01-15 06:17:04,839] INFO: Iter 1000 Summary: 
[2025-01-15 06:17:04,839] INFO: 	 lr: 0.00030000000000000073 	 Training loss: 0.07170577943325043
[2025-01-15 06:17:11,459] INFO: Iter 1100 Summary: 
[2025-01-15 06:17:11,459] INFO: 	 lr: 0.00030000000000000073 	 Training loss: 0.07108901776373386
[2025-01-15 06:17:19,061] INFO: Iter 1200 Summary: 
[2025-01-15 06:17:19,062] INFO: 	 lr: 0.00030000000000000073 	 Training loss: 0.07048137784004212
[2025-01-15 06:17:25,761] INFO: Iter 1300 Summary: 
[2025-01-15 06:17:25,761] INFO: 	 lr: 0.00030000000000000073 	 Training loss: 0.06969040356576443
[2025-01-15 06:17:34,533] INFO: Iter 1400 Summary: 
[2025-01-15 06:17:34,533] INFO: 	 lr: 0.00030000000000000073 	 Training loss: 0.06982673853635787
[2025-01-15 06:17:41,290] INFO: Iter 1500 Summary: 
[2025-01-15 06:17:41,290] INFO: 	 lr: 0.00030000000000000073 	 Training loss: 0.06902225770056247
[2025-01-15 06:17:47,950] INFO: Iter 1600 Summary: 
[2025-01-15 06:17:47,950] INFO: 	 lr: 0.00030000000000000073 	 Training loss: 0.06832976847887039
[2025-01-15 06:17:54,682] INFO: Iter 1700 Summary: 
[2025-01-15 06:17:54,682] INFO: 	 lr: 0.00030000000000000073 	 Training loss: 0.06870577462017537
[2025-01-15 06:18:01,409] INFO: Iter 1800 Summary: 
[2025-01-15 06:18:01,409] INFO: 	 lr: 0.00030000000000000073 	 Training loss: 0.06788849107921123
[2025-01-15 06:18:08,143] INFO: Iter 1900 Summary: 
[2025-01-15 06:18:08,143] INFO: 	 lr: 0.00030000000000000073 	 Training loss: 0.06777332480996848
[2025-01-15 06:18:14,853] INFO: Iter 2000 Summary: 
[2025-01-15 06:18:14,854] INFO: 	 lr: 0.00030000000000000073 	 Training loss: 0.06747665610164404
[2025-01-15 06:18:25,633] INFO: Iter 2100 Summary: 
[2025-01-15 06:18:25,633] INFO: 	 lr: 0.00030000000000000073 	 Training loss: 0.06667713228613138
[2025-01-15 06:18:32,405] INFO: Iter 2200 Summary: 
[2025-01-15 06:18:32,405] INFO: 	 lr: 0.00030000000000000073 	 Training loss: 0.06687732569873334
[2025-01-15 06:18:39,560] INFO: Iter 2300 Summary: 
[2025-01-15 06:18:39,560] INFO: 	 lr: 0.00030000000000000073 	 Training loss: 0.06602357547730207
[2025-01-15 06:18:46,523] INFO: Iter 2400 Summary: 
[2025-01-15 06:18:46,524] INFO: 	 lr: 0.00030000000000000073 	 Training loss: 0.06608718562871217
[2025-01-15 06:18:53,342] INFO: Iter 2500 Summary: 
[2025-01-15 06:18:53,342] INFO: 	 lr: 0.00030000000000000073 	 Training loss: 0.06619684964418411
[2025-01-15 06:19:00,203] INFO: Iter 2600 Summary: 
[2025-01-15 06:19:00,203] INFO: 	 lr: 0.00030000000000000073 	 Training loss: 0.0658307883515954
[2025-01-15 06:19:06,972] INFO: Iter 2700 Summary: 
[2025-01-15 06:19:06,972] INFO: 	 lr: 0.00030000000000000073 	 Training loss: 0.06568427156656981
[2025-01-15 06:19:15,156] INFO: Iter 2800 Summary: 
[2025-01-15 06:19:15,156] INFO: 	 lr: 0.00030000000000000073 	 Training loss: 0.06545645780861378
[2025-01-15 06:19:22,206] INFO: Iter 2900 Summary: 
[2025-01-15 06:19:22,206] INFO: 	 lr: 0.00030000000000000073 	 Training loss: 0.06540576636791229
[2025-01-15 06:19:28,744] INFO: Iter 3000 Summary: 
[2025-01-15 06:19:28,744] INFO: 	 lr: 0.00030000000000000073 	 Training loss: 0.06496251907199621
[2025-01-15 06:19:35,395] INFO: Iter 3100 Summary: 
[2025-01-15 06:19:35,395] INFO: 	 lr: 0.00030000000000000073 	 Training loss: 0.0644339432939887
[2025-01-15 06:19:42,162] INFO: Iter 3200 Summary: 
[2025-01-15 06:19:42,162] INFO: 	 lr: 0.00030000000000000073 	 Training loss: 0.06423560999333859
[2025-01-15 06:19:49,123] INFO: Iter 3300 Summary: 
[2025-01-15 06:19:49,123] INFO: 	 lr: 0.00030000000000000073 	 Training loss: 0.06390551261603833
[2025-01-15 06:19:55,902] INFO: Iter 3400 Summary: 
[2025-01-15 06:19:55,902] INFO: 	 lr: 0.00030000000000000073 	 Training loss: 0.06408596176654101
[2025-01-15 06:20:03,768] INFO: Iter 3500 Summary: 
[2025-01-15 06:20:03,769] INFO: 	 lr: 0.00030000000000000073 	 Training loss: 0.063617639914155
[2025-01-15 06:20:10,594] INFO: Iter 3600 Summary: 
[2025-01-15 06:20:10,594] INFO: 	 lr: 0.00030000000000000073 	 Training loss: 0.06354965873062611
[2025-01-15 06:20:17,485] INFO: Iter 3700 Summary: 
[2025-01-15 06:20:17,485] INFO: 	 lr: 0.00030000000000000073 	 Training loss: 0.06368703316897154
[2025-01-15 06:20:24,183] INFO: Iter 3800 Summary: 
[2025-01-15 06:20:24,183] INFO: 	 lr: 0.00030000000000000073 	 Training loss: 0.0634360432997346
[2025-01-15 06:20:31,155] INFO: Iter 3900 Summary: 
[2025-01-15 06:20:31,155] INFO: 	 lr: 0.00030000000000000073 	 Training loss: 0.06345631998032332
[2025-01-15 06:20:37,964] INFO: Iter 4000 Summary: 
[2025-01-15 06:20:37,964] INFO: 	 lr: 0.00030000000000000073 	 Training loss: 0.06352629691362381
[2025-01-15 06:20:47,255] INFO: Iter 4100 Summary: 
[2025-01-15 06:20:47,255] INFO: 	 lr: 0.00030000000000000073 	 Training loss: 0.06285861954092979
[2025-01-15 06:20:54,738] INFO: Iter 4200 Summary: 
[2025-01-15 06:20:54,739] INFO: 	 lr: 0.00030000000000000073 	 Training loss: 0.0632280570268631
[2025-01-15 06:21:01,271] INFO: Iter 4300 Summary: 
[2025-01-15 06:21:01,271] INFO: 	 lr: 0.00030000000000000073 	 Training loss: 0.06306093133985996
[2025-01-15 06:21:08,274] INFO: Iter 4400 Summary: 
[2025-01-15 06:21:08,274] INFO: 	 lr: 0.00030000000000000073 	 Training loss: 0.06245278764516115
[2025-01-15 06:21:15,002] INFO: Iter 4500 Summary: 
[2025-01-15 06:21:15,002] INFO: 	 lr: 0.00030000000000000073 	 Training loss: 0.06238235250115395
[2025-01-15 06:21:21,810] INFO: Iter 4600 Summary: 
[2025-01-15 06:21:21,810] INFO: 	 lr: 0.00030000000000000073 	 Training loss: 0.061792026348412035
[2025-01-15 06:21:28,594] INFO: Iter 4700 Summary: 
[2025-01-15 06:21:28,594] INFO: 	 lr: 0.00030000000000000073 	 Training loss: 0.06185944549739361
[2025-01-15 06:21:36,766] INFO: Iter 4800 Summary: 
[2025-01-15 06:21:36,766] INFO: 	 lr: 0.00030000000000000073 	 Training loss: 0.06149683516472578
[2025-01-15 06:21:43,797] INFO: Iter 4900 Summary: 
[2025-01-15 06:21:43,797] INFO: 	 lr: 0.00030000000000000073 	 Training loss: 0.0619178694486618
[2025-01-15 06:21:50,524] INFO: Iter 5000 Summary: 
[2025-01-15 06:21:50,524] INFO: 	 lr: 0.00030000000000000073 	 Training loss: 0.06161814853549004
[2025-01-15 06:21:57,477] INFO: Iter 5100 Summary: 
[2025-01-15 06:21:57,477] INFO: 	 lr: 0.00030000000000000073 	 Training loss: 0.06175102096050978
[2025-01-15 06:22:04,604] INFO: Iter 5200 Summary: 
[2025-01-15 06:22:04,604] INFO: 	 lr: 0.00030000000000000073 	 Training loss: 0.06146774023771286
[2025-01-15 06:22:11,457] INFO: Iter 5300 Summary: 
[2025-01-15 06:22:11,457] INFO: 	 lr: 0.00030000000000000073 	 Training loss: 0.06140958920121193
[2025-01-15 06:22:18,452] INFO: Iter 5400 Summary: 
[2025-01-15 06:22:18,452] INFO: 	 lr: 0.00030000000000000073 	 Training loss: 0.06112298283725977
[2025-01-15 06:22:26,373] INFO: Iter 5500 Summary: 
[2025-01-15 06:22:26,374] INFO: 	 lr: 0.00030000000000000073 	 Training loss: 0.06101834878325462
[2025-01-15 06:22:33,308] INFO: Iter 5600 Summary: 
[2025-01-15 06:22:33,308] INFO: 	 lr: 0.00030000000000000073 	 Training loss: 0.060093992687761784
[2025-01-15 06:22:40,024] INFO: Iter 5700 Summary: 
[2025-01-15 06:22:40,024] INFO: 	 lr: 0.00030000000000000073 	 Training loss: 0.06085364781320095
[2025-01-15 06:22:46,715] INFO: Iter 5800 Summary: 
[2025-01-15 06:22:46,715] INFO: 	 lr: 0.00030000000000000073 	 Training loss: 0.060670437105000016
[2025-01-15 06:22:53,435] INFO: Iter 5900 Summary: 
[2025-01-15 06:22:53,435] INFO: 	 lr: 0.00030000000000000073 	 Training loss: 0.060433647632598876
[2025-01-15 06:23:00,274] INFO: Iter 6000 Summary: 
[2025-01-15 06:23:00,274] INFO: 	 lr: 0.00030000000000000073 	 Training loss: 0.060657468028366565
[2025-01-15 06:23:09,901] INFO: Iter 6100 Summary: 
[2025-01-15 06:23:09,901] INFO: 	 lr: 0.00030000000000000073 	 Training loss: 0.060005018152296544
[2025-01-15 06:23:18,036] INFO: Iter 6200 Summary: 
[2025-01-15 06:23:18,036] INFO: 	 lr: 0.00030000000000000073 	 Training loss: 0.06009738236665726
[2025-01-15 06:23:24,761] INFO: Iter 6300 Summary: 
[2025-01-15 06:23:24,761] INFO: 	 lr: 0.00030000000000000073 	 Training loss: 0.05981476202607155
[2025-01-15 06:23:31,365] INFO: Iter 6400 Summary: 
[2025-01-15 06:23:31,365] INFO: 	 lr: 0.00030000000000000073 	 Training loss: 0.059795442260801794
[2025-01-15 06:23:37,987] INFO: Iter 6500 Summary: 
[2025-01-15 06:23:37,987] INFO: 	 lr: 0.00030000000000000073 	 Training loss: 0.05906641762703657
[2025-01-15 06:23:44,801] INFO: Iter 6600 Summary: 
[2025-01-15 06:23:44,801] INFO: 	 lr: 0.00030000000000000073 	 Training loss: 0.059411501437425615
[2025-01-15 06:23:51,822] INFO: Iter 6700 Summary: 
[2025-01-15 06:23:51,822] INFO: 	 lr: 0.00030000000000000073 	 Training loss: 0.059744153320789334
[2025-01-15 06:23:58,787] INFO: Iter 6800 Summary: 
[2025-01-15 06:23:58,787] INFO: 	 lr: 0.00030000000000000073 	 Training loss: 0.059319113716483116
[2025-01-15 06:24:07,238] INFO: Iter 6900 Summary: 
[2025-01-15 06:24:07,239] INFO: 	 lr: 0.00030000000000000073 	 Training loss: 0.05897111646831035
[2025-01-15 06:24:14,186] INFO: Iter 7000 Summary: 
[2025-01-15 06:24:14,187] INFO: 	 lr: 0.00030000000000000073 	 Training loss: 0.05923843327909708
[2025-01-15 06:24:23,139] INFO: Iter 7100 Summary: 
[2025-01-15 06:24:23,139] INFO: 	 lr: 0.00030000000000000073 	 Training loss: 0.05887029897421599
[2025-01-15 06:24:32,688] INFO: Iter 7200 Summary: 
[2025-01-15 06:24:32,689] INFO: 	 lr: 0.00030000000000000073 	 Training loss: 0.058941845782101154
[2025-01-15 06:24:41,358] INFO: Iter 7300 Summary: 
[2025-01-15 06:24:41,359] INFO: 	 lr: 0.00030000000000000073 	 Training loss: 0.058278243765234945
[2025-01-15 06:24:52,019] INFO: Iter 7400 Summary: 
[2025-01-15 06:24:52,019] INFO: 	 lr: 0.00030000000000000073 	 Training loss: 0.05815902255475521
[2025-01-15 06:25:02,589] INFO: Iter 7500 Summary: 
[2025-01-15 06:25:02,590] INFO: 	 lr: 0.00030000000000000073 	 Training loss: 0.05835214972496033
[2025-01-15 06:25:14,826] INFO: Iter 7600 Summary: 
[2025-01-15 06:25:14,826] INFO: 	 lr: 0.00030000000000000073 	 Training loss: 0.05853996645659208
[2025-01-15 06:25:25,352] INFO: Iter 7700 Summary: 
[2025-01-15 06:25:25,353] INFO: 	 lr: 0.00030000000000000073 	 Training loss: 0.05844489648938179
[2025-01-15 06:25:36,831] INFO: Iter 7800 Summary: 
[2025-01-15 06:25:36,831] INFO: 	 lr: 0.00030000000000000073 	 Training loss: 0.05831943180412054
[2025-01-15 06:25:46,993] INFO: Iter 7900 Summary: 
[2025-01-15 06:25:46,993] INFO: 	 lr: 0.00030000000000000073 	 Training loss: 0.05789683099836111
[2025-01-15 06:25:58,221] INFO: Iter 8000 Summary: 
[2025-01-15 06:25:58,221] INFO: 	 lr: 0.00030000000000000073 	 Training loss: 0.05747911065816879
[2025-01-15 06:26:12,807] INFO: Iter 8100 Summary: 
[2025-01-15 06:26:12,807] INFO: 	 lr: 0.00030000000000000073 	 Training loss: 0.0578960146009922
[2025-01-15 06:26:24,494] INFO: Iter 8200 Summary: 
[2025-01-15 06:26:24,494] INFO: 	 lr: 0.00030000000000000073 	 Training loss: 0.05790272530168295
[2025-01-15 06:26:37,567] INFO: Iter 8300 Summary: 
[2025-01-15 06:26:37,567] INFO: 	 lr: 0.00030000000000000073 	 Training loss: 0.057507012151181695
[2025-01-15 06:26:48,694] INFO: Iter 8400 Summary: 
[2025-01-15 06:26:48,694] INFO: 	 lr: 0.00030000000000000073 	 Training loss: 0.05747276347130537
[2025-01-15 06:26:59,557] INFO: Iter 8500 Summary: 
[2025-01-15 06:26:59,557] INFO: 	 lr: 0.00030000000000000073 	 Training loss: 0.057565867602825165
[2025-01-15 06:27:10,532] INFO: Iter 8600 Summary: 
[2025-01-15 06:27:10,532] INFO: 	 lr: 0.00030000000000000073 	 Training loss: 0.05777355059981346
[2025-01-15 06:27:21,798] INFO: Iter 8700 Summary: 
[2025-01-15 06:27:21,799] INFO: 	 lr: 0.00030000000000000073 	 Training loss: 0.05736688069999218
[2025-01-15 06:27:32,549] INFO: Iter 8800 Summary: 
[2025-01-15 06:27:32,549] INFO: 	 lr: 0.00030000000000000073 	 Training loss: 0.057636712454259394
[2025-01-15 06:27:43,283] INFO: Iter 8900 Summary: 
[2025-01-15 06:27:43,283] INFO: 	 lr: 0.00030000000000000073 	 Training loss: 0.056716997325420376
[2025-01-15 06:27:55,603] INFO: Iter 9000 Summary: 
[2025-01-15 06:27:55,604] INFO: 	 lr: 0.00030000000000000073 	 Training loss: 0.05660742234438658
[2025-01-15 06:28:06,838] INFO: Iter 9100 Summary: 
[2025-01-15 06:28:06,838] INFO: 	 lr: 0.00030000000000000073 	 Training loss: 0.056878258995711806
[2025-01-15 06:28:17,764] INFO: Iter 9200 Summary: 
[2025-01-15 06:28:17,765] INFO: 	 lr: 0.00030000000000000073 	 Training loss: 0.056552333571016786
[2025-01-15 06:28:29,698] INFO: Iter 9300 Summary: 
[2025-01-15 06:28:29,699] INFO: 	 lr: 0.00030000000000000073 	 Training loss: 0.05669867902994156
[2025-01-15 06:28:40,795] INFO: Iter 9400 Summary: 
[2025-01-15 06:28:40,795] INFO: 	 lr: 0.00030000000000000073 	 Training loss: 0.05661540139466524
[2025-01-15 06:28:52,053] INFO: Iter 9500 Summary: 
[2025-01-15 06:28:52,053] INFO: 	 lr: 0.00030000000000000073 	 Training loss: 0.056383654661476615
[2025-01-15 06:29:05,814] INFO: Iter 9600 Summary: 
[2025-01-15 06:29:05,814] INFO: 	 lr: 0.00030000000000000073 	 Training loss: 0.056759064085781574
[2025-01-15 06:29:17,928] INFO: Iter 9700 Summary: 
[2025-01-15 06:29:17,929] INFO: 	 lr: 0.00030000000000000073 	 Training loss: 0.05656492862850428
[2025-01-15 06:29:28,803] INFO: Iter 9800 Summary: 
[2025-01-15 06:29:28,804] INFO: 	 lr: 0.00030000000000000073 	 Training loss: 0.05616279348731041
[2025-01-15 06:29:39,942] INFO: Iter 9900 Summary: 
[2025-01-15 06:29:39,942] INFO: 	 lr: 0.00030000000000000073 	 Training loss: 0.055795463994145394
[2025-01-15 06:29:51,393] INFO: Iter 10000 Summary: 
[2025-01-15 06:29:51,393] INFO: 	 lr: 0.00030000000000000073 	 Training loss: 0.05640371575951576
[2025-01-15 06:30:05,314] INFO: Iter 10100 Summary: 
[2025-01-15 06:30:05,314] INFO: 	 lr: 0.00030000000000000073 	 Training loss: 0.055694782622158524
[2025-01-15 06:30:15,748] INFO: Iter 10200 Summary: 
[2025-01-15 06:30:15,748] INFO: 	 lr: 0.00030000000000000073 	 Training loss: 0.055902696326375005
[2025-01-15 06:30:28,205] INFO: Iter 10300 Summary: 
[2025-01-15 06:30:28,205] INFO: 	 lr: 0.00030000000000000073 	 Training loss: 0.055654340982437135
[2025-01-15 06:30:39,020] INFO: Iter 10400 Summary: 
[2025-01-15 06:30:39,020] INFO: 	 lr: 0.00030000000000000073 	 Training loss: 0.055848057977855206
[2025-01-15 06:30:49,624] INFO: Iter 10500 Summary: 
[2025-01-15 06:30:49,625] INFO: 	 lr: 0.00030000000000000073 	 Training loss: 0.05577563636004925
[2025-01-15 06:31:00,722] INFO: Iter 10600 Summary: 
[2025-01-15 06:31:00,722] INFO: 	 lr: 0.00030000000000000073 	 Training loss: 0.055540956519544125
[2025-01-15 06:31:12,871] INFO: Iter 10700 Summary: 
[2025-01-15 06:31:12,871] INFO: 	 lr: 0.00030000000000000073 	 Training loss: 0.05599910020828247
[2025-01-15 06:31:24,326] INFO: Iter 10800 Summary: 
[2025-01-15 06:31:24,326] INFO: 	 lr: 0.00030000000000000073 	 Training loss: 0.05551215413957834
[2025-01-15 06:31:34,659] INFO: Iter 10900 Summary: 
[2025-01-15 06:31:34,659] INFO: 	 lr: 0.00030000000000000073 	 Training loss: 0.05537260897457599
[2025-01-15 06:31:48,064] INFO: Iter 11000 Summary: 
[2025-01-15 06:31:48,064] INFO: 	 lr: 0.00030000000000000073 	 Training loss: 0.055413629785180094
[2025-01-15 06:31:57,929] INFO: Iter 11100 Summary: 
[2025-01-15 06:31:57,929] INFO: 	 lr: 0.00030000000000000073 	 Training loss: 0.05540560219436884
[2025-01-15 06:32:08,652] INFO: Iter 11200 Summary: 
[2025-01-15 06:32:08,652] INFO: 	 lr: 0.00030000000000000073 	 Training loss: 0.05504701688885689
[2025-01-15 06:32:19,922] INFO: Iter 11300 Summary: 
[2025-01-15 06:32:19,922] INFO: 	 lr: 0.00030000000000000073 	 Training loss: 0.05529065888375044
[2025-01-15 06:32:31,228] INFO: Iter 11400 Summary: 
[2025-01-15 06:32:31,229] INFO: 	 lr: 0.00030000000000000073 	 Training loss: 0.055531228221952916
[2025-01-15 06:32:40,950] INFO: Iter 11500 Summary: 
[2025-01-15 06:32:40,951] INFO: 	 lr: 0.00030000000000000073 	 Training loss: 0.054803069047629833
[2025-01-15 06:32:52,548] INFO: Iter 11600 Summary: 
[2025-01-15 06:32:52,548] INFO: 	 lr: 0.00030000000000000073 	 Training loss: 0.05480392049998045
[2025-01-15 06:33:05,504] INFO: Iter 11700 Summary: 
[2025-01-15 06:33:05,505] INFO: 	 lr: 0.00030000000000000073 	 Training loss: 0.05527518603950739
[2025-01-15 06:33:16,635] INFO: Iter 11800 Summary: 
[2025-01-15 06:33:16,635] INFO: 	 lr: 0.00030000000000000073 	 Training loss: 0.055179616585373875
[2025-01-15 06:33:26,954] INFO: Iter 11900 Summary: 
[2025-01-15 06:33:26,954] INFO: 	 lr: 0.00030000000000000073 	 Training loss: 0.05492729559540749
[2025-01-15 06:33:37,839] INFO: Iter 12000 Summary: 
[2025-01-15 06:33:37,840] INFO: 	 lr: 0.00030000000000000073 	 Training loss: 0.05473113257437944
[2025-01-15 06:33:52,851] INFO: Iter 12100 Summary: 
[2025-01-15 06:33:52,851] INFO: 	 lr: 0.00030000000000000073 	 Training loss: 0.05504501670598984
[2025-01-15 06:34:04,395] INFO: Iter 12200 Summary: 
[2025-01-15 06:34:04,395] INFO: 	 lr: 0.00030000000000000073 	 Training loss: 0.054647899456322195
[2025-01-15 06:34:15,156] INFO: Iter 12300 Summary: 
[2025-01-15 06:34:15,156] INFO: 	 lr: 0.00030000000000000073 	 Training loss: 0.05489868465811014
[2025-01-15 06:34:28,615] INFO: Iter 12400 Summary: 
[2025-01-15 06:34:28,615] INFO: 	 lr: 0.00030000000000000073 	 Training loss: 0.054356204569339754
[2025-01-15 06:34:39,760] INFO: Iter 12500 Summary: 
[2025-01-15 06:34:39,760] INFO: 	 lr: 0.00030000000000000073 	 Training loss: 0.05488895520567894
[2025-01-15 06:34:51,362] INFO: Iter 12600 Summary: 
[2025-01-15 06:34:51,363] INFO: 	 lr: 0.00030000000000000073 	 Training loss: 0.05459456745535135
[2025-01-15 06:35:02,661] INFO: Iter 12700 Summary: 
[2025-01-15 06:35:02,661] INFO: 	 lr: 0.00030000000000000073 	 Training loss: 0.05411959636956453
[2025-01-15 06:35:13,665] INFO: Iter 12800 Summary: 
[2025-01-15 06:35:13,666] INFO: 	 lr: 0.00030000000000000073 	 Training loss: 0.05433380864560604
[2025-01-15 06:35:25,604] INFO: Iter 12900 Summary: 
[2025-01-15 06:35:25,604] INFO: 	 lr: 0.00030000000000000073 	 Training loss: 0.054601045474410054
[2025-01-15 06:35:35,857] INFO: Iter 13000 Summary: 
[2025-01-15 06:35:35,857] INFO: 	 lr: 0.00030000000000000073 	 Training loss: 0.05480878885835409
[2025-01-15 06:35:48,637] INFO: Iter 13100 Summary: 
[2025-01-15 06:35:48,638] INFO: 	 lr: 0.00030000000000000073 	 Training loss: 0.05424031972885132
[2025-01-15 06:35:59,691] INFO: Iter 13200 Summary: 
[2025-01-15 06:35:59,691] INFO: 	 lr: 0.00030000000000000073 	 Training loss: 0.054474486149847505
[2025-01-15 06:36:10,524] INFO: Iter 13300 Summary: 
[2025-01-15 06:36:10,525] INFO: 	 lr: 0.00030000000000000073 	 Training loss: 0.054379255771636964
[2025-01-15 06:36:21,516] INFO: Iter 13400 Summary: 
[2025-01-15 06:36:21,516] INFO: 	 lr: 0.00030000000000000073 	 Training loss: 0.05402579486370087
[2025-01-15 06:36:32,820] INFO: Iter 13500 Summary: 
[2025-01-15 06:36:32,820] INFO: 	 lr: 0.00030000000000000073 	 Training loss: 0.05443134907633066
[2025-01-15 06:36:42,371] INFO: Iter 13600 Summary: 
[2025-01-15 06:36:42,371] INFO: 	 lr: 0.00030000000000000073 	 Training loss: 0.053865668252110484
[2025-01-15 06:36:53,086] INFO: Iter 13700 Summary: 
[2025-01-15 06:36:53,086] INFO: 	 lr: 0.00030000000000000073 	 Training loss: 0.05406261876225472
[2025-01-15 06:37:05,892] INFO: Iter 13800 Summary: 
[2025-01-15 06:37:05,892] INFO: 	 lr: 0.00030000000000000073 	 Training loss: 0.05408986493945122
[2025-01-15 06:37:16,591] INFO: Iter 13900 Summary: 
[2025-01-15 06:37:16,592] INFO: 	 lr: 0.00030000000000000073 	 Training loss: 0.053890465423464776
[2025-01-15 06:37:27,921] INFO: Iter 14000 Summary: 
[2025-01-15 06:37:27,921] INFO: 	 lr: 0.00030000000000000073 	 Training loss: 0.05374046020209789
[2025-01-15 06:37:43,404] INFO: Iter 14100 Summary: 
[2025-01-15 06:37:43,404] INFO: 	 lr: 0.00030000000000000073 	 Training loss: 0.05393612165004015
[2025-01-15 06:37:55,177] INFO: Iter 14200 Summary: 
[2025-01-15 06:37:55,177] INFO: 	 lr: 0.00030000000000000073 	 Training loss: 0.05391355618834495
[2025-01-15 06:38:06,223] INFO: Iter 14300 Summary: 
[2025-01-15 06:38:06,223] INFO: 	 lr: 0.00030000000000000073 	 Training loss: 0.05404106445610523
[2025-01-15 06:38:18,845] INFO: Iter 14400 Summary: 
[2025-01-15 06:38:18,846] INFO: 	 lr: 0.00030000000000000073 	 Training loss: 0.053899319916963576
[2025-01-15 06:38:30,102] INFO: Iter 14500 Summary: 
[2025-01-15 06:38:30,102] INFO: 	 lr: 0.00030000000000000073 	 Training loss: 0.054148593805730345
[2025-01-15 06:38:42,030] INFO: Iter 14600 Summary: 
[2025-01-15 06:38:42,030] INFO: 	 lr: 0.00030000000000000073 	 Training loss: 0.053746518939733506
[2025-01-15 06:38:53,142] INFO: Iter 14700 Summary: 
[2025-01-15 06:38:53,142] INFO: 	 lr: 0.00030000000000000073 	 Training loss: 0.053721802942454815
[2025-01-15 06:39:04,501] INFO: Iter 14800 Summary: 
[2025-01-15 06:39:04,502] INFO: 	 lr: 0.00030000000000000073 	 Training loss: 0.05394150365144015
[2025-01-15 06:39:15,912] INFO: Iter 14900 Summary: 
[2025-01-15 06:39:15,912] INFO: 	 lr: 0.00030000000000000073 	 Training loss: 0.05343633122742176
[2025-01-15 06:39:26,617] INFO: Iter 15000 Summary: 
[2025-01-15 06:39:26,617] INFO: 	 lr: 0.00030000000000000073 	 Training loss: 0.05383159089833498
[2025-01-15 06:39:38,280] INFO: Iter 15100 Summary: 
[2025-01-15 06:39:38,281] INFO: 	 lr: 0.00030000000000000073 	 Training loss: 0.05378824796527624
[2025-01-15 06:39:49,197] INFO: Iter 15200 Summary: 
[2025-01-15 06:39:49,198] INFO: 	 lr: 0.00030000000000000073 	 Training loss: 0.053305998742580414
[2025-01-15 06:40:01,901] INFO: Iter 15300 Summary: 
[2025-01-15 06:40:01,901] INFO: 	 lr: 0.00030000000000000073 	 Training loss: 0.05358603063970804
[2025-01-15 06:40:13,455] INFO: Iter 15400 Summary: 
[2025-01-15 06:40:13,455] INFO: 	 lr: 0.00030000000000000073 	 Training loss: 0.05330390829592943
[2025-01-15 06:40:24,527] INFO: Iter 15500 Summary: 
[2025-01-15 06:40:24,527] INFO: 	 lr: 0.00030000000000000073 	 Training loss: 0.05340686552226544
[2025-01-15 06:40:36,127] INFO: Iter 15600 Summary: 
[2025-01-15 06:40:36,128] INFO: 	 lr: 0.00030000000000000073 	 Training loss: 0.05327579393982887
[2025-01-15 06:40:48,468] INFO: Iter 15700 Summary: 
[2025-01-15 06:40:48,469] INFO: 	 lr: 0.00030000000000000073 	 Training loss: 0.05359949268400669
[2025-01-15 06:41:02,149] INFO: Iter 15800 Summary: 
[2025-01-15 06:41:02,150] INFO: 	 lr: 0.00030000000000000073 	 Training loss: 0.05349553879350424
[2025-01-15 06:41:13,974] INFO: Iter 15900 Summary: 
[2025-01-15 06:41:13,974] INFO: 	 lr: 0.00030000000000000073 	 Training loss: 0.052819798476994036
[2025-01-15 06:41:26,549] INFO: Iter 16000 Summary: 
[2025-01-15 06:41:26,549] INFO: 	 lr: 0.00030000000000000073 	 Training loss: 0.05331286557018757
[2025-01-15 06:41:43,049] INFO: Iter 16100 Summary: 
[2025-01-15 06:41:43,049] INFO: 	 lr: 0.00030000000000000073 	 Training loss: 0.05353599268943071
[2025-01-15 06:41:54,416] INFO: Iter 16200 Summary: 
[2025-01-15 06:41:54,416] INFO: 	 lr: 0.00030000000000000073 	 Training loss: 0.05305341016501188
[2025-01-15 06:42:05,227] INFO: Iter 16300 Summary: 
[2025-01-15 06:42:05,227] INFO: 	 lr: 0.00030000000000000073 	 Training loss: 0.053441996090114116
[2025-01-15 06:42:15,915] INFO: Iter 16400 Summary: 
[2025-01-15 06:42:15,915] INFO: 	 lr: 0.00030000000000000073 	 Training loss: 0.053250706605613235
[2025-01-15 06:42:28,191] INFO: Iter 16500 Summary: 
[2025-01-15 06:42:28,191] INFO: 	 lr: 0.00030000000000000073 	 Training loss: 0.0530585815012455
[2025-01-15 06:42:39,647] INFO: Iter 16600 Summary: 
[2025-01-15 06:42:39,647] INFO: 	 lr: 0.00030000000000000073 	 Training loss: 0.05344318769872189
[2025-01-15 06:42:51,077] INFO: Iter 16700 Summary: 
[2025-01-15 06:42:51,077] INFO: 	 lr: 0.00030000000000000073 	 Training loss: 0.05292341575026512
[2025-01-15 06:43:03,415] INFO: Iter 16800 Summary: 
[2025-01-15 06:43:03,416] INFO: 	 lr: 0.00030000000000000073 	 Training loss: 0.0530311893671751
[2025-01-15 06:43:15,367] INFO: Iter 16900 Summary: 
[2025-01-15 06:43:15,367] INFO: 	 lr: 0.00030000000000000073 	 Training loss: 0.05295711662620306
[2025-01-15 06:43:25,637] INFO: Iter 17000 Summary: 
[2025-01-15 06:43:25,637] INFO: 	 lr: 0.00030000000000000073 	 Training loss: 0.05299612332135439
[2025-01-15 06:43:38,674] INFO: Iter 17100 Summary: 
[2025-01-15 06:43:38,674] INFO: 	 lr: 0.00030000000000000073 	 Training loss: 0.053209839425981044
[2025-01-15 06:43:54,739] INFO: Iter 17200 Summary: 
[2025-01-15 06:43:54,740] INFO: 	 lr: 0.00030000000000000073 	 Training loss: 0.052736797370016575
[2025-01-15 06:44:07,372] INFO: Iter 17300 Summary: 
[2025-01-15 06:44:07,372] INFO: 	 lr: 0.00030000000000000073 	 Training loss: 0.05300897762179375
[2025-01-15 06:44:19,743] INFO: Iter 17400 Summary: 
[2025-01-15 06:44:19,744] INFO: 	 lr: 0.00030000000000000073 	 Training loss: 0.05328059576451778
[2025-01-15 06:44:32,176] INFO: Iter 17500 Summary: 
[2025-01-15 06:44:32,176] INFO: 	 lr: 0.00030000000000000073 	 Training loss: 0.05326089818030596
[2025-01-15 06:44:44,573] INFO: Iter 17600 Summary: 
[2025-01-15 06:44:44,573] INFO: 	 lr: 0.00030000000000000073 	 Training loss: 0.05318608433008194
[2025-01-15 06:44:56,283] INFO: Iter 17700 Summary: 
[2025-01-15 06:44:56,284] INFO: 	 lr: 0.00030000000000000073 	 Training loss: 0.052641623727977274
[2025-01-15 06:45:09,080] INFO: Iter 17800 Summary: 
[2025-01-15 06:45:09,080] INFO: 	 lr: 0.00030000000000000073 	 Training loss: 0.05293650548905134
[2025-01-15 06:45:23,257] INFO: Iter 17900 Summary: 
[2025-01-15 06:45:23,257] INFO: 	 lr: 0.00030000000000000073 	 Training loss: 0.05303054261952639
[2025-01-15 06:45:36,109] INFO: Iter 18000 Summary: 
[2025-01-15 06:45:36,111] INFO: 	 lr: 0.00030000000000000073 	 Training loss: 0.052968842536211015
[2025-01-15 06:45:54,624] INFO: Iter 18100 Summary: 
[2025-01-15 06:45:54,625] INFO: 	 lr: 0.00030000000000000073 	 Training loss: 0.052398565039038655
[2025-01-15 06:46:08,047] INFO: Iter 18200 Summary: 
[2025-01-15 06:46:08,047] INFO: 	 lr: 0.00030000000000000073 	 Training loss: 0.05291131764650345
[2025-01-15 06:46:20,890] INFO: Iter 18300 Summary: 
[2025-01-15 06:46:20,890] INFO: 	 lr: 0.00030000000000000073 	 Training loss: 0.0528187932446599
[2025-01-15 06:46:34,070] INFO: Iter 18400 Summary: 
[2025-01-15 06:46:34,070] INFO: 	 lr: 0.00030000000000000073 	 Training loss: 0.05301733270287514
[2025-01-15 06:46:47,736] INFO: Iter 18500 Summary: 
[2025-01-15 06:46:47,737] INFO: 	 lr: 0.00030000000000000073 	 Training loss: 0.052568930685520175
[2025-01-15 06:47:00,801] INFO: Iter 18600 Summary: 
[2025-01-15 06:47:00,801] INFO: 	 lr: 0.00030000000000000073 	 Training loss: 0.0524772771447897
[2025-01-15 06:47:13,987] INFO: Iter 18700 Summary: 
[2025-01-15 06:47:13,988] INFO: 	 lr: 0.00030000000000000073 	 Training loss: 0.05268504150211811
[2025-01-15 06:47:27,095] INFO: Iter 18800 Summary: 
[2025-01-15 06:47:27,095] INFO: 	 lr: 0.00030000000000000073 	 Training loss: 0.052688784524798395
[2025-01-15 06:47:38,331] INFO: Iter 18900 Summary: 
[2025-01-15 06:47:38,331] INFO: 	 lr: 0.00030000000000000073 	 Training loss: 0.05280333120375871
[2025-01-15 06:47:50,997] INFO: Iter 19000 Summary: 
[2025-01-15 06:47:50,997] INFO: 	 lr: 0.00030000000000000073 	 Training loss: 0.05256221819669008
[2025-01-15 06:48:02,306] INFO: Iter 19100 Summary: 
[2025-01-15 06:48:02,306] INFO: 	 lr: 0.00030000000000000073 	 Training loss: 0.05293161865323782
[2025-01-15 06:48:16,239] INFO: Iter 19200 Summary: 
[2025-01-15 06:48:16,240] INFO: 	 lr: 0.00030000000000000073 	 Training loss: 0.052886013463139536
[2025-01-15 06:48:27,389] INFO: Iter 19300 Summary: 
[2025-01-15 06:48:27,390] INFO: 	 lr: 0.00030000000000000073 	 Training loss: 0.05286993190646171
[2025-01-15 06:48:39,605] INFO: Iter 19400 Summary: 
[2025-01-15 06:48:39,606] INFO: 	 lr: 0.00030000000000000073 	 Training loss: 0.05238075971603393
[2025-01-15 06:48:51,937] INFO: Iter 19500 Summary: 
[2025-01-15 06:48:51,938] INFO: 	 lr: 0.00030000000000000073 	 Training loss: 0.05238515119999647
[2025-01-15 06:49:04,578] INFO: Iter 19600 Summary: 
[2025-01-15 06:49:04,579] INFO: 	 lr: 0.00030000000000000073 	 Training loss: 0.05252725709229708
[2025-01-15 06:49:17,145] INFO: Iter 19700 Summary: 
[2025-01-15 06:49:17,145] INFO: 	 lr: 0.00030000000000000073 	 Training loss: 0.052549671903252604
[2025-01-15 06:49:28,152] INFO: Iter 19800 Summary: 
[2025-01-15 06:49:28,152] INFO: 	 lr: 0.00030000000000000073 	 Training loss: 0.052661309614777566
[2025-01-15 06:49:43,068] INFO: Iter 19900 Summary: 
[2025-01-15 06:49:43,068] INFO: 	 lr: 0.00030000000000000073 	 Training loss: 0.05255116246640682
[2025-01-15 06:49:55,375] INFO: Iter 20000 Summary: 
[2025-01-15 06:49:55,375] INFO: 	 lr: 0.00030000000000000073 	 Training loss: 0.052375921346247196
[2025-01-15 06:50:15,480] INFO: Iter 20100 Summary: 
[2025-01-15 06:50:15,480] INFO: 	 lr: 0.00030000000000000073 	 Training loss: 0.05222698297351599
[2025-01-15 06:50:28,477] INFO: Iter 20200 Summary: 
[2025-01-15 06:50:28,477] INFO: 	 lr: 0.00030000000000000073 	 Training loss: 0.052457435578107836
[2025-01-15 06:50:39,972] INFO: Iter 20300 Summary: 
[2025-01-15 06:50:39,972] INFO: 	 lr: 0.00030000000000000073 	 Training loss: 0.05226426158100367
[2025-01-15 06:50:52,628] INFO: Iter 20400 Summary: 
[2025-01-15 06:50:52,628] INFO: 	 lr: 0.00030000000000000073 	 Training loss: 0.05237122755497694
[2025-01-15 06:51:06,124] INFO: Iter 20500 Summary: 
[2025-01-15 06:51:06,124] INFO: 	 lr: 0.00030000000000000073 	 Training loss: 0.052298799492418765
[2025-01-15 06:51:21,098] INFO: Iter 20600 Summary: 
[2025-01-15 06:51:21,098] INFO: 	 lr: 0.00030000000000000073 	 Training loss: 0.05241319578140974
[2025-01-15 06:51:33,450] INFO: Iter 20700 Summary: 
[2025-01-15 06:51:33,451] INFO: 	 lr: 0.00030000000000000073 	 Training loss: 0.05225664805620909
[2025-01-15 06:51:46,014] INFO: Iter 20800 Summary: 
[2025-01-15 06:51:46,014] INFO: 	 lr: 0.00030000000000000073 	 Training loss: 0.0522861097753048
[2025-01-15 06:51:59,818] INFO: Iter 20900 Summary: 
[2025-01-15 06:51:59,818] INFO: 	 lr: 0.00030000000000000073 	 Training loss: 0.05236712750047445
[2025-01-15 06:52:11,179] INFO: Iter 21000 Summary: 
[2025-01-15 06:52:11,179] INFO: 	 lr: 0.00030000000000000073 	 Training loss: 0.051956979483366014
[2025-01-15 06:52:22,190] INFO: Iter 21100 Summary: 
[2025-01-15 06:52:22,191] INFO: 	 lr: 0.00030000000000000073 	 Training loss: 0.05267289455980063
[2025-01-15 06:52:34,367] INFO: Iter 21200 Summary: 
[2025-01-15 06:52:34,367] INFO: 	 lr: 0.00030000000000000073 	 Training loss: 0.05241418182849884
[2025-01-15 06:52:49,691] INFO: Iter 21300 Summary: 
[2025-01-15 06:52:49,692] INFO: 	 lr: 0.00030000000000000073 	 Training loss: 0.05207396406680345
[2025-01-15 06:53:03,492] INFO: Iter 21400 Summary: 
[2025-01-15 06:53:03,492] INFO: 	 lr: 0.00030000000000000073 	 Training loss: 0.052172641940414904
[2025-01-15 06:53:17,489] INFO: Iter 21500 Summary: 
[2025-01-15 06:53:17,489] INFO: 	 lr: 0.00030000000000000073 	 Training loss: 0.05208264552056789
[2025-01-15 06:53:29,849] INFO: Iter 21600 Summary: 
[2025-01-15 06:53:29,849] INFO: 	 lr: 0.00030000000000000073 	 Training loss: 0.05193643137812615
[2025-01-15 06:53:41,880] INFO: Iter 21700 Summary: 
[2025-01-15 06:53:41,880] INFO: 	 lr: 0.00030000000000000073 	 Training loss: 0.052030675821006296
[2025-01-15 06:53:54,712] INFO: Iter 21800 Summary: 
[2025-01-15 06:53:54,712] INFO: 	 lr: 0.00030000000000000073 	 Training loss: 0.05249301817268133
[2025-01-15 06:54:06,482] INFO: Iter 21900 Summary: 
[2025-01-15 06:54:06,482] INFO: 	 lr: 0.00030000000000000073 	 Training loss: 0.051776391454041004
[2025-01-15 06:54:21,300] INFO: Iter 22000 Summary: 
[2025-01-15 06:54:21,300] INFO: 	 lr: 0.00030000000000000073 	 Training loss: 0.05217322755604983
[2025-01-15 06:54:38,154] INFO: Iter 22100 Summary: 
[2025-01-15 06:54:38,154] INFO: 	 lr: 0.00030000000000000073 	 Training loss: 0.05205353554338217
[2025-01-15 06:54:50,491] INFO: Iter 22200 Summary: 
[2025-01-15 06:54:50,491] INFO: 	 lr: 0.00030000000000000073 	 Training loss: 0.0519427315890789
[2025-01-15 06:55:02,348] INFO: Iter 22300 Summary: 
[2025-01-15 06:55:02,348] INFO: 	 lr: 0.00030000000000000073 	 Training loss: 0.0521772750467062
[2025-01-15 06:55:13,443] INFO: Iter 22400 Summary: 
[2025-01-15 06:55:13,443] INFO: 	 lr: 0.00030000000000000073 	 Training loss: 0.05205124709755182
[2025-01-15 06:55:26,422] INFO: Iter 22500 Summary: 
[2025-01-15 06:55:26,422] INFO: 	 lr: 0.00030000000000000073 	 Training loss: 0.051844533756375315
[2025-01-15 06:55:38,867] INFO: Iter 22600 Summary: 
[2025-01-15 06:55:38,867] INFO: 	 lr: 0.00030000000000000073 	 Training loss: 0.052097412571310994
[2025-01-15 06:55:52,721] INFO: Iter 22700 Summary: 
[2025-01-15 06:55:52,721] INFO: 	 lr: 0.00030000000000000073 	 Training loss: 0.05181400164961815
[2025-01-15 06:56:05,177] INFO: Iter 22800 Summary: 
[2025-01-15 06:56:05,177] INFO: 	 lr: 0.00030000000000000073 	 Training loss: 0.05195852570235729
[2025-01-15 06:56:16,806] INFO: Iter 22900 Summary: 
[2025-01-15 06:56:16,806] INFO: 	 lr: 0.00030000000000000073 	 Training loss: 0.05185305438935757
[2025-01-15 06:56:29,576] INFO: Iter 23000 Summary: 
[2025-01-15 06:56:29,576] INFO: 	 lr: 0.00030000000000000073 	 Training loss: 0.0519954826310277
[2025-01-15 06:56:43,032] INFO: Iter 23100 Summary: 
[2025-01-15 06:56:43,032] INFO: 	 lr: 0.00030000000000000073 	 Training loss: 0.05193724289536476
[2025-01-15 06:56:56,136] INFO: Iter 23200 Summary: 
[2025-01-15 06:56:56,136] INFO: 	 lr: 0.00030000000000000073 	 Training loss: 0.05202623836696148
[2025-01-15 06:57:08,840] INFO: Iter 23300 Summary: 
[2025-01-15 06:57:08,840] INFO: 	 lr: 0.00030000000000000073 	 Training loss: 0.05183381170034409
[2025-01-15 06:57:23,227] INFO: Iter 23400 Summary: 
[2025-01-15 06:57:23,228] INFO: 	 lr: 0.00030000000000000073 	 Training loss: 0.051837888360023496
[2025-01-15 06:57:35,866] INFO: Iter 23500 Summary: 
[2025-01-15 06:57:35,866] INFO: 	 lr: 0.00030000000000000073 	 Training loss: 0.051821317225694656
[2025-01-15 06:57:47,887] INFO: Iter 23600 Summary: 
[2025-01-15 06:57:47,888] INFO: 	 lr: 0.00030000000000000073 	 Training loss: 0.05230440132319927
[2025-01-15 06:58:01,800] INFO: Iter 23700 Summary: 
[2025-01-15 06:58:01,800] INFO: 	 lr: 0.00030000000000000073 	 Training loss: 0.05216025102883577
[2025-01-15 06:58:14,417] INFO: Iter 23800 Summary: 
[2025-01-15 06:58:14,418] INFO: 	 lr: 0.00030000000000000073 	 Training loss: 0.05177167002111673
[2025-01-15 06:58:26,910] INFO: Iter 23900 Summary: 
[2025-01-15 06:58:26,911] INFO: 	 lr: 0.00030000000000000073 	 Training loss: 0.05196237809956074
[2025-01-15 06:58:41,524] INFO: Iter 24000 Summary: 
[2025-01-15 06:58:41,524] INFO: 	 lr: 0.00030000000000000073 	 Training loss: 0.051673932671546935
[2025-01-15 06:58:59,450] INFO: Iter 24100 Summary: 
[2025-01-15 06:58:59,450] INFO: 	 lr: 0.00030000000000000073 	 Training loss: 0.05154715240001678
[2025-01-15 06:59:12,905] INFO: Iter 24200 Summary: 
[2025-01-15 06:59:12,905] INFO: 	 lr: 0.00030000000000000073 	 Training loss: 0.05186949409544468
[2025-01-15 06:59:24,532] INFO: Iter 24300 Summary: 
[2025-01-15 06:59:24,532] INFO: 	 lr: 0.00030000000000000073 	 Training loss: 0.05185093179345131
[2025-01-15 06:59:35,475] INFO: Iter 24400 Summary: 
[2025-01-15 06:59:35,475] INFO: 	 lr: 0.00030000000000000073 	 Training loss: 0.05196223311126232
[2025-01-15 06:59:47,075] INFO: Iter 24500 Summary: 
[2025-01-15 06:59:47,075] INFO: 	 lr: 0.00030000000000000073 	 Training loss: 0.05139188665896654
[2025-01-15 06:59:59,479] INFO: Iter 24600 Summary: 
[2025-01-15 06:59:59,479] INFO: 	 lr: 0.00030000000000000073 	 Training loss: 0.05173285614699125
[2025-01-15 07:00:12,764] INFO: Iter 24700 Summary: 
[2025-01-15 07:00:12,764] INFO: 	 lr: 0.00030000000000000073 	 Training loss: 0.051892437785863874
[2025-01-15 07:00:25,815] INFO: Iter 24800 Summary: 
[2025-01-15 07:00:25,816] INFO: 	 lr: 0.00030000000000000073 	 Training loss: 0.05170595292001963
[2025-01-15 07:00:37,281] INFO: Iter 24900 Summary: 
[2025-01-15 07:00:37,281] INFO: 	 lr: 0.00030000000000000073 	 Training loss: 0.051617334373295305
[2025-01-15 07:00:49,712] INFO: Iter 25000 Summary: 
[2025-01-15 07:00:49,713] INFO: 	 lr: 0.00030000000000000073 	 Training loss: 0.051789507120847705
[2025-01-15 07:01:01,803] INFO: Iter 25100 Summary: 
[2025-01-15 07:01:01,803] INFO: 	 lr: 0.00030000000000000073 	 Training loss: 0.05203493632376194
[2025-01-15 07:01:15,775] INFO: Iter 25200 Summary: 
[2025-01-15 07:01:15,775] INFO: 	 lr: 0.00030000000000000073 	 Training loss: 0.051780809983611106
[2025-01-15 07:01:28,728] INFO: Iter 25300 Summary: 
[2025-01-15 07:01:28,729] INFO: 	 lr: 0.00030000000000000073 	 Training loss: 0.051786612831056116
[2025-01-15 07:01:43,648] INFO: Iter 25400 Summary: 
[2025-01-15 07:01:43,648] INFO: 	 lr: 0.00030000000000000073 	 Training loss: 0.05168447121977806
[2025-01-15 07:01:56,715] INFO: Iter 25500 Summary: 
[2025-01-15 07:01:56,715] INFO: 	 lr: 0.00030000000000000073 	 Training loss: 0.05129542119801044
[2025-01-15 07:02:08,373] INFO: Iter 25600 Summary: 
[2025-01-15 07:02:08,373] INFO: 	 lr: 0.00030000000000000073 	 Training loss: 0.05157778151333332
[2025-01-15 07:02:20,435] INFO: Iter 25700 Summary: 
[2025-01-15 07:02:20,435] INFO: 	 lr: 0.00030000000000000073 	 Training loss: 0.05175087027251721
[2025-01-15 07:02:32,502] INFO: Iter 25800 Summary: 
[2025-01-15 07:02:32,502] INFO: 	 lr: 0.00030000000000000073 	 Training loss: 0.05169652670621872
[2025-01-15 07:02:43,270] INFO: Iter 25900 Summary: 
[2025-01-15 07:02:43,271] INFO: 	 lr: 0.00030000000000000073 	 Training loss: 0.05153846770524979
[2025-01-15 07:02:56,317] INFO: Iter 26000 Summary: 
[2025-01-15 07:02:56,318] INFO: 	 lr: 0.00030000000000000073 	 Training loss: 0.05160922475159168
[2025-01-15 07:03:16,834] INFO: Iter 26100 Summary: 
[2025-01-15 07:03:16,834] INFO: 	 lr: 0.00030000000000000073 	 Training loss: 0.05152109943330288
[2025-01-15 07:03:30,873] INFO: Iter 26200 Summary: 
[2025-01-15 07:03:30,873] INFO: 	 lr: 0.00030000000000000073 	 Training loss: 0.05152227383106947
[2025-01-15 07:03:45,438] INFO: Iter 26300 Summary: 
[2025-01-15 07:03:45,438] INFO: 	 lr: 0.00030000000000000073 	 Training loss: 0.0515926218405366
[2025-01-15 07:03:58,675] INFO: Iter 26400 Summary: 
[2025-01-15 07:03:58,675] INFO: 	 lr: 0.00030000000000000073 	 Training loss: 0.05132583193480968
[2025-01-15 07:04:11,331] INFO: Iter 26500 Summary: 
[2025-01-15 07:04:11,331] INFO: 	 lr: 0.00030000000000000073 	 Training loss: 0.05174839235842228
[2025-01-15 07:04:22,385] INFO: Iter 26600 Summary: 
[2025-01-15 07:04:22,385] INFO: 	 lr: 0.00030000000000000073 	 Training loss: 0.05183933474123478
[2025-01-15 07:04:36,518] INFO: Iter 26700 Summary: 
[2025-01-15 07:04:36,519] INFO: 	 lr: 0.00030000000000000073 	 Training loss: 0.05126439839601517
[2025-01-15 07:04:49,758] INFO: Iter 26800 Summary: 
[2025-01-15 07:04:49,759] INFO: 	 lr: 0.00030000000000000073 	 Training loss: 0.05121623210608959
[2025-01-15 07:05:00,435] INFO: Iter 26900 Summary: 
[2025-01-15 07:05:00,435] INFO: 	 lr: 0.00030000000000000073 	 Training loss: 0.0515736585855484
[2025-01-15 07:05:12,766] INFO: Iter 27000 Summary: 
[2025-01-15 07:05:12,766] INFO: 	 lr: 0.00030000000000000073 	 Training loss: 0.051243205592036246
[2025-01-15 07:05:23,328] INFO: Iter 27100 Summary: 
[2025-01-15 07:05:23,328] INFO: 	 lr: 0.00030000000000000073 	 Training loss: 0.05162887908518314
[2025-01-15 07:05:37,138] INFO: Iter 27200 Summary: 
[2025-01-15 07:05:37,139] INFO: 	 lr: 0.00030000000000000073 	 Training loss: 0.051686001420021055
[2025-01-15 07:05:48,640] INFO: Iter 27300 Summary: 
[2025-01-15 07:05:48,640] INFO: 	 lr: 0.00030000000000000073 	 Training loss: 0.05161963239312172
[2025-01-15 07:06:01,147] INFO: Iter 27400 Summary: 
[2025-01-15 07:06:01,147] INFO: 	 lr: 0.00030000000000000073 	 Training loss: 0.05138900831341744
[2025-01-15 07:06:16,272] INFO: Iter 27500 Summary: 
[2025-01-15 07:06:16,272] INFO: 	 lr: 0.00030000000000000073 	 Training loss: 0.0513686091452837
[2025-01-15 07:06:27,716] INFO: Iter 27600 Summary: 
[2025-01-15 07:06:27,716] INFO: 	 lr: 0.00030000000000000073 	 Training loss: 0.05144425936043263
[2025-01-15 07:06:41,104] INFO: Iter 27700 Summary: 
[2025-01-15 07:06:41,104] INFO: 	 lr: 0.00030000000000000073 	 Training loss: 0.051406397670507434
[2025-01-15 07:06:53,475] INFO: Iter 27800 Summary: 
[2025-01-15 07:06:53,475] INFO: 	 lr: 0.00030000000000000073 	 Training loss: 0.051541889607906344
[2025-01-15 07:07:05,357] INFO: Iter 27900 Summary: 
[2025-01-15 07:07:05,357] INFO: 	 lr: 0.00030000000000000073 	 Training loss: 0.05154792811721563
[2025-01-15 07:07:15,428] INFO: Iter 28000 Summary: 
[2025-01-15 07:07:15,428] INFO: 	 lr: 0.00030000000000000073 	 Training loss: 0.05140175301581621
[2025-01-15 07:07:34,786] INFO: Iter 28100 Summary: 
[2025-01-15 07:07:34,787] INFO: 	 lr: 0.00030000000000000073 	 Training loss: 0.051122060790657994
[2025-01-15 07:07:47,264] INFO: Iter 28200 Summary: 
[2025-01-15 07:07:47,264] INFO: 	 lr: 0.00030000000000000073 	 Training loss: 0.05138503652065993
[2025-01-15 07:07:59,065] INFO: Iter 28300 Summary: 
[2025-01-15 07:07:59,065] INFO: 	 lr: 0.00030000000000000073 	 Training loss: 0.051387872472405435
[2025-01-15 07:08:12,587] INFO: Iter 28400 Summary: 
[2025-01-15 07:08:12,587] INFO: 	 lr: 0.00030000000000000073 	 Training loss: 0.05137742012739181
[2025-01-15 07:08:25,130] INFO: Iter 28500 Summary: 
[2025-01-15 07:08:25,130] INFO: 	 lr: 0.00030000000000000073 	 Training loss: 0.05121797475963831
[2025-01-15 07:08:38,418] INFO: Iter 28600 Summary: 
[2025-01-15 07:08:38,418] INFO: 	 lr: 0.00030000000000000073 	 Training loss: 0.05118072398006916
[2025-01-15 07:08:50,487] INFO: Iter 28700 Summary: 
[2025-01-15 07:08:50,487] INFO: 	 lr: 0.00030000000000000073 	 Training loss: 0.05150972455739975
[2025-01-15 07:09:05,915] INFO: Iter 28800 Summary: 
[2025-01-15 07:09:05,915] INFO: 	 lr: 0.00030000000000000073 	 Training loss: 0.05142590366303921
[2025-01-15 07:09:18,965] INFO: Iter 28900 Summary: 
[2025-01-15 07:09:18,965] INFO: 	 lr: 0.00030000000000000073 	 Training loss: 0.05123074281960726
[2025-01-15 07:09:32,526] INFO: Iter 29000 Summary: 
[2025-01-15 07:09:32,527] INFO: 	 lr: 0.00030000000000000073 	 Training loss: 0.05169364687055349
[2025-01-15 07:09:44,221] INFO: Iter 29100 Summary: 
[2025-01-15 07:09:44,222] INFO: 	 lr: 0.00030000000000000073 	 Training loss: 0.05106312990188599
[2025-01-15 07:09:55,650] INFO: Iter 29200 Summary: 
[2025-01-15 07:09:55,650] INFO: 	 lr: 0.00030000000000000073 	 Training loss: 0.05132686570286751
[2025-01-15 07:10:08,140] INFO: Iter 29300 Summary: 
[2025-01-15 07:10:08,140] INFO: 	 lr: 0.00030000000000000073 	 Training loss: 0.05110793299973011
[2025-01-15 07:10:20,323] INFO: Iter 29400 Summary: 
[2025-01-15 07:10:20,323] INFO: 	 lr: 0.00030000000000000073 	 Training loss: 0.05115425430238247
[2025-01-15 07:10:35,806] INFO: Iter 29500 Summary: 
[2025-01-15 07:10:35,806] INFO: 	 lr: 0.00030000000000000073 	 Training loss: 0.05137296073138714
[2025-01-15 07:10:48,337] INFO: Iter 29600 Summary: 
[2025-01-15 07:10:48,337] INFO: 	 lr: 0.00030000000000000073 	 Training loss: 0.05089502315968275
[2025-01-15 07:11:01,204] INFO: Iter 29700 Summary: 
[2025-01-15 07:11:01,204] INFO: 	 lr: 0.00030000000000000073 	 Training loss: 0.051092976704239845
[2025-01-15 07:11:12,931] INFO: Iter 29800 Summary: 
[2025-01-15 07:11:12,931] INFO: 	 lr: 0.00030000000000000073 	 Training loss: 0.05145607206970453
[2025-01-15 07:11:24,696] INFO: Iter 29900 Summary: 
[2025-01-15 07:11:24,696] INFO: 	 lr: 0.00030000000000000073 	 Training loss: 0.05120446216315031
[2025-01-15 07:11:36,763] INFO: Iter 30000 Summary: 
[2025-01-15 07:11:36,764] INFO: 	 lr: 0.00030000000000000073 	 Training loss: 0.05144938841462135
[2025-01-15 07:11:55,804] INFO: Iter 30100 Summary: 
[2025-01-15 07:11:55,804] INFO: 	 lr: 1.2900000000000026e-05 	 Training loss: 0.05028166025876999
[2025-01-15 07:12:11,348] INFO: Iter 30200 Summary: 
[2025-01-15 07:12:11,348] INFO: 	 lr: 1.000000000000002e-05 	 Training loss: 0.049675428755581376
[2025-01-15 07:12:24,019] INFO: Iter 30300 Summary: 
[2025-01-15 07:12:24,019] INFO: 	 lr: 1.000000000000002e-05 	 Training loss: 0.0493815204128623
[2025-01-15 07:12:36,501] INFO: Iter 30400 Summary: 
[2025-01-15 07:12:36,501] INFO: 	 lr: 1.000000000000002e-05 	 Training loss: 0.04953485205769539
[2025-01-15 07:12:49,281] INFO: Iter 30500 Summary: 
[2025-01-15 07:12:49,281] INFO: 	 lr: 1.000000000000002e-05 	 Training loss: 0.04933099638670683
[2025-01-15 07:13:02,302] INFO: Iter 30600 Summary: 
[2025-01-15 07:13:02,302] INFO: 	 lr: 1.000000000000002e-05 	 Training loss: 0.04930364478379488
[2025-01-15 07:13:14,148] INFO: Iter 30700 Summary: 
[2025-01-15 07:13:14,148] INFO: 	 lr: 1.000000000000002e-05 	 Training loss: 0.04902316194027662
[2025-01-15 07:13:26,921] INFO: Iter 30800 Summary: 
[2025-01-15 07:13:26,922] INFO: 	 lr: 1.000000000000002e-05 	 Training loss: 0.049028753377497195
[2025-01-15 07:13:41,670] INFO: Iter 30900 Summary: 
[2025-01-15 07:13:41,670] INFO: 	 lr: 1.000000000000002e-05 	 Training loss: 0.0489608009904623
[2025-01-15 07:13:55,113] INFO: Iter 31000 Summary: 
[2025-01-15 07:13:55,113] INFO: 	 lr: 1.000000000000002e-05 	 Training loss: 0.04930717013776302
[2025-01-15 07:14:08,616] INFO: Iter 31100 Summary: 
[2025-01-15 07:14:08,616] INFO: 	 lr: 1.000000000000002e-05 	 Training loss: 0.04866977203637361
[2025-01-15 07:14:20,043] INFO: Iter 31200 Summary: 
[2025-01-15 07:14:20,043] INFO: 	 lr: 1.000000000000002e-05 	 Training loss: 0.048962660133838654
[2025-01-15 07:14:32,352] INFO: Iter 31300 Summary: 
[2025-01-15 07:14:32,352] INFO: 	 lr: 1.000000000000002e-05 	 Training loss: 0.04902907717972994
[2025-01-15 07:14:44,704] INFO: Iter 31400 Summary: 
[2025-01-15 07:14:44,704] INFO: 	 lr: 1.000000000000002e-05 	 Training loss: 0.049066392928361895
[2025-01-15 07:14:58,565] INFO: Iter 31500 Summary: 
[2025-01-15 07:14:58,565] INFO: 	 lr: 1.000000000000002e-05 	 Training loss: 0.04886412791907788
[2025-01-15 07:15:12,955] INFO: Iter 31600 Summary: 
[2025-01-15 07:15:12,956] INFO: 	 lr: 1.000000000000002e-05 	 Training loss: 0.048838974609971046
[2025-01-15 07:15:25,801] INFO: Iter 31700 Summary: 
[2025-01-15 07:15:25,802] INFO: 	 lr: 1.000000000000002e-05 	 Training loss: 0.04889074310660362
[2025-01-15 07:15:37,635] INFO: Iter 31800 Summary: 
[2025-01-15 07:15:37,636] INFO: 	 lr: 1.000000000000002e-05 	 Training loss: 0.04864982880651951
[2025-01-15 07:15:50,631] INFO: Iter 31900 Summary: 
[2025-01-15 07:15:50,631] INFO: 	 lr: 1.000000000000002e-05 	 Training loss: 0.04892565757036209
[2025-01-15 07:16:03,565] INFO: Iter 32000 Summary: 
[2025-01-15 07:16:03,566] INFO: 	 lr: 1.000000000000002e-05 	 Training loss: 0.04906894616782665
[2025-01-15 07:16:21,864] INFO: Iter 32100 Summary: 
[2025-01-15 07:16:21,864] INFO: 	 lr: 1.000000000000002e-05 	 Training loss: 0.048864740319550036
[2025-01-15 07:16:36,283] INFO: Iter 32200 Summary: 
[2025-01-15 07:16:36,283] INFO: 	 lr: 1.000000000000002e-05 	 Training loss: 0.048962389901280406
[2025-01-15 07:16:51,012] INFO: Iter 32300 Summary: 
[2025-01-15 07:16:51,012] INFO: 	 lr: 1.000000000000002e-05 	 Training loss: 0.048729518093168736
[2025-01-15 07:17:04,238] INFO: Iter 32400 Summary: 
[2025-01-15 07:17:04,238] INFO: 	 lr: 1.000000000000002e-05 	 Training loss: 0.04864145871251822
[2025-01-15 07:17:16,230] INFO: Iter 32500 Summary: 
[2025-01-15 07:17:16,230] INFO: 	 lr: 1.000000000000002e-05 	 Training loss: 0.04885004609823227
[2025-01-15 07:17:29,168] INFO: Iter 32600 Summary: 
[2025-01-15 07:17:29,168] INFO: 	 lr: 1.000000000000002e-05 	 Training loss: 0.049035226590931416
[2025-01-15 07:17:40,364] INFO: Iter 32700 Summary: 
[2025-01-15 07:17:40,364] INFO: 	 lr: 1.000000000000002e-05 	 Training loss: 0.04849041219800711
[2025-01-15 07:17:54,239] INFO: Iter 32800 Summary: 
[2025-01-15 07:17:54,239] INFO: 	 lr: 1.000000000000002e-05 	 Training loss: 0.048830981999635696
[2025-01-15 07:18:07,344] INFO: Iter 32900 Summary: 
[2025-01-15 07:18:07,345] INFO: 	 lr: 1.000000000000002e-05 	 Training loss: 0.048787015415728094
[2025-01-15 07:18:20,304] INFO: Iter 33000 Summary: 
[2025-01-15 07:18:20,304] INFO: 	 lr: 1.000000000000002e-05 	 Training loss: 0.048588600270450116
[2025-01-15 07:18:31,631] INFO: Iter 33100 Summary: 
[2025-01-15 07:18:31,631] INFO: 	 lr: 1.000000000000002e-05 	 Training loss: 0.04875346276909113
[2025-01-15 07:18:42,163] INFO: Iter 33200 Summary: 
[2025-01-15 07:18:42,164] INFO: 	 lr: 1.000000000000002e-05 	 Training loss: 0.04873108737170696
[2025-01-15 07:18:53,437] INFO: Iter 33300 Summary: 
[2025-01-15 07:18:53,437] INFO: 	 lr: 1.000000000000002e-05 	 Training loss: 0.04854185439646244
[2025-01-15 07:19:06,410] INFO: Iter 33400 Summary: 
[2025-01-15 07:19:06,410] INFO: 	 lr: 1.000000000000002e-05 	 Training loss: 0.04862955924123526
[2025-01-15 07:19:20,345] INFO: Iter 33500 Summary: 
[2025-01-15 07:19:20,345] INFO: 	 lr: 1.000000000000002e-05 	 Training loss: 0.04845254994928837
[2025-01-15 07:19:38,314] INFO: Iter 33600 Summary: 
[2025-01-15 07:19:38,315] INFO: 	 lr: 1.000000000000002e-05 	 Training loss: 0.04849050015211105
[2025-01-15 07:19:50,461] INFO: Iter 33700 Summary: 
[2025-01-15 07:19:50,461] INFO: 	 lr: 1.000000000000002e-05 	 Training loss: 0.04853034522384405
[2025-01-15 07:20:02,797] INFO: Iter 33800 Summary: 
[2025-01-15 07:20:02,797] INFO: 	 lr: 1.000000000000002e-05 	 Training loss: 0.04823997355997563
[2025-01-15 07:20:16,929] INFO: Iter 33900 Summary: 
[2025-01-15 07:20:16,929] INFO: 	 lr: 1.000000000000002e-05 	 Training loss: 0.04848219331353903
[2025-01-15 07:20:28,167] INFO: Iter 34000 Summary: 
[2025-01-15 07:20:28,167] INFO: 	 lr: 1.000000000000002e-05 	 Training loss: 0.04870743867009878
[2025-01-15 07:20:45,684] INFO: Iter 34100 Summary: 
[2025-01-15 07:20:45,684] INFO: 	 lr: 1.000000000000002e-05 	 Training loss: 0.0488347128033638
[2025-01-15 07:20:58,814] INFO: Iter 34200 Summary: 
[2025-01-15 07:20:58,814] INFO: 	 lr: 1.000000000000002e-05 	 Training loss: 0.048722859919071194
[2025-01-15 07:21:14,170] INFO: Iter 34300 Summary: 
[2025-01-15 07:21:14,170] INFO: 	 lr: 1.000000000000002e-05 	 Training loss: 0.048947566896677015
[2025-01-15 07:21:27,696] INFO: Iter 34400 Summary: 
[2025-01-15 07:21:27,696] INFO: 	 lr: 1.000000000000002e-05 	 Training loss: 0.04827873043715954
[2025-01-15 07:21:39,210] INFO: Iter 34500 Summary: 
[2025-01-15 07:21:39,211] INFO: 	 lr: 1.000000000000002e-05 	 Training loss: 0.048474359512329104
[2025-01-15 07:21:52,668] INFO: Iter 34600 Summary: 
[2025-01-15 07:21:52,668] INFO: 	 lr: 1.000000000000002e-05 	 Training loss: 0.04839454650878906
[2025-01-15 07:22:04,362] INFO: Iter 34700 Summary: 
[2025-01-15 07:22:04,362] INFO: 	 lr: 1.000000000000002e-05 	 Training loss: 0.048642621524631974
[2025-01-15 07:22:17,411] INFO: Iter 34800 Summary: 
[2025-01-15 07:22:17,411] INFO: 	 lr: 1.000000000000002e-05 	 Training loss: 0.04856131017208099
[2025-01-15 07:22:30,686] INFO: Iter 34900 Summary: 
[2025-01-15 07:22:30,687] INFO: 	 lr: 1.000000000000002e-05 	 Training loss: 0.04867718949913979
[2025-01-15 07:22:46,620] INFO: Iter 35000 Summary: 
[2025-01-15 07:22:46,620] INFO: 	 lr: 1.000000000000002e-05 	 Training loss: 0.048626840971410276
[2025-01-15 07:22:58,900] INFO: Iter 35100 Summary: 
[2025-01-15 07:22:58,900] INFO: 	 lr: 1.000000000000002e-05 	 Training loss: 0.04867944188416004
[2025-01-15 07:23:12,230] INFO: Iter 35200 Summary: 
[2025-01-15 07:23:12,231] INFO: 	 lr: 1.000000000000002e-05 	 Training loss: 0.048173523098230364
[2025-01-15 07:23:24,856] INFO: Iter 35300 Summary: 
[2025-01-15 07:23:24,857] INFO: 	 lr: 1.000000000000002e-05 	 Training loss: 0.048906244300305844
[2025-01-15 07:23:38,302] INFO: Iter 35400 Summary: 
[2025-01-15 07:23:38,302] INFO: 	 lr: 1.000000000000002e-05 	 Training loss: 0.04856473814696074
[2025-01-15 07:23:51,566] INFO: Iter 35500 Summary: 
[2025-01-15 07:23:51,566] INFO: 	 lr: 1.000000000000002e-05 	 Training loss: 0.048661467880010606
[2025-01-15 07:24:04,847] INFO: Iter 35600 Summary: 
[2025-01-15 07:24:04,847] INFO: 	 lr: 1.000000000000002e-05 	 Training loss: 0.04866654776036739
[2025-01-15 07:24:18,778] INFO: Iter 35700 Summary: 
[2025-01-15 07:24:18,779] INFO: 	 lr: 1.000000000000002e-05 	 Training loss: 0.04874207604676485
[2025-01-15 07:24:30,987] INFO: Iter 35800 Summary: 
[2025-01-15 07:24:30,987] INFO: 	 lr: 1.000000000000002e-05 	 Training loss: 0.04819681014865637
[2025-01-15 07:24:45,312] INFO: Iter 35900 Summary: 
[2025-01-15 07:24:45,313] INFO: 	 lr: 1.000000000000002e-05 	 Training loss: 0.04826812207698822
[2025-01-15 07:24:58,596] INFO: Iter 36000 Summary: 
[2025-01-15 07:24:58,596] INFO: 	 lr: 1.000000000000002e-05 	 Training loss: 0.04871614072471857
[2025-01-15 07:25:15,418] INFO: Iter 36100 Summary: 
[2025-01-15 07:25:15,419] INFO: 	 lr: 1.000000000000002e-05 	 Training loss: 0.04843668583780527
[2025-01-15 07:25:26,507] INFO: Iter 36200 Summary: 
[2025-01-15 07:25:26,508] INFO: 	 lr: 1.000000000000002e-05 	 Training loss: 0.04848119992762804
[2025-01-15 07:25:37,953] INFO: Iter 36300 Summary: 
[2025-01-15 07:25:37,954] INFO: 	 lr: 1.000000000000002e-05 	 Training loss: 0.04841293446719647
[2025-01-15 07:25:51,631] INFO: Iter 36400 Summary: 
[2025-01-15 07:25:51,631] INFO: 	 lr: 1.000000000000002e-05 	 Training loss: 0.04845754213631153
[2025-01-15 07:26:03,357] INFO: Iter 36500 Summary: 
[2025-01-15 07:26:03,357] INFO: 	 lr: 1.000000000000002e-05 	 Training loss: 0.04861453410238028
[2025-01-15 07:26:17,398] INFO: Iter 36600 Summary: 
[2025-01-15 07:26:17,398] INFO: 	 lr: 1.000000000000002e-05 	 Training loss: 0.048220364898443224
[2025-01-15 07:26:29,990] INFO: Iter 36700 Summary: 
[2025-01-15 07:26:29,991] INFO: 	 lr: 1.000000000000002e-05 	 Training loss: 0.04857143592089415
[2025-01-15 07:26:41,999] INFO: Iter 36800 Summary: 
[2025-01-15 07:26:42,000] INFO: 	 lr: 1.000000000000002e-05 	 Training loss: 0.04837575864046812
[2025-01-15 07:26:55,608] INFO: Iter 36900 Summary: 
[2025-01-15 07:26:55,608] INFO: 	 lr: 1.000000000000002e-05 	 Training loss: 0.04871955566108227
[2025-01-15 07:27:10,310] INFO: Iter 37000 Summary: 
[2025-01-15 07:27:10,311] INFO: 	 lr: 1.000000000000002e-05 	 Training loss: 0.048361358307301996
[2025-01-15 07:27:22,782] INFO: Iter 37100 Summary: 
[2025-01-15 07:27:22,783] INFO: 	 lr: 1.000000000000002e-05 	 Training loss: 0.04808801859617233
[2025-01-15 07:27:34,426] INFO: Iter 37200 Summary: 
[2025-01-15 07:27:34,426] INFO: 	 lr: 1.000000000000002e-05 	 Training loss: 0.04848955370485783
[2025-01-15 07:27:47,536] INFO: Iter 37300 Summary: 
[2025-01-15 07:27:47,537] INFO: 	 lr: 1.000000000000002e-05 	 Training loss: 0.048423598371446136
[2025-01-15 07:28:00,331] INFO: Iter 37400 Summary: 
[2025-01-15 07:28:00,331] INFO: 	 lr: 1.000000000000002e-05 	 Training loss: 0.04846194393932819
[2025-01-15 07:28:11,709] INFO: Iter 37500 Summary: 
[2025-01-15 07:28:11,709] INFO: 	 lr: 1.000000000000002e-05 	 Training loss: 0.04818365298211574
[2025-01-15 07:28:24,167] INFO: Iter 37600 Summary: 
[2025-01-15 07:28:24,168] INFO: 	 lr: 1.000000000000002e-05 	 Training loss: 0.04848571460694075
[2025-01-15 07:28:38,077] INFO: Iter 37700 Summary: 
[2025-01-15 07:28:38,078] INFO: 	 lr: 1.000000000000002e-05 	 Training loss: 0.04813079584389925
[2025-01-15 07:28:49,341] INFO: Iter 37800 Summary: 
[2025-01-15 07:28:49,341] INFO: 	 lr: 1.000000000000002e-05 	 Training loss: 0.04833632100373506
[2025-01-15 07:29:00,267] INFO: Iter 37900 Summary: 
[2025-01-15 07:29:00,267] INFO: 	 lr: 1.000000000000002e-05 	 Training loss: 0.0482362624630332
[2025-01-15 07:29:13,113] INFO: Iter 38000 Summary: 
[2025-01-15 07:29:13,113] INFO: 	 lr: 1.000000000000002e-05 	 Training loss: 0.04877528917044401
[2025-01-15 07:29:28,673] INFO: Iter 38100 Summary: 
[2025-01-15 07:29:28,673] INFO: 	 lr: 1.000000000000002e-05 	 Training loss: 0.048268823996186254
[2025-01-15 07:29:40,431] INFO: Iter 38200 Summary: 
[2025-01-15 07:29:40,432] INFO: 	 lr: 1.000000000000002e-05 	 Training loss: 0.04806935772299767
[2025-01-15 07:29:52,549] INFO: Iter 38300 Summary: 
[2025-01-15 07:29:52,549] INFO: 	 lr: 1.000000000000002e-05 	 Training loss: 0.04816001951694489
[2025-01-15 07:30:06,547] INFO: Iter 38400 Summary: 
[2025-01-15 07:30:06,548] INFO: 	 lr: 1.000000000000002e-05 	 Training loss: 0.04827266614884138
[2025-01-15 07:30:18,664] INFO: Iter 38500 Summary: 
[2025-01-15 07:30:18,664] INFO: 	 lr: 1.000000000000002e-05 	 Training loss: 0.0483933088555932
[2025-01-15 07:30:30,442] INFO: Iter 38600 Summary: 
[2025-01-15 07:30:30,442] INFO: 	 lr: 1.000000000000002e-05 	 Training loss: 0.047955709658563134
[2025-01-15 07:30:41,242] INFO: Iter 38700 Summary: 
[2025-01-15 07:30:41,242] INFO: 	 lr: 1.000000000000002e-05 	 Training loss: 0.048300213925540444
[2025-01-15 07:30:53,416] INFO: Iter 38800 Summary: 
[2025-01-15 07:30:53,416] INFO: 	 lr: 1.000000000000002e-05 	 Training loss: 0.048513203561306
[2025-01-15 07:31:03,876] INFO: Iter 38900 Summary: 
[2025-01-15 07:31:03,876] INFO: 	 lr: 1.000000000000002e-05 	 Training loss: 0.048138556741178035
[2025-01-15 07:31:14,804] INFO: Iter 39000 Summary: 
[2025-01-15 07:31:14,804] INFO: 	 lr: 1.000000000000002e-05 	 Training loss: 0.04846795193850994
[2025-01-15 07:31:28,660] INFO: Iter 39100 Summary: 
[2025-01-15 07:31:28,660] INFO: 	 lr: 1.000000000000002e-05 	 Training loss: 0.04793433248996735
[2025-01-15 07:31:40,049] INFO: Iter 39200 Summary: 
[2025-01-15 07:31:40,049] INFO: 	 lr: 1.000000000000002e-05 	 Training loss: 0.04830217476934195
[2025-01-15 07:31:52,091] INFO: Iter 39300 Summary: 
[2025-01-15 07:31:52,091] INFO: 	 lr: 1.000000000000002e-05 	 Training loss: 0.04838916752487421
[2025-01-15 07:32:04,166] INFO: Iter 39400 Summary: 
[2025-01-15 07:32:04,166] INFO: 	 lr: 1.000000000000002e-05 	 Training loss: 0.04817009124904871
[2025-01-15 07:32:14,684] INFO: Iter 39500 Summary: 
[2025-01-15 07:32:14,684] INFO: 	 lr: 1.000000000000002e-05 	 Training loss: 0.04829210493713618
[2025-01-15 07:32:24,604] INFO: Iter 39600 Summary: 
[2025-01-15 07:32:24,604] INFO: 	 lr: 1.000000000000002e-05 	 Training loss: 0.04837484076619148
