[2025-01-16 00:49:35,041] INFO: {
    "abs_dir": "/home/diwang/siMLPe/exps/baseline_h36m",
    "batch_size": 256,
    "cos_lr_max": 1e-05,
    "cos_lr_min": 5e-08,
    "cos_lr_total_iters": 40000,
    "data_aug": true,
    "deriv_input": true,
    "deriv_output": true,
    "device": "cuda:4",
    "h36m_anno_dir": "/home/diwang/siMLPe/data/h36m/",
    "link_log_file": "/home/diwang/siMLPe/exps/baseline_h36m/log/log_last.log",
    "link_val_log_file": "/home/diwang/siMLPe/exps/baseline_h36m/log/val_last.log",
    "log_dir": "/home/diwang/siMLPe/exps/baseline_h36m/log",
    "log_file": "/home/diwang/siMLPe/exps/baseline_h36m/log/log_2025_01_16_00_49_10.log",
    "model_pth": null,
    "motion": {
        "dim": 66,
        "h36m_input_length": 50,
        "h36m_input_length_dct": 50,
        "h36m_target_length": 20,
        "h36m_target_length_eval": 25,
        "h36m_target_length_train": 20
    },
    "motion_fc_in": {
        "activation": "relu",
        "in_features": 66,
        "init_w_trunc_normal": false,
        "out_features": 66,
        "temporal_fc": false,
        "with_norm": false
    },
    "motion_fc_out": {
        "activation": "relu",
        "in_features": 66,
        "init_w_trunc_normal": true,
        "out_features": 66,
        "temporal_fc": false,
        "with_norm": false
    },
    "motion_mlp": {
        "hidden_dim": 66,
        "norm_axis": "spatial",
        "num_layers": 48,
        "seq_len": 50,
        "spatial_fc_only": false,
        "with_normalization": true
    },
    "num_workers": 8,
    "post_dct": false,
    "pre_dct": false,
    "print_every": 100,
    "repo_name": "siMLPe",
    "root_dir": "/home/diwang/siMLPe",
    "save_every": 2000,
    "seed": 304,
    "shift_step": 1,
    "snapshot_dir": "/home/diwang/siMLPe/exps/baseline_h36m/log/snapshot",
    "this_dir": "baseline_h36m",
    "use_relative_loss": true,
    "val_log_file": "/home/diwang/siMLPe/exps/baseline_h36m/log/val_2025_01_16_00_49_10.log",
    "weight_decay": 0.0001
}
[2025-01-16 00:49:48,310] INFO: Iter 100 Summary: 
[2025-01-16 00:49:48,311] INFO: 	 lr: 0.00030000000000000073 	 Training loss: 0.11718678697943688
[2025-01-16 00:49:59,005] INFO: Iter 200 Summary: 
[2025-01-16 00:49:59,005] INFO: 	 lr: 0.00030000000000000073 	 Training loss: 0.0996263363957405
[2025-01-16 00:50:09,570] INFO: Iter 300 Summary: 
[2025-01-16 00:50:09,570] INFO: 	 lr: 0.00030000000000000073 	 Training loss: 0.09279852770268918
[2025-01-16 00:50:20,132] INFO: Iter 400 Summary: 
[2025-01-16 00:50:20,132] INFO: 	 lr: 0.00030000000000000073 	 Training loss: 0.09017761245369911
[2025-01-16 00:50:31,394] INFO: Iter 500 Summary: 
[2025-01-16 00:50:31,394] INFO: 	 lr: 0.00030000000000000073 	 Training loss: 0.0879958313703537
[2025-01-16 00:50:43,378] INFO: Iter 600 Summary: 
[2025-01-16 00:50:43,378] INFO: 	 lr: 0.00030000000000000073 	 Training loss: 0.08570678018033505
[2025-01-16 00:50:55,017] INFO: Iter 700 Summary: 
[2025-01-16 00:50:55,018] INFO: 	 lr: 0.00030000000000000073 	 Training loss: 0.08496480830013751
[2025-01-16 00:51:05,475] INFO: Iter 800 Summary: 
[2025-01-16 00:51:05,475] INFO: 	 lr: 0.00030000000000000073 	 Training loss: 0.08309712760150433
[2025-01-16 00:51:16,155] INFO: Iter 900 Summary: 
[2025-01-16 00:51:16,155] INFO: 	 lr: 0.00030000000000000073 	 Training loss: 0.08237159438431263
[2025-01-16 00:51:27,437] INFO: Iter 1000 Summary: 
[2025-01-16 00:51:27,438] INFO: 	 lr: 0.00030000000000000073 	 Training loss: 0.08169073432683945
[2025-01-16 00:51:38,159] INFO: Iter 1100 Summary: 
[2025-01-16 00:51:38,160] INFO: 	 lr: 0.00030000000000000073 	 Training loss: 0.08131499238312244
[2025-01-16 00:51:50,001] INFO: Iter 1200 Summary: 
[2025-01-16 00:51:50,002] INFO: 	 lr: 0.00030000000000000073 	 Training loss: 0.08017207555472851
[2025-01-16 00:51:59,475] INFO: Iter 1300 Summary: 
[2025-01-16 00:51:59,475] INFO: 	 lr: 0.00030000000000000073 	 Training loss: 0.08044660963118076
[2025-01-16 00:52:10,908] INFO: Iter 1400 Summary: 
[2025-01-16 00:52:10,908] INFO: 	 lr: 0.00030000000000000073 	 Training loss: 0.07993734888732433
[2025-01-16 00:52:22,190] INFO: Iter 1500 Summary: 
[2025-01-16 00:52:22,190] INFO: 	 lr: 0.00030000000000000073 	 Training loss: 0.07901575438678264
[2025-01-16 00:52:33,272] INFO: Iter 1600 Summary: 
[2025-01-16 00:52:33,272] INFO: 	 lr: 0.00030000000000000073 	 Training loss: 0.07921404257416725
[2025-01-16 00:52:44,328] INFO: Iter 1700 Summary: 
[2025-01-16 00:52:44,328] INFO: 	 lr: 0.00030000000000000073 	 Training loss: 0.07836312048137188
[2025-01-16 00:52:54,941] INFO: Iter 1800 Summary: 
[2025-01-16 00:52:54,941] INFO: 	 lr: 0.00030000000000000073 	 Training loss: 0.07771739110350609
[2025-01-16 00:53:05,598] INFO: Iter 1900 Summary: 
[2025-01-16 00:53:05,598] INFO: 	 lr: 0.00030000000000000073 	 Training loss: 0.07764969758689404
[2025-01-16 00:53:16,048] INFO: Iter 2000 Summary: 
[2025-01-16 00:53:16,048] INFO: 	 lr: 0.00030000000000000073 	 Training loss: 0.07743490718305111
[2025-01-16 00:53:30,095] INFO: Iter 2100 Summary: 
[2025-01-16 00:53:30,096] INFO: 	 lr: 0.00030000000000000073 	 Training loss: 0.07661830335855484
[2025-01-16 00:53:40,181] INFO: Iter 2200 Summary: 
[2025-01-16 00:53:40,181] INFO: 	 lr: 0.00030000000000000073 	 Training loss: 0.07674213863909245
[2025-01-16 00:53:50,481] INFO: Iter 2300 Summary: 
[2025-01-16 00:53:50,481] INFO: 	 lr: 0.00030000000000000073 	 Training loss: 0.07626948587596416
[2025-01-16 00:54:01,540] INFO: Iter 2400 Summary: 
[2025-01-16 00:54:01,540] INFO: 	 lr: 0.00030000000000000073 	 Training loss: 0.07593684576451779
[2025-01-16 00:54:11,555] INFO: Iter 2500 Summary: 
[2025-01-16 00:54:11,555] INFO: 	 lr: 0.00030000000000000073 	 Training loss: 0.07619061939418316
[2025-01-16 00:54:22,836] INFO: Iter 2600 Summary: 
[2025-01-16 00:54:22,836] INFO: 	 lr: 0.00030000000000000073 	 Training loss: 0.07574876509606839
[2025-01-16 00:54:33,263] INFO: Iter 2700 Summary: 
[2025-01-16 00:54:33,264] INFO: 	 lr: 0.00030000000000000073 	 Training loss: 0.07523045413196087
[2025-01-16 00:54:45,134] INFO: Iter 2800 Summary: 
[2025-01-16 00:54:45,135] INFO: 	 lr: 0.00030000000000000073 	 Training loss: 0.07499771848320962
[2025-01-16 00:54:56,248] INFO: Iter 2900 Summary: 
[2025-01-16 00:54:56,249] INFO: 	 lr: 0.00030000000000000073 	 Training loss: 0.07525684960186481
[2025-01-16 00:55:06,863] INFO: Iter 3000 Summary: 
[2025-01-16 00:55:06,863] INFO: 	 lr: 0.00030000000000000073 	 Training loss: 0.07493298038840294
[2025-01-16 00:55:18,192] INFO: Iter 3100 Summary: 
[2025-01-16 00:55:18,193] INFO: 	 lr: 0.00030000000000000073 	 Training loss: 0.07455587297677994
[2025-01-16 00:55:28,196] INFO: Iter 3200 Summary: 
[2025-01-16 00:55:28,197] INFO: 	 lr: 0.00030000000000000073 	 Training loss: 0.07418296545743942
[2025-01-16 00:55:39,349] INFO: Iter 3300 Summary: 
[2025-01-16 00:55:39,350] INFO: 	 lr: 0.00030000000000000073 	 Training loss: 0.07413753151893615
[2025-01-16 00:55:49,437] INFO: Iter 3400 Summary: 
[2025-01-16 00:55:49,437] INFO: 	 lr: 0.00030000000000000073 	 Training loss: 0.07437877245247364
[2025-01-16 00:56:01,057] INFO: Iter 3500 Summary: 
[2025-01-16 00:56:01,057] INFO: 	 lr: 0.00030000000000000073 	 Training loss: 0.07333146549761295
[2025-01-16 00:56:12,009] INFO: Iter 3600 Summary: 
[2025-01-16 00:56:12,010] INFO: 	 lr: 0.00030000000000000073 	 Training loss: 0.07420655973255634
[2025-01-16 00:56:23,607] INFO: Iter 3700 Summary: 
[2025-01-16 00:56:23,607] INFO: 	 lr: 0.00030000000000000073 	 Training loss: 0.0735082034021616
[2025-01-16 00:56:35,368] INFO: Iter 3800 Summary: 
[2025-01-16 00:56:35,368] INFO: 	 lr: 0.00030000000000000073 	 Training loss: 0.07371925845742226
[2025-01-16 00:56:46,303] INFO: Iter 3900 Summary: 
[2025-01-16 00:56:46,303] INFO: 	 lr: 0.00030000000000000073 	 Training loss: 0.07307491280138492
[2025-01-16 00:56:57,633] INFO: Iter 4000 Summary: 
[2025-01-16 00:56:57,634] INFO: 	 lr: 0.00030000000000000073 	 Training loss: 0.07324046932160855
[2025-01-16 00:57:10,569] INFO: Iter 4100 Summary: 
[2025-01-16 00:57:10,570] INFO: 	 lr: 0.00030000000000000073 	 Training loss: 0.07282884269952775
[2025-01-16 00:57:20,773] INFO: Iter 4200 Summary: 
[2025-01-16 00:57:20,773] INFO: 	 lr: 0.00030000000000000073 	 Training loss: 0.07252589210867882
[2025-01-16 00:57:30,749] INFO: Iter 4300 Summary: 
[2025-01-16 00:57:30,750] INFO: 	 lr: 0.00030000000000000073 	 Training loss: 0.07254932217299938
[2025-01-16 00:57:40,762] INFO: Iter 4400 Summary: 
[2025-01-16 00:57:40,762] INFO: 	 lr: 0.00030000000000000073 	 Training loss: 0.07272859372198581
[2025-01-16 00:57:51,949] INFO: Iter 4500 Summary: 
[2025-01-16 00:57:51,949] INFO: 	 lr: 0.00030000000000000073 	 Training loss: 0.07181188322603703
[2025-01-16 00:58:02,814] INFO: Iter 4600 Summary: 
[2025-01-16 00:58:02,814] INFO: 	 lr: 0.00030000000000000073 	 Training loss: 0.07147332899272442
[2025-01-16 00:58:13,022] INFO: Iter 4700 Summary: 
[2025-01-16 00:58:13,023] INFO: 	 lr: 0.00030000000000000073 	 Training loss: 0.07206352286040783
[2025-01-16 00:58:24,400] INFO: Iter 4800 Summary: 
[2025-01-16 00:58:24,401] INFO: 	 lr: 0.00030000000000000073 	 Training loss: 0.07152476765215397
[2025-01-16 00:58:35,371] INFO: Iter 4900 Summary: 
[2025-01-16 00:58:35,371] INFO: 	 lr: 0.00030000000000000073 	 Training loss: 0.07156585887074471
[2025-01-16 00:58:45,885] INFO: Iter 5000 Summary: 
[2025-01-16 00:58:45,885] INFO: 	 lr: 0.00030000000000000073 	 Training loss: 0.07145414151251316
[2025-01-16 00:58:57,132] INFO: Iter 5100 Summary: 
[2025-01-16 00:58:57,133] INFO: 	 lr: 0.00030000000000000073 	 Training loss: 0.07134331434965134
[2025-01-16 00:59:07,543] INFO: Iter 5200 Summary: 
[2025-01-16 00:59:07,544] INFO: 	 lr: 0.00030000000000000073 	 Training loss: 0.07117410935461521
[2025-01-16 00:59:18,514] INFO: Iter 5300 Summary: 
[2025-01-16 00:59:18,514] INFO: 	 lr: 0.00030000000000000073 	 Training loss: 0.07092994712293148
[2025-01-16 00:59:27,888] INFO: Iter 5400 Summary: 
[2025-01-16 00:59:27,888] INFO: 	 lr: 0.00030000000000000073 	 Training loss: 0.07059536017477512
[2025-01-16 00:59:38,603] INFO: Iter 5500 Summary: 
[2025-01-16 00:59:38,603] INFO: 	 lr: 0.00030000000000000073 	 Training loss: 0.07057669773697853
[2025-01-16 00:59:49,414] INFO: Iter 5600 Summary: 
[2025-01-16 00:59:49,415] INFO: 	 lr: 0.00030000000000000073 	 Training loss: 0.0704670049250126
[2025-01-16 00:59:59,862] INFO: Iter 5700 Summary: 
[2025-01-16 00:59:59,862] INFO: 	 lr: 0.00030000000000000073 	 Training loss: 0.07048846878111363
[2025-01-16 01:00:10,341] INFO: Iter 5800 Summary: 
[2025-01-16 01:00:10,342] INFO: 	 lr: 0.00030000000000000073 	 Training loss: 0.07003495998680592
[2025-01-16 01:00:21,304] INFO: Iter 5900 Summary: 
[2025-01-16 01:00:21,304] INFO: 	 lr: 0.00030000000000000073 	 Training loss: 0.07057598911225796
[2025-01-16 01:00:31,822] INFO: Iter 6000 Summary: 
[2025-01-16 01:00:31,822] INFO: 	 lr: 0.00030000000000000073 	 Training loss: 0.06998107738792897
[2025-01-16 01:00:45,119] INFO: Iter 6100 Summary: 
[2025-01-16 01:00:45,120] INFO: 	 lr: 0.00030000000000000073 	 Training loss: 0.06994517587125301
[2025-01-16 01:00:57,194] INFO: Iter 6200 Summary: 
[2025-01-16 01:00:57,194] INFO: 	 lr: 0.00030000000000000073 	 Training loss: 0.0700189609080553
[2025-01-16 01:01:06,571] INFO: Iter 6300 Summary: 
[2025-01-16 01:01:06,571] INFO: 	 lr: 0.00030000000000000073 	 Training loss: 0.06936103798449039
[2025-01-16 01:01:17,634] INFO: Iter 6400 Summary: 
[2025-01-16 01:01:17,634] INFO: 	 lr: 0.00030000000000000073 	 Training loss: 0.06925911173224449
[2025-01-16 01:01:27,948] INFO: Iter 6500 Summary: 
[2025-01-16 01:01:27,949] INFO: 	 lr: 0.00030000000000000073 	 Training loss: 0.06927063532173633
[2025-01-16 01:01:38,669] INFO: Iter 6600 Summary: 
[2025-01-16 01:01:38,669] INFO: 	 lr: 0.00030000000000000073 	 Training loss: 0.06973268523812294
[2025-01-16 01:01:49,861] INFO: Iter 6700 Summary: 
[2025-01-16 01:01:49,862] INFO: 	 lr: 0.00030000000000000073 	 Training loss: 0.06929996840655804
[2025-01-16 01:01:59,733] INFO: Iter 6800 Summary: 
[2025-01-16 01:01:59,733] INFO: 	 lr: 0.00030000000000000073 	 Training loss: 0.06918225929141045
[2025-01-16 01:02:11,841] INFO: Iter 6900 Summary: 
[2025-01-16 01:02:11,841] INFO: 	 lr: 0.00030000000000000073 	 Training loss: 0.06865833833813667
[2025-01-16 01:02:22,326] INFO: Iter 7000 Summary: 
[2025-01-16 01:02:22,326] INFO: 	 lr: 0.00030000000000000073 	 Training loss: 0.06941841315478087
[2025-01-16 01:02:32,710] INFO: Iter 7100 Summary: 
[2025-01-16 01:02:32,710] INFO: 	 lr: 0.00030000000000000073 	 Training loss: 0.06869611792266368
[2025-01-16 01:02:43,427] INFO: Iter 7200 Summary: 
[2025-01-16 01:02:43,427] INFO: 	 lr: 0.00030000000000000073 	 Training loss: 0.0685813108459115
[2025-01-16 01:02:54,607] INFO: Iter 7300 Summary: 
[2025-01-16 01:02:54,607] INFO: 	 lr: 0.00030000000000000073 	 Training loss: 0.06819532964378595
[2025-01-16 01:03:05,408] INFO: Iter 7400 Summary: 
[2025-01-16 01:03:05,409] INFO: 	 lr: 0.00030000000000000073 	 Training loss: 0.06890413753688335
[2025-01-16 01:03:16,099] INFO: Iter 7500 Summary: 
[2025-01-16 01:03:16,099] INFO: 	 lr: 0.00030000000000000073 	 Training loss: 0.06861014515161515
[2025-01-16 01:03:27,326] INFO: Iter 7600 Summary: 
[2025-01-16 01:03:27,327] INFO: 	 lr: 0.00030000000000000073 	 Training loss: 0.06836553402245045
[2025-01-16 01:03:38,214] INFO: Iter 7700 Summary: 
[2025-01-16 01:03:38,214] INFO: 	 lr: 0.00030000000000000073 	 Training loss: 0.06832492761313916
[2025-01-16 01:03:49,009] INFO: Iter 7800 Summary: 
[2025-01-16 01:03:49,009] INFO: 	 lr: 0.00030000000000000073 	 Training loss: 0.06826374240219593
[2025-01-16 01:04:00,018] INFO: Iter 7900 Summary: 
[2025-01-16 01:04:00,022] INFO: 	 lr: 0.00030000000000000073 	 Training loss: 0.06807566575706005
[2025-01-16 01:04:10,085] INFO: Iter 8000 Summary: 
[2025-01-16 01:04:10,085] INFO: 	 lr: 0.00030000000000000073 	 Training loss: 0.06797296442091465
[2025-01-16 01:04:22,360] INFO: Iter 8100 Summary: 
[2025-01-16 01:04:22,360] INFO: 	 lr: 0.00030000000000000073 	 Training loss: 0.06775141935795545
[2025-01-16 01:04:33,599] INFO: Iter 8200 Summary: 
[2025-01-16 01:04:33,600] INFO: 	 lr: 0.00030000000000000073 	 Training loss: 0.06732380677014589
[2025-01-16 01:04:44,736] INFO: Iter 8300 Summary: 
[2025-01-16 01:04:44,736] INFO: 	 lr: 0.00030000000000000073 	 Training loss: 0.06791221726685763
[2025-01-16 01:04:55,396] INFO: Iter 8400 Summary: 
[2025-01-16 01:04:55,396] INFO: 	 lr: 0.00030000000000000073 	 Training loss: 0.06729437611997127
[2025-01-16 01:05:06,433] INFO: Iter 8500 Summary: 
[2025-01-16 01:05:06,433] INFO: 	 lr: 0.00030000000000000073 	 Training loss: 0.06776193600147963
[2025-01-16 01:05:16,330] INFO: Iter 8600 Summary: 
[2025-01-16 01:05:16,330] INFO: 	 lr: 0.00030000000000000073 	 Training loss: 0.06763934459537267
[2025-01-16 01:05:27,272] INFO: Iter 8700 Summary: 
[2025-01-16 01:05:27,273] INFO: 	 lr: 0.00030000000000000073 	 Training loss: 0.06730205669999123
[2025-01-16 01:05:37,992] INFO: Iter 8800 Summary: 
[2025-01-16 01:05:37,993] INFO: 	 lr: 0.00030000000000000073 	 Training loss: 0.06688695829361677
[2025-01-16 01:05:48,544] INFO: Iter 8900 Summary: 
[2025-01-16 01:05:48,545] INFO: 	 lr: 0.00030000000000000073 	 Training loss: 0.0666719275712967
[2025-01-16 01:05:59,515] INFO: Iter 9000 Summary: 
[2025-01-16 01:05:59,515] INFO: 	 lr: 0.00030000000000000073 	 Training loss: 0.06734316233545541
[2025-01-16 01:06:10,000] INFO: Iter 9100 Summary: 
[2025-01-16 01:06:10,000] INFO: 	 lr: 0.00030000000000000073 	 Training loss: 0.06697715267539024
[2025-01-16 01:06:20,527] INFO: Iter 9200 Summary: 
[2025-01-16 01:06:20,528] INFO: 	 lr: 0.00030000000000000073 	 Training loss: 0.06703709699213505
[2025-01-16 01:06:31,479] INFO: Iter 9300 Summary: 
[2025-01-16 01:06:31,479] INFO: 	 lr: 0.00030000000000000073 	 Training loss: 0.06692918974906206
[2025-01-16 01:06:42,259] INFO: Iter 9400 Summary: 
[2025-01-16 01:06:42,260] INFO: 	 lr: 0.00030000000000000073 	 Training loss: 0.06655198205262422
[2025-01-16 01:06:52,942] INFO: Iter 9500 Summary: 
[2025-01-16 01:06:52,942] INFO: 	 lr: 0.00030000000000000073 	 Training loss: 0.0665285051241517
[2025-01-16 01:07:03,913] INFO: Iter 9600 Summary: 
[2025-01-16 01:07:03,914] INFO: 	 lr: 0.00030000000000000073 	 Training loss: 0.06662658084183931
[2025-01-16 01:07:14,351] INFO: Iter 9700 Summary: 
[2025-01-16 01:07:14,351] INFO: 	 lr: 0.00030000000000000073 	 Training loss: 0.06675955779850483
[2025-01-16 01:07:24,190] INFO: Iter 9800 Summary: 
[2025-01-16 01:07:24,190] INFO: 	 lr: 0.00030000000000000073 	 Training loss: 0.06620927158743144
[2025-01-16 01:07:34,570] INFO: Iter 9900 Summary: 
[2025-01-16 01:07:34,571] INFO: 	 lr: 0.00030000000000000073 	 Training loss: 0.06655455447733402
[2025-01-16 01:07:44,339] INFO: Iter 10000 Summary: 
[2025-01-16 01:07:44,339] INFO: 	 lr: 0.00030000000000000073 	 Training loss: 0.06625448241829872
[2025-01-16 01:07:57,397] INFO: Iter 10100 Summary: 
[2025-01-16 01:07:57,397] INFO: 	 lr: 0.00030000000000000073 	 Training loss: 0.06573269423097372
[2025-01-16 01:08:09,271] INFO: Iter 10200 Summary: 
[2025-01-16 01:08:09,271] INFO: 	 lr: 0.00030000000000000073 	 Training loss: 0.06614138055592775
[2025-01-16 01:08:21,271] INFO: Iter 10300 Summary: 
[2025-01-16 01:08:21,271] INFO: 	 lr: 0.00030000000000000073 	 Training loss: 0.06641927819699049
[2025-01-16 01:08:31,681] INFO: Iter 10400 Summary: 
[2025-01-16 01:08:31,681] INFO: 	 lr: 0.00030000000000000073 	 Training loss: 0.0656435225903988
[2025-01-16 01:08:41,507] INFO: Iter 10500 Summary: 
[2025-01-16 01:08:41,507] INFO: 	 lr: 0.00030000000000000073 	 Training loss: 0.06573697473853826
[2025-01-16 01:08:53,457] INFO: Iter 10600 Summary: 
[2025-01-16 01:08:53,458] INFO: 	 lr: 0.00030000000000000073 	 Training loss: 0.06575866881757975
[2025-01-16 01:09:04,737] INFO: Iter 10700 Summary: 
[2025-01-16 01:09:04,739] INFO: 	 lr: 0.00030000000000000073 	 Training loss: 0.06602463137358427
[2025-01-16 01:09:16,451] INFO: Iter 10800 Summary: 
[2025-01-16 01:09:16,452] INFO: 	 lr: 0.00030000000000000073 	 Training loss: 0.06609183061867953
[2025-01-16 01:09:27,217] INFO: Iter 10900 Summary: 
[2025-01-16 01:09:27,217] INFO: 	 lr: 0.00030000000000000073 	 Training loss: 0.06546057630330324
[2025-01-16 01:09:39,676] INFO: Iter 11000 Summary: 
[2025-01-16 01:09:39,677] INFO: 	 lr: 0.00030000000000000073 	 Training loss: 0.06571544665843249
[2025-01-16 01:09:50,548] INFO: Iter 11100 Summary: 
[2025-01-16 01:09:50,548] INFO: 	 lr: 0.00030000000000000073 	 Training loss: 0.06544147230684758
[2025-01-16 01:10:02,210] INFO: Iter 11200 Summary: 
[2025-01-16 01:10:02,211] INFO: 	 lr: 0.00030000000000000073 	 Training loss: 0.06612385522574186
[2025-01-16 01:10:13,059] INFO: Iter 11300 Summary: 
[2025-01-16 01:10:13,059] INFO: 	 lr: 0.00030000000000000073 	 Training loss: 0.0654212674871087
[2025-01-16 01:10:23,735] INFO: Iter 11400 Summary: 
[2025-01-16 01:10:23,735] INFO: 	 lr: 0.00030000000000000073 	 Training loss: 0.0657235636934638
[2025-01-16 01:10:34,268] INFO: Iter 11500 Summary: 
[2025-01-16 01:10:34,268] INFO: 	 lr: 0.00030000000000000073 	 Training loss: 0.06519934792071581
[2025-01-16 01:10:45,340] INFO: Iter 11600 Summary: 
[2025-01-16 01:10:45,340] INFO: 	 lr: 0.00030000000000000073 	 Training loss: 0.06557501915842295
[2025-01-16 01:10:56,228] INFO: Iter 11700 Summary: 
[2025-01-16 01:10:56,229] INFO: 	 lr: 0.00030000000000000073 	 Training loss: 0.06511842008680105
[2025-01-16 01:11:06,847] INFO: Iter 11800 Summary: 
[2025-01-16 01:11:06,847] INFO: 	 lr: 0.00030000000000000073 	 Training loss: 0.0652082884311676
[2025-01-16 01:11:18,218] INFO: Iter 11900 Summary: 
[2025-01-16 01:11:18,218] INFO: 	 lr: 0.00030000000000000073 	 Training loss: 0.0648403411731124
[2025-01-16 01:11:28,893] INFO: Iter 12000 Summary: 
[2025-01-16 01:11:28,893] INFO: 	 lr: 0.00030000000000000073 	 Training loss: 0.06563787128776312
[2025-01-16 01:11:41,011] INFO: Iter 12100 Summary: 
[2025-01-16 01:11:41,011] INFO: 	 lr: 0.00030000000000000073 	 Training loss: 0.06526562709361315
[2025-01-16 01:11:51,493] INFO: Iter 12200 Summary: 
[2025-01-16 01:11:51,494] INFO: 	 lr: 0.00030000000000000073 	 Training loss: 0.06507371414452791
[2025-01-16 01:12:02,985] INFO: Iter 12300 Summary: 
[2025-01-16 01:12:02,986] INFO: 	 lr: 0.00030000000000000073 	 Training loss: 0.06525266636162996
[2025-01-16 01:12:13,766] INFO: Iter 12400 Summary: 
[2025-01-16 01:12:13,766] INFO: 	 lr: 0.00030000000000000073 	 Training loss: 0.06428437307476997
[2025-01-16 01:12:24,777] INFO: Iter 12500 Summary: 
[2025-01-16 01:12:24,777] INFO: 	 lr: 0.00030000000000000073 	 Training loss: 0.06470358364284039
[2025-01-16 01:12:36,716] INFO: Iter 12600 Summary: 
[2025-01-16 01:12:36,716] INFO: 	 lr: 0.00030000000000000073 	 Training loss: 0.06477037955075503
[2025-01-16 01:12:46,247] INFO: Iter 12700 Summary: 
[2025-01-16 01:12:46,248] INFO: 	 lr: 0.00030000000000000073 	 Training loss: 0.06502299081534148
[2025-01-16 01:12:57,248] INFO: Iter 12800 Summary: 
[2025-01-16 01:12:57,248] INFO: 	 lr: 0.00030000000000000073 	 Training loss: 0.06496403262019157
[2025-01-16 01:13:07,507] INFO: Iter 12900 Summary: 
[2025-01-16 01:13:07,508] INFO: 	 lr: 0.00030000000000000073 	 Training loss: 0.06464984733611345
[2025-01-16 01:13:18,409] INFO: Iter 13000 Summary: 
[2025-01-16 01:13:18,409] INFO: 	 lr: 0.00030000000000000073 	 Training loss: 0.06422934453934431
[2025-01-16 01:13:29,314] INFO: Iter 13100 Summary: 
[2025-01-16 01:13:29,314] INFO: 	 lr: 0.00030000000000000073 	 Training loss: 0.06416273206472396
[2025-01-16 01:13:40,861] INFO: Iter 13200 Summary: 
[2025-01-16 01:13:40,861] INFO: 	 lr: 0.00030000000000000073 	 Training loss: 0.0643347268551588
[2025-01-16 01:13:51,586] INFO: Iter 13300 Summary: 
[2025-01-16 01:13:51,586] INFO: 	 lr: 0.00030000000000000073 	 Training loss: 0.06455487303435803
[2025-01-16 01:14:02,670] INFO: Iter 13400 Summary: 
[2025-01-16 01:14:02,670] INFO: 	 lr: 0.00030000000000000073 	 Training loss: 0.06466235753148794
[2025-01-16 01:14:13,237] INFO: Iter 13500 Summary: 
[2025-01-16 01:14:13,237] INFO: 	 lr: 0.00030000000000000073 	 Training loss: 0.06441968951374293
[2025-01-16 01:14:23,668] INFO: Iter 13600 Summary: 
[2025-01-16 01:14:23,668] INFO: 	 lr: 0.00030000000000000073 	 Training loss: 0.06421359062194824
[2025-01-16 01:14:34,942] INFO: Iter 13700 Summary: 
[2025-01-16 01:14:34,943] INFO: 	 lr: 0.00030000000000000073 	 Training loss: 0.06426140110939742
[2025-01-16 01:14:45,647] INFO: Iter 13800 Summary: 
[2025-01-16 01:14:45,647] INFO: 	 lr: 0.00030000000000000073 	 Training loss: 0.0642159754410386
[2025-01-16 01:14:56,440] INFO: Iter 13900 Summary: 
[2025-01-16 01:14:56,440] INFO: 	 lr: 0.00030000000000000073 	 Training loss: 0.06404459334909916
[2025-01-16 01:15:07,224] INFO: Iter 14000 Summary: 
[2025-01-16 01:15:07,224] INFO: 	 lr: 0.00030000000000000073 	 Training loss: 0.06460917428135872
[2025-01-16 01:15:20,183] INFO: Iter 14100 Summary: 
[2025-01-16 01:15:20,184] INFO: 	 lr: 0.00030000000000000073 	 Training loss: 0.06400604221969843
[2025-01-16 01:15:31,594] INFO: Iter 14200 Summary: 
[2025-01-16 01:15:31,595] INFO: 	 lr: 0.00030000000000000073 	 Training loss: 0.06405024904757738
[2025-01-16 01:15:42,267] INFO: Iter 14300 Summary: 
[2025-01-16 01:15:42,267] INFO: 	 lr: 0.00030000000000000073 	 Training loss: 0.06464558504521847
[2025-01-16 01:15:52,649] INFO: Iter 14400 Summary: 
[2025-01-16 01:15:52,650] INFO: 	 lr: 0.00030000000000000073 	 Training loss: 0.06424693387001752
[2025-01-16 01:16:03,211] INFO: Iter 14500 Summary: 
[2025-01-16 01:16:03,211] INFO: 	 lr: 0.00030000000000000073 	 Training loss: 0.06400365334004164
[2025-01-16 01:16:14,139] INFO: Iter 14600 Summary: 
[2025-01-16 01:16:14,140] INFO: 	 lr: 0.00030000000000000073 	 Training loss: 0.06411393664777279
[2025-01-16 01:16:24,911] INFO: Iter 14700 Summary: 
[2025-01-16 01:16:24,911] INFO: 	 lr: 0.00030000000000000073 	 Training loss: 0.06373128473758698
[2025-01-16 01:16:35,793] INFO: Iter 14800 Summary: 
[2025-01-16 01:16:35,793] INFO: 	 lr: 0.00030000000000000073 	 Training loss: 0.06366503305733204
[2025-01-16 01:16:46,584] INFO: Iter 14900 Summary: 
[2025-01-16 01:16:46,585] INFO: 	 lr: 0.00030000000000000073 	 Training loss: 0.06414297718554735
[2025-01-16 01:16:57,547] INFO: Iter 15000 Summary: 
[2025-01-16 01:16:57,547] INFO: 	 lr: 0.00030000000000000073 	 Training loss: 0.06367260113358497
[2025-01-16 01:17:09,220] INFO: Iter 15100 Summary: 
[2025-01-16 01:17:09,220] INFO: 	 lr: 0.00030000000000000073 	 Training loss: 0.06379118613898754
[2025-01-16 01:17:19,677] INFO: Iter 15200 Summary: 
[2025-01-16 01:17:19,677] INFO: 	 lr: 0.00030000000000000073 	 Training loss: 0.06417381715029478
[2025-01-16 01:17:30,570] INFO: Iter 15300 Summary: 
[2025-01-16 01:17:30,571] INFO: 	 lr: 0.00030000000000000073 	 Training loss: 0.06365592043846846
[2025-01-16 01:17:41,272] INFO: Iter 15400 Summary: 
[2025-01-16 01:17:41,273] INFO: 	 lr: 0.00030000000000000073 	 Training loss: 0.06327388670295477
[2025-01-16 01:17:52,377] INFO: Iter 15500 Summary: 
[2025-01-16 01:17:52,377] INFO: 	 lr: 0.00030000000000000073 	 Training loss: 0.0638719691708684
[2025-01-16 01:18:02,969] INFO: Iter 15600 Summary: 
[2025-01-16 01:18:02,969] INFO: 	 lr: 0.00030000000000000073 	 Training loss: 0.06316288009285927
[2025-01-16 01:18:13,975] INFO: Iter 15700 Summary: 
[2025-01-16 01:18:13,976] INFO: 	 lr: 0.00030000000000000073 	 Training loss: 0.06379697009921075
[2025-01-16 01:18:24,913] INFO: Iter 15800 Summary: 
[2025-01-16 01:18:24,913] INFO: 	 lr: 0.00030000000000000073 	 Training loss: 0.06350315362215042
[2025-01-16 01:18:36,438] INFO: Iter 15900 Summary: 
[2025-01-16 01:18:36,438] INFO: 	 lr: 0.00030000000000000073 	 Training loss: 0.0634934562817216
[2025-01-16 01:18:46,721] INFO: Iter 16000 Summary: 
[2025-01-16 01:18:46,721] INFO: 	 lr: 0.00030000000000000073 	 Training loss: 0.06331933755427599
[2025-01-16 01:19:01,477] INFO: Iter 16100 Summary: 
[2025-01-16 01:19:01,477] INFO: 	 lr: 0.00030000000000000073 	 Training loss: 0.06288296420127154
[2025-01-16 01:19:12,256] INFO: Iter 16200 Summary: 
[2025-01-16 01:19:12,256] INFO: 	 lr: 0.00030000000000000073 	 Training loss: 0.06361964434385299
[2025-01-16 01:19:23,565] INFO: Iter 16300 Summary: 
[2025-01-16 01:19:23,565] INFO: 	 lr: 0.00030000000000000073 	 Training loss: 0.06377042468637228
[2025-01-16 01:19:35,079] INFO: Iter 16400 Summary: 
[2025-01-16 01:19:35,080] INFO: 	 lr: 0.00030000000000000073 	 Training loss: 0.06390206418931484
[2025-01-16 01:19:46,659] INFO: Iter 16500 Summary: 
[2025-01-16 01:19:46,660] INFO: 	 lr: 0.00030000000000000073 	 Training loss: 0.06322351239621639
[2025-01-16 01:19:58,441] INFO: Iter 16600 Summary: 
[2025-01-16 01:19:58,441] INFO: 	 lr: 0.00030000000000000073 	 Training loss: 0.0637322862073779
[2025-01-16 01:20:09,420] INFO: Iter 16700 Summary: 
[2025-01-16 01:20:09,421] INFO: 	 lr: 0.00030000000000000073 	 Training loss: 0.06385702714323997
[2025-01-16 01:20:20,823] INFO: Iter 16800 Summary: 
[2025-01-16 01:20:20,824] INFO: 	 lr: 0.00030000000000000073 	 Training loss: 0.06316533878445625
[2025-01-16 01:20:31,274] INFO: Iter 16900 Summary: 
[2025-01-16 01:20:31,275] INFO: 	 lr: 0.00030000000000000073 	 Training loss: 0.06326199106872082
[2025-01-16 01:20:42,305] INFO: Iter 17000 Summary: 
[2025-01-16 01:20:42,305] INFO: 	 lr: 0.00030000000000000073 	 Training loss: 0.06273062102496624
[2025-01-16 01:20:54,904] INFO: Iter 17100 Summary: 
[2025-01-16 01:20:54,904] INFO: 	 lr: 0.00030000000000000073 	 Training loss: 0.06280215222388506
[2025-01-16 01:21:05,775] INFO: Iter 17200 Summary: 
[2025-01-16 01:21:05,775] INFO: 	 lr: 0.00030000000000000073 	 Training loss: 0.0635577953979373
[2025-01-16 01:21:17,062] INFO: Iter 17300 Summary: 
[2025-01-16 01:21:17,062] INFO: 	 lr: 0.00030000000000000073 	 Training loss: 0.06305583950132132
[2025-01-16 01:21:28,379] INFO: Iter 17400 Summary: 
[2025-01-16 01:21:28,379] INFO: 	 lr: 0.00030000000000000073 	 Training loss: 0.06275666363537312
[2025-01-16 01:21:39,352] INFO: Iter 17500 Summary: 
[2025-01-16 01:21:39,352] INFO: 	 lr: 0.00030000000000000073 	 Training loss: 0.06332034368067979
[2025-01-16 01:21:49,701] INFO: Iter 17600 Summary: 
[2025-01-16 01:21:49,701] INFO: 	 lr: 0.00030000000000000073 	 Training loss: 0.06291383408010005
[2025-01-16 01:22:00,265] INFO: Iter 17700 Summary: 
[2025-01-16 01:22:00,265] INFO: 	 lr: 0.00030000000000000073 	 Training loss: 0.06328996066004038
[2025-01-16 01:22:11,962] INFO: Iter 17800 Summary: 
[2025-01-16 01:22:11,963] INFO: 	 lr: 0.00030000000000000073 	 Training loss: 0.0627114824578166
[2025-01-16 01:22:22,806] INFO: Iter 17900 Summary: 
[2025-01-16 01:22:22,807] INFO: 	 lr: 0.00030000000000000073 	 Training loss: 0.0629191803559661
[2025-01-16 01:22:33,741] INFO: Iter 18000 Summary: 
[2025-01-16 01:22:33,742] INFO: 	 lr: 0.00030000000000000073 	 Training loss: 0.06266788598150015
[2025-01-16 01:22:45,771] INFO: Iter 18100 Summary: 
[2025-01-16 01:22:45,772] INFO: 	 lr: 0.00030000000000000073 	 Training loss: 0.06272336643189191
[2025-01-16 01:22:56,034] INFO: Iter 18200 Summary: 
[2025-01-16 01:22:56,035] INFO: 	 lr: 0.00030000000000000073 	 Training loss: 0.06279690477997064
[2025-01-16 01:23:06,906] INFO: Iter 18300 Summary: 
[2025-01-16 01:23:06,907] INFO: 	 lr: 0.00030000000000000073 	 Training loss: 0.0629854204878211
[2025-01-16 01:23:17,187] INFO: Iter 18400 Summary: 
[2025-01-16 01:23:17,188] INFO: 	 lr: 0.00030000000000000073 	 Training loss: 0.06285294212400913
[2025-01-16 01:23:28,710] INFO: Iter 18500 Summary: 
[2025-01-16 01:23:28,710] INFO: 	 lr: 0.00030000000000000073 	 Training loss: 0.06267812538892031
[2025-01-16 01:23:39,859] INFO: Iter 18600 Summary: 
[2025-01-16 01:23:39,860] INFO: 	 lr: 0.00030000000000000073 	 Training loss: 0.06257387917488813
[2025-01-16 01:23:49,916] INFO: Iter 18700 Summary: 
[2025-01-16 01:23:49,916] INFO: 	 lr: 0.00030000000000000073 	 Training loss: 0.06262702275067568
[2025-01-16 01:23:59,944] INFO: Iter 18800 Summary: 
[2025-01-16 01:23:59,944] INFO: 	 lr: 0.00030000000000000073 	 Training loss: 0.0628965587541461
[2025-01-16 01:24:10,266] INFO: Iter 18900 Summary: 
[2025-01-16 01:24:10,267] INFO: 	 lr: 0.00030000000000000073 	 Training loss: 0.0631043503060937
[2025-01-16 01:24:21,890] INFO: Iter 19000 Summary: 
[2025-01-16 01:24:21,890] INFO: 	 lr: 0.00030000000000000073 	 Training loss: 0.06254949282854795
[2025-01-16 01:24:34,107] INFO: Iter 19100 Summary: 
[2025-01-16 01:24:34,107] INFO: 	 lr: 0.00030000000000000073 	 Training loss: 0.06299917683005334
[2025-01-16 01:24:45,813] INFO: Iter 19200 Summary: 
[2025-01-16 01:24:45,814] INFO: 	 lr: 0.00030000000000000073 	 Training loss: 0.06282187454402446
[2025-01-16 01:24:56,300] INFO: Iter 19300 Summary: 
[2025-01-16 01:24:56,301] INFO: 	 lr: 0.00030000000000000073 	 Training loss: 0.06285744436085224
[2025-01-16 01:25:07,363] INFO: Iter 19400 Summary: 
[2025-01-16 01:25:07,363] INFO: 	 lr: 0.00030000000000000073 	 Training loss: 0.06223888993263245
[2025-01-16 01:25:19,090] INFO: Iter 19500 Summary: 
[2025-01-16 01:25:19,090] INFO: 	 lr: 0.00030000000000000073 	 Training loss: 0.062431234680116174
[2025-01-16 01:25:30,730] INFO: Iter 19600 Summary: 
[2025-01-16 01:25:30,730] INFO: 	 lr: 0.00030000000000000073 	 Training loss: 0.06233174555003643
[2025-01-16 01:25:42,248] INFO: Iter 19700 Summary: 
[2025-01-16 01:25:42,248] INFO: 	 lr: 0.00030000000000000073 	 Training loss: 0.06274433460086584
[2025-01-16 01:25:54,066] INFO: Iter 19800 Summary: 
[2025-01-16 01:25:54,066] INFO: 	 lr: 0.00030000000000000073 	 Training loss: 0.06223221708089113
[2025-01-16 01:26:04,291] INFO: Iter 19900 Summary: 
[2025-01-16 01:26:04,291] INFO: 	 lr: 0.00030000000000000073 	 Training loss: 0.06228963315486908
[2025-01-16 01:26:15,352] INFO: Iter 20000 Summary: 
[2025-01-16 01:26:15,352] INFO: 	 lr: 0.00030000000000000073 	 Training loss: 0.0622547585144639
[2025-01-16 01:26:29,428] INFO: Iter 20100 Summary: 
[2025-01-16 01:26:29,428] INFO: 	 lr: 0.00030000000000000073 	 Training loss: 0.06237968645989895
[2025-01-16 01:26:41,851] INFO: Iter 20200 Summary: 
[2025-01-16 01:26:41,852] INFO: 	 lr: 0.00030000000000000073 	 Training loss: 0.06262122947722673
[2025-01-16 01:26:53,245] INFO: Iter 20300 Summary: 
[2025-01-16 01:26:53,245] INFO: 	 lr: 0.00030000000000000073 	 Training loss: 0.062464351616799835
[2025-01-16 01:27:04,669] INFO: Iter 20400 Summary: 
[2025-01-16 01:27:04,670] INFO: 	 lr: 0.00030000000000000073 	 Training loss: 0.06182522267103195
[2025-01-16 01:27:16,458] INFO: Iter 20500 Summary: 
[2025-01-16 01:27:16,459] INFO: 	 lr: 0.00030000000000000073 	 Training loss: 0.0620729298889637
[2025-01-16 01:27:27,643] INFO: Iter 20600 Summary: 
[2025-01-16 01:27:27,644] INFO: 	 lr: 0.00030000000000000073 	 Training loss: 0.06222268842160702
[2025-01-16 01:27:38,336] INFO: Iter 20700 Summary: 
[2025-01-16 01:27:38,337] INFO: 	 lr: 0.00030000000000000073 	 Training loss: 0.06225952323526144
[2025-01-16 01:27:50,132] INFO: Iter 20800 Summary: 
[2025-01-16 01:27:50,132] INFO: 	 lr: 0.00030000000000000073 	 Training loss: 0.062260079681873325
[2025-01-16 01:28:01,621] INFO: Iter 20900 Summary: 
[2025-01-16 01:28:01,622] INFO: 	 lr: 0.00030000000000000073 	 Training loss: 0.06221819244325161
[2025-01-16 01:28:12,386] INFO: Iter 21000 Summary: 
[2025-01-16 01:28:12,386] INFO: 	 lr: 0.00030000000000000073 	 Training loss: 0.062206460759043694
[2025-01-16 01:28:24,169] INFO: Iter 21100 Summary: 
[2025-01-16 01:28:24,169] INFO: 	 lr: 0.00030000000000000073 	 Training loss: 0.0617153811827302
[2025-01-16 01:28:37,050] INFO: Iter 21200 Summary: 
[2025-01-16 01:28:37,051] INFO: 	 lr: 0.00030000000000000073 	 Training loss: 0.06244967520236969
[2025-01-16 01:28:48,563] INFO: Iter 21300 Summary: 
[2025-01-16 01:28:48,564] INFO: 	 lr: 0.00030000000000000073 	 Training loss: 0.06246823754161596
[2025-01-16 01:28:59,786] INFO: Iter 21400 Summary: 
[2025-01-16 01:28:59,787] INFO: 	 lr: 0.00030000000000000073 	 Training loss: 0.06176444176584482
[2025-01-16 01:29:10,619] INFO: Iter 21500 Summary: 
[2025-01-16 01:29:10,619] INFO: 	 lr: 0.00030000000000000073 	 Training loss: 0.061879440918564795
[2025-01-16 01:29:20,912] INFO: Iter 21600 Summary: 
[2025-01-16 01:29:20,912] INFO: 	 lr: 0.00030000000000000073 	 Training loss: 0.06194343931972981
[2025-01-16 01:29:32,729] INFO: Iter 21700 Summary: 
[2025-01-16 01:29:32,730] INFO: 	 lr: 0.00030000000000000073 	 Training loss: 0.06206779178231955
[2025-01-16 01:29:43,581] INFO: Iter 21800 Summary: 
[2025-01-16 01:29:43,582] INFO: 	 lr: 0.00030000000000000073 	 Training loss: 0.06226323872804642
[2025-01-16 01:29:54,786] INFO: Iter 21900 Summary: 
[2025-01-16 01:29:54,786] INFO: 	 lr: 0.00030000000000000073 	 Training loss: 0.06186265774071217
[2025-01-16 01:30:06,230] INFO: Iter 22000 Summary: 
[2025-01-16 01:30:06,230] INFO: 	 lr: 0.00030000000000000073 	 Training loss: 0.0616496967151761
[2025-01-16 01:30:18,745] INFO: Iter 22100 Summary: 
[2025-01-16 01:30:18,746] INFO: 	 lr: 0.00030000000000000073 	 Training loss: 0.06154588308185339
[2025-01-16 01:30:29,265] INFO: Iter 22200 Summary: 
[2025-01-16 01:30:29,265] INFO: 	 lr: 0.00030000000000000073 	 Training loss: 0.062107674814760684
[2025-01-16 01:30:40,692] INFO: Iter 22300 Summary: 
[2025-01-16 01:30:40,692] INFO: 	 lr: 0.00030000000000000073 	 Training loss: 0.06175592597573996
[2025-01-16 01:30:51,304] INFO: Iter 22400 Summary: 
[2025-01-16 01:30:51,304] INFO: 	 lr: 0.00030000000000000073 	 Training loss: 0.06233288146555424
[2025-01-16 01:31:02,730] INFO: Iter 22500 Summary: 
[2025-01-16 01:31:02,731] INFO: 	 lr: 0.00030000000000000073 	 Training loss: 0.06212879542261362
[2025-01-16 01:31:14,717] INFO: Iter 22600 Summary: 
[2025-01-16 01:31:14,717] INFO: 	 lr: 0.00030000000000000073 	 Training loss: 0.06153927683830261
[2025-01-16 01:31:25,314] INFO: Iter 22700 Summary: 
[2025-01-16 01:31:25,314] INFO: 	 lr: 0.00030000000000000073 	 Training loss: 0.061954690106213094
[2025-01-16 01:31:36,650] INFO: Iter 22800 Summary: 
[2025-01-16 01:31:36,650] INFO: 	 lr: 0.00030000000000000073 	 Training loss: 0.06140682250261307
[2025-01-16 01:31:47,606] INFO: Iter 22900 Summary: 
[2025-01-16 01:31:47,606] INFO: 	 lr: 0.00030000000000000073 	 Training loss: 0.06186887968331575
[2025-01-16 01:31:58,560] INFO: Iter 23000 Summary: 
[2025-01-16 01:31:58,560] INFO: 	 lr: 0.00030000000000000073 	 Training loss: 0.061869993396103384
[2025-01-16 01:32:10,614] INFO: Iter 23100 Summary: 
[2025-01-16 01:32:10,614] INFO: 	 lr: 0.00030000000000000073 	 Training loss: 0.061832916438579556
[2025-01-16 01:32:21,420] INFO: Iter 23200 Summary: 
[2025-01-16 01:32:21,421] INFO: 	 lr: 0.00030000000000000073 	 Training loss: 0.061682574041187765
[2025-01-16 01:32:32,858] INFO: Iter 23300 Summary: 
[2025-01-16 01:32:32,859] INFO: 	 lr: 0.00030000000000000073 	 Training loss: 0.061377526819705965
[2025-01-16 01:32:44,602] INFO: Iter 23400 Summary: 
[2025-01-16 01:32:44,602] INFO: 	 lr: 0.00030000000000000073 	 Training loss: 0.062140566259622575
[2025-01-16 01:32:55,738] INFO: Iter 23500 Summary: 
[2025-01-16 01:32:55,739] INFO: 	 lr: 0.00030000000000000073 	 Training loss: 0.06147847469896078
[2025-01-16 01:33:07,668] INFO: Iter 23600 Summary: 
[2025-01-16 01:33:07,668] INFO: 	 lr: 0.00030000000000000073 	 Training loss: 0.06162678204476833
[2025-01-16 01:33:18,718] INFO: Iter 23700 Summary: 
[2025-01-16 01:33:18,718] INFO: 	 lr: 0.00030000000000000073 	 Training loss: 0.06160732094198465
[2025-01-16 01:33:30,480] INFO: Iter 23800 Summary: 
[2025-01-16 01:33:30,480] INFO: 	 lr: 0.00030000000000000073 	 Training loss: 0.061736220866441725
[2025-01-16 01:33:41,779] INFO: Iter 23900 Summary: 
[2025-01-16 01:33:41,780] INFO: 	 lr: 0.00030000000000000073 	 Training loss: 0.0612732857465744
[2025-01-16 01:33:52,973] INFO: Iter 24000 Summary: 
[2025-01-16 01:33:52,973] INFO: 	 lr: 0.00030000000000000073 	 Training loss: 0.06141713265329599
[2025-01-16 01:34:05,825] INFO: Iter 24100 Summary: 
[2025-01-16 01:34:05,825] INFO: 	 lr: 0.00030000000000000073 	 Training loss: 0.061548850163817406
[2025-01-16 01:34:17,442] INFO: Iter 24200 Summary: 
[2025-01-16 01:34:17,442] INFO: 	 lr: 0.00030000000000000073 	 Training loss: 0.06153379026800394
[2025-01-16 01:34:29,283] INFO: Iter 24300 Summary: 
[2025-01-16 01:34:29,283] INFO: 	 lr: 0.00030000000000000073 	 Training loss: 0.0616147980466485
[2025-01-16 01:34:40,258] INFO: Iter 24400 Summary: 
[2025-01-16 01:34:40,258] INFO: 	 lr: 0.00030000000000000073 	 Training loss: 0.06132398471236229
[2025-01-16 01:34:51,404] INFO: Iter 24500 Summary: 
[2025-01-16 01:34:51,404] INFO: 	 lr: 0.00030000000000000073 	 Training loss: 0.061894457638263706
[2025-01-16 01:35:03,254] INFO: Iter 24600 Summary: 
[2025-01-16 01:35:03,255] INFO: 	 lr: 0.00030000000000000073 	 Training loss: 0.061246480345726016
[2025-01-16 01:35:14,776] INFO: Iter 24700 Summary: 
[2025-01-16 01:35:14,776] INFO: 	 lr: 0.00030000000000000073 	 Training loss: 0.061498873606324195
[2025-01-16 01:35:26,590] INFO: Iter 24800 Summary: 
[2025-01-16 01:35:26,591] INFO: 	 lr: 0.00030000000000000073 	 Training loss: 0.061396680399775506
[2025-01-16 01:35:38,468] INFO: Iter 24900 Summary: 
[2025-01-16 01:35:38,469] INFO: 	 lr: 0.00030000000000000073 	 Training loss: 0.06119605213403702
[2025-01-16 01:35:49,907] INFO: Iter 25000 Summary: 
[2025-01-16 01:35:49,907] INFO: 	 lr: 0.00030000000000000073 	 Training loss: 0.06157435163855553
[2025-01-16 01:36:00,191] INFO: Iter 25100 Summary: 
[2025-01-16 01:36:00,192] INFO: 	 lr: 0.00030000000000000073 	 Training loss: 0.061441139169037345
[2025-01-16 01:36:11,731] INFO: Iter 25200 Summary: 
[2025-01-16 01:36:11,732] INFO: 	 lr: 0.00030000000000000073 	 Training loss: 0.06135861027985811
[2025-01-16 01:36:22,945] INFO: Iter 25300 Summary: 
[2025-01-16 01:36:22,945] INFO: 	 lr: 0.00030000000000000073 	 Training loss: 0.061371989250183105
[2025-01-16 01:36:34,535] INFO: Iter 25400 Summary: 
[2025-01-16 01:36:34,535] INFO: 	 lr: 0.00030000000000000073 	 Training loss: 0.06144277699291706
[2025-01-16 01:36:45,948] INFO: Iter 25500 Summary: 
[2025-01-16 01:36:45,949] INFO: 	 lr: 0.00030000000000000073 	 Training loss: 0.0612542175501585
[2025-01-16 01:36:57,366] INFO: Iter 25600 Summary: 
[2025-01-16 01:36:57,367] INFO: 	 lr: 0.00030000000000000073 	 Training loss: 0.061093398332595826
[2025-01-16 01:37:08,766] INFO: Iter 25700 Summary: 
[2025-01-16 01:37:08,766] INFO: 	 lr: 0.00030000000000000073 	 Training loss: 0.06116225779056549
[2025-01-16 01:37:20,772] INFO: Iter 25800 Summary: 
[2025-01-16 01:37:20,772] INFO: 	 lr: 0.00030000000000000073 	 Training loss: 0.06108420066535473
[2025-01-16 01:37:32,320] INFO: Iter 25900 Summary: 
[2025-01-16 01:37:32,320] INFO: 	 lr: 0.00030000000000000073 	 Training loss: 0.06125056285411119
[2025-01-16 01:37:44,403] INFO: Iter 26000 Summary: 
[2025-01-16 01:37:44,404] INFO: 	 lr: 0.00030000000000000073 	 Training loss: 0.06082958191633225
[2025-01-16 01:37:57,751] INFO: Iter 26100 Summary: 
[2025-01-16 01:37:57,752] INFO: 	 lr: 0.00030000000000000073 	 Training loss: 0.06104007836431265
[2025-01-16 01:38:08,751] INFO: Iter 26200 Summary: 
[2025-01-16 01:38:08,751] INFO: 	 lr: 0.00030000000000000073 	 Training loss: 0.061525528989732264
[2025-01-16 01:38:19,872] INFO: Iter 26300 Summary: 
[2025-01-16 01:38:19,872] INFO: 	 lr: 0.00030000000000000073 	 Training loss: 0.060964452996850015
[2025-01-16 01:38:31,811] INFO: Iter 26400 Summary: 
[2025-01-16 01:38:31,811] INFO: 	 lr: 0.00030000000000000073 	 Training loss: 0.06126613553613424
[2025-01-16 01:38:43,757] INFO: Iter 26500 Summary: 
[2025-01-16 01:38:43,757] INFO: 	 lr: 0.00030000000000000073 	 Training loss: 0.0612500473856926
[2025-01-16 01:38:54,817] INFO: Iter 26600 Summary: 
[2025-01-16 01:38:54,818] INFO: 	 lr: 0.00030000000000000073 	 Training loss: 0.06119897268712521
[2025-01-16 01:39:06,268] INFO: Iter 26700 Summary: 
[2025-01-16 01:39:06,268] INFO: 	 lr: 0.00030000000000000073 	 Training loss: 0.06082763377577066
[2025-01-16 01:39:17,455] INFO: Iter 26800 Summary: 
[2025-01-16 01:39:17,455] INFO: 	 lr: 0.00030000000000000073 	 Training loss: 0.061467739194631575
[2025-01-16 01:39:27,644] INFO: Iter 26900 Summary: 
[2025-01-16 01:39:27,644] INFO: 	 lr: 0.00030000000000000073 	 Training loss: 0.060869660936295984
[2025-01-16 01:39:39,134] INFO: Iter 27000 Summary: 
[2025-01-16 01:39:39,134] INFO: 	 lr: 0.00030000000000000073 	 Training loss: 0.061067652441561225
[2025-01-16 01:39:49,946] INFO: Iter 27100 Summary: 
[2025-01-16 01:39:49,946] INFO: 	 lr: 0.00030000000000000073 	 Training loss: 0.0619016969576478
[2025-01-16 01:40:01,653] INFO: Iter 27200 Summary: 
[2025-01-16 01:40:01,653] INFO: 	 lr: 0.00030000000000000073 	 Training loss: 0.06086210243403912
[2025-01-16 01:40:12,992] INFO: Iter 27300 Summary: 
[2025-01-16 01:40:12,992] INFO: 	 lr: 0.00030000000000000073 	 Training loss: 0.06066741168498993
[2025-01-16 01:40:24,425] INFO: Iter 27400 Summary: 
[2025-01-16 01:40:24,426] INFO: 	 lr: 0.00030000000000000073 	 Training loss: 0.06093683186918497
[2025-01-16 01:40:35,089] INFO: Iter 27500 Summary: 
[2025-01-16 01:40:35,090] INFO: 	 lr: 0.00030000000000000073 	 Training loss: 0.06073500495404005
[2025-01-16 01:40:47,022] INFO: Iter 27600 Summary: 
[2025-01-16 01:40:47,022] INFO: 	 lr: 0.00030000000000000073 	 Training loss: 0.061036968640983104
[2025-01-16 01:40:57,714] INFO: Iter 27700 Summary: 
[2025-01-16 01:40:57,715] INFO: 	 lr: 0.00030000000000000073 	 Training loss: 0.06101109642535448
[2025-01-16 01:41:09,682] INFO: Iter 27800 Summary: 
[2025-01-16 01:41:09,682] INFO: 	 lr: 0.00030000000000000073 	 Training loss: 0.06145841244608164
[2025-01-16 01:41:21,286] INFO: Iter 27900 Summary: 
[2025-01-16 01:41:21,287] INFO: 	 lr: 0.00030000000000000073 	 Training loss: 0.06071065239608288
[2025-01-16 01:41:32,356] INFO: Iter 28000 Summary: 
[2025-01-16 01:41:32,356] INFO: 	 lr: 0.00030000000000000073 	 Training loss: 0.06096905939280987
[2025-01-16 01:41:45,284] INFO: Iter 28100 Summary: 
[2025-01-16 01:41:45,284] INFO: 	 lr: 0.00030000000000000073 	 Training loss: 0.06117924574762583
[2025-01-16 01:41:55,866] INFO: Iter 28200 Summary: 
[2025-01-16 01:41:55,867] INFO: 	 lr: 0.00030000000000000073 	 Training loss: 0.060899746231734754
[2025-01-16 01:42:07,107] INFO: Iter 28300 Summary: 
[2025-01-16 01:42:07,107] INFO: 	 lr: 0.00030000000000000073 	 Training loss: 0.06050369270145893
[2025-01-16 01:42:18,416] INFO: Iter 28400 Summary: 
[2025-01-16 01:42:18,417] INFO: 	 lr: 0.00030000000000000073 	 Training loss: 0.0608304836973548
[2025-01-16 01:42:29,100] INFO: Iter 28500 Summary: 
[2025-01-16 01:42:29,101] INFO: 	 lr: 0.00030000000000000073 	 Training loss: 0.06087117858231068
[2025-01-16 01:42:40,144] INFO: Iter 28600 Summary: 
[2025-01-16 01:42:40,144] INFO: 	 lr: 0.00030000000000000073 	 Training loss: 0.061054025180637836
[2025-01-16 01:42:52,297] INFO: Iter 28700 Summary: 
[2025-01-16 01:42:52,298] INFO: 	 lr: 0.00030000000000000073 	 Training loss: 0.060433325320482255
[2025-01-16 01:43:04,256] INFO: Iter 28800 Summary: 
[2025-01-16 01:43:04,257] INFO: 	 lr: 0.00030000000000000073 	 Training loss: 0.0608990927413106
[2025-01-16 01:43:15,406] INFO: Iter 28900 Summary: 
[2025-01-16 01:43:15,406] INFO: 	 lr: 0.00030000000000000073 	 Training loss: 0.0606555862352252
[2025-01-16 01:43:26,369] INFO: Iter 29000 Summary: 
[2025-01-16 01:43:26,370] INFO: 	 lr: 0.00030000000000000073 	 Training loss: 0.06099703684449196
[2025-01-16 01:43:38,078] INFO: Iter 29100 Summary: 
[2025-01-16 01:43:38,078] INFO: 	 lr: 0.00030000000000000073 	 Training loss: 0.060747587755322456
[2025-01-16 01:43:48,615] INFO: Iter 29200 Summary: 
[2025-01-16 01:43:48,616] INFO: 	 lr: 0.00030000000000000073 	 Training loss: 0.06085146401077509
[2025-01-16 01:44:00,097] INFO: Iter 29300 Summary: 
[2025-01-16 01:44:00,097] INFO: 	 lr: 0.00030000000000000073 	 Training loss: 0.06047992315143347
[2025-01-16 01:44:11,415] INFO: Iter 29400 Summary: 
[2025-01-16 01:44:11,415] INFO: 	 lr: 0.00030000000000000073 	 Training loss: 0.060330406837165354
[2025-01-16 01:44:23,366] INFO: Iter 29500 Summary: 
[2025-01-16 01:44:23,366] INFO: 	 lr: 0.00030000000000000073 	 Training loss: 0.06057235453277826
[2025-01-16 01:44:35,238] INFO: Iter 29600 Summary: 
[2025-01-16 01:44:35,239] INFO: 	 lr: 0.00030000000000000073 	 Training loss: 0.06113917000591755
[2025-01-16 01:44:46,734] INFO: Iter 29700 Summary: 
[2025-01-16 01:44:46,734] INFO: 	 lr: 0.00030000000000000073 	 Training loss: 0.0608398699387908
[2025-01-16 01:44:57,866] INFO: Iter 29800 Summary: 
[2025-01-16 01:44:57,866] INFO: 	 lr: 0.00030000000000000073 	 Training loss: 0.06083158254623413
[2025-01-16 01:45:09,301] INFO: Iter 29900 Summary: 
[2025-01-16 01:45:09,301] INFO: 	 lr: 0.00030000000000000073 	 Training loss: 0.06060216132551432
[2025-01-16 01:45:21,101] INFO: Iter 30000 Summary: 
[2025-01-16 01:45:21,101] INFO: 	 lr: 0.00030000000000000073 	 Training loss: 0.060898135527968404
[2025-01-16 01:45:34,920] INFO: Iter 30100 Summary: 
[2025-01-16 01:45:34,920] INFO: 	 lr: 1.2900000000000026e-05 	 Training loss: 0.059353033639490606
[2025-01-16 01:45:47,240] INFO: Iter 30200 Summary: 
[2025-01-16 01:45:47,240] INFO: 	 lr: 1.000000000000002e-05 	 Training loss: 0.05863433703780174
[2025-01-16 01:45:58,650] INFO: Iter 30300 Summary: 
[2025-01-16 01:45:58,651] INFO: 	 lr: 1.000000000000002e-05 	 Training loss: 0.05879469979554415
[2025-01-16 01:46:10,393] INFO: Iter 30400 Summary: 
[2025-01-16 01:46:10,393] INFO: 	 lr: 1.000000000000002e-05 	 Training loss: 0.05803655453026295
[2025-01-16 01:46:22,389] INFO: Iter 30500 Summary: 
[2025-01-16 01:46:22,390] INFO: 	 lr: 1.000000000000002e-05 	 Training loss: 0.058599630221724514
[2025-01-16 01:46:34,278] INFO: Iter 30600 Summary: 
[2025-01-16 01:46:34,278] INFO: 	 lr: 1.000000000000002e-05 	 Training loss: 0.05796696633100509
[2025-01-16 01:46:45,986] INFO: Iter 30700 Summary: 
[2025-01-16 01:46:45,987] INFO: 	 lr: 1.000000000000002e-05 	 Training loss: 0.058584841787815096
[2025-01-16 01:46:57,629] INFO: Iter 30800 Summary: 
[2025-01-16 01:46:57,629] INFO: 	 lr: 1.000000000000002e-05 	 Training loss: 0.058323049433529374
[2025-01-16 01:47:08,551] INFO: Iter 30900 Summary: 
[2025-01-16 01:47:08,551] INFO: 	 lr: 1.000000000000002e-05 	 Training loss: 0.05812470220029354
[2025-01-16 01:47:19,761] INFO: Iter 31000 Summary: 
[2025-01-16 01:47:19,761] INFO: 	 lr: 1.000000000000002e-05 	 Training loss: 0.05762221112847328
[2025-01-16 01:47:31,581] INFO: Iter 31100 Summary: 
[2025-01-16 01:47:31,581] INFO: 	 lr: 1.000000000000002e-05 	 Training loss: 0.05768081784248352
[2025-01-16 01:47:43,252] INFO: Iter 31200 Summary: 
[2025-01-16 01:47:43,252] INFO: 	 lr: 1.000000000000002e-05 	 Training loss: 0.058150906823575495
[2025-01-16 01:47:54,872] INFO: Iter 31300 Summary: 
[2025-01-16 01:47:54,872] INFO: 	 lr: 1.000000000000002e-05 	 Training loss: 0.05785808742046356
[2025-01-16 01:48:05,451] INFO: Iter 31400 Summary: 
[2025-01-16 01:48:05,451] INFO: 	 lr: 1.000000000000002e-05 	 Training loss: 0.05789942894130945
[2025-01-16 01:48:16,821] INFO: Iter 31500 Summary: 
[2025-01-16 01:48:16,821] INFO: 	 lr: 1.000000000000002e-05 	 Training loss: 0.05778701972216368
[2025-01-16 01:48:28,302] INFO: Iter 31600 Summary: 
[2025-01-16 01:48:28,303] INFO: 	 lr: 1.000000000000002e-05 	 Training loss: 0.057378439679741856
[2025-01-16 01:48:40,357] INFO: Iter 31700 Summary: 
[2025-01-16 01:48:40,358] INFO: 	 lr: 1.000000000000002e-05 	 Training loss: 0.05769863955676555
[2025-01-16 01:48:52,401] INFO: Iter 31800 Summary: 
[2025-01-16 01:48:52,401] INFO: 	 lr: 1.000000000000002e-05 	 Training loss: 0.0575774684920907
[2025-01-16 01:49:02,590] INFO: Iter 31900 Summary: 
[2025-01-16 01:49:02,590] INFO: 	 lr: 1.000000000000002e-05 	 Training loss: 0.05784144684672356
[2025-01-16 01:49:12,391] INFO: Iter 32000 Summary: 
[2025-01-16 01:49:12,391] INFO: 	 lr: 1.000000000000002e-05 	 Training loss: 0.05786622017621994
[2025-01-16 01:49:26,449] INFO: Iter 32100 Summary: 
[2025-01-16 01:49:26,449] INFO: 	 lr: 1.000000000000002e-05 	 Training loss: 0.05779285434633494
[2025-01-16 01:49:38,020] INFO: Iter 32200 Summary: 
[2025-01-16 01:49:38,020] INFO: 	 lr: 1.000000000000002e-05 	 Training loss: 0.05797239910811186
[2025-01-16 01:49:49,921] INFO: Iter 32300 Summary: 
[2025-01-16 01:49:49,921] INFO: 	 lr: 1.000000000000002e-05 	 Training loss: 0.0573237069696188
[2025-01-16 01:50:00,588] INFO: Iter 32400 Summary: 
[2025-01-16 01:50:00,588] INFO: 	 lr: 1.000000000000002e-05 	 Training loss: 0.05734233446419239
[2025-01-16 01:50:11,985] INFO: Iter 32500 Summary: 
[2025-01-16 01:50:11,985] INFO: 	 lr: 1.000000000000002e-05 	 Training loss: 0.05762659598141909
[2025-01-16 01:50:22,516] INFO: Iter 32600 Summary: 
[2025-01-16 01:50:22,517] INFO: 	 lr: 1.000000000000002e-05 	 Training loss: 0.05766951743513346
[2025-01-16 01:50:34,394] INFO: Iter 32700 Summary: 
[2025-01-16 01:50:34,395] INFO: 	 lr: 1.000000000000002e-05 	 Training loss: 0.057656075209379196
[2025-01-16 01:50:46,967] INFO: Iter 32800 Summary: 
[2025-01-16 01:50:46,967] INFO: 	 lr: 1.000000000000002e-05 	 Training loss: 0.05746929869055748
[2025-01-16 01:50:58,952] INFO: Iter 32900 Summary: 
[2025-01-16 01:50:58,953] INFO: 	 lr: 1.000000000000002e-05 	 Training loss: 0.057652468904852865
[2025-01-16 01:51:09,796] INFO: Iter 33000 Summary: 
[2025-01-16 01:51:09,796] INFO: 	 lr: 1.000000000000002e-05 	 Training loss: 0.057786037102341654
[2025-01-16 01:51:18,503] INFO: Iter 33100 Summary: 
[2025-01-16 01:51:18,503] INFO: 	 lr: 1.000000000000002e-05 	 Training loss: 0.05731685474514961
[2025-01-16 01:51:25,661] INFO: Iter 33200 Summary: 
[2025-01-16 01:51:25,661] INFO: 	 lr: 1.000000000000002e-05 	 Training loss: 0.05768060628324747
[2025-01-16 01:51:32,770] INFO: Iter 33300 Summary: 
[2025-01-16 01:51:32,770] INFO: 	 lr: 1.000000000000002e-05 	 Training loss: 0.05779017135500908
[2025-01-16 01:51:40,177] INFO: Iter 33400 Summary: 
[2025-01-16 01:51:40,177] INFO: 	 lr: 1.000000000000002e-05 	 Training loss: 0.05744336850941181
[2025-01-16 01:51:47,638] INFO: Iter 33500 Summary: 
[2025-01-16 01:51:47,638] INFO: 	 lr: 1.000000000000002e-05 	 Training loss: 0.05764150273054838
[2025-01-16 01:51:54,427] INFO: Iter 33600 Summary: 
[2025-01-16 01:51:54,427] INFO: 	 lr: 1.000000000000002e-05 	 Training loss: 0.057525185868144035
[2025-01-16 01:52:01,446] INFO: Iter 33700 Summary: 
[2025-01-16 01:52:01,446] INFO: 	 lr: 1.000000000000002e-05 	 Training loss: 0.0573338508233428
[2025-01-16 01:52:08,293] INFO: Iter 33800 Summary: 
[2025-01-16 01:52:08,293] INFO: 	 lr: 1.000000000000002e-05 	 Training loss: 0.05741007626056671
[2025-01-16 01:52:15,941] INFO: Iter 33900 Summary: 
[2025-01-16 01:52:15,941] INFO: 	 lr: 1.000000000000002e-05 	 Training loss: 0.057784438505768775
[2025-01-16 01:52:23,359] INFO: Iter 34000 Summary: 
[2025-01-16 01:52:23,359] INFO: 	 lr: 1.000000000000002e-05 	 Training loss: 0.05739105973392725
[2025-01-16 01:52:31,779] INFO: Iter 34100 Summary: 
[2025-01-16 01:52:31,779] INFO: 	 lr: 1.000000000000002e-05 	 Training loss: 0.05721484653651714
[2025-01-16 01:52:38,784] INFO: Iter 34200 Summary: 
[2025-01-16 01:52:38,785] INFO: 	 lr: 1.000000000000002e-05 	 Training loss: 0.05720098216086626
[2025-01-16 01:52:45,915] INFO: Iter 34300 Summary: 
[2025-01-16 01:52:45,915] INFO: 	 lr: 1.000000000000002e-05 	 Training loss: 0.057489988021552564
[2025-01-16 01:52:52,777] INFO: Iter 34400 Summary: 
[2025-01-16 01:52:52,778] INFO: 	 lr: 1.000000000000002e-05 	 Training loss: 0.0569014135748148
[2025-01-16 01:53:00,179] INFO: Iter 34500 Summary: 
[2025-01-16 01:53:00,179] INFO: 	 lr: 1.000000000000002e-05 	 Training loss: 0.057539476230740544
[2025-01-16 01:53:06,991] INFO: Iter 34600 Summary: 
[2025-01-16 01:53:06,991] INFO: 	 lr: 1.000000000000002e-05 	 Training loss: 0.057238941490650175
[2025-01-16 01:53:13,767] INFO: Iter 34700 Summary: 
[2025-01-16 01:53:13,767] INFO: 	 lr: 1.000000000000002e-05 	 Training loss: 0.05731585443019867
[2025-01-16 01:53:21,024] INFO: Iter 34800 Summary: 
[2025-01-16 01:53:21,025] INFO: 	 lr: 1.000000000000002e-05 	 Training loss: 0.05777537539601326
[2025-01-16 01:53:27,917] INFO: Iter 34900 Summary: 
[2025-01-16 01:53:27,917] INFO: 	 lr: 1.000000000000002e-05 	 Training loss: 0.057366286404430866
[2025-01-16 01:53:35,133] INFO: Iter 35000 Summary: 
[2025-01-16 01:53:35,133] INFO: 	 lr: 1.000000000000002e-05 	 Training loss: 0.05747305631637573
[2025-01-16 01:53:42,026] INFO: Iter 35100 Summary: 
[2025-01-16 01:53:42,026] INFO: 	 lr: 1.000000000000002e-05 	 Training loss: 0.05718843538314104
[2025-01-16 01:53:49,100] INFO: Iter 35200 Summary: 
[2025-01-16 01:53:49,100] INFO: 	 lr: 1.000000000000002e-05 	 Training loss: 0.05725287839770317
[2025-01-16 01:53:56,001] INFO: Iter 35300 Summary: 
[2025-01-16 01:53:56,002] INFO: 	 lr: 1.000000000000002e-05 	 Training loss: 0.05723651386797428
[2025-01-16 01:54:02,768] INFO: Iter 35400 Summary: 
[2025-01-16 01:54:02,768] INFO: 	 lr: 1.000000000000002e-05 	 Training loss: 0.057056164816021916
[2025-01-16 01:54:10,383] INFO: Iter 35500 Summary: 
[2025-01-16 01:54:10,384] INFO: 	 lr: 1.000000000000002e-05 	 Training loss: 0.05713782273232937
[2025-01-16 01:54:17,181] INFO: Iter 35600 Summary: 
[2025-01-16 01:54:17,181] INFO: 	 lr: 1.000000000000002e-05 	 Training loss: 0.05737428519874811
[2025-01-16 01:54:24,389] INFO: Iter 35700 Summary: 
[2025-01-16 01:54:24,390] INFO: 	 lr: 1.000000000000002e-05 	 Training loss: 0.05709505084902048
[2025-01-16 01:54:31,403] INFO: Iter 35800 Summary: 
[2025-01-16 01:54:31,404] INFO: 	 lr: 1.000000000000002e-05 	 Training loss: 0.0572053937241435
[2025-01-16 01:54:38,591] INFO: Iter 35900 Summary: 
[2025-01-16 01:54:38,591] INFO: 	 lr: 1.000000000000002e-05 	 Training loss: 0.057361179292202
[2025-01-16 01:54:45,447] INFO: Iter 36000 Summary: 
[2025-01-16 01:54:45,448] INFO: 	 lr: 1.000000000000002e-05 	 Training loss: 0.05709229495376349
[2025-01-16 01:54:54,485] INFO: Iter 36100 Summary: 
[2025-01-16 01:54:54,486] INFO: 	 lr: 1.000000000000002e-05 	 Training loss: 0.057356918565928935
[2025-01-16 01:55:02,264] INFO: Iter 36200 Summary: 
[2025-01-16 01:55:02,265] INFO: 	 lr: 1.000000000000002e-05 	 Training loss: 0.05716343343257904
[2025-01-16 01:55:09,396] INFO: Iter 36300 Summary: 
[2025-01-16 01:55:09,396] INFO: 	 lr: 1.000000000000002e-05 	 Training loss: 0.05707489039748907
[2025-01-16 01:55:16,612] INFO: Iter 36400 Summary: 
[2025-01-16 01:55:16,612] INFO: 	 lr: 1.000000000000002e-05 	 Training loss: 0.056974909119308
[2025-01-16 01:55:23,611] INFO: Iter 36500 Summary: 
[2025-01-16 01:55:23,611] INFO: 	 lr: 1.000000000000002e-05 	 Training loss: 0.05753792766481638
[2025-01-16 01:55:30,915] INFO: Iter 36600 Summary: 
[2025-01-16 01:55:30,916] INFO: 	 lr: 1.000000000000002e-05 	 Training loss: 0.057240383736789226
[2025-01-16 01:55:37,547] INFO: Iter 36700 Summary: 
[2025-01-16 01:55:37,548] INFO: 	 lr: 1.000000000000002e-05 	 Training loss: 0.05737281449139118
[2025-01-16 01:55:44,305] INFO: Iter 36800 Summary: 
[2025-01-16 01:55:44,305] INFO: 	 lr: 1.000000000000002e-05 	 Training loss: 0.05691411647945643
[2025-01-16 01:55:51,938] INFO: Iter 36900 Summary: 
[2025-01-16 01:55:51,938] INFO: 	 lr: 1.000000000000002e-05 	 Training loss: 0.05699509732425213
[2025-01-16 01:55:59,563] INFO: Iter 37000 Summary: 
[2025-01-16 01:55:59,563] INFO: 	 lr: 1.000000000000002e-05 	 Training loss: 0.057270701937377454
[2025-01-16 01:56:06,740] INFO: Iter 37100 Summary: 
[2025-01-16 01:56:06,740] INFO: 	 lr: 1.000000000000002e-05 	 Training loss: 0.05695600919425488
[2025-01-16 01:56:13,433] INFO: Iter 37200 Summary: 
[2025-01-16 01:56:13,434] INFO: 	 lr: 1.000000000000002e-05 	 Training loss: 0.057374831549823285
[2025-01-16 01:56:20,466] INFO: Iter 37300 Summary: 
[2025-01-16 01:56:20,466] INFO: 	 lr: 1.000000000000002e-05 	 Training loss: 0.05745785165578127
[2025-01-16 01:56:27,540] INFO: Iter 37400 Summary: 
[2025-01-16 01:56:27,540] INFO: 	 lr: 1.000000000000002e-05 	 Training loss: 0.05731351785361767
[2025-01-16 01:56:34,531] INFO: Iter 37500 Summary: 
[2025-01-16 01:56:34,531] INFO: 	 lr: 1.000000000000002e-05 	 Training loss: 0.05697142317891121
[2025-01-16 01:56:42,592] INFO: Iter 37600 Summary: 
[2025-01-16 01:56:42,593] INFO: 	 lr: 1.000000000000002e-05 	 Training loss: 0.0571526287868619
[2025-01-16 01:56:49,762] INFO: Iter 37700 Summary: 
[2025-01-16 01:56:49,762] INFO: 	 lr: 1.000000000000002e-05 	 Training loss: 0.05680565863847733
[2025-01-16 01:56:56,737] INFO: Iter 37800 Summary: 
[2025-01-16 01:56:56,737] INFO: 	 lr: 1.000000000000002e-05 	 Training loss: 0.05704566366970539
[2025-01-16 01:57:03,655] INFO: Iter 37900 Summary: 
[2025-01-16 01:57:03,655] INFO: 	 lr: 1.000000000000002e-05 	 Training loss: 0.056838088631629945
[2025-01-16 01:57:10,548] INFO: Iter 38000 Summary: 
[2025-01-16 01:57:10,548] INFO: 	 lr: 1.000000000000002e-05 	 Training loss: 0.057133130505681036
[2025-01-16 01:57:19,187] INFO: Iter 38100 Summary: 
[2025-01-16 01:57:19,187] INFO: 	 lr: 1.000000000000002e-05 	 Training loss: 0.05709752481430769
[2025-01-16 01:57:26,762] INFO: Iter 38200 Summary: 
[2025-01-16 01:57:26,763] INFO: 	 lr: 1.000000000000002e-05 	 Training loss: 0.05720101587474346
[2025-01-16 01:57:33,894] INFO: Iter 38300 Summary: 
[2025-01-16 01:57:33,894] INFO: 	 lr: 1.000000000000002e-05 	 Training loss: 0.05717949818819761
[2025-01-16 01:57:41,344] INFO: Iter 38400 Summary: 
[2025-01-16 01:57:41,344] INFO: 	 lr: 1.000000000000002e-05 	 Training loss: 0.05702541250735521
[2025-01-16 01:57:48,249] INFO: Iter 38500 Summary: 
[2025-01-16 01:57:48,250] INFO: 	 lr: 1.000000000000002e-05 	 Training loss: 0.05706536706537008
[2025-01-16 01:57:54,986] INFO: Iter 38600 Summary: 
[2025-01-16 01:57:54,987] INFO: 	 lr: 1.000000000000002e-05 	 Training loss: 0.056939092092216016
[2025-01-16 01:58:02,369] INFO: Iter 38700 Summary: 
[2025-01-16 01:58:02,370] INFO: 	 lr: 1.000000000000002e-05 	 Training loss: 0.05675215106457472
[2025-01-16 01:58:09,643] INFO: Iter 38800 Summary: 
[2025-01-16 01:58:09,643] INFO: 	 lr: 1.000000000000002e-05 	 Training loss: 0.05688828364014625
[2025-01-16 01:58:16,796] INFO: Iter 38900 Summary: 
[2025-01-16 01:58:16,796] INFO: 	 lr: 1.000000000000002e-05 	 Training loss: 0.05655691787600517
[2025-01-16 01:58:23,855] INFO: Iter 39000 Summary: 
[2025-01-16 01:58:23,855] INFO: 	 lr: 1.000000000000002e-05 	 Training loss: 0.056798990443348886
[2025-01-16 01:58:30,814] INFO: Iter 39100 Summary: 
[2025-01-16 01:58:30,815] INFO: 	 lr: 1.000000000000002e-05 	 Training loss: 0.05684275630861521
[2025-01-16 01:58:38,208] INFO: Iter 39200 Summary: 
[2025-01-16 01:58:38,209] INFO: 	 lr: 1.000000000000002e-05 	 Training loss: 0.05690499935299158
[2025-01-16 01:58:45,567] INFO: Iter 39300 Summary: 
[2025-01-16 01:58:45,567] INFO: 	 lr: 1.000000000000002e-05 	 Training loss: 0.05684317033737898
[2025-01-16 01:58:52,460] INFO: Iter 39400 Summary: 
[2025-01-16 01:58:52,460] INFO: 	 lr: 1.000000000000002e-05 	 Training loss: 0.0570932475104928
[2025-01-16 01:58:59,471] INFO: Iter 39500 Summary: 
[2025-01-16 01:58:59,472] INFO: 	 lr: 1.000000000000002e-05 	 Training loss: 0.056757524237036706
[2025-01-16 01:59:07,145] INFO: Iter 39600 Summary: 
[2025-01-16 01:59:07,145] INFO: 	 lr: 1.000000000000002e-05 	 Training loss: 0.0570131317153573
[2025-01-16 01:59:14,153] INFO: Iter 39700 Summary: 
[2025-01-16 01:59:14,154] INFO: 	 lr: 1.000000000000002e-05 	 Training loss: 0.057050953321158886
[2025-01-16 01:59:21,035] INFO: Iter 39800 Summary: 
[2025-01-16 01:59:21,035] INFO: 	 lr: 1.000000000000002e-05 	 Training loss: 0.05717255920171738
[2025-01-16 01:59:27,842] INFO: Iter 39900 Summary: 
[2025-01-16 01:59:27,842] INFO: 	 lr: 1.000000000000002e-05 	 Training loss: 0.05682291261851788
[2025-01-16 01:59:34,304] INFO: Iter 40000 Summary: 
[2025-01-16 01:59:34,304] INFO: 	 lr: 1.000000000000002e-05 	 Training loss: 0.05662235002964735
