[2025-01-08 06:32:22,099] INFO: {
    "abs_dir": "/home/diwang/siMLPe/exps/baseline_h36m",
    "batch_size": 256,
    "cos_lr_max": 1e-05,
    "cos_lr_min": 5e-08,
    "cos_lr_total_iters": 40000,
    "data_aug": true,
    "deriv_input": true,
    "deriv_output": true,
    "device": "cuda:2",
    "h36m_anno_dir": "/home/diwang/siMLPe/data/h36m/",
    "link_log_file": "/home/diwang/siMLPe/exps/baseline_h36m/log/log_last.log",
    "link_val_log_file": "/home/diwang/siMLPe/exps/baseline_h36m/log/val_last.log",
    "log_dir": "/home/diwang/siMLPe/exps/baseline_h36m/log",
    "log_file": "/home/diwang/siMLPe/exps/baseline_h36m/log/log_2025_01_08_06_31_53.log",
    "model_pth": null,
    "motion": {
        "dim": 66,
        "h36m_input_length": 50,
        "h36m_input_length_dct": 50,
        "h36m_target_length": 10,
        "h36m_target_length_eval": 25,
        "h36m_target_length_train": 10
    },
    "motion_fc_in": {
        "activation": "relu",
        "in_features": 66,
        "init_w_trunc_normal": false,
        "out_features": 66,
        "temporal_fc": false,
        "with_norm": false
    },
    "motion_fc_out": {
        "activation": "relu",
        "in_features": 66,
        "init_w_trunc_normal": true,
        "out_features": 66,
        "temporal_fc": false,
        "with_norm": false
    },
    "motion_mlp": {
        "hidden_dim": 66,
        "norm_axis": "spatial",
        "num_layers": 48,
        "seq_len": 50,
        "spatial_fc_only": false,
        "with_normalization": true
    },
    "num_workers": 8,
    "post_dct": false,
    "pre_dct": false,
    "print_every": 100,
    "repo_name": "siMLPe",
    "root_dir": "/home/diwang/siMLPe",
    "save_every": 2000,
    "seed": 304,
    "shift_step": 1,
    "snapshot_dir": "/home/diwang/siMLPe/exps/baseline_h36m/log/snapshot",
    "this_dir": "baseline_h36m",
    "use_relative_loss": true,
    "val_log_file": "/home/diwang/siMLPe/exps/baseline_h36m/log/val_2025_01_08_06_31_53.log",
    "weight_decay": 0.0001
}
[2025-01-08 06:32:34,410] INFO: Iter 100 Summary: 
[2025-01-08 06:32:34,411] INFO: 	 lr: 0.00030000000000000073 	 Training loss: 0.09218635521829129
[2025-01-08 06:32:44,314] INFO: Iter 200 Summary: 
[2025-01-08 06:32:44,314] INFO: 	 lr: 0.00030000000000000073 	 Training loss: 0.07465976290404797
[2025-01-08 06:32:55,427] INFO: Iter 300 Summary: 
[2025-01-08 06:32:55,427] INFO: 	 lr: 0.00030000000000000073 	 Training loss: 0.07373741000890732
[2025-01-08 06:33:05,858] INFO: Iter 400 Summary: 
[2025-01-08 06:33:05,859] INFO: 	 lr: 0.00030000000000000073 	 Training loss: 0.06978433731943369
[2025-01-08 06:33:15,773] INFO: Iter 500 Summary: 
[2025-01-08 06:33:15,774] INFO: 	 lr: 0.00030000000000000073 	 Training loss: 0.06480005085468292
[2025-01-08 06:33:27,130] INFO: Iter 600 Summary: 
[2025-01-08 06:33:27,130] INFO: 	 lr: 0.00030000000000000073 	 Training loss: 0.06055543038994074
[2025-01-08 06:33:37,908] INFO: Iter 700 Summary: 
[2025-01-08 06:33:37,909] INFO: 	 lr: 0.00030000000000000073 	 Training loss: 0.05885446351021528
[2025-01-08 06:33:49,331] INFO: Iter 800 Summary: 
[2025-01-08 06:33:49,331] INFO: 	 lr: 0.00030000000000000073 	 Training loss: 0.05711995888501406
[2025-01-08 06:34:00,623] INFO: Iter 900 Summary: 
[2025-01-08 06:34:00,623] INFO: 	 lr: 0.00030000000000000073 	 Training loss: 0.05630683671683073
[2025-01-08 06:34:11,764] INFO: Iter 1000 Summary: 
[2025-01-08 06:34:11,764] INFO: 	 lr: 0.00030000000000000073 	 Training loss: 0.056147663593292235
[2025-01-08 06:34:22,271] INFO: Iter 1100 Summary: 
[2025-01-08 06:34:22,271] INFO: 	 lr: 0.00030000000000000073 	 Training loss: 0.05509014803916216
[2025-01-08 06:34:32,822] INFO: Iter 1200 Summary: 
[2025-01-08 06:34:32,823] INFO: 	 lr: 0.00030000000000000073 	 Training loss: 0.054899852499365805
[2025-01-08 06:34:43,981] INFO: Iter 1300 Summary: 
[2025-01-08 06:34:43,981] INFO: 	 lr: 0.00030000000000000073 	 Training loss: 0.054730932042002675
[2025-01-08 06:34:55,497] INFO: Iter 1400 Summary: 
[2025-01-08 06:34:55,498] INFO: 	 lr: 0.00030000000000000073 	 Training loss: 0.0541730173304677
[2025-01-08 06:35:07,210] INFO: Iter 1500 Summary: 
[2025-01-08 06:35:07,211] INFO: 	 lr: 0.00030000000000000073 	 Training loss: 0.05373863313347101
[2025-01-08 06:35:17,782] INFO: Iter 1600 Summary: 
[2025-01-08 06:35:17,782] INFO: 	 lr: 0.00030000000000000073 	 Training loss: 0.05301998417824507
[2025-01-08 06:35:28,700] INFO: Iter 1700 Summary: 
[2025-01-08 06:35:28,700] INFO: 	 lr: 0.00030000000000000073 	 Training loss: 0.053316437490284446
[2025-01-08 06:35:38,388] INFO: Iter 1800 Summary: 
[2025-01-08 06:35:38,388] INFO: 	 lr: 0.00030000000000000073 	 Training loss: 0.05280757959932089
[2025-01-08 06:35:48,554] INFO: Iter 1900 Summary: 
[2025-01-08 06:35:48,554] INFO: 	 lr: 0.00030000000000000073 	 Training loss: 0.05248950768262148
[2025-01-08 06:35:58,782] INFO: Iter 2000 Summary: 
[2025-01-08 06:35:58,783] INFO: 	 lr: 0.00030000000000000073 	 Training loss: 0.05244199711829424
[2025-01-08 06:36:12,098] INFO: Iter 2100 Summary: 
[2025-01-08 06:36:12,098] INFO: 	 lr: 0.00030000000000000073 	 Training loss: 0.05241534132510424
[2025-01-08 06:36:21,547] INFO: Iter 2200 Summary: 
[2025-01-08 06:36:21,547] INFO: 	 lr: 0.00030000000000000073 	 Training loss: 0.05205889280885458
[2025-01-08 06:36:33,266] INFO: Iter 2300 Summary: 
[2025-01-08 06:36:33,286] INFO: 	 lr: 0.00030000000000000073 	 Training loss: 0.0519548961520195
[2025-01-08 06:36:44,153] INFO: Iter 2400 Summary: 
[2025-01-08 06:36:44,153] INFO: 	 lr: 0.00030000000000000073 	 Training loss: 0.051380689330399035
[2025-01-08 06:36:54,932] INFO: Iter 2500 Summary: 
[2025-01-08 06:36:54,932] INFO: 	 lr: 0.00030000000000000073 	 Training loss: 0.05144050482660532
[2025-01-08 06:37:06,001] INFO: Iter 2600 Summary: 
[2025-01-08 06:37:06,002] INFO: 	 lr: 0.00030000000000000073 	 Training loss: 0.05122930344194174
[2025-01-08 06:37:16,402] INFO: Iter 2700 Summary: 
[2025-01-08 06:37:16,403] INFO: 	 lr: 0.00030000000000000073 	 Training loss: 0.05117393914610147
[2025-01-08 06:37:28,534] INFO: Iter 2800 Summary: 
[2025-01-08 06:37:28,535] INFO: 	 lr: 0.00030000000000000073 	 Training loss: 0.051267028339207175
[2025-01-08 06:37:39,966] INFO: Iter 2900 Summary: 
[2025-01-08 06:37:39,966] INFO: 	 lr: 0.00030000000000000073 	 Training loss: 0.050117837376892564
[2025-01-08 06:37:51,305] INFO: Iter 3000 Summary: 
[2025-01-08 06:37:51,305] INFO: 	 lr: 0.00030000000000000073 	 Training loss: 0.05037592396140098
[2025-01-08 06:38:03,251] INFO: Iter 3100 Summary: 
[2025-01-08 06:38:03,251] INFO: 	 lr: 0.00030000000000000073 	 Training loss: 0.05064454507082701
[2025-01-08 06:38:14,365] INFO: Iter 3200 Summary: 
[2025-01-08 06:38:14,366] INFO: 	 lr: 0.00030000000000000073 	 Training loss: 0.049987936466932295
[2025-01-08 06:38:24,344] INFO: Iter 3300 Summary: 
[2025-01-08 06:38:24,344] INFO: 	 lr: 0.00030000000000000073 	 Training loss: 0.049796949923038486
[2025-01-08 06:38:35,721] INFO: Iter 3400 Summary: 
[2025-01-08 06:38:35,721] INFO: 	 lr: 0.00030000000000000073 	 Training loss: 0.049961602576076986
[2025-01-08 06:38:46,746] INFO: Iter 3500 Summary: 
[2025-01-08 06:38:46,746] INFO: 	 lr: 0.00030000000000000073 	 Training loss: 0.050404499880969525
[2025-01-08 06:38:58,419] INFO: Iter 3600 Summary: 
[2025-01-08 06:38:58,420] INFO: 	 lr: 0.00030000000000000073 	 Training loss: 0.04909690260887146
[2025-01-08 06:39:09,117] INFO: Iter 3700 Summary: 
[2025-01-08 06:39:09,117] INFO: 	 lr: 0.00030000000000000073 	 Training loss: 0.04989464946091175
[2025-01-08 06:39:20,550] INFO: Iter 3800 Summary: 
[2025-01-08 06:39:20,551] INFO: 	 lr: 0.00030000000000000073 	 Training loss: 0.04928924482315779
[2025-01-08 06:39:31,115] INFO: Iter 3900 Summary: 
[2025-01-08 06:39:31,115] INFO: 	 lr: 0.00030000000000000073 	 Training loss: 0.04896800771355629
[2025-01-08 06:39:42,780] INFO: Iter 4000 Summary: 
[2025-01-08 06:39:42,781] INFO: 	 lr: 0.00030000000000000073 	 Training loss: 0.04879755776375532
[2025-01-08 06:39:56,357] INFO: Iter 4100 Summary: 
[2025-01-08 06:39:56,358] INFO: 	 lr: 0.00030000000000000073 	 Training loss: 0.04887550100684166
[2025-01-08 06:40:07,684] INFO: Iter 4200 Summary: 
[2025-01-08 06:40:07,684] INFO: 	 lr: 0.00030000000000000073 	 Training loss: 0.04919976353645325
[2025-01-08 06:40:17,895] INFO: Iter 4300 Summary: 
[2025-01-08 06:40:17,896] INFO: 	 lr: 0.00030000000000000073 	 Training loss: 0.04888567473739386
[2025-01-08 06:40:28,875] INFO: Iter 4400 Summary: 
[2025-01-08 06:40:28,875] INFO: 	 lr: 0.00030000000000000073 	 Training loss: 0.048954487405717374
[2025-01-08 06:40:39,166] INFO: Iter 4500 Summary: 
[2025-01-08 06:40:39,166] INFO: 	 lr: 0.00030000000000000073 	 Training loss: 0.04830665569752455
[2025-01-08 06:40:50,618] INFO: Iter 4600 Summary: 
[2025-01-08 06:40:50,618] INFO: 	 lr: 0.00030000000000000073 	 Training loss: 0.04805663704872131
[2025-01-08 06:41:01,086] INFO: Iter 4700 Summary: 
[2025-01-08 06:41:01,086] INFO: 	 lr: 0.00030000000000000073 	 Training loss: 0.04815089352428913
[2025-01-08 06:41:12,147] INFO: Iter 4800 Summary: 
[2025-01-08 06:41:12,148] INFO: 	 lr: 0.00030000000000000073 	 Training loss: 0.0478585035353899
[2025-01-08 06:41:23,483] INFO: Iter 4900 Summary: 
[2025-01-08 06:41:23,484] INFO: 	 lr: 0.00030000000000000073 	 Training loss: 0.04795214638113975
[2025-01-08 06:41:34,930] INFO: Iter 5000 Summary: 
[2025-01-08 06:41:34,930] INFO: 	 lr: 0.00030000000000000073 	 Training loss: 0.048172668516635896
[2025-01-08 06:41:45,314] INFO: Iter 5100 Summary: 
[2025-01-08 06:41:45,314] INFO: 	 lr: 0.00030000000000000073 	 Training loss: 0.047756855674088
[2025-01-08 06:41:56,380] INFO: Iter 5200 Summary: 
[2025-01-08 06:41:56,380] INFO: 	 lr: 0.00030000000000000073 	 Training loss: 0.04770354397594929
[2025-01-08 06:42:06,269] INFO: Iter 5300 Summary: 
[2025-01-08 06:42:06,269] INFO: 	 lr: 0.00030000000000000073 	 Training loss: 0.04734295897185802
[2025-01-08 06:42:16,785] INFO: Iter 5400 Summary: 
[2025-01-08 06:42:16,785] INFO: 	 lr: 0.00030000000000000073 	 Training loss: 0.04707885883748531
[2025-01-08 06:42:28,020] INFO: Iter 5500 Summary: 
[2025-01-08 06:42:28,021] INFO: 	 lr: 0.00030000000000000073 	 Training loss: 0.04714513845741749
[2025-01-08 06:42:39,064] INFO: Iter 5600 Summary: 
[2025-01-08 06:42:39,065] INFO: 	 lr: 0.00030000000000000073 	 Training loss: 0.04714031510055065
[2025-01-08 06:42:48,826] INFO: Iter 5700 Summary: 
[2025-01-08 06:42:48,826] INFO: 	 lr: 0.00030000000000000073 	 Training loss: 0.04724779102951288
[2025-01-08 06:43:00,399] INFO: Iter 5800 Summary: 
[2025-01-08 06:43:00,399] INFO: 	 lr: 0.00030000000000000073 	 Training loss: 0.04682692058384418
[2025-01-08 06:43:11,286] INFO: Iter 5900 Summary: 
[2025-01-08 06:43:11,286] INFO: 	 lr: 0.00030000000000000073 	 Training loss: 0.04659312821924686
[2025-01-08 06:43:21,980] INFO: Iter 6000 Summary: 
[2025-01-08 06:43:21,980] INFO: 	 lr: 0.00030000000000000073 	 Training loss: 0.0467944598197937
[2025-01-08 06:43:35,360] INFO: Iter 6100 Summary: 
[2025-01-08 06:43:35,360] INFO: 	 lr: 0.00030000000000000073 	 Training loss: 0.046690496876835824
[2025-01-08 06:43:47,237] INFO: Iter 6200 Summary: 
[2025-01-08 06:43:47,238] INFO: 	 lr: 0.00030000000000000073 	 Training loss: 0.046432673446834084
[2025-01-08 06:43:57,745] INFO: Iter 6300 Summary: 
[2025-01-08 06:43:57,745] INFO: 	 lr: 0.00030000000000000073 	 Training loss: 0.046341155804693696
[2025-01-08 06:44:08,988] INFO: Iter 6400 Summary: 
[2025-01-08 06:44:08,988] INFO: 	 lr: 0.00030000000000000073 	 Training loss: 0.04605940144509077
[2025-01-08 06:44:19,400] INFO: Iter 6500 Summary: 
[2025-01-08 06:44:19,401] INFO: 	 lr: 0.00030000000000000073 	 Training loss: 0.046178530044853686
[2025-01-08 06:44:29,782] INFO: Iter 6600 Summary: 
[2025-01-08 06:44:29,782] INFO: 	 lr: 0.00030000000000000073 	 Training loss: 0.04643244672566652
[2025-01-08 06:44:39,946] INFO: Iter 6700 Summary: 
[2025-01-08 06:44:39,947] INFO: 	 lr: 0.00030000000000000073 	 Training loss: 0.04615798261016607
[2025-01-08 06:44:48,995] INFO: Iter 6800 Summary: 
[2025-01-08 06:44:48,996] INFO: 	 lr: 0.00030000000000000073 	 Training loss: 0.046142986938357354
[2025-01-08 06:45:00,353] INFO: Iter 6900 Summary: 
[2025-01-08 06:45:00,354] INFO: 	 lr: 0.00030000000000000073 	 Training loss: 0.04585592210292816
[2025-01-08 06:45:11,448] INFO: Iter 7000 Summary: 
[2025-01-08 06:45:11,448] INFO: 	 lr: 0.00030000000000000073 	 Training loss: 0.04584214709699154
[2025-01-08 06:45:22,011] INFO: Iter 7100 Summary: 
[2025-01-08 06:45:22,011] INFO: 	 lr: 0.00030000000000000073 	 Training loss: 0.04567932076752186
[2025-01-08 06:45:33,072] INFO: Iter 7200 Summary: 
[2025-01-08 06:45:33,072] INFO: 	 lr: 0.00030000000000000073 	 Training loss: 0.04575068946927786
[2025-01-08 06:45:43,429] INFO: Iter 7300 Summary: 
[2025-01-08 06:45:43,429] INFO: 	 lr: 0.00030000000000000073 	 Training loss: 0.046086950972676274
[2025-01-08 06:45:53,912] INFO: Iter 7400 Summary: 
[2025-01-08 06:45:53,912] INFO: 	 lr: 0.00030000000000000073 	 Training loss: 0.04552653979510069
[2025-01-08 06:46:03,473] INFO: Iter 7500 Summary: 
[2025-01-08 06:46:03,473] INFO: 	 lr: 0.00030000000000000073 	 Training loss: 0.045296368561685084
[2025-01-08 06:46:14,020] INFO: Iter 7600 Summary: 
[2025-01-08 06:46:14,020] INFO: 	 lr: 0.00030000000000000073 	 Training loss: 0.04537242967635393
[2025-01-08 06:46:23,984] INFO: Iter 7700 Summary: 
[2025-01-08 06:46:23,984] INFO: 	 lr: 0.00030000000000000073 	 Training loss: 0.045255847349762915
[2025-01-08 06:46:34,559] INFO: Iter 7800 Summary: 
[2025-01-08 06:46:34,559] INFO: 	 lr: 0.00030000000000000073 	 Training loss: 0.04527130205184221
[2025-01-08 06:46:44,713] INFO: Iter 7900 Summary: 
[2025-01-08 06:46:44,713] INFO: 	 lr: 0.00030000000000000073 	 Training loss: 0.045294027924537655
[2025-01-08 06:46:53,943] INFO: Iter 8000 Summary: 
[2025-01-08 06:46:53,943] INFO: 	 lr: 0.00030000000000000073 	 Training loss: 0.045310192070901395
[2025-01-08 06:47:06,734] INFO: Iter 8100 Summary: 
[2025-01-08 06:47:06,735] INFO: 	 lr: 0.00030000000000000073 	 Training loss: 0.04500733219087124
[2025-01-08 06:47:16,544] INFO: Iter 8200 Summary: 
[2025-01-08 06:47:16,544] INFO: 	 lr: 0.00030000000000000073 	 Training loss: 0.0450425061956048
[2025-01-08 06:47:28,022] INFO: Iter 8300 Summary: 
[2025-01-08 06:47:28,023] INFO: 	 lr: 0.00030000000000000073 	 Training loss: 0.044944615289568904
[2025-01-08 06:47:37,867] INFO: Iter 8400 Summary: 
[2025-01-08 06:47:37,867] INFO: 	 lr: 0.00030000000000000073 	 Training loss: 0.04492336962372065
[2025-01-08 06:47:47,115] INFO: Iter 8500 Summary: 
[2025-01-08 06:47:47,115] INFO: 	 lr: 0.00030000000000000073 	 Training loss: 0.04480089996010065
[2025-01-08 06:47:57,642] INFO: Iter 8600 Summary: 
[2025-01-08 06:47:57,642] INFO: 	 lr: 0.00030000000000000073 	 Training loss: 0.04464773464947939
[2025-01-08 06:48:07,633] INFO: Iter 8700 Summary: 
[2025-01-08 06:48:07,633] INFO: 	 lr: 0.00030000000000000073 	 Training loss: 0.0449488090351224
[2025-01-08 06:48:18,139] INFO: Iter 8800 Summary: 
[2025-01-08 06:48:18,140] INFO: 	 lr: 0.00030000000000000073 	 Training loss: 0.04475574966520071
[2025-01-08 06:48:27,609] INFO: Iter 8900 Summary: 
[2025-01-08 06:48:27,609] INFO: 	 lr: 0.00030000000000000073 	 Training loss: 0.04461018349975347
[2025-01-08 06:48:38,038] INFO: Iter 9000 Summary: 
[2025-01-08 06:48:38,038] INFO: 	 lr: 0.00030000000000000073 	 Training loss: 0.04450580593198538
[2025-01-08 06:48:49,182] INFO: Iter 9100 Summary: 
[2025-01-08 06:48:49,183] INFO: 	 lr: 0.00030000000000000073 	 Training loss: 0.044826230555772784
[2025-01-08 06:48:59,432] INFO: Iter 9200 Summary: 
[2025-01-08 06:48:59,433] INFO: 	 lr: 0.00030000000000000073 	 Training loss: 0.04416116829961538
[2025-01-08 06:49:08,862] INFO: Iter 9300 Summary: 
[2025-01-08 06:49:08,863] INFO: 	 lr: 0.00030000000000000073 	 Training loss: 0.04443699933588505
[2025-01-08 06:49:20,340] INFO: Iter 9400 Summary: 
[2025-01-08 06:49:20,340] INFO: 	 lr: 0.00030000000000000073 	 Training loss: 0.044329696595668794
[2025-01-08 06:49:31,076] INFO: Iter 9500 Summary: 
[2025-01-08 06:49:31,077] INFO: 	 lr: 0.00030000000000000073 	 Training loss: 0.04452459029853344
[2025-01-08 06:49:41,820] INFO: Iter 9600 Summary: 
[2025-01-08 06:49:41,820] INFO: 	 lr: 0.00030000000000000073 	 Training loss: 0.04480525828897953
[2025-01-08 06:49:52,418] INFO: Iter 9700 Summary: 
[2025-01-08 06:49:52,419] INFO: 	 lr: 0.00030000000000000073 	 Training loss: 0.044066795334219935
[2025-01-08 06:50:01,418] INFO: Iter 9800 Summary: 
[2025-01-08 06:50:01,419] INFO: 	 lr: 0.00030000000000000073 	 Training loss: 0.044198896400630475
[2025-01-08 06:50:11,989] INFO: Iter 9900 Summary: 
[2025-01-08 06:50:11,989] INFO: 	 lr: 0.00030000000000000073 	 Training loss: 0.04424020558595657
[2025-01-08 06:50:22,388] INFO: Iter 10000 Summary: 
[2025-01-08 06:50:22,388] INFO: 	 lr: 0.00030000000000000073 	 Training loss: 0.044267718568444255
[2025-01-08 06:50:36,057] INFO: Iter 10100 Summary: 
[2025-01-08 06:50:36,057] INFO: 	 lr: 0.00030000000000000073 	 Training loss: 0.04401387374848127
[2025-01-08 06:50:46,463] INFO: Iter 10200 Summary: 
[2025-01-08 06:50:46,463] INFO: 	 lr: 0.00030000000000000073 	 Training loss: 0.044060087502002715
[2025-01-08 06:50:56,566] INFO: Iter 10300 Summary: 
[2025-01-08 06:50:56,566] INFO: 	 lr: 0.00030000000000000073 	 Training loss: 0.0439869199693203
[2025-01-08 06:51:06,435] INFO: Iter 10400 Summary: 
[2025-01-08 06:51:06,435] INFO: 	 lr: 0.00030000000000000073 	 Training loss: 0.04410282805562019
[2025-01-08 06:51:16,649] INFO: Iter 10500 Summary: 
[2025-01-08 06:51:16,650] INFO: 	 lr: 0.00030000000000000073 	 Training loss: 0.044013499543070794
[2025-01-08 06:51:25,998] INFO: Iter 10600 Summary: 
[2025-01-08 06:51:25,999] INFO: 	 lr: 0.00030000000000000073 	 Training loss: 0.043906895257532594
[2025-01-08 06:51:35,073] INFO: Iter 10700 Summary: 
[2025-01-08 06:51:35,073] INFO: 	 lr: 0.00030000000000000073 	 Training loss: 0.043981366492807865
[2025-01-08 06:51:44,438] INFO: Iter 10800 Summary: 
[2025-01-08 06:51:44,438] INFO: 	 lr: 0.00030000000000000073 	 Training loss: 0.04399897400289774
[2025-01-08 06:51:54,143] INFO: Iter 10900 Summary: 
[2025-01-08 06:51:54,143] INFO: 	 lr: 0.00030000000000000073 	 Training loss: 0.0438493275642395
[2025-01-08 06:52:04,056] INFO: Iter 11000 Summary: 
[2025-01-08 06:52:04,056] INFO: 	 lr: 0.00030000000000000073 	 Training loss: 0.04405451338738203
[2025-01-08 06:52:14,856] INFO: Iter 11100 Summary: 
[2025-01-08 06:52:14,857] INFO: 	 lr: 0.00030000000000000073 	 Training loss: 0.043473651744425294
[2025-01-08 06:52:24,109] INFO: Iter 11200 Summary: 
[2025-01-08 06:52:24,109] INFO: 	 lr: 0.00030000000000000073 	 Training loss: 0.043435732312500475
[2025-01-08 06:52:33,577] INFO: Iter 11300 Summary: 
[2025-01-08 06:52:33,577] INFO: 	 lr: 0.00030000000000000073 	 Training loss: 0.04385755728930235
[2025-01-08 06:52:43,347] INFO: Iter 11400 Summary: 
[2025-01-08 06:52:43,347] INFO: 	 lr: 0.00030000000000000073 	 Training loss: 0.04366408511996269
[2025-01-08 06:52:52,616] INFO: Iter 11500 Summary: 
[2025-01-08 06:52:52,616] INFO: 	 lr: 0.00030000000000000073 	 Training loss: 0.04363267116248608
[2025-01-08 06:53:01,522] INFO: Iter 11600 Summary: 
[2025-01-08 06:53:01,522] INFO: 	 lr: 0.00030000000000000073 	 Training loss: 0.04375159751623869
[2025-01-08 06:53:12,199] INFO: Iter 11700 Summary: 
[2025-01-08 06:53:12,200] INFO: 	 lr: 0.00030000000000000073 	 Training loss: 0.04411526456475258
[2025-01-08 06:53:22,319] INFO: Iter 11800 Summary: 
[2025-01-08 06:53:22,320] INFO: 	 lr: 0.00030000000000000073 	 Training loss: 0.0437301142886281
[2025-01-08 06:53:32,674] INFO: Iter 11900 Summary: 
[2025-01-08 06:53:32,674] INFO: 	 lr: 0.00030000000000000073 	 Training loss: 0.04342288561165333
[2025-01-08 06:53:41,558] INFO: Iter 12000 Summary: 
[2025-01-08 06:53:41,558] INFO: 	 lr: 0.00030000000000000073 	 Training loss: 0.043557571582496166
[2025-01-08 06:53:54,145] INFO: Iter 12100 Summary: 
[2025-01-08 06:53:54,145] INFO: 	 lr: 0.00030000000000000073 	 Training loss: 0.043196728266775605
[2025-01-08 06:54:05,182] INFO: Iter 12200 Summary: 
[2025-01-08 06:54:05,182] INFO: 	 lr: 0.00030000000000000073 	 Training loss: 0.04317441925406456
[2025-01-08 06:54:14,377] INFO: Iter 12300 Summary: 
[2025-01-08 06:54:14,378] INFO: 	 lr: 0.00030000000000000073 	 Training loss: 0.0432801790907979
[2025-01-08 06:54:24,604] INFO: Iter 12400 Summary: 
[2025-01-08 06:54:24,605] INFO: 	 lr: 0.00030000000000000073 	 Training loss: 0.04399276986718178
[2025-01-08 06:54:34,692] INFO: Iter 12500 Summary: 
[2025-01-08 06:54:34,692] INFO: 	 lr: 0.00030000000000000073 	 Training loss: 0.04343559134751558
[2025-01-08 06:54:44,683] INFO: Iter 12600 Summary: 
[2025-01-08 06:54:44,683] INFO: 	 lr: 0.00030000000000000073 	 Training loss: 0.0435790591686964
[2025-01-08 06:54:53,657] INFO: Iter 12700 Summary: 
[2025-01-08 06:54:53,658] INFO: 	 lr: 0.00030000000000000073 	 Training loss: 0.043434377014636996
[2025-01-08 06:55:02,897] INFO: Iter 12800 Summary: 
[2025-01-08 06:55:02,897] INFO: 	 lr: 0.00030000000000000073 	 Training loss: 0.04317091532051563
[2025-01-08 06:55:14,045] INFO: Iter 12900 Summary: 
[2025-01-08 06:55:14,045] INFO: 	 lr: 0.00030000000000000073 	 Training loss: 0.04324927881360054
[2025-01-08 06:55:24,765] INFO: Iter 13000 Summary: 
[2025-01-08 06:55:24,766] INFO: 	 lr: 0.00030000000000000073 	 Training loss: 0.04352127108722925
[2025-01-08 06:55:35,637] INFO: Iter 13100 Summary: 
[2025-01-08 06:55:35,638] INFO: 	 lr: 0.00030000000000000073 	 Training loss: 0.04294049344956875
[2025-01-08 06:55:45,874] INFO: Iter 13200 Summary: 
[2025-01-08 06:55:45,874] INFO: 	 lr: 0.00030000000000000073 	 Training loss: 0.04302247300744057
[2025-01-08 06:55:55,801] INFO: Iter 13300 Summary: 
[2025-01-08 06:55:55,802] INFO: 	 lr: 0.00030000000000000073 	 Training loss: 0.04323674961924553
[2025-01-08 06:56:05,786] INFO: Iter 13400 Summary: 
[2025-01-08 06:56:05,786] INFO: 	 lr: 0.00030000000000000073 	 Training loss: 0.04328274298459291
[2025-01-08 06:56:14,722] INFO: Iter 13500 Summary: 
[2025-01-08 06:56:14,722] INFO: 	 lr: 0.00030000000000000073 	 Training loss: 0.043280029147863386
[2025-01-08 06:56:24,883] INFO: Iter 13600 Summary: 
[2025-01-08 06:56:24,883] INFO: 	 lr: 0.00030000000000000073 	 Training loss: 0.04305761113762856
[2025-01-08 06:56:34,285] INFO: Iter 13700 Summary: 
[2025-01-08 06:56:34,294] INFO: 	 lr: 0.00030000000000000073 	 Training loss: 0.04335644196718931
[2025-01-08 06:56:45,309] INFO: Iter 13800 Summary: 
[2025-01-08 06:56:45,309] INFO: 	 lr: 0.00030000000000000073 	 Training loss: 0.04273295868188143
[2025-01-08 06:56:54,770] INFO: Iter 13900 Summary: 
[2025-01-08 06:56:54,770] INFO: 	 lr: 0.00030000000000000073 	 Training loss: 0.043321135938167575
[2025-01-08 06:57:04,872] INFO: Iter 14000 Summary: 
[2025-01-08 06:57:04,872] INFO: 	 lr: 0.00030000000000000073 	 Training loss: 0.04320318773388863
[2025-01-08 06:57:18,146] INFO: Iter 14100 Summary: 
[2025-01-08 06:57:18,146] INFO: 	 lr: 0.00030000000000000073 	 Training loss: 0.04298197247087956
[2025-01-08 06:57:27,828] INFO: Iter 14200 Summary: 
[2025-01-08 06:57:27,829] INFO: 	 lr: 0.00030000000000000073 	 Training loss: 0.04284122243523598
[2025-01-08 06:57:38,108] INFO: Iter 14300 Summary: 
[2025-01-08 06:57:38,108] INFO: 	 lr: 0.00030000000000000073 	 Training loss: 0.04321465596556664
[2025-01-08 06:57:48,104] INFO: Iter 14400 Summary: 
[2025-01-08 06:57:48,105] INFO: 	 lr: 0.00030000000000000073 	 Training loss: 0.043178159669041635
[2025-01-08 06:57:58,433] INFO: Iter 14500 Summary: 
[2025-01-08 06:57:58,434] INFO: 	 lr: 0.00030000000000000073 	 Training loss: 0.04284972082823515
[2025-01-08 06:58:09,092] INFO: Iter 14600 Summary: 
[2025-01-08 06:58:09,092] INFO: 	 lr: 0.00030000000000000073 	 Training loss: 0.04311326883733273
[2025-01-08 06:58:18,864] INFO: Iter 14700 Summary: 
[2025-01-08 06:58:18,864] INFO: 	 lr: 0.00030000000000000073 	 Training loss: 0.04283793039619923
[2025-01-08 06:58:28,699] INFO: Iter 14800 Summary: 
[2025-01-08 06:58:28,700] INFO: 	 lr: 0.00030000000000000073 	 Training loss: 0.04337266556918621
[2025-01-08 06:58:37,744] INFO: Iter 14900 Summary: 
[2025-01-08 06:58:37,744] INFO: 	 lr: 0.00030000000000000073 	 Training loss: 0.04296953316777945
[2025-01-08 06:58:47,385] INFO: Iter 15000 Summary: 
[2025-01-08 06:58:47,385] INFO: 	 lr: 0.00030000000000000073 	 Training loss: 0.0430601616576314
[2025-01-08 06:58:57,846] INFO: Iter 15100 Summary: 
[2025-01-08 06:58:57,846] INFO: 	 lr: 0.00030000000000000073 	 Training loss: 0.04286697339266539
[2025-01-08 06:59:09,403] INFO: Iter 15200 Summary: 
[2025-01-08 06:59:09,404] INFO: 	 lr: 0.00030000000000000073 	 Training loss: 0.042730911448597905
[2025-01-08 06:59:20,315] INFO: Iter 15300 Summary: 
[2025-01-08 06:59:20,315] INFO: 	 lr: 0.00030000000000000073 	 Training loss: 0.04296750400215387
[2025-01-08 06:59:31,438] INFO: Iter 15400 Summary: 
[2025-01-08 06:59:31,438] INFO: 	 lr: 0.00030000000000000073 	 Training loss: 0.04297220893204212
[2025-01-08 06:59:42,098] INFO: Iter 15500 Summary: 
[2025-01-08 06:59:42,098] INFO: 	 lr: 0.00030000000000000073 	 Training loss: 0.042642384693026544
[2025-01-08 06:59:52,225] INFO: Iter 15600 Summary: 
[2025-01-08 06:59:52,225] INFO: 	 lr: 0.00030000000000000073 	 Training loss: 0.042675002440810204
[2025-01-08 07:00:02,016] INFO: Iter 15700 Summary: 
[2025-01-08 07:00:02,016] INFO: 	 lr: 0.00030000000000000073 	 Training loss: 0.04291250087320805
[2025-01-08 07:00:12,574] INFO: Iter 15800 Summary: 
[2025-01-08 07:00:12,575] INFO: 	 lr: 0.00030000000000000073 	 Training loss: 0.04262066058814526
[2025-01-08 07:00:23,718] INFO: Iter 15900 Summary: 
[2025-01-08 07:00:23,719] INFO: 	 lr: 0.00030000000000000073 	 Training loss: 0.04262606229633093
[2025-01-08 07:00:33,773] INFO: Iter 16000 Summary: 
[2025-01-08 07:00:33,773] INFO: 	 lr: 0.00030000000000000073 	 Training loss: 0.04258767630904913
[2025-01-08 07:00:45,693] INFO: Iter 16100 Summary: 
[2025-01-08 07:00:45,693] INFO: 	 lr: 0.00030000000000000073 	 Training loss: 0.042478258684277535
[2025-01-08 07:00:56,503] INFO: Iter 16200 Summary: 
[2025-01-08 07:00:56,503] INFO: 	 lr: 0.00030000000000000073 	 Training loss: 0.042514533177018164
[2025-01-08 07:01:06,279] INFO: Iter 16300 Summary: 
[2025-01-08 07:01:06,279] INFO: 	 lr: 0.00030000000000000073 	 Training loss: 0.04266535885632038
[2025-01-08 07:01:15,548] INFO: Iter 16400 Summary: 
[2025-01-08 07:01:15,548] INFO: 	 lr: 0.00030000000000000073 	 Training loss: 0.042842835560441016
[2025-01-08 07:01:25,948] INFO: Iter 16500 Summary: 
[2025-01-08 07:01:25,948] INFO: 	 lr: 0.00030000000000000073 	 Training loss: 0.04269309632480144
[2025-01-08 07:01:36,347] INFO: Iter 16600 Summary: 
[2025-01-08 07:01:36,348] INFO: 	 lr: 0.00030000000000000073 	 Training loss: 0.04284366834908724
[2025-01-08 07:01:46,220] INFO: Iter 16700 Summary: 
[2025-01-08 07:01:46,220] INFO: 	 lr: 0.00030000000000000073 	 Training loss: 0.04240939736366272
[2025-01-08 07:01:57,322] INFO: Iter 16800 Summary: 
[2025-01-08 07:01:57,322] INFO: 	 lr: 0.00030000000000000073 	 Training loss: 0.04245915092527866
[2025-01-08 07:02:07,228] INFO: Iter 16900 Summary: 
[2025-01-08 07:02:07,228] INFO: 	 lr: 0.00030000000000000073 	 Training loss: 0.0426877598837018
[2025-01-08 07:02:18,324] INFO: Iter 17000 Summary: 
[2025-01-08 07:02:18,324] INFO: 	 lr: 0.00030000000000000073 	 Training loss: 0.042621541544795034
[2025-01-08 07:02:28,602] INFO: Iter 17100 Summary: 
[2025-01-08 07:02:28,602] INFO: 	 lr: 0.00030000000000000073 	 Training loss: 0.04262441854923964
[2025-01-08 07:02:39,638] INFO: Iter 17200 Summary: 
[2025-01-08 07:02:39,639] INFO: 	 lr: 0.00030000000000000073 	 Training loss: 0.042510241456329825
[2025-01-08 07:02:49,907] INFO: Iter 17300 Summary: 
[2025-01-08 07:02:49,907] INFO: 	 lr: 0.00030000000000000073 	 Training loss: 0.0424094869568944
[2025-01-08 07:02:59,670] INFO: Iter 17400 Summary: 
[2025-01-08 07:02:59,671] INFO: 	 lr: 0.00030000000000000073 	 Training loss: 0.04249386593699455
[2025-01-08 07:03:09,985] INFO: Iter 17500 Summary: 
[2025-01-08 07:03:09,986] INFO: 	 lr: 0.00030000000000000073 	 Training loss: 0.042148187644779685
[2025-01-08 07:03:19,782] INFO: Iter 17600 Summary: 
[2025-01-08 07:03:19,782] INFO: 	 lr: 0.00030000000000000073 	 Training loss: 0.042634890116751194
[2025-01-08 07:03:29,565] INFO: Iter 17700 Summary: 
[2025-01-08 07:03:29,565] INFO: 	 lr: 0.00030000000000000073 	 Training loss: 0.0424673892557621
[2025-01-08 07:03:40,169] INFO: Iter 17800 Summary: 
[2025-01-08 07:03:40,169] INFO: 	 lr: 0.00030000000000000073 	 Training loss: 0.04248297527432442
[2025-01-08 07:03:49,957] INFO: Iter 17900 Summary: 
[2025-01-08 07:03:49,957] INFO: 	 lr: 0.00030000000000000073 	 Training loss: 0.04268030133098364
[2025-01-08 07:03:59,501] INFO: Iter 18000 Summary: 
[2025-01-08 07:03:59,501] INFO: 	 lr: 0.00030000000000000073 	 Training loss: 0.042499933876097205
[2025-01-08 07:04:12,645] INFO: Iter 18100 Summary: 
[2025-01-08 07:04:12,645] INFO: 	 lr: 0.00030000000000000073 	 Training loss: 0.042196177095174786
[2025-01-08 07:04:22,305] INFO: Iter 18200 Summary: 
[2025-01-08 07:04:22,306] INFO: 	 lr: 0.00030000000000000073 	 Training loss: 0.042493349201977254
[2025-01-08 07:04:32,538] INFO: Iter 18300 Summary: 
[2025-01-08 07:04:32,538] INFO: 	 lr: 0.00030000000000000073 	 Training loss: 0.042531710751354694
[2025-01-08 07:04:42,223] INFO: Iter 18400 Summary: 
[2025-01-08 07:04:42,223] INFO: 	 lr: 0.00030000000000000073 	 Training loss: 0.04208250410854816
[2025-01-08 07:04:52,428] INFO: Iter 18500 Summary: 
[2025-01-08 07:04:52,428] INFO: 	 lr: 0.00030000000000000073 	 Training loss: 0.04268801193684339
[2025-01-08 07:05:02,547] INFO: Iter 18600 Summary: 
[2025-01-08 07:05:02,548] INFO: 	 lr: 0.00030000000000000073 	 Training loss: 0.04236632149666548
[2025-01-08 07:05:12,536] INFO: Iter 18700 Summary: 
[2025-01-08 07:05:12,536] INFO: 	 lr: 0.00030000000000000073 	 Training loss: 0.04230058878660202
[2025-01-08 07:05:22,393] INFO: Iter 18800 Summary: 
[2025-01-08 07:05:22,393] INFO: 	 lr: 0.00030000000000000073 	 Training loss: 0.042304207906126975
[2025-01-08 07:05:32,366] INFO: Iter 18900 Summary: 
[2025-01-08 07:05:32,366] INFO: 	 lr: 0.00030000000000000073 	 Training loss: 0.042200892195105554
[2025-01-08 07:05:41,728] INFO: Iter 19000 Summary: 
[2025-01-08 07:05:41,728] INFO: 	 lr: 0.00030000000000000073 	 Training loss: 0.042163967043161395
[2025-01-08 07:05:51,099] INFO: Iter 19100 Summary: 
[2025-01-08 07:05:51,100] INFO: 	 lr: 0.00030000000000000073 	 Training loss: 0.04267315618693829
[2025-01-08 07:06:00,475] INFO: Iter 19200 Summary: 
[2025-01-08 07:06:00,476] INFO: 	 lr: 0.00030000000000000073 	 Training loss: 0.04225617092102766
[2025-01-08 07:06:10,786] INFO: Iter 19300 Summary: 
[2025-01-08 07:06:10,787] INFO: 	 lr: 0.00030000000000000073 	 Training loss: 0.0422257524356246
[2025-01-08 07:06:20,934] INFO: Iter 19400 Summary: 
[2025-01-08 07:06:20,935] INFO: 	 lr: 0.00030000000000000073 	 Training loss: 0.04245620131492615
[2025-01-08 07:06:30,101] INFO: Iter 19500 Summary: 
[2025-01-08 07:06:30,102] INFO: 	 lr: 0.00030000000000000073 	 Training loss: 0.04238386381417513
[2025-01-08 07:06:40,360] INFO: Iter 19600 Summary: 
[2025-01-08 07:06:40,360] INFO: 	 lr: 0.00030000000000000073 	 Training loss: 0.04266855362802744
[2025-01-08 07:06:49,476] INFO: Iter 19700 Summary: 
[2025-01-08 07:06:49,476] INFO: 	 lr: 0.00030000000000000073 	 Training loss: 0.04194898743182421
[2025-01-08 07:06:59,691] INFO: Iter 19800 Summary: 
[2025-01-08 07:06:59,691] INFO: 	 lr: 0.00030000000000000073 	 Training loss: 0.0420657791942358
[2025-01-08 07:07:10,704] INFO: Iter 19900 Summary: 
[2025-01-08 07:07:10,705] INFO: 	 lr: 0.00030000000000000073 	 Training loss: 0.04236139539629221
[2025-01-08 07:07:21,924] INFO: Iter 20000 Summary: 
[2025-01-08 07:07:21,924] INFO: 	 lr: 0.00030000000000000073 	 Training loss: 0.04210485618561506
[2025-01-08 07:07:33,014] INFO: Iter 20100 Summary: 
[2025-01-08 07:07:33,015] INFO: 	 lr: 0.00030000000000000073 	 Training loss: 0.04205733578652143
[2025-01-08 07:07:43,578] INFO: Iter 20200 Summary: 
[2025-01-08 07:07:43,578] INFO: 	 lr: 0.00030000000000000073 	 Training loss: 0.04208076518028975
[2025-01-08 07:07:53,142] INFO: Iter 20300 Summary: 
[2025-01-08 07:07:53,142] INFO: 	 lr: 0.00030000000000000073 	 Training loss: 0.04224359143525362
[2025-01-08 07:08:02,517] INFO: Iter 20400 Summary: 
[2025-01-08 07:08:02,517] INFO: 	 lr: 0.00030000000000000073 	 Training loss: 0.04176021728664637
[2025-01-08 07:08:12,793] INFO: Iter 20500 Summary: 
[2025-01-08 07:08:12,794] INFO: 	 lr: 0.00030000000000000073 	 Training loss: 0.04245515309274197
[2025-01-08 07:08:22,550] INFO: Iter 20600 Summary: 
[2025-01-08 07:08:22,550] INFO: 	 lr: 0.00030000000000000073 	 Training loss: 0.042114132679998875
[2025-01-08 07:08:32,239] INFO: Iter 20700 Summary: 
[2025-01-08 07:08:32,239] INFO: 	 lr: 0.00030000000000000073 	 Training loss: 0.04169863943010568
[2025-01-08 07:08:42,380] INFO: Iter 20800 Summary: 
[2025-01-08 07:08:42,381] INFO: 	 lr: 0.00030000000000000073 	 Training loss: 0.04210743725299835
[2025-01-08 07:08:52,042] INFO: Iter 20900 Summary: 
[2025-01-08 07:08:52,042] INFO: 	 lr: 0.00030000000000000073 	 Training loss: 0.042162263877689836
[2025-01-08 07:09:01,924] INFO: Iter 21000 Summary: 
[2025-01-08 07:09:01,924] INFO: 	 lr: 0.00030000000000000073 	 Training loss: 0.04234044555574656
[2025-01-08 07:09:12,068] INFO: Iter 21100 Summary: 
[2025-01-08 07:09:12,068] INFO: 	 lr: 0.00030000000000000073 	 Training loss: 0.04206179015338421
[2025-01-08 07:09:23,158] INFO: Iter 21200 Summary: 
[2025-01-08 07:09:23,159] INFO: 	 lr: 0.00030000000000000073 	 Training loss: 0.04201075818389654
[2025-01-08 07:09:32,679] INFO: Iter 21300 Summary: 
[2025-01-08 07:09:32,679] INFO: 	 lr: 0.00030000000000000073 	 Training loss: 0.042036126405000686
[2025-01-08 07:09:42,706] INFO: Iter 21400 Summary: 
[2025-01-08 07:09:42,707] INFO: 	 lr: 0.00030000000000000073 	 Training loss: 0.042046112529933455
[2025-01-08 07:09:53,126] INFO: Iter 21500 Summary: 
[2025-01-08 07:09:53,126] INFO: 	 lr: 0.00030000000000000073 	 Training loss: 0.041824952512979505
[2025-01-08 07:10:02,600] INFO: Iter 21600 Summary: 
[2025-01-08 07:10:02,601] INFO: 	 lr: 0.00030000000000000073 	 Training loss: 0.0417818184196949
[2025-01-08 07:10:13,335] INFO: Iter 21700 Summary: 
[2025-01-08 07:10:13,335] INFO: 	 lr: 0.00030000000000000073 	 Training loss: 0.04211309228092432
[2025-01-08 07:10:23,151] INFO: Iter 21800 Summary: 
[2025-01-08 07:10:23,151] INFO: 	 lr: 0.00030000000000000073 	 Training loss: 0.04188359580934048
[2025-01-08 07:10:33,187] INFO: Iter 21900 Summary: 
[2025-01-08 07:10:33,188] INFO: 	 lr: 0.00030000000000000073 	 Training loss: 0.04192425400018692
[2025-01-08 07:10:43,648] INFO: Iter 22000 Summary: 
[2025-01-08 07:10:43,648] INFO: 	 lr: 0.00030000000000000073 	 Training loss: 0.04214113548398018
[2025-01-08 07:10:56,794] INFO: Iter 22100 Summary: 
[2025-01-08 07:10:56,795] INFO: 	 lr: 0.00030000000000000073 	 Training loss: 0.04175801247358322
[2025-01-08 07:11:06,562] INFO: Iter 22200 Summary: 
[2025-01-08 07:11:06,563] INFO: 	 lr: 0.00030000000000000073 	 Training loss: 0.04189146228134632
[2025-01-08 07:11:16,610] INFO: Iter 22300 Summary: 
[2025-01-08 07:11:16,610] INFO: 	 lr: 0.00030000000000000073 	 Training loss: 0.04207716770470142
[2025-01-08 07:11:26,034] INFO: Iter 22400 Summary: 
[2025-01-08 07:11:26,034] INFO: 	 lr: 0.00030000000000000073 	 Training loss: 0.04224186107516289
[2025-01-08 07:11:35,889] INFO: Iter 22500 Summary: 
[2025-01-08 07:11:35,889] INFO: 	 lr: 0.00030000000000000073 	 Training loss: 0.042075085490942
[2025-01-08 07:11:45,806] INFO: Iter 22600 Summary: 
[2025-01-08 07:11:45,806] INFO: 	 lr: 0.00030000000000000073 	 Training loss: 0.04189353749155998
[2025-01-08 07:11:55,381] INFO: Iter 22700 Summary: 
[2025-01-08 07:11:55,381] INFO: 	 lr: 0.00030000000000000073 	 Training loss: 0.0416421552374959
[2025-01-08 07:12:05,949] INFO: Iter 22800 Summary: 
[2025-01-08 07:12:05,950] INFO: 	 lr: 0.00030000000000000073 	 Training loss: 0.04153692796826362
[2025-01-08 07:12:15,395] INFO: Iter 22900 Summary: 
[2025-01-08 07:12:15,396] INFO: 	 lr: 0.00030000000000000073 	 Training loss: 0.042106220461428166
[2025-01-08 07:12:24,250] INFO: Iter 23000 Summary: 
[2025-01-08 07:12:24,250] INFO: 	 lr: 0.00030000000000000073 	 Training loss: 0.04210811547935009
[2025-01-08 07:12:34,014] INFO: Iter 23100 Summary: 
[2025-01-08 07:12:34,015] INFO: 	 lr: 0.00030000000000000073 	 Training loss: 0.04163156170397997
[2025-01-08 07:12:45,084] INFO: Iter 23200 Summary: 
[2025-01-08 07:12:45,085] INFO: 	 lr: 0.00030000000000000073 	 Training loss: 0.04154248632490635
[2025-01-08 07:12:55,974] INFO: Iter 23300 Summary: 
[2025-01-08 07:12:55,974] INFO: 	 lr: 0.00030000000000000073 	 Training loss: 0.04188319083303213
[2025-01-08 07:13:06,835] INFO: Iter 23400 Summary: 
[2025-01-08 07:13:06,836] INFO: 	 lr: 0.00030000000000000073 	 Training loss: 0.04230311717838049
[2025-01-08 07:13:16,619] INFO: Iter 23500 Summary: 
[2025-01-08 07:13:16,619] INFO: 	 lr: 0.00030000000000000073 	 Training loss: 0.041589265838265416
[2025-01-08 07:13:26,311] INFO: Iter 23600 Summary: 
[2025-01-08 07:13:26,311] INFO: 	 lr: 0.00030000000000000073 	 Training loss: 0.041772768981754776
[2025-01-08 07:13:35,394] INFO: Iter 23700 Summary: 
[2025-01-08 07:13:35,394] INFO: 	 lr: 0.00030000000000000073 	 Training loss: 0.04174896661192179
[2025-01-08 07:13:45,127] INFO: Iter 23800 Summary: 
[2025-01-08 07:13:45,127] INFO: 	 lr: 0.00030000000000000073 	 Training loss: 0.0416617389023304
[2025-01-08 07:13:54,787] INFO: Iter 23900 Summary: 
[2025-01-08 07:13:54,787] INFO: 	 lr: 0.00030000000000000073 	 Training loss: 0.041778335832059386
[2025-01-08 07:14:04,713] INFO: Iter 24000 Summary: 
[2025-01-08 07:14:04,713] INFO: 	 lr: 0.00030000000000000073 	 Training loss: 0.042012273631989956
[2025-01-08 07:14:18,083] INFO: Iter 24100 Summary: 
[2025-01-08 07:14:18,083] INFO: 	 lr: 0.00030000000000000073 	 Training loss: 0.0418178566172719
[2025-01-08 07:14:27,932] INFO: Iter 24200 Summary: 
[2025-01-08 07:14:27,933] INFO: 	 lr: 0.00030000000000000073 	 Training loss: 0.04189608372747898
[2025-01-08 07:14:37,738] INFO: Iter 24300 Summary: 
[2025-01-08 07:14:37,738] INFO: 	 lr: 0.00030000000000000073 	 Training loss: 0.041611140742897984
[2025-01-08 07:14:47,444] INFO: Iter 24400 Summary: 
[2025-01-08 07:14:47,444] INFO: 	 lr: 0.00030000000000000073 	 Training loss: 0.0418126966804266
[2025-01-08 07:14:57,277] INFO: Iter 24500 Summary: 
[2025-01-08 07:14:57,277] INFO: 	 lr: 0.00030000000000000073 	 Training loss: 0.04178255159407854
[2025-01-08 07:15:06,573] INFO: Iter 24600 Summary: 
[2025-01-08 07:15:06,573] INFO: 	 lr: 0.00030000000000000073 	 Training loss: 0.04212891932576895
[2025-01-08 07:15:17,156] INFO: Iter 24700 Summary: 
[2025-01-08 07:15:17,156] INFO: 	 lr: 0.00030000000000000073 	 Training loss: 0.041761473007500174
[2025-01-08 07:15:28,251] INFO: Iter 24800 Summary: 
[2025-01-08 07:15:28,251] INFO: 	 lr: 0.00030000000000000073 	 Training loss: 0.04158091623336077
[2025-01-08 07:15:38,637] INFO: Iter 24900 Summary: 
[2025-01-08 07:15:38,637] INFO: 	 lr: 0.00030000000000000073 	 Training loss: 0.041842344664037225
[2025-01-08 07:15:49,489] INFO: Iter 25000 Summary: 
[2025-01-08 07:15:49,489] INFO: 	 lr: 0.00030000000000000073 	 Training loss: 0.041549952439963816
[2025-01-08 07:16:00,195] INFO: Iter 25100 Summary: 
[2025-01-08 07:16:00,195] INFO: 	 lr: 0.00030000000000000073 	 Training loss: 0.041840674728155135
[2025-01-08 07:16:11,359] INFO: Iter 25200 Summary: 
[2025-01-08 07:16:11,359] INFO: 	 lr: 0.00030000000000000073 	 Training loss: 0.04148340854793787
[2025-01-08 07:16:21,671] INFO: Iter 25300 Summary: 
[2025-01-08 07:16:21,671] INFO: 	 lr: 0.00030000000000000073 	 Training loss: 0.041661733947694304
[2025-01-08 07:16:31,269] INFO: Iter 25400 Summary: 
[2025-01-08 07:16:31,269] INFO: 	 lr: 0.00030000000000000073 	 Training loss: 0.04179772946983576
[2025-01-08 07:16:42,515] INFO: Iter 25500 Summary: 
[2025-01-08 07:16:42,516] INFO: 	 lr: 0.00030000000000000073 	 Training loss: 0.04167723752558231
[2025-01-08 07:16:52,826] INFO: Iter 25600 Summary: 
[2025-01-08 07:16:52,826] INFO: 	 lr: 0.00030000000000000073 	 Training loss: 0.04141962394118309
[2025-01-08 07:17:03,456] INFO: Iter 25700 Summary: 
[2025-01-08 07:17:03,457] INFO: 	 lr: 0.00030000000000000073 	 Training loss: 0.04176763735711574
[2025-01-08 07:17:14,069] INFO: Iter 25800 Summary: 
[2025-01-08 07:17:14,069] INFO: 	 lr: 0.00030000000000000073 	 Training loss: 0.0415330321341753
[2025-01-08 07:17:24,042] INFO: Iter 25900 Summary: 
[2025-01-08 07:17:24,042] INFO: 	 lr: 0.00030000000000000073 	 Training loss: 0.04168277621269226
[2025-01-08 07:17:33,980] INFO: Iter 26000 Summary: 
[2025-01-08 07:17:33,980] INFO: 	 lr: 0.00030000000000000073 	 Training loss: 0.041838943175971505
[2025-01-08 07:17:46,653] INFO: Iter 26100 Summary: 
[2025-01-08 07:17:46,654] INFO: 	 lr: 0.00030000000000000073 	 Training loss: 0.041876945719122885
[2025-01-08 07:17:57,567] INFO: Iter 26200 Summary: 
[2025-01-08 07:17:57,567] INFO: 	 lr: 0.00030000000000000073 	 Training loss: 0.0415582338348031
[2025-01-08 07:18:07,571] INFO: Iter 26300 Summary: 
[2025-01-08 07:18:07,571] INFO: 	 lr: 0.00030000000000000073 	 Training loss: 0.04155163038522005
[2025-01-08 07:18:17,222] INFO: Iter 26400 Summary: 
[2025-01-08 07:18:17,222] INFO: 	 lr: 0.00030000000000000073 	 Training loss: 0.04163097728043794
[2025-01-08 07:18:28,816] INFO: Iter 26500 Summary: 
[2025-01-08 07:18:28,816] INFO: 	 lr: 0.00030000000000000073 	 Training loss: 0.041611382886767384
[2025-01-08 07:18:39,826] INFO: Iter 26600 Summary: 
[2025-01-08 07:18:39,826] INFO: 	 lr: 0.00030000000000000073 	 Training loss: 0.041705865636467936
[2025-01-08 07:18:51,190] INFO: Iter 26700 Summary: 
[2025-01-08 07:18:51,190] INFO: 	 lr: 0.00030000000000000073 	 Training loss: 0.041815881580114365
[2025-01-08 07:19:00,809] INFO: Iter 26800 Summary: 
[2025-01-08 07:19:00,809] INFO: 	 lr: 0.00030000000000000073 	 Training loss: 0.041844376176595685
[2025-01-08 07:19:11,467] INFO: Iter 26900 Summary: 
[2025-01-08 07:19:11,468] INFO: 	 lr: 0.00030000000000000073 	 Training loss: 0.04179567739367485
[2025-01-08 07:19:22,247] INFO: Iter 27000 Summary: 
[2025-01-08 07:19:22,247] INFO: 	 lr: 0.00030000000000000073 	 Training loss: 0.04140869427472353
[2025-01-08 07:19:32,162] INFO: Iter 27100 Summary: 
[2025-01-08 07:19:32,162] INFO: 	 lr: 0.00030000000000000073 	 Training loss: 0.04157527394592762
[2025-01-08 07:19:42,384] INFO: Iter 27200 Summary: 
[2025-01-08 07:19:42,384] INFO: 	 lr: 0.00030000000000000073 	 Training loss: 0.041397008411586285
[2025-01-08 07:19:52,080] INFO: Iter 27300 Summary: 
[2025-01-08 07:19:52,081] INFO: 	 lr: 0.00030000000000000073 	 Training loss: 0.04167978998273611
[2025-01-08 07:20:02,321] INFO: Iter 27400 Summary: 
[2025-01-08 07:20:02,321] INFO: 	 lr: 0.00030000000000000073 	 Training loss: 0.04153964407742024
