[2025-01-08 05:44:52,827] INFO: {
    "abs_dir": "/home/diwang/siMLPe/exps/baseline_h36m",
    "batch_size": 256,
    "cos_lr_max": 1e-05,
    "cos_lr_min": 5e-08,
    "cos_lr_total_iters": 40000,
    "data_aug": true,
    "deriv_input": true,
    "deriv_output": true,
    "device": "cuda:2",
    "h36m_anno_dir": "/home/diwang/siMLPe/data/h36m/",
    "link_log_file": "/home/diwang/siMLPe/exps/baseline_h36m/log/log_last.log",
    "link_val_log_file": "/home/diwang/siMLPe/exps/baseline_h36m/log/val_last.log",
    "log_dir": "/home/diwang/siMLPe/exps/baseline_h36m/log",
    "log_file": "/home/diwang/siMLPe/exps/baseline_h36m/log/log_2025_01_08_05_44_19.log",
    "model_pth": null,
    "motion": {
        "dim": 66,
        "h36m_input_length": 50,
        "h36m_input_length_dct": 50,
        "h36m_target_length": 10,
        "h36m_target_length_eval": 25,
        "h36m_target_length_train": 10
    },
    "motion_fc_in": {
        "activation": "relu",
        "in_features": 66,
        "init_w_trunc_normal": false,
        "out_features": 66,
        "temporal_fc": false,
        "with_norm": false
    },
    "motion_fc_out": {
        "activation": "relu",
        "in_features": 66,
        "init_w_trunc_normal": true,
        "out_features": 66,
        "temporal_fc": false,
        "with_norm": false
    },
    "motion_mlp": {
        "hidden_dim": 66,
        "norm_axis": "spatial",
        "num_layers": 48,
        "seq_len": 50,
        "spatial_fc_only": false,
        "with_normalization": true
    },
    "num_workers": 8,
    "post_dct": false,
    "pre_dct": false,
    "print_every": 100,
    "repo_name": "siMLPe",
    "root_dir": "/home/diwang/siMLPe",
    "save_every": 2000,
    "seed": 304,
    "shift_step": 1,
    "snapshot_dir": "/home/diwang/siMLPe/exps/baseline_h36m/log/snapshot",
    "this_dir": "baseline_h36m",
    "use_relative_loss": true,
    "val_log_file": "/home/diwang/siMLPe/exps/baseline_h36m/log/val_2025_01_08_05_44_19.log",
    "weight_decay": 0.0001
}
[2025-01-08 05:45:06,273] INFO: Iter 100 Summary: 
[2025-01-08 05:45:06,274] INFO: 	 lr: 0.00030000000000000073 	 Training loss: 0.08878223322331906
[2025-01-08 05:45:14,817] INFO: Iter 200 Summary: 
[2025-01-08 05:45:14,818] INFO: 	 lr: 0.00030000000000000073 	 Training loss: 0.071136579439044
[2025-01-08 05:45:26,320] INFO: Iter 300 Summary: 
[2025-01-08 05:45:26,320] INFO: 	 lr: 0.00030000000000000073 	 Training loss: 0.06751029919832945
[2025-01-08 05:45:38,367] INFO: Iter 400 Summary: 
[2025-01-08 05:45:38,368] INFO: 	 lr: 0.00030000000000000073 	 Training loss: 0.06375902134925127
[2025-01-08 05:45:49,703] INFO: Iter 500 Summary: 
[2025-01-08 05:45:49,703] INFO: 	 lr: 0.00030000000000000073 	 Training loss: 0.06060461603105068
[2025-01-08 05:46:00,653] INFO: Iter 600 Summary: 
[2025-01-08 05:46:00,653] INFO: 	 lr: 0.00030000000000000073 	 Training loss: 0.058875889740884306
[2025-01-08 05:46:12,056] INFO: Iter 700 Summary: 
[2025-01-08 05:46:12,057] INFO: 	 lr: 0.00030000000000000073 	 Training loss: 0.05687021553516388
[2025-01-08 05:46:22,710] INFO: Iter 800 Summary: 
[2025-01-08 05:46:22,711] INFO: 	 lr: 0.00030000000000000073 	 Training loss: 0.054763866029679774
[2025-01-08 05:46:32,802] INFO: Iter 900 Summary: 
[2025-01-08 05:46:32,802] INFO: 	 lr: 0.00030000000000000073 	 Training loss: 0.05351371970027685
[2025-01-08 05:46:42,557] INFO: Iter 1000 Summary: 
[2025-01-08 05:46:42,558] INFO: 	 lr: 0.00030000000000000073 	 Training loss: 0.05259790975600481
[2025-01-08 05:46:52,951] INFO: Iter 1100 Summary: 
[2025-01-08 05:46:52,951] INFO: 	 lr: 0.00030000000000000073 	 Training loss: 0.05210472907871008
[2025-01-08 05:47:04,436] INFO: Iter 1200 Summary: 
[2025-01-08 05:47:04,437] INFO: 	 lr: 0.00030000000000000073 	 Training loss: 0.05181345257908106
[2025-01-08 05:47:14,526] INFO: Iter 1300 Summary: 
[2025-01-08 05:47:14,526] INFO: 	 lr: 0.00030000000000000073 	 Training loss: 0.05137029379606247
[2025-01-08 05:47:25,212] INFO: Iter 1400 Summary: 
[2025-01-08 05:47:25,213] INFO: 	 lr: 0.00030000000000000073 	 Training loss: 0.050581242404878136
[2025-01-08 05:47:34,045] INFO: Iter 1500 Summary: 
[2025-01-08 05:47:34,045] INFO: 	 lr: 0.00030000000000000073 	 Training loss: 0.05012485820800066
[2025-01-08 05:47:42,457] INFO: Iter 1600 Summary: 
[2025-01-08 05:47:42,458] INFO: 	 lr: 0.00030000000000000073 	 Training loss: 0.04950077883899212
[2025-01-08 05:47:52,560] INFO: Iter 1700 Summary: 
[2025-01-08 05:47:52,560] INFO: 	 lr: 0.00030000000000000073 	 Training loss: 0.049692653939127925
[2025-01-08 05:48:04,711] INFO: Iter 1800 Summary: 
[2025-01-08 05:48:04,712] INFO: 	 lr: 0.00030000000000000073 	 Training loss: 0.0494334376975894
[2025-01-08 05:48:14,020] INFO: Iter 1900 Summary: 
[2025-01-08 05:48:14,020] INFO: 	 lr: 0.00030000000000000073 	 Training loss: 0.04896017424762249
[2025-01-08 05:48:23,758] INFO: Iter 2000 Summary: 
[2025-01-08 05:48:23,759] INFO: 	 lr: 0.00030000000000000073 	 Training loss: 0.048974767550826075
[2025-01-08 05:48:38,212] INFO: Iter 2100 Summary: 
[2025-01-08 05:48:38,212] INFO: 	 lr: 0.00030000000000000073 	 Training loss: 0.048500944301486014
[2025-01-08 05:48:47,751] INFO: Iter 2200 Summary: 
[2025-01-08 05:48:47,751] INFO: 	 lr: 0.00030000000000000073 	 Training loss: 0.048250765949487684
[2025-01-08 05:48:59,650] INFO: Iter 2300 Summary: 
[2025-01-08 05:48:59,651] INFO: 	 lr: 0.00030000000000000073 	 Training loss: 0.04854935772716999
[2025-01-08 05:49:11,209] INFO: Iter 2400 Summary: 
[2025-01-08 05:49:11,209] INFO: 	 lr: 0.00030000000000000073 	 Training loss: 0.047840356379747394
[2025-01-08 05:49:23,212] INFO: Iter 2500 Summary: 
[2025-01-08 05:49:23,212] INFO: 	 lr: 0.00030000000000000073 	 Training loss: 0.04788808688521385
[2025-01-08 05:49:35,296] INFO: Iter 2600 Summary: 
[2025-01-08 05:49:35,296] INFO: 	 lr: 0.00030000000000000073 	 Training loss: 0.04752989467233419
[2025-01-08 05:49:47,350] INFO: Iter 2700 Summary: 
[2025-01-08 05:49:47,351] INFO: 	 lr: 0.00030000000000000073 	 Training loss: 0.04755199007689953
[2025-01-08 05:50:00,186] INFO: Iter 2800 Summary: 
[2025-01-08 05:50:00,186] INFO: 	 lr: 0.00030000000000000073 	 Training loss: 0.047130549848079684
[2025-01-08 05:50:11,548] INFO: Iter 2900 Summary: 
[2025-01-08 05:50:11,548] INFO: 	 lr: 0.00030000000000000073 	 Training loss: 0.0463795692101121
[2025-01-08 05:50:23,077] INFO: Iter 3000 Summary: 
[2025-01-08 05:50:23,077] INFO: 	 lr: 0.00030000000000000073 	 Training loss: 0.04658186964690685
[2025-01-08 05:50:35,144] INFO: Iter 3100 Summary: 
[2025-01-08 05:50:35,144] INFO: 	 lr: 0.00030000000000000073 	 Training loss: 0.04715025804936886
[2025-01-08 05:50:45,807] INFO: Iter 3200 Summary: 
[2025-01-08 05:50:45,807] INFO: 	 lr: 0.00030000000000000073 	 Training loss: 0.04608194295316934
[2025-01-08 05:50:56,210] INFO: Iter 3300 Summary: 
[2025-01-08 05:50:56,211] INFO: 	 lr: 0.00030000000000000073 	 Training loss: 0.04598471216857433
[2025-01-08 05:51:06,405] INFO: Iter 3400 Summary: 
[2025-01-08 05:51:06,405] INFO: 	 lr: 0.00030000000000000073 	 Training loss: 0.04580859050154686
[2025-01-08 05:51:19,092] INFO: Iter 3500 Summary: 
[2025-01-08 05:51:19,093] INFO: 	 lr: 0.00030000000000000073 	 Training loss: 0.046091391406953335
[2025-01-08 05:51:31,418] INFO: Iter 3600 Summary: 
[2025-01-08 05:51:31,418] INFO: 	 lr: 0.00030000000000000073 	 Training loss: 0.04529697947204113
[2025-01-08 05:51:43,550] INFO: Iter 3700 Summary: 
[2025-01-08 05:51:43,551] INFO: 	 lr: 0.00030000000000000073 	 Training loss: 0.045597425438463686
[2025-01-08 05:51:54,423] INFO: Iter 3800 Summary: 
[2025-01-08 05:51:54,424] INFO: 	 lr: 0.00030000000000000073 	 Training loss: 0.045639550052583217
[2025-01-08 05:52:05,506] INFO: Iter 3900 Summary: 
[2025-01-08 05:52:05,507] INFO: 	 lr: 0.00030000000000000073 	 Training loss: 0.04486379519104958
[2025-01-08 05:52:16,092] INFO: Iter 4000 Summary: 
[2025-01-08 05:52:16,092] INFO: 	 lr: 0.00030000000000000073 	 Training loss: 0.044907071366906165
[2025-01-08 05:52:32,017] INFO: Iter 4100 Summary: 
[2025-01-08 05:52:32,017] INFO: 	 lr: 0.00030000000000000073 	 Training loss: 0.04493605732917785
[2025-01-08 05:52:44,509] INFO: Iter 4200 Summary: 
[2025-01-08 05:52:44,509] INFO: 	 lr: 0.00030000000000000073 	 Training loss: 0.044751242585480216
[2025-01-08 05:52:55,113] INFO: Iter 4300 Summary: 
[2025-01-08 05:52:55,113] INFO: 	 lr: 0.00030000000000000073 	 Training loss: 0.04462767023593187
[2025-01-08 05:53:07,500] INFO: Iter 4400 Summary: 
[2025-01-08 05:53:07,500] INFO: 	 lr: 0.00030000000000000073 	 Training loss: 0.04438382804393768
[2025-01-08 05:53:19,080] INFO: Iter 4500 Summary: 
[2025-01-08 05:53:19,080] INFO: 	 lr: 0.00030000000000000073 	 Training loss: 0.044025369733572
[2025-01-08 05:53:29,878] INFO: Iter 4600 Summary: 
[2025-01-08 05:53:29,878] INFO: 	 lr: 0.00030000000000000073 	 Training loss: 0.04404317706823349
[2025-01-08 05:53:39,941] INFO: Iter 4700 Summary: 
[2025-01-08 05:53:39,941] INFO: 	 lr: 0.00030000000000000073 	 Training loss: 0.04386375296860933
[2025-01-08 05:53:49,135] INFO: Iter 4800 Summary: 
[2025-01-08 05:53:49,135] INFO: 	 lr: 0.00030000000000000073 	 Training loss: 0.043424436300992963
[2025-01-08 05:54:02,345] INFO: Iter 4900 Summary: 
[2025-01-08 05:54:02,345] INFO: 	 lr: 0.00030000000000000073 	 Training loss: 0.04366700794547796
[2025-01-08 05:54:13,623] INFO: Iter 5000 Summary: 
[2025-01-08 05:54:13,623] INFO: 	 lr: 0.00030000000000000073 	 Training loss: 0.043854481056332585
[2025-01-08 05:54:23,906] INFO: Iter 5100 Summary: 
[2025-01-08 05:54:23,906] INFO: 	 lr: 0.00030000000000000073 	 Training loss: 0.043329349160194396
[2025-01-08 05:54:33,757] INFO: Iter 5200 Summary: 
[2025-01-08 05:54:33,757] INFO: 	 lr: 0.00030000000000000073 	 Training loss: 0.043430433757603165
[2025-01-08 05:54:43,065] INFO: Iter 5300 Summary: 
[2025-01-08 05:54:43,065] INFO: 	 lr: 0.00030000000000000073 	 Training loss: 0.043105429373681545
[2025-01-08 05:54:53,515] INFO: Iter 5400 Summary: 
[2025-01-08 05:54:53,515] INFO: 	 lr: 0.00030000000000000073 	 Training loss: 0.042886734493076804
[2025-01-08 05:55:02,539] INFO: Iter 5500 Summary: 
[2025-01-08 05:55:02,540] INFO: 	 lr: 0.00030000000000000073 	 Training loss: 0.04277457110583782
[2025-01-08 05:55:14,035] INFO: Iter 5600 Summary: 
[2025-01-08 05:55:14,035] INFO: 	 lr: 0.00030000000000000073 	 Training loss: 0.042784276716411114
[2025-01-08 05:55:24,856] INFO: Iter 5700 Summary: 
[2025-01-08 05:55:24,856] INFO: 	 lr: 0.00030000000000000073 	 Training loss: 0.04275939717888832
[2025-01-08 05:55:34,862] INFO: Iter 5800 Summary: 
[2025-01-08 05:55:34,863] INFO: 	 lr: 0.00030000000000000073 	 Training loss: 0.042264817021787165
[2025-01-08 05:55:44,632] INFO: Iter 5900 Summary: 
[2025-01-08 05:55:44,632] INFO: 	 lr: 0.00030000000000000073 	 Training loss: 0.042621921263635155
[2025-01-08 05:55:55,884] INFO: Iter 6000 Summary: 
[2025-01-08 05:55:55,884] INFO: 	 lr: 0.00030000000000000073 	 Training loss: 0.04240072045475245
[2025-01-08 05:56:09,319] INFO: Iter 6100 Summary: 
[2025-01-08 05:56:09,319] INFO: 	 lr: 0.00030000000000000073 	 Training loss: 0.04217990379780531
[2025-01-08 05:56:20,360] INFO: Iter 6200 Summary: 
[2025-01-08 05:56:20,361] INFO: 	 lr: 0.00030000000000000073 	 Training loss: 0.042225125767290594
[2025-01-08 05:56:31,324] INFO: Iter 6300 Summary: 
[2025-01-08 05:56:31,324] INFO: 	 lr: 0.00030000000000000073 	 Training loss: 0.04213665347546339
[2025-01-08 05:56:42,996] INFO: Iter 6400 Summary: 
[2025-01-08 05:56:42,997] INFO: 	 lr: 0.00030000000000000073 	 Training loss: 0.04158446602523327
[2025-01-08 05:56:53,871] INFO: Iter 6500 Summary: 
[2025-01-08 05:56:53,872] INFO: 	 lr: 0.00030000000000000073 	 Training loss: 0.04176736369729042
[2025-01-08 05:57:04,281] INFO: Iter 6600 Summary: 
[2025-01-08 05:57:04,281] INFO: 	 lr: 0.00030000000000000073 	 Training loss: 0.0420127084851265
[2025-01-08 05:57:16,057] INFO: Iter 6700 Summary: 
[2025-01-08 05:57:16,057] INFO: 	 lr: 0.00030000000000000073 	 Training loss: 0.04152644328773022
[2025-01-08 05:57:26,038] INFO: Iter 6800 Summary: 
[2025-01-08 05:57:26,038] INFO: 	 lr: 0.00030000000000000073 	 Training loss: 0.04158168535679579
[2025-01-08 05:57:38,163] INFO: Iter 6900 Summary: 
[2025-01-08 05:57:38,163] INFO: 	 lr: 0.00030000000000000073 	 Training loss: 0.04110369645059109
[2025-01-08 05:57:48,733] INFO: Iter 7000 Summary: 
[2025-01-08 05:57:48,733] INFO: 	 lr: 0.00030000000000000073 	 Training loss: 0.041333946511149404
[2025-01-08 05:57:59,269] INFO: Iter 7100 Summary: 
[2025-01-08 05:57:59,270] INFO: 	 lr: 0.00030000000000000073 	 Training loss: 0.04086682431399822
[2025-01-08 05:58:08,762] INFO: Iter 7200 Summary: 
[2025-01-08 05:58:08,762] INFO: 	 lr: 0.00030000000000000073 	 Training loss: 0.04117221314460039
[2025-01-08 05:58:17,919] INFO: Iter 7300 Summary: 
[2025-01-08 05:58:17,920] INFO: 	 lr: 0.00030000000000000073 	 Training loss: 0.04122157547622919
[2025-01-08 05:58:28,148] INFO: Iter 7400 Summary: 
[2025-01-08 05:58:28,148] INFO: 	 lr: 0.00030000000000000073 	 Training loss: 0.040787013806402685
[2025-01-08 05:58:39,288] INFO: Iter 7500 Summary: 
[2025-01-08 05:58:39,289] INFO: 	 lr: 0.00030000000000000073 	 Training loss: 0.04046019200235605
[2025-01-08 05:58:49,488] INFO: Iter 7600 Summary: 
[2025-01-08 05:58:49,489] INFO: 	 lr: 0.00030000000000000073 	 Training loss: 0.04048963025212288
[2025-01-08 05:59:00,080] INFO: Iter 7700 Summary: 
[2025-01-08 05:59:00,081] INFO: 	 lr: 0.00030000000000000073 	 Training loss: 0.04037055753171444
[2025-01-08 05:59:10,688] INFO: Iter 7800 Summary: 
[2025-01-08 05:59:10,688] INFO: 	 lr: 0.00030000000000000073 	 Training loss: 0.0401373902708292
[2025-01-08 05:59:22,187] INFO: Iter 7900 Summary: 
[2025-01-08 05:59:22,187] INFO: 	 lr: 0.00030000000000000073 	 Training loss: 0.04032863900065422
[2025-01-08 05:59:33,430] INFO: Iter 8000 Summary: 
[2025-01-08 05:59:33,431] INFO: 	 lr: 0.00030000000000000073 	 Training loss: 0.04042752433568239
[2025-01-08 05:59:47,028] INFO: Iter 8100 Summary: 
[2025-01-08 05:59:47,028] INFO: 	 lr: 0.00030000000000000073 	 Training loss: 0.04003254860639572
[2025-01-08 05:59:57,263] INFO: Iter 8200 Summary: 
[2025-01-08 05:59:57,263] INFO: 	 lr: 0.00030000000000000073 	 Training loss: 0.03999050918966532
[2025-01-08 06:00:08,626] INFO: Iter 8300 Summary: 
[2025-01-08 06:00:08,626] INFO: 	 lr: 0.00030000000000000073 	 Training loss: 0.039843867495656014
[2025-01-08 06:00:17,707] INFO: Iter 8400 Summary: 
[2025-01-08 06:00:17,707] INFO: 	 lr: 0.00030000000000000073 	 Training loss: 0.03958046223968267
[2025-01-08 06:00:26,133] INFO: Iter 8500 Summary: 
[2025-01-08 06:00:26,133] INFO: 	 lr: 0.00030000000000000073 	 Training loss: 0.03973685897886753
[2025-01-08 06:00:35,920] INFO: Iter 8600 Summary: 
[2025-01-08 06:00:35,920] INFO: 	 lr: 0.00030000000000000073 	 Training loss: 0.03937449887394905
[2025-01-08 06:00:45,987] INFO: Iter 8700 Summary: 
[2025-01-08 06:00:45,987] INFO: 	 lr: 0.00030000000000000073 	 Training loss: 0.03967927105724812
[2025-01-08 06:00:56,714] INFO: Iter 8800 Summary: 
[2025-01-08 06:00:56,714] INFO: 	 lr: 0.00030000000000000073 	 Training loss: 0.039387041069567204
[2025-01-08 06:01:05,883] INFO: Iter 8900 Summary: 
[2025-01-08 06:01:05,883] INFO: 	 lr: 0.00030000000000000073 	 Training loss: 0.03930138174444437
[2025-01-08 06:01:17,705] INFO: Iter 9000 Summary: 
[2025-01-08 06:01:17,705] INFO: 	 lr: 0.00030000000000000073 	 Training loss: 0.03924515932798386
[2025-01-08 06:01:27,440] INFO: Iter 9100 Summary: 
[2025-01-08 06:01:27,440] INFO: 	 lr: 0.00030000000000000073 	 Training loss: 0.039295207634568216
[2025-01-08 06:01:39,206] INFO: Iter 9200 Summary: 
[2025-01-08 06:01:39,207] INFO: 	 lr: 0.00030000000000000073 	 Training loss: 0.03909385342150926
[2025-01-08 06:01:49,226] INFO: Iter 9300 Summary: 
[2025-01-08 06:01:49,226] INFO: 	 lr: 0.00030000000000000073 	 Training loss: 0.03911999296396971
[2025-01-08 06:01:59,458] INFO: Iter 9400 Summary: 
[2025-01-08 06:01:59,458] INFO: 	 lr: 0.00030000000000000073 	 Training loss: 0.03899900276213884
[2025-01-08 06:02:10,535] INFO: Iter 9500 Summary: 
[2025-01-08 06:02:10,535] INFO: 	 lr: 0.00030000000000000073 	 Training loss: 0.038874466195702555
[2025-01-08 06:02:21,061] INFO: Iter 9600 Summary: 
[2025-01-08 06:02:21,061] INFO: 	 lr: 0.00030000000000000073 	 Training loss: 0.039348984323441985
[2025-01-08 06:02:32,865] INFO: Iter 9700 Summary: 
[2025-01-08 06:02:32,865] INFO: 	 lr: 0.00030000000000000073 	 Training loss: 0.03850987311452627
[2025-01-08 06:02:42,379] INFO: Iter 9800 Summary: 
[2025-01-08 06:02:42,379] INFO: 	 lr: 0.00030000000000000073 	 Training loss: 0.038773525580763815
[2025-01-08 06:02:54,076] INFO: Iter 9900 Summary: 
[2025-01-08 06:02:54,076] INFO: 	 lr: 0.00030000000000000073 	 Training loss: 0.038670385628938674
[2025-01-08 06:03:04,832] INFO: Iter 10000 Summary: 
[2025-01-08 06:03:04,832] INFO: 	 lr: 0.00030000000000000073 	 Training loss: 0.03858609694987535
[2025-01-08 06:03:19,493] INFO: Iter 10100 Summary: 
[2025-01-08 06:03:19,493] INFO: 	 lr: 0.00030000000000000073 	 Training loss: 0.03868078958243132
[2025-01-08 06:03:30,165] INFO: Iter 10200 Summary: 
[2025-01-08 06:03:30,165] INFO: 	 lr: 0.00030000000000000073 	 Training loss: 0.03830293133854866
[2025-01-08 06:03:40,656] INFO: Iter 10300 Summary: 
[2025-01-08 06:03:40,656] INFO: 	 lr: 0.00030000000000000073 	 Training loss: 0.038267956748604774
[2025-01-08 06:03:51,334] INFO: Iter 10400 Summary: 
[2025-01-08 06:03:51,334] INFO: 	 lr: 0.00030000000000000073 	 Training loss: 0.03815213516354561
[2025-01-08 06:04:01,942] INFO: Iter 10500 Summary: 
[2025-01-08 06:04:01,942] INFO: 	 lr: 0.00030000000000000073 	 Training loss: 0.03833759434521198
[2025-01-08 06:04:12,324] INFO: Iter 10600 Summary: 
[2025-01-08 06:04:12,324] INFO: 	 lr: 0.00030000000000000073 	 Training loss: 0.0383956940472126
[2025-01-08 06:04:22,307] INFO: Iter 10700 Summary: 
[2025-01-08 06:04:22,307] INFO: 	 lr: 0.00030000000000000073 	 Training loss: 0.03808209970593453
[2025-01-08 06:04:32,806] INFO: Iter 10800 Summary: 
[2025-01-08 06:04:32,806] INFO: 	 lr: 0.00030000000000000073 	 Training loss: 0.03818709470331669
[2025-01-08 06:04:43,194] INFO: Iter 10900 Summary: 
[2025-01-08 06:04:43,195] INFO: 	 lr: 0.00030000000000000073 	 Training loss: 0.03812543980777264
[2025-01-08 06:04:53,793] INFO: Iter 11000 Summary: 
[2025-01-08 06:04:53,793] INFO: 	 lr: 0.00030000000000000073 	 Training loss: 0.03803508248180151
[2025-01-08 06:05:04,875] INFO: Iter 11100 Summary: 
[2025-01-08 06:05:04,875] INFO: 	 lr: 0.00030000000000000073 	 Training loss: 0.03771794512867928
[2025-01-08 06:05:16,575] INFO: Iter 11200 Summary: 
[2025-01-08 06:05:16,575] INFO: 	 lr: 0.00030000000000000073 	 Training loss: 0.03746827553957701
[2025-01-08 06:05:26,813] INFO: Iter 11300 Summary: 
[2025-01-08 06:05:26,813] INFO: 	 lr: 0.00030000000000000073 	 Training loss: 0.037913146652281286
[2025-01-08 06:05:37,336] INFO: Iter 11400 Summary: 
[2025-01-08 06:05:37,337] INFO: 	 lr: 0.00030000000000000073 	 Training loss: 0.03777017503976822
[2025-01-08 06:05:46,696] INFO: Iter 11500 Summary: 
[2025-01-08 06:05:46,696] INFO: 	 lr: 0.00030000000000000073 	 Training loss: 0.03793280709534883
[2025-01-08 06:05:57,971] INFO: Iter 11600 Summary: 
[2025-01-08 06:05:57,971] INFO: 	 lr: 0.00030000000000000073 	 Training loss: 0.037786532156169415
[2025-01-08 06:06:10,447] INFO: Iter 11700 Summary: 
[2025-01-08 06:06:10,447] INFO: 	 lr: 0.00030000000000000073 	 Training loss: 0.03799465600401163
[2025-01-08 06:06:20,501] INFO: Iter 11800 Summary: 
[2025-01-08 06:06:20,501] INFO: 	 lr: 0.00030000000000000073 	 Training loss: 0.03779613472521305
[2025-01-08 06:06:31,663] INFO: Iter 11900 Summary: 
[2025-01-08 06:06:31,664] INFO: 	 lr: 0.00030000000000000073 	 Training loss: 0.037466116547584534
[2025-01-08 06:06:40,544] INFO: Iter 12000 Summary: 
[2025-01-08 06:06:40,544] INFO: 	 lr: 0.00030000000000000073 	 Training loss: 0.03763018410652876
[2025-01-08 06:06:53,494] INFO: Iter 12100 Summary: 
[2025-01-08 06:06:53,494] INFO: 	 lr: 0.00030000000000000073 	 Training loss: 0.03736818291246891
[2025-01-08 06:07:02,261] INFO: Iter 12200 Summary: 
[2025-01-08 06:07:02,261] INFO: 	 lr: 0.00030000000000000073 	 Training loss: 0.037135767489671706
[2025-01-08 06:07:13,030] INFO: Iter 12300 Summary: 
[2025-01-08 06:07:13,030] INFO: 	 lr: 0.00030000000000000073 	 Training loss: 0.03745120882987976
[2025-01-08 06:07:23,502] INFO: Iter 12400 Summary: 
[2025-01-08 06:07:23,502] INFO: 	 lr: 0.00030000000000000073 	 Training loss: 0.03781374093145132
[2025-01-08 06:07:33,459] INFO: Iter 12500 Summary: 
[2025-01-08 06:07:33,459] INFO: 	 lr: 0.00030000000000000073 	 Training loss: 0.037175195775926116
[2025-01-08 06:07:44,349] INFO: Iter 12600 Summary: 
[2025-01-08 06:07:44,350] INFO: 	 lr: 0.00030000000000000073 	 Training loss: 0.0372349102422595
[2025-01-08 06:07:54,834] INFO: Iter 12700 Summary: 
[2025-01-08 06:07:54,834] INFO: 	 lr: 0.00030000000000000073 	 Training loss: 0.03743744250386953
[2025-01-08 06:08:04,786] INFO: Iter 12800 Summary: 
[2025-01-08 06:08:04,786] INFO: 	 lr: 0.00030000000000000073 	 Training loss: 0.037066958732903006
[2025-01-08 06:08:14,493] INFO: Iter 12900 Summary: 
[2025-01-08 06:08:14,493] INFO: 	 lr: 0.00030000000000000073 	 Training loss: 0.03726768657565117
[2025-01-08 06:08:25,803] INFO: Iter 13000 Summary: 
[2025-01-08 06:08:25,803] INFO: 	 lr: 0.00030000000000000073 	 Training loss: 0.0373811823874712
[2025-01-08 06:08:39,207] INFO: Iter 13100 Summary: 
[2025-01-08 06:08:39,207] INFO: 	 lr: 0.00030000000000000073 	 Training loss: 0.03686712197959423
[2025-01-08 06:08:50,472] INFO: Iter 13200 Summary: 
[2025-01-08 06:08:50,473] INFO: 	 lr: 0.00030000000000000073 	 Training loss: 0.03690783172845841
[2025-01-08 06:09:02,275] INFO: Iter 13300 Summary: 
[2025-01-08 06:09:02,275] INFO: 	 lr: 0.00030000000000000073 	 Training loss: 0.036882366724312304
[2025-01-08 06:09:12,982] INFO: Iter 13400 Summary: 
[2025-01-08 06:09:12,982] INFO: 	 lr: 0.00030000000000000073 	 Training loss: 0.03704063430428505
[2025-01-08 06:09:21,675] INFO: Iter 13500 Summary: 
[2025-01-08 06:09:21,675] INFO: 	 lr: 0.00030000000000000073 	 Training loss: 0.037095468789339066
[2025-01-08 06:09:31,164] INFO: Iter 13600 Summary: 
[2025-01-08 06:09:31,164] INFO: 	 lr: 0.00030000000000000073 	 Training loss: 0.03702411327511072
[2025-01-08 06:09:41,386] INFO: Iter 13700 Summary: 
[2025-01-08 06:09:41,387] INFO: 	 lr: 0.00030000000000000073 	 Training loss: 0.0368831754475832
[2025-01-08 06:09:50,612] INFO: Iter 13800 Summary: 
[2025-01-08 06:09:50,613] INFO: 	 lr: 0.00030000000000000073 	 Training loss: 0.03649450123310089
[2025-01-08 06:10:00,622] INFO: Iter 13900 Summary: 
[2025-01-08 06:10:00,622] INFO: 	 lr: 0.00030000000000000073 	 Training loss: 0.03705766297876835
[2025-01-08 06:10:10,961] INFO: Iter 14000 Summary: 
[2025-01-08 06:10:10,962] INFO: 	 lr: 0.00030000000000000073 	 Training loss: 0.03684896696358919
[2025-01-08 06:10:22,578] INFO: Iter 14100 Summary: 
[2025-01-08 06:10:22,578] INFO: 	 lr: 0.00030000000000000073 	 Training loss: 0.03672381415963173
[2025-01-08 06:10:31,781] INFO: Iter 14200 Summary: 
[2025-01-08 06:10:31,782] INFO: 	 lr: 0.00030000000000000073 	 Training loss: 0.03650995366275311
[2025-01-08 06:10:41,551] INFO: Iter 14300 Summary: 
[2025-01-08 06:10:41,551] INFO: 	 lr: 0.00030000000000000073 	 Training loss: 0.036787495985627174
[2025-01-08 06:10:50,581] INFO: Iter 14400 Summary: 
[2025-01-08 06:10:50,581] INFO: 	 lr: 0.00030000000000000073 	 Training loss: 0.03681979071348906
[2025-01-08 06:10:59,875] INFO: Iter 14500 Summary: 
[2025-01-08 06:10:59,876] INFO: 	 lr: 0.00030000000000000073 	 Training loss: 0.03648294407874346
[2025-01-08 06:11:08,757] INFO: Iter 14600 Summary: 
[2025-01-08 06:11:08,757] INFO: 	 lr: 0.00030000000000000073 	 Training loss: 0.03650063708424568
[2025-01-08 06:11:18,128] INFO: Iter 14700 Summary: 
[2025-01-08 06:11:18,128] INFO: 	 lr: 0.00030000000000000073 	 Training loss: 0.03645514313131571
[2025-01-08 06:11:26,386] INFO: Iter 14800 Summary: 
[2025-01-08 06:11:26,387] INFO: 	 lr: 0.00030000000000000073 	 Training loss: 0.036779940277338025
[2025-01-08 06:11:35,304] INFO: Iter 14900 Summary: 
[2025-01-08 06:11:35,305] INFO: 	 lr: 0.00030000000000000073 	 Training loss: 0.036478594578802585
[2025-01-08 06:11:45,341] INFO: Iter 15000 Summary: 
[2025-01-08 06:11:45,341] INFO: 	 lr: 0.00030000000000000073 	 Training loss: 0.03660620424896479
[2025-01-08 06:11:54,566] INFO: Iter 15100 Summary: 
[2025-01-08 06:11:54,566] INFO: 	 lr: 0.00030000000000000073 	 Training loss: 0.036351301707327366
[2025-01-08 06:12:04,280] INFO: Iter 15200 Summary: 
[2025-01-08 06:12:04,280] INFO: 	 lr: 0.00030000000000000073 	 Training loss: 0.036444194801151755
[2025-01-08 06:12:13,720] INFO: Iter 15300 Summary: 
[2025-01-08 06:12:13,720] INFO: 	 lr: 0.00030000000000000073 	 Training loss: 0.03643185008317232
[2025-01-08 06:12:23,487] INFO: Iter 15400 Summary: 
[2025-01-08 06:12:23,488] INFO: 	 lr: 0.00030000000000000073 	 Training loss: 0.03628929227590561
[2025-01-08 06:12:31,988] INFO: Iter 15500 Summary: 
[2025-01-08 06:12:31,989] INFO: 	 lr: 0.00030000000000000073 	 Training loss: 0.036228907816112044
[2025-01-08 06:12:40,512] INFO: Iter 15600 Summary: 
[2025-01-08 06:12:40,513] INFO: 	 lr: 0.00030000000000000073 	 Training loss: 0.03609594110399485
[2025-01-08 06:12:49,723] INFO: Iter 15700 Summary: 
[2025-01-08 06:12:49,723] INFO: 	 lr: 0.00030000000000000073 	 Training loss: 0.03644968025386333
[2025-01-08 06:12:58,187] INFO: Iter 15800 Summary: 
[2025-01-08 06:12:58,187] INFO: 	 lr: 0.00030000000000000073 	 Training loss: 0.03615065779536963
[2025-01-08 06:13:07,244] INFO: Iter 15900 Summary: 
[2025-01-08 06:13:07,244] INFO: 	 lr: 0.00030000000000000073 	 Training loss: 0.03591185014694929
[2025-01-08 06:13:16,882] INFO: Iter 16000 Summary: 
[2025-01-08 06:13:16,882] INFO: 	 lr: 0.00030000000000000073 	 Training loss: 0.036122550293803214
[2025-01-08 06:13:29,492] INFO: Iter 16100 Summary: 
[2025-01-08 06:13:29,493] INFO: 	 lr: 0.00030000000000000073 	 Training loss: 0.03586808003485203
[2025-01-08 06:13:38,934] INFO: Iter 16200 Summary: 
[2025-01-08 06:13:38,934] INFO: 	 lr: 0.00030000000000000073 	 Training loss: 0.03590647585690022
[2025-01-08 06:13:48,079] INFO: Iter 16300 Summary: 
[2025-01-08 06:13:48,080] INFO: 	 lr: 0.00030000000000000073 	 Training loss: 0.03616745363920927
[2025-01-08 06:13:57,207] INFO: Iter 16400 Summary: 
[2025-01-08 06:13:57,207] INFO: 	 lr: 0.00030000000000000073 	 Training loss: 0.036090644001960756
[2025-01-08 06:14:06,529] INFO: Iter 16500 Summary: 
[2025-01-08 06:14:06,529] INFO: 	 lr: 0.00030000000000000073 	 Training loss: 0.036077446527779104
[2025-01-08 06:14:17,308] INFO: Iter 16600 Summary: 
[2025-01-08 06:14:17,309] INFO: 	 lr: 0.00030000000000000073 	 Training loss: 0.036077876947820185
[2025-01-08 06:14:27,044] INFO: Iter 16700 Summary: 
[2025-01-08 06:14:27,044] INFO: 	 lr: 0.00030000000000000073 	 Training loss: 0.035816101804375645
[2025-01-08 06:14:36,411] INFO: Iter 16800 Summary: 
[2025-01-08 06:14:36,412] INFO: 	 lr: 0.00030000000000000073 	 Training loss: 0.03586400311440229
[2025-01-08 06:14:45,902] INFO: Iter 16900 Summary: 
[2025-01-08 06:14:45,902] INFO: 	 lr: 0.00030000000000000073 	 Training loss: 0.035896656028926374
[2025-01-08 06:14:55,564] INFO: Iter 17000 Summary: 
[2025-01-08 06:14:55,565] INFO: 	 lr: 0.00030000000000000073 	 Training loss: 0.03579008635133505
[2025-01-08 06:15:05,269] INFO: Iter 17100 Summary: 
[2025-01-08 06:15:05,269] INFO: 	 lr: 0.00030000000000000073 	 Training loss: 0.03591062046587467
[2025-01-08 06:15:14,068] INFO: Iter 17200 Summary: 
[2025-01-08 06:15:14,069] INFO: 	 lr: 0.00030000000000000073 	 Training loss: 0.035823649019002916
[2025-01-08 06:15:24,605] INFO: Iter 17300 Summary: 
[2025-01-08 06:15:24,606] INFO: 	 lr: 0.00030000000000000073 	 Training loss: 0.035750625170767304
[2025-01-08 06:15:33,478] INFO: Iter 17400 Summary: 
[2025-01-08 06:15:33,478] INFO: 	 lr: 0.00030000000000000073 	 Training loss: 0.035740902125835416
[2025-01-08 06:15:42,578] INFO: Iter 17500 Summary: 
[2025-01-08 06:15:42,578] INFO: 	 lr: 0.00030000000000000073 	 Training loss: 0.03542481034994125
[2025-01-08 06:15:51,341] INFO: Iter 17600 Summary: 
[2025-01-08 06:15:51,342] INFO: 	 lr: 0.00030000000000000073 	 Training loss: 0.03587453637272119
[2025-01-08 06:16:01,922] INFO: Iter 17700 Summary: 
[2025-01-08 06:16:01,922] INFO: 	 lr: 0.00030000000000000073 	 Training loss: 0.035721385404467586
[2025-01-08 06:16:11,903] INFO: Iter 17800 Summary: 
[2025-01-08 06:16:11,903] INFO: 	 lr: 0.00030000000000000073 	 Training loss: 0.03561786897480488
[2025-01-08 06:16:21,167] INFO: Iter 17900 Summary: 
[2025-01-08 06:16:21,168] INFO: 	 lr: 0.00030000000000000073 	 Training loss: 0.03566646207123995
[2025-01-08 06:16:30,366] INFO: Iter 18000 Summary: 
[2025-01-08 06:16:30,366] INFO: 	 lr: 0.00030000000000000073 	 Training loss: 0.03581834442913532
[2025-01-08 06:16:42,494] INFO: Iter 18100 Summary: 
[2025-01-08 06:16:42,494] INFO: 	 lr: 0.00030000000000000073 	 Training loss: 0.0354280498996377
[2025-01-08 06:16:52,002] INFO: Iter 18200 Summary: 
[2025-01-08 06:16:52,003] INFO: 	 lr: 0.00030000000000000073 	 Training loss: 0.03580064207315445
[2025-01-08 06:17:00,932] INFO: Iter 18300 Summary: 
[2025-01-08 06:17:00,932] INFO: 	 lr: 0.00030000000000000073 	 Training loss: 0.03577120952308178
[2025-01-08 06:17:09,962] INFO: Iter 18400 Summary: 
[2025-01-08 06:17:09,962] INFO: 	 lr: 0.00030000000000000073 	 Training loss: 0.035348129309713844
[2025-01-08 06:17:17,640] INFO: Iter 18500 Summary: 
[2025-01-08 06:17:17,640] INFO: 	 lr: 0.00030000000000000073 	 Training loss: 0.0356545689329505
[2025-01-08 06:17:24,566] INFO: Iter 18600 Summary: 
[2025-01-08 06:17:24,566] INFO: 	 lr: 0.00030000000000000073 	 Training loss: 0.03533864237368107
[2025-01-08 06:17:31,269] INFO: Iter 18700 Summary: 
[2025-01-08 06:17:31,269] INFO: 	 lr: 0.00030000000000000073 	 Training loss: 0.03544114626944065
[2025-01-08 06:17:38,143] INFO: Iter 18800 Summary: 
[2025-01-08 06:17:38,143] INFO: 	 lr: 0.00030000000000000073 	 Training loss: 0.0353882285952568
