[2025-01-07 03:11:52,736] INFO: {
    "abs_dir": "/home/diwang/siMLPe/exps/baseline_h36m",
    "batch_size": 256,
    "cos_lr_max": 1e-05,
    "cos_lr_min": 5e-08,
    "cos_lr_total_iters": 40000,
    "data_aug": true,
    "deriv_input": true,
    "deriv_output": true,
    "device": "cuda:2",
    "h36m_anno_dir": "/home/diwang/siMLPe/data/h36m/",
    "link_log_file": "/home/diwang/siMLPe/exps/baseline_h36m/log/log_last.log",
    "link_val_log_file": "/home/diwang/siMLPe/exps/baseline_h36m/log/val_last.log",
    "log_dir": "/home/diwang/siMLPe/exps/baseline_h36m/log",
    "log_file": "/home/diwang/siMLPe/exps/baseline_h36m/log/log_2025_01_07_03_11_26.log",
    "model_pth": null,
    "motion": {
        "dim": 66,
        "h36m_input_length": 50,
        "h36m_input_length_dct": 50,
        "h36m_target_length": 10,
        "h36m_target_length_eval": 25,
        "h36m_target_length_train": 10
    },
    "motion_fc_in": {
        "activation": "relu",
        "in_features": 66,
        "init_w_trunc_normal": false,
        "out_features": 66,
        "temporal_fc": false,
        "with_norm": false
    },
    "motion_fc_out": {
        "activation": "relu",
        "in_features": 66,
        "init_w_trunc_normal": true,
        "out_features": 66,
        "temporal_fc": false,
        "with_norm": false
    },
    "motion_mlp": {
        "hidden_dim": 66,
        "norm_axis": "spatial",
        "num_layers": 48,
        "seq_len": 50,
        "spatial_fc_only": false,
        "with_normalization": true
    },
    "num_workers": 8,
    "post_dct": false,
    "pre_dct": false,
    "print_every": 100,
    "repo_name": "siMLPe",
    "root_dir": "/home/diwang/siMLPe",
    "save_every": 2000,
    "seed": 304,
    "shift_step": 1,
    "snapshot_dir": "/home/diwang/siMLPe/exps/baseline_h36m/log/snapshot",
    "this_dir": "baseline_h36m",
    "use_relative_loss": true,
    "val_log_file": "/home/diwang/siMLPe/exps/baseline_h36m/log/val_2025_01_07_03_11_26.log",
    "weight_decay": 0.0001
}
[2025-01-07 03:12:05,465] INFO: Iter 100 Summary: 
[2025-01-07 03:12:05,465] INFO: 	 lr: 0.00030000000000000073 	 Training loss: 0.08428867354989052
[2025-01-07 03:12:15,204] INFO: Iter 200 Summary: 
[2025-01-07 03:12:15,204] INFO: 	 lr: 0.00030000000000000073 	 Training loss: 0.07268008217215538
[2025-01-07 03:12:25,049] INFO: Iter 300 Summary: 
[2025-01-07 03:12:25,049] INFO: 	 lr: 0.00030000000000000073 	 Training loss: 0.06833240076899529
[2025-01-07 03:12:34,481] INFO: Iter 400 Summary: 
[2025-01-07 03:12:34,482] INFO: 	 lr: 0.00030000000000000073 	 Training loss: 0.06382449008524418
[2025-01-07 03:12:44,293] INFO: Iter 500 Summary: 
[2025-01-07 03:12:44,293] INFO: 	 lr: 0.00030000000000000073 	 Training loss: 0.05958324544131756
[2025-01-07 03:12:54,823] INFO: Iter 600 Summary: 
[2025-01-07 03:12:54,824] INFO: 	 lr: 0.00030000000000000073 	 Training loss: 0.05834206812083721
[2025-01-07 03:13:05,977] INFO: Iter 700 Summary: 
[2025-01-07 03:13:05,977] INFO: 	 lr: 0.00030000000000000073 	 Training loss: 0.05670382332056761
[2025-01-07 03:13:15,774] INFO: Iter 800 Summary: 
[2025-01-07 03:13:15,775] INFO: 	 lr: 0.00030000000000000073 	 Training loss: 0.055780226290225984
[2025-01-07 03:13:26,177] INFO: Iter 900 Summary: 
[2025-01-07 03:13:26,178] INFO: 	 lr: 0.00030000000000000073 	 Training loss: 0.05491679593920708
[2025-01-07 03:13:35,695] INFO: Iter 1000 Summary: 
[2025-01-07 03:13:35,696] INFO: 	 lr: 0.00030000000000000073 	 Training loss: 0.055302808322012426
[2025-01-07 03:13:45,314] INFO: Iter 1100 Summary: 
[2025-01-07 03:13:45,314] INFO: 	 lr: 0.00030000000000000073 	 Training loss: 0.053823050409555435
[2025-01-07 03:13:55,632] INFO: Iter 1200 Summary: 
[2025-01-07 03:13:55,632] INFO: 	 lr: 0.00030000000000000073 	 Training loss: 0.05273343484848738
[2025-01-07 03:14:05,313] INFO: Iter 1300 Summary: 
[2025-01-07 03:14:05,313] INFO: 	 lr: 0.00030000000000000073 	 Training loss: 0.052966345250606534
[2025-01-07 03:14:15,237] INFO: Iter 1400 Summary: 
[2025-01-07 03:14:15,237] INFO: 	 lr: 0.00030000000000000073 	 Training loss: 0.05272923473268747
[2025-01-07 03:14:25,703] INFO: Iter 1500 Summary: 
[2025-01-07 03:14:25,703] INFO: 	 lr: 0.00030000000000000073 	 Training loss: 0.05230325609445572
[2025-01-07 03:14:35,597] INFO: Iter 1600 Summary: 
[2025-01-07 03:14:35,597] INFO: 	 lr: 0.00030000000000000073 	 Training loss: 0.05176133506000042
[2025-01-07 03:14:46,450] INFO: Iter 1700 Summary: 
[2025-01-07 03:14:46,451] INFO: 	 lr: 0.00030000000000000073 	 Training loss: 0.05153132539242506
[2025-01-07 03:14:56,528] INFO: Iter 1800 Summary: 
[2025-01-07 03:14:56,528] INFO: 	 lr: 0.00030000000000000073 	 Training loss: 0.05070704709738493
[2025-01-07 03:15:06,322] INFO: Iter 1900 Summary: 
[2025-01-07 03:15:06,323] INFO: 	 lr: 0.00030000000000000073 	 Training loss: 0.05110344998538494
[2025-01-07 03:15:15,756] INFO: Iter 2000 Summary: 
[2025-01-07 03:15:15,756] INFO: 	 lr: 0.00030000000000000073 	 Training loss: 0.0501301982998848
[2025-01-07 03:15:27,945] INFO: Iter 2100 Summary: 
[2025-01-07 03:15:27,945] INFO: 	 lr: 0.00030000000000000073 	 Training loss: 0.05026017371565104
[2025-01-07 03:15:38,609] INFO: Iter 2200 Summary: 
[2025-01-07 03:15:38,609] INFO: 	 lr: 0.00030000000000000073 	 Training loss: 0.04951612457633019
[2025-01-07 03:15:49,001] INFO: Iter 2300 Summary: 
[2025-01-07 03:15:49,001] INFO: 	 lr: 0.00030000000000000073 	 Training loss: 0.049871964231133464
[2025-01-07 03:15:59,489] INFO: Iter 2400 Summary: 
[2025-01-07 03:15:59,489] INFO: 	 lr: 0.00030000000000000073 	 Training loss: 0.04942815419286489
[2025-01-07 03:16:08,778] INFO: Iter 2500 Summary: 
[2025-01-07 03:16:08,778] INFO: 	 lr: 0.00030000000000000073 	 Training loss: 0.04924979519098997
[2025-01-07 03:16:18,316] INFO: Iter 2600 Summary: 
[2025-01-07 03:16:18,316] INFO: 	 lr: 0.00030000000000000073 	 Training loss: 0.04945192217826843
[2025-01-07 03:16:28,774] INFO: Iter 2700 Summary: 
[2025-01-07 03:16:28,774] INFO: 	 lr: 0.00030000000000000073 	 Training loss: 0.049138998948037624
[2025-01-07 03:16:39,013] INFO: Iter 2800 Summary: 
[2025-01-07 03:16:39,013] INFO: 	 lr: 0.00030000000000000073 	 Training loss: 0.04845822785049677
[2025-01-07 03:16:49,810] INFO: Iter 2900 Summary: 
[2025-01-07 03:16:49,810] INFO: 	 lr: 0.00030000000000000073 	 Training loss: 0.048377595096826556
[2025-01-07 03:17:00,535] INFO: Iter 3000 Summary: 
[2025-01-07 03:17:00,535] INFO: 	 lr: 0.00030000000000000073 	 Training loss: 0.0485991283878684
[2025-01-07 03:17:11,209] INFO: Iter 3100 Summary: 
[2025-01-07 03:17:11,210] INFO: 	 lr: 0.00030000000000000073 	 Training loss: 0.048362680301070216
[2025-01-07 03:17:21,105] INFO: Iter 3200 Summary: 
[2025-01-07 03:17:21,105] INFO: 	 lr: 0.00030000000000000073 	 Training loss: 0.048062204979360104
[2025-01-07 03:17:31,251] INFO: Iter 3300 Summary: 
[2025-01-07 03:17:31,251] INFO: 	 lr: 0.00030000000000000073 	 Training loss: 0.048281860128045084
[2025-01-07 03:17:41,819] INFO: Iter 3400 Summary: 
[2025-01-07 03:17:41,819] INFO: 	 lr: 0.00030000000000000073 	 Training loss: 0.04837703239172697
[2025-01-07 03:17:52,661] INFO: Iter 3500 Summary: 
[2025-01-07 03:17:52,661] INFO: 	 lr: 0.00030000000000000073 	 Training loss: 0.04803981639444828
[2025-01-07 03:18:02,035] INFO: Iter 3600 Summary: 
[2025-01-07 03:18:02,035] INFO: 	 lr: 0.00030000000000000073 	 Training loss: 0.04798015840351581
[2025-01-07 03:18:11,107] INFO: Iter 3700 Summary: 
[2025-01-07 03:18:11,107] INFO: 	 lr: 0.00030000000000000073 	 Training loss: 0.04718053698539734
[2025-01-07 03:18:21,447] INFO: Iter 3800 Summary: 
[2025-01-07 03:18:21,447] INFO: 	 lr: 0.00030000000000000073 	 Training loss: 0.047373809590935706
[2025-01-07 03:18:31,624] INFO: Iter 3900 Summary: 
[2025-01-07 03:18:31,625] INFO: 	 lr: 0.00030000000000000073 	 Training loss: 0.04706189151853323
[2025-01-07 03:18:41,935] INFO: Iter 4000 Summary: 
[2025-01-07 03:18:41,935] INFO: 	 lr: 0.00030000000000000073 	 Training loss: 0.04793683145195246
[2025-01-07 03:18:54,947] INFO: Iter 4100 Summary: 
[2025-01-07 03:18:54,947] INFO: 	 lr: 0.00030000000000000073 	 Training loss: 0.04762686502188444
[2025-01-07 03:19:04,565] INFO: Iter 4200 Summary: 
[2025-01-07 03:19:04,565] INFO: 	 lr: 0.00030000000000000073 	 Training loss: 0.04694047041237354
[2025-01-07 03:19:14,549] INFO: Iter 4300 Summary: 
[2025-01-07 03:19:14,550] INFO: 	 lr: 0.00030000000000000073 	 Training loss: 0.047199676558375356
[2025-01-07 03:19:25,166] INFO: Iter 4400 Summary: 
[2025-01-07 03:19:25,166] INFO: 	 lr: 0.00030000000000000073 	 Training loss: 0.04672928895801306
[2025-01-07 03:19:35,128] INFO: Iter 4500 Summary: 
[2025-01-07 03:19:35,128] INFO: 	 lr: 0.00030000000000000073 	 Training loss: 0.046765494532883166
[2025-01-07 03:19:44,703] INFO: Iter 4600 Summary: 
[2025-01-07 03:19:44,703] INFO: 	 lr: 0.00030000000000000073 	 Training loss: 0.04688629399985075
[2025-01-07 03:19:54,303] INFO: Iter 4700 Summary: 
[2025-01-07 03:19:54,304] INFO: 	 lr: 0.00030000000000000073 	 Training loss: 0.04653267361223698
[2025-01-07 03:20:04,331] INFO: Iter 4800 Summary: 
[2025-01-07 03:20:04,331] INFO: 	 lr: 0.00030000000000000073 	 Training loss: 0.04666071377694607
[2025-01-07 03:20:15,017] INFO: Iter 4900 Summary: 
[2025-01-07 03:20:15,018] INFO: 	 lr: 0.00030000000000000073 	 Training loss: 0.04645953983068466
[2025-01-07 03:20:24,888] INFO: Iter 5000 Summary: 
[2025-01-07 03:20:24,889] INFO: 	 lr: 0.00030000000000000073 	 Training loss: 0.04697145875543356
[2025-01-07 03:20:35,060] INFO: Iter 5100 Summary: 
[2025-01-07 03:20:35,060] INFO: 	 lr: 0.00030000000000000073 	 Training loss: 0.04642924975603819
[2025-01-07 03:20:45,711] INFO: Iter 5200 Summary: 
[2025-01-07 03:20:45,711] INFO: 	 lr: 0.00030000000000000073 	 Training loss: 0.04617521338164807
[2025-01-07 03:20:55,912] INFO: Iter 5300 Summary: 
[2025-01-07 03:20:55,912] INFO: 	 lr: 0.00030000000000000073 	 Training loss: 0.04633607171475887
[2025-01-07 03:21:05,404] INFO: Iter 5400 Summary: 
[2025-01-07 03:21:05,404] INFO: 	 lr: 0.00030000000000000073 	 Training loss: 0.046090669818222525
[2025-01-07 03:21:15,687] INFO: Iter 5500 Summary: 
[2025-01-07 03:21:15,687] INFO: 	 lr: 0.00030000000000000073 	 Training loss: 0.04608718559145927
[2025-01-07 03:21:25,761] INFO: Iter 5600 Summary: 
[2025-01-07 03:21:25,762] INFO: 	 lr: 0.00030000000000000073 	 Training loss: 0.04604132730513811
[2025-01-07 03:21:36,285] INFO: Iter 5700 Summary: 
[2025-01-07 03:21:36,286] INFO: 	 lr: 0.00030000000000000073 	 Training loss: 0.04562284272164106
[2025-01-07 03:21:46,562] INFO: Iter 5800 Summary: 
[2025-01-07 03:21:46,562] INFO: 	 lr: 0.00030000000000000073 	 Training loss: 0.04599609833210707
[2025-01-07 03:21:56,921] INFO: Iter 5900 Summary: 
[2025-01-07 03:21:56,921] INFO: 	 lr: 0.00030000000000000073 	 Training loss: 0.045688997358083724
[2025-01-07 03:22:06,798] INFO: Iter 6000 Summary: 
[2025-01-07 03:22:06,798] INFO: 	 lr: 0.00030000000000000073 	 Training loss: 0.045914952382445334
[2025-01-07 03:22:19,929] INFO: Iter 6100 Summary: 
[2025-01-07 03:22:19,930] INFO: 	 lr: 0.00030000000000000073 	 Training loss: 0.045820656977593896
[2025-01-07 03:22:30,367] INFO: Iter 6200 Summary: 
[2025-01-07 03:22:30,367] INFO: 	 lr: 0.00030000000000000073 	 Training loss: 0.04559399738907814
[2025-01-07 03:22:40,113] INFO: Iter 6300 Summary: 
[2025-01-07 03:22:40,114] INFO: 	 lr: 0.00030000000000000073 	 Training loss: 0.045344617925584314
[2025-01-07 03:22:49,650] INFO: Iter 6400 Summary: 
[2025-01-07 03:22:49,651] INFO: 	 lr: 0.00030000000000000073 	 Training loss: 0.045622969046235085
[2025-01-07 03:22:59,634] INFO: Iter 6500 Summary: 
[2025-01-07 03:22:59,634] INFO: 	 lr: 0.00030000000000000073 	 Training loss: 0.04532965876162052
[2025-01-07 03:23:10,202] INFO: Iter 6600 Summary: 
[2025-01-07 03:23:10,202] INFO: 	 lr: 0.00030000000000000073 	 Training loss: 0.04552582710981369
[2025-01-07 03:23:19,478] INFO: Iter 6700 Summary: 
[2025-01-07 03:23:19,478] INFO: 	 lr: 0.00030000000000000073 	 Training loss: 0.04518366727977991
[2025-01-07 03:23:29,208] INFO: Iter 6800 Summary: 
[2025-01-07 03:23:29,208] INFO: 	 lr: 0.00030000000000000073 	 Training loss: 0.04505729805678129
[2025-01-07 03:23:40,703] INFO: Iter 6900 Summary: 
[2025-01-07 03:23:40,704] INFO: 	 lr: 0.00030000000000000073 	 Training loss: 0.045182363539934156
[2025-01-07 03:23:51,407] INFO: Iter 7000 Summary: 
[2025-01-07 03:23:51,408] INFO: 	 lr: 0.00030000000000000073 	 Training loss: 0.045472863540053365
[2025-01-07 03:24:03,085] INFO: Iter 7100 Summary: 
[2025-01-07 03:24:03,085] INFO: 	 lr: 0.00030000000000000073 	 Training loss: 0.04483335178345442
[2025-01-07 03:24:15,130] INFO: Iter 7200 Summary: 
[2025-01-07 03:24:15,131] INFO: 	 lr: 0.00030000000000000073 	 Training loss: 0.04489391896873712
[2025-01-07 03:24:25,741] INFO: Iter 7300 Summary: 
[2025-01-07 03:24:25,741] INFO: 	 lr: 0.00030000000000000073 	 Training loss: 0.04467362064868212
[2025-01-07 03:24:36,246] INFO: Iter 7400 Summary: 
[2025-01-07 03:24:36,259] INFO: 	 lr: 0.00030000000000000073 	 Training loss: 0.044889641255140306
[2025-01-07 03:24:46,815] INFO: Iter 7500 Summary: 
[2025-01-07 03:24:46,816] INFO: 	 lr: 0.00030000000000000073 	 Training loss: 0.04475347016006708
[2025-01-07 03:24:58,801] INFO: Iter 7600 Summary: 
[2025-01-07 03:24:58,802] INFO: 	 lr: 0.00030000000000000073 	 Training loss: 0.04486538801342249
[2025-01-07 03:25:11,293] INFO: Iter 7700 Summary: 
[2025-01-07 03:25:11,294] INFO: 	 lr: 0.00030000000000000073 	 Training loss: 0.04469959694892168
[2025-01-07 03:25:22,345] INFO: Iter 7800 Summary: 
[2025-01-07 03:25:22,345] INFO: 	 lr: 0.00030000000000000073 	 Training loss: 0.044129685312509534
[2025-01-07 03:25:33,387] INFO: Iter 7900 Summary: 
[2025-01-07 03:25:33,387] INFO: 	 lr: 0.00030000000000000073 	 Training loss: 0.04439596150070429
[2025-01-07 03:25:45,002] INFO: Iter 8000 Summary: 
[2025-01-07 03:25:45,002] INFO: 	 lr: 0.00030000000000000073 	 Training loss: 0.04460093267261982
[2025-01-07 03:26:01,329] INFO: Iter 8100 Summary: 
[2025-01-07 03:26:01,329] INFO: 	 lr: 0.00030000000000000073 	 Training loss: 0.04460892166942358
[2025-01-07 03:26:12,926] INFO: Iter 8200 Summary: 
[2025-01-07 03:26:12,926] INFO: 	 lr: 0.00030000000000000073 	 Training loss: 0.044444212056696415
[2025-01-07 03:26:24,775] INFO: Iter 8300 Summary: 
[2025-01-07 03:26:24,776] INFO: 	 lr: 0.00030000000000000073 	 Training loss: 0.0446696887537837
[2025-01-07 03:26:34,853] INFO: Iter 8400 Summary: 
[2025-01-07 03:26:34,854] INFO: 	 lr: 0.00030000000000000073 	 Training loss: 0.04416789811104536
[2025-01-07 03:26:45,746] INFO: Iter 8500 Summary: 
[2025-01-07 03:26:45,746] INFO: 	 lr: 0.00030000000000000073 	 Training loss: 0.044498518146574496
[2025-01-07 03:26:56,986] INFO: Iter 8600 Summary: 
[2025-01-07 03:26:56,986] INFO: 	 lr: 0.00030000000000000073 	 Training loss: 0.04403392307460308
[2025-01-07 03:27:09,392] INFO: Iter 8700 Summary: 
[2025-01-07 03:27:09,392] INFO: 	 lr: 0.00030000000000000073 	 Training loss: 0.044212820045650005
[2025-01-07 03:27:21,818] INFO: Iter 8800 Summary: 
[2025-01-07 03:27:21,818] INFO: 	 lr: 0.00030000000000000073 	 Training loss: 0.044365122579038144
[2025-01-07 03:27:33,398] INFO: Iter 8900 Summary: 
[2025-01-07 03:27:33,398] INFO: 	 lr: 0.00030000000000000073 	 Training loss: 0.04369779374450445
[2025-01-07 03:27:46,193] INFO: Iter 9000 Summary: 
[2025-01-07 03:27:46,194] INFO: 	 lr: 0.00030000000000000073 	 Training loss: 0.043937455043196676
[2025-01-07 03:27:58,629] INFO: Iter 9100 Summary: 
[2025-01-07 03:27:58,629] INFO: 	 lr: 0.00030000000000000073 	 Training loss: 0.04418737877160311
[2025-01-07 03:28:10,514] INFO: Iter 9200 Summary: 
[2025-01-07 03:28:10,514] INFO: 	 lr: 0.00030000000000000073 	 Training loss: 0.043918659538030626
[2025-01-07 03:28:21,493] INFO: Iter 9300 Summary: 
[2025-01-07 03:28:21,493] INFO: 	 lr: 0.00030000000000000073 	 Training loss: 0.044058391451835634
[2025-01-07 03:28:33,378] INFO: Iter 9400 Summary: 
[2025-01-07 03:28:33,378] INFO: 	 lr: 0.00030000000000000073 	 Training loss: 0.04368789721280336
[2025-01-07 03:28:42,964] INFO: Iter 9500 Summary: 
[2025-01-07 03:28:42,964] INFO: 	 lr: 0.00030000000000000073 	 Training loss: 0.04386861801147461
[2025-01-07 03:28:54,716] INFO: Iter 9600 Summary: 
[2025-01-07 03:28:54,717] INFO: 	 lr: 0.00030000000000000073 	 Training loss: 0.04382144745439291
[2025-01-07 03:29:07,319] INFO: Iter 9700 Summary: 
[2025-01-07 03:29:07,320] INFO: 	 lr: 0.00030000000000000073 	 Training loss: 0.04373699072748423
[2025-01-07 03:29:19,592] INFO: Iter 9800 Summary: 
[2025-01-07 03:29:19,592] INFO: 	 lr: 0.00030000000000000073 	 Training loss: 0.043697567619383336
[2025-01-07 03:29:31,451] INFO: Iter 9900 Summary: 
[2025-01-07 03:29:31,452] INFO: 	 lr: 0.00030000000000000073 	 Training loss: 0.04355661544948816
[2025-01-07 03:29:43,364] INFO: Iter 10000 Summary: 
[2025-01-07 03:29:43,365] INFO: 	 lr: 0.00030000000000000073 	 Training loss: 0.043625034801661966
[2025-01-07 03:29:59,530] INFO: Iter 10100 Summary: 
[2025-01-07 03:29:59,531] INFO: 	 lr: 0.00030000000000000073 	 Training loss: 0.04384807076305151
[2025-01-07 03:30:10,581] INFO: Iter 10200 Summary: 
[2025-01-07 03:30:10,581] INFO: 	 lr: 0.00030000000000000073 	 Training loss: 0.043039192333817484
[2025-01-07 03:30:21,587] INFO: Iter 10300 Summary: 
[2025-01-07 03:30:21,587] INFO: 	 lr: 0.00030000000000000073 	 Training loss: 0.04371736466884613
[2025-01-07 03:30:33,669] INFO: Iter 10400 Summary: 
[2025-01-07 03:30:33,669] INFO: 	 lr: 0.00030000000000000073 	 Training loss: 0.04320565491914749
[2025-01-07 03:30:45,412] INFO: Iter 10500 Summary: 
[2025-01-07 03:30:45,413] INFO: 	 lr: 0.00030000000000000073 	 Training loss: 0.043653019927442076
[2025-01-07 03:30:57,186] INFO: Iter 10600 Summary: 
[2025-01-07 03:30:57,187] INFO: 	 lr: 0.00030000000000000073 	 Training loss: 0.043229336626827715
[2025-01-07 03:31:08,798] INFO: Iter 10700 Summary: 
[2025-01-07 03:31:08,798] INFO: 	 lr: 0.00030000000000000073 	 Training loss: 0.04333148248493671
[2025-01-07 03:31:21,167] INFO: Iter 10800 Summary: 
[2025-01-07 03:31:21,167] INFO: 	 lr: 0.00030000000000000073 	 Training loss: 0.04341489691287279
[2025-01-07 03:31:32,752] INFO: Iter 10900 Summary: 
[2025-01-07 03:31:32,753] INFO: 	 lr: 0.00030000000000000073 	 Training loss: 0.043230345733463765
[2025-01-07 03:31:43,413] INFO: Iter 11000 Summary: 
[2025-01-07 03:31:43,413] INFO: 	 lr: 0.00030000000000000073 	 Training loss: 0.04302234586328268
[2025-01-07 03:31:54,174] INFO: Iter 11100 Summary: 
[2025-01-07 03:31:54,175] INFO: 	 lr: 0.00030000000000000073 	 Training loss: 0.04311431631445885
[2025-01-07 03:32:04,662] INFO: Iter 11200 Summary: 
[2025-01-07 03:32:04,662] INFO: 	 lr: 0.00030000000000000073 	 Training loss: 0.04311508789658546
[2025-01-07 03:32:16,090] INFO: Iter 11300 Summary: 
[2025-01-07 03:32:16,091] INFO: 	 lr: 0.00030000000000000073 	 Training loss: 0.04323936901986599
[2025-01-07 03:32:27,678] INFO: Iter 11400 Summary: 
[2025-01-07 03:32:27,679] INFO: 	 lr: 0.00030000000000000073 	 Training loss: 0.04288059208542108
[2025-01-07 03:32:40,273] INFO: Iter 11500 Summary: 
[2025-01-07 03:32:40,274] INFO: 	 lr: 0.00030000000000000073 	 Training loss: 0.0433984861522913
[2025-01-07 03:32:51,043] INFO: Iter 11600 Summary: 
[2025-01-07 03:32:51,043] INFO: 	 lr: 0.00030000000000000073 	 Training loss: 0.04281715638935566
[2025-01-07 03:33:04,248] INFO: Iter 11700 Summary: 
[2025-01-07 03:33:04,248] INFO: 	 lr: 0.00030000000000000073 	 Training loss: 0.042741638608276844
[2025-01-07 03:33:16,065] INFO: Iter 11800 Summary: 
[2025-01-07 03:33:16,065] INFO: 	 lr: 0.00030000000000000073 	 Training loss: 0.04270998265594244
[2025-01-07 03:33:25,462] INFO: Iter 11900 Summary: 
[2025-01-07 03:33:25,463] INFO: 	 lr: 0.00030000000000000073 	 Training loss: 0.042794947549700736
[2025-01-07 03:33:36,666] INFO: Iter 12000 Summary: 
[2025-01-07 03:33:36,666] INFO: 	 lr: 0.00030000000000000073 	 Training loss: 0.042878204584121705
[2025-01-07 03:33:52,872] INFO: Iter 12100 Summary: 
[2025-01-07 03:33:52,872] INFO: 	 lr: 0.00030000000000000073 	 Training loss: 0.04325260803103447
[2025-01-07 03:34:03,965] INFO: Iter 12200 Summary: 
[2025-01-07 03:34:03,965] INFO: 	 lr: 0.00030000000000000073 	 Training loss: 0.04284890405833721
[2025-01-07 03:34:15,892] INFO: Iter 12300 Summary: 
[2025-01-07 03:34:15,892] INFO: 	 lr: 0.00030000000000000073 	 Training loss: 0.042753010392189025
[2025-01-07 03:34:27,169] INFO: Iter 12400 Summary: 
[2025-01-07 03:34:27,170] INFO: 	 lr: 0.00030000000000000073 	 Training loss: 0.043102582097053525
[2025-01-07 03:34:39,574] INFO: Iter 12500 Summary: 
[2025-01-07 03:34:39,574] INFO: 	 lr: 0.00030000000000000073 	 Training loss: 0.04254393193870783
[2025-01-07 03:34:50,350] INFO: Iter 12600 Summary: 
[2025-01-07 03:34:50,350] INFO: 	 lr: 0.00030000000000000073 	 Training loss: 0.042666727788746354
[2025-01-07 03:35:01,448] INFO: Iter 12700 Summary: 
[2025-01-07 03:35:01,449] INFO: 	 lr: 0.00030000000000000073 	 Training loss: 0.04294130865484476
[2025-01-07 03:35:12,048] INFO: Iter 12800 Summary: 
[2025-01-07 03:35:12,048] INFO: 	 lr: 0.00030000000000000073 	 Training loss: 0.04292218390852213
[2025-01-07 03:35:23,681] INFO: Iter 12900 Summary: 
[2025-01-07 03:35:23,681] INFO: 	 lr: 0.00030000000000000073 	 Training loss: 0.042620503529906276
[2025-01-07 03:35:33,780] INFO: Iter 13000 Summary: 
[2025-01-07 03:35:33,781] INFO: 	 lr: 0.00030000000000000073 	 Training loss: 0.04281754292547703
[2025-01-07 03:35:45,769] INFO: Iter 13100 Summary: 
[2025-01-07 03:35:45,770] INFO: 	 lr: 0.00030000000000000073 	 Training loss: 0.042985966950654986
[2025-01-07 03:35:56,934] INFO: Iter 13200 Summary: 
[2025-01-07 03:35:56,935] INFO: 	 lr: 0.00030000000000000073 	 Training loss: 0.04229109965264797
[2025-01-07 03:36:08,339] INFO: Iter 13300 Summary: 
[2025-01-07 03:36:08,339] INFO: 	 lr: 0.00030000000000000073 	 Training loss: 0.04258557215332985
[2025-01-07 03:36:18,877] INFO: Iter 13400 Summary: 
[2025-01-07 03:36:18,878] INFO: 	 lr: 0.00030000000000000073 	 Training loss: 0.042637234777212145
[2025-01-07 03:36:30,633] INFO: Iter 13500 Summary: 
[2025-01-07 03:36:30,634] INFO: 	 lr: 0.00030000000000000073 	 Training loss: 0.042633586339652536
[2025-01-07 03:36:42,630] INFO: Iter 13600 Summary: 
[2025-01-07 03:36:42,631] INFO: 	 lr: 0.00030000000000000073 	 Training loss: 0.04268101703375578
[2025-01-07 03:36:53,609] INFO: Iter 13700 Summary: 
[2025-01-07 03:36:53,609] INFO: 	 lr: 0.00030000000000000073 	 Training loss: 0.04243865691125393
[2025-01-07 03:37:05,643] INFO: Iter 13800 Summary: 
[2025-01-07 03:37:05,644] INFO: 	 lr: 0.00030000000000000073 	 Training loss: 0.0424159274995327
[2025-01-07 03:37:17,199] INFO: Iter 13900 Summary: 
[2025-01-07 03:37:17,199] INFO: 	 lr: 0.00030000000000000073 	 Training loss: 0.042521663047373294
[2025-01-07 03:37:29,181] INFO: Iter 14000 Summary: 
[2025-01-07 03:37:29,181] INFO: 	 lr: 0.00030000000000000073 	 Training loss: 0.042378155551850795
[2025-01-07 03:37:45,637] INFO: Iter 14100 Summary: 
[2025-01-07 03:37:45,637] INFO: 	 lr: 0.00030000000000000073 	 Training loss: 0.0421259281411767
[2025-01-07 03:37:58,200] INFO: Iter 14200 Summary: 
[2025-01-07 03:37:58,201] INFO: 	 lr: 0.00030000000000000073 	 Training loss: 0.04230526860803366
[2025-01-07 03:38:09,393] INFO: Iter 14300 Summary: 
[2025-01-07 03:38:09,393] INFO: 	 lr: 0.00030000000000000073 	 Training loss: 0.042477121241390706
[2025-01-07 03:38:20,163] INFO: Iter 14400 Summary: 
[2025-01-07 03:38:20,163] INFO: 	 lr: 0.00030000000000000073 	 Training loss: 0.04259720917791128
[2025-01-07 03:38:33,153] INFO: Iter 14500 Summary: 
[2025-01-07 03:38:33,153] INFO: 	 lr: 0.00030000000000000073 	 Training loss: 0.04205176621675491
[2025-01-07 03:38:45,303] INFO: Iter 14600 Summary: 
[2025-01-07 03:38:45,304] INFO: 	 lr: 0.00030000000000000073 	 Training loss: 0.04214768271893263
[2025-01-07 03:38:56,908] INFO: Iter 14700 Summary: 
[2025-01-07 03:38:56,908] INFO: 	 lr: 0.00030000000000000073 	 Training loss: 0.042008002661168574
[2025-01-07 03:39:08,619] INFO: Iter 14800 Summary: 
[2025-01-07 03:39:08,619] INFO: 	 lr: 0.00030000000000000073 	 Training loss: 0.04210530392825604
[2025-01-07 03:39:19,762] INFO: Iter 14900 Summary: 
[2025-01-07 03:39:19,762] INFO: 	 lr: 0.00030000000000000073 	 Training loss: 0.042107677832245824
[2025-01-07 03:39:32,103] INFO: Iter 15000 Summary: 
[2025-01-07 03:39:32,103] INFO: 	 lr: 0.00030000000000000073 	 Training loss: 0.042188339382410046
[2025-01-07 03:39:43,608] INFO: Iter 15100 Summary: 
[2025-01-07 03:39:43,608] INFO: 	 lr: 0.00030000000000000073 	 Training loss: 0.04236270278692245
[2025-01-07 03:39:55,588] INFO: Iter 15200 Summary: 
[2025-01-07 03:39:55,589] INFO: 	 lr: 0.00030000000000000073 	 Training loss: 0.04202987153083086
[2025-01-07 03:40:06,325] INFO: Iter 15300 Summary: 
[2025-01-07 03:40:06,326] INFO: 	 lr: 0.00030000000000000073 	 Training loss: 0.04233028206974268
[2025-01-07 03:40:18,198] INFO: Iter 15400 Summary: 
[2025-01-07 03:40:18,198] INFO: 	 lr: 0.00030000000000000073 	 Training loss: 0.042156865783035756
[2025-01-07 03:40:29,038] INFO: Iter 15500 Summary: 
[2025-01-07 03:40:29,039] INFO: 	 lr: 0.00030000000000000073 	 Training loss: 0.04219304900616407
[2025-01-07 03:40:40,213] INFO: Iter 15600 Summary: 
[2025-01-07 03:40:40,213] INFO: 	 lr: 0.00030000000000000073 	 Training loss: 0.042006651498377325
[2025-01-07 03:40:52,352] INFO: Iter 15700 Summary: 
[2025-01-07 03:40:52,352] INFO: 	 lr: 0.00030000000000000073 	 Training loss: 0.04216629821807146
[2025-01-07 03:41:03,604] INFO: Iter 15800 Summary: 
[2025-01-07 03:41:03,604] INFO: 	 lr: 0.00030000000000000073 	 Training loss: 0.042060528993606565
[2025-01-07 03:41:15,368] INFO: Iter 15900 Summary: 
[2025-01-07 03:41:15,368] INFO: 	 lr: 0.00030000000000000073 	 Training loss: 0.04179560441523791
[2025-01-07 03:41:27,099] INFO: Iter 16000 Summary: 
[2025-01-07 03:41:27,100] INFO: 	 lr: 0.00030000000000000073 	 Training loss: 0.042007818594574926
[2025-01-07 03:41:42,564] INFO: Iter 16100 Summary: 
[2025-01-07 03:41:42,564] INFO: 	 lr: 0.00030000000000000073 	 Training loss: 0.04209250561892986
[2025-01-07 03:41:54,585] INFO: Iter 16200 Summary: 
[2025-01-07 03:41:54,585] INFO: 	 lr: 0.00030000000000000073 	 Training loss: 0.04180447988212108
[2025-01-07 03:42:05,899] INFO: Iter 16300 Summary: 
[2025-01-07 03:42:05,899] INFO: 	 lr: 0.00030000000000000073 	 Training loss: 0.041986621879041196
[2025-01-07 03:42:18,274] INFO: Iter 16400 Summary: 
[2025-01-07 03:42:18,274] INFO: 	 lr: 0.00030000000000000073 	 Training loss: 0.04163785476237535
[2025-01-07 03:42:29,524] INFO: Iter 16500 Summary: 
[2025-01-07 03:42:29,524] INFO: 	 lr: 0.00030000000000000073 	 Training loss: 0.04196239590644837
[2025-01-07 03:42:43,002] INFO: Iter 16600 Summary: 
[2025-01-07 03:42:43,003] INFO: 	 lr: 0.00030000000000000073 	 Training loss: 0.04145767126232386
[2025-01-07 03:42:54,313] INFO: Iter 16700 Summary: 
[2025-01-07 03:42:54,314] INFO: 	 lr: 0.00030000000000000073 	 Training loss: 0.04183883748948574
[2025-01-07 03:43:04,887] INFO: Iter 16800 Summary: 
[2025-01-07 03:43:04,887] INFO: 	 lr: 0.00030000000000000073 	 Training loss: 0.041955596171319484
[2025-01-07 03:43:16,392] INFO: Iter 16900 Summary: 
[2025-01-07 03:43:16,392] INFO: 	 lr: 0.00030000000000000073 	 Training loss: 0.04195036917924881
[2025-01-07 03:43:27,200] INFO: Iter 17000 Summary: 
[2025-01-07 03:43:27,201] INFO: 	 lr: 0.00030000000000000073 	 Training loss: 0.042267735041677953
[2025-01-07 03:43:39,122] INFO: Iter 17100 Summary: 
[2025-01-07 03:43:39,122] INFO: 	 lr: 0.00030000000000000073 	 Training loss: 0.04195652790367603
[2025-01-07 03:43:50,332] INFO: Iter 17200 Summary: 
[2025-01-07 03:43:50,332] INFO: 	 lr: 0.00030000000000000073 	 Training loss: 0.041945576034486294
[2025-01-07 03:44:03,273] INFO: Iter 17300 Summary: 
[2025-01-07 03:44:03,274] INFO: 	 lr: 0.00030000000000000073 	 Training loss: 0.04183063637465238
[2025-01-07 03:44:14,490] INFO: Iter 17400 Summary: 
[2025-01-07 03:44:14,491] INFO: 	 lr: 0.00030000000000000073 	 Training loss: 0.041845116429030896
[2025-01-07 03:44:26,897] INFO: Iter 17500 Summary: 
[2025-01-07 03:44:26,897] INFO: 	 lr: 0.00030000000000000073 	 Training loss: 0.04165218248963356
[2025-01-07 03:44:37,829] INFO: Iter 17600 Summary: 
[2025-01-07 03:44:37,830] INFO: 	 lr: 0.00030000000000000073 	 Training loss: 0.04143683154135942
[2025-01-07 03:44:49,927] INFO: Iter 17700 Summary: 
[2025-01-07 03:44:49,928] INFO: 	 lr: 0.00030000000000000073 	 Training loss: 0.04202244531363249
[2025-01-07 03:45:02,447] INFO: Iter 17800 Summary: 
[2025-01-07 03:45:02,447] INFO: 	 lr: 0.00030000000000000073 	 Training loss: 0.0417640982195735
[2025-01-07 03:45:14,918] INFO: Iter 17900 Summary: 
[2025-01-07 03:45:14,919] INFO: 	 lr: 0.00030000000000000073 	 Training loss: 0.041945628635585305
[2025-01-07 03:45:26,511] INFO: Iter 18000 Summary: 
[2025-01-07 03:45:26,512] INFO: 	 lr: 0.00030000000000000073 	 Training loss: 0.041716709285974506
[2025-01-07 03:45:41,978] INFO: Iter 18100 Summary: 
[2025-01-07 03:45:41,978] INFO: 	 lr: 0.00030000000000000073 	 Training loss: 0.04143043503165245
[2025-01-07 03:45:53,433] INFO: Iter 18200 Summary: 
[2025-01-07 03:45:53,433] INFO: 	 lr: 0.00030000000000000073 	 Training loss: 0.04152026478201151
[2025-01-07 03:46:03,822] INFO: Iter 18300 Summary: 
[2025-01-07 03:46:03,823] INFO: 	 lr: 0.00030000000000000073 	 Training loss: 0.04139190539717674
[2025-01-07 03:46:16,224] INFO: Iter 18400 Summary: 
[2025-01-07 03:46:16,224] INFO: 	 lr: 0.00030000000000000073 	 Training loss: 0.04158480077981949
[2025-01-07 03:46:28,063] INFO: Iter 18500 Summary: 
[2025-01-07 03:46:28,063] INFO: 	 lr: 0.00030000000000000073 	 Training loss: 0.04159451387822628
[2025-01-07 03:46:39,356] INFO: Iter 18600 Summary: 
[2025-01-07 03:46:39,357] INFO: 	 lr: 0.00030000000000000073 	 Training loss: 0.04177216410636902
[2025-01-07 03:46:50,372] INFO: Iter 18700 Summary: 
[2025-01-07 03:46:50,372] INFO: 	 lr: 0.00030000000000000073 	 Training loss: 0.041501837484538555
[2025-01-07 03:47:02,386] INFO: Iter 18800 Summary: 
[2025-01-07 03:47:02,387] INFO: 	 lr: 0.00030000000000000073 	 Training loss: 0.04169871747493744
[2025-01-07 03:47:13,993] INFO: Iter 18900 Summary: 
[2025-01-07 03:47:13,994] INFO: 	 lr: 0.00030000000000000073 	 Training loss: 0.04153618540614843
[2025-01-07 03:47:24,798] INFO: Iter 19000 Summary: 
[2025-01-07 03:47:24,798] INFO: 	 lr: 0.00030000000000000073 	 Training loss: 0.04158700831234455
[2025-01-07 03:47:37,345] INFO: Iter 19100 Summary: 
[2025-01-07 03:47:37,345] INFO: 	 lr: 0.00030000000000000073 	 Training loss: 0.04188517533242703
[2025-01-07 03:47:49,267] INFO: Iter 19200 Summary: 
[2025-01-07 03:47:49,268] INFO: 	 lr: 0.00030000000000000073 	 Training loss: 0.04147561401128769
[2025-01-07 03:48:02,629] INFO: Iter 19300 Summary: 
[2025-01-07 03:48:02,629] INFO: 	 lr: 0.00030000000000000073 	 Training loss: 0.0413405492156744
[2025-01-07 03:48:14,357] INFO: Iter 19400 Summary: 
[2025-01-07 03:48:14,357] INFO: 	 lr: 0.00030000000000000073 	 Training loss: 0.04138273295015096
[2025-01-07 03:48:25,388] INFO: Iter 19500 Summary: 
[2025-01-07 03:48:25,388] INFO: 	 lr: 0.00030000000000000073 	 Training loss: 0.041563564836978914
[2025-01-07 03:48:36,419] INFO: Iter 19600 Summary: 
[2025-01-07 03:48:36,419] INFO: 	 lr: 0.00030000000000000073 	 Training loss: 0.04170196004211903
[2025-01-07 03:48:47,119] INFO: Iter 19700 Summary: 
[2025-01-07 03:48:47,119] INFO: 	 lr: 0.00030000000000000073 	 Training loss: 0.04135498259216547
[2025-01-07 03:48:59,451] INFO: Iter 19800 Summary: 
[2025-01-07 03:48:59,451] INFO: 	 lr: 0.00030000000000000073 	 Training loss: 0.04126453317701816
[2025-01-07 03:49:09,895] INFO: Iter 19900 Summary: 
[2025-01-07 03:49:09,895] INFO: 	 lr: 0.00030000000000000073 	 Training loss: 0.041335127875208856
[2025-01-07 03:49:22,605] INFO: Iter 20000 Summary: 
[2025-01-07 03:49:22,605] INFO: 	 lr: 0.00030000000000000073 	 Training loss: 0.04152158915996552
[2025-01-07 03:49:39,501] INFO: Iter 20100 Summary: 
[2025-01-07 03:49:39,501] INFO: 	 lr: 0.00030000000000000073 	 Training loss: 0.041356767751276495
[2025-01-07 03:49:50,921] INFO: Iter 20200 Summary: 
[2025-01-07 03:49:50,921] INFO: 	 lr: 0.00030000000000000073 	 Training loss: 0.041273954920470715
[2025-01-07 03:50:02,808] INFO: Iter 20300 Summary: 
[2025-01-07 03:50:02,809] INFO: 	 lr: 0.00030000000000000073 	 Training loss: 0.041151408217847345
[2025-01-07 03:50:14,777] INFO: Iter 20400 Summary: 
[2025-01-07 03:50:14,778] INFO: 	 lr: 0.00030000000000000073 	 Training loss: 0.04149177972227335
[2025-01-07 03:50:25,432] INFO: Iter 20500 Summary: 
[2025-01-07 03:50:25,433] INFO: 	 lr: 0.00030000000000000073 	 Training loss: 0.04161013599485159
[2025-01-07 03:50:36,830] INFO: Iter 20600 Summary: 
[2025-01-07 03:50:36,830] INFO: 	 lr: 0.00030000000000000073 	 Training loss: 0.041483145281672476
[2025-01-07 03:50:48,941] INFO: Iter 20700 Summary: 
[2025-01-07 03:50:48,941] INFO: 	 lr: 0.00030000000000000073 	 Training loss: 0.041365023590624335
[2025-01-07 03:51:00,867] INFO: Iter 20800 Summary: 
[2025-01-07 03:51:00,867] INFO: 	 lr: 0.00030000000000000073 	 Training loss: 0.041184079870581626
[2025-01-07 03:51:12,697] INFO: Iter 20900 Summary: 
[2025-01-07 03:51:12,698] INFO: 	 lr: 0.00030000000000000073 	 Training loss: 0.04139649163931608
[2025-01-07 03:51:23,542] INFO: Iter 21000 Summary: 
[2025-01-07 03:51:23,542] INFO: 	 lr: 0.00030000000000000073 	 Training loss: 0.041406713537871835
[2025-01-07 03:51:34,947] INFO: Iter 21100 Summary: 
[2025-01-07 03:51:34,947] INFO: 	 lr: 0.00030000000000000073 	 Training loss: 0.04150721311569214
[2025-01-07 03:51:44,885] INFO: Iter 21200 Summary: 
[2025-01-07 03:51:44,885] INFO: 	 lr: 0.00030000000000000073 	 Training loss: 0.04142911713570356
[2025-01-07 03:51:56,151] INFO: Iter 21300 Summary: 
[2025-01-07 03:51:56,151] INFO: 	 lr: 0.00030000000000000073 	 Training loss: 0.0411376129463315
[2025-01-07 03:52:07,148] INFO: Iter 21400 Summary: 
[2025-01-07 03:52:07,148] INFO: 	 lr: 0.00030000000000000073 	 Training loss: 0.04114192359149456
[2025-01-07 03:52:16,211] INFO: Iter 21500 Summary: 
[2025-01-07 03:52:16,211] INFO: 	 lr: 0.00030000000000000073 	 Training loss: 0.04136421732604503
[2025-01-07 03:52:25,492] INFO: Iter 21600 Summary: 
[2025-01-07 03:52:25,493] INFO: 	 lr: 0.00030000000000000073 	 Training loss: 0.04115762021392584
[2025-01-07 03:52:34,788] INFO: Iter 21700 Summary: 
[2025-01-07 03:52:34,788] INFO: 	 lr: 0.00030000000000000073 	 Training loss: 0.04143828220665455
[2025-01-07 03:52:43,832] INFO: Iter 21800 Summary: 
[2025-01-07 03:52:43,832] INFO: 	 lr: 0.00030000000000000073 	 Training loss: 0.04145400870591402
[2025-01-07 03:52:52,789] INFO: Iter 21900 Summary: 
[2025-01-07 03:52:52,790] INFO: 	 lr: 0.00030000000000000073 	 Training loss: 0.04111298516392708
[2025-01-07 03:53:01,806] INFO: Iter 22000 Summary: 
[2025-01-07 03:53:01,806] INFO: 	 lr: 0.00030000000000000073 	 Training loss: 0.041260152272880074
[2025-01-07 03:53:14,593] INFO: Iter 22100 Summary: 
[2025-01-07 03:53:14,593] INFO: 	 lr: 0.00030000000000000073 	 Training loss: 0.04084793735295534
[2025-01-07 03:53:24,888] INFO: Iter 22200 Summary: 
[2025-01-07 03:53:24,888] INFO: 	 lr: 0.00030000000000000073 	 Training loss: 0.041209183447062966
[2025-01-07 03:53:33,618] INFO: Iter 22300 Summary: 
[2025-01-07 03:53:33,618] INFO: 	 lr: 0.00030000000000000073 	 Training loss: 0.04113230600953102
[2025-01-07 03:53:43,025] INFO: Iter 22400 Summary: 
[2025-01-07 03:53:43,026] INFO: 	 lr: 0.00030000000000000073 	 Training loss: 0.04137465212494135
[2025-01-07 03:53:52,837] INFO: Iter 22500 Summary: 
[2025-01-07 03:53:52,837] INFO: 	 lr: 0.00030000000000000073 	 Training loss: 0.04122801013290882
[2025-01-07 03:54:01,726] INFO: Iter 22600 Summary: 
[2025-01-07 03:54:01,726] INFO: 	 lr: 0.00030000000000000073 	 Training loss: 0.04113866217434406
[2025-01-07 03:54:11,180] INFO: Iter 22700 Summary: 
[2025-01-07 03:54:11,180] INFO: 	 lr: 0.00030000000000000073 	 Training loss: 0.04121094312518835
[2025-01-07 03:54:21,817] INFO: Iter 22800 Summary: 
[2025-01-07 03:54:21,817] INFO: 	 lr: 0.00030000000000000073 	 Training loss: 0.0410510629042983
[2025-01-07 03:54:31,058] INFO: Iter 22900 Summary: 
[2025-01-07 03:54:31,058] INFO: 	 lr: 0.00030000000000000073 	 Training loss: 0.04096154440194368
[2025-01-07 03:54:40,139] INFO: Iter 23000 Summary: 
[2025-01-07 03:54:40,139] INFO: 	 lr: 0.00030000000000000073 	 Training loss: 0.04106076329946518
[2025-01-07 03:54:50,186] INFO: Iter 23100 Summary: 
[2025-01-07 03:54:50,186] INFO: 	 lr: 0.00030000000000000073 	 Training loss: 0.04104848630726338
[2025-01-07 03:54:59,658] INFO: Iter 23200 Summary: 
[2025-01-07 03:54:59,658] INFO: 	 lr: 0.00030000000000000073 	 Training loss: 0.04116811040788889
[2025-01-07 03:55:09,192] INFO: Iter 23300 Summary: 
[2025-01-07 03:55:09,192] INFO: 	 lr: 0.00030000000000000073 	 Training loss: 0.04141622010618448
[2025-01-07 03:55:19,219] INFO: Iter 23400 Summary: 
[2025-01-07 03:55:19,220] INFO: 	 lr: 0.00030000000000000073 	 Training loss: 0.04159954033792019
[2025-01-07 03:55:28,593] INFO: Iter 23500 Summary: 
[2025-01-07 03:55:28,593] INFO: 	 lr: 0.00030000000000000073 	 Training loss: 0.040909060910344124
[2025-01-07 03:55:37,840] INFO: Iter 23600 Summary: 
[2025-01-07 03:55:37,840] INFO: 	 lr: 0.00030000000000000073 	 Training loss: 0.04101537633687258
[2025-01-07 03:55:47,257] INFO: Iter 23700 Summary: 
[2025-01-07 03:55:47,257] INFO: 	 lr: 0.00030000000000000073 	 Training loss: 0.041100281178951266
[2025-01-07 03:55:56,763] INFO: Iter 23800 Summary: 
[2025-01-07 03:55:56,763] INFO: 	 lr: 0.00030000000000000073 	 Training loss: 0.04112918559461832
[2025-01-07 03:56:05,882] INFO: Iter 23900 Summary: 
[2025-01-07 03:56:05,883] INFO: 	 lr: 0.00030000000000000073 	 Training loss: 0.040823635905981065
[2025-01-07 03:56:16,342] INFO: Iter 24000 Summary: 
[2025-01-07 03:56:16,343] INFO: 	 lr: 0.00030000000000000073 	 Training loss: 0.04119515482336283
[2025-01-07 03:56:30,061] INFO: Iter 24100 Summary: 
[2025-01-07 03:56:30,062] INFO: 	 lr: 0.00030000000000000073 	 Training loss: 0.04145232912153005
[2025-01-07 03:56:40,761] INFO: Iter 24200 Summary: 
[2025-01-07 03:56:40,762] INFO: 	 lr: 0.00030000000000000073 	 Training loss: 0.04106126699596643
[2025-01-07 03:56:51,034] INFO: Iter 24300 Summary: 
[2025-01-07 03:56:51,034] INFO: 	 lr: 0.00030000000000000073 	 Training loss: 0.041173364147543905
[2025-01-07 03:57:00,472] INFO: Iter 24400 Summary: 
[2025-01-07 03:57:00,472] INFO: 	 lr: 0.00030000000000000073 	 Training loss: 0.04111201874911785
[2025-01-07 03:57:10,544] INFO: Iter 24500 Summary: 
[2025-01-07 03:57:10,544] INFO: 	 lr: 0.00030000000000000073 	 Training loss: 0.04082758709788323
[2025-01-07 03:57:21,122] INFO: Iter 24600 Summary: 
[2025-01-07 03:57:21,122] INFO: 	 lr: 0.00030000000000000073 	 Training loss: 0.040972443409264085
[2025-01-07 03:57:30,515] INFO: Iter 24700 Summary: 
[2025-01-07 03:57:30,516] INFO: 	 lr: 0.00030000000000000073 	 Training loss: 0.041037729457020757
[2025-01-07 03:57:40,282] INFO: Iter 24800 Summary: 
[2025-01-07 03:57:40,283] INFO: 	 lr: 0.00030000000000000073 	 Training loss: 0.04101663738489151
[2025-01-07 03:57:50,271] INFO: Iter 24900 Summary: 
[2025-01-07 03:57:50,272] INFO: 	 lr: 0.00030000000000000073 	 Training loss: 0.04109887130558491
[2025-01-07 03:57:59,604] INFO: Iter 25000 Summary: 
[2025-01-07 03:57:59,604] INFO: 	 lr: 0.00030000000000000073 	 Training loss: 0.04099336735904217
[2025-01-07 03:58:08,964] INFO: Iter 25100 Summary: 
[2025-01-07 03:58:08,965] INFO: 	 lr: 0.00030000000000000073 	 Training loss: 0.04100204821676016
[2025-01-07 03:58:17,752] INFO: Iter 25200 Summary: 
[2025-01-07 03:58:17,752] INFO: 	 lr: 0.00030000000000000073 	 Training loss: 0.040723139718174935
[2025-01-07 03:58:27,526] INFO: Iter 25300 Summary: 
[2025-01-07 03:58:27,527] INFO: 	 lr: 0.00030000000000000073 	 Training loss: 0.04110963713377714
[2025-01-07 03:58:36,928] INFO: Iter 25400 Summary: 
[2025-01-07 03:58:36,929] INFO: 	 lr: 0.00030000000000000073 	 Training loss: 0.04112284429371357
[2025-01-07 03:58:47,293] INFO: Iter 25500 Summary: 
[2025-01-07 03:58:47,293] INFO: 	 lr: 0.00030000000000000073 	 Training loss: 0.04068084318190813
[2025-01-07 03:58:57,373] INFO: Iter 25600 Summary: 
[2025-01-07 03:58:57,373] INFO: 	 lr: 0.00030000000000000073 	 Training loss: 0.040762038342654704
[2025-01-07 03:59:07,352] INFO: Iter 25700 Summary: 
[2025-01-07 03:59:07,352] INFO: 	 lr: 0.00030000000000000073 	 Training loss: 0.04106717418879271
[2025-01-07 03:59:17,288] INFO: Iter 25800 Summary: 
[2025-01-07 03:59:17,288] INFO: 	 lr: 0.00030000000000000073 	 Training loss: 0.040885301865637304
[2025-01-07 03:59:27,350] INFO: Iter 25900 Summary: 
[2025-01-07 03:59:27,351] INFO: 	 lr: 0.00030000000000000073 	 Training loss: 0.0408571308106184
[2025-01-07 03:59:37,175] INFO: Iter 26000 Summary: 
[2025-01-07 03:59:37,176] INFO: 	 lr: 0.00030000000000000073 	 Training loss: 0.04089394066482782
[2025-01-07 03:59:50,806] INFO: Iter 26100 Summary: 
[2025-01-07 03:59:50,806] INFO: 	 lr: 0.00030000000000000073 	 Training loss: 0.041359470337629316
[2025-01-07 04:00:01,686] INFO: Iter 26200 Summary: 
[2025-01-07 04:00:01,687] INFO: 	 lr: 0.00030000000000000073 	 Training loss: 0.04077826838940382
[2025-01-07 04:00:11,801] INFO: Iter 26300 Summary: 
[2025-01-07 04:00:11,801] INFO: 	 lr: 0.00030000000000000073 	 Training loss: 0.040906298458576205
[2025-01-07 04:00:22,159] INFO: Iter 26400 Summary: 
[2025-01-07 04:00:22,160] INFO: 	 lr: 0.00030000000000000073 	 Training loss: 0.04091258734464645
[2025-01-07 04:00:32,524] INFO: Iter 26500 Summary: 
[2025-01-07 04:00:32,524] INFO: 	 lr: 0.00030000000000000073 	 Training loss: 0.04086674764752388
[2025-01-07 04:00:42,146] INFO: Iter 26600 Summary: 
[2025-01-07 04:00:42,147] INFO: 	 lr: 0.00030000000000000073 	 Training loss: 0.04107669297605753
[2025-01-07 04:00:52,576] INFO: Iter 26700 Summary: 
[2025-01-07 04:00:52,576] INFO: 	 lr: 0.00030000000000000073 	 Training loss: 0.041088424660265445
[2025-01-07 04:01:02,637] INFO: Iter 26800 Summary: 
[2025-01-07 04:01:02,637] INFO: 	 lr: 0.00030000000000000073 	 Training loss: 0.04091040950268507
[2025-01-07 04:01:13,146] INFO: Iter 26900 Summary: 
[2025-01-07 04:01:13,146] INFO: 	 lr: 0.00030000000000000073 	 Training loss: 0.04052112177014351
[2025-01-07 04:01:23,158] INFO: Iter 27000 Summary: 
[2025-01-07 04:01:23,159] INFO: 	 lr: 0.00030000000000000073 	 Training loss: 0.04070667538791895
[2025-01-07 04:01:33,677] INFO: Iter 27100 Summary: 
[2025-01-07 04:01:33,677] INFO: 	 lr: 0.00030000000000000073 	 Training loss: 0.04077897243201733
[2025-01-07 04:01:43,365] INFO: Iter 27200 Summary: 
[2025-01-07 04:01:43,365] INFO: 	 lr: 0.00030000000000000073 	 Training loss: 0.040833855830132965
[2025-01-07 04:01:53,077] INFO: Iter 27300 Summary: 
[2025-01-07 04:01:53,077] INFO: 	 lr: 0.00030000000000000073 	 Training loss: 0.0410109468922019
[2025-01-07 04:02:02,950] INFO: Iter 27400 Summary: 
[2025-01-07 04:02:02,951] INFO: 	 lr: 0.00030000000000000073 	 Training loss: 0.04067614421248436
[2025-01-07 04:02:13,172] INFO: Iter 27500 Summary: 
[2025-01-07 04:02:13,173] INFO: 	 lr: 0.00030000000000000073 	 Training loss: 0.04108117278665304
[2025-01-07 04:02:24,223] INFO: Iter 27600 Summary: 
[2025-01-07 04:02:24,223] INFO: 	 lr: 0.00030000000000000073 	 Training loss: 0.040675334148108956
[2025-01-07 04:02:33,853] INFO: Iter 27700 Summary: 
[2025-01-07 04:02:33,854] INFO: 	 lr: 0.00030000000000000073 	 Training loss: 0.040625139288604256
[2025-01-07 04:02:44,910] INFO: Iter 27800 Summary: 
[2025-01-07 04:02:44,910] INFO: 	 lr: 0.00030000000000000073 	 Training loss: 0.04126613724976778
[2025-01-07 04:02:55,299] INFO: Iter 27900 Summary: 
[2025-01-07 04:02:55,300] INFO: 	 lr: 0.00030000000000000073 	 Training loss: 0.04070980094373226
[2025-01-07 04:03:05,215] INFO: Iter 28000 Summary: 
[2025-01-07 04:03:05,216] INFO: 	 lr: 0.00030000000000000073 	 Training loss: 0.04065759848803282
[2025-01-07 04:03:17,698] INFO: Iter 28100 Summary: 
[2025-01-07 04:03:17,699] INFO: 	 lr: 0.00030000000000000073 	 Training loss: 0.04102412026375532
[2025-01-07 04:03:26,695] INFO: Iter 28200 Summary: 
[2025-01-07 04:03:26,695] INFO: 	 lr: 0.00030000000000000073 	 Training loss: 0.0408662461861968
[2025-01-07 04:03:37,062] INFO: Iter 28300 Summary: 
[2025-01-07 04:03:37,062] INFO: 	 lr: 0.00030000000000000073 	 Training loss: 0.040744131281971935
[2025-01-07 04:03:46,953] INFO: Iter 28400 Summary: 
[2025-01-07 04:03:46,953] INFO: 	 lr: 0.00030000000000000073 	 Training loss: 0.04091687180101872
[2025-01-07 04:03:56,063] INFO: Iter 28500 Summary: 
[2025-01-07 04:03:56,064] INFO: 	 lr: 0.00030000000000000073 	 Training loss: 0.04080293878912926
[2025-01-07 04:04:06,763] INFO: Iter 28600 Summary: 
[2025-01-07 04:04:06,763] INFO: 	 lr: 0.00030000000000000073 	 Training loss: 0.04038327645510435
[2025-01-07 04:04:15,996] INFO: Iter 28700 Summary: 
[2025-01-07 04:04:15,996] INFO: 	 lr: 0.00030000000000000073 	 Training loss: 0.04064445476979017
[2025-01-07 04:04:26,493] INFO: Iter 28800 Summary: 
[2025-01-07 04:04:26,493] INFO: 	 lr: 0.00030000000000000073 	 Training loss: 0.04083051260560751
[2025-01-07 04:04:36,821] INFO: Iter 28900 Summary: 
[2025-01-07 04:04:36,821] INFO: 	 lr: 0.00030000000000000073 	 Training loss: 0.04080376137048006
[2025-01-07 04:04:46,975] INFO: Iter 29000 Summary: 
[2025-01-07 04:04:46,976] INFO: 	 lr: 0.00030000000000000073 	 Training loss: 0.04093458756804466
[2025-01-07 04:04:57,090] INFO: Iter 29100 Summary: 
[2025-01-07 04:04:57,091] INFO: 	 lr: 0.00030000000000000073 	 Training loss: 0.040608967021107674
[2025-01-07 04:05:06,664] INFO: Iter 29200 Summary: 
[2025-01-07 04:05:06,664] INFO: 	 lr: 0.00030000000000000073 	 Training loss: 0.04074179396033287
[2025-01-07 04:05:16,542] INFO: Iter 29300 Summary: 
[2025-01-07 04:05:16,542] INFO: 	 lr: 0.00030000000000000073 	 Training loss: 0.04092513240873814
[2025-01-07 04:05:27,005] INFO: Iter 29400 Summary: 
[2025-01-07 04:05:27,005] INFO: 	 lr: 0.00030000000000000073 	 Training loss: 0.04087907887995243
[2025-01-07 04:05:37,108] INFO: Iter 29500 Summary: 
[2025-01-07 04:05:37,108] INFO: 	 lr: 0.00030000000000000073 	 Training loss: 0.040785456784069536
[2025-01-07 04:05:47,953] INFO: Iter 29600 Summary: 
[2025-01-07 04:05:47,954] INFO: 	 lr: 0.00030000000000000073 	 Training loss: 0.040672398544847964
[2025-01-07 04:05:57,863] INFO: Iter 29700 Summary: 
[2025-01-07 04:05:57,863] INFO: 	 lr: 0.00030000000000000073 	 Training loss: 0.040867556110024454
[2025-01-07 04:06:07,217] INFO: Iter 29800 Summary: 
[2025-01-07 04:06:07,217] INFO: 	 lr: 0.00030000000000000073 	 Training loss: 0.040651139020919796
[2025-01-07 04:06:16,307] INFO: Iter 29900 Summary: 
[2025-01-07 04:06:16,308] INFO: 	 lr: 0.00030000000000000073 	 Training loss: 0.040872344933450225
[2025-01-07 04:06:26,115] INFO: Iter 30000 Summary: 
[2025-01-07 04:06:26,115] INFO: 	 lr: 0.00030000000000000073 	 Training loss: 0.04091199394315481
[2025-01-07 04:06:39,581] INFO: Iter 30100 Summary: 
[2025-01-07 04:06:39,581] INFO: 	 lr: 1.2900000000000026e-05 	 Training loss: 0.04002798568457365
[2025-01-07 04:06:49,045] INFO: Iter 30200 Summary: 
[2025-01-07 04:06:49,046] INFO: 	 lr: 1.000000000000002e-05 	 Training loss: 0.03933180492371321
[2025-01-07 04:06:59,749] INFO: Iter 30300 Summary: 
[2025-01-07 04:06:59,749] INFO: 	 lr: 1.000000000000002e-05 	 Training loss: 0.03937980517745018
[2025-01-07 04:07:09,657] INFO: Iter 30400 Summary: 
[2025-01-07 04:07:09,658] INFO: 	 lr: 1.000000000000002e-05 	 Training loss: 0.039425710774958135
[2025-01-07 04:07:18,848] INFO: Iter 30500 Summary: 
[2025-01-07 04:07:18,848] INFO: 	 lr: 1.000000000000002e-05 	 Training loss: 0.03893750980496406
[2025-01-07 04:07:29,736] INFO: Iter 30600 Summary: 
[2025-01-07 04:07:29,736] INFO: 	 lr: 1.000000000000002e-05 	 Training loss: 0.03928519114851951
[2025-01-07 04:07:39,814] INFO: Iter 30700 Summary: 
[2025-01-07 04:07:39,814] INFO: 	 lr: 1.000000000000002e-05 	 Training loss: 0.039284445196390155
[2025-01-07 04:07:49,393] INFO: Iter 30800 Summary: 
[2025-01-07 04:07:49,393] INFO: 	 lr: 1.000000000000002e-05 	 Training loss: 0.039177773110568526
[2025-01-07 04:07:59,501] INFO: Iter 30900 Summary: 
[2025-01-07 04:07:59,501] INFO: 	 lr: 1.000000000000002e-05 	 Training loss: 0.03924918986856937
[2025-01-07 04:08:10,009] INFO: Iter 31000 Summary: 
[2025-01-07 04:08:10,010] INFO: 	 lr: 1.000000000000002e-05 	 Training loss: 0.0391468546539545
[2025-01-07 04:08:19,843] INFO: Iter 31100 Summary: 
[2025-01-07 04:08:19,844] INFO: 	 lr: 1.000000000000002e-05 	 Training loss: 0.039351253919303414
[2025-01-07 04:08:30,251] INFO: Iter 31200 Summary: 
[2025-01-07 04:08:30,252] INFO: 	 lr: 1.000000000000002e-05 	 Training loss: 0.03887162208557129
[2025-01-07 04:08:39,370] INFO: Iter 31300 Summary: 
[2025-01-07 04:08:39,370] INFO: 	 lr: 1.000000000000002e-05 	 Training loss: 0.03909964296966791
[2025-01-07 04:08:48,538] INFO: Iter 31400 Summary: 
[2025-01-07 04:08:48,538] INFO: 	 lr: 1.000000000000002e-05 	 Training loss: 0.038967623338103295
[2025-01-07 04:08:58,154] INFO: Iter 31500 Summary: 
[2025-01-07 04:08:58,154] INFO: 	 lr: 1.000000000000002e-05 	 Training loss: 0.03912881322205067
[2025-01-07 04:09:07,563] INFO: Iter 31600 Summary: 
[2025-01-07 04:09:07,563] INFO: 	 lr: 1.000000000000002e-05 	 Training loss: 0.03877655915915966
[2025-01-07 04:09:18,396] INFO: Iter 31700 Summary: 
[2025-01-07 04:09:18,396] INFO: 	 lr: 1.000000000000002e-05 	 Training loss: 0.03877136066555977
[2025-01-07 04:09:28,518] INFO: Iter 31800 Summary: 
[2025-01-07 04:09:28,518] INFO: 	 lr: 1.000000000000002e-05 	 Training loss: 0.03887054268270731
[2025-01-07 04:09:38,903] INFO: Iter 31900 Summary: 
[2025-01-07 04:09:38,903] INFO: 	 lr: 1.000000000000002e-05 	 Training loss: 0.03903277900069952
[2025-01-07 04:09:48,430] INFO: Iter 32000 Summary: 
[2025-01-07 04:09:48,430] INFO: 	 lr: 1.000000000000002e-05 	 Training loss: 0.03889477733522653
[2025-01-07 04:09:59,716] INFO: Iter 32100 Summary: 
[2025-01-07 04:09:59,717] INFO: 	 lr: 1.000000000000002e-05 	 Training loss: 0.039111403003335
[2025-01-07 04:10:08,779] INFO: Iter 32200 Summary: 
[2025-01-07 04:10:08,779] INFO: 	 lr: 1.000000000000002e-05 	 Training loss: 0.038828347250819205
[2025-01-07 04:10:19,113] INFO: Iter 32300 Summary: 
[2025-01-07 04:10:19,113] INFO: 	 lr: 1.000000000000002e-05 	 Training loss: 0.03886835888028145
[2025-01-07 04:10:29,450] INFO: Iter 32400 Summary: 
[2025-01-07 04:10:29,451] INFO: 	 lr: 1.000000000000002e-05 	 Training loss: 0.03862656258046627
[2025-01-07 04:10:39,976] INFO: Iter 32500 Summary: 
[2025-01-07 04:10:39,976] INFO: 	 lr: 1.000000000000002e-05 	 Training loss: 0.038735531829297544
[2025-01-07 04:10:49,767] INFO: Iter 32600 Summary: 
[2025-01-07 04:10:49,768] INFO: 	 lr: 1.000000000000002e-05 	 Training loss: 0.03918822936713696
[2025-01-07 04:11:00,913] INFO: Iter 32700 Summary: 
[2025-01-07 04:11:00,913] INFO: 	 lr: 1.000000000000002e-05 	 Training loss: 0.03896884817630052
[2025-01-07 04:11:10,488] INFO: Iter 32800 Summary: 
[2025-01-07 04:11:10,488] INFO: 	 lr: 1.000000000000002e-05 	 Training loss: 0.038776141814887526
[2025-01-07 04:11:20,454] INFO: Iter 32900 Summary: 
[2025-01-07 04:11:20,455] INFO: 	 lr: 1.000000000000002e-05 	 Training loss: 0.03894635885953903
[2025-01-07 04:11:30,109] INFO: Iter 33000 Summary: 
[2025-01-07 04:11:30,109] INFO: 	 lr: 1.000000000000002e-05 	 Training loss: 0.03883123517036438
[2025-01-07 04:11:41,744] INFO: Iter 33100 Summary: 
[2025-01-07 04:11:41,745] INFO: 	 lr: 1.000000000000002e-05 	 Training loss: 0.03877334825694561
[2025-01-07 04:11:51,676] INFO: Iter 33200 Summary: 
[2025-01-07 04:11:51,676] INFO: 	 lr: 1.000000000000002e-05 	 Training loss: 0.0389869512245059
[2025-01-07 04:12:01,452] INFO: Iter 33300 Summary: 
[2025-01-07 04:12:01,452] INFO: 	 lr: 1.000000000000002e-05 	 Training loss: 0.03860953971743584
[2025-01-07 04:12:11,565] INFO: Iter 33400 Summary: 
[2025-01-07 04:12:11,565] INFO: 	 lr: 1.000000000000002e-05 	 Training loss: 0.03887040011584759
[2025-01-07 04:12:21,246] INFO: Iter 33500 Summary: 
[2025-01-07 04:12:21,246] INFO: 	 lr: 1.000000000000002e-05 	 Training loss: 0.038638474717736244
[2025-01-07 04:12:30,823] INFO: Iter 33600 Summary: 
[2025-01-07 04:12:30,823] INFO: 	 lr: 1.000000000000002e-05 	 Training loss: 0.03891145624220371
[2025-01-07 04:12:40,751] INFO: Iter 33700 Summary: 
[2025-01-07 04:12:40,752] INFO: 	 lr: 1.000000000000002e-05 	 Training loss: 0.039048190675675866
[2025-01-07 04:12:51,379] INFO: Iter 33800 Summary: 
[2025-01-07 04:12:51,379] INFO: 	 lr: 1.000000000000002e-05 	 Training loss: 0.03871481716632843
[2025-01-07 04:13:01,366] INFO: Iter 33900 Summary: 
[2025-01-07 04:13:01,366] INFO: 	 lr: 1.000000000000002e-05 	 Training loss: 0.03881996866315603
[2025-01-07 04:13:11,543] INFO: Iter 34000 Summary: 
[2025-01-07 04:13:11,544] INFO: 	 lr: 1.000000000000002e-05 	 Training loss: 0.03872039336711168
[2025-01-07 04:13:24,712] INFO: Iter 34100 Summary: 
[2025-01-07 04:13:24,712] INFO: 	 lr: 1.000000000000002e-05 	 Training loss: 0.03879560027271509
[2025-01-07 04:13:34,067] INFO: Iter 34200 Summary: 
[2025-01-07 04:13:34,067] INFO: 	 lr: 1.000000000000002e-05 	 Training loss: 0.03901406671851873
[2025-01-07 04:13:43,578] INFO: Iter 34300 Summary: 
[2025-01-07 04:13:43,578] INFO: 	 lr: 1.000000000000002e-05 	 Training loss: 0.0389598073810339
[2025-01-07 04:13:52,717] INFO: Iter 34400 Summary: 
[2025-01-07 04:13:52,717] INFO: 	 lr: 1.000000000000002e-05 	 Training loss: 0.038652927577495576
[2025-01-07 04:14:03,707] INFO: Iter 34500 Summary: 
[2025-01-07 04:14:03,708] INFO: 	 lr: 1.000000000000002e-05 	 Training loss: 0.03863031640648842
[2025-01-07 04:14:13,308] INFO: Iter 34600 Summary: 
[2025-01-07 04:14:13,308] INFO: 	 lr: 1.000000000000002e-05 	 Training loss: 0.0385874604806304
[2025-01-07 04:14:22,699] INFO: Iter 34700 Summary: 
[2025-01-07 04:14:22,700] INFO: 	 lr: 1.000000000000002e-05 	 Training loss: 0.03847483392804861
[2025-01-07 04:14:32,688] INFO: Iter 34800 Summary: 
[2025-01-07 04:14:32,688] INFO: 	 lr: 1.000000000000002e-05 	 Training loss: 0.03860907532274723
[2025-01-07 04:14:43,269] INFO: Iter 34900 Summary: 
[2025-01-07 04:14:43,269] INFO: 	 lr: 1.000000000000002e-05 	 Training loss: 0.03870041757822037
[2025-01-07 04:14:52,986] INFO: Iter 35000 Summary: 
[2025-01-07 04:14:52,986] INFO: 	 lr: 1.000000000000002e-05 	 Training loss: 0.038874894566833976
[2025-01-07 04:15:03,722] INFO: Iter 35100 Summary: 
[2025-01-07 04:15:03,722] INFO: 	 lr: 1.000000000000002e-05 	 Training loss: 0.03889029834419489
[2025-01-07 04:15:13,565] INFO: Iter 35200 Summary: 
[2025-01-07 04:15:13,565] INFO: 	 lr: 1.000000000000002e-05 	 Training loss: 0.0386311275139451
[2025-01-07 04:15:24,264] INFO: Iter 35300 Summary: 
[2025-01-07 04:15:24,264] INFO: 	 lr: 1.000000000000002e-05 	 Training loss: 0.03860760550945997
[2025-01-07 04:15:34,061] INFO: Iter 35400 Summary: 
[2025-01-07 04:15:34,061] INFO: 	 lr: 1.000000000000002e-05 	 Training loss: 0.03870774056762457
[2025-01-07 04:15:43,963] INFO: Iter 35500 Summary: 
[2025-01-07 04:15:43,963] INFO: 	 lr: 1.000000000000002e-05 	 Training loss: 0.038569383695721625
[2025-01-07 04:15:53,669] INFO: Iter 35600 Summary: 
[2025-01-07 04:15:53,669] INFO: 	 lr: 1.000000000000002e-05 	 Training loss: 0.038471624813973905
[2025-01-07 04:16:04,202] INFO: Iter 35700 Summary: 
[2025-01-07 04:16:04,202] INFO: 	 lr: 1.000000000000002e-05 	 Training loss: 0.038626280687749384
[2025-01-07 04:16:15,102] INFO: Iter 35800 Summary: 
[2025-01-07 04:16:15,103] INFO: 	 lr: 1.000000000000002e-05 	 Training loss: 0.03862758468836546
[2025-01-07 04:16:25,181] INFO: Iter 35900 Summary: 
[2025-01-07 04:16:25,181] INFO: 	 lr: 1.000000000000002e-05 	 Training loss: 0.038765361122787
[2025-01-07 04:16:35,956] INFO: Iter 36000 Summary: 
[2025-01-07 04:16:35,956] INFO: 	 lr: 1.000000000000002e-05 	 Training loss: 0.03872151993215084
[2025-01-07 04:16:48,484] INFO: Iter 36100 Summary: 
[2025-01-07 04:16:48,485] INFO: 	 lr: 1.000000000000002e-05 	 Training loss: 0.0385530636459589
[2025-01-07 04:16:58,261] INFO: Iter 36200 Summary: 
[2025-01-07 04:16:58,261] INFO: 	 lr: 1.000000000000002e-05 	 Training loss: 0.038644427880644795
[2025-01-07 04:17:08,627] INFO: Iter 36300 Summary: 
[2025-01-07 04:17:08,628] INFO: 	 lr: 1.000000000000002e-05 	 Training loss: 0.038747097477316854
[2025-01-07 04:17:18,396] INFO: Iter 36400 Summary: 
[2025-01-07 04:17:18,396] INFO: 	 lr: 1.000000000000002e-05 	 Training loss: 0.038921021781861784
[2025-01-07 04:17:28,536] INFO: Iter 36500 Summary: 
[2025-01-07 04:17:28,536] INFO: 	 lr: 1.000000000000002e-05 	 Training loss: 0.03872794035822153
[2025-01-07 04:17:38,911] INFO: Iter 36600 Summary: 
[2025-01-07 04:17:38,912] INFO: 	 lr: 1.000000000000002e-05 	 Training loss: 0.03859732247889042
[2025-01-07 04:17:48,439] INFO: Iter 36700 Summary: 
[2025-01-07 04:17:48,440] INFO: 	 lr: 1.000000000000002e-05 	 Training loss: 0.038785833418369296
[2025-01-07 04:17:58,918] INFO: Iter 36800 Summary: 
[2025-01-07 04:17:58,918] INFO: 	 lr: 1.000000000000002e-05 	 Training loss: 0.03867292623966932
[2025-01-07 04:18:08,904] INFO: Iter 36900 Summary: 
[2025-01-07 04:18:08,904] INFO: 	 lr: 1.000000000000002e-05 	 Training loss: 0.038430054225027564
[2025-01-07 04:18:18,708] INFO: Iter 37000 Summary: 
[2025-01-07 04:18:18,709] INFO: 	 lr: 1.000000000000002e-05 	 Training loss: 0.03864884689450264
[2025-01-07 04:18:27,552] INFO: Iter 37100 Summary: 
[2025-01-07 04:18:27,552] INFO: 	 lr: 1.000000000000002e-05 	 Training loss: 0.03847589123994112
[2025-01-07 04:18:37,968] INFO: Iter 37200 Summary: 
[2025-01-07 04:18:37,968] INFO: 	 lr: 1.000000000000002e-05 	 Training loss: 0.03849315036088228
[2025-01-07 04:18:47,319] INFO: Iter 37300 Summary: 
[2025-01-07 04:18:47,319] INFO: 	 lr: 1.000000000000002e-05 	 Training loss: 0.03848405562341213
[2025-01-07 04:18:57,288] INFO: Iter 37400 Summary: 
[2025-01-07 04:18:57,288] INFO: 	 lr: 1.000000000000002e-05 	 Training loss: 0.038302755281329155
[2025-01-07 04:19:07,824] INFO: Iter 37500 Summary: 
[2025-01-07 04:19:07,825] INFO: 	 lr: 1.000000000000002e-05 	 Training loss: 0.038693633675575254
[2025-01-07 04:19:17,621] INFO: Iter 37600 Summary: 
[2025-01-07 04:19:17,621] INFO: 	 lr: 1.000000000000002e-05 	 Training loss: 0.03859769225120544
[2025-01-07 04:19:27,817] INFO: Iter 37700 Summary: 
[2025-01-07 04:19:27,817] INFO: 	 lr: 1.000000000000002e-05 	 Training loss: 0.03856392826884985
[2025-01-07 04:19:37,747] INFO: Iter 37800 Summary: 
[2025-01-07 04:19:37,747] INFO: 	 lr: 1.000000000000002e-05 	 Training loss: 0.03875579830259085
[2025-01-07 04:19:48,668] INFO: Iter 37900 Summary: 
[2025-01-07 04:19:48,669] INFO: 	 lr: 1.000000000000002e-05 	 Training loss: 0.03871262475848198
[2025-01-07 04:19:58,260] INFO: Iter 38000 Summary: 
[2025-01-07 04:19:58,261] INFO: 	 lr: 1.000000000000002e-05 	 Training loss: 0.03816389240324497
[2025-01-07 04:20:10,862] INFO: Iter 38100 Summary: 
[2025-01-07 04:20:10,863] INFO: 	 lr: 1.000000000000002e-05 	 Training loss: 0.038413145840168
[2025-01-07 04:20:21,617] INFO: Iter 38200 Summary: 
[2025-01-07 04:20:21,617] INFO: 	 lr: 1.000000000000002e-05 	 Training loss: 0.038553944379091265
[2025-01-07 04:20:31,182] INFO: Iter 38300 Summary: 
[2025-01-07 04:20:31,182] INFO: 	 lr: 1.000000000000002e-05 	 Training loss: 0.03877136453986168
[2025-01-07 04:20:40,841] INFO: Iter 38400 Summary: 
[2025-01-07 04:20:40,841] INFO: 	 lr: 1.000000000000002e-05 	 Training loss: 0.03847252104431391
[2025-01-07 04:20:50,589] INFO: Iter 38500 Summary: 
[2025-01-07 04:20:50,589] INFO: 	 lr: 1.000000000000002e-05 	 Training loss: 0.03862963855266571
[2025-01-07 04:21:01,474] INFO: Iter 38600 Summary: 
[2025-01-07 04:21:01,474] INFO: 	 lr: 1.000000000000002e-05 	 Training loss: 0.03856350611895323
[2025-01-07 04:21:11,338] INFO: Iter 38700 Summary: 
[2025-01-07 04:21:11,338] INFO: 	 lr: 1.000000000000002e-05 	 Training loss: 0.03870293214917183
[2025-01-07 04:21:21,193] INFO: Iter 38800 Summary: 
[2025-01-07 04:21:21,193] INFO: 	 lr: 1.000000000000002e-05 	 Training loss: 0.03843290913850069
[2025-01-07 04:21:31,232] INFO: Iter 38900 Summary: 
[2025-01-07 04:21:31,232] INFO: 	 lr: 1.000000000000002e-05 	 Training loss: 0.03876588933169842
[2025-01-07 04:21:40,631] INFO: Iter 39000 Summary: 
[2025-01-07 04:21:40,631] INFO: 	 lr: 1.000000000000002e-05 	 Training loss: 0.03854645423591137
[2025-01-07 04:21:50,119] INFO: Iter 39100 Summary: 
[2025-01-07 04:21:50,120] INFO: 	 lr: 1.000000000000002e-05 	 Training loss: 0.038183097839355466
[2025-01-07 04:21:59,760] INFO: Iter 39200 Summary: 
[2025-01-07 04:21:59,760] INFO: 	 lr: 1.000000000000002e-05 	 Training loss: 0.03842653390020132
[2025-01-07 04:22:09,771] INFO: Iter 39300 Summary: 
[2025-01-07 04:22:09,772] INFO: 	 lr: 1.000000000000002e-05 	 Training loss: 0.0384016203135252
[2025-01-07 04:22:20,429] INFO: Iter 39400 Summary: 
[2025-01-07 04:22:20,429] INFO: 	 lr: 1.000000000000002e-05 	 Training loss: 0.038385818786919115
[2025-01-07 04:22:30,427] INFO: Iter 39500 Summary: 
[2025-01-07 04:22:30,427] INFO: 	 lr: 1.000000000000002e-05 	 Training loss: 0.03876040235161781
[2025-01-07 04:22:40,863] INFO: Iter 39600 Summary: 
[2025-01-07 04:22:40,863] INFO: 	 lr: 1.000000000000002e-05 	 Training loss: 0.03846679579466581
[2025-01-07 04:22:49,625] INFO: Iter 39700 Summary: 
[2025-01-07 04:22:49,626] INFO: 	 lr: 1.000000000000002e-05 	 Training loss: 0.038664655014872554
[2025-01-07 04:22:59,535] INFO: Iter 39800 Summary: 
[2025-01-07 04:22:59,535] INFO: 	 lr: 1.000000000000002e-05 	 Training loss: 0.03858997397124767
[2025-01-07 04:23:09,121] INFO: Iter 39900 Summary: 
[2025-01-07 04:23:09,121] INFO: 	 lr: 1.000000000000002e-05 	 Training loss: 0.03834639314562082
[2025-01-07 04:23:19,614] INFO: Iter 40000 Summary: 
[2025-01-07 04:23:19,615] INFO: 	 lr: 1.000000000000002e-05 	 Training loss: 0.03884004291146994
