[2025-01-07 00:40:46,623] INFO: {
    "abs_dir": "/home/diwang/siMLPe/exps/baseline_h36m",
    "batch_size": 256,
    "cos_lr_max": 1e-05,
    "cos_lr_min": 5e-08,
    "cos_lr_total_iters": 40000,
    "data_aug": true,
    "deriv_input": true,
    "deriv_output": true,
    "device": "cuda:2",
    "h36m_anno_dir": "/home/diwang/siMLPe/data/h36m/",
    "link_log_file": "/home/diwang/siMLPe/exps/baseline_h36m/log/log_last.log",
    "link_val_log_file": "/home/diwang/siMLPe/exps/baseline_h36m/log/val_last.log",
    "log_dir": "/home/diwang/siMLPe/exps/baseline_h36m/log",
    "log_file": "/home/diwang/siMLPe/exps/baseline_h36m/log/log_2025_01_07_00_40_29.log",
    "model_pth": null,
    "motion": {
        "dim": 66,
        "h36m_input_length": 50,
        "h36m_input_length_dct": 50,
        "h36m_target_length": 10,
        "h36m_target_length_eval": 25,
        "h36m_target_length_train": 10
    },
    "motion_fc_in": {
        "activation": "relu",
        "in_features": 66,
        "init_w_trunc_normal": false,
        "out_features": 66,
        "temporal_fc": false,
        "with_norm": false
    },
    "motion_fc_out": {
        "activation": "relu",
        "in_features": 66,
        "init_w_trunc_normal": true,
        "out_features": 66,
        "temporal_fc": false,
        "with_norm": false
    },
    "motion_mlp": {
        "hidden_dim": 66,
        "norm_axis": "spatial",
        "num_layers": 48,
        "seq_len": 50,
        "spatial_fc_only": false,
        "with_normalization": true
    },
    "num_workers": 8,
    "post_dct": false,
    "pre_dct": false,
    "print_every": 100,
    "repo_name": "siMLPe",
    "root_dir": "/home/diwang/siMLPe",
    "save_every": 2000,
    "seed": 304,
    "shift_step": 1,
    "snapshot_dir": "/home/diwang/siMLPe/exps/baseline_h36m/log/snapshot",
    "this_dir": "baseline_h36m",
    "use_relative_loss": true,
    "val_log_file": "/home/diwang/siMLPe/exps/baseline_h36m/log/val_2025_01_07_00_40_29.log",
    "weight_decay": 0.0001
}
[2025-01-07 00:40:55,740] INFO: Iter 100 Summary: 
[2025-01-07 00:40:55,741] INFO: 	 lr: 0.00030000000000000073 	 Training loss: 0.10575805470347405
[2025-01-07 00:41:02,789] INFO: Iter 200 Summary: 
[2025-01-07 00:41:02,789] INFO: 	 lr: 0.00030000000000000073 	 Training loss: 0.0747461549192667
[2025-01-07 00:41:09,491] INFO: Iter 300 Summary: 
[2025-01-07 00:41:09,491] INFO: 	 lr: 0.00030000000000000073 	 Training loss: 0.07518158048391342
[2025-01-07 00:41:16,240] INFO: Iter 400 Summary: 
[2025-01-07 00:41:16,241] INFO: 	 lr: 0.00030000000000000073 	 Training loss: 0.07473651967942714
[2025-01-07 00:41:23,008] INFO: Iter 500 Summary: 
[2025-01-07 00:41:23,008] INFO: 	 lr: 0.00030000000000000073 	 Training loss: 0.07282503359019757
[2025-01-07 00:41:29,832] INFO: Iter 600 Summary: 
[2025-01-07 00:41:29,832] INFO: 	 lr: 0.00030000000000000073 	 Training loss: 0.06774756897240877
[2025-01-07 00:41:38,078] INFO: Iter 700 Summary: 
[2025-01-07 00:41:38,078] INFO: 	 lr: 0.00030000000000000073 	 Training loss: 0.06214796364307404
[2025-01-07 00:41:45,122] INFO: Iter 800 Summary: 
[2025-01-07 00:41:45,122] INFO: 	 lr: 0.00030000000000000073 	 Training loss: 0.05879575300961733
[2025-01-07 00:41:52,199] INFO: Iter 900 Summary: 
[2025-01-07 00:41:52,199] INFO: 	 lr: 0.00030000000000000073 	 Training loss: 0.0580829381197691
[2025-01-07 00:41:58,996] INFO: Iter 1000 Summary: 
[2025-01-07 00:41:58,997] INFO: 	 lr: 0.00030000000000000073 	 Training loss: 0.05662511736154556
[2025-01-07 00:42:05,894] INFO: Iter 1100 Summary: 
[2025-01-07 00:42:05,894] INFO: 	 lr: 0.00030000000000000073 	 Training loss: 0.05569163408130407
[2025-01-07 00:42:13,030] INFO: Iter 1200 Summary: 
[2025-01-07 00:42:13,031] INFO: 	 lr: 0.00030000000000000073 	 Training loss: 0.054771169610321524
[2025-01-07 00:42:19,662] INFO: Iter 1300 Summary: 
[2025-01-07 00:42:19,662] INFO: 	 lr: 0.00030000000000000073 	 Training loss: 0.05427479814738035
[2025-01-07 00:42:27,839] INFO: Iter 1400 Summary: 
[2025-01-07 00:42:27,840] INFO: 	 lr: 0.00030000000000000073 	 Training loss: 0.05338230915367603
[2025-01-07 00:42:35,074] INFO: Iter 1500 Summary: 
[2025-01-07 00:42:35,075] INFO: 	 lr: 0.00030000000000000073 	 Training loss: 0.053379409722983835
[2025-01-07 00:42:41,766] INFO: Iter 1600 Summary: 
[2025-01-07 00:42:41,767] INFO: 	 lr: 0.00030000000000000073 	 Training loss: 0.05302097380161285
[2025-01-07 00:42:48,476] INFO: Iter 1700 Summary: 
[2025-01-07 00:42:48,476] INFO: 	 lr: 0.00030000000000000073 	 Training loss: 0.05271111506968737
[2025-01-07 00:42:55,189] INFO: Iter 1800 Summary: 
[2025-01-07 00:42:55,190] INFO: 	 lr: 0.00030000000000000073 	 Training loss: 0.05236047439277172
[2025-01-07 00:43:01,873] INFO: Iter 1900 Summary: 
[2025-01-07 00:43:01,873] INFO: 	 lr: 0.00030000000000000073 	 Training loss: 0.052163241989910604
[2025-01-07 00:43:08,686] INFO: Iter 2000 Summary: 
[2025-01-07 00:43:08,686] INFO: 	 lr: 0.00030000000000000073 	 Training loss: 0.05196216627955437
[2025-01-07 00:43:19,243] INFO: Iter 2100 Summary: 
[2025-01-07 00:43:19,244] INFO: 	 lr: 0.00030000000000000073 	 Training loss: 0.05126352835446596
[2025-01-07 00:43:26,216] INFO: Iter 2200 Summary: 
[2025-01-07 00:43:26,217] INFO: 	 lr: 0.00030000000000000073 	 Training loss: 0.05154164917767048
[2025-01-07 00:43:32,843] INFO: Iter 2300 Summary: 
[2025-01-07 00:43:32,844] INFO: 	 lr: 0.00030000000000000073 	 Training loss: 0.05081383626908064
[2025-01-07 00:43:39,742] INFO: Iter 2400 Summary: 
[2025-01-07 00:43:39,742] INFO: 	 lr: 0.00030000000000000073 	 Training loss: 0.051104767844080926
[2025-01-07 00:43:46,434] INFO: Iter 2500 Summary: 
[2025-01-07 00:43:46,434] INFO: 	 lr: 0.00030000000000000073 	 Training loss: 0.05039322964847088
[2025-01-07 00:43:53,159] INFO: Iter 2600 Summary: 
[2025-01-07 00:43:53,159] INFO: 	 lr: 0.00030000000000000073 	 Training loss: 0.05066975992172956
[2025-01-07 00:44:00,138] INFO: Iter 2700 Summary: 
[2025-01-07 00:44:00,138] INFO: 	 lr: 0.00030000000000000073 	 Training loss: 0.050252214670181275
[2025-01-07 00:44:08,582] INFO: Iter 2800 Summary: 
[2025-01-07 00:44:08,582] INFO: 	 lr: 0.00030000000000000073 	 Training loss: 0.05061965834349394
[2025-01-07 00:44:15,667] INFO: Iter 2900 Summary: 
[2025-01-07 00:44:15,668] INFO: 	 lr: 0.00030000000000000073 	 Training loss: 0.050065468698740005
[2025-01-07 00:44:22,493] INFO: Iter 3000 Summary: 
[2025-01-07 00:44:22,494] INFO: 	 lr: 0.00030000000000000073 	 Training loss: 0.04962873358279467
[2025-01-07 00:44:29,256] INFO: Iter 3100 Summary: 
[2025-01-07 00:44:29,256] INFO: 	 lr: 0.00030000000000000073 	 Training loss: 0.04975767537951469
[2025-01-07 00:44:35,610] INFO: Iter 3200 Summary: 
[2025-01-07 00:44:35,610] INFO: 	 lr: 0.00030000000000000073 	 Training loss: 0.04981194529682398
[2025-01-07 00:44:42,527] INFO: Iter 3300 Summary: 
[2025-01-07 00:44:42,527] INFO: 	 lr: 0.00030000000000000073 	 Training loss: 0.04963613167405129
[2025-01-07 00:44:48,997] INFO: Iter 3400 Summary: 
[2025-01-07 00:44:48,998] INFO: 	 lr: 0.00030000000000000073 	 Training loss: 0.04906466316431761
[2025-01-07 00:44:56,622] INFO: Iter 3500 Summary: 
[2025-01-07 00:44:56,622] INFO: 	 lr: 0.00030000000000000073 	 Training loss: 0.049028405249118806
[2025-01-07 00:45:03,497] INFO: Iter 3600 Summary: 
[2025-01-07 00:45:03,497] INFO: 	 lr: 0.00030000000000000073 	 Training loss: 0.04909404270350933
[2025-01-07 00:45:10,376] INFO: Iter 3700 Summary: 
[2025-01-07 00:45:10,376] INFO: 	 lr: 0.00030000000000000073 	 Training loss: 0.048757978044450284
[2025-01-07 00:45:17,259] INFO: Iter 3800 Summary: 
[2025-01-07 00:45:17,259] INFO: 	 lr: 0.00030000000000000073 	 Training loss: 0.049002514034509656
[2025-01-07 00:45:24,183] INFO: Iter 3900 Summary: 
[2025-01-07 00:45:24,183] INFO: 	 lr: 0.00030000000000000073 	 Training loss: 0.04849830947816372
[2025-01-07 00:45:31,014] INFO: Iter 4000 Summary: 
[2025-01-07 00:45:31,014] INFO: 	 lr: 0.00030000000000000073 	 Training loss: 0.0487958675250411
[2025-01-07 00:45:39,751] INFO: Iter 4100 Summary: 
[2025-01-07 00:45:39,751] INFO: 	 lr: 0.00030000000000000073 	 Training loss: 0.048624108508229257
[2025-01-07 00:45:47,845] INFO: Iter 4200 Summary: 
[2025-01-07 00:45:47,845] INFO: 	 lr: 0.00030000000000000073 	 Training loss: 0.04819794084876776
[2025-01-07 00:45:54,733] INFO: Iter 4300 Summary: 
[2025-01-07 00:45:54,733] INFO: 	 lr: 0.00030000000000000073 	 Training loss: 0.047811178117990495
[2025-01-07 00:46:01,815] INFO: Iter 4400 Summary: 
[2025-01-07 00:46:01,815] INFO: 	 lr: 0.00030000000000000073 	 Training loss: 0.04797473523765802
[2025-01-07 00:46:08,774] INFO: Iter 4500 Summary: 
[2025-01-07 00:46:08,774] INFO: 	 lr: 0.00030000000000000073 	 Training loss: 0.048321568705141545
[2025-01-07 00:46:15,659] INFO: Iter 4600 Summary: 
[2025-01-07 00:46:15,659] INFO: 	 lr: 0.00030000000000000073 	 Training loss: 0.04779445666819811
[2025-01-07 00:46:22,202] INFO: Iter 4700 Summary: 
[2025-01-07 00:46:22,202] INFO: 	 lr: 0.00030000000000000073 	 Training loss: 0.047420071102678776
[2025-01-07 00:46:29,012] INFO: Iter 4800 Summary: 
[2025-01-07 00:46:29,012] INFO: 	 lr: 0.00030000000000000073 	 Training loss: 0.04767704647034407
[2025-01-07 00:46:37,440] INFO: Iter 4900 Summary: 
[2025-01-07 00:46:37,441] INFO: 	 lr: 0.00030000000000000073 	 Training loss: 0.04777727454900742
[2025-01-07 00:46:44,368] INFO: Iter 5000 Summary: 
[2025-01-07 00:46:44,368] INFO: 	 lr: 0.00030000000000000073 	 Training loss: 0.04755937725305557
[2025-01-07 00:46:51,396] INFO: Iter 5100 Summary: 
[2025-01-07 00:46:51,396] INFO: 	 lr: 0.00030000000000000073 	 Training loss: 0.047166261412203314
[2025-01-07 00:46:58,321] INFO: Iter 5200 Summary: 
[2025-01-07 00:46:58,322] INFO: 	 lr: 0.00030000000000000073 	 Training loss: 0.04692321259528399
[2025-01-07 00:47:05,232] INFO: Iter 5300 Summary: 
[2025-01-07 00:47:05,233] INFO: 	 lr: 0.00030000000000000073 	 Training loss: 0.04679712541401386
[2025-01-07 00:47:12,195] INFO: Iter 5400 Summary: 
[2025-01-07 00:47:12,195] INFO: 	 lr: 0.00030000000000000073 	 Training loss: 0.04706507332623005
[2025-01-07 00:47:19,071] INFO: Iter 5500 Summary: 
[2025-01-07 00:47:19,071] INFO: 	 lr: 0.00030000000000000073 	 Training loss: 0.04650377169251442
[2025-01-07 00:47:27,295] INFO: Iter 5600 Summary: 
[2025-01-07 00:47:27,295] INFO: 	 lr: 0.00030000000000000073 	 Training loss: 0.04675678301602602
[2025-01-07 00:47:34,195] INFO: Iter 5700 Summary: 
[2025-01-07 00:47:34,195] INFO: 	 lr: 0.00030000000000000073 	 Training loss: 0.04711205694824457
[2025-01-07 00:47:41,170] INFO: Iter 5800 Summary: 
[2025-01-07 00:47:41,171] INFO: 	 lr: 0.00030000000000000073 	 Training loss: 0.04642580322921276
[2025-01-07 00:47:48,105] INFO: Iter 5900 Summary: 
[2025-01-07 00:47:48,105] INFO: 	 lr: 0.00030000000000000073 	 Training loss: 0.04727245271205902
[2025-01-07 00:47:55,209] INFO: Iter 6000 Summary: 
[2025-01-07 00:47:55,209] INFO: 	 lr: 0.00030000000000000073 	 Training loss: 0.04679081261157989
[2025-01-07 00:48:05,225] INFO: Iter 6100 Summary: 
[2025-01-07 00:48:05,225] INFO: 	 lr: 0.00030000000000000073 	 Training loss: 0.04663882728666067
[2025-01-07 00:48:13,238] INFO: Iter 6200 Summary: 
[2025-01-07 00:48:13,238] INFO: 	 lr: 0.00030000000000000073 	 Training loss: 0.04627778474241495
[2025-01-07 00:48:19,851] INFO: Iter 6300 Summary: 
[2025-01-07 00:48:19,851] INFO: 	 lr: 0.00030000000000000073 	 Training loss: 0.04622205998748541
[2025-01-07 00:48:26,841] INFO: Iter 6400 Summary: 
[2025-01-07 00:48:26,841] INFO: 	 lr: 0.00030000000000000073 	 Training loss: 0.046142227128148076
[2025-01-07 00:48:33,801] INFO: Iter 6500 Summary: 
[2025-01-07 00:48:33,801] INFO: 	 lr: 0.00030000000000000073 	 Training loss: 0.04629854407161474
[2025-01-07 00:48:40,786] INFO: Iter 6600 Summary: 
[2025-01-07 00:48:40,786] INFO: 	 lr: 0.00030000000000000073 	 Training loss: 0.04572568152099848
[2025-01-07 00:48:47,744] INFO: Iter 6700 Summary: 
[2025-01-07 00:48:47,744] INFO: 	 lr: 0.00030000000000000073 	 Training loss: 0.0460095540061593
[2025-01-07 00:48:54,440] INFO: Iter 6800 Summary: 
[2025-01-07 00:48:54,440] INFO: 	 lr: 0.00030000000000000073 	 Training loss: 0.04567737642675638
[2025-01-07 00:49:02,432] INFO: Iter 6900 Summary: 
[2025-01-07 00:49:02,432] INFO: 	 lr: 0.00030000000000000073 	 Training loss: 0.04574669271707535
[2025-01-07 00:49:09,182] INFO: Iter 7000 Summary: 
[2025-01-07 00:49:09,182] INFO: 	 lr: 0.00030000000000000073 	 Training loss: 0.045914605036377905
[2025-01-07 00:49:15,532] INFO: Iter 7100 Summary: 
[2025-01-07 00:49:15,532] INFO: 	 lr: 0.00030000000000000073 	 Training loss: 0.04544329464435577
[2025-01-07 00:49:22,427] INFO: Iter 7200 Summary: 
[2025-01-07 00:49:22,428] INFO: 	 lr: 0.00030000000000000073 	 Training loss: 0.04569508153945208
[2025-01-07 00:49:29,325] INFO: Iter 7300 Summary: 
[2025-01-07 00:49:29,325] INFO: 	 lr: 0.00030000000000000073 	 Training loss: 0.045531600899994376
[2025-01-07 00:49:36,208] INFO: Iter 7400 Summary: 
[2025-01-07 00:49:36,208] INFO: 	 lr: 0.00030000000000000073 	 Training loss: 0.04541843384504318
[2025-01-07 00:49:43,097] INFO: Iter 7500 Summary: 
[2025-01-07 00:49:43,097] INFO: 	 lr: 0.00030000000000000073 	 Training loss: 0.04514999929815531
[2025-01-07 00:49:51,493] INFO: Iter 7600 Summary: 
[2025-01-07 00:49:51,493] INFO: 	 lr: 0.00030000000000000073 	 Training loss: 0.045218304879963395
[2025-01-07 00:49:58,401] INFO: Iter 7700 Summary: 
[2025-01-07 00:49:58,401] INFO: 	 lr: 0.00030000000000000073 	 Training loss: 0.04530668091028929
[2025-01-07 00:50:05,114] INFO: Iter 7800 Summary: 
[2025-01-07 00:50:05,114] INFO: 	 lr: 0.00030000000000000073 	 Training loss: 0.04540939286351204
[2025-01-07 00:50:12,163] INFO: Iter 7900 Summary: 
[2025-01-07 00:50:12,163] INFO: 	 lr: 0.00030000000000000073 	 Training loss: 0.04482466470450163
[2025-01-07 00:50:19,296] INFO: Iter 8000 Summary: 
[2025-01-07 00:50:19,297] INFO: 	 lr: 0.00030000000000000073 	 Training loss: 0.045435192100703715
[2025-01-07 00:50:27,772] INFO: Iter 8100 Summary: 
[2025-01-07 00:50:27,772] INFO: 	 lr: 0.00030000000000000073 	 Training loss: 0.04522534307092428
[2025-01-07 00:50:34,660] INFO: Iter 8200 Summary: 
[2025-01-07 00:50:34,661] INFO: 	 lr: 0.00030000000000000073 	 Training loss: 0.044711375534534456
[2025-01-07 00:50:42,869] INFO: Iter 8300 Summary: 
[2025-01-07 00:50:42,869] INFO: 	 lr: 0.00030000000000000073 	 Training loss: 0.04495112925767899
[2025-01-07 00:50:49,781] INFO: Iter 8400 Summary: 
[2025-01-07 00:50:49,781] INFO: 	 lr: 0.00030000000000000073 	 Training loss: 0.044878148809075355
[2025-01-07 00:50:56,672] INFO: Iter 8500 Summary: 
[2025-01-07 00:50:56,672] INFO: 	 lr: 0.00030000000000000073 	 Training loss: 0.04501590505242348
[2025-01-07 00:51:03,557] INFO: Iter 8600 Summary: 
[2025-01-07 00:51:03,557] INFO: 	 lr: 0.00030000000000000073 	 Training loss: 0.04465771514922381
[2025-01-07 00:51:10,497] INFO: Iter 8700 Summary: 
[2025-01-07 00:51:10,497] INFO: 	 lr: 0.00030000000000000073 	 Training loss: 0.04450731217861176
[2025-01-07 00:51:17,397] INFO: Iter 8800 Summary: 
[2025-01-07 00:51:17,397] INFO: 	 lr: 0.00030000000000000073 	 Training loss: 0.04472713056951761
[2025-01-07 00:51:24,296] INFO: Iter 8900 Summary: 
[2025-01-07 00:51:24,296] INFO: 	 lr: 0.00030000000000000073 	 Training loss: 0.04429526310414076
[2025-01-07 00:51:32,597] INFO: Iter 9000 Summary: 
[2025-01-07 00:51:32,598] INFO: 	 lr: 0.00030000000000000073 	 Training loss: 0.04440367545932531
[2025-01-07 00:51:39,479] INFO: Iter 9100 Summary: 
[2025-01-07 00:51:39,479] INFO: 	 lr: 0.00030000000000000073 	 Training loss: 0.04447466567158699
[2025-01-07 00:51:46,385] INFO: Iter 9200 Summary: 
[2025-01-07 00:51:46,385] INFO: 	 lr: 0.00030000000000000073 	 Training loss: 0.04476638499647379
[2025-01-07 00:51:53,263] INFO: Iter 9300 Summary: 
[2025-01-07 00:51:53,263] INFO: 	 lr: 0.00030000000000000073 	 Training loss: 0.04435435816645622
[2025-01-07 00:52:00,171] INFO: Iter 9400 Summary: 
[2025-01-07 00:52:00,171] INFO: 	 lr: 0.00030000000000000073 	 Training loss: 0.044259941577911376
[2025-01-07 00:52:07,090] INFO: Iter 9500 Summary: 
[2025-01-07 00:52:07,090] INFO: 	 lr: 0.00030000000000000073 	 Training loss: 0.0444298030808568
[2025-01-07 00:52:14,001] INFO: Iter 9600 Summary: 
[2025-01-07 00:52:14,001] INFO: 	 lr: 0.00030000000000000073 	 Training loss: 0.04432853791862726
[2025-01-07 00:52:22,127] INFO: Iter 9700 Summary: 
[2025-01-07 00:52:22,127] INFO: 	 lr: 0.00030000000000000073 	 Training loss: 0.044198137000203135
[2025-01-07 00:52:29,033] INFO: Iter 9800 Summary: 
[2025-01-07 00:52:29,033] INFO: 	 lr: 0.00030000000000000073 	 Training loss: 0.04430199816823006
[2025-01-07 00:52:35,915] INFO: Iter 9900 Summary: 
[2025-01-07 00:52:35,916] INFO: 	 lr: 0.00030000000000000073 	 Training loss: 0.04364206898957491
[2025-01-07 00:52:42,836] INFO: Iter 10000 Summary: 
[2025-01-07 00:52:42,836] INFO: 	 lr: 0.00030000000000000073 	 Training loss: 0.0439672901853919
[2025-01-07 00:52:52,403] INFO: Iter 10100 Summary: 
[2025-01-07 00:52:52,403] INFO: 	 lr: 0.00030000000000000073 	 Training loss: 0.04370436791330576
[2025-01-07 00:52:58,986] INFO: Iter 10200 Summary: 
[2025-01-07 00:52:58,986] INFO: 	 lr: 0.00030000000000000073 	 Training loss: 0.044071032367646694
[2025-01-07 00:53:05,848] INFO: Iter 10300 Summary: 
[2025-01-07 00:53:05,848] INFO: 	 lr: 0.00030000000000000073 	 Training loss: 0.043836393989622593
[2025-01-07 00:53:13,890] INFO: Iter 10400 Summary: 
[2025-01-07 00:53:13,890] INFO: 	 lr: 0.00030000000000000073 	 Training loss: 0.0438129648193717
[2025-01-07 00:53:20,466] INFO: Iter 10500 Summary: 
[2025-01-07 00:53:20,466] INFO: 	 lr: 0.00030000000000000073 	 Training loss: 0.04361438550055027
[2025-01-07 00:53:27,446] INFO: Iter 10600 Summary: 
[2025-01-07 00:53:27,446] INFO: 	 lr: 0.00030000000000000073 	 Training loss: 0.04380611728876829
[2025-01-07 00:53:34,412] INFO: Iter 10700 Summary: 
[2025-01-07 00:53:34,412] INFO: 	 lr: 0.00030000000000000073 	 Training loss: 0.044000552818179134
[2025-01-07 00:53:41,270] INFO: Iter 10800 Summary: 
[2025-01-07 00:53:41,270] INFO: 	 lr: 0.00030000000000000073 	 Training loss: 0.04333428252488375
[2025-01-07 00:53:48,161] INFO: Iter 10900 Summary: 
[2025-01-07 00:53:48,161] INFO: 	 lr: 0.00030000000000000073 	 Training loss: 0.04368511002510786
[2025-01-07 00:53:55,108] INFO: Iter 11000 Summary: 
[2025-01-07 00:53:55,108] INFO: 	 lr: 0.00030000000000000073 	 Training loss: 0.04365544956177473
[2025-01-07 00:54:03,043] INFO: Iter 11100 Summary: 
[2025-01-07 00:54:03,043] INFO: 	 lr: 0.00030000000000000073 	 Training loss: 0.04316762942820787
[2025-01-07 00:54:09,970] INFO: Iter 11200 Summary: 
[2025-01-07 00:54:09,970] INFO: 	 lr: 0.00030000000000000073 	 Training loss: 0.0434470808878541
[2025-01-07 00:54:16,712] INFO: Iter 11300 Summary: 
[2025-01-07 00:54:16,713] INFO: 	 lr: 0.00030000000000000073 	 Training loss: 0.0433899936825037
[2025-01-07 00:54:23,476] INFO: Iter 11400 Summary: 
[2025-01-07 00:54:23,477] INFO: 	 lr: 0.00030000000000000073 	 Training loss: 0.043470670953392986
[2025-01-07 00:54:30,389] INFO: Iter 11500 Summary: 
[2025-01-07 00:54:30,389] INFO: 	 lr: 0.00030000000000000073 	 Training loss: 0.04337536677718162
[2025-01-07 00:54:37,208] INFO: Iter 11600 Summary: 
[2025-01-07 00:54:37,209] INFO: 	 lr: 0.00030000000000000073 	 Training loss: 0.04348461840301752
[2025-01-07 00:54:45,168] INFO: Iter 11700 Summary: 
[2025-01-07 00:54:45,168] INFO: 	 lr: 0.00030000000000000073 	 Training loss: 0.04339706189930439
[2025-01-07 00:54:52,257] INFO: Iter 11800 Summary: 
[2025-01-07 00:54:52,257] INFO: 	 lr: 0.00030000000000000073 	 Training loss: 0.0428305459395051
[2025-01-07 00:54:59,126] INFO: Iter 11900 Summary: 
[2025-01-07 00:54:59,126] INFO: 	 lr: 0.00030000000000000073 	 Training loss: 0.04317383669316768
[2025-01-07 00:55:08,111] INFO: Iter 12000 Summary: 
[2025-01-07 00:55:08,111] INFO: 	 lr: 0.00030000000000000073 	 Training loss: 0.043560932986438275
[2025-01-07 00:55:19,206] INFO: Iter 12100 Summary: 
[2025-01-07 00:55:19,206] INFO: 	 lr: 0.00030000000000000073 	 Training loss: 0.0429539942368865
[2025-01-07 00:55:26,192] INFO: Iter 12200 Summary: 
[2025-01-07 00:55:26,192] INFO: 	 lr: 0.00030000000000000073 	 Training loss: 0.04330318611115217
[2025-01-07 00:55:33,071] INFO: Iter 12300 Summary: 
[2025-01-07 00:55:33,071] INFO: 	 lr: 0.00030000000000000073 	 Training loss: 0.04296708501875401
[2025-01-07 00:55:41,197] INFO: Iter 12400 Summary: 
[2025-01-07 00:55:41,198] INFO: 	 lr: 0.00030000000000000073 	 Training loss: 0.04332105189561844
[2025-01-07 00:55:48,058] INFO: Iter 12500 Summary: 
[2025-01-07 00:55:48,058] INFO: 	 lr: 0.00030000000000000073 	 Training loss: 0.042919166050851346
[2025-01-07 00:55:54,892] INFO: Iter 12600 Summary: 
[2025-01-07 00:55:54,892] INFO: 	 lr: 0.00030000000000000073 	 Training loss: 0.04297122783958912
[2025-01-07 00:56:01,729] INFO: Iter 12700 Summary: 
[2025-01-07 00:56:01,729] INFO: 	 lr: 0.00030000000000000073 	 Training loss: 0.04298030164092779
[2025-01-07 00:56:08,573] INFO: Iter 12800 Summary: 
[2025-01-07 00:56:08,573] INFO: 	 lr: 0.00030000000000000073 	 Training loss: 0.04296313997358084
[2025-01-07 00:56:15,420] INFO: Iter 12900 Summary: 
[2025-01-07 00:56:15,420] INFO: 	 lr: 0.00030000000000000073 	 Training loss: 0.043163136094808575
[2025-01-07 00:56:22,299] INFO: Iter 13000 Summary: 
[2025-01-07 00:56:22,299] INFO: 	 lr: 0.00030000000000000073 	 Training loss: 0.04282452125102282
[2025-01-07 00:56:30,182] INFO: Iter 13100 Summary: 
[2025-01-07 00:56:30,182] INFO: 	 lr: 0.00030000000000000073 	 Training loss: 0.042938341721892356
[2025-01-07 00:56:37,019] INFO: Iter 13200 Summary: 
[2025-01-07 00:56:37,019] INFO: 	 lr: 0.00030000000000000073 	 Training loss: 0.04275590624660253
[2025-01-07 00:56:43,876] INFO: Iter 13300 Summary: 
[2025-01-07 00:56:43,876] INFO: 	 lr: 0.00030000000000000073 	 Training loss: 0.04280541371554136
[2025-01-07 00:56:50,720] INFO: Iter 13400 Summary: 
[2025-01-07 00:56:50,720] INFO: 	 lr: 0.00030000000000000073 	 Training loss: 0.04303792353719473
[2025-01-07 00:56:58,348] INFO: Iter 13500 Summary: 
[2025-01-07 00:56:58,348] INFO: 	 lr: 0.00030000000000000073 	 Training loss: 0.04267056647688151
[2025-01-07 00:57:07,566] INFO: Iter 13600 Summary: 
[2025-01-07 00:57:07,566] INFO: 	 lr: 0.00030000000000000073 	 Training loss: 0.04239570889621973
[2025-01-07 00:57:16,425] INFO: Iter 13700 Summary: 
[2025-01-07 00:57:16,425] INFO: 	 lr: 0.00030000000000000073 	 Training loss: 0.04260556295514107
[2025-01-07 00:57:25,457] INFO: Iter 13800 Summary: 
[2025-01-07 00:57:25,457] INFO: 	 lr: 0.00030000000000000073 	 Training loss: 0.04262362979352474
[2025-01-07 00:57:32,181] INFO: Iter 13900 Summary: 
[2025-01-07 00:57:32,181] INFO: 	 lr: 0.00030000000000000073 	 Training loss: 0.0426219042390585
[2025-01-07 00:57:39,041] INFO: Iter 14000 Summary: 
[2025-01-07 00:57:39,041] INFO: 	 lr: 0.00030000000000000073 	 Training loss: 0.04250000845640898
[2025-01-07 00:57:48,409] INFO: Iter 14100 Summary: 
[2025-01-07 00:57:48,409] INFO: 	 lr: 0.00030000000000000073 	 Training loss: 0.042768963649868964
[2025-01-07 00:57:55,263] INFO: Iter 14200 Summary: 
[2025-01-07 00:57:55,263] INFO: 	 lr: 0.00030000000000000073 	 Training loss: 0.042417458146810534
[2025-01-07 00:58:02,107] INFO: Iter 14300 Summary: 
[2025-01-07 00:58:02,107] INFO: 	 lr: 0.00030000000000000073 	 Training loss: 0.04248921759426594
[2025-01-07 00:58:08,879] INFO: Iter 14400 Summary: 
[2025-01-07 00:58:08,880] INFO: 	 lr: 0.00030000000000000073 	 Training loss: 0.042176030799746515
[2025-01-07 00:58:17,010] INFO: Iter 14500 Summary: 
[2025-01-07 00:58:17,010] INFO: 	 lr: 0.00030000000000000073 	 Training loss: 0.042466070093214514
[2025-01-07 00:58:23,866] INFO: Iter 14600 Summary: 
[2025-01-07 00:58:23,866] INFO: 	 lr: 0.00030000000000000073 	 Training loss: 0.0424302464351058
[2025-01-07 00:58:30,716] INFO: Iter 14700 Summary: 
[2025-01-07 00:58:30,716] INFO: 	 lr: 0.00030000000000000073 	 Training loss: 0.04249067522585392
[2025-01-07 00:58:37,548] INFO: Iter 14800 Summary: 
[2025-01-07 00:58:37,548] INFO: 	 lr: 0.00030000000000000073 	 Training loss: 0.042308063209056855
[2025-01-07 00:58:44,073] INFO: Iter 14900 Summary: 
[2025-01-07 00:58:44,073] INFO: 	 lr: 0.00030000000000000073 	 Training loss: 0.042513059228658674
[2025-01-07 00:58:50,932] INFO: Iter 15000 Summary: 
[2025-01-07 00:58:50,932] INFO: 	 lr: 0.00030000000000000073 	 Training loss: 0.04262596230953932
[2025-01-07 00:58:57,780] INFO: Iter 15100 Summary: 
[2025-01-07 00:58:57,780] INFO: 	 lr: 0.00030000000000000073 	 Training loss: 0.04228218503296375
[2025-01-07 00:59:05,846] INFO: Iter 15200 Summary: 
[2025-01-07 00:59:05,846] INFO: 	 lr: 0.00030000000000000073 	 Training loss: 0.04206362999975681
[2025-01-07 00:59:12,697] INFO: Iter 15300 Summary: 
[2025-01-07 00:59:12,697] INFO: 	 lr: 0.00030000000000000073 	 Training loss: 0.042682077400386334
[2025-01-07 00:59:19,547] INFO: Iter 15400 Summary: 
[2025-01-07 00:59:19,547] INFO: 	 lr: 0.00030000000000000073 	 Training loss: 0.04221603464335203
[2025-01-07 00:59:26,394] INFO: Iter 15500 Summary: 
[2025-01-07 00:59:26,394] INFO: 	 lr: 0.00030000000000000073 	 Training loss: 0.042396840900182725
[2025-01-07 00:59:33,238] INFO: Iter 15600 Summary: 
[2025-01-07 00:59:33,238] INFO: 	 lr: 0.00030000000000000073 	 Training loss: 0.04207783900201321
[2025-01-07 00:59:40,064] INFO: Iter 15700 Summary: 
[2025-01-07 00:59:40,064] INFO: 	 lr: 0.00030000000000000073 	 Training loss: 0.04214596439152956
[2025-01-07 00:59:46,896] INFO: Iter 15800 Summary: 
[2025-01-07 00:59:46,896] INFO: 	 lr: 0.00030000000000000073 	 Training loss: 0.04223739460110664
[2025-01-07 00:59:54,855] INFO: Iter 15900 Summary: 
[2025-01-07 00:59:54,855] INFO: 	 lr: 0.00030000000000000073 	 Training loss: 0.04197827849537134
[2025-01-07 01:00:01,721] INFO: Iter 16000 Summary: 
[2025-01-07 01:00:01,721] INFO: 	 lr: 0.00030000000000000073 	 Training loss: 0.04209422674030065
[2025-01-07 01:00:11,236] INFO: Iter 16100 Summary: 
[2025-01-07 01:00:11,236] INFO: 	 lr: 0.00030000000000000073 	 Training loss: 0.04239290315657854
[2025-01-07 01:00:18,077] INFO: Iter 16200 Summary: 
[2025-01-07 01:00:18,078] INFO: 	 lr: 0.00030000000000000073 	 Training loss: 0.041903138533234595
[2025-01-07 01:00:24,916] INFO: Iter 16300 Summary: 
[2025-01-07 01:00:24,916] INFO: 	 lr: 0.00030000000000000073 	 Training loss: 0.04205638866871595
[2025-01-07 01:00:31,753] INFO: Iter 16400 Summary: 
[2025-01-07 01:00:31,753] INFO: 	 lr: 0.00030000000000000073 	 Training loss: 0.042163964323699475
[2025-01-07 01:00:38,606] INFO: Iter 16500 Summary: 
[2025-01-07 01:00:38,606] INFO: 	 lr: 0.00030000000000000073 	 Training loss: 0.041599089354276655
[2025-01-07 01:00:47,064] INFO: Iter 16600 Summary: 
[2025-01-07 01:00:47,064] INFO: 	 lr: 0.00030000000000000073 	 Training loss: 0.04204568907618523
[2025-01-07 01:00:53,891] INFO: Iter 16700 Summary: 
[2025-01-07 01:00:53,891] INFO: 	 lr: 0.00030000000000000073 	 Training loss: 0.042080466188490394
[2025-01-07 01:01:00,728] INFO: Iter 16800 Summary: 
[2025-01-07 01:01:00,728] INFO: 	 lr: 0.00030000000000000073 	 Training loss: 0.04168785646557808
[2025-01-07 01:01:07,563] INFO: Iter 16900 Summary: 
[2025-01-07 01:01:07,564] INFO: 	 lr: 0.00030000000000000073 	 Training loss: 0.041817101873457434
[2025-01-07 01:01:14,389] INFO: Iter 17000 Summary: 
[2025-01-07 01:01:14,389] INFO: 	 lr: 0.00030000000000000073 	 Training loss: 0.042217322513461115
[2025-01-07 01:01:21,225] INFO: Iter 17100 Summary: 
[2025-01-07 01:01:21,225] INFO: 	 lr: 0.00030000000000000073 	 Training loss: 0.042073686234653
[2025-01-07 01:01:28,067] INFO: Iter 17200 Summary: 
[2025-01-07 01:01:28,067] INFO: 	 lr: 0.00030000000000000073 	 Training loss: 0.04183131657540798
[2025-01-07 01:01:36,257] INFO: Iter 17300 Summary: 
[2025-01-07 01:01:36,257] INFO: 	 lr: 0.00030000000000000073 	 Training loss: 0.04184865012764931
[2025-01-07 01:01:43,102] INFO: Iter 17400 Summary: 
[2025-01-07 01:01:43,102] INFO: 	 lr: 0.00030000000000000073 	 Training loss: 0.04170669060200453
[2025-01-07 01:01:49,937] INFO: Iter 17500 Summary: 
[2025-01-07 01:01:49,937] INFO: 	 lr: 0.00030000000000000073 	 Training loss: 0.0418548933416605
[2025-01-07 01:01:56,785] INFO: Iter 17600 Summary: 
[2025-01-07 01:01:56,785] INFO: 	 lr: 0.00030000000000000073 	 Training loss: 0.04190263405442238
[2025-01-07 01:02:03,626] INFO: Iter 17700 Summary: 
[2025-01-07 01:02:03,626] INFO: 	 lr: 0.00030000000000000073 	 Training loss: 0.04162125669419765
[2025-01-07 01:02:10,468] INFO: Iter 17800 Summary: 
[2025-01-07 01:02:10,468] INFO: 	 lr: 0.00030000000000000073 	 Training loss: 0.0420436342433095
[2025-01-07 01:02:18,468] INFO: Iter 17900 Summary: 
[2025-01-07 01:02:18,468] INFO: 	 lr: 0.00030000000000000073 	 Training loss: 0.04173495102673769
[2025-01-07 01:02:25,316] INFO: Iter 18000 Summary: 
[2025-01-07 01:02:25,317] INFO: 	 lr: 0.00030000000000000073 	 Training loss: 0.04162407990545034
[2025-01-07 01:02:35,091] INFO: Iter 18100 Summary: 
[2025-01-07 01:02:35,091] INFO: 	 lr: 0.00030000000000000073 	 Training loss: 0.042034557685256005
[2025-01-07 01:02:41,934] INFO: Iter 18200 Summary: 
[2025-01-07 01:02:41,934] INFO: 	 lr: 0.00030000000000000073 	 Training loss: 0.0417387368530035
[2025-01-07 01:02:48,794] INFO: Iter 18300 Summary: 
[2025-01-07 01:02:48,795] INFO: 	 lr: 0.00030000000000000073 	 Training loss: 0.041773847565054895
[2025-01-07 01:02:55,635] INFO: Iter 18400 Summary: 
[2025-01-07 01:02:55,635] INFO: 	 lr: 0.00030000000000000073 	 Training loss: 0.04152461767196655
[2025-01-07 01:03:02,480] INFO: Iter 18500 Summary: 
[2025-01-07 01:03:02,480] INFO: 	 lr: 0.00030000000000000073 	 Training loss: 0.04199752632528544
[2025-01-07 01:03:10,511] INFO: Iter 18600 Summary: 
[2025-01-07 01:03:10,511] INFO: 	 lr: 0.00030000000000000073 	 Training loss: 0.041413113065063956
[2025-01-07 01:03:17,317] INFO: Iter 18700 Summary: 
[2025-01-07 01:03:17,317] INFO: 	 lr: 0.00030000000000000073 	 Training loss: 0.04129877053201199
[2025-01-07 01:03:24,204] INFO: Iter 18800 Summary: 
[2025-01-07 01:03:24,204] INFO: 	 lr: 0.00030000000000000073 	 Training loss: 0.04141553603112698
[2025-01-07 01:03:31,052] INFO: Iter 18900 Summary: 
[2025-01-07 01:03:31,052] INFO: 	 lr: 0.00030000000000000073 	 Training loss: 0.04181330285966396
[2025-01-07 01:03:37,801] INFO: Iter 19000 Summary: 
[2025-01-07 01:03:37,801] INFO: 	 lr: 0.00030000000000000073 	 Training loss: 0.04200513739138842
[2025-01-07 01:03:46,429] INFO: Iter 19100 Summary: 
[2025-01-07 01:03:46,429] INFO: 	 lr: 0.00030000000000000073 	 Training loss: 0.04168189063668251
[2025-01-07 01:03:54,285] INFO: Iter 19200 Summary: 
[2025-01-07 01:03:54,285] INFO: 	 lr: 0.00030000000000000073 	 Training loss: 0.04172313582152128
[2025-01-07 01:04:05,119] INFO: Iter 19300 Summary: 
[2025-01-07 01:04:05,120] INFO: 	 lr: 0.00030000000000000073 	 Training loss: 0.04152681469917297
[2025-01-07 01:04:11,201] INFO: Iter 19400 Summary: 
[2025-01-07 01:04:11,201] INFO: 	 lr: 0.00030000000000000073 	 Training loss: 0.04136123050004244
[2025-01-07 01:04:18,049] INFO: Iter 19500 Summary: 
[2025-01-07 01:04:18,050] INFO: 	 lr: 0.00030000000000000073 	 Training loss: 0.041605560407042504
[2025-01-07 01:04:24,894] INFO: Iter 19600 Summary: 
[2025-01-07 01:04:24,894] INFO: 	 lr: 0.00030000000000000073 	 Training loss: 0.041587109342217446
[2025-01-07 01:04:31,747] INFO: Iter 19700 Summary: 
[2025-01-07 01:04:31,747] INFO: 	 lr: 0.00030000000000000073 	 Training loss: 0.04129454053938389
[2025-01-07 01:04:38,562] INFO: Iter 19800 Summary: 
[2025-01-07 01:04:38,562] INFO: 	 lr: 0.00030000000000000073 	 Training loss: 0.04130835104733706
[2025-01-07 01:04:45,394] INFO: Iter 19900 Summary: 
[2025-01-07 01:04:45,394] INFO: 	 lr: 0.00030000000000000073 	 Training loss: 0.041488655880093574
[2025-01-07 01:04:53,367] INFO: Iter 20000 Summary: 
[2025-01-07 01:04:53,367] INFO: 	 lr: 0.00030000000000000073 	 Training loss: 0.04189369563013315
[2025-01-07 01:05:02,730] INFO: Iter 20100 Summary: 
[2025-01-07 01:05:02,730] INFO: 	 lr: 0.00030000000000000073 	 Training loss: 0.041461183056235314
[2025-01-07 01:05:08,816] INFO: Iter 20200 Summary: 
[2025-01-07 01:05:08,817] INFO: 	 lr: 0.00030000000000000073 	 Training loss: 0.04143559955060482
[2025-01-07 01:05:15,400] INFO: Iter 20300 Summary: 
[2025-01-07 01:05:15,400] INFO: 	 lr: 0.00030000000000000073 	 Training loss: 0.041587128080427645
[2025-01-07 01:05:22,235] INFO: Iter 20400 Summary: 
[2025-01-07 01:05:22,235] INFO: 	 lr: 0.00030000000000000073 	 Training loss: 0.041273691058158875
[2025-01-07 01:05:29,094] INFO: Iter 20500 Summary: 
[2025-01-07 01:05:29,095] INFO: 	 lr: 0.00030000000000000073 	 Training loss: 0.04124008107930422
[2025-01-07 01:05:35,926] INFO: Iter 20600 Summary: 
[2025-01-07 01:05:35,926] INFO: 	 lr: 0.00030000000000000073 	 Training loss: 0.04162305600941181
[2025-01-07 01:05:44,005] INFO: Iter 20700 Summary: 
[2025-01-07 01:05:44,006] INFO: 	 lr: 0.00030000000000000073 	 Training loss: 0.04121172606945038
[2025-01-07 01:05:50,860] INFO: Iter 20800 Summary: 
[2025-01-07 01:05:50,860] INFO: 	 lr: 0.00030000000000000073 	 Training loss: 0.041512568816542625
[2025-01-07 01:05:57,723] INFO: Iter 20900 Summary: 
[2025-01-07 01:05:57,723] INFO: 	 lr: 0.00030000000000000073 	 Training loss: 0.04140088111162186
[2025-01-07 01:06:04,688] INFO: Iter 21000 Summary: 
[2025-01-07 01:06:04,688] INFO: 	 lr: 0.00030000000000000073 	 Training loss: 0.041674725972115995
[2025-01-07 01:06:11,653] INFO: Iter 21100 Summary: 
[2025-01-07 01:06:11,653] INFO: 	 lr: 0.00030000000000000073 	 Training loss: 0.04100454900413752
[2025-01-07 01:06:18,575] INFO: Iter 21200 Summary: 
[2025-01-07 01:06:18,575] INFO: 	 lr: 0.00030000000000000073 	 Training loss: 0.041323413141071796
[2025-01-07 01:06:25,493] INFO: Iter 21300 Summary: 
[2025-01-07 01:06:25,493] INFO: 	 lr: 0.00030000000000000073 	 Training loss: 0.041431607976555825
[2025-01-07 01:06:33,537] INFO: Iter 21400 Summary: 
[2025-01-07 01:06:33,537] INFO: 	 lr: 0.00030000000000000073 	 Training loss: 0.041137915812432764
[2025-01-07 01:06:40,393] INFO: Iter 21500 Summary: 
[2025-01-07 01:06:40,393] INFO: 	 lr: 0.00030000000000000073 	 Training loss: 0.04152017224580049
[2025-01-07 01:06:47,225] INFO: Iter 21600 Summary: 
[2025-01-07 01:06:47,225] INFO: 	 lr: 0.00030000000000000073 	 Training loss: 0.04150924906134605
[2025-01-07 01:06:53,976] INFO: Iter 21700 Summary: 
[2025-01-07 01:06:53,976] INFO: 	 lr: 0.00030000000000000073 	 Training loss: 0.04119062013924122
[2025-01-07 01:07:00,906] INFO: Iter 21800 Summary: 
[2025-01-07 01:07:00,906] INFO: 	 lr: 0.00030000000000000073 	 Training loss: 0.041410444229841234
[2025-01-07 01:07:07,753] INFO: Iter 21900 Summary: 
[2025-01-07 01:07:07,753] INFO: 	 lr: 0.00030000000000000073 	 Training loss: 0.04165559135377407
[2025-01-07 01:07:14,684] INFO: Iter 22000 Summary: 
[2025-01-07 01:07:14,684] INFO: 	 lr: 0.00030000000000000073 	 Training loss: 0.04126221314072609
[2025-01-07 01:07:25,366] INFO: Iter 22100 Summary: 
[2025-01-07 01:07:25,367] INFO: 	 lr: 0.00030000000000000073 	 Training loss: 0.04126434300094843
[2025-01-07 01:07:32,245] INFO: Iter 22200 Summary: 
[2025-01-07 01:07:32,245] INFO: 	 lr: 0.00030000000000000073 	 Training loss: 0.04095687873661518
[2025-01-07 01:07:39,134] INFO: Iter 22300 Summary: 
[2025-01-07 01:07:39,134] INFO: 	 lr: 0.00030000000000000073 	 Training loss: 0.04130636096000671
[2025-01-07 01:07:45,910] INFO: Iter 22400 Summary: 
[2025-01-07 01:07:45,910] INFO: 	 lr: 0.00030000000000000073 	 Training loss: 0.04093400228768587
[2025-01-07 01:07:52,622] INFO: Iter 22500 Summary: 
[2025-01-07 01:07:52,622] INFO: 	 lr: 0.00030000000000000073 	 Training loss: 0.04110803376883268
[2025-01-07 01:07:59,589] INFO: Iter 22600 Summary: 
[2025-01-07 01:07:59,589] INFO: 	 lr: 0.00030000000000000073 	 Training loss: 0.04114446397870779
[2025-01-07 01:08:06,518] INFO: Iter 22700 Summary: 
[2025-01-07 01:08:06,519] INFO: 	 lr: 0.00030000000000000073 	 Training loss: 0.04130754072219133
[2025-01-07 01:08:14,517] INFO: Iter 22800 Summary: 
[2025-01-07 01:08:14,517] INFO: 	 lr: 0.00030000000000000073 	 Training loss: 0.04105573751032352
[2025-01-07 01:08:21,394] INFO: Iter 22900 Summary: 
[2025-01-07 01:08:21,395] INFO: 	 lr: 0.00030000000000000073 	 Training loss: 0.04110858954489231
[2025-01-07 01:08:28,306] INFO: Iter 23000 Summary: 
[2025-01-07 01:08:28,307] INFO: 	 lr: 0.00030000000000000073 	 Training loss: 0.04086381260305643
[2025-01-07 01:08:35,143] INFO: Iter 23100 Summary: 
[2025-01-07 01:08:35,143] INFO: 	 lr: 0.00030000000000000073 	 Training loss: 0.041254630014300346
[2025-01-07 01:08:42,053] INFO: Iter 23200 Summary: 
[2025-01-07 01:08:42,053] INFO: 	 lr: 0.00030000000000000073 	 Training loss: 0.04122470449656248
[2025-01-07 01:08:48,889] INFO: Iter 23300 Summary: 
[2025-01-07 01:08:48,889] INFO: 	 lr: 0.00030000000000000073 	 Training loss: 0.04121394213289022
[2025-01-07 01:08:57,044] INFO: Iter 23400 Summary: 
[2025-01-07 01:08:57,044] INFO: 	 lr: 0.00030000000000000073 	 Training loss: 0.04108975388109684
[2025-01-07 01:09:03,933] INFO: Iter 23500 Summary: 
[2025-01-07 01:09:03,933] INFO: 	 lr: 0.00030000000000000073 	 Training loss: 0.04088313587009907
[2025-01-07 01:09:10,799] INFO: Iter 23600 Summary: 
[2025-01-07 01:09:10,799] INFO: 	 lr: 0.00030000000000000073 	 Training loss: 0.040719599053263666
[2025-01-07 01:09:17,628] INFO: Iter 23700 Summary: 
[2025-01-07 01:09:17,628] INFO: 	 lr: 0.00030000000000000073 	 Training loss: 0.04102944515645504
[2025-01-07 01:09:24,400] INFO: Iter 23800 Summary: 
[2025-01-07 01:09:24,400] INFO: 	 lr: 0.00030000000000000073 	 Training loss: 0.040740779265761376
[2025-01-07 01:09:31,229] INFO: Iter 23900 Summary: 
[2025-01-07 01:09:31,229] INFO: 	 lr: 0.00030000000000000073 	 Training loss: 0.041250589303672314
[2025-01-07 01:09:38,057] INFO: Iter 24000 Summary: 
[2025-01-07 01:09:38,057] INFO: 	 lr: 0.00030000000000000073 	 Training loss: 0.04100994888693094
[2025-01-07 01:09:48,556] INFO: Iter 24100 Summary: 
[2025-01-07 01:09:48,556] INFO: 	 lr: 0.00030000000000000073 	 Training loss: 0.04116897713392973
[2025-01-07 01:09:55,394] INFO: Iter 24200 Summary: 
[2025-01-07 01:09:55,394] INFO: 	 lr: 0.00030000000000000073 	 Training loss: 0.04111115720123053
[2025-01-07 01:10:02,302] INFO: Iter 24300 Summary: 
[2025-01-07 01:10:02,302] INFO: 	 lr: 0.00030000000000000073 	 Training loss: 0.04098183996975422
[2025-01-07 01:10:09,141] INFO: Iter 24400 Summary: 
[2025-01-07 01:10:09,142] INFO: 	 lr: 0.00030000000000000073 	 Training loss: 0.04103014249354601
[2025-01-07 01:10:15,953] INFO: Iter 24500 Summary: 
[2025-01-07 01:10:15,954] INFO: 	 lr: 0.00030000000000000073 	 Training loss: 0.041018673218786716
[2025-01-07 01:10:22,801] INFO: Iter 24600 Summary: 
[2025-01-07 01:10:22,802] INFO: 	 lr: 0.00030000000000000073 	 Training loss: 0.0411770548671484
[2025-01-07 01:10:29,679] INFO: Iter 24700 Summary: 
[2025-01-07 01:10:29,679] INFO: 	 lr: 0.00030000000000000073 	 Training loss: 0.040800764225423336
[2025-01-07 01:10:37,493] INFO: Iter 24800 Summary: 
[2025-01-07 01:10:37,494] INFO: 	 lr: 0.00030000000000000073 	 Training loss: 0.04095317199826241
[2025-01-07 01:10:44,335] INFO: Iter 24900 Summary: 
[2025-01-07 01:10:44,335] INFO: 	 lr: 0.00030000000000000073 	 Training loss: 0.040913280248641964
[2025-01-07 01:10:51,168] INFO: Iter 25000 Summary: 
[2025-01-07 01:10:51,168] INFO: 	 lr: 0.00030000000000000073 	 Training loss: 0.041028243266046045
[2025-01-07 01:10:58,028] INFO: Iter 25100 Summary: 
[2025-01-07 01:10:58,028] INFO: 	 lr: 0.00030000000000000073 	 Training loss: 0.04104814689606428
[2025-01-07 01:11:05,043] INFO: Iter 25200 Summary: 
[2025-01-07 01:11:05,043] INFO: 	 lr: 0.00030000000000000073 	 Training loss: 0.0408820029348135
[2025-01-07 01:11:11,899] INFO: Iter 25300 Summary: 
[2025-01-07 01:11:11,899] INFO: 	 lr: 0.00030000000000000073 	 Training loss: 0.040977588780224325
[2025-01-07 01:11:18,744] INFO: Iter 25400 Summary: 
[2025-01-07 01:11:18,745] INFO: 	 lr: 0.00030000000000000073 	 Training loss: 0.04094746463000774
[2025-01-07 01:11:26,559] INFO: Iter 25500 Summary: 
[2025-01-07 01:11:26,559] INFO: 	 lr: 0.00030000000000000073 	 Training loss: 0.04093885071575642
[2025-01-07 01:11:33,290] INFO: Iter 25600 Summary: 
[2025-01-07 01:11:33,290] INFO: 	 lr: 0.00030000000000000073 	 Training loss: 0.04062116127461195
[2025-01-07 01:11:40,141] INFO: Iter 25700 Summary: 
[2025-01-07 01:11:40,141] INFO: 	 lr: 0.00030000000000000073 	 Training loss: 0.04089935697615146
[2025-01-07 01:11:47,009] INFO: Iter 25800 Summary: 
[2025-01-07 01:11:47,010] INFO: 	 lr: 0.00030000000000000073 	 Training loss: 0.04101993300020695
[2025-01-07 01:11:53,874] INFO: Iter 25900 Summary: 
[2025-01-07 01:11:53,874] INFO: 	 lr: 0.00030000000000000073 	 Training loss: 0.04063463225960731
[2025-01-07 01:12:00,742] INFO: Iter 26000 Summary: 
[2025-01-07 01:12:00,742] INFO: 	 lr: 0.00030000000000000073 	 Training loss: 0.04073309887200594
[2025-01-07 01:12:10,340] INFO: Iter 26100 Summary: 
[2025-01-07 01:12:10,340] INFO: 	 lr: 0.00030000000000000073 	 Training loss: 0.04105110976845026
[2025-01-07 01:12:18,506] INFO: Iter 26200 Summary: 
[2025-01-07 01:12:18,506] INFO: 	 lr: 0.00030000000000000073 	 Training loss: 0.0410128815099597
[2025-01-07 01:12:25,366] INFO: Iter 26300 Summary: 
[2025-01-07 01:12:25,366] INFO: 	 lr: 0.00030000000000000073 	 Training loss: 0.04087932959198952
[2025-01-07 01:12:32,307] INFO: Iter 26400 Summary: 
[2025-01-07 01:12:32,307] INFO: 	 lr: 0.00030000000000000073 	 Training loss: 0.0409684706479311
[2025-01-07 01:12:39,158] INFO: Iter 26500 Summary: 
[2025-01-07 01:12:39,158] INFO: 	 lr: 0.00030000000000000073 	 Training loss: 0.04075195740908384
[2025-01-07 01:12:46,010] INFO: Iter 26600 Summary: 
[2025-01-07 01:12:46,010] INFO: 	 lr: 0.00030000000000000073 	 Training loss: 0.04059323251247406
[2025-01-07 01:12:52,842] INFO: Iter 26700 Summary: 
[2025-01-07 01:12:52,843] INFO: 	 lr: 0.00030000000000000073 	 Training loss: 0.040953105352818965
[2025-01-07 01:12:59,702] INFO: Iter 26800 Summary: 
[2025-01-07 01:12:59,702] INFO: 	 lr: 0.00030000000000000073 	 Training loss: 0.04106501180678606
[2025-01-07 01:13:07,564] INFO: Iter 26900 Summary: 
[2025-01-07 01:13:07,565] INFO: 	 lr: 0.00030000000000000073 	 Training loss: 0.0407248243317008
[2025-01-07 01:13:14,520] INFO: Iter 27000 Summary: 
[2025-01-07 01:13:14,520] INFO: 	 lr: 0.00030000000000000073 	 Training loss: 0.040712746791541576
[2025-01-07 01:13:21,425] INFO: Iter 27100 Summary: 
[2025-01-07 01:13:21,425] INFO: 	 lr: 0.00030000000000000073 	 Training loss: 0.04084212340414524
[2025-01-07 01:13:28,268] INFO: Iter 27200 Summary: 
[2025-01-07 01:13:28,268] INFO: 	 lr: 0.00030000000000000073 	 Training loss: 0.0406705266982317
[2025-01-07 01:13:35,118] INFO: Iter 27300 Summary: 
[2025-01-07 01:13:35,119] INFO: 	 lr: 0.00030000000000000073 	 Training loss: 0.04086718462407589
[2025-01-07 01:13:41,963] INFO: Iter 27400 Summary: 
[2025-01-07 01:13:41,963] INFO: 	 lr: 0.00030000000000000073 	 Training loss: 0.04057642586529255
[2025-01-07 01:13:48,846] INFO: Iter 27500 Summary: 
[2025-01-07 01:13:48,846] INFO: 	 lr: 0.00030000000000000073 	 Training loss: 0.04083799716085196
[2025-01-07 01:13:56,859] INFO: Iter 27600 Summary: 
[2025-01-07 01:13:56,860] INFO: 	 lr: 0.00030000000000000073 	 Training loss: 0.040562215372920034
[2025-01-07 01:14:03,787] INFO: Iter 27700 Summary: 
[2025-01-07 01:14:03,787] INFO: 	 lr: 0.00030000000000000073 	 Training loss: 0.04049325279891491
[2025-01-07 01:14:10,619] INFO: Iter 27800 Summary: 
[2025-01-07 01:14:10,619] INFO: 	 lr: 0.00030000000000000073 	 Training loss: 0.04073276966810226
[2025-01-07 01:14:17,465] INFO: Iter 27900 Summary: 
[2025-01-07 01:14:17,465] INFO: 	 lr: 0.00030000000000000073 	 Training loss: 0.04087367601692676
[2025-01-07 01:14:24,333] INFO: Iter 28000 Summary: 
[2025-01-07 01:14:24,333] INFO: 	 lr: 0.00030000000000000073 	 Training loss: 0.04062182515859604
[2025-01-07 01:14:33,826] INFO: Iter 28100 Summary: 
[2025-01-07 01:14:33,826] INFO: 	 lr: 0.00030000000000000073 	 Training loss: 0.040989549346268174
[2025-01-07 01:14:41,019] INFO: Iter 28200 Summary: 
[2025-01-07 01:14:41,020] INFO: 	 lr: 0.00030000000000000073 	 Training loss: 0.040783471837639806
[2025-01-07 01:14:49,419] INFO: Iter 28300 Summary: 
[2025-01-07 01:14:49,420] INFO: 	 lr: 0.00030000000000000073 	 Training loss: 0.04081448510289192
[2025-01-07 01:14:56,240] INFO: Iter 28400 Summary: 
[2025-01-07 01:14:56,240] INFO: 	 lr: 0.00030000000000000073 	 Training loss: 0.04086293794214726
[2025-01-07 01:15:03,142] INFO: Iter 28500 Summary: 
[2025-01-07 01:15:03,142] INFO: 	 lr: 0.00030000000000000073 	 Training loss: 0.04084131263196469
[2025-01-07 01:15:10,024] INFO: Iter 28600 Summary: 
[2025-01-07 01:15:10,024] INFO: 	 lr: 0.00030000000000000073 	 Training loss: 0.04071640159934759
[2025-01-07 01:15:16,819] INFO: Iter 28700 Summary: 
[2025-01-07 01:15:16,819] INFO: 	 lr: 0.00030000000000000073 	 Training loss: 0.04079448249191046
[2025-01-07 01:15:23,704] INFO: Iter 28800 Summary: 
[2025-01-07 01:15:23,704] INFO: 	 lr: 0.00030000000000000073 	 Training loss: 0.040614092499017714
[2025-01-07 01:15:31,612] INFO: Iter 28900 Summary: 
[2025-01-07 01:15:31,612] INFO: 	 lr: 0.00030000000000000073 	 Training loss: 0.040777126401662825
[2025-01-07 01:15:38,989] INFO: Iter 29000 Summary: 
[2025-01-07 01:15:38,989] INFO: 	 lr: 0.00030000000000000073 	 Training loss: 0.040602976903319356
[2025-01-07 01:15:45,841] INFO: Iter 29100 Summary: 
[2025-01-07 01:15:45,841] INFO: 	 lr: 0.00030000000000000073 	 Training loss: 0.040805369690060614
[2025-01-07 01:15:52,687] INFO: Iter 29200 Summary: 
[2025-01-07 01:15:52,687] INFO: 	 lr: 0.00030000000000000073 	 Training loss: 0.040924360416829585
[2025-01-07 01:15:59,549] INFO: Iter 29300 Summary: 
[2025-01-07 01:15:59,549] INFO: 	 lr: 0.00030000000000000073 	 Training loss: 0.04056798342615366
[2025-01-07 01:16:06,442] INFO: Iter 29400 Summary: 
[2025-01-07 01:16:06,442] INFO: 	 lr: 0.00030000000000000073 	 Training loss: 0.040405407175421716
[2025-01-07 01:16:13,376] INFO: Iter 29500 Summary: 
[2025-01-07 01:16:13,376] INFO: 	 lr: 0.00030000000000000073 	 Training loss: 0.040740669667720796
[2025-01-07 01:16:21,439] INFO: Iter 29600 Summary: 
[2025-01-07 01:16:21,440] INFO: 	 lr: 0.00030000000000000073 	 Training loss: 0.040518480576574804
[2025-01-07 01:16:28,306] INFO: Iter 29700 Summary: 
[2025-01-07 01:16:28,306] INFO: 	 lr: 0.00030000000000000073 	 Training loss: 0.040262204371392725
[2025-01-07 01:16:35,297] INFO: Iter 29800 Summary: 
[2025-01-07 01:16:35,298] INFO: 	 lr: 0.00030000000000000073 	 Training loss: 0.0409463033080101
[2025-01-07 01:16:42,242] INFO: Iter 29900 Summary: 
[2025-01-07 01:16:42,242] INFO: 	 lr: 0.00030000000000000073 	 Training loss: 0.040739562436938284
[2025-01-07 01:16:49,262] INFO: Iter 30000 Summary: 
[2025-01-07 01:16:49,262] INFO: 	 lr: 0.00030000000000000073 	 Training loss: 0.04046190056949854
[2025-01-07 01:16:59,244] INFO: Iter 30100 Summary: 
[2025-01-07 01:16:59,244] INFO: 	 lr: 1.2900000000000026e-05 	 Training loss: 0.039666210897266865
[2025-01-07 01:17:06,399] INFO: Iter 30200 Summary: 
[2025-01-07 01:17:06,399] INFO: 	 lr: 1.000000000000002e-05 	 Training loss: 0.03965297888964415
[2025-01-07 01:17:14,607] INFO: Iter 30300 Summary: 
[2025-01-07 01:17:14,608] INFO: 	 lr: 1.000000000000002e-05 	 Training loss: 0.03917060997337103
[2025-01-07 01:17:21,619] INFO: Iter 30400 Summary: 
[2025-01-07 01:17:21,619] INFO: 	 lr: 1.000000000000002e-05 	 Training loss: 0.03895008396357298
[2025-01-07 01:17:28,535] INFO: Iter 30500 Summary: 
[2025-01-07 01:17:28,536] INFO: 	 lr: 1.000000000000002e-05 	 Training loss: 0.039022091403603555
[2025-01-07 01:17:35,422] INFO: Iter 30600 Summary: 
[2025-01-07 01:17:35,422] INFO: 	 lr: 1.000000000000002e-05 	 Training loss: 0.03912760253995657
[2025-01-07 01:17:42,324] INFO: Iter 30700 Summary: 
[2025-01-07 01:17:42,324] INFO: 	 lr: 1.000000000000002e-05 	 Training loss: 0.03903355546295643
[2025-01-07 01:17:49,761] INFO: Iter 30800 Summary: 
[2025-01-07 01:17:49,761] INFO: 	 lr: 1.000000000000002e-05 	 Training loss: 0.03880711659789085
[2025-01-07 01:17:56,923] INFO: Iter 30900 Summary: 
[2025-01-07 01:17:56,923] INFO: 	 lr: 1.000000000000002e-05 	 Training loss: 0.03866584245115519
[2025-01-07 01:18:05,183] INFO: Iter 31000 Summary: 
[2025-01-07 01:18:05,183] INFO: 	 lr: 1.000000000000002e-05 	 Training loss: 0.038901523239910606
[2025-01-07 01:18:12,160] INFO: Iter 31100 Summary: 
[2025-01-07 01:18:12,160] INFO: 	 lr: 1.000000000000002e-05 	 Training loss: 0.03893738489598036
[2025-01-07 01:18:18,986] INFO: Iter 31200 Summary: 
[2025-01-07 01:18:18,987] INFO: 	 lr: 1.000000000000002e-05 	 Training loss: 0.03874373070895672
[2025-01-07 01:18:25,941] INFO: Iter 31300 Summary: 
[2025-01-07 01:18:25,941] INFO: 	 lr: 1.000000000000002e-05 	 Training loss: 0.03851335182785988
[2025-01-07 01:18:32,894] INFO: Iter 31400 Summary: 
[2025-01-07 01:18:32,894] INFO: 	 lr: 1.000000000000002e-05 	 Training loss: 0.03875815335661173
[2025-01-07 01:18:39,880] INFO: Iter 31500 Summary: 
[2025-01-07 01:18:39,881] INFO: 	 lr: 1.000000000000002e-05 	 Training loss: 0.038782182596623894
[2025-01-07 01:18:46,847] INFO: Iter 31600 Summary: 
[2025-01-07 01:18:46,847] INFO: 	 lr: 1.000000000000002e-05 	 Training loss: 0.038735276497900484
[2025-01-07 01:18:54,991] INFO: Iter 31700 Summary: 
[2025-01-07 01:18:54,992] INFO: 	 lr: 1.000000000000002e-05 	 Training loss: 0.038582985289394855
