[2024-12-30 01:12:12,244] INFO: {
    "abs_dir": "/home/diwang/siMLPe/exps/baseline_h36m",
    "batch_size": 256,
    "cos_lr_max": 1e-05,
    "cos_lr_min": 5e-08,
    "cos_lr_total_iters": 40000,
    "data_aug": true,
    "deriv_input": true,
    "deriv_output": true,
    "h36m_anno_dir": "/home/diwang/siMLPe/data/h36m/",
    "link_log_file": "/home/diwang/siMLPe/exps/baseline_h36m/log/log_last.log",
    "link_val_log_file": "/home/diwang/siMLPe/exps/baseline_h36m/log/val_last.log",
    "log_dir": "/home/diwang/siMLPe/exps/baseline_h36m/log",
    "log_file": "/home/diwang/siMLPe/exps/baseline_h36m/log/log_2024_12_30_01_11_54.log",
    "model_pth": null,
    "motion": {
        "dim": 66,
        "h36m_input_length": 50,
        "h36m_input_length_dct": 50,
        "h36m_target_length": 10,
        "h36m_target_length_eval": 25,
        "h36m_target_length_train": 10
    },
    "motion_fc_in": {
        "activation": "relu",
        "in_features": 66,
        "init_w_trunc_normal": false,
        "out_features": 66,
        "temporal_fc": false,
        "with_norm": false
    },
    "motion_fc_out": {
        "activation": "relu",
        "in_features": 66,
        "init_w_trunc_normal": true,
        "out_features": 66,
        "temporal_fc": false,
        "with_norm": false
    },
    "motion_mlp": {
        "hidden_dim": 66,
        "norm_axis": "spatial",
        "num_layers": 48,
        "seq_len": 50,
        "spatial_fc_only": false,
        "with_normalization": true
    },
    "num_workers": 8,
    "post_dct": false,
    "pre_dct": false,
    "print_every": 100,
    "repo_name": "siMLPe",
    "root_dir": "/home/diwang/siMLPe",
    "save_every": 2000,
    "seed": 304,
    "shift_step": 1,
    "snapshot_dir": "/home/diwang/siMLPe/exps/baseline_h36m/log/snapshot",
    "this_dir": "baseline_h36m",
    "use_relative_loss": true,
    "val_log_file": "/home/diwang/siMLPe/exps/baseline_h36m/log/val_2024_12_30_01_11_54.log",
    "weight_decay": 0.0001
}
[2024-12-30 01:12:21,109] INFO: Iter 100 Summary: 
[2024-12-30 01:12:21,110] INFO: 	 lr: 0.00030000000000000073 	 Training loss: 0.09835981756448746
[2024-12-30 01:12:27,751] INFO: Iter 200 Summary: 
[2024-12-30 01:12:27,751] INFO: 	 lr: 0.00030000000000000073 	 Training loss: 0.07434035792946815
[2024-12-30 01:12:34,370] INFO: Iter 300 Summary: 
[2024-12-30 01:12:34,370] INFO: 	 lr: 0.00030000000000000073 	 Training loss: 0.07082155965268612
[2024-12-30 01:12:41,009] INFO: Iter 400 Summary: 
[2024-12-30 01:12:41,009] INFO: 	 lr: 0.00030000000000000073 	 Training loss: 0.06843331038951873
[2024-12-30 01:12:47,639] INFO: Iter 500 Summary: 
[2024-12-30 01:12:47,639] INFO: 	 lr: 0.00030000000000000073 	 Training loss: 0.06354155395179988
[2024-12-30 01:12:54,261] INFO: Iter 600 Summary: 
[2024-12-30 01:12:54,261] INFO: 	 lr: 0.00030000000000000073 	 Training loss: 0.06075188562273979
[2024-12-30 01:13:02,123] INFO: Iter 700 Summary: 
[2024-12-30 01:13:02,124] INFO: 	 lr: 0.00030000000000000073 	 Training loss: 0.05928177509456873
[2024-12-30 01:13:08,772] INFO: Iter 800 Summary: 
[2024-12-30 01:13:08,772] INFO: 	 lr: 0.00030000000000000073 	 Training loss: 0.05809361338615417
[2024-12-30 01:13:15,407] INFO: Iter 900 Summary: 
[2024-12-30 01:13:15,407] INFO: 	 lr: 0.00030000000000000073 	 Training loss: 0.05730459339916706
[2024-12-30 01:13:22,188] INFO: Iter 1000 Summary: 
[2024-12-30 01:13:22,188] INFO: 	 lr: 0.00030000000000000073 	 Training loss: 0.05714015938341618
[2024-12-30 01:13:28,813] INFO: Iter 1100 Summary: 
[2024-12-30 01:13:28,814] INFO: 	 lr: 0.00030000000000000073 	 Training loss: 0.05619168404489756
[2024-12-30 01:13:35,398] INFO: Iter 1200 Summary: 
[2024-12-30 01:13:35,398] INFO: 	 lr: 0.00030000000000000073 	 Training loss: 0.05566164918243885
[2024-12-30 01:13:42,196] INFO: Iter 1300 Summary: 
[2024-12-30 01:13:42,196] INFO: 	 lr: 0.00030000000000000073 	 Training loss: 0.05552885133773088
[2024-12-30 01:13:49,851] INFO: Iter 1400 Summary: 
[2024-12-30 01:13:49,851] INFO: 	 lr: 0.00030000000000000073 	 Training loss: 0.054451681300997735
[2024-12-30 01:13:56,469] INFO: Iter 1500 Summary: 
[2024-12-30 01:13:56,469] INFO: 	 lr: 0.00030000000000000073 	 Training loss: 0.053878674879670144
[2024-12-30 01:14:03,083] INFO: Iter 1600 Summary: 
[2024-12-30 01:14:03,083] INFO: 	 lr: 0.00030000000000000073 	 Training loss: 0.05305087517946958
[2024-12-30 01:14:09,711] INFO: Iter 1700 Summary: 
[2024-12-30 01:14:09,711] INFO: 	 lr: 0.00030000000000000073 	 Training loss: 0.05323346812278032
[2024-12-30 01:14:16,326] INFO: Iter 1800 Summary: 
[2024-12-30 01:14:16,327] INFO: 	 lr: 0.00030000000000000073 	 Training loss: 0.05273144297301769
[2024-12-30 01:14:22,950] INFO: Iter 1900 Summary: 
[2024-12-30 01:14:22,950] INFO: 	 lr: 0.00030000000000000073 	 Training loss: 0.05246011320501566
[2024-12-30 01:14:29,553] INFO: Iter 2000 Summary: 
[2024-12-30 01:14:29,554] INFO: 	 lr: 0.00030000000000000073 	 Training loss: 0.052233051918447015
[2024-12-30 01:14:39,946] INFO: Iter 2100 Summary: 
[2024-12-30 01:14:39,946] INFO: 	 lr: 0.00030000000000000073 	 Training loss: 0.05216394543647766
[2024-12-30 01:14:46,572] INFO: Iter 2200 Summary: 
[2024-12-30 01:14:46,572] INFO: 	 lr: 0.00030000000000000073 	 Training loss: 0.05197782564908266
[2024-12-30 01:14:53,195] INFO: Iter 2300 Summary: 
[2024-12-30 01:14:53,196] INFO: 	 lr: 0.00030000000000000073 	 Training loss: 0.05164359413087368
[2024-12-30 01:14:59,839] INFO: Iter 2400 Summary: 
[2024-12-30 01:14:59,839] INFO: 	 lr: 0.00030000000000000073 	 Training loss: 0.05121783930808306
[2024-12-30 01:15:06,485] INFO: Iter 2500 Summary: 
[2024-12-30 01:15:06,485] INFO: 	 lr: 0.00030000000000000073 	 Training loss: 0.05114759854972362
[2024-12-30 01:15:13,124] INFO: Iter 2600 Summary: 
[2024-12-30 01:15:13,124] INFO: 	 lr: 0.00030000000000000073 	 Training loss: 0.05113917425274849
[2024-12-30 01:15:19,737] INFO: Iter 2700 Summary: 
[2024-12-30 01:15:19,737] INFO: 	 lr: 0.00030000000000000073 	 Training loss: 0.05088703852146864
[2024-12-30 01:15:27,642] INFO: Iter 2800 Summary: 
[2024-12-30 01:15:27,642] INFO: 	 lr: 0.00030000000000000073 	 Training loss: 0.05070799227803945
[2024-12-30 01:15:34,326] INFO: Iter 2900 Summary: 
[2024-12-30 01:15:34,326] INFO: 	 lr: 0.00030000000000000073 	 Training loss: 0.04991536684334278
[2024-12-30 01:15:40,966] INFO: Iter 3000 Summary: 
[2024-12-30 01:15:40,966] INFO: 	 lr: 0.00030000000000000073 	 Training loss: 0.05005466457456351
[2024-12-30 01:15:47,598] INFO: Iter 3100 Summary: 
[2024-12-30 01:15:47,598] INFO: 	 lr: 0.00030000000000000073 	 Training loss: 0.05034586157649756
[2024-12-30 01:15:54,235] INFO: Iter 3200 Summary: 
[2024-12-30 01:15:54,235] INFO: 	 lr: 0.00030000000000000073 	 Training loss: 0.04972805805504322
[2024-12-30 01:16:00,869] INFO: Iter 3300 Summary: 
[2024-12-30 01:16:00,869] INFO: 	 lr: 0.00030000000000000073 	 Training loss: 0.049504386223852635
[2024-12-30 01:16:07,594] INFO: Iter 3400 Summary: 
[2024-12-30 01:16:07,594] INFO: 	 lr: 0.00030000000000000073 	 Training loss: 0.04987979244440794
[2024-12-30 01:16:15,616] INFO: Iter 3500 Summary: 
[2024-12-30 01:16:15,616] INFO: 	 lr: 0.00030000000000000073 	 Training loss: 0.050058062039315704
[2024-12-30 01:16:22,276] INFO: Iter 3600 Summary: 
[2024-12-30 01:16:22,276] INFO: 	 lr: 0.00030000000000000073 	 Training loss: 0.048971187770366666
[2024-12-30 01:16:28,950] INFO: Iter 3700 Summary: 
[2024-12-30 01:16:28,951] INFO: 	 lr: 0.00030000000000000073 	 Training loss: 0.049539142549037934
[2024-12-30 01:16:35,588] INFO: Iter 3800 Summary: 
[2024-12-30 01:16:35,588] INFO: 	 lr: 0.00030000000000000073 	 Training loss: 0.049195535257458685
[2024-12-30 01:16:42,236] INFO: Iter 3900 Summary: 
[2024-12-30 01:16:42,236] INFO: 	 lr: 0.00030000000000000073 	 Training loss: 0.04876413255929947
[2024-12-30 01:16:48,897] INFO: Iter 4000 Summary: 
[2024-12-30 01:16:48,897] INFO: 	 lr: 0.00030000000000000073 	 Training loss: 0.04865113239735365
[2024-12-30 01:16:57,616] INFO: Iter 4100 Summary: 
[2024-12-30 01:16:57,616] INFO: 	 lr: 0.00030000000000000073 	 Training loss: 0.04867698952555657
[2024-12-30 01:17:05,419] INFO: Iter 4200 Summary: 
[2024-12-30 01:17:05,420] INFO: 	 lr: 0.00030000000000000073 	 Training loss: 0.04919613212347031
[2024-12-30 01:17:12,093] INFO: Iter 4300 Summary: 
[2024-12-30 01:17:12,093] INFO: 	 lr: 0.00030000000000000073 	 Training loss: 0.04883602634072304
[2024-12-30 01:17:18,799] INFO: Iter 4400 Summary: 
[2024-12-30 01:17:18,800] INFO: 	 lr: 0.00030000000000000073 	 Training loss: 0.048851721957325935
[2024-12-30 01:17:25,457] INFO: Iter 4500 Summary: 
[2024-12-30 01:17:25,457] INFO: 	 lr: 0.00030000000000000073 	 Training loss: 0.048165329284965995
[2024-12-30 01:17:32,111] INFO: Iter 4600 Summary: 
[2024-12-30 01:17:32,111] INFO: 	 lr: 0.00030000000000000073 	 Training loss: 0.04821610685437918
[2024-12-30 01:17:38,752] INFO: Iter 4700 Summary: 
[2024-12-30 01:17:38,752] INFO: 	 lr: 0.00030000000000000073 	 Training loss: 0.04822985831648111
[2024-12-30 01:17:45,463] INFO: Iter 4800 Summary: 
[2024-12-30 01:17:45,463] INFO: 	 lr: 0.00030000000000000073 	 Training loss: 0.047921694628894326
[2024-12-30 01:17:53,108] INFO: Iter 4900 Summary: 
[2024-12-30 01:17:53,108] INFO: 	 lr: 0.00030000000000000073 	 Training loss: 0.04813017938286066
[2024-12-30 01:17:59,759] INFO: Iter 5000 Summary: 
[2024-12-30 01:17:59,759] INFO: 	 lr: 0.00030000000000000073 	 Training loss: 0.04826028648763895
[2024-12-30 01:18:06,416] INFO: Iter 5100 Summary: 
[2024-12-30 01:18:06,416] INFO: 	 lr: 0.00030000000000000073 	 Training loss: 0.047782199159264564
[2024-12-30 01:18:13,224] INFO: Iter 5200 Summary: 
[2024-12-30 01:18:13,224] INFO: 	 lr: 0.00030000000000000073 	 Training loss: 0.04771796058863401
[2024-12-30 01:18:19,861] INFO: Iter 5300 Summary: 
[2024-12-30 01:18:19,861] INFO: 	 lr: 0.00030000000000000073 	 Training loss: 0.04733363587409258
[2024-12-30 01:18:26,499] INFO: Iter 5400 Summary: 
[2024-12-30 01:18:26,500] INFO: 	 lr: 0.00030000000000000073 	 Training loss: 0.0472454621642828
[2024-12-30 01:18:33,160] INFO: Iter 5500 Summary: 
[2024-12-30 01:18:33,160] INFO: 	 lr: 0.00030000000000000073 	 Training loss: 0.047145109586417676
[2024-12-30 01:18:40,859] INFO: Iter 5600 Summary: 
[2024-12-30 01:18:40,860] INFO: 	 lr: 0.00030000000000000073 	 Training loss: 0.04734859187155962
[2024-12-30 01:18:47,511] INFO: Iter 5700 Summary: 
[2024-12-30 01:18:47,511] INFO: 	 lr: 0.00030000000000000073 	 Training loss: 0.04746493119746446
[2024-12-30 01:18:54,151] INFO: Iter 5800 Summary: 
[2024-12-30 01:18:54,151] INFO: 	 lr: 0.00030000000000000073 	 Training loss: 0.046967148594558236
[2024-12-30 01:19:00,798] INFO: Iter 5900 Summary: 
[2024-12-30 01:19:00,798] INFO: 	 lr: 0.00030000000000000073 	 Training loss: 0.04684378452599049
[2024-12-30 01:19:07,440] INFO: Iter 6000 Summary: 
[2024-12-30 01:19:07,440] INFO: 	 lr: 0.00030000000000000073 	 Training loss: 0.046909901462495324
[2024-12-30 01:19:17,043] INFO: Iter 6100 Summary: 
[2024-12-30 01:19:17,043] INFO: 	 lr: 0.00030000000000000073 	 Training loss: 0.04685698729008436
[2024-12-30 01:19:24,658] INFO: Iter 6200 Summary: 
[2024-12-30 01:19:24,658] INFO: 	 lr: 0.00030000000000000073 	 Training loss: 0.04681103993207216
[2024-12-30 01:19:31,306] INFO: Iter 6300 Summary: 
[2024-12-30 01:19:31,306] INFO: 	 lr: 0.00030000000000000073 	 Training loss: 0.04664640597999096
[2024-12-30 01:19:37,566] INFO: Iter 6400 Summary: 
[2024-12-30 01:19:37,566] INFO: 	 lr: 0.00030000000000000073 	 Training loss: 0.04630482092499733
[2024-12-30 01:19:44,216] INFO: Iter 6500 Summary: 
[2024-12-30 01:19:44,216] INFO: 	 lr: 0.00030000000000000073 	 Training loss: 0.046353561878204344
[2024-12-30 01:19:50,859] INFO: Iter 6600 Summary: 
[2024-12-30 01:19:50,859] INFO: 	 lr: 0.00030000000000000073 	 Training loss: 0.04652943011373281
[2024-12-30 01:19:57,479] INFO: Iter 6700 Summary: 
[2024-12-30 01:19:57,480] INFO: 	 lr: 0.00030000000000000073 	 Training loss: 0.04640408184379339
[2024-12-30 01:20:04,117] INFO: Iter 6800 Summary: 
[2024-12-30 01:20:04,117] INFO: 	 lr: 0.00030000000000000073 	 Training loss: 0.04640997532755137
[2024-12-30 01:20:12,094] INFO: Iter 6900 Summary: 
[2024-12-30 01:20:12,094] INFO: 	 lr: 0.00030000000000000073 	 Training loss: 0.04616159912198782
[2024-12-30 01:20:18,907] INFO: Iter 7000 Summary: 
[2024-12-30 01:20:18,907] INFO: 	 lr: 0.00030000000000000073 	 Training loss: 0.046219301521778104
[2024-12-30 01:20:25,827] INFO: Iter 7100 Summary: 
[2024-12-30 01:20:25,827] INFO: 	 lr: 0.00030000000000000073 	 Training loss: 0.046014511547982695
[2024-12-30 01:20:32,794] INFO: Iter 7200 Summary: 
[2024-12-30 01:20:32,795] INFO: 	 lr: 0.00030000000000000073 	 Training loss: 0.045993531942367556
[2024-12-30 01:20:39,697] INFO: Iter 7300 Summary: 
[2024-12-30 01:20:39,697] INFO: 	 lr: 0.00030000000000000073 	 Training loss: 0.046335500106215476
[2024-12-30 01:20:46,439] INFO: Iter 7400 Summary: 
[2024-12-30 01:20:46,439] INFO: 	 lr: 0.00030000000000000073 	 Training loss: 0.045787195675075054
[2024-12-30 01:20:53,159] INFO: Iter 7500 Summary: 
[2024-12-30 01:20:53,159] INFO: 	 lr: 0.00030000000000000073 	 Training loss: 0.045543647482991216
[2024-12-30 01:21:00,922] INFO: Iter 7600 Summary: 
[2024-12-30 01:21:00,923] INFO: 	 lr: 0.00030000000000000073 	 Training loss: 0.04563907310366631
[2024-12-30 01:21:07,577] INFO: Iter 7700 Summary: 
[2024-12-30 01:21:07,577] INFO: 	 lr: 0.00030000000000000073 	 Training loss: 0.0454915701597929
[2024-12-30 01:21:14,239] INFO: Iter 7800 Summary: 
[2024-12-30 01:21:14,239] INFO: 	 lr: 0.00030000000000000073 	 Training loss: 0.045439296029508115
[2024-12-30 01:21:20,850] INFO: Iter 7900 Summary: 
[2024-12-30 01:21:20,851] INFO: 	 lr: 0.00030000000000000073 	 Training loss: 0.04546063497662544
[2024-12-30 01:21:27,528] INFO: Iter 8000 Summary: 
[2024-12-30 01:21:27,528] INFO: 	 lr: 0.00030000000000000073 	 Training loss: 0.04558264706283808
[2024-12-30 01:21:36,841] INFO: Iter 8100 Summary: 
[2024-12-30 01:21:36,842] INFO: 	 lr: 0.00030000000000000073 	 Training loss: 0.045150695741176604
[2024-12-30 01:21:43,481] INFO: Iter 8200 Summary: 
[2024-12-30 01:21:43,481] INFO: 	 lr: 0.00030000000000000073 	 Training loss: 0.0451867451518774
[2024-12-30 01:21:51,266] INFO: Iter 8300 Summary: 
[2024-12-30 01:21:51,267] INFO: 	 lr: 0.00030000000000000073 	 Training loss: 0.04515025977045298
[2024-12-30 01:21:57,909] INFO: Iter 8400 Summary: 
[2024-12-30 01:21:57,909] INFO: 	 lr: 0.00030000000000000073 	 Training loss: 0.04503619186580181
[2024-12-30 01:22:04,481] INFO: Iter 8500 Summary: 
[2024-12-30 01:22:04,481] INFO: 	 lr: 0.00030000000000000073 	 Training loss: 0.044984251856803895
[2024-12-30 01:22:10,795] INFO: Iter 8600 Summary: 
[2024-12-30 01:22:10,795] INFO: 	 lr: 0.00030000000000000073 	 Training loss: 0.04464191660284996
[2024-12-30 01:22:17,396] INFO: Iter 8700 Summary: 
[2024-12-30 01:22:17,396] INFO: 	 lr: 0.00030000000000000073 	 Training loss: 0.04511042769998312
[2024-12-30 01:22:24,185] INFO: Iter 8800 Summary: 
[2024-12-30 01:22:24,185] INFO: 	 lr: 0.00030000000000000073 	 Training loss: 0.04487875264137983
[2024-12-30 01:22:30,864] INFO: Iter 8900 Summary: 
[2024-12-30 01:22:30,864] INFO: 	 lr: 0.00030000000000000073 	 Training loss: 0.04472593195736408
[2024-12-30 01:22:38,560] INFO: Iter 9000 Summary: 
[2024-12-30 01:22:38,560] INFO: 	 lr: 0.00030000000000000073 	 Training loss: 0.04460394665598869
[2024-12-30 01:22:45,186] INFO: Iter 9100 Summary: 
[2024-12-30 01:22:45,186] INFO: 	 lr: 0.00030000000000000073 	 Training loss: 0.04486935220658779
[2024-12-30 01:22:51,798] INFO: Iter 9200 Summary: 
[2024-12-30 01:22:51,798] INFO: 	 lr: 0.00030000000000000073 	 Training loss: 0.044305602945387365
[2024-12-30 01:22:58,360] INFO: Iter 9300 Summary: 
[2024-12-30 01:22:58,360] INFO: 	 lr: 0.00030000000000000073 	 Training loss: 0.04448705650866032
[2024-12-30 01:23:04,999] INFO: Iter 9400 Summary: 
[2024-12-30 01:23:04,999] INFO: 	 lr: 0.00030000000000000073 	 Training loss: 0.04440710619091988
[2024-12-30 01:23:11,703] INFO: Iter 9500 Summary: 
[2024-12-30 01:23:11,703] INFO: 	 lr: 0.00030000000000000073 	 Training loss: 0.044492477066814896
[2024-12-30 01:23:18,375] INFO: Iter 9600 Summary: 
[2024-12-30 01:23:18,375] INFO: 	 lr: 0.00030000000000000073 	 Training loss: 0.044774725213646886
[2024-12-30 01:23:26,114] INFO: Iter 9700 Summary: 
[2024-12-30 01:23:26,115] INFO: 	 lr: 0.00030000000000000073 	 Training loss: 0.04409833416342735
[2024-12-30 01:23:32,729] INFO: Iter 9800 Summary: 
[2024-12-30 01:23:32,729] INFO: 	 lr: 0.00030000000000000073 	 Training loss: 0.04415976636111736
[2024-12-30 01:23:39,387] INFO: Iter 9900 Summary: 
[2024-12-30 01:23:39,387] INFO: 	 lr: 0.00030000000000000073 	 Training loss: 0.04411194697022438
[2024-12-30 01:23:46,029] INFO: Iter 10000 Summary: 
[2024-12-30 01:23:46,029] INFO: 	 lr: 0.00030000000000000073 	 Training loss: 0.0442710642144084
[2024-12-30 01:23:55,321] INFO: Iter 10100 Summary: 
[2024-12-30 01:23:55,322] INFO: 	 lr: 0.00030000000000000073 	 Training loss: 0.0440024658292532
[2024-12-30 01:24:01,774] INFO: Iter 10200 Summary: 
[2024-12-30 01:24:01,774] INFO: 	 lr: 0.00030000000000000073 	 Training loss: 0.043942578695714475
[2024-12-30 01:24:08,551] INFO: Iter 10300 Summary: 
[2024-12-30 01:24:08,551] INFO: 	 lr: 0.00030000000000000073 	 Training loss: 0.043861957676708696
[2024-12-30 01:24:16,294] INFO: Iter 10400 Summary: 
[2024-12-30 01:24:16,294] INFO: 	 lr: 0.00030000000000000073 	 Training loss: 0.04388104699552059
[2024-12-30 01:24:22,939] INFO: Iter 10500 Summary: 
[2024-12-30 01:24:22,939] INFO: 	 lr: 0.00030000000000000073 	 Training loss: 0.04396574128419161
[2024-12-30 01:24:29,606] INFO: Iter 10600 Summary: 
[2024-12-30 01:24:29,606] INFO: 	 lr: 0.00030000000000000073 	 Training loss: 0.04375992886722088
[2024-12-30 01:24:36,241] INFO: Iter 10700 Summary: 
[2024-12-30 01:24:36,241] INFO: 	 lr: 0.00030000000000000073 	 Training loss: 0.04378866896033287
[2024-12-30 01:24:42,907] INFO: Iter 10800 Summary: 
[2024-12-30 01:24:42,907] INFO: 	 lr: 0.00030000000000000073 	 Training loss: 0.04381931487470865
[2024-12-30 01:24:49,569] INFO: Iter 10900 Summary: 
[2024-12-30 01:24:49,569] INFO: 	 lr: 0.00030000000000000073 	 Training loss: 0.04370822656899691
[2024-12-30 01:24:56,214] INFO: Iter 11000 Summary: 
[2024-12-30 01:24:56,214] INFO: 	 lr: 0.00030000000000000073 	 Training loss: 0.04385665278881788
[2024-12-30 01:25:03,851] INFO: Iter 11100 Summary: 
[2024-12-30 01:25:03,852] INFO: 	 lr: 0.00030000000000000073 	 Training loss: 0.04323406748473644
[2024-12-30 01:25:10,518] INFO: Iter 11200 Summary: 
[2024-12-30 01:25:10,518] INFO: 	 lr: 0.00030000000000000073 	 Training loss: 0.04315485004335642
[2024-12-30 01:25:17,288] INFO: Iter 11300 Summary: 
[2024-12-30 01:25:17,288] INFO: 	 lr: 0.00030000000000000073 	 Training loss: 0.04362233955413103
[2024-12-30 01:25:23,941] INFO: Iter 11400 Summary: 
[2024-12-30 01:25:23,941] INFO: 	 lr: 0.00030000000000000073 	 Training loss: 0.043433373272418974
[2024-12-30 01:25:30,607] INFO: Iter 11500 Summary: 
[2024-12-30 01:25:30,607] INFO: 	 lr: 0.00030000000000000073 	 Training loss: 0.043489357903599736
[2024-12-30 01:25:37,246] INFO: Iter 11600 Summary: 
[2024-12-30 01:25:37,246] INFO: 	 lr: 0.00030000000000000073 	 Training loss: 0.04344488769769669
[2024-12-30 01:25:45,047] INFO: Iter 11700 Summary: 
[2024-12-30 01:25:45,047] INFO: 	 lr: 0.00030000000000000073 	 Training loss: 0.04368325237184763
[2024-12-30 01:25:51,859] INFO: Iter 11800 Summary: 
[2024-12-30 01:25:51,859] INFO: 	 lr: 0.00030000000000000073 	 Training loss: 0.04351663362234831
[2024-12-30 01:25:58,451] INFO: Iter 11900 Summary: 
[2024-12-30 01:25:58,451] INFO: 	 lr: 0.00030000000000000073 	 Training loss: 0.043098880425095555
[2024-12-30 01:26:05,093] INFO: Iter 12000 Summary: 
[2024-12-30 01:26:05,093] INFO: 	 lr: 0.00030000000000000073 	 Training loss: 0.04314607474952936
[2024-12-30 01:26:14,061] INFO: Iter 12100 Summary: 
[2024-12-30 01:26:14,061] INFO: 	 lr: 0.00030000000000000073 	 Training loss: 0.042840596996247766
[2024-12-30 01:26:20,688] INFO: Iter 12200 Summary: 
[2024-12-30 01:26:20,688] INFO: 	 lr: 0.00030000000000000073 	 Training loss: 0.04285114511847496
[2024-12-30 01:26:27,326] INFO: Iter 12300 Summary: 
[2024-12-30 01:26:27,326] INFO: 	 lr: 0.00030000000000000073 	 Training loss: 0.04285594366490841
[2024-12-30 01:26:35,223] INFO: Iter 12400 Summary: 
[2024-12-30 01:26:35,224] INFO: 	 lr: 0.00030000000000000073 	 Training loss: 0.04365105722099542
[2024-12-30 01:26:40,864] INFO: Iter 12500 Summary: 
[2024-12-30 01:26:40,865] INFO: 	 lr: 0.00030000000000000073 	 Training loss: 0.0430576204136014
[2024-12-30 01:26:47,790] INFO: Iter 12600 Summary: 
[2024-12-30 01:26:47,790] INFO: 	 lr: 0.00030000000000000073 	 Training loss: 0.04315975073724985
[2024-12-30 01:26:54,875] INFO: Iter 12700 Summary: 
[2024-12-30 01:26:54,876] INFO: 	 lr: 0.00030000000000000073 	 Training loss: 0.04310629572719336
[2024-12-30 01:27:01,622] INFO: Iter 12800 Summary: 
[2024-12-30 01:27:01,622] INFO: 	 lr: 0.00030000000000000073 	 Training loss: 0.042714301720261576
[2024-12-30 01:27:08,353] INFO: Iter 12900 Summary: 
[2024-12-30 01:27:08,354] INFO: 	 lr: 0.00030000000000000073 	 Training loss: 0.042887326031923294
[2024-12-30 01:27:15,029] INFO: Iter 13000 Summary: 
[2024-12-30 01:27:15,030] INFO: 	 lr: 0.00030000000000000073 	 Training loss: 0.04308041606098414
[2024-12-30 01:27:22,842] INFO: Iter 13100 Summary: 
[2024-12-30 01:27:22,842] INFO: 	 lr: 0.00030000000000000073 	 Training loss: 0.04251299045979977
[2024-12-30 01:27:29,545] INFO: Iter 13200 Summary: 
[2024-12-30 01:27:29,545] INFO: 	 lr: 0.00030000000000000073 	 Training loss: 0.042506140433251856
[2024-12-30 01:27:36,244] INFO: Iter 13300 Summary: 
[2024-12-30 01:27:36,245] INFO: 	 lr: 0.00030000000000000073 	 Training loss: 0.04273435458540917
[2024-12-30 01:27:42,896] INFO: Iter 13400 Summary: 
[2024-12-30 01:27:42,896] INFO: 	 lr: 0.00030000000000000073 	 Training loss: 0.042768923379480836
[2024-12-30 01:27:49,419] INFO: Iter 13500 Summary: 
[2024-12-30 01:27:49,419] INFO: 	 lr: 0.00030000000000000073 	 Training loss: 0.042654925659298897
[2024-12-30 01:27:56,093] INFO: Iter 13600 Summary: 
[2024-12-30 01:27:56,093] INFO: 	 lr: 0.00030000000000000073 	 Training loss: 0.04258499801158905
[2024-12-30 01:28:02,758] INFO: Iter 13700 Summary: 
[2024-12-30 01:28:02,758] INFO: 	 lr: 0.00030000000000000073 	 Training loss: 0.042801099456846715
[2024-12-30 01:28:10,666] INFO: Iter 13800 Summary: 
[2024-12-30 01:28:10,667] INFO: 	 lr: 0.00030000000000000073 	 Training loss: 0.04227223813533783
[2024-12-30 01:28:17,379] INFO: Iter 13900 Summary: 
[2024-12-30 01:28:17,379] INFO: 	 lr: 0.00030000000000000073 	 Training loss: 0.04273543149232864
[2024-12-30 01:28:24,017] INFO: Iter 14000 Summary: 
[2024-12-30 01:28:24,017] INFO: 	 lr: 0.00030000000000000073 	 Training loss: 0.04260625407099724
[2024-12-30 01:28:33,372] INFO: Iter 14100 Summary: 
[2024-12-30 01:28:33,372] INFO: 	 lr: 0.00030000000000000073 	 Training loss: 0.042503896467387677
[2024-12-30 01:28:40,064] INFO: Iter 14200 Summary: 
[2024-12-30 01:28:40,064] INFO: 	 lr: 0.00030000000000000073 	 Training loss: 0.042152341678738596
[2024-12-30 01:28:46,883] INFO: Iter 14300 Summary: 
[2024-12-30 01:28:46,884] INFO: 	 lr: 0.00030000000000000073 	 Training loss: 0.042617533057928085
[2024-12-30 01:28:53,496] INFO: Iter 14400 Summary: 
[2024-12-30 01:28:53,497] INFO: 	 lr: 0.00030000000000000073 	 Training loss: 0.04265897542238235
[2024-12-30 01:29:01,394] INFO: Iter 14500 Summary: 
[2024-12-30 01:29:01,394] INFO: 	 lr: 0.00030000000000000073 	 Training loss: 0.04227222315967083
[2024-12-30 01:29:08,207] INFO: Iter 14600 Summary: 
[2024-12-30 01:29:08,207] INFO: 	 lr: 0.00030000000000000073 	 Training loss: 0.04248041026294232
[2024-12-30 01:29:14,845] INFO: Iter 14700 Summary: 
[2024-12-30 01:29:14,845] INFO: 	 lr: 0.00030000000000000073 	 Training loss: 0.042215336561203
[2024-12-30 01:29:21,498] INFO: Iter 14800 Summary: 
[2024-12-30 01:29:21,498] INFO: 	 lr: 0.00030000000000000073 	 Training loss: 0.04277817364782095
[2024-12-30 01:29:28,140] INFO: Iter 14900 Summary: 
[2024-12-30 01:29:28,140] INFO: 	 lr: 0.00030000000000000073 	 Training loss: 0.042308760620653627
[2024-12-30 01:29:34,772] INFO: Iter 15000 Summary: 
[2024-12-30 01:29:34,772] INFO: 	 lr: 0.00030000000000000073 	 Training loss: 0.042402685955166816
[2024-12-30 01:29:41,416] INFO: Iter 15100 Summary: 
[2024-12-30 01:29:41,417] INFO: 	 lr: 0.00030000000000000073 	 Training loss: 0.04232522465288639
[2024-12-30 01:29:49,262] INFO: Iter 15200 Summary: 
[2024-12-30 01:29:49,262] INFO: 	 lr: 0.00030000000000000073 	 Training loss: 0.04206049781292677
[2024-12-30 01:29:55,934] INFO: Iter 15300 Summary: 
[2024-12-30 01:29:55,934] INFO: 	 lr: 0.00030000000000000073 	 Training loss: 0.042276324257254604
[2024-12-30 01:30:02,621] INFO: Iter 15400 Summary: 
[2024-12-30 01:30:02,621] INFO: 	 lr: 0.00030000000000000073 	 Training loss: 0.042337207235395906
[2024-12-30 01:30:09,181] INFO: Iter 15500 Summary: 
[2024-12-30 01:30:09,181] INFO: 	 lr: 0.00030000000000000073 	 Training loss: 0.042026806175708774
[2024-12-30 01:30:15,623] INFO: Iter 15600 Summary: 
[2024-12-30 01:30:15,624] INFO: 	 lr: 0.00030000000000000073 	 Training loss: 0.04211880374699831
[2024-12-30 01:30:22,132] INFO: Iter 15700 Summary: 
[2024-12-30 01:30:22,132] INFO: 	 lr: 0.00030000000000000073 	 Training loss: 0.0422499780356884
[2024-12-30 01:30:28,788] INFO: Iter 15800 Summary: 
[2024-12-30 01:30:28,789] INFO: 	 lr: 0.00030000000000000073 	 Training loss: 0.041983532831072805
[2024-12-30 01:30:36,735] INFO: Iter 15900 Summary: 
[2024-12-30 01:30:36,736] INFO: 	 lr: 0.00030000000000000073 	 Training loss: 0.04189154714345932
[2024-12-30 01:30:43,369] INFO: Iter 16000 Summary: 
[2024-12-30 01:30:43,370] INFO: 	 lr: 0.00030000000000000073 	 Training loss: 0.041899459436535835
[2024-12-30 01:30:51,800] INFO: Iter 16100 Summary: 
[2024-12-30 01:30:51,800] INFO: 	 lr: 0.00030000000000000073 	 Training loss: 0.04178886402398348
[2024-12-30 01:30:58,436] INFO: Iter 16200 Summary: 
[2024-12-30 01:30:58,436] INFO: 	 lr: 0.00030000000000000073 	 Training loss: 0.04179618146270513
[2024-12-30 01:31:05,078] INFO: Iter 16300 Summary: 
[2024-12-30 01:31:05,079] INFO: 	 lr: 0.00030000000000000073 	 Training loss: 0.04198622487485409
[2024-12-30 01:31:11,743] INFO: Iter 16400 Summary: 
[2024-12-30 01:31:11,743] INFO: 	 lr: 0.00030000000000000073 	 Training loss: 0.042115687616169455
[2024-12-30 01:31:18,396] INFO: Iter 16500 Summary: 
[2024-12-30 01:31:18,396] INFO: 	 lr: 0.00030000000000000073 	 Training loss: 0.04202948093414307
[2024-12-30 01:31:26,086] INFO: Iter 16600 Summary: 
[2024-12-30 01:31:26,086] INFO: 	 lr: 0.00030000000000000073 	 Training loss: 0.04211698144674301
[2024-12-30 01:31:32,738] INFO: Iter 16700 Summary: 
[2024-12-30 01:31:32,738] INFO: 	 lr: 0.00030000000000000073 	 Training loss: 0.04168829932808876
[2024-12-30 01:31:39,366] INFO: Iter 16800 Summary: 
[2024-12-30 01:31:39,367] INFO: 	 lr: 0.00030000000000000073 	 Training loss: 0.04172005258500576
[2024-12-30 01:31:46,004] INFO: Iter 16900 Summary: 
[2024-12-30 01:31:46,004] INFO: 	 lr: 0.00030000000000000073 	 Training loss: 0.0419886714220047
[2024-12-30 01:31:52,665] INFO: Iter 17000 Summary: 
[2024-12-30 01:31:52,665] INFO: 	 lr: 0.00030000000000000073 	 Training loss: 0.04182897835969925
[2024-12-30 01:31:59,571] INFO: Iter 17100 Summary: 
[2024-12-30 01:31:59,572] INFO: 	 lr: 0.00030000000000000073 	 Training loss: 0.041854170933365825
[2024-12-30 01:32:06,455] INFO: Iter 17200 Summary: 
[2024-12-30 01:32:06,455] INFO: 	 lr: 0.00030000000000000073 	 Training loss: 0.0417629000172019
[2024-12-30 01:32:14,426] INFO: Iter 17300 Summary: 
[2024-12-30 01:32:14,426] INFO: 	 lr: 0.00030000000000000073 	 Training loss: 0.04167517129331827
[2024-12-30 01:32:21,062] INFO: Iter 17400 Summary: 
[2024-12-30 01:32:21,062] INFO: 	 lr: 0.00030000000000000073 	 Training loss: 0.041697140112519265
[2024-12-30 01:32:27,704] INFO: Iter 17500 Summary: 
[2024-12-30 01:32:27,704] INFO: 	 lr: 0.00030000000000000073 	 Training loss: 0.04135462906211615
[2024-12-30 01:32:34,308] INFO: Iter 17600 Summary: 
[2024-12-30 01:32:34,308] INFO: 	 lr: 0.00030000000000000073 	 Training loss: 0.041756058782339095
[2024-12-30 01:32:40,954] INFO: Iter 17700 Summary: 
[2024-12-30 01:32:40,954] INFO: 	 lr: 0.00030000000000000073 	 Training loss: 0.041646713092923164
[2024-12-30 01:32:47,595] INFO: Iter 17800 Summary: 
[2024-12-30 01:32:47,595] INFO: 	 lr: 0.00030000000000000073 	 Training loss: 0.041751680597662925
[2024-12-30 01:32:55,399] INFO: Iter 17900 Summary: 
[2024-12-30 01:32:55,400] INFO: 	 lr: 0.00030000000000000073 	 Training loss: 0.04177531618624926
[2024-12-30 01:33:02,030] INFO: Iter 18000 Summary: 
[2024-12-30 01:33:02,031] INFO: 	 lr: 0.00030000000000000073 	 Training loss: 0.0416898549720645
[2024-12-30 01:33:11,218] INFO: Iter 18100 Summary: 
[2024-12-30 01:33:11,218] INFO: 	 lr: 0.00030000000000000073 	 Training loss: 0.04143550969660282
[2024-12-30 01:33:17,878] INFO: Iter 18200 Summary: 
[2024-12-30 01:33:17,878] INFO: 	 lr: 0.00030000000000000073 	 Training loss: 0.04162235919386149
[2024-12-30 01:33:24,528] INFO: Iter 18300 Summary: 
[2024-12-30 01:33:24,528] INFO: 	 lr: 0.00030000000000000073 	 Training loss: 0.041719704754650595
[2024-12-30 01:33:31,166] INFO: Iter 18400 Summary: 
[2024-12-30 01:33:31,166] INFO: 	 lr: 0.00030000000000000073 	 Training loss: 0.04128287546336651
[2024-12-30 01:33:37,807] INFO: Iter 18500 Summary: 
[2024-12-30 01:33:37,807] INFO: 	 lr: 0.00030000000000000073 	 Training loss: 0.04184386987239122
[2024-12-30 01:33:45,565] INFO: Iter 18600 Summary: 
[2024-12-30 01:33:45,566] INFO: 	 lr: 0.00030000000000000073 	 Training loss: 0.04150274958461523
[2024-12-30 01:33:52,231] INFO: Iter 18700 Summary: 
[2024-12-30 01:33:52,231] INFO: 	 lr: 0.00030000000000000073 	 Training loss: 0.04134726852178574
[2024-12-30 01:33:58,855] INFO: Iter 18800 Summary: 
[2024-12-30 01:33:58,855] INFO: 	 lr: 0.00030000000000000073 	 Training loss: 0.0413451774045825
[2024-12-30 01:34:05,496] INFO: Iter 18900 Summary: 
[2024-12-30 01:34:05,496] INFO: 	 lr: 0.00030000000000000073 	 Training loss: 0.041344103664159776
[2024-12-30 01:34:12,162] INFO: Iter 19000 Summary: 
[2024-12-30 01:34:12,162] INFO: 	 lr: 0.00030000000000000073 	 Training loss: 0.041221488751471046
[2024-12-30 01:34:18,963] INFO: Iter 19100 Summary: 
[2024-12-30 01:34:18,963] INFO: 	 lr: 0.00030000000000000073 	 Training loss: 0.04168159835040569
[2024-12-30 01:34:25,601] INFO: Iter 19200 Summary: 
[2024-12-30 01:34:25,601] INFO: 	 lr: 0.00030000000000000073 	 Training loss: 0.041414538510143754
[2024-12-30 01:34:33,464] INFO: Iter 19300 Summary: 
[2024-12-30 01:34:33,465] INFO: 	 lr: 0.00030000000000000073 	 Training loss: 0.04147715792059899
[2024-12-30 01:34:40,165] INFO: Iter 19400 Summary: 
[2024-12-30 01:34:40,165] INFO: 	 lr: 0.00030000000000000073 	 Training loss: 0.04157419458031655
[2024-12-30 01:34:46,810] INFO: Iter 19500 Summary: 
[2024-12-30 01:34:46,810] INFO: 	 lr: 0.00030000000000000073 	 Training loss: 0.04146520022302866
[2024-12-30 01:34:53,364] INFO: Iter 19600 Summary: 
[2024-12-30 01:34:53,364] INFO: 	 lr: 0.00030000000000000073 	 Training loss: 0.04176023874431849
[2024-12-30 01:35:00,015] INFO: Iter 19700 Summary: 
[2024-12-30 01:35:00,016] INFO: 	 lr: 0.00030000000000000073 	 Training loss: 0.04110462315380573
[2024-12-30 01:35:06,647] INFO: Iter 19800 Summary: 
[2024-12-30 01:35:06,648] INFO: 	 lr: 0.00030000000000000073 	 Training loss: 0.04116968899965286
[2024-12-30 01:35:13,270] INFO: Iter 19900 Summary: 
[2024-12-30 01:35:13,270] INFO: 	 lr: 0.00030000000000000073 	 Training loss: 0.04145333297550678
[2024-12-30 01:35:20,999] INFO: Iter 20000 Summary: 
[2024-12-30 01:35:20,999] INFO: 	 lr: 0.00030000000000000073 	 Training loss: 0.041211276724934576
[2024-12-30 01:35:30,557] INFO: Iter 20100 Summary: 
[2024-12-30 01:35:30,558] INFO: 	 lr: 0.00030000000000000073 	 Training loss: 0.04122575636953116
[2024-12-30 01:35:37,199] INFO: Iter 20200 Summary: 
[2024-12-30 01:35:37,199] INFO: 	 lr: 0.00030000000000000073 	 Training loss: 0.04120473187416792
[2024-12-30 01:35:43,874] INFO: Iter 20300 Summary: 
[2024-12-30 01:35:43,874] INFO: 	 lr: 0.00030000000000000073 	 Training loss: 0.04128737956285477
[2024-12-30 01:35:50,757] INFO: Iter 20400 Summary: 
[2024-12-30 01:35:50,757] INFO: 	 lr: 0.00030000000000000073 	 Training loss: 0.040759000107645986
[2024-12-30 01:35:57,406] INFO: Iter 20500 Summary: 
[2024-12-30 01:35:57,406] INFO: 	 lr: 0.00030000000000000073 	 Training loss: 0.04157174188643694
[2024-12-30 01:36:04,076] INFO: Iter 20600 Summary: 
[2024-12-30 01:36:04,076] INFO: 	 lr: 0.00030000000000000073 	 Training loss: 0.041228796876966955
[2024-12-30 01:36:11,930] INFO: Iter 20700 Summary: 
[2024-12-30 01:36:11,931] INFO: 	 lr: 0.00030000000000000073 	 Training loss: 0.04075723372399807
[2024-12-30 01:36:18,627] INFO: Iter 20800 Summary: 
[2024-12-30 01:36:18,627] INFO: 	 lr: 0.00030000000000000073 	 Training loss: 0.04122813433408737
[2024-12-30 01:36:25,347] INFO: Iter 20900 Summary: 
[2024-12-30 01:36:25,347] INFO: 	 lr: 0.00030000000000000073 	 Training loss: 0.04116771467030048
[2024-12-30 01:36:32,032] INFO: Iter 21000 Summary: 
[2024-12-30 01:36:32,032] INFO: 	 lr: 0.00030000000000000073 	 Training loss: 0.04143654726445675
[2024-12-30 01:36:38,654] INFO: Iter 21100 Summary: 
[2024-12-30 01:36:38,655] INFO: 	 lr: 0.00030000000000000073 	 Training loss: 0.04118979163467884
[2024-12-30 01:36:45,260] INFO: Iter 21200 Summary: 
[2024-12-30 01:36:45,260] INFO: 	 lr: 0.00030000000000000073 	 Training loss: 0.04112092394381762
[2024-12-30 01:36:51,882] INFO: Iter 21300 Summary: 
[2024-12-30 01:36:51,882] INFO: 	 lr: 0.00030000000000000073 	 Training loss: 0.04101834774017334
[2024-12-30 01:36:59,742] INFO: Iter 21400 Summary: 
[2024-12-30 01:36:59,742] INFO: 	 lr: 0.00030000000000000073 	 Training loss: 0.041031647697091105
[2024-12-30 01:37:06,571] INFO: Iter 21500 Summary: 
[2024-12-30 01:37:06,571] INFO: 	 lr: 0.00030000000000000073 	 Training loss: 0.04088226739317179
[2024-12-30 01:37:13,358] INFO: Iter 21600 Summary: 
[2024-12-30 01:37:13,358] INFO: 	 lr: 0.00030000000000000073 	 Training loss: 0.04093435876071453
[2024-12-30 01:37:20,292] INFO: Iter 21700 Summary: 
[2024-12-30 01:37:20,292] INFO: 	 lr: 0.00030000000000000073 	 Training loss: 0.041099495403468606
[2024-12-30 01:37:26,974] INFO: Iter 21800 Summary: 
[2024-12-30 01:37:26,975] INFO: 	 lr: 0.00030000000000000073 	 Training loss: 0.040932576656341556
[2024-12-30 01:37:33,602] INFO: Iter 21900 Summary: 
[2024-12-30 01:37:33,603] INFO: 	 lr: 0.00030000000000000073 	 Training loss: 0.04093596655875444
[2024-12-30 01:37:40,213] INFO: Iter 22000 Summary: 
[2024-12-30 01:37:40,214] INFO: 	 lr: 0.00030000000000000073 	 Training loss: 0.04122546911239624
[2024-12-30 01:37:51,226] INFO: Iter 22100 Summary: 
[2024-12-30 01:37:51,226] INFO: 	 lr: 0.00030000000000000073 	 Training loss: 0.04082964513450861
[2024-12-30 01:37:57,890] INFO: Iter 22200 Summary: 
[2024-12-30 01:37:57,890] INFO: 	 lr: 0.00030000000000000073 	 Training loss: 0.04088742755353451
[2024-12-30 01:38:04,486] INFO: Iter 22300 Summary: 
[2024-12-30 01:38:04,486] INFO: 	 lr: 0.00030000000000000073 	 Training loss: 0.041049284525215626
[2024-12-30 01:38:11,096] INFO: Iter 22400 Summary: 
[2024-12-30 01:38:11,096] INFO: 	 lr: 0.00030000000000000073 	 Training loss: 0.041293509416282174
[2024-12-30 01:38:17,977] INFO: Iter 22500 Summary: 
[2024-12-30 01:38:17,977] INFO: 	 lr: 0.00030000000000000073 	 Training loss: 0.04097870331257582
[2024-12-30 01:38:24,567] INFO: Iter 22600 Summary: 
[2024-12-30 01:38:24,567] INFO: 	 lr: 0.00030000000000000073 	 Training loss: 0.04098535921424627
[2024-12-30 01:38:31,206] INFO: Iter 22700 Summary: 
[2024-12-30 01:38:31,207] INFO: 	 lr: 0.00030000000000000073 	 Training loss: 0.04066650353372097
[2024-12-30 01:38:38,931] INFO: Iter 22800 Summary: 
[2024-12-30 01:38:38,931] INFO: 	 lr: 0.00030000000000000073 	 Training loss: 0.040684228986501696
[2024-12-30 01:38:45,463] INFO: Iter 22900 Summary: 
[2024-12-30 01:38:45,463] INFO: 	 lr: 0.00030000000000000073 	 Training loss: 0.040994365029037
[2024-12-30 01:38:52,054] INFO: Iter 23000 Summary: 
[2024-12-30 01:38:52,054] INFO: 	 lr: 0.00030000000000000073 	 Training loss: 0.041183371543884274
[2024-12-30 01:38:58,717] INFO: Iter 23100 Summary: 
[2024-12-30 01:38:58,717] INFO: 	 lr: 0.00030000000000000073 	 Training loss: 0.040749882981181144
[2024-12-30 01:39:05,638] INFO: Iter 23200 Summary: 
[2024-12-30 01:39:05,638] INFO: 	 lr: 0.00030000000000000073 	 Training loss: 0.04060945849865675
[2024-12-30 01:39:12,035] INFO: Iter 23300 Summary: 
[2024-12-30 01:39:12,035] INFO: 	 lr: 0.00030000000000000073 	 Training loss: 0.04097227156162262
[2024-12-30 01:39:19,796] INFO: Iter 23400 Summary: 
[2024-12-30 01:39:19,796] INFO: 	 lr: 0.00030000000000000073 	 Training loss: 0.041254117265343664
[2024-12-30 01:39:26,517] INFO: Iter 23500 Summary: 
[2024-12-30 01:39:26,517] INFO: 	 lr: 0.00030000000000000073 	 Training loss: 0.040550155378878114
[2024-12-30 01:39:33,016] INFO: Iter 23600 Summary: 
[2024-12-30 01:39:33,016] INFO: 	 lr: 0.00030000000000000073 	 Training loss: 0.04066357772797346
[2024-12-30 01:39:39,434] INFO: Iter 23700 Summary: 
[2024-12-30 01:39:39,435] INFO: 	 lr: 0.00030000000000000073 	 Training loss: 0.040755918212234975
[2024-12-30 01:39:46,046] INFO: Iter 23800 Summary: 
[2024-12-30 01:39:46,046] INFO: 	 lr: 0.00030000000000000073 	 Training loss: 0.040660176612436774
[2024-12-30 01:39:52,741] INFO: Iter 23900 Summary: 
[2024-12-30 01:39:52,741] INFO: 	 lr: 0.00030000000000000073 	 Training loss: 0.040808641761541364
[2024-12-30 01:39:59,384] INFO: Iter 24000 Summary: 
[2024-12-30 01:39:59,384] INFO: 	 lr: 0.00030000000000000073 	 Training loss: 0.04111544132232666
[2024-12-30 01:40:09,299] INFO: Iter 24100 Summary: 
[2024-12-30 01:40:09,299] INFO: 	 lr: 0.00030000000000000073 	 Training loss: 0.040887454710900786
[2024-12-30 01:40:15,985] INFO: Iter 24200 Summary: 
[2024-12-30 01:40:15,985] INFO: 	 lr: 0.00030000000000000073 	 Training loss: 0.04089595295488834
[2024-12-30 01:40:22,561] INFO: Iter 24300 Summary: 
[2024-12-30 01:40:22,561] INFO: 	 lr: 0.00030000000000000073 	 Training loss: 0.04055817175656557
[2024-12-30 01:40:29,204] INFO: Iter 24400 Summary: 
[2024-12-30 01:40:29,204] INFO: 	 lr: 0.00030000000000000073 	 Training loss: 0.04076202347874641
[2024-12-30 01:40:35,917] INFO: Iter 24500 Summary: 
[2024-12-30 01:40:35,917] INFO: 	 lr: 0.00030000000000000073 	 Training loss: 0.04076910749077797
[2024-12-30 01:40:42,624] INFO: Iter 24600 Summary: 
[2024-12-30 01:40:42,624] INFO: 	 lr: 0.00030000000000000073 	 Training loss: 0.04104074265807867
[2024-12-30 01:40:49,270] INFO: Iter 24700 Summary: 
[2024-12-30 01:40:49,270] INFO: 	 lr: 0.00030000000000000073 	 Training loss: 0.04076334834098816
[2024-12-30 01:40:56,839] INFO: Iter 24800 Summary: 
[2024-12-30 01:40:56,839] INFO: 	 lr: 0.00030000000000000073 	 Training loss: 0.04059582963585853
[2024-12-30 01:41:03,449] INFO: Iter 24900 Summary: 
[2024-12-30 01:41:03,449] INFO: 	 lr: 0.00030000000000000073 	 Training loss: 0.04089691527187824
[2024-12-30 01:41:09,110] INFO: Iter 25000 Summary: 
[2024-12-30 01:41:09,110] INFO: 	 lr: 0.00030000000000000073 	 Training loss: 0.04056871086359024
[2024-12-30 01:41:15,758] INFO: Iter 25100 Summary: 
[2024-12-30 01:41:15,758] INFO: 	 lr: 0.00030000000000000073 	 Training loss: 0.040828720070421695
[2024-12-30 01:41:22,364] INFO: Iter 25200 Summary: 
[2024-12-30 01:41:22,364] INFO: 	 lr: 0.00030000000000000073 	 Training loss: 0.040482245683670044
[2024-12-30 01:41:28,980] INFO: Iter 25300 Summary: 
[2024-12-30 01:41:28,980] INFO: 	 lr: 0.00030000000000000073 	 Training loss: 0.04066278159618378
[2024-12-30 01:41:35,314] INFO: Iter 25400 Summary: 
[2024-12-30 01:41:35,314] INFO: 	 lr: 0.00030000000000000073 	 Training loss: 0.040777905024588106
[2024-12-30 01:41:43,113] INFO: Iter 25500 Summary: 
[2024-12-30 01:41:43,113] INFO: 	 lr: 0.00030000000000000073 	 Training loss: 0.040640626288950446
[2024-12-30 01:41:49,769] INFO: Iter 25600 Summary: 
[2024-12-30 01:41:49,769] INFO: 	 lr: 0.00030000000000000073 	 Training loss: 0.040405207760632035
[2024-12-30 01:41:56,423] INFO: Iter 25700 Summary: 
[2024-12-30 01:41:56,423] INFO: 	 lr: 0.00030000000000000073 	 Training loss: 0.04067718330770731
[2024-12-30 01:42:03,020] INFO: Iter 25800 Summary: 
[2024-12-30 01:42:03,020] INFO: 	 lr: 0.00030000000000000073 	 Training loss: 0.0405165022239089
[2024-12-30 01:42:09,528] INFO: Iter 25900 Summary: 
[2024-12-30 01:42:09,528] INFO: 	 lr: 0.00030000000000000073 	 Training loss: 0.04070455808192491
[2024-12-30 01:42:16,213] INFO: Iter 26000 Summary: 
[2024-12-30 01:42:16,213] INFO: 	 lr: 0.00030000000000000073 	 Training loss: 0.040816505625844005
[2024-12-30 01:42:25,749] INFO: Iter 26100 Summary: 
[2024-12-30 01:42:25,749] INFO: 	 lr: 0.00030000000000000073 	 Training loss: 0.04075833272188902
[2024-12-30 01:42:33,705] INFO: Iter 26200 Summary: 
[2024-12-30 01:42:33,705] INFO: 	 lr: 0.00030000000000000073 	 Training loss: 0.04057618677616119
[2024-12-30 01:42:40,364] INFO: Iter 26300 Summary: 
[2024-12-30 01:42:40,364] INFO: 	 lr: 0.00030000000000000073 	 Training loss: 0.04050866838544607
[2024-12-30 01:42:46,983] INFO: Iter 26400 Summary: 
[2024-12-30 01:42:46,984] INFO: 	 lr: 0.00030000000000000073 	 Training loss: 0.04063776526600123
[2024-12-30 01:42:53,627] INFO: Iter 26500 Summary: 
[2024-12-30 01:42:53,627] INFO: 	 lr: 0.00030000000000000073 	 Training loss: 0.040507956929504874
[2024-12-30 01:43:00,246] INFO: Iter 26600 Summary: 
[2024-12-30 01:43:00,246] INFO: 	 lr: 0.00030000000000000073 	 Training loss: 0.04064050510525703
[2024-12-30 01:43:05,775] INFO: Iter 26700 Summary: 
[2024-12-30 01:43:05,775] INFO: 	 lr: 0.00030000000000000073 	 Training loss: 0.04066364172846079
[2024-12-30 01:43:12,283] INFO: Iter 26800 Summary: 
[2024-12-30 01:43:12,284] INFO: 	 lr: 0.00030000000000000073 	 Training loss: 0.04073121692985296
[2024-12-30 01:43:20,178] INFO: Iter 26900 Summary: 
[2024-12-30 01:43:20,178] INFO: 	 lr: 0.00030000000000000073 	 Training loss: 0.0407506475225091
[2024-12-30 01:43:26,467] INFO: Iter 27000 Summary: 
[2024-12-30 01:43:26,468] INFO: 	 lr: 0.00030000000000000073 	 Training loss: 0.040312432236969474
[2024-12-30 01:43:32,686] INFO: Iter 27100 Summary: 
[2024-12-30 01:43:32,686] INFO: 	 lr: 0.00030000000000000073 	 Training loss: 0.04047792669385672
[2024-12-30 01:43:39,413] INFO: Iter 27200 Summary: 
[2024-12-30 01:43:39,413] INFO: 	 lr: 0.00030000000000000073 	 Training loss: 0.04030269876122475
[2024-12-30 01:43:46,107] INFO: Iter 27300 Summary: 
[2024-12-30 01:43:46,107] INFO: 	 lr: 0.00030000000000000073 	 Training loss: 0.040518709532916544
[2024-12-30 01:43:52,767] INFO: Iter 27400 Summary: 
[2024-12-30 01:43:52,767] INFO: 	 lr: 0.00030000000000000073 	 Training loss: 0.04044952277094126
[2024-12-30 01:43:59,424] INFO: Iter 27500 Summary: 
[2024-12-30 01:43:59,424] INFO: 	 lr: 0.00030000000000000073 	 Training loss: 0.0406778747215867
[2024-12-30 01:44:07,511] INFO: Iter 27600 Summary: 
[2024-12-30 01:44:07,512] INFO: 	 lr: 0.00030000000000000073 	 Training loss: 0.0404945133626461
[2024-12-30 01:44:14,184] INFO: Iter 27700 Summary: 
[2024-12-30 01:44:14,184] INFO: 	 lr: 0.00030000000000000073 	 Training loss: 0.04068467516452074
[2024-12-30 01:44:20,945] INFO: Iter 27800 Summary: 
[2024-12-30 01:44:20,946] INFO: 	 lr: 0.00030000000000000073 	 Training loss: 0.04033811159431935
[2024-12-30 01:44:27,773] INFO: Iter 27900 Summary: 
[2024-12-30 01:44:27,773] INFO: 	 lr: 0.00030000000000000073 	 Training loss: 0.040542470514774324
[2024-12-30 01:44:34,421] INFO: Iter 28000 Summary: 
[2024-12-30 01:44:34,421] INFO: 	 lr: 0.00030000000000000073 	 Training loss: 0.0403565925732255
[2024-12-30 01:44:43,589] INFO: Iter 28100 Summary: 
[2024-12-30 01:44:43,589] INFO: 	 lr: 0.00030000000000000073 	 Training loss: 0.04012740351259708
[2024-12-30 01:44:50,252] INFO: Iter 28200 Summary: 
[2024-12-30 01:44:50,252] INFO: 	 lr: 0.00030000000000000073 	 Training loss: 0.04066203515976667
[2024-12-30 01:44:57,723] INFO: Iter 28300 Summary: 
[2024-12-30 01:44:57,723] INFO: 	 lr: 0.00030000000000000073 	 Training loss: 0.04009943913668394
[2024-12-30 01:45:04,395] INFO: Iter 28400 Summary: 
[2024-12-30 01:45:04,395] INFO: 	 lr: 0.00030000000000000073 	 Training loss: 0.040284616649150846
[2024-12-30 01:45:10,987] INFO: Iter 28500 Summary: 
[2024-12-30 01:45:10,987] INFO: 	 lr: 0.00030000000000000073 	 Training loss: 0.040516525655984875
[2024-12-30 01:45:17,665] INFO: Iter 28600 Summary: 
[2024-12-30 01:45:17,665] INFO: 	 lr: 0.00030000000000000073 	 Training loss: 0.040479991510510446
[2024-12-30 01:45:24,339] INFO: Iter 28700 Summary: 
[2024-12-30 01:45:24,339] INFO: 	 lr: 0.00030000000000000073 	 Training loss: 0.04050142984837293
[2024-12-30 01:45:30,988] INFO: Iter 28800 Summary: 
[2024-12-30 01:45:30,988] INFO: 	 lr: 0.00030000000000000073 	 Training loss: 0.040674336180090906
[2024-12-30 01:45:38,532] INFO: Iter 28900 Summary: 
[2024-12-30 01:45:38,533] INFO: 	 lr: 0.00030000000000000073 	 Training loss: 0.040331494323909284
[2024-12-30 01:45:45,286] INFO: Iter 29000 Summary: 
[2024-12-30 01:45:45,286] INFO: 	 lr: 0.00030000000000000073 	 Training loss: 0.040040393099188804
[2024-12-30 01:45:51,945] INFO: Iter 29100 Summary: 
[2024-12-30 01:45:51,945] INFO: 	 lr: 0.00030000000000000073 	 Training loss: 0.04010886721313
[2024-12-30 01:45:58,612] INFO: Iter 29200 Summary: 
[2024-12-30 01:45:58,612] INFO: 	 lr: 0.00030000000000000073 	 Training loss: 0.040240340903401374
[2024-12-30 01:46:05,269] INFO: Iter 29300 Summary: 
[2024-12-30 01:46:05,269] INFO: 	 lr: 0.00030000000000000073 	 Training loss: 0.04061080347746611
[2024-12-30 01:46:11,934] INFO: Iter 29400 Summary: 
[2024-12-30 01:46:11,934] INFO: 	 lr: 0.00030000000000000073 	 Training loss: 0.040135591588914395
[2024-12-30 01:46:18,581] INFO: Iter 29500 Summary: 
[2024-12-30 01:46:18,581] INFO: 	 lr: 0.00030000000000000073 	 Training loss: 0.040557886250317095
[2024-12-30 01:46:26,273] INFO: Iter 29600 Summary: 
[2024-12-30 01:46:26,274] INFO: 	 lr: 0.00030000000000000073 	 Training loss: 0.04031998999416828
[2024-12-30 01:46:32,353] INFO: Iter 29700 Summary: 
[2024-12-30 01:46:32,354] INFO: 	 lr: 0.00030000000000000073 	 Training loss: 0.040129566825926305
[2024-12-30 01:46:39,023] INFO: Iter 29800 Summary: 
[2024-12-30 01:46:39,023] INFO: 	 lr: 0.00030000000000000073 	 Training loss: 0.04005513571202755
[2024-12-30 01:46:45,611] INFO: Iter 29900 Summary: 
[2024-12-30 01:46:45,611] INFO: 	 lr: 0.00030000000000000073 	 Training loss: 0.04044045068323612
[2024-12-30 01:46:52,330] INFO: Iter 30000 Summary: 
[2024-12-30 01:46:52,330] INFO: 	 lr: 0.00030000000000000073 	 Training loss: 0.04069198079407215
[2024-12-30 01:47:01,313] INFO: Iter 30100 Summary: 
[2024-12-30 01:47:01,313] INFO: 	 lr: 1.2900000000000026e-05 	 Training loss: 0.03929167650640011
[2024-12-30 01:47:07,990] INFO: Iter 30200 Summary: 
[2024-12-30 01:47:07,990] INFO: 	 lr: 1.000000000000002e-05 	 Training loss: 0.03938163846731186
[2024-12-30 01:47:15,691] INFO: Iter 30300 Summary: 
[2024-12-30 01:47:15,691] INFO: 	 lr: 1.000000000000002e-05 	 Training loss: 0.03932981874793768
[2024-12-30 01:47:22,381] INFO: Iter 30400 Summary: 
[2024-12-30 01:47:22,381] INFO: 	 lr: 1.000000000000002e-05 	 Training loss: 0.03860118579119444
[2024-12-30 01:47:29,028] INFO: Iter 30500 Summary: 
[2024-12-30 01:47:29,028] INFO: 	 lr: 1.000000000000002e-05 	 Training loss: 0.03865988347679376
[2024-12-30 01:47:35,684] INFO: Iter 30600 Summary: 
[2024-12-30 01:47:35,684] INFO: 	 lr: 1.000000000000002e-05 	 Training loss: 0.03885035734623671
[2024-12-30 01:47:42,331] INFO: Iter 30700 Summary: 
[2024-12-30 01:47:42,332] INFO: 	 lr: 1.000000000000002e-05 	 Training loss: 0.038809581585228445
[2024-12-30 01:47:48,884] INFO: Iter 30800 Summary: 
[2024-12-30 01:47:48,884] INFO: 	 lr: 1.000000000000002e-05 	 Training loss: 0.03877652373164892
[2024-12-30 01:47:55,648] INFO: Iter 30900 Summary: 
[2024-12-30 01:47:55,649] INFO: 	 lr: 1.000000000000002e-05 	 Training loss: 0.03861984897404909
[2024-12-30 01:48:03,659] INFO: Iter 31000 Summary: 
[2024-12-30 01:48:03,659] INFO: 	 lr: 1.000000000000002e-05 	 Training loss: 0.03864404056221247
[2024-12-30 01:48:10,347] INFO: Iter 31100 Summary: 
[2024-12-30 01:48:10,347] INFO: 	 lr: 1.000000000000002e-05 	 Training loss: 0.03852050933986902
[2024-12-30 01:48:17,023] INFO: Iter 31200 Summary: 
[2024-12-30 01:48:17,023] INFO: 	 lr: 1.000000000000002e-05 	 Training loss: 0.038461941778659824
[2024-12-30 01:48:23,680] INFO: Iter 31300 Summary: 
[2024-12-30 01:48:23,680] INFO: 	 lr: 1.000000000000002e-05 	 Training loss: 0.03860277391970158
[2024-12-30 01:48:30,322] INFO: Iter 31400 Summary: 
[2024-12-30 01:48:30,322] INFO: 	 lr: 1.000000000000002e-05 	 Training loss: 0.0386707354709506
[2024-12-30 01:48:36,968] INFO: Iter 31500 Summary: 
[2024-12-30 01:48:36,968] INFO: 	 lr: 1.000000000000002e-05 	 Training loss: 0.03870056580752134
[2024-12-30 01:48:43,616] INFO: Iter 31600 Summary: 
[2024-12-30 01:48:43,616] INFO: 	 lr: 1.000000000000002e-05 	 Training loss: 0.038596926480531694
[2024-12-30 01:48:51,551] INFO: Iter 31700 Summary: 
[2024-12-30 01:48:51,551] INFO: 	 lr: 1.000000000000002e-05 	 Training loss: 0.03841280572116375
[2024-12-30 01:48:58,179] INFO: Iter 31800 Summary: 
[2024-12-30 01:48:58,179] INFO: 	 lr: 1.000000000000002e-05 	 Training loss: 0.038495336472988126
[2024-12-30 01:49:04,780] INFO: Iter 31900 Summary: 
[2024-12-30 01:49:04,780] INFO: 	 lr: 1.000000000000002e-05 	 Training loss: 0.03825098611414433
[2024-12-30 01:49:11,465] INFO: Iter 32000 Summary: 
[2024-12-30 01:49:11,465] INFO: 	 lr: 1.000000000000002e-05 	 Training loss: 0.03839493937790394
[2024-12-30 01:49:19,917] INFO: Iter 32100 Summary: 
[2024-12-30 01:49:19,917] INFO: 	 lr: 1.000000000000002e-05 	 Training loss: 0.03843991234898567
[2024-12-30 01:49:25,788] INFO: Iter 32200 Summary: 
[2024-12-30 01:49:25,789] INFO: 	 lr: 1.000000000000002e-05 	 Training loss: 0.03859610982239246
[2024-12-30 01:49:32,388] INFO: Iter 32300 Summary: 
[2024-12-30 01:49:32,389] INFO: 	 lr: 1.000000000000002e-05 	 Training loss: 0.03847283773124218
[2024-12-30 01:49:40,238] INFO: Iter 32400 Summary: 
[2024-12-30 01:49:40,238] INFO: 	 lr: 1.000000000000002e-05 	 Training loss: 0.038586356937885286
[2024-12-30 01:49:46,887] INFO: Iter 32500 Summary: 
[2024-12-30 01:49:46,887] INFO: 	 lr: 1.000000000000002e-05 	 Training loss: 0.03835204776376486
[2024-12-30 01:49:53,548] INFO: Iter 32600 Summary: 
[2024-12-30 01:49:53,548] INFO: 	 lr: 1.000000000000002e-05 	 Training loss: 0.0382259451970458
[2024-12-30 01:50:00,265] INFO: Iter 32700 Summary: 
[2024-12-30 01:50:00,265] INFO: 	 lr: 1.000000000000002e-05 	 Training loss: 0.038358970321714876
[2024-12-30 01:50:06,519] INFO: Iter 32800 Summary: 
[2024-12-30 01:50:06,519] INFO: 	 lr: 1.000000000000002e-05 	 Training loss: 0.038215496987104414
[2024-12-30 01:50:13,200] INFO: Iter 32900 Summary: 
[2024-12-30 01:50:13,200] INFO: 	 lr: 1.000000000000002e-05 	 Training loss: 0.03875801850110292
[2024-12-30 01:50:19,970] INFO: Iter 33000 Summary: 
[2024-12-30 01:50:19,970] INFO: 	 lr: 1.000000000000002e-05 	 Training loss: 0.038345900401473045
[2024-12-30 01:50:27,886] INFO: Iter 33100 Summary: 
[2024-12-30 01:50:27,886] INFO: 	 lr: 1.000000000000002e-05 	 Training loss: 0.03865853328257799
[2024-12-30 01:50:34,785] INFO: Iter 33200 Summary: 
[2024-12-30 01:50:34,785] INFO: 	 lr: 1.000000000000002e-05 	 Training loss: 0.03820942912250757
[2024-12-30 01:50:41,450] INFO: Iter 33300 Summary: 
[2024-12-30 01:50:41,450] INFO: 	 lr: 1.000000000000002e-05 	 Training loss: 0.03840850725769997
[2024-12-30 01:50:48,128] INFO: Iter 33400 Summary: 
[2024-12-30 01:50:48,129] INFO: 	 lr: 1.000000000000002e-05 	 Training loss: 0.03869057510048151
[2024-12-30 01:50:54,653] INFO: Iter 33500 Summary: 
[2024-12-30 01:50:54,654] INFO: 	 lr: 1.000000000000002e-05 	 Training loss: 0.03833634249866009
[2024-12-30 01:51:00,844] INFO: Iter 33600 Summary: 
[2024-12-30 01:51:00,844] INFO: 	 lr: 1.000000000000002e-05 	 Training loss: 0.037945463769137856
[2024-12-30 01:51:07,501] INFO: Iter 33700 Summary: 
[2024-12-30 01:51:07,501] INFO: 	 lr: 1.000000000000002e-05 	 Training loss: 0.03819798450917006
[2024-12-30 01:51:15,299] INFO: Iter 33800 Summary: 
[2024-12-30 01:51:15,300] INFO: 	 lr: 1.000000000000002e-05 	 Training loss: 0.03842539429664612
[2024-12-30 01:51:21,931] INFO: Iter 33900 Summary: 
[2024-12-30 01:51:21,931] INFO: 	 lr: 1.000000000000002e-05 	 Training loss: 0.03815458055585623
[2024-12-30 01:51:28,620] INFO: Iter 34000 Summary: 
[2024-12-30 01:51:28,620] INFO: 	 lr: 1.000000000000002e-05 	 Training loss: 0.038646512031555176
[2024-12-30 01:51:36,844] INFO: Iter 34100 Summary: 
[2024-12-30 01:51:36,844] INFO: 	 lr: 1.000000000000002e-05 	 Training loss: 0.038251883238554
[2024-12-30 01:51:43,447] INFO: Iter 34200 Summary: 
[2024-12-30 01:51:43,447] INFO: 	 lr: 1.000000000000002e-05 	 Training loss: 0.03829538840800524
[2024-12-30 01:51:50,074] INFO: Iter 34300 Summary: 
[2024-12-30 01:51:50,074] INFO: 	 lr: 1.000000000000002e-05 	 Training loss: 0.03815625257790089
[2024-12-30 01:51:56,750] INFO: Iter 34400 Summary: 
[2024-12-30 01:51:56,750] INFO: 	 lr: 1.000000000000002e-05 	 Training loss: 0.03820585571229458
[2024-12-30 01:52:04,562] INFO: Iter 34500 Summary: 
[2024-12-30 01:52:04,562] INFO: 	 lr: 1.000000000000002e-05 	 Training loss: 0.038403631784021855
[2024-12-30 01:52:11,219] INFO: Iter 34600 Summary: 
[2024-12-30 01:52:11,219] INFO: 	 lr: 1.000000000000002e-05 	 Training loss: 0.03845145247876644
[2024-12-30 01:52:17,922] INFO: Iter 34700 Summary: 
[2024-12-30 01:52:17,922] INFO: 	 lr: 1.000000000000002e-05 	 Training loss: 0.03814165338873863
[2024-12-30 01:52:24,571] INFO: Iter 34800 Summary: 
[2024-12-30 01:52:24,571] INFO: 	 lr: 1.000000000000002e-05 	 Training loss: 0.03812942709773779
[2024-12-30 01:52:31,232] INFO: Iter 34900 Summary: 
[2024-12-30 01:52:31,232] INFO: 	 lr: 1.000000000000002e-05 	 Training loss: 0.03812598407268524
[2024-12-30 01:52:37,274] INFO: Iter 35000 Summary: 
[2024-12-30 01:52:37,274] INFO: 	 lr: 1.000000000000002e-05 	 Training loss: 0.038239097446203234
[2024-12-30 01:52:44,924] INFO: Iter 35100 Summary: 
[2024-12-30 01:52:44,925] INFO: 	 lr: 1.000000000000002e-05 	 Training loss: 0.03838669877499342
[2024-12-30 01:52:51,407] INFO: Iter 35200 Summary: 
[2024-12-30 01:52:51,407] INFO: 	 lr: 1.000000000000002e-05 	 Training loss: 0.03856795411556959
[2024-12-30 01:52:58,024] INFO: Iter 35300 Summary: 
[2024-12-30 01:52:58,024] INFO: 	 lr: 1.000000000000002e-05 	 Training loss: 0.03806754682213068
[2024-12-30 01:53:04,540] INFO: Iter 35400 Summary: 
[2024-12-30 01:53:04,540] INFO: 	 lr: 1.000000000000002e-05 	 Training loss: 0.03825927939265966
[2024-12-30 01:53:11,164] INFO: Iter 35500 Summary: 
[2024-12-30 01:53:11,164] INFO: 	 lr: 1.000000000000002e-05 	 Training loss: 0.03788559224456549
[2024-12-30 01:53:17,888] INFO: Iter 35600 Summary: 
[2024-12-30 01:53:17,889] INFO: 	 lr: 1.000000000000002e-05 	 Training loss: 0.038522782623767855
[2024-12-30 01:53:24,551] INFO: Iter 35700 Summary: 
[2024-12-30 01:53:24,551] INFO: 	 lr: 1.000000000000002e-05 	 Training loss: 0.03828874401748181
[2024-12-30 01:53:32,086] INFO: Iter 35800 Summary: 
[2024-12-30 01:53:32,086] INFO: 	 lr: 1.000000000000002e-05 	 Training loss: 0.03813206061720848
[2024-12-30 01:53:38,695] INFO: Iter 35900 Summary: 
[2024-12-30 01:53:38,695] INFO: 	 lr: 1.000000000000002e-05 	 Training loss: 0.038235671296715734
[2024-12-30 01:53:45,299] INFO: Iter 36000 Summary: 
[2024-12-30 01:53:45,299] INFO: 	 lr: 1.000000000000002e-05 	 Training loss: 0.038101514354348186
[2024-12-30 01:53:54,994] INFO: Iter 36100 Summary: 
[2024-12-30 01:53:54,995] INFO: 	 lr: 1.000000000000002e-05 	 Training loss: 0.03816692765802145
[2024-12-30 01:54:01,744] INFO: Iter 36200 Summary: 
[2024-12-30 01:54:01,745] INFO: 	 lr: 1.000000000000002e-05 	 Training loss: 0.03811788018792868
[2024-12-30 01:54:08,453] INFO: Iter 36300 Summary: 
[2024-12-30 01:54:08,453] INFO: 	 lr: 1.000000000000002e-05 	 Training loss: 0.037953959852457045
[2024-12-30 01:54:15,199] INFO: Iter 36400 Summary: 
[2024-12-30 01:54:15,200] INFO: 	 lr: 1.000000000000002e-05 	 Training loss: 0.03854671753942966
[2024-12-30 01:54:23,422] INFO: Iter 36500 Summary: 
[2024-12-30 01:54:23,422] INFO: 	 lr: 1.000000000000002e-05 	 Training loss: 0.03823238231241703
[2024-12-30 01:54:30,069] INFO: Iter 36600 Summary: 
[2024-12-30 01:54:30,070] INFO: 	 lr: 1.000000000000002e-05 	 Training loss: 0.03824657432734966
[2024-12-30 01:54:36,725] INFO: Iter 36700 Summary: 
[2024-12-30 01:54:36,725] INFO: 	 lr: 1.000000000000002e-05 	 Training loss: 0.03835365891456604
[2024-12-30 01:54:43,359] INFO: Iter 36800 Summary: 
[2024-12-30 01:54:43,359] INFO: 	 lr: 1.000000000000002e-05 	 Training loss: 0.037954028137028216
[2024-12-30 01:54:49,990] INFO: Iter 36900 Summary: 
[2024-12-30 01:54:49,990] INFO: 	 lr: 1.000000000000002e-05 	 Training loss: 0.038193169087171554
[2024-12-30 01:54:56,632] INFO: Iter 37000 Summary: 
[2024-12-30 01:54:56,632] INFO: 	 lr: 1.000000000000002e-05 	 Training loss: 0.03815735451877117
[2024-12-30 01:55:03,031] INFO: Iter 37100 Summary: 
[2024-12-30 01:55:03,031] INFO: 	 lr: 1.000000000000002e-05 	 Training loss: 0.038648815527558326
[2024-12-30 01:55:10,550] INFO: Iter 37200 Summary: 
[2024-12-30 01:55:10,550] INFO: 	 lr: 1.000000000000002e-05 	 Training loss: 0.03790262643247843
[2024-12-30 01:55:17,027] INFO: Iter 37300 Summary: 
[2024-12-30 01:55:17,027] INFO: 	 lr: 1.000000000000002e-05 	 Training loss: 0.038034614473581314
[2024-12-30 01:55:23,696] INFO: Iter 37400 Summary: 
[2024-12-30 01:55:23,697] INFO: 	 lr: 1.000000000000002e-05 	 Training loss: 0.03833369679749012
[2024-12-30 01:55:30,294] INFO: Iter 37500 Summary: 
[2024-12-30 01:55:30,294] INFO: 	 lr: 1.000000000000002e-05 	 Training loss: 0.038045362085103986
[2024-12-30 01:55:36,808] INFO: Iter 37600 Summary: 
[2024-12-30 01:55:36,808] INFO: 	 lr: 1.000000000000002e-05 	 Training loss: 0.038164724111557004
[2024-12-30 01:55:43,578] INFO: Iter 37700 Summary: 
[2024-12-30 01:55:43,578] INFO: 	 lr: 1.000000000000002e-05 	 Training loss: 0.038255327939987184
[2024-12-30 01:55:50,494] INFO: Iter 37800 Summary: 
[2024-12-30 01:55:50,494] INFO: 	 lr: 1.000000000000002e-05 	 Training loss: 0.03810615710914135
[2024-12-30 01:55:58,397] INFO: Iter 37900 Summary: 
[2024-12-30 01:55:58,397] INFO: 	 lr: 1.000000000000002e-05 	 Training loss: 0.038245742209255695
[2024-12-30 01:56:04,587] INFO: Iter 38000 Summary: 
[2024-12-30 01:56:04,588] INFO: 	 lr: 1.000000000000002e-05 	 Training loss: 0.03833275232464075
[2024-12-30 01:56:13,542] INFO: Iter 38100 Summary: 
[2024-12-30 01:56:13,542] INFO: 	 lr: 1.000000000000002e-05 	 Training loss: 0.03814627420157194
[2024-12-30 01:56:19,878] INFO: Iter 38200 Summary: 
[2024-12-30 01:56:19,878] INFO: 	 lr: 1.000000000000002e-05 	 Training loss: 0.03799211256206036
[2024-12-30 01:56:25,723] INFO: Iter 38300 Summary: 
[2024-12-30 01:56:25,723] INFO: 	 lr: 1.000000000000002e-05 	 Training loss: 0.03812482051551342
[2024-12-30 01:56:32,203] INFO: Iter 38400 Summary: 
[2024-12-30 01:56:32,203] INFO: 	 lr: 1.000000000000002e-05 	 Training loss: 0.038140185624361035
[2024-12-30 01:56:38,813] INFO: Iter 38500 Summary: 
[2024-12-30 01:56:38,814] INFO: 	 lr: 1.000000000000002e-05 	 Training loss: 0.038086127936840054
[2024-12-30 01:56:46,707] INFO: Iter 38600 Summary: 
[2024-12-30 01:56:46,707] INFO: 	 lr: 1.000000000000002e-05 	 Training loss: 0.03807475570589304
[2024-12-30 01:56:53,339] INFO: Iter 38700 Summary: 
[2024-12-30 01:56:53,339] INFO: 	 lr: 1.000000000000002e-05 	 Training loss: 0.03812089666724205
[2024-12-30 01:56:59,941] INFO: Iter 38800 Summary: 
[2024-12-30 01:56:59,941] INFO: 	 lr: 1.000000000000002e-05 	 Training loss: 0.038124937117099765
[2024-12-30 01:57:06,612] INFO: Iter 38900 Summary: 
[2024-12-30 01:57:06,612] INFO: 	 lr: 1.000000000000002e-05 	 Training loss: 0.03794180434197188
[2024-12-30 01:57:13,208] INFO: Iter 39000 Summary: 
[2024-12-30 01:57:13,208] INFO: 	 lr: 1.000000000000002e-05 	 Training loss: 0.03799631204456091
[2024-12-30 01:57:19,875] INFO: Iter 39100 Summary: 
[2024-12-30 01:57:19,875] INFO: 	 lr: 1.000000000000002e-05 	 Training loss: 0.03804664373397827
[2024-12-30 01:57:26,502] INFO: Iter 39200 Summary: 
[2024-12-30 01:57:26,502] INFO: 	 lr: 1.000000000000002e-05 	 Training loss: 0.0382170769944787
[2024-12-30 01:57:33,944] INFO: Iter 39300 Summary: 
[2024-12-30 01:57:33,945] INFO: 	 lr: 1.000000000000002e-05 	 Training loss: 0.03817601338028908
[2024-12-30 01:57:40,309] INFO: Iter 39400 Summary: 
[2024-12-30 01:57:40,309] INFO: 	 lr: 1.000000000000002e-05 	 Training loss: 0.037935428805649284
[2024-12-30 01:57:46,649] INFO: Iter 39500 Summary: 
[2024-12-30 01:57:46,649] INFO: 	 lr: 1.000000000000002e-05 	 Training loss: 0.03763662040233612
[2024-12-30 01:57:52,972] INFO: Iter 39600 Summary: 
[2024-12-30 01:57:52,972] INFO: 	 lr: 1.000000000000002e-05 	 Training loss: 0.0381438122317195
[2024-12-30 01:57:59,654] INFO: Iter 39700 Summary: 
[2024-12-30 01:57:59,654] INFO: 	 lr: 1.000000000000002e-05 	 Training loss: 0.0383431102707982
[2024-12-30 01:58:06,314] INFO: Iter 39800 Summary: 
[2024-12-30 01:58:06,315] INFO: 	 lr: 1.000000000000002e-05 	 Training loss: 0.03790561627596617
[2024-12-30 01:58:12,967] INFO: Iter 39900 Summary: 
[2024-12-30 01:58:12,968] INFO: 	 lr: 1.000000000000002e-05 	 Training loss: 0.03785866029560566
[2024-12-30 01:58:20,657] INFO: Iter 40000 Summary: 
[2024-12-30 01:58:20,658] INFO: 	 lr: 1.000000000000002e-05 	 Training loss: 0.03786437593400478
