[2025-01-06 12:48:58,271] INFO: {
    "abs_dir": "/home/diwang/siMLPe/exps/baseline_h36m",
    "batch_size": 256,
    "cos_lr_max": 1e-05,
    "cos_lr_min": 5e-08,
    "cos_lr_total_iters": 40000,
    "data_aug": true,
    "deriv_input": true,
    "deriv_output": true,
    "device": "cuda:2",
    "h36m_anno_dir": "/home/diwang/siMLPe/data/h36m/",
    "link_log_file": "/home/diwang/siMLPe/exps/baseline_h36m/log/log_last.log",
    "link_val_log_file": "/home/diwang/siMLPe/exps/baseline_h36m/log/val_last.log",
    "log_dir": "/home/diwang/siMLPe/exps/baseline_h36m/log",
    "log_file": "/home/diwang/siMLPe/exps/baseline_h36m/log/log_2025_01_06_12_48_40.log",
    "model_pth": null,
    "motion": {
        "dim": 66,
        "h36m_input_length": 50,
        "h36m_input_length_dct": 50,
        "h36m_target_length": 50,
        "h36m_target_length_eval": 50,
        "h36m_target_length_train": 50
    },
    "motion_fc_in": {
        "activation": "relu",
        "in_features": 66,
        "init_w_trunc_normal": false,
        "out_features": 66,
        "temporal_fc": false,
        "with_norm": false
    },
    "motion_fc_out": {
        "activation": "relu",
        "in_features": 66,
        "init_w_trunc_normal": true,
        "out_features": 66,
        "temporal_fc": false,
        "with_norm": false
    },
    "motion_mlp": {
        "hidden_dim": 66,
        "norm_axis": "spatial",
        "num_layers": 48,
        "seq_len": 50,
        "spatial_fc_only": false,
        "with_normalization": true
    },
    "num_workers": 8,
    "post_dct": false,
    "pre_dct": false,
    "print_every": 100,
    "repo_name": "siMLPe",
    "root_dir": "/home/diwang/siMLPe",
    "save_every": 2000,
    "seed": 304,
    "shift_step": 1,
    "snapshot_dir": "/home/diwang/siMLPe/exps/baseline_h36m/log/snapshot",
    "this_dir": "baseline_h36m",
    "use_relative_loss": true,
    "val_log_file": "/home/diwang/siMLPe/exps/baseline_h36m/log/val_2025_01_06_12_48_40.log",
    "weight_decay": 0.0001
}
[2025-01-06 12:49:07,930] INFO: Iter 100 Summary: 
[2025-01-06 12:49:07,930] INFO: 	 lr: 0.00030000000000000073 	 Training loss: 0.15912681221961975
[2025-01-06 12:49:15,274] INFO: Iter 200 Summary: 
[2025-01-06 12:49:15,274] INFO: 	 lr: 0.00030000000000000073 	 Training loss: 0.14485400632023812
[2025-01-06 12:49:25,040] INFO: Iter 300 Summary: 
[2025-01-06 12:49:25,041] INFO: 	 lr: 0.00030000000000000073 	 Training loss: 0.14421168342232704
[2025-01-06 12:49:34,940] INFO: Iter 400 Summary: 
[2025-01-06 12:49:34,940] INFO: 	 lr: 0.00030000000000000073 	 Training loss: 0.14095892265439033
[2025-01-06 12:49:44,399] INFO: Iter 500 Summary: 
[2025-01-06 12:49:44,399] INFO: 	 lr: 0.00030000000000000073 	 Training loss: 0.13469222873449327
[2025-01-06 12:49:56,354] INFO: Iter 600 Summary: 
[2025-01-06 12:49:56,355] INFO: 	 lr: 0.00030000000000000073 	 Training loss: 0.13226837649941445
[2025-01-06 12:50:09,597] INFO: Iter 700 Summary: 
[2025-01-06 12:50:09,598] INFO: 	 lr: 0.00030000000000000073 	 Training loss: 0.12986439369618893
[2025-01-06 12:50:21,484] INFO: Iter 800 Summary: 
[2025-01-06 12:50:21,484] INFO: 	 lr: 0.00030000000000000073 	 Training loss: 0.12843874730169774
[2025-01-06 12:50:32,442] INFO: Iter 900 Summary: 
[2025-01-06 12:50:32,442] INFO: 	 lr: 0.00030000000000000073 	 Training loss: 0.12788115866482258
[2025-01-06 12:50:45,322] INFO: Iter 1000 Summary: 
[2025-01-06 12:50:45,322] INFO: 	 lr: 0.00030000000000000073 	 Training loss: 0.12690039567649364
[2025-01-06 12:50:57,139] INFO: Iter 1100 Summary: 
[2025-01-06 12:50:57,139] INFO: 	 lr: 0.00030000000000000073 	 Training loss: 0.12570412799715996
[2025-01-06 12:51:08,527] INFO: Iter 1200 Summary: 
[2025-01-06 12:51:08,527] INFO: 	 lr: 0.00030000000000000073 	 Training loss: 0.12570854015648364
[2025-01-06 12:51:21,062] INFO: Iter 1300 Summary: 
[2025-01-06 12:51:21,062] INFO: 	 lr: 0.00030000000000000073 	 Training loss: 0.12478994533419609
[2025-01-06 12:51:34,533] INFO: Iter 1400 Summary: 
[2025-01-06 12:51:34,533] INFO: 	 lr: 0.00030000000000000073 	 Training loss: 0.12491716675460339
[2025-01-06 12:51:45,948] INFO: Iter 1500 Summary: 
[2025-01-06 12:51:45,948] INFO: 	 lr: 0.00030000000000000073 	 Training loss: 0.12354012005031109
[2025-01-06 12:51:57,244] INFO: Iter 1600 Summary: 
[2025-01-06 12:51:57,244] INFO: 	 lr: 0.00030000000000000073 	 Training loss: 0.12265365406870841
[2025-01-06 12:52:09,090] INFO: Iter 1700 Summary: 
[2025-01-06 12:52:09,091] INFO: 	 lr: 0.00030000000000000073 	 Training loss: 0.12241022162139416
[2025-01-06 12:52:21,777] INFO: Iter 1800 Summary: 
[2025-01-06 12:52:21,777] INFO: 	 lr: 0.00030000000000000073 	 Training loss: 0.12231284759938717
[2025-01-06 12:52:34,228] INFO: Iter 1900 Summary: 
[2025-01-06 12:52:34,228] INFO: 	 lr: 0.00030000000000000073 	 Training loss: 0.12301699429750443
[2025-01-06 12:52:46,668] INFO: Iter 2000 Summary: 
[2025-01-06 12:52:46,669] INFO: 	 lr: 0.00030000000000000073 	 Training loss: 0.12205235935747623
[2025-01-06 12:53:03,728] INFO: Iter 2100 Summary: 
[2025-01-06 12:53:03,738] INFO: 	 lr: 0.00030000000000000073 	 Training loss: 0.12125251077115536
[2025-01-06 12:53:14,465] INFO: Iter 2200 Summary: 
[2025-01-06 12:53:14,465] INFO: 	 lr: 0.00030000000000000073 	 Training loss: 0.1220956452190876
[2025-01-06 12:53:26,729] INFO: Iter 2300 Summary: 
[2025-01-06 12:53:26,730] INFO: 	 lr: 0.00030000000000000073 	 Training loss: 0.12124602362513542
[2025-01-06 12:53:38,634] INFO: Iter 2400 Summary: 
[2025-01-06 12:53:38,635] INFO: 	 lr: 0.00030000000000000073 	 Training loss: 0.12047678396105767
[2025-01-06 12:53:51,897] INFO: Iter 2500 Summary: 
[2025-01-06 12:53:51,897] INFO: 	 lr: 0.00030000000000000073 	 Training loss: 0.12050040401518344
[2025-01-06 12:54:03,077] INFO: Iter 2600 Summary: 
[2025-01-06 12:54:03,077] INFO: 	 lr: 0.00030000000000000073 	 Training loss: 0.12019828572869301
[2025-01-06 12:54:16,826] INFO: Iter 2700 Summary: 
[2025-01-06 12:54:16,826] INFO: 	 lr: 0.00030000000000000073 	 Training loss: 0.12067351505160331
[2025-01-06 12:54:28,311] INFO: Iter 2800 Summary: 
[2025-01-06 12:54:28,311] INFO: 	 lr: 0.00030000000000000073 	 Training loss: 0.11984645947813988
[2025-01-06 12:54:41,252] INFO: Iter 2900 Summary: 
[2025-01-06 12:54:41,253] INFO: 	 lr: 0.00030000000000000073 	 Training loss: 0.11917135864496231
[2025-01-06 12:54:53,880] INFO: Iter 3000 Summary: 
[2025-01-06 12:54:53,880] INFO: 	 lr: 0.00030000000000000073 	 Training loss: 0.11962211385369301
[2025-01-06 12:55:07,065] INFO: Iter 3100 Summary: 
[2025-01-06 12:55:07,066] INFO: 	 lr: 0.00030000000000000073 	 Training loss: 0.1195052220672369
[2025-01-06 12:55:19,423] INFO: Iter 3200 Summary: 
[2025-01-06 12:55:19,423] INFO: 	 lr: 0.00030000000000000073 	 Training loss: 0.11795614093542099
[2025-01-06 12:55:31,221] INFO: Iter 3300 Summary: 
[2025-01-06 12:55:31,222] INFO: 	 lr: 0.00030000000000000073 	 Training loss: 0.11899353012442589
[2025-01-06 12:55:45,255] INFO: Iter 3400 Summary: 
[2025-01-06 12:55:45,255] INFO: 	 lr: 0.00030000000000000073 	 Training loss: 0.11844518989324569
[2025-01-06 12:55:56,922] INFO: Iter 3500 Summary: 
[2025-01-06 12:55:56,922] INFO: 	 lr: 0.00030000000000000073 	 Training loss: 0.1183762426674366
[2025-01-06 12:56:10,660] INFO: Iter 3600 Summary: 
[2025-01-06 12:56:10,660] INFO: 	 lr: 0.00030000000000000073 	 Training loss: 0.11792181387543678
[2025-01-06 12:56:23,194] INFO: Iter 3700 Summary: 
[2025-01-06 12:56:23,194] INFO: 	 lr: 0.00030000000000000073 	 Training loss: 0.11777920961380005
[2025-01-06 12:56:33,999] INFO: Iter 3800 Summary: 
[2025-01-06 12:56:33,999] INFO: 	 lr: 0.00030000000000000073 	 Training loss: 0.11804834954440593
[2025-01-06 12:56:43,330] INFO: Iter 3900 Summary: 
[2025-01-06 12:56:43,330] INFO: 	 lr: 0.00030000000000000073 	 Training loss: 0.1183239146322012
[2025-01-06 12:56:56,762] INFO: Iter 4000 Summary: 
[2025-01-06 12:56:56,763] INFO: 	 lr: 0.00030000000000000073 	 Training loss: 0.11790749877691269
[2025-01-06 12:57:13,324] INFO: Iter 4100 Summary: 
[2025-01-06 12:57:13,325] INFO: 	 lr: 0.00030000000000000073 	 Training loss: 0.1174137043952942
[2025-01-06 12:57:25,081] INFO: Iter 4200 Summary: 
[2025-01-06 12:57:25,082] INFO: 	 lr: 0.00030000000000000073 	 Training loss: 0.11783129975199699
[2025-01-06 12:57:38,222] INFO: Iter 4300 Summary: 
[2025-01-06 12:57:38,223] INFO: 	 lr: 0.00030000000000000073 	 Training loss: 0.11737669251859188
[2025-01-06 12:57:49,729] INFO: Iter 4400 Summary: 
[2025-01-06 12:57:49,729] INFO: 	 lr: 0.00030000000000000073 	 Training loss: 0.11719506226480007
[2025-01-06 12:58:02,146] INFO: Iter 4500 Summary: 
[2025-01-06 12:58:02,147] INFO: 	 lr: 0.00030000000000000073 	 Training loss: 0.11680337809026241
[2025-01-06 12:58:15,755] INFO: Iter 4600 Summary: 
[2025-01-06 12:58:15,755] INFO: 	 lr: 0.00030000000000000073 	 Training loss: 0.11666235558688641
[2025-01-06 12:58:29,374] INFO: Iter 4700 Summary: 
[2025-01-06 12:58:29,375] INFO: 	 lr: 0.00030000000000000073 	 Training loss: 0.11742967277765275
[2025-01-06 12:58:42,479] INFO: Iter 4800 Summary: 
[2025-01-06 12:58:42,480] INFO: 	 lr: 0.00030000000000000073 	 Training loss: 0.11650420472025871
[2025-01-06 12:58:56,013] INFO: Iter 4900 Summary: 
[2025-01-06 12:58:56,013] INFO: 	 lr: 0.00030000000000000073 	 Training loss: 0.11656825974583626
[2025-01-06 12:59:07,482] INFO: Iter 5000 Summary: 
[2025-01-06 12:59:07,482] INFO: 	 lr: 0.00030000000000000073 	 Training loss: 0.11646458193659782
[2025-01-06 12:59:20,188] INFO: Iter 5100 Summary: 
[2025-01-06 12:59:20,189] INFO: 	 lr: 0.00030000000000000073 	 Training loss: 0.11597601972520351
[2025-01-06 12:59:33,084] INFO: Iter 5200 Summary: 
[2025-01-06 12:59:33,085] INFO: 	 lr: 0.00030000000000000073 	 Training loss: 0.1161235748231411
[2025-01-06 12:59:45,252] INFO: Iter 5300 Summary: 
[2025-01-06 12:59:45,253] INFO: 	 lr: 0.00030000000000000073 	 Training loss: 0.11585689552128314
[2025-01-06 12:59:57,754] INFO: Iter 5400 Summary: 
[2025-01-06 12:59:57,755] INFO: 	 lr: 0.00030000000000000073 	 Training loss: 0.11553357370197773
[2025-01-06 13:00:10,392] INFO: Iter 5500 Summary: 
[2025-01-06 13:00:10,392] INFO: 	 lr: 0.00030000000000000073 	 Training loss: 0.11540868014097214
[2025-01-06 13:00:23,481] INFO: Iter 5600 Summary: 
[2025-01-06 13:00:23,482] INFO: 	 lr: 0.00030000000000000073 	 Training loss: 0.11542141564190388
[2025-01-06 13:00:36,471] INFO: Iter 5700 Summary: 
[2025-01-06 13:00:36,471] INFO: 	 lr: 0.00030000000000000073 	 Training loss: 0.11462115690112114
[2025-01-06 13:00:49,615] INFO: Iter 5800 Summary: 
[2025-01-06 13:00:49,616] INFO: 	 lr: 0.00030000000000000073 	 Training loss: 0.11537995405495166
[2025-01-06 13:00:59,782] INFO: Iter 5900 Summary: 
[2025-01-06 13:00:59,782] INFO: 	 lr: 0.00030000000000000073 	 Training loss: 0.11491725876927376
[2025-01-06 13:01:13,604] INFO: Iter 6000 Summary: 
[2025-01-06 13:01:13,604] INFO: 	 lr: 0.00030000000000000073 	 Training loss: 0.11472574695944786
[2025-01-06 13:01:29,108] INFO: Iter 6100 Summary: 
[2025-01-06 13:01:29,109] INFO: 	 lr: 0.00030000000000000073 	 Training loss: 0.11498964294791221
[2025-01-06 13:01:42,717] INFO: Iter 6200 Summary: 
[2025-01-06 13:01:42,717] INFO: 	 lr: 0.00030000000000000073 	 Training loss: 0.11494235739111901
[2025-01-06 13:01:54,914] INFO: Iter 6300 Summary: 
[2025-01-06 13:01:54,914] INFO: 	 lr: 0.00030000000000000073 	 Training loss: 0.1141902457177639
[2025-01-06 13:02:07,184] INFO: Iter 6400 Summary: 
[2025-01-06 13:02:07,184] INFO: 	 lr: 0.00030000000000000073 	 Training loss: 0.1144361674785614
[2025-01-06 13:02:18,415] INFO: Iter 6500 Summary: 
[2025-01-06 13:02:18,415] INFO: 	 lr: 0.00030000000000000073 	 Training loss: 0.11477691315114498
[2025-01-06 13:02:32,010] INFO: Iter 6600 Summary: 
[2025-01-06 13:02:32,010] INFO: 	 lr: 0.00030000000000000073 	 Training loss: 0.11469964325428009
[2025-01-06 13:02:44,504] INFO: Iter 6700 Summary: 
[2025-01-06 13:02:44,505] INFO: 	 lr: 0.00030000000000000073 	 Training loss: 0.11421039849519729
[2025-01-06 13:02:55,460] INFO: Iter 6800 Summary: 
[2025-01-06 13:02:55,460] INFO: 	 lr: 0.00030000000000000073 	 Training loss: 0.11450388513505459
[2025-01-06 13:03:07,590] INFO: Iter 6900 Summary: 
[2025-01-06 13:03:07,590] INFO: 	 lr: 0.00030000000000000073 	 Training loss: 0.11448094211518764
[2025-01-06 13:03:19,127] INFO: Iter 7000 Summary: 
[2025-01-06 13:03:19,127] INFO: 	 lr: 0.00030000000000000073 	 Training loss: 0.11395401701331138
[2025-01-06 13:03:33,287] INFO: Iter 7100 Summary: 
[2025-01-06 13:03:33,287] INFO: 	 lr: 0.00030000000000000073 	 Training loss: 0.11349713981151581
[2025-01-06 13:03:46,762] INFO: Iter 7200 Summary: 
[2025-01-06 13:03:46,762] INFO: 	 lr: 0.00030000000000000073 	 Training loss: 0.11309134922921657
[2025-01-06 13:03:58,634] INFO: Iter 7300 Summary: 
[2025-01-06 13:03:58,634] INFO: 	 lr: 0.00030000000000000073 	 Training loss: 0.1137591154128313
[2025-01-06 13:04:13,508] INFO: Iter 7400 Summary: 
[2025-01-06 13:04:13,508] INFO: 	 lr: 0.00030000000000000073 	 Training loss: 0.11319110341370106
[2025-01-06 13:04:26,101] INFO: Iter 7500 Summary: 
[2025-01-06 13:04:26,101] INFO: 	 lr: 0.00030000000000000073 	 Training loss: 0.11301756761968136
[2025-01-06 13:04:38,727] INFO: Iter 7600 Summary: 
[2025-01-06 13:04:38,728] INFO: 	 lr: 0.00030000000000000073 	 Training loss: 0.11251453340053558
[2025-01-06 13:04:49,758] INFO: Iter 7700 Summary: 
[2025-01-06 13:04:49,758] INFO: 	 lr: 0.00030000000000000073 	 Training loss: 0.11350414857268333
[2025-01-06 13:05:00,561] INFO: Iter 7800 Summary: 
[2025-01-06 13:05:00,561] INFO: 	 lr: 0.00030000000000000073 	 Training loss: 0.11297737874090671
[2025-01-06 13:05:12,184] INFO: Iter 7900 Summary: 
[2025-01-06 13:05:12,184] INFO: 	 lr: 0.00030000000000000073 	 Training loss: 0.11363598965108394
[2025-01-06 13:05:27,249] INFO: Iter 8000 Summary: 
[2025-01-06 13:05:27,250] INFO: 	 lr: 0.00030000000000000073 	 Training loss: 0.11293747901916504
[2025-01-06 13:05:42,583] INFO: Iter 8100 Summary: 
[2025-01-06 13:05:42,583] INFO: 	 lr: 0.00030000000000000073 	 Training loss: 0.11276000864803791
[2025-01-06 13:05:54,049] INFO: Iter 8200 Summary: 
[2025-01-06 13:05:54,049] INFO: 	 lr: 0.00030000000000000073 	 Training loss: 0.11217403911054134
[2025-01-06 13:06:06,821] INFO: Iter 8300 Summary: 
[2025-01-06 13:06:06,821] INFO: 	 lr: 0.00030000000000000073 	 Training loss: 0.11249054923653602
[2025-01-06 13:06:17,102] INFO: Iter 8400 Summary: 
[2025-01-06 13:06:17,102] INFO: 	 lr: 0.00030000000000000073 	 Training loss: 0.11218561738729477
[2025-01-06 13:06:28,593] INFO: Iter 8500 Summary: 
[2025-01-06 13:06:28,593] INFO: 	 lr: 0.00030000000000000073 	 Training loss: 0.11246260449290275
[2025-01-06 13:06:40,156] INFO: Iter 8600 Summary: 
[2025-01-06 13:06:40,156] INFO: 	 lr: 0.00030000000000000073 	 Training loss: 0.11256156980991364
[2025-01-06 13:06:54,587] INFO: Iter 8700 Summary: 
[2025-01-06 13:06:54,587] INFO: 	 lr: 0.00030000000000000073 	 Training loss: 0.11158370040357113
[2025-01-06 13:07:07,430] INFO: Iter 8800 Summary: 
[2025-01-06 13:07:07,430] INFO: 	 lr: 0.00030000000000000073 	 Training loss: 0.11231472693383694
[2025-01-06 13:07:19,375] INFO: Iter 8900 Summary: 
[2025-01-06 13:07:19,375] INFO: 	 lr: 0.00030000000000000073 	 Training loss: 0.11175361432135106
[2025-01-06 13:07:29,402] INFO: Iter 9000 Summary: 
[2025-01-06 13:07:29,402] INFO: 	 lr: 0.00030000000000000073 	 Training loss: 0.11219687134027481
[2025-01-06 13:07:41,124] INFO: Iter 9100 Summary: 
[2025-01-06 13:07:41,125] INFO: 	 lr: 0.00030000000000000073 	 Training loss: 0.11224989451467991
[2025-01-06 13:07:52,831] INFO: Iter 9200 Summary: 
[2025-01-06 13:07:52,831] INFO: 	 lr: 0.00030000000000000073 	 Training loss: 0.11142699673771858
[2025-01-06 13:08:03,832] INFO: Iter 9300 Summary: 
[2025-01-06 13:08:03,832] INFO: 	 lr: 0.00030000000000000073 	 Training loss: 0.11097073130309582
[2025-01-06 13:08:16,144] INFO: Iter 9400 Summary: 
[2025-01-06 13:08:16,144] INFO: 	 lr: 0.00030000000000000073 	 Training loss: 0.11132028087973594
[2025-01-06 13:08:30,077] INFO: Iter 9500 Summary: 
[2025-01-06 13:08:30,078] INFO: 	 lr: 0.00030000000000000073 	 Training loss: 0.11177577167749404
[2025-01-06 13:08:41,305] INFO: Iter 9600 Summary: 
[2025-01-06 13:08:41,305] INFO: 	 lr: 0.00030000000000000073 	 Training loss: 0.11127216078341007
[2025-01-06 13:08:52,446] INFO: Iter 9700 Summary: 
[2025-01-06 13:08:52,446] INFO: 	 lr: 0.00030000000000000073 	 Training loss: 0.11190986521542072
[2025-01-06 13:09:04,761] INFO: Iter 9800 Summary: 
[2025-01-06 13:09:04,761] INFO: 	 lr: 0.00030000000000000073 	 Training loss: 0.11098614983260631
[2025-01-06 13:09:17,608] INFO: Iter 9900 Summary: 
[2025-01-06 13:09:17,608] INFO: 	 lr: 0.00030000000000000073 	 Training loss: 0.11019279539585114
[2025-01-06 13:09:31,414] INFO: Iter 10000 Summary: 
[2025-01-06 13:09:31,414] INFO: 	 lr: 0.00030000000000000073 	 Training loss: 0.11026153638958931
[2025-01-06 13:09:47,498] INFO: Iter 10100 Summary: 
[2025-01-06 13:09:47,498] INFO: 	 lr: 0.00030000000000000073 	 Training loss: 0.1103291842341423
[2025-01-06 13:09:57,042] INFO: Iter 10200 Summary: 
[2025-01-06 13:09:57,043] INFO: 	 lr: 0.00030000000000000073 	 Training loss: 0.11127596609294414
[2025-01-06 13:10:10,402] INFO: Iter 10300 Summary: 
[2025-01-06 13:10:10,402] INFO: 	 lr: 0.00030000000000000073 	 Training loss: 0.11005293525755405
[2025-01-06 13:10:22,126] INFO: Iter 10400 Summary: 
[2025-01-06 13:10:22,126] INFO: 	 lr: 0.00030000000000000073 	 Training loss: 0.11125038929283619
[2025-01-06 13:10:35,597] INFO: Iter 10500 Summary: 
[2025-01-06 13:10:35,597] INFO: 	 lr: 0.00030000000000000073 	 Training loss: 0.10982765629887581
[2025-01-06 13:10:48,475] INFO: Iter 10600 Summary: 
[2025-01-06 13:10:48,475] INFO: 	 lr: 0.00030000000000000073 	 Training loss: 0.11059852167963982
[2025-01-06 13:11:02,120] INFO: Iter 10700 Summary: 
[2025-01-06 13:11:02,121] INFO: 	 lr: 0.00030000000000000073 	 Training loss: 0.11060294419527054
[2025-01-06 13:11:16,050] INFO: Iter 10800 Summary: 
[2025-01-06 13:11:16,050] INFO: 	 lr: 0.00030000000000000073 	 Training loss: 0.11029513247311115
[2025-01-06 13:11:28,652] INFO: Iter 10900 Summary: 
[2025-01-06 13:11:28,653] INFO: 	 lr: 0.00030000000000000073 	 Training loss: 0.11021125458180904
[2025-01-06 13:11:40,806] INFO: Iter 11000 Summary: 
[2025-01-06 13:11:40,806] INFO: 	 lr: 0.00030000000000000073 	 Training loss: 0.11028797544538975
[2025-01-06 13:11:54,418] INFO: Iter 11100 Summary: 
[2025-01-06 13:11:54,418] INFO: 	 lr: 0.00030000000000000073 	 Training loss: 0.1102873530983925
[2025-01-06 13:12:07,517] INFO: Iter 11200 Summary: 
[2025-01-06 13:12:07,517] INFO: 	 lr: 0.00030000000000000073 	 Training loss: 0.11081154689192772
[2025-01-06 13:12:21,227] INFO: Iter 11300 Summary: 
[2025-01-06 13:12:21,227] INFO: 	 lr: 0.00030000000000000073 	 Training loss: 0.10948533944785595
[2025-01-06 13:12:35,033] INFO: Iter 11400 Summary: 
[2025-01-06 13:12:35,033] INFO: 	 lr: 0.00030000000000000073 	 Training loss: 0.1091951897740364
[2025-01-06 13:12:47,661] INFO: Iter 11500 Summary: 
[2025-01-06 13:12:47,661] INFO: 	 lr: 0.00030000000000000073 	 Training loss: 0.10957839764654637
[2025-01-06 13:13:00,356] INFO: Iter 11600 Summary: 
[2025-01-06 13:13:00,357] INFO: 	 lr: 0.00030000000000000073 	 Training loss: 0.11001003555953502
[2025-01-06 13:13:14,255] INFO: Iter 11700 Summary: 
[2025-01-06 13:13:14,255] INFO: 	 lr: 0.00030000000000000073 	 Training loss: 0.10980909235775471
[2025-01-06 13:13:27,119] INFO: Iter 11800 Summary: 
[2025-01-06 13:13:27,119] INFO: 	 lr: 0.00030000000000000073 	 Training loss: 0.10923969775438308
[2025-01-06 13:13:37,540] INFO: Iter 11900 Summary: 
[2025-01-06 13:13:37,541] INFO: 	 lr: 0.00030000000000000073 	 Training loss: 0.10927191331982612
[2025-01-06 13:13:49,670] INFO: Iter 12000 Summary: 
[2025-01-06 13:13:49,670] INFO: 	 lr: 0.00030000000000000073 	 Training loss: 0.1089993566274643
[2025-01-06 13:14:06,894] INFO: Iter 12100 Summary: 
[2025-01-06 13:14:06,895] INFO: 	 lr: 0.00030000000000000073 	 Training loss: 0.10935106426477433
[2025-01-06 13:14:19,215] INFO: Iter 12200 Summary: 
[2025-01-06 13:14:19,215] INFO: 	 lr: 0.00030000000000000073 	 Training loss: 0.10866342820227146
[2025-01-06 13:14:31,355] INFO: Iter 12300 Summary: 
[2025-01-06 13:14:31,355] INFO: 	 lr: 0.00030000000000000073 	 Training loss: 0.10928037524223327
[2025-01-06 13:14:42,704] INFO: Iter 12400 Summary: 
[2025-01-06 13:14:42,705] INFO: 	 lr: 0.00030000000000000073 	 Training loss: 0.10897139757871628
[2025-01-06 13:14:55,259] INFO: Iter 12500 Summary: 
[2025-01-06 13:14:55,260] INFO: 	 lr: 0.00030000000000000073 	 Training loss: 0.10922837227582932
[2025-01-06 13:15:07,023] INFO: Iter 12600 Summary: 
[2025-01-06 13:15:07,023] INFO: 	 lr: 0.00030000000000000073 	 Training loss: 0.1088066989928484
[2025-01-06 13:15:20,978] INFO: Iter 12700 Summary: 
[2025-01-06 13:15:20,979] INFO: 	 lr: 0.00030000000000000073 	 Training loss: 0.10878100872039795
[2025-01-06 13:15:33,292] INFO: Iter 12800 Summary: 
[2025-01-06 13:15:33,292] INFO: 	 lr: 0.00030000000000000073 	 Training loss: 0.10828230634331704
[2025-01-06 13:15:45,012] INFO: Iter 12900 Summary: 
[2025-01-06 13:15:45,013] INFO: 	 lr: 0.00030000000000000073 	 Training loss: 0.1087311988323927
[2025-01-06 13:15:57,471] INFO: Iter 13000 Summary: 
[2025-01-06 13:15:57,471] INFO: 	 lr: 0.00030000000000000073 	 Training loss: 0.10890376321971416
[2025-01-06 13:16:09,487] INFO: Iter 13100 Summary: 
[2025-01-06 13:16:09,487] INFO: 	 lr: 0.00030000000000000073 	 Training loss: 0.1080098270624876
[2025-01-06 13:16:20,963] INFO: Iter 13200 Summary: 
[2025-01-06 13:16:20,963] INFO: 	 lr: 0.00030000000000000073 	 Training loss: 0.10881915666162968
[2025-01-06 13:16:33,723] INFO: Iter 13300 Summary: 
[2025-01-06 13:16:33,723] INFO: 	 lr: 0.00030000000000000073 	 Training loss: 0.10817678183317185
[2025-01-06 13:16:46,150] INFO: Iter 13400 Summary: 
[2025-01-06 13:16:46,151] INFO: 	 lr: 0.00030000000000000073 	 Training loss: 0.1082595257461071
[2025-01-06 13:16:59,658] INFO: Iter 13500 Summary: 
[2025-01-06 13:16:59,658] INFO: 	 lr: 0.00030000000000000073 	 Training loss: 0.10774303585290909
[2025-01-06 13:17:12,916] INFO: Iter 13600 Summary: 
[2025-01-06 13:17:12,917] INFO: 	 lr: 0.00030000000000000073 	 Training loss: 0.1079391287267208
[2025-01-06 13:17:23,547] INFO: Iter 13700 Summary: 
[2025-01-06 13:17:23,548] INFO: 	 lr: 0.00030000000000000073 	 Training loss: 0.10786046482622623
[2025-01-06 13:17:34,221] INFO: Iter 13800 Summary: 
[2025-01-06 13:17:34,222] INFO: 	 lr: 0.00030000000000000073 	 Training loss: 0.10825483731925488
[2025-01-06 13:17:48,252] INFO: Iter 13900 Summary: 
[2025-01-06 13:17:48,252] INFO: 	 lr: 0.00030000000000000073 	 Training loss: 0.10773994185030461
[2025-01-06 13:18:02,990] INFO: Iter 14000 Summary: 
[2025-01-06 13:18:02,990] INFO: 	 lr: 0.00030000000000000073 	 Training loss: 0.10794084794819354
[2025-01-06 13:18:17,843] INFO: Iter 14100 Summary: 
[2025-01-06 13:18:17,843] INFO: 	 lr: 0.00030000000000000073 	 Training loss: 0.10793011851608753
[2025-01-06 13:18:28,563] INFO: Iter 14200 Summary: 
[2025-01-06 13:18:28,564] INFO: 	 lr: 0.00030000000000000073 	 Training loss: 0.10720866583287716
[2025-01-06 13:18:41,331] INFO: Iter 14300 Summary: 
[2025-01-06 13:18:41,331] INFO: 	 lr: 0.00030000000000000073 	 Training loss: 0.10754708081483841
[2025-01-06 13:18:54,137] INFO: Iter 14400 Summary: 
[2025-01-06 13:18:54,137] INFO: 	 lr: 0.00030000000000000073 	 Training loss: 0.10765651121735573
[2025-01-06 13:19:07,128] INFO: Iter 14500 Summary: 
[2025-01-06 13:19:07,128] INFO: 	 lr: 0.00030000000000000073 	 Training loss: 0.10708933524787426
[2025-01-06 13:19:18,596] INFO: Iter 14600 Summary: 
[2025-01-06 13:19:18,596] INFO: 	 lr: 0.00030000000000000073 	 Training loss: 0.1072423019260168
[2025-01-06 13:19:32,457] INFO: Iter 14700 Summary: 
[2025-01-06 13:19:32,457] INFO: 	 lr: 0.00030000000000000073 	 Training loss: 0.10709977999329567
[2025-01-06 13:19:44,422] INFO: Iter 14800 Summary: 
[2025-01-06 13:19:44,422] INFO: 	 lr: 0.00030000000000000073 	 Training loss: 0.10705540046095847
[2025-01-06 13:19:55,857] INFO: Iter 14900 Summary: 
[2025-01-06 13:19:55,857] INFO: 	 lr: 0.00030000000000000073 	 Training loss: 0.10700020544230938
[2025-01-06 13:20:08,840] INFO: Iter 15000 Summary: 
[2025-01-06 13:20:08,841] INFO: 	 lr: 0.00030000000000000073 	 Training loss: 0.10744181022047997
[2025-01-06 13:20:21,791] INFO: Iter 15100 Summary: 
[2025-01-06 13:20:21,791] INFO: 	 lr: 0.00030000000000000073 	 Training loss: 0.10674432158470154
[2025-01-06 13:20:34,847] INFO: Iter 15200 Summary: 
[2025-01-06 13:20:34,847] INFO: 	 lr: 0.00030000000000000073 	 Training loss: 0.10661756299436093
[2025-01-06 13:20:49,114] INFO: Iter 15300 Summary: 
[2025-01-06 13:20:49,115] INFO: 	 lr: 0.00030000000000000073 	 Training loss: 0.10765761956572532
[2025-01-06 13:21:01,827] INFO: Iter 15400 Summary: 
[2025-01-06 13:21:01,828] INFO: 	 lr: 0.00030000000000000073 	 Training loss: 0.10718371532857418
[2025-01-06 13:21:13,915] INFO: Iter 15500 Summary: 
[2025-01-06 13:21:13,915] INFO: 	 lr: 0.00030000000000000073 	 Training loss: 0.10621038101613521
[2025-01-06 13:21:25,523] INFO: Iter 15600 Summary: 
[2025-01-06 13:21:25,523] INFO: 	 lr: 0.00030000000000000073 	 Training loss: 0.10702603593468667
[2025-01-06 13:21:37,557] INFO: Iter 15700 Summary: 
[2025-01-06 13:21:37,557] INFO: 	 lr: 0.00030000000000000073 	 Training loss: 0.1067195202410221
[2025-01-06 13:21:50,343] INFO: Iter 15800 Summary: 
[2025-01-06 13:21:50,343] INFO: 	 lr: 0.00030000000000000073 	 Training loss: 0.10696747548878192
[2025-01-06 13:21:59,709] INFO: Iter 15900 Summary: 
[2025-01-06 13:21:59,709] INFO: 	 lr: 0.00030000000000000073 	 Training loss: 0.10678504183888435
[2025-01-06 13:22:12,384] INFO: Iter 16000 Summary: 
[2025-01-06 13:22:12,385] INFO: 	 lr: 0.00030000000000000073 	 Training loss: 0.10641908913850784
[2025-01-06 13:22:28,109] INFO: Iter 16100 Summary: 
[2025-01-06 13:22:28,109] INFO: 	 lr: 0.00030000000000000073 	 Training loss: 0.10670031435787677
[2025-01-06 13:22:39,221] INFO: Iter 16200 Summary: 
[2025-01-06 13:22:39,222] INFO: 	 lr: 0.00030000000000000073 	 Training loss: 0.10617458261549473
[2025-01-06 13:22:50,928] INFO: Iter 16300 Summary: 
[2025-01-06 13:22:50,929] INFO: 	 lr: 0.00030000000000000073 	 Training loss: 0.10632499761879444
[2025-01-06 13:23:04,372] INFO: Iter 16400 Summary: 
[2025-01-06 13:23:04,373] INFO: 	 lr: 0.00030000000000000073 	 Training loss: 0.10591466203331948
[2025-01-06 13:23:15,804] INFO: Iter 16500 Summary: 
[2025-01-06 13:23:15,804] INFO: 	 lr: 0.00030000000000000073 	 Training loss: 0.10639645293354988
[2025-01-06 13:23:28,327] INFO: Iter 16600 Summary: 
[2025-01-06 13:23:28,327] INFO: 	 lr: 0.00030000000000000073 	 Training loss: 0.1062090241163969
[2025-01-06 13:23:41,435] INFO: Iter 16700 Summary: 
[2025-01-06 13:23:41,435] INFO: 	 lr: 0.00030000000000000073 	 Training loss: 0.10621497631072999
[2025-01-06 13:23:52,778] INFO: Iter 16800 Summary: 
[2025-01-06 13:23:52,778] INFO: 	 lr: 0.00030000000000000073 	 Training loss: 0.10591805055737495
[2025-01-06 13:24:05,962] INFO: Iter 16900 Summary: 
[2025-01-06 13:24:05,962] INFO: 	 lr: 0.00030000000000000073 	 Training loss: 0.10658632695674897
[2025-01-06 13:24:18,502] INFO: Iter 17000 Summary: 
[2025-01-06 13:24:18,502] INFO: 	 lr: 0.00030000000000000073 	 Training loss: 0.10604089058935642
[2025-01-06 13:24:30,592] INFO: Iter 17100 Summary: 
[2025-01-06 13:24:30,592] INFO: 	 lr: 0.00030000000000000073 	 Training loss: 0.10567101553082466
[2025-01-06 13:24:41,662] INFO: Iter 17200 Summary: 
[2025-01-06 13:24:41,662] INFO: 	 lr: 0.00030000000000000073 	 Training loss: 0.1055051951855421
[2025-01-06 13:24:55,170] INFO: Iter 17300 Summary: 
[2025-01-06 13:24:55,171] INFO: 	 lr: 0.00030000000000000073 	 Training loss: 0.10567534014582634
[2025-01-06 13:25:05,630] INFO: Iter 17400 Summary: 
[2025-01-06 13:25:05,631] INFO: 	 lr: 0.00030000000000000073 	 Training loss: 0.10554292842745781
[2025-01-06 13:25:15,974] INFO: Iter 17500 Summary: 
[2025-01-06 13:25:15,975] INFO: 	 lr: 0.00030000000000000073 	 Training loss: 0.10499770879745483
[2025-01-06 13:25:27,823] INFO: Iter 17600 Summary: 
[2025-01-06 13:25:27,823] INFO: 	 lr: 0.00030000000000000073 	 Training loss: 0.1054428368061781
[2025-01-06 13:25:40,964] INFO: Iter 17700 Summary: 
[2025-01-06 13:25:40,964] INFO: 	 lr: 0.00030000000000000073 	 Training loss: 0.1058518498390913
[2025-01-06 13:25:52,300] INFO: Iter 17800 Summary: 
[2025-01-06 13:25:52,301] INFO: 	 lr: 0.00030000000000000073 	 Training loss: 0.10534910313785076
[2025-01-06 13:26:02,997] INFO: Iter 17900 Summary: 
[2025-01-06 13:26:02,998] INFO: 	 lr: 0.00030000000000000073 	 Training loss: 0.10568934962153435
[2025-01-06 13:26:15,852] INFO: Iter 18000 Summary: 
[2025-01-06 13:26:15,852] INFO: 	 lr: 0.00030000000000000073 	 Training loss: 0.1052291988581419
[2025-01-06 13:26:32,355] INFO: Iter 18100 Summary: 
[2025-01-06 13:26:32,355] INFO: 	 lr: 0.00030000000000000073 	 Training loss: 0.10440207548439502
[2025-01-06 13:26:43,547] INFO: Iter 18200 Summary: 
[2025-01-06 13:26:43,548] INFO: 	 lr: 0.00030000000000000073 	 Training loss: 0.10502711832523345
[2025-01-06 13:26:55,773] INFO: Iter 18300 Summary: 
[2025-01-06 13:26:55,773] INFO: 	 lr: 0.00030000000000000073 	 Training loss: 0.10536068066954613
[2025-01-06 13:27:07,576] INFO: Iter 18400 Summary: 
[2025-01-06 13:27:07,576] INFO: 	 lr: 0.00030000000000000073 	 Training loss: 0.10480086237192154
[2025-01-06 13:27:18,477] INFO: Iter 18500 Summary: 
[2025-01-06 13:27:18,478] INFO: 	 lr: 0.00030000000000000073 	 Training loss: 0.1052502766996622
[2025-01-06 13:27:30,465] INFO: Iter 18600 Summary: 
[2025-01-06 13:27:30,465] INFO: 	 lr: 0.00030000000000000073 	 Training loss: 0.10538903504610062
[2025-01-06 13:27:43,533] INFO: Iter 18700 Summary: 
[2025-01-06 13:27:43,534] INFO: 	 lr: 0.00030000000000000073 	 Training loss: 0.10464654095470906
[2025-01-06 13:27:55,333] INFO: Iter 18800 Summary: 
[2025-01-06 13:27:55,333] INFO: 	 lr: 0.00030000000000000073 	 Training loss: 0.10467157162725925
[2025-01-06 13:28:06,652] INFO: Iter 18900 Summary: 
[2025-01-06 13:28:06,652] INFO: 	 lr: 0.00030000000000000073 	 Training loss: 0.10553742334246635
[2025-01-06 13:28:16,304] INFO: Iter 19000 Summary: 
[2025-01-06 13:28:16,304] INFO: 	 lr: 0.00030000000000000073 	 Training loss: 0.10426720030605793
[2025-01-06 13:28:28,106] INFO: Iter 19100 Summary: 
[2025-01-06 13:28:28,106] INFO: 	 lr: 0.00030000000000000073 	 Training loss: 0.10519973590970039
[2025-01-06 13:28:39,837] INFO: Iter 19200 Summary: 
[2025-01-06 13:28:39,837] INFO: 	 lr: 0.00030000000000000073 	 Training loss: 0.1045856611430645
[2025-01-06 13:28:53,432] INFO: Iter 19300 Summary: 
[2025-01-06 13:28:53,433] INFO: 	 lr: 0.00030000000000000073 	 Training loss: 0.10428377769887448
[2025-01-06 13:29:04,848] INFO: Iter 19400 Summary: 
[2025-01-06 13:29:04,848] INFO: 	 lr: 0.00030000000000000073 	 Training loss: 0.10392268322408199
[2025-01-06 13:29:17,275] INFO: Iter 19500 Summary: 
[2025-01-06 13:29:17,276] INFO: 	 lr: 0.00030000000000000073 	 Training loss: 0.10482493288815022
[2025-01-06 13:29:30,850] INFO: Iter 19600 Summary: 
[2025-01-06 13:29:30,850] INFO: 	 lr: 0.00030000000000000073 	 Training loss: 0.10517971381545067
[2025-01-06 13:29:43,532] INFO: Iter 19700 Summary: 
[2025-01-06 13:29:43,532] INFO: 	 lr: 0.00030000000000000073 	 Training loss: 0.10448655001819133
[2025-01-06 13:29:56,172] INFO: Iter 19800 Summary: 
[2025-01-06 13:29:56,172] INFO: 	 lr: 0.00030000000000000073 	 Training loss: 0.10422750055789948
[2025-01-06 13:30:06,422] INFO: Iter 19900 Summary: 
[2025-01-06 13:30:06,423] INFO: 	 lr: 0.00030000000000000073 	 Training loss: 0.10401684902608395
[2025-01-06 13:30:18,531] INFO: Iter 20000 Summary: 
[2025-01-06 13:30:18,531] INFO: 	 lr: 0.00030000000000000073 	 Training loss: 0.10428666591644287
[2025-01-06 13:30:35,268] INFO: Iter 20100 Summary: 
[2025-01-06 13:30:35,268] INFO: 	 lr: 0.00030000000000000073 	 Training loss: 0.10430602431297302
[2025-01-06 13:30:46,547] INFO: Iter 20200 Summary: 
[2025-01-06 13:30:46,548] INFO: 	 lr: 0.00030000000000000073 	 Training loss: 0.10366232082247734
[2025-01-06 13:30:59,391] INFO: Iter 20300 Summary: 
[2025-01-06 13:30:59,391] INFO: 	 lr: 0.00030000000000000073 	 Training loss: 0.10416338920593261
[2025-01-06 13:31:11,519] INFO: Iter 20400 Summary: 
[2025-01-06 13:31:11,519] INFO: 	 lr: 0.00030000000000000073 	 Training loss: 0.10436088271439076
[2025-01-06 13:31:23,460] INFO: Iter 20500 Summary: 
[2025-01-06 13:31:23,461] INFO: 	 lr: 0.00030000000000000073 	 Training loss: 0.10342836216092109
[2025-01-06 13:31:35,412] INFO: Iter 20600 Summary: 
[2025-01-06 13:31:35,412] INFO: 	 lr: 0.00030000000000000073 	 Training loss: 0.10430925659835338
[2025-01-06 13:31:49,044] INFO: Iter 20700 Summary: 
[2025-01-06 13:31:49,045] INFO: 	 lr: 0.00030000000000000073 	 Training loss: 0.1038859435915947
[2025-01-06 13:32:02,572] INFO: Iter 20800 Summary: 
[2025-01-06 13:32:02,572] INFO: 	 lr: 0.00030000000000000073 	 Training loss: 0.10421568460762501
[2025-01-06 13:32:13,395] INFO: Iter 20900 Summary: 
[2025-01-06 13:32:13,396] INFO: 	 lr: 0.00030000000000000073 	 Training loss: 0.10354976631700992
[2025-01-06 13:32:23,437] INFO: Iter 21000 Summary: 
[2025-01-06 13:32:23,438] INFO: 	 lr: 0.00030000000000000073 	 Training loss: 0.1034073507040739
[2025-01-06 13:32:33,063] INFO: Iter 21100 Summary: 
[2025-01-06 13:32:33,063] INFO: 	 lr: 0.00030000000000000073 	 Training loss: 0.10406899623572827
[2025-01-06 13:32:44,565] INFO: Iter 21200 Summary: 
[2025-01-06 13:32:44,565] INFO: 	 lr: 0.00030000000000000073 	 Training loss: 0.10372974872589111
[2025-01-06 13:32:58,953] INFO: Iter 21300 Summary: 
[2025-01-06 13:32:58,954] INFO: 	 lr: 0.00030000000000000073 	 Training loss: 0.10312176197767257
[2025-01-06 13:33:10,273] INFO: Iter 21400 Summary: 
[2025-01-06 13:33:10,273] INFO: 	 lr: 0.00030000000000000073 	 Training loss: 0.10389652870595455
[2025-01-06 13:33:20,505] INFO: Iter 21500 Summary: 
[2025-01-06 13:33:20,505] INFO: 	 lr: 0.00030000000000000073 	 Training loss: 0.10359752185642719
[2025-01-06 13:33:33,633] INFO: Iter 21600 Summary: 
[2025-01-06 13:33:33,633] INFO: 	 lr: 0.00030000000000000073 	 Training loss: 0.10323971338570118
[2025-01-06 13:33:45,522] INFO: Iter 21700 Summary: 
[2025-01-06 13:33:45,522] INFO: 	 lr: 0.00030000000000000073 	 Training loss: 0.10274220682680607
[2025-01-06 13:33:58,571] INFO: Iter 21800 Summary: 
[2025-01-06 13:33:58,572] INFO: 	 lr: 0.00030000000000000073 	 Training loss: 0.1035266599804163
[2025-01-06 13:34:11,960] INFO: Iter 21900 Summary: 
[2025-01-06 13:34:11,961] INFO: 	 lr: 0.00030000000000000073 	 Training loss: 0.10313890047371388
[2025-01-06 13:34:26,191] INFO: Iter 22000 Summary: 
[2025-01-06 13:34:26,191] INFO: 	 lr: 0.00030000000000000073 	 Training loss: 0.10211368136107922
[2025-01-06 13:34:41,799] INFO: Iter 22100 Summary: 
[2025-01-06 13:34:41,799] INFO: 	 lr: 0.00030000000000000073 	 Training loss: 0.10344422712922097
[2025-01-06 13:34:54,797] INFO: Iter 22200 Summary: 
[2025-01-06 13:34:54,797] INFO: 	 lr: 0.00030000000000000073 	 Training loss: 0.1040031722187996
[2025-01-06 13:35:07,800] INFO: Iter 22300 Summary: 
[2025-01-06 13:35:07,800] INFO: 	 lr: 0.00030000000000000073 	 Training loss: 0.10285813078284263
[2025-01-06 13:35:18,965] INFO: Iter 22400 Summary: 
[2025-01-06 13:35:18,965] INFO: 	 lr: 0.00030000000000000073 	 Training loss: 0.1028131064772606
[2025-01-06 13:35:29,969] INFO: Iter 22500 Summary: 
[2025-01-06 13:35:29,969] INFO: 	 lr: 0.00030000000000000073 	 Training loss: 0.1032957325130701
[2025-01-06 13:35:40,258] INFO: Iter 22600 Summary: 
[2025-01-06 13:35:40,258] INFO: 	 lr: 0.00030000000000000073 	 Training loss: 0.10271934874355793
[2025-01-06 13:35:54,672] INFO: Iter 22700 Summary: 
[2025-01-06 13:35:54,673] INFO: 	 lr: 0.00030000000000000073 	 Training loss: 0.1024523814022541
[2025-01-06 13:36:06,779] INFO: Iter 22800 Summary: 
[2025-01-06 13:36:06,779] INFO: 	 lr: 0.00030000000000000073 	 Training loss: 0.1023042056709528
[2025-01-06 13:36:19,047] INFO: Iter 22900 Summary: 
[2025-01-06 13:36:19,047] INFO: 	 lr: 0.00030000000000000073 	 Training loss: 0.10351570785045623
[2025-01-06 13:36:30,308] INFO: Iter 23000 Summary: 
[2025-01-06 13:36:30,309] INFO: 	 lr: 0.00030000000000000073 	 Training loss: 0.10312457472085952
[2025-01-06 13:36:43,564] INFO: Iter 23100 Summary: 
[2025-01-06 13:36:43,564] INFO: 	 lr: 0.00030000000000000073 	 Training loss: 0.10321562692523002
[2025-01-06 13:36:55,907] INFO: Iter 23200 Summary: 
[2025-01-06 13:36:55,907] INFO: 	 lr: 0.00030000000000000073 	 Training loss: 0.10286067791283131
[2025-01-06 13:37:09,941] INFO: Iter 23300 Summary: 
[2025-01-06 13:37:09,942] INFO: 	 lr: 0.00030000000000000073 	 Training loss: 0.10314059063792229
[2025-01-06 13:37:22,056] INFO: Iter 23400 Summary: 
[2025-01-06 13:37:22,056] INFO: 	 lr: 0.00030000000000000073 	 Training loss: 0.10261032372713089
[2025-01-06 13:37:33,981] INFO: Iter 23500 Summary: 
[2025-01-06 13:37:33,982] INFO: 	 lr: 0.00030000000000000073 	 Training loss: 0.10268420696258546
[2025-01-06 13:37:47,361] INFO: Iter 23600 Summary: 
[2025-01-06 13:37:47,361] INFO: 	 lr: 0.00030000000000000073 	 Training loss: 0.10274194173514843
[2025-01-06 13:37:59,019] INFO: Iter 23700 Summary: 
[2025-01-06 13:37:59,019] INFO: 	 lr: 0.00030000000000000073 	 Training loss: 0.10216757521033287
[2025-01-06 13:38:11,454] INFO: Iter 23800 Summary: 
[2025-01-06 13:38:11,454] INFO: 	 lr: 0.00030000000000000073 	 Training loss: 0.10290688380599022
[2025-01-06 13:38:22,344] INFO: Iter 23900 Summary: 
[2025-01-06 13:38:22,345] INFO: 	 lr: 0.00030000000000000073 	 Training loss: 0.1023790691792965
[2025-01-06 13:38:35,594] INFO: Iter 24000 Summary: 
[2025-01-06 13:38:35,594] INFO: 	 lr: 0.00030000000000000073 	 Training loss: 0.10208789415657521
[2025-01-06 13:38:48,905] INFO: Iter 24100 Summary: 
[2025-01-06 13:38:48,906] INFO: 	 lr: 0.00030000000000000073 	 Training loss: 0.10195540368556977
[2025-01-06 13:38:59,913] INFO: Iter 24200 Summary: 
[2025-01-06 13:38:59,913] INFO: 	 lr: 0.00030000000000000073 	 Training loss: 0.10222851760685443
[2025-01-06 13:39:11,718] INFO: Iter 24300 Summary: 
[2025-01-06 13:39:11,718] INFO: 	 lr: 0.00030000000000000073 	 Training loss: 0.10214715071022511
[2025-01-06 13:39:23,705] INFO: Iter 24400 Summary: 
[2025-01-06 13:39:23,705] INFO: 	 lr: 0.00030000000000000073 	 Training loss: 0.10212820596992969
[2025-01-06 13:39:34,915] INFO: Iter 24500 Summary: 
[2025-01-06 13:39:34,915] INFO: 	 lr: 0.00030000000000000073 	 Training loss: 0.10217098377645016
[2025-01-06 13:39:47,336] INFO: Iter 24600 Summary: 
[2025-01-06 13:39:47,337] INFO: 	 lr: 0.00030000000000000073 	 Training loss: 0.10194104433059692
[2025-01-06 13:40:01,020] INFO: Iter 24700 Summary: 
[2025-01-06 13:40:01,021] INFO: 	 lr: 0.00030000000000000073 	 Training loss: 0.1020354215055704
[2025-01-06 13:40:13,044] INFO: Iter 24800 Summary: 
[2025-01-06 13:40:13,044] INFO: 	 lr: 0.00030000000000000073 	 Training loss: 0.10166477188467979
[2025-01-06 13:40:25,856] INFO: Iter 24900 Summary: 
[2025-01-06 13:40:25,856] INFO: 	 lr: 0.00030000000000000073 	 Training loss: 0.10252872489392757
[2025-01-06 13:40:37,384] INFO: Iter 25000 Summary: 
[2025-01-06 13:40:37,385] INFO: 	 lr: 0.00030000000000000073 	 Training loss: 0.10213966585695744
[2025-01-06 13:40:49,118] INFO: Iter 25100 Summary: 
[2025-01-06 13:40:49,118] INFO: 	 lr: 0.00030000000000000073 	 Training loss: 0.10200697839260102
[2025-01-06 13:41:02,838] INFO: Iter 25200 Summary: 
[2025-01-06 13:41:02,838] INFO: 	 lr: 0.00030000000000000073 	 Training loss: 0.10169247478246689
[2025-01-06 13:41:16,477] INFO: Iter 25300 Summary: 
[2025-01-06 13:41:16,478] INFO: 	 lr: 0.00030000000000000073 	 Training loss: 0.10168399520218373
[2025-01-06 13:41:29,712] INFO: Iter 25400 Summary: 
[2025-01-06 13:41:29,712] INFO: 	 lr: 0.00030000000000000073 	 Training loss: 0.1015401066839695
[2025-01-06 13:41:42,156] INFO: Iter 25500 Summary: 
[2025-01-06 13:41:42,156] INFO: 	 lr: 0.00030000000000000073 	 Training loss: 0.1015778399258852
[2025-01-06 13:41:55,352] INFO: Iter 25600 Summary: 
[2025-01-06 13:41:55,352] INFO: 	 lr: 0.00030000000000000073 	 Training loss: 0.10178799532353879
[2025-01-06 13:42:06,559] INFO: Iter 25700 Summary: 
[2025-01-06 13:42:06,559] INFO: 	 lr: 0.00030000000000000073 	 Training loss: 0.10198237910866738
[2025-01-06 13:42:19,366] INFO: Iter 25800 Summary: 
[2025-01-06 13:42:19,366] INFO: 	 lr: 0.00030000000000000073 	 Training loss: 0.10176175870001317
[2025-01-06 13:42:31,216] INFO: Iter 25900 Summary: 
[2025-01-06 13:42:31,217] INFO: 	 lr: 0.00030000000000000073 	 Training loss: 0.1014221628010273
[2025-01-06 13:42:43,694] INFO: Iter 26000 Summary: 
[2025-01-06 13:42:43,694] INFO: 	 lr: 0.00030000000000000073 	 Training loss: 0.10167595192790031
[2025-01-06 13:42:58,192] INFO: Iter 26100 Summary: 
[2025-01-06 13:42:58,192] INFO: 	 lr: 0.00030000000000000073 	 Training loss: 0.10118209071457386
[2025-01-06 13:43:10,148] INFO: Iter 26200 Summary: 
[2025-01-06 13:43:10,148] INFO: 	 lr: 0.00030000000000000073 	 Training loss: 0.10186530254781247
[2025-01-06 13:43:22,488] INFO: Iter 26300 Summary: 
[2025-01-06 13:43:22,488] INFO: 	 lr: 0.00030000000000000073 	 Training loss: 0.101713380292058
[2025-01-06 13:43:34,680] INFO: Iter 26400 Summary: 
[2025-01-06 13:43:34,680] INFO: 	 lr: 0.00030000000000000073 	 Training loss: 0.1009411034733057
[2025-01-06 13:43:46,969] INFO: Iter 26500 Summary: 
[2025-01-06 13:43:46,970] INFO: 	 lr: 0.00030000000000000073 	 Training loss: 0.10137024521827698
[2025-01-06 13:43:58,560] INFO: Iter 26600 Summary: 
[2025-01-06 13:43:58,560] INFO: 	 lr: 0.00030000000000000073 	 Training loss: 0.10216301336884498
[2025-01-06 13:44:11,365] INFO: Iter 26700 Summary: 
[2025-01-06 13:44:11,365] INFO: 	 lr: 0.00030000000000000073 	 Training loss: 0.10056426152586936
[2025-01-06 13:44:22,805] INFO: Iter 26800 Summary: 
[2025-01-06 13:44:22,805] INFO: 	 lr: 0.00030000000000000073 	 Training loss: 0.10159039214253425
[2025-01-06 13:44:35,716] INFO: Iter 26900 Summary: 
[2025-01-06 13:44:35,717] INFO: 	 lr: 0.00030000000000000073 	 Training loss: 0.10134739808738231
[2025-01-06 13:44:47,870] INFO: Iter 27000 Summary: 
[2025-01-06 13:44:47,871] INFO: 	 lr: 0.00030000000000000073 	 Training loss: 0.10195192620158196
[2025-01-06 13:45:00,619] INFO: Iter 27100 Summary: 
[2025-01-06 13:45:00,619] INFO: 	 lr: 0.00030000000000000073 	 Training loss: 0.1013537424057722
[2025-01-06 13:45:13,204] INFO: Iter 27200 Summary: 
[2025-01-06 13:45:13,204] INFO: 	 lr: 0.00030000000000000073 	 Training loss: 0.10102525629103183
[2025-01-06 13:45:25,565] INFO: Iter 27300 Summary: 
[2025-01-06 13:45:25,566] INFO: 	 lr: 0.00030000000000000073 	 Training loss: 0.10120714344084263
[2025-01-06 13:45:39,127] INFO: Iter 27400 Summary: 
[2025-01-06 13:45:39,127] INFO: 	 lr: 0.00030000000000000073 	 Training loss: 0.10090510420501232
[2025-01-06 13:45:52,101] INFO: Iter 27500 Summary: 
[2025-01-06 13:45:52,101] INFO: 	 lr: 0.00030000000000000073 	 Training loss: 0.10113089770078659
[2025-01-06 13:46:04,724] INFO: Iter 27600 Summary: 
[2025-01-06 13:46:04,725] INFO: 	 lr: 0.00030000000000000073 	 Training loss: 0.1005765201151371
[2025-01-06 13:46:16,147] INFO: Iter 27700 Summary: 
[2025-01-06 13:46:16,147] INFO: 	 lr: 0.00030000000000000073 	 Training loss: 0.10157554715871811
[2025-01-06 13:46:27,742] INFO: Iter 27800 Summary: 
[2025-01-06 13:46:27,742] INFO: 	 lr: 0.00030000000000000073 	 Training loss: 0.10124600872397423
[2025-01-06 13:46:40,039] INFO: Iter 27900 Summary: 
[2025-01-06 13:46:40,039] INFO: 	 lr: 0.00030000000000000073 	 Training loss: 0.10135166704654694
[2025-01-06 13:46:54,667] INFO: Iter 28000 Summary: 
[2025-01-06 13:46:54,667] INFO: 	 lr: 0.00030000000000000073 	 Training loss: 0.101287991553545
[2025-01-06 13:47:09,116] INFO: Iter 28100 Summary: 
[2025-01-06 13:47:09,116] INFO: 	 lr: 0.00030000000000000073 	 Training loss: 0.100807169303298
[2025-01-06 13:47:21,424] INFO: Iter 28200 Summary: 
[2025-01-06 13:47:21,424] INFO: 	 lr: 0.00030000000000000073 	 Training loss: 0.10095484964549542
[2025-01-06 13:47:31,763] INFO: Iter 28300 Summary: 
[2025-01-06 13:47:31,763] INFO: 	 lr: 0.00030000000000000073 	 Training loss: 0.10050528593361378
[2025-01-06 13:47:44,244] INFO: Iter 28400 Summary: 
[2025-01-06 13:47:44,244] INFO: 	 lr: 0.00030000000000000073 	 Training loss: 0.10063240893185138
[2025-01-06 13:47:56,028] INFO: Iter 28500 Summary: 
[2025-01-06 13:47:56,029] INFO: 	 lr: 0.00030000000000000073 	 Training loss: 0.10109406672418117
[2025-01-06 13:48:10,211] INFO: Iter 28600 Summary: 
[2025-01-06 13:48:10,211] INFO: 	 lr: 0.00030000000000000073 	 Training loss: 0.10099549122154712
[2025-01-06 13:48:22,722] INFO: Iter 28700 Summary: 
[2025-01-06 13:48:22,723] INFO: 	 lr: 0.00030000000000000073 	 Training loss: 0.10043224595487117
[2025-01-06 13:48:34,605] INFO: Iter 28800 Summary: 
[2025-01-06 13:48:34,605] INFO: 	 lr: 0.00030000000000000073 	 Training loss: 0.10017145201563835
[2025-01-06 13:48:45,907] INFO: Iter 28900 Summary: 
[2025-01-06 13:48:45,907] INFO: 	 lr: 0.00030000000000000073 	 Training loss: 0.10101834051311016
[2025-01-06 13:48:58,424] INFO: Iter 29000 Summary: 
[2025-01-06 13:48:58,424] INFO: 	 lr: 0.00030000000000000073 	 Training loss: 0.10060834012925625
[2025-01-06 13:49:09,809] INFO: Iter 29100 Summary: 
[2025-01-06 13:49:09,810] INFO: 	 lr: 0.00030000000000000073 	 Training loss: 0.10078924715518951
[2025-01-06 13:49:23,225] INFO: Iter 29200 Summary: 
[2025-01-06 13:49:23,225] INFO: 	 lr: 0.00030000000000000073 	 Training loss: 0.1015535632520914
[2025-01-06 13:49:35,586] INFO: Iter 29300 Summary: 
[2025-01-06 13:49:35,586] INFO: 	 lr: 0.00030000000000000073 	 Training loss: 0.10098044522106647
[2025-01-06 13:49:48,154] INFO: Iter 29400 Summary: 
[2025-01-06 13:49:48,154] INFO: 	 lr: 0.00030000000000000073 	 Training loss: 0.10021524988114834
[2025-01-06 13:49:59,842] INFO: Iter 29500 Summary: 
[2025-01-06 13:49:59,842] INFO: 	 lr: 0.00030000000000000073 	 Training loss: 0.10038868986070155
[2025-01-06 13:50:10,957] INFO: Iter 29600 Summary: 
[2025-01-06 13:50:10,958] INFO: 	 lr: 0.00030000000000000073 	 Training loss: 0.10030945390462875
[2025-01-06 13:50:22,688] INFO: Iter 29700 Summary: 
[2025-01-06 13:50:22,689] INFO: 	 lr: 0.00030000000000000073 	 Training loss: 0.1004651701450348
[2025-01-06 13:50:35,745] INFO: Iter 29800 Summary: 
[2025-01-06 13:50:35,745] INFO: 	 lr: 0.00030000000000000073 	 Training loss: 0.10066837102174758
[2025-01-06 13:50:47,997] INFO: Iter 29900 Summary: 
[2025-01-06 13:50:47,997] INFO: 	 lr: 0.00030000000000000073 	 Training loss: 0.1006138713657856
[2025-01-06 13:51:02,445] INFO: Iter 30000 Summary: 
[2025-01-06 13:51:02,446] INFO: 	 lr: 0.00030000000000000073 	 Training loss: 0.10094733759760857
[2025-01-06 13:51:19,340] INFO: Iter 30100 Summary: 
[2025-01-06 13:51:19,340] INFO: 	 lr: 1.2900000000000026e-05 	 Training loss: 0.09842314541339875
[2025-01-06 13:51:31,895] INFO: Iter 30200 Summary: 
[2025-01-06 13:51:31,895] INFO: 	 lr: 1.000000000000002e-05 	 Training loss: 0.09768537536263466
[2025-01-06 13:51:42,238] INFO: Iter 30300 Summary: 
[2025-01-06 13:51:42,239] INFO: 	 lr: 1.000000000000002e-05 	 Training loss: 0.09720221109688282
[2025-01-06 13:51:52,729] INFO: Iter 30400 Summary: 
[2025-01-06 13:51:52,729] INFO: 	 lr: 1.000000000000002e-05 	 Training loss: 0.09741496525704861
[2025-01-06 13:52:05,721] INFO: Iter 30500 Summary: 
[2025-01-06 13:52:05,721] INFO: 	 lr: 1.000000000000002e-05 	 Training loss: 0.09636399574577809
[2025-01-06 13:52:19,744] INFO: Iter 30600 Summary: 
[2025-01-06 13:52:19,745] INFO: 	 lr: 1.000000000000002e-05 	 Training loss: 0.09610057771205902
[2025-01-06 13:52:30,873] INFO: Iter 30700 Summary: 
[2025-01-06 13:52:30,873] INFO: 	 lr: 1.000000000000002e-05 	 Training loss: 0.09617925152182578
[2025-01-06 13:52:42,700] INFO: Iter 30800 Summary: 
[2025-01-06 13:52:42,700] INFO: 	 lr: 1.000000000000002e-05 	 Training loss: 0.09647572875022888
[2025-01-06 13:52:56,618] INFO: Iter 30900 Summary: 
[2025-01-06 13:52:56,619] INFO: 	 lr: 1.000000000000002e-05 	 Training loss: 0.09663802191615105
[2025-01-06 13:53:08,180] INFO: Iter 31000 Summary: 
[2025-01-06 13:53:08,180] INFO: 	 lr: 1.000000000000002e-05 	 Training loss: 0.09612983457744122
[2025-01-06 13:53:20,073] INFO: Iter 31100 Summary: 
[2025-01-06 13:53:20,073] INFO: 	 lr: 1.000000000000002e-05 	 Training loss: 0.09618775390088558
[2025-01-06 13:53:32,250] INFO: Iter 31200 Summary: 
[2025-01-06 13:53:32,251] INFO: 	 lr: 1.000000000000002e-05 	 Training loss: 0.09632108323276042
[2025-01-06 13:53:44,295] INFO: Iter 31300 Summary: 
[2025-01-06 13:53:44,295] INFO: 	 lr: 1.000000000000002e-05 	 Training loss: 0.09568845480680466
[2025-01-06 13:53:56,947] INFO: Iter 31400 Summary: 
[2025-01-06 13:53:56,947] INFO: 	 lr: 1.000000000000002e-05 	 Training loss: 0.09602754451334476
[2025-01-06 13:54:08,511] INFO: Iter 31500 Summary: 
[2025-01-06 13:54:08,511] INFO: 	 lr: 1.000000000000002e-05 	 Training loss: 0.09615374445915222
[2025-01-06 13:54:19,896] INFO: Iter 31600 Summary: 
[2025-01-06 13:54:19,896] INFO: 	 lr: 1.000000000000002e-05 	 Training loss: 0.0954679112136364
[2025-01-06 13:54:32,673] INFO: Iter 31700 Summary: 
[2025-01-06 13:54:32,673] INFO: 	 lr: 1.000000000000002e-05 	 Training loss: 0.09609714403748512
[2025-01-06 13:54:47,631] INFO: Iter 31800 Summary: 
[2025-01-06 13:54:47,631] INFO: 	 lr: 1.000000000000002e-05 	 Training loss: 0.09551896795630455
[2025-01-06 13:54:59,860] INFO: Iter 31900 Summary: 
[2025-01-06 13:54:59,860] INFO: 	 lr: 1.000000000000002e-05 	 Training loss: 0.09580245994031429
[2025-01-06 13:55:16,091] INFO: Iter 32000 Summary: 
[2025-01-06 13:55:16,091] INFO: 	 lr: 1.000000000000002e-05 	 Training loss: 0.09574452802538871
[2025-01-06 13:55:34,069] INFO: Iter 32100 Summary: 
[2025-01-06 13:55:34,070] INFO: 	 lr: 1.000000000000002e-05 	 Training loss: 0.09563790418207646
[2025-01-06 13:55:45,161] INFO: Iter 32200 Summary: 
[2025-01-06 13:55:45,161] INFO: 	 lr: 1.000000000000002e-05 	 Training loss: 0.0956897832453251
[2025-01-06 13:55:57,127] INFO: Iter 32300 Summary: 
[2025-01-06 13:55:57,128] INFO: 	 lr: 1.000000000000002e-05 	 Training loss: 0.09612502463161945
[2025-01-06 13:56:09,759] INFO: Iter 32400 Summary: 
[2025-01-06 13:56:09,759] INFO: 	 lr: 1.000000000000002e-05 	 Training loss: 0.0950424250215292
[2025-01-06 13:56:22,166] INFO: Iter 32500 Summary: 
[2025-01-06 13:56:22,167] INFO: 	 lr: 1.000000000000002e-05 	 Training loss: 0.09590520530939102
[2025-01-06 13:56:34,764] INFO: Iter 32600 Summary: 
[2025-01-06 13:56:34,764] INFO: 	 lr: 1.000000000000002e-05 	 Training loss: 0.09532299898564815
[2025-01-06 13:56:46,331] INFO: Iter 32700 Summary: 
[2025-01-06 13:56:46,331] INFO: 	 lr: 1.000000000000002e-05 	 Training loss: 0.09524833671748638
[2025-01-06 13:56:58,639] INFO: Iter 32800 Summary: 
[2025-01-06 13:56:58,639] INFO: 	 lr: 1.000000000000002e-05 	 Training loss: 0.09586013168096542
[2025-01-06 13:57:13,599] INFO: Iter 32900 Summary: 
[2025-01-06 13:57:13,600] INFO: 	 lr: 1.000000000000002e-05 	 Training loss: 0.09515718594193459
[2025-01-06 13:57:26,195] INFO: Iter 33000 Summary: 
[2025-01-06 13:57:26,195] INFO: 	 lr: 1.000000000000002e-05 	 Training loss: 0.09552346467971802
[2025-01-06 13:57:37,868] INFO: Iter 33100 Summary: 
[2025-01-06 13:57:37,868] INFO: 	 lr: 1.000000000000002e-05 	 Training loss: 0.09541535265743732
[2025-01-06 13:57:49,541] INFO: Iter 33200 Summary: 
[2025-01-06 13:57:49,541] INFO: 	 lr: 1.000000000000002e-05 	 Training loss: 0.09573697492480278
[2025-01-06 13:58:02,974] INFO: Iter 33300 Summary: 
[2025-01-06 13:58:02,975] INFO: 	 lr: 1.000000000000002e-05 	 Training loss: 0.09540770627558232
[2025-01-06 13:58:17,564] INFO: Iter 33400 Summary: 
[2025-01-06 13:58:17,564] INFO: 	 lr: 1.000000000000002e-05 	 Training loss: 0.09500941954553127
[2025-01-06 13:58:31,850] INFO: Iter 33500 Summary: 
[2025-01-06 13:58:31,850] INFO: 	 lr: 1.000000000000002e-05 	 Training loss: 0.09529186442494392
[2025-01-06 13:58:45,604] INFO: Iter 33600 Summary: 
[2025-01-06 13:58:45,604] INFO: 	 lr: 1.000000000000002e-05 	 Training loss: 0.09530506484210491
[2025-01-06 13:58:59,593] INFO: Iter 33700 Summary: 
[2025-01-06 13:58:59,593] INFO: 	 lr: 1.000000000000002e-05 	 Training loss: 0.09574450768530368
[2025-01-06 13:59:14,752] INFO: Iter 33800 Summary: 
[2025-01-06 13:59:14,753] INFO: 	 lr: 1.000000000000002e-05 	 Training loss: 0.09543602287769318
[2025-01-06 13:59:27,145] INFO: Iter 33900 Summary: 
[2025-01-06 13:59:27,145] INFO: 	 lr: 1.000000000000002e-05 	 Training loss: 0.09523408822715282
[2025-01-06 13:59:40,563] INFO: Iter 34000 Summary: 
[2025-01-06 13:59:40,563] INFO: 	 lr: 1.000000000000002e-05 	 Training loss: 0.09523846201598644
[2025-01-06 13:59:59,236] INFO: Iter 34100 Summary: 
[2025-01-06 13:59:59,236] INFO: 	 lr: 1.000000000000002e-05 	 Training loss: 0.09560739211738109
[2025-01-06 14:00:10,796] INFO: Iter 34200 Summary: 
[2025-01-06 14:00:10,796] INFO: 	 lr: 1.000000000000002e-05 	 Training loss: 0.0952835277467966
[2025-01-06 14:00:21,083] INFO: Iter 34300 Summary: 
[2025-01-06 14:00:21,083] INFO: 	 lr: 1.000000000000002e-05 	 Training loss: 0.09559293538331985
[2025-01-06 14:00:32,837] INFO: Iter 34400 Summary: 
[2025-01-06 14:00:32,838] INFO: 	 lr: 1.000000000000002e-05 	 Training loss: 0.09500895649194717
[2025-01-06 14:00:44,229] INFO: Iter 34500 Summary: 
[2025-01-06 14:00:44,229] INFO: 	 lr: 1.000000000000002e-05 	 Training loss: 0.09487754739820957
[2025-01-06 14:00:58,142] INFO: Iter 34600 Summary: 
[2025-01-06 14:00:58,143] INFO: 	 lr: 1.000000000000002e-05 	 Training loss: 0.09499986372888088
[2025-01-06 14:01:12,885] INFO: Iter 34700 Summary: 
[2025-01-06 14:01:12,886] INFO: 	 lr: 1.000000000000002e-05 	 Training loss: 0.09537531226873398
[2025-01-06 14:01:24,701] INFO: Iter 34800 Summary: 
[2025-01-06 14:01:24,702] INFO: 	 lr: 1.000000000000002e-05 	 Training loss: 0.09576227255165577
[2025-01-06 14:01:36,457] INFO: Iter 34900 Summary: 
[2025-01-06 14:01:36,457] INFO: 	 lr: 1.000000000000002e-05 	 Training loss: 0.0952780781686306
[2025-01-06 14:01:49,164] INFO: Iter 35000 Summary: 
[2025-01-06 14:01:49,164] INFO: 	 lr: 1.000000000000002e-05 	 Training loss: 0.09461025774478912
[2025-01-06 14:02:03,781] INFO: Iter 35100 Summary: 
[2025-01-06 14:02:03,781] INFO: 	 lr: 1.000000000000002e-05 	 Training loss: 0.09519064627587795
[2025-01-06 14:02:14,854] INFO: Iter 35200 Summary: 
[2025-01-06 14:02:14,855] INFO: 	 lr: 1.000000000000002e-05 	 Training loss: 0.09479742161929608
[2025-01-06 14:02:30,630] INFO: Iter 35300 Summary: 
[2025-01-06 14:02:30,630] INFO: 	 lr: 1.000000000000002e-05 	 Training loss: 0.09515690885484218
[2025-01-06 14:02:43,104] INFO: Iter 35400 Summary: 
[2025-01-06 14:02:43,104] INFO: 	 lr: 1.000000000000002e-05 	 Training loss: 0.09505376055836677
[2025-01-06 14:02:55,337] INFO: Iter 35500 Summary: 
[2025-01-06 14:02:55,337] INFO: 	 lr: 1.000000000000002e-05 	 Training loss: 0.09538026548922061
[2025-01-06 14:03:08,033] INFO: Iter 35600 Summary: 
[2025-01-06 14:03:08,034] INFO: 	 lr: 1.000000000000002e-05 	 Training loss: 0.09475912012159825
[2025-01-06 14:03:22,073] INFO: Iter 35700 Summary: 
[2025-01-06 14:03:22,073] INFO: 	 lr: 1.000000000000002e-05 	 Training loss: 0.0949790458381176
[2025-01-06 14:03:34,437] INFO: Iter 35800 Summary: 
[2025-01-06 14:03:34,438] INFO: 	 lr: 1.000000000000002e-05 	 Training loss: 0.09455111317336559
[2025-01-06 14:03:48,145] INFO: Iter 35900 Summary: 
[2025-01-06 14:03:48,145] INFO: 	 lr: 1.000000000000002e-05 	 Training loss: 0.09550799153745175
[2025-01-06 14:04:03,632] INFO: Iter 36000 Summary: 
[2025-01-06 14:04:03,632] INFO: 	 lr: 1.000000000000002e-05 	 Training loss: 0.09469969399273395
[2025-01-06 14:04:17,533] INFO: Iter 36100 Summary: 
[2025-01-06 14:04:17,544] INFO: 	 lr: 1.000000000000002e-05 	 Training loss: 0.09504936650395393
[2025-01-06 14:04:28,259] INFO: Iter 36200 Summary: 
[2025-01-06 14:04:28,260] INFO: 	 lr: 1.000000000000002e-05 	 Training loss: 0.09437850281596184
[2025-01-06 14:04:41,275] INFO: Iter 36300 Summary: 
[2025-01-06 14:04:41,275] INFO: 	 lr: 1.000000000000002e-05 	 Training loss: 0.09518765926361084
[2025-01-06 14:04:51,980] INFO: Iter 36400 Summary: 
[2025-01-06 14:04:51,980] INFO: 	 lr: 1.000000000000002e-05 	 Training loss: 0.09475678503513336
[2025-01-06 14:05:03,105] INFO: Iter 36500 Summary: 
[2025-01-06 14:05:03,106] INFO: 	 lr: 1.000000000000002e-05 	 Training loss: 0.09491050153970719
[2025-01-06 14:05:17,544] INFO: Iter 36600 Summary: 
[2025-01-06 14:05:17,545] INFO: 	 lr: 1.000000000000002e-05 	 Training loss: 0.09512555539608002
[2025-01-06 14:05:28,974] INFO: Iter 36700 Summary: 
[2025-01-06 14:05:28,975] INFO: 	 lr: 1.000000000000002e-05 	 Training loss: 0.09481604911386966
[2025-01-06 14:05:40,082] INFO: Iter 36800 Summary: 
[2025-01-06 14:05:40,083] INFO: 	 lr: 1.000000000000002e-05 	 Training loss: 0.09488182939589024
[2025-01-06 14:05:53,769] INFO: Iter 36900 Summary: 
[2025-01-06 14:05:53,769] INFO: 	 lr: 1.000000000000002e-05 	 Training loss: 0.09486914940178394
[2025-01-06 14:06:05,441] INFO: Iter 37000 Summary: 
[2025-01-06 14:06:05,441] INFO: 	 lr: 1.000000000000002e-05 	 Training loss: 0.09517933264374732
[2025-01-06 14:06:16,150] INFO: Iter 37100 Summary: 
[2025-01-06 14:06:16,150] INFO: 	 lr: 1.000000000000002e-05 	 Training loss: 0.09421719558537006
[2025-01-06 14:06:29,510] INFO: Iter 37200 Summary: 
[2025-01-06 14:06:29,510] INFO: 	 lr: 1.000000000000002e-05 	 Training loss: 0.09417966403067111
[2025-01-06 14:06:42,804] INFO: Iter 37300 Summary: 
[2025-01-06 14:06:42,804] INFO: 	 lr: 1.000000000000002e-05 	 Training loss: 0.09472593493759632
[2025-01-06 14:06:53,845] INFO: Iter 37400 Summary: 
[2025-01-06 14:06:53,845] INFO: 	 lr: 1.000000000000002e-05 	 Training loss: 0.09479562275111675
[2025-01-06 14:07:06,512] INFO: Iter 37500 Summary: 
[2025-01-06 14:07:06,512] INFO: 	 lr: 1.000000000000002e-05 	 Training loss: 0.09473334953188896
[2025-01-06 14:07:17,134] INFO: Iter 37600 Summary: 
[2025-01-06 14:07:17,135] INFO: 	 lr: 1.000000000000002e-05 	 Training loss: 0.09474419884383678
