[2024-12-25 07:13:23,366] INFO: {
    "abs_dir": "/home/diwang/siMLPe/exps/baseline_h36m",
    "batch_size": 256,
    "cos_lr_max": 1e-05,
    "cos_lr_min": 5e-08,
    "cos_lr_total_iters": 40000,
    "data_aug": true,
    "deriv_input": true,
    "deriv_output": true,
    "h36m_anno_dir": "/home/diwang/siMLPe/data/h36m/",
    "link_log_file": "/home/diwang/siMLPe/exps/baseline_h36m/log/log_last.log",
    "link_val_log_file": "/home/diwang/siMLPe/exps/baseline_h36m/log/val_last.log",
    "log_dir": "/home/diwang/siMLPe/exps/baseline_h36m/log",
    "log_file": "/home/diwang/siMLPe/exps/baseline_h36m/log/log_2024_12_25_07_13_07.log",
    "model_pth": null,
    "motion": {
        "dim": 66,
        "h36m_input_length": 100,
        "h36m_input_length_dct": 100,
        "h36m_target_length": 10,
        "h36m_target_length_eval": 25,
        "h36m_target_length_train": 10
    },
    "motion_fc_in": {
        "activation": "relu",
        "in_features": 66,
        "init_w_trunc_normal": false,
        "out_features": 66,
        "temporal_fc": false,
        "with_norm": false
    },
    "motion_fc_out": {
        "activation": "relu",
        "in_features": 66,
        "init_w_trunc_normal": true,
        "out_features": 66,
        "temporal_fc": false,
        "with_norm": false
    },
    "motion_mlp": {
        "hidden_dim": 66,
        "norm_axis": "spatial",
        "num_layers": 48,
        "seq_len": 100,
        "spatial_fc_only": false,
        "with_normalization": true
    },
    "num_workers": 8,
    "post_dct": false,
    "pre_dct": false,
    "print_every": 100,
    "repo_name": "siMLPe",
    "root_dir": "/home/diwang/siMLPe",
    "save_every": 2000,
    "seed": 304,
    "shift_step": 1,
    "snapshot_dir": "/home/diwang/siMLPe/exps/baseline_h36m/log/snapshot",
    "this_dir": "baseline_h36m",
    "use_relative_loss": true,
    "val_log_file": "/home/diwang/siMLPe/exps/baseline_h36m/log/val_2024_12_25_07_13_07.log",
    "weight_decay": 0.0001
}
[2024-12-25 07:13:32,829] INFO: Iter 100 Summary: 
[2024-12-25 07:13:32,830] INFO: 	 lr: 0.00030000000000000073 	 Training loss: 0.1402393725514412
[2024-12-25 07:13:39,553] INFO: Iter 200 Summary: 
[2024-12-25 07:13:39,553] INFO: 	 lr: 0.00030000000000000073 	 Training loss: 0.0988479221612215
[2024-12-25 07:13:46,212] INFO: Iter 300 Summary: 
[2024-12-25 07:13:46,212] INFO: 	 lr: 0.00030000000000000073 	 Training loss: 0.09280758656561375
[2024-12-25 07:13:52,896] INFO: Iter 400 Summary: 
[2024-12-25 07:13:52,896] INFO: 	 lr: 0.00030000000000000073 	 Training loss: 0.09210438445210457
[2024-12-25 07:13:59,603] INFO: Iter 500 Summary: 
[2024-12-25 07:13:59,603] INFO: 	 lr: 0.00030000000000000073 	 Training loss: 0.08039165519177914
[2024-12-25 07:14:06,201] INFO: Iter 600 Summary: 
[2024-12-25 07:14:06,201] INFO: 	 lr: 0.00030000000000000073 	 Training loss: 0.07262827962636947
[2024-12-25 07:14:14,143] INFO: Iter 700 Summary: 
[2024-12-25 07:14:14,144] INFO: 	 lr: 0.00030000000000000073 	 Training loss: 0.06982426084578038
[2024-12-25 07:14:20,839] INFO: Iter 800 Summary: 
[2024-12-25 07:14:20,839] INFO: 	 lr: 0.00030000000000000073 	 Training loss: 0.0658845889940858
[2024-12-25 07:14:27,667] INFO: Iter 900 Summary: 
[2024-12-25 07:14:27,667] INFO: 	 lr: 0.00030000000000000073 	 Training loss: 0.06167816620320082
[2024-12-25 07:14:34,236] INFO: Iter 1000 Summary: 
[2024-12-25 07:14:34,236] INFO: 	 lr: 0.00030000000000000073 	 Training loss: 0.05915618248283863
[2024-12-25 07:14:40,858] INFO: Iter 1100 Summary: 
[2024-12-25 07:14:40,858] INFO: 	 lr: 0.00030000000000000073 	 Training loss: 0.05855130225419998
[2024-12-25 07:14:47,534] INFO: Iter 1200 Summary: 
[2024-12-25 07:14:47,534] INFO: 	 lr: 0.00030000000000000073 	 Training loss: 0.05771640732884407
[2024-12-25 07:14:54,159] INFO: Iter 1300 Summary: 
[2024-12-25 07:14:54,159] INFO: 	 lr: 0.00030000000000000073 	 Training loss: 0.05710670292377472
[2024-12-25 07:15:02,226] INFO: Iter 1400 Summary: 
[2024-12-25 07:15:02,226] INFO: 	 lr: 0.00030000000000000073 	 Training loss: 0.056228110902011394
[2024-12-25 07:15:08,837] INFO: Iter 1500 Summary: 
[2024-12-25 07:15:08,837] INFO: 	 lr: 0.00030000000000000073 	 Training loss: 0.055299375876784324
[2024-12-25 07:15:15,439] INFO: Iter 1600 Summary: 
[2024-12-25 07:15:15,439] INFO: 	 lr: 0.00030000000000000073 	 Training loss: 0.055356553234159944
[2024-12-25 07:15:22,081] INFO: Iter 1700 Summary: 
[2024-12-25 07:15:22,081] INFO: 	 lr: 0.00030000000000000073 	 Training loss: 0.054962641336023806
[2024-12-25 07:15:28,815] INFO: Iter 1800 Summary: 
[2024-12-25 07:15:28,816] INFO: 	 lr: 0.00030000000000000073 	 Training loss: 0.054387350678443906
[2024-12-25 07:15:35,449] INFO: Iter 1900 Summary: 
[2024-12-25 07:15:35,449] INFO: 	 lr: 0.00030000000000000073 	 Training loss: 0.05412463337182999
[2024-12-25 07:15:43,248] INFO: Iter 2000 Summary: 
[2024-12-25 07:15:43,248] INFO: 	 lr: 0.00030000000000000073 	 Training loss: 0.053492395505309105
[2024-12-25 07:15:52,832] INFO: Iter 2100 Summary: 
[2024-12-25 07:15:52,833] INFO: 	 lr: 0.00030000000000000073 	 Training loss: 0.05316126726567745
[2024-12-25 07:15:59,513] INFO: Iter 2200 Summary: 
[2024-12-25 07:15:59,513] INFO: 	 lr: 0.00030000000000000073 	 Training loss: 0.05295741770416498
[2024-12-25 07:16:06,179] INFO: Iter 2300 Summary: 
[2024-12-25 07:16:06,179] INFO: 	 lr: 0.00030000000000000073 	 Training loss: 0.053012515604496005
[2024-12-25 07:16:12,802] INFO: Iter 2400 Summary: 
[2024-12-25 07:16:12,803] INFO: 	 lr: 0.00030000000000000073 	 Training loss: 0.05313384335488081
[2024-12-25 07:16:19,199] INFO: Iter 2500 Summary: 
[2024-12-25 07:16:19,199] INFO: 	 lr: 0.00030000000000000073 	 Training loss: 0.05281678896397352
[2024-12-25 07:16:25,807] INFO: Iter 2600 Summary: 
[2024-12-25 07:16:25,807] INFO: 	 lr: 0.00030000000000000073 	 Training loss: 0.05244425065815449
[2024-12-25 07:16:33,729] INFO: Iter 2700 Summary: 
[2024-12-25 07:16:33,729] INFO: 	 lr: 0.00030000000000000073 	 Training loss: 0.052257792465388773
[2024-12-25 07:16:40,326] INFO: Iter 2800 Summary: 
[2024-12-25 07:16:40,326] INFO: 	 lr: 0.00030000000000000073 	 Training loss: 0.05246951792389155
[2024-12-25 07:16:46,911] INFO: Iter 2900 Summary: 
[2024-12-25 07:16:46,911] INFO: 	 lr: 0.00030000000000000073 	 Training loss: 0.05231826521456242
[2024-12-25 07:16:53,497] INFO: Iter 3000 Summary: 
[2024-12-25 07:16:53,498] INFO: 	 lr: 0.00030000000000000073 	 Training loss: 0.051726479232311245
[2024-12-25 07:17:00,100] INFO: Iter 3100 Summary: 
[2024-12-25 07:17:00,100] INFO: 	 lr: 0.00030000000000000073 	 Training loss: 0.05211789157241583
[2024-12-25 07:17:06,765] INFO: Iter 3200 Summary: 
[2024-12-25 07:17:06,765] INFO: 	 lr: 0.00030000000000000073 	 Training loss: 0.052023530676960944
[2024-12-25 07:17:14,590] INFO: Iter 3300 Summary: 
[2024-12-25 07:17:14,591] INFO: 	 lr: 0.00030000000000000073 	 Training loss: 0.05150411657989025
[2024-12-25 07:17:21,255] INFO: Iter 3400 Summary: 
[2024-12-25 07:17:21,255] INFO: 	 lr: 0.00030000000000000073 	 Training loss: 0.051388287246227266
[2024-12-25 07:17:27,867] INFO: Iter 3500 Summary: 
[2024-12-25 07:17:27,867] INFO: 	 lr: 0.00030000000000000073 	 Training loss: 0.0513926500454545
[2024-12-25 07:17:34,476] INFO: Iter 3600 Summary: 
[2024-12-25 07:17:34,476] INFO: 	 lr: 0.00030000000000000073 	 Training loss: 0.05146467670798302
[2024-12-25 07:17:41,196] INFO: Iter 3700 Summary: 
[2024-12-25 07:17:41,196] INFO: 	 lr: 0.00030000000000000073 	 Training loss: 0.05101316999644041
[2024-12-25 07:17:47,961] INFO: Iter 3800 Summary: 
[2024-12-25 07:17:47,961] INFO: 	 lr: 0.00030000000000000073 	 Training loss: 0.050693861804902554
[2024-12-25 07:17:54,680] INFO: Iter 3900 Summary: 
[2024-12-25 07:17:54,680] INFO: 	 lr: 0.00030000000000000073 	 Training loss: 0.050773708000779155
[2024-12-25 07:18:02,595] INFO: Iter 4000 Summary: 
[2024-12-25 07:18:02,596] INFO: 	 lr: 0.00030000000000000073 	 Training loss: 0.05073942683637142
[2024-12-25 07:18:11,960] INFO: Iter 4100 Summary: 
[2024-12-25 07:18:11,960] INFO: 	 lr: 0.00030000000000000073 	 Training loss: 0.05046038899570703
[2024-12-25 07:18:18,764] INFO: Iter 4200 Summary: 
[2024-12-25 07:18:18,764] INFO: 	 lr: 0.00030000000000000073 	 Training loss: 0.050669520758092404
[2024-12-25 07:18:25,702] INFO: Iter 4300 Summary: 
[2024-12-25 07:18:25,702] INFO: 	 lr: 0.00030000000000000073 	 Training loss: 0.05027327723801136
[2024-12-25 07:18:32,564] INFO: Iter 4400 Summary: 
[2024-12-25 07:18:32,564] INFO: 	 lr: 0.00030000000000000073 	 Training loss: 0.04998112585395575
[2024-12-25 07:18:39,604] INFO: Iter 4500 Summary: 
[2024-12-25 07:18:39,604] INFO: 	 lr: 0.00030000000000000073 	 Training loss: 0.050776011496782306
[2024-12-25 07:18:46,658] INFO: Iter 4600 Summary: 
[2024-12-25 07:18:46,659] INFO: 	 lr: 0.00030000000000000073 	 Training loss: 0.04971113182604313
[2024-12-25 07:18:54,622] INFO: Iter 4700 Summary: 
[2024-12-25 07:18:54,622] INFO: 	 lr: 0.00030000000000000073 	 Training loss: 0.04989946242421865
[2024-12-25 07:19:01,211] INFO: Iter 4800 Summary: 
[2024-12-25 07:19:01,212] INFO: 	 lr: 0.00030000000000000073 	 Training loss: 0.049493777193129064
[2024-12-25 07:19:07,729] INFO: Iter 4900 Summary: 
[2024-12-25 07:19:07,729] INFO: 	 lr: 0.00030000000000000073 	 Training loss: 0.04969054650515318
[2024-12-25 07:19:14,316] INFO: Iter 5000 Summary: 
[2024-12-25 07:19:14,316] INFO: 	 lr: 0.00030000000000000073 	 Training loss: 0.04988046769052744
[2024-12-25 07:19:21,042] INFO: Iter 5100 Summary: 
[2024-12-25 07:19:21,043] INFO: 	 lr: 0.00030000000000000073 	 Training loss: 0.04915634300559759
[2024-12-25 07:19:27,767] INFO: Iter 5200 Summary: 
[2024-12-25 07:19:27,767] INFO: 	 lr: 0.00030000000000000073 	 Training loss: 0.04959903866052628
[2024-12-25 07:19:35,779] INFO: Iter 5300 Summary: 
[2024-12-25 07:19:35,779] INFO: 	 lr: 0.00030000000000000073 	 Training loss: 0.048958008289337156
[2024-12-25 07:19:42,426] INFO: Iter 5400 Summary: 
[2024-12-25 07:19:42,426] INFO: 	 lr: 0.00030000000000000073 	 Training loss: 0.04854505967348814
[2024-12-25 07:19:49,033] INFO: Iter 5500 Summary: 
[2024-12-25 07:19:49,033] INFO: 	 lr: 0.00030000000000000073 	 Training loss: 0.048629672341048716
[2024-12-25 07:19:55,774] INFO: Iter 5600 Summary: 
[2024-12-25 07:19:55,774] INFO: 	 lr: 0.00030000000000000073 	 Training loss: 0.048585282266139986
[2024-12-25 07:20:02,372] INFO: Iter 5700 Summary: 
[2024-12-25 07:20:02,372] INFO: 	 lr: 0.00030000000000000073 	 Training loss: 0.04896456193178892
[2024-12-25 07:20:08,979] INFO: Iter 5800 Summary: 
[2024-12-25 07:20:08,979] INFO: 	 lr: 0.00030000000000000073 	 Training loss: 0.04881532687693834
[2024-12-25 07:20:15,635] INFO: Iter 5900 Summary: 
[2024-12-25 07:20:15,635] INFO: 	 lr: 0.00030000000000000073 	 Training loss: 0.048432113602757454
[2024-12-25 07:20:24,705] INFO: Iter 6000 Summary: 
[2024-12-25 07:20:24,706] INFO: 	 lr: 0.00030000000000000073 	 Training loss: 0.04860805403441191
[2024-12-25 07:20:34,145] INFO: Iter 6100 Summary: 
[2024-12-25 07:20:34,145] INFO: 	 lr: 0.00030000000000000073 	 Training loss: 0.048481581844389436
[2024-12-25 07:20:40,859] INFO: Iter 6200 Summary: 
[2024-12-25 07:20:40,859] INFO: 	 lr: 0.00030000000000000073 	 Training loss: 0.048100100457668306
[2024-12-25 07:20:47,544] INFO: Iter 6300 Summary: 
[2024-12-25 07:20:47,545] INFO: 	 lr: 0.00030000000000000073 	 Training loss: 0.048112986013293266
[2024-12-25 07:20:54,195] INFO: Iter 6400 Summary: 
[2024-12-25 07:20:54,195] INFO: 	 lr: 0.00030000000000000073 	 Training loss: 0.04787880152463913
[2024-12-25 07:21:00,826] INFO: Iter 6500 Summary: 
[2024-12-25 07:21:00,826] INFO: 	 lr: 0.00030000000000000073 	 Training loss: 0.047421323992311956
[2024-12-25 07:21:08,330] INFO: Iter 6600 Summary: 
[2024-12-25 07:21:08,330] INFO: 	 lr: 0.00030000000000000073 	 Training loss: 0.047701751589775084
[2024-12-25 07:21:15,148] INFO: Iter 6700 Summary: 
[2024-12-25 07:21:15,148] INFO: 	 lr: 0.00030000000000000073 	 Training loss: 0.047521441243588924
[2024-12-25 07:21:21,772] INFO: Iter 6800 Summary: 
[2024-12-25 07:21:21,772] INFO: 	 lr: 0.00030000000000000073 	 Training loss: 0.047605155631899834
[2024-12-25 07:21:28,559] INFO: Iter 6900 Summary: 
[2024-12-25 07:21:28,559] INFO: 	 lr: 0.00030000000000000073 	 Training loss: 0.04710220567882061
[2024-12-25 07:21:35,269] INFO: Iter 7000 Summary: 
[2024-12-25 07:21:35,269] INFO: 	 lr: 0.00030000000000000073 	 Training loss: 0.04703755110502243
[2024-12-25 07:21:41,843] INFO: Iter 7100 Summary: 
[2024-12-25 07:21:41,843] INFO: 	 lr: 0.00030000000000000073 	 Training loss: 0.046844276674091814
[2024-12-25 07:21:48,383] INFO: Iter 7200 Summary: 
[2024-12-25 07:21:48,383] INFO: 	 lr: 0.00030000000000000073 	 Training loss: 0.04709551557898521
[2024-12-25 07:21:56,470] INFO: Iter 7300 Summary: 
[2024-12-25 07:21:56,470] INFO: 	 lr: 0.00030000000000000073 	 Training loss: 0.04650440417230129
[2024-12-25 07:22:03,115] INFO: Iter 7400 Summary: 
[2024-12-25 07:22:03,115] INFO: 	 lr: 0.00030000000000000073 	 Training loss: 0.04687333665788174
[2024-12-25 07:22:09,935] INFO: Iter 7500 Summary: 
[2024-12-25 07:22:09,935] INFO: 	 lr: 0.00030000000000000073 	 Training loss: 0.046633552722632886
[2024-12-25 07:22:16,543] INFO: Iter 7600 Summary: 
[2024-12-25 07:22:16,543] INFO: 	 lr: 0.00030000000000000073 	 Training loss: 0.04662517819553614
[2024-12-25 07:22:23,185] INFO: Iter 7700 Summary: 
[2024-12-25 07:22:23,185] INFO: 	 lr: 0.00030000000000000073 	 Training loss: 0.04650393236428499
[2024-12-25 07:22:30,047] INFO: Iter 7800 Summary: 
[2024-12-25 07:22:30,047] INFO: 	 lr: 0.00030000000000000073 	 Training loss: 0.04626025207340717
[2024-12-25 07:22:36,680] INFO: Iter 7900 Summary: 
[2024-12-25 07:22:36,680] INFO: 	 lr: 0.00030000000000000073 	 Training loss: 0.046157625764608384
[2024-12-25 07:22:44,763] INFO: Iter 8000 Summary: 
[2024-12-25 07:22:44,763] INFO: 	 lr: 0.00030000000000000073 	 Training loss: 0.046151088736951354
[2024-12-25 07:22:53,976] INFO: Iter 8100 Summary: 
[2024-12-25 07:22:53,976] INFO: 	 lr: 0.00030000000000000073 	 Training loss: 0.045823816917836664
[2024-12-25 07:23:00,578] INFO: Iter 8200 Summary: 
[2024-12-25 07:23:00,578] INFO: 	 lr: 0.00030000000000000073 	 Training loss: 0.04602113947272301
[2024-12-25 07:23:07,251] INFO: Iter 8300 Summary: 
[2024-12-25 07:23:07,251] INFO: 	 lr: 0.00030000000000000073 	 Training loss: 0.04574175447225571
[2024-12-25 07:23:13,838] INFO: Iter 8400 Summary: 
[2024-12-25 07:23:13,838] INFO: 	 lr: 0.00030000000000000073 	 Training loss: 0.04568840429186821
[2024-12-25 07:23:20,429] INFO: Iter 8500 Summary: 
[2024-12-25 07:23:20,429] INFO: 	 lr: 0.00030000000000000073 	 Training loss: 0.045576293170452115
[2024-12-25 07:23:28,454] INFO: Iter 8600 Summary: 
[2024-12-25 07:23:28,454] INFO: 	 lr: 0.00030000000000000073 	 Training loss: 0.04505978949368
[2024-12-25 07:23:35,118] INFO: Iter 8700 Summary: 
[2024-12-25 07:23:35,118] INFO: 	 lr: 0.00030000000000000073 	 Training loss: 0.045407933220267295
[2024-12-25 07:23:41,966] INFO: Iter 8800 Summary: 
[2024-12-25 07:23:41,966] INFO: 	 lr: 0.00030000000000000073 	 Training loss: 0.045384721048176285
[2024-12-25 07:23:48,552] INFO: Iter 8900 Summary: 
[2024-12-25 07:23:48,552] INFO: 	 lr: 0.00030000000000000073 	 Training loss: 0.04496908005326986
[2024-12-25 07:23:55,144] INFO: Iter 9000 Summary: 
[2024-12-25 07:23:55,144] INFO: 	 lr: 0.00030000000000000073 	 Training loss: 0.04497356306761503
[2024-12-25 07:24:01,844] INFO: Iter 9100 Summary: 
[2024-12-25 07:24:01,844] INFO: 	 lr: 0.00030000000000000073 	 Training loss: 0.04491037368774414
[2024-12-25 07:24:08,441] INFO: Iter 9200 Summary: 
[2024-12-25 07:24:08,442] INFO: 	 lr: 0.00030000000000000073 	 Training loss: 0.04476779133081436
[2024-12-25 07:24:16,238] INFO: Iter 9300 Summary: 
[2024-12-25 07:24:16,239] INFO: 	 lr: 0.00030000000000000073 	 Training loss: 0.044454384371638296
[2024-12-25 07:24:22,873] INFO: Iter 9400 Summary: 
[2024-12-25 07:24:22,873] INFO: 	 lr: 0.00030000000000000073 	 Training loss: 0.04443600352853536
[2024-12-25 07:24:29,556] INFO: Iter 9500 Summary: 
[2024-12-25 07:24:29,556] INFO: 	 lr: 0.00030000000000000073 	 Training loss: 0.04444069106131792
[2024-12-25 07:24:36,354] INFO: Iter 9600 Summary: 
[2024-12-25 07:24:36,354] INFO: 	 lr: 0.00030000000000000073 	 Training loss: 0.044247356168925764
[2024-12-25 07:24:43,087] INFO: Iter 9700 Summary: 
[2024-12-25 07:24:43,087] INFO: 	 lr: 0.00030000000000000073 	 Training loss: 0.04472985196858645
[2024-12-25 07:24:49,788] INFO: Iter 9800 Summary: 
[2024-12-25 07:24:49,788] INFO: 	 lr: 0.00030000000000000073 	 Training loss: 0.044388581700623035
[2024-12-25 07:24:57,715] INFO: Iter 9900 Summary: 
[2024-12-25 07:24:57,715] INFO: 	 lr: 0.00030000000000000073 	 Training loss: 0.04449512962251902
[2024-12-25 07:25:04,508] INFO: Iter 10000 Summary: 
[2024-12-25 07:25:04,508] INFO: 	 lr: 0.00030000000000000073 	 Training loss: 0.04456434119492769
[2024-12-25 07:25:13,863] INFO: Iter 10100 Summary: 
[2024-12-25 07:25:13,863] INFO: 	 lr: 0.00030000000000000073 	 Training loss: 0.04391585238277912
[2024-12-25 07:25:20,552] INFO: Iter 10200 Summary: 
[2024-12-25 07:25:20,552] INFO: 	 lr: 0.00030000000000000073 	 Training loss: 0.04394398801028729
[2024-12-25 07:25:26,974] INFO: Iter 10300 Summary: 
[2024-12-25 07:25:26,974] INFO: 	 lr: 0.00030000000000000073 	 Training loss: 0.04427284892648459
[2024-12-25 07:25:33,558] INFO: Iter 10400 Summary: 
[2024-12-25 07:25:33,558] INFO: 	 lr: 0.00030000000000000073 	 Training loss: 0.04411182954907417
[2024-12-25 07:25:40,180] INFO: Iter 10500 Summary: 
[2024-12-25 07:25:40,180] INFO: 	 lr: 0.00030000000000000073 	 Training loss: 0.044266887344419956
[2024-12-25 07:25:48,584] INFO: Iter 10600 Summary: 
[2024-12-25 07:25:48,584] INFO: 	 lr: 0.00030000000000000073 	 Training loss: 0.043863349333405494
[2024-12-25 07:25:55,596] INFO: Iter 10700 Summary: 
[2024-12-25 07:25:55,597] INFO: 	 lr: 0.00030000000000000073 	 Training loss: 0.04379515122622252
[2024-12-25 07:26:02,352] INFO: Iter 10800 Summary: 
[2024-12-25 07:26:02,352] INFO: 	 lr: 0.00030000000000000073 	 Training loss: 0.04363379545509815
[2024-12-25 07:26:09,016] INFO: Iter 10900 Summary: 
[2024-12-25 07:26:09,016] INFO: 	 lr: 0.00030000000000000073 	 Training loss: 0.04360947653651238
[2024-12-25 07:26:15,727] INFO: Iter 11000 Summary: 
[2024-12-25 07:26:15,727] INFO: 	 lr: 0.00030000000000000073 	 Training loss: 0.043337122797966005
[2024-12-25 07:26:22,818] INFO: Iter 11100 Summary: 
[2024-12-25 07:26:22,819] INFO: 	 lr: 0.00030000000000000073 	 Training loss: 0.04376507095992565
[2024-12-25 07:26:29,658] INFO: Iter 11200 Summary: 
[2024-12-25 07:26:29,658] INFO: 	 lr: 0.00030000000000000073 	 Training loss: 0.04341200850903988
[2024-12-25 07:26:37,406] INFO: Iter 11300 Summary: 
[2024-12-25 07:26:37,407] INFO: 	 lr: 0.00030000000000000073 	 Training loss: 0.043364883847534653
[2024-12-25 07:26:44,097] INFO: Iter 11400 Summary: 
[2024-12-25 07:26:44,097] INFO: 	 lr: 0.00030000000000000073 	 Training loss: 0.043189798183739185
[2024-12-25 07:26:50,708] INFO: Iter 11500 Summary: 
[2024-12-25 07:26:50,708] INFO: 	 lr: 0.00030000000000000073 	 Training loss: 0.043187483213841915
[2024-12-25 07:26:57,686] INFO: Iter 11600 Summary: 
[2024-12-25 07:26:57,686] INFO: 	 lr: 0.00030000000000000073 	 Training loss: 0.04344677064567804
[2024-12-25 07:27:04,605] INFO: Iter 11700 Summary: 
[2024-12-25 07:27:04,605] INFO: 	 lr: 0.00030000000000000073 	 Training loss: 0.043482400700449945
[2024-12-25 07:27:11,289] INFO: Iter 11800 Summary: 
[2024-12-25 07:27:11,289] INFO: 	 lr: 0.00030000000000000073 	 Training loss: 0.04314462658017874
[2024-12-25 07:27:19,005] INFO: Iter 11900 Summary: 
[2024-12-25 07:27:19,006] INFO: 	 lr: 0.00030000000000000073 	 Training loss: 0.043253206349909305
[2024-12-25 07:27:25,710] INFO: Iter 12000 Summary: 
[2024-12-25 07:27:25,710] INFO: 	 lr: 0.00030000000000000073 	 Training loss: 0.04287456478923559
[2024-12-25 07:27:34,779] INFO: Iter 12100 Summary: 
[2024-12-25 07:27:34,779] INFO: 	 lr: 0.00030000000000000073 	 Training loss: 0.04288897987455129
[2024-12-25 07:27:41,311] INFO: Iter 12200 Summary: 
[2024-12-25 07:27:41,311] INFO: 	 lr: 0.00030000000000000073 	 Training loss: 0.04322122655808926
[2024-12-25 07:27:48,283] INFO: Iter 12300 Summary: 
[2024-12-25 07:27:48,283] INFO: 	 lr: 0.00030000000000000073 	 Training loss: 0.042790989503264425
[2024-12-25 07:27:54,808] INFO: Iter 12400 Summary: 
[2024-12-25 07:27:54,809] INFO: 	 lr: 0.00030000000000000073 	 Training loss: 0.043050567619502544
[2024-12-25 07:28:01,506] INFO: Iter 12500 Summary: 
[2024-12-25 07:28:01,506] INFO: 	 lr: 0.00030000000000000073 	 Training loss: 0.04339903209358454
[2024-12-25 07:28:09,140] INFO: Iter 12600 Summary: 
[2024-12-25 07:28:09,140] INFO: 	 lr: 0.00030000000000000073 	 Training loss: 0.04289739225059748
[2024-12-25 07:28:15,245] INFO: Iter 12700 Summary: 
[2024-12-25 07:28:15,245] INFO: 	 lr: 0.00030000000000000073 	 Training loss: 0.042591923885047435
[2024-12-25 07:28:21,806] INFO: Iter 12800 Summary: 
[2024-12-25 07:28:21,806] INFO: 	 lr: 0.00030000000000000073 	 Training loss: 0.0426367512345314
[2024-12-25 07:28:28,522] INFO: Iter 12900 Summary: 
[2024-12-25 07:28:28,522] INFO: 	 lr: 0.00030000000000000073 	 Training loss: 0.042815983332693576
[2024-12-25 07:28:35,098] INFO: Iter 13000 Summary: 
[2024-12-25 07:28:35,098] INFO: 	 lr: 0.00030000000000000073 	 Training loss: 0.042640630193054675
[2024-12-25 07:28:41,681] INFO: Iter 13100 Summary: 
[2024-12-25 07:28:41,681] INFO: 	 lr: 0.00030000000000000073 	 Training loss: 0.042340334430336954
[2024-12-25 07:28:49,456] INFO: Iter 13200 Summary: 
[2024-12-25 07:28:49,457] INFO: 	 lr: 0.00030000000000000073 	 Training loss: 0.04309643141925335
[2024-12-25 07:28:56,046] INFO: Iter 13300 Summary: 
[2024-12-25 07:28:56,046] INFO: 	 lr: 0.00030000000000000073 	 Training loss: 0.04246943764388561
[2024-12-25 07:29:02,633] INFO: Iter 13400 Summary: 
[2024-12-25 07:29:02,633] INFO: 	 lr: 0.00030000000000000073 	 Training loss: 0.04260719653218985
[2024-12-25 07:29:08,859] INFO: Iter 13500 Summary: 
[2024-12-25 07:29:08,859] INFO: 	 lr: 0.00030000000000000073 	 Training loss: 0.042250791750848296
[2024-12-25 07:29:15,159] INFO: Iter 13600 Summary: 
[2024-12-25 07:29:15,159] INFO: 	 lr: 0.00030000000000000073 	 Training loss: 0.04258149832487106
[2024-12-25 07:29:21,726] INFO: Iter 13700 Summary: 
[2024-12-25 07:29:21,726] INFO: 	 lr: 0.00030000000000000073 	 Training loss: 0.04199060209095478
[2024-12-25 07:29:28,291] INFO: Iter 13800 Summary: 
[2024-12-25 07:29:28,291] INFO: 	 lr: 0.00030000000000000073 	 Training loss: 0.04227605387568474
[2024-12-25 07:29:35,884] INFO: Iter 13900 Summary: 
[2024-12-25 07:29:35,884] INFO: 	 lr: 0.00030000000000000073 	 Training loss: 0.042422161772847175
[2024-12-25 07:29:42,563] INFO: Iter 14000 Summary: 
[2024-12-25 07:29:42,563] INFO: 	 lr: 0.00030000000000000073 	 Training loss: 0.04204945109784603
[2024-12-25 07:29:51,780] INFO: Iter 14100 Summary: 
[2024-12-25 07:29:51,780] INFO: 	 lr: 0.00030000000000000073 	 Training loss: 0.042542621605098245
[2024-12-25 07:29:58,353] INFO: Iter 14200 Summary: 
[2024-12-25 07:29:58,353] INFO: 	 lr: 0.00030000000000000073 	 Training loss: 0.04230215206742287
[2024-12-25 07:30:04,944] INFO: Iter 14300 Summary: 
[2024-12-25 07:30:04,945] INFO: 	 lr: 0.00030000000000000073 	 Training loss: 0.04223574463278055
[2024-12-25 07:30:11,433] INFO: Iter 14400 Summary: 
[2024-12-25 07:30:11,433] INFO: 	 lr: 0.00030000000000000073 	 Training loss: 0.042418980076909064
[2024-12-25 07:30:19,115] INFO: Iter 14500 Summary: 
[2024-12-25 07:30:19,115] INFO: 	 lr: 0.00030000000000000073 	 Training loss: 0.04232537887990475
[2024-12-25 07:30:25,803] INFO: Iter 14600 Summary: 
[2024-12-25 07:30:25,803] INFO: 	 lr: 0.00030000000000000073 	 Training loss: 0.0422467702627182
[2024-12-25 07:30:32,388] INFO: Iter 14700 Summary: 
[2024-12-25 07:30:32,388] INFO: 	 lr: 0.00030000000000000073 	 Training loss: 0.041974922567605974
[2024-12-25 07:30:38,954] INFO: Iter 14800 Summary: 
[2024-12-25 07:30:38,954] INFO: 	 lr: 0.00030000000000000073 	 Training loss: 0.04205248486250639
[2024-12-25 07:30:45,464] INFO: Iter 14900 Summary: 
[2024-12-25 07:30:45,464] INFO: 	 lr: 0.00030000000000000073 	 Training loss: 0.04213834065943956
[2024-12-25 07:30:52,061] INFO: Iter 15000 Summary: 
[2024-12-25 07:30:52,061] INFO: 	 lr: 0.00030000000000000073 	 Training loss: 0.04220168761909008
[2024-12-25 07:30:58,640] INFO: Iter 15100 Summary: 
[2024-12-25 07:30:58,640] INFO: 	 lr: 0.00030000000000000073 	 Training loss: 0.042007813788950445
[2024-12-25 07:31:06,550] INFO: Iter 15200 Summary: 
[2024-12-25 07:31:06,550] INFO: 	 lr: 0.00030000000000000073 	 Training loss: 0.041921985037624836
[2024-12-25 07:31:13,166] INFO: Iter 15300 Summary: 
[2024-12-25 07:31:13,166] INFO: 	 lr: 0.00030000000000000073 	 Training loss: 0.04192002229392529
[2024-12-25 07:31:19,734] INFO: Iter 15400 Summary: 
[2024-12-25 07:31:19,734] INFO: 	 lr: 0.00030000000000000073 	 Training loss: 0.04168672073632479
[2024-12-25 07:31:26,309] INFO: Iter 15500 Summary: 
[2024-12-25 07:31:26,309] INFO: 	 lr: 0.00030000000000000073 	 Training loss: 0.04149780075997114
[2024-12-25 07:31:32,964] INFO: Iter 15600 Summary: 
[2024-12-25 07:31:32,964] INFO: 	 lr: 0.00030000000000000073 	 Training loss: 0.04193832274526357
[2024-12-25 07:31:39,858] INFO: Iter 15700 Summary: 
[2024-12-25 07:31:39,858] INFO: 	 lr: 0.00030000000000000073 	 Training loss: 0.042103513218462466
[2024-12-25 07:31:46,597] INFO: Iter 15800 Summary: 
[2024-12-25 07:31:46,597] INFO: 	 lr: 0.00030000000000000073 	 Training loss: 0.04189457505941391
[2024-12-25 07:31:54,346] INFO: Iter 15900 Summary: 
[2024-12-25 07:31:54,346] INFO: 	 lr: 0.00030000000000000073 	 Training loss: 0.041688656508922575
[2024-12-25 07:32:00,901] INFO: Iter 16000 Summary: 
[2024-12-25 07:32:00,901] INFO: 	 lr: 0.00030000000000000073 	 Training loss: 0.041674679033458235
[2024-12-25 07:32:10,005] INFO: Iter 16100 Summary: 
[2024-12-25 07:32:10,005] INFO: 	 lr: 0.00030000000000000073 	 Training loss: 0.041862122155725955
[2024-12-25 07:32:16,589] INFO: Iter 16200 Summary: 
[2024-12-25 07:32:16,589] INFO: 	 lr: 0.00030000000000000073 	 Training loss: 0.04168631013482809
[2024-12-25 07:32:22,979] INFO: Iter 16300 Summary: 
[2024-12-25 07:32:22,980] INFO: 	 lr: 0.00030000000000000073 	 Training loss: 0.04220660749822855
[2024-12-25 07:32:29,598] INFO: Iter 16400 Summary: 
[2024-12-25 07:32:29,598] INFO: 	 lr: 0.00030000000000000073 	 Training loss: 0.041794183850288394
[2024-12-25 07:32:37,402] INFO: Iter 16500 Summary: 
[2024-12-25 07:32:37,402] INFO: 	 lr: 0.00030000000000000073 	 Training loss: 0.0416240456327796
[2024-12-25 07:32:43,984] INFO: Iter 16600 Summary: 
[2024-12-25 07:32:43,984] INFO: 	 lr: 0.00030000000000000073 	 Training loss: 0.041558751985430714
[2024-12-25 07:32:50,563] INFO: Iter 16700 Summary: 
[2024-12-25 07:32:50,564] INFO: 	 lr: 0.00030000000000000073 	 Training loss: 0.04186406511813402
[2024-12-25 07:32:57,147] INFO: Iter 16800 Summary: 
[2024-12-25 07:32:57,147] INFO: 	 lr: 0.00030000000000000073 	 Training loss: 0.04164980258792639
[2024-12-25 07:33:03,737] INFO: Iter 16900 Summary: 
[2024-12-25 07:33:03,737] INFO: 	 lr: 0.00030000000000000073 	 Training loss: 0.04161281209439039
[2024-12-25 07:33:10,296] INFO: Iter 17000 Summary: 
[2024-12-25 07:33:10,296] INFO: 	 lr: 0.00030000000000000073 	 Training loss: 0.04150973815470934
[2024-12-25 07:33:16,864] INFO: Iter 17100 Summary: 
[2024-12-25 07:33:16,865] INFO: 	 lr: 0.00030000000000000073 	 Training loss: 0.04151442673057318
[2024-12-25 07:33:24,927] INFO: Iter 17200 Summary: 
[2024-12-25 07:33:24,928] INFO: 	 lr: 0.00030000000000000073 	 Training loss: 0.04147684410214424
[2024-12-25 07:33:31,492] INFO: Iter 17300 Summary: 
[2024-12-25 07:33:31,492] INFO: 	 lr: 0.00030000000000000073 	 Training loss: 0.04158102516084909
[2024-12-25 07:33:38,026] INFO: Iter 17400 Summary: 
[2024-12-25 07:33:38,026] INFO: 	 lr: 0.00030000000000000073 	 Training loss: 0.04136973064392805
[2024-12-25 07:33:44,573] INFO: Iter 17500 Summary: 
[2024-12-25 07:33:44,573] INFO: 	 lr: 0.00030000000000000073 	 Training loss: 0.041473216377198696
[2024-12-25 07:33:51,140] INFO: Iter 17600 Summary: 
[2024-12-25 07:33:51,140] INFO: 	 lr: 0.00030000000000000073 	 Training loss: 0.041530444659292697
[2024-12-25 07:33:57,723] INFO: Iter 17700 Summary: 
[2024-12-25 07:33:57,723] INFO: 	 lr: 0.00030000000000000073 	 Training loss: 0.041462185494601726
[2024-12-25 07:34:05,326] INFO: Iter 17800 Summary: 
[2024-12-25 07:34:05,327] INFO: 	 lr: 0.00030000000000000073 	 Training loss: 0.041201915591955185
[2024-12-25 07:34:11,953] INFO: Iter 17900 Summary: 
[2024-12-25 07:34:11,953] INFO: 	 lr: 0.00030000000000000073 	 Training loss: 0.04146005764603615
[2024-12-25 07:34:18,532] INFO: Iter 18000 Summary: 
[2024-12-25 07:34:18,532] INFO: 	 lr: 0.00030000000000000073 	 Training loss: 0.04140064794570208
[2024-12-25 07:34:27,801] INFO: Iter 18100 Summary: 
[2024-12-25 07:34:27,801] INFO: 	 lr: 0.00030000000000000073 	 Training loss: 0.04127958387136459
[2024-12-25 07:34:34,379] INFO: Iter 18200 Summary: 
[2024-12-25 07:34:34,379] INFO: 	 lr: 0.00030000000000000073 	 Training loss: 0.04143388643860817
[2024-12-25 07:34:40,933] INFO: Iter 18300 Summary: 
[2024-12-25 07:34:40,933] INFO: 	 lr: 0.00030000000000000073 	 Training loss: 0.04145429626107216
[2024-12-25 07:34:47,516] INFO: Iter 18400 Summary: 
[2024-12-25 07:34:47,516] INFO: 	 lr: 0.00030000000000000073 	 Training loss: 0.04134837698191404
[2024-12-25 07:34:55,517] INFO: Iter 18500 Summary: 
[2024-12-25 07:34:55,518] INFO: 	 lr: 0.00030000000000000073 	 Training loss: 0.04117344457656145
[2024-12-25 07:35:01,920] INFO: Iter 18600 Summary: 
[2024-12-25 07:35:01,920] INFO: 	 lr: 0.00030000000000000073 	 Training loss: 0.04103205680847168
[2024-12-25 07:35:08,514] INFO: Iter 18700 Summary: 
[2024-12-25 07:35:08,514] INFO: 	 lr: 0.00030000000000000073 	 Training loss: 0.04121185708791018
[2024-12-25 07:35:15,108] INFO: Iter 18800 Summary: 
[2024-12-25 07:35:15,108] INFO: 	 lr: 0.00030000000000000073 	 Training loss: 0.04121673472225666
[2024-12-25 07:35:21,715] INFO: Iter 18900 Summary: 
[2024-12-25 07:35:21,715] INFO: 	 lr: 0.00030000000000000073 	 Training loss: 0.041144132278859616
[2024-12-25 07:35:28,352] INFO: Iter 19000 Summary: 
[2024-12-25 07:35:28,353] INFO: 	 lr: 0.00030000000000000073 	 Training loss: 0.04145022436976433
[2024-12-25 07:35:34,989] INFO: Iter 19100 Summary: 
[2024-12-25 07:35:34,989] INFO: 	 lr: 0.00030000000000000073 	 Training loss: 0.041257355995476246
[2024-12-25 07:35:42,900] INFO: Iter 19200 Summary: 
[2024-12-25 07:35:42,900] INFO: 	 lr: 0.00030000000000000073 	 Training loss: 0.04141589179635048
[2024-12-25 07:35:49,499] INFO: Iter 19300 Summary: 
[2024-12-25 07:35:49,499] INFO: 	 lr: 0.00030000000000000073 	 Training loss: 0.041012653224170206
[2024-12-25 07:35:56,188] INFO: Iter 19400 Summary: 
[2024-12-25 07:35:56,188] INFO: 	 lr: 0.00030000000000000073 	 Training loss: 0.04102274063974619
[2024-12-25 07:36:02,772] INFO: Iter 19500 Summary: 
[2024-12-25 07:36:02,772] INFO: 	 lr: 0.00030000000000000073 	 Training loss: 0.04110545575618744
[2024-12-25 07:36:09,366] INFO: Iter 19600 Summary: 
[2024-12-25 07:36:09,366] INFO: 	 lr: 0.00030000000000000073 	 Training loss: 0.041184100471436974
[2024-12-25 07:36:15,950] INFO: Iter 19700 Summary: 
[2024-12-25 07:36:15,950] INFO: 	 lr: 0.00030000000000000073 	 Training loss: 0.04144813224673271
[2024-12-25 07:36:23,880] INFO: Iter 19800 Summary: 
[2024-12-25 07:36:23,880] INFO: 	 lr: 0.00030000000000000073 	 Training loss: 0.040959005542099476
[2024-12-25 07:36:30,451] INFO: Iter 19900 Summary: 
[2024-12-25 07:36:30,451] INFO: 	 lr: 0.00030000000000000073 	 Training loss: 0.040838989838957784
[2024-12-25 07:36:37,038] INFO: Iter 20000 Summary: 
[2024-12-25 07:36:37,038] INFO: 	 lr: 0.00030000000000000073 	 Training loss: 0.04090540952980518
[2024-12-25 07:36:46,156] INFO: Iter 20100 Summary: 
[2024-12-25 07:36:46,156] INFO: 	 lr: 0.00030000000000000073 	 Training loss: 0.040698970444500444
[2024-12-25 07:36:53,020] INFO: Iter 20200 Summary: 
[2024-12-25 07:36:53,020] INFO: 	 lr: 0.00030000000000000073 	 Training loss: 0.04121391601860523
[2024-12-25 07:36:59,703] INFO: Iter 20300 Summary: 
[2024-12-25 07:36:59,704] INFO: 	 lr: 0.00030000000000000073 	 Training loss: 0.040821512341499326
[2024-12-25 07:37:06,389] INFO: Iter 20400 Summary: 
[2024-12-25 07:37:06,390] INFO: 	 lr: 0.00030000000000000073 	 Training loss: 0.04121387761086225
[2024-12-25 07:37:14,148] INFO: Iter 20500 Summary: 
[2024-12-25 07:37:14,148] INFO: 	 lr: 0.00030000000000000073 	 Training loss: 0.04123282134532928
[2024-12-25 07:37:20,691] INFO: Iter 20600 Summary: 
[2024-12-25 07:37:20,691] INFO: 	 lr: 0.00030000000000000073 	 Training loss: 0.04065970435738563
[2024-12-25 07:37:27,291] INFO: Iter 20700 Summary: 
[2024-12-25 07:37:27,291] INFO: 	 lr: 0.00030000000000000073 	 Training loss: 0.04093092788010835
[2024-12-25 07:37:33,897] INFO: Iter 20800 Summary: 
[2024-12-25 07:37:33,897] INFO: 	 lr: 0.00030000000000000073 	 Training loss: 0.04098978284746409
[2024-12-25 07:37:40,400] INFO: Iter 20900 Summary: 
[2024-12-25 07:37:40,400] INFO: 	 lr: 0.00030000000000000073 	 Training loss: 0.0409086536988616
[2024-12-25 07:37:46,982] INFO: Iter 21000 Summary: 
[2024-12-25 07:37:46,982] INFO: 	 lr: 0.00030000000000000073 	 Training loss: 0.04064948294311762
[2024-12-25 07:37:54,930] INFO: Iter 21100 Summary: 
[2024-12-25 07:37:54,930] INFO: 	 lr: 0.00030000000000000073 	 Training loss: 0.04092454090714455
[2024-12-25 07:38:01,496] INFO: Iter 21200 Summary: 
[2024-12-25 07:38:01,497] INFO: 	 lr: 0.00030000000000000073 	 Training loss: 0.04078848458826542
[2024-12-25 07:38:08,052] INFO: Iter 21300 Summary: 
[2024-12-25 07:38:08,052] INFO: 	 lr: 0.00030000000000000073 	 Training loss: 0.04080291878432035
[2024-12-25 07:38:14,613] INFO: Iter 21400 Summary: 
[2024-12-25 07:38:14,613] INFO: 	 lr: 0.00030000000000000073 	 Training loss: 0.04052677676081658
[2024-12-25 07:38:21,226] INFO: Iter 21500 Summary: 
[2024-12-25 07:38:21,226] INFO: 	 lr: 0.00030000000000000073 	 Training loss: 0.040870539695024494
[2024-12-25 07:38:28,193] INFO: Iter 21600 Summary: 
[2024-12-25 07:38:28,193] INFO: 	 lr: 0.00030000000000000073 	 Training loss: 0.04125097252428531
[2024-12-25 07:38:34,762] INFO: Iter 21700 Summary: 
[2024-12-25 07:38:34,762] INFO: 	 lr: 0.00030000000000000073 	 Training loss: 0.04060674451291561
[2024-12-25 07:38:42,685] INFO: Iter 21800 Summary: 
[2024-12-25 07:38:42,685] INFO: 	 lr: 0.00030000000000000073 	 Training loss: 0.041134697049856186
[2024-12-25 07:38:49,268] INFO: Iter 21900 Summary: 
[2024-12-25 07:38:49,268] INFO: 	 lr: 0.00030000000000000073 	 Training loss: 0.0407846250757575
[2024-12-25 07:38:55,689] INFO: Iter 22000 Summary: 
[2024-12-25 07:38:55,689] INFO: 	 lr: 0.00030000000000000073 	 Training loss: 0.040879548043012616
[2024-12-25 07:39:04,974] INFO: Iter 22100 Summary: 
[2024-12-25 07:39:04,974] INFO: 	 lr: 0.00030000000000000073 	 Training loss: 0.040672247670590876
[2024-12-25 07:39:11,458] INFO: Iter 22200 Summary: 
[2024-12-25 07:39:11,458] INFO: 	 lr: 0.00030000000000000073 	 Training loss: 0.04047094263136387
[2024-12-25 07:39:18,138] INFO: Iter 22300 Summary: 
[2024-12-25 07:39:18,138] INFO: 	 lr: 0.00030000000000000073 	 Training loss: 0.0407865135371685
[2024-12-25 07:39:24,721] INFO: Iter 22400 Summary: 
[2024-12-25 07:39:24,721] INFO: 	 lr: 0.00030000000000000073 	 Training loss: 0.04073907308280468
[2024-12-25 07:39:32,531] INFO: Iter 22500 Summary: 
[2024-12-25 07:39:32,531] INFO: 	 lr: 0.00030000000000000073 	 Training loss: 0.04054495505988598
[2024-12-25 07:39:39,118] INFO: Iter 22600 Summary: 
[2024-12-25 07:39:39,118] INFO: 	 lr: 0.00030000000000000073 	 Training loss: 0.04067970223724842
[2024-12-25 07:39:45,711] INFO: Iter 22700 Summary: 
[2024-12-25 07:39:45,711] INFO: 	 lr: 0.00030000000000000073 	 Training loss: 0.040571876913309095
[2024-12-25 07:39:52,297] INFO: Iter 22800 Summary: 
[2024-12-25 07:39:52,297] INFO: 	 lr: 0.00030000000000000073 	 Training loss: 0.04062709406018257
[2024-12-25 07:39:58,899] INFO: Iter 22900 Summary: 
[2024-12-25 07:39:58,899] INFO: 	 lr: 0.00030000000000000073 	 Training loss: 0.040930912271142005
[2024-12-25 07:40:05,473] INFO: Iter 23000 Summary: 
[2024-12-25 07:40:05,473] INFO: 	 lr: 0.00030000000000000073 	 Training loss: 0.04098983779549599
[2024-12-25 07:40:13,501] INFO: Iter 23100 Summary: 
[2024-12-25 07:40:13,501] INFO: 	 lr: 0.00030000000000000073 	 Training loss: 0.04056500934064388
[2024-12-25 07:40:20,209] INFO: Iter 23200 Summary: 
[2024-12-25 07:40:20,209] INFO: 	 lr: 0.00030000000000000073 	 Training loss: 0.04034347049891949
[2024-12-25 07:40:26,731] INFO: Iter 23300 Summary: 
[2024-12-25 07:40:26,731] INFO: 	 lr: 0.00030000000000000073 	 Training loss: 0.040616431757807735
[2024-12-25 07:40:33,422] INFO: Iter 23400 Summary: 
[2024-12-25 07:40:33,422] INFO: 	 lr: 0.00030000000000000073 	 Training loss: 0.040715433470904824
[2024-12-25 07:40:39,879] INFO: Iter 23500 Summary: 
[2024-12-25 07:40:39,879] INFO: 	 lr: 0.00030000000000000073 	 Training loss: 0.04059028659015894
[2024-12-25 07:40:46,451] INFO: Iter 23600 Summary: 
[2024-12-25 07:40:46,452] INFO: 	 lr: 0.00030000000000000073 	 Training loss: 0.04061702340841293
[2024-12-25 07:40:52,912] INFO: Iter 23700 Summary: 
[2024-12-25 07:40:52,912] INFO: 	 lr: 0.00030000000000000073 	 Training loss: 0.040478871949017045
[2024-12-25 07:41:00,908] INFO: Iter 23800 Summary: 
[2024-12-25 07:41:00,908] INFO: 	 lr: 0.00030000000000000073 	 Training loss: 0.04047376740723849
[2024-12-25 07:41:07,626] INFO: Iter 23900 Summary: 
[2024-12-25 07:41:07,626] INFO: 	 lr: 0.00030000000000000073 	 Training loss: 0.04058214224874973
[2024-12-25 07:41:14,260] INFO: Iter 24000 Summary: 
[2024-12-25 07:41:14,260] INFO: 	 lr: 0.00030000000000000073 	 Training loss: 0.04040951550006867
[2024-12-25 07:41:23,761] INFO: Iter 24100 Summary: 
[2024-12-25 07:41:23,761] INFO: 	 lr: 0.00030000000000000073 	 Training loss: 0.040716047175228594
[2024-12-25 07:41:30,939] INFO: Iter 24200 Summary: 
[2024-12-25 07:41:30,940] INFO: 	 lr: 0.00030000000000000073 	 Training loss: 0.04031583994626999
[2024-12-25 07:41:38,056] INFO: Iter 24300 Summary: 
[2024-12-25 07:41:38,056] INFO: 	 lr: 0.00030000000000000073 	 Training loss: 0.04041389837861061
[2024-12-25 07:41:47,390] INFO: Iter 24400 Summary: 
[2024-12-25 07:41:47,390] INFO: 	 lr: 0.00030000000000000073 	 Training loss: 0.0405681462213397
[2024-12-25 07:41:54,471] INFO: Iter 24500 Summary: 
[2024-12-25 07:41:54,471] INFO: 	 lr: 0.00030000000000000073 	 Training loss: 0.040251036174595356
[2024-12-25 07:42:01,520] INFO: Iter 24600 Summary: 
[2024-12-25 07:42:01,520] INFO: 	 lr: 0.00030000000000000073 	 Training loss: 0.04053577184677124
[2024-12-25 07:42:08,560] INFO: Iter 24700 Summary: 
[2024-12-25 07:42:08,560] INFO: 	 lr: 0.00030000000000000073 	 Training loss: 0.04042536359280348
[2024-12-25 07:42:15,798] INFO: Iter 24800 Summary: 
[2024-12-25 07:42:15,798] INFO: 	 lr: 0.00030000000000000073 	 Training loss: 0.04057089578360319
[2024-12-25 07:42:23,043] INFO: Iter 24900 Summary: 
[2024-12-25 07:42:23,043] INFO: 	 lr: 0.00030000000000000073 	 Training loss: 0.040682443343102934
[2024-12-25 07:42:30,097] INFO: Iter 25000 Summary: 
[2024-12-25 07:42:30,098] INFO: 	 lr: 0.00030000000000000073 	 Training loss: 0.04035011149942875
[2024-12-25 07:42:38,348] INFO: Iter 25100 Summary: 
[2024-12-25 07:42:38,348] INFO: 	 lr: 0.00030000000000000073 	 Training loss: 0.04032276313751936
[2024-12-25 07:42:45,236] INFO: Iter 25200 Summary: 
[2024-12-25 07:42:45,236] INFO: 	 lr: 0.00030000000000000073 	 Training loss: 0.04048060864210129
[2024-12-25 07:42:52,237] INFO: Iter 25300 Summary: 
[2024-12-25 07:42:52,237] INFO: 	 lr: 0.00030000000000000073 	 Training loss: 0.04033072039484978
[2024-12-25 07:42:59,194] INFO: Iter 25400 Summary: 
[2024-12-25 07:42:59,195] INFO: 	 lr: 0.00030000000000000073 	 Training loss: 0.0403080627694726
[2024-12-25 07:43:06,205] INFO: Iter 25500 Summary: 
[2024-12-25 07:43:06,205] INFO: 	 lr: 0.00030000000000000073 	 Training loss: 0.04040609486401081
[2024-12-25 07:43:13,270] INFO: Iter 25600 Summary: 
[2024-12-25 07:43:13,270] INFO: 	 lr: 0.00030000000000000073 	 Training loss: 0.040416821502149106
[2024-12-25 07:43:20,278] INFO: Iter 25700 Summary: 
[2024-12-25 07:43:20,278] INFO: 	 lr: 0.00030000000000000073 	 Training loss: 0.04061025023460388
[2024-12-25 07:43:28,661] INFO: Iter 25800 Summary: 
[2024-12-25 07:43:28,661] INFO: 	 lr: 0.00030000000000000073 	 Training loss: 0.04032174941152334
[2024-12-25 07:43:35,751] INFO: Iter 25900 Summary: 
[2024-12-25 07:43:35,751] INFO: 	 lr: 0.00030000000000000073 	 Training loss: 0.0402598237991333
[2024-12-25 07:43:42,893] INFO: Iter 26000 Summary: 
[2024-12-25 07:43:42,893] INFO: 	 lr: 0.00030000000000000073 	 Training loss: 0.04033452641218901
[2024-12-25 07:43:52,560] INFO: Iter 26100 Summary: 
[2024-12-25 07:43:52,560] INFO: 	 lr: 0.00030000000000000073 	 Training loss: 0.04029992450028658
[2024-12-25 07:43:59,445] INFO: Iter 26200 Summary: 
[2024-12-25 07:43:59,446] INFO: 	 lr: 0.00030000000000000073 	 Training loss: 0.04033832520246506
[2024-12-25 07:44:06,451] INFO: Iter 26300 Summary: 
[2024-12-25 07:44:06,451] INFO: 	 lr: 0.00030000000000000073 	 Training loss: 0.040024894289672375
[2024-12-25 07:44:14,926] INFO: Iter 26400 Summary: 
[2024-12-25 07:44:14,926] INFO: 	 lr: 0.00030000000000000073 	 Training loss: 0.04024246163666248
[2024-12-25 07:44:22,065] INFO: Iter 26500 Summary: 
[2024-12-25 07:44:22,065] INFO: 	 lr: 0.00030000000000000073 	 Training loss: 0.04007761061191559
[2024-12-25 07:44:29,091] INFO: Iter 26600 Summary: 
[2024-12-25 07:44:29,092] INFO: 	 lr: 0.00030000000000000073 	 Training loss: 0.04045518573373556
[2024-12-25 07:44:36,292] INFO: Iter 26700 Summary: 
[2024-12-25 07:44:36,293] INFO: 	 lr: 0.00030000000000000073 	 Training loss: 0.04036534737795591
[2024-12-25 07:44:43,457] INFO: Iter 26800 Summary: 
[2024-12-25 07:44:43,457] INFO: 	 lr: 0.00030000000000000073 	 Training loss: 0.040458477437496185
[2024-12-25 07:44:50,639] INFO: Iter 26900 Summary: 
[2024-12-25 07:44:50,639] INFO: 	 lr: 0.00030000000000000073 	 Training loss: 0.04023595198988914
[2024-12-25 07:44:57,924] INFO: Iter 27000 Summary: 
[2024-12-25 07:44:57,924] INFO: 	 lr: 0.00030000000000000073 	 Training loss: 0.040295216254889965
[2024-12-25 07:45:06,573] INFO: Iter 27100 Summary: 
[2024-12-25 07:45:06,573] INFO: 	 lr: 0.00030000000000000073 	 Training loss: 0.040091942735016345
[2024-12-25 07:45:13,702] INFO: Iter 27200 Summary: 
[2024-12-25 07:45:13,703] INFO: 	 lr: 0.00030000000000000073 	 Training loss: 0.039967250786721704
[2024-12-25 07:45:20,812] INFO: Iter 27300 Summary: 
[2024-12-25 07:45:20,812] INFO: 	 lr: 0.00030000000000000073 	 Training loss: 0.040320889502763746
[2024-12-25 07:45:27,552] INFO: Iter 27400 Summary: 
[2024-12-25 07:45:27,553] INFO: 	 lr: 0.00030000000000000073 	 Training loss: 0.04062285754829645
[2024-12-25 07:45:34,690] INFO: Iter 27500 Summary: 
[2024-12-25 07:45:34,690] INFO: 	 lr: 0.00030000000000000073 	 Training loss: 0.04020705670118332
[2024-12-25 07:45:41,667] INFO: Iter 27600 Summary: 
[2024-12-25 07:45:41,668] INFO: 	 lr: 0.00030000000000000073 	 Training loss: 0.039933214858174325
[2024-12-25 07:45:49,844] INFO: Iter 27700 Summary: 
[2024-12-25 07:45:49,844] INFO: 	 lr: 0.00030000000000000073 	 Training loss: 0.040567406266927716
[2024-12-25 07:45:56,988] INFO: Iter 27800 Summary: 
[2024-12-25 07:45:56,988] INFO: 	 lr: 0.00030000000000000073 	 Training loss: 0.039855359271168705
[2024-12-25 07:46:03,985] INFO: Iter 27900 Summary: 
[2024-12-25 07:46:03,986] INFO: 	 lr: 0.00030000000000000073 	 Training loss: 0.039893183782696726
[2024-12-25 07:46:11,192] INFO: Iter 28000 Summary: 
[2024-12-25 07:46:11,192] INFO: 	 lr: 0.00030000000000000073 	 Training loss: 0.03995510172098875
[2024-12-25 07:46:21,088] INFO: Iter 28100 Summary: 
[2024-12-25 07:46:21,088] INFO: 	 lr: 0.00030000000000000073 	 Training loss: 0.040252381525933745
[2024-12-25 07:46:28,433] INFO: Iter 28200 Summary: 
[2024-12-25 07:46:28,433] INFO: 	 lr: 0.00030000000000000073 	 Training loss: 0.040317800976336
[2024-12-25 07:46:35,478] INFO: Iter 28300 Summary: 
[2024-12-25 07:46:35,478] INFO: 	 lr: 0.00030000000000000073 	 Training loss: 0.040321646817028524
[2024-12-25 07:46:43,827] INFO: Iter 28400 Summary: 
[2024-12-25 07:46:43,828] INFO: 	 lr: 0.00030000000000000073 	 Training loss: 0.040127857998013494
[2024-12-25 07:46:50,893] INFO: Iter 28500 Summary: 
[2024-12-25 07:46:50,893] INFO: 	 lr: 0.00030000000000000073 	 Training loss: 0.04041468277573586
[2024-12-25 07:46:57,951] INFO: Iter 28600 Summary: 
[2024-12-25 07:46:57,951] INFO: 	 lr: 0.00030000000000000073 	 Training loss: 0.04016244187951088
[2024-12-25 07:47:05,007] INFO: Iter 28700 Summary: 
[2024-12-25 07:47:05,007] INFO: 	 lr: 0.00030000000000000073 	 Training loss: 0.04017125461250544
[2024-12-25 07:47:12,445] INFO: Iter 28800 Summary: 
[2024-12-25 07:47:12,445] INFO: 	 lr: 0.00030000000000000073 	 Training loss: 0.039888420403003694
[2024-12-25 07:47:19,550] INFO: Iter 28900 Summary: 
[2024-12-25 07:47:19,550] INFO: 	 lr: 0.00030000000000000073 	 Training loss: 0.04014110065996647
[2024-12-25 07:47:27,597] INFO: Iter 29000 Summary: 
[2024-12-25 07:47:27,597] INFO: 	 lr: 0.00030000000000000073 	 Training loss: 0.04007972981780768
[2024-12-25 07:47:34,854] INFO: Iter 29100 Summary: 
[2024-12-25 07:47:34,854] INFO: 	 lr: 0.00030000000000000073 	 Training loss: 0.04001056451350451
[2024-12-25 07:47:42,011] INFO: Iter 29200 Summary: 
[2024-12-25 07:47:42,011] INFO: 	 lr: 0.00030000000000000073 	 Training loss: 0.04021241296082735
[2024-12-25 07:47:49,085] INFO: Iter 29300 Summary: 
[2024-12-25 07:47:49,085] INFO: 	 lr: 0.00030000000000000073 	 Training loss: 0.0401937086135149
[2024-12-25 07:47:56,003] INFO: Iter 29400 Summary: 
[2024-12-25 07:47:56,003] INFO: 	 lr: 0.00030000000000000073 	 Training loss: 0.03990179896354675
[2024-12-25 07:48:03,012] INFO: Iter 29500 Summary: 
[2024-12-25 07:48:03,012] INFO: 	 lr: 0.00030000000000000073 	 Training loss: 0.040020899176597596
[2024-12-25 07:48:09,998] INFO: Iter 29600 Summary: 
[2024-12-25 07:48:09,998] INFO: 	 lr: 0.00030000000000000073 	 Training loss: 0.040054933018982414
[2024-12-25 07:48:18,307] INFO: Iter 29700 Summary: 
[2024-12-25 07:48:18,307] INFO: 	 lr: 0.00030000000000000073 	 Training loss: 0.03986714113503695
[2024-12-25 07:48:25,410] INFO: Iter 29800 Summary: 
[2024-12-25 07:48:25,410] INFO: 	 lr: 0.00030000000000000073 	 Training loss: 0.039597694538533686
[2024-12-25 07:48:32,539] INFO: Iter 29900 Summary: 
[2024-12-25 07:48:32,539] INFO: 	 lr: 0.00030000000000000073 	 Training loss: 0.04014497563242912
[2024-12-25 07:48:39,573] INFO: Iter 30000 Summary: 
[2024-12-25 07:48:39,574] INFO: 	 lr: 0.00030000000000000073 	 Training loss: 0.04037934623658657
[2024-12-25 07:48:49,136] INFO: Iter 30100 Summary: 
[2024-12-25 07:48:49,136] INFO: 	 lr: 1.2900000000000026e-05 	 Training loss: 0.039167199172079566
[2024-12-25 07:48:56,252] INFO: Iter 30200 Summary: 
[2024-12-25 07:48:56,252] INFO: 	 lr: 1.000000000000002e-05 	 Training loss: 0.03826138276606798
[2024-12-25 07:49:03,455] INFO: Iter 30300 Summary: 
[2024-12-25 07:49:03,456] INFO: 	 lr: 1.000000000000002e-05 	 Training loss: 0.03816859506070614
[2024-12-25 07:49:11,596] INFO: Iter 30400 Summary: 
[2024-12-25 07:49:11,596] INFO: 	 lr: 1.000000000000002e-05 	 Training loss: 0.038039797209203245
[2024-12-25 07:49:18,611] INFO: Iter 30500 Summary: 
[2024-12-25 07:49:18,611] INFO: 	 lr: 1.000000000000002e-05 	 Training loss: 0.037753138691186905
[2024-12-25 07:49:25,781] INFO: Iter 30600 Summary: 
[2024-12-25 07:49:25,781] INFO: 	 lr: 1.000000000000002e-05 	 Training loss: 0.03788802772760391
[2024-12-25 07:49:33,040] INFO: Iter 30700 Summary: 
[2024-12-25 07:49:33,040] INFO: 	 lr: 1.000000000000002e-05 	 Training loss: 0.03805083505809307
[2024-12-25 07:49:40,161] INFO: Iter 30800 Summary: 
[2024-12-25 07:49:40,161] INFO: 	 lr: 1.000000000000002e-05 	 Training loss: 0.037676010876894
[2024-12-25 07:49:47,298] INFO: Iter 30900 Summary: 
[2024-12-25 07:49:47,299] INFO: 	 lr: 1.000000000000002e-05 	 Training loss: 0.03775263398885727
[2024-12-25 07:49:55,720] INFO: Iter 31000 Summary: 
[2024-12-25 07:49:55,721] INFO: 	 lr: 1.000000000000002e-05 	 Training loss: 0.037661266177892685
[2024-12-25 07:50:02,621] INFO: Iter 31100 Summary: 
[2024-12-25 07:50:02,621] INFO: 	 lr: 1.000000000000002e-05 	 Training loss: 0.0374907036870718
[2024-12-25 07:50:09,875] INFO: Iter 31200 Summary: 
[2024-12-25 07:50:09,875] INFO: 	 lr: 1.000000000000002e-05 	 Training loss: 0.037745271772146226
[2024-12-25 07:50:16,991] INFO: Iter 31300 Summary: 
[2024-12-25 07:50:16,991] INFO: 	 lr: 1.000000000000002e-05 	 Training loss: 0.03760347727686167
[2024-12-25 07:50:23,976] INFO: Iter 31400 Summary: 
[2024-12-25 07:50:23,976] INFO: 	 lr: 1.000000000000002e-05 	 Training loss: 0.0374142960831523
[2024-12-25 07:50:30,891] INFO: Iter 31500 Summary: 
[2024-12-25 07:50:30,891] INFO: 	 lr: 1.000000000000002e-05 	 Training loss: 0.03747576087713242
[2024-12-25 07:50:37,937] INFO: Iter 31600 Summary: 
[2024-12-25 07:50:37,937] INFO: 	 lr: 1.000000000000002e-05 	 Training loss: 0.037321936301887036
[2024-12-25 07:50:46,281] INFO: Iter 31700 Summary: 
[2024-12-25 07:50:46,282] INFO: 	 lr: 1.000000000000002e-05 	 Training loss: 0.03731642346829176
[2024-12-25 07:50:53,366] INFO: Iter 31800 Summary: 
[2024-12-25 07:50:53,367] INFO: 	 lr: 1.000000000000002e-05 	 Training loss: 0.03728178713470697
[2024-12-25 07:51:00,490] INFO: Iter 31900 Summary: 
[2024-12-25 07:51:00,490] INFO: 	 lr: 1.000000000000002e-05 	 Training loss: 0.03729213334619999
[2024-12-25 07:51:07,530] INFO: Iter 32000 Summary: 
[2024-12-25 07:51:07,530] INFO: 	 lr: 1.000000000000002e-05 	 Training loss: 0.037128913179039956
[2024-12-25 07:51:17,189] INFO: Iter 32100 Summary: 
[2024-12-25 07:51:17,189] INFO: 	 lr: 1.000000000000002e-05 	 Training loss: 0.03744214158505201
[2024-12-25 07:51:24,238] INFO: Iter 32200 Summary: 
[2024-12-25 07:51:24,238] INFO: 	 lr: 1.000000000000002e-05 	 Training loss: 0.03734844669699669
[2024-12-25 07:51:32,424] INFO: Iter 32300 Summary: 
[2024-12-25 07:51:32,425] INFO: 	 lr: 1.000000000000002e-05 	 Training loss: 0.037152661979198455
[2024-12-25 07:51:39,556] INFO: Iter 32400 Summary: 
[2024-12-25 07:51:39,557] INFO: 	 lr: 1.000000000000002e-05 	 Training loss: 0.03724955175071955
[2024-12-25 07:51:46,699] INFO: Iter 32500 Summary: 
[2024-12-25 07:51:46,699] INFO: 	 lr: 1.000000000000002e-05 	 Training loss: 0.037416796162724496
[2024-12-25 07:51:53,647] INFO: Iter 32600 Summary: 
[2024-12-25 07:51:53,647] INFO: 	 lr: 1.000000000000002e-05 	 Training loss: 0.037174157127738
[2024-12-25 07:52:00,737] INFO: Iter 32700 Summary: 
[2024-12-25 07:52:00,737] INFO: 	 lr: 1.000000000000002e-05 	 Training loss: 0.03716148689389229
[2024-12-25 07:52:07,873] INFO: Iter 32800 Summary: 
[2024-12-25 07:52:07,873] INFO: 	 lr: 1.000000000000002e-05 	 Training loss: 0.036953742243349554
[2024-12-25 07:52:14,816] INFO: Iter 32900 Summary: 
[2024-12-25 07:52:14,816] INFO: 	 lr: 1.000000000000002e-05 	 Training loss: 0.03698583170771599
[2024-12-25 07:52:23,296] INFO: Iter 33000 Summary: 
[2024-12-25 07:52:23,297] INFO: 	 lr: 1.000000000000002e-05 	 Training loss: 0.03689498383551836
[2024-12-25 07:52:30,253] INFO: Iter 33100 Summary: 
[2024-12-25 07:52:30,253] INFO: 	 lr: 1.000000000000002e-05 	 Training loss: 0.037099502943456174
[2024-12-25 07:52:37,210] INFO: Iter 33200 Summary: 
[2024-12-25 07:52:37,210] INFO: 	 lr: 1.000000000000002e-05 	 Training loss: 0.03706058457493782
[2024-12-25 07:52:44,159] INFO: Iter 33300 Summary: 
[2024-12-25 07:52:44,159] INFO: 	 lr: 1.000000000000002e-05 	 Training loss: 0.03705339413136244
[2024-12-25 07:52:51,279] INFO: Iter 33400 Summary: 
[2024-12-25 07:52:51,279] INFO: 	 lr: 1.000000000000002e-05 	 Training loss: 0.03695587567985058
[2024-12-25 07:52:58,432] INFO: Iter 33500 Summary: 
[2024-12-25 07:52:58,433] INFO: 	 lr: 1.000000000000002e-05 	 Training loss: 0.03713232055306435
[2024-12-25 07:53:05,557] INFO: Iter 33600 Summary: 
[2024-12-25 07:53:05,558] INFO: 	 lr: 1.000000000000002e-05 	 Training loss: 0.03708094526082277
[2024-12-25 07:53:13,836] INFO: Iter 33700 Summary: 
[2024-12-25 07:53:13,837] INFO: 	 lr: 1.000000000000002e-05 	 Training loss: 0.03684716753661633
[2024-12-25 07:53:21,149] INFO: Iter 33800 Summary: 
[2024-12-25 07:53:21,150] INFO: 	 lr: 1.000000000000002e-05 	 Training loss: 0.03700658112764359
[2024-12-25 07:53:28,246] INFO: Iter 33900 Summary: 
[2024-12-25 07:53:28,247] INFO: 	 lr: 1.000000000000002e-05 	 Training loss: 0.03704569689929485
[2024-12-25 07:53:35,516] INFO: Iter 34000 Summary: 
[2024-12-25 07:53:35,516] INFO: 	 lr: 1.000000000000002e-05 	 Training loss: 0.03664220754057169
[2024-12-25 07:53:45,154] INFO: Iter 34100 Summary: 
[2024-12-25 07:53:45,154] INFO: 	 lr: 1.000000000000002e-05 	 Training loss: 0.03699479345232248
[2024-12-25 07:53:52,373] INFO: Iter 34200 Summary: 
[2024-12-25 07:53:52,373] INFO: 	 lr: 1.000000000000002e-05 	 Training loss: 0.03674993071705103
[2024-12-25 07:54:01,792] INFO: Iter 34300 Summary: 
[2024-12-25 07:54:01,793] INFO: 	 lr: 1.000000000000002e-05 	 Training loss: 0.03695129733532667
[2024-12-25 07:54:08,920] INFO: Iter 34400 Summary: 
[2024-12-25 07:54:08,920] INFO: 	 lr: 1.000000000000002e-05 	 Training loss: 0.03674053639173508
[2024-12-25 07:54:15,974] INFO: Iter 34500 Summary: 
[2024-12-25 07:54:15,974] INFO: 	 lr: 1.000000000000002e-05 	 Training loss: 0.03664081074297428
[2024-12-25 07:54:23,074] INFO: Iter 34600 Summary: 
[2024-12-25 07:54:23,075] INFO: 	 lr: 1.000000000000002e-05 	 Training loss: 0.03686013571918011
[2024-12-25 07:54:30,098] INFO: Iter 34700 Summary: 
[2024-12-25 07:54:30,098] INFO: 	 lr: 1.000000000000002e-05 	 Training loss: 0.03698535118252039
[2024-12-25 07:54:37,240] INFO: Iter 34800 Summary: 
[2024-12-25 07:54:37,240] INFO: 	 lr: 1.000000000000002e-05 	 Training loss: 0.036905980743467806
[2024-12-25 07:54:44,284] INFO: Iter 34900 Summary: 
[2024-12-25 07:54:44,284] INFO: 	 lr: 1.000000000000002e-05 	 Training loss: 0.03695746950805187
[2024-12-25 07:54:52,628] INFO: Iter 35000 Summary: 
[2024-12-25 07:54:52,628] INFO: 	 lr: 1.000000000000002e-05 	 Training loss: 0.03670573316514492
[2024-12-25 07:54:59,619] INFO: Iter 35100 Summary: 
[2024-12-25 07:54:59,619] INFO: 	 lr: 1.000000000000002e-05 	 Training loss: 0.03698137167841196
[2024-12-25 07:55:06,669] INFO: Iter 35200 Summary: 
[2024-12-25 07:55:06,669] INFO: 	 lr: 1.000000000000002e-05 	 Training loss: 0.0368559168279171
[2024-12-25 07:55:13,731] INFO: Iter 35300 Summary: 
[2024-12-25 07:55:13,732] INFO: 	 lr: 1.000000000000002e-05 	 Training loss: 0.03672848492860794
[2024-12-25 07:55:20,859] INFO: Iter 35400 Summary: 
[2024-12-25 07:55:20,859] INFO: 	 lr: 1.000000000000002e-05 	 Training loss: 0.03671263590455055
[2024-12-25 07:55:27,986] INFO: Iter 35500 Summary: 
[2024-12-25 07:55:27,986] INFO: 	 lr: 1.000000000000002e-05 	 Training loss: 0.036830770149827004
[2024-12-25 07:55:36,239] INFO: Iter 35600 Summary: 
[2024-12-25 07:55:36,239] INFO: 	 lr: 1.000000000000002e-05 	 Training loss: 0.03682368032634258
[2024-12-25 07:55:43,365] INFO: Iter 35700 Summary: 
[2024-12-25 07:55:43,365] INFO: 	 lr: 1.000000000000002e-05 	 Training loss: 0.036672203615307805
[2024-12-25 07:55:50,423] INFO: Iter 35800 Summary: 
[2024-12-25 07:55:50,423] INFO: 	 lr: 1.000000000000002e-05 	 Training loss: 0.03674034148454666
[2024-12-25 07:55:57,356] INFO: Iter 35900 Summary: 
[2024-12-25 07:55:57,357] INFO: 	 lr: 1.000000000000002e-05 	 Training loss: 0.036567254103720186
[2024-12-25 07:56:04,415] INFO: Iter 36000 Summary: 
[2024-12-25 07:56:04,415] INFO: 	 lr: 1.000000000000002e-05 	 Training loss: 0.03698389731347561
[2024-12-25 07:56:14,111] INFO: Iter 36100 Summary: 
[2024-12-25 07:56:14,111] INFO: 	 lr: 1.000000000000002e-05 	 Training loss: 0.036828954741358756
[2024-12-25 07:56:21,161] INFO: Iter 36200 Summary: 
[2024-12-25 07:56:21,161] INFO: 	 lr: 1.000000000000002e-05 	 Training loss: 0.036858376823365686
[2024-12-25 07:56:29,844] INFO: Iter 36300 Summary: 
[2024-12-25 07:56:29,844] INFO: 	 lr: 1.000000000000002e-05 	 Training loss: 0.03618614360690117
[2024-12-25 07:56:36,995] INFO: Iter 36400 Summary: 
[2024-12-25 07:56:36,995] INFO: 	 lr: 1.000000000000002e-05 	 Training loss: 0.036737521030008796
[2024-12-25 07:56:44,070] INFO: Iter 36500 Summary: 
[2024-12-25 07:56:44,070] INFO: 	 lr: 1.000000000000002e-05 	 Training loss: 0.036778221912682055
[2024-12-25 07:56:51,265] INFO: Iter 36600 Summary: 
[2024-12-25 07:56:51,265] INFO: 	 lr: 1.000000000000002e-05 	 Training loss: 0.03684080414474011
[2024-12-25 07:56:58,522] INFO: Iter 36700 Summary: 
[2024-12-25 07:56:58,522] INFO: 	 lr: 1.000000000000002e-05 	 Training loss: 0.03652927592396736
[2024-12-25 07:57:05,724] INFO: Iter 36800 Summary: 
[2024-12-25 07:57:05,724] INFO: 	 lr: 1.000000000000002e-05 	 Training loss: 0.03664845995604992
[2024-12-25 07:57:12,906] INFO: Iter 36900 Summary: 
[2024-12-25 07:57:12,906] INFO: 	 lr: 1.000000000000002e-05 	 Training loss: 0.0363207621127367
[2024-12-25 07:57:21,219] INFO: Iter 37000 Summary: 
[2024-12-25 07:57:21,219] INFO: 	 lr: 1.000000000000002e-05 	 Training loss: 0.036551539041101935
[2024-12-25 07:57:28,445] INFO: Iter 37100 Summary: 
[2024-12-25 07:57:28,445] INFO: 	 lr: 1.000000000000002e-05 	 Training loss: 0.03666409380733967
[2024-12-25 07:57:35,473] INFO: Iter 37200 Summary: 
[2024-12-25 07:57:35,473] INFO: 	 lr: 1.000000000000002e-05 	 Training loss: 0.03647126704454422
[2024-12-25 07:57:42,522] INFO: Iter 37300 Summary: 
[2024-12-25 07:57:42,522] INFO: 	 lr: 1.000000000000002e-05 	 Training loss: 0.03645590975880623
[2024-12-25 07:57:49,679] INFO: Iter 37400 Summary: 
[2024-12-25 07:57:49,679] INFO: 	 lr: 1.000000000000002e-05 	 Training loss: 0.03654023543000221
[2024-12-25 07:57:56,835] INFO: Iter 37500 Summary: 
[2024-12-25 07:57:56,835] INFO: 	 lr: 1.000000000000002e-05 	 Training loss: 0.036549873873591425
[2024-12-25 07:58:05,200] INFO: Iter 37600 Summary: 
[2024-12-25 07:58:05,201] INFO: 	 lr: 1.000000000000002e-05 	 Training loss: 0.036438763216137884
[2024-12-25 07:58:12,151] INFO: Iter 37700 Summary: 
[2024-12-25 07:58:12,151] INFO: 	 lr: 1.000000000000002e-05 	 Training loss: 0.03674992989748716
[2024-12-25 07:58:19,179] INFO: Iter 37800 Summary: 
[2024-12-25 07:58:19,179] INFO: 	 lr: 1.000000000000002e-05 	 Training loss: 0.03648634720593691
[2024-12-25 07:58:26,226] INFO: Iter 37900 Summary: 
[2024-12-25 07:58:26,226] INFO: 	 lr: 1.000000000000002e-05 	 Training loss: 0.03647001888602972
[2024-12-25 07:58:33,201] INFO: Iter 38000 Summary: 
[2024-12-25 07:58:33,201] INFO: 	 lr: 1.000000000000002e-05 	 Training loss: 0.036578834876418116
[2024-12-25 07:58:43,071] INFO: Iter 38100 Summary: 
[2024-12-25 07:58:43,072] INFO: 	 lr: 1.000000000000002e-05 	 Training loss: 0.03639055788516998
[2024-12-25 07:58:50,279] INFO: Iter 38200 Summary: 
[2024-12-25 07:58:50,279] INFO: 	 lr: 1.000000000000002e-05 	 Training loss: 0.036335861310362816
[2024-12-25 07:58:58,555] INFO: Iter 38300 Summary: 
[2024-12-25 07:58:58,555] INFO: 	 lr: 1.000000000000002e-05 	 Training loss: 0.036238543465733526
[2024-12-25 07:59:05,542] INFO: Iter 38400 Summary: 
[2024-12-25 07:59:05,542] INFO: 	 lr: 1.000000000000002e-05 	 Training loss: 0.03635994542390108
[2024-12-25 07:59:12,528] INFO: Iter 38500 Summary: 
[2024-12-25 07:59:12,528] INFO: 	 lr: 1.000000000000002e-05 	 Training loss: 0.03627614140510559
[2024-12-25 07:59:19,468] INFO: Iter 38600 Summary: 
[2024-12-25 07:59:19,468] INFO: 	 lr: 1.000000000000002e-05 	 Training loss: 0.036536222361028194
[2024-12-25 07:59:26,527] INFO: Iter 38700 Summary: 
[2024-12-25 07:59:26,527] INFO: 	 lr: 1.000000000000002e-05 	 Training loss: 0.03625247806310654
[2024-12-25 07:59:33,559] INFO: Iter 38800 Summary: 
[2024-12-25 07:59:33,559] INFO: 	 lr: 1.000000000000002e-05 	 Training loss: 0.036710508204996585
[2024-12-25 07:59:41,842] INFO: Iter 38900 Summary: 
[2024-12-25 07:59:41,842] INFO: 	 lr: 1.000000000000002e-05 	 Training loss: 0.036270209103822705
[2024-12-25 07:59:48,796] INFO: Iter 39000 Summary: 
[2024-12-25 07:59:48,796] INFO: 	 lr: 1.000000000000002e-05 	 Training loss: 0.03637369692325592
[2024-12-25 07:59:55,742] INFO: Iter 39100 Summary: 
[2024-12-25 07:59:55,743] INFO: 	 lr: 1.000000000000002e-05 	 Training loss: 0.03622513208538294
[2024-12-25 08:00:02,800] INFO: Iter 39200 Summary: 
[2024-12-25 08:00:02,800] INFO: 	 lr: 1.000000000000002e-05 	 Training loss: 0.03644955113530159
[2024-12-25 08:00:09,694] INFO: Iter 39300 Summary: 
[2024-12-25 08:00:09,694] INFO: 	 lr: 1.000000000000002e-05 	 Training loss: 0.036195942759513856
[2024-12-25 08:00:16,710] INFO: Iter 39400 Summary: 
[2024-12-25 08:00:16,710] INFO: 	 lr: 1.000000000000002e-05 	 Training loss: 0.03635749377310276
[2024-12-25 08:00:23,691] INFO: Iter 39500 Summary: 
[2024-12-25 08:00:23,691] INFO: 	 lr: 1.000000000000002e-05 	 Training loss: 0.03639645133167505
[2024-12-25 08:00:31,979] INFO: Iter 39600 Summary: 
[2024-12-25 08:00:31,979] INFO: 	 lr: 1.000000000000002e-05 	 Training loss: 0.03621090069413185
[2024-12-25 08:00:39,010] INFO: Iter 39700 Summary: 
[2024-12-25 08:00:39,010] INFO: 	 lr: 1.000000000000002e-05 	 Training loss: 0.036201322302222255
[2024-12-25 08:00:46,058] INFO: Iter 39800 Summary: 
[2024-12-25 08:00:46,058] INFO: 	 lr: 1.000000000000002e-05 	 Training loss: 0.03639828070998192
[2024-12-25 08:00:53,175] INFO: Iter 39900 Summary: 
[2024-12-25 08:00:53,176] INFO: 	 lr: 1.000000000000002e-05 	 Training loss: 0.03642809066921473
[2024-12-25 08:01:00,240] INFO: Iter 40000 Summary: 
[2024-12-25 08:01:00,241] INFO: 	 lr: 1.000000000000002e-05 	 Training loss: 0.0362968922033906
